interactions:
- request:
    body: '{"location": "westus", "tags": {}, "properties": {"addressSpace": {"addressPrefixes":
      ["10.0.0.0/16"]}, "dhcpOptions": {}}}'
    headers:
      Accept:
      - application/json
      Accept-Encoding:
      - gzip, deflate
      CommandName:
      - network vnet create
      Connection:
      - keep-alive
      Content-Length:
      - '123'
      Content-Type:
      - application/json; charset=utf-8
      ParameterSetName:
      - -g -n -l
      User-Agent:
      - python/3.7.5 (Windows-10-10.0.18362-SP0) msrest/0.6.9 msrest_azure/0.6.3 azure-mgmt-network/10.2.0
        Azure-SDK-For-Python AZURECLI/2.8.0
      accept-language:
      - en-US
    method: PUT
    uri: https://management.azure.com/subscriptions/00000000-0000-0000-0000-000000000000/resourceGroups/cli_test_databricks_vnet000001/providers/Microsoft.Network/virtualNetworks/vnet000004?api-version=2020-04-01
  response:
    body:
      string: "{\r\n  \"name\": \"vnet000004\",\r\n  \"id\": \"/subscriptions/00000000-0000-0000-0000-000000000000/resourceGroups/cli_test_databricks_vnet000001/providers/Microsoft.Network/virtualNetworks/vnet000004\",\r\n
        \ \"etag\": \"W/\\\"5d0f4bfc-b4fb-4202-8a03-35cd12bc187c\\\"\",\r\n  \"type\":
        \"Microsoft.Network/virtualNetworks\",\r\n  \"location\": \"westus\",\r\n
        \ \"tags\": {},\r\n  \"properties\": {\r\n    \"provisioningState\": \"Updating\",\r\n
        \   \"resourceGuid\": \"fcda24fe-ecea-4543-9400-667837e7662f\",\r\n    \"addressSpace\":
        {\r\n      \"addressPrefixes\": [\r\n        \"10.0.0.0/16\"\r\n      ]\r\n
        \   },\r\n    \"dhcpOptions\": {\r\n      \"dnsServers\": []\r\n    },\r\n
        \   \"subnets\": [],\r\n    \"virtualNetworkPeerings\": [],\r\n    \"enableDdosProtection\":
        false,\r\n    \"enableVmProtection\": false\r\n  }\r\n}"
    headers:
      azure-asyncnotification:
      - Enabled
      azure-asyncoperation:
      - https://management.azure.com/subscriptions/00000000-0000-0000-0000-000000000000/providers/Microsoft.Network/locations/westus/operations/1bef2115-acca-4297-b363-422f9556e168?api-version=2020-04-01
      cache-control:
      - no-cache
      content-length:
      - '804'
      content-type:
      - application/json; charset=utf-8
      date:
      - Wed, 24 Jun 2020 08:56:04 GMT
      expires:
      - '-1'
      pragma:
      - no-cache
      server:
      - Microsoft-HTTPAPI/2.0
      - Microsoft-HTTPAPI/2.0
      strict-transport-security:
      - max-age=31536000; includeSubDomains
      x-content-type-options:
      - nosniff
      x-ms-arm-service-request-id:
      - 77413121-defb-4b7b-b1f0-23519f6d469d
      x-ms-ratelimit-remaining-subscription-writes:
      - '1199'
    status:
      code: 201
      message: Created
- request:
    body: null
    headers:
      Accept:
      - application/json
      Accept-Encoding:
      - gzip, deflate
      CommandName:
      - network vnet create
      Connection:
      - keep-alive
      ParameterSetName:
      - -g -n -l
      User-Agent:
      - python/3.7.5 (Windows-10-10.0.18362-SP0) msrest/0.6.9 msrest_azure/0.6.3 azure-mgmt-network/10.2.0
        Azure-SDK-For-Python AZURECLI/2.8.0
    method: GET
    uri: https://management.azure.com/subscriptions/00000000-0000-0000-0000-000000000000/providers/Microsoft.Network/locations/westus/operations/1bef2115-acca-4297-b363-422f9556e168?api-version=2020-04-01
  response:
    body:
      string: "{\r\n  \"status\": \"Succeeded\"\r\n}"
    headers:
      cache-control:
      - no-cache
      content-length:
      - '29'
      content-type:
      - application/json; charset=utf-8
      date:
      - Wed, 24 Jun 2020 08:56:08 GMT
      expires:
      - '-1'
      pragma:
      - no-cache
      server:
      - Microsoft-HTTPAPI/2.0
      - Microsoft-HTTPAPI/2.0
      strict-transport-security:
      - max-age=31536000; includeSubDomains
      transfer-encoding:
      - chunked
      vary:
      - Accept-Encoding
      x-content-type-options:
      - nosniff
      x-ms-arm-service-request-id:
      - 30b226b9-9f31-4d08-bfee-48962fd0700c
    status:
      code: 200
      message: OK
- request:
    body: null
    headers:
      Accept:
      - application/json
      Accept-Encoding:
      - gzip, deflate
      CommandName:
      - network vnet create
      Connection:
      - keep-alive
      ParameterSetName:
      - -g -n -l
      User-Agent:
      - python/3.7.5 (Windows-10-10.0.18362-SP0) msrest/0.6.9 msrest_azure/0.6.3 azure-mgmt-network/10.2.0
        Azure-SDK-For-Python AZURECLI/2.8.0
    method: GET
    uri: https://management.azure.com/subscriptions/00000000-0000-0000-0000-000000000000/resourceGroups/cli_test_databricks_vnet000001/providers/Microsoft.Network/virtualNetworks/vnet000004?api-version=2020-04-01
  response:
    body:
      string: "{\r\n  \"name\": \"vnet000004\",\r\n  \"id\": \"/subscriptions/00000000-0000-0000-0000-000000000000/resourceGroups/cli_test_databricks_vnet000001/providers/Microsoft.Network/virtualNetworks/vnet000004\",\r\n
        \ \"etag\": \"W/\\\"af630a91-4052-4cf5-86e7-fb985ee0b7bc\\\"\",\r\n  \"type\":
        \"Microsoft.Network/virtualNetworks\",\r\n  \"location\": \"westus\",\r\n
        \ \"tags\": {},\r\n  \"properties\": {\r\n    \"provisioningState\": \"Succeeded\",\r\n
        \   \"resourceGuid\": \"fcda24fe-ecea-4543-9400-667837e7662f\",\r\n    \"addressSpace\":
        {\r\n      \"addressPrefixes\": [\r\n        \"10.0.0.0/16\"\r\n      ]\r\n
        \   },\r\n    \"dhcpOptions\": {\r\n      \"dnsServers\": []\r\n    },\r\n
        \   \"subnets\": [],\r\n    \"virtualNetworkPeerings\": [],\r\n    \"enableDdosProtection\":
        false,\r\n    \"enableVmProtection\": false\r\n  }\r\n}"
    headers:
      cache-control:
      - no-cache
      content-length:
      - '805'
      content-type:
      - application/json; charset=utf-8
      date:
      - Wed, 24 Jun 2020 08:56:08 GMT
      etag:
      - W/"af630a91-4052-4cf5-86e7-fb985ee0b7bc"
      expires:
      - '-1'
      pragma:
      - no-cache
      server:
      - Microsoft-HTTPAPI/2.0
      - Microsoft-HTTPAPI/2.0
      strict-transport-security:
      - max-age=31536000; includeSubDomains
      transfer-encoding:
      - chunked
      vary:
      - Accept-Encoding
      x-content-type-options:
      - nosniff
      x-ms-arm-service-request-id:
      - 94acfafb-16b4-49ad-bc13-fc64057174be
    status:
      code: 200
      message: OK
- request:
    body: '{"location": "westus", "properties": {"managedResourceGroupId": "/subscriptions/00000000-0000-0000-0000-000000000000/resourceGroups/databricks-rg-databricks000002-mybtdp4yw90ib",
      "parameters": {}}, "sku": {"name": "standard"}}'
    headers:
      Accept:
      - application/json
      Accept-Encoding:
      - gzip, deflate
      CommandName:
      - databricks workspace create
      Connection:
      - keep-alive
      Content-Length:
      - '234'
      Content-Type:
      - application/json; charset=utf-8
      ParameterSetName:
      - -l -n -g --sku
      User-Agent:
      - python/3.7.5 (Windows-10-10.0.18362-SP0) msrest/0.6.9 msrest_azure/0.6.3 azure-mgmt-databricks/0.1.0
        Azure-SDK-For-Python AZURECLI/2.8.0
      accept-language:
      - en-US
    method: PUT
    uri: https://management.azure.com/subscriptions/00000000-0000-0000-0000-000000000000/resourceGroups/cli_test_databricks_vnet000001/providers/Microsoft.Databricks/workspaces/databricks000002?api-version=2018-04-01
  response:
    body:
      string: '{"properties":{"managedResourceGroupId":"/subscriptions/00000000-0000-0000-0000-000000000000/resourceGroups/databricks-rg-databricks000002-mybtdp4yw90ib","provisioningState":"Accepted","authorizations":[{"principalId":"9a74af6f-d153-4348-988a-e2672920bee9","roleDefinitionId":"8e3af657-a8ff-443c-a75c-2fe8c4bcb635"}],"createdBy":{"oid":"bf0cee9f-b26b-4e25-b4ab-92ec7466cf33","puid":"100320007C617F83","applicationId":"04b07795-8ddb-461a-bbee-02f9e1bf7b46"},"updatedBy":{"oid":"bf0cee9f-b26b-4e25-b4ab-92ec7466cf33","puid":"100320007C617F83","applicationId":"04b07795-8ddb-461a-bbee-02f9e1bf7b46"},"createdDateTime":"2020-06-24T08:56:13.891568Z"},"id":"/subscriptions/00000000-0000-0000-0000-000000000000/resourceGroups/cli_test_databricks_vnet000001/providers/Microsoft.Databricks/workspaces/databricks000002","name":"databricks000002","type":"Microsoft.Databricks/workspaces","sku":{"name":"standard"},"location":"westus"}'
    headers:
      azure-asyncoperation:
      - https://management.azure.com/subscriptions/00000000-0000-0000-0000-000000000000/resourceGroups/cli_test_databricks_vnet000001/providers/Microsoft.Databricks/locations/westus/operationStatuses/eyJmdWxseVF1YWxpZmllZEFwcGxpYW5jZUlkIjoiL3N1YnNjcmlwdGlvbnMvYmVhZDU5YjctZjQ2OS00NjAxLTgwM2EtNzkwNzI5YzUyMTNkL3Jlc291cmNlR3JvdXBzL2NsaV90ZXN0X2RhdGFicmlja3Nfdm5ldHhkY210aWVzeHBkb21hcXFtcHppam5jZG9ranB0ZWVnYmt0Z3cyajJraGR3emt0cTRoaS9wcm92aWRlcnMvTWljcm9zb2Z0LkRhdGFicmlja3Mvd29ya3NwYWNlcy9kYXRhYnJpY2tzdng2N2E0eDZ6ZzZoNWQiLCJqb2JJZCI6IkFwcGxpYW5jZVByb3Zpc2lvbmluZ0pvYjoyRFJHQToyRENMSTozQTVGVEVTVDozQTVGREFUQUJSSUNLUzozQTVGVk5FVFhEQ01USUVTWFBET01BUVFNOjdDQUNEMkM0OEFFRDk4MDQwMzoyRERBVHw5Q0MwNUFDQzExNkE2MDYxIn0?api-version=2018-04-01
      cache-control:
      - no-cache
      content-length:
      - '992'
      content-type:
      - application/json; charset=utf-8
      date:
      - Wed, 24 Jun 2020 08:56:15 GMT
      expires:
      - '-1'
      pragma:
      - no-cache
      strict-transport-security:
      - max-age=31536000; includeSubDomains
      x-content-type-options:
      - nosniff
      x-ms-ratelimit-remaining-subscription-writes:
      - '1198'
    status:
      code: 201
      message: Created
- request:
    body: null
    headers:
      Accept:
      - application/json
      Accept-Encoding:
      - gzip, deflate
      CommandName:
      - databricks workspace create
      Connection:
      - keep-alive
      ParameterSetName:
      - -l -n -g --sku
      User-Agent:
      - python/3.7.5 (Windows-10-10.0.18362-SP0) msrest/0.6.9 msrest_azure/0.6.3 azure-mgmt-databricks/0.1.0
        Azure-SDK-For-Python AZURECLI/2.8.0
    method: GET
    uri: https://management.azure.com/subscriptions/00000000-0000-0000-0000-000000000000/resourceGroups/cli_test_databricks_vnet000001/providers/Microsoft.Databricks/locations/westus/operationStatuses/eyJmdWxseVF1YWxpZmllZEFwcGxpYW5jZUlkIjoiL3N1YnNjcmlwdGlvbnMvYmVhZDU5YjctZjQ2OS00NjAxLTgwM2EtNzkwNzI5YzUyMTNkL3Jlc291cmNlR3JvdXBzL2NsaV90ZXN0X2RhdGFicmlja3Nfdm5ldHhkY210aWVzeHBkb21hcXFtcHppam5jZG9ranB0ZWVnYmt0Z3cyajJraGR3emt0cTRoaS9wcm92aWRlcnMvTWljcm9zb2Z0LkRhdGFicmlja3Mvd29ya3NwYWNlcy9kYXRhYnJpY2tzdng2N2E0eDZ6ZzZoNWQiLCJqb2JJZCI6IkFwcGxpYW5jZVByb3Zpc2lvbmluZ0pvYjoyRFJHQToyRENMSTozQTVGVEVTVDozQTVGREFUQUJSSUNLUzozQTVGVk5FVFhEQ01USUVTWFBET01BUVFNOjdDQUNEMkM0OEFFRDk4MDQwMzoyRERBVHw5Q0MwNUFDQzExNkE2MDYxIn0?api-version=2018-04-01
  response:
    body:
      string: '{"status":"Accepted"}'
    headers:
      cache-control:
      - no-cache
      content-length:
      - '21'
      content-type:
      - application/json; charset=utf-8
      date:
      - Wed, 24 Jun 2020 08:56:31 GMT
      expires:
      - '-1'
      pragma:
      - no-cache
      strict-transport-security:
      - max-age=31536000; includeSubDomains
      x-content-type-options:
      - nosniff
    status:
      code: 202
      message: Accepted
- request:
    body: null
    headers:
      Accept:
      - application/json
      Accept-Encoding:
      - gzip, deflate
      CommandName:
      - databricks workspace create
      Connection:
      - keep-alive
      ParameterSetName:
      - -l -n -g --sku
      User-Agent:
      - python/3.7.5 (Windows-10-10.0.18362-SP0) msrest/0.6.9 msrest_azure/0.6.3 azure-mgmt-databricks/0.1.0
        Azure-SDK-For-Python AZURECLI/2.8.0
    method: GET
    uri: https://management.azure.com/subscriptions/00000000-0000-0000-0000-000000000000/resourceGroups/cli_test_databricks_vnet000001/providers/Microsoft.Databricks/locations/westus/operationStatuses/eyJmdWxseVF1YWxpZmllZEFwcGxpYW5jZUlkIjoiL3N1YnNjcmlwdGlvbnMvYmVhZDU5YjctZjQ2OS00NjAxLTgwM2EtNzkwNzI5YzUyMTNkL3Jlc291cmNlR3JvdXBzL2NsaV90ZXN0X2RhdGFicmlja3Nfdm5ldHhkY210aWVzeHBkb21hcXFtcHppam5jZG9ranB0ZWVnYmt0Z3cyajJraGR3emt0cTRoaS9wcm92aWRlcnMvTWljcm9zb2Z0LkRhdGFicmlja3Mvd29ya3NwYWNlcy9kYXRhYnJpY2tzdng2N2E0eDZ6ZzZoNWQiLCJqb2JJZCI6IkFwcGxpYW5jZVByb3Zpc2lvbmluZ0pvYjoyRFJHQToyRENMSTozQTVGVEVTVDozQTVGREFUQUJSSUNLUzozQTVGVk5FVFhEQ01USUVTWFBET01BUVFNOjdDQUNEMkM0OEFFRDk4MDQwMzoyRERBVHw5Q0MwNUFDQzExNkE2MDYxIn0?api-version=2018-04-01
  response:
    body:
      string: '{"status":"Accepted"}'
    headers:
      cache-control:
      - no-cache
      content-length:
      - '21'
      content-type:
      - application/json; charset=utf-8
      date:
      - Wed, 24 Jun 2020 08:57:02 GMT
      expires:
      - '-1'
      pragma:
      - no-cache
      strict-transport-security:
      - max-age=31536000; includeSubDomains
      x-content-type-options:
      - nosniff
    status:
      code: 202
      message: Accepted
- request:
    body: null
    headers:
      Accept:
      - application/json
      Accept-Encoding:
      - gzip, deflate
      CommandName:
      - databricks workspace create
      Connection:
      - keep-alive
      ParameterSetName:
      - -l -n -g --sku
      User-Agent:
      - python/3.7.5 (Windows-10-10.0.18362-SP0) msrest/0.6.9 msrest_azure/0.6.3 azure-mgmt-databricks/0.1.0
        Azure-SDK-For-Python AZURECLI/2.8.0
    method: GET
    uri: https://management.azure.com/subscriptions/00000000-0000-0000-0000-000000000000/resourceGroups/cli_test_databricks_vnet000001/providers/Microsoft.Databricks/locations/westus/operationStatuses/eyJmdWxseVF1YWxpZmllZEFwcGxpYW5jZUlkIjoiL3N1YnNjcmlwdGlvbnMvYmVhZDU5YjctZjQ2OS00NjAxLTgwM2EtNzkwNzI5YzUyMTNkL3Jlc291cmNlR3JvdXBzL2NsaV90ZXN0X2RhdGFicmlja3Nfdm5ldHhkY210aWVzeHBkb21hcXFtcHppam5jZG9ranB0ZWVnYmt0Z3cyajJraGR3emt0cTRoaS9wcm92aWRlcnMvTWljcm9zb2Z0LkRhdGFicmlja3Mvd29ya3NwYWNlcy9kYXRhYnJpY2tzdng2N2E0eDZ6ZzZoNWQiLCJqb2JJZCI6IkFwcGxpYW5jZVByb3Zpc2lvbmluZ0pvYjoyRFJHQToyRENMSTozQTVGVEVTVDozQTVGREFUQUJSSUNLUzozQTVGVk5FVFhEQ01USUVTWFBET01BUVFNOjdDQUNEMkM0OEFFRDk4MDQwMzoyRERBVHw5Q0MwNUFDQzExNkE2MDYxIn0?api-version=2018-04-01
  response:
    body:
      string: '{"status":"Accepted"}'
    headers:
      cache-control:
      - no-cache
      content-length:
      - '21'
      content-type:
      - application/json; charset=utf-8
      date:
      - Wed, 24 Jun 2020 08:57:32 GMT
      expires:
      - '-1'
      pragma:
      - no-cache
      strict-transport-security:
      - max-age=31536000; includeSubDomains
      x-content-type-options:
      - nosniff
    status:
      code: 202
      message: Accepted
- request:
    body: null
    headers:
      Accept:
      - application/json
      Accept-Encoding:
      - gzip, deflate
      CommandName:
      - databricks workspace create
      Connection:
      - keep-alive
      ParameterSetName:
      - -l -n -g --sku
      User-Agent:
      - python/3.7.5 (Windows-10-10.0.18362-SP0) msrest/0.6.9 msrest_azure/0.6.3 azure-mgmt-databricks/0.1.0
        Azure-SDK-For-Python AZURECLI/2.8.0
    method: GET
    uri: https://management.azure.com/subscriptions/00000000-0000-0000-0000-000000000000/resourceGroups/cli_test_databricks_vnet000001/providers/Microsoft.Databricks/locations/westus/operationStatuses/eyJmdWxseVF1YWxpZmllZEFwcGxpYW5jZUlkIjoiL3N1YnNjcmlwdGlvbnMvYmVhZDU5YjctZjQ2OS00NjAxLTgwM2EtNzkwNzI5YzUyMTNkL3Jlc291cmNlR3JvdXBzL2NsaV90ZXN0X2RhdGFicmlja3Nfdm5ldHhkY210aWVzeHBkb21hcXFtcHppam5jZG9ranB0ZWVnYmt0Z3cyajJraGR3emt0cTRoaS9wcm92aWRlcnMvTWljcm9zb2Z0LkRhdGFicmlja3Mvd29ya3NwYWNlcy9kYXRhYnJpY2tzdng2N2E0eDZ6ZzZoNWQiLCJqb2JJZCI6IkFwcGxpYW5jZVByb3Zpc2lvbmluZ0pvYjoyRFJHQToyRENMSTozQTVGVEVTVDozQTVGREFUQUJSSUNLUzozQTVGVk5FVFhEQ01USUVTWFBET01BUVFNOjdDQUNEMkM0OEFFRDk4MDQwMzoyRERBVHw5Q0MwNUFDQzExNkE2MDYxIn0?api-version=2018-04-01
  response:
    body:
      string: '{"status":"Accepted"}'
    headers:
      cache-control:
      - no-cache
      content-length:
      - '21'
      content-type:
      - application/json; charset=utf-8
      date:
      - Wed, 24 Jun 2020 08:58:02 GMT
      expires:
      - '-1'
      pragma:
      - no-cache
      strict-transport-security:
      - max-age=31536000; includeSubDomains
      x-content-type-options:
      - nosniff
    status:
      code: 202
      message: Accepted
- request:
    body: null
    headers:
      Accept:
      - application/json
      Accept-Encoding:
      - gzip, deflate
      CommandName:
      - databricks workspace create
      Connection:
      - keep-alive
      ParameterSetName:
      - -l -n -g --sku
      User-Agent:
      - python/3.7.5 (Windows-10-10.0.18362-SP0) msrest/0.6.9 msrest_azure/0.6.3 azure-mgmt-databricks/0.1.0
        Azure-SDK-For-Python AZURECLI/2.8.0
    method: GET
    uri: https://management.azure.com/subscriptions/00000000-0000-0000-0000-000000000000/resourceGroups/cli_test_databricks_vnet000001/providers/Microsoft.Databricks/locations/westus/operationStatuses/eyJmdWxseVF1YWxpZmllZEFwcGxpYW5jZUlkIjoiL3N1YnNjcmlwdGlvbnMvYmVhZDU5YjctZjQ2OS00NjAxLTgwM2EtNzkwNzI5YzUyMTNkL3Jlc291cmNlR3JvdXBzL2NsaV90ZXN0X2RhdGFicmlja3Nfdm5ldHhkY210aWVzeHBkb21hcXFtcHppam5jZG9ranB0ZWVnYmt0Z3cyajJraGR3emt0cTRoaS9wcm92aWRlcnMvTWljcm9zb2Z0LkRhdGFicmlja3Mvd29ya3NwYWNlcy9kYXRhYnJpY2tzdng2N2E0eDZ6ZzZoNWQiLCJqb2JJZCI6IkFwcGxpYW5jZVByb3Zpc2lvbmluZ0pvYjoyRFJHQToyRENMSTozQTVGVEVTVDozQTVGREFUQUJSSUNLUzozQTVGVk5FVFhEQ01USUVTWFBET01BUVFNOjdDQUNEMkM0OEFFRDk4MDQwMzoyRERBVHw5Q0MwNUFDQzExNkE2MDYxIn0?api-version=2018-04-01
  response:
    body:
      string: '{"status":"Succeeded"}'
    headers:
      cache-control:
      - no-cache
      content-length:
      - '22'
      content-type:
      - application/json; charset=utf-8
      date:
      - Wed, 24 Jun 2020 08:58:33 GMT
      expires:
      - '-1'
      pragma:
      - no-cache
      strict-transport-security:
      - max-age=31536000; includeSubDomains
      transfer-encoding:
      - chunked
      vary:
      - Accept-Encoding,Accept-Encoding
      x-content-type-options:
      - nosniff
    status:
      code: 200
      message: OK
- request:
    body: null
    headers:
      Accept:
      - application/json
      Accept-Encoding:
      - gzip, deflate
      CommandName:
      - databricks workspace create
      Connection:
      - keep-alive
      ParameterSetName:
      - -l -n -g --sku
      User-Agent:
      - python/3.7.5 (Windows-10-10.0.18362-SP0) msrest/0.6.9 msrest_azure/0.6.3 azure-mgmt-databricks/0.1.0
        Azure-SDK-For-Python AZURECLI/2.8.0
    method: GET
    uri: https://management.azure.com/subscriptions/00000000-0000-0000-0000-000000000000/resourceGroups/cli_test_databricks_vnet000001/providers/Microsoft.Databricks/workspaces/databricks000002?api-version=2018-04-01
  response:
    body:
      string: '{"properties":{"managedResourceGroupId":"/subscriptions/00000000-0000-0000-0000-000000000000/resourceGroups/databricks-rg-databricks000002-mybtdp4yw90ib","parameters":{"amlWorkspaceId":{"type":"String","value":""},"customPrivateSubnetName":{"type":"String","value":""},"customPublicSubnetName":{"type":"String","value":""},"customVirtualNetworkId":{"type":"String","value":""},"enableFedRampCertification":{"type":"Bool","value":false},"enableNoPublicIp":{"type":"Bool","value":false},"prepareEncryption":{"type":"Bool","value":false},"loadBalancerBackendPoolName":{"type":"String","value":""},"loadBalancerId":{"type":"String","value":""},"relayNamespaceName":{"type":"String","value":"dbrelay5ptgj2mxkchsc"},"resourceTags":{"type":"Object","value":{"application":"databricks","databricks-environment":"true"}},"storageAccountName":{"type":"String","value":"dbstorage5ptgj2mxkchsc"},"storageAccountSkuName":{"type":"String","value":"Standard_GRS"},"vnetAddressPrefix":{"type":"String","value":"10.139"}},"provisioningState":"Succeeded","authorizations":[{"principalId":"9a74af6f-d153-4348-988a-e2672920bee9","roleDefinitionId":"8e3af657-a8ff-443c-a75c-2fe8c4bcb635"}],"createdBy":{"oid":"bf0cee9f-b26b-4e25-b4ab-92ec7466cf33","puid":"100320007C617F83","applicationId":"04b07795-8ddb-461a-bbee-02f9e1bf7b46"},"updatedBy":{"oid":"bf0cee9f-b26b-4e25-b4ab-92ec7466cf33","puid":"100320007C617F83","applicationId":"04b07795-8ddb-461a-bbee-02f9e1bf7b46"},"workspaceId":"2224736995857971","workspaceUrl":"adb-2224736995857971.11.azuredatabricks.net","createdDateTime":"2020-06-24T08:56:13.891568Z"},"id":"/subscriptions/00000000-0000-0000-0000-000000000000/resourceGroups/cli_test_databricks_vnet000001/providers/Microsoft.Databricks/workspaces/databricks000002","name":"databricks000002","type":"Microsoft.Databricks/workspaces","sku":{"name":"standard"},"location":"westus"}'
    headers:
      cache-control:
      - no-cache
      content-length:
      - '1938'
      content-type:
      - application/json; charset=utf-8
      date:
      - Wed, 24 Jun 2020 08:58:33 GMT
      expires:
      - '-1'
      pragma:
      - no-cache
      strict-transport-security:
      - max-age=31536000; includeSubDomains
      transfer-encoding:
      - chunked
      vary:
      - Accept-Encoding,Accept-Encoding
      x-content-type-options:
      - nosniff
    status:
      code: 200
      message: OK
- request:
    body: 'b''{"properties": {"allowVirtualNetworkAccess": true, "remoteVirtualNetwork":
      {"id": "/subscriptions/00000000-0000-0000-0000-000000000000/resourceGroups/cli_test_databricks_vnet000001/providers/Microsoft.Network/virtualNetworks/vnet000004"}}}'''
    headers:
      Accept:
      - application/json
      Accept-Encoding:
      - gzip, deflate
      CommandName:
      - databricks workspace vnet-peering create
      Connection:
      - keep-alive
      Content-Length:
      - '298'
      Content-Type:
      - application/json; charset=utf-8
      ParameterSetName:
      - -n --workspace-name -g --remote-vnet
      User-Agent:
      - python/3.7.5 (Windows-10-10.0.18362-SP0) msrest/0.6.9 msrest_azure/0.6.3 azure-mgmt-databricks/0.1.0
        Azure-SDK-For-Python AZURECLI/2.8.0
      accept-language:
      - en-US
    method: PUT
    uri: https://management.azure.com/subscriptions/00000000-0000-0000-0000-000000000000/resourceGroups/cli_test_databricks_vnet000001/providers/Microsoft.Databricks/workspaces/databricks000002/virtualNetworkPeerings/peering000003?api-version=2018-04-01
  response:
    body:
      string: '{"id":"/subscriptions/00000000-0000-0000-0000-000000000000/resourceGroups/cli_test_databricks_vnet000001/providers/Microsoft.Databricks/workspaces/databricks000002/virtualNetworkPeerings/peering000003","name":"peering000003","properties":{"allowVirtualNetworkAccess":true,"allowForwardedTraffic":false,"allowGatewayTransit":false,"useRemoteGateways":false,"remoteVirtualNetwork":{"id":"/subscriptions/00000000-0000-0000-0000-000000000000/resourceGroups/cli_test_databricks_vnet000001/providers/Microsoft.Network/virtualNetworks/vnet000004"},"remoteAddressSpace":{"addressPrefixes":["10.0.0.0/16"]},"databricksVirtualNetwork":{"id":"/subscriptions/00000000-0000-0000-0000-000000000000/resourceGroups/databricks-rg-databricks000002-mybtdp4yw90ib/providers/Microsoft.Network/virtualNetworks/workers-vnet"},"databricksAddressSpace":{"addressPrefixes":["10.139.0.0/16"]},"peeringState":"Initiated","provisioningState":"Updating"}}

        '
    headers:
      cache-control:
      - no-cache
      content-length:
      - '1068'
      content-type:
      - application/json
      date:
      - Wed, 24 Jun 2020 08:58:37 GMT
      expires:
      - '-1'
      pragma:
      - no-cache
      strict-transport-security:
      - max-age=31536000; includeSubDomains
      transfer-encoding:
      - chunked
      vary:
      - Accept-Encoding
      x-content-type-options:
      - nosniff
      x-frame-options:
      - SAMEORIGIN
      x-ms-ratelimit-remaining-subscription-writes:
      - '1199'
      x-xss-protection:
      - 1; mode=block
    status:
      code: 200
      message: OK
- request:
    body: null
    headers:
      Accept:
      - application/json
      Accept-Encoding:
      - gzip, deflate
      CommandName:
      - databricks workspace vnet-peering list
      Connection:
      - keep-alive
      ParameterSetName:
      - --workspace-name -g
      User-Agent:
      - python/3.7.5 (Windows-10-10.0.18362-SP0) msrest/0.6.9 msrest_azure/0.6.3 azure-mgmt-databricks/0.1.0
        Azure-SDK-For-Python AZURECLI/2.8.0
      accept-language:
      - en-US
    method: GET
    uri: https://management.azure.com/subscriptions/00000000-0000-0000-0000-000000000000/resourceGroups/cli_test_databricks_vnet000001/providers/Microsoft.Databricks/workspaces/databricks000002/virtualNetworkPeerings?api-version=2018-04-01
  response:
    body:
      string: '{"value":[{"id":"/subscriptions/00000000-0000-0000-0000-000000000000/resourceGroups/cli_test_databricks_vnet000001/providers/Microsoft.Databricks/workspaces/databricks000002/virtualNetworkPeerings/peering000003","name":"peering000003","properties":{"allowVirtualNetworkAccess":true,"allowForwardedTraffic":false,"allowGatewayTransit":false,"useRemoteGateways":false,"remoteVirtualNetwork":{"id":"/subscriptions/00000000-0000-0000-0000-000000000000/resourceGroups/cli_test_databricks_vnet000001/providers/Microsoft.Network/virtualNetworks/vnet000004"},"remoteAddressSpace":{"addressPrefixes":["10.0.0.0/16"]},"databricksVirtualNetwork":{"id":"/subscriptions/00000000-0000-0000-0000-000000000000/resourceGroups/databricks-rg-databricks000002-mybtdp4yw90ib/providers/Microsoft.Network/virtualNetworks/workers-vnet"},"databricksAddressSpace":{"addressPrefixes":["10.139.0.0/16"]},"peeringState":"Initiated","provisioningState":"Succeeded"}}]}

        '
    headers:
      cache-control:
      - no-cache
      content-length:
      - '1081'
      content-type:
      - application/json
      date:
      - Wed, 24 Jun 2020 08:58:39 GMT
      expires:
      - '-1'
      pragma:
      - no-cache
      strict-transport-security:
      - max-age=31536000; includeSubDomains
      transfer-encoding:
      - chunked
      vary:
      - Accept-Encoding
      x-content-type-options:
      - nosniff
      x-frame-options:
      - SAMEORIGIN
      x-xss-protection:
      - 1; mode=block
    status:
      code: 200
      message: OK
- request:
    body: null
    headers:
      Accept:
      - application/json
      Accept-Encoding:
      - gzip, deflate
      CommandName:
      - databricks workspace vnet-peering show
      Connection:
      - keep-alive
      ParameterSetName:
      - -n --workspace-name -g
      User-Agent:
      - python/3.7.5 (Windows-10-10.0.18362-SP0) msrest/0.6.9 msrest_azure/0.6.3 azure-mgmt-databricks/0.1.0
        Azure-SDK-For-Python AZURECLI/2.8.0
      accept-language:
      - en-US
    method: GET
    uri: https://management.azure.com/subscriptions/00000000-0000-0000-0000-000000000000/resourceGroups/cli_test_databricks_vnet000001/providers/Microsoft.Databricks/workspaces/databricks000002/virtualNetworkPeerings/peering000003?api-version=2018-04-01
  response:
    body:
      string: '{"id":"/subscriptions/00000000-0000-0000-0000-000000000000/resourceGroups/cli_test_databricks_vnet000001/providers/Microsoft.Databricks/workspaces/databricks000002/virtualNetworkPeerings/peering000003","name":"peering000003","properties":{"allowVirtualNetworkAccess":true,"allowForwardedTraffic":false,"allowGatewayTransit":false,"useRemoteGateways":false,"remoteVirtualNetwork":{"id":"/subscriptions/00000000-0000-0000-0000-000000000000/resourceGroups/cli_test_databricks_vnet000001/providers/Microsoft.Network/virtualNetworks/vnet000004"},"remoteAddressSpace":{"addressPrefixes":["10.0.0.0/16"]},"databricksVirtualNetwork":{"id":"/subscriptions/00000000-0000-0000-0000-000000000000/resourceGroups/databricks-rg-databricks000002-mybtdp4yw90ib/providers/Microsoft.Network/virtualNetworks/workers-vnet"},"databricksAddressSpace":{"addressPrefixes":["10.139.0.0/16"]},"peeringState":"Initiated","provisioningState":"Succeeded"}}

        '
    headers:
      cache-control:
      - no-cache
      content-length:
      - '1069'
      content-type:
      - application/json
      date:
      - Wed, 24 Jun 2020 08:58:40 GMT
      expires:
      - '-1'
      pragma:
      - no-cache
      strict-transport-security:
      - max-age=31536000; includeSubDomains
      transfer-encoding:
      - chunked
      vary:
      - Accept-Encoding
      x-content-type-options:
      - nosniff
      x-frame-options:
      - SAMEORIGIN
      x-xss-protection:
      - 1; mode=block
    status:
      code: 200
      message: OK
- request:
    body: null
    headers:
      Accept:
      - application/json
      Accept-Encoding:
      - gzip, deflate
      CommandName:
      - databricks workspace vnet-peering update
      Connection:
      - keep-alive
      ParameterSetName:
      - -n --workspace-name -g --allow-gateway-transit --allow-virtual-network-access
      User-Agent:
      - python/3.7.5 (Windows-10-10.0.18362-SP0) msrest/0.6.9 msrest_azure/0.6.3 azure-mgmt-databricks/0.1.0
        Azure-SDK-For-Python AZURECLI/2.8.0
      accept-language:
      - en-US
    method: GET
    uri: https://management.azure.com/subscriptions/00000000-0000-0000-0000-000000000000/resourceGroups/cli_test_databricks_vnet000001/providers/Microsoft.Databricks/workspaces/databricks000002/virtualNetworkPeerings/peering000003?api-version=2018-04-01
  response:
    body:
      string: '{"id":"/subscriptions/00000000-0000-0000-0000-000000000000/resourceGroups/cli_test_databricks_vnet000001/providers/Microsoft.Databricks/workspaces/databricks000002/virtualNetworkPeerings/peering000003","name":"peering000003","properties":{"allowVirtualNetworkAccess":true,"allowForwardedTraffic":false,"allowGatewayTransit":false,"useRemoteGateways":false,"remoteVirtualNetwork":{"id":"/subscriptions/00000000-0000-0000-0000-000000000000/resourceGroups/cli_test_databricks_vnet000001/providers/Microsoft.Network/virtualNetworks/vnet000004"},"remoteAddressSpace":{"addressPrefixes":["10.0.0.0/16"]},"databricksVirtualNetwork":{"id":"/subscriptions/00000000-0000-0000-0000-000000000000/resourceGroups/databricks-rg-databricks000002-mybtdp4yw90ib/providers/Microsoft.Network/virtualNetworks/workers-vnet"},"databricksAddressSpace":{"addressPrefixes":["10.139.0.0/16"]},"peeringState":"Initiated","provisioningState":"Succeeded"}}

        '
    headers:
      cache-control:
      - no-cache
      content-length:
      - '1069'
      content-type:
      - application/json
      date:
      - Wed, 24 Jun 2020 08:58:43 GMT
      expires:
      - '-1'
      pragma:
      - no-cache
      strict-transport-security:
      - max-age=31536000; includeSubDomains
      transfer-encoding:
      - chunked
      vary:
      - Accept-Encoding
      x-content-type-options:
      - nosniff
      x-frame-options:
      - SAMEORIGIN
      x-xss-protection:
      - 1; mode=block
    status:
      code: 200
      message: OK
- request:
    body: 'b''{"properties": {"allowVirtualNetworkAccess": false, "allowForwardedTraffic":
      false, "allowGatewayTransit": true, "useRemoteGateways": false, "databricksVirtualNetwork":
      {"id": "/subscriptions/00000000-0000-0000-0000-000000000000/resourceGroups/databricks-rg-databricks000002-mybtdp4yw90ib/providers/Microsoft.Network/virtualNetworks/workers-vnet"},
      "databricksAddressSpace": {"addressPrefixes": ["10.139.0.0/16"]}, "remoteVirtualNetwork":
      {"id": "/subscriptions/00000000-0000-0000-0000-000000000000/resourceGroups/cli_test_databricks_vnet000001/providers/Microsoft.Network/virtualNetworks/vnet000004"},
      "remoteAddressSpace": {"addressPrefixes": ["10.0.0.0/16"]}}}'''
    headers:
      Accept:
      - application/json
      Accept-Encoding:
      - gzip, deflate
      CommandName:
      - databricks workspace vnet-peering update
      Connection:
      - keep-alive
      Content-Length:
      - '730'
      Content-Type:
      - application/json; charset=utf-8
      ParameterSetName:
      - -n --workspace-name -g --allow-gateway-transit --allow-virtual-network-access
      User-Agent:
      - python/3.7.5 (Windows-10-10.0.18362-SP0) msrest/0.6.9 msrest_azure/0.6.3 azure-mgmt-databricks/0.1.0
        Azure-SDK-For-Python AZURECLI/2.8.0
      accept-language:
      - en-US
    method: PUT
    uri: https://management.azure.com/subscriptions/00000000-0000-0000-0000-000000000000/resourceGroups/cli_test_databricks_vnet000001/providers/Microsoft.Databricks/workspaces/databricks000002/virtualNetworkPeerings/peering000003?api-version=2018-04-01
  response:
    body:
      string: '{"id":"/subscriptions/00000000-0000-0000-0000-000000000000/resourceGroups/cli_test_databricks_vnet000001/providers/Microsoft.Databricks/workspaces/databricks000002/virtualNetworkPeerings/peering000003","name":"peering000003","properties":{"allowVirtualNetworkAccess":false,"allowForwardedTraffic":false,"allowGatewayTransit":true,"useRemoteGateways":false,"remoteVirtualNetwork":{"id":"/subscriptions/00000000-0000-0000-0000-000000000000/resourceGroups/cli_test_databricks_vnet000001/providers/Microsoft.Network/virtualNetworks/vnet000004"},"remoteAddressSpace":{"addressPrefixes":["10.0.0.0/16"]},"databricksVirtualNetwork":{"id":"/subscriptions/00000000-0000-0000-0000-000000000000/resourceGroups/databricks-rg-databricks000002-mybtdp4yw90ib/providers/Microsoft.Network/virtualNetworks/workers-vnet"},"databricksAddressSpace":{"addressPrefixes":["10.139.0.0/16"]},"peeringState":"Initiated","provisioningState":"Updating"}}

        '
    headers:
      cache-control:
      - no-cache
      content-length:
      - '1068'
      content-type:
      - application/json
      date:
      - Wed, 24 Jun 2020 08:58:45 GMT
      expires:
      - '-1'
      pragma:
      - no-cache
      strict-transport-security:
      - max-age=31536000; includeSubDomains
      transfer-encoding:
      - chunked
      vary:
      - Accept-Encoding
      x-content-type-options:
      - nosniff
      x-frame-options:
      - SAMEORIGIN
      x-ms-ratelimit-remaining-subscription-writes:
      - '1199'
      x-xss-protection:
      - 1; mode=block
    status:
      code: 200
      message: OK
- request:
    body: null
    headers:
      Accept:
      - application/json
      Accept-Encoding:
      - gzip, deflate
      CommandName:
      - databricks workspace vnet-peering update
      Connection:
      - keep-alive
      ParameterSetName:
      - -n --workspace-name -g --allow-gateway-transit
      User-Agent:
      - python/3.7.5 (Windows-10-10.0.18362-SP0) msrest/0.6.9 msrest_azure/0.6.3 azure-mgmt-databricks/0.1.0
        Azure-SDK-For-Python AZURECLI/2.8.0
      accept-language:
      - en-US
    method: GET
    uri: https://management.azure.com/subscriptions/00000000-0000-0000-0000-000000000000/resourceGroups/cli_test_databricks_vnet000001/providers/Microsoft.Databricks/workspaces/databricks000002/virtualNetworkPeerings/peering000003?api-version=2018-04-01
  response:
    body:
      string: '{"id":"/subscriptions/00000000-0000-0000-0000-000000000000/resourceGroups/cli_test_databricks_vnet000001/providers/Microsoft.Databricks/workspaces/databricks000002/virtualNetworkPeerings/peering000003","name":"peering000003","properties":{"allowVirtualNetworkAccess":false,"allowForwardedTraffic":false,"allowGatewayTransit":true,"useRemoteGateways":false,"remoteVirtualNetwork":{"id":"/subscriptions/00000000-0000-0000-0000-000000000000/resourceGroups/cli_test_databricks_vnet000001/providers/Microsoft.Network/virtualNetworks/vnet000004"},"remoteAddressSpace":{"addressPrefixes":["10.0.0.0/16"]},"databricksVirtualNetwork":{"id":"/subscriptions/00000000-0000-0000-0000-000000000000/resourceGroups/databricks-rg-databricks000002-mybtdp4yw90ib/providers/Microsoft.Network/virtualNetworks/workers-vnet"},"databricksAddressSpace":{"addressPrefixes":["10.139.0.0/16"]},"peeringState":"Initiated","provisioningState":"Succeeded"}}

        '
    headers:
      cache-control:
      - no-cache
      content-length:
      - '1069'
      content-type:
      - application/json
      date:
      - Wed, 24 Jun 2020 08:58:47 GMT
      expires:
      - '-1'
      pragma:
      - no-cache
      strict-transport-security:
      - max-age=31536000; includeSubDomains
      transfer-encoding:
      - chunked
      vary:
      - Accept-Encoding
      x-content-type-options:
      - nosniff
      x-frame-options:
      - SAMEORIGIN
      x-xss-protection:
      - 1; mode=block
    status:
      code: 200
      message: OK
- request:
    body: 'b''{"properties": {"allowVirtualNetworkAccess": false, "allowForwardedTraffic":
      false, "allowGatewayTransit": false, "useRemoteGateways": false, "databricksVirtualNetwork":
      {"id": "/subscriptions/00000000-0000-0000-0000-000000000000/resourceGroups/databricks-rg-databricks000002-mybtdp4yw90ib/providers/Microsoft.Network/virtualNetworks/workers-vnet"},
      "databricksAddressSpace": {"addressPrefixes": ["10.139.0.0/16"]}, "remoteVirtualNetwork":
      {"id": "/subscriptions/00000000-0000-0000-0000-000000000000/resourceGroups/cli_test_databricks_vnet000001/providers/Microsoft.Network/virtualNetworks/vnet000004"},
      "remoteAddressSpace": {"addressPrefixes": ["10.0.0.0/16"]}}}'''
    headers:
      Accept:
      - application/json
      Accept-Encoding:
      - gzip, deflate
      CommandName:
      - databricks workspace vnet-peering update
      Connection:
      - keep-alive
      Content-Length:
      - '731'
      Content-Type:
      - application/json; charset=utf-8
      ParameterSetName:
      - -n --workspace-name -g --allow-gateway-transit
      User-Agent:
      - python/3.7.5 (Windows-10-10.0.18362-SP0) msrest/0.6.9 msrest_azure/0.6.3 azure-mgmt-databricks/0.1.0
        Azure-SDK-For-Python AZURECLI/2.8.0
      accept-language:
      - en-US
    method: PUT
    uri: https://management.azure.com/subscriptions/00000000-0000-0000-0000-000000000000/resourceGroups/cli_test_databricks_vnet000001/providers/Microsoft.Databricks/workspaces/databricks000002/virtualNetworkPeerings/peering000003?api-version=2018-04-01
  response:
    body:
      string: '{"id":"/subscriptions/00000000-0000-0000-0000-000000000000/resourceGroups/cli_test_databricks_vnet000001/providers/Microsoft.Databricks/workspaces/databricks000002/virtualNetworkPeerings/peering000003","name":"peering000003","properties":{"allowVirtualNetworkAccess":false,"allowForwardedTraffic":false,"allowGatewayTransit":false,"useRemoteGateways":false,"remoteVirtualNetwork":{"id":"/subscriptions/00000000-0000-0000-0000-000000000000/resourceGroups/cli_test_databricks_vnet000001/providers/Microsoft.Network/virtualNetworks/vnet000004"},"remoteAddressSpace":{"addressPrefixes":["10.0.0.0/16"]},"databricksVirtualNetwork":{"id":"/subscriptions/00000000-0000-0000-0000-000000000000/resourceGroups/databricks-rg-databricks000002-mybtdp4yw90ib/providers/Microsoft.Network/virtualNetworks/workers-vnet"},"databricksAddressSpace":{"addressPrefixes":["10.139.0.0/16"]},"peeringState":"Initiated","provisioningState":"Updating"}}

        '
    headers:
      cache-control:
      - no-cache
      content-length:
      - '1069'
      content-type:
      - application/json
      date:
      - Wed, 24 Jun 2020 08:58:48 GMT
      expires:
      - '-1'
      pragma:
      - no-cache
      strict-transport-security:
      - max-age=31536000; includeSubDomains
      transfer-encoding:
      - chunked
      vary:
      - Accept-Encoding
      x-content-type-options:
      - nosniff
      x-frame-options:
      - SAMEORIGIN
      x-ms-ratelimit-remaining-subscription-writes:
      - '1199'
      x-xss-protection:
      - 1; mode=block
    status:
      code: 200
      message: OK
- request:
    body: null
    headers:
      Accept:
      - application/json
      Accept-Encoding:
      - gzip, deflate
      CommandName:
      - databricks workspace vnet-peering delete
      Connection:
      - keep-alive
      Content-Length:
      - '0'
      ParameterSetName:
      - -n --workspace-name -g
      User-Agent:
      - python/3.7.5 (Windows-10-10.0.18362-SP0) msrest/0.6.9 msrest_azure/0.6.3 azure-mgmt-databricks/0.1.0
        Azure-SDK-For-Python AZURECLI/2.8.0
      accept-language:
      - en-US
    method: DELETE
    uri: https://management.azure.com/subscriptions/00000000-0000-0000-0000-000000000000/resourceGroups/cli_test_databricks_vnet000001/providers/Microsoft.Databricks/workspaces/databricks000002/virtualNetworkPeerings/peering000003?api-version=2018-04-01
  response:
    body:
      string: '""

        '
    headers:
      cache-control:
      - no-cache
      content-length:
      - '3'
      content-type:
      - application/json
      date:
      - Wed, 24 Jun 2020 08:58:50 GMT
      expires:
      - '-1'
      location:
      - https://management.azure.com/subscriptions/00000000-0000-0000-0000-000000000000/providers/Microsoft.Network/locations/westus/operationResults/fbe744a3-72ae-4a80-8520-b40f5a83aaff?api-version=2018-08-01
      pragma:
      - no-cache
      strict-transport-security:
      - max-age=31536000; includeSubDomains
      x-content-type-options:
      - nosniff
      x-frame-options:
      - SAMEORIGIN
      x-ms-ratelimit-remaining-subscription-deletes:
      - '14999'
      x-xss-protection:
      - 1; mode=block
    status:
      code: 202
      message: Accepted
- request:
    body: null
    headers:
      Accept:
      - application/json
      Accept-Encoding:
      - gzip, deflate
      CommandName:
      - databricks workspace vnet-peering delete
      Connection:
      - keep-alive
      ParameterSetName:
      - -n --workspace-name -g
      User-Agent:
      - python/3.7.5 (Windows-10-10.0.18362-SP0) msrest/0.6.9 msrest_azure/0.6.3 azure-mgmt-databricks/0.1.0
        Azure-SDK-For-Python AZURECLI/2.8.0
    method: GET
    uri: https://management.azure.com/subscriptions/00000000-0000-0000-0000-000000000000/providers/Microsoft.Network/locations/westus/operationResults/fbe744a3-72ae-4a80-8520-b40f5a83aaff?api-version=2018-08-01
  response:
    body:
      string: ''
    headers:
      azure-asyncoperation:
      - https://management.azure.com/subscriptions/00000000-0000-0000-0000-000000000000/providers/Microsoft.Network/locations/westus/operations/fbe744a3-72ae-4a80-8520-b40f5a83aaff?api-version=2018-08-01
      cache-control:
      - no-cache
      content-type:
      - application/json; charset=utf-8
      date:
      - Wed, 24 Jun 2020 08:59:21 GMT
      expires:
      - '-1'
      location:
      - https://management.azure.com/subscriptions/00000000-0000-0000-0000-000000000000/providers/Microsoft.Network/locations/westus/operationResults/fbe744a3-72ae-4a80-8520-b40f5a83aaff?api-version=2018-08-01
      pragma:
      - no-cache
      server:
      - Microsoft-HTTPAPI/2.0
      - Microsoft-HTTPAPI/2.0
      strict-transport-security:
      - max-age=31536000; includeSubDomains
      x-content-type-options:
      - nosniff
      x-ms-arm-service-request-id:
      - 13390b18-08bd-4f60-80f6-ec54b8683fd5
    status:
      code: 204
      message: No Content
- request:
    body: null
    headers:
      Accept:
      - application/json
      Accept-Encoding:
      - gzip, deflate
      CommandName:
      - databricks workspace vnet-peering list
      Connection:
      - keep-alive
      ParameterSetName:
      - --workspace-name -g
      User-Agent:
      - python/3.7.5 (Windows-10-10.0.18362-SP0) msrest/0.6.9 msrest_azure/0.6.3 azure-mgmt-databricks/0.1.0
        Azure-SDK-For-Python AZURECLI/2.8.0
      accept-language:
      - en-US
    method: GET
    uri: https://management.azure.com/subscriptions/00000000-0000-0000-0000-000000000000/resourceGroups/cli_test_databricks_vnet000001/providers/Microsoft.Databricks/workspaces/databricks000002/virtualNetworkPeerings?api-version=2018-04-01
  response:
    body:
      string: '{}

        '
    headers:
      cache-control:
      - no-cache
      content-length:
      - '3'
      content-type:
      - application/json
      date:
      - Wed, 24 Jun 2020 08:59:23 GMT
      expires:
      - '-1'
      pragma:
      - no-cache
      strict-transport-security:
      - max-age=31536000; includeSubDomains
      transfer-encoding:
      - chunked
      vary:
      - Accept-Encoding
      x-content-type-options:
      - nosniff
      x-frame-options:
      - SAMEORIGIN
      x-xss-protection:
      - 1; mode=block
    status:
      code: 200
      message: OK
version: 1
