interactions:
- request:
    body: null
    headers:
      Accept:
      - application/json
      Accept-Encoding:
      - gzip, deflate
      CommandName:
      - identity create
      Connection:
      - keep-alive
      ParameterSetName:
      - -n -g
      User-Agent:
      - AZURECLI/2.81.0 azsdk-python-core/1.35.0 Python/3.11.9 (Windows-10-10.0.26100-SP0)
    method: GET
    uri: https://management.azure.com/subscriptions/00000000-0000-0000-0000-000000000000/resourcegroups/cli_test_access_connector000001?api-version=2024-11-01
  response:
    body:
      string: '{"id":"/subscriptions/00000000-0000-0000-0000-000000000000/resourceGroups/cli_test_access_connector000001","name":"cli_test_access_connector000001","type":"Microsoft.Resources/resourceGroups","location":"westus","tags":{"product":"azurecli","cause":"automation","test":"test_access_connector_v2","date":"2025-12-19T19:57:13Z","module":"databricks"},"properties":{"provisioningState":"Succeeded"}}'
    headers:
      cache-control:
      - no-cache
      content-length:
      - '396'
      content-type:
      - application/json; charset=utf-8
      date:
      - Fri, 19 Dec 2025 19:57:15 GMT
      expires:
      - '-1'
      pragma:
      - no-cache
      strict-transport-security:
      - max-age=31536000; includeSubDomains
      x-cache:
      - CONFIG_NOCACHE
      x-content-type-options:
      - nosniff
      x-ms-ratelimit-remaining-subscription-global-reads:
      - '16499'
      x-msedge-ref:
      - 'Ref A: 998CBF169FB547CAAD4F713FC980D73E Ref B: MWH011020807042 Ref C: 2025-12-19T19:57:16Z'
    status:
      code: 200
      message: OK
- request:
    body: '{"location": "westus"}'
    headers:
      Accept:
      - application/json
      Accept-Encoding:
      - gzip, deflate
      CommandName:
      - identity create
      Connection:
      - keep-alive
      Content-Length:
      - '22'
      Content-Type:
      - application/json
      ParameterSetName:
      - -n -g
      User-Agent:
      - AZURECLI/2.81.0 azsdk-python-core/1.35.0 Python/3.11.9 (Windows-10-10.0.26100-SP0)
    method: PUT
    uri: https://management.azure.com/subscriptions/00000000-0000-0000-0000-000000000000/resourceGroups/cli_test_access_connector000001/providers/Microsoft.ManagedIdentity/userAssignedIdentities/my-test-identity?api-version=2024-11-30
  response:
    body:
      string: '{"location":"westus","tags":{},"id":"/subscriptions/00000000-0000-0000-0000-000000000000/resourcegroups/cli_test_access_connector000001/providers/Microsoft.ManagedIdentity/userAssignedIdentities/my-test-identity","name":"my-test-identity","type":"Microsoft.ManagedIdentity/userAssignedIdentities","properties":{"isolationScope":"None","tenantId":"72f988bf-86f1-41af-91ab-2d7cd011db47","principalId":"b4fabc3e-ad6a-4771-9317-cd6008682e8d","clientId":"91eb567f-cb6b-4aae-84e6-877995b38ed1"}}'
    headers:
      cache-control:
      - no-cache
      content-length:
      - '489'
      content-type:
      - application/json; charset=utf-8
      date:
      - Fri, 19 Dec 2025 19:57:17 GMT
      expires:
      - '-1'
      location:
      - /subscriptions/00000000-0000-0000-0000-000000000000/resourcegroups/cli_test_access_connector000001/providers/Microsoft.ManagedIdentity/userAssignedIdentities/my-test-identity
      pragma:
      - no-cache
      strict-transport-security:
      - max-age=31536000; includeSubDomains
      x-cache:
      - CONFIG_NOCACHE
      x-content-type-options:
      - nosniff
      x-ms-operation-identifier:
      - tenantId=72f988bf-86f1-41af-91ab-2d7cd011db47,objectId=a70a66b6-f372-4fcc-9f09-6c5e1e64c3dd/westus/c2b4e09e-e9c4-475d-8f9e-2bb0083ecc14
      x-ms-ratelimit-remaining-subscription-global-writes:
      - '11999'
      x-ms-ratelimit-remaining-subscription-writes:
      - '799'
      x-msedge-ref:
      - 'Ref A: 1DB0D057D5EA431FAFF026A69E6CE4A1 Ref B: MWH011020808040 Ref C: 2025-12-19T19:57:16Z'
    status:
      code: 201
      message: Created
- request:
    body: '{"identity": {"type": "UserAssigned", "userAssignedIdentities": {"/subscriptions/00000000-0000-0000-0000-000000000000/resourcegroups/cli_test_access_connector000001/providers/Microsoft.ManagedIdentity/userAssignedIdentities/my-test-identity":
      {}}}, "location": "westus"}'
    headers:
      Accept:
      - application/json
      Accept-Encoding:
      - gzip, deflate
      CommandName:
      - databricks access-connector create
      Connection:
      - keep-alive
      Content-Length:
      - '270'
      Content-Type:
      - application/json
      ParameterSetName:
      - --resource-group --name --location --identity-type --user-assigned-identities
      User-Agent:
      - AZURECLI/2.81.0 azsdk-python-core/1.35.0 Python/3.11.9 (Windows-10-10.0.26100-SP0)
    method: PUT
    uri: https://management.azure.com/subscriptions/00000000-0000-0000-0000-000000000000/resourceGroups/cli_test_access_connector000001/providers/Microsoft.Databricks/accessConnectors/my-test-access-connector?api-version=2025-10-01-preview
  response:
    body:
      string: "{\r\n  \"id\": \"/subscriptions/00000000-0000-0000-0000-000000000000/resourceGroups/cli_test_access_connector000001/providers/Microsoft.Databricks/accessConnectors/my-test-access-connector\",\r\n
        \ \"name\": \"my-test-access-connector\",\r\n  \"type\": \"Microsoft.Databricks/accessConnectors\",\r\n
        \ \"location\": \"westus\",\r\n  \"identity\": {\r\n    \"userAssignedIdentities\":
        {\r\n      \"/subscriptions/00000000-0000-0000-0000-000000000000/resourcegroups/cli_test_access_connector000001/providers/Microsoft.ManagedIdentity/userAssignedIdentities/my-test-identity\":
        {\r\n        \"principalId\": \"b4fabc3e-ad6a-4771-9317-cd6008682e8d\",\r\n
        \       \"clientId\": \"91eb567f-cb6b-4aae-84e6-877995b38ed1\"\r\n      }\r\n
        \   },\r\n    \"type\": \"UserAssigned\"\r\n  },\r\n  \"properties\": {\r\n
        \   \"provisioningState\": \"Succeeded\"\r\n  },\r\n  \"systemData\": {\r\n
        \   \"createdBy\": \"test@example.com\",\r\n    \"createdByType\": \"User\",\r\n
        \   \"createdAt\": \"2025-12-19T19:57:18.5250152+00:00\",\r\n    \"lastModifiedBy\":
        \"test@example.com\",\r\n    \"lastModifiedByType\": \"User\",\r\n    \"lastModifiedAt\":
        \"2025-12-19T19:57:18.5250152+00:00\"\r\n  }\r\n}"
    headers:
      cache-control:
      - no-cache
      content-length:
      - '1063'
      content-type:
      - application/json; charset=utf-8
      date:
      - Fri, 19 Dec 2025 19:57:19 GMT
      expires:
      - '-1'
      pragma:
      - no-cache
      strict-transport-security:
      - max-age=31536000; includeSubDomains
      x-cache:
      - CONFIG_NOCACHE
      x-content-type-options:
      - nosniff
      x-ms-operation-identifier:
      - tenantId=72f988bf-86f1-41af-91ab-2d7cd011db47,objectId=a70a66b6-f372-4fcc-9f09-6c5e1e64c3dd/westus/8f8f0066-3bf1-46b2-9374-cc132cf2d243
      x-ms-ratelimit-remaining-subscription-resource-requests:
      - '99'
      x-msedge-ref:
      - 'Ref A: E3A403E3059F447693C01790A7540789 Ref B: MWH011020806052 Ref C: 2025-12-19T19:57:18Z'
    status:
      code: 201
      message: Created
- request:
    body: null
    headers:
      Accept:
      - '*/*'
      Accept-Encoding:
      - gzip, deflate
      CommandName:
      - databricks access-connector delete
      Connection:
      - keep-alive
      Content-Length:
      - '0'
      ParameterSetName:
      - --resource-group --name
      User-Agent:
      - AZURECLI/2.81.0 azsdk-python-core/1.35.0 Python/3.11.9 (Windows-10-10.0.26100-SP0)
    method: DELETE
    uri: https://management.azure.com/subscriptions/00000000-0000-0000-0000-000000000000/resourceGroups/cli_test_access_connector000001/providers/Microsoft.Databricks/accessConnectors/my-test-access-connector?api-version=2025-10-01-preview
  response:
    body:
      string: ''
    headers:
      cache-control:
      - no-cache
      content-length:
      - '0'
      date:
      - Fri, 19 Dec 2025 19:57:21 GMT
      expires:
      - '-1'
      pragma:
      - no-cache
      strict-transport-security:
      - max-age=31536000; includeSubDomains
      x-cache:
      - CONFIG_NOCACHE
      x-content-type-options:
      - nosniff
      x-ms-operation-identifier:
      - tenantId=72f988bf-86f1-41af-91ab-2d7cd011db47,objectId=a70a66b6-f372-4fcc-9f09-6c5e1e64c3dd/westus/beb33ac9-fe2a-482a-9263-46cdf23762de
      x-ms-ratelimit-remaining-subscription-deletes:
      - '799'
      x-ms-ratelimit-remaining-subscription-global-deletes:
      - '11999'
      x-msedge-ref:
      - 'Ref A: 444B6ABF9865412EA05B20D3EB2EE3DD Ref B: MWH011020808062 Ref C: 2025-12-19T19:57:20Z'
    status:
      code: 200
      message: OK
- request:
    body: '{"identity": {"type": "None"}, "location": "westus"}'
    headers:
      Accept:
      - application/json
      Accept-Encoding:
      - gzip, deflate
      CommandName:
      - databricks access-connector create
      Connection:
      - keep-alive
      Content-Length:
      - '52'
      Content-Type:
      - application/json
      ParameterSetName:
      - --resource-group --name --location --identity-type
      User-Agent:
      - AZURECLI/2.81.0 azsdk-python-core/1.35.0 Python/3.11.9 (Windows-10-10.0.26100-SP0)
    method: PUT
    uri: https://management.azure.com/subscriptions/00000000-0000-0000-0000-000000000000/resourceGroups/cli_test_access_connector000001/providers/Microsoft.Databricks/accessConnectors/my-test-access-connector?api-version=2025-10-01-preview
  response:
    body:
      string: "{\r\n  \"id\": \"/subscriptions/00000000-0000-0000-0000-000000000000/resourceGroups/cli_test_access_connector000001/providers/Microsoft.Databricks/accessConnectors/my-test-access-connector\",\r\n
        \ \"name\": \"my-test-access-connector\",\r\n  \"type\": \"Microsoft.Databricks/accessConnectors\",\r\n
        \ \"location\": \"westus\",\r\n  \"identity\": {\r\n    \"type\": \"None\"\r\n
        \ },\r\n  \"properties\": {\r\n    \"provisioningState\": \"Succeeded\"\r\n
        \ },\r\n  \"systemData\": {\r\n    \"createdBy\": \"test@example.com\",\r\n
        \   \"createdByType\": \"User\",\r\n    \"createdAt\": \"2025-12-19T19:57:22.5069508+00:00\",\r\n
        \   \"lastModifiedBy\": \"test@example.com\",\r\n    \"lastModifiedByType\":
        \"User\",\r\n    \"lastModifiedAt\": \"2025-12-19T19:57:22.5069508+00:00\"\r\n
        \ }\r\n}"
    headers:
      cache-control:
      - no-cache
      content-length:
      - '694'
      content-type:
      - application/json; charset=utf-8
      date:
      - Fri, 19 Dec 2025 19:57:22 GMT
      expires:
      - '-1'
      pragma:
      - no-cache
      strict-transport-security:
      - max-age=31536000; includeSubDomains
      x-cache:
      - CONFIG_NOCACHE
      x-content-type-options:
      - nosniff
      x-ms-operation-identifier:
      - tenantId=72f988bf-86f1-41af-91ab-2d7cd011db47,objectId=a70a66b6-f372-4fcc-9f09-6c5e1e64c3dd/westus/ea275f61-81d1-4826-8242-867dd7c290d3
      x-ms-ratelimit-remaining-subscription-resource-requests:
      - '99'
      x-msedge-ref:
      - 'Ref A: C84E053773FB405DA46D98FD47AE3814 Ref B: CO6AA3150217023 Ref C: 2025-12-19T19:57:22Z'
    status:
      code: 201
      message: Created
- request:
    body: null
    headers:
      Accept:
      - application/json
      Accept-Encoding:
      - gzip, deflate
      CommandName:
      - databricks access-connector update
      Connection:
      - keep-alive
      ParameterSetName:
      - --resource-group --name --identity-type --user-assigned-identities
      User-Agent:
      - AZURECLI/2.81.0 azsdk-python-core/1.35.0 Python/3.11.9 (Windows-10-10.0.26100-SP0)
    method: GET
    uri: https://management.azure.com/subscriptions/00000000-0000-0000-0000-000000000000/resourceGroups/cli_test_access_connector000001/providers/Microsoft.Databricks/accessConnectors/my-test-access-connector?api-version=2025-10-01-preview
  response:
    body:
      string: "{\r\n  \"id\": \"/subscriptions/00000000-0000-0000-0000-000000000000/resourceGroups/cli_test_access_connector000001/providers/Microsoft.Databricks/accessConnectors/my-test-access-connector\",\r\n
        \ \"name\": \"my-test-access-connector\",\r\n  \"type\": \"Microsoft.Databricks/accessConnectors\",\r\n
        \ \"location\": \"westus\",\r\n  \"identity\": {\r\n    \"type\": \"None\"\r\n
        \ },\r\n  \"properties\": {\r\n    \"provisioningState\": \"Succeeded\"\r\n
        \ },\r\n  \"systemData\": {\r\n    \"createdBy\": \"test@example.com\",\r\n
        \   \"createdByType\": \"User\",\r\n    \"createdAt\": \"2025-12-19T19:57:22.5069508+00:00\",\r\n
        \   \"lastModifiedBy\": \"test@example.com\",\r\n    \"lastModifiedByType\":
        \"User\",\r\n    \"lastModifiedAt\": \"2025-12-19T19:57:22.5069508+00:00\"\r\n
        \ }\r\n}"
    headers:
      cache-control:
      - no-cache
      content-length:
      - '694'
      content-type:
      - application/json; charset=utf-8
      date:
      - Fri, 19 Dec 2025 19:57:23 GMT
      expires:
      - '-1'
      pragma:
      - no-cache
      strict-transport-security:
      - max-age=31536000; includeSubDomains
      x-cache:
      - CONFIG_NOCACHE
      x-content-type-options:
      - nosniff
      x-ms-ratelimit-remaining-subscription-resource-requests:
      - '249'
      x-msedge-ref:
      - 'Ref A: 1F416B881B404BF1BEDA8A52AD2A4D19 Ref B: MWH011020808060 Ref C: 2025-12-19T19:57:23Z'
    status:
      code: 200
      message: OK
- request:
    body: '{"identity": {"type": "UserAssigned", "userAssignedIdentities": {"/subscriptions/00000000-0000-0000-0000-000000000000/resourcegroups/cli_test_access_connector000001/providers/Microsoft.ManagedIdentity/userAssignedIdentities/my-test-identity":
      {}}}, "location": "westus", "properties": {}}'
    headers:
      Accept:
      - application/json
      Accept-Encoding:
      - gzip, deflate
      CommandName:
      - databricks access-connector update
      Connection:
      - keep-alive
      Content-Length:
      - '288'
      Content-Type:
      - application/json
      ParameterSetName:
      - --resource-group --name --identity-type --user-assigned-identities
      User-Agent:
      - AZURECLI/2.81.0 azsdk-python-core/1.35.0 Python/3.11.9 (Windows-10-10.0.26100-SP0)
    method: PUT
    uri: https://management.azure.com/subscriptions/00000000-0000-0000-0000-000000000000/resourceGroups/cli_test_access_connector000001/providers/Microsoft.Databricks/accessConnectors/my-test-access-connector?api-version=2025-10-01-preview
  response:
    body:
      string: "{\r\n  \"id\": \"/subscriptions/00000000-0000-0000-0000-000000000000/resourceGroups/cli_test_access_connector000001/providers/Microsoft.Databricks/accessConnectors/my-test-access-connector\",\r\n
        \ \"name\": \"my-test-access-connector\",\r\n  \"type\": \"Microsoft.Databricks/accessConnectors\",\r\n
        \ \"location\": \"westus\",\r\n  \"identity\": {\r\n    \"userAssignedIdentities\":
        {\r\n      \"/subscriptions/00000000-0000-0000-0000-000000000000/resourcegroups/cli_test_access_connector000001/providers/Microsoft.ManagedIdentity/userAssignedIdentities/my-test-identity\":
        {\r\n        \"principalId\": \"b4fabc3e-ad6a-4771-9317-cd6008682e8d\",\r\n
        \       \"clientId\": \"91eb567f-cb6b-4aae-84e6-877995b38ed1\"\r\n      }\r\n
        \   },\r\n    \"type\": \"UserAssigned\"\r\n  },\r\n  \"properties\": {\r\n
        \   \"provisioningState\": \"Succeeded\"\r\n  },\r\n  \"systemData\": {\r\n
        \   \"createdBy\": \"test@example.com\",\r\n    \"createdByType\": \"User\",\r\n
        \   \"createdAt\": \"2025-12-19T19:57:22.5069508+00:00\",\r\n    \"lastModifiedBy\":
        \"test@example.com\",\r\n    \"lastModifiedByType\": \"User\",\r\n    \"lastModifiedAt\":
        \"2025-12-19T19:57:25.2590059+00:00\"\r\n  }\r\n}"
    headers:
      cache-control:
      - no-cache
      content-length:
      - '1063'
      content-type:
      - application/json; charset=utf-8
      date:
      - Fri, 19 Dec 2025 19:57:26 GMT
      expires:
      - '-1'
      pragma:
      - no-cache
      strict-transport-security:
      - max-age=31536000; includeSubDomains
      x-cache:
      - CONFIG_NOCACHE
      x-content-type-options:
      - nosniff
      x-ms-operation-identifier:
      - tenantId=72f988bf-86f1-41af-91ab-2d7cd011db47,objectId=a70a66b6-f372-4fcc-9f09-6c5e1e64c3dd/eastus/c6ae9c58-90cb-4360-a48d-58060100750b
      x-ms-ratelimit-remaining-subscription-resource-requests:
      - '99'
      x-msedge-ref:
      - 'Ref A: D4A37FD414F54C4FA049F3F505F1D576 Ref B: MWH011020807052 Ref C: 2025-12-19T19:57:24Z'
    status:
      code: 200
      message: OK
- request:
    body: null
    headers:
      Accept:
      - '*/*'
      Accept-Encoding:
      - gzip, deflate
      CommandName:
      - databricks access-connector delete
      Connection:
      - keep-alive
      Content-Length:
      - '0'
      ParameterSetName:
      - --resource-group --name
      User-Agent:
      - AZURECLI/2.81.0 azsdk-python-core/1.35.0 Python/3.11.9 (Windows-10-10.0.26100-SP0)
    method: DELETE
    uri: https://management.azure.com/subscriptions/00000000-0000-0000-0000-000000000000/resourceGroups/cli_test_access_connector000001/providers/Microsoft.Databricks/accessConnectors/my-test-access-connector?api-version=2025-10-01-preview
  response:
    body:
      string: ''
    headers:
      cache-control:
      - no-cache
      content-length:
      - '0'
      date:
      - Fri, 19 Dec 2025 19:57:28 GMT
      expires:
      - '-1'
      pragma:
      - no-cache
      strict-transport-security:
      - max-age=31536000; includeSubDomains
      x-cache:
      - CONFIG_NOCACHE
      x-content-type-options:
      - nosniff
      x-ms-operation-identifier:
      - tenantId=72f988bf-86f1-41af-91ab-2d7cd011db47,objectId=a70a66b6-f372-4fcc-9f09-6c5e1e64c3dd/westus/3978874c-e4c2-41d8-9548-945ddd081a08
      x-ms-ratelimit-remaining-subscription-deletes:
      - '799'
      x-ms-ratelimit-remaining-subscription-global-deletes:
      - '11999'
      x-msedge-ref:
      - 'Ref A: A5DE02F4FCFF4EDABF0727AD2709FEFB Ref B: CO6AA3150217009 Ref C: 2025-12-19T19:57:28Z'
    status:
      code: 200
      message: OK
version: 1
