interactions:
- request:
    body: !!python/unicode '{"location": "westus", "tags": {"date": "2019-04-06T16:10:27Z",
      "product": "azurecli", "cause": "automation"}}'
    headers:
      Accept: [application/json]
      Accept-Encoding: ['gzip, deflate']
      CommandName: [group create]
      Connection: [keep-alive]
      Content-Length: ['110']
      Content-Type: [application/json; charset=utf-8]
      ParameterSetName: [--location --name --tag]
      User-Agent: [python/2.7.10 (Darwin-16.7.0-x86_64-i386-64bit) msrest/0.6.3 msrest_azure/0.4.34
          resourcemanagementclient/2.1.0 Azure-SDK-For-Python AZURECLI/2.0.56]
      accept-language: [en-US]
    method: PUT
    uri: https://management.azure.com/subscriptions/00000000-0000-0000-0000-000000000000/resourcegroups/cli_tests_rg000001?api-version=2018-05-01
  response:
    body: {string: !!python/unicode '{"id":"/subscriptions/00000000-0000-0000-0000-000000000000/resourceGroups/cli_tests_rg000001","name":"cli_tests_rg000001","location":"westus","tags":{"date":"2019-04-06T16:10:27Z","product":"azurecli","cause":"automation"},"properties":{"provisioningState":"Succeeded"}}'}
    headers:
      cache-control: [no-cache]
      content-length: ['384']
      content-type: [application/json; charset=utf-8]
      date: ['Sat, 06 Apr 2019 16:10:31 GMT']
      expires: ['-1']
      pragma: [no-cache]
      strict-transport-security: [max-age=31536000; includeSubDomains]
      x-content-type-options: [nosniff]
      x-ms-ratelimit-remaining-subscription-writes: ['1199']
    status: {code: 201, message: Created}
- request:
    body: !!python/unicode '{"location": "westus2"}'
    headers:
      Accept: [application/json]
      Accept-Encoding: ['gzip, deflate']
      CommandName: [netappfiles account create]
      Connection: [keep-alive]
      Content-Length: ['23']
      Content-Type: [application/json; charset=utf-8]
      ParameterSetName: [-g -a -l]
      User-Agent: [python/2.7.10 (Darwin-16.7.0-x86_64-i386-64bit) msrest/0.6.3 msrest_azure/0.4.34
          azure-mgmt-netapp/0.3.0 Azure-SDK-For-Python AZURECLI/2.0.56]
      accept-language: [en-US]
    method: PUT
    uri: https://management.azure.com/subscriptions/00000000-0000-0000-0000-000000000000/resourceGroups/cli_tests_rg000001/providers/Microsoft.NetApp/netAppAccounts/cli-acc-000002?api-version=2017-08-15
  response:
    body: {string: !!python/unicode '{"id":"/subscriptions/00000000-0000-0000-0000-000000000000/resourceGroups/cli_tests_rg000001/providers/Microsoft.NetApp/netAppAccounts/cli-acc-000002","name":"cli-acc-000002","type":"Microsoft.NetApp/netAppAccounts","etag":"W/\"datetime''2019-04-06T16%3A10%3A35.1741524Z''\"","location":"westus2","properties":{"provisioningState":"Creating","name":"cli-acc-000002"}}'}
    headers:
      access-control-expose-headers: [Request-Context]
      azure-asyncoperation: ['https://management.azure.com/subscriptions/00000000-0000-0000-0000-000000000000/providers/Microsoft.NetApp/locations/westus2/operationResults/7b1eea85-9e51-4118-aa05-db72dc29ba63?api-version=2017-08-15']
      cache-control: [no-cache]
      content-length: ['452']
      content-type: [application/json; charset=utf-8]
      date: ['Sat, 06 Apr 2019 16:10:34 GMT']
      etag: [W/"datetime'2019-04-06T16%3A10%3A35.1741524Z'"]
      expires: ['-1']
      pragma: [no-cache]
      request-context: ['appId=cid-v1:2c4cb680-0a1f-424d-bb8d-8e650ba68d53']
      server: [Microsoft-IIS/10.0]
      strict-transport-security: [max-age=31536000; includeSubDomains]
      x-content-type-options: [nosniff]
      x-ms-ratelimit-remaining-subscription-writes: ['1197']
      x-powered-by: [ASP.NET]
    status: {code: 201, message: Created}
- request:
    body: null
    headers:
      Accept: [application/json]
      Accept-Encoding: ['gzip, deflate']
      CommandName: [netappfiles account create]
      Connection: [keep-alive]
      ParameterSetName: [-g -a -l]
      User-Agent: [python/2.7.10 (Darwin-16.7.0-x86_64-i386-64bit) msrest/0.6.3 msrest_azure/0.4.34
          azure-mgmt-netapp/0.3.0 Azure-SDK-For-Python AZURECLI/2.0.56]
    method: GET
    uri: https://management.azure.com/subscriptions/00000000-0000-0000-0000-000000000000/providers/Microsoft.NetApp/locations/westus2/operationResults/7b1eea85-9e51-4118-aa05-db72dc29ba63?api-version=2017-08-15
  response:
    body: {string: !!python/unicode '{"id":"/subscriptions/00000000-0000-0000-0000-000000000000/providers/Microsoft.NetApp/locations/westus2/operationResults/7b1eea85-9e51-4118-aa05-db72dc29ba63","name":"7b1eea85-9e51-4118-aa05-db72dc29ba63","status":"Succeeded","startTime":"2019-04-06T16:10:35.1113493Z","endTime":"2019-04-06T16:10:35.4082181Z","percentComplete":100.0,"properties":{"resourceName":"/subscriptions/00000000-0000-0000-0000-000000000000/resourceGroups/cli_tests_rg000001/providers/Microsoft.NetApp/netAppAccounts/cli-acc-000002"}}'}
    headers:
      access-control-expose-headers: [Request-Context]
      cache-control: [no-cache]
      content-length: ['576']
      content-type: [application/json; charset=utf-8]
      date: ['Sat, 06 Apr 2019 16:11:06 GMT']
      expires: ['-1']
      pragma: [no-cache]
      request-context: ['appId=cid-v1:2c4cb680-0a1f-424d-bb8d-8e650ba68d53']
      server: [Microsoft-IIS/10.0]
      strict-transport-security: [max-age=31536000; includeSubDomains]
      transfer-encoding: [chunked]
      vary: [Accept-Encoding]
      x-content-type-options: [nosniff]
      x-powered-by: [ASP.NET]
    status: {code: 200, message: OK}
- request:
    body: null
    headers:
      Accept: [application/json]
      Accept-Encoding: ['gzip, deflate']
      CommandName: [netappfiles account create]
      Connection: [keep-alive]
      ParameterSetName: [-g -a -l]
      User-Agent: [python/2.7.10 (Darwin-16.7.0-x86_64-i386-64bit) msrest/0.6.3 msrest_azure/0.4.34
          azure-mgmt-netapp/0.3.0 Azure-SDK-For-Python AZURECLI/2.0.56]
    method: GET
    uri: https://management.azure.com/subscriptions/00000000-0000-0000-0000-000000000000/resourceGroups/cli_tests_rg000001/providers/Microsoft.NetApp/netAppAccounts/cli-acc-000002?api-version=2017-08-15
  response:
    body: {string: !!python/unicode '{"id":"/subscriptions/00000000-0000-0000-0000-000000000000/resourceGroups/cli_tests_rg000001/providers/Microsoft.NetApp/netAppAccounts/cli-acc-000002","name":"cli-acc-000002","type":"Microsoft.NetApp/netAppAccounts","etag":"W/\"datetime''2019-04-06T16%3A10%3A35.452347Z''\"","location":"westus2","properties":{"provisioningState":"Succeeded","name":"cli-acc-000002"}}'}
    headers:
      access-control-expose-headers: [Request-Context]
      cache-control: [no-cache]
      content-length: ['452']
      content-type: [application/json; charset=utf-8]
      date: ['Sat, 06 Apr 2019 16:11:07 GMT']
      etag: [W/"datetime'2019-04-06T16%3A10%3A35.452347Z'"]
      expires: ['-1']
      pragma: [no-cache]
      request-context: ['appId=cid-v1:2c4cb680-0a1f-424d-bb8d-8e650ba68d53']
      server: [Microsoft-IIS/10.0]
      strict-transport-security: [max-age=31536000; includeSubDomains]
      transfer-encoding: [chunked]
      vary: [Accept-Encoding]
      x-content-type-options: [nosniff]
      x-powered-by: [ASP.NET]
    status: {code: 200, message: OK}
- request:
    body: !!python/unicode '{"location": "westus2", "properties": {"serviceLevel":
      "Premium", "size": 4398046511104}}'
    headers:
      Accept: [application/json]
      Accept-Encoding: ['gzip, deflate']
      CommandName: [netappfiles pool create]
      Connection: [keep-alive]
      Content-Length: ['89']
      Content-Type: [application/json; charset=utf-8]
      ParameterSetName: [-g -a -p -l --service-level --size]
      User-Agent: [python/2.7.10 (Darwin-16.7.0-x86_64-i386-64bit) msrest/0.6.3 msrest_azure/0.4.34
          azure-mgmt-netapp/0.3.0 Azure-SDK-For-Python AZURECLI/2.0.56]
      accept-language: [en-US]
    method: PUT
    uri: https://management.azure.com/subscriptions/00000000-0000-0000-0000-000000000000/resourceGroups/cli_tests_rg000001/providers/Microsoft.NetApp/netAppAccounts/cli-acc-000002/capacityPools/cli-pool-000003?api-version=2017-08-15
  response:
    body: {string: !!python/unicode '{"id":"/subscriptions/00000000-0000-0000-0000-000000000000/resourceGroups/cli_tests_rg000001/providers/Microsoft.NetApp/netAppAccounts/cli-acc-000002/capacityPools/cli-pool-000003","name":"cli-acc-000002/cli-pool-000003","type":"Microsoft.NetApp/netAppAccounts/capacityPools","etag":"W/\"datetime''2019-04-06T16%3A11%3A23.4178203Z''\"","location":"westus2","properties":{"serviceLevel":"Premium","size":4398046511104,"provisioningState":"Creating"}}'}
    headers:
      access-control-expose-headers: [Request-Context]
      azure-asyncoperation: ['https://management.azure.com/subscriptions/00000000-0000-0000-0000-000000000000/providers/Microsoft.NetApp/locations/westus2/operationResults/2e819df0-ea07-4262-ade0-5ca6fa454a69?api-version=2017-08-15']
      cache-control: [no-cache]
      content-length: ['542']
      content-type: [application/json; charset=utf-8]
      date: ['Sat, 06 Apr 2019 16:11:23 GMT']
      etag: [W/"datetime'2019-04-06T16%3A11%3A23.4178203Z'"]
      expires: ['-1']
      pragma: [no-cache]
      request-context: ['appId=cid-v1:2c4cb680-0a1f-424d-bb8d-8e650ba68d53']
      server: [Microsoft-IIS/10.0]
      strict-transport-security: [max-age=31536000; includeSubDomains]
      x-content-type-options: [nosniff]
      x-ms-ratelimit-remaining-subscription-writes: ['1199']
      x-powered-by: [ASP.NET]
    status: {code: 201, message: Created}
- request:
    body: null
    headers:
      Accept: [application/json]
      Accept-Encoding: ['gzip, deflate']
      CommandName: [netappfiles pool create]
      Connection: [keep-alive]
      ParameterSetName: [-g -a -p -l --service-level --size]
      User-Agent: [python/2.7.10 (Darwin-16.7.0-x86_64-i386-64bit) msrest/0.6.3 msrest_azure/0.4.34
          azure-mgmt-netapp/0.3.0 Azure-SDK-For-Python AZURECLI/2.0.56]
    method: GET
    uri: https://management.azure.com/subscriptions/00000000-0000-0000-0000-000000000000/providers/Microsoft.NetApp/locations/westus2/operationResults/2e819df0-ea07-4262-ade0-5ca6fa454a69?api-version=2017-08-15
  response:
    body: {string: !!python/unicode '{"id":"/subscriptions/00000000-0000-0000-0000-000000000000/providers/Microsoft.NetApp/locations/westus2/operationResults/2e819df0-ea07-4262-ade0-5ca6fa454a69","name":"2e819df0-ea07-4262-ade0-5ca6fa454a69","status":"Succeeded","startTime":"2019-04-06T16:11:23.3147867Z","endTime":"2019-04-06T16:11:23.79913Z","percentComplete":100.0,"properties":{"resourceName":"/subscriptions/00000000-0000-0000-0000-000000000000/resourceGroups/cli_tests_rg000001/providers/Microsoft.NetApp/netAppAccounts/cli-acc-000002/capacityPools/cli-pool-000003"}}'}
    headers:
      access-control-expose-headers: [Request-Context]
      cache-control: [no-cache]
      content-length: ['613']
      content-type: [application/json; charset=utf-8]
      date: ['Sat, 06 Apr 2019 16:11:55 GMT']
      expires: ['-1']
      pragma: [no-cache]
      request-context: ['appId=cid-v1:2c4cb680-0a1f-424d-bb8d-8e650ba68d53']
      server: [Microsoft-IIS/10.0]
      strict-transport-security: [max-age=31536000; includeSubDomains]
      transfer-encoding: [chunked]
      vary: [Accept-Encoding]
      x-content-type-options: [nosniff]
      x-powered-by: [ASP.NET]
    status: {code: 200, message: OK}
- request:
    body: null
    headers:
      Accept: [application/json]
      Accept-Encoding: ['gzip, deflate']
      CommandName: [netappfiles pool create]
      Connection: [keep-alive]
      ParameterSetName: [-g -a -p -l --service-level --size]
      User-Agent: [python/2.7.10 (Darwin-16.7.0-x86_64-i386-64bit) msrest/0.6.3 msrest_azure/0.4.34
          azure-mgmt-netapp/0.3.0 Azure-SDK-For-Python AZURECLI/2.0.56]
    method: GET
    uri: https://management.azure.com/subscriptions/00000000-0000-0000-0000-000000000000/resourceGroups/cli_tests_rg000001/providers/Microsoft.NetApp/netAppAccounts/cli-acc-000002/capacityPools/cli-pool-000003?api-version=2017-08-15
  response:
    body: {string: !!python/unicode '{"id":"/subscriptions/00000000-0000-0000-0000-000000000000/resourceGroups/cli_tests_rg000001/providers/Microsoft.NetApp/netAppAccounts/cli-acc-000002/capacityPools/cli-pool-000003","name":"cli-acc-000002/cli-pool-000003","type":"Microsoft.NetApp/netAppAccounts/capacityPools","etag":"W/\"datetime''2019-04-06T16%3A11%3A23.8451185Z''\"","location":"westus2","properties":{"poolId":"3874f751-957c-8979-1fd6-e496145f9457","name":"cli-acc-000002/cli-pool-000003","serviceLevel":"Premium","size":4398046511104,"provisioningState":"Succeeded"}}'}
    headers:
      access-control-expose-headers: [Request-Context]
      cache-control: [no-cache]
      content-length: ['650']
      content-type: [application/json; charset=utf-8]
      date: ['Sat, 06 Apr 2019 16:11:58 GMT']
      etag: [W/"datetime'2019-04-06T16%3A11%3A23.8451185Z'"]
      expires: ['-1']
      pragma: [no-cache]
      request-context: ['appId=cid-v1:2c4cb680-0a1f-424d-bb8d-8e650ba68d53']
      server: [Microsoft-IIS/10.0]
      strict-transport-security: [max-age=31536000; includeSubDomains]
      transfer-encoding: [chunked]
      vary: [Accept-Encoding]
      x-content-type-options: [nosniff]
      x-powered-by: [ASP.NET]
    status: {code: 200, message: OK}
- request:
    body: null
    headers:
      Accept: [application/json]
      Accept-Encoding: ['gzip, deflate']
      CommandName: [netappfiles pool update]
      Connection: [keep-alive]
      ParameterSetName: [--resource-group -a -p --tags --service-level]
      User-Agent: [python/2.7.10 (Darwin-16.7.0-x86_64-i386-64bit) msrest/0.6.3 msrest_azure/0.4.34
          azure-mgmt-netapp/0.3.0 Azure-SDK-For-Python AZURECLI/2.0.56]
      accept-language: [en-US]
    method: GET
    uri: https://management.azure.com/subscriptions/00000000-0000-0000-0000-000000000000/resourceGroups/cli_tests_rg000001/providers/Microsoft.NetApp/netAppAccounts/cli-acc-000002/capacityPools/cli-pool-000003?api-version=2017-08-15
  response:
    body: {string: !!python/unicode '{"id":"/subscriptions/00000000-0000-0000-0000-000000000000/resourceGroups/cli_tests_rg000001/providers/Microsoft.NetApp/netAppAccounts/cli-acc-000002/capacityPools/cli-pool-000003","name":"cli-acc-000002/cli-pool-000003","type":"Microsoft.NetApp/netAppAccounts/capacityPools","etag":"W/\"datetime''2019-04-06T16%3A11%3A23.8451185Z''\"","location":"westus2","properties":{"poolId":"3874f751-957c-8979-1fd6-e496145f9457","name":"cli-acc-000002/cli-pool-000003","serviceLevel":"Premium","size":4398046511104,"provisioningState":"Succeeded"}}'}
    headers:
      access-control-expose-headers: [Request-Context]
      cache-control: [no-cache]
      content-length: ['650']
      content-type: [application/json; charset=utf-8]
      date: ['Sat, 06 Apr 2019 16:12:00 GMT']
      etag: [W/"datetime'2019-04-06T16%3A11%3A23.8451185Z'"]
      expires: ['-1']
      pragma: [no-cache]
      request-context: ['appId=cid-v1:2c4cb680-0a1f-424d-bb8d-8e650ba68d53']
      server: [Microsoft-IIS/10.0]
      strict-transport-security: [max-age=31536000; includeSubDomains]
      transfer-encoding: [chunked]
      vary: [Accept-Encoding]
      x-content-type-options: [nosniff]
      x-powered-by: [ASP.NET]
    status: {code: 200, message: OK}
- request:
    body: !!python/unicode '{"properties": {"serviceLevel": "Standard", "size": 4398046511104},
      "location": "westus2", "tags": {"Tag1": "Value1"}}'
    headers:
      Accept: [application/json]
      Accept-Encoding: ['gzip, deflate']
      CommandName: [netappfiles pool update]
      Connection: [keep-alive]
      Content-Length: ['118']
      Content-Type: [application/json; charset=utf-8]
      ParameterSetName: [--resource-group -a -p --tags --service-level]
      User-Agent: [python/2.7.10 (Darwin-16.7.0-x86_64-i386-64bit) msrest/0.6.3 msrest_azure/0.4.34
          azure-mgmt-netapp/0.3.0 Azure-SDK-For-Python AZURECLI/2.0.56]
      accept-language: [en-US]
    method: PATCH
    uri: https://management.azure.com/subscriptions/00000000-0000-0000-0000-000000000000/resourceGroups/cli_tests_rg000001/providers/Microsoft.NetApp/netAppAccounts/cli-acc-000002/capacityPools/cli-pool-000003?api-version=2017-08-15
  response:
    body: {string: !!python/unicode '{"id":"/subscriptions/00000000-0000-0000-0000-000000000000/resourceGroups/cli_tests_rg000001/providers/Microsoft.NetApp/netAppAccounts/cli-acc-000002/capacityPools/cli-pool-000003","name":"cli-acc-000002/cli-pool-000003","type":"Microsoft.NetApp/netAppAccounts/capacityPools","etag":"W/\"datetime''2019-04-06T16%3A12%3A03.637888Z''\"","location":"westus2","tags":{"Tag1":"Value1"},"properties":{"provisioningState":"Succeeded","poolId":"3874f751-957c-8979-1fd6-e496145f9457","name":"cli-acc-000002/cli-pool-000003","serviceLevel":"Standard","size":4398046511104}}'}
    headers:
      access-control-expose-headers: [Request-Context]
      cache-control: [no-cache]
      content-length: ['675']
      content-type: [application/json; charset=utf-8]
      date: ['Sat, 06 Apr 2019 16:12:04 GMT']
      etag: [W/"datetime'2019-04-06T16%3A12%3A03.637888Z'"]
      expires: ['-1']
      pragma: [no-cache]
      request-context: ['appId=cid-v1:2c4cb680-0a1f-424d-bb8d-8e650ba68d53']
      server: [Microsoft-IIS/10.0]
      strict-transport-security: [max-age=31536000; includeSubDomains]
      transfer-encoding: [chunked]
      vary: [Accept-Encoding]
      x-content-type-options: [nosniff]
      x-ms-ratelimit-remaining-subscription-writes: ['1198']
      x-powered-by: [ASP.NET]
    status: {code: 200, message: OK}
- request:
    body: null
    headers:
      Accept: [application/json]
      Accept-Encoding: ['gzip, deflate']
      CommandName: [group delete]
      Connection: [keep-alive]
      Content-Length: ['0']
      ParameterSetName: [--name --yes --no-wait]
      User-Agent: [python/2.7.10 (Darwin-16.7.0-x86_64-i386-64bit) msrest/0.6.3 msrest_azure/0.4.34
          resourcemanagementclient/2.1.0 Azure-SDK-For-Python AZURECLI/2.0.56]
      accept-language: [en-US]
    method: DELETE
    uri: https://management.azure.com/subscriptions/00000000-0000-0000-0000-000000000000/resourcegroups/cli_tests_rg000001?api-version=2018-05-01
  response:
    body: {string: !!python/unicode ''}
    headers:
      cache-control: [no-cache]
      content-length: ['0']
      date: ['Sat, 06 Apr 2019 16:12:07 GMT']
      expires: ['-1']
      location: ['https://management.azure.com/subscriptions/00000000-0000-0000-0000-000000000000/operationresults/eyJqb2JJZCI6IlJFU09VUkNFR1JPVVBERUxFVElPTkpPQi1DTEk6NUZURVNUUzo1RlJHUVVOUUQyTk5JRjZNQ01MTzVHMjdDNERERTRSTVBJVXxCNUJCRDE4RTkxMzFGNjQwLVdFU1RVUyIsImpvYkxvY2F0aW9uIjoid2VzdHVzIn0?api-version=2018-05-01']
      pragma: [no-cache]
      strict-transport-security: [max-age=31536000; includeSubDomains]
      x-content-type-options: [nosniff]
      x-ms-ratelimit-remaining-subscription-deletes: ['14997']
    status: {code: 202, message: Accepted}
version: 1
