interactions:
- request:
    body: '{"location": "westus2"}'
    headers:
      Accept:
      - application/json
      Accept-Encoding:
      - gzip, deflate
      CommandName:
      - netappfiles account create
      Connection:
      - keep-alive
      Content-Length:
      - '23'
      Content-Type:
      - application/json
      ParameterSetName:
      - -g -a -l
      User-Agent:
      - AZURECLI/2.43.0 azsdk-python-mgmt-netapp/9.0.1 Python/3.10.8 (Linux-5.15.0-1023-azure-x86_64-with-glibc2.31)
        VSTS_7b238909-6802-4b65-b90d-184bca47f458_build_261_0
    method: PUT
    uri: https://management.azure.com/subscriptions/00000000-0000-0000-0000-000000000000/resourceGroups/cli_tests_rg_000001/providers/Microsoft.NetApp/netAppAccounts/cli000002?api-version=2022-05-01
  response:
    body:
      string: '{"id":"/subscriptions/00000000-0000-0000-0000-000000000000/resourceGroups/cli_tests_rg_000001/providers/Microsoft.NetApp/netAppAccounts/cli000002","name":"cli000002","type":"Microsoft.NetApp/netAppAccounts","etag":"W/\"datetime''2022-12-20T06%3A49%3A21.9270909Z''\"","location":"westus2","properties":{"provisioningState":"Creating"},"systemData":{"createdBy":"azureclilivetest@azuresdkteam.onmicrosoft.com","createdByType":"User","createdAt":"2022-12-20T06:49:21.4088379Z","lastModifiedBy":"azureclilivetest@azuresdkteam.onmicrosoft.com","lastModifiedByType":"User","lastModifiedAt":"2022-12-20T06:49:21.4088379Z"}}'
    headers:
      azure-asyncoperation:
      - https://management.azure.com/subscriptions/00000000-0000-0000-0000-000000000000/providers/Microsoft.NetApp/locations/westus2/operationResults/17d4313c-6a7c-4699-8b40-591bcd67d070?api-version=2022-05-01
      cache-control:
      - no-cache
      content-length:
      - '614'
      content-type:
      - application/json; charset=utf-8
      date:
      - Tue, 20 Dec 2022 06:49:22 GMT
      etag:
      - W/"datetime'2022-12-20T06%3A49%3A21.9270909Z'"
      expires:
      - '-1'
      pragma:
      - no-cache
      server:
      - Microsoft-IIS/10.0
      strict-transport-security:
      - max-age=31536000; includeSubDomains
      x-content-type-options:
      - nosniff
      x-ms-ratelimit-remaining-subscription-writes:
      - '1199'
      x-powered-by:
      - ASP.NET
    status:
      code: 201
      message: Created
- request:
    body: null
    headers:
      Accept:
      - '*/*'
      Accept-Encoding:
      - gzip, deflate
      CommandName:
      - netappfiles account create
      Connection:
      - keep-alive
      ParameterSetName:
      - -g -a -l
      User-Agent:
      - AZURECLI/2.43.0 azsdk-python-mgmt-netapp/9.0.1 Python/3.10.8 (Linux-5.15.0-1023-azure-x86_64-with-glibc2.31)
        VSTS_7b238909-6802-4b65-b90d-184bca47f458_build_261_0
    method: GET
    uri: https://management.azure.com/subscriptions/00000000-0000-0000-0000-000000000000/providers/Microsoft.NetApp/locations/westus2/operationResults/17d4313c-6a7c-4699-8b40-591bcd67d070?api-version=2022-05-01
  response:
    body:
      string: '{"id":"/subscriptions/00000000-0000-0000-0000-000000000000/providers/Microsoft.NetApp/locations/westus2/operationResults/17d4313c-6a7c-4699-8b40-591bcd67d070","name":"17d4313c-6a7c-4699-8b40-591bcd67d070","status":"Succeeded","startTime":"2022-12-20T06:49:21.928118Z","endTime":"2022-12-20T06:49:21.9905747Z","percentComplete":100.0,"properties":{"resourceName":"/subscriptions/00000000-0000-0000-0000-000000000000/resourceGroups/cli_tests_rg_000001/providers/Microsoft.NetApp/netAppAccounts/cli000002"}}'
    headers:
      cache-control:
      - no-cache
      content-length:
      - '504'
      content-type:
      - application/json; charset=utf-8
      date:
      - Tue, 20 Dec 2022 06:49:52 GMT
      expires:
      - '-1'
      pragma:
      - no-cache
      server:
      - Microsoft-IIS/10.0
      strict-transport-security:
      - max-age=31536000; includeSubDomains
      transfer-encoding:
      - chunked
      vary:
      - Accept-Encoding
      x-content-type-options:
      - nosniff
      x-powered-by:
      - ASP.NET
    status:
      code: 200
      message: OK
- request:
    body: null
    headers:
      Accept:
      - '*/*'
      Accept-Encoding:
      - gzip, deflate
      CommandName:
      - netappfiles account create
      Connection:
      - keep-alive
      ParameterSetName:
      - -g -a -l
      User-Agent:
      - AZURECLI/2.43.0 azsdk-python-mgmt-netapp/9.0.1 Python/3.10.8 (Linux-5.15.0-1023-azure-x86_64-with-glibc2.31)
        VSTS_7b238909-6802-4b65-b90d-184bca47f458_build_261_0
    method: GET
    uri: https://management.azure.com/subscriptions/00000000-0000-0000-0000-000000000000/resourceGroups/cli_tests_rg_000001/providers/Microsoft.NetApp/netAppAccounts/cli000002?api-version=2022-05-01
  response:
    body:
      string: '{"id":"/subscriptions/00000000-0000-0000-0000-000000000000/resourceGroups/cli_tests_rg_000001/providers/Microsoft.NetApp/netAppAccounts/cli000002","name":"cli000002","type":"Microsoft.NetApp/netAppAccounts","etag":"W/\"datetime''2022-12-20T06%3A49%3A21.9942704Z''\"","location":"westus2","properties":{"encryption":{"keySource":"Microsoft.NetApp"},"provisioningState":"Succeeded"},"systemData":{"createdBy":"azureclilivetest@azuresdkteam.onmicrosoft.com","createdByType":"User","createdAt":"2022-12-20T06:49:21.4088379Z","lastModifiedBy":"azureclilivetest@azuresdkteam.onmicrosoft.com","lastModifiedByType":"User","lastModifiedAt":"2022-12-20T06:49:21.4088379Z"}}'
    headers:
      cache-control:
      - no-cache
      content-length:
      - '661'
      content-type:
      - application/json; charset=utf-8
      date:
      - Tue, 20 Dec 2022 06:49:52 GMT
      etag:
      - W/"datetime'2022-12-20T06%3A49%3A21.9942704Z'"
      expires:
      - '-1'
      pragma:
      - no-cache
      server:
      - Microsoft-IIS/10.0
      strict-transport-security:
      - max-age=31536000; includeSubDomains
      transfer-encoding:
      - chunked
      vary:
      - Accept-Encoding
      x-content-type-options:
      - nosniff
      x-powered-by:
      - ASP.NET
    status:
      code: 200
      message: OK
- request:
    body: '{"location": "westus2", "tags": {"Tag1": "Value1"}}'
    headers:
      Accept:
      - application/json
      Accept-Encoding:
      - gzip, deflate
      CommandName:
      - netappfiles account set
      Connection:
      - keep-alive
      Content-Length:
      - '51'
      Content-Type:
      - application/json; charset=utf-8
      ParameterSetName:
      - --resource-group -a -l --tags
      User-Agent:
      - python/3.10.8 (Linux-5.15.0-1023-azure-x86_64-with-glibc2.31) msrest/0.7.1
        VSTS_7b238909-6802-4b65-b90d-184bca47f458_build_261_0 msrest_azure/0.6.4 azure-mgmt-netapp/0.4.0
        Azure-SDK-For-Python AZURECLI/2.43.0
      accept-language:
      - en-US
    method: PUT
    uri: https://management.azure.com/subscriptions/00000000-0000-0000-0000-000000000000/resourceGroups/cli_tests_rg_000001/providers/Microsoft.NetApp/netAppAccounts/cli000002?api-version=2019-05-01
  response:
    body:
      string: '{"id":"/subscriptions/00000000-0000-0000-0000-000000000000/resourceGroups/cli_tests_rg_000001/providers/Microsoft.NetApp/netAppAccounts/cli000002","name":"cli000002","type":"Microsoft.NetApp/netAppAccounts","etag":"W/\"datetime''2022-12-20T06%3A49%3A54.4897567Z''\"","location":"westus2","tags":{"Tag1":"Value1"},"properties":{"provisioningState":"Succeeded"}}'
    headers:
      cache-control:
      - no-cache
      content-length:
      - '358'
      content-type:
      - application/json; charset=utf-8
      date:
      - Tue, 20 Dec 2022 06:49:54 GMT
      etag:
      - W/"datetime'2022-12-20T06%3A49%3A54.4897567Z'"
      expires:
      - '-1'
      pragma:
      - no-cache
      server:
      - Microsoft-IIS/10.0
      strict-transport-security:
      - max-age=31536000; includeSubDomains
      transfer-encoding:
      - chunked
      vary:
      - Accept-Encoding
      x-content-type-options:
      - nosniff
      x-ms-ratelimit-remaining-subscription-writes:
      - '1197'
      x-powered-by:
      - ASP.NET
    status:
      code: 200
      message: OK
version: 1
