interactions:
- request:
    body: !!python/unicode '{"location": "westus", "tags": {"date": "2019-05-27T21:10:54Z",
      "product": "azurecli", "cause": "automation"}}'
    headers:
      Accept:
      - application/json
      Accept-Encoding:
      - gzip, deflate
      CommandName:
      - group create
      Connection:
      - keep-alive
      Content-Length:
      - '110'
      Content-Type:
      - application/json; charset=utf-8
      ParameterSetName:
      - --location --name --tag
      User-Agent:
      - python/2.7.10 (Darwin-16.7.0-x86_64-i386-64bit) msrest/0.6.6 msrest_azure/0.4.34
        resourcemanagementclient/2.1.0 Azure-SDK-For-Python AZURECLI/2.0.56
      accept-language:
      - en-US
    method: PUT
    uri: https://management.azure.com/subscriptions/00000000-0000-0000-0000-000000000000/resourcegroups/cli_tests_rg_000001?api-version=2018-05-01
  response:
    body:
      string: !!python/unicode '{"id":"/subscriptions/00000000-0000-0000-0000-000000000000/resourceGroups/cli_tests_rg_000001","name":"cli_tests_rg_000001","location":"westus","tags":{"date":"2019-05-27T21:10:54Z","product":"azurecli","cause":"automation"},"properties":{"provisioningState":"Succeeded"}}'
    headers:
      cache-control:
      - no-cache
      content-length:
      - '384'
      content-type:
      - application/json; charset=utf-8
      date:
      - Mon, 27 May 2019 21:10:56 GMT
      expires:
      - '-1'
      pragma:
      - no-cache
      strict-transport-security:
      - max-age=31536000; includeSubDomains
      x-content-type-options:
      - nosniff
      x-ms-ratelimit-remaining-subscription-writes:
      - '1199'
    status:
      code: 201
      message: Created
- request:
    body: !!python/unicode '{"location": "westus2", "tags": {"Tag1": "Value1"}}'
    headers:
      Accept:
      - application/json
      Accept-Encoding:
      - gzip, deflate
      CommandName:
      - netappfiles account create
      Connection:
      - keep-alive
      Content-Length:
      - '51'
      Content-Type:
      - application/json; charset=utf-8
      ParameterSetName:
      - -g -a -l --tags
      User-Agent:
      - python/2.7.10 (Darwin-16.7.0-x86_64-i386-64bit) msrest/0.6.6 msrest_azure/0.4.34
        azure-mgmt-netapp/0.4.0 Azure-SDK-For-Python AZURECLI/2.0.56
      accept-language:
      - en-US
    method: PUT
    uri: https://management.azure.com/subscriptions/00000000-0000-0000-0000-000000000000/resourceGroups/cli_tests_rg_000001/providers/Microsoft.NetApp/netAppAccounts/cli000002?api-version=2019-05-01
  response:
    body:
      string: !!python/unicode '{"id":"/subscriptions/00000000-0000-0000-0000-000000000000/resourceGroups/cli_tests_rg_000001/providers/Microsoft.NetApp/netAppAccounts/cli000002","name":"cli000002","type":"Microsoft.NetApp/netAppAccounts","etag":"W/\"datetime''2019-05-27T21%3A10%3A59.7910076Z''\"","location":"westus2","tags":{"Tag1":"Value1"},"properties":{"provisioningState":"Succeeded","name":"cli000002"}}'
    headers:
      access-control-expose-headers:
      - Request-Context
      azure-asyncoperation:
      - https://management.azure.com/subscriptions/00000000-0000-0000-0000-000000000000/providers/Microsoft.NetApp/locations/westus2/operationResults/16310ffd-ee8b-4f88-85e9-74af14618fac?api-version=2019-05-01
      cache-control:
      - no-cache
      content-length:
      - '478'
      content-type:
      - application/json; charset=utf-8
      date:
      - Mon, 27 May 2019 21:11:00 GMT
      etag:
      - W/"datetime'2019-05-27T21%3A10%3A59.7910076Z'"
      expires:
      - '-1'
      pragma:
      - no-cache
      request-context:
      - appId=cid-v1:2c4cb680-0a1f-424d-bb8d-8e650ba68d53
      server:
      - Microsoft-IIS/10.0
      strict-transport-security:
      - max-age=31536000; includeSubDomains
      x-content-type-options:
      - nosniff
      x-ms-ratelimit-remaining-subscription-writes:
      - '1199'
      x-powered-by:
      - ASP.NET
    status:
      code: 201
      message: Created
- request:
    body: null
    headers:
      Accept:
      - application/json
      Accept-Encoding:
      - gzip, deflate
      CommandName:
      - netappfiles account create
      Connection:
      - keep-alive
      ParameterSetName:
      - -g -a -l --tags
      User-Agent:
      - python/2.7.10 (Darwin-16.7.0-x86_64-i386-64bit) msrest/0.6.6 msrest_azure/0.4.34
        azure-mgmt-netapp/0.4.0 Azure-SDK-For-Python AZURECLI/2.0.56
    method: GET
    uri: https://management.azure.com/subscriptions/00000000-0000-0000-0000-000000000000/providers/Microsoft.NetApp/locations/westus2/operationResults/16310ffd-ee8b-4f88-85e9-74af14618fac?api-version=2019-05-01
  response:
    body:
      string: !!python/unicode '{"id":"/subscriptions/00000000-0000-0000-0000-000000000000/providers/Microsoft.NetApp/locations/westus2/operationResults/16310ffd-ee8b-4f88-85e9-74af14618fac","name":"16310ffd-ee8b-4f88-85e9-74af14618fac","status":"Succeeded","startTime":"2019-05-27T21:10:59.7177623Z","endTime":"2019-05-27T21:10:59.8115378Z","percentComplete":100.0,"properties":{"resourceName":"/subscriptions/00000000-0000-0000-0000-000000000000/resourceGroups/cli_tests_rg_000001/providers/Microsoft.NetApp/netAppAccounts/cli000002"}}'
    headers:
      access-control-expose-headers:
      - Request-Context
      cache-control:
      - no-cache
      content-length:
      - '576'
      content-type:
      - application/json; charset=utf-8
      date:
      - Mon, 27 May 2019 21:11:31 GMT
      expires:
      - '-1'
      pragma:
      - no-cache
      request-context:
      - appId=cid-v1:2c4cb680-0a1f-424d-bb8d-8e650ba68d53
      server:
      - Microsoft-IIS/10.0
      strict-transport-security:
      - max-age=31536000; includeSubDomains
      transfer-encoding:
      - chunked
      vary:
      - Accept-Encoding
      x-content-type-options:
      - nosniff
      x-powered-by:
      - ASP.NET
    status:
      code: 200
      message: OK
- request:
    body: null
    headers:
      Accept:
      - application/json
      Accept-Encoding:
      - gzip, deflate
      CommandName:
      - netappfiles account create
      Connection:
      - keep-alive
      ParameterSetName:
      - -g -a -l --tags
      User-Agent:
      - python/2.7.10 (Darwin-16.7.0-x86_64-i386-64bit) msrest/0.6.6 msrest_azure/0.4.34
        azure-mgmt-netapp/0.4.0 Azure-SDK-For-Python AZURECLI/2.0.56
    method: GET
    uri: https://management.azure.com/subscriptions/00000000-0000-0000-0000-000000000000/resourceGroups/cli_tests_rg_000001/providers/Microsoft.NetApp/netAppAccounts/cli000002?api-version=2019-05-01
  response:
    body:
      string: !!python/unicode '{"id":"/subscriptions/00000000-0000-0000-0000-000000000000/resourceGroups/cli_tests_rg_000001/providers/Microsoft.NetApp/netAppAccounts/cli000002","name":"cli000002","type":"Microsoft.NetApp/netAppAccounts","etag":"W/\"datetime''2019-05-27T21%3A10%3A59.8650598Z''\"","location":"westus2","tags":{"Tag1":"Value1"},"properties":{"provisioningState":"Succeeded","name":"cli000002"}}'
    headers:
      access-control-expose-headers:
      - Request-Context
      cache-control:
      - no-cache
      content-length:
      - '478'
      content-type:
      - application/json; charset=utf-8
      date:
      - Mon, 27 May 2019 21:11:32 GMT
      etag:
      - W/"datetime'2019-05-27T21%3A10%3A59.8650598Z'"
      expires:
      - '-1'
      pragma:
      - no-cache
      request-context:
      - appId=cid-v1:2c4cb680-0a1f-424d-bb8d-8e650ba68d53
      server:
      - Microsoft-IIS/10.0
      strict-transport-security:
      - max-age=31536000; includeSubDomains
      transfer-encoding:
      - chunked
      vary:
      - Accept-Encoding
      x-content-type-options:
      - nosniff
      x-powered-by:
      - ASP.NET
    status:
      code: 200
      message: OK
- request:
    body: !!python/unicode '{"location": "westus2", "tags": {"Tag1": "Value1"}}'
    headers:
      Accept:
      - application/json
      Accept-Encoding:
      - gzip, deflate
      CommandName:
      - netappfiles account create
      Connection:
      - keep-alive
      Content-Length:
      - '51'
      Content-Type:
      - application/json; charset=utf-8
      ParameterSetName:
      - -g -a -l --tags
      User-Agent:
      - python/2.7.10 (Darwin-16.7.0-x86_64-i386-64bit) msrest/0.6.6 msrest_azure/0.4.34
        azure-mgmt-netapp/0.4.0 Azure-SDK-For-Python AZURECLI/2.0.56
      accept-language:
      - en-US
    method: PUT
    uri: https://management.azure.com/subscriptions/00000000-0000-0000-0000-000000000000/resourceGroups/cli_tests_rg_000001/providers/Microsoft.NetApp/netAppAccounts/cli000003?api-version=2019-05-01
  response:
    body:
      string: !!python/unicode '{"id":"/subscriptions/00000000-0000-0000-0000-000000000000/resourceGroups/cli_tests_rg_000001/providers/Microsoft.NetApp/netAppAccounts/cli000003","name":"cli000003","type":"Microsoft.NetApp/netAppAccounts","etag":"W/\"datetime''2019-05-27T21%3A11%3A36.6300253Z''\"","location":"westus2","tags":{"Tag1":"Value1"},"properties":{"provisioningState":"Succeeded","name":"cli000003"}}'
    headers:
      access-control-expose-headers:
      - Request-Context
      azure-asyncoperation:
      - https://management.azure.com/subscriptions/00000000-0000-0000-0000-000000000000/providers/Microsoft.NetApp/locations/westus2/operationResults/966c3178-8387-4e3f-b6d0-7f570bba4652?api-version=2019-05-01
      cache-control:
      - no-cache
      content-length:
      - '478'
      content-type:
      - application/json; charset=utf-8
      date:
      - Mon, 27 May 2019 21:11:36 GMT
      etag:
      - W/"datetime'2019-05-27T21%3A11%3A36.6300253Z'"
      expires:
      - '-1'
      pragma:
      - no-cache
      request-context:
      - appId=cid-v1:2c4cb680-0a1f-424d-bb8d-8e650ba68d53
      server:
      - Microsoft-IIS/10.0
      strict-transport-security:
      - max-age=31536000; includeSubDomains
      x-content-type-options:
      - nosniff
      x-ms-ratelimit-remaining-subscription-writes:
      - '1199'
      x-powered-by:
      - ASP.NET
    status:
      code: 201
      message: Created
- request:
    body: null
    headers:
      Accept:
      - application/json
      Accept-Encoding:
      - gzip, deflate
      CommandName:
      - netappfiles account create
      Connection:
      - keep-alive
      ParameterSetName:
      - -g -a -l --tags
      User-Agent:
      - python/2.7.10 (Darwin-16.7.0-x86_64-i386-64bit) msrest/0.6.6 msrest_azure/0.4.34
        azure-mgmt-netapp/0.4.0 Azure-SDK-For-Python AZURECLI/2.0.56
    method: GET
    uri: https://management.azure.com/subscriptions/00000000-0000-0000-0000-000000000000/providers/Microsoft.NetApp/locations/westus2/operationResults/966c3178-8387-4e3f-b6d0-7f570bba4652?api-version=2019-05-01
  response:
    body:
      string: !!python/unicode '{"id":"/subscriptions/00000000-0000-0000-0000-000000000000/providers/Microsoft.NetApp/locations/westus2/operationResults/966c3178-8387-4e3f-b6d0-7f570bba4652","name":"966c3178-8387-4e3f-b6d0-7f570bba4652","status":"Succeeded","startTime":"2019-05-27T21:11:36.5600344Z","endTime":"2019-05-27T21:11:36.6537583Z","percentComplete":100.0,"properties":{"resourceName":"/subscriptions/00000000-0000-0000-0000-000000000000/resourceGroups/cli_tests_rg_000001/providers/Microsoft.NetApp/netAppAccounts/cli000003"}}'
    headers:
      access-control-expose-headers:
      - Request-Context
      cache-control:
      - no-cache
      content-length:
      - '576'
      content-type:
      - application/json; charset=utf-8
      date:
      - Mon, 27 May 2019 21:12:07 GMT
      expires:
      - '-1'
      pragma:
      - no-cache
      request-context:
      - appId=cid-v1:2c4cb680-0a1f-424d-bb8d-8e650ba68d53
      server:
      - Microsoft-IIS/10.0
      strict-transport-security:
      - max-age=31536000; includeSubDomains
      transfer-encoding:
      - chunked
      vary:
      - Accept-Encoding
      x-content-type-options:
      - nosniff
      x-powered-by:
      - ASP.NET
    status:
      code: 200
      message: OK
- request:
    body: null
    headers:
      Accept:
      - application/json
      Accept-Encoding:
      - gzip, deflate
      CommandName:
      - netappfiles account create
      Connection:
      - keep-alive
      ParameterSetName:
      - -g -a -l --tags
      User-Agent:
      - python/2.7.10 (Darwin-16.7.0-x86_64-i386-64bit) msrest/0.6.6 msrest_azure/0.4.34
        azure-mgmt-netapp/0.4.0 Azure-SDK-For-Python AZURECLI/2.0.56
    method: GET
    uri: https://management.azure.com/subscriptions/00000000-0000-0000-0000-000000000000/resourceGroups/cli_tests_rg_000001/providers/Microsoft.NetApp/netAppAccounts/cli000003?api-version=2019-05-01
  response:
    body:
      string: !!python/unicode '{"id":"/subscriptions/00000000-0000-0000-0000-000000000000/resourceGroups/cli_tests_rg_000001/providers/Microsoft.NetApp/netAppAccounts/cli000003","name":"cli000003","type":"Microsoft.NetApp/netAppAccounts","etag":"W/\"datetime''2019-05-27T21%3A11%3A36.7080803Z''\"","location":"westus2","tags":{"Tag1":"Value1"},"properties":{"provisioningState":"Succeeded","name":"cli000003"}}'
    headers:
      access-control-expose-headers:
      - Request-Context
      cache-control:
      - no-cache
      content-length:
      - '478'
      content-type:
      - application/json; charset=utf-8
      date:
      - Mon, 27 May 2019 21:12:09 GMT
      etag:
      - W/"datetime'2019-05-27T21%3A11%3A36.7080803Z'"
      expires:
      - '-1'
      pragma:
      - no-cache
      request-context:
      - appId=cid-v1:2c4cb680-0a1f-424d-bb8d-8e650ba68d53
      server:
      - Microsoft-IIS/10.0
      strict-transport-security:
      - max-age=31536000; includeSubDomains
      transfer-encoding:
      - chunked
      vary:
      - Accept-Encoding
      x-content-type-options:
      - nosniff
      x-powered-by:
      - ASP.NET
    status:
      code: 200
      message: OK
- request:
    body: null
    headers:
      Accept:
      - application/json
      Accept-Encoding:
      - gzip, deflate
      CommandName:
      - netappfiles account list
      Connection:
      - keep-alive
      ParameterSetName:
      - -g
      User-Agent:
      - python/2.7.10 (Darwin-16.7.0-x86_64-i386-64bit) msrest/0.6.6 msrest_azure/0.4.34
        azure-mgmt-netapp/0.4.0 Azure-SDK-For-Python AZURECLI/2.0.56
      accept-language:
      - en-US
    method: GET
    uri: https://management.azure.com/subscriptions/00000000-0000-0000-0000-000000000000/resourceGroups/cli_tests_rg_000001/providers/Microsoft.NetApp/netAppAccounts?api-version=2019-05-01
  response:
    body:
      string: !!python/unicode '{"value":[{"id":"/subscriptions/00000000-0000-0000-0000-000000000000/resourceGroups/cli_tests_rg_000001/providers/Microsoft.NetApp/netAppAccounts/cli000002","name":"cli000002","type":"Microsoft.NetApp/netAppAccounts","etag":"W/\"datetime''2019-05-27T21%3A10%3A59.8650598Z''\"","location":"westus2","tags":{"Tag1":"Value1"},"properties":{"provisioningState":"Succeeded","name":"cli000002"}},{"id":"/subscriptions/00000000-0000-0000-0000-000000000000/resourceGroups/cli_tests_rg_000001/providers/Microsoft.NetApp/netAppAccounts/cli000003","name":"cli000003","type":"Microsoft.NetApp/netAppAccounts","etag":"W/\"datetime''2019-05-27T21%3A11%3A36.7080803Z''\"","location":"westus2","tags":{"Tag1":"Value1"},"properties":{"provisioningState":"Succeeded","name":"cli000003"}}]}'
    headers:
      access-control-expose-headers:
      - Request-Context
      cache-control:
      - no-cache
      content-length:
      - '969'
      content-type:
      - application/json; charset=utf-8
      date:
      - Mon, 27 May 2019 21:12:10 GMT
      expires:
      - '-1'
      pragma:
      - no-cache
      request-context:
      - appId=cid-v1:2c4cb680-0a1f-424d-bb8d-8e650ba68d53
      server:
      - Microsoft-IIS/10.0
      strict-transport-security:
      - max-age=31536000; includeSubDomains
      transfer-encoding:
      - chunked
      vary:
      - Accept-Encoding
      x-content-type-options:
      - nosniff
      x-powered-by:
      - ASP.NET
    status:
      code: 200
      message: OK
- request:
    body: null
    headers:
      Accept:
      - application/json
      Accept-Encoding:
      - gzip, deflate
      CommandName:
      - netappfiles account delete
      Connection:
      - keep-alive
      Content-Length:
      - '0'
      ParameterSetName:
      - -g -a
      User-Agent:
      - python/2.7.10 (Darwin-16.7.0-x86_64-i386-64bit) msrest/0.6.6 msrest_azure/0.4.34
        azure-mgmt-netapp/0.4.0 Azure-SDK-For-Python AZURECLI/2.0.56
      accept-language:
      - en-US
    method: DELETE
    uri: https://management.azure.com/subscriptions/00000000-0000-0000-0000-000000000000/resourceGroups/cli_tests_rg_000001/providers/Microsoft.NetApp/netAppAccounts/cli000002?api-version=2019-05-01
  response:
    body:
      string: !!python/unicode ''
    headers:
      access-control-expose-headers:
      - Request-Context
      azure-asyncoperation:
      - https://management.azure.com/subscriptions/00000000-0000-0000-0000-000000000000/providers/Microsoft.NetApp/locations/westus2/operationResults/3de2fe2f-4863-4976-99a7-e1e1e1e6f1d3?api-version=2019-05-01
      cache-control:
      - no-cache
      content-length:
      - '0'
      date:
      - Mon, 27 May 2019 21:12:12 GMT
      expires:
      - '-1'
      location:
      - https://management.azure.com/subscriptions/00000000-0000-0000-0000-000000000000/providers/Microsoft.NetApp/locations/westus2/operationResults/3de2fe2f-4863-4976-99a7-e1e1e1e6f1d3?api-version=2019-05-01&operationResultResponseType=Location
      pragma:
      - no-cache
      request-context:
      - appId=cid-v1:2c4cb680-0a1f-424d-bb8d-8e650ba68d53
      server:
      - Microsoft-IIS/10.0
      strict-transport-security:
      - max-age=31536000; includeSubDomains
      x-content-type-options:
      - nosniff
      x-ms-ratelimit-remaining-subscription-deletes:
      - '14998'
      x-powered-by:
      - ASP.NET
    status:
      code: 202
      message: Accepted
- request:
    body: null
    headers:
      Accept:
      - application/json
      Accept-Encoding:
      - gzip, deflate
      CommandName:
      - netappfiles account delete
      Connection:
      - keep-alive
      ParameterSetName:
      - -g -a
      User-Agent:
      - python/2.7.10 (Darwin-16.7.0-x86_64-i386-64bit) msrest/0.6.6 msrest_azure/0.4.34
        azure-mgmt-netapp/0.4.0 Azure-SDK-For-Python AZURECLI/2.0.56
    method: GET
    uri: https://management.azure.com/subscriptions/00000000-0000-0000-0000-000000000000/providers/Microsoft.NetApp/locations/westus2/operationResults/3de2fe2f-4863-4976-99a7-e1e1e1e6f1d3?api-version=2019-05-01
  response:
    body:
      string: !!python/unicode '{"id":"/subscriptions/00000000-0000-0000-0000-000000000000/providers/Microsoft.NetApp/locations/westus2/operationResults/3de2fe2f-4863-4976-99a7-e1e1e1e6f1d3","name":"3de2fe2f-4863-4976-99a7-e1e1e1e6f1d3","status":"Succeeded","startTime":"2019-05-27T21:12:12.6575889Z","endTime":"2019-05-27T21:12:12.7357305Z","percentComplete":100.0,"properties":{"resourceName":"/subscriptions/00000000-0000-0000-0000-000000000000/resourceGroups/cli_tests_rg_000001/providers/Microsoft.NetApp/netAppAccounts/cli000002"}}'
    headers:
      access-control-expose-headers:
      - Request-Context
      cache-control:
      - no-cache
      content-length:
      - '576'
      content-type:
      - application/json; charset=utf-8
      date:
      - Mon, 27 May 2019 21:12:43 GMT
      expires:
      - '-1'
      pragma:
      - no-cache
      request-context:
      - appId=cid-v1:2c4cb680-0a1f-424d-bb8d-8e650ba68d53
      server:
      - Microsoft-IIS/10.0
      strict-transport-security:
      - max-age=31536000; includeSubDomains
      transfer-encoding:
      - chunked
      vary:
      - Accept-Encoding
      x-content-type-options:
      - nosniff
      x-powered-by:
      - ASP.NET
    status:
      code: 200
      message: OK
- request:
    body: null
    headers:
      Accept:
      - application/json
      Accept-Encoding:
      - gzip, deflate
      CommandName:
      - netappfiles account delete
      Connection:
      - keep-alive
      Content-Length:
      - '0'
      ParameterSetName:
      - -g -a
      User-Agent:
      - python/2.7.10 (Darwin-16.7.0-x86_64-i386-64bit) msrest/0.6.6 msrest_azure/0.4.34
        azure-mgmt-netapp/0.4.0 Azure-SDK-For-Python AZURECLI/2.0.56
      accept-language:
      - en-US
    method: DELETE
    uri: https://management.azure.com/subscriptions/00000000-0000-0000-0000-000000000000/resourceGroups/cli_tests_rg_000001/providers/Microsoft.NetApp/netAppAccounts/cli000003?api-version=2019-05-01
  response:
    body:
      string: !!python/unicode ''
    headers:
      access-control-expose-headers:
      - Request-Context
      azure-asyncoperation:
      - https://management.azure.com/subscriptions/00000000-0000-0000-0000-000000000000/providers/Microsoft.NetApp/locations/westus2/operationResults/61d86888-33df-47ec-8e96-15c1f89cc43b?api-version=2019-05-01
      cache-control:
      - no-cache
      content-length:
      - '0'
      date:
      - Mon, 27 May 2019 21:12:46 GMT
      expires:
      - '-1'
      location:
      - https://management.azure.com/subscriptions/00000000-0000-0000-0000-000000000000/providers/Microsoft.NetApp/locations/westus2/operationResults/61d86888-33df-47ec-8e96-15c1f89cc43b?api-version=2019-05-01&operationResultResponseType=Location
      pragma:
      - no-cache
      request-context:
      - appId=cid-v1:2c4cb680-0a1f-424d-bb8d-8e650ba68d53
      server:
      - Microsoft-IIS/10.0
      strict-transport-security:
      - max-age=31536000; includeSubDomains
      x-content-type-options:
      - nosniff
      x-ms-ratelimit-remaining-subscription-deletes:
      - '14999'
      x-powered-by:
      - ASP.NET
    status:
      code: 202
      message: Accepted
- request:
    body: null
    headers:
      Accept:
      - application/json
      Accept-Encoding:
      - gzip, deflate
      CommandName:
      - netappfiles account delete
      Connection:
      - keep-alive
      ParameterSetName:
      - -g -a
      User-Agent:
      - python/2.7.10 (Darwin-16.7.0-x86_64-i386-64bit) msrest/0.6.6 msrest_azure/0.4.34
        azure-mgmt-netapp/0.4.0 Azure-SDK-For-Python AZURECLI/2.0.56
    method: GET
    uri: https://management.azure.com/subscriptions/00000000-0000-0000-0000-000000000000/providers/Microsoft.NetApp/locations/westus2/operationResults/61d86888-33df-47ec-8e96-15c1f89cc43b?api-version=2019-05-01
  response:
    body:
      string: !!python/unicode '{"id":"/subscriptions/00000000-0000-0000-0000-000000000000/providers/Microsoft.NetApp/locations/westus2/operationResults/61d86888-33df-47ec-8e96-15c1f89cc43b","name":"61d86888-33df-47ec-8e96-15c1f89cc43b","status":"Succeeded","startTime":"2019-05-27T21:12:46.5885525Z","endTime":"2019-05-27T21:12:46.6666175Z","percentComplete":100.0,"properties":{"resourceName":"/subscriptions/00000000-0000-0000-0000-000000000000/resourceGroups/cli_tests_rg_000001/providers/Microsoft.NetApp/netAppAccounts/cli000003"}}'
    headers:
      access-control-expose-headers:
      - Request-Context
      cache-control:
      - no-cache
      content-length:
      - '576'
      content-type:
      - application/json; charset=utf-8
      date:
      - Mon, 27 May 2019 21:13:17 GMT
      expires:
      - '-1'
      pragma:
      - no-cache
      request-context:
      - appId=cid-v1:2c4cb680-0a1f-424d-bb8d-8e650ba68d53
      server:
      - Microsoft-IIS/10.0
      strict-transport-security:
      - max-age=31536000; includeSubDomains
      transfer-encoding:
      - chunked
      vary:
      - Accept-Encoding
      x-content-type-options:
      - nosniff
      x-powered-by:
      - ASP.NET
    status:
      code: 200
      message: OK
- request:
    body: null
    headers:
      Accept:
      - application/json
      Accept-Encoding:
      - gzip, deflate
      CommandName:
      - netappfiles account list
      Connection:
      - keep-alive
      ParameterSetName:
      - --resource-group
      User-Agent:
      - python/2.7.10 (Darwin-16.7.0-x86_64-i386-64bit) msrest/0.6.6 msrest_azure/0.4.34
        azure-mgmt-netapp/0.4.0 Azure-SDK-For-Python AZURECLI/2.0.56
      accept-language:
      - en-US
    method: GET
    uri: https://management.azure.com/subscriptions/00000000-0000-0000-0000-000000000000/resourceGroups/cli_tests_rg_000001/providers/Microsoft.NetApp/netAppAccounts?api-version=2019-05-01
  response:
    body:
      string: !!python/unicode '{"value":[]}'
    headers:
      cache-control:
      - no-cache
      content-length:
      - '12'
      content-type:
      - application/json; charset=utf-8
      date:
      - Mon, 27 May 2019 21:13:18 GMT
      expires:
      - '-1'
      pragma:
      - no-cache
      strict-transport-security:
      - max-age=31536000; includeSubDomains
      vary:
      - Accept-Encoding
      x-content-type-options:
      - nosniff
    status:
      code: 200
      message: OK
- request:
    body: null
    headers:
      Accept:
      - application/json
      Accept-Encoding:
      - gzip, deflate
      CommandName:
      - group delete
      Connection:
      - keep-alive
      Content-Length:
      - '0'
      ParameterSetName:
      - --name --yes --no-wait
      User-Agent:
      - python/2.7.10 (Darwin-16.7.0-x86_64-i386-64bit) msrest/0.6.6 msrest_azure/0.4.34
        resourcemanagementclient/2.1.0 Azure-SDK-For-Python AZURECLI/2.0.56
      accept-language:
      - en-US
    method: DELETE
    uri: https://management.azure.com/subscriptions/00000000-0000-0000-0000-000000000000/resourcegroups/cli_tests_rg_000001?api-version=2018-05-01
  response:
    body:
      string: !!python/unicode ''
    headers:
      cache-control:
      - no-cache
      content-length:
      - '0'
      date:
      - Mon, 27 May 2019 21:13:22 GMT
      expires:
      - '-1'
      location:
      - https://management.azure.com/subscriptions/00000000-0000-0000-0000-000000000000/operationresults/eyJqb2JJZCI6IlJFU09VUkNFR1JPVVBERUxFVElPTkpPQi1DTEk6NUZURVNUUzo1RlJHOjVGQ0FWSzREUjMyRzNNWFZFWVlZRTJWWTdaVjVWR3xDRTM2NTMzOTVGNDA1N0IyLVdFU1RVUyIsImpvYkxvY2F0aW9uIjoid2VzdHVzIn0?api-version=2018-05-01
      pragma:
      - no-cache
      strict-transport-security:
      - max-age=31536000; includeSubDomains
      x-content-type-options:
      - nosniff
      x-ms-ratelimit-remaining-subscription-deletes:
      - '14998'
    status:
      code: 202
      message: Accepted
version: 1
