interactions:
- request:
    body: null
    headers:
      Accept:
      - application/json
      Accept-Encoding:
      - gzip, deflate
      CommandName:
      - network nsg create
      Connection:
      - keep-alive
      ParameterSetName:
      - -g -n
      User-Agent:
      - AZURECLI/2.50.0 azsdk-python-azure-mgmt-resource/23.1.0b2 Python/3.9.5 (Windows-10-10.0.22621-SP0)
    method: GET
    uri: https://management.azure.com/subscriptions/00000000-0000-0000-0000-000000000000/resourcegroups/cli_test_palo_alto_networks_cloudngfw_firewall000001?api-version=2022-09-01
  response:
    body:
      string: '{"id":"/subscriptions/00000000-0000-0000-0000-000000000000/resourceGroups/cli_test_palo_alto_networks_cloudngfw_firewall000001","name":"cli_test_palo_alto_networks_cloudngfw_firewall000001","type":"Microsoft.Resources/resourceGroups","location":"westus","tags":{"product":"azurecli","cause":"automation","test":"test_palo_alto_networks_cloudngfw_firewall","date":"2023-07-26T06:52:07Z","module":"palo-alto-networks"},"properties":{"provisioningState":"Succeeded"}}'
    headers:
      cache-control:
      - no-cache
      content-length:
      - '464'
      content-type:
      - application/json; charset=utf-8
      date:
      - Wed, 26 Jul 2023 06:52:11 GMT
      expires:
      - '-1'
      pragma:
      - no-cache
      strict-transport-security:
      - max-age=31536000; includeSubDomains
      vary:
      - Accept-Encoding
      x-content-type-options:
      - nosniff
    status:
      code: 200
      message: OK
- request:
    body: '{"location": "westus"}'
    headers:
      Accept:
      - application/json
      Accept-Encoding:
      - gzip, deflate
      CommandName:
      - network nsg create
      Connection:
      - keep-alive
      Content-Length:
      - '22'
      Content-Type:
      - application/json
      ParameterSetName:
      - -g -n
      User-Agent:
      - AZURECLI/2.50.0 (AAZ) azsdk-python-core/1.26.0 Python/3.9.5 (Windows-10-10.0.22621-SP0)
    method: PUT
    uri: https://management.azure.com/subscriptions/00000000-0000-0000-0000-000000000000/resourceGroups/cli_test_palo_alto_networks_cloudngfw_firewall000001/providers/Microsoft.Network/networkSecurityGroups/nsg000003?api-version=2022-01-01
  response:
    body:
      string: "{\r\n  \"name\": \"nsg000003\",\r\n  \"id\": \"/subscriptions/00000000-0000-0000-0000-000000000000/resourceGroups/cli_test_palo_alto_networks_cloudngfw_firewall000001/providers/Microsoft.Network/networkSecurityGroups/nsg000003\",\r\n
        \ \"etag\": \"W/\\\"ee5aab9b-fc65-48db-8071-801a76067aca\\\"\",\r\n  \"type\":
        \"Microsoft.Network/networkSecurityGroups\",\r\n  \"location\": \"westus\",\r\n
        \ \"properties\": {\r\n    \"provisioningState\": \"Updating\",\r\n    \"resourceGuid\":
        \"d7163e7d-8ccb-43b1-9a8e-aa789127c218\",\r\n    \"securityRules\": [],\r\n
        \   \"defaultSecurityRules\": [\r\n      {\r\n        \"name\": \"AllowVnetInBound\",\r\n
        \       \"id\": \"/subscriptions/00000000-0000-0000-0000-000000000000/resourceGroups/cli_test_palo_alto_networks_cloudngfw_firewall000001/providers/Microsoft.Network/networkSecurityGroups/nsg000003/defaultSecurityRules/AllowVnetInBound\",\r\n
        \       \"etag\": \"W/\\\"ee5aab9b-fc65-48db-8071-801a76067aca\\\"\",\r\n
        \       \"type\": \"Microsoft.Network/networkSecurityGroups/defaultSecurityRules\",\r\n
        \       \"properties\": {\r\n          \"provisioningState\": \"Updating\",\r\n
        \         \"description\": \"Allow inbound traffic from all VMs in VNET\",\r\n
        \         \"protocol\": \"*\",\r\n          \"sourcePortRange\": \"*\",\r\n
        \         \"destinationPortRange\": \"*\",\r\n          \"sourceAddressPrefix\":
        \"VirtualNetwork\",\r\n          \"destinationAddressPrefix\": \"VirtualNetwork\",\r\n
        \         \"access\": \"Allow\",\r\n          \"priority\": 65000,\r\n          \"direction\":
        \"Inbound\",\r\n          \"sourcePortRanges\": [],\r\n          \"destinationPortRanges\":
        [],\r\n          \"sourceAddressPrefixes\": [],\r\n          \"destinationAddressPrefixes\":
        []\r\n        }\r\n      },\r\n      {\r\n        \"name\": \"AllowAzureLoadBalancerInBound\",\r\n
        \       \"id\": \"/subscriptions/00000000-0000-0000-0000-000000000000/resourceGroups/cli_test_palo_alto_networks_cloudngfw_firewall000001/providers/Microsoft.Network/networkSecurityGroups/nsg000003/defaultSecurityRules/AllowAzureLoadBalancerInBound\",\r\n
        \       \"etag\": \"W/\\\"ee5aab9b-fc65-48db-8071-801a76067aca\\\"\",\r\n
        \       \"type\": \"Microsoft.Network/networkSecurityGroups/defaultSecurityRules\",\r\n
        \       \"properties\": {\r\n          \"provisioningState\": \"Updating\",\r\n
        \         \"description\": \"Allow inbound traffic from azure load balancer\",\r\n
        \         \"protocol\": \"*\",\r\n          \"sourcePortRange\": \"*\",\r\n
        \         \"destinationPortRange\": \"*\",\r\n          \"sourceAddressPrefix\":
        \"AzureLoadBalancer\",\r\n          \"destinationAddressPrefix\": \"*\",\r\n
        \         \"access\": \"Allow\",\r\n          \"priority\": 65001,\r\n          \"direction\":
        \"Inbound\",\r\n          \"sourcePortRanges\": [],\r\n          \"destinationPortRanges\":
        [],\r\n          \"sourceAddressPrefixes\": [],\r\n          \"destinationAddressPrefixes\":
        []\r\n        }\r\n      },\r\n      {\r\n        \"name\": \"DenyAllInBound\",\r\n
        \       \"id\": \"/subscriptions/00000000-0000-0000-0000-000000000000/resourceGroups/cli_test_palo_alto_networks_cloudngfw_firewall000001/providers/Microsoft.Network/networkSecurityGroups/nsg000003/defaultSecurityRules/DenyAllInBound\",\r\n
        \       \"etag\": \"W/\\\"ee5aab9b-fc65-48db-8071-801a76067aca\\\"\",\r\n
        \       \"type\": \"Microsoft.Network/networkSecurityGroups/defaultSecurityRules\",\r\n
        \       \"properties\": {\r\n          \"provisioningState\": \"Updating\",\r\n
        \         \"description\": \"Deny all inbound traffic\",\r\n          \"protocol\":
        \"*\",\r\n          \"sourcePortRange\": \"*\",\r\n          \"destinationPortRange\":
        \"*\",\r\n          \"sourceAddressPrefix\": \"*\",\r\n          \"destinationAddressPrefix\":
        \"*\",\r\n          \"access\": \"Deny\",\r\n          \"priority\": 65500,\r\n
        \         \"direction\": \"Inbound\",\r\n          \"sourcePortRanges\": [],\r\n
        \         \"destinationPortRanges\": [],\r\n          \"sourceAddressPrefixes\":
        [],\r\n          \"destinationAddressPrefixes\": []\r\n        }\r\n      },\r\n
        \     {\r\n        \"name\": \"AllowVnetOutBound\",\r\n        \"id\": \"/subscriptions/00000000-0000-0000-0000-000000000000/resourceGroups/cli_test_palo_alto_networks_cloudngfw_firewall000001/providers/Microsoft.Network/networkSecurityGroups/nsg000003/defaultSecurityRules/AllowVnetOutBound\",\r\n
        \       \"etag\": \"W/\\\"ee5aab9b-fc65-48db-8071-801a76067aca\\\"\",\r\n
        \       \"type\": \"Microsoft.Network/networkSecurityGroups/defaultSecurityRules\",\r\n
        \       \"properties\": {\r\n          \"provisioningState\": \"Updating\",\r\n
        \         \"description\": \"Allow outbound traffic from all VMs to all VMs
        in VNET\",\r\n          \"protocol\": \"*\",\r\n          \"sourcePortRange\":
        \"*\",\r\n          \"destinationPortRange\": \"*\",\r\n          \"sourceAddressPrefix\":
        \"VirtualNetwork\",\r\n          \"destinationAddressPrefix\": \"VirtualNetwork\",\r\n
        \         \"access\": \"Allow\",\r\n          \"priority\": 65000,\r\n          \"direction\":
        \"Outbound\",\r\n          \"sourcePortRanges\": [],\r\n          \"destinationPortRanges\":
        [],\r\n          \"sourceAddressPrefixes\": [],\r\n          \"destinationAddressPrefixes\":
        []\r\n        }\r\n      },\r\n      {\r\n        \"name\": \"AllowInternetOutBound\",\r\n
        \       \"id\": \"/subscriptions/00000000-0000-0000-0000-000000000000/resourceGroups/cli_test_palo_alto_networks_cloudngfw_firewall000001/providers/Microsoft.Network/networkSecurityGroups/nsg000003/defaultSecurityRules/AllowInternetOutBound\",\r\n
        \       \"etag\": \"W/\\\"ee5aab9b-fc65-48db-8071-801a76067aca\\\"\",\r\n
        \       \"type\": \"Microsoft.Network/networkSecurityGroups/defaultSecurityRules\",\r\n
        \       \"properties\": {\r\n          \"provisioningState\": \"Updating\",\r\n
        \         \"description\": \"Allow outbound traffic from all VMs to Internet\",\r\n
        \         \"protocol\": \"*\",\r\n          \"sourcePortRange\": \"*\",\r\n
        \         \"destinationPortRange\": \"*\",\r\n          \"sourceAddressPrefix\":
        \"*\",\r\n          \"destinationAddressPrefix\": \"Internet\",\r\n          \"access\":
        \"Allow\",\r\n          \"priority\": 65001,\r\n          \"direction\": \"Outbound\",\r\n
        \         \"sourcePortRanges\": [],\r\n          \"destinationPortRanges\":
        [],\r\n          \"sourceAddressPrefixes\": [],\r\n          \"destinationAddressPrefixes\":
        []\r\n        }\r\n      },\r\n      {\r\n        \"name\": \"DenyAllOutBound\",\r\n
        \       \"id\": \"/subscriptions/00000000-0000-0000-0000-000000000000/resourceGroups/cli_test_palo_alto_networks_cloudngfw_firewall000001/providers/Microsoft.Network/networkSecurityGroups/nsg000003/defaultSecurityRules/DenyAllOutBound\",\r\n
        \       \"etag\": \"W/\\\"ee5aab9b-fc65-48db-8071-801a76067aca\\\"\",\r\n
        \       \"type\": \"Microsoft.Network/networkSecurityGroups/defaultSecurityRules\",\r\n
        \       \"properties\": {\r\n          \"provisioningState\": \"Updating\",\r\n
        \         \"description\": \"Deny all outbound traffic\",\r\n          \"protocol\":
        \"*\",\r\n          \"sourcePortRange\": \"*\",\r\n          \"destinationPortRange\":
        \"*\",\r\n          \"sourceAddressPrefix\": \"*\",\r\n          \"destinationAddressPrefix\":
        \"*\",\r\n          \"access\": \"Deny\",\r\n          \"priority\": 65500,\r\n
        \         \"direction\": \"Outbound\",\r\n          \"sourcePortRanges\":
        [],\r\n          \"destinationPortRanges\": [],\r\n          \"sourceAddressPrefixes\":
        [],\r\n          \"destinationAddressPrefixes\": []\r\n        }\r\n      }\r\n
        \   ]\r\n  }\r\n}"
    headers:
      azure-asyncnotification:
      - Enabled
      azure-asyncoperation:
      - https://management.azure.com/subscriptions/00000000-0000-0000-0000-000000000000/providers/Microsoft.Network/locations/westus/operations/a8d9ad1a-83b9-49e6-a72f-305fc287f1ca?api-version=2022-01-01
      cache-control:
      - no-cache
      content-length:
      - '6804'
      content-type:
      - application/json; charset=utf-8
      date:
      - Wed, 26 Jul 2023 06:52:14 GMT
      expires:
      - '-1'
      pragma:
      - no-cache
      server:
      - Microsoft-HTTPAPI/2.0
      - Microsoft-HTTPAPI/2.0
      strict-transport-security:
      - max-age=31536000; includeSubDomains
      x-content-type-options:
      - nosniff
      x-ms-arm-service-request-id:
      - da8998ac-9417-4f73-94e8-f5e13957f82b
      x-ms-ratelimit-remaining-subscription-writes:
      - '1199'
    status:
      code: 201
      message: Created
- request:
    body: null
    headers:
      Accept:
      - '*/*'
      Accept-Encoding:
      - gzip, deflate
      CommandName:
      - network nsg create
      Connection:
      - keep-alive
      ParameterSetName:
      - -g -n
      User-Agent:
      - AZURECLI/2.50.0 (AAZ) azsdk-python-core/1.26.0 Python/3.9.5 (Windows-10-10.0.22621-SP0)
    method: GET
    uri: https://management.azure.com/subscriptions/00000000-0000-0000-0000-000000000000/providers/Microsoft.Network/locations/westus/operations/a8d9ad1a-83b9-49e6-a72f-305fc287f1ca?api-version=2022-01-01
  response:
    body:
      string: "{\r\n  \"status\": \"Succeeded\"\r\n}"
    headers:
      cache-control:
      - no-cache
      content-length:
      - '29'
      content-type:
      - application/json; charset=utf-8
      date:
      - Wed, 26 Jul 2023 06:52:14 GMT
      expires:
      - '-1'
      pragma:
      - no-cache
      server:
      - Microsoft-HTTPAPI/2.0
      - Microsoft-HTTPAPI/2.0
      strict-transport-security:
      - max-age=31536000; includeSubDomains
      transfer-encoding:
      - chunked
      vary:
      - Accept-Encoding
      x-content-type-options:
      - nosniff
      x-ms-arm-service-request-id:
      - 962a48af-dc7b-4464-93e3-358fa7378ae8
    status:
      code: 200
      message: OK
- request:
    body: null
    headers:
      Accept:
      - '*/*'
      Accept-Encoding:
      - gzip, deflate
      CommandName:
      - network nsg create
      Connection:
      - keep-alive
      ParameterSetName:
      - -g -n
      User-Agent:
      - AZURECLI/2.50.0 (AAZ) azsdk-python-core/1.26.0 Python/3.9.5 (Windows-10-10.0.22621-SP0)
    method: GET
    uri: https://management.azure.com/subscriptions/00000000-0000-0000-0000-000000000000/resourceGroups/cli_test_palo_alto_networks_cloudngfw_firewall000001/providers/Microsoft.Network/networkSecurityGroups/nsg000003?api-version=2022-01-01
  response:
    body:
      string: "{\r\n  \"name\": \"nsg000003\",\r\n  \"id\": \"/subscriptions/00000000-0000-0000-0000-000000000000/resourceGroups/cli_test_palo_alto_networks_cloudngfw_firewall000001/providers/Microsoft.Network/networkSecurityGroups/nsg000003\",\r\n
        \ \"etag\": \"W/\\\"ffd651aa-127c-4af1-8428-a2243440af29\\\"\",\r\n  \"type\":
        \"Microsoft.Network/networkSecurityGroups\",\r\n  \"location\": \"westus\",\r\n
        \ \"properties\": {\r\n    \"provisioningState\": \"Succeeded\",\r\n    \"resourceGuid\":
        \"d7163e7d-8ccb-43b1-9a8e-aa789127c218\",\r\n    \"securityRules\": [],\r\n
        \   \"defaultSecurityRules\": [\r\n      {\r\n        \"name\": \"AllowVnetInBound\",\r\n
        \       \"id\": \"/subscriptions/00000000-0000-0000-0000-000000000000/resourceGroups/cli_test_palo_alto_networks_cloudngfw_firewall000001/providers/Microsoft.Network/networkSecurityGroups/nsg000003/defaultSecurityRules/AllowVnetInBound\",\r\n
        \       \"etag\": \"W/\\\"ffd651aa-127c-4af1-8428-a2243440af29\\\"\",\r\n
        \       \"type\": \"Microsoft.Network/networkSecurityGroups/defaultSecurityRules\",\r\n
        \       \"properties\": {\r\n          \"provisioningState\": \"Succeeded\",\r\n
        \         \"description\": \"Allow inbound traffic from all VMs in VNET\",\r\n
        \         \"protocol\": \"*\",\r\n          \"sourcePortRange\": \"*\",\r\n
        \         \"destinationPortRange\": \"*\",\r\n          \"sourceAddressPrefix\":
        \"VirtualNetwork\",\r\n          \"destinationAddressPrefix\": \"VirtualNetwork\",\r\n
        \         \"access\": \"Allow\",\r\n          \"priority\": 65000,\r\n          \"direction\":
        \"Inbound\",\r\n          \"sourcePortRanges\": [],\r\n          \"destinationPortRanges\":
        [],\r\n          \"sourceAddressPrefixes\": [],\r\n          \"destinationAddressPrefixes\":
        []\r\n        }\r\n      },\r\n      {\r\n        \"name\": \"AllowAzureLoadBalancerInBound\",\r\n
        \       \"id\": \"/subscriptions/00000000-0000-0000-0000-000000000000/resourceGroups/cli_test_palo_alto_networks_cloudngfw_firewall000001/providers/Microsoft.Network/networkSecurityGroups/nsg000003/defaultSecurityRules/AllowAzureLoadBalancerInBound\",\r\n
        \       \"etag\": \"W/\\\"ffd651aa-127c-4af1-8428-a2243440af29\\\"\",\r\n
        \       \"type\": \"Microsoft.Network/networkSecurityGroups/defaultSecurityRules\",\r\n
        \       \"properties\": {\r\n          \"provisioningState\": \"Succeeded\",\r\n
        \         \"description\": \"Allow inbound traffic from azure load balancer\",\r\n
        \         \"protocol\": \"*\",\r\n          \"sourcePortRange\": \"*\",\r\n
        \         \"destinationPortRange\": \"*\",\r\n          \"sourceAddressPrefix\":
        \"AzureLoadBalancer\",\r\n          \"destinationAddressPrefix\": \"*\",\r\n
        \         \"access\": \"Allow\",\r\n          \"priority\": 65001,\r\n          \"direction\":
        \"Inbound\",\r\n          \"sourcePortRanges\": [],\r\n          \"destinationPortRanges\":
        [],\r\n          \"sourceAddressPrefixes\": [],\r\n          \"destinationAddressPrefixes\":
        []\r\n        }\r\n      },\r\n      {\r\n        \"name\": \"DenyAllInBound\",\r\n
        \       \"id\": \"/subscriptions/00000000-0000-0000-0000-000000000000/resourceGroups/cli_test_palo_alto_networks_cloudngfw_firewall000001/providers/Microsoft.Network/networkSecurityGroups/nsg000003/defaultSecurityRules/DenyAllInBound\",\r\n
        \       \"etag\": \"W/\\\"ffd651aa-127c-4af1-8428-a2243440af29\\\"\",\r\n
        \       \"type\": \"Microsoft.Network/networkSecurityGroups/defaultSecurityRules\",\r\n
        \       \"properties\": {\r\n          \"provisioningState\": \"Succeeded\",\r\n
        \         \"description\": \"Deny all inbound traffic\",\r\n          \"protocol\":
        \"*\",\r\n          \"sourcePortRange\": \"*\",\r\n          \"destinationPortRange\":
        \"*\",\r\n          \"sourceAddressPrefix\": \"*\",\r\n          \"destinationAddressPrefix\":
        \"*\",\r\n          \"access\": \"Deny\",\r\n          \"priority\": 65500,\r\n
        \         \"direction\": \"Inbound\",\r\n          \"sourcePortRanges\": [],\r\n
        \         \"destinationPortRanges\": [],\r\n          \"sourceAddressPrefixes\":
        [],\r\n          \"destinationAddressPrefixes\": []\r\n        }\r\n      },\r\n
        \     {\r\n        \"name\": \"AllowVnetOutBound\",\r\n        \"id\": \"/subscriptions/00000000-0000-0000-0000-000000000000/resourceGroups/cli_test_palo_alto_networks_cloudngfw_firewall000001/providers/Microsoft.Network/networkSecurityGroups/nsg000003/defaultSecurityRules/AllowVnetOutBound\",\r\n
        \       \"etag\": \"W/\\\"ffd651aa-127c-4af1-8428-a2243440af29\\\"\",\r\n
        \       \"type\": \"Microsoft.Network/networkSecurityGroups/defaultSecurityRules\",\r\n
        \       \"properties\": {\r\n          \"provisioningState\": \"Succeeded\",\r\n
        \         \"description\": \"Allow outbound traffic from all VMs to all VMs
        in VNET\",\r\n          \"protocol\": \"*\",\r\n          \"sourcePortRange\":
        \"*\",\r\n          \"destinationPortRange\": \"*\",\r\n          \"sourceAddressPrefix\":
        \"VirtualNetwork\",\r\n          \"destinationAddressPrefix\": \"VirtualNetwork\",\r\n
        \         \"access\": \"Allow\",\r\n          \"priority\": 65000,\r\n          \"direction\":
        \"Outbound\",\r\n          \"sourcePortRanges\": [],\r\n          \"destinationPortRanges\":
        [],\r\n          \"sourceAddressPrefixes\": [],\r\n          \"destinationAddressPrefixes\":
        []\r\n        }\r\n      },\r\n      {\r\n        \"name\": \"AllowInternetOutBound\",\r\n
        \       \"id\": \"/subscriptions/00000000-0000-0000-0000-000000000000/resourceGroups/cli_test_palo_alto_networks_cloudngfw_firewall000001/providers/Microsoft.Network/networkSecurityGroups/nsg000003/defaultSecurityRules/AllowInternetOutBound\",\r\n
        \       \"etag\": \"W/\\\"ffd651aa-127c-4af1-8428-a2243440af29\\\"\",\r\n
        \       \"type\": \"Microsoft.Network/networkSecurityGroups/defaultSecurityRules\",\r\n
        \       \"properties\": {\r\n          \"provisioningState\": \"Succeeded\",\r\n
        \         \"description\": \"Allow outbound traffic from all VMs to Internet\",\r\n
        \         \"protocol\": \"*\",\r\n          \"sourcePortRange\": \"*\",\r\n
        \         \"destinationPortRange\": \"*\",\r\n          \"sourceAddressPrefix\":
        \"*\",\r\n          \"destinationAddressPrefix\": \"Internet\",\r\n          \"access\":
        \"Allow\",\r\n          \"priority\": 65001,\r\n          \"direction\": \"Outbound\",\r\n
        \         \"sourcePortRanges\": [],\r\n          \"destinationPortRanges\":
        [],\r\n          \"sourceAddressPrefixes\": [],\r\n          \"destinationAddressPrefixes\":
        []\r\n        }\r\n      },\r\n      {\r\n        \"name\": \"DenyAllOutBound\",\r\n
        \       \"id\": \"/subscriptions/00000000-0000-0000-0000-000000000000/resourceGroups/cli_test_palo_alto_networks_cloudngfw_firewall000001/providers/Microsoft.Network/networkSecurityGroups/nsg000003/defaultSecurityRules/DenyAllOutBound\",\r\n
        \       \"etag\": \"W/\\\"ffd651aa-127c-4af1-8428-a2243440af29\\\"\",\r\n
        \       \"type\": \"Microsoft.Network/networkSecurityGroups/defaultSecurityRules\",\r\n
        \       \"properties\": {\r\n          \"provisioningState\": \"Succeeded\",\r\n
        \         \"description\": \"Deny all outbound traffic\",\r\n          \"protocol\":
        \"*\",\r\n          \"sourcePortRange\": \"*\",\r\n          \"destinationPortRange\":
        \"*\",\r\n          \"sourceAddressPrefix\": \"*\",\r\n          \"destinationAddressPrefix\":
        \"*\",\r\n          \"access\": \"Deny\",\r\n          \"priority\": 65500,\r\n
        \         \"direction\": \"Outbound\",\r\n          \"sourcePortRanges\":
        [],\r\n          \"destinationPortRanges\": [],\r\n          \"sourceAddressPrefixes\":
        [],\r\n          \"destinationAddressPrefixes\": []\r\n        }\r\n      }\r\n
        \   ]\r\n  }\r\n}"
    headers:
      cache-control:
      - no-cache
      content-length:
      - '6811'
      content-type:
      - application/json; charset=utf-8
      date:
      - Wed, 26 Jul 2023 06:52:15 GMT
      etag:
      - W/"ffd651aa-127c-4af1-8428-a2243440af29"
      expires:
      - '-1'
      pragma:
      - no-cache
      server:
      - Microsoft-HTTPAPI/2.0
      - Microsoft-HTTPAPI/2.0
      strict-transport-security:
      - max-age=31536000; includeSubDomains
      transfer-encoding:
      - chunked
      vary:
      - Accept-Encoding
      x-content-type-options:
      - nosniff
      x-ms-arm-service-request-id:
      - db461f65-6606-4570-b309-e1853ea55424
    status:
      code: 200
      message: OK
- request:
    body: null
    headers:
      Accept:
      - application/json
      Accept-Encoding:
      - gzip, deflate
      CommandName:
      - network vnet create
      Connection:
      - keep-alive
      ParameterSetName:
      - -g -n --address-prefix --nsg --subnet-name --subnet-prefixes
      User-Agent:
      - AZURECLI/2.50.0 azsdk-python-azure-mgmt-resource/23.1.0b2 Python/3.9.5 (Windows-10-10.0.22621-SP0)
    method: GET
    uri: https://management.azure.com/subscriptions/00000000-0000-0000-0000-000000000000/resourcegroups/cli_test_palo_alto_networks_cloudngfw_firewall000001?api-version=2022-09-01
  response:
    body:
      string: '{"id":"/subscriptions/00000000-0000-0000-0000-000000000000/resourceGroups/cli_test_palo_alto_networks_cloudngfw_firewall000001","name":"cli_test_palo_alto_networks_cloudngfw_firewall000001","type":"Microsoft.Resources/resourceGroups","location":"westus","tags":{"product":"azurecli","cause":"automation","test":"test_palo_alto_networks_cloudngfw_firewall","date":"2023-07-26T06:52:07Z","module":"palo-alto-networks"},"properties":{"provisioningState":"Succeeded"}}'
    headers:
      cache-control:
      - no-cache
      content-length:
      - '464'
      content-type:
      - application/json; charset=utf-8
      date:
      - Wed, 26 Jul 2023 06:52:16 GMT
      expires:
      - '-1'
      pragma:
      - no-cache
      strict-transport-security:
      - max-age=31536000; includeSubDomains
      vary:
      - Accept-Encoding
      x-content-type-options:
      - nosniff
    status:
      code: 200
      message: OK
- request:
    body: '{"location": "westus", "properties": {"addressSpace": {"addressPrefixes":
      ["10.0.0.0/16"]}, "enableDdosProtection": false, "enableVmProtection": false,
      "subnets": [{"name": "subnet1000005", "properties": {"addressPrefix": "10.0.0.0/26",
      "networkSecurityGroup": {"id": "/subscriptions/00000000-0000-0000-0000-000000000000/resourceGroups/cli_test_palo_alto_networks_cloudngfw_firewall000001/providers/Microsoft.Network/networkSecurityGroups/nsg000003"}}}]}}'
    headers:
      Accept:
      - application/json
      Accept-Encoding:
      - gzip, deflate
      CommandName:
      - network vnet create
      Connection:
      - keep-alive
      Content-Length:
      - '455'
      Content-Type:
      - application/json
      ParameterSetName:
      - -g -n --address-prefix --nsg --subnet-name --subnet-prefixes
      User-Agent:
      - AZURECLI/2.50.0 (AAZ) azsdk-python-core/1.26.0 Python/3.9.5 (Windows-10-10.0.22621-SP0)
    method: PUT
    uri: https://management.azure.com/subscriptions/00000000-0000-0000-0000-000000000000/resourceGroups/cli_test_palo_alto_networks_cloudngfw_firewall000001/providers/Microsoft.Network/virtualNetworks/vnet000004?api-version=2022-01-01
  response:
    body:
      string: "{\r\n  \"name\": \"vnet000004\",\r\n  \"id\": \"/subscriptions/00000000-0000-0000-0000-000000000000/resourceGroups/cli_test_palo_alto_networks_cloudngfw_firewall000001/providers/Microsoft.Network/virtualNetworks/vnet000004\",\r\n
        \ \"etag\": \"W/\\\"bfe6b994-ec8d-46d3-96cd-772616ca6a0b\\\"\",\r\n  \"type\":
        \"Microsoft.Network/virtualNetworks\",\r\n  \"location\": \"westus\",\r\n
        \ \"properties\": {\r\n    \"provisioningState\": \"Updating\",\r\n    \"resourceGuid\":
        \"a272d34c-80b7-4dc6-aad8-bf1164d92866\",\r\n    \"addressSpace\": {\r\n      \"addressPrefixes\":
        [\r\n        \"10.0.0.0/16\"\r\n      ]\r\n    },\r\n    \"subnets\": [\r\n
        \     {\r\n        \"name\": \"subnet1000005\",\r\n        \"id\": \"/subscriptions/00000000-0000-0000-0000-000000000000/resourceGroups/cli_test_palo_alto_networks_cloudngfw_firewall000001/providers/Microsoft.Network/virtualNetworks/vnet000004/subnets/subnet1000005\",\r\n
        \       \"etag\": \"W/\\\"bfe6b994-ec8d-46d3-96cd-772616ca6a0b\\\"\",\r\n
        \       \"properties\": {\r\n          \"provisioningState\": \"Updating\",\r\n
        \         \"addressPrefix\": \"10.0.0.0/26\",\r\n          \"networkSecurityGroup\":
        {\r\n            \"id\": \"/subscriptions/00000000-0000-0000-0000-000000000000/resourceGroups/cli_test_palo_alto_networks_cloudngfw_firewall000001/providers/Microsoft.Network/networkSecurityGroups/nsg000003\"\r\n
        \         },\r\n          \"delegations\": [],\r\n          \"privateEndpointNetworkPolicies\":
        \"Disabled\",\r\n          \"privateLinkServiceNetworkPolicies\": \"Enabled\"\r\n
        \       },\r\n        \"type\": \"Microsoft.Network/virtualNetworks/subnets\"\r\n
        \     }\r\n    ],\r\n    \"virtualNetworkPeerings\": [],\r\n    \"enableDdosProtection\":
        false\r\n  }\r\n}"
    headers:
      azure-asyncnotification:
      - Enabled
      azure-asyncoperation:
      - https://management.azure.com/subscriptions/00000000-0000-0000-0000-000000000000/providers/Microsoft.Network/locations/westus/operations/e92bb010-c004-411b-8b3c-a8b3e8999126?api-version=2022-01-01
      cache-control:
      - no-cache
      content-length:
      - '1568'
      content-type:
      - application/json; charset=utf-8
      date:
      - Wed, 26 Jul 2023 06:52:19 GMT
      expires:
      - '-1'
      pragma:
      - no-cache
      server:
      - Microsoft-HTTPAPI/2.0
      - Microsoft-HTTPAPI/2.0
      strict-transport-security:
      - max-age=31536000; includeSubDomains
      x-content-type-options:
      - nosniff
      x-ms-arm-service-request-id:
      - 8151c5df-31af-407f-a319-c7bd89cbf06d
      x-ms-ratelimit-remaining-subscription-writes:
      - '1199'
    status:
      code: 201
      message: Created
- request:
    body: null
    headers:
      Accept:
      - '*/*'
      Accept-Encoding:
      - gzip, deflate
      CommandName:
      - network vnet create
      Connection:
      - keep-alive
      ParameterSetName:
      - -g -n --address-prefix --nsg --subnet-name --subnet-prefixes
      User-Agent:
      - AZURECLI/2.50.0 (AAZ) azsdk-python-core/1.26.0 Python/3.9.5 (Windows-10-10.0.22621-SP0)
    method: GET
    uri: https://management.azure.com/subscriptions/00000000-0000-0000-0000-000000000000/providers/Microsoft.Network/locations/westus/operations/e92bb010-c004-411b-8b3c-a8b3e8999126?api-version=2022-01-01
  response:
    body:
      string: "{\r\n  \"status\": \"InProgress\"\r\n}"
    headers:
      cache-control:
      - no-cache
      content-length:
      - '30'
      content-type:
      - application/json; charset=utf-8
      date:
      - Wed, 26 Jul 2023 06:52:19 GMT
      expires:
      - '-1'
      pragma:
      - no-cache
      server:
      - Microsoft-HTTPAPI/2.0
      - Microsoft-HTTPAPI/2.0
      strict-transport-security:
      - max-age=31536000; includeSubDomains
      transfer-encoding:
      - chunked
      vary:
      - Accept-Encoding
      x-content-type-options:
      - nosniff
      x-ms-arm-service-request-id:
      - 4c35bb17-3471-406a-aff8-384d4c64d776
    status:
      code: 200
      message: OK
- request:
    body: null
    headers:
      Accept:
      - '*/*'
      Accept-Encoding:
      - gzip, deflate
      CommandName:
      - network vnet create
      Connection:
      - keep-alive
      ParameterSetName:
      - -g -n --address-prefix --nsg --subnet-name --subnet-prefixes
      User-Agent:
      - AZURECLI/2.50.0 (AAZ) azsdk-python-core/1.26.0 Python/3.9.5 (Windows-10-10.0.22621-SP0)
    method: GET
    uri: https://management.azure.com/subscriptions/00000000-0000-0000-0000-000000000000/providers/Microsoft.Network/locations/westus/operations/e92bb010-c004-411b-8b3c-a8b3e8999126?api-version=2022-01-01
  response:
    body:
      string: "{\r\n  \"status\": \"Succeeded\"\r\n}"
    headers:
      cache-control:
      - no-cache
      content-length:
      - '29'
      content-type:
      - application/json; charset=utf-8
      date:
      - Wed, 26 Jul 2023 06:52:30 GMT
      expires:
      - '-1'
      pragma:
      - no-cache
      server:
      - Microsoft-HTTPAPI/2.0
      - Microsoft-HTTPAPI/2.0
      strict-transport-security:
      - max-age=31536000; includeSubDomains
      transfer-encoding:
      - chunked
      vary:
      - Accept-Encoding
      x-content-type-options:
      - nosniff
      x-ms-arm-service-request-id:
      - 33a19436-e761-48ca-a447-c4219b4450d0
    status:
      code: 200
      message: ''
- request:
    body: null
    headers:
      Accept:
      - '*/*'
      Accept-Encoding:
      - gzip, deflate
      CommandName:
      - network vnet create
      Connection:
      - keep-alive
      ParameterSetName:
      - -g -n --address-prefix --nsg --subnet-name --subnet-prefixes
      User-Agent:
      - AZURECLI/2.50.0 (AAZ) azsdk-python-core/1.26.0 Python/3.9.5 (Windows-10-10.0.22621-SP0)
    method: GET
    uri: https://management.azure.com/subscriptions/00000000-0000-0000-0000-000000000000/resourceGroups/cli_test_palo_alto_networks_cloudngfw_firewall000001/providers/Microsoft.Network/virtualNetworks/vnet000004?api-version=2022-01-01
  response:
    body:
      string: "{\r\n  \"name\": \"vnet000004\",\r\n  \"id\": \"/subscriptions/00000000-0000-0000-0000-000000000000/resourceGroups/cli_test_palo_alto_networks_cloudngfw_firewall000001/providers/Microsoft.Network/virtualNetworks/vnet000004\",\r\n
        \ \"etag\": \"W/\\\"57d8513a-7ce6-4654-a5ec-996a043e9a33\\\"\",\r\n  \"type\":
        \"Microsoft.Network/virtualNetworks\",\r\n  \"location\": \"westus\",\r\n
        \ \"properties\": {\r\n    \"provisioningState\": \"Succeeded\",\r\n    \"resourceGuid\":
        \"a272d34c-80b7-4dc6-aad8-bf1164d92866\",\r\n    \"addressSpace\": {\r\n      \"addressPrefixes\":
        [\r\n        \"10.0.0.0/16\"\r\n      ]\r\n    },\r\n    \"subnets\": [\r\n
        \     {\r\n        \"name\": \"subnet1000005\",\r\n        \"id\": \"/subscriptions/00000000-0000-0000-0000-000000000000/resourceGroups/cli_test_palo_alto_networks_cloudngfw_firewall000001/providers/Microsoft.Network/virtualNetworks/vnet000004/subnets/subnet1000005\",\r\n
        \       \"etag\": \"W/\\\"57d8513a-7ce6-4654-a5ec-996a043e9a33\\\"\",\r\n
        \       \"properties\": {\r\n          \"provisioningState\": \"Succeeded\",\r\n
        \         \"addressPrefix\": \"10.0.0.0/26\",\r\n          \"networkSecurityGroup\":
        {\r\n            \"id\": \"/subscriptions/00000000-0000-0000-0000-000000000000/resourceGroups/cli_test_palo_alto_networks_cloudngfw_firewall000001/providers/Microsoft.Network/networkSecurityGroups/nsg000003\"\r\n
        \         },\r\n          \"delegations\": [],\r\n          \"privateEndpointNetworkPolicies\":
        \"Disabled\",\r\n          \"privateLinkServiceNetworkPolicies\": \"Enabled\"\r\n
        \       },\r\n        \"type\": \"Microsoft.Network/virtualNetworks/subnets\"\r\n
        \     }\r\n    ],\r\n    \"virtualNetworkPeerings\": [],\r\n    \"enableDdosProtection\":
        false\r\n  }\r\n}"
    headers:
      cache-control:
      - no-cache
      content-length:
      - '1570'
      content-type:
      - application/json; charset=utf-8
      date:
      - Wed, 26 Jul 2023 06:52:31 GMT
      etag:
      - W/"57d8513a-7ce6-4654-a5ec-996a043e9a33"
      expires:
      - '-1'
      pragma:
      - no-cache
      server:
      - Microsoft-HTTPAPI/2.0
      - Microsoft-HTTPAPI/2.0
      strict-transport-security:
      - max-age=31536000; includeSubDomains
      transfer-encoding:
      - chunked
      vary:
      - Accept-Encoding
      x-content-type-options:
      - nosniff
      x-ms-arm-service-request-id:
      - bc6b441a-1e1f-45b7-bf65-da91add6a1ae
    status:
      code: 200
      message: ''
- request:
    body: '{"name": "subnet2000006", "properties": {"addressPrefix": "10.0.1.0/26"}}'
    headers:
      Accept:
      - application/json
      Accept-Encoding:
      - gzip, deflate
      CommandName:
      - network vnet subnet create
      Connection:
      - keep-alive
      Content-Length:
      - '73'
      Content-Type:
      - application/json
      ParameterSetName:
      - -g --vnet-name -n --address-prefixes
      User-Agent:
      - AZURECLI/2.50.0 (AAZ) azsdk-python-core/1.26.0 Python/3.9.5 (Windows-10-10.0.22621-SP0)
    method: PUT
    uri: https://management.azure.com/subscriptions/00000000-0000-0000-0000-000000000000/resourceGroups/cli_test_palo_alto_networks_cloudngfw_firewall000001/providers/Microsoft.Network/virtualNetworks/vnet000004/subnets/subnet2000006?api-version=2022-01-01
  response:
    body:
      string: "{\r\n  \"name\": \"subnet2000006\",\r\n  \"id\": \"/subscriptions/00000000-0000-0000-0000-000000000000/resourceGroups/cli_test_palo_alto_networks_cloudngfw_firewall000001/providers/Microsoft.Network/virtualNetworks/vnet000004/subnets/subnet2000006\",\r\n
        \ \"etag\": \"W/\\\"4bc90d26-1897-45a3-baa3-3318e16103db\\\"\",\r\n  \"properties\":
        {\r\n    \"provisioningState\": \"Updating\",\r\n    \"addressPrefix\": \"10.0.1.0/26\",\r\n
        \   \"delegations\": [],\r\n    \"privateEndpointNetworkPolicies\": \"Disabled\",\r\n
        \   \"privateLinkServiceNetworkPolicies\": \"Enabled\"\r\n  },\r\n  \"type\":
        \"Microsoft.Network/virtualNetworks/subnets\"\r\n}"
    headers:
      azure-asyncnotification:
      - Enabled
      azure-asyncoperation:
      - https://management.azure.com/subscriptions/00000000-0000-0000-0000-000000000000/providers/Microsoft.Network/locations/westus/operations/93afdc34-f83e-4fe2-94c2-f8e316b5d011?api-version=2022-01-01
      cache-control:
      - no-cache
      content-length:
      - '580'
      content-type:
      - application/json; charset=utf-8
      date:
      - Wed, 26 Jul 2023 06:52:32 GMT
      expires:
      - '-1'
      pragma:
      - no-cache
      server:
      - Microsoft-HTTPAPI/2.0
      - Microsoft-HTTPAPI/2.0
      strict-transport-security:
      - max-age=31536000; includeSubDomains
      x-content-type-options:
      - nosniff
      x-ms-arm-service-request-id:
      - ca16c5eb-b4ee-4f6b-8ca5-a3d55cf2da00
      x-ms-ratelimit-remaining-subscription-writes:
      - '1199'
    status:
      code: 201
      message: Created
- request:
    body: null
    headers:
      Accept:
      - '*/*'
      Accept-Encoding:
      - gzip, deflate
      CommandName:
      - network vnet subnet create
      Connection:
      - keep-alive
      ParameterSetName:
      - -g --vnet-name -n --address-prefixes
      User-Agent:
      - AZURECLI/2.50.0 (AAZ) azsdk-python-core/1.26.0 Python/3.9.5 (Windows-10-10.0.22621-SP0)
    method: GET
    uri: https://management.azure.com/subscriptions/00000000-0000-0000-0000-000000000000/providers/Microsoft.Network/locations/westus/operations/93afdc34-f83e-4fe2-94c2-f8e316b5d011?api-version=2022-01-01
  response:
    body:
      string: "{\r\n  \"status\": \"Succeeded\"\r\n}"
    headers:
      cache-control:
      - no-cache
      content-length:
      - '29'
      content-type:
      - application/json; charset=utf-8
      date:
      - Wed, 26 Jul 2023 06:52:32 GMT
      expires:
      - '-1'
      pragma:
      - no-cache
      server:
      - Microsoft-HTTPAPI/2.0
      - Microsoft-HTTPAPI/2.0
      strict-transport-security:
      - max-age=31536000; includeSubDomains
      transfer-encoding:
      - chunked
      vary:
      - Accept-Encoding
      x-content-type-options:
      - nosniff
      x-ms-arm-service-request-id:
      - eeb12058-074c-40ea-8391-40c8a1ac8e3b
    status:
      code: 200
      message: OK
- request:
    body: null
    headers:
      Accept:
      - '*/*'
      Accept-Encoding:
      - gzip, deflate
      CommandName:
      - network vnet subnet create
      Connection:
      - keep-alive
      ParameterSetName:
      - -g --vnet-name -n --address-prefixes
      User-Agent:
      - AZURECLI/2.50.0 (AAZ) azsdk-python-core/1.26.0 Python/3.9.5 (Windows-10-10.0.22621-SP0)
    method: GET
    uri: https://management.azure.com/subscriptions/00000000-0000-0000-0000-000000000000/resourceGroups/cli_test_palo_alto_networks_cloudngfw_firewall000001/providers/Microsoft.Network/virtualNetworks/vnet000004/subnets/subnet2000006?api-version=2022-01-01
  response:
    body:
      string: "{\r\n  \"name\": \"subnet2000006\",\r\n  \"id\": \"/subscriptions/00000000-0000-0000-0000-000000000000/resourceGroups/cli_test_palo_alto_networks_cloudngfw_firewall000001/providers/Microsoft.Network/virtualNetworks/vnet000004/subnets/subnet2000006\",\r\n
        \ \"etag\": \"W/\\\"b9b9b176-019d-40de-a950-880714e75073\\\"\",\r\n  \"properties\":
        {\r\n    \"provisioningState\": \"Succeeded\",\r\n    \"addressPrefix\": \"10.0.1.0/26\",\r\n
        \   \"delegations\": [],\r\n    \"privateEndpointNetworkPolicies\": \"Disabled\",\r\n
        \   \"privateLinkServiceNetworkPolicies\": \"Enabled\"\r\n  },\r\n  \"type\":
        \"Microsoft.Network/virtualNetworks/subnets\"\r\n}"
    headers:
      cache-control:
      - no-cache
      content-length:
      - '581'
      content-type:
      - application/json; charset=utf-8
      date:
      - Wed, 26 Jul 2023 06:52:33 GMT
      etag:
      - W/"b9b9b176-019d-40de-a950-880714e75073"
      expires:
      - '-1'
      pragma:
      - no-cache
      server:
      - Microsoft-HTTPAPI/2.0
      - Microsoft-HTTPAPI/2.0
      strict-transport-security:
      - max-age=31536000; includeSubDomains
      transfer-encoding:
      - chunked
      vary:
      - Accept-Encoding
      x-content-type-options:
      - nosniff
      x-ms-arm-service-request-id:
      - 228b1022-86ef-464b-95af-51a8413face1
    status:
      code: 200
      message: OK
- request:
    body: null
    headers:
      Accept:
      - application/json
      Accept-Encoding:
      - gzip, deflate
      CommandName:
      - network vnet show
      Connection:
      - keep-alive
      ParameterSetName:
      - -g -n
      User-Agent:
      - AZURECLI/2.50.0 (AAZ) azsdk-python-core/1.26.0 Python/3.9.5 (Windows-10-10.0.22621-SP0)
    method: GET
    uri: https://management.azure.com/subscriptions/00000000-0000-0000-0000-000000000000/resourceGroups/cli_test_palo_alto_networks_cloudngfw_firewall000001/providers/Microsoft.Network/virtualNetworks/vnet000004?api-version=2022-01-01
  response:
    body:
      string: "{\r\n  \"name\": \"vnet000004\",\r\n  \"id\": \"/subscriptions/00000000-0000-0000-0000-000000000000/resourceGroups/cli_test_palo_alto_networks_cloudngfw_firewall000001/providers/Microsoft.Network/virtualNetworks/vnet000004\",\r\n
        \ \"etag\": \"W/\\\"b9b9b176-019d-40de-a950-880714e75073\\\"\",\r\n  \"type\":
        \"Microsoft.Network/virtualNetworks\",\r\n  \"location\": \"westus\",\r\n
        \ \"properties\": {\r\n    \"provisioningState\": \"Succeeded\",\r\n    \"resourceGuid\":
        \"a272d34c-80b7-4dc6-aad8-bf1164d92866\",\r\n    \"addressSpace\": {\r\n      \"addressPrefixes\":
        [\r\n        \"10.0.0.0/16\"\r\n      ]\r\n    },\r\n    \"subnets\": [\r\n
        \     {\r\n        \"name\": \"subnet1000005\",\r\n        \"id\": \"/subscriptions/00000000-0000-0000-0000-000000000000/resourceGroups/cli_test_palo_alto_networks_cloudngfw_firewall000001/providers/Microsoft.Network/virtualNetworks/vnet000004/subnets/subnet1000005\",\r\n
        \       \"etag\": \"W/\\\"b9b9b176-019d-40de-a950-880714e75073\\\"\",\r\n
        \       \"properties\": {\r\n          \"provisioningState\": \"Succeeded\",\r\n
        \         \"addressPrefix\": \"10.0.0.0/26\",\r\n          \"networkSecurityGroup\":
        {\r\n            \"id\": \"/subscriptions/00000000-0000-0000-0000-000000000000/resourceGroups/cli_test_palo_alto_networks_cloudngfw_firewall000001/providers/Microsoft.Network/networkSecurityGroups/nsg000003\"\r\n
        \         },\r\n          \"delegations\": [],\r\n          \"privateEndpointNetworkPolicies\":
        \"Disabled\",\r\n          \"privateLinkServiceNetworkPolicies\": \"Enabled\"\r\n
        \       },\r\n        \"type\": \"Microsoft.Network/virtualNetworks/subnets\"\r\n
        \     },\r\n      {\r\n        \"name\": \"subnet2000006\",\r\n        \"id\":
        \"/subscriptions/00000000-0000-0000-0000-000000000000/resourceGroups/cli_test_palo_alto_networks_cloudngfw_firewall000001/providers/Microsoft.Network/virtualNetworks/vnet000004/subnets/subnet2000006\",\r\n
        \       \"etag\": \"W/\\\"b9b9b176-019d-40de-a950-880714e75073\\\"\",\r\n
        \       \"properties\": {\r\n          \"provisioningState\": \"Succeeded\",\r\n
        \         \"addressPrefix\": \"10.0.1.0/26\",\r\n          \"delegations\":
        [],\r\n          \"privateEndpointNetworkPolicies\": \"Disabled\",\r\n          \"privateLinkServiceNetworkPolicies\":
        \"Enabled\"\r\n        },\r\n        \"type\": \"Microsoft.Network/virtualNetworks/subnets\"\r\n
        \     }\r\n    ],\r\n    \"virtualNetworkPeerings\": [],\r\n    \"enableDdosProtection\":
        false\r\n  }\r\n}"
    headers:
      cache-control:
      - no-cache
      content-length:
      - '2232'
      content-type:
      - application/json; charset=utf-8
      date:
      - Wed, 26 Jul 2023 06:52:34 GMT
      etag:
      - W/"b9b9b176-019d-40de-a950-880714e75073"
      expires:
      - '-1'
      pragma:
      - no-cache
      server:
      - Microsoft-HTTPAPI/2.0
      - Microsoft-HTTPAPI/2.0
      strict-transport-security:
      - max-age=31536000; includeSubDomains
      transfer-encoding:
      - chunked
      vary:
      - Accept-Encoding
      x-content-type-options:
      - nosniff
      x-ms-arm-service-request-id:
      - e24da17c-7c6e-4162-a67f-2a0434070dee
    status:
      code: 200
      message: OK
- request:
    body: '{"location": "eastus", "properties": {"defaultMode": "IPS", "minAppIdVersion":
      "8595-7473", "panEtag": "9fa4e2c6-1b0c-11ee-b587-3e4c117c6534", "scope": "LOCAL",
      "securityServices": {"antiSpywareProfile": "BestPractice", "antiVirusProfile":
      "BestPractice", "dnsSubscription": "BestPractice", "fileBlockingProfile": "BestPractice",
      "urlFilteringProfile": "BestPractice", "vulnerabilityProfile": "BestPractice"}}}'
    headers:
      Accept:
      - application/json
      Accept-Encoding:
      - gzip, deflate
      CommandName:
      - palo-alto cloudngfw local-rulestack create
      Connection:
      - keep-alive
      Content-Length:
      - '410'
      Content-Type:
      - application/json
      ParameterSetName:
      - --local-rulestack-name -g -l --default-mode --scope --pan-etag --min-app-id-version
        --security-services
      User-Agent:
      - AZURECLI/2.50.0 (AAZ) azsdk-python-core/1.26.0 Python/3.9.5 (Windows-10-10.0.22621-SP0)
    method: PUT
    uri: https://management.azure.com/subscriptions/00000000-0000-0000-0000-000000000000/resourceGroups/cli_test_palo_alto_networks_cloudngfw_firewall000001/providers/PaloAltoNetworks.Cloudngfw/localRulestacks/testlrs?api-version=2022-08-29
  response:
    body:
      string: '{"id":"/subscriptions/00000000-0000-0000-0000-000000000000/resourceGroups/cli_test_palo_alto_networks_cloudngfw_firewall000001/providers/PaloAltoNetworks.Cloudngfw/localRulestacks/testlrs","name":"testlrs","type":"paloaltonetworks.cloudngfw/localrulestacks","location":"eastus","systemData":{"createdBy":"v-taoxuzeng@microsoft.com","createdByType":"User","createdAt":"2023-07-26T06:52:38.0259095Z","lastModifiedBy":"v-taoxuzeng@microsoft.com","lastModifiedByType":"User","lastModifiedAt":"2023-07-26T06:52:38.0259095Z"},"properties":{"scope":"LOCAL","minAppIdVersion":"8595-7473","provisioningState":"Accepted","securityServices":{"vulnerabilityProfile":"BestPractice","antiSpywareProfile":"BestPractice","antiVirusProfile":"BestPractice","urlFilteringProfile":"BestPractice","fileBlockingProfile":"BestPractice","dnsSubscription":"BestPractice","outboundUnTrustCertificate":null,"outboundTrustCertificate":null},"defaultMode":"IPS"}}'
    headers:
      azure-asyncoperation:
      - https://management.azure.com/providers/PaloAltoNetworks.Cloudngfw/locations/EASTUS/operationStatuses/9c2a4046-37b7-444d-87cb-9ceec281bbd2*1B5F312EF1A9E589CE5361E11E8C1384086165357FFC5BB45A074F3AAE2D273E?api-version=2022-08-29
      cache-control:
      - no-cache
      content-length:
      - '934'
      content-type:
      - application/json; charset=utf-8
      date:
      - Wed, 26 Jul 2023 06:52:39 GMT
      etag:
      - '"060094a0-0000-0100-0000-64c0c2b70000"'
      expires:
      - '-1'
      location:
      - https://management.azure.com/providers/PaloAltoNetworks.Cloudngfw/locations/EASTUS/operationStatuses/9c2a4046-37b7-444d-87cb-9ceec281bbd2*1B5F312EF1A9E589CE5361E11E8C1384086165357FFC5BB45A074F3AAE2D273E?api-version=2022-08-29
      mise-correlation-id:
      - 4a5bd644-b41c-43c5-8d79-28b24c2f8c91
      pragma:
      - no-cache
      request-context:
      - appId=cid-v1:4aa06bd6-38f4-4944-9612-cd84d39b5e90
      strict-transport-security:
      - max-age=31536000; includeSubDomains
      x-content-type-options:
      - nosniff
      x-ms-providerhub-traffic:
      - 'True'
      x-ms-ratelimit-remaining-subscription-writes:
      - '1199'
    status:
      code: 201
      message: Created
- request:
    body: null
    headers:
      Accept:
      - '*/*'
      Accept-Encoding:
      - gzip, deflate
      CommandName:
      - palo-alto cloudngfw local-rulestack create
      Connection:
      - keep-alive
      ParameterSetName:
      - --local-rulestack-name -g -l --default-mode --scope --pan-etag --min-app-id-version
        --security-services
      User-Agent:
      - AZURECLI/2.50.0 (AAZ) azsdk-python-core/1.26.0 Python/3.9.5 (Windows-10-10.0.22621-SP0)
    method: GET
    uri: https://management.azure.com/providers/PaloAltoNetworks.Cloudngfw/locations/EASTUS/operationStatuses/9c2a4046-37b7-444d-87cb-9ceec281bbd2*1B5F312EF1A9E589CE5361E11E8C1384086165357FFC5BB45A074F3AAE2D273E?api-version=2022-08-29
  response:
    body:
      string: '{"id":"/providers/PaloAltoNetworks.Cloudngfw/locations/EASTUS/operationStatuses/9c2a4046-37b7-444d-87cb-9ceec281bbd2*1B5F312EF1A9E589CE5361E11E8C1384086165357FFC5BB45A074F3AAE2D273E","name":"9c2a4046-37b7-444d-87cb-9ceec281bbd2*1B5F312EF1A9E589CE5361E11E8C1384086165357FFC5BB45A074F3AAE2D273E","resourceId":"/subscriptions/00000000-0000-0000-0000-000000000000/resourceGroups/cli_test_palo_alto_networks_cloudngfw_firewall000001/providers/PaloAltoNetworks.Cloudngfw/localRulestacks/testlrs","status":"Accepted","startTime":"2023-07-26T06:52:38.8342817Z"}'
    headers:
      cache-control:
      - no-cache
      content-length:
      - '553'
      content-type:
      - application/json; charset=utf-8
      date:
      - Wed, 26 Jul 2023 06:52:39 GMT
      etag:
      - '"0a00d7ff-0000-0100-0000-64c0c2b60000"'
      expires:
      - '-1'
      pragma:
      - no-cache
      strict-transport-security:
      - max-age=31536000; includeSubDomains
      transfer-encoding:
      - chunked
      vary:
      - Accept-Encoding
      x-content-type-options:
      - nosniff
    status:
      code: 200
      message: OK
- request:
    body: null
    headers:
      Accept:
      - '*/*'
      Accept-Encoding:
      - gzip, deflate
      CommandName:
      - palo-alto cloudngfw local-rulestack create
      Connection:
      - keep-alive
      ParameterSetName:
      - --local-rulestack-name -g -l --default-mode --scope --pan-etag --min-app-id-version
        --security-services
      User-Agent:
      - AZURECLI/2.50.0 (AAZ) azsdk-python-core/1.26.0 Python/3.9.5 (Windows-10-10.0.22621-SP0)
    method: GET
    uri: https://management.azure.com/providers/PaloAltoNetworks.Cloudngfw/locations/EASTUS/operationStatuses/9c2a4046-37b7-444d-87cb-9ceec281bbd2*1B5F312EF1A9E589CE5361E11E8C1384086165357FFC5BB45A074F3AAE2D273E?api-version=2022-08-29
  response:
    body:
      string: '{"id":"/providers/PaloAltoNetworks.Cloudngfw/locations/EASTUS/operationStatuses/9c2a4046-37b7-444d-87cb-9ceec281bbd2*1B5F312EF1A9E589CE5361E11E8C1384086165357FFC5BB45A074F3AAE2D273E","name":"9c2a4046-37b7-444d-87cb-9ceec281bbd2*1B5F312EF1A9E589CE5361E11E8C1384086165357FFC5BB45A074F3AAE2D273E","resourceId":"/subscriptions/00000000-0000-0000-0000-000000000000/resourceGroups/cli_test_palo_alto_networks_cloudngfw_firewall000001/providers/PaloAltoNetworks.Cloudngfw/localRulestacks/testlrs","status":"Succeeded","startTime":"2023-07-26T06:52:38.8342817Z","endTime":"2023-07-26T06:53:06.4225377Z","error":{},"properties":null}'
    headers:
      cache-control:
      - no-cache
      content-length:
      - '624'
      content-type:
      - application/json; charset=utf-8
      date:
      - Wed, 26 Jul 2023 06:53:10 GMT
      etag:
      - '"0b001505-0000-0100-0000-64c0c2d20000"'
      expires:
      - '-1'
      pragma:
      - no-cache
      strict-transport-security:
      - max-age=31536000; includeSubDomains
      transfer-encoding:
      - chunked
      vary:
      - Accept-Encoding
      x-content-type-options:
      - nosniff
    status:
      code: 200
      message: OK
- request:
    body: null
    headers:
      Accept:
      - '*/*'
      Accept-Encoding:
      - gzip, deflate
      CommandName:
      - palo-alto cloudngfw local-rulestack create
      Connection:
      - keep-alive
      ParameterSetName:
      - --local-rulestack-name -g -l --default-mode --scope --pan-etag --min-app-id-version
        --security-services
      User-Agent:
      - AZURECLI/2.50.0 (AAZ) azsdk-python-core/1.26.0 Python/3.9.5 (Windows-10-10.0.22621-SP0)
    method: GET
    uri: https://management.azure.com/subscriptions/00000000-0000-0000-0000-000000000000/resourceGroups/cli_test_palo_alto_networks_cloudngfw_firewall000001/providers/PaloAltoNetworks.Cloudngfw/localRulestacks/testlrs?api-version=2022-08-29
  response:
    body:
      string: '{"id":"/subscriptions/00000000-0000-0000-0000-000000000000/resourceGroups/cli_test_palo_alto_networks_cloudngfw_firewall000001/providers/PaloAltoNetworks.Cloudngfw/localRulestacks/testlrs","name":"testlrs","type":"paloaltonetworks.cloudngfw/localrulestacks","location":"eastus","systemData":{"createdBy":"v-taoxuzeng@microsoft.com","createdByType":"User","createdAt":"2023-07-26T06:52:38.0259095Z","lastModifiedBy":"v-taoxuzeng@microsoft.com","lastModifiedByType":"User","lastModifiedAt":"2023-07-26T06:52:38.0259095Z"},"properties":{"scope":"LOCAL","minAppIdVersion":"8595-7473","provisioningState":"Succeeded","securityServices":{"vulnerabilityProfile":"BestPractice","antiSpywareProfile":"BestPractice","antiVirusProfile":"BestPractice","urlFilteringProfile":"BestPractice","fileBlockingProfile":"BestPractice","dnsSubscription":"BestPractice"},"defaultMode":"IPS","panEtag":"09763ebe-2b81-11ee-86fa-4ad68220d447"}}'
    headers:
      cache-control:
      - no-cache
      content-length:
      - '918'
      content-type:
      - application/json; charset=utf-8
      date:
      - Wed, 26 Jul 2023 06:53:10 GMT
      etag:
      - '"06002fa5-0000-0100-0000-64c0c2d20000"'
      expires:
      - '-1'
      pragma:
      - no-cache
      strict-transport-security:
      - max-age=31536000; includeSubDomains
      transfer-encoding:
      - chunked
      vary:
      - Accept-Encoding
      x-content-type-options:
      - nosniff
      x-ms-providerhub-traffic:
      - 'True'
    status:
      code: 200
      message: OK
- request:
    body: '{"location": "eastus", "properties": {"associatedRulestack": {"location":
      "eastus", "resourceId": "/subscriptions/00000000-0000-0000-0000-000000000000/resourceGroups/cli_test_palo_alto_networks_cloudngfw_firewall000001/providers/PaloAltoNetworks.Cloudngfw/localRulestacks/testlrs"},
      "dnsSettings": {"enableDnsProxy": "DISABLED", "enabledDnsType": "CUSTOM"}, "isPanoramaManaged":
      "FALSE", "marketplaceDetails": {"marketplaceSubscriptionStatus": "Subscribed",
      "offerId": "pan_swfw_cloud_ngfw", "publisherId": "paloaltonetworks"}, "networkProfile":
      {"egressNatIp": [], "enableEgressNat": "DISABLED", "networkType": "VNET", "publicIps":
      [{"address": "20.112.141.94", "resourceId": "/subscriptions/00000000-0000-0000-0000-000000000000/resourceGroups/rheaTerraformTest/providers/Microsoft.Network/publicIPAddresses/fw0718-public-ip"}],
      "vnetConfiguration": {"ipOfTrustSubnetForUdr": {"address": "10.0.0.0/16"}, "trustSubnet":
      {"resourceId": "/subscriptions/00000000-0000-0000-0000-000000000000/resourceGroups/cli_test_palo_alto_networks_cloudngfw_firewall000001/providers/Microsoft.Network/virtualNetworks/vnet000004/subnets/subnet1000005"},
      "unTrustSubnet": {"resourceId": "/subscriptions/00000000-0000-0000-0000-000000000000/resourceGroups/cli_test_palo_alto_networks_cloudngfw_firewall000001/providers/Microsoft.Network/virtualNetworks/vnet000004/subnets/subnet2000006"},
      "vnet": {"resourceId": "/subscriptions/00000000-0000-0000-0000-000000000000/resourceGroups/cli_test_palo_alto_networks_cloudngfw_firewall000001/providers/Microsoft.Network/virtualNetworks/vnet000004"}}},
      "panoramaConfig": {"configString": "bas64EncodedString"}, "planData": {"billingCycle":
      "MONTHLY", "planId": "panw-cloud-ngfw-payg", "usageType": "PAYG"}}}'
    headers:
      Accept:
      - application/json
      Accept-Encoding:
      - gzip, deflate
      CommandName:
      - palo-alto cloudngfw firewall create
      Connection:
      - keep-alive
      Content-Length:
      - '1727'
      Content-Type:
      - application/json
      ParameterSetName:
      - --name -g --location --associated-rulestack --dns-settings --is-panorama-managed
        --marketplace-details --network-profile --panorama-config --plan-data --no-wait
      User-Agent:
      - AZURECLI/2.50.0 (AAZ) azsdk-python-core/1.26.0 Python/3.9.5 (Windows-10-10.0.22621-SP0)
    method: PUT
    uri: https://management.azure.com/subscriptions/00000000-0000-0000-0000-000000000000/resourceGroups/cli_test_palo_alto_networks_cloudngfw_firewall000001/providers/PaloAltoNetworks.Cloudngfw/firewalls/firewall000002?api-version=2022-08-29
  response:
    body:
      string: '{"id":"/subscriptions/00000000-0000-0000-0000-000000000000/resourceGroups/cli_test_palo_alto_networks_cloudngfw_firewall000001/providers/PaloAltoNetworks.Cloudngfw/firewalls/firewall000002","name":"firewall000002","type":"paloaltonetworks.cloudngfw/firewalls","location":"eastus","systemData":{"createdBy":"v-taoxuzeng@microsoft.com","createdByType":"User","createdAt":"2023-07-26T06:53:14.601121Z","lastModifiedBy":"v-taoxuzeng@microsoft.com","lastModifiedByType":"User","lastModifiedAt":"2023-07-26T06:53:14.601121Z"},"properties":{"networkProfile":{"vnetConfiguration":{"vnet":{"resourceId":"/subscriptions/00000000-0000-0000-0000-000000000000/resourceGroups/cli_test_palo_alto_networks_cloudngfw_firewall000001/providers/Microsoft.Network/virtualNetworks/vnet000004"},"trustSubnet":{"resourceId":"/subscriptions/00000000-0000-0000-0000-000000000000/resourceGroups/cli_test_palo_alto_networks_cloudngfw_firewall000001/providers/Microsoft.Network/virtualNetworks/vnet000004/subnets/subnet1000005"},"unTrustSubnet":{"resourceId":"/subscriptions/00000000-0000-0000-0000-000000000000/resourceGroups/cli_test_palo_alto_networks_cloudngfw_firewall000001/providers/Microsoft.Network/virtualNetworks/vnet000004/subnets/subnet2000006"},"ipOfTrustSubnetForUdr":{"address":"10.0.0.0/16"}},"networkType":"VNET","publicIps":[{"resourceId":"/subscriptions/00000000-0000-0000-0000-000000000000/resourceGroups/rheaTerraformTest/providers/Microsoft.Network/publicIPAddresses/fw0718-public-ip","address":"20.112.141.94"}],"enableEgressNat":"DISABLED","egressNatIp":[]},"associatedRulestack":{"resourceId":"/subscriptions/00000000-0000-0000-0000-000000000000/resourceGroups/cli_test_palo_alto_networks_cloudngfw_firewall000001/providers/PaloAltoNetworks.Cloudngfw/localRulestacks/testlrs","location":"eastus"},"dnsSettings":{"enableDnsProxy":"DISABLED","enabledDnsType":"CUSTOM"},"isPanoramaManaged":"FALSE","panoramaConfig":{"configString":"bas64EncodedString"},"provisioningState":"Accepted","planData":{"usageType":"PAYG","billingCycle":"MONTHLY","planId":"panw-cloud-ngfw-payg","effectiveDate":"0001-01-01T00:00:00"},"marketplaceDetails":{"offerId":"pan_swfw_cloud_ngfw","publisherId":"paloaltonetworks","marketplaceSubscriptionStatus":"Subscribed"}}}'
    headers:
      azure-asyncoperation:
      - https://management.azure.com/providers/PaloAltoNetworks.Cloudngfw/locations/EASTUS/operationStatuses/3f1ca0cd-0d06-4937-ae06-0c82c26d3dbd*C7F11E7196DB82603105139BD5992EC5A20D61D50A4B4295022D539C565CD530?api-version=2022-08-29
      cache-control:
      - no-cache
      content-length:
      - '2239'
      content-type:
      - application/json; charset=utf-8
      date:
      - Wed, 26 Jul 2023 06:53:16 GMT
      etag:
      - '"0d00740c-0000-0100-0000-64c0c2dc0000"'
      expires:
      - '-1'
      location:
      - https://management.azure.com/providers/PaloAltoNetworks.Cloudngfw/locations/EASTUS/operationStatuses/3f1ca0cd-0d06-4937-ae06-0c82c26d3dbd*C7F11E7196DB82603105139BD5992EC5A20D61D50A4B4295022D539C565CD530?api-version=2022-08-29
      mise-correlation-id:
      - a39776f0-d7a2-44f0-a691-1a3f0aebb022
      pragma:
      - no-cache
      request-context:
      - appId=cid-v1:4aa06bd6-38f4-4944-9612-cd84d39b5e90
      strict-transport-security:
      - max-age=31536000; includeSubDomains
      x-content-type-options:
      - nosniff
      x-ms-providerhub-traffic:
      - 'True'
      x-ms-ratelimit-remaining-subscription-writes:
      - '1199'
    status:
      code: 201
      message: Created
- request:
    body: null
    headers:
      Accept:
      - application/json
      Accept-Encoding:
      - gzip, deflate
      CommandName:
      - palo-alto cloudngfw firewall list
      Connection:
      - keep-alive
      ParameterSetName:
      - --resource-group
      User-Agent:
      - AZURECLI/2.50.0 (AAZ) azsdk-python-core/1.26.0 Python/3.9.5 (Windows-10-10.0.22621-SP0)
    method: GET
    uri: https://management.azure.com/subscriptions/00000000-0000-0000-0000-000000000000/resourceGroups/cli_test_palo_alto_networks_cloudngfw_firewall000001/providers/PaloAltoNetworks.Cloudngfw/firewalls?api-version=2022-08-29
  response:
    body:
      string: '{"value":[{"id":"/subscriptions/00000000-0000-0000-0000-000000000000/resourceGroups/cli_test_palo_alto_networks_cloudngfw_firewall000001/providers/PaloAltoNetworks.Cloudngfw/firewalls/firewall000002","name":"firewall000002","type":"paloaltonetworks.cloudngfw/firewalls","location":"eastus","systemData":{"createdBy":"v-taoxuzeng@microsoft.com","createdByType":"User","createdAt":"2023-07-26T06:53:14.601121Z","lastModifiedBy":"v-taoxuzeng@microsoft.com","lastModifiedByType":"User","lastModifiedAt":"2023-07-26T06:53:14.601121Z"},"properties":{"networkProfile":{"vnetConfiguration":{"vnet":{"resourceId":"/subscriptions/00000000-0000-0000-0000-000000000000/resourceGroups/cli_test_palo_alto_networks_cloudngfw_firewall000001/providers/Microsoft.Network/virtualNetworks/vnet000004"},"trustSubnet":{"resourceId":"/subscriptions/00000000-0000-0000-0000-000000000000/resourceGroups/cli_test_palo_alto_networks_cloudngfw_firewall000001/providers/Microsoft.Network/virtualNetworks/vnet000004/subnets/subnet1000005"},"unTrustSubnet":{"resourceId":"/subscriptions/00000000-0000-0000-0000-000000000000/resourceGroups/cli_test_palo_alto_networks_cloudngfw_firewall000001/providers/Microsoft.Network/virtualNetworks/vnet000004/subnets/subnet2000006"},"ipOfTrustSubnetForUdr":{"address":"10.0.0.0/16"}},"networkType":"VNET","publicIps":[{"resourceId":"/subscriptions/00000000-0000-0000-0000-000000000000/resourceGroups/rheaTerraformTest/providers/Microsoft.Network/publicIPAddresses/fw0718-public-ip","address":"20.112.141.94"}],"enableEgressNat":"DISABLED","egressNatIp":[]},"associatedRulestack":{"resourceId":"/subscriptions/00000000-0000-0000-0000-000000000000/resourceGroups/cli_test_palo_alto_networks_cloudngfw_firewall000001/providers/PaloAltoNetworks.Cloudngfw/localRulestacks/testlrs","location":"eastus"},"dnsSettings":{"enableDnsProxy":"DISABLED","enabledDnsType":"CUSTOM"},"isPanoramaManaged":"FALSE","panoramaConfig":{"configString":"bas64EncodedString"},"provisioningState":"Accepted","planData":{"usageType":"PAYG","billingCycle":"MONTHLY","planId":"panw-cloud-ngfw-payg","effectiveDate":"0001-01-01T00:00:00Z"},"marketplaceDetails":{"offerId":"pan_swfw_cloud_ngfw","publisherId":"paloaltonetworks","marketplaceSubscriptionStatus":"Subscribed"}}}]}'
    headers:
      cache-control:
      - no-cache
      content-length:
      - '2252'
      content-type:
      - application/json; charset=utf-8
      date:
      - Wed, 26 Jul 2023 06:53:21 GMT
      expires:
      - '-1'
      pragma:
      - no-cache
      strict-transport-security:
      - max-age=31536000; includeSubDomains
      vary:
      - Accept-Encoding
      x-content-type-options:
      - nosniff
      x-ms-original-request-ids:
      - fd5942a9-4fa3-4a18-bf32-4ecd777b69ce
      - 81721a04-0f7a-4245-b94e-3e39f87beb0a
      - 26a3d4b1-a258-4605-9cf0-75b667995e30
      - 2a147538-dfce-4e67-b781-3b08c218574a
      - 569712ee-331c-48b4-87cc-bce574a91b79
      - 0476bf5f-ea77-4de9-95c3-a813ef1d62f4
      - ccabb065-de1a-4975-9c6a-c1f9d7dc9e1b
      - 35ee4d29-f660-4b04-aeb1-2fae67c0f1fb
      - 488ab78f-a5da-4d88-aeda-4874b2d53fe1
      - 5b8994e8-8379-4569-a291-c698f2924812
      - 4fcca043-e3e5-410c-bd23-50e7593c0a6d
      - ef1bd735-33e2-4a4d-a1f9-1f7496c95a27
      - 89d5704d-a4e3-4090-b03a-02437a516dc7
      - 0dcdb9f4-9c31-4785-810b-b7961271270d
      - fe6395ed-fa23-44e9-9ca3-a73d331e9670
      - cec40019-7dc0-4b84-abdd-9cd959ed0a64
      - 12a053fb-1925-4532-ae84-409318a05bb2
      - 9983cfd3-a4b0-4e7b-b848-758972d2c20e
      - e090f179-a1c0-4b2c-a825-47f078c82eba
      - e98104cd-f5aa-4ed6-9f5b-7f8d7f089a5e
      - 4aa6a944-037d-45ab-896d-ca4195d80405
    status:
      code: 200
      message: OK
- request:
    body: null
    headers:
      Accept:
      - application/json
      Accept-Encoding:
      - gzip, deflate
      CommandName:
      - palo-alto cloudngfw firewall show
      Connection:
      - keep-alive
      ParameterSetName:
      - --resource-group -n
      User-Agent:
      - AZURECLI/2.50.0 (AAZ) azsdk-python-core/1.26.0 Python/3.9.5 (Windows-10-10.0.22621-SP0)
    method: GET
    uri: https://management.azure.com/subscriptions/00000000-0000-0000-0000-000000000000/resourceGroups/cli_test_palo_alto_networks_cloudngfw_firewall000001/providers/PaloAltoNetworks.Cloudngfw/firewalls/firewall000002?api-version=2022-08-29
  response:
    body:
      string: '{"id":"/subscriptions/00000000-0000-0000-0000-000000000000/resourceGroups/cli_test_palo_alto_networks_cloudngfw_firewall000001/providers/PaloAltoNetworks.Cloudngfw/firewalls/firewall000002","name":"firewall000002","type":"paloaltonetworks.cloudngfw/firewalls","location":"eastus","systemData":{"createdBy":"v-taoxuzeng@microsoft.com","createdByType":"User","createdAt":"2023-07-26T06:53:14.601121Z","lastModifiedBy":"v-taoxuzeng@microsoft.com","lastModifiedByType":"User","lastModifiedAt":"2023-07-26T06:53:14.601121Z"},"properties":{"networkProfile":{"vnetConfiguration":{"vnet":{"resourceId":"/subscriptions/00000000-0000-0000-0000-000000000000/resourceGroups/cli_test_palo_alto_networks_cloudngfw_firewall000001/providers/Microsoft.Network/virtualNetworks/vnet000004"},"trustSubnet":{"resourceId":"/subscriptions/00000000-0000-0000-0000-000000000000/resourceGroups/cli_test_palo_alto_networks_cloudngfw_firewall000001/providers/Microsoft.Network/virtualNetworks/vnet000004/subnets/subnet1000005"},"unTrustSubnet":{"resourceId":"/subscriptions/00000000-0000-0000-0000-000000000000/resourceGroups/cli_test_palo_alto_networks_cloudngfw_firewall000001/providers/Microsoft.Network/virtualNetworks/vnet000004/subnets/subnet2000006"},"ipOfTrustSubnetForUdr":{"address":"10.0.0.0/16"}},"networkType":"VNET","publicIps":[{"resourceId":"/subscriptions/00000000-0000-0000-0000-000000000000/resourceGroups/rheaTerraformTest/providers/Microsoft.Network/publicIPAddresses/fw0718-public-ip","address":"20.112.141.94"}],"enableEgressNat":"DISABLED","egressNatIp":[]},"associatedRulestack":{"resourceId":"/subscriptions/00000000-0000-0000-0000-000000000000/resourceGroups/cli_test_palo_alto_networks_cloudngfw_firewall000001/providers/PaloAltoNetworks.Cloudngfw/localRulestacks/testlrs","location":"eastus"},"dnsSettings":{"enableDnsProxy":"DISABLED","enabledDnsType":"CUSTOM"},"isPanoramaManaged":"FALSE","panoramaConfig":{"configString":"bas64EncodedString"},"provisioningState":"Accepted","planData":{"usageType":"PAYG","billingCycle":"MONTHLY","planId":"panw-cloud-ngfw-payg","effectiveDate":"0001-01-01T00:00:00Z"},"marketplaceDetails":{"offerId":"pan_swfw_cloud_ngfw","publisherId":"paloaltonetworks","marketplaceSubscriptionStatus":"Subscribed"}}}'
    headers:
      cache-control:
      - no-cache
      content-length:
      - '2240'
      content-type:
      - application/json; charset=utf-8
      date:
      - Wed, 26 Jul 2023 06:53:23 GMT
      etag:
      - '"0d00740c-0000-0100-0000-64c0c2dc0000"'
      expires:
      - '-1'
      pragma:
      - no-cache
      strict-transport-security:
      - max-age=31536000; includeSubDomains
      transfer-encoding:
      - chunked
      vary:
      - Accept-Encoding
      x-content-type-options:
      - nosniff
      x-ms-providerhub-traffic:
      - 'True'
    status:
      code: 200
      message: OK
- request:
    body: null
    headers:
      Accept:
      - '*/*'
      Accept-Encoding:
      - gzip, deflate
      CommandName:
      - palo-alto cloudngfw firewall delete
      Connection:
      - keep-alive
      Content-Length:
      - '0'
      ParameterSetName:
      - --resource-group -n
      User-Agent:
      - AZURECLI/2.50.0 (AAZ) azsdk-python-core/1.26.0 Python/3.9.5 (Windows-10-10.0.22621-SP0)
    method: DELETE
    uri: https://management.azure.com/subscriptions/00000000-0000-0000-0000-000000000000/resourceGroups/cli_test_palo_alto_networks_cloudngfw_firewall000001/providers/PaloAltoNetworks.Cloudngfw/firewalls/firewall000002?api-version=2022-08-29
  response:
    body:
      string: 'null'
    headers:
      azure-asyncoperation:
      - https://management.azure.com/providers/PaloAltoNetworks.Cloudngfw/locations/EASTUS/operationStatuses/fdc3bbe3-8250-4f2a-833a-1340c4ae9940*C7F11E7196DB82603105139BD5992EC5A20D61D50A4B4295022D539C565CD530?api-version=2022-08-29
      cache-control:
      - no-cache
      content-length:
      - '4'
      content-type:
      - application/json; charset=utf-8
      date:
      - Wed, 26 Jul 2023 06:53:24 GMT
      etag:
      - '"0d005b0d-0000-0100-0000-64c0c2e50000"'
      expires:
      - '-1'
      location:
      - https://management.azure.com/providers/PaloAltoNetworks.Cloudngfw/locations/EASTUS/operationStatuses/fdc3bbe3-8250-4f2a-833a-1340c4ae9940*C7F11E7196DB82603105139BD5992EC5A20D61D50A4B4295022D539C565CD530?api-version=2022-08-29
      mise-correlation-id:
      - c8b6d8e6-21d1-46cd-a223-c04405b2aa40
      pragma:
      - no-cache
      request-context:
      - appId=cid-v1:4aa06bd6-38f4-4944-9612-cd84d39b5e90
      strict-transport-security:
      - max-age=31536000; includeSubDomains
      x-content-type-options:
      - nosniff
      x-ms-providerhub-traffic:
      - 'True'
      x-ms-ratelimit-remaining-subscription-deletes:
      - '14999'
    status:
      code: 202
      message: Accepted
- request:
    body: null
    headers:
      Accept:
      - '*/*'
      Accept-Encoding:
      - gzip, deflate
      CommandName:
      - palo-alto cloudngfw firewall delete
      Connection:
      - keep-alive
      ParameterSetName:
      - --resource-group -n
      User-Agent:
      - AZURECLI/2.50.0 (AAZ) azsdk-python-core/1.26.0 Python/3.9.5 (Windows-10-10.0.22621-SP0)
    method: GET
    uri: https://management.azure.com/providers/PaloAltoNetworks.Cloudngfw/locations/EASTUS/operationStatuses/fdc3bbe3-8250-4f2a-833a-1340c4ae9940*C7F11E7196DB82603105139BD5992EC5A20D61D50A4B4295022D539C565CD530?api-version=2022-08-29
  response:
    body:
      string: '{"id":"/providers/PaloAltoNetworks.Cloudngfw/locations/EASTUS/operationStatuses/fdc3bbe3-8250-4f2a-833a-1340c4ae9940*C7F11E7196DB82603105139BD5992EC5A20D61D50A4B4295022D539C565CD530","name":"fdc3bbe3-8250-4f2a-833a-1340c4ae9940*C7F11E7196DB82603105139BD5992EC5A20D61D50A4B4295022D539C565CD530","resourceId":"/subscriptions/00000000-0000-0000-0000-000000000000/resourceGroups/cli_test_palo_alto_networks_cloudngfw_firewall000001/providers/PaloAltoNetworks.Cloudngfw/firewalls/firewall000002","status":"Deleting","startTime":"2023-07-26T06:53:24.9650302Z"}'
    headers:
      azure-asyncoperation:
      - https://management.azure.com/providers/PaloAltoNetworks.Cloudngfw/locations/eastus/operationStatuses/fdc3bbe3-8250-4f2a-833a-1340c4ae9940*C7F11E7196DB82603105139BD5992EC5A20D61D50A4B4295022D539C565CD530?api-version=2022-08-29
      cache-control:
      - no-cache
      content-length:
      - '554'
      content-type:
      - application/json; charset=utf-8
      date:
      - Wed, 26 Jul 2023 06:53:25 GMT
      etag:
      - '"0b00ab0a-0000-0100-0000-64c0c2e40000"'
      expires:
      - '-1'
      location:
      - https://management.azure.com/providers/PaloAltoNetworks.Cloudngfw/locations/eastus/operationStatuses/fdc3bbe3-8250-4f2a-833a-1340c4ae9940*C7F11E7196DB82603105139BD5992EC5A20D61D50A4B4295022D539C565CD530?api-version=2022-08-29
      pragma:
      - no-cache
      strict-transport-security:
      - max-age=31536000; includeSubDomains
      x-content-type-options:
      - nosniff
    status:
      code: 202
      message: Accepted
- request:
    body: null
    headers:
      Accept:
      - '*/*'
      Accept-Encoding:
      - gzip, deflate
      CommandName:
      - palo-alto cloudngfw firewall delete
      Connection:
      - keep-alive
      ParameterSetName:
      - --resource-group -n
      User-Agent:
      - AZURECLI/2.50.0 (AAZ) azsdk-python-core/1.26.0 Python/3.9.5 (Windows-10-10.0.22621-SP0)
    method: GET
    uri: https://management.azure.com/providers/PaloAltoNetworks.Cloudngfw/locations/EASTUS/operationStatuses/fdc3bbe3-8250-4f2a-833a-1340c4ae9940*C7F11E7196DB82603105139BD5992EC5A20D61D50A4B4295022D539C565CD530?api-version=2022-08-29
  response:
    body:
      string: '{"id":"/providers/PaloAltoNetworks.Cloudngfw/locations/EASTUS/operationStatuses/fdc3bbe3-8250-4f2a-833a-1340c4ae9940*C7F11E7196DB82603105139BD5992EC5A20D61D50A4B4295022D539C565CD530","name":"fdc3bbe3-8250-4f2a-833a-1340c4ae9940*C7F11E7196DB82603105139BD5992EC5A20D61D50A4B4295022D539C565CD530","resourceId":"/subscriptions/00000000-0000-0000-0000-000000000000/resourceGroups/cli_test_palo_alto_networks_cloudngfw_firewall000001/providers/PaloAltoNetworks.Cloudngfw/firewalls/firewall000002","status":"Succeeded","startTime":"2023-07-26T06:53:24.9650302Z","endTime":"2023-07-26T06:53:30.0188066Z","error":{},"properties":null}'
    headers:
      cache-control:
      - no-cache
      content-length:
      - '625'
      content-type:
      - application/json; charset=utf-8
      date:
      - Wed, 26 Jul 2023 06:53:55 GMT
      etag:
      - '"0b00950b-0000-0100-0000-64c0c2ea0000"'
      expires:
      - '-1'
      pragma:
      - no-cache
      strict-transport-security:
      - max-age=31536000; includeSubDomains
      transfer-encoding:
      - chunked
      vary:
      - Accept-Encoding
      x-content-type-options:
      - nosniff
    status:
      code: 200
      message: OK
version: 1
