interactions:
- request:
    body: '{"location": "eastus2euap", "properties": {"displayName": "TestNetworkManager",
      "description": "My Test Network Manager", "networkManagerScopes": {"subscriptions":
      ["/subscriptions/00000000-0000-0000-0000-000000000000"]}, "networkManagerScopeAccesses":
      ["Connectivity"]}}'
    headers:
      Accept:
      - application/json
      Accept-Encoding:
      - gzip, deflate
      CommandName:
      - network manager create
      Connection:
      - keep-alive
      Content-Length:
      - '271'
      Content-Type:
      - application/json
      ParameterSetName:
      - --name --description --display-name --scope-accesses --network-manager-scopes
        -l --resource-group
      User-Agent:
      - AZURECLI/2.30.0 azsdk-python-mgmt-network/1.0.0b1 Python/3.8.3 (Windows-10-10.0.18362-SP0)
    method: PUT
    uri: https://management.azure.com/subscriptions/00000000-0000-0000-0000-000000000000/resourceGroups/test_network_manager_group000001/providers/Microsoft.Network/networkManagers/TestNetworkManager?api-version=2021-02-01-preview
  response:
    body:
      string: '{"name":"TestNetworkManager","id":"/subscriptions/00000000-0000-0000-0000-000000000000/resourceGroups/test_network_manager_group000001/providers/Microsoft.Network/networkManagers/TestNetworkManager","location":"eastus2euap","type":"Microsoft.Network/networkManagers","tags":{},"etag":"","properties":{"displayName":"TestNetworkManager","description":"My
        Test Network Manager","networkManagerScopes":{"managementGroups":[],"subscriptions":["/subscriptions/00000000-0000-0000-0000-000000000000"]},"provisioningState":"Succeeded","networkManagerScopeAccesses":["Connectivity"],"resourceGuid":"ddf760e4-4e95-4664-9351-28d52b4716b6"},"systemData":{"createdBy":"v-kaisun@microsoft.com","createdByType":"User","createdAt":"2021-11-02T09:42:58.2186451Z","lastModifiedBy":"v-kaisun@microsoft.com","lastModifiedByType":"User","lastModifiedAt":"2021-11-02T09:42:58.2186451Z"}}'
    headers:
      cache-control:
      - no-cache
      content-length:
      - '908'
      content-type:
      - application/json; charset=utf-8
      date:
      - Tue, 02 Nov 2021 09:43:04 GMT
      expires:
      - '-1'
      pragma:
      - no-cache
      server:
      - Kestrel
      strict-transport-security:
      - max-age=31536000; includeSubDomains
      transfer-encoding:
      - chunked
      vary:
      - Accept-Encoding
      x-content-type-options:
      - nosniff
      x-ms-ratelimit-remaining-subscription-writes:
      - '1198'
    status:
      code: 200
      message: OK
- request:
    body: '{"properties": {"displayName": "MyNetworkGroup", "description": "A sample
      group", "memberType": "Microsoft.Network/virtualNetworks", "groupMembers": [{"resourceId":
      "/subscriptions/00000000-0000-0000-0000-000000000000/resourceGroups/test_network_manager_group000001/providers/Microsoft.Network/virtualnetworks/clitest.vn000002"}],
      "conditionalMembership": ""}}'
    headers:
      Accept:
      - application/json
      Accept-Encoding:
      - gzip, deflate
      CommandName:
      - network manager group create
      Connection:
      - keep-alive
      Content-Length:
      - '411'
      Content-Type:
      - application/json
      ParameterSetName:
      - --name --network-manager-name --description --conditional-membership --display-name
        --member-type -g --group-members
      User-Agent:
      - AZURECLI/2.30.0 azsdk-python-mgmt-network/1.0.0b1 Python/3.8.3 (Windows-10-10.0.18362-SP0)
    method: PUT
    uri: https://management.azure.com/subscriptions/00000000-0000-0000-0000-000000000000/resourceGroups/test_network_manager_group000001/providers/Microsoft.Network/networkManagers/TestNetworkManager/networkGroups/TestNetworkGroup?api-version=2021-02-01-preview
  response:
    body:
      string: '{"name":"TestNetworkGroup","id":"/subscriptions/00000000-0000-0000-0000-000000000000/resourceGroups/test_network_manager_group000001/providers/Microsoft.Network/networkManagers/TestNetworkManager/networkGroups/TestNetworkGroup","type":"Microsoft.Network/networkManagers/networkGroups","etag":"","properties":{"displayName":"MyNetworkGroup","description":"A
        sample group","groupMembers":[{"resourceId":"/subscriptions/00000000-0000-0000-0000-000000000000/resourceGroups/test_network_manager_group000001/providers/Microsoft.Network/virtualnetworks/clitest.vn000002"}],"conditionalMembership":"","provisioningState":"Succeeded","resourceGuid":"b260d304-cb2d-4897-a6fc-614d0914f5fd"},"systemData":{"createdBy":"v-kaisun@microsoft.com","createdByType":"User","createdAt":"2021-11-02T09:43:06.7234820Z","lastModifiedBy":"v-kaisun@microsoft.com","lastModifiedByType":"User","lastModifiedAt":"2021-11-02T09:43:06.7234820Z"}}'
    headers:
      cache-control:
      - no-cache
      content-length:
      - '1010'
      content-type:
      - application/json; charset=utf-8
      date:
      - Tue, 02 Nov 2021 09:43:07 GMT
      expires:
      - '-1'
      pragma:
      - no-cache
      server:
      - Kestrel
      strict-transport-security:
      - max-age=31536000; includeSubDomains
      transfer-encoding:
      - chunked
      vary:
      - Accept-Encoding
      x-content-type-options:
      - nosniff
      x-ms-ratelimit-remaining-subscription-writes:
      - '1197'
    status:
      code: 200
      message: OK
- request:
    body: null
    headers:
      Accept:
      - application/json
      Accept-Encoding:
      - gzip, deflate
      CommandName:
      - network manager group update
      Connection:
      - keep-alive
      ParameterSetName:
      - -g --name --network-manager-name --description
      User-Agent:
      - AZURECLI/2.30.0 azsdk-python-mgmt-network/1.0.0b1 Python/3.8.3 (Windows-10-10.0.18362-SP0)
    method: GET
    uri: https://management.azure.com/subscriptions/00000000-0000-0000-0000-000000000000/resourceGroups/test_network_manager_group000001/providers/Microsoft.Network/networkManagers/TestNetworkManager/networkGroups/TestNetworkGroup?api-version=2021-02-01-preview
  response:
    body:
      string: '{"name":"TestNetworkGroup","id":"/subscriptions/00000000-0000-0000-0000-000000000000/resourceGroups/test_network_manager_group000001/providers/Microsoft.Network/networkManagers/TestNetworkManager/networkGroups/TestNetworkGroup","type":"Microsoft.Network/networkManagers/networkGroups","etag":"\"21005eb9-0000-3400-0000-6181082b0000\"","properties":{"displayName":"MyNetworkGroup","description":"A
        sample group","groupMembers":[{"resourceId":"/subscriptions/00000000-0000-0000-0000-000000000000/resourceGroups/test_network_manager_group000001/providers/Microsoft.Network/virtualnetworks/clitest.vn000002"}],"conditionalMembership":"","provisioningState":"Succeeded","resourceGuid":"b260d304-cb2d-4897-a6fc-614d0914f5fd"},"systemData":{"createdBy":"v-kaisun@microsoft.com","createdByType":"User","createdAt":"2021-11-02T09:43:06.7234820Z","lastModifiedBy":"v-kaisun@microsoft.com","lastModifiedByType":"User","lastModifiedAt":"2021-11-02T09:43:06.7234820Z"}}'
    headers:
      cache-control:
      - no-cache
      content-length:
      - '1050'
      content-type:
      - application/json; charset=utf-8
      date:
      - Tue, 02 Nov 2021 09:43:10 GMT
      expires:
      - '-1'
      pragma:
      - no-cache
      server:
      - Kestrel
      strict-transport-security:
      - max-age=31536000; includeSubDomains
      transfer-encoding:
      - chunked
      vary:
      - Accept-Encoding
      x-content-type-options:
      - nosniff
    status:
      code: 200
      message: OK
- request:
    body: '{"properties": {"displayName": "MyNetworkGroup", "description": "Desc changed.",
      "groupMembers": [{"resourceId": "/subscriptions/00000000-0000-0000-0000-000000000000/resourceGroups/test_network_manager_group000001/providers/Microsoft.Network/virtualnetworks/clitest.vn000002"}],
      "conditionalMembership": ""}}'
    headers:
      Accept:
      - application/json
      Accept-Encoding:
      - gzip, deflate
      CommandName:
      - network manager group update
      Connection:
      - keep-alive
      Content-Length:
      - '359'
      Content-Type:
      - application/json
      ParameterSetName:
      - -g --name --network-manager-name --description
      User-Agent:
      - AZURECLI/2.30.0 azsdk-python-mgmt-network/1.0.0b1 Python/3.8.3 (Windows-10-10.0.18362-SP0)
    method: PUT
    uri: https://management.azure.com/subscriptions/00000000-0000-0000-0000-000000000000/resourceGroups/test_network_manager_group000001/providers/Microsoft.Network/networkManagers/TestNetworkManager/networkGroups/TestNetworkGroup?api-version=2021-02-01-preview
  response:
    body:
      string: '{"name":"TestNetworkGroup","id":"/subscriptions/00000000-0000-0000-0000-000000000000/resourceGroups/test_network_manager_group000001/providers/Microsoft.Network/networkManagers/TestNetworkManager/networkGroups/TestNetworkGroup","type":"Microsoft.Network/networkManagers/networkGroups","etag":"","properties":{"displayName":"MyNetworkGroup","description":"Desc
        changed.","groupMembers":[{"resourceId":"/subscriptions/00000000-0000-0000-0000-000000000000/resourceGroups/test_network_manager_group000001/providers/Microsoft.Network/virtualnetworks/clitest.vn000002"}],"conditionalMembership":"","provisioningState":"Succeeded","resourceGuid":"b260d304-cb2d-4897-a6fc-614d0914f5fd"},"systemData":{"createdBy":"v-kaisun@microsoft.com","createdByType":"User","createdAt":"2021-11-02T09:43:06.7234820Z","lastModifiedBy":"v-kaisun@microsoft.com","lastModifiedByType":"User","lastModifiedAt":"2021-11-02T09:43:12.6833333Z"}}'
    headers:
      cache-control:
      - no-cache
      content-length:
      - '1009'
      content-type:
      - application/json; charset=utf-8
      date:
      - Tue, 02 Nov 2021 09:43:14 GMT
      expires:
      - '-1'
      pragma:
      - no-cache
      server:
      - Kestrel
      strict-transport-security:
      - max-age=31536000; includeSubDomains
      transfer-encoding:
      - chunked
      vary:
      - Accept-Encoding
      x-content-type-options:
      - nosniff
      x-ms-ratelimit-remaining-subscription-writes:
      - '1197'
    status:
      code: 200
      message: OK
- request:
    body: null
    headers:
      Accept:
      - application/json
      Accept-Encoding:
      - gzip, deflate
      CommandName:
      - network manager group show
      Connection:
      - keep-alive
      ParameterSetName:
      - -g --name --network-manager-name
      User-Agent:
      - AZURECLI/2.30.0 azsdk-python-mgmt-network/1.0.0b1 Python/3.8.3 (Windows-10-10.0.18362-SP0)
    method: GET
    uri: https://management.azure.com/subscriptions/00000000-0000-0000-0000-000000000000/resourceGroups/test_network_manager_group000001/providers/Microsoft.Network/networkManagers/TestNetworkManager/networkGroups/TestNetworkGroup?api-version=2021-02-01-preview
  response:
    body:
      string: '{"name":"TestNetworkGroup","id":"/subscriptions/00000000-0000-0000-0000-000000000000/resourceGroups/test_network_manager_group000001/providers/Microsoft.Network/networkManagers/TestNetworkManager/networkGroups/TestNetworkGroup","type":"Microsoft.Network/networkManagers/networkGroups","etag":"\"21007fb9-0000-3400-0000-618108320000\"","properties":{"displayName":"MyNetworkGroup","description":"Desc
        changed.","groupMembers":[{"resourceId":"/subscriptions/00000000-0000-0000-0000-000000000000/resourceGroups/test_network_manager_group000001/providers/Microsoft.Network/virtualnetworks/clitest.vn000002"}],"conditionalMembership":"","provisioningState":"Succeeded","resourceGuid":"b260d304-cb2d-4897-a6fc-614d0914f5fd"},"systemData":{"createdBy":"v-kaisun@microsoft.com","createdByType":"User","createdAt":"2021-11-02T09:43:06.7234820Z","lastModifiedBy":"v-kaisun@microsoft.com","lastModifiedByType":"User","lastModifiedAt":"2021-11-02T09:43:12.6833333Z"}}'
    headers:
      cache-control:
      - no-cache
      content-length:
      - '1049'
      content-type:
      - application/json; charset=utf-8
      date:
      - Tue, 02 Nov 2021 09:43:16 GMT
      expires:
      - '-1'
      pragma:
      - no-cache
      server:
      - Kestrel
      strict-transport-security:
      - max-age=31536000; includeSubDomains
      transfer-encoding:
      - chunked
      vary:
      - Accept-Encoding
      x-content-type-options:
      - nosniff
    status:
      code: 200
      message: OK
- request:
    body: null
    headers:
      Accept:
      - application/json
      Accept-Encoding:
      - gzip, deflate
      CommandName:
      - network manager group list
      Connection:
      - keep-alive
      ParameterSetName:
      - -g --network-manager-name
      User-Agent:
      - AZURECLI/2.30.0 azsdk-python-mgmt-network/1.0.0b1 Python/3.8.3 (Windows-10-10.0.18362-SP0)
    method: GET
    uri: https://management.azure.com/subscriptions/00000000-0000-0000-0000-000000000000/resourceGroups/test_network_manager_group000001/providers/Microsoft.Network/networkManagers/TestNetworkManager/networkGroups?api-version=2021-02-01-preview
  response:
    body:
      string: '{"nextLink":"","value":[{"name":"TestNetworkGroup","id":"/subscriptions/00000000-0000-0000-0000-000000000000/resourceGroups/test_network_manager_group000001/providers/Microsoft.Network/networkManagers/TestNetworkManager/networkGroups/TestNetworkGroup","type":"Microsoft.Network/networkManagers/networkGroups","etag":"","properties":{"displayName":"MyNetworkGroup","description":"Desc
        changed.","groupMembers":[{"resourceId":"/subscriptions/00000000-0000-0000-0000-000000000000/resourceGroups/test_network_manager_group000001/providers/Microsoft.Network/virtualnetworks/clitest.vn000002"}],"conditionalMembership":"","provisioningState":"Succeeded","resourceGuid":"b260d304-cb2d-4897-a6fc-614d0914f5fd"},"systemData":{"createdBy":"v-kaisun@microsoft.com","createdByType":"User","createdAt":"2021-11-02T09:43:06.7234820Z","lastModifiedBy":"v-kaisun@microsoft.com","lastModifiedByType":"User","lastModifiedAt":"2021-11-02T09:43:12.6833333Z"}}]}'
    headers:
      cache-control:
      - no-cache
      content-length:
      - '1035'
      content-type:
      - application/json; charset=utf-8
      date:
      - Tue, 02 Nov 2021 09:43:19 GMT
      expires:
      - '-1'
      pragma:
      - no-cache
      server:
      - Kestrel
      strict-transport-security:
      - max-age=31536000; includeSubDomains
      transfer-encoding:
      - chunked
      vary:
      - Accept-Encoding
      x-content-type-options:
      - nosniff
    status:
      code: 200
      message: OK
- request:
    body: null
    headers:
      Accept:
      - application/json
      Accept-Encoding:
      - gzip, deflate
      CommandName:
      - network manager group delete
      Connection:
      - keep-alive
      Content-Length:
      - '0'
      ParameterSetName:
      - -g --name --network-manager-name --yes
      User-Agent:
      - AZURECLI/2.30.0 azsdk-python-mgmt-network/1.0.0b1 Python/3.8.3 (Windows-10-10.0.18362-SP0)
    method: DELETE
    uri: https://management.azure.com/subscriptions/00000000-0000-0000-0000-000000000000/resourceGroups/test_network_manager_group000001/providers/Microsoft.Network/networkManagers/TestNetworkManager/networkGroups/TestNetworkGroup?api-version=2021-02-01-preview
  response:
    body:
      string: ''
    headers:
      cache-control:
      - no-cache
      content-length:
      - '0'
      date:
      - Tue, 02 Nov 2021 09:43:23 GMT
      expires:
      - '-1'
      pragma:
      - no-cache
      server:
      - Kestrel
      strict-transport-security:
      - max-age=31536000; includeSubDomains
      x-content-type-options:
      - nosniff
      x-ms-ratelimit-remaining-subscription-deletes:
      - '14995'
    status:
      code: 200
      message: OK
version: 1
