interactions:
- request:
    body: '{"location": "eastus2euap", "properties": {"description": "My Test Network
      Manager", "networkManagerScopes": {"subscriptions": ["/subscriptions/00000000-0000-0000-0000-000000000000"]},
      "networkManagerScopeAccesses": ["Connectivity"]}}'
    headers:
      Accept:
      - application/json
      Accept-Encoding:
      - gzip, deflate
      CommandName:
      - network manager create
      Connection:
      - keep-alive
      Content-Length:
      - '234'
      Content-Type:
      - application/json
      ParameterSetName:
      - --name --description --display-name --scope-accesses --network-manager-scopes
        -l --resource-group
      User-Agent:
      - AZURECLI/2.31.0 azsdk-python-mgmt-network/1.0.0b1 Python/3.9.5 (Windows-10-10.0.19044-SP0)
    method: PUT
    uri: https://management.azure.com/subscriptions/00000000-0000-0000-0000-000000000000/resourceGroups/test_network_manager_group000001/providers/Microsoft.Network/networkManagers/TestNetworkManager?api-version=2022-02-01-preview
  response:
    body:
      string: '{"name":"TestNetworkManager","id":"/subscriptions/00000000-0000-0000-0000-000000000000/resourceGroups/test_network_manager_group000001/providers/Microsoft.Network/networkManagers/TestNetworkManager","location":"eastus2euap","type":"Microsoft.Network/networkManagers","tags":{},"etag":"","properties":{"displayName":"","description":"My
        Test Network Manager","networkManagerScopes":{"managementGroups":[],"subscriptions":["/subscriptions/00000000-0000-0000-0000-000000000000"],"multiTenantScopes":[]},"provisioningState":"Succeeded","networkManagerScopeAccesses":["Connectivity"],"resourceGuid":"4e789600-c799-40c6-97ea-e35b68ef44d6"},"systemData":{"createdBy":"v-taoxuzeng@microsoft.com","createdByType":"User","createdAt":"2022-04-08T02:00:27.6708997Z","lastModifiedBy":"v-taoxuzeng@microsoft.com","lastModifiedByType":"User","lastModifiedAt":"2022-04-08T02:00:27.6708997Z"}}'
    headers:
      cache-control:
      - no-cache
      content-length:
      - '876'
      content-type:
      - application/json; charset=utf-8
      date:
      - Fri, 08 Apr 2022 02:00:35 GMT
      expires:
      - '-1'
      pragma:
      - no-cache
      server:
      - Kestrel
      strict-transport-security:
      - max-age=31536000; includeSubDomains
      transfer-encoding:
      - chunked
      vary:
      - Accept-Encoding
      x-content-type-options:
      - nosniff
      x-ms-ratelimit-remaining-subscription-writes:
      - '1199'
    status:
      code: 200
      message: OK
- request:
    body: '{"properties": {"description": "A sample group", "memberType": "Microsoft.Network/virtualNetworks"}}'
    headers:
      Accept:
      - application/json
      Accept-Encoding:
      - gzip, deflate
      CommandName:
      - network manager group create
      Connection:
      - keep-alive
      Content-Length:
      - '100'
      Content-Type:
      - application/json
      ParameterSetName:
      - --name --network-manager-name --description --display-name --member-type -g
      User-Agent:
      - AZURECLI/2.31.0 azsdk-python-mgmt-network/1.0.0b1 Python/3.9.5 (Windows-10-10.0.19044-SP0)
    method: PUT
    uri: https://management.azure.com/subscriptions/00000000-0000-0000-0000-000000000000/resourceGroups/test_network_manager_group000001/providers/Microsoft.Network/networkManagers/TestNetworkManager/networkGroups/TestNetworkGroup?api-version=2022-02-01-preview
  response:
    body:
      string: '{"name":"TestNetworkGroup","id":"/subscriptions/00000000-0000-0000-0000-000000000000/resourceGroups/test_network_manager_group000001/providers/Microsoft.Network/networkManagers/TestNetworkManager/networkGroups/TestNetworkGroup","type":"Microsoft.Network/networkManagers/networkGroups","etag":"","properties":{"displayName":"","description":"A
        sample group","groupMembers":[],"conditionalMembership":"","provisioningState":"Succeeded","resourceGuid":"9aed3955-e942-4074-955e-08e8172bd68d"},"systemData":{"createdBy":"v-taoxuzeng@microsoft.com","createdByType":"User","createdAt":"2022-04-08T02:00:36.7871771Z","lastModifiedBy":"v-taoxuzeng@microsoft.com","lastModifiedByType":"User","lastModifiedAt":"2022-04-08T02:00:36.7871771Z"}}'
    headers:
      cache-control:
      - no-cache
      content-length:
      - '731'
      content-type:
      - application/json; charset=utf-8
      date:
      - Fri, 08 Apr 2022 02:00:39 GMT
      expires:
      - '-1'
      pragma:
      - no-cache
      server:
      - Kestrel
      strict-transport-security:
      - max-age=31536000; includeSubDomains
      transfer-encoding:
      - chunked
      vary:
      - Accept-Encoding
      x-content-type-options:
      - nosniff
      x-ms-ratelimit-remaining-subscription-writes:
      - '1199'
    status:
      code: 200
      message: OK
- request:
    body: null
    headers:
      Accept:
      - application/json
      Accept-Encoding:
      - gzip, deflate
      CommandName:
      - network manager group update
      Connection:
      - keep-alive
      ParameterSetName:
      - -g --name --network-manager-name --description
      User-Agent:
      - AZURECLI/2.31.0 azsdk-python-mgmt-network/1.0.0b1 Python/3.9.5 (Windows-10-10.0.19044-SP0)
    method: GET
    uri: https://management.azure.com/subscriptions/00000000-0000-0000-0000-000000000000/resourceGroups/test_network_manager_group000001/providers/Microsoft.Network/networkManagers/TestNetworkManager/networkGroups/TestNetworkGroup?api-version=2022-02-01-preview
  response:
    body:
      string: '{"name":"TestNetworkGroup","id":"/subscriptions/00000000-0000-0000-0000-000000000000/resourceGroups/test_network_manager_group000001/providers/Microsoft.Network/networkManagers/TestNetworkManager/networkGroups/TestNetworkGroup","type":"Microsoft.Network/networkManagers/networkGroups","etag":"\"00000900-0000-3400-0000-624f97470000\"","properties":{"displayName":"","description":"A
        sample group","groupMembers":[],"conditionalMembership":"","provisioningState":"Succeeded","resourceGuid":"9aed3955-e942-4074-955e-08e8172bd68d"},"systemData":{"createdBy":"v-taoxuzeng@microsoft.com","createdByType":"User","createdAt":"2022-04-08T02:00:36.7871771Z","lastModifiedBy":"v-taoxuzeng@microsoft.com","lastModifiedByType":"User","lastModifiedAt":"2022-04-08T02:00:36.7871771Z"}}'
    headers:
      cache-control:
      - no-cache
      content-length:
      - '771'
      content-type:
      - application/json; charset=utf-8
      date:
      - Fri, 08 Apr 2022 02:00:42 GMT
      expires:
      - '-1'
      pragma:
      - no-cache
      server:
      - Kestrel
      strict-transport-security:
      - max-age=31536000; includeSubDomains
      transfer-encoding:
      - chunked
      vary:
      - Accept-Encoding
      x-content-type-options:
      - nosniff
    status:
      code: 200
      message: OK
- request:
    body: '{"properties": {"description": "Desc changed."}}'
    headers:
      Accept:
      - application/json
      Accept-Encoding:
      - gzip, deflate
      CommandName:
      - network manager group update
      Connection:
      - keep-alive
      Content-Length:
      - '48'
      Content-Type:
      - application/json
      ParameterSetName:
      - -g --name --network-manager-name --description
      User-Agent:
      - AZURECLI/2.31.0 azsdk-python-mgmt-network/1.0.0b1 Python/3.9.5 (Windows-10-10.0.19044-SP0)
    method: PUT
    uri: https://management.azure.com/subscriptions/00000000-0000-0000-0000-000000000000/resourceGroups/test_network_manager_group000001/providers/Microsoft.Network/networkManagers/TestNetworkManager/networkGroups/TestNetworkGroup?api-version=2022-02-01-preview
  response:
    body:
      string: '{"name":"TestNetworkGroup","id":"/subscriptions/00000000-0000-0000-0000-000000000000/resourceGroups/test_network_manager_group000001/providers/Microsoft.Network/networkManagers/TestNetworkManager/networkGroups/TestNetworkGroup","type":"Microsoft.Network/networkManagers/networkGroups","etag":"","properties":{"displayName":"","description":"Desc
        changed.","groupMembers":[],"conditionalMembership":"","provisioningState":"Succeeded","resourceGuid":"9aed3955-e942-4074-955e-08e8172bd68d"},"systemData":{"createdBy":"v-taoxuzeng@microsoft.com","createdByType":"User","createdAt":"2022-04-08T02:00:36.7871771Z","lastModifiedBy":"v-taoxuzeng@microsoft.com","lastModifiedByType":"User","lastModifiedAt":"2022-04-08T02:00:44.3642224Z"}}'
    headers:
      cache-control:
      - no-cache
      content-length:
      - '730'
      content-type:
      - application/json; charset=utf-8
      date:
      - Fri, 08 Apr 2022 02:00:47 GMT
      expires:
      - '-1'
      pragma:
      - no-cache
      server:
      - Kestrel
      strict-transport-security:
      - max-age=31536000; includeSubDomains
      transfer-encoding:
      - chunked
      vary:
      - Accept-Encoding
      x-content-type-options:
      - nosniff
      x-ms-ratelimit-remaining-subscription-writes:
      - '1199'
    status:
      code: 200
      message: OK
- request:
    body: null
    headers:
      Accept:
      - application/json
      Accept-Encoding:
      - gzip, deflate
      CommandName:
      - network manager group show
      Connection:
      - keep-alive
      ParameterSetName:
      - -g --name --network-manager-name
      User-Agent:
      - AZURECLI/2.31.0 azsdk-python-mgmt-network/1.0.0b1 Python/3.9.5 (Windows-10-10.0.19044-SP0)
    method: GET
    uri: https://management.azure.com/subscriptions/00000000-0000-0000-0000-000000000000/resourceGroups/test_network_manager_group000001/providers/Microsoft.Network/networkManagers/TestNetworkManager/networkGroups/TestNetworkGroup?api-version=2022-02-01-preview
  response:
    body:
      string: '{"name":"TestNetworkGroup","id":"/subscriptions/00000000-0000-0000-0000-000000000000/resourceGroups/test_network_manager_group000001/providers/Microsoft.Network/networkManagers/TestNetworkManager/networkGroups/TestNetworkGroup","type":"Microsoft.Network/networkManagers/networkGroups","etag":"\"00000a00-0000-3400-0000-624f974f0000\"","properties":{"displayName":"","description":"Desc
        changed.","groupMembers":[],"conditionalMembership":"","provisioningState":"Succeeded","resourceGuid":"9aed3955-e942-4074-955e-08e8172bd68d"},"systemData":{"createdBy":"v-taoxuzeng@microsoft.com","createdByType":"User","createdAt":"2022-04-08T02:00:36.7871771Z","lastModifiedBy":"v-taoxuzeng@microsoft.com","lastModifiedByType":"User","lastModifiedAt":"2022-04-08T02:00:44.3642224Z"}}'
    headers:
      cache-control:
      - no-cache
      content-length:
      - '770'
      content-type:
      - application/json; charset=utf-8
      date:
      - Fri, 08 Apr 2022 02:00:50 GMT
      expires:
      - '-1'
      pragma:
      - no-cache
      server:
      - Kestrel
      strict-transport-security:
      - max-age=31536000; includeSubDomains
      transfer-encoding:
      - chunked
      vary:
      - Accept-Encoding
      x-content-type-options:
      - nosniff
    status:
      code: 200
      message: OK
- request:
    body: null
    headers:
      Accept:
      - application/json
      Accept-Encoding:
      - gzip, deflate
      CommandName:
      - network manager group list
      Connection:
      - keep-alive
      ParameterSetName:
      - -g --network-manager-name
      User-Agent:
      - AZURECLI/2.31.0 azsdk-python-mgmt-network/1.0.0b1 Python/3.9.5 (Windows-10-10.0.19044-SP0)
    method: GET
    uri: https://management.azure.com/subscriptions/00000000-0000-0000-0000-000000000000/resourceGroups/test_network_manager_group000001/providers/Microsoft.Network/networkManagers/TestNetworkManager/networkGroups?api-version=2022-02-01-preview
  response:
    body:
      string: '{"nextLink":"","value":[{"name":"TestNetworkGroup","id":"/subscriptions/00000000-0000-0000-0000-000000000000/resourceGroups/test_network_manager_group000001/providers/Microsoft.Network/networkManagers/TestNetworkManager/networkGroups/TestNetworkGroup","type":"Microsoft.Network/networkManagers/networkGroups","etag":"","properties":{"displayName":"","description":"Desc
        changed.","groupMembers":[],"conditionalMembership":"","provisioningState":"Succeeded","resourceGuid":"9aed3955-e942-4074-955e-08e8172bd68d"},"systemData":{"createdBy":"v-taoxuzeng@microsoft.com","createdByType":"User","createdAt":"2022-04-08T02:00:36.7871771Z","lastModifiedBy":"v-taoxuzeng@microsoft.com","lastModifiedByType":"User","lastModifiedAt":"2022-04-08T02:00:44.3642224Z"}}]}'
    headers:
      cache-control:
      - no-cache
      content-length:
      - '756'
      content-type:
      - application/json; charset=utf-8
      date:
      - Fri, 08 Apr 2022 02:00:54 GMT
      expires:
      - '-1'
      pragma:
      - no-cache
      server:
      - Kestrel
      strict-transport-security:
      - max-age=31536000; includeSubDomains
      transfer-encoding:
      - chunked
      vary:
      - Accept-Encoding
      x-content-type-options:
      - nosniff
    status:
      code: 200
      message: OK
- request:
    body: null
    headers:
      Accept:
      - application/json
      Accept-Encoding:
      - gzip, deflate
      CommandName:
      - network manager group delete
      Connection:
      - keep-alive
      Content-Length:
      - '0'
      ParameterSetName:
      - -g --name --network-manager-name --force --yes
      User-Agent:
      - AZURECLI/2.31.0 azsdk-python-mgmt-network/1.0.0b1 Python/3.9.5 (Windows-10-10.0.19044-SP0)
    method: DELETE
    uri: https://management.azure.com/subscriptions/00000000-0000-0000-0000-000000000000/resourceGroups/test_network_manager_group000001/providers/Microsoft.Network/networkManagers/TestNetworkManager/networkGroups/TestNetworkGroup?api-version=2022-02-01-preview&force=true
  response:
    body:
      string: ''
    headers:
      cache-control:
      - no-cache
      content-length:
      - '0'
      date:
      - Fri, 08 Apr 2022 02:00:55 GMT
      expires:
      - '-1'
      pragma:
      - no-cache
      server:
      - Kestrel
      strict-transport-security:
      - max-age=31536000; includeSubDomains
      x-content-type-options:
      - nosniff
      x-ms-ratelimit-remaining-subscription-deletes:
      - '14999'
    status:
      code: 200
      message: OK
- request:
    body: null
    headers:
      Accept:
      - application/json
      Accept-Encoding:
      - gzip, deflate
      CommandName:
      - network manager delete
      Connection:
      - keep-alive
      Content-Length:
      - '0'
      ParameterSetName:
      - --resource-group --name --yes
      User-Agent:
      - AZURECLI/2.31.0 azsdk-python-mgmt-network/1.0.0b1 Python/3.9.5 (Windows-10-10.0.19044-SP0)
    method: DELETE
    uri: https://management.azure.com/subscriptions/00000000-0000-0000-0000-000000000000/resourceGroups/test_network_manager_group000001/providers/Microsoft.Network/networkManagers/TestNetworkManager?api-version=2022-02-01-preview
  response:
    body:
      string: ''
    headers:
      cache-control:
      - no-cache
      content-length:
      - '0'
      date:
      - Fri, 08 Apr 2022 02:01:03 GMT
      expires:
      - '-1'
      pragma:
      - no-cache
      server:
      - Kestrel
      strict-transport-security:
      - max-age=31536000; includeSubDomains
      x-content-type-options:
      - nosniff
      x-ms-ratelimit-remaining-subscription-deletes:
      - '14999'
    status:
      code: 200
      message: OK
version: 1
