interactions:
- request:
    body: '{"location": "eastus2euap", "properties": {"displayName": "TestNetworkManager",
      "description": "My Test Network Manager", "networkManagerScopes": {"subscriptions":
      ["/subscriptions/00000000-0000-0000-0000-000000000000"]}, "networkManagerScopeAccesses":
      ["SecurityAdmin", "Connectivity"]}}'
    headers:
      Accept:
      - application/json
      Accept-Encoding:
      - gzip, deflate
      CommandName:
      - network manager create
      Connection:
      - keep-alive
      Content-Length:
      - '288'
      Content-Type:
      - application/json
      ParameterSetName:
      - --name --description --display-name --scope-accesses --network-manager-scopes
        -l --resource-group
      User-Agent:
      - AZURECLI/2.30.0 azsdk-python-mgmt-network/1.0.0b1 Python/3.8.3 (Windows-10-10.0.18362-SP0)
    method: PUT
    uri: https://management.azure.com/subscriptions/00000000-0000-0000-0000-000000000000/resourceGroups/test_network_manager_list_queries000001/providers/Microsoft.Network/networkManagers/TestNetworkManager?api-version=2021-02-01-preview
  response:
    body:
      string: '{"name":"TestNetworkManager","id":"/subscriptions/00000000-0000-0000-0000-000000000000/resourceGroups/test_network_manager_list_queries000001/providers/Microsoft.Network/networkManagers/TestNetworkManager","location":"eastus2euap","type":"Microsoft.Network/networkManagers","tags":{},"etag":"","properties":{"displayName":"TestNetworkManager","description":"My
        Test Network Manager","networkManagerScopes":{"managementGroups":[],"subscriptions":["/subscriptions/00000000-0000-0000-0000-000000000000"]},"provisioningState":"Succeeded","networkManagerScopeAccesses":["SecurityAdmin","Connectivity"],"resourceGuid":"8a78a66b-adc5-418b-b546-24e9de8d9fd2"},"systemData":{"createdBy":"v-kaisun@microsoft.com","createdByType":"User","createdAt":"2021-11-02T08:59:10.8978081Z","lastModifiedBy":"v-kaisun@microsoft.com","lastModifiedByType":"User","lastModifiedAt":"2021-11-02T08:59:10.8978081Z"}}'
    headers:
      cache-control:
      - no-cache
      content-length:
      - '924'
      content-type:
      - application/json; charset=utf-8
      date:
      - Tue, 02 Nov 2021 08:59:15 GMT
      expires:
      - '-1'
      pragma:
      - no-cache
      server:
      - Kestrel
      strict-transport-security:
      - max-age=31536000; includeSubDomains
      transfer-encoding:
      - chunked
      vary:
      - Accept-Encoding
      x-content-type-options:
      - nosniff
      x-ms-ratelimit-remaining-subscription-writes:
      - '1198'
    status:
      code: 200
      message: OK
- request:
    body: '{"properties": {"displayName": "ASampleGroup", "description": "A sample
      policy", "memberType": "Microsoft.Network/virtualNetworks", "groupMembers":
      [{"resourceId": "/subscriptions/00000000-0000-0000-0000-000000000000/resourceGroups/test_network_manager_list_queries000001/providers/Microsoft.Network/virtualnetworks/clitest.vn000002"}],
      "conditionalMembership": ""}}'
    headers:
      Accept:
      - application/json
      Accept-Encoding:
      - gzip, deflate
      CommandName:
      - network manager group create
      Connection:
      - keep-alive
      Content-Length:
      - '410'
      Content-Type:
      - application/json
      ParameterSetName:
      - --name --network-manager-name --description --conditional-membership --display-name
        --member-type -g --group-members
      User-Agent:
      - AZURECLI/2.30.0 azsdk-python-mgmt-network/1.0.0b1 Python/3.8.3 (Windows-10-10.0.18362-SP0)
    method: PUT
    uri: https://management.azure.com/subscriptions/00000000-0000-0000-0000-000000000000/resourceGroups/test_network_manager_list_queries000001/providers/Microsoft.Network/networkManagers/TestNetworkManager/networkGroups/TestNetworkGroup?api-version=2021-02-01-preview
  response:
    body:
      string: '{"name":"TestNetworkGroup","id":"/subscriptions/00000000-0000-0000-0000-000000000000/resourceGroups/test_network_manager_list_queries000001/providers/Microsoft.Network/networkManagers/TestNetworkManager/networkGroups/TestNetworkGroup","type":"Microsoft.Network/networkManagers/networkGroups","etag":"","properties":{"displayName":"ASampleGroup","description":"A
        sample policy","groupMembers":[{"resourceId":"/subscriptions/00000000-0000-0000-0000-000000000000/resourceGroups/test_network_manager_list_queries000001/providers/Microsoft.Network/virtualnetworks/clitest.vn000002"}],"conditionalMembership":"","provisioningState":"Succeeded","resourceGuid":"73729d64-1486-4c08-920f-9ac723cf6027"},"systemData":{"createdBy":"v-kaisun@microsoft.com","createdByType":"User","createdAt":"2021-11-02T08:59:18.3222537Z","lastModifiedBy":"v-kaisun@microsoft.com","lastModifiedByType":"User","lastModifiedAt":"2021-11-02T08:59:18.3222537Z"}}'
    headers:
      cache-control:
      - no-cache
      content-length:
      - '1009'
      content-type:
      - application/json; charset=utf-8
      date:
      - Tue, 02 Nov 2021 08:59:19 GMT
      expires:
      - '-1'
      pragma:
      - no-cache
      server:
      - Kestrel
      strict-transport-security:
      - max-age=31536000; includeSubDomains
      transfer-encoding:
      - chunked
      vary:
      - Accept-Encoding
      x-content-type-options:
      - nosniff
      x-ms-ratelimit-remaining-subscription-writes:
      - '1197'
    status:
      code: 200
      message: OK
- request:
    body: '{"regions": ["eastus2euap"], "deploymentTypes": ["Connectivity"]}'
    headers:
      Accept:
      - application/json
      Accept-Encoding:
      - gzip, deflate
      CommandName:
      - network manager list-deploy-status
      Connection:
      - keep-alive
      Content-Length:
      - '65'
      Content-Type:
      - application/json
      ParameterSetName:
      - --network-manager-name --deployment-types --regions --resource-group
      User-Agent:
      - AZURECLI/2.30.0 azsdk-python-mgmt-network/1.0.0b1 Python/3.8.3 (Windows-10-10.0.18362-SP0)
    method: POST
    uri: https://management.azure.com/subscriptions/00000000-0000-0000-0000-000000000000/resourceGroups/test_network_manager_list_queries000001/providers/Microsoft.Network/networkManagers/TestNetworkManager/listDeploymentStatus?api-version=2021-02-01-preview
  response:
    body:
      string: '{"skipToken":"","value":[]}'
    headers:
      cache-control:
      - no-cache
      content-length:
      - '27'
      content-type:
      - application/json; charset=utf-8
      date:
      - Tue, 02 Nov 2021 08:59:23 GMT
      expires:
      - '-1'
      pragma:
      - no-cache
      server:
      - Kestrel
      strict-transport-security:
      - max-age=31536000; includeSubDomains
      transfer-encoding:
      - chunked
      vary:
      - Accept-Encoding
      x-content-type-options:
      - nosniff
      x-ms-ratelimit-remaining-subscription-writes:
      - '1199'
    status:
      code: 200
      message: OK
- request:
    body: '{}'
    headers:
      Accept:
      - application/json
      Accept-Encoding:
      - gzip, deflate
      CommandName:
      - network manager group list-effect-vnet
      Connection:
      - keep-alive
      Content-Length:
      - '2'
      Content-Type:
      - application/json
      ParameterSetName:
      - --network-group-name --network-manager-name --resource-group
      User-Agent:
      - AZURECLI/2.30.0 azsdk-python-mgmt-network/1.0.0b1 Python/3.8.3 (Windows-10-10.0.18362-SP0)
    method: POST
    uri: https://management.azure.com/subscriptions/00000000-0000-0000-0000-000000000000/resourceGroups/test_network_manager_list_queries000001/providers/Microsoft.Network/networkManagers/TestNetworkManager/networkGroups/TestNetworkGroup/listEffectiveVirtualNetworks?api-version=2021-02-01-preview
  response:
    body:
      string: '{"skipToken":"","value":[{"id":"/subscriptions/00000000-0000-0000-0000-000000000000/resourceGroups/test_network_manager_list_queries000001/providers/Microsoft.Network/virtualNetworks/clitest.vn000002","location":"eastus2euap","membershipType":"Dynamic"}]}'
    headers:
      cache-control:
      - no-cache
      content-length:
      - '299'
      content-type:
      - application/json; charset=utf-8
      date:
      - Tue, 02 Nov 2021 08:59:29 GMT
      expires:
      - '-1'
      pragma:
      - no-cache
      server:
      - Kestrel
      strict-transport-security:
      - max-age=31536000; includeSubDomains
      transfer-encoding:
      - chunked
      vary:
      - Accept-Encoding
      x-content-type-options:
      - nosniff
      x-ms-ratelimit-remaining-subscription-writes:
      - '1199'
    status:
      code: 200
      message: OK
- request:
    body: '{}'
    headers:
      Accept:
      - application/json
      Accept-Encoding:
      - gzip, deflate
      CommandName:
      - network manager list-effect-vnet
      Connection:
      - keep-alive
      Content-Length:
      - '2'
      Content-Type:
      - application/json
      ParameterSetName:
      - --network-manager-name --resource-group
      User-Agent:
      - AZURECLI/2.30.0 azsdk-python-mgmt-network/1.0.0b1 Python/3.8.3 (Windows-10-10.0.18362-SP0)
    method: POST
    uri: https://management.azure.com/subscriptions/00000000-0000-0000-0000-000000000000/resourceGroups/test_network_manager_list_queries000001/providers/Microsoft.Network/networkManagers/TestNetworkManager/listEffectiveVirtualNetworks?api-version=2021-02-01-preview
  response:
    body:
      string: '{"skipToken":"","value":[]}'
    headers:
      cache-control:
      - no-cache
      content-length:
      - '27'
      content-type:
      - application/json; charset=utf-8
      date:
      - Tue, 02 Nov 2021 08:59:35 GMT
      expires:
      - '-1'
      pragma:
      - no-cache
      server:
      - Kestrel
      strict-transport-security:
      - max-age=31536000; includeSubDomains
      transfer-encoding:
      - chunked
      vary:
      - Accept-Encoding
      x-content-type-options:
      - nosniff
      x-ms-ratelimit-remaining-subscription-writes:
      - '1199'
    status:
      code: 200
      message: OK
- request:
    body: '{}'
    headers:
      Accept:
      - application/json
      Accept-Encoding:
      - gzip, deflate
      CommandName:
      - network manager list-active-config
      Connection:
      - keep-alive
      Content-Length:
      - '2'
      Content-Type:
      - application/json
      ParameterSetName:
      - --network-manager-name --resource-group
      User-Agent:
      - AZURECLI/2.30.0 azsdk-python-mgmt-network/1.0.0b1 Python/3.8.3 (Windows-10-10.0.18362-SP0)
    method: POST
    uri: https://management.azure.com/subscriptions/00000000-0000-0000-0000-000000000000/resourceGroups/test_network_manager_list_queries000001/providers/Microsoft.Network/networkManagers/TestNetworkManager/listActiveConnectivityConfigurations?api-version=2021-02-01-preview
  response:
    body:
      string: '{"skipToken":"","value":[]}'
    headers:
      cache-control:
      - no-cache
      content-length:
      - '27'
      content-type:
      - application/json; charset=utf-8
      date:
      - Tue, 02 Nov 2021 08:59:41 GMT
      expires:
      - '-1'
      pragma:
      - no-cache
      server:
      - Kestrel
      strict-transport-security:
      - max-age=31536000; includeSubDomains
      transfer-encoding:
      - chunked
      vary:
      - Accept-Encoding
      x-content-type-options:
      - nosniff
      x-ms-ratelimit-remaining-subscription-writes:
      - '1199'
    status:
      code: 200
      message: OK
- request:
    body: '{}'
    headers:
      Accept:
      - application/json
      Accept-Encoding:
      - gzip, deflate
      CommandName:
      - network manager list-effective-config
      Connection:
      - keep-alive
      Content-Length:
      - '2'
      Content-Type:
      - application/json
      ParameterSetName:
      - --virtual-network-name -g
      User-Agent:
      - AZURECLI/2.30.0 azsdk-python-mgmt-network/1.0.0b1 Python/3.8.3 (Windows-10-10.0.18362-SP0)
    method: POST
    uri: https://management.azure.com/subscriptions/00000000-0000-0000-0000-000000000000/resourceGroups/test_network_manager_list_queries000001/providers/Microsoft.Network/virtualNetworks/clitest.vn000002/listNetworkManagerEffectiveConnectivityConfigurations?api-version=2021-02-01-preview
  response:
    body:
      string: '{"skipToken":"","value":[]}'
    headers:
      cache-control:
      - no-cache
      content-length:
      - '27'
      content-type:
      - application/json; charset=utf-8
      date:
      - Tue, 02 Nov 2021 08:59:44 GMT
      expires:
      - '-1'
      pragma:
      - no-cache
      server:
      - Kestrel
      strict-transport-security:
      - max-age=31536000; includeSubDomains
      transfer-encoding:
      - chunked
      vary:
      - Accept-Encoding
      x-content-type-options:
      - nosniff
      x-ms-ratelimit-remaining-subscription-writes:
      - '1198'
    status:
      code: 200
      message: OK
- request:
    body: '{}'
    headers:
      Accept:
      - application/json
      Accept-Encoding:
      - gzip, deflate
      CommandName:
      - network manager list-effective-security-admin-rule
      Connection:
      - keep-alive
      Content-Length:
      - '2'
      Content-Type:
      - application/json
      ParameterSetName:
      - --virtual-network-name -g
      User-Agent:
      - AZURECLI/2.30.0 azsdk-python-mgmt-network/1.0.0b1 Python/3.8.3 (Windows-10-10.0.18362-SP0)
    method: POST
    uri: https://management.azure.com/subscriptions/00000000-0000-0000-0000-000000000000/resourceGroups/test_network_manager_list_queries000001/providers/Microsoft.Network/virtualNetworks/clitest.vn000002/listNetworkManagerEffectiveSecurityAdminRules?api-version=2021-02-01-preview
  response:
    body:
      string: '{"skipToken":"","value":[]}'
    headers:
      cache-control:
      - no-cache
      content-length:
      - '27'
      content-type:
      - application/json; charset=utf-8
      date:
      - Tue, 02 Nov 2021 08:59:48 GMT
      expires:
      - '-1'
      pragma:
      - no-cache
      server:
      - Kestrel
      strict-transport-security:
      - max-age=31536000; includeSubDomains
      transfer-encoding:
      - chunked
      vary:
      - Accept-Encoding
      x-content-type-options:
      - nosniff
      x-ms-ratelimit-remaining-subscription-writes:
      - '1199'
    status:
      code: 200
      message: OK
- request:
    body: '{}'
    headers:
      Accept:
      - application/json
      Accept-Encoding:
      - gzip, deflate
      CommandName:
      - network manager list-active-security-admin-rule
      Connection:
      - keep-alive
      Content-Length:
      - '2'
      Content-Type:
      - application/json
      ParameterSetName:
      - --network-manager-name -g --regions
      User-Agent:
      - AZURECLI/2.30.0 azsdk-python-mgmt-network/1.0.0b1 Python/3.8.3 (Windows-10-10.0.18362-SP0)
    method: POST
    uri: https://management.azure.com/subscriptions/00000000-0000-0000-0000-000000000000/resourceGroups/test_network_manager_list_queries000001/providers/Microsoft.Network/networkManagers/TestNetworkManager/listActiveSecurityAdminRules?api-version=2021-02-01-preview
  response:
    body:
      string: '{"skipToken":"","value":[]}'
    headers:
      cache-control:
      - no-cache
      content-length:
      - '27'
      content-type:
      - application/json; charset=utf-8
      date:
      - Tue, 02 Nov 2021 08:59:52 GMT
      expires:
      - '-1'
      pragma:
      - no-cache
      server:
      - Kestrel
      strict-transport-security:
      - max-age=31536000; includeSubDomains
      transfer-encoding:
      - chunked
      vary:
      - Accept-Encoding
      x-content-type-options:
      - nosniff
      x-ms-ratelimit-remaining-subscription-writes:
      - '1199'
    status:
      code: 200
      message: OK
version: 1
