interactions:
- request:
    body: '{"location": "eastus2", "properties": {"description": "My Test Network
      Manager", "networkManagerScopeAccesses": ["SecurityAdmin", "Connectivity"],
      "networkManagerScopes": {"subscriptions": ["/subscriptions/00000000-0000-0000-0000-000000000000"]}}}'
    headers:
      Accept:
      - application/json
      Accept-Encoding:
      - gzip, deflate
      CommandName:
      - network manager create
      Connection:
      - keep-alive
      Content-Length:
      - '247'
      Content-Type:
      - application/json
      ParameterSetName:
      - --name --description --scope-accesses --network-manager-scopes -l --resource-group
      User-Agent:
      - AZURECLI/2.51.0 (PIP) (AAZ) azsdk-python-core/1.26.0 Python/3.9.13 (Windows-10-10.0.19045-SP0)
    method: PUT
    uri: https://management.azure.com/subscriptions/00000000-0000-0000-0000-000000000000/resourceGroups/test_network_manager_admin_rule_collection_crud000001/providers/Microsoft.Network/networkManagers/TestNetworkManager?api-version=2022-01-01
  response:
    body:
      string: '{"name":"TestNetworkManager","id":"/subscriptions/00000000-0000-0000-0000-000000000000/resourceGroups/test_network_manager_admin_rule_collection_crud000001/providers/Microsoft.Network/networkManagers/TestNetworkManager","location":"eastus2","type":"Microsoft.Network/networkManagers","tags":{},"etag":"","properties":{"description":"My
        Test Network Manager","networkManagerScopes":{"managementGroups":[],"subscriptions":["/subscriptions/00000000-0000-0000-0000-000000000000"],"crossTenantScopes":[]},"provisioningState":"Succeeded","networkManagerScopeAccesses":["SecurityAdmin","Connectivity"],"resourceGuid":"e343783d-c631-4781-abd3-6d1e1003917c"},"systemData":{"createdBy":"zhiyihuang@microsoft.com","createdByType":"User","createdAt":"2023-08-28T04:03:06.3463733Z","lastModifiedBy":"zhiyihuang@microsoft.com","lastModifiedByType":"User","lastModifiedAt":"2023-08-28T04:03:06.3463733Z"}}'
    headers:
      cache-control:
      - no-cache
      content-length:
      - '890'
      content-type:
      - application/json; charset=utf-8
      date:
      - Mon, 28 Aug 2023 04:03:07 GMT
      expires:
      - '-1'
      pragma:
      - no-cache
      server:
      - Kestrel
      strict-transport-security:
      - max-age=31536000; includeSubDomains
      transfer-encoding:
      - chunked
      vary:
      - Accept-Encoding
      x-content-type-options:
      - nosniff
      x-ms-operation-identifier:
      - tenantId=54826b22-38d6-4fb2-bad9-b7b93a3e9c5a,objectId=a7250e3a-0e5e-48e2-9a34-45f1f5e1a91e/eastus2euap/55c42db3-e896-4d8c-8c18-5ccaa4d9046a
      x-ms-ratelimit-remaining-subscription-writes:
      - '1193'
    status:
      code: 200
      message: OK
- request:
    body: '{"properties": {"description": "A sample policy"}}'
    headers:
      Accept:
      - application/json
      Accept-Encoding:
      - gzip, deflate
      CommandName:
      - network manager group create
      Connection:
      - keep-alive
      Content-Length:
      - '50'
      Content-Type:
      - application/json
      ParameterSetName:
      - --name --network-manager-name --description -g
      User-Agent:
      - AZURECLI/2.51.0 (PIP) (AAZ) azsdk-python-core/1.26.0 Python/3.9.13 (Windows-10-10.0.19045-SP0)
    method: PUT
    uri: https://management.azure.com/subscriptions/00000000-0000-0000-0000-000000000000/resourceGroups/test_network_manager_admin_rule_collection_crud000001/providers/Microsoft.Network/networkManagers/TestNetworkManager/networkGroups/TestNetworkGroup?api-version=2022-01-01
  response:
    body:
      string: '{"name":"TestNetworkGroup","id":"/subscriptions/00000000-0000-0000-0000-000000000000/resourceGroups/test_network_manager_admin_rule_collection_crud000001/providers/Microsoft.Network/networkManagers/TestNetworkManager/networkGroups/TestNetworkGroup","type":"Microsoft.Network/networkManagers/networkGroups","etag":"","properties":{"description":"A
        sample policy","provisioningState":"Succeeded","memberType":"VirtualNetwork","resourceGuid":"32c6e631-1e57-488b-a58c-d1b34e1dcdf1"},"systemData":{"createdBy":"zhiyihuang@microsoft.com","createdByType":"User","createdAt":"2023-08-28T04:03:09.0092635Z","lastModifiedBy":"zhiyihuang@microsoft.com","lastModifiedByType":"User","lastModifiedAt":"2023-08-28T04:03:09.0092635Z"}}'
    headers:
      cache-control:
      - no-cache
      content-length:
      - '719'
      content-type:
      - application/json; charset=utf-8
      date:
      - Mon, 28 Aug 2023 04:03:08 GMT
      expires:
      - '-1'
      pragma:
      - no-cache
      server:
      - Kestrel
      strict-transport-security:
      - max-age=31536000; includeSubDomains
      transfer-encoding:
      - chunked
      vary:
      - Accept-Encoding
      x-content-type-options:
      - nosniff
      x-ms-ratelimit-remaining-subscription-writes:
      - '1194'
    status:
      code: 200
      message: OK
- request:
    body: '{"properties": {"resourceId": "/subscriptions/00000000-0000-0000-0000-000000000000/resourceGroups/test_network_manager_admin_rule_collection_crud000001/providers/Microsoft.Network/virtualnetworks/clitest.vn000002"}}'
    headers:
      Accept:
      - application/json
      Accept-Encoding:
      - gzip, deflate
      CommandName:
      - network manager group static-member create
      Connection:
      - keep-alive
      Content-Length:
      - '215'
      Content-Type:
      - application/json
      ParameterSetName:
      - --name --network-group-name --network-manager-name --resource-id -g
      User-Agent:
      - AZURECLI/2.51.0 (PIP) (AAZ) azsdk-python-core/1.26.0 Python/3.9.13 (Windows-10-10.0.19045-SP0)
    method: PUT
    uri: https://management.azure.com/subscriptions/00000000-0000-0000-0000-000000000000/resourceGroups/test_network_manager_admin_rule_collection_crud000001/providers/Microsoft.Network/networkManagers/TestNetworkManager/networkGroups/TestNetworkGroup/staticMembers/TestStaticMember?api-version=2022-01-01
  response:
    body:
      string: '{"name":"TestStaticMember","id":"/subscriptions/00000000-0000-0000-0000-000000000000/resourceGroups/test_network_manager_admin_rule_collection_crud000001/providers/Microsoft.Network/networkManagers/TestNetworkManager/networkGroups/TestNetworkGroup/staticMembers/TestStaticMember","type":"Microsoft.Network/networkManagers/networkGroups/staticMembers","etag":"","properties":{"resourceId":"/subscriptions/00000000-0000-0000-0000-000000000000/resourceGroups/test_network_manager_admin_rule_collection_crud000001/providers/Microsoft.Network/virtualnetworks/clitest.vn000002","provisioningState":"Updating","location":""},"systemData":{"createdBy":"zhiyihuang@microsoft.com","createdByType":"User","createdAt":"2023-08-28T04:03:11.1781749Z","lastModifiedBy":"zhiyihuang@microsoft.com","lastModifiedByType":"User","lastModifiedAt":"2023-08-28T04:03:11.1781749Z"}}'
    headers:
      cache-control:
      - no-cache
      content-length:
      - '858'
      content-type:
      - application/json; charset=utf-8
      date:
      - Mon, 28 Aug 2023 04:03:11 GMT
      expires:
      - '-1'
      pragma:
      - no-cache
      server:
      - Kestrel
      strict-transport-security:
      - max-age=31536000; includeSubDomains
      transfer-encoding:
      - chunked
      vary:
      - Accept-Encoding
      x-content-type-options:
      - nosniff
      x-ms-ratelimit-remaining-subscription-writes:
      - '1197'
    status:
      code: 200
      message: OK
- request:
    body: '{"properties": {"description": "A sample policy"}}'
    headers:
      Accept:
      - application/json
      Accept-Encoding:
      - gzip, deflate
      CommandName:
      - network manager security-admin-config create
      Connection:
      - keep-alive
      Content-Length:
      - '50'
      Content-Type:
      - application/json
      ParameterSetName:
      - --configuration-name --network-manager-name -g --description
      User-Agent:
      - AZURECLI/2.51.0 (PIP) (AAZ) azsdk-python-core/1.26.0 Python/3.9.13 (Windows-10-10.0.19045-SP0)
    method: PUT
    uri: https://management.azure.com/subscriptions/00000000-0000-0000-0000-000000000000/resourceGroups/test_network_manager_admin_rule_collection_crud000001/providers/Microsoft.Network/networkManagers/TestNetworkManager/securityAdminConfigurations/myTestSecurityConfig?api-version=2022-05-01
  response:
    body:
      string: '{"name":"myTestSecurityConfig","id":"/subscriptions/00000000-0000-0000-0000-000000000000/resourceGroups/test_network_manager_admin_rule_collection_crud000001/providers/Microsoft.Network/networkManagers/TestNetworkManager/securityAdminConfigurations/myTestSecurityConfig","type":"Microsoft.Network/networkManagers/securityAdminConfigurations","etag":"","properties":{"description":"A
        sample policy","provisioningState":"Succeeded","resourceGuid":"b2d24587-d30f-49ed-9e6b-b363ee001976","applyOnNetworkIntentPolicyBasedServices":[]},"systemData":{"createdBy":"zhiyihuang@microsoft.com","createdByType":"User","createdAt":"2023-08-28T04:03:13.3419570Z","lastModifiedBy":"zhiyihuang@microsoft.com","lastModifiedByType":"User","lastModifiedAt":"2023-08-28T04:03:13.3419570Z"}}'
    headers:
      cache-control:
      - no-cache
      content-length:
      - '770'
      content-type:
      - application/json; charset=utf-8
      date:
      - Mon, 28 Aug 2023 04:03:13 GMT
      expires:
      - '-1'
      pragma:
      - no-cache
      server:
      - Kestrel
      strict-transport-security:
      - max-age=31536000; includeSubDomains
      transfer-encoding:
      - chunked
      vary:
      - Accept-Encoding
      x-content-type-options:
      - nosniff
      x-ms-ratelimit-remaining-subscription-writes:
      - '1198'
    status:
      code: 200
      message: OK
- request:
    body: '{"properties": {"appliesToGroups": [{"networkGroupId": "/subscriptions/00000000-0000-0000-0000-000000000000/resourceGroups/test_network_manager_admin_rule_collection_crud000001/providers/Microsoft.Network/networkManagers/TestNetworkManager/networkGroups/TestNetworkGroup"}],
      "description": "A sample policy"}}'
    headers:
      Accept:
      - application/json
      Accept-Encoding:
      - gzip, deflate
      CommandName:
      - network manager security-admin-config rule-collection create
      Connection:
      - keep-alive
      Content-Length:
      - '309'
      Content-Type:
      - application/json
      ParameterSetName:
      - --configuration-name --network-manager-name -g --rule-collection-name --description
        --applies-to-groups
      User-Agent:
      - AZURECLI/2.51.0 (PIP) (AAZ) azsdk-python-core/1.26.0 Python/3.9.13 (Windows-10-10.0.19045-SP0)
    method: PUT
    uri: https://management.azure.com/subscriptions/00000000-0000-0000-0000-000000000000/resourceGroups/test_network_manager_admin_rule_collection_crud000001/providers/Microsoft.Network/networkManagers/TestNetworkManager/securityAdminConfigurations/myTestSecurityConfig/ruleCollections/myTestCollection?api-version=2022-01-01
  response:
    body:
      string: '{"name":"myTestCollection","id":"/subscriptions/00000000-0000-0000-0000-000000000000/resourceGroups/test_network_manager_admin_rule_collection_crud000001/providers/Microsoft.Network/networkManagers/TestNetworkManager/securityAdminConfigurations/myTestSecurityConfig/ruleCollections/myTestCollection","type":"Microsoft.Network/networkManagers/securityAdminConfigurations/ruleCollections","etag":"","properties":{"description":"A
        sample policy","appliesToGroups":[{"networkGroupId":"/subscriptions/00000000-0000-0000-0000-000000000000/resourceGroups/test_network_manager_admin_rule_collection_crud000001/providers/Microsoft.Network/networkManagers/TestNetworkManager/networkGroups/TestNetworkGroup"}],"provisioningState":"Succeeded","resourceGuid":"51d7d89d-2a67-40ea-bec2-1fb52a8c38e2"},"systemData":{"createdBy":"zhiyihuang@microsoft.com","createdByType":"User","createdAt":"2023-08-28T04:03:15.4466536Z","lastModifiedBy":"zhiyihuang@microsoft.com","lastModifiedByType":"User","lastModifiedAt":"2023-08-28T04:03:15.4466536Z"}}'
    headers:
      cache-control:
      - no-cache
      content-length:
      - '1026'
      content-type:
      - application/json; charset=utf-8
      date:
      - Mon, 28 Aug 2023 04:03:14 GMT
      expires:
      - '-1'
      pragma:
      - no-cache
      server:
      - Kestrel
      strict-transport-security:
      - max-age=31536000; includeSubDomains
      transfer-encoding:
      - chunked
      vary:
      - Accept-Encoding
      x-content-type-options:
      - nosniff
      x-ms-ratelimit-remaining-subscription-writes:
      - '1193'
    status:
      code: 200
      message: OK
- request:
    body: null
    headers:
      Accept:
      - application/json
      Accept-Encoding:
      - gzip, deflate
      CommandName:
      - network manager security-admin-config rule-collection show
      Connection:
      - keep-alive
      ParameterSetName:
      - -g --configuration-name --network-manager-name --rule-collection-name
      User-Agent:
      - AZURECLI/2.51.0 (PIP) (AAZ) azsdk-python-core/1.26.0 Python/3.9.13 (Windows-10-10.0.19045-SP0)
    method: GET
    uri: https://management.azure.com/subscriptions/00000000-0000-0000-0000-000000000000/resourceGroups/test_network_manager_admin_rule_collection_crud000001/providers/Microsoft.Network/networkManagers/TestNetworkManager/securityAdminConfigurations/myTestSecurityConfig/ruleCollections/myTestCollection?api-version=2022-01-01
  response:
    body:
      string: '{"name":"myTestCollection","id":"/subscriptions/00000000-0000-0000-0000-000000000000/resourceGroups/test_network_manager_admin_rule_collection_crud000001/providers/Microsoft.Network/networkManagers/TestNetworkManager/securityAdminConfigurations/myTestSecurityConfig/ruleCollections/myTestCollection","type":"Microsoft.Network/networkManagers/securityAdminConfigurations/ruleCollections","etag":"\"7000dc6c-0000-0200-0000-64ec1c830000\"","properties":{"description":"A
        sample policy","appliesToGroups":[{"networkGroupId":"/subscriptions/00000000-0000-0000-0000-000000000000/resourceGroups/test_network_manager_admin_rule_collection_crud000001/providers/Microsoft.Network/networkManagers/TestNetworkManager/networkGroups/TestNetworkGroup"}],"provisioningState":"Succeeded","resourceGuid":"51d7d89d-2a67-40ea-bec2-1fb52a8c38e2"},"systemData":{"createdBy":"zhiyihuang@microsoft.com","createdByType":"User","createdAt":"2023-08-28T04:03:15.4466536Z","lastModifiedBy":"zhiyihuang@microsoft.com","lastModifiedByType":"User","lastModifiedAt":"2023-08-28T04:03:15.4466536Z"}}'
    headers:
      cache-control:
      - no-cache
      content-length:
      - '1066'
      content-type:
      - application/json; charset=utf-8
      date:
      - Mon, 28 Aug 2023 04:03:17 GMT
      expires:
      - '-1'
      pragma:
      - no-cache
      server:
      - Kestrel
      strict-transport-security:
      - max-age=31536000; includeSubDomains
      transfer-encoding:
      - chunked
      vary:
      - Accept-Encoding
      x-content-type-options:
      - nosniff
    status:
      code: 200
      message: OK
- request:
    body: null
    headers:
      Accept:
      - application/json
      Accept-Encoding:
      - gzip, deflate
      CommandName:
      - network manager security-admin-config rule-collection update
      Connection:
      - keep-alive
      ParameterSetName:
      - -g --configuration-name --network-manager-name --rule-collection-name
      User-Agent:
      - AZURECLI/2.51.0 (PIP) (AAZ) azsdk-python-core/1.26.0 Python/3.9.13 (Windows-10-10.0.19045-SP0)
    method: GET
    uri: https://management.azure.com/subscriptions/00000000-0000-0000-0000-000000000000/resourceGroups/test_network_manager_admin_rule_collection_crud000001/providers/Microsoft.Network/networkManagers/TestNetworkManager/securityAdminConfigurations/myTestSecurityConfig/ruleCollections/myTestCollection?api-version=2022-01-01
  response:
    body:
      string: '{"name":"myTestCollection","id":"/subscriptions/00000000-0000-0000-0000-000000000000/resourceGroups/test_network_manager_admin_rule_collection_crud000001/providers/Microsoft.Network/networkManagers/TestNetworkManager/securityAdminConfigurations/myTestSecurityConfig/ruleCollections/myTestCollection","type":"Microsoft.Network/networkManagers/securityAdminConfigurations/ruleCollections","etag":"\"7000dc6c-0000-0200-0000-64ec1c830000\"","properties":{"description":"A
        sample policy","appliesToGroups":[{"networkGroupId":"/subscriptions/00000000-0000-0000-0000-000000000000/resourceGroups/test_network_manager_admin_rule_collection_crud000001/providers/Microsoft.Network/networkManagers/TestNetworkManager/networkGroups/TestNetworkGroup"}],"provisioningState":"Succeeded","resourceGuid":"51d7d89d-2a67-40ea-bec2-1fb52a8c38e2"},"systemData":{"createdBy":"zhiyihuang@microsoft.com","createdByType":"User","createdAt":"2023-08-28T04:03:15.4466536Z","lastModifiedBy":"zhiyihuang@microsoft.com","lastModifiedByType":"User","lastModifiedAt":"2023-08-28T04:03:15.4466536Z"}}'
    headers:
      cache-control:
      - no-cache
      content-length:
      - '1066'
      content-type:
      - application/json; charset=utf-8
      date:
      - Mon, 28 Aug 2023 04:03:18 GMT
      expires:
      - '-1'
      pragma:
      - no-cache
      server:
      - Kestrel
      strict-transport-security:
      - max-age=31536000; includeSubDomains
      transfer-encoding:
      - chunked
      vary:
      - Accept-Encoding
      x-content-type-options:
      - nosniff
    status:
      code: 200
      message: OK
- request:
    body: '{"properties": {"appliesToGroups": [{"networkGroupId": "/subscriptions/00000000-0000-0000-0000-000000000000/resourceGroups/test_network_manager_admin_rule_collection_crud000001/providers/Microsoft.Network/networkManagers/TestNetworkManager/networkGroups/TestNetworkGroup"}],
      "description": "A sample policy"}}'
    headers:
      Accept:
      - application/json
      Accept-Encoding:
      - gzip, deflate
      CommandName:
      - network manager security-admin-config rule-collection update
      Connection:
      - keep-alive
      Content-Length:
      - '309'
      Content-Type:
      - application/json
      ParameterSetName:
      - -g --configuration-name --network-manager-name --rule-collection-name
      User-Agent:
      - AZURECLI/2.51.0 (PIP) (AAZ) azsdk-python-core/1.26.0 Python/3.9.13 (Windows-10-10.0.19045-SP0)
    method: PUT
    uri: https://management.azure.com/subscriptions/00000000-0000-0000-0000-000000000000/resourceGroups/test_network_manager_admin_rule_collection_crud000001/providers/Microsoft.Network/networkManagers/TestNetworkManager/securityAdminConfigurations/myTestSecurityConfig/ruleCollections/myTestCollection?api-version=2022-01-01
  response:
    body:
      string: '{"name":"myTestCollection","id":"/subscriptions/00000000-0000-0000-0000-000000000000/resourceGroups/test_network_manager_admin_rule_collection_crud000001/providers/Microsoft.Network/networkManagers/TestNetworkManager/securityAdminConfigurations/myTestSecurityConfig/ruleCollections/myTestCollection","type":"Microsoft.Network/networkManagers/securityAdminConfigurations/ruleCollections","etag":"","properties":{"description":"A
        sample policy","appliesToGroups":[{"networkGroupId":"/subscriptions/00000000-0000-0000-0000-000000000000/resourceGroups/test_network_manager_admin_rule_collection_crud000001/providers/Microsoft.Network/networkManagers/TestNetworkManager/networkGroups/TestNetworkGroup"}],"provisioningState":"Succeeded","resourceGuid":"51d7d89d-2a67-40ea-bec2-1fb52a8c38e2"},"systemData":{"createdBy":"zhiyihuang@microsoft.com","createdByType":"User","createdAt":"2023-08-28T04:03:15.4466536Z","lastModifiedBy":"zhiyihuang@microsoft.com","lastModifiedByType":"User","lastModifiedAt":"2023-08-28T04:03:19.9997468Z"}}'
    headers:
      cache-control:
      - no-cache
      content-length:
      - '1026'
      content-type:
      - application/json; charset=utf-8
      date:
      - Mon, 28 Aug 2023 04:03:19 GMT
      expires:
      - '-1'
      pragma:
      - no-cache
      server:
      - Kestrel
      strict-transport-security:
      - max-age=31536000; includeSubDomains
      transfer-encoding:
      - chunked
      vary:
      - Accept-Encoding
      x-content-type-options:
      - nosniff
      x-ms-ratelimit-remaining-subscription-writes:
      - '1197'
    status:
      code: 200
      message: OK
- request:
    body: null
    headers:
      Accept:
      - application/json
      Accept-Encoding:
      - gzip, deflate
      CommandName:
      - network manager security-admin-config rule-collection list
      Connection:
      - keep-alive
      ParameterSetName:
      - -g --configuration-name --network-manager-name
      User-Agent:
      - AZURECLI/2.51.0 (PIP) (AAZ) azsdk-python-core/1.26.0 Python/3.9.13 (Windows-10-10.0.19045-SP0)
    method: GET
    uri: https://management.azure.com/subscriptions/00000000-0000-0000-0000-000000000000/resourceGroups/test_network_manager_admin_rule_collection_crud000001/providers/Microsoft.Network/networkManagers/TestNetworkManager/securityAdminConfigurations/myTestSecurityConfig/ruleCollections?api-version=2022-01-01
  response:
    body:
      string: '{"nextLink":"","value":[{"name":"myTestCollection","id":"/subscriptions/00000000-0000-0000-0000-000000000000/resourceGroups/test_network_manager_admin_rule_collection_crud000001/providers/Microsoft.Network/networkManagers/TestNetworkManager/securityAdminConfigurations/myTestSecurityConfig/ruleCollections/myTestCollection","type":"Microsoft.Network/networkManagers/securityAdminConfigurations/ruleCollections","etag":"\"7000116d-0000-0200-0000-64ec1c880000\"","properties":{"description":"A
        sample policy","appliesToGroups":[{"networkGroupId":"/subscriptions/00000000-0000-0000-0000-000000000000/resourceGroups/test_network_manager_admin_rule_collection_crud000001/providers/Microsoft.Network/networkManagers/TestNetworkManager/networkGroups/TestNetworkGroup"}],"provisioningState":"Succeeded","resourceGuid":"51d7d89d-2a67-40ea-bec2-1fb52a8c38e2"},"systemData":{"createdBy":"zhiyihuang@microsoft.com","createdByType":"User","createdAt":"2023-08-28T04:03:15.4466536Z","lastModifiedBy":"zhiyihuang@microsoft.com","lastModifiedByType":"User","lastModifiedAt":"2023-08-28T04:03:19.9997468Z"}}]}'
    headers:
      cache-control:
      - no-cache
      content-length:
      - '1092'
      content-type:
      - application/json; charset=utf-8
      date:
      - Mon, 28 Aug 2023 04:03:21 GMT
      expires:
      - '-1'
      pragma:
      - no-cache
      server:
      - Kestrel
      strict-transport-security:
      - max-age=31536000; includeSubDomains
      transfer-encoding:
      - chunked
      vary:
      - Accept-Encoding
      x-content-type-options:
      - nosniff
    status:
      code: 200
      message: OK
- request:
    body: null
    headers:
      Accept:
      - '*/*'
      Accept-Encoding:
      - gzip, deflate
      CommandName:
      - network manager security-admin-config rule-collection delete
      Connection:
      - keep-alive
      Content-Length:
      - '0'
      ParameterSetName:
      - -g --configuration-name --network-manager-name --rule-collection-name --force
        --yes
      User-Agent:
      - AZURECLI/2.51.0 (PIP) (AAZ) azsdk-python-core/1.26.0 Python/3.9.13 (Windows-10-10.0.19045-SP0)
    method: DELETE
    uri: https://management.azure.com/subscriptions/00000000-0000-0000-0000-000000000000/resourceGroups/test_network_manager_admin_rule_collection_crud000001/providers/Microsoft.Network/networkManagers/TestNetworkManager/securityAdminConfigurations/myTestSecurityConfig/ruleCollections/myTestCollection?force=true&api-version=2022-01-01
  response:
    body:
      string: ''
    headers:
      cache-control:
      - no-cache
      content-length:
      - '0'
      date:
      - Mon, 28 Aug 2023 04:03:23 GMT
      expires:
      - '-1'
      pragma:
      - no-cache
      server:
      - Kestrel
      strict-transport-security:
      - max-age=31536000; includeSubDomains
      x-content-type-options:
      - nosniff
      x-ms-ratelimit-remaining-subscription-deletes:
      - '14998'
    status:
      code: 200
      message: OK
- request:
    body: null
    headers:
      Accept:
      - '*/*'
      Accept-Encoding:
      - gzip, deflate
      CommandName:
      - network manager security-admin-config delete
      Connection:
      - keep-alive
      Content-Length:
      - '0'
      ParameterSetName:
      - --configuration-name --network-manager-name -g --force --yes
      User-Agent:
      - AZURECLI/2.51.0 (PIP) (AAZ) azsdk-python-core/1.26.0 Python/3.9.13 (Windows-10-10.0.19045-SP0)
    method: DELETE
    uri: https://management.azure.com/subscriptions/00000000-0000-0000-0000-000000000000/resourceGroups/test_network_manager_admin_rule_collection_crud000001/providers/Microsoft.Network/networkManagers/TestNetworkManager/securityAdminConfigurations/myTestSecurityConfig?force=true&api-version=2022-05-01
  response:
    body:
      string: ''
    headers:
      cache-control:
      - no-cache
      content-length:
      - '0'
      date:
      - Mon, 28 Aug 2023 04:03:25 GMT
      expires:
      - '-1'
      pragma:
      - no-cache
      server:
      - Kestrel
      strict-transport-security:
      - max-age=31536000; includeSubDomains
      x-content-type-options:
      - nosniff
      x-ms-ratelimit-remaining-subscription-deletes:
      - '14997'
    status:
      code: 200
      message: OK
- request:
    body: null
    headers:
      Accept:
      - '*/*'
      Accept-Encoding:
      - gzip, deflate
      CommandName:
      - network manager group delete
      Connection:
      - keep-alive
      Content-Length:
      - '0'
      ParameterSetName:
      - -g --name --network-manager-name --force --yes
      User-Agent:
      - AZURECLI/2.51.0 (PIP) (AAZ) azsdk-python-core/1.26.0 Python/3.9.13 (Windows-10-10.0.19045-SP0)
    method: DELETE
    uri: https://management.azure.com/subscriptions/00000000-0000-0000-0000-000000000000/resourceGroups/test_network_manager_admin_rule_collection_crud000001/providers/Microsoft.Network/networkManagers/TestNetworkManager/networkGroups/TestNetworkGroup?force=true&api-version=2022-01-01
  response:
    body:
      string: ''
    headers:
      cache-control:
      - no-cache
      content-length:
      - '0'
      date:
      - Mon, 28 Aug 2023 04:03:28 GMT
      expires:
      - '-1'
      pragma:
      - no-cache
      server:
      - Kestrel
      strict-transport-security:
      - max-age=31536000; includeSubDomains
      x-content-type-options:
      - nosniff
      x-ms-ratelimit-remaining-subscription-deletes:
      - '14996'
    status:
      code: 200
      message: OK
- request:
    body: null
    headers:
      Accept:
      - '*/*'
      Accept-Encoding:
      - gzip, deflate
      CommandName:
      - network manager delete
      Connection:
      - keep-alive
      Content-Length:
      - '0'
      ParameterSetName:
      - --resource-group --name --force --yes
      User-Agent:
      - AZURECLI/2.51.0 (PIP) (AAZ) azsdk-python-core/1.26.0 Python/3.9.13 (Windows-10-10.0.19045-SP0)
    method: DELETE
    uri: https://management.azure.com/subscriptions/00000000-0000-0000-0000-000000000000/resourceGroups/test_network_manager_admin_rule_collection_crud000001/providers/Microsoft.Network/networkManagers/TestNetworkManager?force=true&api-version=2022-01-01
  response:
    body:
      string: ''
    headers:
      cache-control:
      - no-cache
      content-length:
      - '0'
      date:
      - Mon, 28 Aug 2023 04:03:31 GMT
      expires:
      - '-1'
      pragma:
      - no-cache
      server:
      - Kestrel
      strict-transport-security:
      - max-age=31536000; includeSubDomains
      x-content-type-options:
      - nosniff
      x-ms-ratelimit-remaining-subscription-deletes:
      - '14995'
    status:
      code: 200
      message: OK
version: 1
