interactions:
- request:
    body: '{"location": "eastus2euap", "properties": {"displayName": "TestNetworkManager",
      "description": "My Test Network Manager", "networkManagerScopes": {"subscriptions":
      ["/subscriptions/00000000-0000-0000-0000-000000000000"]}, "networkManagerScopeAccesses":
      ["SecurityUser", "Connectivity"]}}'
    headers:
      Accept:
      - application/json
      Accept-Encoding:
      - gzip, deflate
      CommandName:
      - network manager create
      Connection:
      - keep-alive
      Content-Length:
      - '287'
      Content-Type:
      - application/json
      ParameterSetName:
      - --name --description --display-name --scope-accesses --network-manager-scopes
        -l --resource-group
      User-Agent:
      - AZURECLI/2.29.0 azsdk-python-mgmt-network/1.0.0b1 Python/3.8.3 (Windows-10-10.0.18362-SP0)
    method: PUT
    uri: https://management.azure.com/subscriptions/00000000-0000-0000-0000-000000000000/resourceGroups/test_network_manager_list_queries000001/providers/Microsoft.Network/networkManagers/TestNetworkManager?api-version=2021-02-01-preview
  response:
    body:
      string: '{"name":"TestNetworkManager","id":"/subscriptions/00000000-0000-0000-0000-000000000000/resourceGroups/test_network_manager_list_queries000001/providers/Microsoft.Network/networkManagers/TestNetworkManager","location":"eastus2euap","type":"Microsoft.Network/networkManagers","tags":{},"etag":"","properties":{"displayName":"TestNetworkManager","description":"My
        Test Network Manager","networkManagerScopes":{"managementGroups":[],"subscriptions":["/subscriptions/00000000-0000-0000-0000-000000000000"]},"provisioningState":"Succeeded","networkManagerScopeAccesses":["SEcurityUser","Connectivity"],"resourceGuid":"a62237ed-429c-433b-8eaf-adddac3c709c"},"systemData":{"createdBy":"v-kaisun@microsoft.com","createdByType":"User","createdAt":"2021-10-13T03:16:52.4715833Z","lastModifiedBy":"v-kaisun@microsoft.com","lastModifiedByType":"User","lastModifiedAt":"2021-10-13T03:16:52.4715833Z"}}'
    headers:
      cache-control:
      - no-cache
      content-length:
      - '923'
      content-type:
      - application/json; charset=utf-8
      date:
      - Wed, 13 Oct 2021 03:17:00 GMT
      expires:
      - '-1'
      pragma:
      - no-cache
      server:
      - Kestrel
      strict-transport-security:
      - max-age=31536000; includeSubDomains
      transfer-encoding:
      - chunked
      vary:
      - Accept-Encoding
      x-content-type-options:
      - nosniff
      x-ms-ratelimit-remaining-subscription-writes:
      - '1198'
    status:
      code: 200
      message: OK
- request:
    body: '{"properties": {"displayName": "ASampleGroup", "description": "A sample
      policy", "memberType": "VirtualNetwork", "groupMembers": [{"resourceId": "/subscriptions/00000000-0000-0000-0000-000000000000/resourceGroups/test_network_manager_list_queries000001/providers/Microsoft.Network/virtualnetworks/clitest.vn000002"}],
      "conditionalMembership": ""}}'
    headers:
      Accept:
      - application/json
      Accept-Encoding:
      - gzip, deflate
      CommandName:
      - network manager group create
      Connection:
      - keep-alive
      Content-Length:
      - '391'
      Content-Type:
      - application/json
      ParameterSetName:
      - --name --network-manager-name --description --conditional-membership --display-name
        --member-type -g --group-members
      User-Agent:
      - AZURECLI/2.29.0 azsdk-python-mgmt-network/1.0.0b1 Python/3.8.3 (Windows-10-10.0.18362-SP0)
    method: PUT
    uri: https://management.azure.com/subscriptions/00000000-0000-0000-0000-000000000000/resourceGroups/test_network_manager_list_queries000001/providers/Microsoft.Network/networkManagers/TestNetworkManager/networkGroups/TestNetworkGroup?api-version=2021-02-01-preview
  response:
    body:
      string: '{"name":"TestNetworkGroup","id":"/subscriptions/00000000-0000-0000-0000-000000000000/resourceGroups/test_network_manager_list_queries000001/providers/Microsoft.Network/networkManagers/TestNetworkManager/networkGroups/TestNetworkGroup","type":"Microsoft.Network/networkManagers/networkGroups","etag":"","properties":{"displayName":"ASampleGroup","description":"A
        sample policy","groupMembers":[{"resourceId":"/subscriptions/00000000-0000-0000-0000-000000000000/resourceGroups/test_network_manager_list_queries000001/providers/Microsoft.Network/virtualnetworks/clitest.vn000002"}],"conditionalMembership":"","provisioningState":"Succeeded","resourceGuid":"2e8037ca-44a6-4911-85cd-da8ddb162620"},"systemData":{"createdBy":"v-kaisun@microsoft.com","createdByType":"User","createdAt":"2021-10-13T03:17:01.781487Z","lastModifiedBy":"v-kaisun@microsoft.com","lastModifiedByType":"User","lastModifiedAt":"2021-10-13T03:17:01.781487Z"}}'
    headers:
      cache-control:
      - no-cache
      content-length:
      - '1007'
      content-type:
      - application/json; charset=utf-8
      date:
      - Wed, 13 Oct 2021 03:17:04 GMT
      expires:
      - '-1'
      pragma:
      - no-cache
      server:
      - Kestrel
      strict-transport-security:
      - max-age=31536000; includeSubDomains
      transfer-encoding:
      - chunked
      vary:
      - Accept-Encoding
      x-content-type-options:
      - nosniff
      x-ms-ratelimit-remaining-subscription-writes:
      - '1199'
    status:
      code: 200
      message: OK
- request:
    body: '{"regions": ["eastus2euap"], "deploymentTypes": ["Connectivity"]}'
    headers:
      Accept:
      - application/json
      Accept-Encoding:
      - gzip, deflate
      CommandName:
      - network manager deploy-status list
      Connection:
      - keep-alive
      Content-Length:
      - '65'
      Content-Type:
      - application/json
      ParameterSetName:
      - --network-manager-name --deployment-types --regions --resource-group
      User-Agent:
      - AZURECLI/2.29.0 azsdk-python-mgmt-network/1.0.0b1 Python/3.8.3 (Windows-10-10.0.18362-SP0)
    method: POST
    uri: https://management.azure.com/subscriptions/00000000-0000-0000-0000-000000000000/resourceGroups/test_network_manager_list_queries000001/providers/Microsoft.Network/networkManagers/TestNetworkManager/listDeploymentStatus?api-version=2021-02-01-preview
  response:
    body:
      string: '{"skipToken":"","value":[]}'
    headers:
      cache-control:
      - no-cache
      content-length:
      - '27'
      content-type:
      - application/json; charset=utf-8
      date:
      - Wed, 13 Oct 2021 03:17:08 GMT
      expires:
      - '-1'
      pragma:
      - no-cache
      server:
      - Kestrel
      strict-transport-security:
      - max-age=31536000; includeSubDomains
      transfer-encoding:
      - chunked
      vary:
      - Accept-Encoding
      x-content-type-options:
      - nosniff
      x-ms-ratelimit-remaining-subscription-writes:
      - '1199'
    status:
      code: 200
      message: OK
- request:
    body: '{}'
    headers:
      Accept:
      - application/json
      Accept-Encoding:
      - gzip, deflate
      CommandName:
      - network manager effect-vnet list-by-network-group
      Connection:
      - keep-alive
      Content-Length:
      - '2'
      Content-Type:
      - application/json
      ParameterSetName:
      - --network-group-name --network-manager-name --resource-group
      User-Agent:
      - AZURECLI/2.29.0 azsdk-python-mgmt-network/1.0.0b1 Python/3.8.3 (Windows-10-10.0.18362-SP0)
    method: POST
    uri: https://management.azure.com/subscriptions/00000000-0000-0000-0000-000000000000/resourceGroups/test_network_manager_list_queries000001/providers/Microsoft.Network/networkManagers/TestNetworkManager/networkGroups/TestNetworkGroup/listEffectiveVirtualNetworks?api-version=2021-02-01-preview
  response:
    body:
      string: '{"skipToken":"","value":[{"id":"/subscriptions/00000000-0000-0000-0000-000000000000/resourceGroups/test_network_manager_list_queries000001/providers/Microsoft.Network/virtualNetworks/clitest.vn000002","location":"eastus2euap","membershipType":"Dynamic"}]}'
    headers:
      cache-control:
      - no-cache
      content-length:
      - '299'
      content-type:
      - application/json; charset=utf-8
      date:
      - Wed, 13 Oct 2021 03:17:12 GMT
      expires:
      - '-1'
      pragma:
      - no-cache
      server:
      - Kestrel
      strict-transport-security:
      - max-age=31536000; includeSubDomains
      transfer-encoding:
      - chunked
      vary:
      - Accept-Encoding
      x-content-type-options:
      - nosniff
      x-ms-ratelimit-remaining-subscription-writes:
      - '1199'
    status:
      code: 200
      message: OK
- request:
    body: '{}'
    headers:
      Accept:
      - application/json
      Accept-Encoding:
      - gzip, deflate
      CommandName:
      - network manager effect-vnet list-by-network-manager
      Connection:
      - keep-alive
      Content-Length:
      - '2'
      Content-Type:
      - application/json
      ParameterSetName:
      - --network-manager-name --resource-group
      User-Agent:
      - AZURECLI/2.29.0 azsdk-python-mgmt-network/1.0.0b1 Python/3.8.3 (Windows-10-10.0.18362-SP0)
    method: POST
    uri: https://management.azure.com/subscriptions/00000000-0000-0000-0000-000000000000/resourceGroups/test_network_manager_list_queries000001/providers/Microsoft.Network/networkManagers/TestNetworkManager/listEffectiveVirtualNetworks?api-version=2021-02-01-preview
  response:
    body:
      string: '{"skipToken":"","value":[]}'
    headers:
      cache-control:
      - no-cache
      content-length:
      - '27'
      content-type:
      - application/json; charset=utf-8
      date:
      - Wed, 13 Oct 2021 03:17:14 GMT
      expires:
      - '-1'
      pragma:
      - no-cache
      server:
      - Kestrel
      strict-transport-security:
      - max-age=31536000; includeSubDomains
      transfer-encoding:
      - chunked
      vary:
      - Accept-Encoding
      x-content-type-options:
      - nosniff
      x-ms-ratelimit-remaining-subscription-writes:
      - '1199'
    status:
      code: 200
      message: OK
- request:
    body: '{}'
    headers:
      Accept:
      - application/json
      Accept-Encoding:
      - gzip, deflate
      CommandName:
      - network manager active-config list
      Connection:
      - keep-alive
      Content-Length:
      - '2'
      Content-Type:
      - application/json
      ParameterSetName:
      - --network-manager-name --resource-group
      User-Agent:
      - AZURECLI/2.29.0 azsdk-python-mgmt-network/1.0.0b1 Python/3.8.3 (Windows-10-10.0.18362-SP0)
    method: POST
    uri: https://management.azure.com/subscriptions/00000000-0000-0000-0000-000000000000/resourceGroups/test_network_manager_list_queries000001/providers/Microsoft.Network/networkManagers/TestNetworkManager/listActiveConnectivityConfigurations?api-version=2021-02-01-preview
  response:
    body:
      string: '{"skipToken":"","value":[]}'
    headers:
      cache-control:
      - no-cache
      content-length:
      - '27'
      content-type:
      - application/json; charset=utf-8
      date:
      - Wed, 13 Oct 2021 03:17:16 GMT
      expires:
      - '-1'
      pragma:
      - no-cache
      server:
      - Kestrel
      strict-transport-security:
      - max-age=31536000; includeSubDomains
      transfer-encoding:
      - chunked
      vary:
      - Accept-Encoding
      x-content-type-options:
      - nosniff
      x-ms-ratelimit-remaining-subscription-writes:
      - '1199'
    status:
      code: 200
      message: OK
- request:
    body: '{}'
    headers:
      Accept:
      - application/json
      Accept-Encoding:
      - gzip, deflate
      CommandName:
      - network manager effective-config list
      Connection:
      - keep-alive
      Content-Length:
      - '2'
      Content-Type:
      - application/json
      ParameterSetName:
      - --virtual-network-name -g
      User-Agent:
      - AZURECLI/2.29.0 azsdk-python-mgmt-network/1.0.0b1 Python/3.8.3 (Windows-10-10.0.18362-SP0)
    method: POST
    uri: https://management.azure.com/subscriptions/00000000-0000-0000-0000-000000000000/resourceGroups/test_network_manager_list_queries000001/providers/Microsoft.Network/virtualNetworks/clitest.vn000002/listNetworkManagerEffectiveConnectivityConfigurations?api-version=2021-02-01-preview
  response:
    body:
      string: '{"skipToken":"","value":[]}'
    headers:
      cache-control:
      - no-cache
      content-length:
      - '27'
      content-type:
      - application/json; charset=utf-8
      date:
      - Wed, 13 Oct 2021 03:17:19 GMT
      expires:
      - '-1'
      pragma:
      - no-cache
      server:
      - Kestrel
      strict-transport-security:
      - max-age=31536000; includeSubDomains
      transfer-encoding:
      - chunked
      vary:
      - Accept-Encoding
      x-content-type-options:
      - nosniff
      x-ms-ratelimit-remaining-subscription-writes:
      - '1197'
    status:
      code: 200
      message: OK
- request:
    body: '{}'
    headers:
      Accept:
      - application/json
      Accept-Encoding:
      - gzip, deflate
      CommandName:
      - network manager active-security-admin-rule list
      Connection:
      - keep-alive
      Content-Length:
      - '2'
      Content-Type:
      - application/json
      ParameterSetName:
      - --network-manager-name -g --regions
      User-Agent:
      - AZURECLI/2.29.0 azsdk-python-mgmt-network/1.0.0b1 Python/3.8.3 (Windows-10-10.0.18362-SP0)
    method: POST
    uri: https://management.azure.com/subscriptions/00000000-0000-0000-0000-000000000000/resourceGroups/test_network_manager_list_queries000001/providers/Microsoft.Network/networkManagers/TestNetworkManager/listActiveSecurityAdminRules?api-version=2021-02-01-preview
  response:
    body:
      string: '{"skipToken":"","value":[]}'
    headers:
      cache-control:
      - no-cache
      content-length:
      - '27'
      content-type:
      - application/json; charset=utf-8
      date:
      - Wed, 13 Oct 2021 03:17:21 GMT
      expires:
      - '-1'
      pragma:
      - no-cache
      server:
      - Kestrel
      strict-transport-security:
      - max-age=31536000; includeSubDomains
      transfer-encoding:
      - chunked
      vary:
      - Accept-Encoding
      x-content-type-options:
      - nosniff
      x-ms-ratelimit-remaining-subscription-writes:
      - '1199'
    status:
      code: 200
      message: OK
version: 1
