interactions:
- request:
    body: '{"location": "eastus2euap", "properties": {"displayName": "TestNetworkManager",
      "description": "My Test Network Manager", "networkManagerScopes": {"subscriptions":
      ["/subscriptions/00000000-0000-0000-0000-000000000000"]}, "networkManagerScopeAccesses":
      ["SecurityAdmin", "Connectivity"]}}'
    headers:
      Accept:
      - application/json
      Accept-Encoding:
      - gzip, deflate
      CommandName:
      - network manager create
      Connection:
      - keep-alive
      Content-Length:
      - '288'
      Content-Type:
      - application/json
      ParameterSetName:
      - --name --description --display-name --scope-accesses --network-manager-scopes
        -l --resource-group
      User-Agent:
      - AZURECLI/2.31.0 azsdk-python-mgmt-network/1.0.0b1 Python/3.9.5 (Windows-10-10.0.17763-SP0)
    method: PUT
    uri: https://management.azure.com/subscriptions/00000000-0000-0000-0000-000000000000/resourceGroups/test_network_manager_security_admin_config000001/providers/Microsoft.Network/networkManagers/TestNetworkManager?api-version=2021-05-01-preview
  response:
    body:
      string: '{"name":"TestNetworkManager","id":"/subscriptions/00000000-0000-0000-0000-000000000000/resourceGroups/test_network_manager_security_admin_config000001/providers/Microsoft.Network/networkManagers/TestNetworkManager","location":"eastus2euap","type":"Microsoft.Network/networkManagers","tags":{},"etag":"","properties":{"displayName":"TestNetworkManager","description":"My
        Test Network Manager","networkManagerScopes":{"managementGroups":[],"subscriptions":["/subscriptions/00000000-0000-0000-0000-000000000000"],"multiTenantScopes":[]},"provisioningState":"Succeeded","networkManagerScopeAccesses":["SecurityAdmin","Connectivity"],"resourceGuid":"9a3583de-78cb-497b-a2a8-d2d5290d7943"},"systemData":{"createdBy":"v-taoxuzeng@microsoft.com","createdByType":"User","createdAt":"2022-03-07T09:36:37.1959036Z","lastModifiedBy":"v-taoxuzeng@microsoft.com","lastModifiedByType":"User","lastModifiedAt":"2022-03-07T09:36:37.1959036Z"}}'
    headers:
      cache-control:
      - no-cache
      content-length:
      - '926'
      content-type:
      - application/json; charset=utf-8
      date:
      - Mon, 07 Mar 2022 09:36:42 GMT
      expires:
      - '-1'
      pragma:
      - no-cache
      server:
      - Kestrel
      strict-transport-security:
      - max-age=31536000; includeSubDomains
      transfer-encoding:
      - chunked
      vary:
      - Accept-Encoding
      x-content-type-options:
      - nosniff
      x-ms-ratelimit-remaining-subscription-writes:
      - '1198'
    status:
      code: 200
      message: OK
- request:
    body: '{"properties": {"displayName": "MyTestConfig", "description": "A sample
      policy", "deleteExistingNSGs": "True"}}'
    headers:
      Accept:
      - application/json
      Accept-Encoding:
      - gzip, deflate
      CommandName:
      - network manager security-admin-config create
      Connection:
      - keep-alive
      Content-Length:
      - '111'
      Content-Type:
      - application/json
      ParameterSetName:
      - --configuration-name --network-manager-name -g --description --delete-existing-ns-gs
        --display-name
      User-Agent:
      - AZURECLI/2.31.0 azsdk-python-mgmt-network/1.0.0b1 Python/3.9.5 (Windows-10-10.0.17763-SP0)
    method: PUT
    uri: https://management.azure.com/subscriptions/00000000-0000-0000-0000-000000000000/resourceGroups/test_network_manager_security_admin_config000001/providers/Microsoft.Network/networkManagers/TestNetworkManager/securityAdminConfigurations/myTestSecurityConfig?api-version=2021-05-01-preview
  response:
    body:
      string: '{"name":"myTestSecurityConfig","id":"/subscriptions/00000000-0000-0000-0000-000000000000/resourceGroups/test_network_manager_security_admin_config000001/providers/Microsoft.Network/networkManagers/TestNetworkManager/securityAdminConfigurations/myTestSecurityConfig","type":"Microsoft.Network/networkManagers/securityAdminConfigurations","etag":"","properties":{"displayName":"MyTestConfig","description":"A
        sample policy","provisioningState":"Succeeded","resourceGuid":"3455890a-2c32-49b0-a376-bd12ce812625","applyOnNetworkIntentPolicyBasedServices":[]},"systemData":{"createdBy":"v-taoxuzeng@microsoft.com","createdByType":"User","createdAt":"2022-03-07T09:36:43.9402828Z","lastModifiedBy":"v-taoxuzeng@microsoft.com","lastModifiedByType":"User","lastModifiedAt":"2022-03-07T09:36:43.9402828Z"}}'
    headers:
      cache-control:
      - no-cache
      content-length:
      - '796'
      content-type:
      - application/json; charset=utf-8
      date:
      - Mon, 07 Mar 2022 09:36:44 GMT
      expires:
      - '-1'
      pragma:
      - no-cache
      server:
      - Kestrel
      strict-transport-security:
      - max-age=31536000; includeSubDomains
      transfer-encoding:
      - chunked
      vary:
      - Accept-Encoding
      x-content-type-options:
      - nosniff
      x-ms-ratelimit-remaining-subscription-writes:
      - '1199'
    status:
      code: 200
      message: OK
- request:
    body: null
    headers:
      Accept:
      - application/json
      Accept-Encoding:
      - gzip, deflate
      CommandName:
      - network manager security-admin-config update
      Connection:
      - keep-alive
      ParameterSetName:
      - --configuration-name --network-manager-name -g --description
      User-Agent:
      - AZURECLI/2.31.0 azsdk-python-mgmt-network/1.0.0b1 Python/3.9.5 (Windows-10-10.0.17763-SP0)
    method: GET
    uri: https://management.azure.com/subscriptions/00000000-0000-0000-0000-000000000000/resourceGroups/test_network_manager_security_admin_config000001/providers/Microsoft.Network/networkManagers/TestNetworkManager/securityAdminConfigurations/myTestSecurityConfig?api-version=2021-05-01-preview
  response:
    body:
      string: '{"name":"myTestSecurityConfig","id":"/subscriptions/00000000-0000-0000-0000-000000000000/resourceGroups/test_network_manager_security_admin_config000001/providers/Microsoft.Network/networkManagers/TestNetworkManager/securityAdminConfigurations/myTestSecurityConfig","type":"Microsoft.Network/networkManagers/securityAdminConfigurations","etag":"\"0000ad7a-0000-3400-0000-6225d22c0000\"","properties":{"displayName":"MyTestConfig","description":"A
        sample policy","provisioningState":"Succeeded","resourceGuid":"3455890a-2c32-49b0-a376-bd12ce812625","applyOnNetworkIntentPolicyBasedServices":[]},"systemData":{"createdBy":"v-taoxuzeng@microsoft.com","createdByType":"User","createdAt":"2022-03-07T09:36:43.9402828Z","lastModifiedBy":"v-taoxuzeng@microsoft.com","lastModifiedByType":"User","lastModifiedAt":"2022-03-07T09:36:43.9402828Z"}}'
    headers:
      cache-control:
      - no-cache
      content-length:
      - '836'
      content-type:
      - application/json; charset=utf-8
      date:
      - Mon, 07 Mar 2022 09:36:46 GMT
      expires:
      - '-1'
      pragma:
      - no-cache
      server:
      - Kestrel
      strict-transport-security:
      - max-age=31536000; includeSubDomains
      transfer-encoding:
      - chunked
      vary:
      - Accept-Encoding
      x-content-type-options:
      - nosniff
    status:
      code: 200
      message: OK
- request:
    body: '{"properties": {"displayName": "MyTestConfig", "description": "test_description",
      "applyOnNetworkIntentPolicyBasedServices": []}}'
    headers:
      Accept:
      - application/json
      Accept-Encoding:
      - gzip, deflate
      CommandName:
      - network manager security-admin-config update
      Connection:
      - keep-alive
      Content-Length:
      - '129'
      Content-Type:
      - application/json
      ParameterSetName:
      - --configuration-name --network-manager-name -g --description
      User-Agent:
      - AZURECLI/2.31.0 azsdk-python-mgmt-network/1.0.0b1 Python/3.9.5 (Windows-10-10.0.17763-SP0)
    method: PUT
    uri: https://management.azure.com/subscriptions/00000000-0000-0000-0000-000000000000/resourceGroups/test_network_manager_security_admin_config000001/providers/Microsoft.Network/networkManagers/TestNetworkManager/securityAdminConfigurations/myTestSecurityConfig?api-version=2021-05-01-preview
  response:
    body:
      string: '{"name":"myTestSecurityConfig","id":"/subscriptions/00000000-0000-0000-0000-000000000000/resourceGroups/test_network_manager_security_admin_config000001/providers/Microsoft.Network/networkManagers/TestNetworkManager/securityAdminConfigurations/myTestSecurityConfig","type":"Microsoft.Network/networkManagers/securityAdminConfigurations","etag":"","properties":{"displayName":"MyTestConfig","description":"test_description","provisioningState":"Succeeded","resourceGuid":"3455890a-2c32-49b0-a376-bd12ce812625","applyOnNetworkIntentPolicyBasedServices":[]},"systemData":{"createdBy":"v-taoxuzeng@microsoft.com","createdByType":"User","createdAt":"2022-03-07T09:36:43.9402828Z","lastModifiedBy":"v-taoxuzeng@microsoft.com","lastModifiedByType":"User","lastModifiedAt":"2022-03-07T09:36:47.1871258Z"}}'
    headers:
      cache-control:
      - no-cache
      content-length:
      - '797'
      content-type:
      - application/json; charset=utf-8
      date:
      - Mon, 07 Mar 2022 09:36:47 GMT
      expires:
      - '-1'
      pragma:
      - no-cache
      server:
      - Kestrel
      strict-transport-security:
      - max-age=31536000; includeSubDomains
      transfer-encoding:
      - chunked
      vary:
      - Accept-Encoding
      x-content-type-options:
      - nosniff
      x-ms-ratelimit-remaining-subscription-writes:
      - '1199'
    status:
      code: 200
      message: OK
- request:
    body: null
    headers:
      Accept:
      - application/json
      Accept-Encoding:
      - gzip, deflate
      CommandName:
      - network manager security-admin-config list
      Connection:
      - keep-alive
      ParameterSetName:
      - --network-manager-name -g
      User-Agent:
      - AZURECLI/2.31.0 azsdk-python-mgmt-network/1.0.0b1 Python/3.9.5 (Windows-10-10.0.17763-SP0)
    method: GET
    uri: https://management.azure.com/subscriptions/00000000-0000-0000-0000-000000000000/resourceGroups/test_network_manager_security_admin_config000001/providers/Microsoft.Network/networkManagers/TestNetworkManager/securityAdminConfigurations?api-version=2021-05-01-preview
  response:
    body:
      string: '{"nextLink":"","value":[{"name":"myTestSecurityConfig","id":"/subscriptions/00000000-0000-0000-0000-000000000000/resourceGroups/test_network_manager_security_admin_config000001/providers/Microsoft.Network/networkManagers/TestNetworkManager/securityAdminConfigurations/myTestSecurityConfig","type":"Microsoft.Network/networkManagers/securityAdminConfigurations","etag":"\"0000ae7a-0000-3400-0000-6225d2300000\"","properties":{"displayName":"MyTestConfig","description":"test_description","provisioningState":"Succeeded","resourceGuid":"3455890a-2c32-49b0-a376-bd12ce812625","applyOnNetworkIntentPolicyBasedServices":[]},"systemData":{"createdBy":"v-taoxuzeng@microsoft.com","createdByType":"User","createdAt":"2022-03-07T09:36:43.9402828Z","lastModifiedBy":"v-taoxuzeng@microsoft.com","lastModifiedByType":"User","lastModifiedAt":"2022-03-07T09:36:47.1871258Z"}}]}'
    headers:
      cache-control:
      - no-cache
      content-length:
      - '863'
      content-type:
      - application/json; charset=utf-8
      date:
      - Mon, 07 Mar 2022 09:36:49 GMT
      expires:
      - '-1'
      pragma:
      - no-cache
      server:
      - Kestrel
      strict-transport-security:
      - max-age=31536000; includeSubDomains
      transfer-encoding:
      - chunked
      vary:
      - Accept-Encoding
      x-content-type-options:
      - nosniff
    status:
      code: 200
      message: OK
- request:
    body: null
    headers:
      Accept:
      - application/json
      Accept-Encoding:
      - gzip, deflate
      CommandName:
      - network manager security-admin-config show
      Connection:
      - keep-alive
      ParameterSetName:
      - --configuration-name --network-manager-name -g
      User-Agent:
      - AZURECLI/2.31.0 azsdk-python-mgmt-network/1.0.0b1 Python/3.9.5 (Windows-10-10.0.17763-SP0)
    method: GET
    uri: https://management.azure.com/subscriptions/00000000-0000-0000-0000-000000000000/resourceGroups/test_network_manager_security_admin_config000001/providers/Microsoft.Network/networkManagers/TestNetworkManager/securityAdminConfigurations/myTestSecurityConfig?api-version=2021-05-01-preview
  response:
    body:
      string: '{"name":"myTestSecurityConfig","id":"/subscriptions/00000000-0000-0000-0000-000000000000/resourceGroups/test_network_manager_security_admin_config000001/providers/Microsoft.Network/networkManagers/TestNetworkManager/securityAdminConfigurations/myTestSecurityConfig","type":"Microsoft.Network/networkManagers/securityAdminConfigurations","etag":"\"0000ae7a-0000-3400-0000-6225d2300000\"","properties":{"displayName":"MyTestConfig","description":"test_description","provisioningState":"Succeeded","resourceGuid":"3455890a-2c32-49b0-a376-bd12ce812625","applyOnNetworkIntentPolicyBasedServices":[]},"systemData":{"createdBy":"v-taoxuzeng@microsoft.com","createdByType":"User","createdAt":"2022-03-07T09:36:43.9402828Z","lastModifiedBy":"v-taoxuzeng@microsoft.com","lastModifiedByType":"User","lastModifiedAt":"2022-03-07T09:36:47.1871258Z"}}'
    headers:
      cache-control:
      - no-cache
      content-length:
      - '837'
      content-type:
      - application/json; charset=utf-8
      date:
      - Mon, 07 Mar 2022 09:36:51 GMT
      expires:
      - '-1'
      pragma:
      - no-cache
      server:
      - Kestrel
      strict-transport-security:
      - max-age=31536000; includeSubDomains
      transfer-encoding:
      - chunked
      vary:
      - Accept-Encoding
      x-content-type-options:
      - nosniff
    status:
      code: 200
      message: OK
- request:
    body: null
    headers:
      Accept:
      - application/json
      Accept-Encoding:
      - gzip, deflate
      CommandName:
      - network manager security-admin-config delete
      Connection:
      - keep-alive
      Content-Length:
      - '0'
      ParameterSetName:
      - --configuration-name --network-manager-name -g --force --yes
      User-Agent:
      - AZURECLI/2.31.0 azsdk-python-mgmt-network/1.0.0b1 Python/3.9.5 (Windows-10-10.0.17763-SP0)
    method: DELETE
    uri: https://management.azure.com/subscriptions/00000000-0000-0000-0000-000000000000/resourceGroups/test_network_manager_security_admin_config000001/providers/Microsoft.Network/networkManagers/TestNetworkManager/securityAdminConfigurations/myTestSecurityConfig?api-version=2021-05-01-preview&force=true
  response:
    body:
      string: ''
    headers:
      cache-control:
      - no-cache
      content-length:
      - '0'
      date:
      - Mon, 07 Mar 2022 09:36:52 GMT
      expires:
      - '-1'
      pragma:
      - no-cache
      server:
      - Kestrel
      strict-transport-security:
      - max-age=31536000; includeSubDomains
      x-content-type-options:
      - nosniff
      x-ms-ratelimit-remaining-subscription-deletes:
      - '14998'
    status:
      code: 200
      message: OK
- request:
    body: null
    headers:
      Accept:
      - application/json
      Accept-Encoding:
      - gzip, deflate
      CommandName:
      - network manager delete
      Connection:
      - keep-alive
      Content-Length:
      - '0'
      ParameterSetName:
      - --resource-group --name --yes
      User-Agent:
      - AZURECLI/2.31.0 azsdk-python-mgmt-network/1.0.0b1 Python/3.9.5 (Windows-10-10.0.17763-SP0)
    method: DELETE
    uri: https://management.azure.com/subscriptions/00000000-0000-0000-0000-000000000000/resourceGroups/test_network_manager_security_admin_config000001/providers/Microsoft.Network/networkManagers/TestNetworkManager?api-version=2021-05-01-preview
  response:
    body:
      string: ''
    headers:
      cache-control:
      - no-cache
      content-length:
      - '0'
      date:
      - Mon, 07 Mar 2022 09:37:00 GMT
      expires:
      - '-1'
      pragma:
      - no-cache
      server:
      - Kestrel
      strict-transport-security:
      - max-age=31536000; includeSubDomains
      x-content-type-options:
      - nosniff
      x-ms-ratelimit-remaining-subscription-deletes:
      - '14998'
    status:
      code: 200
      message: OK
version: 1
