interactions:
- request:
    body: '{"location": "eastus2", "properties": {"description": "My Test Network
      Manager", "networkManagerScopeAccesses": ["SecurityAdmin"], "networkManagerScopes":
      {"subscriptions": ["/subscriptions/00000000-0000-0000-0000-000000000000"]}}}'
    headers:
      Accept:
      - application/json
      Accept-Encoding:
      - gzip, deflate
      CommandName:
      - network manager create
      Connection:
      - keep-alive
      Content-Length:
      - '231'
      Content-Type:
      - application/json
      ParameterSetName:
      - --name --description --scope-accesses --network-manager-scopes -l --resource-group
      User-Agent:
      - AZURECLI/2.65.0 azsdk-python-core/1.28.0 Python/3.11.9 (Windows-10-10.0.26100-SP0)
    method: PUT
    uri: https://management.azure.com/subscriptions/00000000-0000-0000-0000-000000000000/resourceGroups/test_network_manager_security_admin_config_v2000001/providers/Microsoft.Network/networkManagers/TestNetworkManager?api-version=2023-09-01
  response:
    body:
      string: '{"name":"TestNetworkManager","id":"/subscriptions/00000000-0000-0000-0000-000000000000/resourceGroups/test_network_manager_security_admin_config_v2000001/providers/Microsoft.Network/networkManagers/TestNetworkManager","location":"eastus2","type":"Microsoft.Network/networkManagers","tags":{},"etag":"","properties":{"description":"My
        Test Network Manager","networkManagerScopes":{"managementGroups":[],"subscriptions":["/subscriptions/00000000-0000-0000-0000-000000000000"],"crossTenantScopes":[]},"provisioningState":"Succeeded","networkManagerScopeAccesses":["SecurityAdmin"],"resourceGuid":"90ef3275-76bd-4336-95f1-c9c64a5075c5"},"systemData":{"createdBy":"danlope@microsoft.com","createdByType":"User","createdAt":"2024-09-27T18:53:04.2291723Z","lastModifiedBy":"danlope@microsoft.com","lastModifiedByType":"User","lastModifiedAt":"2024-09-27T18:53:04.2291723Z"}}'
    headers:
      cache-control:
      - no-cache
      content-length:
      - '867'
      content-type:
      - application/json; charset=utf-8
      date:
      - Fri, 27 Sep 2024 18:53:05 GMT
      expires:
      - '-1'
      pragma:
      - no-cache
      strict-transport-security:
      - max-age=31536000; includeSubDomains
      x-cache:
      - CONFIG_NOCACHE
      x-content-type-options:
      - nosniff
      x-ms-ratelimit-remaining-subscription-writes:
      - '1199'
      x-msedge-ref:
      - 'Ref A: B7E87514A15E455FA410E8E430D30863 Ref B: SJC211051205039 Ref C: 2024-09-27T18:53:02Z'
    status:
      code: 200
      message: OK
- request:
    body: '{"properties": {"applyOnNetworkIntentPolicyBasedServices": ["None"], "description":
      "A sample policy", "networkGroupAddressSpaceAggregationOption": "Manual"}}'
    headers:
      Accept:
      - application/json
      Accept-Encoding:
      - gzip, deflate
      CommandName:
      - network manager security-admin-config create
      Connection:
      - keep-alive
      Content-Length:
      - '158'
      Content-Type:
      - application/json
      ParameterSetName:
      - --configuration-name --network-manager-name -g --description --apply-on --network-group-address-space-aggregation-option
      User-Agent:
      - AZURECLI/2.65.0 azsdk-python-core/1.28.0 Python/3.11.9 (Windows-10-10.0.26100-SP0)
    method: PUT
    uri: https://management.azure.com/subscriptions/00000000-0000-0000-0000-000000000000/resourceGroups/test_network_manager_security_admin_config_v2000001/providers/Microsoft.Network/networkManagers/TestNetworkManager/securityAdminConfigurations/myTestSecurityConfig?api-version=2024-01-01-preview
  response:
    body:
      string: '{"name":"myTestSecurityConfig","id":"/subscriptions/00000000-0000-0000-0000-000000000000/resourceGroups/test_network_manager_security_admin_config_v2000001/providers/Microsoft.Network/networkManagers/TestNetworkManager/securityAdminConfigurations/myTestSecurityConfig","type":"Microsoft.Network/networkManagers/securityAdminConfigurations","etag":"","properties":{"description":"A
        sample policy","provisioningState":"Succeeded","resourceGuid":"eaf3c776-5dca-4030-a339-32c1b42950d7","applyOnNetworkIntentPolicyBasedServices":["None"],"networkGroupAddressSpaceAggregationOption":"Manual"},"systemData":{"createdBy":"danlope@microsoft.com","createdByType":"User","createdAt":"2024-09-27T18:53:11.0499583Z","lastModifiedBy":"danlope@microsoft.com","lastModifiedByType":"User","lastModifiedAt":"2024-09-27T18:53:11.0499583Z"}}'
    headers:
      cache-control:
      - no-cache
      content-length:
      - '821'
      content-type:
      - application/json; charset=utf-8
      date:
      - Fri, 27 Sep 2024 18:53:11 GMT
      expires:
      - '-1'
      pragma:
      - no-cache
      strict-transport-security:
      - max-age=31536000; includeSubDomains
      x-cache:
      - CONFIG_NOCACHE
      x-content-type-options:
      - nosniff
      x-ms-ratelimit-remaining-subscription-writes:
      - '1199'
      x-msedge-ref:
      - 'Ref A: B05772F338F74E18B19ED36F6BC4860C Ref B: SJC211051204029 Ref C: 2024-09-27T18:53:10Z'
    status:
      code: 200
      message: OK
- request:
    body: null
    headers:
      Accept:
      - application/json
      Accept-Encoding:
      - gzip, deflate
      CommandName:
      - network manager security-admin-config update
      Connection:
      - keep-alive
      ParameterSetName:
      - --configuration-name --network-manager-name -g --description --apply-on --network-group-address-space-aggregation-option
      User-Agent:
      - AZURECLI/2.65.0 azsdk-python-core/1.28.0 Python/3.11.9 (Windows-10-10.0.26100-SP0)
    method: GET
    uri: https://management.azure.com/subscriptions/00000000-0000-0000-0000-000000000000/resourceGroups/test_network_manager_security_admin_config_v2000001/providers/Microsoft.Network/networkManagers/TestNetworkManager/securityAdminConfigurations/myTestSecurityConfig?api-version=2024-01-01-preview
  response:
    body:
      string: '{"name":"myTestSecurityConfig","id":"/subscriptions/00000000-0000-0000-0000-000000000000/resourceGroups/test_network_manager_security_admin_config_v2000001/providers/Microsoft.Network/networkManagers/TestNetworkManager/securityAdminConfigurations/myTestSecurityConfig","type":"Microsoft.Network/networkManagers/securityAdminConfigurations","etag":"\"430429ba-0000-0200-0000-66f6ff170000\"","properties":{"description":"A
        sample policy","provisioningState":"Succeeded","resourceGuid":"eaf3c776-5dca-4030-a339-32c1b42950d7","applyOnNetworkIntentPolicyBasedServices":["None"],"networkGroupAddressSpaceAggregationOption":"Manual"},"systemData":{"createdBy":"danlope@microsoft.com","createdByType":"User","createdAt":"2024-09-27T18:53:11.0499583Z","lastModifiedBy":"danlope@microsoft.com","lastModifiedByType":"User","lastModifiedAt":"2024-09-27T18:53:11.0499583Z"}}'
    headers:
      cache-control:
      - no-cache
      content-length:
      - '861'
      content-type:
      - application/json; charset=utf-8
      date:
      - Fri, 27 Sep 2024 18:53:12 GMT
      expires:
      - '-1'
      pragma:
      - no-cache
      strict-transport-security:
      - max-age=31536000; includeSubDomains
      x-cache:
      - CONFIG_NOCACHE
      x-content-type-options:
      - nosniff
      x-msedge-ref:
      - 'Ref A: ED912C230A504D7E94A3D9F43A3A22A3 Ref B: SJC211051204023 Ref C: 2024-09-27T18:53:12Z'
    status:
      code: 200
      message: OK
- request:
    body: '{"properties": {"applyOnNetworkIntentPolicyBasedServices": ["AllowRulesOnly"],
      "description": "test_description", "networkGroupAddressSpaceAggregationOption":
      "None"}}'
    headers:
      Accept:
      - application/json
      Accept-Encoding:
      - gzip, deflate
      CommandName:
      - network manager security-admin-config update
      Connection:
      - keep-alive
      Content-Length:
      - '167'
      Content-Type:
      - application/json
      ParameterSetName:
      - --configuration-name --network-manager-name -g --description --apply-on --network-group-address-space-aggregation-option
      User-Agent:
      - AZURECLI/2.65.0 azsdk-python-core/1.28.0 Python/3.11.9 (Windows-10-10.0.26100-SP0)
    method: PUT
    uri: https://management.azure.com/subscriptions/00000000-0000-0000-0000-000000000000/resourceGroups/test_network_manager_security_admin_config_v2000001/providers/Microsoft.Network/networkManagers/TestNetworkManager/securityAdminConfigurations/myTestSecurityConfig?api-version=2024-01-01-preview
  response:
    body:
      string: '{"name":"myTestSecurityConfig","id":"/subscriptions/00000000-0000-0000-0000-000000000000/resourceGroups/test_network_manager_security_admin_config_v2000001/providers/Microsoft.Network/networkManagers/TestNetworkManager/securityAdminConfigurations/myTestSecurityConfig","type":"Microsoft.Network/networkManagers/securityAdminConfigurations","etag":"","properties":{"description":"test_description","provisioningState":"Succeeded","resourceGuid":"eaf3c776-5dca-4030-a339-32c1b42950d7","applyOnNetworkIntentPolicyBasedServices":["AllowRulesOnly"],"networkGroupAddressSpaceAggregationOption":"None"},"systemData":{"createdBy":"danlope@microsoft.com","createdByType":"User","createdAt":"2024-09-27T18:53:11.0499583Z","lastModifiedBy":"danlope@microsoft.com","lastModifiedByType":"User","lastModifiedAt":"2024-09-27T18:53:14.6488920Z"}}'
    headers:
      cache-control:
      - no-cache
      content-length:
      - '830'
      content-type:
      - application/json; charset=utf-8
      date:
      - Fri, 27 Sep 2024 18:53:14 GMT
      expires:
      - '-1'
      pragma:
      - no-cache
      strict-transport-security:
      - max-age=31536000; includeSubDomains
      x-cache:
      - CONFIG_NOCACHE
      x-content-type-options:
      - nosniff
      x-ms-ratelimit-remaining-subscription-writes:
      - '1199'
      x-msedge-ref:
      - 'Ref A: 6FFC524AC0CF4F5D92610EE4F34373E7 Ref B: SJC211051204023 Ref C: 2024-09-27T18:53:13Z'
    status:
      code: 200
      message: OK
- request:
    body: null
    headers:
      Accept:
      - application/json
      Accept-Encoding:
      - gzip, deflate
      CommandName:
      - network manager security-admin-config list
      Connection:
      - keep-alive
      ParameterSetName:
      - --network-manager-name -g
      User-Agent:
      - AZURECLI/2.65.0 azsdk-python-core/1.28.0 Python/3.11.9 (Windows-10-10.0.26100-SP0)
    method: GET
    uri: https://management.azure.com/subscriptions/00000000-0000-0000-0000-000000000000/resourceGroups/test_network_manager_security_admin_config_v2000001/providers/Microsoft.Network/networkManagers/TestNetworkManager/securityAdminConfigurations?api-version=2022-05-01
  response:
    body:
      string: '{"nextLink":"","value":[{"name":"myTestSecurityConfig","id":"/subscriptions/00000000-0000-0000-0000-000000000000/resourceGroups/test_network_manager_security_admin_config_v2000001/providers/Microsoft.Network/networkManagers/TestNetworkManager/securityAdminConfigurations/myTestSecurityConfig","type":"Microsoft.Network/networkManagers/securityAdminConfigurations","etag":"\"43045eba-0000-0200-0000-66f6ff1c0000\"","properties":{"description":"test_description","provisioningState":"Succeeded","resourceGuid":"eaf3c776-5dca-4030-a339-32c1b42950d7","applyOnNetworkIntentPolicyBasedServices":["AllowRulesOnly"],"networkGroupAddressSpaceAggregationOption":"None"},"systemData":{"createdBy":"danlope@microsoft.com","createdByType":"User","createdAt":"2024-09-27T18:53:11.0499583Z","lastModifiedBy":"danlope@microsoft.com","lastModifiedByType":"User","lastModifiedAt":"2024-09-27T18:53:14.6488920Z"}}]}'
    headers:
      cache-control:
      - no-cache
      content-length:
      - '896'
      content-type:
      - application/json; charset=utf-8
      date:
      - Fri, 27 Sep 2024 18:53:16 GMT
      expires:
      - '-1'
      pragma:
      - no-cache
      strict-transport-security:
      - max-age=31536000; includeSubDomains
      x-cache:
      - CONFIG_NOCACHE
      x-content-type-options:
      - nosniff
      x-msedge-ref:
      - 'Ref A: 2B2CB879CF4141AC95172F754D475594 Ref B: SJC211051204019 Ref C: 2024-09-27T18:53:16Z'
    status:
      code: 200
      message: OK
- request:
    body: null
    headers:
      Accept:
      - application/json
      Accept-Encoding:
      - gzip, deflate
      CommandName:
      - network manager security-admin-config show
      Connection:
      - keep-alive
      ParameterSetName:
      - --configuration-name --network-manager-name -g
      User-Agent:
      - AZURECLI/2.65.0 azsdk-python-core/1.28.0 Python/3.11.9 (Windows-10-10.0.26100-SP0)
    method: GET
    uri: https://management.azure.com/subscriptions/00000000-0000-0000-0000-000000000000/resourceGroups/test_network_manager_security_admin_config_v2000001/providers/Microsoft.Network/networkManagers/TestNetworkManager/securityAdminConfigurations/myTestSecurityConfig?api-version=2022-05-01
  response:
    body:
      string: '{"name":"myTestSecurityConfig","id":"/subscriptions/00000000-0000-0000-0000-000000000000/resourceGroups/test_network_manager_security_admin_config_v2000001/providers/Microsoft.Network/networkManagers/TestNetworkManager/securityAdminConfigurations/myTestSecurityConfig","type":"Microsoft.Network/networkManagers/securityAdminConfigurations","etag":"\"430461ba-0000-0200-0000-66f6ff1d0000\"","properties":{"description":"test_description","provisioningState":"Succeeded","resourceGuid":"eaf3c776-5dca-4030-a339-32c1b42950d7","applyOnNetworkIntentPolicyBasedServices":["AllowRulesOnly"],"networkGroupAddressSpaceAggregationOption":"None"},"systemData":{"createdBy":"danlope@microsoft.com","createdByType":"User","createdAt":"2024-09-27T18:53:11.0499583Z","lastModifiedBy":"danlope@microsoft.com","lastModifiedByType":"User","lastModifiedAt":"2024-09-27T18:53:14.6488920Z"}}'
    headers:
      cache-control:
      - no-cache
      content-length:
      - '870'
      content-type:
      - application/json; charset=utf-8
      date:
      - Fri, 27 Sep 2024 18:53:21 GMT
      expires:
      - '-1'
      pragma:
      - no-cache
      strict-transport-security:
      - max-age=31536000; includeSubDomains
      x-cache:
      - CONFIG_NOCACHE
      x-content-type-options:
      - nosniff
      x-msedge-ref:
      - 'Ref A: E569066709284B0B87A49D6CFB12FC5E Ref B: SJC211051201023 Ref C: 2024-09-27T18:53:20Z'
    status:
      code: 200
      message: OK
- request:
    body: null
    headers:
      Accept:
      - '*/*'
      Accept-Encoding:
      - gzip, deflate
      CommandName:
      - network manager security-admin-config delete
      Connection:
      - keep-alive
      Content-Length:
      - '0'
      ParameterSetName:
      - --configuration-name --network-manager-name -g --force --yes
      User-Agent:
      - AZURECLI/2.65.0 azsdk-python-core/1.28.0 Python/3.11.9 (Windows-10-10.0.26100-SP0)
    method: DELETE
    uri: https://management.azure.com/subscriptions/00000000-0000-0000-0000-000000000000/resourceGroups/test_network_manager_security_admin_config_v2000001/providers/Microsoft.Network/networkManagers/TestNetworkManager/securityAdminConfigurations/myTestSecurityConfig?force=true&api-version=2022-05-01
  response:
    body:
      string: ''
    headers:
      cache-control:
      - no-cache
      content-length:
      - '0'
      date:
      - Fri, 27 Sep 2024 18:53:23 GMT
      expires:
      - '-1'
      pragma:
      - no-cache
      strict-transport-security:
      - max-age=31536000; includeSubDomains
      x-cache:
      - CONFIG_NOCACHE
      x-content-type-options:
      - nosniff
      x-ms-ratelimit-remaining-subscription-deletes:
      - '14999'
      x-msedge-ref:
      - 'Ref A: 9AF198B1C4C1466989CDD57DC8B44C3F Ref B: SJC211051204025 Ref C: 2024-09-27T18:53:22Z'
    status:
      code: 200
      message: OK
- request:
    body: null
    headers:
      Accept:
      - '*/*'
      Accept-Encoding:
      - gzip, deflate
      CommandName:
      - network manager delete
      Connection:
      - keep-alive
      Content-Length:
      - '0'
      ParameterSetName:
      - --resource-group --name --force --yes
      User-Agent:
      - AZURECLI/2.65.0 azsdk-python-core/1.28.0 Python/3.11.9 (Windows-10-10.0.26100-SP0)
    method: DELETE
    uri: https://management.azure.com/subscriptions/00000000-0000-0000-0000-000000000000/resourceGroups/test_network_manager_security_admin_config_v2000001/providers/Microsoft.Network/networkManagers/TestNetworkManager?force=true&api-version=2023-09-01
  response:
    body:
      string: ''
    headers:
      cache-control:
      - no-cache
      content-length:
      - '0'
      date:
      - Fri, 27 Sep 2024 18:53:27 GMT
      expires:
      - '-1'
      pragma:
      - no-cache
      strict-transport-security:
      - max-age=31536000; includeSubDomains
      x-cache:
      - CONFIG_NOCACHE
      x-content-type-options:
      - nosniff
      x-ms-ratelimit-remaining-subscription-deletes:
      - '14999'
      x-msedge-ref:
      - 'Ref A: 2FA8766E38584657AAD29479099873CF Ref B: SJC211051201035 Ref C: 2024-09-27T18:53:26Z'
    status:
      code: 200
      message: OK
version: 1
