interactions:
- request:
    body: '{"location": "eastus2euap", "properties": {"description": "My Test Network
      Manager", "networkManagerScopes": {"subscriptions": ["/subscriptions/00000000-0000-0000-0000-000000000000"]},
      "networkManagerScopeAccesses": ["SecurityAdmin", "Connectivity"]}}'
    headers:
      Accept:
      - application/json
      Accept-Encoding:
      - gzip, deflate
      CommandName:
      - network manager create
      Connection:
      - keep-alive
      Content-Length:
      - '251'
      Content-Type:
      - application/json
      ParameterSetName:
      - --name --description --display-name --scope-accesses --network-manager-scopes
        -l --resource-group
      User-Agent:
      - AZURECLI/2.37.0 azsdk-python-mgmt-network/1.0.0b1 Python/3.9.5 (Windows-10-10.0.19044-SP0)
    method: PUT
    uri: https://management.azure.com/subscriptions/00000000-0000-0000-0000-000000000000/resourceGroups/test_network_manager_scope_connection000001/providers/Microsoft.Network/networkManagers/TestNetworkManager?api-version=2022-01-01
  response:
    body:
      string: '{"name":"TestNetworkManager","id":"/subscriptions/00000000-0000-0000-0000-000000000000/resourceGroups/test_network_manager_scope_connection000001/providers/Microsoft.Network/networkManagers/TestNetworkManager","location":"eastus2euap","type":"Microsoft.Network/networkManagers","tags":{},"etag":"","properties":{"displayName":"","description":"My
        Test Network Manager","networkManagerScopes":{"managementGroups":[],"subscriptions":["/subscriptions/00000000-0000-0000-0000-000000000000"],"crossTenantScopes":[]},"provisioningState":"Succeeded","networkManagerScopeAccesses":["SecurityAdmin","Connectivity"],"resourceGuid":"19ba3ce7-4c54-45b6-842d-0cae3805bdbe"},"systemData":{"createdBy":"v-taoxuzeng@microsoft.com","createdByType":"User","createdAt":"2022-08-01T06:50:41.6819785Z","lastModifiedBy":"v-taoxuzeng@microsoft.com","lastModifiedByType":"User","lastModifiedAt":"2022-08-01T06:50:41.6819785Z"}}'
    headers:
      cache-control:
      - no-cache
      content-length:
      - '903'
      content-type:
      - application/json; charset=utf-8
      date:
      - Mon, 01 Aug 2022 06:50:44 GMT
      expires:
      - '-1'
      pragma:
      - no-cache
      server:
      - Kestrel
      strict-transport-security:
      - max-age=31536000; includeSubDomains
      transfer-encoding:
      - chunked
      vary:
      - Accept-Encoding
      x-content-type-options:
      - nosniff
      x-ms-ratelimit-remaining-subscription-writes:
      - '1199'
    status:
      code: 200
      message: OK
- request:
    body: '{"properties": {"tenantId": "54826b22-38d6-4fb2-bad9-b7b93a3e9c5a", "resourceId":
      "/subscriptions/00000000-0000-0000-0000-000000000000", "description": "My Test
      Network Manager Scope Connection"}}'
    headers:
      Accept:
      - application/json
      Accept-Encoding:
      - gzip, deflate
      CommandName:
      - network manager scope-connection create
      Connection:
      - keep-alive
      Content-Length:
      - '196'
      Content-Type:
      - application/json
      ParameterSetName:
      - --resource-group --network-manager-name --name --description --tenant-id --resource-id
      User-Agent:
      - AZURECLI/2.37.0 azsdk-python-mgmt-network/1.0.0b1 Python/3.9.5 (Windows-10-10.0.19044-SP0)
    method: PUT
    uri: https://management.azure.com/subscriptions/00000000-0000-0000-0000-000000000000/resourceGroups/test_network_manager_scope_connection000001/providers/Microsoft.Network/networkManagers/TestNetworkManager/scopeConnections/myTestScopeConnection?api-version=2022-01-01
  response:
    body:
      string: '{"id":"/subscriptions/00000000-0000-0000-0000-000000000000/resourceGroups/test_network_manager_scope_connection000001/providers/Microsoft.Network/networkManagers/TestNetworkManager/scopeConnections/myTestScopeConnection","name":"myTestScopeConnection","type":"Microsoft.Network/networkManagers/scopeConnections","properties":{"tenantId":"54826b22-38d6-4fb2-bad9-b7b93a3e9c5a","resourceId":"/subscriptions/00000000-0000-0000-0000-000000000000","connectionState":"Pending","description":"My
        Test Network Manager Scope Connection"},"systemData":{"createdBy":"v-taoxuzeng@microsoft.com","createdByType":"User","createdAt":"2022-08-01T06:50:46.8759073Z","lastModifiedBy":"v-taoxuzeng@microsoft.com","lastModifiedByType":"User","lastModifiedAt":"2022-08-01T06:50:46.8759073Z"}}'
    headers:
      cache-control:
      - no-cache
      content-length:
      - '771'
      content-type:
      - application/json; charset=utf-8
      date:
      - Mon, 01 Aug 2022 06:50:48 GMT
      expires:
      - '-1'
      pragma:
      - no-cache
      server:
      - Kestrel
      strict-transport-security:
      - max-age=31536000; includeSubDomains
      transfer-encoding:
      - chunked
      vary:
      - Accept-Encoding
      x-content-type-options:
      - nosniff
      x-ms-ratelimit-remaining-subscription-writes:
      - '1198'
    status:
      code: 200
      message: OK
- request:
    body: null
    headers:
      Accept:
      - application/json
      Accept-Encoding:
      - gzip, deflate
      CommandName:
      - network manager scope-connection show
      Connection:
      - keep-alive
      ParameterSetName:
      - -g --network-manager-name --name
      User-Agent:
      - AZURECLI/2.37.0 azsdk-python-mgmt-network/1.0.0b1 Python/3.9.5 (Windows-10-10.0.19044-SP0)
    method: GET
    uri: https://management.azure.com/subscriptions/00000000-0000-0000-0000-000000000000/resourceGroups/test_network_manager_scope_connection000001/providers/Microsoft.Network/networkManagers/TestNetworkManager/scopeConnections/myTestScopeConnection?api-version=2022-01-01
  response:
    body:
      string: '{"id":"/subscriptions/00000000-0000-0000-0000-000000000000/resourceGroups/test_network_manager_scope_connection000001/providers/Microsoft.Network/networkManagers/TestNetworkManager/scopeConnections/myTestScopeConnection","name":"myTestScopeConnection","type":"Microsoft.Network/networkManagers/scopeConnections","properties":{"tenantId":"54826b22-38d6-4fb2-bad9-b7b93a3e9c5a","resourceId":"/subscriptions/00000000-0000-0000-0000-000000000000","connectionState":"Pending","description":"My
        Test Network Manager Scope Connection"},"systemData":{"createdBy":"v-taoxuzeng@microsoft.com","createdByType":"User","createdAt":"2022-08-01T06:50:46.8759073Z","lastModifiedBy":"v-taoxuzeng@microsoft.com","lastModifiedByType":"User","lastModifiedAt":"2022-08-01T06:50:46.8759073Z"}}'
    headers:
      cache-control:
      - no-cache
      content-length:
      - '771'
      content-type:
      - application/json; charset=utf-8
      date:
      - Mon, 01 Aug 2022 06:50:51 GMT
      expires:
      - '-1'
      pragma:
      - no-cache
      server:
      - Kestrel
      strict-transport-security:
      - max-age=31536000; includeSubDomains
      transfer-encoding:
      - chunked
      vary:
      - Accept-Encoding
      x-content-type-options:
      - nosniff
    status:
      code: 200
      message: OK
- request:
    body: null
    headers:
      Accept:
      - application/json
      Accept-Encoding:
      - gzip, deflate
      CommandName:
      - network manager scope-connection update
      Connection:
      - keep-alive
      ParameterSetName:
      - -g --network-manager-name --name --description
      User-Agent:
      - AZURECLI/2.37.0 azsdk-python-mgmt-network/1.0.0b1 Python/3.9.5 (Windows-10-10.0.19044-SP0)
    method: GET
    uri: https://management.azure.com/subscriptions/00000000-0000-0000-0000-000000000000/resourceGroups/test_network_manager_scope_connection000001/providers/Microsoft.Network/networkManagers/TestNetworkManager/scopeConnections/myTestScopeConnection?api-version=2022-01-01
  response:
    body:
      string: '{"id":"/subscriptions/00000000-0000-0000-0000-000000000000/resourceGroups/test_network_manager_scope_connection000001/providers/Microsoft.Network/networkManagers/TestNetworkManager/scopeConnections/myTestScopeConnection","name":"myTestScopeConnection","type":"Microsoft.Network/networkManagers/scopeConnections","properties":{"tenantId":"54826b22-38d6-4fb2-bad9-b7b93a3e9c5a","resourceId":"/subscriptions/00000000-0000-0000-0000-000000000000","connectionState":"Pending","description":"My
        Test Network Manager Scope Connection"},"systemData":{"createdBy":"v-taoxuzeng@microsoft.com","createdByType":"User","createdAt":"2022-08-01T06:50:46.8759073Z","lastModifiedBy":"v-taoxuzeng@microsoft.com","lastModifiedByType":"User","lastModifiedAt":"2022-08-01T06:50:46.8759073Z"}}'
    headers:
      cache-control:
      - no-cache
      content-length:
      - '771'
      content-type:
      - application/json; charset=utf-8
      date:
      - Mon, 01 Aug 2022 06:50:55 GMT
      expires:
      - '-1'
      pragma:
      - no-cache
      server:
      - Kestrel
      strict-transport-security:
      - max-age=31536000; includeSubDomains
      transfer-encoding:
      - chunked
      vary:
      - Accept-Encoding
      x-content-type-options:
      - nosniff
    status:
      code: 200
      message: OK
- request:
    body: '{"properties": {"tenantId": "54826b22-38d6-4fb2-bad9-b7b93a3e9c5a", "resourceId":
      "/subscriptions/00000000-0000-0000-0000-000000000000", "description": "My Test
      Network Manager Scope Connection Updated Description"}}'
    headers:
      Accept:
      - application/json
      Accept-Encoding:
      - gzip, deflate
      CommandName:
      - network manager scope-connection update
      Connection:
      - keep-alive
      Content-Length:
      - '216'
      Content-Type:
      - application/json
      ParameterSetName:
      - -g --network-manager-name --name --description
      User-Agent:
      - AZURECLI/2.37.0 azsdk-python-mgmt-network/1.0.0b1 Python/3.9.5 (Windows-10-10.0.19044-SP0)
    method: PUT
    uri: https://management.azure.com/subscriptions/00000000-0000-0000-0000-000000000000/resourceGroups/test_network_manager_scope_connection000001/providers/Microsoft.Network/networkManagers/TestNetworkManager/scopeConnections/myTestScopeConnection?api-version=2022-01-01
  response:
    body:
      string: '{"id":"/subscriptions/00000000-0000-0000-0000-000000000000/resourceGroups/test_network_manager_scope_connection000001/providers/Microsoft.Network/networkManagers/TestNetworkManager/scopeConnections/myTestScopeConnection","name":"myTestScopeConnection","type":"Microsoft.Network/networkManagers/scopeConnections","properties":{"tenantId":"54826b22-38d6-4fb2-bad9-b7b93a3e9c5a","resourceId":"/subscriptions/00000000-0000-0000-0000-000000000000","connectionState":"Pending","description":"My
        Test Network Manager Scope Connection Updated Description"},"systemData":{"createdBy":"v-taoxuzeng@microsoft.com","createdByType":"User","createdAt":"2022-08-01T06:50:57.2362653Z","lastModifiedBy":"v-taoxuzeng@microsoft.com","lastModifiedByType":"User","lastModifiedAt":"2022-08-01T06:50:57.2362653Z"}}'
    headers:
      cache-control:
      - no-cache
      content-length:
      - '791'
      content-type:
      - application/json; charset=utf-8
      date:
      - Mon, 01 Aug 2022 06:50:59 GMT
      expires:
      - '-1'
      pragma:
      - no-cache
      server:
      - Kestrel
      strict-transport-security:
      - max-age=31536000; includeSubDomains
      transfer-encoding:
      - chunked
      vary:
      - Accept-Encoding
      x-content-type-options:
      - nosniff
      x-ms-ratelimit-remaining-subscription-writes:
      - '1199'
    status:
      code: 200
      message: OK
- request:
    body: null
    headers:
      Accept:
      - application/json
      Accept-Encoding:
      - gzip, deflate
      CommandName:
      - network manager scope-connection list
      Connection:
      - keep-alive
      ParameterSetName:
      - -g --network-manager-name
      User-Agent:
      - AZURECLI/2.37.0 azsdk-python-mgmt-network/1.0.0b1 Python/3.9.5 (Windows-10-10.0.19044-SP0)
    method: GET
    uri: https://management.azure.com/subscriptions/00000000-0000-0000-0000-000000000000/resourceGroups/test_network_manager_scope_connection000001/providers/Microsoft.Network/networkManagers/TestNetworkManager/scopeConnections?api-version=2022-01-01
  response:
    body:
      string: '{"value":[{"id":"/subscriptions/00000000-0000-0000-0000-000000000000/resourceGroups/test_network_manager_scope_connection000001/providers/Microsoft.Network/networkManagers/TestNetworkManager/scopeConnections/myTestScopeConnection","name":"myTestScopeConnection","type":"Microsoft.Network/networkManagers/scopeConnections","properties":{"tenantId":"54826b22-38d6-4fb2-bad9-b7b93a3e9c5a","resourceId":"/subscriptions/00000000-0000-0000-0000-000000000000","connectionState":"Pending","description":"My
        Test Network Manager Scope Connection Updated Description"},"systemData":{"createdBy":"v-taoxuzeng@microsoft.com","createdByType":"User","createdAt":"2022-08-01T06:50:57.2362653Z","lastModifiedBy":"v-taoxuzeng@microsoft.com","lastModifiedByType":"User","lastModifiedAt":"2022-08-01T06:50:57.2362653Z"}}],"nextLink":""}'
    headers:
      cache-control:
      - no-cache
      content-length:
      - '817'
      content-type:
      - application/json; charset=utf-8
      date:
      - Mon, 01 Aug 2022 06:51:02 GMT
      expires:
      - '-1'
      pragma:
      - no-cache
      server:
      - Kestrel
      strict-transport-security:
      - max-age=31536000; includeSubDomains
      transfer-encoding:
      - chunked
      vary:
      - Accept-Encoding
      x-content-type-options:
      - nosniff
    status:
      code: 200
      message: OK
- request:
    body: null
    headers:
      Accept:
      - application/json
      Accept-Encoding:
      - gzip, deflate
      CommandName:
      - network manager scope-connection delete
      Connection:
      - keep-alive
      Content-Length:
      - '0'
      ParameterSetName:
      - -g --network-manager-name --name --yes
      User-Agent:
      - AZURECLI/2.37.0 azsdk-python-mgmt-network/1.0.0b1 Python/3.9.5 (Windows-10-10.0.19044-SP0)
    method: DELETE
    uri: https://management.azure.com/subscriptions/00000000-0000-0000-0000-000000000000/resourceGroups/test_network_manager_scope_connection000001/providers/Microsoft.Network/networkManagers/TestNetworkManager/scopeConnections/myTestScopeConnection?api-version=2022-01-01
  response:
    body:
      string: ''
    headers:
      cache-control:
      - no-cache
      content-length:
      - '0'
      date:
      - Mon, 01 Aug 2022 06:51:05 GMT
      expires:
      - '-1'
      pragma:
      - no-cache
      server:
      - Kestrel
      strict-transport-security:
      - max-age=31536000; includeSubDomains
      x-content-type-options:
      - nosniff
      x-ms-ratelimit-remaining-subscription-deletes:
      - '14999'
    status:
      code: 200
      message: OK
- request:
    body: null
    headers:
      Accept:
      - application/json
      Accept-Encoding:
      - gzip, deflate
      CommandName:
      - network manager delete
      Connection:
      - keep-alive
      Content-Length:
      - '0'
      ParameterSetName:
      - --resource-group --name --force --yes
      User-Agent:
      - AZURECLI/2.37.0 azsdk-python-mgmt-network/1.0.0b1 Python/3.9.5 (Windows-10-10.0.19044-SP0)
    method: DELETE
    uri: https://management.azure.com/subscriptions/00000000-0000-0000-0000-000000000000/resourceGroups/test_network_manager_scope_connection000001/providers/Microsoft.Network/networkManagers/TestNetworkManager?api-version=2022-01-01&force=true
  response:
    body:
      string: ''
    headers:
      cache-control:
      - no-cache
      content-length:
      - '0'
      date:
      - Mon, 01 Aug 2022 06:51:12 GMT
      expires:
      - '-1'
      pragma:
      - no-cache
      server:
      - Kestrel
      strict-transport-security:
      - max-age=31536000; includeSubDomains
      x-content-type-options:
      - nosniff
      x-ms-ratelimit-remaining-subscription-deletes:
      - '14999'
    status:
      code: 200
      message: OK
version: 1
