interactions:
- request:
    body: '{"location": "eastus2", "properties": {"description": "My Test Network
      Manager", "networkManagerScopeAccesses": ["SecurityAdmin", "Connectivity"],
      "networkManagerScopes": {"subscriptions": ["/subscriptions/00000000-0000-0000-0000-000000000000"]}}}'
    headers:
      Accept:
      - application/json
      Accept-Encoding:
      - gzip, deflate
      CommandName:
      - network manager create
      Connection:
      - keep-alive
      Content-Length:
      - '247'
      Content-Type:
      - application/json
      ParameterSetName:
      - --name --description --scope-accesses --network-manager-scopes -l --resource-group
      User-Agent:
      - AZURECLI/2.51.0 (PIP) (AAZ) azsdk-python-core/1.26.0 Python/3.9.13 (Windows-10-10.0.19045-SP0)
    method: PUT
    uri: https://management.azure.com/subscriptions/00000000-0000-0000-0000-000000000000/resourceGroups/test_network_manager_admin_rule_crud000001/providers/Microsoft.Network/networkManagers/TestNetworkManager?api-version=2022-01-01
  response:
    body:
      string: '{"name":"TestNetworkManager","id":"/subscriptions/00000000-0000-0000-0000-000000000000/resourceGroups/test_network_manager_admin_rule_crud000001/providers/Microsoft.Network/networkManagers/TestNetworkManager","location":"eastus2","type":"Microsoft.Network/networkManagers","tags":{},"etag":"","properties":{"description":"My
        Test Network Manager","networkManagerScopes":{"managementGroups":[],"subscriptions":["/subscriptions/00000000-0000-0000-0000-000000000000"],"crossTenantScopes":[]},"provisioningState":"Succeeded","networkManagerScopeAccesses":["SecurityAdmin","Connectivity"],"resourceGuid":"2167e9fb-4f3a-4fd3-b668-1c9764a29b79"},"systemData":{"createdBy":"zhiyihuang@microsoft.com","createdByType":"User","createdAt":"2023-08-28T03:58:15.8422552Z","lastModifiedBy":"zhiyihuang@microsoft.com","lastModifiedByType":"User","lastModifiedAt":"2023-08-28T03:58:15.8422552Z"}}'
    headers:
      cache-control:
      - no-cache
      content-length:
      - '879'
      content-type:
      - application/json; charset=utf-8
      date:
      - Mon, 28 Aug 2023 03:58:16 GMT
      expires:
      - '-1'
      pragma:
      - no-cache
      server:
      - Kestrel
      strict-transport-security:
      - max-age=31536000; includeSubDomains
      transfer-encoding:
      - chunked
      vary:
      - Accept-Encoding
      x-content-type-options:
      - nosniff
      x-ms-operation-identifier:
      - tenantId=54826b22-38d6-4fb2-bad9-b7b93a3e9c5a,objectId=a7250e3a-0e5e-48e2-9a34-45f1f5e1a91e/eastus2euap/d9b76fd9-a7d1-4650-a508-519f0647052b
      x-ms-ratelimit-remaining-subscription-writes:
      - '1197'
    status:
      code: 200
      message: OK
- request:
    body: '{"properties": {"description": "A sample policy"}}'
    headers:
      Accept:
      - application/json
      Accept-Encoding:
      - gzip, deflate
      CommandName:
      - network manager group create
      Connection:
      - keep-alive
      Content-Length:
      - '50'
      Content-Type:
      - application/json
      ParameterSetName:
      - --name --network-manager-name --description -g
      User-Agent:
      - AZURECLI/2.51.0 (PIP) (AAZ) azsdk-python-core/1.26.0 Python/3.9.13 (Windows-10-10.0.19045-SP0)
    method: PUT
    uri: https://management.azure.com/subscriptions/00000000-0000-0000-0000-000000000000/resourceGroups/test_network_manager_admin_rule_crud000001/providers/Microsoft.Network/networkManagers/TestNetworkManager/networkGroups/TestNetworkGroup?api-version=2022-01-01
  response:
    body:
      string: '{"name":"TestNetworkGroup","id":"/subscriptions/00000000-0000-0000-0000-000000000000/resourceGroups/test_network_manager_admin_rule_crud000001/providers/Microsoft.Network/networkManagers/TestNetworkManager/networkGroups/TestNetworkGroup","type":"Microsoft.Network/networkManagers/networkGroups","etag":"","properties":{"description":"A
        sample policy","provisioningState":"Succeeded","memberType":"VirtualNetwork","resourceGuid":"a71562dc-4495-41f8-bbb3-967f7f946164"},"systemData":{"createdBy":"zhiyihuang@microsoft.com","createdByType":"User","createdAt":"2023-08-28T03:58:18.3422658Z","lastModifiedBy":"zhiyihuang@microsoft.com","lastModifiedByType":"User","lastModifiedAt":"2023-08-28T03:58:18.3422658Z"}}'
    headers:
      cache-control:
      - no-cache
      content-length:
      - '708'
      content-type:
      - application/json; charset=utf-8
      date:
      - Mon, 28 Aug 2023 03:58:17 GMT
      expires:
      - '-1'
      pragma:
      - no-cache
      server:
      - Kestrel
      strict-transport-security:
      - max-age=31536000; includeSubDomains
      transfer-encoding:
      - chunked
      vary:
      - Accept-Encoding
      x-content-type-options:
      - nosniff
      x-ms-ratelimit-remaining-subscription-writes:
      - '1196'
    status:
      code: 200
      message: OK
- request:
    body: '{"properties": {"resourceId": "/subscriptions/00000000-0000-0000-0000-000000000000/resourceGroups/test_network_manager_admin_rule_crud000001/providers/Microsoft.Network/virtualnetworks/clitest.vn000002"}}'
    headers:
      Accept:
      - application/json
      Accept-Encoding:
      - gzip, deflate
      CommandName:
      - network manager group static-member create
      Connection:
      - keep-alive
      Content-Length:
      - '204'
      Content-Type:
      - application/json
      ParameterSetName:
      - --name --network-group-name --network-manager-name --resource-id -g
      User-Agent:
      - AZURECLI/2.51.0 (PIP) (AAZ) azsdk-python-core/1.26.0 Python/3.9.13 (Windows-10-10.0.19045-SP0)
    method: PUT
    uri: https://management.azure.com/subscriptions/00000000-0000-0000-0000-000000000000/resourceGroups/test_network_manager_admin_rule_crud000001/providers/Microsoft.Network/networkManagers/TestNetworkManager/networkGroups/TestNetworkGroup/staticMembers/TestStaticMember?api-version=2022-01-01
  response:
    body:
      string: '{"name":"TestStaticMember","id":"/subscriptions/00000000-0000-0000-0000-000000000000/resourceGroups/test_network_manager_admin_rule_crud000001/providers/Microsoft.Network/networkManagers/TestNetworkManager/networkGroups/TestNetworkGroup/staticMembers/TestStaticMember","type":"Microsoft.Network/networkManagers/networkGroups/staticMembers","etag":"","properties":{"resourceId":"/subscriptions/00000000-0000-0000-0000-000000000000/resourceGroups/test_network_manager_admin_rule_crud000001/providers/Microsoft.Network/virtualnetworks/clitest.vn000002","provisioningState":"Updating","location":""},"systemData":{"createdBy":"zhiyihuang@microsoft.com","createdByType":"User","createdAt":"2023-08-28T03:58:20.1500926Z","lastModifiedBy":"zhiyihuang@microsoft.com","lastModifiedByType":"User","lastModifiedAt":"2023-08-28T03:58:20.1500926Z"}}'
    headers:
      cache-control:
      - no-cache
      content-length:
      - '836'
      content-type:
      - application/json; charset=utf-8
      date:
      - Mon, 28 Aug 2023 03:58:20 GMT
      expires:
      - '-1'
      pragma:
      - no-cache
      server:
      - Kestrel
      strict-transport-security:
      - max-age=31536000; includeSubDomains
      transfer-encoding:
      - chunked
      vary:
      - Accept-Encoding
      x-content-type-options:
      - nosniff
      x-ms-ratelimit-remaining-subscription-writes:
      - '1197'
    status:
      code: 200
      message: OK
- request:
    body: '{"properties": {"description": "A sample policy"}}'
    headers:
      Accept:
      - application/json
      Accept-Encoding:
      - gzip, deflate
      CommandName:
      - network manager security-admin-config create
      Connection:
      - keep-alive
      Content-Length:
      - '50'
      Content-Type:
      - application/json
      ParameterSetName:
      - --configuration-name --network-manager-name -g --description
      User-Agent:
      - AZURECLI/2.51.0 (PIP) (AAZ) azsdk-python-core/1.26.0 Python/3.9.13 (Windows-10-10.0.19045-SP0)
    method: PUT
    uri: https://management.azure.com/subscriptions/00000000-0000-0000-0000-000000000000/resourceGroups/test_network_manager_admin_rule_crud000001/providers/Microsoft.Network/networkManagers/TestNetworkManager/securityAdminConfigurations/myTestSecurityConfig?api-version=2022-05-01
  response:
    body:
      string: '{"name":"myTestSecurityConfig","id":"/subscriptions/00000000-0000-0000-0000-000000000000/resourceGroups/test_network_manager_admin_rule_crud000001/providers/Microsoft.Network/networkManagers/TestNetworkManager/securityAdminConfigurations/myTestSecurityConfig","type":"Microsoft.Network/networkManagers/securityAdminConfigurations","etag":"","properties":{"description":"A
        sample policy","provisioningState":"Succeeded","resourceGuid":"e9d3ac72-ccdc-4d59-b80a-791c3f1e334d","applyOnNetworkIntentPolicyBasedServices":[]},"systemData":{"createdBy":"zhiyihuang@microsoft.com","createdByType":"User","createdAt":"2023-08-28T03:58:22.0644675Z","lastModifiedBy":"zhiyihuang@microsoft.com","lastModifiedByType":"User","lastModifiedAt":"2023-08-28T03:58:22.0644675Z"}}'
    headers:
      cache-control:
      - no-cache
      content-length:
      - '759'
      content-type:
      - application/json; charset=utf-8
      date:
      - Mon, 28 Aug 2023 03:58:22 GMT
      expires:
      - '-1'
      pragma:
      - no-cache
      server:
      - Kestrel
      strict-transport-security:
      - max-age=31536000; includeSubDomains
      transfer-encoding:
      - chunked
      vary:
      - Accept-Encoding
      x-content-type-options:
      - nosniff
      x-ms-ratelimit-remaining-subscription-writes:
      - '1196'
    status:
      code: 200
      message: OK
- request:
    body: '{"properties": {"appliesToGroups": [{"networkGroupId": "/subscriptions/00000000-0000-0000-0000-000000000000/resourceGroups/test_network_manager_admin_rule_crud000001/providers/Microsoft.Network/networkManagers/TestNetworkManager/networkGroups/TestNetworkGroup"}],
      "description": "A sample policy"}}'
    headers:
      Accept:
      - application/json
      Accept-Encoding:
      - gzip, deflate
      CommandName:
      - network manager security-admin-config rule-collection create
      Connection:
      - keep-alive
      Content-Length:
      - '298'
      Content-Type:
      - application/json
      ParameterSetName:
      - --configuration-name --network-manager-name -g --rule-collection-name --description
        --applies-to-groups
      User-Agent:
      - AZURECLI/2.51.0 (PIP) (AAZ) azsdk-python-core/1.26.0 Python/3.9.13 (Windows-10-10.0.19045-SP0)
    method: PUT
    uri: https://management.azure.com/subscriptions/00000000-0000-0000-0000-000000000000/resourceGroups/test_network_manager_admin_rule_crud000001/providers/Microsoft.Network/networkManagers/TestNetworkManager/securityAdminConfigurations/myTestSecurityConfig/ruleCollections/myTestCollection?api-version=2022-01-01
  response:
    body:
      string: '{"name":"myTestCollection","id":"/subscriptions/00000000-0000-0000-0000-000000000000/resourceGroups/test_network_manager_admin_rule_crud000001/providers/Microsoft.Network/networkManagers/TestNetworkManager/securityAdminConfigurations/myTestSecurityConfig/ruleCollections/myTestCollection","type":"Microsoft.Network/networkManagers/securityAdminConfigurations/ruleCollections","etag":"","properties":{"description":"A
        sample policy","appliesToGroups":[{"networkGroupId":"/subscriptions/00000000-0000-0000-0000-000000000000/resourceGroups/test_network_manager_admin_rule_crud000001/providers/Microsoft.Network/networkManagers/TestNetworkManager/networkGroups/TestNetworkGroup"}],"provisioningState":"Succeeded","resourceGuid":"1742a477-2aed-4aec-9465-f73433a550f3"},"systemData":{"createdBy":"zhiyihuang@microsoft.com","createdByType":"User","createdAt":"2023-08-28T03:58:23.9480491Z","lastModifiedBy":"zhiyihuang@microsoft.com","lastModifiedByType":"User","lastModifiedAt":"2023-08-28T03:58:23.9480491Z"}}'
    headers:
      cache-control:
      - no-cache
      content-length:
      - '1004'
      content-type:
      - application/json; charset=utf-8
      date:
      - Mon, 28 Aug 2023 03:58:24 GMT
      expires:
      - '-1'
      pragma:
      - no-cache
      server:
      - Kestrel
      strict-transport-security:
      - max-age=31536000; includeSubDomains
      transfer-encoding:
      - chunked
      vary:
      - Accept-Encoding
      x-content-type-options:
      - nosniff
      x-ms-ratelimit-remaining-subscription-writes:
      - '1196'
    status:
      code: 200
      message: OK
- request:
    body: '{"kind": "Custom", "properties": {"access": "Allow", "direction": "Inbound",
      "priority": 32, "protocol": "Tcp"}}'
    headers:
      Accept:
      - application/json
      Accept-Encoding:
      - gzip, deflate
      CommandName:
      - network manager security-admin-config rule-collection rule create
      Connection:
      - keep-alive
      Content-Length:
      - '112'
      Content-Type:
      - application/json
      ParameterSetName:
      - -g --network-manager-name --configuration-name --rule-collection-name --rule-name
        --kind --protocol --access --priority --direction
      User-Agent:
      - AZURECLI/2.51.0 (PIP) (AAZ) azsdk-python-core/1.26.0 Python/3.9.13 (Windows-10-10.0.19045-SP0)
    method: PUT
    uri: https://management.azure.com/subscriptions/00000000-0000-0000-0000-000000000000/resourceGroups/test_network_manager_admin_rule_crud000001/providers/Microsoft.Network/networkManagers/TestNetworkManager/securityAdminConfigurations/myTestSecurityConfig/ruleCollections/myTestCollection/rules/myRule?api-version=2022-01-01
  response:
    body:
      string: '{"name":"myRule","id":"/subscriptions/00000000-0000-0000-0000-000000000000/resourceGroups/test_network_manager_admin_rule_crud000001/providers/Microsoft.Network/networkManagers/TestNetworkManager/securityAdminConfigurations/myTestSecurityConfig/ruleCollections/myTestCollection/rules/myRule","type":"Microsoft.Network/networkManagers/securityAdminConfigurations/ruleCollections/rules","etag":"","properties":{"description":"","flag":"","priority":32,"protocol":"Tcp","direction":"Inbound","access":"Allow","sources":[],"destinations":[],"sourcePortRanges":[],"destinationPortRanges":[],"provisioningState":"Succeeded","resourceGuid":"7c5fd69c-31ed-4189-b6a8-d16cd4bafb9b"},"kind":"Custom","systemData":{"createdBy":"zhiyihuang@microsoft.com","createdByType":"User","createdAt":"2023-08-28T03:58:25.9082031Z","lastModifiedBy":"zhiyihuang@microsoft.com","lastModifiedByType":"User","lastModifiedAt":"2023-08-28T03:58:25.9082031Z"}}'
    headers:
      cache-control:
      - no-cache
      content-length:
      - '929'
      content-type:
      - application/json; charset=utf-8
      date:
      - Mon, 28 Aug 2023 03:58:26 GMT
      expires:
      - '-1'
      pragma:
      - no-cache
      server:
      - Kestrel
      strict-transport-security:
      - max-age=31536000; includeSubDomains
      transfer-encoding:
      - chunked
      vary:
      - Accept-Encoding
      x-content-type-options:
      - nosniff
      x-ms-ratelimit-remaining-subscription-writes:
      - '1195'
    status:
      code: 200
      message: OK
- request:
    body: null
    headers:
      Accept:
      - application/json
      Accept-Encoding:
      - gzip, deflate
      CommandName:
      - network manager security-admin-config rule-collection rule show
      Connection:
      - keep-alive
      ParameterSetName:
      - -g --network-manager-name --configuration-name --rule-collection-name --rule-name
      User-Agent:
      - AZURECLI/2.51.0 (PIP) (AAZ) azsdk-python-core/1.26.0 Python/3.9.13 (Windows-10-10.0.19045-SP0)
    method: GET
    uri: https://management.azure.com/subscriptions/00000000-0000-0000-0000-000000000000/resourceGroups/test_network_manager_admin_rule_crud000001/providers/Microsoft.Network/networkManagers/TestNetworkManager/securityAdminConfigurations/myTestSecurityConfig/ruleCollections/myTestCollection/rules/myRule?api-version=2022-01-01
  response:
    body:
      string: '{"name":"myRule","id":"/subscriptions/00000000-0000-0000-0000-000000000000/resourceGroups/test_network_manager_admin_rule_crud000001/providers/Microsoft.Network/networkManagers/TestNetworkManager/securityAdminConfigurations/myTestSecurityConfig/ruleCollections/myTestCollection/rules/myRule","type":"Microsoft.Network/networkManagers/securityAdminConfigurations/ruleCollections/rules","etag":"\"7000815c-0000-0200-0000-64ec1b620000\"","properties":{"description":"","flag":"","priority":32,"protocol":"Tcp","direction":"Inbound","access":"Allow","sources":[],"destinations":[],"sourcePortRanges":[],"destinationPortRanges":[],"provisioningState":"Succeeded","resourceGuid":"7c5fd69c-31ed-4189-b6a8-d16cd4bafb9b"},"kind":"Custom","systemData":{"createdBy":"zhiyihuang@microsoft.com","createdByType":"User","createdAt":"2023-08-28T03:58:25.9082031Z","lastModifiedBy":"zhiyihuang@microsoft.com","lastModifiedByType":"User","lastModifiedAt":"2023-08-28T03:58:25.9082031Z"}}'
    headers:
      cache-control:
      - no-cache
      content-length:
      - '969'
      content-type:
      - application/json; charset=utf-8
      date:
      - Mon, 28 Aug 2023 03:58:27 GMT
      expires:
      - '-1'
      pragma:
      - no-cache
      server:
      - Kestrel
      strict-transport-security:
      - max-age=31536000; includeSubDomains
      transfer-encoding:
      - chunked
      vary:
      - Accept-Encoding
      x-content-type-options:
      - nosniff
    status:
      code: 200
      message: OK
- request:
    body: null
    headers:
      Accept:
      - application/json
      Accept-Encoding:
      - gzip, deflate
      CommandName:
      - network manager security-admin-config rule-collection rule update
      Connection:
      - keep-alive
      ParameterSetName:
      - -g --network-manager-name --configuration-name --rule-collection-name --rule-name
        --access
      User-Agent:
      - AZURECLI/2.51.0 (PIP) (AAZ) azsdk-python-core/1.26.0 Python/3.9.13 (Windows-10-10.0.19045-SP0)
    method: GET
    uri: https://management.azure.com/subscriptions/00000000-0000-0000-0000-000000000000/resourceGroups/test_network_manager_admin_rule_crud000001/providers/Microsoft.Network/networkManagers/TestNetworkManager/securityAdminConfigurations/myTestSecurityConfig/ruleCollections/myTestCollection/rules/myRule?api-version=2022-01-01
  response:
    body:
      string: '{"name":"myRule","id":"/subscriptions/00000000-0000-0000-0000-000000000000/resourceGroups/test_network_manager_admin_rule_crud000001/providers/Microsoft.Network/networkManagers/TestNetworkManager/securityAdminConfigurations/myTestSecurityConfig/ruleCollections/myTestCollection/rules/myRule","type":"Microsoft.Network/networkManagers/securityAdminConfigurations/ruleCollections/rules","etag":"\"7000815c-0000-0200-0000-64ec1b620000\"","properties":{"description":"","flag":"","priority":32,"protocol":"Tcp","direction":"Inbound","access":"Allow","sources":[],"destinations":[],"sourcePortRanges":[],"destinationPortRanges":[],"provisioningState":"Succeeded","resourceGuid":"7c5fd69c-31ed-4189-b6a8-d16cd4bafb9b"},"kind":"Custom","systemData":{"createdBy":"zhiyihuang@microsoft.com","createdByType":"User","createdAt":"2023-08-28T03:58:25.9082031Z","lastModifiedBy":"zhiyihuang@microsoft.com","lastModifiedByType":"User","lastModifiedAt":"2023-08-28T03:58:25.9082031Z"}}'
    headers:
      cache-control:
      - no-cache
      content-length:
      - '969'
      content-type:
      - application/json; charset=utf-8
      date:
      - Mon, 28 Aug 2023 03:58:29 GMT
      expires:
      - '-1'
      pragma:
      - no-cache
      server:
      - Kestrel
      strict-transport-security:
      - max-age=31536000; includeSubDomains
      transfer-encoding:
      - chunked
      vary:
      - Accept-Encoding
      x-content-type-options:
      - nosniff
    status:
      code: 200
      message: OK
- request:
    body: '{"kind": "Custom", "properties": {"access": "Allow", "description": "",
      "destinationPortRanges": [], "destinations": [], "direction": "Inbound", "priority":
      32, "protocol": "Tcp", "sourcePortRanges": [], "sources": []}}'
    headers:
      Accept:
      - application/json
      Accept-Encoding:
      - gzip, deflate
      CommandName:
      - network manager security-admin-config rule-collection rule update
      Connection:
      - keep-alive
      Content-Length:
      - '219'
      Content-Type:
      - application/json
      ParameterSetName:
      - -g --network-manager-name --configuration-name --rule-collection-name --rule-name
        --access
      User-Agent:
      - AZURECLI/2.51.0 (PIP) (AAZ) azsdk-python-core/1.26.0 Python/3.9.13 (Windows-10-10.0.19045-SP0)
    method: PUT
    uri: https://management.azure.com/subscriptions/00000000-0000-0000-0000-000000000000/resourceGroups/test_network_manager_admin_rule_crud000001/providers/Microsoft.Network/networkManagers/TestNetworkManager/securityAdminConfigurations/myTestSecurityConfig/ruleCollections/myTestCollection/rules/myRule?api-version=2022-01-01
  response:
    body:
      string: '{"name":"myRule","id":"/subscriptions/00000000-0000-0000-0000-000000000000/resourceGroups/test_network_manager_admin_rule_crud000001/providers/Microsoft.Network/networkManagers/TestNetworkManager/securityAdminConfigurations/myTestSecurityConfig/ruleCollections/myTestCollection/rules/myRule","type":"Microsoft.Network/networkManagers/securityAdminConfigurations/ruleCollections/rules","etag":"","properties":{"description":"","flag":"","priority":32,"protocol":"Tcp","direction":"Inbound","access":"Allow","sources":[],"destinations":[],"sourcePortRanges":[],"destinationPortRanges":[],"provisioningState":"Succeeded","resourceGuid":"7c5fd69c-31ed-4189-b6a8-d16cd4bafb9b"},"kind":"Custom","systemData":{"createdBy":"zhiyihuang@microsoft.com","createdByType":"User","createdAt":"2023-08-28T03:58:25.9082031Z","lastModifiedBy":"zhiyihuang@microsoft.com","lastModifiedByType":"User","lastModifiedAt":"2023-08-28T03:58:30.0211117Z"}}'
    headers:
      cache-control:
      - no-cache
      content-length:
      - '929'
      content-type:
      - application/json; charset=utf-8
      date:
      - Mon, 28 Aug 2023 03:58:29 GMT
      expires:
      - '-1'
      pragma:
      - no-cache
      server:
      - Kestrel
      strict-transport-security:
      - max-age=31536000; includeSubDomains
      transfer-encoding:
      - chunked
      vary:
      - Accept-Encoding
      x-content-type-options:
      - nosniff
      x-ms-ratelimit-remaining-subscription-writes:
      - '1198'
    status:
      code: 200
      message: OK
- request:
    body: null
    headers:
      Accept:
      - application/json
      Accept-Encoding:
      - gzip, deflate
      CommandName:
      - network manager security-admin-config rule-collection rule list
      Connection:
      - keep-alive
      ParameterSetName:
      - -g --network-manager-name --configuration-name --rule-collection-name
      User-Agent:
      - AZURECLI/2.51.0 (PIP) (AAZ) azsdk-python-core/1.26.0 Python/3.9.13 (Windows-10-10.0.19045-SP0)
    method: GET
    uri: https://management.azure.com/subscriptions/00000000-0000-0000-0000-000000000000/resourceGroups/test_network_manager_admin_rule_crud000001/providers/Microsoft.Network/networkManagers/TestNetworkManager/securityAdminConfigurations/myTestSecurityConfig/ruleCollections/myTestCollection/rules?api-version=2022-01-01
  response:
    body:
      string: '{"nextLink":"","value":[{"name":"myRule","id":"/subscriptions/00000000-0000-0000-0000-000000000000/resourceGroups/test_network_manager_admin_rule_crud000001/providers/Microsoft.Network/networkManagers/TestNetworkManager/securityAdminConfigurations/myTestSecurityConfig/ruleCollections/myTestCollection/rules/myRule","type":"Microsoft.Network/networkManagers/securityAdminConfigurations/ruleCollections/rules","etag":"\"7000d45c-0000-0200-0000-64ec1b660000\"","properties":{"description":"","flag":"","priority":32,"protocol":"Tcp","direction":"Inbound","access":"Allow","sources":[],"destinations":[],"sourcePortRanges":[],"destinationPortRanges":[],"provisioningState":"Succeeded","resourceGuid":"7c5fd69c-31ed-4189-b6a8-d16cd4bafb9b"},"kind":"Custom","systemData":{"createdBy":"zhiyihuang@microsoft.com","createdByType":"User","createdAt":"2023-08-28T03:58:25.9082031Z","lastModifiedBy":"zhiyihuang@microsoft.com","lastModifiedByType":"User","lastModifiedAt":"2023-08-28T03:58:30.0211117Z"}}]}'
    headers:
      cache-control:
      - no-cache
      content-length:
      - '995'
      content-type:
      - application/json; charset=utf-8
      date:
      - Mon, 28 Aug 2023 03:58:31 GMT
      expires:
      - '-1'
      pragma:
      - no-cache
      server:
      - Kestrel
      strict-transport-security:
      - max-age=31536000; includeSubDomains
      transfer-encoding:
      - chunked
      vary:
      - Accept-Encoding
      x-content-type-options:
      - nosniff
    status:
      code: 200
      message: OK
- request:
    body: null
    headers:
      Accept:
      - '*/*'
      Accept-Encoding:
      - gzip, deflate
      CommandName:
      - network manager security-admin-config rule-collection rule delete
      Connection:
      - keep-alive
      Content-Length:
      - '0'
      ParameterSetName:
      - -g --network-manager-name --configuration-name --rule-collection-name --rule-name
        --force --yes
      User-Agent:
      - AZURECLI/2.51.0 (PIP) (AAZ) azsdk-python-core/1.26.0 Python/3.9.13 (Windows-10-10.0.19045-SP0)
    method: DELETE
    uri: https://management.azure.com/subscriptions/00000000-0000-0000-0000-000000000000/resourceGroups/test_network_manager_admin_rule_crud000001/providers/Microsoft.Network/networkManagers/TestNetworkManager/securityAdminConfigurations/myTestSecurityConfig/ruleCollections/myTestCollection/rules/myRule?force=true&api-version=2022-01-01
  response:
    body:
      string: ''
    headers:
      cache-control:
      - no-cache
      content-length:
      - '0'
      date:
      - Mon, 28 Aug 2023 03:58:33 GMT
      expires:
      - '-1'
      pragma:
      - no-cache
      server:
      - Kestrel
      strict-transport-security:
      - max-age=31536000; includeSubDomains
      x-content-type-options:
      - nosniff
      x-ms-ratelimit-remaining-subscription-deletes:
      - '14997'
    status:
      code: 200
      message: OK
- request:
    body: null
    headers:
      Accept:
      - '*/*'
      Accept-Encoding:
      - gzip, deflate
      CommandName:
      - network manager security-admin-config delete
      Connection:
      - keep-alive
      Content-Length:
      - '0'
      ParameterSetName:
      - --configuration-name --network-manager-name -g --force --yes
      User-Agent:
      - AZURECLI/2.51.0 (PIP) (AAZ) azsdk-python-core/1.26.0 Python/3.9.13 (Windows-10-10.0.19045-SP0)
    method: DELETE
    uri: https://management.azure.com/subscriptions/00000000-0000-0000-0000-000000000000/resourceGroups/test_network_manager_admin_rule_crud000001/providers/Microsoft.Network/networkManagers/TestNetworkManager/securityAdminConfigurations/myTestSecurityConfig?force=true&api-version=2022-05-01
  response:
    body:
      string: ''
    headers:
      cache-control:
      - no-cache
      content-length:
      - '0'
      date:
      - Mon, 28 Aug 2023 03:58:36 GMT
      expires:
      - '-1'
      pragma:
      - no-cache
      server:
      - Kestrel
      strict-transport-security:
      - max-age=31536000; includeSubDomains
      x-content-type-options:
      - nosniff
      x-ms-ratelimit-remaining-subscription-deletes:
      - '14998'
    status:
      code: 200
      message: OK
- request:
    body: null
    headers:
      Accept:
      - '*/*'
      Accept-Encoding:
      - gzip, deflate
      CommandName:
      - network manager group delete
      Connection:
      - keep-alive
      Content-Length:
      - '0'
      ParameterSetName:
      - -g --name --network-manager-name --force --yes
      User-Agent:
      - AZURECLI/2.51.0 (PIP) (AAZ) azsdk-python-core/1.26.0 Python/3.9.13 (Windows-10-10.0.19045-SP0)
    method: DELETE
    uri: https://management.azure.com/subscriptions/00000000-0000-0000-0000-000000000000/resourceGroups/test_network_manager_admin_rule_crud000001/providers/Microsoft.Network/networkManagers/TestNetworkManager/networkGroups/TestNetworkGroup?force=true&api-version=2022-01-01
  response:
    body:
      string: ''
    headers:
      cache-control:
      - no-cache
      content-length:
      - '0'
      date:
      - Mon, 28 Aug 2023 03:58:37 GMT
      expires:
      - '-1'
      pragma:
      - no-cache
      server:
      - Kestrel
      strict-transport-security:
      - max-age=31536000; includeSubDomains
      x-content-type-options:
      - nosniff
      x-ms-ratelimit-remaining-subscription-deletes:
      - '14996'
    status:
      code: 200
      message: OK
- request:
    body: null
    headers:
      Accept:
      - '*/*'
      Accept-Encoding:
      - gzip, deflate
      CommandName:
      - network manager delete
      Connection:
      - keep-alive
      Content-Length:
      - '0'
      ParameterSetName:
      - --resource-group --name --force --yes
      User-Agent:
      - AZURECLI/2.51.0 (PIP) (AAZ) azsdk-python-core/1.26.0 Python/3.9.13 (Windows-10-10.0.19045-SP0)
    method: DELETE
    uri: https://management.azure.com/subscriptions/00000000-0000-0000-0000-000000000000/resourceGroups/test_network_manager_admin_rule_crud000001/providers/Microsoft.Network/networkManagers/TestNetworkManager?force=true&api-version=2022-01-01
  response:
    body:
      string: ''
    headers:
      cache-control:
      - no-cache
      content-length:
      - '0'
      date:
      - Mon, 28 Aug 2023 03:58:41 GMT
      expires:
      - '-1'
      pragma:
      - no-cache
      server:
      - Kestrel
      strict-transport-security:
      - max-age=31536000; includeSubDomains
      x-content-type-options:
      - nosniff
      x-ms-ratelimit-remaining-subscription-deletes:
      - '14999'
    status:
      code: 200
      message: OK
version: 1
