interactions:
- request:
    body: '{"location": "eastus2euap", "properties": {"description": "My Test Network
      Manager", "networkManagerScopes": {"subscriptions": ["/subscriptions/00000000-0000-0000-0000-000000000000"]},
      "networkManagerScopeAccesses": ["SecurityAdmin", "Connectivity"]}}'
    headers:
      Accept:
      - application/json
      Accept-Encoding:
      - gzip, deflate
      CommandName:
      - network manager create
      Connection:
      - keep-alive
      Content-Length:
      - '251'
      Content-Type:
      - application/json
      ParameterSetName:
      - --name --description --display-name --scope-accesses --network-manager-scopes
        -l --resource-group
      User-Agent:
      - AZURECLI/2.37.0 azsdk-python-mgmt-network/1.0.0b1 Python/3.8.1 (Windows-10-10.0.22000-SP0)
    method: PUT
    uri: https://eastus2euap.management.azure.com/subscriptions/00000000-0000-0000-0000-000000000000/resourceGroups/test_network_manager_security_admin_config000001/providers/Microsoft.Network/networkManagers/TestNetworkManager?api-version=2022-01-01
  response:
    body:
      string: '{"name":"TestNetworkManager","id":"/subscriptions/00000000-0000-0000-0000-000000000000/resourceGroups/test_network_manager_security_admin_config000001/providers/Microsoft.Network/networkManagers/TestNetworkManager","location":"eastus2euap","type":"Microsoft.Network/networkManagers","tags":{},"etag":"","properties":{"displayName":"","description":"My
        Test Network Manager","networkManagerScopes":{"managementGroups":[],"subscriptions":["/subscriptions/00000000-0000-0000-0000-000000000000"],"crossTenantScopes":[]},"provisioningState":"Succeeded","networkManagerScopeAccesses":["SecurityAdmin","Connectivity"],"resourceGuid":"3ec47176-f91e-4218-add9-3c8b361ae07e"},"systemData":{"createdBy":"v-taoxuzeng@microsoft.com","createdByType":"User","createdAt":"2022-06-21T07:18:41.5378646Z","lastModifiedBy":"v-taoxuzeng@microsoft.com","lastModifiedByType":"User","lastModifiedAt":"2022-06-21T07:18:41.5378646Z"}}'
    headers:
      cache-control:
      - no-cache
      content-length:
      - '908'
      content-type:
      - application/json; charset=utf-8
      date:
      - Tue, 21 Jun 2022 07:18:42 GMT
      expires:
      - '-1'
      pragma:
      - no-cache
      server:
      - Kestrel
      strict-transport-security:
      - max-age=31536000; includeSubDomains
      transfer-encoding:
      - chunked
      vary:
      - Accept-Encoding
      x-content-type-options:
      - nosniff
      x-ms-ratelimit-remaining-subscription-writes:
      - '1197'
    status:
      code: 200
      message: OK
- request:
    body: '{"properties": {"description": "A sample policy"}}'
    headers:
      Accept:
      - application/json
      Accept-Encoding:
      - gzip, deflate
      CommandName:
      - network manager security-admin-config create
      Connection:
      - keep-alive
      Content-Length:
      - '50'
      Content-Type:
      - application/json
      ParameterSetName:
      - --configuration-name --network-manager-name -g --description --delete-existing-ns-gs
        --display-name
      User-Agent:
      - AZURECLI/2.37.0 azsdk-python-mgmt-network/1.0.0b1 Python/3.8.1 (Windows-10-10.0.22000-SP0)
    method: PUT
    uri: https://eastus2euap.management.azure.com/subscriptions/00000000-0000-0000-0000-000000000000/resourceGroups/test_network_manager_security_admin_config000001/providers/Microsoft.Network/networkManagers/TestNetworkManager/securityAdminConfigurations/myTestSecurityConfig?api-version=2022-01-01
  response:
    body:
      string: '{"name":"myTestSecurityConfig","id":"/subscriptions/00000000-0000-0000-0000-000000000000/resourceGroups/test_network_manager_security_admin_config000001/providers/Microsoft.Network/networkManagers/TestNetworkManager/securityAdminConfigurations/myTestSecurityConfig","type":"Microsoft.Network/networkManagers/securityAdminConfigurations","etag":"","properties":{"displayName":"","description":"A
        sample policy","provisioningState":"Succeeded","resourceGuid":"81b4f2d3-06d6-480b-9983-ee518ca12c13","applyOnNetworkIntentPolicyBasedServices":[]},"systemData":{"createdBy":"v-taoxuzeng@microsoft.com","createdByType":"User","createdAt":"2022-06-21T07:18:44.0169091Z","lastModifiedBy":"v-taoxuzeng@microsoft.com","lastModifiedByType":"User","lastModifiedAt":"2022-06-21T07:18:44.0169091Z"}}'
    headers:
      cache-control:
      - no-cache
      content-length:
      - '784'
      content-type:
      - application/json; charset=utf-8
      date:
      - Tue, 21 Jun 2022 07:18:43 GMT
      expires:
      - '-1'
      pragma:
      - no-cache
      server:
      - Kestrel
      strict-transport-security:
      - max-age=31536000; includeSubDomains
      transfer-encoding:
      - chunked
      vary:
      - Accept-Encoding
      x-content-type-options:
      - nosniff
      x-ms-ratelimit-remaining-subscription-writes:
      - '1195'
    status:
      code: 200
      message: OK
- request:
    body: null
    headers:
      Accept:
      - application/json
      Accept-Encoding:
      - gzip, deflate
      CommandName:
      - network manager security-admin-config update
      Connection:
      - keep-alive
      ParameterSetName:
      - --configuration-name --network-manager-name -g --description
      User-Agent:
      - AZURECLI/2.37.0 azsdk-python-mgmt-network/1.0.0b1 Python/3.8.1 (Windows-10-10.0.22000-SP0)
    method: GET
    uri: https://eastus2euap.management.azure.com/subscriptions/00000000-0000-0000-0000-000000000000/resourceGroups/test_network_manager_security_admin_config000001/providers/Microsoft.Network/networkManagers/TestNetworkManager/securityAdminConfigurations/myTestSecurityConfig?api-version=2022-01-01
  response:
    body:
      string: '{"name":"myTestSecurityConfig","id":"/subscriptions/00000000-0000-0000-0000-000000000000/resourceGroups/test_network_manager_security_admin_config000001/providers/Microsoft.Network/networkManagers/TestNetworkManager/securityAdminConfigurations/myTestSecurityConfig","type":"Microsoft.Network/networkManagers/securityAdminConfigurations","etag":"\"42002219-0000-3400-0000-62b170d40000\"","properties":{"displayName":"","description":"A
        sample policy","provisioningState":"Succeeded","resourceGuid":"81b4f2d3-06d6-480b-9983-ee518ca12c13","applyOnNetworkIntentPolicyBasedServices":[]},"systemData":{"createdBy":"v-taoxuzeng@microsoft.com","createdByType":"User","createdAt":"2022-06-21T07:18:44.0169091Z","lastModifiedBy":"v-taoxuzeng@microsoft.com","lastModifiedByType":"User","lastModifiedAt":"2022-06-21T07:18:44.0169091Z"}}'
    headers:
      cache-control:
      - no-cache
      content-length:
      - '824'
      content-type:
      - application/json; charset=utf-8
      date:
      - Tue, 21 Jun 2022 07:18:45 GMT
      expires:
      - '-1'
      pragma:
      - no-cache
      server:
      - Kestrel
      strict-transport-security:
      - max-age=31536000; includeSubDomains
      transfer-encoding:
      - chunked
      vary:
      - Accept-Encoding
      x-content-type-options:
      - nosniff
    status:
      code: 200
      message: OK
- request:
    body: '{"properties": {"description": "test_description", "applyOnNetworkIntentPolicyBasedServices":
      []}}'
    headers:
      Accept:
      - application/json
      Accept-Encoding:
      - gzip, deflate
      CommandName:
      - network manager security-admin-config update
      Connection:
      - keep-alive
      Content-Length:
      - '98'
      Content-Type:
      - application/json
      ParameterSetName:
      - --configuration-name --network-manager-name -g --description
      User-Agent:
      - AZURECLI/2.37.0 azsdk-python-mgmt-network/1.0.0b1 Python/3.8.1 (Windows-10-10.0.22000-SP0)
    method: PUT
    uri: https://eastus2euap.management.azure.com/subscriptions/00000000-0000-0000-0000-000000000000/resourceGroups/test_network_manager_security_admin_config000001/providers/Microsoft.Network/networkManagers/TestNetworkManager/securityAdminConfigurations/myTestSecurityConfig?api-version=2022-01-01
  response:
    body:
      string: '{"name":"myTestSecurityConfig","id":"/subscriptions/00000000-0000-0000-0000-000000000000/resourceGroups/test_network_manager_security_admin_config000001/providers/Microsoft.Network/networkManagers/TestNetworkManager/securityAdminConfigurations/myTestSecurityConfig","type":"Microsoft.Network/networkManagers/securityAdminConfigurations","etag":"","properties":{"displayName":"","description":"test_description","provisioningState":"Succeeded","resourceGuid":"81b4f2d3-06d6-480b-9983-ee518ca12c13","applyOnNetworkIntentPolicyBasedServices":[]},"systemData":{"createdBy":"v-taoxuzeng@microsoft.com","createdByType":"User","createdAt":"2022-06-21T07:18:44.0169091Z","lastModifiedBy":"v-taoxuzeng@microsoft.com","lastModifiedByType":"User","lastModifiedAt":"2022-06-21T07:18:47.4615208Z"}}'
    headers:
      cache-control:
      - no-cache
      content-length:
      - '785'
      content-type:
      - application/json; charset=utf-8
      date:
      - Tue, 21 Jun 2022 07:18:46 GMT
      expires:
      - '-1'
      pragma:
      - no-cache
      server:
      - Kestrel
      strict-transport-security:
      - max-age=31536000; includeSubDomains
      transfer-encoding:
      - chunked
      vary:
      - Accept-Encoding
      x-content-type-options:
      - nosniff
      x-ms-ratelimit-remaining-subscription-writes:
      - '1196'
    status:
      code: 200
      message: OK
- request:
    body: null
    headers:
      Accept:
      - application/json
      Accept-Encoding:
      - gzip, deflate
      CommandName:
      - network manager security-admin-config list
      Connection:
      - keep-alive
      ParameterSetName:
      - --network-manager-name -g
      User-Agent:
      - AZURECLI/2.37.0 azsdk-python-mgmt-network/1.0.0b1 Python/3.8.1 (Windows-10-10.0.22000-SP0)
    method: GET
    uri: https://eastus2euap.management.azure.com/subscriptions/00000000-0000-0000-0000-000000000000/resourceGroups/test_network_manager_security_admin_config000001/providers/Microsoft.Network/networkManagers/TestNetworkManager/securityAdminConfigurations?api-version=2022-01-01
  response:
    body:
      string: '{"nextLink":"","value":[{"name":"myTestSecurityConfig","id":"/subscriptions/00000000-0000-0000-0000-000000000000/resourceGroups/test_network_manager_security_admin_config000001/providers/Microsoft.Network/networkManagers/TestNetworkManager/securityAdminConfigurations/myTestSecurityConfig","type":"Microsoft.Network/networkManagers/securityAdminConfigurations","etag":"\"42002919-0000-3400-0000-62b170d70000\"","properties":{"displayName":"","description":"test_description","provisioningState":"Succeeded","resourceGuid":"81b4f2d3-06d6-480b-9983-ee518ca12c13","applyOnNetworkIntentPolicyBasedServices":[]},"systemData":{"createdBy":"v-taoxuzeng@microsoft.com","createdByType":"User","createdAt":"2022-06-21T07:18:44.0169091Z","lastModifiedBy":"v-taoxuzeng@microsoft.com","lastModifiedByType":"User","lastModifiedAt":"2022-06-21T07:18:47.4615208Z"}}]}'
    headers:
      cache-control:
      - no-cache
      content-length:
      - '851'
      content-type:
      - application/json; charset=utf-8
      date:
      - Tue, 21 Jun 2022 07:18:49 GMT
      expires:
      - '-1'
      pragma:
      - no-cache
      server:
      - Kestrel
      strict-transport-security:
      - max-age=31536000; includeSubDomains
      transfer-encoding:
      - chunked
      vary:
      - Accept-Encoding
      x-content-type-options:
      - nosniff
    status:
      code: 200
      message: OK
- request:
    body: null
    headers:
      Accept:
      - application/json
      Accept-Encoding:
      - gzip, deflate
      CommandName:
      - network manager security-admin-config show
      Connection:
      - keep-alive
      ParameterSetName:
      - --configuration-name --network-manager-name -g
      User-Agent:
      - AZURECLI/2.37.0 azsdk-python-mgmt-network/1.0.0b1 Python/3.8.1 (Windows-10-10.0.22000-SP0)
    method: GET
    uri: https://eastus2euap.management.azure.com/subscriptions/00000000-0000-0000-0000-000000000000/resourceGroups/test_network_manager_security_admin_config000001/providers/Microsoft.Network/networkManagers/TestNetworkManager/securityAdminConfigurations/myTestSecurityConfig?api-version=2022-01-01
  response:
    body:
      string: '{"name":"myTestSecurityConfig","id":"/subscriptions/00000000-0000-0000-0000-000000000000/resourceGroups/test_network_manager_security_admin_config000001/providers/Microsoft.Network/networkManagers/TestNetworkManager/securityAdminConfigurations/myTestSecurityConfig","type":"Microsoft.Network/networkManagers/securityAdminConfigurations","etag":"\"42002919-0000-3400-0000-62b170d70000\"","properties":{"displayName":"","description":"test_description","provisioningState":"Succeeded","resourceGuid":"81b4f2d3-06d6-480b-9983-ee518ca12c13","applyOnNetworkIntentPolicyBasedServices":[]},"systemData":{"createdBy":"v-taoxuzeng@microsoft.com","createdByType":"User","createdAt":"2022-06-21T07:18:44.0169091Z","lastModifiedBy":"v-taoxuzeng@microsoft.com","lastModifiedByType":"User","lastModifiedAt":"2022-06-21T07:18:47.4615208Z"}}'
    headers:
      cache-control:
      - no-cache
      content-length:
      - '825'
      content-type:
      - application/json; charset=utf-8
      date:
      - Tue, 21 Jun 2022 07:18:50 GMT
      expires:
      - '-1'
      pragma:
      - no-cache
      server:
      - Kestrel
      strict-transport-security:
      - max-age=31536000; includeSubDomains
      transfer-encoding:
      - chunked
      vary:
      - Accept-Encoding
      x-content-type-options:
      - nosniff
    status:
      code: 200
      message: OK
- request:
    body: null
    headers:
      Accept:
      - application/json
      Accept-Encoding:
      - gzip, deflate
      CommandName:
      - network manager security-admin-config delete
      Connection:
      - keep-alive
      Content-Length:
      - '0'
      ParameterSetName:
      - --configuration-name --network-manager-name -g --force --yes
      User-Agent:
      - AZURECLI/2.37.0 azsdk-python-mgmt-network/1.0.0b1 Python/3.8.1 (Windows-10-10.0.22000-SP0)
    method: DELETE
    uri: https://eastus2euap.management.azure.com/subscriptions/00000000-0000-0000-0000-000000000000/resourceGroups/test_network_manager_security_admin_config000001/providers/Microsoft.Network/networkManagers/TestNetworkManager/securityAdminConfigurations/myTestSecurityConfig?api-version=2022-01-01&force=true
  response:
    body:
      string: ''
    headers:
      cache-control:
      - no-cache
      content-length:
      - '0'
      date:
      - Tue, 21 Jun 2022 07:18:52 GMT
      expires:
      - '-1'
      pragma:
      - no-cache
      server:
      - Kestrel
      strict-transport-security:
      - max-age=31536000; includeSubDomains
      x-content-type-options:
      - nosniff
      x-ms-ratelimit-remaining-subscription-deletes:
      - '14996'
    status:
      code: 200
      message: OK
- request:
    body: null
    headers:
      Accept:
      - application/json
      Accept-Encoding:
      - gzip, deflate
      CommandName:
      - network manager delete
      Connection:
      - keep-alive
      Content-Length:
      - '0'
      ParameterSetName:
      - --resource-group --name --force --yes
      User-Agent:
      - AZURECLI/2.37.0 azsdk-python-mgmt-network/1.0.0b1 Python/3.8.1 (Windows-10-10.0.22000-SP0)
    method: DELETE
    uri: https://eastus2euap.management.azure.com/subscriptions/00000000-0000-0000-0000-000000000000/resourceGroups/test_network_manager_security_admin_config000001/providers/Microsoft.Network/networkManagers/TestNetworkManager?api-version=2022-01-01&force=true
  response:
    body:
      string: ''
    headers:
      cache-control:
      - no-cache
      content-length:
      - '0'
      date:
      - Tue, 21 Jun 2022 07:18:55 GMT
      expires:
      - '-1'
      pragma:
      - no-cache
      server:
      - Kestrel
      strict-transport-security:
      - max-age=31536000; includeSubDomains
      x-content-type-options:
      - nosniff
      x-ms-ratelimit-remaining-subscription-deletes:
      - '14995'
    status:
      code: 200
      message: OK
version: 1
