interactions:
- request:
    body: '{"location": "eastus2euap", "properties": {"displayName": "TestNetworkManager",
      "description": "My Test Network Manager", "networkManagerScopes": {"subscriptions":
      ["/subscriptions/00000000-0000-0000-0000-000000000000"]}, "networkManagerScopeAccesses":
      ["SecurityAdmin", "Connectivity"]}}'
    headers:
      Accept:
      - application/json
      Accept-Encoding:
      - gzip, deflate
      CommandName:
      - network manager create
      Connection:
      - keep-alive
      Content-Length:
      - '288'
      Content-Type:
      - application/json
      ParameterSetName:
      - --name --description --display-name --scope-accesses --network-manager-scopes
        -l --resource-group
      User-Agent:
      - AZURECLI/2.31.0 azsdk-python-mgmt-network/1.0.0b1 Python/3.9.5 (Windows-10-10.0.17763-SP0)
    method: PUT
    uri: https://management.azure.com/subscriptions/00000000-0000-0000-0000-000000000000/resourceGroups/test_network_manager_admin_rule_crud000001/providers/Microsoft.Network/networkManagers/TestNetworkManager?api-version=2021-05-01-preview
  response:
    body:
      string: '{"name":"TestNetworkManager","id":"/subscriptions/00000000-0000-0000-0000-000000000000/resourceGroups/test_network_manager_admin_rule_crud000001/providers/Microsoft.Network/networkManagers/TestNetworkManager","location":"eastus2euap","type":"Microsoft.Network/networkManagers","tags":{},"etag":"","properties":{"displayName":"TestNetworkManager","description":"My
        Test Network Manager","networkManagerScopes":{"managementGroups":[],"subscriptions":["/subscriptions/00000000-0000-0000-0000-000000000000"],"multiTenantScopes":[]},"provisioningState":"Succeeded","networkManagerScopeAccesses":["SecurityAdmin","Connectivity"],"resourceGuid":"6ad2e227-9c0e-4cbb-8d1d-db222590a713"},"systemData":{"createdBy":"v-taoxuzeng@microsoft.com","createdByType":"User","createdAt":"2022-03-07T09:42:49.2067703Z","lastModifiedBy":"v-taoxuzeng@microsoft.com","lastModifiedByType":"User","lastModifiedAt":"2022-03-07T09:42:49.2067703Z"}}'
    headers:
      cache-control:
      - no-cache
      content-length:
      - '920'
      content-type:
      - application/json; charset=utf-8
      date:
      - Mon, 07 Mar 2022 09:42:55 GMT
      expires:
      - '-1'
      pragma:
      - no-cache
      server:
      - Kestrel
      strict-transport-security:
      - max-age=31536000; includeSubDomains
      transfer-encoding:
      - chunked
      vary:
      - Accept-Encoding
      x-content-type-options:
      - nosniff
      x-ms-ratelimit-remaining-subscription-writes:
      - '1199'
    status:
      code: 200
      message: OK
- request:
    body: '{"properties": {"displayName": "ASampleGroup", "description": "A sample
      policy", "memberType": "Microsoft.Network/virtualNetworks"}}'
    headers:
      Accept:
      - application/json
      Accept-Encoding:
      - gzip, deflate
      CommandName:
      - network manager group create
      Connection:
      - keep-alive
      Content-Length:
      - '132'
      Content-Type:
      - application/json
      ParameterSetName:
      - --name --network-manager-name --description --display-name --member-type -g
      User-Agent:
      - AZURECLI/2.31.0 azsdk-python-mgmt-network/1.0.0b1 Python/3.9.5 (Windows-10-10.0.17763-SP0)
    method: PUT
    uri: https://management.azure.com/subscriptions/00000000-0000-0000-0000-000000000000/resourceGroups/test_network_manager_admin_rule_crud000001/providers/Microsoft.Network/networkManagers/TestNetworkManager/networkGroups/TestNetworkGroup?api-version=2021-05-01-preview
  response:
    body:
      string: '{"name":"TestNetworkGroup","id":"/subscriptions/00000000-0000-0000-0000-000000000000/resourceGroups/test_network_manager_admin_rule_crud000001/providers/Microsoft.Network/networkManagers/TestNetworkManager/networkGroups/TestNetworkGroup","type":"Microsoft.Network/networkManagers/networkGroups","etag":"","properties":{"displayName":"ASampleGroup","description":"A
        sample policy","groupMembers":[],"conditionalMembership":"","provisioningState":"Succeeded","resourceGuid":"efcafcc2-0630-44b2-98d2-69c99b257da8"},"systemData":{"createdBy":"v-taoxuzeng@microsoft.com","createdByType":"User","createdAt":"2022-03-07T09:42:57.1362102Z","lastModifiedBy":"v-taoxuzeng@microsoft.com","lastModifiedByType":"User","lastModifiedAt":"2022-03-07T09:42:57.1362102Z"}}'
    headers:
      cache-control:
      - no-cache
      content-length:
      - '754'
      content-type:
      - application/json; charset=utf-8
      date:
      - Mon, 07 Mar 2022 09:42:57 GMT
      expires:
      - '-1'
      pragma:
      - no-cache
      server:
      - Kestrel
      strict-transport-security:
      - max-age=31536000; includeSubDomains
      transfer-encoding:
      - chunked
      vary:
      - Accept-Encoding
      x-content-type-options:
      - nosniff
      x-ms-ratelimit-remaining-subscription-writes:
      - '1196'
    status:
      code: 200
      message: OK
- request:
    body: '{"properties": {"resourceId": "/subscriptions/00000000-0000-0000-0000-000000000000/resourceGroups/test_network_manager_admin_rule_crud000001/providers/Microsoft.Network/virtualnetworks/clitest.vn000002"}}'
    headers:
      Accept:
      - application/json
      Accept-Encoding:
      - gzip, deflate
      CommandName:
      - network manager group static-member create
      Connection:
      - keep-alive
      Content-Length:
      - '204'
      Content-Type:
      - application/json
      ParameterSetName:
      - --name --network-group-name --network-manager-name --resource-id -g
      User-Agent:
      - AZURECLI/2.31.0 azsdk-python-mgmt-network/1.0.0b1 Python/3.9.5 (Windows-10-10.0.17763-SP0)
    method: PUT
    uri: https://management.azure.com/subscriptions/00000000-0000-0000-0000-000000000000/resourceGroups/test_network_manager_admin_rule_crud000001/providers/Microsoft.Network/networkManagers/TestNetworkManager/networkGroups/TestNetworkGroup/staticMembers/TestStaticMember?api-version=2021-05-01-preview
  response:
    body:
      string: '{"name":"TestStaticMember","id":"/subscriptions/00000000-0000-0000-0000-000000000000/resourceGroups/test_network_manager_admin_rule_crud000001/providers/Microsoft.Network/networkManagers/TestNetworkManager/networkGroups/TestNetworkGroup/staticMembers/TestStaticMember","type":"Microsoft.Network/networkManagers/networkGroups/staticMembers","etag":"","properties":{"resourceId":"/subscriptions/00000000-0000-0000-0000-000000000000/resourceGroups/test_network_manager_admin_rule_crud000001/providers/Microsoft.Network/virtualnetworks/clitest.vn000002"},"systemData":{"createdBy":"v-taoxuzeng@microsoft.com","createdByType":"User","createdAt":"2022-03-07T09:42:59.0320115Z","lastModifiedBy":"v-taoxuzeng@microsoft.com","lastModifiedByType":"User","lastModifiedAt":"2022-03-07T09:42:59.0320115Z"}}'
    headers:
      cache-control:
      - no-cache
      content-length:
      - '793'
      content-type:
      - application/json; charset=utf-8
      date:
      - Mon, 07 Mar 2022 09:42:59 GMT
      expires:
      - '-1'
      pragma:
      - no-cache
      server:
      - Kestrel
      strict-transport-security:
      - max-age=31536000; includeSubDomains
      transfer-encoding:
      - chunked
      vary:
      - Accept-Encoding
      x-content-type-options:
      - nosniff
      x-ms-ratelimit-remaining-subscription-writes:
      - '1198'
    status:
      code: 200
      message: OK
- request:
    body: '{"properties": {"displayName": "MyTestConfig", "description": "A sample
      policy", "deleteExistingNSGs": "True"}}'
    headers:
      Accept:
      - application/json
      Accept-Encoding:
      - gzip, deflate
      CommandName:
      - network manager security-admin-config create
      Connection:
      - keep-alive
      Content-Length:
      - '111'
      Content-Type:
      - application/json
      ParameterSetName:
      - --configuration-name --network-manager-name -g --description --delete-existing-ns-gs
        --display-name
      User-Agent:
      - AZURECLI/2.31.0 azsdk-python-mgmt-network/1.0.0b1 Python/3.9.5 (Windows-10-10.0.17763-SP0)
    method: PUT
    uri: https://management.azure.com/subscriptions/00000000-0000-0000-0000-000000000000/resourceGroups/test_network_manager_admin_rule_crud000001/providers/Microsoft.Network/networkManagers/TestNetworkManager/securityAdminConfigurations/myTestSecurityConfig?api-version=2021-05-01-preview
  response:
    body:
      string: '{"name":"myTestSecurityConfig","id":"/subscriptions/00000000-0000-0000-0000-000000000000/resourceGroups/test_network_manager_admin_rule_crud000001/providers/Microsoft.Network/networkManagers/TestNetworkManager/securityAdminConfigurations/myTestSecurityConfig","type":"Microsoft.Network/networkManagers/securityAdminConfigurations","etag":"","properties":{"displayName":"MyTestConfig","description":"A
        sample policy","provisioningState":"Succeeded","resourceGuid":"e99306b0-0976-4587-8a92-3733abdf35d2","applyOnNetworkIntentPolicyBasedServices":[]},"systemData":{"createdBy":"v-taoxuzeng@microsoft.com","createdByType":"User","createdAt":"2022-03-07T09:43:00.4592693Z","lastModifiedBy":"v-taoxuzeng@microsoft.com","lastModifiedByType":"User","lastModifiedAt":"2022-03-07T09:43:00.4592693Z"}}'
    headers:
      cache-control:
      - no-cache
      content-length:
      - '790'
      content-type:
      - application/json; charset=utf-8
      date:
      - Mon, 07 Mar 2022 09:43:00 GMT
      expires:
      - '-1'
      pragma:
      - no-cache
      server:
      - Kestrel
      strict-transport-security:
      - max-age=31536000; includeSubDomains
      transfer-encoding:
      - chunked
      vary:
      - Accept-Encoding
      x-content-type-options:
      - nosniff
      x-ms-ratelimit-remaining-subscription-writes:
      - '1198'
    status:
      code: 200
      message: OK
- request:
    body: '{"properties": {"displayName": "ASampleCollection", "description": "A sample
      policy", "appliesToGroups": [{"networkGroupId": "/subscriptions/00000000-0000-0000-0000-000000000000/resourceGroups/test_network_manager_admin_rule_crud000001/providers/Microsoft.Network/networkManagers/TestNetworkManager/networkGroups/TestNetworkGroup"}]}}'
    headers:
      Accept:
      - application/json
      Accept-Encoding:
      - gzip, deflate
      CommandName:
      - network manager security-admin-config rule-collection create
      Connection:
      - keep-alive
      Content-Length:
      - '334'
      Content-Type:
      - application/json
      ParameterSetName:
      - --configuration-name --network-manager-name -g --rule-collection-name --description
        --display-name --applies-to-groups
      User-Agent:
      - AZURECLI/2.31.0 azsdk-python-mgmt-network/1.0.0b1 Python/3.9.5 (Windows-10-10.0.17763-SP0)
    method: PUT
    uri: https://management.azure.com/subscriptions/00000000-0000-0000-0000-000000000000/resourceGroups/test_network_manager_admin_rule_crud000001/providers/Microsoft.Network/networkManagers/TestNetworkManager/securityAdminConfigurations/myTestSecurityConfig/ruleCollections/myTestCollection?api-version=2021-05-01-preview
  response:
    body:
      string: '{"name":"myTestCollection","id":"/subscriptions/00000000-0000-0000-0000-000000000000/resourceGroups/test_network_manager_admin_rule_crud000001/providers/Microsoft.Network/networkManagers/TestNetworkManager/securityAdminConfigurations/myTestSecurityConfig/ruleCollections/myTestCollection","type":"Microsoft.Network/networkManagers/securityAdminConfigurations/ruleCollections","etag":"","properties":{"displayName":"ASampleCollection","description":"A
        sample policy","appliesToGroups":[{"networkGroupId":"/subscriptions/00000000-0000-0000-0000-000000000000/resourceGroups/test_network_manager_admin_rule_crud000001/providers/Microsoft.Network/networkManagers/TestNetworkManager/networkGroups/TestNetworkGroup"}],"provisioningState":"Succeeded","resourceGuid":"75dbfefd-2373-4fe3-8a47-1b35dc8f4fea"},"systemData":{"createdBy":"v-taoxuzeng@microsoft.com","createdByType":"User","createdAt":"2022-03-07T09:43:02.3556656Z","lastModifiedBy":"v-taoxuzeng@microsoft.com","lastModifiedByType":"User","lastModifiedAt":"2022-03-07T09:43:02.3556656Z"}}'
    headers:
      cache-control:
      - no-cache
      content-length:
      - '1040'
      content-type:
      - application/json; charset=utf-8
      date:
      - Mon, 07 Mar 2022 09:43:02 GMT
      expires:
      - '-1'
      pragma:
      - no-cache
      server:
      - Kestrel
      strict-transport-security:
      - max-age=31536000; includeSubDomains
      transfer-encoding:
      - chunked
      vary:
      - Accept-Encoding
      x-content-type-options:
      - nosniff
      x-ms-ratelimit-remaining-subscription-writes:
      - '1198'
    status:
      code: 200
      message: OK
- request:
    body: '{"kind": "Custom", "properties": {"protocol": "Tcp", "access": "Allow",
      "priority": 32, "direction": "Inbound"}}'
    headers:
      Accept:
      - application/json
      Accept-Encoding:
      - gzip, deflate
      CommandName:
      - network manager security-admin-config rule-collection rule create
      Connection:
      - keep-alive
      Content-Length:
      - '112'
      Content-Type:
      - application/json
      ParameterSetName:
      - -g --network-manager-name --configuration-name --rule-collection-name --rule-name
        --kind --protocol --access --priority --direction
      User-Agent:
      - AZURECLI/2.31.0 azsdk-python-mgmt-network/1.0.0b1 Python/3.9.5 (Windows-10-10.0.17763-SP0)
    method: PUT
    uri: https://management.azure.com/subscriptions/00000000-0000-0000-0000-000000000000/resourceGroups/test_network_manager_admin_rule_crud000001/providers/Microsoft.Network/networkManagers/TestNetworkManager/securityAdminConfigurations/myTestSecurityConfig/ruleCollections/myTestCollection/rules/myRule?api-version=2021-05-01-preview
  response:
    body:
      string: '{"name":"myRule","id":"/subscriptions/00000000-0000-0000-0000-000000000000/resourceGroups/test_network_manager_admin_rule_crud000001/providers/Microsoft.Network/networkManagers/TestNetworkManager/securityAdminConfigurations/myTestSecurityConfig/ruleCollections/myTestCollection/rules/myRule","type":"Microsoft.Network/networkManagers/securityAdminConfigurations/ruleCollections/rules","etag":"","properties":{"displayName":"","description":"","flag":"","priority":32,"protocol":"Tcp","direction":"Inbound","access":"Allow","sources":[],"destinations":[],"sourcePortRanges":[],"destinationPortRanges":[],"provisioningState":"Succeeded","resourceGuid":"409c2cb3-0dc4-4c2d-9138-0d10defbf0aa"},"kind":"Custom","systemData":{"createdBy":"v-taoxuzeng@microsoft.com","createdByType":"User","createdAt":"2022-03-07T09:43:04.1703455Z","lastModifiedBy":"v-taoxuzeng@microsoft.com","lastModifiedByType":"User","lastModifiedAt":"2022-03-07T09:43:04.1703455Z"}}'
    headers:
      cache-control:
      - no-cache
      content-length:
      - '948'
      content-type:
      - application/json; charset=utf-8
      date:
      - Mon, 07 Mar 2022 09:43:04 GMT
      expires:
      - '-1'
      pragma:
      - no-cache
      server:
      - Kestrel
      strict-transport-security:
      - max-age=31536000; includeSubDomains
      transfer-encoding:
      - chunked
      vary:
      - Accept-Encoding
      x-content-type-options:
      - nosniff
      x-ms-ratelimit-remaining-subscription-writes:
      - '1194'
    status:
      code: 200
      message: OK
- request:
    body: null
    headers:
      Accept:
      - application/json
      Accept-Encoding:
      - gzip, deflate
      CommandName:
      - network manager security-admin-config rule-collection rule show
      Connection:
      - keep-alive
      ParameterSetName:
      - -g --network-manager-name --configuration-name --rule-collection-name --rule-name
      User-Agent:
      - AZURECLI/2.31.0 azsdk-python-mgmt-network/1.0.0b1 Python/3.9.5 (Windows-10-10.0.17763-SP0)
    method: GET
    uri: https://management.azure.com/subscriptions/00000000-0000-0000-0000-000000000000/resourceGroups/test_network_manager_admin_rule_crud000001/providers/Microsoft.Network/networkManagers/TestNetworkManager/securityAdminConfigurations/myTestSecurityConfig/ruleCollections/myTestCollection/rules/myRule?api-version=2021-05-01-preview
  response:
    body:
      string: '{"name":"myRule","id":"/subscriptions/00000000-0000-0000-0000-000000000000/resourceGroups/test_network_manager_admin_rule_crud000001/providers/Microsoft.Network/networkManagers/TestNetworkManager/securityAdminConfigurations/myTestSecurityConfig/ruleCollections/myTestCollection/rules/myRule","type":"Microsoft.Network/networkManagers/securityAdminConfigurations/ruleCollections/rules","etag":"\"0000c87a-0000-3400-0000-6225d3a90000\"","properties":{"displayName":"","description":"","flag":"","priority":32,"protocol":"Tcp","direction":"Inbound","access":"Allow","sources":[],"destinations":[],"sourcePortRanges":[],"destinationPortRanges":[],"provisioningState":"Succeeded","resourceGuid":"409c2cb3-0dc4-4c2d-9138-0d10defbf0aa"},"kind":"Custom","systemData":{"createdBy":"v-taoxuzeng@microsoft.com","createdByType":"User","createdAt":"2022-03-07T09:43:04.1703455Z","lastModifiedBy":"v-taoxuzeng@microsoft.com","lastModifiedByType":"User","lastModifiedAt":"2022-03-07T09:43:04.1703455Z"}}'
    headers:
      cache-control:
      - no-cache
      content-length:
      - '988'
      content-type:
      - application/json; charset=utf-8
      date:
      - Mon, 07 Mar 2022 09:43:06 GMT
      expires:
      - '-1'
      pragma:
      - no-cache
      server:
      - Kestrel
      strict-transport-security:
      - max-age=31536000; includeSubDomains
      transfer-encoding:
      - chunked
      vary:
      - Accept-Encoding
      x-content-type-options:
      - nosniff
    status:
      code: 200
      message: OK
- request:
    body: null
    headers:
      Accept:
      - application/json
      Accept-Encoding:
      - gzip, deflate
      CommandName:
      - network manager security-admin-config rule-collection rule update
      Connection:
      - keep-alive
      ParameterSetName:
      - -g --network-manager-name --configuration-name --rule-collection-name --rule-name
        --access
      User-Agent:
      - AZURECLI/2.31.0 azsdk-python-mgmt-network/1.0.0b1 Python/3.9.5 (Windows-10-10.0.17763-SP0)
    method: GET
    uri: https://management.azure.com/subscriptions/00000000-0000-0000-0000-000000000000/resourceGroups/test_network_manager_admin_rule_crud000001/providers/Microsoft.Network/networkManagers/TestNetworkManager/securityAdminConfigurations/myTestSecurityConfig/ruleCollections/myTestCollection/rules/myRule?api-version=2021-05-01-preview
  response:
    body:
      string: '{"name":"myRule","id":"/subscriptions/00000000-0000-0000-0000-000000000000/resourceGroups/test_network_manager_admin_rule_crud000001/providers/Microsoft.Network/networkManagers/TestNetworkManager/securityAdminConfigurations/myTestSecurityConfig/ruleCollections/myTestCollection/rules/myRule","type":"Microsoft.Network/networkManagers/securityAdminConfigurations/ruleCollections/rules","etag":"\"0000c87a-0000-3400-0000-6225d3a90000\"","properties":{"displayName":"","description":"","flag":"","priority":32,"protocol":"Tcp","direction":"Inbound","access":"Allow","sources":[],"destinations":[],"sourcePortRanges":[],"destinationPortRanges":[],"provisioningState":"Succeeded","resourceGuid":"409c2cb3-0dc4-4c2d-9138-0d10defbf0aa"},"kind":"Custom","systemData":{"createdBy":"v-taoxuzeng@microsoft.com","createdByType":"User","createdAt":"2022-03-07T09:43:04.1703455Z","lastModifiedBy":"v-taoxuzeng@microsoft.com","lastModifiedByType":"User","lastModifiedAt":"2022-03-07T09:43:04.1703455Z"}}'
    headers:
      cache-control:
      - no-cache
      content-length:
      - '988'
      content-type:
      - application/json; charset=utf-8
      date:
      - Mon, 07 Mar 2022 09:43:08 GMT
      expires:
      - '-1'
      pragma:
      - no-cache
      server:
      - Kestrel
      strict-transport-security:
      - max-age=31536000; includeSubDomains
      transfer-encoding:
      - chunked
      vary:
      - Accept-Encoding
      x-content-type-options:
      - nosniff
    status:
      code: 200
      message: OK
- request:
    body: '{"kind": "Custom", "properties": {"displayName": "", "description": "",
      "protocol": "Tcp", "sources": [], "destinations": [], "sourcePortRanges": [],
      "destinationPortRanges": [], "access": "Deny", "priority": 32, "direction":
      "Inbound"}}'
    headers:
      Accept:
      - application/json
      Accept-Encoding:
      - gzip, deflate
      CommandName:
      - network manager security-admin-config rule-collection rule update
      Connection:
      - keep-alive
      Content-Length:
      - '237'
      Content-Type:
      - application/json
      ParameterSetName:
      - -g --network-manager-name --configuration-name --rule-collection-name --rule-name
        --access
      User-Agent:
      - AZURECLI/2.31.0 azsdk-python-mgmt-network/1.0.0b1 Python/3.9.5 (Windows-10-10.0.17763-SP0)
    method: PUT
    uri: https://management.azure.com/subscriptions/00000000-0000-0000-0000-000000000000/resourceGroups/test_network_manager_admin_rule_crud000001/providers/Microsoft.Network/networkManagers/TestNetworkManager/securityAdminConfigurations/myTestSecurityConfig/ruleCollections/myTestCollection/rules/myRule?api-version=2021-05-01-preview
  response:
    body:
      string: '{"name":"myRule","id":"/subscriptions/00000000-0000-0000-0000-000000000000/resourceGroups/test_network_manager_admin_rule_crud000001/providers/Microsoft.Network/networkManagers/TestNetworkManager/securityAdminConfigurations/myTestSecurityConfig/ruleCollections/myTestCollection/rules/myRule","type":"Microsoft.Network/networkManagers/securityAdminConfigurations/ruleCollections/rules","etag":"","properties":{"displayName":"","description":"","flag":"","priority":32,"protocol":"Tcp","direction":"Inbound","access":"Deny","sources":[],"destinations":[],"sourcePortRanges":[],"destinationPortRanges":[],"provisioningState":"Succeeded","resourceGuid":"409c2cb3-0dc4-4c2d-9138-0d10defbf0aa"},"kind":"Custom","systemData":{"createdBy":"v-taoxuzeng@microsoft.com","createdByType":"User","createdAt":"2022-03-07T09:43:04.1703455Z","lastModifiedBy":"v-taoxuzeng@microsoft.com","lastModifiedByType":"User","lastModifiedAt":"2022-03-07T09:43:09.5048486Z"}}'
    headers:
      cache-control:
      - no-cache
      content-length:
      - '947'
      content-type:
      - application/json; charset=utf-8
      date:
      - Mon, 07 Mar 2022 09:43:09 GMT
      expires:
      - '-1'
      pragma:
      - no-cache
      server:
      - Kestrel
      strict-transport-security:
      - max-age=31536000; includeSubDomains
      transfer-encoding:
      - chunked
      vary:
      - Accept-Encoding
      x-content-type-options:
      - nosniff
      x-ms-ratelimit-remaining-subscription-writes:
      - '1197'
    status:
      code: 200
      message: OK
- request:
    body: null
    headers:
      Accept:
      - application/json
      Accept-Encoding:
      - gzip, deflate
      CommandName:
      - network manager security-admin-config rule-collection rule list
      Connection:
      - keep-alive
      ParameterSetName:
      - -g --network-manager-name --configuration-name --rule-collection-name
      User-Agent:
      - AZURECLI/2.31.0 azsdk-python-mgmt-network/1.0.0b1 Python/3.9.5 (Windows-10-10.0.17763-SP0)
    method: GET
    uri: https://management.azure.com/subscriptions/00000000-0000-0000-0000-000000000000/resourceGroups/test_network_manager_admin_rule_crud000001/providers/Microsoft.Network/networkManagers/TestNetworkManager/securityAdminConfigurations/myTestSecurityConfig/ruleCollections/myTestCollection/rules?api-version=2021-05-01-preview
  response:
    body:
      string: '{"nextLink":"","value":[{"name":"myRule","id":"/subscriptions/00000000-0000-0000-0000-000000000000/resourceGroups/test_network_manager_admin_rule_crud000001/providers/Microsoft.Network/networkManagers/TestNetworkManager/securityAdminConfigurations/myTestSecurityConfig/ruleCollections/myTestCollection/rules/myRule","type":"Microsoft.Network/networkManagers/securityAdminConfigurations/ruleCollections/rules","etag":"\"0000c97a-0000-3400-0000-6225d3ae0000\"","properties":{"displayName":"","description":"","flag":"","priority":32,"protocol":"Tcp","direction":"Inbound","access":"Deny","sources":[],"destinations":[],"sourcePortRanges":[],"destinationPortRanges":[],"provisioningState":"Succeeded","resourceGuid":"409c2cb3-0dc4-4c2d-9138-0d10defbf0aa"},"kind":"Custom","systemData":{"createdBy":"v-taoxuzeng@microsoft.com","createdByType":"User","createdAt":"2022-03-07T09:43:04.1703455Z","lastModifiedBy":"v-taoxuzeng@microsoft.com","lastModifiedByType":"User","lastModifiedAt":"2022-03-07T09:43:09.5048486Z"}}]}'
    headers:
      cache-control:
      - no-cache
      content-length:
      - '1013'
      content-type:
      - application/json; charset=utf-8
      date:
      - Mon, 07 Mar 2022 09:43:11 GMT
      expires:
      - '-1'
      pragma:
      - no-cache
      server:
      - Kestrel
      strict-transport-security:
      - max-age=31536000; includeSubDomains
      transfer-encoding:
      - chunked
      vary:
      - Accept-Encoding
      x-content-type-options:
      - nosniff
    status:
      code: 200
      message: OK
- request:
    body: null
    headers:
      Accept:
      - application/json
      Accept-Encoding:
      - gzip, deflate
      CommandName:
      - network manager security-admin-config rule-collection rule delete
      Connection:
      - keep-alive
      Content-Length:
      - '0'
      ParameterSetName:
      - -g --network-manager-name --configuration-name --rule-collection-name --rule-name
        --yes
      User-Agent:
      - AZURECLI/2.31.0 azsdk-python-mgmt-network/1.0.0b1 Python/3.9.5 (Windows-10-10.0.17763-SP0)
    method: DELETE
    uri: https://management.azure.com/subscriptions/00000000-0000-0000-0000-000000000000/resourceGroups/test_network_manager_admin_rule_crud000001/providers/Microsoft.Network/networkManagers/TestNetworkManager/securityAdminConfigurations/myTestSecurityConfig/ruleCollections/myTestCollection/rules/myRule?api-version=2021-05-01-preview
  response:
    body:
      string: ''
    headers:
      cache-control:
      - no-cache
      content-length:
      - '0'
      date:
      - Mon, 07 Mar 2022 09:43:12 GMT
      expires:
      - '-1'
      pragma:
      - no-cache
      server:
      - Kestrel
      strict-transport-security:
      - max-age=31536000; includeSubDomains
      x-content-type-options:
      - nosniff
      x-ms-ratelimit-remaining-subscription-deletes:
      - '14999'
    status:
      code: 200
      message: OK
- request:
    body: null
    headers:
      Accept:
      - application/json
      Accept-Encoding:
      - gzip, deflate
      CommandName:
      - network manager security-admin-config delete
      Connection:
      - keep-alive
      Content-Length:
      - '0'
      ParameterSetName:
      - --configuration-name --network-manager-name -g --force --yes
      User-Agent:
      - AZURECLI/2.31.0 azsdk-python-mgmt-network/1.0.0b1 Python/3.9.5 (Windows-10-10.0.17763-SP0)
    method: DELETE
    uri: https://management.azure.com/subscriptions/00000000-0000-0000-0000-000000000000/resourceGroups/test_network_manager_admin_rule_crud000001/providers/Microsoft.Network/networkManagers/TestNetworkManager/securityAdminConfigurations/TestStaticMember?api-version=2021-05-01-preview&force=true
  response:
    body:
      string: ''
    headers:
      cache-control:
      - no-cache
      date:
      - Mon, 07 Mar 2022 09:43:14 GMT
      expires:
      - '-1'
      pragma:
      - no-cache
      server:
      - Kestrel
      strict-transport-security:
      - max-age=31536000; includeSubDomains
      x-content-type-options:
      - nosniff
      x-ms-ratelimit-remaining-subscription-deletes:
      - '14991'
    status:
      code: 204
      message: No Content
- request:
    body: null
    headers:
      Accept:
      - application/json
      Accept-Encoding:
      - gzip, deflate
      CommandName:
      - network manager group delete
      Connection:
      - keep-alive
      Content-Length:
      - '0'
      ParameterSetName:
      - -g --name --network-manager-name --force --yes
      User-Agent:
      - AZURECLI/2.31.0 azsdk-python-mgmt-network/1.0.0b1 Python/3.9.5 (Windows-10-10.0.17763-SP0)
    method: DELETE
    uri: https://management.azure.com/subscriptions/00000000-0000-0000-0000-000000000000/resourceGroups/test_network_manager_admin_rule_crud000001/providers/Microsoft.Network/networkManagers/TestNetworkManager/networkGroups/TestNetworkGroup?api-version=2021-05-01-preview&force=true
  response:
    body:
      string: ''
    headers:
      cache-control:
      - no-cache
      content-length:
      - '0'
      date:
      - Mon, 07 Mar 2022 09:43:15 GMT
      expires:
      - '-1'
      pragma:
      - no-cache
      server:
      - Kestrel
      strict-transport-security:
      - max-age=31536000; includeSubDomains
      x-content-type-options:
      - nosniff
      x-ms-ratelimit-remaining-subscription-deletes:
      - '14998'
    status:
      code: 200
      message: OK
- request:
    body: null
    headers:
      Accept:
      - application/json
      Accept-Encoding:
      - gzip, deflate
      CommandName:
      - network manager delete
      Connection:
      - keep-alive
      Content-Length:
      - '0'
      ParameterSetName:
      - --resource-group --name --yes
      User-Agent:
      - AZURECLI/2.31.0 azsdk-python-mgmt-network/1.0.0b1 Python/3.9.5 (Windows-10-10.0.17763-SP0)
    method: DELETE
    uri: https://management.azure.com/subscriptions/00000000-0000-0000-0000-000000000000/resourceGroups/test_network_manager_admin_rule_crud000001/providers/Microsoft.Network/networkManagers/TestNetworkManager?api-version=2021-05-01-preview
  response:
    body:
      string: ''
    headers:
      cache-control:
      - no-cache
      content-length:
      - '0'
      date:
      - Mon, 07 Mar 2022 09:43:23 GMT
      expires:
      - '-1'
      pragma:
      - no-cache
      server:
      - Kestrel
      strict-transport-security:
      - max-age=31536000; includeSubDomains
      x-content-type-options:
      - nosniff
      x-ms-ratelimit-remaining-subscription-deletes:
      - '14999'
    status:
      code: 200
      message: OK
version: 1
