interactions:
- request:
    body: '{"location": "eastus2euap", "properties": {"description": "My Test Network
      Manager", "networkManagerScopes": {"subscriptions": ["/subscriptions/00000000-0000-0000-0000-000000000000"]},
      "networkManagerScopeAccesses": ["SecurityAdmin", "Connectivity"]}}'
    headers:
      Accept:
      - application/json
      Accept-Encoding:
      - gzip, deflate
      CommandName:
      - network manager create
      Connection:
      - keep-alive
      Content-Length:
      - '251'
      Content-Type:
      - application/json
      ParameterSetName:
      - --name --description --display-name --scope-accesses --network-manager-scopes
        -l --resource-group
      User-Agent:
      - AZURECLI/2.37.0 azsdk-python-mgmt-network/1.0.0b1 Python/3.8.1 (Windows-10-10.0.22000-SP0)
    method: PUT
    uri: https://eastus2euap.management.azure.com/subscriptions/00000000-0000-0000-0000-000000000000/resourceGroups/test_network_manager_admin_rule_collection_crud000001/providers/Microsoft.Network/networkManagers/TestNetworkManager?api-version=2022-01-01
  response:
    body:
      string: '{"name":"TestNetworkManager","id":"/subscriptions/00000000-0000-0000-0000-000000000000/resourceGroups/test_network_manager_admin_rule_collection_crud000001/providers/Microsoft.Network/networkManagers/TestNetworkManager","location":"eastus2euap","type":"Microsoft.Network/networkManagers","tags":{},"etag":"","properties":{"displayName":"","description":"My
        Test Network Manager","networkManagerScopes":{"managementGroups":[],"subscriptions":["/subscriptions/00000000-0000-0000-0000-000000000000"],"crossTenantScopes":[]},"provisioningState":"Succeeded","networkManagerScopeAccesses":["SecurityAdmin","Connectivity"],"resourceGuid":"e3d22c67-c0bd-46b4-83ab-47c3516f1be4"},"systemData":{"createdBy":"v-taoxuzeng@microsoft.com","createdByType":"User","createdAt":"2022-06-21T07:20:27.8700297Z","lastModifiedBy":"v-taoxuzeng@microsoft.com","lastModifiedByType":"User","lastModifiedAt":"2022-06-21T07:20:27.8700297Z"}}'
    headers:
      cache-control:
      - no-cache
      content-length:
      - '913'
      content-type:
      - application/json; charset=utf-8
      date:
      - Tue, 21 Jun 2022 07:20:28 GMT
      expires:
      - '-1'
      pragma:
      - no-cache
      server:
      - Kestrel
      strict-transport-security:
      - max-age=31536000; includeSubDomains
      transfer-encoding:
      - chunked
      vary:
      - Accept-Encoding
      x-content-type-options:
      - nosniff
      x-ms-ratelimit-remaining-subscription-writes:
      - '1196'
    status:
      code: 200
      message: OK
- request:
    body: '{"properties": {"description": "A sample policy"}}'
    headers:
      Accept:
      - application/json
      Accept-Encoding:
      - gzip, deflate
      CommandName:
      - network manager group create
      Connection:
      - keep-alive
      Content-Length:
      - '50'
      Content-Type:
      - application/json
      ParameterSetName:
      - --name --network-manager-name --description --display-name -g
      User-Agent:
      - AZURECLI/2.37.0 azsdk-python-mgmt-network/1.0.0b1 Python/3.8.1 (Windows-10-10.0.22000-SP0)
    method: PUT
    uri: https://eastus2euap.management.azure.com/subscriptions/00000000-0000-0000-0000-000000000000/resourceGroups/test_network_manager_admin_rule_collection_crud000001/providers/Microsoft.Network/networkManagers/TestNetworkManager/networkGroups/TestNetworkGroup?api-version=2022-01-01
  response:
    body:
      string: '{"name":"TestNetworkGroup","id":"/subscriptions/00000000-0000-0000-0000-000000000000/resourceGroups/test_network_manager_admin_rule_collection_crud000001/providers/Microsoft.Network/networkManagers/TestNetworkManager/networkGroups/TestNetworkGroup","type":"Microsoft.Network/networkManagers/networkGroups","etag":"","properties":{"displayName":"","description":"A
        sample policy","provisioningState":"Succeeded","resourceGuid":"5a67581b-c0fe-4708-8805-0e19bc8c066e"},"systemData":{"createdBy":"v-taoxuzeng@microsoft.com","createdByType":"User","createdAt":"2022-06-21T07:20:30.3759640Z","lastModifiedBy":"v-taoxuzeng@microsoft.com","lastModifiedByType":"User","lastModifiedAt":"2022-06-21T07:20:30.3759640Z"}}'
    headers:
      cache-control:
      - no-cache
      content-length:
      - '708'
      content-type:
      - application/json; charset=utf-8
      date:
      - Tue, 21 Jun 2022 07:20:30 GMT
      expires:
      - '-1'
      pragma:
      - no-cache
      server:
      - Kestrel
      strict-transport-security:
      - max-age=31536000; includeSubDomains
      transfer-encoding:
      - chunked
      vary:
      - Accept-Encoding
      x-content-type-options:
      - nosniff
      x-ms-ratelimit-remaining-subscription-writes:
      - '1192'
    status:
      code: 200
      message: OK
- request:
    body: '{"properties": {"resourceId": "/subscriptions/00000000-0000-0000-0000-000000000000/resourceGroups/test_network_manager_admin_rule_collection_crud000001/providers/Microsoft.Network/virtualnetworks/clitest.vn000002"}}'
    headers:
      Accept:
      - application/json
      Accept-Encoding:
      - gzip, deflate
      CommandName:
      - network manager group static-member create
      Connection:
      - keep-alive
      Content-Length:
      - '215'
      Content-Type:
      - application/json
      ParameterSetName:
      - --name --network-group-name --network-manager-name --resource-id -g
      User-Agent:
      - AZURECLI/2.37.0 azsdk-python-mgmt-network/1.0.0b1 Python/3.8.1 (Windows-10-10.0.22000-SP0)
    method: PUT
    uri: https://eastus2euap.management.azure.com/subscriptions/00000000-0000-0000-0000-000000000000/resourceGroups/test_network_manager_admin_rule_collection_crud000001/providers/Microsoft.Network/networkManagers/TestNetworkManager/networkGroups/TestNetworkGroup/staticMembers/TestStaticMember?api-version=2022-01-01
  response:
    body:
      string: '{"name":"TestStaticMember","id":"/subscriptions/00000000-0000-0000-0000-000000000000/resourceGroups/test_network_manager_admin_rule_collection_crud000001/providers/Microsoft.Network/networkManagers/TestNetworkManager/networkGroups/TestNetworkGroup/staticMembers/TestStaticMember","type":"Microsoft.Network/networkManagers/networkGroups/staticMembers","etag":"","properties":{"resourceId":"/subscriptions/00000000-0000-0000-0000-000000000000/resourceGroups/test_network_manager_admin_rule_collection_crud000001/providers/Microsoft.Network/virtualnetworks/clitest.vn000002","provisioningState":"Updating"},"systemData":{"createdBy":"v-taoxuzeng@microsoft.com","createdByType":"User","createdAt":"2022-06-21T07:20:32.0736936Z","lastModifiedBy":"v-taoxuzeng@microsoft.com","lastModifiedByType":"User","lastModifiedAt":"2022-06-21T07:20:32.0736936Z"}}'
    headers:
      cache-control:
      - no-cache
      content-length:
      - '846'
      content-type:
      - application/json; charset=utf-8
      date:
      - Tue, 21 Jun 2022 07:20:31 GMT
      expires:
      - '-1'
      pragma:
      - no-cache
      server:
      - Kestrel
      strict-transport-security:
      - max-age=31536000; includeSubDomains
      transfer-encoding:
      - chunked
      vary:
      - Accept-Encoding
      x-content-type-options:
      - nosniff
      x-ms-ratelimit-remaining-subscription-writes:
      - '1194'
    status:
      code: 200
      message: OK
- request:
    body: '{"properties": {"description": "A sample policy"}}'
    headers:
      Accept:
      - application/json
      Accept-Encoding:
      - gzip, deflate
      CommandName:
      - network manager security-admin-config create
      Connection:
      - keep-alive
      Content-Length:
      - '50'
      Content-Type:
      - application/json
      ParameterSetName:
      - --configuration-name --network-manager-name -g --description --delete-existing-ns-gs
        --display-name
      User-Agent:
      - AZURECLI/2.37.0 azsdk-python-mgmt-network/1.0.0b1 Python/3.8.1 (Windows-10-10.0.22000-SP0)
    method: PUT
    uri: https://eastus2euap.management.azure.com/subscriptions/00000000-0000-0000-0000-000000000000/resourceGroups/test_network_manager_admin_rule_collection_crud000001/providers/Microsoft.Network/networkManagers/TestNetworkManager/securityAdminConfigurations/myTestSecurityConfig?api-version=2022-01-01
  response:
    body:
      string: '{"name":"myTestSecurityConfig","id":"/subscriptions/00000000-0000-0000-0000-000000000000/resourceGroups/test_network_manager_admin_rule_collection_crud000001/providers/Microsoft.Network/networkManagers/TestNetworkManager/securityAdminConfigurations/myTestSecurityConfig","type":"Microsoft.Network/networkManagers/securityAdminConfigurations","etag":"","properties":{"displayName":"","description":"A
        sample policy","provisioningState":"Succeeded","resourceGuid":"7c4e09c3-9331-4d65-9cb9-dea467209e26","applyOnNetworkIntentPolicyBasedServices":[]},"systemData":{"createdBy":"v-taoxuzeng@microsoft.com","createdByType":"User","createdAt":"2022-06-21T07:20:33.8271655Z","lastModifiedBy":"v-taoxuzeng@microsoft.com","lastModifiedByType":"User","lastModifiedAt":"2022-06-21T07:20:33.8271655Z"}}'
    headers:
      cache-control:
      - no-cache
      content-length:
      - '789'
      content-type:
      - application/json; charset=utf-8
      date:
      - Tue, 21 Jun 2022 07:20:33 GMT
      expires:
      - '-1'
      pragma:
      - no-cache
      server:
      - Kestrel
      strict-transport-security:
      - max-age=31536000; includeSubDomains
      transfer-encoding:
      - chunked
      vary:
      - Accept-Encoding
      x-content-type-options:
      - nosniff
      x-ms-ratelimit-remaining-subscription-writes:
      - '1195'
    status:
      code: 200
      message: OK
- request:
    body: '{"properties": {"description": "A sample policy", "appliesToGroups": [{"networkGroupId":
      "/subscriptions/00000000-0000-0000-0000-000000000000/resourceGroups/test_network_manager_admin_rule_collection_crud000001/providers/Microsoft.Network/networkManagers/TestNetworkManager/networkGroups/TestNetworkGroup"}]}}'
    headers:
      Accept:
      - application/json
      Accept-Encoding:
      - gzip, deflate
      CommandName:
      - network manager security-admin-config rule-collection create
      Connection:
      - keep-alive
      Content-Length:
      - '309'
      Content-Type:
      - application/json
      ParameterSetName:
      - --configuration-name --network-manager-name -g --rule-collection-name --description
        --display-name --applies-to-groups
      User-Agent:
      - AZURECLI/2.37.0 azsdk-python-mgmt-network/1.0.0b1 Python/3.8.1 (Windows-10-10.0.22000-SP0)
    method: PUT
    uri: https://eastus2euap.management.azure.com/subscriptions/00000000-0000-0000-0000-000000000000/resourceGroups/test_network_manager_admin_rule_collection_crud000001/providers/Microsoft.Network/networkManagers/TestNetworkManager/securityAdminConfigurations/myTestSecurityConfig/ruleCollections/myTestCollection?api-version=2022-01-01
  response:
    body:
      string: '{"name":"myTestCollection","id":"/subscriptions/00000000-0000-0000-0000-000000000000/resourceGroups/test_network_manager_admin_rule_collection_crud000001/providers/Microsoft.Network/networkManagers/TestNetworkManager/securityAdminConfigurations/myTestSecurityConfig/ruleCollections/myTestCollection","type":"Microsoft.Network/networkManagers/securityAdminConfigurations/ruleCollections","etag":"","properties":{"displayName":"","description":"A
        sample policy","appliesToGroups":[{"networkGroupId":"/subscriptions/00000000-0000-0000-0000-000000000000/resourceGroups/test_network_manager_admin_rule_collection_crud000001/providers/Microsoft.Network/networkManagers/TestNetworkManager/networkGroups/TestNetworkGroup"}],"provisioningState":"Succeeded","resourceGuid":"70bfea7d-1c24-449a-84e2-45c9f859174c"},"systemData":{"createdBy":"v-taoxuzeng@microsoft.com","createdByType":"User","createdAt":"2022-06-21T07:20:35.6509324Z","lastModifiedBy":"v-taoxuzeng@microsoft.com","lastModifiedByType":"User","lastModifiedAt":"2022-06-21T07:20:35.6509324Z"}}'
    headers:
      cache-control:
      - no-cache
      content-length:
      - '1045'
      content-type:
      - application/json; charset=utf-8
      date:
      - Tue, 21 Jun 2022 07:20:35 GMT
      expires:
      - '-1'
      pragma:
      - no-cache
      server:
      - Kestrel
      strict-transport-security:
      - max-age=31536000; includeSubDomains
      transfer-encoding:
      - chunked
      vary:
      - Accept-Encoding
      x-content-type-options:
      - nosniff
      x-ms-ratelimit-remaining-subscription-writes:
      - '1193'
    status:
      code: 200
      message: OK
- request:
    body: null
    headers:
      Accept:
      - application/json
      Accept-Encoding:
      - gzip, deflate
      CommandName:
      - network manager security-admin-config rule-collection show
      Connection:
      - keep-alive
      ParameterSetName:
      - -g --configuration-name --network-manager-name --rule-collection-name
      User-Agent:
      - AZURECLI/2.37.0 azsdk-python-mgmt-network/1.0.0b1 Python/3.8.1 (Windows-10-10.0.22000-SP0)
    method: GET
    uri: https://eastus2euap.management.azure.com/subscriptions/00000000-0000-0000-0000-000000000000/resourceGroups/test_network_manager_admin_rule_collection_crud000001/providers/Microsoft.Network/networkManagers/TestNetworkManager/securityAdminConfigurations/myTestSecurityConfig/ruleCollections/myTestCollection?api-version=2022-01-01
  response:
    body:
      string: '{"name":"myTestCollection","id":"/subscriptions/00000000-0000-0000-0000-000000000000/resourceGroups/test_network_manager_admin_rule_collection_crud000001/providers/Microsoft.Network/networkManagers/TestNetworkManager/securityAdminConfigurations/myTestSecurityConfig/ruleCollections/myTestCollection","type":"Microsoft.Network/networkManagers/securityAdminConfigurations/ruleCollections","etag":"\"4200651a-0000-3400-0000-62b171430000\"","properties":{"displayName":"","description":"A
        sample policy","appliesToGroups":[{"networkGroupId":"/subscriptions/00000000-0000-0000-0000-000000000000/resourceGroups/test_network_manager_admin_rule_collection_crud000001/providers/Microsoft.Network/networkManagers/TestNetworkManager/networkGroups/TestNetworkGroup"}],"provisioningState":"Succeeded","resourceGuid":"70bfea7d-1c24-449a-84e2-45c9f859174c"},"systemData":{"createdBy":"v-taoxuzeng@microsoft.com","createdByType":"User","createdAt":"2022-06-21T07:20:35.6509324Z","lastModifiedBy":"v-taoxuzeng@microsoft.com","lastModifiedByType":"User","lastModifiedAt":"2022-06-21T07:20:35.6509324Z"}}'
    headers:
      cache-control:
      - no-cache
      content-length:
      - '1085'
      content-type:
      - application/json; charset=utf-8
      date:
      - Tue, 21 Jun 2022 07:20:37 GMT
      expires:
      - '-1'
      pragma:
      - no-cache
      server:
      - Kestrel
      strict-transport-security:
      - max-age=31536000; includeSubDomains
      transfer-encoding:
      - chunked
      vary:
      - Accept-Encoding
      x-content-type-options:
      - nosniff
    status:
      code: 200
      message: OK
- request:
    body: null
    headers:
      Accept:
      - application/json
      Accept-Encoding:
      - gzip, deflate
      CommandName:
      - network manager security-admin-config rule-collection update
      Connection:
      - keep-alive
      ParameterSetName:
      - -g --configuration-name --network-manager-name --rule-collection-name --display-name
      User-Agent:
      - AZURECLI/2.37.0 azsdk-python-mgmt-network/1.0.0b1 Python/3.8.1 (Windows-10-10.0.22000-SP0)
    method: GET
    uri: https://eastus2euap.management.azure.com/subscriptions/00000000-0000-0000-0000-000000000000/resourceGroups/test_network_manager_admin_rule_collection_crud000001/providers/Microsoft.Network/networkManagers/TestNetworkManager/securityAdminConfigurations/myTestSecurityConfig/ruleCollections/myTestCollection?api-version=2022-01-01
  response:
    body:
      string: '{"name":"myTestCollection","id":"/subscriptions/00000000-0000-0000-0000-000000000000/resourceGroups/test_network_manager_admin_rule_collection_crud000001/providers/Microsoft.Network/networkManagers/TestNetworkManager/securityAdminConfigurations/myTestSecurityConfig/ruleCollections/myTestCollection","type":"Microsoft.Network/networkManagers/securityAdminConfigurations/ruleCollections","etag":"\"4200651a-0000-3400-0000-62b171430000\"","properties":{"displayName":"","description":"A
        sample policy","appliesToGroups":[{"networkGroupId":"/subscriptions/00000000-0000-0000-0000-000000000000/resourceGroups/test_network_manager_admin_rule_collection_crud000001/providers/Microsoft.Network/networkManagers/TestNetworkManager/networkGroups/TestNetworkGroup"}],"provisioningState":"Succeeded","resourceGuid":"70bfea7d-1c24-449a-84e2-45c9f859174c"},"systemData":{"createdBy":"v-taoxuzeng@microsoft.com","createdByType":"User","createdAt":"2022-06-21T07:20:35.6509324Z","lastModifiedBy":"v-taoxuzeng@microsoft.com","lastModifiedByType":"User","lastModifiedAt":"2022-06-21T07:20:35.6509324Z"}}'
    headers:
      cache-control:
      - no-cache
      content-length:
      - '1085'
      content-type:
      - application/json; charset=utf-8
      date:
      - Tue, 21 Jun 2022 07:20:39 GMT
      expires:
      - '-1'
      pragma:
      - no-cache
      server:
      - Kestrel
      strict-transport-security:
      - max-age=31536000; includeSubDomains
      transfer-encoding:
      - chunked
      vary:
      - Accept-Encoding
      x-content-type-options:
      - nosniff
    status:
      code: 200
      message: OK
- request:
    body: '{"properties": {"description": "A sample policy", "appliesToGroups": [{"networkGroupId":
      "/subscriptions/00000000-0000-0000-0000-000000000000/resourceGroups/test_network_manager_admin_rule_collection_crud000001/providers/Microsoft.Network/networkManagers/TestNetworkManager/networkGroups/TestNetworkGroup"}]}}'
    headers:
      Accept:
      - application/json
      Accept-Encoding:
      - gzip, deflate
      CommandName:
      - network manager security-admin-config rule-collection update
      Connection:
      - keep-alive
      Content-Length:
      - '309'
      Content-Type:
      - application/json
      ParameterSetName:
      - -g --configuration-name --network-manager-name --rule-collection-name --display-name
      User-Agent:
      - AZURECLI/2.37.0 azsdk-python-mgmt-network/1.0.0b1 Python/3.8.1 (Windows-10-10.0.22000-SP0)
    method: PUT
    uri: https://eastus2euap.management.azure.com/subscriptions/00000000-0000-0000-0000-000000000000/resourceGroups/test_network_manager_admin_rule_collection_crud000001/providers/Microsoft.Network/networkManagers/TestNetworkManager/securityAdminConfigurations/myTestSecurityConfig/ruleCollections/myTestCollection?api-version=2022-01-01
  response:
    body:
      string: '{"name":"myTestCollection","id":"/subscriptions/00000000-0000-0000-0000-000000000000/resourceGroups/test_network_manager_admin_rule_collection_crud000001/providers/Microsoft.Network/networkManagers/TestNetworkManager/securityAdminConfigurations/myTestSecurityConfig/ruleCollections/myTestCollection","type":"Microsoft.Network/networkManagers/securityAdminConfigurations/ruleCollections","etag":"","properties":{"displayName":"","description":"A
        sample policy","appliesToGroups":[{"networkGroupId":"/subscriptions/00000000-0000-0000-0000-000000000000/resourceGroups/test_network_manager_admin_rule_collection_crud000001/providers/Microsoft.Network/networkManagers/TestNetworkManager/networkGroups/TestNetworkGroup"}],"provisioningState":"Succeeded","resourceGuid":"70bfea7d-1c24-449a-84e2-45c9f859174c"},"systemData":{"createdBy":"v-taoxuzeng@microsoft.com","createdByType":"User","createdAt":"2022-06-21T07:20:35.6509324Z","lastModifiedBy":"v-taoxuzeng@microsoft.com","lastModifiedByType":"User","lastModifiedAt":"2022-06-21T07:20:40.8460547Z"}}'
    headers:
      cache-control:
      - no-cache
      content-length:
      - '1045'
      content-type:
      - application/json; charset=utf-8
      date:
      - Tue, 21 Jun 2022 07:20:40 GMT
      expires:
      - '-1'
      pragma:
      - no-cache
      server:
      - Kestrel
      strict-transport-security:
      - max-age=31536000; includeSubDomains
      transfer-encoding:
      - chunked
      vary:
      - Accept-Encoding
      x-content-type-options:
      - nosniff
      x-ms-ratelimit-remaining-subscription-writes:
      - '1192'
    status:
      code: 200
      message: OK
- request:
    body: null
    headers:
      Accept:
      - application/json
      Accept-Encoding:
      - gzip, deflate
      CommandName:
      - network manager security-admin-config rule-collection list
      Connection:
      - keep-alive
      ParameterSetName:
      - -g --configuration-name --network-manager-name
      User-Agent:
      - AZURECLI/2.37.0 azsdk-python-mgmt-network/1.0.0b1 Python/3.8.1 (Windows-10-10.0.22000-SP0)
    method: GET
    uri: https://eastus2euap.management.azure.com/subscriptions/00000000-0000-0000-0000-000000000000/resourceGroups/test_network_manager_admin_rule_collection_crud000001/providers/Microsoft.Network/networkManagers/TestNetworkManager/securityAdminConfigurations/myTestSecurityConfig/ruleCollections?api-version=2022-01-01
  response:
    body:
      string: '{"nextLink":"","value":[{"name":"myTestCollection","id":"/subscriptions/00000000-0000-0000-0000-000000000000/resourceGroups/test_network_manager_admin_rule_collection_crud000001/providers/Microsoft.Network/networkManagers/TestNetworkManager/securityAdminConfigurations/myTestSecurityConfig/ruleCollections/myTestCollection","type":"Microsoft.Network/networkManagers/securityAdminConfigurations/ruleCollections","etag":"\"4200751a-0000-3400-0000-62b171480000\"","properties":{"displayName":"","description":"A
        sample policy","appliesToGroups":[{"networkGroupId":"/subscriptions/00000000-0000-0000-0000-000000000000/resourceGroups/test_network_manager_admin_rule_collection_crud000001/providers/Microsoft.Network/networkManagers/TestNetworkManager/networkGroups/TestNetworkGroup"}],"provisioningState":"Succeeded","resourceGuid":"70bfea7d-1c24-449a-84e2-45c9f859174c"},"systemData":{"createdBy":"v-taoxuzeng@microsoft.com","createdByType":"User","createdAt":"2022-06-21T07:20:35.6509324Z","lastModifiedBy":"v-taoxuzeng@microsoft.com","lastModifiedByType":"User","lastModifiedAt":"2022-06-21T07:20:40.8460547Z"}}]}'
    headers:
      cache-control:
      - no-cache
      content-length:
      - '1111'
      content-type:
      - application/json; charset=utf-8
      date:
      - Tue, 21 Jun 2022 07:20:42 GMT
      expires:
      - '-1'
      pragma:
      - no-cache
      server:
      - Kestrel
      strict-transport-security:
      - max-age=31536000; includeSubDomains
      transfer-encoding:
      - chunked
      vary:
      - Accept-Encoding
      x-content-type-options:
      - nosniff
    status:
      code: 200
      message: OK
- request:
    body: null
    headers:
      Accept:
      - application/json
      Accept-Encoding:
      - gzip, deflate
      CommandName:
      - network manager security-admin-config rule-collection delete
      Connection:
      - keep-alive
      Content-Length:
      - '0'
      ParameterSetName:
      - -g --configuration-name --network-manager-name --rule-collection-name --force
        --yes
      User-Agent:
      - AZURECLI/2.37.0 azsdk-python-mgmt-network/1.0.0b1 Python/3.8.1 (Windows-10-10.0.22000-SP0)
    method: DELETE
    uri: https://eastus2euap.management.azure.com/subscriptions/00000000-0000-0000-0000-000000000000/resourceGroups/test_network_manager_admin_rule_collection_crud000001/providers/Microsoft.Network/networkManagers/TestNetworkManager/securityAdminConfigurations/myTestSecurityConfig/ruleCollections/myTestCollection?api-version=2022-01-01&force=true
  response:
    body:
      string: ''
    headers:
      cache-control:
      - no-cache
      content-length:
      - '0'
      date:
      - Tue, 21 Jun 2022 07:20:44 GMT
      expires:
      - '-1'
      pragma:
      - no-cache
      server:
      - Kestrel
      strict-transport-security:
      - max-age=31536000; includeSubDomains
      x-content-type-options:
      - nosniff
      x-ms-ratelimit-remaining-subscription-deletes:
      - '14999'
    status:
      code: 200
      message: OK
- request:
    body: null
    headers:
      Accept:
      - application/json
      Accept-Encoding:
      - gzip, deflate
      CommandName:
      - network manager security-admin-config delete
      Connection:
      - keep-alive
      Content-Length:
      - '0'
      ParameterSetName:
      - --configuration-name --network-manager-name -g --force --yes
      User-Agent:
      - AZURECLI/2.37.0 azsdk-python-mgmt-network/1.0.0b1 Python/3.8.1 (Windows-10-10.0.22000-SP0)
    method: DELETE
    uri: https://eastus2euap.management.azure.com/subscriptions/00000000-0000-0000-0000-000000000000/resourceGroups/test_network_manager_admin_rule_collection_crud000001/providers/Microsoft.Network/networkManagers/TestNetworkManager/securityAdminConfigurations/myTestSecurityConfig?api-version=2022-01-01&force=true
  response:
    body:
      string: ''
    headers:
      cache-control:
      - no-cache
      content-length:
      - '0'
      date:
      - Tue, 21 Jun 2022 07:20:49 GMT
      expires:
      - '-1'
      pragma:
      - no-cache
      server:
      - Kestrel
      strict-transport-security:
      - max-age=31536000; includeSubDomains
      x-content-type-options:
      - nosniff
      x-ms-ratelimit-remaining-subscription-deletes:
      - '14995'
    status:
      code: 200
      message: OK
- request:
    body: null
    headers:
      Accept:
      - application/json
      Accept-Encoding:
      - gzip, deflate
      CommandName:
      - network manager group delete
      Connection:
      - keep-alive
      Content-Length:
      - '0'
      ParameterSetName:
      - -g --name --network-manager-name --force --yes
      User-Agent:
      - AZURECLI/2.37.0 azsdk-python-mgmt-network/1.0.0b1 Python/3.8.1 (Windows-10-10.0.22000-SP0)
    method: DELETE
    uri: https://eastus2euap.management.azure.com/subscriptions/00000000-0000-0000-0000-000000000000/resourceGroups/test_network_manager_admin_rule_collection_crud000001/providers/Microsoft.Network/networkManagers/TestNetworkManager/networkGroups/TestNetworkGroup?api-version=2022-01-01&force=true
  response:
    body:
      string: ''
    headers:
      cache-control:
      - no-cache
      content-length:
      - '0'
      date:
      - Tue, 21 Jun 2022 07:20:51 GMT
      expires:
      - '-1'
      pragma:
      - no-cache
      server:
      - Kestrel
      strict-transport-security:
      - max-age=31536000; includeSubDomains
      x-content-type-options:
      - nosniff
      x-ms-ratelimit-remaining-subscription-deletes:
      - '14998'
    status:
      code: 200
      message: OK
- request:
    body: null
    headers:
      Accept:
      - application/json
      Accept-Encoding:
      - gzip, deflate
      CommandName:
      - network manager delete
      Connection:
      - keep-alive
      Content-Length:
      - '0'
      ParameterSetName:
      - --resource-group --name --force --yes
      User-Agent:
      - AZURECLI/2.37.0 azsdk-python-mgmt-network/1.0.0b1 Python/3.8.1 (Windows-10-10.0.22000-SP0)
    method: DELETE
    uri: https://eastus2euap.management.azure.com/subscriptions/00000000-0000-0000-0000-000000000000/resourceGroups/test_network_manager_admin_rule_collection_crud000001/providers/Microsoft.Network/networkManagers/TestNetworkManager?api-version=2022-01-01&force=true
  response:
    body:
      string: ''
    headers:
      cache-control:
      - no-cache
      content-length:
      - '0'
      date:
      - Tue, 21 Jun 2022 07:20:54 GMT
      expires:
      - '-1'
      pragma:
      - no-cache
      server:
      - Kestrel
      strict-transport-security:
      - max-age=31536000; includeSubDomains
      x-content-type-options:
      - nosniff
      x-ms-ratelimit-remaining-subscription-deletes:
      - '14993'
    status:
      code: 200
      message: OK
version: 1
