interactions:
- request:
    body: null
    headers:
      Accept:
      - application/json
      Accept-Encoding:
      - gzip, deflate
      CommandName:
      - vm create
      Connection:
      - keep-alive
      ParameterSetName:
      - -n -g --image --nsg-rule --workspace --generate-ssh-keys
      User-Agent:
      - python/3.7.4 (Windows-10-10.0.19041-SP0) msrest/0.6.21 msrest_azure/0.6.3
        azure-mgmt-resource/12.0.0 Azure-SDK-For-Python AZURECLI/2.20.0
      accept-language:
      - en-US
    method: GET
    uri: https://management.azure.com/subscriptions/00000000-0000-0000-0000-000000000000/resourcegroups/cli_test_scheduled_query000001?api-version=2020-10-01
  response:
    body:
      string: '{"id":"/subscriptions/00000000-0000-0000-0000-000000000000/resourceGroups/cli_test_scheduled_query000001","name":"cli_test_scheduled_query000001","type":"Microsoft.Resources/resourceGroups","location":"eastus","tags":{"product":"azurecli","cause":"automation","date":"2021-03-05T05:08:08Z"},"properties":{"provisioningState":"Succeeded"}}'
    headers:
      cache-control:
      - no-cache
      content-length:
      - '428'
      content-type:
      - application/json; charset=utf-8
      date:
      - Fri, 05 Mar 2021 05:08:12 GMT
      expires:
      - '-1'
      pragma:
      - no-cache
      strict-transport-security:
      - max-age=31536000; includeSubDomains
      vary:
      - Accept-Encoding
      x-content-type-options:
      - nosniff
    status:
      code: 200
      message: OK
- request:
    body: null
    headers:
      Accept:
      - '*/*'
      Accept-Encoding:
      - gzip, deflate
      Connection:
      - keep-alive
      User-Agent:
      - python-requests/2.22.0
    method: GET
    uri: https://raw.githubusercontent.com/Azure/azure-rest-api-specs/master/arm-compute/quickstart-templates/aliases.json
  response:
    body:
      string: "{\n  \"$schema\": \"http://schema.management.azure.com/schemas/2015-01-01/deploymentTemplate.json\",\n
        \ \"contentVersion\": \"1.0.0.0\",\n  \"parameters\": {},\n  \"variables\":
        {},\n  \"resources\": [],\n  \"outputs\": {\n    \"aliases\": {\n      \"type\":
        \"object\",\n      \"value\": {\n        \"Linux\": {\n          \"CentOS\":
        {\n            \"publisher\": \"OpenLogic\",\n            \"offer\": \"CentOS\",\n
        \           \"sku\": \"7.5\",\n            \"version\": \"latest\"\n          },\n
        \         \"CoreOS\": {\n            \"publisher\": \"CoreOS\",\n            \"offer\":
        \"CoreOS\",\n            \"sku\": \"Stable\",\n            \"version\": \"latest\"\n
        \         },\n          \"Debian\": {\n            \"publisher\": \"Debian\",\n
        \           \"offer\": \"debian-10\",\n            \"sku\": \"10\",\n            \"version\":
        \"latest\"\n          },\n          \"openSUSE-Leap\": {\n            \"publisher\":
        \"SUSE\",\n            \"offer\": \"openSUSE-Leap\",\n            \"sku\":
        \"42.3\",\n            \"version\": \"latest\"\n          },\n          \"RHEL\":
        {\n            \"publisher\": \"RedHat\",\n            \"offer\": \"RHEL\",\n
        \           \"sku\": \"7-LVM\",\n            \"version\": \"latest\"\n          },\n
        \         \"SLES\": {\n            \"publisher\": \"SUSE\",\n            \"offer\":
        \"SLES\",\n            \"sku\": \"15\",\n            \"version\": \"latest\"\n
        \         },\n          \"UbuntuLTS\": {\n            \"publisher\": \"Canonical\",\n
        \           \"offer\": \"UbuntuServer\",\n            \"sku\": \"18.04-LTS\",\n
        \           \"version\": \"latest\"\n          }\n        },\n        \"Windows\":
        {\n          \"Win2019Datacenter\": {\n            \"publisher\": \"MicrosoftWindowsServer\",\n
        \           \"offer\": \"WindowsServer\",\n            \"sku\": \"2019-Datacenter\",\n
        \           \"version\": \"latest\"\n          },\n          \"Win2016Datacenter\":
        {\n            \"publisher\": \"MicrosoftWindowsServer\",\n            \"offer\":
        \"WindowsServer\",\n            \"sku\": \"2016-Datacenter\",\n            \"version\":
        \"latest\"\n          },\n          \"Win2012R2Datacenter\": {\n            \"publisher\":
        \"MicrosoftWindowsServer\",\n            \"offer\": \"WindowsServer\",\n            \"sku\":
        \"2012-R2-Datacenter\",\n            \"version\": \"latest\"\n          },\n
        \         \"Win2012Datacenter\": {\n            \"publisher\": \"MicrosoftWindowsServer\",\n
        \           \"offer\": \"WindowsServer\",\n            \"sku\": \"2012-Datacenter\",\n
        \           \"version\": \"latest\"\n          },\n          \"Win2008R2SP1\":
        {\n            \"publisher\": \"MicrosoftWindowsServer\",\n            \"offer\":
        \"WindowsServer\",\n            \"sku\": \"2008-R2-SP1\",\n            \"version\":
        \"latest\"\n          }\n        }\n      }\n    }\n  }\n}\n"
    headers:
      accept-ranges:
      - bytes
      access-control-allow-origin:
      - '*'
      cache-control:
      - max-age=300
      connection:
      - keep-alive
      content-length:
      - '2501'
      content-security-policy:
      - default-src 'none'; style-src 'unsafe-inline'; sandbox
      content-type:
      - text/plain; charset=utf-8
      date:
      - Fri, 05 Mar 2021 05:08:14 GMT
      etag:
      - W/"540044b4084c3c314537f1baa1770f248628b2bc9ba0328f1004c33862e049da"
      expires:
      - Fri, 05 Mar 2021 05:13:14 GMT
      source-age:
      - '279'
      strict-transport-security:
      - max-age=31536000
      vary:
      - Authorization,Accept-Encoding
      via:
      - 1.1 varnish
      x-cache:
      - HIT
      x-cache-hits:
      - '1'
      x-content-type-options:
      - nosniff
      x-fastly-request-id:
      - e85a73a18a750ffffb2a90cc46c39bab19419a6f
      x-frame-options:
      - deny
      x-github-request-id:
      - 0AFE:4EAF:DB72E:126C3E:603E2DD2
      x-served-by:
      - cache-sin18022-SIN
      x-timer:
      - S1614920894.006405,VS0,VE1
      x-xss-protection:
      - 1; mode=block
    status:
      code: 200
      message: OK
- request:
    body: null
    headers:
      Accept:
      - application/json, text/json
      Accept-Encoding:
      - gzip, deflate
      CommandName:
      - vm create
      Connection:
      - keep-alive
      ParameterSetName:
      - -n -g --image --nsg-rule --workspace --generate-ssh-keys
      User-Agent:
      - AZURECLI/2.20.0 azsdk-python-azure-mgmt-network/17.1.0 Python/3.7.4 (Windows-10-10.0.19041-SP0)
    method: GET
    uri: https://management.azure.com/subscriptions/00000000-0000-0000-0000-000000000000/resourceGroups/cli_test_scheduled_query000001/providers/Microsoft.Network/virtualNetworks?api-version=2018-01-01
  response:
    body:
      string: '{"value":[]}'
    headers:
      cache-control:
      - no-cache
      content-length:
      - '12'
      content-type:
      - application/json; charset=utf-8
      date:
      - Fri, 05 Mar 2021 05:08:14 GMT
      expires:
      - '-1'
      pragma:
      - no-cache
      strict-transport-security:
      - max-age=31536000; includeSubDomains
      vary:
      - Accept-Encoding
      x-content-type-options:
      - nosniff
    status:
      code: 200
      message: OK
- request:
    body: null
    headers:
      Accept:
      - application/json
      Accept-Encoding:
      - gzip, deflate
      CommandName:
      - vm create
      Connection:
      - keep-alive
      ParameterSetName:
      - -n -g --image --nsg-rule --workspace --generate-ssh-keys
      User-Agent:
      - AZURECLI/2.20.0 azsdk-python-mgmt-loganalytics/8.0.0 Python/3.7.4 (Windows-10-10.0.19041-SP0)
    method: GET
    uri: https://management.azure.com/subscriptions/00000000-0000-0000-0000-000000000000/resourcegroups/cli_test_scheduled_query000001/providers/Microsoft.OperationalInsights/workspaces/clitest000002?api-version=2020-08-01
  response:
    body:
      string: '{"error":{"code":"ResourceNotFound","message":"The Resource ''Microsoft.OperationalInsights/workspaces/clitest000002''
        under resource group ''cli_test_scheduled_query000001'' was not found. For
        more details please go to https://aka.ms/ARMResourceNotFoundFix"}}'
    headers:
      cache-control:
      - no-cache
      content-length:
      - '308'
      content-type:
      - application/json; charset=utf-8
      date:
      - Fri, 05 Mar 2021 05:08:14 GMT
      expires:
      - '-1'
      pragma:
      - no-cache
      strict-transport-security:
      - max-age=31536000; includeSubDomains
      x-content-type-options:
      - nosniff
      x-ms-failure-cause:
      - gateway
    status:
      code: 404
      message: Not Found
- request:
    body: null
    headers:
      Accept:
      - application/json
      Accept-Encoding:
      - gzip, deflate
      CommandName:
      - vm create
      Connection:
      - keep-alive
      ParameterSetName:
      - -n -g --image --nsg-rule --workspace --generate-ssh-keys
      User-Agent:
      - python/3.7.4 (Windows-10-10.0.19041-SP0) msrest/0.6.21 msrest_azure/0.6.3
        azure-mgmt-resource/12.0.0 Azure-SDK-For-Python AZURECLI/2.20.0
      accept-language:
      - en-US
    method: GET
    uri: https://management.azure.com/subscriptions/00000000-0000-0000-0000-000000000000/resourcegroups/cli_test_scheduled_query000001?api-version=2020-10-01
  response:
    body:
      string: '{"id":"/subscriptions/00000000-0000-0000-0000-000000000000/resourceGroups/cli_test_scheduled_query000001","name":"cli_test_scheduled_query000001","type":"Microsoft.Resources/resourceGroups","location":"eastus","tags":{"product":"azurecli","cause":"automation","date":"2021-03-05T05:08:08Z"},"properties":{"provisioningState":"Succeeded"}}'
    headers:
      cache-control:
      - no-cache
      content-length:
      - '428'
      content-type:
      - application/json; charset=utf-8
      date:
      - Fri, 05 Mar 2021 05:08:15 GMT
      expires:
      - '-1'
      pragma:
      - no-cache
      strict-transport-security:
      - max-age=31536000; includeSubDomains
      vary:
      - Accept-Encoding
      x-content-type-options:
      - nosniff
    status:
      code: 200
      message: OK
- request:
    body: '{"location": "eastus", "properties": {"sku": {"name": "PerGB2018"}, "retentionInDays":
      30, "publicNetworkAccessForIngestion": "Enabled", "publicNetworkAccessForQuery":
      "Enabled"}}'
    headers:
      Accept:
      - application/json
      Accept-Encoding:
      - gzip, deflate
      CommandName:
      - vm create
      Connection:
      - keep-alive
      Content-Length:
      - '179'
      Content-Type:
      - application/json
      ParameterSetName:
      - -n -g --image --nsg-rule --workspace --generate-ssh-keys
      User-Agent:
      - AZURECLI/2.20.0 azsdk-python-mgmt-loganalytics/8.0.0 Python/3.7.4 (Windows-10-10.0.19041-SP0)
    method: PUT
    uri: https://management.azure.com/subscriptions/00000000-0000-0000-0000-000000000000/resourcegroups/cli_test_scheduled_query000001/providers/Microsoft.OperationalInsights/workspaces/clitest000002?api-version=2020-08-01
  response:
    body:
      string: "{\r\n  \"properties\": {\r\n    \"source\": \"Azure\",\r\n    \"customerId\":
        \"7c9a3194-5e9d-40ca-ba02-26a639cdba38\",\r\n    \"provisioningState\": \"Creating\",\r\n
        \   \"sku\": {\r\n      \"name\": \"pergb2018\",\r\n      \"maxCapacityReservationLevel\":
        3000,\r\n      \"lastSkuUpdate\": \"Fri, 05 Mar 2021 05:08:25 GMT\"\r\n    },\r\n
        \   \"retentionInDays\": 30,\r\n    \"features\": {\r\n      \"legacy\": 0,\r\n
        \     \"searchVersion\": 1,\r\n      \"enableLogAccessUsingOnlyResourcePermissions\":
        true\r\n    },\r\n    \"workspaceCapping\": {\r\n      \"dailyQuotaGb\": -1.0,\r\n
        \     \"quotaNextResetTime\": \"Sat, 06 Mar 2021 02:00:00 GMT\",\r\n      \"dataIngestionStatus\":
        \"RespectQuota\"\r\n    },\r\n    \"publicNetworkAccessForIngestion\": \"Enabled\",\r\n
        \   \"publicNetworkAccessForQuery\": \"Enabled\",\r\n    \"createdDate\":
        \"Fri, 05 Mar 2021 05:08:25 GMT\",\r\n    \"modifiedDate\": \"Fri, 05 Mar
        2021 05:08:25 GMT\"\r\n  },\r\n  \"id\": \"/subscriptions/00000000-0000-0000-0000-000000000000/resourcegroups/cli_test_scheduled_query000001/providers/microsoft.operationalinsights/workspaces/clitest000002\",\r\n
        \ \"name\": \"clitest000002\",\r\n  \"type\": \"Microsoft.OperationalInsights/workspaces\",\r\n
        \ \"location\": \"eastus\"\r\n}"
    headers:
      cache-control:
      - no-cache
      content-length:
      - '1177'
      content-type:
      - application/json
      date:
      - Fri, 05 Mar 2021 05:08:26 GMT
      pragma:
      - no-cache
      server:
      - Microsoft-IIS/10.0
      - Microsoft-IIS/10.0
      strict-transport-security:
      - max-age=31536000; includeSubDomains
      x-content-type-options:
      - nosniff
      x-ms-ratelimit-remaining-subscription-writes:
      - '1199'
      x-powered-by:
      - ASP.NET
      - ASP.NET
    status:
      code: 201
      message: Created
- request:
    body: null
    headers:
      Accept:
      - '*/*'
      Accept-Encoding:
      - gzip, deflate
      CommandName:
      - vm create
      Connection:
      - keep-alive
      ParameterSetName:
      - -n -g --image --nsg-rule --workspace --generate-ssh-keys
      User-Agent:
      - AZURECLI/2.20.0 azsdk-python-mgmt-loganalytics/8.0.0 Python/3.7.4 (Windows-10-10.0.19041-SP0)
    method: GET
    uri: https://management.azure.com/subscriptions/00000000-0000-0000-0000-000000000000/resourcegroups/cli_test_scheduled_query000001/providers/Microsoft.OperationalInsights/workspaces/clitest000002?api-version=2020-08-01
  response:
    body:
      string: "{\r\n  \"properties\": {\r\n    \"source\": \"Azure\",\r\n    \"customerId\":
        \"7c9a3194-5e9d-40ca-ba02-26a639cdba38\",\r\n    \"provisioningState\": \"Succeeded\",\r\n
        \   \"sku\": {\r\n      \"name\": \"pergb2018\",\r\n      \"maxCapacityReservationLevel\":
        3000,\r\n      \"lastSkuUpdate\": \"Fri, 05 Mar 2021 05:08:25 GMT\"\r\n    },\r\n
        \   \"retentionInDays\": 30,\r\n    \"features\": {\r\n      \"legacy\": 0,\r\n
        \     \"searchVersion\": 1,\r\n      \"enableLogAccessUsingOnlyResourcePermissions\":
        true\r\n    },\r\n    \"workspaceCapping\": {\r\n      \"dailyQuotaGb\": -1.0,\r\n
        \     \"quotaNextResetTime\": \"Sat, 06 Mar 2021 02:00:00 GMT\",\r\n      \"dataIngestionStatus\":
        \"RespectQuota\"\r\n    },\r\n    \"publicNetworkAccessForIngestion\": \"Enabled\",\r\n
        \   \"publicNetworkAccessForQuery\": \"Enabled\",\r\n    \"createdDate\":
        \"Fri, 05 Mar 2021 05:08:25 GMT\",\r\n    \"modifiedDate\": \"Fri, 05 Mar
        2021 05:08:26 GMT\"\r\n  },\r\n  \"id\": \"/subscriptions/00000000-0000-0000-0000-000000000000/resourcegroups/cli_test_scheduled_query000001/providers/microsoft.operationalinsights/workspaces/clitest000002\",\r\n
        \ \"name\": \"clitest000002\",\r\n  \"type\": \"Microsoft.OperationalInsights/workspaces\",\r\n
        \ \"location\": \"eastus\"\r\n}"
    headers:
      cache-control:
      - no-cache
      content-length:
      - '1178'
      content-type:
      - application/json
      date:
      - Fri, 05 Mar 2021 05:08:56 GMT
      pragma:
      - no-cache
      server:
      - Microsoft-IIS/10.0
      - Microsoft-IIS/10.0
      strict-transport-security:
      - max-age=31536000; includeSubDomains
      transfer-encoding:
      - chunked
      vary:
      - Accept-Encoding
      x-content-type-options:
      - nosniff
      x-powered-by:
      - ASP.NET
      - ASP.NET
    status:
      code: 200
      message: OK
- request:
    body: '{"properties": {"template": {"$schema": "https://schema.management.azure.com/schemas/2015-01-01/deploymentTemplate.json#",
      "contentVersion": "1.0.0.0", "parameters": {"workspaceId": {"type": "securestring",
      "metadata": {"description": "Secure workspaceId"}}}, "variables": {}, "resources":
      [{"name": "myvm1VNET", "type": "Microsoft.Network/virtualNetworks", "location":
      "eastus", "apiVersion": "2015-06-15", "dependsOn": [], "tags": {}, "properties":
      {"addressSpace": {"addressPrefixes": ["10.0.0.0/16"]}, "subnets": [{"name":
      "myvm1Subnet", "properties": {"addressPrefix": "10.0.0.0/24"}}]}}, {"type":
      "Microsoft.Network/networkSecurityGroups", "name": "myvm1NSG", "apiVersion":
      "2015-06-15", "location": "eastus", "tags": {}, "dependsOn": []}, {"apiVersion":
      "2018-01-01", "type": "Microsoft.Network/publicIPAddresses", "name": "myvm1PublicIP",
      "location": "eastus", "tags": {}, "dependsOn": [], "properties": {"publicIPAllocationMethod":
      null}}, {"apiVersion": "2015-06-15", "type": "Microsoft.Network/networkInterfaces",
      "name": "myvm1VMNic", "location": "eastus", "tags": {}, "dependsOn": ["Microsoft.Network/virtualNetworks/myvm1VNET",
      "Microsoft.Network/networkSecurityGroups/myvm1NSG", "Microsoft.Network/publicIpAddresses/myvm1PublicIP"],
      "properties": {"ipConfigurations": [{"name": "ipconfigmyvm1", "properties":
      {"privateIPAllocationMethod": "Dynamic", "subnet": {"id": "/subscriptions/00000000-0000-0000-0000-000000000000/resourceGroups/cli_test_scheduled_query000001/providers/Microsoft.Network/virtualNetworks/myvm1VNET/subnets/myvm1Subnet"},
      "publicIPAddress": {"id": "/subscriptions/00000000-0000-0000-0000-000000000000/resourceGroups/cli_test_scheduled_query000001/providers/Microsoft.Network/publicIPAddresses/myvm1PublicIP"}}}],
      "networkSecurityGroup": {"id": "/subscriptions/00000000-0000-0000-0000-000000000000/resourceGroups/cli_test_scheduled_query000001/providers/Microsoft.Network/networkSecurityGroups/myvm1NSG"}}},
      {"type": "Microsoft.Compute/virtualMachines/extensions", "apiVersion": "2018-10-01",
      "properties": {"publisher": "Microsoft.EnterpriseCloud.Monitoring", "type":
      "OmsAgentForLinux", "typeHandlerVersion": "1.0", "autoUpgradeMinorVersion":
      "true", "settings": {"workspaceId": "[reference(parameters(''workspaceId''),
      ''2015-11-01-preview'').customerId]", "stopOnMultipleConnections": "true"},
      "protectedSettings": {"workspaceKey": "[listKeys(parameters(''workspaceId''),
      ''2015-11-01-preview'').primarySharedKey]"}}, "name": "myvm1/OmsAgentForLinux",
      "location": "eastus", "dependsOn": ["Microsoft.Compute/virtualMachines/myvm1"]},
      {"apiVersion": "2020-12-01", "type": "Microsoft.Compute/virtualMachines", "name":
      "myvm1", "location": "eastus", "tags": {}, "dependsOn": ["Microsoft.Network/networkInterfaces/myvm1VMNic"],
      "properties": {"hardwareProfile": {"vmSize": "Standard_DS1_v2"}, "networkProfile":
      {"networkInterfaces": [{"id": "/subscriptions/00000000-0000-0000-0000-000000000000/resourceGroups/cli_test_scheduled_query000001/providers/Microsoft.Network/networkInterfaces/myvm1VMNic"}]},
      "storageProfile": {"osDisk": {"createOption": "fromImage", "name": null, "caching":
      "ReadWrite", "managedDisk": {"storageAccountType": null}}, "imageReference":
      {"publisher": "Canonical", "offer": "UbuntuServer", "sku": "18.04-LTS", "version":
      "latest"}}, "osProfile": {"computerName": "myvm1", "adminUsername": "fey", "linuxConfiguration":
      {"disablePasswordAuthentication": true, "ssh": {"publicKeys": [{"keyData": "ssh-rsa
      AAAAB3NzaC1yc2EAAAADAQABAAABAQDmzXeK++L20uMK/Ug5wpjnWWyMlHoecEOxyHueHc1gPDj8qgLChiHt1OWJ1sDjiqBJ+hEEwZLjN8lCmUvWzzrl20d7M/BVp1ejulE/zr999kWuY3m5+FpAkbbxeO9LWoafwOir9dPzIOjDGdPWKbgHr3SerOHAuvVdXJDhWHtW5lB/MEnrxi48Pz/8k1lD1YccUAI6zDgKVJPBEk9fWMW8H0hKYsRXmlxdtg2npBQK7kbmcB2NJPEhTVgxVPqSaBVAt2lOCC/QQvAXcoD0lJGujp1IVYqSUarS5RnrYEDZ9Q6EKduWrP0GFkFkF8YzpFe+BRFaV8bLJrvZN43vgzRj
      fey@DESKTOP-ARGPJS4\n", "path": "/home/fey/.ssh/authorized_keys"}]}}}}}], "outputs":
      {}}, "parameters": {"workspaceId": {"value": "/subscriptions/00000000-0000-0000-0000-000000000000/resourcegroups/cli_test_scheduled_query000001/providers/microsoft.operationalinsights/workspaces/clitest000002"}},
      "mode": "Incremental"}}'
    headers:
      Accept:
      - application/json
      Accept-Encoding:
      - gzip, deflate
      CommandName:
      - vm create
      Connection:
      - keep-alive
      Content-Length:
      - '4379'
      Content-Type:
      - application/json; charset=utf-8
      ParameterSetName:
      - -n -g --image --nsg-rule --workspace --generate-ssh-keys
      User-Agent:
      - python/3.7.4 (Windows-10-10.0.19041-SP0) msrest/0.6.21 msrest_azure/0.6.3
        azure-mgmt-resource/12.0.0 Azure-SDK-For-Python AZURECLI/2.20.0
      accept-language:
      - en-US
    method: PUT
    uri: https://management.azure.com/subscriptions/00000000-0000-0000-0000-000000000000/resourcegroups/cli_test_scheduled_query000001/providers/Microsoft.Resources/deployments/mock-deployment?api-version=2020-10-01
  response:
    body:
      string: '{"id":"/subscriptions/00000000-0000-0000-0000-000000000000/resourceGroups/cli_test_scheduled_query000001/providers/Microsoft.Resources/deployments/vm_deploy_WxZzlp0udWPxmNEr0VjRfcfh3cvnvQr8","name":"vm_deploy_WxZzlp0udWPxmNEr0VjRfcfh3cvnvQr8","type":"Microsoft.Resources/deployments","properties":{"templateHash":"8325280544875448564","parameters":{"workspaceId":{"type":"SecureString"}},"mode":"Incremental","provisioningState":"Accepted","timestamp":"2021-03-05T05:09:04.3578548Z","duration":"PT2.920808S","correlationId":"dac8587e-8d24-4bb4-a0cc-2e76821f8c60","providers":[{"namespace":"Microsoft.Network","resourceTypes":[{"resourceType":"virtualNetworks","locations":["eastus"]},{"resourceType":"networkSecurityGroups","locations":["eastus"]},{"resourceType":"publicIPAddresses","locations":["eastus"]},{"resourceType":"networkInterfaces","locations":["eastus"]}]},{"namespace":"Microsoft.Compute","resourceTypes":[{"resourceType":"virtualMachines/extensions","locations":["eastus"]},{"resourceType":"virtualMachines","locations":["eastus"]}]}],"dependencies":[{"dependsOn":[{"id":"/subscriptions/00000000-0000-0000-0000-000000000000/resourceGroups/cli_test_scheduled_query000001/providers/Microsoft.Network/virtualNetworks/myvm1VNET","resourceType":"Microsoft.Network/virtualNetworks","resourceName":"myvm1VNET"},{"id":"/subscriptions/00000000-0000-0000-0000-000000000000/resourceGroups/cli_test_scheduled_query000001/providers/Microsoft.Network/networkSecurityGroups/myvm1NSG","resourceType":"Microsoft.Network/networkSecurityGroups","resourceName":"myvm1NSG"},{"id":"/subscriptions/00000000-0000-0000-0000-000000000000/resourceGroups/cli_test_scheduled_query000001/providers/Microsoft.Network/publicIPAddresses/myvm1PublicIP","resourceType":"Microsoft.Network/publicIPAddresses","resourceName":"myvm1PublicIP"}],"id":"/subscriptions/00000000-0000-0000-0000-000000000000/resourceGroups/cli_test_scheduled_query000001/providers/Microsoft.Network/networkInterfaces/myvm1VMNic","resourceType":"Microsoft.Network/networkInterfaces","resourceName":"myvm1VMNic"},{"dependsOn":[{"id":"/subscriptions/00000000-0000-0000-0000-000000000000/resourceGroups/cli_test_scheduled_query000001/providers/Microsoft.Compute/virtualMachines/myvm1","resourceType":"Microsoft.Compute/virtualMachines","resourceName":"myvm1"},{"id":"/subscriptions/00000000-0000-0000-0000-000000000000/resourceGroups/cli_test_scheduled_query000001/providers/microsoft.operationalinsights/workspaces/clitest000002","resourceType":"microsoft.operationalinsights/workspaces","resourceName":"clitest000002","apiVersion":"2015-11-01-preview"},{"id":"/subscriptions/00000000-0000-0000-0000-000000000000/resourceGroups/cli_test_scheduled_query000001/providers/microsoft.operationalinsights/workspaces/clitest000002","resourceType":"microsoft.operationalinsights/workspaces","resourceName":"clitest000002","actionName":"listKeys","apiVersion":"2015-11-01-preview"}],"id":"/subscriptions/00000000-0000-0000-0000-000000000000/resourceGroups/cli_test_scheduled_query000001/providers/Microsoft.Compute/virtualMachines/myvm1/extensions/OmsAgentForLinux","resourceType":"Microsoft.Compute/virtualMachines/extensions","resourceName":"myvm1/OmsAgentForLinux"},{"dependsOn":[{"id":"/subscriptions/00000000-0000-0000-0000-000000000000/resourceGroups/cli_test_scheduled_query000001/providers/Microsoft.Network/networkInterfaces/myvm1VMNic","resourceType":"Microsoft.Network/networkInterfaces","resourceName":"myvm1VMNic"}],"id":"/subscriptions/00000000-0000-0000-0000-000000000000/resourceGroups/cli_test_scheduled_query000001/providers/Microsoft.Compute/virtualMachines/myvm1","resourceType":"Microsoft.Compute/virtualMachines","resourceName":"myvm1"}]}}'
    headers:
      azure-asyncoperation:
      - https://management.azure.com/subscriptions/00000000-0000-0000-0000-000000000000/resourcegroups/cli_test_scheduled_query000001/providers/Microsoft.Resources/deployments/vm_deploy_WxZzlp0udWPxmNEr0VjRfcfh3cvnvQr8/operationStatuses/08585866859440406031?api-version=2020-10-01
      cache-control:
      - no-cache
      content-length:
      - '4225'
      content-type:
      - application/json; charset=utf-8
      date:
      - Fri, 05 Mar 2021 05:09:05 GMT
      expires:
      - '-1'
      pragma:
      - no-cache
      strict-transport-security:
      - max-age=31536000; includeSubDomains
      x-content-type-options:
      - nosniff
      x-ms-ratelimit-remaining-subscription-writes:
      - '1199'
    status:
      code: 201
      message: Created
- request:
    body: null
    headers:
      Accept:
      - application/json
      Accept-Encoding:
      - gzip, deflate
      CommandName:
      - vm create
      Connection:
      - keep-alive
      ParameterSetName:
      - -n -g --image --nsg-rule --workspace --generate-ssh-keys
      User-Agent:
      - python/3.7.4 (Windows-10-10.0.19041-SP0) msrest/0.6.21 msrest_azure/0.6.3
        azure-mgmt-resource/12.0.0 Azure-SDK-For-Python AZURECLI/2.20.0
    method: GET
    uri: https://management.azure.com/subscriptions/00000000-0000-0000-0000-000000000000/resourcegroups/cli_test_scheduled_query000001/providers/Microsoft.Resources/deployments/mock-deployment/operationStatuses/08585866859440406031?api-version=2020-10-01
  response:
    body:
      string: '{"status":"Running"}'
    headers:
      cache-control:
      - no-cache
      content-length:
      - '20'
      content-type:
      - application/json; charset=utf-8
      date:
      - Fri, 05 Mar 2021 05:09:37 GMT
      expires:
      - '-1'
      pragma:
      - no-cache
      strict-transport-security:
      - max-age=31536000; includeSubDomains
      vary:
      - Accept-Encoding
      x-content-type-options:
      - nosniff
    status:
      code: 200
      message: OK
- request:
    body: null
    headers:
      Accept:
      - application/json
      Accept-Encoding:
      - gzip, deflate
      CommandName:
      - vm create
      Connection:
      - keep-alive
      ParameterSetName:
      - -n -g --image --nsg-rule --workspace --generate-ssh-keys
      User-Agent:
      - python/3.7.4 (Windows-10-10.0.19041-SP0) msrest/0.6.21 msrest_azure/0.6.3
        azure-mgmt-resource/12.0.0 Azure-SDK-For-Python AZURECLI/2.20.0
    method: GET
    uri: https://management.azure.com/subscriptions/00000000-0000-0000-0000-000000000000/resourcegroups/cli_test_scheduled_query000001/providers/Microsoft.Resources/deployments/mock-deployment/operationStatuses/08585866859440406031?api-version=2020-10-01
  response:
    body:
      string: '{"status":"Running"}'
    headers:
      cache-control:
      - no-cache
      content-length:
      - '20'
      content-type:
      - application/json; charset=utf-8
      date:
      - Fri, 05 Mar 2021 05:10:08 GMT
      expires:
      - '-1'
      pragma:
      - no-cache
      strict-transport-security:
      - max-age=31536000; includeSubDomains
      vary:
      - Accept-Encoding
      x-content-type-options:
      - nosniff
    status:
      code: 200
      message: OK
- request:
    body: null
    headers:
      Accept:
      - application/json
      Accept-Encoding:
      - gzip, deflate
      CommandName:
      - vm create
      Connection:
      - keep-alive
      ParameterSetName:
      - -n -g --image --nsg-rule --workspace --generate-ssh-keys
      User-Agent:
      - python/3.7.4 (Windows-10-10.0.19041-SP0) msrest/0.6.21 msrest_azure/0.6.3
        azure-mgmt-resource/12.0.0 Azure-SDK-For-Python AZURECLI/2.20.0
    method: GET
    uri: https://management.azure.com/subscriptions/00000000-0000-0000-0000-000000000000/resourcegroups/cli_test_scheduled_query000001/providers/Microsoft.Resources/deployments/mock-deployment/operationStatuses/08585866859440406031?api-version=2020-10-01
  response:
    body:
      string: '{"status":"Running"}'
    headers:
      cache-control:
      - no-cache
      content-length:
      - '20'
      content-type:
      - application/json; charset=utf-8
      date:
      - Fri, 05 Mar 2021 05:10:38 GMT
      expires:
      - '-1'
      pragma:
      - no-cache
      strict-transport-security:
      - max-age=31536000; includeSubDomains
      vary:
      - Accept-Encoding
      x-content-type-options:
      - nosniff
    status:
      code: 200
      message: OK
- request:
    body: null
    headers:
      Accept:
      - application/json
      Accept-Encoding:
      - gzip, deflate
      CommandName:
      - vm create
      Connection:
      - keep-alive
      ParameterSetName:
      - -n -g --image --nsg-rule --workspace --generate-ssh-keys
      User-Agent:
      - python/3.7.4 (Windows-10-10.0.19041-SP0) msrest/0.6.21 msrest_azure/0.6.3
        azure-mgmt-resource/12.0.0 Azure-SDK-For-Python AZURECLI/2.20.0
    method: GET
    uri: https://management.azure.com/subscriptions/00000000-0000-0000-0000-000000000000/resourcegroups/cli_test_scheduled_query000001/providers/Microsoft.Resources/deployments/mock-deployment/operationStatuses/08585866859440406031?api-version=2020-10-01
  response:
    body:
      string: '{"status":"Succeeded"}'
    headers:
      cache-control:
      - no-cache
      content-length:
      - '22'
      content-type:
      - application/json; charset=utf-8
      date:
      - Fri, 05 Mar 2021 05:11:09 GMT
      expires:
      - '-1'
      pragma:
      - no-cache
      strict-transport-security:
      - max-age=31536000; includeSubDomains
      vary:
      - Accept-Encoding
      x-content-type-options:
      - nosniff
    status:
      code: 200
      message: OK
- request:
    body: null
    headers:
      Accept:
      - application/json
      Accept-Encoding:
      - gzip, deflate
      CommandName:
      - vm create
      Connection:
      - keep-alive
      ParameterSetName:
      - -n -g --image --nsg-rule --workspace --generate-ssh-keys
      User-Agent:
      - python/3.7.4 (Windows-10-10.0.19041-SP0) msrest/0.6.21 msrest_azure/0.6.3
        azure-mgmt-resource/12.0.0 Azure-SDK-For-Python AZURECLI/2.20.0
    method: GET
    uri: https://management.azure.com/subscriptions/00000000-0000-0000-0000-000000000000/resourcegroups/cli_test_scheduled_query000001/providers/Microsoft.Resources/deployments/mock-deployment?api-version=2020-10-01
  response:
    body:
      string: '{"id":"/subscriptions/00000000-0000-0000-0000-000000000000/resourceGroups/cli_test_scheduled_query000001/providers/Microsoft.Resources/deployments/vm_deploy_WxZzlp0udWPxmNEr0VjRfcfh3cvnvQr8","name":"vm_deploy_WxZzlp0udWPxmNEr0VjRfcfh3cvnvQr8","type":"Microsoft.Resources/deployments","properties":{"templateHash":"8325280544875448564","parameters":{"workspaceId":{"type":"SecureString"}},"mode":"Incremental","provisioningState":"Succeeded","timestamp":"2021-03-05T05:10:59.1632475Z","duration":"PT1M57.7262007S","correlationId":"dac8587e-8d24-4bb4-a0cc-2e76821f8c60","providers":[{"namespace":"Microsoft.Network","resourceTypes":[{"resourceType":"virtualNetworks","locations":["eastus"]},{"resourceType":"networkSecurityGroups","locations":["eastus"]},{"resourceType":"publicIPAddresses","locations":["eastus"]},{"resourceType":"networkInterfaces","locations":["eastus"]}]},{"namespace":"Microsoft.Compute","resourceTypes":[{"resourceType":"virtualMachines/extensions","locations":["eastus"]},{"resourceType":"virtualMachines","locations":["eastus"]}]}],"dependencies":[{"dependsOn":[{"id":"/subscriptions/00000000-0000-0000-0000-000000000000/resourceGroups/cli_test_scheduled_query000001/providers/Microsoft.Network/virtualNetworks/myvm1VNET","resourceType":"Microsoft.Network/virtualNetworks","resourceName":"myvm1VNET"},{"id":"/subscriptions/00000000-0000-0000-0000-000000000000/resourceGroups/cli_test_scheduled_query000001/providers/Microsoft.Network/networkSecurityGroups/myvm1NSG","resourceType":"Microsoft.Network/networkSecurityGroups","resourceName":"myvm1NSG"},{"id":"/subscriptions/00000000-0000-0000-0000-000000000000/resourceGroups/cli_test_scheduled_query000001/providers/Microsoft.Network/publicIPAddresses/myvm1PublicIP","resourceType":"Microsoft.Network/publicIPAddresses","resourceName":"myvm1PublicIP"}],"id":"/subscriptions/00000000-0000-0000-0000-000000000000/resourceGroups/cli_test_scheduled_query000001/providers/Microsoft.Network/networkInterfaces/myvm1VMNic","resourceType":"Microsoft.Network/networkInterfaces","resourceName":"myvm1VMNic"},{"dependsOn":[{"id":"/subscriptions/00000000-0000-0000-0000-000000000000/resourceGroups/cli_test_scheduled_query000001/providers/Microsoft.Compute/virtualMachines/myvm1","resourceType":"Microsoft.Compute/virtualMachines","resourceName":"myvm1"},{"id":"/subscriptions/00000000-0000-0000-0000-000000000000/resourceGroups/cli_test_scheduled_query000001/providers/microsoft.operationalinsights/workspaces/clitest000002","resourceType":"microsoft.operationalinsights/workspaces","resourceName":"clitest000002","apiVersion":"2015-11-01-preview"},{"id":"/subscriptions/00000000-0000-0000-0000-000000000000/resourceGroups/cli_test_scheduled_query000001/providers/microsoft.operationalinsights/workspaces/clitest000002","resourceType":"microsoft.operationalinsights/workspaces","resourceName":"clitest000002","actionName":"listKeys","apiVersion":"2015-11-01-preview"}],"id":"/subscriptions/00000000-0000-0000-0000-000000000000/resourceGroups/cli_test_scheduled_query000001/providers/Microsoft.Compute/virtualMachines/myvm1/extensions/OmsAgentForLinux","resourceType":"Microsoft.Compute/virtualMachines/extensions","resourceName":"myvm1/OmsAgentForLinux"},{"dependsOn":[{"id":"/subscriptions/00000000-0000-0000-0000-000000000000/resourceGroups/cli_test_scheduled_query000001/providers/Microsoft.Network/networkInterfaces/myvm1VMNic","resourceType":"Microsoft.Network/networkInterfaces","resourceName":"myvm1VMNic"}],"id":"/subscriptions/00000000-0000-0000-0000-000000000000/resourceGroups/cli_test_scheduled_query000001/providers/Microsoft.Compute/virtualMachines/myvm1","resourceType":"Microsoft.Compute/virtualMachines","resourceName":"myvm1"}],"outputs":{},"outputResources":[{"id":"/subscriptions/00000000-0000-0000-0000-000000000000/resourceGroups/cli_test_scheduled_query000001/providers/Microsoft.Compute/virtualMachines/myvm1"},{"id":"/subscriptions/00000000-0000-0000-0000-000000000000/resourceGroups/cli_test_scheduled_query000001/providers/Microsoft.Compute/virtualMachines/myvm1/extensions/OmsAgentForLinux"},{"id":"/subscriptions/00000000-0000-0000-0000-000000000000/resourceGroups/cli_test_scheduled_query000001/providers/Microsoft.Network/networkInterfaces/myvm1VMNic"},{"id":"/subscriptions/00000000-0000-0000-0000-000000000000/resourceGroups/cli_test_scheduled_query000001/providers/Microsoft.Network/networkSecurityGroups/myvm1NSG"},{"id":"/subscriptions/00000000-0000-0000-0000-000000000000/resourceGroups/cli_test_scheduled_query000001/providers/Microsoft.Network/publicIPAddresses/myvm1PublicIP"},{"id":"/subscriptions/00000000-0000-0000-0000-000000000000/resourceGroups/cli_test_scheduled_query000001/providers/Microsoft.Network/virtualNetworks/myvm1VNET"}]}}'
    headers:
      cache-control:
      - no-cache
      content-length:
      - '5533'
      content-type:
      - application/json; charset=utf-8
      date:
      - Fri, 05 Mar 2021 05:11:09 GMT
      expires:
      - '-1'
      pragma:
      - no-cache
      strict-transport-security:
      - max-age=31536000; includeSubDomains
      vary:
      - Accept-Encoding
      x-content-type-options:
      - nosniff
    status:
      code: 200
      message: OK
- request:
    body: null
    headers:
      Accept:
      - application/json
      Accept-Encoding:
      - gzip, deflate
      CommandName:
      - vm create
      Connection:
      - keep-alive
      ParameterSetName:
      - -n -g --image --nsg-rule --workspace --generate-ssh-keys
      User-Agent:
      - AZURECLI/2.20.0 azsdk-python-azure-mgmt-compute/19.0.0 Python/3.7.4 (Windows-10-10.0.19041-SP0)
    method: GET
    uri: https://management.azure.com/subscriptions/00000000-0000-0000-0000-000000000000/resourceGroups/cli_test_scheduled_query000001/providers/Microsoft.Compute/virtualMachines/myvm1?$expand=instanceView&api-version=2020-12-01
  response:
    body:
      string: "{\r\n  \"name\": \"myvm1\",\r\n  \"id\": \"/subscriptions/00000000-0000-0000-0000-000000000000/resourceGroups/cli_test_scheduled_query000001/providers/Microsoft.Compute/virtualMachines/myvm1\",\r\n
        \ \"type\": \"Microsoft.Compute/virtualMachines\",\r\n  \"location\": \"eastus\",\r\n
        \ \"tags\": {},\r\n  \"properties\": {\r\n    \"vmId\": \"e1aa72e4-d0ad-4b15-9136-7cb978e949e1\",\r\n
        \   \"hardwareProfile\": {\r\n      \"vmSize\": \"Standard_DS1_v2\"\r\n    },\r\n
        \   \"storageProfile\": {\r\n      \"imageReference\": {\r\n        \"publisher\":
        \"Canonical\",\r\n        \"offer\": \"UbuntuServer\",\r\n        \"sku\":
        \"18.04-LTS\",\r\n        \"version\": \"latest\",\r\n        \"exactVersion\":
        \"18.04.202101290\"\r\n      },\r\n      \"osDisk\": {\r\n        \"osType\":
        \"Linux\",\r\n        \"name\": \"myvm1_disk1_4c1eba8d370749a295805bf5318ac907\",\r\n
        \       \"createOption\": \"FromImage\",\r\n        \"caching\": \"ReadWrite\",\r\n
        \       \"managedDisk\": {\r\n          \"storageAccountType\": \"Premium_LRS\",\r\n
        \         \"id\": \"/subscriptions/00000000-0000-0000-0000-000000000000/resourceGroups/cli_test_scheduled_query000001/providers/Microsoft.Compute/disks/myvm1_disk1_4c1eba8d370749a295805bf5318ac907\"\r\n
        \       },\r\n        \"diskSizeGB\": 30\r\n      },\r\n      \"dataDisks\":
        []\r\n    },\r\n    \"osProfile\": {\r\n      \"computerName\": \"myvm1\",\r\n
        \     \"adminUsername\": \"fey\",\r\n      \"linuxConfiguration\": {\r\n        \"disablePasswordAuthentication\":
        true,\r\n        \"ssh\": {\r\n          \"publicKeys\": [\r\n            {\r\n
        \             \"path\": \"/home/fey/.ssh/authorized_keys\",\r\n              \"keyData\":
        \"ssh-rsa AAAAB3NzaC1yc2EAAAADAQABAAABAQDmzXeK++L20uMK/Ug5wpjnWWyMlHoecEOxyHueHc1gPDj8qgLChiHt1OWJ1sDjiqBJ+hEEwZLjN8lCmUvWzzrl20d7M/BVp1ejulE/zr999kWuY3m5+FpAkbbxeO9LWoafwOir9dPzIOjDGdPWKbgHr3SerOHAuvVdXJDhWHtW5lB/MEnrxi48Pz/8k1lD1YccUAI6zDgKVJPBEk9fWMW8H0hKYsRXmlxdtg2npBQK7kbmcB2NJPEhTVgxVPqSaBVAt2lOCC/QQvAXcoD0lJGujp1IVYqSUarS5RnrYEDZ9Q6EKduWrP0GFkFkF8YzpFe+BRFaV8bLJrvZN43vgzRj
        fey@DESKTOP-ARGPJS4\\n\"\r\n            }\r\n          ]\r\n        },\r\n
        \       \"provisionVMAgent\": true,\r\n        \"patchSettings\": {\r\n          \"patchMode\":
        \"ImageDefault\"\r\n        }\r\n      },\r\n      \"secrets\": [],\r\n      \"allowExtensionOperations\":
        true,\r\n      \"requireGuestProvisionSignal\": true\r\n    },\r\n    \"networkProfile\":
        {\"networkInterfaces\":[{\"id\":\"/subscriptions/00000000-0000-0000-0000-000000000000/resourceGroups/cli_test_scheduled_query000001/providers/Microsoft.Network/networkInterfaces/myvm1VMNic\"}]},\r\n
        \   \"provisioningState\": \"Succeeded\",\r\n    \"instanceView\": {\r\n      \"computerName\":
        \"myvm1\",\r\n      \"osName\": \"ubuntu\",\r\n      \"osVersion\": \"18.04\",\r\n
        \     \"vmAgent\": {\r\n        \"vmAgentVersion\": \"2.2.53.1\",\r\n        \"statuses\":
        [\r\n          {\r\n            \"code\": \"ProvisioningState/succeeded\",\r\n
        \           \"level\": \"Info\",\r\n            \"displayStatus\": \"Ready\",\r\n
        \           \"message\": \"Guest Agent is running\",\r\n            \"time\":
        \"2021-03-05T05:11:06+00:00\"\r\n          }\r\n        ],\r\n        \"extensionHandlers\":
        [\r\n          {\r\n            \"type\": \"Microsoft.EnterpriseCloud.Monitoring.OmsAgentForLinux\",\r\n
        \           \"typeHandlerVersion\": \"1.13.33\",\r\n            \"status\":
        {\r\n              \"code\": \"ProvisioningState/succeeded\",\r\n              \"level\":
        \"Info\",\r\n              \"displayStatus\": \"Ready\",\r\n              \"message\":
        \"Plugin enabled\"\r\n            }\r\n          }\r\n        ]\r\n      },\r\n
        \     \"disks\": [\r\n        {\r\n          \"name\": \"myvm1_disk1_4c1eba8d370749a295805bf5318ac907\",\r\n
        \         \"statuses\": [\r\n            {\r\n              \"code\": \"ProvisioningState/succeeded\",\r\n
        \             \"level\": \"Info\",\r\n              \"displayStatus\": \"Provisioning
        succeeded\",\r\n              \"time\": \"2021-03-05T05:09:30.4369226+00:00\"\r\n
        \           }\r\n          ]\r\n        }\r\n      ],\r\n      \"extensions\":
        [\r\n        {\r\n          \"name\": \"OmsAgentForLinux\",\r\n          \"type\":
        \"Microsoft.EnterpriseCloud.Monitoring.OmsAgentForLinux\",\r\n          \"typeHandlerVersion\":
        \"1.13.33\",\r\n          \"statuses\": [\r\n            {\r\n              \"code\":
        \"ProvisioningState/succeeded\",\r\n              \"level\": \"Info\",\r\n
        \             \"displayStatus\": \"Provisioning succeeded\",\r\n              \"message\":
        \"Enable succeeded\"\r\n            }\r\n          ]\r\n        }\r\n      ],\r\n
        \     \"hyperVGeneration\": \"V1\",\r\n      \"statuses\": [\r\n        {\r\n
        \         \"code\": \"ProvisioningState/succeeded\",\r\n          \"level\":
        \"Info\",\r\n          \"displayStatus\": \"Provisioning succeeded\",\r\n
        \         \"time\": \"2021-03-05T05:10:57.1408007+00:00\"\r\n        },\r\n
        \       {\r\n          \"code\": \"PowerState/running\",\r\n          \"level\":
        \"Info\",\r\n          \"displayStatus\": \"VM running\"\r\n        }\r\n
        \     ]\r\n    }\r\n  },\r\n  \"resources\": [\r\n    {\r\n      \"name\":
        \"OmsAgentForLinux\",\r\n      \"id\": \"/subscriptions/00000000-0000-0000-0000-000000000000/resourceGroups/cli_test_scheduled_query000001/providers/Microsoft.Compute/virtualMachines/myvm1/extensions/OmsAgentForLinux\",\r\n
        \     \"type\": \"Microsoft.Compute/virtualMachines/extensions\",\r\n      \"location\":
        \"eastus\",\r\n      \"properties\": {\r\n        \"autoUpgradeMinorVersion\":
        true,\r\n        \"provisioningState\": \"Succeeded\",\r\n        \"publisher\":
        \"Microsoft.EnterpriseCloud.Monitoring\",\r\n        \"type\": \"OmsAgentForLinux\",\r\n
        \       \"typeHandlerVersion\": \"1.0\",\r\n        \"settings\": {\"workspaceId\":\"7c9a3194-5e9d-40ca-ba02-26a639cdba38\",\"stopOnMultipleConnections\":\"true\"}\r\n
        \     }\r\n    }\r\n  ]\r\n}"
    headers:
      cache-control:
      - no-cache
      content-length:
      - '5458'
      content-type:
      - application/json; charset=utf-8
      date:
      - Fri, 05 Mar 2021 05:11:10 GMT
      expires:
      - '-1'
      pragma:
      - no-cache
      server:
      - Microsoft-HTTPAPI/2.0
      - Microsoft-HTTPAPI/2.0
      strict-transport-security:
      - max-age=31536000; includeSubDomains
      transfer-encoding:
      - chunked
      vary:
      - Accept-Encoding
      x-content-type-options:
      - nosniff
      x-ms-ratelimit-remaining-resource:
      - Microsoft.Compute/LowCostGet3Min;3987,Microsoft.Compute/LowCostGet30Min;31976
    status:
      code: 200
      message: OK
- request:
    body: null
    headers:
      Accept:
      - application/json, text/json
      Accept-Encoding:
      - gzip, deflate
      CommandName:
      - vm create
      Connection:
      - keep-alive
      ParameterSetName:
      - -n -g --image --nsg-rule --workspace --generate-ssh-keys
      User-Agent:
      - AZURECLI/2.20.0 azsdk-python-azure-mgmt-network/17.1.0 Python/3.7.4 (Windows-10-10.0.19041-SP0)
    method: GET
    uri: https://management.azure.com/subscriptions/00000000-0000-0000-0000-000000000000/resourceGroups/cli_test_scheduled_query000001/providers/Microsoft.Network/networkInterfaces/myvm1VMNic?api-version=2018-01-01
  response:
    body:
      string: "{\r\n  \"name\": \"myvm1VMNic\",\r\n  \"id\": \"/subscriptions/00000000-0000-0000-0000-000000000000/resourceGroups/cli_test_scheduled_query000001/providers/Microsoft.Network/networkInterfaces/myvm1VMNic\",\r\n
        \ \"etag\": \"W/\\\"97ff1d4a-0765-4cae-a426-0d7aceb4cccd\\\"\",\r\n  \"location\":
        \"eastus\",\r\n  \"tags\": {},\r\n  \"properties\": {\r\n    \"provisioningState\":
        \"Succeeded\",\r\n    \"resourceGuid\": \"46afcbf7-510c-4f76-896f-f4497022de04\",\r\n
        \   \"ipConfigurations\": [\r\n      {\r\n        \"name\": \"ipconfigmyvm1\",\r\n
        \       \"id\": \"/subscriptions/00000000-0000-0000-0000-000000000000/resourceGroups/cli_test_scheduled_query000001/providers/Microsoft.Network/networkInterfaces/myvm1VMNic/ipConfigurations/ipconfigmyvm1\",\r\n
        \       \"etag\": \"W/\\\"97ff1d4a-0765-4cae-a426-0d7aceb4cccd\\\"\",\r\n
        \       \"type\": \"Microsoft.Network/networkInterfaces/ipConfigurations\",\r\n
        \       \"properties\": {\r\n          \"provisioningState\": \"Succeeded\",\r\n
        \         \"privateIPAddress\": \"10.0.0.4\",\r\n          \"privateIPAllocationMethod\":
        \"Dynamic\",\r\n          \"publicIPAddress\": {\r\n            \"id\": \"/subscriptions/00000000-0000-0000-0000-000000000000/resourceGroups/cli_test_scheduled_query000001/providers/Microsoft.Network/publicIPAddresses/myvm1PublicIP\"\r\n
        \         },\r\n          \"subnet\": {\r\n            \"id\": \"/subscriptions/00000000-0000-0000-0000-000000000000/resourceGroups/cli_test_scheduled_query000001/providers/Microsoft.Network/virtualNetworks/myvm1VNET/subnets/myvm1Subnet\"\r\n
        \         },\r\n          \"primary\": true,\r\n          \"privateIPAddressVersion\":
        \"IPv4\"\r\n        }\r\n      }\r\n    ],\r\n    \"dnsSettings\": {\r\n      \"dnsServers\":
        [],\r\n      \"appliedDnsServers\": [],\r\n      \"internalDomainNameSuffix\":
        \"35mb4wcbe3kevomr0bvnj30o4b.bx.internal.cloudapp.net\"\r\n    },\r\n    \"macAddress\":
        \"00-22-48-1F-1D-2B\",\r\n    \"enableAcceleratedNetworking\": false,\r\n
        \   \"enableIPForwarding\": false,\r\n    \"networkSecurityGroup\": {\r\n
        \     \"id\": \"/subscriptions/00000000-0000-0000-0000-000000000000/resourceGroups/cli_test_scheduled_query000001/providers/Microsoft.Network/networkSecurityGroups/myvm1NSG\"\r\n
        \   },\r\n    \"primary\": true,\r\n    \"virtualMachine\": {\r\n      \"id\":
        \"/subscriptions/00000000-0000-0000-0000-000000000000/resourceGroups/cli_test_scheduled_query000001/providers/Microsoft.Compute/virtualMachines/myvm1\"\r\n
        \   }\r\n  },\r\n  \"type\": \"Microsoft.Network/networkInterfaces\"\r\n}"
    headers:
      cache-control:
      - no-cache
      content-length:
      - '2588'
      content-type:
      - application/json; charset=utf-8
      date:
      - Fri, 05 Mar 2021 05:11:11 GMT
      etag:
      - W/"97ff1d4a-0765-4cae-a426-0d7aceb4cccd"
      expires:
      - '-1'
      pragma:
      - no-cache
      server:
      - Microsoft-HTTPAPI/2.0
      - Microsoft-HTTPAPI/2.0
      strict-transport-security:
      - max-age=31536000; includeSubDomains
      transfer-encoding:
      - chunked
      vary:
      - Accept-Encoding
      x-content-type-options:
      - nosniff
      x-ms-arm-service-request-id:
      - 3df452e7-a860-4929-81a3-f52ad0146d30
    status:
      code: 200
      message: OK
- request:
    body: null
    headers:
      Accept:
      - application/json, text/json
      Accept-Encoding:
      - gzip, deflate
      CommandName:
      - vm create
      Connection:
      - keep-alive
      ParameterSetName:
      - -n -g --image --nsg-rule --workspace --generate-ssh-keys
      User-Agent:
      - AZURECLI/2.20.0 azsdk-python-azure-mgmt-network/17.1.0 Python/3.7.4 (Windows-10-10.0.19041-SP0)
    method: GET
    uri: https://management.azure.com/subscriptions/00000000-0000-0000-0000-000000000000/resourceGroups/cli_test_scheduled_query000001/providers/Microsoft.Network/publicIPAddresses/myvm1PublicIP?api-version=2018-01-01
  response:
    body:
      string: "{\r\n  \"name\": \"myvm1PublicIP\",\r\n  \"id\": \"/subscriptions/00000000-0000-0000-0000-000000000000/resourceGroups/cli_test_scheduled_query000001/providers/Microsoft.Network/publicIPAddresses/myvm1PublicIP\",\r\n
        \ \"etag\": \"W/\\\"91b66135-3b42-43a9-90c2-b29b3940075a\\\"\",\r\n  \"location\":
        \"eastus\",\r\n  \"tags\": {},\r\n  \"properties\": {\r\n    \"provisioningState\":
        \"Succeeded\",\r\n    \"resourceGuid\": \"1965c04c-d4dd-4328-ac0c-90fd21793ccb\",\r\n
        \   \"ipAddress\": \"23.96.1.190\",\r\n    \"publicIPAddressVersion\": \"IPv4\",\r\n
        \   \"publicIPAllocationMethod\": \"Dynamic\",\r\n    \"idleTimeoutInMinutes\":
        4,\r\n    \"ipTags\": [],\r\n    \"ipConfiguration\": {\r\n      \"id\": \"/subscriptions/00000000-0000-0000-0000-000000000000/resourceGroups/cli_test_scheduled_query000001/providers/Microsoft.Network/networkInterfaces/myvm1VMNic/ipConfigurations/ipconfigmyvm1\"\r\n
        \   }\r\n  },\r\n  \"type\": \"Microsoft.Network/publicIPAddresses\",\r\n
        \ \"sku\": {\r\n    \"name\": \"Basic\"\r\n  }\r\n}"
    headers:
      cache-control:
      - no-cache
      content-length:
      - '1003'
      content-type:
      - application/json; charset=utf-8
      date:
      - Fri, 05 Mar 2021 05:11:12 GMT
      etag:
      - W/"91b66135-3b42-43a9-90c2-b29b3940075a"
      expires:
      - '-1'
      pragma:
      - no-cache
      server:
      - Microsoft-HTTPAPI/2.0
      - Microsoft-HTTPAPI/2.0
      strict-transport-security:
      - max-age=31536000; includeSubDomains
      transfer-encoding:
      - chunked
      vary:
      - Accept-Encoding
      x-content-type-options:
      - nosniff
      x-ms-arm-service-request-id:
      - 778d492d-7618-423c-97be-275794ecef4f
    status:
      code: 200
      message: OK
- request:
    body: '{"properties": {"state": "Enabled"}, "kind": "LinuxPerformanceCollection"}'
    headers:
      Accept:
      - application/json
      Accept-Encoding:
      - gzip, deflate
      CommandName:
      - vm create
      Connection:
      - keep-alive
      Content-Length:
      - '74'
      Content-Type:
      - application/json
      ParameterSetName:
      - -n -g --image --nsg-rule --workspace --generate-ssh-keys
      User-Agent:
      - AZURECLI/2.20.0 azsdk-python-mgmt-loganalytics/8.0.0 Python/3.7.4 (Windows-10-10.0.19041-SP0)
    method: PUT
    uri: https://management.azure.com/subscriptions/00000000-0000-0000-0000-000000000000/resourcegroups/cli_test_scheduled_query000001/providers/Microsoft.OperationalInsights/workspaces/clitest000002/dataSources/DataSource_LinuxPerformanceCollection_88888888-0000-0000-0000-000000000001?api-version=2020-08-01
  response:
    body:
      string: '{"kind":"LinuxPerformanceCollection","properties":{"state":"Enabled"},"id":"/subscriptions/00000000-0000-0000-0000-000000000000/resourceGroups/cli_test_scheduled_query000001/providers/Microsoft.OperationalInsights/workspaces/clitest000002/datasources/DataSource_LinuxPerformanceCollection_88888888-0000-0000-0000-000000000001","etag":"W/\"datetime''2021-03-05T05%3A11%3A13.1253397Z''\"","name":"DataSource_LinuxPerformanceCollection_88888888-0000-0000-0000-000000000001","type":"Microsoft.OperationalInsights/workspaces/datasources"}'
    headers:
      cache-control:
      - no-cache
      content-length:
      - '583'
      content-type:
      - application/json; charset=utf-8
      date:
      - Fri, 05 Mar 2021 05:11:13 GMT
      expires:
      - '-1'
      pragma:
      - no-cache
      server:
      - Microsoft-IIS/10.0
      strict-transport-security:
      - max-age=31536000; includeSubDomains
      transfer-encoding:
      - chunked
      vary:
      - Accept-Encoding
      x-content-type-options:
      - nosniff
      x-ms-ratelimit-remaining-subscription-writes:
      - '1199'
      x-powered-by:
      - ASP.NET
    status:
      code: 200
      message: OK
- request:
    body: '{"properties": {"instanceName": "*", "intervalSeconds": 10, "objectName":
      "Memory", "performanceCounters": [{"counterName": "Available MBytes Memory"},
      {"counterName": "% Used Memory"}, {"counterName": "% Used Swap Space"}]}, "kind":
      "LinuxPerformanceObject"}'
    headers:
      Accept:
      - application/json
      Accept-Encoding:
      - gzip, deflate
      CommandName:
      - vm create
      Connection:
      - keep-alive
      Content-Length:
      - '259'
      Content-Type:
      - application/json
      ParameterSetName:
      - -n -g --image --nsg-rule --workspace --generate-ssh-keys
      User-Agent:
      - AZURECLI/2.20.0 azsdk-python-mgmt-loganalytics/8.0.0 Python/3.7.4 (Windows-10-10.0.19041-SP0)
    method: PUT
    uri: https://management.azure.com/subscriptions/00000000-0000-0000-0000-000000000000/resourcegroups/cli_test_scheduled_query000001/providers/Microsoft.OperationalInsights/workspaces/clitest000002/dataSources/DataSource_LinuxPerformanceObject_88888888-0000-0000-0000-000000000002?api-version=2020-08-01
  response:
    body:
      string: '{"kind":"LinuxPerformanceObject","properties":{"instanceName":"*","intervalSeconds":10,"objectName":"Memory","performanceCounters":[{"counterName":"Available
        MBytes Memory"},{"counterName":"% Used Memory"},{"counterName":"% Used Swap
        Space"}]},"id":"/subscriptions/00000000-0000-0000-0000-000000000000/resourceGroups/cli_test_scheduled_query000001/providers/Microsoft.OperationalInsights/workspaces/clitest000002/datasources/DataSource_LinuxPerformanceObject_88888888-0000-0000-0000-000000000002","etag":"W/\"datetime''2021-03-05T05%3A11%3A13.7845614Z''\"","name":"DataSource_LinuxPerformanceObject_88888888-0000-0000-0000-000000000002","type":"Microsoft.OperationalInsights/workspaces/datasources"}'
    headers:
      cache-control:
      - no-cache
      content-length:
      - '749'
      content-type:
      - application/json; charset=utf-8
      date:
      - Fri, 05 Mar 2021 05:11:14 GMT
      expires:
      - '-1'
      pragma:
      - no-cache
      server:
      - Microsoft-IIS/10.0
      strict-transport-security:
      - max-age=31536000; includeSubDomains
      transfer-encoding:
      - chunked
      vary:
      - Accept-Encoding
      x-content-type-options:
      - nosniff
      x-ms-ratelimit-remaining-subscription-writes:
      - '1198'
      x-powered-by:
      - ASP.NET
    status:
      code: 200
      message: OK
- request:
    body: '{"properties": {"instanceName": "*", "intervalSeconds": 10, "objectName":
      "Processor", "performanceCounters": [{"counterName": "% Processor Time"}, {"counterName":
      "% Privileged Time"}]}, "kind": "LinuxPerformanceObject"}'
    headers:
      Accept:
      - application/json
      Accept-Encoding:
      - gzip, deflate
      CommandName:
      - vm create
      Connection:
      - keep-alive
      Content-Length:
      - '221'
      Content-Type:
      - application/json
      ParameterSetName:
      - -n -g --image --nsg-rule --workspace --generate-ssh-keys
      User-Agent:
      - AZURECLI/2.20.0 azsdk-python-mgmt-loganalytics/8.0.0 Python/3.7.4 (Windows-10-10.0.19041-SP0)
    method: PUT
    uri: https://management.azure.com/subscriptions/00000000-0000-0000-0000-000000000000/resourcegroups/cli_test_scheduled_query000001/providers/Microsoft.OperationalInsights/workspaces/clitest000002/dataSources/DataSource_LinuxPerformanceObject_88888888-0000-0000-0000-000000000003?api-version=2020-08-01
  response:
    body:
      string: '{"kind":"LinuxPerformanceObject","properties":{"instanceName":"*","intervalSeconds":10,"objectName":"Processor","performanceCounters":[{"counterName":"%
        Processor Time"},{"counterName":"% Privileged Time"}]},"id":"/subscriptions/00000000-0000-0000-0000-000000000000/resourceGroups/cli_test_scheduled_query000001/providers/Microsoft.OperationalInsights/workspaces/clitest000002/datasources/DataSource_LinuxPerformanceObject_88888888-0000-0000-0000-000000000003","etag":"W/\"datetime''2021-03-05T05%3A11%3A14.5210861Z''\"","name":"DataSource_LinuxPerformanceObject_88888888-0000-0000-0000-000000000003","type":"Microsoft.OperationalInsights/workspaces/datasources"}'
    headers:
      cache-control:
      - no-cache
      content-length:
      - '713'
      content-type:
      - application/json; charset=utf-8
      date:
      - Fri, 05 Mar 2021 05:11:14 GMT
      expires:
      - '-1'
      pragma:
      - no-cache
      server:
      - Microsoft-IIS/10.0
      strict-transport-security:
      - max-age=31536000; includeSubDomains
      transfer-encoding:
      - chunked
      vary:
      - Accept-Encoding
      x-content-type-options:
      - nosniff
      x-ms-ratelimit-remaining-subscription-writes:
      - '1197'
      x-powered-by:
      - ASP.NET
    status:
      code: 200
      message: OK
- request:
    body: '{"properties": {"instanceName": "*", "intervalSeconds": 10, "objectName":
      "Logical Disk", "performanceCounters": [{"counterName": "% Used Inodes"}, {"counterName":
      "Free Megabytes"}, {"counterName": "% Used Space"}, {"counterName": "Disk Transfers/sec"},
      {"counterName": "Disk Reads/sec"}, {"counterName": "Disk Writes/sec"}]}, "kind":
      "LinuxPerformanceObject"}'
    headers:
      Accept:
      - application/json
      Accept-Encoding:
      - gzip, deflate
      CommandName:
      - vm create
      Connection:
      - keep-alive
      Content-Length:
      - '361'
      Content-Type:
      - application/json
      ParameterSetName:
      - -n -g --image --nsg-rule --workspace --generate-ssh-keys
      User-Agent:
      - AZURECLI/2.20.0 azsdk-python-mgmt-loganalytics/8.0.0 Python/3.7.4 (Windows-10-10.0.19041-SP0)
    method: PUT
    uri: https://management.azure.com/subscriptions/00000000-0000-0000-0000-000000000000/resourcegroups/cli_test_scheduled_query000001/providers/Microsoft.OperationalInsights/workspaces/clitest000002/dataSources/DataSource_LinuxPerformanceObject_88888888-0000-0000-0000-000000000004?api-version=2020-08-01
  response:
    body:
      string: '{"kind":"LinuxPerformanceObject","properties":{"instanceName":"*","intervalSeconds":10,"objectName":"Logical
        Disk","performanceCounters":[{"counterName":"% Used Inodes"},{"counterName":"Free
        Megabytes"},{"counterName":"% Used Space"},{"counterName":"Disk Transfers/sec"},{"counterName":"Disk
        Reads/sec"},{"counterName":"Disk Writes/sec"}]},"id":"/subscriptions/00000000-0000-0000-0000-000000000000/resourceGroups/cli_test_scheduled_query000001/providers/Microsoft.OperationalInsights/workspaces/clitest000002/datasources/DataSource_LinuxPerformanceObject_88888888-0000-0000-0000-000000000004","etag":"W/\"datetime''2021-03-05T05%3A11%3A15.2076743Z''\"","name":"DataSource_LinuxPerformanceObject_88888888-0000-0000-0000-000000000004","type":"Microsoft.OperationalInsights/workspaces/datasources"}'
    headers:
      cache-control:
      - no-cache
      content-length:
      - '845'
      content-type:
      - application/json; charset=utf-8
      date:
      - Fri, 05 Mar 2021 05:11:15 GMT
      expires:
      - '-1'
      pragma:
      - no-cache
      server:
      - Microsoft-IIS/10.0
      strict-transport-security:
      - max-age=31536000; includeSubDomains
      transfer-encoding:
      - chunked
      vary:
      - Accept-Encoding
      x-content-type-options:
      - nosniff
      x-ms-ratelimit-remaining-subscription-writes:
      - '1196'
      x-powered-by:
      - ASP.NET
    status:
      code: 200
      message: OK
- request:
    body: '{"properties": {"instanceName": "*", "intervalSeconds": 10, "objectName":
      "Network", "performanceCounters": [{"counterName": "Total Bytes Transmitted"},
      {"counterName": "Total Bytes Received"}]}, "kind": "LinuxPerformanceObject"}'
    headers:
      Accept:
      - application/json
      Accept-Encoding:
      - gzip, deflate
      CommandName:
      - vm create
      Connection:
      - keep-alive
      Content-Length:
      - '229'
      Content-Type:
      - application/json
      ParameterSetName:
      - -n -g --image --nsg-rule --workspace --generate-ssh-keys
      User-Agent:
      - AZURECLI/2.20.0 azsdk-python-mgmt-loganalytics/8.0.0 Python/3.7.4 (Windows-10-10.0.19041-SP0)
    method: PUT
    uri: https://management.azure.com/subscriptions/00000000-0000-0000-0000-000000000000/resourcegroups/cli_test_scheduled_query000001/providers/Microsoft.OperationalInsights/workspaces/clitest000002/dataSources/DataSource_LinuxPerformanceObject_88888888-0000-0000-0000-000000000005?api-version=2020-08-01
  response:
    body:
      string: '{"kind":"LinuxPerformanceObject","properties":{"instanceName":"*","intervalSeconds":10,"objectName":"Network","performanceCounters":[{"counterName":"Total
        Bytes Transmitted"},{"counterName":"Total Bytes Received"}]},"id":"/subscriptions/00000000-0000-0000-0000-000000000000/resourceGroups/cli_test_scheduled_query000001/providers/Microsoft.OperationalInsights/workspaces/clitest000002/datasources/DataSource_LinuxPerformanceObject_88888888-0000-0000-0000-000000000005","etag":"W/\"datetime''2021-03-05T05%3A11%3A15.9978931Z''\"","name":"DataSource_LinuxPerformanceObject_88888888-0000-0000-0000-000000000005","type":"Microsoft.OperationalInsights/workspaces/datasources"}'
    headers:
      cache-control:
      - no-cache
      content-length:
      - '721'
      content-type:
      - application/json; charset=utf-8
      date:
      - Fri, 05 Mar 2021 05:11:16 GMT
      expires:
      - '-1'
      pragma:
      - no-cache
      server:
      - Microsoft-IIS/10.0
      strict-transport-security:
      - max-age=31536000; includeSubDomains
      transfer-encoding:
      - chunked
      vary:
      - Accept-Encoding
      x-content-type-options:
      - nosniff
      x-ms-ratelimit-remaining-subscription-writes:
      - '1195'
      x-powered-by:
      - ASP.NET
    status:
      code: 200
      message: OK
- request:
    body: '{"properties": {"state": "Enabled"}, "kind": "LinuxSyslogCollection"}'
    headers:
      Accept:
      - application/json
      Accept-Encoding:
      - gzip, deflate
      CommandName:
      - vm create
      Connection:
      - keep-alive
      Content-Length:
      - '69'
      Content-Type:
      - application/json
      ParameterSetName:
      - -n -g --image --nsg-rule --workspace --generate-ssh-keys
      User-Agent:
      - AZURECLI/2.20.0 azsdk-python-mgmt-loganalytics/8.0.0 Python/3.7.4 (Windows-10-10.0.19041-SP0)
    method: PUT
    uri: https://management.azure.com/subscriptions/00000000-0000-0000-0000-000000000000/resourcegroups/cli_test_scheduled_query000001/providers/Microsoft.OperationalInsights/workspaces/clitest000002/dataSources/DataSource_LinuxSyslogCollection_88888888-0000-0000-0000-000000000006?api-version=2020-08-01
  response:
    body:
      string: '{"kind":"LinuxSyslogCollection","properties":{"state":"Enabled"},"id":"/subscriptions/00000000-0000-0000-0000-000000000000/resourceGroups/cli_test_scheduled_query000001/providers/Microsoft.OperationalInsights/workspaces/clitest000002/datasources/DataSource_LinuxSyslogCollection_88888888-0000-0000-0000-000000000006","etag":"W/\"datetime''2021-03-05T05%3A11%3A16.7707885Z''\"","name":"DataSource_LinuxSyslogCollection_88888888-0000-0000-0000-000000000006","type":"Microsoft.OperationalInsights/workspaces/datasources"}'
    headers:
      cache-control:
      - no-cache
      content-length:
      - '568'
      content-type:
      - application/json; charset=utf-8
      date:
      - Fri, 05 Mar 2021 05:11:17 GMT
      expires:
      - '-1'
      pragma:
      - no-cache
      server:
      - Microsoft-IIS/10.0
      strict-transport-security:
      - max-age=31536000; includeSubDomains
      transfer-encoding:
      - chunked
      vary:
      - Accept-Encoding
      x-content-type-options:
      - nosniff
      x-ms-ratelimit-remaining-subscription-writes:
      - '1194'
      x-powered-by:
      - ASP.NET
    status:
      code: 200
      message: OK
- request:
    body: '{"properties": {"syslogName": "syslog", "syslogSeverities": [{"severity":
      "notice"}, {"severity": "info"}, {"severity": "debug"}]}, "kind": "LinuxSyslog"}'
    headers:
      Accept:
      - application/json
      Accept-Encoding:
      - gzip, deflate
      CommandName:
      - vm create
      Connection:
      - keep-alive
      Content-Length:
      - '154'
      Content-Type:
      - application/json
      ParameterSetName:
      - -n -g --image --nsg-rule --workspace --generate-ssh-keys
      User-Agent:
      - AZURECLI/2.20.0 azsdk-python-mgmt-loganalytics/8.0.0 Python/3.7.4 (Windows-10-10.0.19041-SP0)
    method: PUT
    uri: https://management.azure.com/subscriptions/00000000-0000-0000-0000-000000000000/resourcegroups/cli_test_scheduled_query000001/providers/Microsoft.OperationalInsights/workspaces/clitest000002/dataSources/DataSource_LinuxSyslog_88888888-0000-0000-0000-000000000007?api-version=2020-08-01
  response:
    body:
      string: '{"kind":"LinuxSyslog","properties":{"syslogName":"syslog","syslogSeverities":[{"severity":"notice"},{"severity":"info"},{"severity":"debug"}]},"id":"/subscriptions/00000000-0000-0000-0000-000000000000/resourceGroups/cli_test_scheduled_query000001/providers/Microsoft.OperationalInsights/workspaces/clitest000002/datasources/DataSource_LinuxSyslog_88888888-0000-0000-0000-000000000007","etag":"W/\"datetime''2021-03-05T05%3A11%3A17.5286420Z''\"","name":"DataSource_LinuxSyslog_88888888-0000-0000-0000-000000000007","type":"Microsoft.OperationalInsights/workspaces/datasources"}'
    headers:
      cache-control:
      - no-cache
      content-length:
      - '626'
      content-type:
      - application/json; charset=utf-8
      date:
      - Fri, 05 Mar 2021 05:11:18 GMT
      expires:
      - '-1'
      pragma:
      - no-cache
      server:
      - Microsoft-IIS/10.0
      strict-transport-security:
      - max-age=31536000; includeSubDomains
      transfer-encoding:
      - chunked
      vary:
      - Accept-Encoding
      x-content-type-options:
      - nosniff
      x-ms-ratelimit-remaining-subscription-writes:
      - '1193'
      x-powered-by:
      - ASP.NET
    status:
      code: 200
      message: OK
- request:
    body: null
    headers:
      Accept:
      - application/json
      Accept-Encoding:
      - gzip, deflate
      CommandName:
      - monitor scheduled-query create
      Connection:
      - keep-alive
      ParameterSetName:
      - -g -n --scopes --condition --description
      User-Agent:
      - python/3.7.4 (Windows-10-10.0.19041-SP0) msrest/0.6.21 msrest_azure/0.6.3
        azure-mgmt-resource/12.0.0 Azure-SDK-For-Python AZURECLI/2.20.0
      accept-language:
      - en-US
    method: GET
    uri: https://management.azure.com/subscriptions/00000000-0000-0000-0000-000000000000/resourcegroups/cli_test_scheduled_query000001?api-version=2020-10-01
  response:
    body:
      string: '{"id":"/subscriptions/00000000-0000-0000-0000-000000000000/resourceGroups/cli_test_scheduled_query000001","name":"cli_test_scheduled_query000001","type":"Microsoft.Resources/resourceGroups","location":"eastus","tags":{"product":"azurecli","cause":"automation","date":"2021-03-05T05:08:08Z"},"properties":{"provisioningState":"Succeeded"}}'
    headers:
      cache-control:
      - no-cache
      content-length:
      - '428'
      content-type:
      - application/json; charset=utf-8
      date:
      - Fri, 05 Mar 2021 05:14:20 GMT
      expires:
      - '-1'
      pragma:
      - no-cache
      strict-transport-security:
      - max-age=31536000; includeSubDomains
      vary:
      - Accept-Encoding
      x-content-type-options:
      - nosniff
    status:
      code: 200
      message: OK
- request:
    body: '{"location": "eastus", "properties": {"description": "Test rule", "severity":
      2, "enabled": true, "scopes": ["/subscriptions/00000000-0000-0000-0000-000000000000/resourceGroups/cli_test_scheduled_query000001/providers/Microsoft.Compute/virtualMachines/myvm1"],
      "evaluationFrequency": "PT5M", "windowSize": "PT5M", "criteria": {"allOf": [{"query":
      "union Event, Syslog | where TimeGenerated > ago(1h)", "timeAggregation": "Count",
      "dimensions": [], "operator": "GreaterThan", "threshold": 360, "failingPeriods":
      {"numberOfEvaluationPeriods": 1, "minFailingPeriodsToAlert": 1}}]}, "muteActionsDuration":
      "PT30M"}}'
    headers:
      Accept:
      - application/json
      Accept-Encoding:
      - gzip, deflate
      CommandName:
      - monitor scheduled-query create
      Connection:
      - keep-alive
      Content-Length:
      - '656'
      Content-Type:
      - application/json; charset=utf-8
      ParameterSetName:
      - -g -n --scopes --condition --description
      User-Agent:
      - python/3.7.4 (Windows-10-10.0.19041-SP0) msrest/0.6.21 msrest_azure/0.6.3
        azure-mgmt-monitor/2020-05-01-preview Azure-SDK-For-Python AZURECLI/2.20.0
      accept-language:
      - en-US
    method: PUT
    uri: https://management.azure.com/subscriptions/00000000-0000-0000-0000-000000000000/resourceGroups/cli_test_scheduled_query000001/providers/Microsoft.Insights/scheduledQueryRules/sq01?api-version=2020-05-01-preview
  response:
    body:
      string: '{"id":"/subscriptions/00000000-0000-0000-0000-000000000000/resourceGroups/cli_test_scheduled_query000001/providers/microsoft.insights/scheduledqueryrules/sq01","name":"sq01","type":"microsoft.insights/scheduledqueryrules","location":"eastus","properties":{"description":"Test
        rule","severity":2,"enabled":true,"evaluationFrequency":"PT5M","scopes":["/subscriptions/00000000-0000-0000-0000-000000000000/resourceGroups/cli_test_scheduled_query000001/providers/Microsoft.Compute/virtualMachines/myvm1"],"windowSize":"PT5M","criteria":{"allOf":[{"query":"union
        Event, Syslog | where TimeGenerated > ago(1h)","timeAggregation":"Count","dimensions":[],"operator":"GreaterThan","threshold":360.0,"failingPeriods":{"numberOfEvaluationPeriods":1,"minFailingPeriodsToAlert":1}}]},"muteActionsDuration":"PT30M"}}'
    headers:
      cache-control:
      - no-cache
      content-length:
      - '891'
      content-type:
      - application/json; charset=utf-8
      date:
      - Fri, 05 Mar 2021 05:14:55 GMT
      expires:
      - '-1'
      pragma:
      - no-cache
      server:
      - Kestrel
      strict-transport-security:
      - max-age=31536000; includeSubDomains
      x-content-type-options:
      - nosniff
      x-ms-ratelimit-remaining-subscription-writes:
      - '1199'
    status:
      code: 201
      message: Created
- request:
    body: null
    headers:
      Accept:
      - application/json
      Accept-Encoding:
      - gzip, deflate
      CommandName:
      - monitor scheduled-query create
      Connection:
      - keep-alive
      ParameterSetName:
      - -g -n --scopes --condition --description
      User-Agent:
      - python/3.7.4 (Windows-10-10.0.19041-SP0) msrest/0.6.21 msrest_azure/0.6.3
        azure-mgmt-resource/12.0.0 Azure-SDK-For-Python AZURECLI/2.20.0
      accept-language:
      - en-US
    method: GET
    uri: https://management.azure.com/subscriptions/00000000-0000-0000-0000-000000000000/resourcegroups/cli_test_scheduled_query000001?api-version=2020-10-01
  response:
    body:
      string: '{"id":"/subscriptions/00000000-0000-0000-0000-000000000000/resourceGroups/cli_test_scheduled_query000001","name":"cli_test_scheduled_query000001","type":"Microsoft.Resources/resourceGroups","location":"eastus","tags":{"product":"azurecli","cause":"automation","date":"2021-03-05T05:08:08Z"},"properties":{"provisioningState":"Succeeded"}}'
    headers:
      cache-control:
      - no-cache
      content-length:
      - '428'
      content-type:
      - application/json; charset=utf-8
      date:
      - Fri, 05 Mar 2021 05:14:55 GMT
      expires:
      - '-1'
      pragma:
      - no-cache
      strict-transport-security:
      - max-age=31536000; includeSubDomains
      vary:
      - Accept-Encoding
      x-content-type-options:
      - nosniff
    status:
      code: 200
      message: OK
- request:
    body: '{"location": "eastus", "properties": {"description": "Test rule", "severity":
      2, "enabled": true, "scopes": ["/subscriptions/00000000-0000-0000-0000-000000000000/resourceGroups/cli_test_scheduled_query000001"],
      "evaluationFrequency": "PT5M", "windowSize": "PT5M", "criteria": {"allOf": [{"query":
      "union Event, Syslog | where TimeGenerated > ago(1h)", "timeAggregation": "Count",
      "resourceIdColumn": "_ResourceId", "dimensions": [], "operator": "GreaterThan",
      "threshold": 360, "failingPeriods": {"numberOfEvaluationPeriods": 1, "minFailingPeriodsToAlert":
      1}}]}, "muteActionsDuration": "PT30M"}}'
    headers:
      Accept:
      - application/json
      Accept-Encoding:
      - gzip, deflate
      CommandName:
      - monitor scheduled-query create
      Connection:
      - keep-alive
      Content-Length:
      - '641'
      Content-Type:
      - application/json; charset=utf-8
      ParameterSetName:
      - -g -n --scopes --condition --description
      User-Agent:
      - python/3.7.4 (Windows-10-10.0.19041-SP0) msrest/0.6.21 msrest_azure/0.6.3
        azure-mgmt-monitor/2020-05-01-preview Azure-SDK-For-Python AZURECLI/2.20.0
      accept-language:
      - en-US
    method: PUT
    uri: https://management.azure.com/subscriptions/00000000-0000-0000-0000-000000000000/resourceGroups/cli_test_scheduled_query000001/providers/Microsoft.Insights/scheduledQueryRules/sq02?api-version=2020-05-01-preview
  response:
    body:
      string: '{"id":"/subscriptions/00000000-0000-0000-0000-000000000000/resourceGroups/cli_test_scheduled_query000001/providers/microsoft.insights/scheduledqueryrules/sq02","name":"sq02","type":"microsoft.insights/scheduledqueryrules","location":"eastus","properties":{"description":"Test
        rule","severity":2,"enabled":true,"evaluationFrequency":"PT5M","scopes":["/subscriptions/00000000-0000-0000-0000-000000000000/resourceGroups/cli_test_scheduled_query000001"],"windowSize":"PT5M","criteria":{"allOf":[{"query":"union
        Event, Syslog | where TimeGenerated > ago(1h)","timeAggregation":"Count","dimensions":[],"resourceIdColumn":"_ResourceId","operator":"GreaterThan","threshold":360.0,"failingPeriods":{"numberOfEvaluationPeriods":1,"minFailingPeriodsToAlert":1}}]},"muteActionsDuration":"PT30M"}}'
    headers:
      cache-control:
      - no-cache
      content-length:
      - '874'
      content-type:
      - application/json; charset=utf-8
      date:
      - Fri, 05 Mar 2021 05:15:08 GMT
      expires:
      - '-1'
      pragma:
      - no-cache
      server:
      - Kestrel
      strict-transport-security:
      - max-age=31536000; includeSubDomains
      x-content-type-options:
      - nosniff
      x-ms-ratelimit-remaining-subscription-writes:
      - '1192'
    status:
      code: 201
      message: Created
- request:
    body: null
    headers:
      Accept:
      - application/json
      Accept-Encoding:
      - gzip, deflate
      CommandName:
      - monitor scheduled-query update
      Connection:
      - keep-alive
      ParameterSetName:
      - -g -n --condition --description --severity --disabled --evaluation-frequency
        --window-size
      User-Agent:
      - python/3.7.4 (Windows-10-10.0.19041-SP0) msrest/0.6.21 msrest_azure/0.6.3
        azure-mgmt-monitor/2020-05-01-preview Azure-SDK-For-Python AZURECLI/2.20.0
      accept-language:
      - en-US
    method: GET
    uri: https://management.azure.com/subscriptions/00000000-0000-0000-0000-000000000000/resourceGroups/cli_test_scheduled_query000001/providers/Microsoft.Insights/scheduledQueryRules/sq01?api-version=2020-05-01-preview
  response:
    body:
      string: '{"id":"/subscriptions/00000000-0000-0000-0000-000000000000/resourceGroups/cli_test_scheduled_query000001/providers/microsoft.insights/scheduledqueryrules/sq01","name":"sq01","type":"microsoft.insights/scheduledqueryrules","location":"eastus","properties":{"description":"Test
        rule","severity":2,"enabled":true,"evaluationFrequency":"PT5M","scopes":["/subscriptions/00000000-0000-0000-0000-000000000000/resourceGroups/cli_test_scheduled_query000001/providers/Microsoft.Compute/virtualMachines/myvm1"],"windowSize":"PT5M","criteria":{"allOf":[{"query":"union
        Event, Syslog | where TimeGenerated > ago(1h)","timeAggregation":"Count","dimensions":[],"operator":"GreaterThan","threshold":360.0,"failingPeriods":{"numberOfEvaluationPeriods":1,"minFailingPeriodsToAlert":1}}]},"muteActionsDuration":"PT30M"}}'
    headers:
      cache-control:
      - no-cache
      content-length:
      - '891'
      content-type:
      - application/json; charset=utf-8
      date:
      - Fri, 05 Mar 2021 05:15:09 GMT
      expires:
      - '-1'
      pragma:
      - no-cache
      server:
      - Kestrel
      strict-transport-security:
      - max-age=31536000; includeSubDomains
      transfer-encoding:
      - chunked
      vary:
      - Accept-Encoding
      x-content-type-options:
      - nosniff
    status:
      code: 200
      message: OK
- request:
    body: '{"location": "eastus", "properties": {"description": "Test rule 2", "severity":
      4, "enabled": false, "scopes": ["/subscriptions/00000000-0000-0000-0000-000000000000/resourceGroups/cli_test_scheduled_query000001/providers/Microsoft.Compute/virtualMachines/myvm1"],
      "evaluationFrequency": "PT10M", "windowSize": "PT10M", "criteria": {"allOf":
      [{"query": "union Event | where TimeGenerated > ago(2h)", "timeAggregation":
      "Count", "resourceIdColumn": "_ResourceId", "dimensions": [], "operator": "LessThan",
      "threshold": 260, "failingPeriods": {"numberOfEvaluationPeriods": 3, "minFailingPeriodsToAlert":
      2}}]}, "muteActionsDuration": "PT30M"}}'
    headers:
      Accept:
      - application/json
      Accept-Encoding:
      - gzip, deflate
      CommandName:
      - monitor scheduled-query update
      Connection:
      - keep-alive
      Content-Length:
      - '685'
      Content-Type:
      - application/json; charset=utf-8
      ParameterSetName:
      - -g -n --condition --description --severity --disabled --evaluation-frequency
        --window-size
      User-Agent:
      - python/3.7.4 (Windows-10-10.0.19041-SP0) msrest/0.6.21 msrest_azure/0.6.3
        azure-mgmt-monitor/2020-05-01-preview Azure-SDK-For-Python AZURECLI/2.20.0
      accept-language:
      - en-US
    method: PUT
    uri: https://management.azure.com/subscriptions/00000000-0000-0000-0000-000000000000/resourceGroups/cli_test_scheduled_query000001/providers/Microsoft.Insights/scheduledQueryRules/sq01?api-version=2020-05-01-preview
  response:
    body:
      string: '{"id":"/subscriptions/00000000-0000-0000-0000-000000000000/resourceGroups/cli_test_scheduled_query000001/providers/microsoft.insights/scheduledqueryrules/sq01","name":"sq01","type":"microsoft.insights/scheduledqueryrules","location":"eastus","properties":{"description":"Test
        rule 2","severity":4,"enabled":false,"evaluationFrequency":"PT10M","scopes":["/subscriptions/00000000-0000-0000-0000-000000000000/resourceGroups/cli_test_scheduled_query000001/providers/Microsoft.Compute/virtualMachines/myvm1"],"windowSize":"PT10M","criteria":{"allOf":[{"query":"union
        Event | where TimeGenerated > ago(2h)","timeAggregation":"Count","dimensions":[],"resourceIdColumn":"_ResourceId","operator":"LessThan","threshold":260.0,"failingPeriods":{"numberOfEvaluationPeriods":3,"minFailingPeriodsToAlert":2}}]},"muteActionsDuration":"PT30M"}}'
    headers:
      cache-control:
      - no-cache
      content-length:
      - '918'
      content-type:
      - application/json; charset=utf-8
      date:
      - Fri, 05 Mar 2021 05:15:13 GMT
      expires:
      - '-1'
      pragma:
      - no-cache
      server:
      - Kestrel
      strict-transport-security:
      - max-age=31536000; includeSubDomains
      transfer-encoding:
      - chunked
      vary:
      - Accept-Encoding
      x-content-type-options:
      - nosniff
      x-ms-ratelimit-remaining-subscription-writes:
      - '1199'
    status:
      code: 200
      message: OK
- request:
    body: null
    headers:
      Accept:
      - application/json
      Accept-Encoding:
      - gzip, deflate
      CommandName:
      - monitor scheduled-query show
      Connection:
      - keep-alive
      ParameterSetName:
      - -g -n
      User-Agent:
      - python/3.7.4 (Windows-10-10.0.19041-SP0) msrest/0.6.21 msrest_azure/0.6.3
        azure-mgmt-monitor/2020-05-01-preview Azure-SDK-For-Python AZURECLI/2.20.0
      accept-language:
      - en-US
    method: GET
    uri: https://management.azure.com/subscriptions/00000000-0000-0000-0000-000000000000/resourceGroups/cli_test_scheduled_query000001/providers/Microsoft.Insights/scheduledQueryRules/sq01?api-version=2020-05-01-preview
  response:
    body:
      string: '{"id":"/subscriptions/00000000-0000-0000-0000-000000000000/resourceGroups/cli_test_scheduled_query000001/providers/microsoft.insights/scheduledqueryrules/sq01","name":"sq01","type":"microsoft.insights/scheduledqueryrules","location":"eastus","properties":{"description":"Test
        rule 2","severity":4,"enabled":false,"evaluationFrequency":"PT10M","scopes":["/subscriptions/00000000-0000-0000-0000-000000000000/resourceGroups/cli_test_scheduled_query000001/providers/Microsoft.Compute/virtualMachines/myvm1"],"windowSize":"PT10M","criteria":{"allOf":[{"query":"union
        Event | where TimeGenerated > ago(2h)","timeAggregation":"Count","dimensions":[],"resourceIdColumn":"_ResourceId","operator":"LessThan","threshold":260.0,"failingPeriods":{"numberOfEvaluationPeriods":3,"minFailingPeriodsToAlert":2}}]},"muteActionsDuration":"PT30M"}}'
    headers:
      cache-control:
      - no-cache
      content-length:
      - '918'
      content-type:
      - application/json; charset=utf-8
      date:
      - Fri, 05 Mar 2021 05:15:14 GMT
      expires:
      - '-1'
      pragma:
      - no-cache
      server:
      - Kestrel
      strict-transport-security:
      - max-age=31536000; includeSubDomains
      transfer-encoding:
      - chunked
      vary:
      - Accept-Encoding
      x-content-type-options:
      - nosniff
    status:
      code: 200
      message: OK
- request:
    body: null
    headers:
      Accept:
      - application/json
      Accept-Encoding:
      - gzip, deflate
      CommandName:
      - monitor scheduled-query list
      Connection:
      - keep-alive
      ParameterSetName:
      - -g
      User-Agent:
      - python/3.7.4 (Windows-10-10.0.19041-SP0) msrest/0.6.21 msrest_azure/0.6.3
        azure-mgmt-monitor/2020-05-01-preview Azure-SDK-For-Python AZURECLI/2.20.0
      accept-language:
      - en-US
    method: GET
    uri: https://management.azure.com/subscriptions/00000000-0000-0000-0000-000000000000/resourceGroups/cli_test_scheduled_query000001/providers/Microsoft.Insights/scheduledQueryRules?api-version=2020-05-01-preview
  response:
    body:
      string: '{"value":[{"id":"/subscriptions/00000000-0000-0000-0000-000000000000/resourceGroups/cli_test_scheduled_query000001/providers/microsoft.insights/scheduledqueryrules/sq01","name":"sq01","type":"microsoft.insights/scheduledqueryrules","location":"eastus","properties":{"description":"Test
        rule 2","severity":4,"enabled":false,"evaluationFrequency":"PT10M","scopes":["/subscriptions/00000000-0000-0000-0000-000000000000/resourceGroups/cli_test_scheduled_query000001/providers/Microsoft.Compute/virtualMachines/myvm1"],"windowSize":"PT10M","criteria":{"allOf":[{"query":"union
        Event | where TimeGenerated > ago(2h)","timeAggregation":"Count","dimensions":[],"resourceIdColumn":"_ResourceId","operator":"LessThan","threshold":260.0,"failingPeriods":{"numberOfEvaluationPeriods":3,"minFailingPeriodsToAlert":2}}]},"muteActionsDuration":"PT30M"}},{"id":"/subscriptions/00000000-0000-0000-0000-000000000000/resourceGroups/cli_test_scheduled_query000001/providers/microsoft.insights/scheduledqueryrules/sq02","name":"sq02","type":"microsoft.insights/scheduledqueryrules","location":"eastus","properties":{"description":"Test
        rule","severity":2,"enabled":true,"evaluationFrequency":"PT5M","scopes":["/subscriptions/00000000-0000-0000-0000-000000000000/resourceGroups/cli_test_scheduled_query000001"],"windowSize":"PT5M","criteria":{"allOf":[{"query":"union
        Event, Syslog | where TimeGenerated > ago(1h)","timeAggregation":"Count","dimensions":[],"resourceIdColumn":"_ResourceId","operator":"GreaterThan","threshold":360.0,"failingPeriods":{"numberOfEvaluationPeriods":1,"minFailingPeriodsToAlert":1}}]},"muteActionsDuration":"PT30M"}}]}'
    headers:
      cache-control:
      - no-cache
      content-length:
      - '1805'
      content-type:
      - application/json; charset=utf-8
      date:
      - Fri, 05 Mar 2021 05:15:15 GMT
      expires:
      - '-1'
      pragma:
      - no-cache
      server:
      - Kestrel
      strict-transport-security:
      - max-age=31536000; includeSubDomains
      transfer-encoding:
      - chunked
      vary:
      - Accept-Encoding
      x-content-type-options:
      - nosniff
    status:
      code: 200
      message: OK
- request:
    body: null
    headers:
      Accept:
      - application/json
      Accept-Encoding:
      - gzip, deflate
      CommandName:
      - monitor scheduled-query list
      Connection:
      - keep-alive
      User-Agent:
      - python/3.7.4 (Windows-10-10.0.19041-SP0) msrest/0.6.21 msrest_azure/0.6.3
        azure-mgmt-monitor/2020-05-01-preview Azure-SDK-For-Python AZURECLI/2.20.0
      accept-language:
      - en-US
    method: GET
    uri: https://management.azure.com/subscriptions/00000000-0000-0000-0000-000000000000/providers/Microsoft.Insights/scheduledQueryRules?api-version=2020-05-01-preview
  response:
    body:
      string: '{"value":[{"id":"/subscriptions/00000000-0000-0000-0000-000000000000/resourceGroups/cli_test_scheduled_query000001/providers/microsoft.insights/scheduledqueryrules/sq01","name":"sq01","type":"microsoft.insights/scheduledqueryrules","location":"eastus","properties":{"description":"Test
        rule 2","severity":4,"enabled":false,"evaluationFrequency":"PT10M","scopes":["/subscriptions/00000000-0000-0000-0000-000000000000/resourceGroups/cli_test_scheduled_query000001/providers/Microsoft.Compute/virtualMachines/myvm1"],"windowSize":"PT10M","criteria":{"allOf":[{"query":"union
        Event | where TimeGenerated > ago(2h)","timeAggregation":"Count","dimensions":[],"resourceIdColumn":"_ResourceId","operator":"LessThan","threshold":260.0,"failingPeriods":{"numberOfEvaluationPeriods":3,"minFailingPeriodsToAlert":2}}]},"muteActionsDuration":"PT30M"}},{"id":"/subscriptions/00000000-0000-0000-0000-000000000000/resourceGroups/cli_test_scheduled_query000001/providers/microsoft.insights/scheduledqueryrules/sq02","name":"sq02","type":"microsoft.insights/scheduledqueryrules","location":"eastus","properties":{"description":"Test
        rule","severity":2,"enabled":true,"evaluationFrequency":"PT5M","scopes":["/subscriptions/00000000-0000-0000-0000-000000000000/resourceGroups/cli_test_scheduled_query000001"],"windowSize":"PT5M","criteria":{"allOf":[{"query":"union
        Event, Syslog | where TimeGenerated > ago(1h)","timeAggregation":"Count","dimensions":[],"resourceIdColumn":"_ResourceId","operator":"GreaterThan","threshold":360.0,"failingPeriods":{"numberOfEvaluationPeriods":1,"minFailingPeriodsToAlert":1}}]},"muteActionsDuration":"PT30M"}},{"id":"/subscriptions/00000000-0000-0000-0000-000000000000/resourceGroups/zhoxing-test/providers/microsoft.insights/scheduledqueryrules/zhoxing-test","name":"zhoxing-test","type":"microsoft.insights/scheduledqueryrules","location":"centralus","tags":{"hidden-link:/subscriptions/00000000-0000-0000-0000-000000000000/resourceGroups/testece/providers/Microsoft.OperationalInsights/workspaces/mmeum-analytics-workspace-testece":""},"properties":{"displayName":"zhoxing-test","description":"","severity":3,"enabled":false,"evaluationFrequency":"PT5M","scopes":["/subscriptions/00000000-0000-0000-0000-000000000000/resourceGroups/zhoxing-test/providers/microsoft.insights/components/zhoxing-test"],"windowSize":"PT5M","criteria":{"allOf":[{"query":"requests
        | where resultCode == \"500\"","timeAggregation":"Count","metricMeasureColumn":"","operator":"GreaterThan","threshold":5.0,"failingPeriods":{"numberOfEvaluationPeriods":1,"minFailingPeriodsToAlert":1}}]},"actions":[{"actionGroupId":"/subscriptions/00000000-0000-0000-0000-000000000000/resourcegroups/default-activitylogalerts/providers/microsoft.insights/actiongroups/zhoxing-test"}]}}]}'
    headers:
      cache-control:
      - no-cache
      content-length:
      - '2944'
      content-type:
      - application/json; charset=utf-8
      date:
      - Fri, 05 Mar 2021 05:15:17 GMT
      expires:
      - '-1'
      pragma:
      - no-cache
      server:
      - Kestrel
      strict-transport-security:
      - max-age=31536000; includeSubDomains
      transfer-encoding:
      - chunked
      vary:
      - Accept-Encoding
      x-content-type-options:
      - nosniff
    status:
      code: 200
      message: OK
- request:
    body: null
    headers:
      Accept:
      - application/json
      Accept-Encoding:
      - gzip, deflate
      CommandName:
      - monitor scheduled-query delete
      Connection:
      - keep-alive
      Content-Length:
      - '0'
      ParameterSetName:
      - -g -n -y
      User-Agent:
      - python/3.7.4 (Windows-10-10.0.19041-SP0) msrest/0.6.21 msrest_azure/0.6.3
        azure-mgmt-monitor/2020-05-01-preview Azure-SDK-For-Python AZURECLI/2.20.0
      accept-language:
      - en-US
    method: DELETE
    uri: https://management.azure.com/subscriptions/00000000-0000-0000-0000-000000000000/resourceGroups/cli_test_scheduled_query000001/providers/Microsoft.Insights/scheduledQueryRules/sq01?api-version=2020-05-01-preview
  response:
    body:
      string: ''
    headers:
      cache-control:
      - no-cache
      content-length:
      - '0'
      date:
      - Fri, 05 Mar 2021 05:15:27 GMT
      expires:
      - '-1'
      pragma:
      - no-cache
      server:
      - Kestrel
      strict-transport-security:
      - max-age=31536000; includeSubDomains
      x-content-type-options:
      - nosniff
      x-ms-ratelimit-remaining-subscription-deletes:
      - '14999'
    status:
      code: 200
      message: OK
- request:
    body: null
    headers:
      Accept:
      - application/json
      Accept-Encoding:
      - gzip, deflate
      CommandName:
      - monitor scheduled-query show
      Connection:
      - keep-alive
      ParameterSetName:
      - -g -n
      User-Agent:
      - python/3.7.4 (Windows-10-10.0.19041-SP0) msrest/0.6.21 msrest_azure/0.6.3
        azure-mgmt-monitor/2020-05-01-preview Azure-SDK-For-Python AZURECLI/2.20.0
      accept-language:
      - en-US
    method: GET
    uri: https://management.azure.com/subscriptions/00000000-0000-0000-0000-000000000000/resourceGroups/cli_test_scheduled_query000001/providers/Microsoft.Insights/scheduledQueryRules/sq01?api-version=2020-05-01-preview
  response:
    body:
      string: '{"error":{"code":"ResourceNotFound","message":"The Resource ''Microsoft.Insights/scheduledqueryrules/sq01''
        under resource group ''cli_test_scheduled_query000001'' was not found. For
        more details please go to https://aka.ms/ARMResourceNotFoundFix"}}'
    headers:
      cache-control:
      - no-cache
      content-length:
      - '290'
      content-type:
      - application/json; charset=utf-8
      date:
      - Fri, 05 Mar 2021 05:15:28 GMT
      expires:
      - '-1'
      pragma:
      - no-cache
      strict-transport-security:
      - max-age=31536000; includeSubDomains
      x-content-type-options:
      - nosniff
      x-ms-failure-cause:
      - gateway
    status:
      code: 404
      message: Not Found
version: 1
