interactions:
- request:
    body: null
    headers:
      Accept:
      - application/json
      Accept-Encoding:
      - gzip, deflate
      CommandName:
      - backup vault create
      Connection:
      - keep-alive
      ParameterSetName:
      - -n -g -l
      User-Agent:
      - AZURECLI/2.45.0 (PIP) azsdk-python-mgmt-recoveryservices/2.2.0 Python/3.9.6
        (Windows-10-10.0.19045-SP0)
    method: GET
    uri: https://management.azure.com/subscriptions/00000000-0000-0000-0000-000000000000/resourceGroups/clitest.rg.siterecovery.vault.000001/providers/Microsoft.RecoveryServices/vaults/vault000002?api-version=2022-10-01
  response:
    body:
      string: '{"error":{"code":"ResourceNotFound","message":"The Resource ''Microsoft.RecoveryServices/vaults/vault000002''
        under resource group ''clitest.rg.siterecovery.vault.000001'' was not found.
        For more details please go to https://aka.ms/ARMResourceNotFoundFix"}}'
    headers:
      cache-control:
      - no-cache
      content-length:
      - '253'
      content-type:
      - application/json; charset=utf-8
      date:
      - Tue, 28 Feb 2023 06:15:24 GMT
      expires:
      - '-1'
      pragma:
      - no-cache
      strict-transport-security:
      - max-age=31536000; includeSubDomains
      x-content-type-options:
      - nosniff
      x-ms-failure-cause:
      - gateway
    status:
      code: 404
      message: Not Found
- request:
    body: '{"location": "eastus2euap", "properties": {"publicNetworkAccess": "Enabled",
      "monitoringSettings": {"azureMonitorAlertSettings": {"alertsForAllJobFailures":
      "Enabled"}, "classicAlertSettings": {"alertsForCriticalOperations": "Enabled"}}},
      "sku": {"name": "Standard"}}'
    headers:
      Accept:
      - application/json
      Accept-Encoding:
      - gzip, deflate
      CommandName:
      - backup vault create
      Connection:
      - keep-alive
      Content-Length:
      - '267'
      Content-Type:
      - application/json
      ParameterSetName:
      - -n -g -l
      User-Agent:
      - AZURECLI/2.45.0 (PIP) azsdk-python-mgmt-recoveryservices/2.2.0 Python/3.9.6
        (Windows-10-10.0.19045-SP0)
    method: PUT
    uri: https://management.azure.com/subscriptions/00000000-0000-0000-0000-000000000000/resourceGroups/clitest.rg.siterecovery.vault.000001/providers/Microsoft.RecoveryServices/vaults/vault000002?api-version=2022-10-01
  response:
    body:
      string: '{"location":"eastus2euap","name":"vault000002","etag":"W/\"datetime''2023-02-28T06%3A15%3A31.0008214Z''\"","properties":{"provisioningState":"Provisioning","privateEndpointStateForBackup":"None","privateEndpointStateForSiteRecovery":"None","encryption":null,"monitoringSettings":{"azureMonitorAlertSettings":{"alertsForAllJobFailures":"Enabled"},"classicAlertSettings":{"alertsForCriticalOperations":"Enabled"}},"publicNetworkAccess":"Enabled","restoreSettings":{"crossSubscriptionRestoreSettings":{"crossSubscriptionRestoreState":"Enabled"}}},"id":"/subscriptions/00000000-0000-0000-0000-000000000000/resourceGroups/clitest.rg.siterecovery.vault.000001/providers/Microsoft.RecoveryServices/vaults/vault000002","type":"Microsoft.RecoveryServices/vaults","sku":{"name":"Standard"}}'
    headers:
      azure-asyncoperation:
      - https://management.azure.com/subscriptions/00000000-0000-0000-0000-000000000000/resourceGroups/clitest.rg.siterecovery.vault.000001/providers/Microsoft.RecoveryServices/vaults/vault000002/operationStatus/MjA0NztkZDY1NDU5Yy04NTk2LTRlNmEtOTBiNy1mYjgyNGZhZjAwOGM=?api-version=2022-10-01
      cache-control:
      - no-cache
      content-length:
      - '778'
      content-type:
      - application/json; charset=utf-8
      date:
      - Tue, 28 Feb 2023 06:15:32 GMT
      expires:
      - '-1'
      pragma:
      - no-cache
      server:
      - Kestrel
      strict-transport-security:
      - max-age=31536000; includeSubDomains
      x-content-type-options:
      - nosniff
      x-ms-ratelimit-remaining-subscription-resource-requests:
      - '209'
    status:
      code: 201
      message: Created
- request:
    body: null
    headers:
      Accept:
      - '*/*'
      Accept-Encoding:
      - gzip, deflate
      CommandName:
      - backup vault create
      Connection:
      - keep-alive
      ParameterSetName:
      - -n -g -l
      User-Agent:
      - AZURECLI/2.45.0 (PIP) azsdk-python-mgmt-recoveryservices/2.2.0 Python/3.9.6
        (Windows-10-10.0.19045-SP0)
    method: GET
    uri: https://management.azure.com/subscriptions/00000000-0000-0000-0000-000000000000/resourceGroups/clitest.rg.siterecovery.vault.000001/providers/Microsoft.RecoveryServices/vaults/vault000002/operationStatus/MjA0NztkZDY1NDU5Yy04NTk2LTRlNmEtOTBiNy1mYjgyNGZhZjAwOGM=?api-version=2022-10-01
  response:
    body:
      string: "{\r\n  \"id\": \"/subscriptions/00000000-0000-0000-0000-000000000000/resourceGroups/clitest.rg.siterecovery.vault.000001/providers/Microsoft.RecoveryServices/vaults/vault000002/operationStatus/MjA0NztkZDY1NDU5Yy04NTk2LTRlNmEtOTBiNy1mYjgyNGZhZjAwOGM=\",\r\n
        \ \"name\": \"MjA0NztkZDY1NDU5Yy04NTk2LTRlNmEtOTBiNy1mYjgyNGZhZjAwOGM=\",\r\n
        \ \"status\": \"Succeeded\",\r\n  \"percentComplete\": 0.0\r\n}"
    headers:
      cache-control:
      - no-cache
      content-length:
      - '372'
      content-type:
      - application/json; charset=utf-8
      date:
      - Tue, 28 Feb 2023 06:16:34 GMT
      expires:
      - '-1'
      pragma:
      - no-cache
      server:
      - Kestrel
      strict-transport-security:
      - max-age=31536000; includeSubDomains
      transfer-encoding:
      - chunked
      vary:
      - Accept-Encoding
      x-content-type-options:
      - nosniff
    status:
      code: 200
      message: OK
- request:
    body: null
    headers:
      Accept:
      - '*/*'
      Accept-Encoding:
      - gzip, deflate
      CommandName:
      - backup vault create
      Connection:
      - keep-alive
      ParameterSetName:
      - -n -g -l
      User-Agent:
      - AZURECLI/2.45.0 (PIP) azsdk-python-mgmt-recoveryservices/2.2.0 Python/3.9.6
        (Windows-10-10.0.19045-SP0)
    method: GET
    uri: https://management.azure.com/subscriptions/00000000-0000-0000-0000-000000000000/resourceGroups/clitest.rg.siterecovery.vault.000001/providers/Microsoft.RecoveryServices/vaults/vault000002?api-version=2022-10-01
  response:
    body:
      string: '{"location":"eastus2euap","name":"vault000002","etag":"W/\"datetime''2023-02-28T06%3A15%3A31.885725Z''\"","properties":{"provisioningState":"Succeeded","privateEndpointStateForBackup":"None","privateEndpointStateForSiteRecovery":"None","encryption":null,"backupStorageVersion":"Unassigned","monitoringSettings":{"azureMonitorAlertSettings":{"alertsForAllJobFailures":"Enabled"},"classicAlertSettings":{"alertsForCriticalOperations":"Enabled"}},"publicNetworkAccess":"Enabled","restoreSettings":{"crossSubscriptionRestoreSettings":{"crossSubscriptionRestoreState":"Enabled"}}},"id":"/subscriptions/00000000-0000-0000-0000-000000000000/resourceGroups/clitest.rg.siterecovery.vault.000001/providers/Microsoft.RecoveryServices/vaults/vault000002","type":"Microsoft.RecoveryServices/vaults","sku":{"name":"Standard"}}'
    headers:
      cache-control:
      - no-cache
      content-length:
      - '810'
      content-type:
      - application/json; charset=utf-8
      date:
      - Tue, 28 Feb 2023 06:16:35 GMT
      expires:
      - '-1'
      pragma:
      - no-cache
      server:
      - Kestrel
      strict-transport-security:
      - max-age=31536000; includeSubDomains
      transfer-encoding:
      - chunked
      vary:
      - Accept-Encoding
      x-content-type-options:
      - nosniff
    status:
      code: 200
      message: OK
- request:
    body: null
    headers:
      Accept:
      - application/json
      Accept-Encoding:
      - gzip, deflate
      CommandName:
      - site-recovery vault list-appliance
      Connection:
      - keep-alive
      ParameterSetName:
      - -g --vault-name
      User-Agent:
      - AZURECLI/2.45.0 (PIP) (AAZ) azsdk-python-core/1.24.0 Python/3.9.6 (Windows-10-10.0.19045-SP0)
    method: GET
    uri: https://management.azure.com/subscriptions/00000000-0000-0000-0000-000000000000/resourceGroups/clitest.rg.siterecovery.vault.000001/providers/Microsoft.RecoveryServices/vaults/vault000002/replicationAppliances?api-version=2022-08-01
  response:
    body:
      string: '{"value":[],"nextLink":null}'
    headers:
      cache-control:
      - no-cache
      content-length:
      - '28'
      content-type:
      - application/json; charset=utf-8
      date:
      - Tue, 28 Feb 2023 06:16:37 GMT
      expires:
      - '-1'
      pragma:
      - no-cache
      server:
      - Kestrel
      strict-transport-security:
      - max-age=31536000; includeSubDomains
      transfer-encoding:
      - chunked
      vary:
      - Accept-Encoding
      x-content-type-options:
      - nosniff
    status:
      code: 200
      message: OK
- request:
    body: null
    headers:
      Accept:
      - application/json
      Accept-Encoding:
      - gzip, deflate
      CommandName:
      - site-recovery vault list-migration-item
      Connection:
      - keep-alive
      ParameterSetName:
      - -g --vault-name
      User-Agent:
      - AZURECLI/2.45.0 (PIP) (AAZ) azsdk-python-core/1.24.0 Python/3.9.6 (Windows-10-10.0.19045-SP0)
    method: GET
    uri: https://management.azure.com/subscriptions/00000000-0000-0000-0000-000000000000/resourceGroups/clitest.rg.siterecovery.vault.000001/providers/Microsoft.RecoveryServices/vaults/vault000002/replicationMigrationItems?api-version=2022-08-01
  response:
    body:
      string: '{"value":[],"nextLink":null}'
    headers:
      cache-control:
      - no-cache
      content-length:
      - '28'
      content-type:
      - application/json; charset=utf-8
      date:
      - Tue, 28 Feb 2023 06:16:40 GMT
      expires:
      - '-1'
      pragma:
      - no-cache
      server:
      - Kestrel
      strict-transport-security:
      - max-age=31536000; includeSubDomains
      transfer-encoding:
      - chunked
      vary:
      - Accept-Encoding
      x-content-type-options:
      - nosniff
    status:
      code: 200
      message: OK
- request:
    body: null
    headers:
      Accept:
      - application/json
      Accept-Encoding:
      - gzip, deflate
      CommandName:
      - site-recovery vault list-network
      Connection:
      - keep-alive
      ParameterSetName:
      - -g --vault-name
      User-Agent:
      - AZURECLI/2.45.0 (PIP) (AAZ) azsdk-python-core/1.24.0 Python/3.9.6 (Windows-10-10.0.19045-SP0)
    method: GET
    uri: https://management.azure.com/subscriptions/00000000-0000-0000-0000-000000000000/resourceGroups/clitest.rg.siterecovery.vault.000001/providers/Microsoft.RecoveryServices/vaults/vault000002/replicationNetworks?api-version=2022-08-01
  response:
    body:
      string: '{"value":[],"nextLink":null}'
    headers:
      cache-control:
      - no-cache
      content-length:
      - '28'
      content-type:
      - application/json; charset=utf-8
      date:
      - Tue, 28 Feb 2023 06:16:43 GMT
      expires:
      - '-1'
      pragma:
      - no-cache
      server:
      - Kestrel
      strict-transport-security:
      - max-age=31536000; includeSubDomains
      transfer-encoding:
      - chunked
      vary:
      - Accept-Encoding
      x-content-type-options:
      - nosniff
    status:
      code: 200
      message: OK
- request:
    body: null
    headers:
      Accept:
      - application/json
      Accept-Encoding:
      - gzip, deflate
      CommandName:
      - site-recovery vault list-network-mapping
      Connection:
      - keep-alive
      ParameterSetName:
      - -g --vault-name
      User-Agent:
      - AZURECLI/2.45.0 (PIP) (AAZ) azsdk-python-core/1.24.0 Python/3.9.6 (Windows-10-10.0.19045-SP0)
    method: GET
    uri: https://management.azure.com/subscriptions/00000000-0000-0000-0000-000000000000/resourceGroups/clitest.rg.siterecovery.vault.000001/providers/Microsoft.RecoveryServices/vaults/vault000002/replicationNetworkMappings?api-version=2022-08-01
  response:
    body:
      string: '{"value":[],"nextLink":null}'
    headers:
      cache-control:
      - no-cache
      content-length:
      - '28'
      content-type:
      - application/json; charset=utf-8
      date:
      - Tue, 28 Feb 2023 06:16:43 GMT
      expires:
      - '-1'
      pragma:
      - no-cache
      server:
      - Kestrel
      strict-transport-security:
      - max-age=31536000; includeSubDomains
      transfer-encoding:
      - chunked
      vary:
      - Accept-Encoding
      x-content-type-options:
      - nosniff
    status:
      code: 200
      message: OK
- request:
    body: null
    headers:
      Accept:
      - application/json
      Accept-Encoding:
      - gzip, deflate
      CommandName:
      - site-recovery vault list-protected-item
      Connection:
      - keep-alive
      ParameterSetName:
      - -g --vault-name
      User-Agent:
      - AZURECLI/2.45.0 (PIP) (AAZ) azsdk-python-core/1.24.0 Python/3.9.6 (Windows-10-10.0.19045-SP0)
    method: GET
    uri: https://management.azure.com/subscriptions/00000000-0000-0000-0000-000000000000/resourceGroups/clitest.rg.siterecovery.vault.000001/providers/Microsoft.RecoveryServices/vaults/vault000002/replicationProtectedItems?api-version=2022-08-01
  response:
    body:
      string: '{"value":[],"nextLink":null}'
    headers:
      cache-control:
      - no-cache
      content-length:
      - '28'
      content-type:
      - application/json; charset=utf-8
      date:
      - Tue, 28 Feb 2023 06:16:46 GMT
      expires:
      - '-1'
      pragma:
      - no-cache
      server:
      - Kestrel
      strict-transport-security:
      - max-age=31536000; includeSubDomains
      transfer-encoding:
      - chunked
      vary:
      - Accept-Encoding
      x-content-type-options:
      - nosniff
    status:
      code: 200
      message: OK
- request:
    body: null
    headers:
      Accept:
      - application/json
      Accept-Encoding:
      - gzip, deflate
      CommandName:
      - site-recovery vault list-protection-container
      Connection:
      - keep-alive
      ParameterSetName:
      - -g --vault-name
      User-Agent:
      - AZURECLI/2.45.0 (PIP) (AAZ) azsdk-python-core/1.24.0 Python/3.9.6 (Windows-10-10.0.19045-SP0)
    method: GET
    uri: https://management.azure.com/subscriptions/00000000-0000-0000-0000-000000000000/resourceGroups/clitest.rg.siterecovery.vault.000001/providers/Microsoft.RecoveryServices/vaults/vault000002/replicationProtectionContainers?api-version=2022-08-01
  response:
    body:
      string: '{"value":[],"nextLink":null}'
    headers:
      cache-control:
      - no-cache
      content-length:
      - '28'
      content-type:
      - application/json; charset=utf-8
      date:
      - Tue, 28 Feb 2023 06:16:48 GMT
      expires:
      - '-1'
      pragma:
      - no-cache
      server:
      - Kestrel
      strict-transport-security:
      - max-age=31536000; includeSubDomains
      transfer-encoding:
      - chunked
      vary:
      - Accept-Encoding
      x-content-type-options:
      - nosniff
    status:
      code: 200
      message: OK
- request:
    body: null
    headers:
      Accept:
      - application/json
      Accept-Encoding:
      - gzip, deflate
      CommandName:
      - site-recovery vault list-protection-container-mapping
      Connection:
      - keep-alive
      ParameterSetName:
      - -g --vault-name
      User-Agent:
      - AZURECLI/2.45.0 (PIP) (AAZ) azsdk-python-core/1.24.0 Python/3.9.6 (Windows-10-10.0.19045-SP0)
    method: GET
    uri: https://management.azure.com/subscriptions/00000000-0000-0000-0000-000000000000/resourceGroups/clitest.rg.siterecovery.vault.000001/providers/Microsoft.RecoveryServices/vaults/vault000002/replicationProtectionContainerMappings?api-version=2022-08-01
  response:
    body:
      string: '{"value":[],"nextLink":null}'
    headers:
      cache-control:
      - no-cache
      content-length:
      - '28'
      content-type:
      - application/json; charset=utf-8
      date:
      - Tue, 28 Feb 2023 06:16:51 GMT
      expires:
      - '-1'
      pragma:
      - no-cache
      server:
      - Kestrel
      strict-transport-security:
      - max-age=31536000; includeSubDomains
      transfer-encoding:
      - chunked
      vary:
      - Accept-Encoding
      x-content-type-options:
      - nosniff
    status:
      code: 200
      message: OK
- request:
    body: null
    headers:
      Accept:
      - application/json
      Accept-Encoding:
      - gzip, deflate
      CommandName:
      - site-recovery vault list-recovery-services-provider
      Connection:
      - keep-alive
      ParameterSetName:
      - -g --vault-name
      User-Agent:
      - AZURECLI/2.45.0 (PIP) (AAZ) azsdk-python-core/1.24.0 Python/3.9.6 (Windows-10-10.0.19045-SP0)
    method: GET
    uri: https://management.azure.com/subscriptions/00000000-0000-0000-0000-000000000000/resourceGroups/clitest.rg.siterecovery.vault.000001/providers/Microsoft.RecoveryServices/vaults/vault000002/replicationRecoveryServicesProviders?api-version=2022-08-01
  response:
    body:
      string: '{"value":[],"nextLink":null}'
    headers:
      cache-control:
      - no-cache
      content-length:
      - '28'
      content-type:
      - application/json; charset=utf-8
      date:
      - Tue, 28 Feb 2023 06:16:53 GMT
      expires:
      - '-1'
      pragma:
      - no-cache
      server:
      - Kestrel
      strict-transport-security:
      - max-age=31536000; includeSubDomains
      transfer-encoding:
      - chunked
      vary:
      - Accept-Encoding
      x-content-type-options:
      - nosniff
    status:
      code: 200
      message: OK
- request:
    body: null
    headers:
      Accept:
      - application/json
      Accept-Encoding:
      - gzip, deflate
      CommandName:
      - site-recovery vault list-storage-classification
      Connection:
      - keep-alive
      ParameterSetName:
      - -g --vault-name
      User-Agent:
      - AZURECLI/2.45.0 (PIP) (AAZ) azsdk-python-core/1.24.0 Python/3.9.6 (Windows-10-10.0.19045-SP0)
    method: GET
    uri: https://management.azure.com/subscriptions/00000000-0000-0000-0000-000000000000/resourceGroups/clitest.rg.siterecovery.vault.000001/providers/Microsoft.RecoveryServices/vaults/vault000002/replicationStorageClassifications?api-version=2022-08-01
  response:
    body:
      string: '{"value":[],"nextLink":null}'
    headers:
      cache-control:
      - no-cache
      content-length:
      - '28'
      content-type:
      - application/json; charset=utf-8
      date:
      - Tue, 28 Feb 2023 06:16:56 GMT
      expires:
      - '-1'
      pragma:
      - no-cache
      server:
      - Kestrel
      strict-transport-security:
      - max-age=31536000; includeSubDomains
      transfer-encoding:
      - chunked
      vary:
      - Accept-Encoding
      x-content-type-options:
      - nosniff
    status:
      code: 200
      message: OK
- request:
    body: null
    headers:
      Accept:
      - application/json
      Accept-Encoding:
      - gzip, deflate
      CommandName:
      - site-recovery vault list-storage-classification-mapping
      Connection:
      - keep-alive
      ParameterSetName:
      - -g --vault-name
      User-Agent:
      - AZURECLI/2.45.0 (PIP) (AAZ) azsdk-python-core/1.24.0 Python/3.9.6 (Windows-10-10.0.19045-SP0)
    method: GET
    uri: https://management.azure.com/subscriptions/00000000-0000-0000-0000-000000000000/resourceGroups/clitest.rg.siterecovery.vault.000001/providers/Microsoft.RecoveryServices/vaults/vault000002/replicationStorageClassificationMappings?api-version=2022-08-01
  response:
    body:
      string: '{"value":[],"nextLink":null}'
    headers:
      cache-control:
      - no-cache
      content-length:
      - '28'
      content-type:
      - application/json; charset=utf-8
      date:
      - Tue, 28 Feb 2023 06:16:58 GMT
      expires:
      - '-1'
      pragma:
      - no-cache
      server:
      - Kestrel
      strict-transport-security:
      - max-age=31536000; includeSubDomains
      transfer-encoding:
      - chunked
      vary:
      - Accept-Encoding
      x-content-type-options:
      - nosniff
    status:
      code: 200
      message: OK
- request:
    body: null
    headers:
      Accept:
      - application/json
      Accept-Encoding:
      - gzip, deflate
      CommandName:
      - site-recovery vault list-v-center
      Connection:
      - keep-alive
      ParameterSetName:
      - -g --vault-name
      User-Agent:
      - AZURECLI/2.45.0 (PIP) (AAZ) azsdk-python-core/1.24.0 Python/3.9.6 (Windows-10-10.0.19045-SP0)
    method: GET
    uri: https://management.azure.com/subscriptions/00000000-0000-0000-0000-000000000000/resourceGroups/clitest.rg.siterecovery.vault.000001/providers/Microsoft.RecoveryServices/vaults/vault000002/replicationvCenters?api-version=2022-08-01
  response:
    body:
      string: '{"value":[],"nextLink":null}'
    headers:
      cache-control:
      - no-cache
      content-length:
      - '28'
      content-type:
      - application/json; charset=utf-8
      date:
      - Tue, 28 Feb 2023 06:17:01 GMT
      expires:
      - '-1'
      pragma:
      - no-cache
      server:
      - Kestrel
      strict-transport-security:
      - max-age=31536000; includeSubDomains
      transfer-encoding:
      - chunked
      vary:
      - Accept-Encoding
      x-content-type-options:
      - nosniff
    status:
      code: 200
      message: OK
- request:
    body: null
    headers:
      Accept:
      - application/json
      Accept-Encoding:
      - gzip, deflate
      CommandName:
      - site-recovery vault show-supported-operating-system
      Connection:
      - keep-alive
      ParameterSetName:
      - -g --vault-name
      User-Agent:
      - AZURECLI/2.45.0 (PIP) (AAZ) azsdk-python-core/1.24.0 Python/3.9.6 (Windows-10-10.0.19045-SP0)
    method: GET
    uri: https://management.azure.com/subscriptions/00000000-0000-0000-0000-000000000000/resourceGroups/clitest.rg.siterecovery.vault.000001/providers/Microsoft.RecoveryServices/vaults/vault000002/replicationSupportedOperatingSystems?api-version=2022-08-01
  response:
    body:
      string: '{"id":"/Subscriptions/00000000-0000-0000-0000-000000000000/resourceGroups/clitest.rg.siterecovery.vault.000001/providers/Microsoft.RecoveryServices/vaults/vault000002/replicationSupportedOperatingSystems/Default","name":"Default","type":"Microsoft.RecoveryServices/vaults/replicationSupportedOperatingSystems","properties":{"supportedOsList":[{"instanceType":"A2A","supportedOs":[{"osName":"centos","osType":"linux","osVersions":[{"version":"6.0"},{"version":"6.1"},{"version":"6.2"},{"version":"6.3"},{"version":"6.4"},{"version":"6.5"},{"version":"6.6"},{"version":"6.7"},{"version":"6.8"},{"version":"6.9"},{"version":"6.10"},{"version":"7.0"},{"version":"7.1"},{"version":"7.2"},{"version":"7.3"},{"version":"7.4"},{"version":"7.5"},{"version":"7.6"},{"version":"7.7"},{"version":"7.8"},{"version":"7.9"},{"version":"8.0"},{"version":"8.1"},{"version":"8.2"},{"version":"8.3"},{"version":"8.4"},{"version":"8.5"},{"version":"8.6"},{"version":"8.7"},{"version":"7.*"},{"version":"8.*"}]},{"osName":"debian","osType":"linux","osVersions":[{"version":"7"},{"version":"8"},{"version":"9"},{"version":"10"},{"version":"11"}]},{"osName":"oracle","osType":"linux","osVersions":[{"version":"6.4"},{"version":"6.5"},{"version":"6.6"},{"version":"6.7"},{"version":"6.8"},{"version":"6.9"},{"version":"6.10"},{"version":"7.0"},{"version":"7.1"},{"version":"7.2"},{"version":"7.3"},{"version":"7.4"},{"version":"7.5"},{"version":"7.6"},{"version":"7.7"},{"version":"7.8"},{"version":"7.9"},{"version":"8.0"},{"version":"8.1"},{"version":"8.2"},{"version":"8.3"},{"version":"8.4"},{"version":"8.5"},{"version":"8.6"},{"version":"7.*"},{"version":"8.*"}]},{"osName":"redhat","osType":"linux","osVersions":[{"version":"6.0"},{"version":"6.1"},{"version":"6.2"},{"version":"6.3"},{"version":"6.4"},{"version":"6.5"},{"version":"6.6"},{"version":"6.7"},{"version":"6.8"},{"version":"6.9"},{"version":"6.10"},{"version":"7.0"},{"version":"7.1"},{"version":"7.2"},{"version":"7.3"},{"version":"7.4"},{"version":"7.5"},{"version":"7.6"},{"version":"7.7"},{"version":"7.8"},{"version":"7.9"},{"version":"8.0"},{"version":"8.1"},{"version":"8.2"},{"version":"8.3"},{"version":"8.4"},{"version":"8.5"},{"version":"8.6"},{"version":"8.7"},{"version":"7.*"},{"version":"8.*"}]},{"osName":"suse","osType":"linux","osVersions":[{"version":"11"},{"version":"12"}]},{"osName":"sles","osType":"linux","osVersions":[{"version":"15"}]},{"osName":"ubuntu","osType":"linux","osVersions":[{"version":"14.04"},{"version":"16.04"},{"version":"18.04"},{"version":"20.04"},{"version":"22.04"}]},{"osName":"Windows
        Server 2008 R2 Datacenter","osType":"windows","osVersions":[{"version":"6.1","servicePack":"1"}]},{"osName":"Windows
        Server 2008 R2 Enterprise","osType":"windows","osVersions":[{"version":"6.1","servicePack":"1"}]},{"osName":"Windows
        Server 2008 R2 Standard","osType":"windows","osVersions":[{"version":"6.1","servicePack":"1"}]},{"osName":"Windows
        Server 2012 Standard","osType":"windows","osVersions":[{"version":"6.2"}]},{"osName":"Windows
        Server 2012 Datacenter","osType":"windows","osVersions":[{"version":"6.2"}]},{"osName":"Windows
        Server 2012 R2 Datacenter","osType":"windows","osVersions":[{"version":"6.3"}]},{"osName":"Windows
        Server 2012 R2 Datacenter Evaluation","osType":"windows","osVersions":[{"version":"6.3"}]},{"osName":"Windows
        Server 2012 R2 Standard","osType":"windows","osVersions":[{"version":"6.3"}]},{"osName":"Windows
        Server 2012 R2 Standard Evaluation","osType":"windows","osVersions":[{"version":"6.3"}]},{"osName":"Windows
        Server 2016 Standard","osType":"windows","osVersions":[{"version":"6.3"},{"version":"10.0"}]},{"osName":"Windows
        Server 2016 Datacenter","osType":"windows","osVersions":[{"version":"6.3"},{"version":"10.0"}]},{"osName":"Windows
        Web Server 2008 R2","osType":"windows","osVersions":[{"version":"6.1","servicePack":"1"}]},{"osName":"Windows
        Server Datacenter","osType":"windows","osVersions":[{"version":"10.0"}]},{"osName":"Windows
        7","osType":"windows","osVersions":[{"version":"6.1","servicePack":"1"}]},{"osName":"Windows
        8","osType":"windows","osVersions":[{"version":"6.2"}]},{"osName":"Windows
        8.1","osType":"windows","osVersions":[{"version":"6.3"}]},{"osName":"Windows
        10","osType":"windows","osVersions":[{"version":"10.0"}]}]}]}}'
    headers:
      cache-control:
      - no-cache
      content-length:
      - '4269'
      content-type:
      - application/json; charset=utf-8
      date:
      - Tue, 28 Feb 2023 06:17:04 GMT
      expires:
      - '-1'
      pragma:
      - no-cache
      server:
      - Kestrel
      strict-transport-security:
      - max-age=31536000; includeSubDomains
      transfer-encoding:
      - chunked
      vary:
      - Accept-Encoding
      x-content-type-options:
      - nosniff
    status:
      code: 200
      message: OK
- request:
    body: '{"properties": {"customEmailAddresses": ["email@address.com"], "locale":
      "en_US", "sendToOwners": "Send"}}'
    headers:
      Accept:
      - application/json
      Accept-Encoding:
      - gzip, deflate
      CommandName:
      - site-recovery vault alert-setting create
      Connection:
      - keep-alive
      Content-Length:
      - '106'
      Content-Type:
      - application/json
      ParameterSetName:
      - -n -g --vault-name --custom-email-addresses --locale --send-to-owners
      User-Agent:
      - AZURECLI/2.45.0 (PIP) (AAZ) azsdk-python-core/1.24.0 Python/3.9.6 (Windows-10-10.0.19045-SP0)
    method: PUT
    uri: https://management.azure.com/subscriptions/00000000-0000-0000-0000-000000000000/resourceGroups/clitest.rg.siterecovery.vault.000001/providers/Microsoft.RecoveryServices/vaults/vault000002/replicationAlertSettings/defaultAlertSetting?api-version=2022-08-01
  response:
    body:
      string: '{"name":"defaultAlertSetting","type":"Microsoft.RecoveryServices/vaults/replicationAlertSettings","id":"/Subscriptions/00000000-0000-0000-0000-000000000000/resourceGroups/clitest.rg.siterecovery.vault.000001/providers/Microsoft.RecoveryServices/vaults/vault000002/replicationAlertSettings/defaultAlertSetting","properties":{"sendToOwners":"Send","customEmailAddresses":["email@address.com"],"locale":"en_US"}}'
    headers:
      cache-control:
      - no-cache
      content-length:
      - '409'
      content-type:
      - application/json; charset=utf-8
      date:
      - Tue, 28 Feb 2023 06:17:07 GMT
      expires:
      - '-1'
      pragma:
      - no-cache
      server:
      - Kestrel
      strict-transport-security:
      - max-age=31536000; includeSubDomains
      transfer-encoding:
      - chunked
      vary:
      - Accept-Encoding
      x-content-type-options:
      - nosniff
      x-ms-ratelimit-remaining-subscription-writes:
      - '1199'
    status:
      code: 200
      message: OK
- request:
    body: null
    headers:
      Accept:
      - application/json
      Accept-Encoding:
      - gzip, deflate
      CommandName:
      - site-recovery vault alert-setting show
      Connection:
      - keep-alive
      ParameterSetName:
      - -n -g --vault-name
      User-Agent:
      - AZURECLI/2.45.0 (PIP) (AAZ) azsdk-python-core/1.24.0 Python/3.9.6 (Windows-10-10.0.19045-SP0)
    method: GET
    uri: https://management.azure.com/subscriptions/00000000-0000-0000-0000-000000000000/resourceGroups/clitest.rg.siterecovery.vault.000001/providers/Microsoft.RecoveryServices/vaults/vault000002/replicationAlertSettings/defaultAlertSetting?api-version=2022-08-01
  response:
    body:
      string: '{"name":"defaultAlertSetting","type":"Microsoft.RecoveryServices/vaults/replicationAlertSettings","id":"/Subscriptions/00000000-0000-0000-0000-000000000000/resourceGroups/clitest.rg.siterecovery.vault.000001/providers/Microsoft.RecoveryServices/vaults/vault000002/replicationAlertSettings/defaultAlertSetting","properties":{"sendToOwners":"Send","customEmailAddresses":["email@address.com"],"locale":"en_US"}}'
    headers:
      cache-control:
      - no-cache
      content-length:
      - '409'
      content-type:
      - application/json; charset=utf-8
      date:
      - Tue, 28 Feb 2023 06:17:09 GMT
      expires:
      - '-1'
      pragma:
      - no-cache
      server:
      - Kestrel
      strict-transport-security:
      - max-age=31536000; includeSubDomains
      transfer-encoding:
      - chunked
      vary:
      - Accept-Encoding
      x-content-type-options:
      - nosniff
    status:
      code: 200
      message: OK
- request:
    body: null
    headers:
      Accept:
      - application/json
      Accept-Encoding:
      - gzip, deflate
      CommandName:
      - site-recovery vault alert-setting update
      Connection:
      - keep-alive
      ParameterSetName:
      - -n -g --vault-name --custom-email-addresses --locale --send-to-owners
      User-Agent:
      - AZURECLI/2.45.0 (PIP) (AAZ) azsdk-python-core/1.24.0 Python/3.9.6 (Windows-10-10.0.19045-SP0)
    method: GET
    uri: https://management.azure.com/subscriptions/00000000-0000-0000-0000-000000000000/resourceGroups/clitest.rg.siterecovery.vault.000001/providers/Microsoft.RecoveryServices/vaults/vault000002/replicationAlertSettings/defaultAlertSetting?api-version=2022-08-01
  response:
    body:
      string: '{"name":"defaultAlertSetting","type":"Microsoft.RecoveryServices/vaults/replicationAlertSettings","id":"/Subscriptions/00000000-0000-0000-0000-000000000000/resourceGroups/clitest.rg.siterecovery.vault.000001/providers/Microsoft.RecoveryServices/vaults/vault000002/replicationAlertSettings/defaultAlertSetting","properties":{"sendToOwners":"Send","customEmailAddresses":["email@address.com"],"locale":"en_US"}}'
    headers:
      cache-control:
      - no-cache
      content-length:
      - '409'
      content-type:
      - application/json; charset=utf-8
      date:
      - Tue, 28 Feb 2023 06:17:13 GMT
      expires:
      - '-1'
      pragma:
      - no-cache
      server:
      - Kestrel
      strict-transport-security:
      - max-age=31536000; includeSubDomains
      transfer-encoding:
      - chunked
      vary:
      - Accept-Encoding
      x-content-type-options:
      - nosniff
    status:
      code: 200
      message: OK
- request:
    body: '{"properties": {"customEmailAddresses": ["email2@address.com"], "locale":
      "fr_FR", "sendToOwners": "DoNotSend"}}'
    headers:
      Accept:
      - application/json
      Accept-Encoding:
      - gzip, deflate
      CommandName:
      - site-recovery vault alert-setting update
      Connection:
      - keep-alive
      Content-Length:
      - '112'
      Content-Type:
      - application/json
      ParameterSetName:
      - -n -g --vault-name --custom-email-addresses --locale --send-to-owners
      User-Agent:
      - AZURECLI/2.45.0 (PIP) (AAZ) azsdk-python-core/1.24.0 Python/3.9.6 (Windows-10-10.0.19045-SP0)
    method: PUT
    uri: https://management.azure.com/subscriptions/00000000-0000-0000-0000-000000000000/resourceGroups/clitest.rg.siterecovery.vault.000001/providers/Microsoft.RecoveryServices/vaults/vault000002/replicationAlertSettings/defaultAlertSetting?api-version=2022-08-01
  response:
    body:
      string: '{"name":"defaultAlertSetting","type":"Microsoft.RecoveryServices/vaults/replicationAlertSettings","id":"/Subscriptions/00000000-0000-0000-0000-000000000000/resourceGroups/clitest.rg.siterecovery.vault.000001/providers/Microsoft.RecoveryServices/vaults/vault000002/replicationAlertSettings/defaultAlertSetting","properties":{"sendToOwners":"DoNotSend","customEmailAddresses":["email2@address.com"],"locale":"fr_FR"}}'
    headers:
      cache-control:
      - no-cache
      content-length:
      - '415'
      content-type:
      - application/json; charset=utf-8
      date:
      - Tue, 28 Feb 2023 06:17:14 GMT
      expires:
      - '-1'
      pragma:
      - no-cache
      server:
      - Kestrel
      strict-transport-security:
      - max-age=31536000; includeSubDomains
      transfer-encoding:
      - chunked
      vary:
      - Accept-Encoding
      x-content-type-options:
      - nosniff
      x-ms-ratelimit-remaining-subscription-writes:
      - '1199'
    status:
      code: 200
      message: OK
- request:
    body: null
    headers:
      Accept:
      - application/json
      Accept-Encoding:
      - gzip, deflate
      CommandName:
      - site-recovery vault alert-setting list
      Connection:
      - keep-alive
      ParameterSetName:
      - -g --vault-name
      User-Agent:
      - AZURECLI/2.45.0 (PIP) (AAZ) azsdk-python-core/1.24.0 Python/3.9.6 (Windows-10-10.0.19045-SP0)
    method: GET
    uri: https://management.azure.com/subscriptions/00000000-0000-0000-0000-000000000000/resourceGroups/clitest.rg.siterecovery.vault.000001/providers/Microsoft.RecoveryServices/vaults/vault000002/replicationAlertSettings?api-version=2022-08-01
  response:
    body:
      string: '{"value":[{"name":"defaultAlertSetting","type":"Microsoft.RecoveryServices/vaults/replicationAlertSettings","id":"/Subscriptions/00000000-0000-0000-0000-000000000000/resourceGroups/clitest.rg.siterecovery.vault.000001/providers/Microsoft.RecoveryServices/vaults/vault000002/replicationAlertSettings/defaultAlertSetting","properties":{"sendToOwners":"DoNotSend","customEmailAddresses":["email2@address.com"],"locale":"fr_FR"}}],"nextLink":null}'
    headers:
      cache-control:
      - no-cache
      content-length:
      - '443'
      content-type:
      - application/json; charset=utf-8
      date:
      - Tue, 28 Feb 2023 06:17:16 GMT
      expires:
      - '-1'
      pragma:
      - no-cache
      server:
      - Kestrel
      strict-transport-security:
      - max-age=31536000; includeSubDomains
      transfer-encoding:
      - chunked
      vary:
      - Accept-Encoding
      x-content-type-options:
      - nosniff
    status:
      code: 200
      message: OK
- request:
    body: null
    headers:
      Accept:
      - application/json
      Accept-Encoding:
      - gzip, deflate
      CommandName:
      - site-recovery vault event list
      Connection:
      - keep-alive
      ParameterSetName:
      - -g --vault-name
      User-Agent:
      - AZURECLI/2.45.0 (PIP) (AAZ) azsdk-python-core/1.24.0 Python/3.9.6 (Windows-10-10.0.19045-SP0)
    method: GET
    uri: https://management.azure.com/subscriptions/00000000-0000-0000-0000-000000000000/resourceGroups/clitest.rg.siterecovery.vault.000001/providers/Microsoft.RecoveryServices/vaults/vault000002/replicationEvents?api-version=2022-08-01
  response:
    body:
      string: '{"value":[],"nextLink":null}'
    headers:
      cache-control:
      - no-cache
      content-length:
      - '28'
      content-type:
      - application/json; charset=utf-8
      date:
      - Tue, 28 Feb 2023 06:17:18 GMT
      expires:
      - '-1'
      pragma:
      - no-cache
      server:
      - Kestrel
      strict-transport-security:
      - max-age=31536000; includeSubDomains
      transfer-encoding:
      - chunked
      vary:
      - Accept-Encoding
      x-content-type-options:
      - nosniff
    status:
      code: 200
      message: OK
- request:
    body: null
    headers:
      Accept:
      - application/json
      Accept-Encoding:
      - gzip, deflate
      CommandName:
      - site-recovery vault health refresh-default
      Connection:
      - keep-alive
      Content-Length:
      - '0'
      ParameterSetName:
      - -g --vault-name
      User-Agent:
      - AZURECLI/2.45.0 (PIP) (AAZ) azsdk-python-core/1.24.0 Python/3.9.6 (Windows-10-10.0.19045-SP0)
    method: POST
    uri: https://management.azure.com/subscriptions/00000000-0000-0000-0000-000000000000/resourceGroups/clitest.rg.siterecovery.vault.000001/providers/Microsoft.RecoveryServices/vaults/vault000002/replicationVaultHealth/default/refresh?api-version=2022-08-01
  response:
    body:
      string: ''
    headers:
      azure-asyncoperation:
      - https://management.azure.com/Subscriptions/00000000-0000-0000-0000-000000000000/resourceGroups/clitest.rg.siterecovery.vault.000001/providers/Microsoft.RecoveryServices/vaults/vault000002/replicationOperationStatus/8ba64686-0df2-4688-b255-2308ec4e8967?api-version=2022-08-01
      cache-control:
      - no-cache
      content-length:
      - '0'
      date:
      - Tue, 28 Feb 2023 06:17:20 GMT
      expires:
      - '-1'
      location:
      - https://management.azure.com/Subscriptions/00000000-0000-0000-0000-000000000000/resourceGroups/clitest.rg.siterecovery.vault.000001/providers/Microsoft.RecoveryServices/vaults/vault000002/replicationVaultHealth/operationresults/8ba64686-0df2-4688-b255-2308ec4e8967?api-version=2022-08-01
      pragma:
      - no-cache
      server:
      - Kestrel
      strict-transport-security:
      - max-age=31536000; includeSubDomains
      x-content-type-options:
      - nosniff
      x-ms-ratelimit-remaining-subscription-writes:
      - '1199'
    status:
      code: 202
      message: Accepted
- request:
    body: null
    headers:
      Accept:
      - '*/*'
      Accept-Encoding:
      - gzip, deflate
      CommandName:
      - site-recovery vault health refresh-default
      Connection:
      - keep-alive
      ParameterSetName:
      - -g --vault-name
      User-Agent:
      - AZURECLI/2.45.0 (PIP) (AAZ) azsdk-python-core/1.24.0 Python/3.9.6 (Windows-10-10.0.19045-SP0)
    method: GET
    uri: https://management.azure.com/Subscriptions/00000000-0000-0000-0000-000000000000/resourceGroups/clitest.rg.siterecovery.vault.000001/providers/Microsoft.RecoveryServices/vaults/vault000002/replicationOperationStatus/8ba64686-0df2-4688-b255-2308ec4e8967?api-version=2022-08-01
  response:
    body:
      string: '{"error":null,"id":null,"name":"8ba64686-0df2-4688-b255-2308ec4e8967","properties":null,"status":"Succeeded","startTime":"2023-02-28T06:17:20.6970438Z","endTime":"2023-02-28T06:17:21.0000000Z","percentComplete":null}'
    headers:
      cache-control:
      - no-cache
      content-length:
      - '216'
      content-type:
      - application/json; charset=utf-8
      date:
      - Tue, 28 Feb 2023 06:17:51 GMT
      expires:
      - '-1'
      pragma:
      - no-cache
      server:
      - Kestrel
      strict-transport-security:
      - max-age=31536000; includeSubDomains
      transfer-encoding:
      - chunked
      vary:
      - Accept-Encoding
      x-content-type-options:
      - nosniff
    status:
      code: 200
      message: OK
- request:
    body: null
    headers:
      Accept:
      - application/json
      Accept-Encoding:
      - gzip, deflate
      CommandName:
      - site-recovery vault health show
      Connection:
      - keep-alive
      ParameterSetName:
      - -g --vault-name
      User-Agent:
      - AZURECLI/2.45.0 (PIP) (AAZ) azsdk-python-core/1.24.0 Python/3.9.6 (Windows-10-10.0.19045-SP0)
    method: GET
    uri: https://management.azure.com/subscriptions/00000000-0000-0000-0000-000000000000/resourceGroups/clitest.rg.siterecovery.vault.000001/providers/Microsoft.RecoveryServices/vaults/vault000002/replicationVaultHealth?api-version=2022-08-01
  response:
    body:
      string: '{"name":"Default","type":"Microsoft.RecoveryServices/vaults/replicationVaultHealth","id":"/Subscriptions/00000000-0000-0000-0000-000000000000/resourceGroups/clitest.rg.siterecovery.vault.000001/providers/Microsoft.RecoveryServices/vaults/vault000002/replicationVaultHealth/Default","properties":{"vaultErrors":[],"protectedItemsHealth":{"resourceCount":0,"issues":[],"categorizedResourceCounts":{"testFailoverApplicableProtectedItemsCount":0,"testFailoverInProgressProtectedItemsCount":0,"testFailoverWaitingProtectedItemsCount":0,"protectedItemsCriticalCount":0,"protectedItemsWarningCount":0,"protectedItemsNeutralCount":0,"protectedItemsTestFailoverCriticalCount":0,"protectedItemsTestFailoverWarningCount":0,"protectedItemsConfigurationCriticalCount":0,"protectedItemsConfigurationWarningCount":0,"protectedItemsFailoverHealthCriticalCount":0,"protectedItemsFailoverHealthWarningCount":0}},"fabricsHealth":{"resourceCount":0,"issues":[],"categorizedResourceCounts":null},"containersHealth":{"resourceCount":0,"issues":[],"categorizedResourceCounts":null}}}'
    headers:
      cache-control:
      - no-cache
      content-length:
      - '1060'
      content-type:
      - application/json; charset=utf-8
      date:
      - Tue, 28 Feb 2023 06:17:53 GMT
      expires:
      - '-1'
      pragma:
      - no-cache
      server:
      - Kestrel
      strict-transport-security:
      - max-age=31536000; includeSubDomains
      transfer-encoding:
      - chunked
      vary:
      - Accept-Encoding
      x-content-type-options:
      - nosniff
    status:
      code: 200
      message: OK
- request:
    body: null
    headers:
      Accept:
      - application/json
      Accept-Encoding:
      - gzip, deflate
      CommandName:
      - site-recovery vault job list
      Connection:
      - keep-alive
      ParameterSetName:
      - -g --vault-name
      User-Agent:
      - AZURECLI/2.45.0 (PIP) (AAZ) azsdk-python-core/1.24.0 Python/3.9.6 (Windows-10-10.0.19045-SP0)
    method: GET
    uri: https://management.azure.com/subscriptions/00000000-0000-0000-0000-000000000000/resourceGroups/clitest.rg.siterecovery.vault.000001/providers/Microsoft.RecoveryServices/vaults/vault000002/replicationJobs?api-version=2022-08-01
  response:
    body:
      string: '{"value":[{"id":"/Subscriptions/00000000-0000-0000-0000-000000000000/resourceGroups/clitest.rg.siterecovery.vault.000001/providers/Microsoft.RecoveryServices/vaults/vault000002/replicationJobs/8ba64686-0df2-4688-b255-2308ec4e8967","name":"8ba64686-0df2-4688-b255-2308ec4e8967","type":"Microsoft.RecoveryServices/vaults/replicationJobs","properties":{"activityId":null,"scenarioName":"RefreshVaultHealth","friendlyName":"Refresh
        vault health","state":"Succeeded","stateDescription":"Completed","tasks":[],"errors":[],"startTime":"2023-02-28T06:17:20.6970438Z","endTime":"2023-02-28T06:17:21Z","allowedActions":[],"targetObjectId":"6783905124394754271","targetObjectName":"","targetInstanceType":"Vault","customDetails":null}}],"nextLink":null}'
    headers:
      cache-control:
      - no-cache
      content-length:
      - '742'
      content-type:
      - application/json; charset=utf-8
      date:
      - Tue, 28 Feb 2023 06:17:56 GMT
      expires:
      - '-1'
      pragma:
      - no-cache
      server:
      - Kestrel
      strict-transport-security:
      - max-age=31536000; includeSubDomains
      transfer-encoding:
      - chunked
      vary:
      - Accept-Encoding
      x-content-type-options:
      - nosniff
    status:
      code: 200
      message: OK
- request:
    body: null
    headers:
      Accept:
      - application/json
      Accept-Encoding:
      - gzip, deflate
      CommandName:
      - site-recovery vault job show
      Connection:
      - keep-alive
      ParameterSetName:
      - -g --vault-name --job-name
      User-Agent:
      - AZURECLI/2.45.0 (PIP) (AAZ) azsdk-python-core/1.24.0 Python/3.9.6 (Windows-10-10.0.19045-SP0)
    method: GET
    uri: https://management.azure.com/subscriptions/00000000-0000-0000-0000-000000000000/resourceGroups/clitest.rg.siterecovery.vault.000001/providers/Microsoft.RecoveryServices/vaults/vault000002/replicationJobs/8ba64686-0df2-4688-b255-2308ec4e8967?api-version=2022-08-01
  response:
    body:
      string: '{"id":"/Subscriptions/00000000-0000-0000-0000-000000000000/resourceGroups/clitest.rg.siterecovery.vault.000001/providers/Microsoft.RecoveryServices/vaults/vault000002/replicationJobs/8ba64686-0df2-4688-b255-2308ec4e8967","name":"8ba64686-0df2-4688-b255-2308ec4e8967","type":"Microsoft.RecoveryServices/vaults/replicationJobs","properties":{"activityId":"8d84c459-b72f-11ed-94ce-c8d9d2028398
        ActivityId: d6c5d1be-6dea-4721-904a-4c63afa04fe0","scenarioName":"RefreshVaultHealth","friendlyName":"Refresh
        vault health","state":"Succeeded","stateDescription":"Completed","tasks":[{"taskId":"RefreshFailoverHealthTask","name":"RefreshFailoverHealthTask","startTime":"2023-02-28T06:17:21.4455663Z","endTime":"2023-02-28T06:17:21.4768377Z","allowedActions":[],"friendlyName":"Refreshing
        failover health","state":"Succeeded","stateDescription":"Completed","taskType":"TaskDetails","customDetails":{"instanceType":"TaskDetails"},"groupTaskCustomDetails":null,"errors":[]}],"errors":[],"startTime":"2023-02-28T06:17:20.6970438Z","endTime":"2023-02-28T06:17:21Z","allowedActions":[],"targetObjectId":"6783905124394754271","targetObjectName":"","targetInstanceType":"Vault","customDetails":{"instanceType":"AsrJobDetails","affectedObjectDetails":{}}}}'
    headers:
      cache-control:
      - no-cache
      content-length:
      - '1238'
      content-type:
      - application/json; charset=utf-8
      date:
      - Tue, 28 Feb 2023 06:17:58 GMT
      expires:
      - '-1'
      pragma:
      - no-cache
      server:
      - Kestrel
      strict-transport-security:
      - max-age=31536000; includeSubDomains
      transfer-encoding:
      - chunked
      vary:
      - Accept-Encoding
      x-content-type-options:
      - nosniff
    status:
      code: 200
      message: OK
- request:
    body: '{}'
    headers:
      Accept:
      - application/json
      Accept-Encoding:
      - gzip, deflate
      CommandName:
      - site-recovery vault job export
      Connection:
      - keep-alive
      Content-Length:
      - '2'
      Content-Type:
      - application/json
      ParameterSetName:
      - -g --vault-name
      User-Agent:
      - AZURECLI/2.45.0 (PIP) (AAZ) azsdk-python-core/1.24.0 Python/3.9.6 (Windows-10-10.0.19045-SP0)
    method: POST
    uri: https://management.azure.com/subscriptions/00000000-0000-0000-0000-000000000000/resourceGroups/clitest.rg.siterecovery.vault.000001/providers/Microsoft.RecoveryServices/vaults/vault000002/replicationJobs/export?api-version=2022-08-01
  response:
    body:
      string: ''
    headers:
      azure-asyncoperation:
      - https://management.azure.com/Subscriptions/00000000-0000-0000-0000-000000000000/resourceGroups/clitest.rg.siterecovery.vault.000001/providers/Microsoft.RecoveryServices/vaults/vault000002/replicationOperationStatus/8ab9c2ac-c111-4c34-9e5a-656e63c4232d?api-version=2022-08-01
      cache-control:
      - no-cache
      content-length:
      - '0'
      date:
      - Tue, 28 Feb 2023 06:17:59 GMT
      expires:
      - '-1'
      location:
      - https://management.azure.com/Subscriptions/00000000-0000-0000-0000-000000000000/resourceGroups/clitest.rg.siterecovery.vault.000001/providers/Microsoft.RecoveryServices/vaults/vault000002/replicationJobs/8ab9c2ac-c111-4c34-9e5a-656e63c4232d/operationresults/8ab9c2ac-c111-4c34-9e5a-656e63c4232d?api-version=2022-08-01
      pragma:
      - no-cache
      server:
      - Kestrel
      strict-transport-security:
      - max-age=31536000; includeSubDomains
      x-content-type-options:
      - nosniff
      x-ms-ratelimit-remaining-subscription-writes:
      - '1199'
    status:
      code: 202
      message: Accepted
- request:
    body: null
    headers:
      Accept:
      - '*/*'
      Accept-Encoding:
      - gzip, deflate
      CommandName:
      - site-recovery vault job export
      Connection:
      - keep-alive
      ParameterSetName:
      - -g --vault-name
      User-Agent:
      - AZURECLI/2.45.0 (PIP) (AAZ) azsdk-python-core/1.24.0 Python/3.9.6 (Windows-10-10.0.19045-SP0)
    method: GET
    uri: https://management.azure.com/Subscriptions/00000000-0000-0000-0000-000000000000/resourceGroups/clitest.rg.siterecovery.vault.000001/providers/Microsoft.RecoveryServices/vaults/vault000002/replicationOperationStatus/8ab9c2ac-c111-4c34-9e5a-656e63c4232d?api-version=2022-08-01
  response:
    body:
      string: '{"error":null,"id":null,"name":"8ab9c2ac-c111-4c34-9e5a-656e63c4232d","properties":null,"status":"Succeeded","startTime":"2023-02-28T06:18:00.3846164Z","endTime":"2023-02-28T06:18:01.0000000Z","percentComplete":null}'
    headers:
      cache-control:
      - no-cache
      content-length:
      - '216'
      content-type:
      - application/json; charset=utf-8
      date:
      - Tue, 28 Feb 2023 06:18:30 GMT
      expires:
      - '-1'
      pragma:
      - no-cache
      server:
      - Kestrel
      strict-transport-security:
      - max-age=31536000; includeSubDomains
      transfer-encoding:
      - chunked
      vary:
      - Accept-Encoding
      x-content-type-options:
      - nosniff
    status:
      code: 200
      message: OK
- request:
    body: '{"properties": {"providerSpecificInput": {"instanceType": "InMageRcm",
      "appConsistentFrequencyInMinutes": 0, "crashConsistentFrequencyInMinutes": 5,
      "enableMultiVmSync": "true", "recoveryPointHistoryInMinutes": 2880}}}'
    headers:
      Accept:
      - application/json
      Accept-Encoding:
      - gzip, deflate
      CommandName:
      - site-recovery vault policy create
      Connection:
      - keep-alive
      Content-Length:
      - '218'
      Content-Type:
      - application/json
      ParameterSetName:
      - -g --vault-name -n --provider-specific-input
      User-Agent:
      - AZURECLI/2.45.0 (PIP) (AAZ) azsdk-python-core/1.24.0 Python/3.9.6 (Windows-10-10.0.19045-SP0)
    method: PUT
    uri: https://management.azure.com/subscriptions/00000000-0000-0000-0000-000000000000/resourceGroups/clitest.rg.siterecovery.vault.000001/providers/Microsoft.RecoveryServices/vaults/vault000002/replicationPolicies/policy000004?api-version=2022-08-01
  response:
    body:
      string: ''
    headers:
      azure-asyncoperation:
      - https://management.azure.com/Subscriptions/00000000-0000-0000-0000-000000000000/resourceGroups/clitest.rg.siterecovery.vault.000001/providers/Microsoft.RecoveryServices/vaults/vault000002/replicationOperationStatus/f575590d-0641-4a86-984f-dba92d29e6e7?api-version=2022-08-01
      cache-control:
      - no-cache
      content-length:
      - '0'
      date:
      - Tue, 28 Feb 2023 06:18:34 GMT
      expires:
      - '-1'
      location:
      - https://management.azure.com/Subscriptions/00000000-0000-0000-0000-000000000000/resourceGroups/clitest.rg.siterecovery.vault.000001/providers/Microsoft.RecoveryServices/vaults/vault000002/replicationPolicies/policy000004/operationresults/f575590d-0641-4a86-984f-dba92d29e6e7?api-version=2022-08-01
      pragma:
      - no-cache
      server:
      - Kestrel
      strict-transport-security:
      - max-age=31536000; includeSubDomains
      x-content-type-options:
      - nosniff
      x-ms-ratelimit-remaining-subscription-writes:
      - '1199'
    status:
      code: 202
      message: Accepted
- request:
    body: null
    headers:
      Accept:
      - '*/*'
      Accept-Encoding:
      - gzip, deflate
      CommandName:
      - site-recovery vault policy create
      Connection:
      - keep-alive
      ParameterSetName:
      - -g --vault-name -n --provider-specific-input
      User-Agent:
      - AZURECLI/2.45.0 (PIP) (AAZ) azsdk-python-core/1.24.0 Python/3.9.6 (Windows-10-10.0.19045-SP0)
    method: GET
    uri: https://management.azure.com/Subscriptions/00000000-0000-0000-0000-000000000000/resourceGroups/clitest.rg.siterecovery.vault.000001/providers/Microsoft.RecoveryServices/vaults/vault000002/replicationOperationStatus/f575590d-0641-4a86-984f-dba92d29e6e7?api-version=2022-08-01
  response:
    body:
      string: '{"error":null,"id":null,"name":"f575590d-0641-4a86-984f-dba92d29e6e7","properties":null,"status":"Succeeded","startTime":"2023-02-28T06:18:34.4865696Z","endTime":"2023-02-28T06:18:35.0000000Z","percentComplete":null}'
    headers:
      cache-control:
      - no-cache
      content-length:
      - '216'
      content-type:
      - application/json; charset=utf-8
      date:
      - Tue, 28 Feb 2023 06:19:04 GMT
      expires:
      - '-1'
      pragma:
      - no-cache
      server:
      - Kestrel
      strict-transport-security:
      - max-age=31536000; includeSubDomains
      transfer-encoding:
      - chunked
      vary:
      - Accept-Encoding
      x-content-type-options:
      - nosniff
    status:
      code: 200
      message: OK
- request:
    body: null
    headers:
      Accept:
      - '*/*'
      Accept-Encoding:
      - gzip, deflate
      CommandName:
      - site-recovery vault policy create
      Connection:
      - keep-alive
      ParameterSetName:
      - -g --vault-name -n --provider-specific-input
      User-Agent:
      - AZURECLI/2.45.0 (PIP) (AAZ) azsdk-python-core/1.24.0 Python/3.9.6 (Windows-10-10.0.19045-SP0)
    method: GET
    uri: https://management.azure.com/subscriptions/00000000-0000-0000-0000-000000000000/resourceGroups/clitest.rg.siterecovery.vault.000001/providers/Microsoft.RecoveryServices/vaults/vault000002/replicationPolicies/policy000004?api-version=2022-08-01
  response:
    body:
      string: '{"id":"/Subscriptions/00000000-0000-0000-0000-000000000000/resourceGroups/clitest.rg.siterecovery.vault.000001/providers/Microsoft.RecoveryServices/vaults/vault000002/replicationPolicies/policy000004","name":"policy000004","type":"Microsoft.RecoveryServices/vaults/replicationPolicies","properties":{"friendlyName":"policy000004","providerSpecificDetails":{"instanceType":"InMageRcm","recoveryPointHistoryInMinutes":2880,"appConsistentFrequencyInMinutes":0,"crashConsistentFrequencyInMinutes":5,"enableMultiVmSync":"true"}}}'
    headers:
      cache-control:
      - no-cache
      content-length:
      - '524'
      content-type:
      - application/json; charset=utf-8
      date:
      - Tue, 28 Feb 2023 06:19:04 GMT
      expires:
      - '-1'
      pragma:
      - no-cache
      server:
      - Kestrel
      strict-transport-security:
      - max-age=31536000; includeSubDomains
      transfer-encoding:
      - chunked
      vary:
      - Accept-Encoding
      x-content-type-options:
      - nosniff
    status:
      code: 200
      message: OK
- request:
    body: null
    headers:
      Accept:
      - application/json
      Accept-Encoding:
      - gzip, deflate
      CommandName:
      - site-recovery vault policy show
      Connection:
      - keep-alive
      ParameterSetName:
      - -g --vault-name -n
      User-Agent:
      - AZURECLI/2.45.0 (PIP) (AAZ) azsdk-python-core/1.24.0 Python/3.9.6 (Windows-10-10.0.19045-SP0)
    method: GET
    uri: https://management.azure.com/subscriptions/00000000-0000-0000-0000-000000000000/resourceGroups/clitest.rg.siterecovery.vault.000001/providers/Microsoft.RecoveryServices/vaults/vault000002/replicationPolicies/policy000004?api-version=2022-08-01
  response:
    body:
      string: '{"id":"/Subscriptions/00000000-0000-0000-0000-000000000000/resourceGroups/clitest.rg.siterecovery.vault.000001/providers/Microsoft.RecoveryServices/vaults/vault000002/replicationPolicies/policy000004","name":"policy000004","type":"Microsoft.RecoveryServices/vaults/replicationPolicies","properties":{"friendlyName":"policy000004","providerSpecificDetails":{"instanceType":"InMageRcm","recoveryPointHistoryInMinutes":2880,"appConsistentFrequencyInMinutes":0,"crashConsistentFrequencyInMinutes":5,"enableMultiVmSync":"true"}}}'
    headers:
      cache-control:
      - no-cache
      content-length:
      - '524'
      content-type:
      - application/json; charset=utf-8
      date:
      - Tue, 28 Feb 2023 06:19:08 GMT
      expires:
      - '-1'
      pragma:
      - no-cache
      server:
      - Kestrel
      strict-transport-security:
      - max-age=31536000; includeSubDomains
      transfer-encoding:
      - chunked
      vary:
      - Accept-Encoding
      x-content-type-options:
      - nosniff
    status:
      code: 200
      message: OK
- request:
    body: null
    headers:
      Accept:
      - application/json
      Accept-Encoding:
      - gzip, deflate
      CommandName:
      - site-recovery vault policy list
      Connection:
      - keep-alive
      ParameterSetName:
      - -g --vault-name
      User-Agent:
      - AZURECLI/2.45.0 (PIP) (AAZ) azsdk-python-core/1.24.0 Python/3.9.6 (Windows-10-10.0.19045-SP0)
    method: GET
    uri: https://management.azure.com/subscriptions/00000000-0000-0000-0000-000000000000/resourceGroups/clitest.rg.siterecovery.vault.000001/providers/Microsoft.RecoveryServices/vaults/vault000002/replicationPolicies?api-version=2022-08-01
  response:
    body:
      string: '{"value":[{"id":"/Subscriptions/00000000-0000-0000-0000-000000000000/resourceGroups/clitest.rg.siterecovery.vault.000001/providers/Microsoft.RecoveryServices/vaults/vault000002/replicationPolicies/policy000004","name":"policy000004","type":"Microsoft.RecoveryServices/vaults/replicationPolicies","properties":{"friendlyName":"policy000004","providerSpecificDetails":{"instanceType":"InMageRcm","recoveryPointHistoryInMinutes":2880,"appConsistentFrequencyInMinutes":0,"crashConsistentFrequencyInMinutes":5,"enableMultiVmSync":"true"}}}],"nextLink":null}'
    headers:
      cache-control:
      - no-cache
      content-length:
      - '552'
      content-type:
      - application/json; charset=utf-8
      date:
      - Tue, 28 Feb 2023 06:19:10 GMT
      expires:
      - '-1'
      pragma:
      - no-cache
      server:
      - Kestrel
      strict-transport-security:
      - max-age=31536000; includeSubDomains
      transfer-encoding:
      - chunked
      vary:
      - Accept-Encoding
      x-content-type-options:
      - nosniff
    status:
      code: 200
      message: OK
- request:
    body: '{"properties": {"replicationProviderSettings": {"instanceType": "InMageRcm",
      "appConsistentFrequencyInMinutes": 0, "crashConsistentFrequencyInMinutes": 5,
      "enableMultiVmSync": "true", "recoveryPointHistoryInMinutes": 1440}}}'
    headers:
      Accept:
      - application/json
      Accept-Encoding:
      - gzip, deflate
      CommandName:
      - site-recovery vault policy update
      Connection:
      - keep-alive
      Content-Length:
      - '224'
      Content-Type:
      - application/json
      ParameterSetName:
      - --debug -g --vault-name -n --provider-specific-input
      User-Agent:
      - AZURECLI/2.45.0 (PIP) (AAZ) azsdk-python-core/1.24.0 Python/3.9.6 (Windows-10-10.0.19045-SP0)
    method: PATCH
    uri: https://management.azure.com/subscriptions/00000000-0000-0000-0000-000000000000/resourceGroups/clitest.rg.siterecovery.vault.000001/providers/Microsoft.RecoveryServices/vaults/vault000002/replicationPolicies/policy000004?api-version=2022-08-01
  response:
    body:
      string: ''
    headers:
      azure-asyncoperation:
      - https://management.azure.com/Subscriptions/00000000-0000-0000-0000-000000000000/resourceGroups/clitest.rg.siterecovery.vault.000001/providers/Microsoft.RecoveryServices/vaults/vault000002/replicationOperationStatus/564bd50e-c947-40ee-8a83-a0e4e2a0eb00?api-version=2022-08-01
      cache-control:
      - no-cache
      content-length:
      - '0'
      date:
      - Tue, 28 Feb 2023 06:19:13 GMT
      expires:
      - '-1'
      location:
      - https://management.azure.com/Subscriptions/00000000-0000-0000-0000-000000000000/resourceGroups/clitest.rg.siterecovery.vault.000001/providers/Microsoft.RecoveryServices/vaults/vault000002/replicationPolicies/policy000004/operationresults/564bd50e-c947-40ee-8a83-a0e4e2a0eb00?api-version=2022-08-01
      pragma:
      - no-cache
      server:
      - Kestrel
      strict-transport-security:
      - max-age=31536000; includeSubDomains
      x-content-type-options:
      - nosniff
      x-ms-ratelimit-remaining-subscription-writes:
      - '1199'
    status:
      code: 202
      message: Accepted
- request:
    body: null
    headers:
      Accept:
      - '*/*'
      Accept-Encoding:
      - gzip, deflate
      CommandName:
      - site-recovery vault policy update
      Connection:
      - keep-alive
      ParameterSetName:
      - --debug -g --vault-name -n --provider-specific-input
      User-Agent:
      - AZURECLI/2.45.0 (PIP) (AAZ) azsdk-python-core/1.24.0 Python/3.9.6 (Windows-10-10.0.19045-SP0)
    method: GET
    uri: https://management.azure.com/Subscriptions/00000000-0000-0000-0000-000000000000/resourceGroups/clitest.rg.siterecovery.vault.000001/providers/Microsoft.RecoveryServices/vaults/vault000002/replicationOperationStatus/564bd50e-c947-40ee-8a83-a0e4e2a0eb00?api-version=2022-08-01
  response:
    body:
      string: '{"error":null,"id":null,"name":"564bd50e-c947-40ee-8a83-a0e4e2a0eb00","properties":null,"status":"Succeeded","startTime":"2023-02-28T06:19:13.4381715Z","endTime":"2023-02-28T06:19:13.0000000Z","percentComplete":null}'
    headers:
      cache-control:
      - no-cache
      content-length:
      - '216'
      content-type:
      - application/json; charset=utf-8
      date:
      - Tue, 28 Feb 2023 06:19:43 GMT
      expires:
      - '-1'
      pragma:
      - no-cache
      server:
      - Kestrel
      strict-transport-security:
      - max-age=31536000; includeSubDomains
      transfer-encoding:
      - chunked
      vary:
      - Accept-Encoding
      x-content-type-options:
      - nosniff
    status:
      code: 200
      message: OK
- request:
    body: null
    headers:
      Accept:
      - '*/*'
      Accept-Encoding:
      - gzip, deflate
      CommandName:
      - site-recovery vault policy update
      Connection:
      - keep-alive
      ParameterSetName:
      - --debug -g --vault-name -n --provider-specific-input
      User-Agent:
      - AZURECLI/2.45.0 (PIP) (AAZ) azsdk-python-core/1.24.0 Python/3.9.6 (Windows-10-10.0.19045-SP0)
    method: GET
    uri: https://management.azure.com/subscriptions/00000000-0000-0000-0000-000000000000/resourceGroups/clitest.rg.siterecovery.vault.000001/providers/Microsoft.RecoveryServices/vaults/vault000002/replicationPolicies/policy000004?api-version=2022-08-01
  response:
    body:
      string: '{"id":"/Subscriptions/00000000-0000-0000-0000-000000000000/resourceGroups/clitest.rg.siterecovery.vault.000001/providers/Microsoft.RecoveryServices/vaults/vault000002/replicationPolicies/policy000004","name":"policy000004","type":"Microsoft.RecoveryServices/vaults/replicationPolicies","properties":{"friendlyName":"policy000004","providerSpecificDetails":{"instanceType":"InMageRcm","recoveryPointHistoryInMinutes":1440,"appConsistentFrequencyInMinutes":0,"crashConsistentFrequencyInMinutes":5,"enableMultiVmSync":"true"}}}'
    headers:
      cache-control:
      - no-cache
      content-length:
      - '524'
      content-type:
      - application/json; charset=utf-8
      date:
      - Tue, 28 Feb 2023 06:19:44 GMT
      expires:
      - '-1'
      pragma:
      - no-cache
      server:
      - Kestrel
      strict-transport-security:
      - max-age=31536000; includeSubDomains
      transfer-encoding:
      - chunked
      vary:
      - Accept-Encoding
      x-content-type-options:
      - nosniff
    status:
      code: 200
      message: OK
- request:
    body: null
    headers:
      Accept:
      - '*/*'
      Accept-Encoding:
      - gzip, deflate
      CommandName:
      - site-recovery vault policy delete
      Connection:
      - keep-alive
      Content-Length:
      - '0'
      ParameterSetName:
      - -g --vault-name -n -y
      User-Agent:
      - AZURECLI/2.45.0 (PIP) (AAZ) azsdk-python-core/1.24.0 Python/3.9.6 (Windows-10-10.0.19045-SP0)
    method: DELETE
    uri: https://management.azure.com/subscriptions/00000000-0000-0000-0000-000000000000/resourceGroups/clitest.rg.siterecovery.vault.000001/providers/Microsoft.RecoveryServices/vaults/vault000002/replicationPolicies/policy000004?api-version=2022-08-01
  response:
    body:
      string: ''
    headers:
      azure-asyncoperation:
      - https://management.azure.com/Subscriptions/00000000-0000-0000-0000-000000000000/resourceGroups/clitest.rg.siterecovery.vault.000001/providers/Microsoft.RecoveryServices/vaults/vault000002/replicationOperationStatus/024cb6b5-e638-4230-b35b-7a63228a2a67?api-version=2022-08-01
      cache-control:
      - no-cache
      content-length:
      - '0'
      date:
      - Tue, 28 Feb 2023 06:19:47 GMT
      expires:
      - '-1'
      location:
      - https://management.azure.com/Subscriptions/00000000-0000-0000-0000-000000000000/resourceGroups/clitest.rg.siterecovery.vault.000001/providers/Microsoft.RecoveryServices/vaults/vault000002/replicationPolicies/policy000004/operationresults/024cb6b5-e638-4230-b35b-7a63228a2a67?api-version=2022-08-01
      pragma:
      - no-cache
      server:
      - Kestrel
      strict-transport-security:
      - max-age=31536000; includeSubDomains
      x-content-type-options:
      - nosniff
      x-ms-ratelimit-remaining-subscription-deletes:
      - '14999'
    status:
      code: 202
      message: Accepted
- request:
    body: null
    headers:
      Accept:
      - '*/*'
      Accept-Encoding:
      - gzip, deflate
      CommandName:
      - site-recovery vault policy delete
      Connection:
      - keep-alive
      ParameterSetName:
      - -g --vault-name -n -y
      User-Agent:
      - AZURECLI/2.45.0 (PIP) (AAZ) azsdk-python-core/1.24.0 Python/3.9.6 (Windows-10-10.0.19045-SP0)
    method: GET
    uri: https://management.azure.com/Subscriptions/00000000-0000-0000-0000-000000000000/resourceGroups/clitest.rg.siterecovery.vault.000001/providers/Microsoft.RecoveryServices/vaults/vault000002/replicationOperationStatus/024cb6b5-e638-4230-b35b-7a63228a2a67?api-version=2022-08-01
  response:
    body:
      string: '{"error":null,"id":null,"name":"024cb6b5-e638-4230-b35b-7a63228a2a67","properties":null,"status":"Succeeded","startTime":"2023-02-28T06:19:47.9337919Z","endTime":"2023-02-28T06:19:48.0000000Z","percentComplete":null}'
    headers:
      cache-control:
      - no-cache
      content-length:
      - '216'
      content-type:
      - application/json; charset=utf-8
      date:
      - Tue, 28 Feb 2023 06:20:18 GMT
      expires:
      - '-1'
      pragma:
      - no-cache
      server:
      - Kestrel
      strict-transport-security:
      - max-age=31536000; includeSubDomains
      transfer-encoding:
      - chunked
      vary:
      - Accept-Encoding
      x-content-type-options:
      - nosniff
    status:
      code: 200
      message: OK
- request:
    body: null
    headers:
      Accept:
      - application/json
      Accept-Encoding:
      - gzip, deflate
      CommandName:
      - site-recovery vault policy list
      Connection:
      - keep-alive
      ParameterSetName:
      - -g --vault-name
      User-Agent:
      - AZURECLI/2.45.0 (PIP) (AAZ) azsdk-python-core/1.24.0 Python/3.9.6 (Windows-10-10.0.19045-SP0)
    method: GET
    uri: https://management.azure.com/subscriptions/00000000-0000-0000-0000-000000000000/resourceGroups/clitest.rg.siterecovery.vault.000001/providers/Microsoft.RecoveryServices/vaults/vault000002/replicationPolicies?api-version=2022-08-01
  response:
    body:
      string: '{"value":[],"nextLink":null}'
    headers:
      cache-control:
      - no-cache
      content-length:
      - '28'
      content-type:
      - application/json; charset=utf-8
      date:
      - Tue, 28 Feb 2023 06:20:21 GMT
      expires:
      - '-1'
      pragma:
      - no-cache
      server:
      - Kestrel
      strict-transport-security:
      - max-age=31536000; includeSubDomains
      transfer-encoding:
      - chunked
      vary:
      - Accept-Encoding
      x-content-type-options:
      - nosniff
    status:
      code: 200
      message: OK
- request:
    body: '{"properties": {"providerSpecificInput": {"instanceType": "InMageRcmFailback",
      "appConsistentFrequencyInMinutes": 60, "crashConsistentFrequencyInMinutes":
      5}}}'
    headers:
      Accept:
      - application/json
      Accept-Encoding:
      - gzip, deflate
      CommandName:
      - site-recovery vault policy create
      Connection:
      - keep-alive
      Content-Length:
      - '159'
      Content-Type:
      - application/json
      ParameterSetName:
      - -g --vault-name -n --provider-specific-input
      User-Agent:
      - AZURECLI/2.45.0 (PIP) (AAZ) azsdk-python-core/1.24.0 Python/3.9.6 (Windows-10-10.0.19045-SP0)
    method: PUT
    uri: https://management.azure.com/subscriptions/00000000-0000-0000-0000-000000000000/resourceGroups/clitest.rg.siterecovery.vault.000001/providers/Microsoft.RecoveryServices/vaults/vault000002/replicationPolicies/policy000005?api-version=2022-08-01
  response:
    body:
      string: ''
    headers:
      azure-asyncoperation:
      - https://management.azure.com/Subscriptions/00000000-0000-0000-0000-000000000000/resourceGroups/clitest.rg.siterecovery.vault.000001/providers/Microsoft.RecoveryServices/vaults/vault000002/replicationOperationStatus/61446a3e-1b2f-4dcb-aeac-1108d9cef2c5?api-version=2022-08-01
      cache-control:
      - no-cache
      content-length:
      - '0'
      date:
      - Tue, 28 Feb 2023 06:20:24 GMT
      expires:
      - '-1'
      location:
      - https://management.azure.com/Subscriptions/00000000-0000-0000-0000-000000000000/resourceGroups/clitest.rg.siterecovery.vault.000001/providers/Microsoft.RecoveryServices/vaults/vault000002/replicationPolicies/policy000005/operationresults/61446a3e-1b2f-4dcb-aeac-1108d9cef2c5?api-version=2022-08-01
      pragma:
      - no-cache
      server:
      - Kestrel
      strict-transport-security:
      - max-age=31536000; includeSubDomains
      x-content-type-options:
      - nosniff
      x-ms-ratelimit-remaining-subscription-writes:
      - '1198'
    status:
      code: 202
      message: Accepted
- request:
    body: null
    headers:
      Accept:
      - '*/*'
      Accept-Encoding:
      - gzip, deflate
      CommandName:
      - site-recovery vault policy create
      Connection:
      - keep-alive
      ParameterSetName:
      - -g --vault-name -n --provider-specific-input
      User-Agent:
      - AZURECLI/2.45.0 (PIP) (AAZ) azsdk-python-core/1.24.0 Python/3.9.6 (Windows-10-10.0.19045-SP0)
    method: GET
    uri: https://management.azure.com/Subscriptions/00000000-0000-0000-0000-000000000000/resourceGroups/clitest.rg.siterecovery.vault.000001/providers/Microsoft.RecoveryServices/vaults/vault000002/replicationOperationStatus/61446a3e-1b2f-4dcb-aeac-1108d9cef2c5?api-version=2022-08-01
  response:
    body:
      string: '{"error":null,"id":null,"name":"61446a3e-1b2f-4dcb-aeac-1108d9cef2c5","properties":null,"status":"Succeeded","startTime":"2023-02-28T06:20:25.0923691Z","endTime":"2023-02-28T06:20:26.0000000Z","percentComplete":null}'
    headers:
      cache-control:
      - no-cache
      content-length:
      - '216'
      content-type:
      - application/json; charset=utf-8
      date:
      - Tue, 28 Feb 2023 06:20:55 GMT
      expires:
      - '-1'
      pragma:
      - no-cache
      server:
      - Kestrel
      strict-transport-security:
      - max-age=31536000; includeSubDomains
      transfer-encoding:
      - chunked
      vary:
      - Accept-Encoding
      x-content-type-options:
      - nosniff
    status:
      code: 200
      message: OK
- request:
    body: null
    headers:
      Accept:
      - '*/*'
      Accept-Encoding:
      - gzip, deflate
      CommandName:
      - site-recovery vault policy create
      Connection:
      - keep-alive
      ParameterSetName:
      - -g --vault-name -n --provider-specific-input
      User-Agent:
      - AZURECLI/2.45.0 (PIP) (AAZ) azsdk-python-core/1.24.0 Python/3.9.6 (Windows-10-10.0.19045-SP0)
    method: GET
    uri: https://management.azure.com/subscriptions/00000000-0000-0000-0000-000000000000/resourceGroups/clitest.rg.siterecovery.vault.000001/providers/Microsoft.RecoveryServices/vaults/vault000002/replicationPolicies/policy000005?api-version=2022-08-01
  response:
    body:
      string: '{"id":"/Subscriptions/00000000-0000-0000-0000-000000000000/resourceGroups/clitest.rg.siterecovery.vault.000001/providers/Microsoft.RecoveryServices/vaults/vault000002/replicationPolicies/policy000005","name":"policy000005","type":"Microsoft.RecoveryServices/vaults/replicationPolicies","properties":{"friendlyName":"policy000005","providerSpecificDetails":{"instanceType":"InMageRcmFailback","appConsistentFrequencyInMinutes":60,"crashConsistentFrequencyInMinutes":5}}}'
    headers:
      cache-control:
      - no-cache
      content-length:
      - '469'
      content-type:
      - application/json; charset=utf-8
      date:
      - Tue, 28 Feb 2023 06:20:55 GMT
      expires:
      - '-1'
      pragma:
      - no-cache
      server:
      - Kestrel
      strict-transport-security:
      - max-age=31536000; includeSubDomains
      transfer-encoding:
      - chunked
      vary:
      - Accept-Encoding
      x-content-type-options:
      - nosniff
    status:
      code: 200
      message: OK
- request:
    body: null
    headers:
      Accept:
      - application/json
      Accept-Encoding:
      - gzip, deflate
      CommandName:
      - site-recovery vault policy show
      Connection:
      - keep-alive
      ParameterSetName:
      - -g --vault-name -n
      User-Agent:
      - AZURECLI/2.45.0 (PIP) (AAZ) azsdk-python-core/1.24.0 Python/3.9.6 (Windows-10-10.0.19045-SP0)
    method: GET
    uri: https://management.azure.com/subscriptions/00000000-0000-0000-0000-000000000000/resourceGroups/clitest.rg.siterecovery.vault.000001/providers/Microsoft.RecoveryServices/vaults/vault000002/replicationPolicies/policy000005?api-version=2022-08-01
  response:
    body:
      string: '{"id":"/Subscriptions/00000000-0000-0000-0000-000000000000/resourceGroups/clitest.rg.siterecovery.vault.000001/providers/Microsoft.RecoveryServices/vaults/vault000002/replicationPolicies/policy000005","name":"policy000005","type":"Microsoft.RecoveryServices/vaults/replicationPolicies","properties":{"friendlyName":"policy000005","providerSpecificDetails":{"instanceType":"InMageRcmFailback","appConsistentFrequencyInMinutes":60,"crashConsistentFrequencyInMinutes":5}}}'
    headers:
      cache-control:
      - no-cache
      content-length:
      - '469'
      content-type:
      - application/json; charset=utf-8
      date:
      - Tue, 28 Feb 2023 06:20:58 GMT
      expires:
      - '-1'
      pragma:
      - no-cache
      server:
      - Kestrel
      strict-transport-security:
      - max-age=31536000; includeSubDomains
      transfer-encoding:
      - chunked
      vary:
      - Accept-Encoding
      x-content-type-options:
      - nosniff
    status:
      code: 200
      message: OK
- request:
    body: null
    headers:
      Accept:
      - application/json
      Accept-Encoding:
      - gzip, deflate
      CommandName:
      - site-recovery vault policy list
      Connection:
      - keep-alive
      ParameterSetName:
      - -g --vault-name
      User-Agent:
      - AZURECLI/2.45.0 (PIP) (AAZ) azsdk-python-core/1.24.0 Python/3.9.6 (Windows-10-10.0.19045-SP0)
    method: GET
    uri: https://management.azure.com/subscriptions/00000000-0000-0000-0000-000000000000/resourceGroups/clitest.rg.siterecovery.vault.000001/providers/Microsoft.RecoveryServices/vaults/vault000002/replicationPolicies?api-version=2022-08-01
  response:
    body:
      string: '{"value":[{"id":"/Subscriptions/00000000-0000-0000-0000-000000000000/resourceGroups/clitest.rg.siterecovery.vault.000001/providers/Microsoft.RecoveryServices/vaults/vault000002/replicationPolicies/policy000005","name":"policy000005","type":"Microsoft.RecoveryServices/vaults/replicationPolicies","properties":{"friendlyName":"policy000005","providerSpecificDetails":{"instanceType":"InMageRcmFailback","appConsistentFrequencyInMinutes":60,"crashConsistentFrequencyInMinutes":5}}}],"nextLink":null}'
    headers:
      cache-control:
      - no-cache
      content-length:
      - '497'
      content-type:
      - application/json; charset=utf-8
      date:
      - Tue, 28 Feb 2023 06:21:00 GMT
      expires:
      - '-1'
      pragma:
      - no-cache
      server:
      - Kestrel
      strict-transport-security:
      - max-age=31536000; includeSubDomains
      transfer-encoding:
      - chunked
      vary:
      - Accept-Encoding
      x-content-type-options:
      - nosniff
    status:
      code: 200
      message: OK
- request:
    body: '{"properties": {"replicationProviderSettings": {"instanceType": "InMageRcmFailback",
      "appConsistentFrequencyInMinutes": 0, "crashConsistentFrequencyInMinutes": 10}}}'
    headers:
      Accept:
      - application/json
      Accept-Encoding:
      - gzip, deflate
      CommandName:
      - site-recovery vault policy update
      Connection:
      - keep-alive
      Content-Length:
      - '165'
      Content-Type:
      - application/json
      ParameterSetName:
      - -g --vault-name -n --provider-specific-input
      User-Agent:
      - AZURECLI/2.45.0 (PIP) (AAZ) azsdk-python-core/1.24.0 Python/3.9.6 (Windows-10-10.0.19045-SP0)
    method: PATCH
    uri: https://management.azure.com/subscriptions/00000000-0000-0000-0000-000000000000/resourceGroups/clitest.rg.siterecovery.vault.000001/providers/Microsoft.RecoveryServices/vaults/vault000002/replicationPolicies/policy000005?api-version=2022-08-01
  response:
    body:
      string: ''
    headers:
      azure-asyncoperation:
      - https://management.azure.com/Subscriptions/00000000-0000-0000-0000-000000000000/resourceGroups/clitest.rg.siterecovery.vault.000001/providers/Microsoft.RecoveryServices/vaults/vault000002/replicationOperationStatus/482110ef-ee09-45b1-9051-0a7d781a28f1?api-version=2022-08-01
      cache-control:
      - no-cache
      content-length:
      - '0'
      date:
      - Tue, 28 Feb 2023 06:21:04 GMT
      expires:
      - '-1'
      location:
      - https://management.azure.com/Subscriptions/00000000-0000-0000-0000-000000000000/resourceGroups/clitest.rg.siterecovery.vault.000001/providers/Microsoft.RecoveryServices/vaults/vault000002/replicationPolicies/policy000005/operationresults/482110ef-ee09-45b1-9051-0a7d781a28f1?api-version=2022-08-01
      pragma:
      - no-cache
      server:
      - Kestrel
      strict-transport-security:
      - max-age=31536000; includeSubDomains
      x-content-type-options:
      - nosniff
      x-ms-ratelimit-remaining-subscription-writes:
      - '1199'
    status:
      code: 202
      message: Accepted
- request:
    body: null
    headers:
      Accept:
      - '*/*'
      Accept-Encoding:
      - gzip, deflate
      CommandName:
      - site-recovery vault policy update
      Connection:
      - keep-alive
      ParameterSetName:
      - -g --vault-name -n --provider-specific-input
      User-Agent:
      - AZURECLI/2.45.0 (PIP) (AAZ) azsdk-python-core/1.24.0 Python/3.9.6 (Windows-10-10.0.19045-SP0)
    method: GET
    uri: https://management.azure.com/Subscriptions/00000000-0000-0000-0000-000000000000/resourceGroups/clitest.rg.siterecovery.vault.000001/providers/Microsoft.RecoveryServices/vaults/vault000002/replicationOperationStatus/482110ef-ee09-45b1-9051-0a7d781a28f1?api-version=2022-08-01
  response:
    body:
      string: '{"error":null,"id":null,"name":"482110ef-ee09-45b1-9051-0a7d781a28f1","properties":null,"status":"Succeeded","startTime":"2023-02-28T06:21:04.2004987Z","endTime":"2023-02-28T06:21:05.0000000Z","percentComplete":null}'
    headers:
      cache-control:
      - no-cache
      content-length:
      - '216'
      content-type:
      - application/json; charset=utf-8
      date:
      - Tue, 28 Feb 2023 06:21:35 GMT
      expires:
      - '-1'
      pragma:
      - no-cache
      server:
      - Kestrel
      strict-transport-security:
      - max-age=31536000; includeSubDomains
      transfer-encoding:
      - chunked
      vary:
      - Accept-Encoding
      x-content-type-options:
      - nosniff
    status:
      code: 200
      message: OK
- request:
    body: null
    headers:
      Accept:
      - '*/*'
      Accept-Encoding:
      - gzip, deflate
      CommandName:
      - site-recovery vault policy update
      Connection:
      - keep-alive
      ParameterSetName:
      - -g --vault-name -n --provider-specific-input
      User-Agent:
      - AZURECLI/2.45.0 (PIP) (AAZ) azsdk-python-core/1.24.0 Python/3.9.6 (Windows-10-10.0.19045-SP0)
    method: GET
    uri: https://management.azure.com/subscriptions/00000000-0000-0000-0000-000000000000/resourceGroups/clitest.rg.siterecovery.vault.000001/providers/Microsoft.RecoveryServices/vaults/vault000002/replicationPolicies/policy000005?api-version=2022-08-01
  response:
    body:
      string: '{"id":"/Subscriptions/00000000-0000-0000-0000-000000000000/resourceGroups/clitest.rg.siterecovery.vault.000001/providers/Microsoft.RecoveryServices/vaults/vault000002/replicationPolicies/policy000005","name":"policy000005","type":"Microsoft.RecoveryServices/vaults/replicationPolicies","properties":{"friendlyName":"policy000005","providerSpecificDetails":{"instanceType":"InMageRcmFailback","appConsistentFrequencyInMinutes":0,"crashConsistentFrequencyInMinutes":10}}}'
    headers:
      cache-control:
      - no-cache
      content-length:
      - '469'
      content-type:
      - application/json; charset=utf-8
      date:
      - Tue, 28 Feb 2023 06:21:35 GMT
      expires:
      - '-1'
      pragma:
      - no-cache
      server:
      - Kestrel
      strict-transport-security:
      - max-age=31536000; includeSubDomains
      transfer-encoding:
      - chunked
      vary:
      - Accept-Encoding
      x-content-type-options:
      - nosniff
    status:
      code: 200
      message: OK
- request:
    body: null
    headers:
      Accept:
      - '*/*'
      Accept-Encoding:
      - gzip, deflate
      CommandName:
      - site-recovery vault policy delete
      Connection:
      - keep-alive
      Content-Length:
      - '0'
      ParameterSetName:
      - -g --vault-name -n -y
      User-Agent:
      - AZURECLI/2.45.0 (PIP) (AAZ) azsdk-python-core/1.24.0 Python/3.9.6 (Windows-10-10.0.19045-SP0)
    method: DELETE
    uri: https://management.azure.com/subscriptions/00000000-0000-0000-0000-000000000000/resourceGroups/clitest.rg.siterecovery.vault.000001/providers/Microsoft.RecoveryServices/vaults/vault000002/replicationPolicies/policy000005?api-version=2022-08-01
  response:
    body:
      string: ''
    headers:
      azure-asyncoperation:
      - https://management.azure.com/Subscriptions/00000000-0000-0000-0000-000000000000/resourceGroups/clitest.rg.siterecovery.vault.000001/providers/Microsoft.RecoveryServices/vaults/vault000002/replicationOperationStatus/506e9ef1-9ba4-4a89-8354-7d6d1b407c44?api-version=2022-08-01
      cache-control:
      - no-cache
      content-length:
      - '0'
      date:
      - Tue, 28 Feb 2023 06:21:38 GMT
      expires:
      - '-1'
      location:
      - https://management.azure.com/Subscriptions/00000000-0000-0000-0000-000000000000/resourceGroups/clitest.rg.siterecovery.vault.000001/providers/Microsoft.RecoveryServices/vaults/vault000002/replicationPolicies/policy000005/operationresults/506e9ef1-9ba4-4a89-8354-7d6d1b407c44?api-version=2022-08-01
      pragma:
      - no-cache
      server:
      - Kestrel
      strict-transport-security:
      - max-age=31536000; includeSubDomains
      x-content-type-options:
      - nosniff
      x-ms-ratelimit-remaining-subscription-deletes:
      - '14998'
    status:
      code: 202
      message: Accepted
- request:
    body: null
    headers:
      Accept:
      - '*/*'
      Accept-Encoding:
      - gzip, deflate
      CommandName:
      - site-recovery vault policy delete
      Connection:
      - keep-alive
      ParameterSetName:
      - -g --vault-name -n -y
      User-Agent:
      - AZURECLI/2.45.0 (PIP) (AAZ) azsdk-python-core/1.24.0 Python/3.9.6 (Windows-10-10.0.19045-SP0)
    method: GET
    uri: https://management.azure.com/Subscriptions/00000000-0000-0000-0000-000000000000/resourceGroups/clitest.rg.siterecovery.vault.000001/providers/Microsoft.RecoveryServices/vaults/vault000002/replicationOperationStatus/506e9ef1-9ba4-4a89-8354-7d6d1b407c44?api-version=2022-08-01
  response:
    body:
      string: '{"error":null,"id":null,"name":"506e9ef1-9ba4-4a89-8354-7d6d1b407c44","properties":null,"status":"Succeeded","startTime":"2023-02-28T06:21:38.5815533Z","endTime":"2023-02-28T06:21:39.0000000Z","percentComplete":null}'
    headers:
      cache-control:
      - no-cache
      content-length:
      - '216'
      content-type:
      - application/json; charset=utf-8
      date:
      - Tue, 28 Feb 2023 06:22:09 GMT
      expires:
      - '-1'
      pragma:
      - no-cache
      server:
      - Kestrel
      strict-transport-security:
      - max-age=31536000; includeSubDomains
      transfer-encoding:
      - chunked
      vary:
      - Accept-Encoding
      x-content-type-options:
      - nosniff
    status:
      code: 200
      message: OK
- request:
    body: null
    headers:
      Accept:
      - application/json
      Accept-Encoding:
      - gzip, deflate
      CommandName:
      - site-recovery vault policy list
      Connection:
      - keep-alive
      ParameterSetName:
      - -g --vault-name
      User-Agent:
      - AZURECLI/2.45.0 (PIP) (AAZ) azsdk-python-core/1.24.0 Python/3.9.6 (Windows-10-10.0.19045-SP0)
    method: GET
    uri: https://management.azure.com/subscriptions/00000000-0000-0000-0000-000000000000/resourceGroups/clitest.rg.siterecovery.vault.000001/providers/Microsoft.RecoveryServices/vaults/vault000002/replicationPolicies?api-version=2022-08-01
  response:
    body:
      string: '{"value":[],"nextLink":null}'
    headers:
      cache-control:
      - no-cache
      content-length:
      - '28'
      content-type:
      - application/json; charset=utf-8
      date:
      - Tue, 28 Feb 2023 06:22:12 GMT
      expires:
      - '-1'
      pragma:
      - no-cache
      server:
      - Kestrel
      strict-transport-security:
      - max-age=31536000; includeSubDomains
      transfer-encoding:
      - chunked
      vary:
      - Accept-Encoding
      x-content-type-options:
      - nosniff
    status:
      code: 200
      message: OK
version: 1
