interactions:
- request:
    body: null
    headers:
      Accept: ['*/*']
      Accept-Charset: [utf-8]
      Accept-Encoding: ['gzip, deflate']
      Connection: [keep-alive]
      User-Agent: [python-requests/2.18.4]
      return-client-request-id: ['true']
      x-client-CPU: [x64]
      x-client-OS: [win32]
      x-client-SKU: [Python]
      x-client-Ver: [0.5.0]
    method: GET
    uri: https://login.windows.net/common/discovery/instance?authorization_endpoint=https%3A%2F%2Flogin.windows-ppe.net%2Fcommon%2Foauth2%2Fauthorize&api-version=1.0
  response:
    body: {string: '{"tenant_discovery_endpoint":"https://login.windows-ppe.net/common/.well-known/openid-configuration"}'}
    headers:
      access-control-allow-methods: ['GET, OPTIONS']
      access-control-allow-origin: ['*']
      cache-control: [private]
      content-length: ['101']
      content-type: [application/json; charset=utf-8]
      date: ['Tue, 13 Feb 2018 02:03:44 GMT']
      p3p: [CP="DSP CUR OTPi IND OTRi ONL FIN"]
      server: [Microsoft-IIS/10.0]
      set-cookie: [esctx=AQABAAAAAABHh4kmS_aKT5XrjzxRAtHzws4_7oHu3l-HD5jZuOMju-4IsVcazXlR-UTV6wToT8S_nkaJ7KAQlMkKWAhbmsczVBYAy5B7XSmYdnt6BE92vYNvFuCeCheZ8I8JpGPa7b7vacG1S7bxzpb371ugljqGvKtFCzB3stO-RHZoYl-Sc2986AlK1NcUDUG4isLWvtogAA;
          domain=.login.windows.net; path=/; secure; HttpOnly, x-ms-gateway-slice=corp;
          path=/; secure; HttpOnly, stsservicecookie=ests; path=/; secure; HttpOnly]
      strict-transport-security: [max-age=31536000; includeSubDomains]
      x-content-type-options: [nosniff]
      x-powered-by: [ASP.NET]
    status: {code: 200, message: OK}
- request:
    body: null
    headers:
      Accept: [application/json]
      Accept-Encoding: ['gzip, deflate']
      Connection: [keep-alive]
      Content-Type: [application/json; charset=utf-8]
      User-Agent: [python/3.6.2 (Windows-10-10.0.16299-SP0) requests/2.18.4 msrest/0.4.26
          msrest_azure/0.4.21 subscriptionclient/1.3.0rc1 Azure-SDK-For-Python]
      accept-language: [en-US]
    method: GET
    uri: https://api-dogfood.resources.windows-int.net/tenants?api-version=2016-06-01
  response:
    body: {string: '{"value":[{"id":"/tenants/b1af47f1-138c-4ed2-8bba-119041b95450","tenantId":"b1af47f1-138c-4ed2-8bba-119041b95450"}]}'}
    headers:
      cache-control: [no-cache]
      content-length: ['116']
      content-type: [application/json; charset=utf-8]
      date: ['Tue, 13 Feb 2018 02:03:44 GMT']
      expires: ['-1']
      pragma: [no-cache]
      strict-transport-security: [max-age=31536000; includeSubDomains]
      transfer-encoding: [chunked]
      vary: [Accept-Encoding]
      x-content-type-options: [nosniff]
    status: {code: 200, message: OK}
- request:
    body: null
    headers:
      Accept: ['*/*']
      Accept-Charset: [utf-8]
      Accept-Encoding: ['gzip, deflate']
      Connection: [keep-alive]
      User-Agent: [python-requests/2.18.4]
      return-client-request-id: ['true']
      x-client-CPU: [x64]
      x-client-OS: [win32]
      x-client-SKU: [Python]
      x-client-Ver: [0.5.0]
    method: GET
    uri: https://login.windows.net/common/discovery/instance?authorization_endpoint=https%3A%2F%2Flogin.windows-ppe.net%2Fb1af47f1-138c-4ed2-8bba-119041b95450%2Foauth2%2Fauthorize&api-version=1.0
  response:
    body: {string: '{"tenant_discovery_endpoint":"https://login.windows-ppe.net/b1af47f1-138c-4ed2-8bba-119041b95450/.well-known/openid-configuration"}'}
    headers:
      access-control-allow-methods: ['GET, OPTIONS']
      access-control-allow-origin: ['*']
      cache-control: [private]
      content-length: ['131']
      content-type: [application/json; charset=utf-8]
      date: ['Tue, 13 Feb 2018 02:03:45 GMT']
      p3p: [CP="DSP CUR OTPi IND OTRi ONL FIN"]
      server: [Microsoft-IIS/10.0]
      set-cookie: [esctx=AQABAAAAAABHh4kmS_aKT5XrjzxRAtHzSRvCzrjwfRmUBgniYV3xdhekEZhSpBP7qEjrhJYl2ksevXso0ZBZ38QtlKC2WwcQ37el8NqAC96joVE0IeMBKfCGHO6yiutMsyIKJbngUoY-wzSCFDBi87yFmha45RQhmYpyjUbMCi-m8d4BSB1BCzE6w-7qzRGu41HKuaRr1j0gAA;
          domain=.login.windows.net; path=/; secure; HttpOnly, x-ms-gateway-slice=corp;
          path=/; secure; HttpOnly, stsservicecookie=ests; path=/; secure; HttpOnly]
      strict-transport-security: [max-age=31536000; includeSubDomains]
      x-content-type-options: [nosniff]
      x-powered-by: [ASP.NET]
    status: {code: 200, message: OK}
- request:
    body: null
    headers:
      Accept: [application/json]
      Accept-Encoding: ['gzip, deflate']
      Connection: [keep-alive]
      Content-Type: [application/json; charset=utf-8]
      User-Agent: [python/3.6.2 (Windows-10-10.0.16299-SP0) requests/2.18.4 msrest/0.4.26
          msrest_azure/0.4.21 subscriptionclient/1.3.0rc1 Azure-SDK-For-Python]
      accept-language: [en-US]
    method: GET
    uri: https://api-dogfood.resources.windows-int.net/subscriptions?api-version=2016-06-01
  response:
    body: {string: '{"value":[{"id":"/subscriptions/00000000-0000-0000-0000-000000000000","subscriptionId":"ebadb9cb-fd93-408a-afc8-19338086c73c","displayName":"Pay-As-You-Go","state":"Enabled","subscriptionPolicies":{"locationPlacementId":"Public_2014-09-01","quotaId":"PayAsYouGo_2014-09-01","spendingLimit":"Off"},"authorizationSource":"RoleBased"}]}'}
    headers:
      cache-control: [no-cache]
      content-length: ['333']
      content-type: [application/json; charset=utf-8]
      date: ['Tue, 13 Feb 2018 02:03:46 GMT']
      expires: ['-1']
      pragma: [no-cache]
      strict-transport-security: [max-age=31536000; includeSubDomains]
      transfer-encoding: [chunked]
      vary: [Accept-Encoding]
      x-content-type-options: [nosniff]
    status: {code: 200, message: OK}
- request:
    body: null
    headers:
      Accept: ['*/*']
      Accept-Charset: [utf-8]
      Accept-Encoding: ['gzip, deflate']
      Connection: [keep-alive]
      User-Agent: [python-requests/2.18.4]
      return-client-request-id: ['true']
      x-client-CPU: [x64]
      x-client-OS: [win32]
      x-client-SKU: [Python]
      x-client-Ver: [0.5.0]
    method: GET
    uri: https://login.windows.net/common/discovery/instance?authorization_endpoint=https%3A%2F%2Flogin.windows-ppe.net%2Fcommon%2Foauth2%2Fauthorize&api-version=1.0
  response:
    body: {string: '{"tenant_discovery_endpoint":"https://login.windows-ppe.net/common/.well-known/openid-configuration"}'}
    headers:
      access-control-allow-methods: ['GET, OPTIONS']
      access-control-allow-origin: ['*']
      cache-control: [private]
      content-length: ['101']
      content-type: [application/json; charset=utf-8]
      date: ['Tue, 13 Feb 2018 02:03:46 GMT']
      p3p: [CP="DSP CUR OTPi IND OTRi ONL FIN"]
      server: [Microsoft-IIS/10.0]
      set-cookie: [esctx=AQABAAAAAABHh4kmS_aKT5XrjzxRAtHzGjpMtI6N2s-UeBbpfnVRPXuRQkjImEgVIiSoIv75yMK34uaOYRCAW2knzsLuxl1iokqkFoNUE0e50f0nNAU5BvOE1ExmyZYogSASoPjKpTiRAteGgTpZdZIw3D3UwhquHNw4xosGMcT3FtPHfVtCDRHrvCuiapVxR2BO8jW71xwgAA;
          domain=.login.windows.net; path=/; secure; HttpOnly, x-ms-gateway-slice=corp;
          path=/; secure; HttpOnly, stsservicecookie=ests; path=/; secure; HttpOnly]
      strict-transport-security: [max-age=31536000; includeSubDomains]
      x-content-type-options: [nosniff]
      x-powered-by: [ASP.NET]
    status: {code: 200, message: OK}
- request:
    body: null
    headers:
      Accept: [application/json]
      Accept-Encoding: ['gzip, deflate']
      Connection: [keep-alive]
      Content-Type: [application/json; charset=utf-8]
      User-Agent: [python/3.6.2 (Windows-10-10.0.16299-SP0) requests/2.18.4 msrest/0.4.26
          msrest_azure/0.4.21 subscriptionclient/1.3.0rc1 Azure-SDK-For-Python]
      accept-language: [en-US]
    method: GET
    uri: https://api-dogfood.resources.windows-int.net/tenants?api-version=2016-06-01
  response:
    body: {string: '{"value":[{"id":"/tenants/6b2064b9-34bd-46e6-9092-52f2dd5f7fc0","tenantId":"6b2064b9-34bd-46e6-9092-52f2dd5f7fc0"}]}'}
    headers:
      cache-control: [no-cache]
      content-length: ['116']
      content-type: [application/json; charset=utf-8]
      date: ['Tue, 13 Feb 2018 02:03:47 GMT']
      expires: ['-1']
      pragma: [no-cache]
      strict-transport-security: [max-age=31536000; includeSubDomains]
      transfer-encoding: [chunked]
      vary: [Accept-Encoding]
      x-content-type-options: [nosniff]
    status: {code: 200, message: OK}
- request:
    body: null
    headers:
      Accept: ['*/*']
      Accept-Charset: [utf-8]
      Accept-Encoding: ['gzip, deflate']
      Connection: [keep-alive]
      User-Agent: [python-requests/2.18.4]
      return-client-request-id: ['true']
      x-client-CPU: [x64]
      x-client-OS: [win32]
      x-client-SKU: [Python]
      x-client-Ver: [0.5.0]
    method: GET
    uri: https://login.windows.net/common/discovery/instance?authorization_endpoint=https%3A%2F%2Flogin.windows-ppe.net%2F6b2064b9-34bd-46e6-9092-52f2dd5f7fc0%2Foauth2%2Fauthorize&api-version=1.0
  response:
    body: {string: '{"tenant_discovery_endpoint":"https://login.windows-ppe.net/6b2064b9-34bd-46e6-9092-52f2dd5f7fc0/.well-known/openid-configuration"}'}
    headers:
      access-control-allow-methods: ['GET, OPTIONS']
      access-control-allow-origin: ['*']
      cache-control: [private]
      content-length: ['131']
      content-type: [application/json; charset=utf-8]
      date: ['Tue, 13 Feb 2018 02:03:48 GMT']
      p3p: [CP="DSP CUR OTPi IND OTRi ONL FIN"]
      server: [Microsoft-IIS/10.0]
      set-cookie: [esctx=AQABAAAAAABHh4kmS_aKT5XrjzxRAtHzn_a3xfaf4RlMZxzB90ilTMWHWoSLSMLIU_atbthAoMvmnGCInPX4EHXiWj1nxKKdSV2GBnU9K7TPUiMtEULItTucew4BA-Viab6HEH8hyXQV85dPvOvUG-KLPPmVGqKVzxmh-JanHjQ18DgowulXF43LNi4EbnSl9SoLAR6HNCMgAA;
          domain=.login.windows.net; path=/; secure; HttpOnly, x-ms-gateway-slice=corp;
          path=/; secure; HttpOnly, stsservicecookie=ests; path=/; secure; HttpOnly]
      strict-transport-security: [max-age=31536000; includeSubDomains]
      x-content-type-options: [nosniff]
      x-powered-by: [ASP.NET]
    status: {code: 200, message: OK}
- request:
    body: null
    headers:
      Accept: [application/json]
      Accept-Encoding: ['gzip, deflate']
      Connection: [keep-alive]
      Content-Type: [application/json; charset=utf-8]
      User-Agent: [python/3.6.2 (Windows-10-10.0.16299-SP0) requests/2.18.4 msrest/0.4.26
          msrest_azure/0.4.21 subscriptionclient/1.3.0rc1 Azure-SDK-For-Python]
      accept-language: [en-US]
    method: GET
    uri: https://api-dogfood.resources.windows-int.net/subscriptions?api-version=2016-06-01
  response:
    body: {string: '{"value":[{"id":"/subscriptions/00000000-0000-0000-0000-000000000000","subscriptionId":"2a418b54-7643-4d8f-982c-d0802205d12c","displayName":"Pay-As-You-Go","state":"Enabled","subscriptionPolicies":{"locationPlacementId":"Public_2014-09-01","quotaId":"PayAsYouGo_2014-09-01","spendingLimit":"Off"},"authorizationSource":"RoleBased"},{"id":"/subscriptions/00000000-0000-0000-0000-000000000000","subscriptionId":"394ae65d-9e71-4462-930f-3332dedf845c","displayName":"Pay-As-You-Go","state":"Enabled","subscriptionPolicies":{"locationPlacementId":"Public_2014-09-01","quotaId":"PayAsYouGo_2014-09-01","spendingLimit":"Off"},"authorizationSource":"RoleBased"},{"id":"/subscriptions/00000000-0000-0000-0000-000000000000","subscriptionId":"8158c3e6-0c47-4d68-af4c-d521343aa3f8","displayName":"Pay-As-You-Go","state":"Enabled","subscriptionPolicies":{"locationPlacementId":"Public_2014-09-01","quotaId":"PayAsYouGo_2014-09-01","spendingLimit":"Off"},"authorizationSource":"RoleBased"},{"id":"/subscriptions/00000000-0000-0000-0000-000000000000","subscriptionId":"d6dc5efd-7edd-47b2-b5b5-9e28460adf7d","displayName":"Pay-As-You-Go","state":"Enabled","subscriptionPolicies":{"locationPlacementId":"Public_2014-09-01","quotaId":"PayAsYouGo_2014-09-01","spendingLimit":"Off"},"authorizationSource":"RoleBased"}]}'}
    headers:
      cache-control: [no-cache]
      content-length: ['1299']
      content-type: [application/json; charset=utf-8]
      date: ['Tue, 13 Feb 2018 02:03:48 GMT']
      expires: ['-1']
      pragma: [no-cache]
      strict-transport-security: [max-age=31536000; includeSubDomains]
      transfer-encoding: [chunked]
      vary: [Accept-Encoding]
      x-content-type-options: [nosniff]
    status: {code: 200, message: OK}
- request:
    body: null
    headers:
      Accept: ['*/*']
      Accept-Charset: [utf-8]
      Accept-Encoding: ['gzip, deflate']
      Connection: [keep-alive]
      User-Agent: [python-requests/2.18.4]
      return-client-request-id: ['true']
      x-client-CPU: [x64]
      x-client-OS: [win32]
      x-client-SKU: [Python]
      x-client-Ver: [0.5.0]
    method: GET
    uri: https://login.windows.net/common/discovery/instance?authorization_endpoint=https%3A%2F%2Flogin.windows-ppe.net%2F6b2064b9-34bd-46e6-9092-52f2dd5f7fc0%2Foauth2%2Fauthorize&api-version=1.0
  response:
    body: {string: '{"tenant_discovery_endpoint":"https://login.windows-ppe.net/6b2064b9-34bd-46e6-9092-52f2dd5f7fc0/.well-known/openid-configuration"}'}
    headers:
      access-control-allow-methods: ['GET, OPTIONS']
      access-control-allow-origin: ['*']
      cache-control: [private]
      content-length: ['131']
      content-type: [application/json; charset=utf-8]
      date: ['Tue, 13 Feb 2018 02:03:49 GMT']
      p3p: [CP="DSP CUR OTPi IND OTRi ONL FIN"]
      server: [Microsoft-IIS/10.0]
      set-cookie: [esctx=AQABAAAAAABHh4kmS_aKT5XrjzxRAtHzxN080hXctxPYg8mKcmMGoYY1QrVRhhkmPnRGjom6EnOeGxEouxCwwehHuUqeVF_85L-XUs0IlZiaVGKz6IrLa5BErJslxr7BRV28SCEM2Iw29ezRCernbevqRiDY3s0H3iKDWG7PIMJjOWkmHMnsio5eDPzOOFkOjPIt33-2oz8gAA;
          domain=.login.windows.net; path=/; secure; HttpOnly, x-ms-gateway-slice=corp;
          path=/; secure; HttpOnly, stsservicecookie=ests; path=/; secure; HttpOnly]
      strict-transport-security: [max-age=31536000; includeSubDomains]
      x-content-type-options: [nosniff]
      x-powered-by: [ASP.NET]
    status: {code: 200, message: OK}
- request:
    body: null
    headers:
      Accept: [application/json]
      Accept-Encoding: ['gzip, deflate']
      CommandName: [account management-group subscription add]
      Connection: [keep-alive]
      Content-Length: ['0']
      Content-Type: [application/json; charset=utf-8]
      User-Agent: [python/3.6.2 (Windows-10-10.0.16299-SP0) requests/2.18.4 msrest/0.4.26
          msrest_azure/0.4.21 resourcemanagementclient/1.3.0rc1 Azure-SDK-For-Python
          AZURECLI/2.0.27]
      accept-language: [en-US]
    method: POST
    uri: https://api-dogfood.resources.windows-int.net/subscriptions/00000000-0000-0000-0000-000000000000/providers/Microsoft.Management/register?api-version=2018-05-01
  response:
    body: {string: '{"id":"/subscriptions/00000000-0000-0000-0000-000000000000/providers/Microsoft.Management","namespace":"Microsoft.Management","authorization":{"applicationId":"f2c304cf-8e7e-4c3f-8164-16299ad9d272","roleDefinitionId":"c1cf3708-588a-4647-be7f-f400bbe214cf"},"resourceTypes":[{"resourceType":"resources","locations":[],"apiVersions":["2017-11-01-preview","2017-08-31-preview","2017-06-30-preview","2017-05-31-preview"]},{"resourceType":"managementGroups","locations":[],"apiVersions":["2018-01-01-preview","2017-11-01-preview","2017-08-31-preview","2017-06-30-preview","2017-05-31-preview"]},{"resourceType":"getEntities","locations":[],"apiVersions":["2018-01-01-preview"]},{"resourceType":"checkNameAvailability","locations":[],"apiVersions":["2018-01-01-preview"]},{"resourceType":"operationResults","locations":[],"apiVersions":["2018-01-01-preview"]},{"resourceType":"operations","locations":[],"apiVersions":["2017-11-01-preview","2017-08-31-preview","2017-06-30-preview","2017-05-31-preview"]}],"registrationState":"Registered"}'}
    headers:
      cache-control: [no-cache]
      content-length: ['1033']
      content-type: [application/json; charset=utf-8]
      date: ['Tue, 13 Feb 2018 02:03:49 GMT']
      expires: ['-1']
      pragma: [no-cache]
      strict-transport-security: [max-age=31536000; includeSubDomains]
      transfer-encoding: [chunked]
      vary: [Accept-Encoding]
      x-content-type-options: [nosniff]
      x-ms-ratelimit-remaining-subscription-writes: ['1196']
    status: {code: 200, message: OK}
- request:
    body: null
    headers:
      Accept: ['*/*']
      Accept-Charset: [utf-8]
      Accept-Encoding: ['gzip, deflate']
      Connection: [keep-alive]
      User-Agent: [python-requests/2.18.4]
      return-client-request-id: ['true']
      x-client-CPU: [x64]
      x-client-OS: [win32]
      x-client-SKU: [Python]
      x-client-Ver: [0.5.0]
    method: GET
    uri: https://login.windows.net/common/discovery/instance?authorization_endpoint=https%3A%2F%2Flogin.windows-ppe.net%2F6b2064b9-34bd-46e6-9092-52f2dd5f7fc0%2Foauth2%2Fauthorize&api-version=1.0
  response:
    body: {string: '{"tenant_discovery_endpoint":"https://login.windows-ppe.net/6b2064b9-34bd-46e6-9092-52f2dd5f7fc0/.well-known/openid-configuration"}'}
    headers:
      access-control-allow-methods: ['GET, OPTIONS']
      access-control-allow-origin: ['*']
      cache-control: [private]
      content-length: ['131']
      content-type: [application/json; charset=utf-8]
      date: ['Tue, 13 Feb 2018 02:03:59 GMT']
      p3p: [CP="DSP CUR OTPi IND OTRi ONL FIN"]
      server: [Microsoft-IIS/10.0]
      set-cookie: [esctx=AQABAAAAAABHh4kmS_aKT5XrjzxRAtHzsygd-t0dv-wvYBKsjgPUHkHPSoL4_XegRlCbOJeMV82YkbzcaisBDtIBDbaxkEEoBLTALDbtswHwKQOIZVFi11irJXrR6TYNyjSEHOJLqFgEB72qrk0DpqkOucCGhaQZbz3zdZizhEYResqlpxZLIKBZ0US08kHgBsmR7SqHP0QgAA;
          domain=.login.windows.net; path=/; secure; HttpOnly, x-ms-gateway-slice=corp;
          path=/; secure; HttpOnly, stsservicecookie=ests; path=/; secure; HttpOnly]
      strict-transport-security: [max-age=31536000; includeSubDomains]
      x-content-type-options: [nosniff]
      x-powered-by: [ASP.NET]
    status: {code: 200, message: OK}
- request:
    body: null
    headers:
      Accept: [application/json]
      Accept-Encoding: ['gzip, deflate']
      CommandName: [account management-group subscription add]
      Connection: [keep-alive]
      Content-Type: [application/json; charset=utf-8]
      User-Agent: [python/3.6.2 (Windows-10-10.0.16299-SP0) requests/2.18.4 msrest/0.4.26
          msrest_azure/0.4.21 resourcemanagementclient/1.3.0rc1 Azure-SDK-For-Python
          AZURECLI/2.0.27]
      accept-language: [en-US]
    method: GET
    uri: https://api-dogfood.resources.windows-int.net/subscriptions/00000000-0000-0000-0000-000000000000/providers/Microsoft.Management?api-version=2018-05-01
  response:
    body: {string: '{"id":"/subscriptions/00000000-0000-0000-0000-000000000000/providers/Microsoft.Management","namespace":"Microsoft.Management","authorization":{"applicationId":"f2c304cf-8e7e-4c3f-8164-16299ad9d272","roleDefinitionId":"c1cf3708-588a-4647-be7f-f400bbe214cf"},"resourceTypes":[{"resourceType":"resources","locations":[],"apiVersions":["2017-11-01-preview","2017-08-31-preview","2017-06-30-preview","2017-05-31-preview"]},{"resourceType":"managementGroups","locations":[],"apiVersions":["2018-01-01-preview","2017-11-01-preview","2017-08-31-preview","2017-06-30-preview","2017-05-31-preview"]},{"resourceType":"getEntities","locations":[],"apiVersions":["2018-01-01-preview"]},{"resourceType":"checkNameAvailability","locations":[],"apiVersions":["2018-01-01-preview"]},{"resourceType":"operationResults","locations":[],"apiVersions":["2018-01-01-preview"]},{"resourceType":"operations","locations":[],"apiVersions":["2017-11-01-preview","2017-08-31-preview","2017-06-30-preview","2017-05-31-preview"]}],"registrationState":"Registered"}'}
    headers:
      cache-control: [no-cache]
      content-length: ['1033']
      content-type: [application/json; charset=utf-8]
      date: ['Tue, 13 Feb 2018 02:04:00 GMT']
      expires: ['-1']
      pragma: [no-cache]
      strict-transport-security: [max-age=31536000; includeSubDomains]
      vary: [Accept-Encoding]
      x-content-type-options: [nosniff]
    status: {code: 200, message: OK}
- request:
    body: null
    headers:
      Accept: ['*/*']
      Accept-Charset: [utf-8]
      Accept-Encoding: ['gzip, deflate']
      Connection: [keep-alive]
      User-Agent: [python-requests/2.18.4]
      return-client-request-id: ['true']
      x-client-CPU: [x64]
      x-client-OS: [win32]
      x-client-SKU: [Python]
      x-client-Ver: [0.5.0]
    method: GET
    uri: https://login.windows.net/common/discovery/instance?authorization_endpoint=https%3A%2F%2Flogin.windows-ppe.net%2F6b2064b9-34bd-46e6-9092-52f2dd5f7fc0%2Foauth2%2Fauthorize&api-version=1.0
  response:
    body: {string: '{"tenant_discovery_endpoint":"https://login.windows-ppe.net/6b2064b9-34bd-46e6-9092-52f2dd5f7fc0/.well-known/openid-configuration"}'}
    headers:
      access-control-allow-methods: ['GET, OPTIONS']
      access-control-allow-origin: ['*']
      cache-control: [private]
      content-length: ['131']
      content-type: [application/json; charset=utf-8]
      date: ['Tue, 13 Feb 2018 02:04:00 GMT']
      p3p: [CP="DSP CUR OTPi IND OTRi ONL FIN"]
      server: [Microsoft-IIS/10.0]
      set-cookie: [esctx=AQABAAAAAABHh4kmS_aKT5XrjzxRAtHz-qlpULhVy0sQ_lYRa4TfUxt7lez6i-eUUuH5HU4zQQTL9H93XVd5Mt0HGI5QwcBghQyqQvz6DjeYFnJFaeBYlVAblm_PUe8uRHFVXjlN-FMdUlv7RHRwMDhqTN3ke08O54LQebY5avYsrwPZssZXm1OnAMog1kR-FmnoRxxjyH8gAA;
          domain=.login.windows.net; path=/; secure; HttpOnly, x-ms-gateway-slice=corp;
          path=/; secure; HttpOnly, stsservicecookie=ests; path=/; secure; HttpOnly]
      strict-transport-security: [max-age=31536000; includeSubDomains]
      x-content-type-options: [nosniff]
      x-powered-by: [ASP.NET]
    status: {code: 200, message: OK}
- request:
    body: null
    headers:
      Accept: [application/json]
      Accept-Encoding: ['gzip, deflate']
      CommandName: [account management-group subscription add]
      Connection: [keep-alive]
      Content-Length: ['0']
      Content-Type: [application/json; charset=utf-8]
      User-Agent: [python/3.6.2 (Windows-10-10.0.16299-SP0) requests/2.18.4 msrest/0.4.26
          msrest_azure/0.4.21 resourcemanagementclient/1.3.0rc1 Azure-SDK-For-Python
          AZURECLI/2.0.27]
      accept-language: [en-US]
    method: POST
    uri: https://api-dogfood.resources.windows-int.net/subscriptions/00000000-0000-0000-0000-000000000000/providers/Microsoft.Management/register?api-version=2018-05-01
  response:
    body: {string: '{"id":"/subscriptions/00000000-0000-0000-0000-000000000000/providers/Microsoft.Management","namespace":"Microsoft.Management","authorization":{"applicationId":"f2c304cf-8e7e-4c3f-8164-16299ad9d272","roleDefinitionId":"c1cf3708-588a-4647-be7f-f400bbe214cf"},"resourceTypes":[{"resourceType":"resources","locations":[],"apiVersions":["2017-11-01-preview","2017-08-31-preview","2017-06-30-preview","2017-05-31-preview"]},{"resourceType":"managementGroups","locations":[],"apiVersions":["2018-01-01-preview","2017-11-01-preview","2017-08-31-preview","2017-06-30-preview","2017-05-31-preview"]},{"resourceType":"getEntities","locations":[],"apiVersions":["2018-01-01-preview"]},{"resourceType":"checkNameAvailability","locations":[],"apiVersions":["2018-01-01-preview"]},{"resourceType":"operationResults","locations":[],"apiVersions":["2018-01-01-preview"]},{"resourceType":"operations","locations":[],"apiVersions":["2017-11-01-preview","2017-08-31-preview","2017-06-30-preview","2017-05-31-preview"]}],"registrationState":"Registered"}'}
    headers:
      cache-control: [no-cache]
      content-length: ['1033']
      content-type: [application/json; charset=utf-8]
      date: ['Tue, 13 Feb 2018 02:04:01 GMT']
      expires: ['-1']
      pragma: [no-cache]
      strict-transport-security: [max-age=31536000; includeSubDomains]
      transfer-encoding: [chunked]
      vary: [Accept-Encoding]
      x-content-type-options: [nosniff]
      x-ms-ratelimit-remaining-subscription-writes: ['1195']
    status: {code: 200, message: OK}
- request:
    body: null
    headers:
      Accept: ['*/*']
      Accept-Charset: [utf-8]
      Accept-Encoding: ['gzip, deflate']
      Connection: [keep-alive]
      User-Agent: [python-requests/2.18.4]
      return-client-request-id: ['true']
      x-client-CPU: [x64]
      x-client-OS: [win32]
      x-client-SKU: [Python]
      x-client-Ver: [0.5.0]
    method: GET
    uri: https://login.windows.net/common/discovery/instance?authorization_endpoint=https%3A%2F%2Flogin.windows-ppe.net%2F6b2064b9-34bd-46e6-9092-52f2dd5f7fc0%2Foauth2%2Fauthorize&api-version=1.0
  response:
    body: {string: '{"tenant_discovery_endpoint":"https://login.windows-ppe.net/6b2064b9-34bd-46e6-9092-52f2dd5f7fc0/.well-known/openid-configuration"}'}
    headers:
      access-control-allow-methods: ['GET, OPTIONS']
      access-control-allow-origin: ['*']
      cache-control: [private]
      content-length: ['131']
      content-type: [application/json; charset=utf-8]
      date: ['Tue, 13 Feb 2018 02:04:12 GMT']
      p3p: [CP="DSP CUR OTPi IND OTRi ONL FIN"]
      server: [Microsoft-IIS/10.0]
      set-cookie: [esctx=AQABAAAAAABHh4kmS_aKT5XrjzxRAtHzShhLibNsb1fcpp4aePxSTp61jyTV_ZP7IR3Bq7ThIrhvmxYgC4rHC1hIJ09LLT7agQrh7Y5ZPx3XS2a--CHAWCFvCZwkWuvk2iuGggACh72DOxFxQ51k7ni2ePw6ZQXemTsFv9oMw8UXvm4GrUCbL639QMHl_hLYit4lPtWQSlUgAA;
          domain=.login.windows.net; path=/; secure; HttpOnly, x-ms-gateway-slice=corp;
          path=/; secure; HttpOnly, stsservicecookie=ests; path=/; secure; HttpOnly]
      strict-transport-security: [max-age=31536000; includeSubDomains]
      x-content-type-options: [nosniff]
      x-powered-by: [ASP.NET]
    status: {code: 200, message: OK}
- request:
    body: null
    headers:
      Accept: [application/json]
      Accept-Encoding: ['gzip, deflate']
      CommandName: [account management-group subscription add]
      Connection: [keep-alive]
      Content-Type: [application/json; charset=utf-8]
      User-Agent: [python/3.6.2 (Windows-10-10.0.16299-SP0) requests/2.18.4 msrest/0.4.26
          msrest_azure/0.4.21 resourcemanagementclient/1.3.0rc1 Azure-SDK-For-Python
          AZURECLI/2.0.27]
      accept-language: [en-US]
    method: GET
    uri: https://api-dogfood.resources.windows-int.net/subscriptions/00000000-0000-0000-0000-000000000000/providers/Microsoft.Management?api-version=2018-05-01
  response:
    body: {string: '{"id":"/subscriptions/00000000-0000-0000-0000-000000000000/providers/Microsoft.Management","namespace":"Microsoft.Management","authorization":{"applicationId":"f2c304cf-8e7e-4c3f-8164-16299ad9d272","roleDefinitionId":"c1cf3708-588a-4647-be7f-f400bbe214cf"},"resourceTypes":[{"resourceType":"resources","locations":[],"apiVersions":["2017-11-01-preview","2017-08-31-preview","2017-06-30-preview","2017-05-31-preview"]},{"resourceType":"managementGroups","locations":[],"apiVersions":["2018-01-01-preview","2017-11-01-preview","2017-08-31-preview","2017-06-30-preview","2017-05-31-preview"]},{"resourceType":"getEntities","locations":[],"apiVersions":["2018-01-01-preview"]},{"resourceType":"checkNameAvailability","locations":[],"apiVersions":["2018-01-01-preview"]},{"resourceType":"operationResults","locations":[],"apiVersions":["2018-01-01-preview"]},{"resourceType":"operations","locations":[],"apiVersions":["2017-11-01-preview","2017-08-31-preview","2017-06-30-preview","2017-05-31-preview"]}],"registrationState":"Registered"}'}
    headers:
      cache-control: [no-cache]
      content-length: ['1033']
      content-type: [application/json; charset=utf-8]
      date: ['Tue, 13 Feb 2018 02:04:11 GMT']
      expires: ['-1']
      pragma: [no-cache]
      strict-transport-security: [max-age=31536000; includeSubDomains]
      vary: [Accept-Encoding]
      x-content-type-options: [nosniff]
    status: {code: 200, message: OK}
- request:
    body: null
    headers:
      Accept: ['*/*']
      Accept-Charset: [utf-8]
      Accept-Encoding: ['gzip, deflate']
      Connection: [keep-alive]
      User-Agent: [python-requests/2.18.4]
      return-client-request-id: ['true']
      x-client-CPU: [x64]
      x-client-OS: [win32]
      x-client-SKU: [Python]
      x-client-Ver: [0.5.0]
    method: GET
    uri: https://login.windows.net/common/discovery/instance?authorization_endpoint=https%3A%2F%2Flogin.windows-ppe.net%2F6b2064b9-34bd-46e6-9092-52f2dd5f7fc0%2Foauth2%2Fauthorize&api-version=1.0
  response:
    body: {string: '{"tenant_discovery_endpoint":"https://login.windows-ppe.net/6b2064b9-34bd-46e6-9092-52f2dd5f7fc0/.well-known/openid-configuration"}'}
    headers:
      access-control-allow-methods: ['GET, OPTIONS']
      access-control-allow-origin: ['*']
      cache-control: [private]
      content-length: ['131']
      content-type: [application/json; charset=utf-8]
      date: ['Tue, 13 Feb 2018 02:04:12 GMT']
      p3p: [CP="DSP CUR OTPi IND OTRi ONL FIN"]
      server: [Microsoft-IIS/10.0]
      set-cookie: [esctx=AQABAAAAAABHh4kmS_aKT5XrjzxRAtHzl5bH191zsubhcqC73wnci7Pw6kW7C7SAGW2cUeLhwocAeWkM-SI3mvS5hHkc1HAZTnlUm9PrzqgSiXKVPCO4B-mv3lc9TnXJ_jGVPjQKZXi2NBsd6p4aof-ZrOiJzuXxga-_ezWm6CKwnOQ-CvrQta_sq1yiYVFHQqVLJ24RUqYgAA;
          domain=.login.windows.net; path=/; secure; HttpOnly, x-ms-gateway-slice=corp;
          path=/; secure; HttpOnly, stsservicecookie=ests; path=/; secure; HttpOnly]
      strict-transport-security: [max-age=31536000; includeSubDomains]
      x-content-type-options: [nosniff]
      x-powered-by: [ASP.NET]
    status: {code: 200, message: OK}
- request:
    body: null
    headers:
      Accept: [application/json]
      Accept-Encoding: ['gzip, deflate']
      Cache-Control: [no-cache]
      CommandName: [account management-group subscription add]
      Connection: [keep-alive]
      Content-Length: ['0']
      Content-Type: [application/json; charset=utf-8]
      User-Agent: [python/3.6.2 (Windows-10-10.0.16299-SP0) requests/2.18.4 msrest/0.4.26
          msrest_azure/0.4.21 azure-mgmt-managementgroups/2017-11-01-preview Azure-SDK-For-Python
          AZURECLI/2.0.27]
      accept-language: [en-US]
    method: PUT
    uri: https://api-dogfood.resources.windows-int.net/providers/Microsoft.Management/managementGroups/testGroup123/subscriptions/00000000-0000-0000-0000-000000000000?api-version=2017-11-01-preview
  response:
    body: {string: ''}
    headers:
      cache-control: [no-cache]
      date: ['Tue, 13 Feb 2018 02:04:16 GMT']
      expires: ['-1']
      pragma: [no-cache]
      request-id: [01f577ed-8ef0-4797-aa7e-e584e27a63ff]
      server: [Microsoft-IIS/8.5]
      strict-transport-security: [max-age=31536000; includeSubDomains]
      x-aspnet-version: [4.0.30319]
      x-ba-restapi: [1.0.3.520]
      x-content-type-options: [nosniff]
      x-ms-ratelimit-remaining-tenant-writes: ['1199']
      x-powered-by: [ASP.NET]
    status: {code: 204, message: No Content}
- request:
    body: null
    headers:
      Accept: ['*/*']
      Accept-Charset: [utf-8]
      Accept-Encoding: ['gzip, deflate']
      Connection: [keep-alive]
      User-Agent: [python-requests/2.18.4]
      return-client-request-id: ['true']
      x-client-CPU: [x64]
      x-client-OS: [win32]
      x-client-SKU: [Python]
      x-client-Ver: [0.5.0]
    method: GET
    uri: https://login.windows.net/common/discovery/instance?authorization_endpoint=https%3A%2F%2Flogin.windows-ppe.net%2Fcommon%2Foauth2%2Fauthorize&api-version=1.0
  response:
    body: {string: '{"tenant_discovery_endpoint":"https://login.windows-ppe.net/common/.well-known/openid-configuration"}'}
    headers:
      access-control-allow-methods: ['GET, OPTIONS']
      access-control-allow-origin: ['*']
      cache-control: [private]
      content-length: ['101']
      content-type: [application/json; charset=utf-8]
      date: ['Tue, 13 Feb 2018 02:04:17 GMT']
      p3p: [CP="DSP CUR OTPi IND OTRi ONL FIN"]
      server: [Microsoft-IIS/10.0]
      set-cookie: [esctx=AQABAAAAAABHh4kmS_aKT5XrjzxRAtHzvv7AR55n4r3Q0h6bHXTZWZL2DKoXLPryGe8vWEpOVqiBgnrJw1gnbrGFPRagCFvxyCzVsDoiaF37aEEmJf6-RNUw-Sy5p1kqMwP2ObCYoufNrViLe7v7_7XDxyvH-ksmNU3LSfrnCqT0j53qX_rzCOjG2LKMmaAfjFAeJWBhktAgAA;
          domain=.login.windows.net; path=/; secure; HttpOnly, x-ms-gateway-slice=corp;
          path=/; secure; HttpOnly, stsservicecookie=ests; path=/; secure; HttpOnly]
      strict-transport-security: [max-age=31536000; includeSubDomains]
      x-content-type-options: [nosniff]
      x-powered-by: [ASP.NET]
    status: {code: 200, message: OK}
- request:
    body: null
    headers:
      Accept: [application/json]
      Accept-Encoding: ['gzip, deflate']
      Connection: [keep-alive]
      Content-Type: [application/json; charset=utf-8]
      User-Agent: [python/3.6.2 (Windows-10-10.0.16299-SP0) requests/2.18.4 msrest/0.4.26
          msrest_azure/0.4.21 subscriptionclient/1.3.0rc1 Azure-SDK-For-Python]
      accept-language: [en-US]
    method: GET
    uri: https://api-dogfood.resources.windows-int.net/tenants?api-version=2016-06-01
  response:
    body: {string: '{"value":[{"id":"/tenants/b1af47f1-138c-4ed2-8bba-119041b95450","tenantId":"b1af47f1-138c-4ed2-8bba-119041b95450"}]}'}
    headers:
      cache-control: [no-cache]
      content-length: ['116']
      content-type: [application/json; charset=utf-8]
      date: ['Tue, 13 Feb 2018 02:04:17 GMT']
      expires: ['-1']
      pragma: [no-cache]
      strict-transport-security: [max-age=31536000; includeSubDomains]
      transfer-encoding: [chunked]
      vary: [Accept-Encoding]
      x-content-type-options: [nosniff]
    status: {code: 200, message: OK}
- request:
    body: null
    headers:
      Accept: ['*/*']
      Accept-Charset: [utf-8]
      Accept-Encoding: ['gzip, deflate']
      Connection: [keep-alive]
      User-Agent: [python-requests/2.18.4]
      return-client-request-id: ['true']
      x-client-CPU: [x64]
      x-client-OS: [win32]
      x-client-SKU: [Python]
      x-client-Ver: [0.5.0]
    method: GET
    uri: https://login.windows.net/common/discovery/instance?authorization_endpoint=https%3A%2F%2Flogin.windows-ppe.net%2Fb1af47f1-138c-4ed2-8bba-119041b95450%2Foauth2%2Fauthorize&api-version=1.0
  response:
    body: {string: '{"tenant_discovery_endpoint":"https://login.windows-ppe.net/b1af47f1-138c-4ed2-8bba-119041b95450/.well-known/openid-configuration"}'}
    headers:
      access-control-allow-methods: ['GET, OPTIONS']
      access-control-allow-origin: ['*']
      cache-control: [private]
      content-length: ['131']
      content-type: [application/json; charset=utf-8]
      date: ['Tue, 13 Feb 2018 02:04:18 GMT']
      p3p: [CP="DSP CUR OTPi IND OTRi ONL FIN"]
      server: [Microsoft-IIS/10.0]
      set-cookie: [esctx=AQABAAAAAABHh4kmS_aKT5XrjzxRAtHzI-n4wG_zpAqOzN3K_M2Wlwqsru9Ieel-wr7NX0x27ng2SMibpBMMY-XPF91w5ScgdKd9V_Vo_RZVIqjANBCdnidsh9qvXa-B5LT0bEBuIyS6gGLpQl0ZwGjEGBMucFS4CpCpQt0Wo2dCwYFV4WQYYqS4VsIITQZw8-DejDuvCYogAA;
          domain=.login.windows.net; path=/; secure; HttpOnly, x-ms-gateway-slice=corp;
          path=/; secure; HttpOnly, stsservicecookie=ests; path=/; secure; HttpOnly]
      strict-transport-security: [max-age=31536000; includeSubDomains]
      x-content-type-options: [nosniff]
      x-powered-by: [ASP.NET]
    status: {code: 200, message: OK}
- request:
    body: null
    headers:
      Accept: [application/json]
      Accept-Encoding: ['gzip, deflate']
      Connection: [keep-alive]
      Content-Type: [application/json; charset=utf-8]
      User-Agent: [python/3.6.2 (Windows-10-10.0.16299-SP0) requests/2.18.4 msrest/0.4.26
          msrest_azure/0.4.21 subscriptionclient/1.3.0rc1 Azure-SDK-For-Python]
      accept-language: [en-US]
    method: GET
    uri: https://api-dogfood.resources.windows-int.net/subscriptions?api-version=2016-06-01
  response:
    body: {string: '{"value":[{"id":"/subscriptions/00000000-0000-0000-0000-000000000000","subscriptionId":"ebadb9cb-fd93-408a-afc8-19338086c73c","displayName":"Pay-As-You-Go","state":"Enabled","subscriptionPolicies":{"locationPlacementId":"Public_2014-09-01","quotaId":"PayAsYouGo_2014-09-01","spendingLimit":"Off"},"authorizationSource":"RoleBased"}]}'}
    headers:
      cache-control: [no-cache]
      content-length: ['333']
      content-type: [application/json; charset=utf-8]
      date: ['Tue, 13 Feb 2018 02:04:19 GMT']
      expires: ['-1']
      pragma: [no-cache]
      strict-transport-security: [max-age=31536000; includeSubDomains]
      transfer-encoding: [chunked]
      vary: [Accept-Encoding]
      x-content-type-options: [nosniff]
    status: {code: 200, message: OK}
- request:
    body: null
    headers:
      Accept: ['*/*']
      Accept-Charset: [utf-8]
      Accept-Encoding: ['gzip, deflate']
      Connection: [keep-alive]
      User-Agent: [python-requests/2.18.4]
      return-client-request-id: ['true']
      x-client-CPU: [x64]
      x-client-OS: [win32]
      x-client-SKU: [Python]
      x-client-Ver: [0.5.0]
    method: GET
    uri: https://login.windows.net/common/discovery/instance?authorization_endpoint=https%3A%2F%2Flogin.windows-ppe.net%2Fcommon%2Foauth2%2Fauthorize&api-version=1.0
  response:
    body: {string: '{"tenant_discovery_endpoint":"https://login.windows-ppe.net/common/.well-known/openid-configuration"}'}
    headers:
      access-control-allow-methods: ['GET, OPTIONS']
      access-control-allow-origin: ['*']
      cache-control: [private]
      content-length: ['101']
      content-type: [application/json; charset=utf-8]
      date: ['Tue, 13 Feb 2018 02:04:19 GMT']
      p3p: [CP="DSP CUR OTPi IND OTRi ONL FIN"]
      server: [Microsoft-IIS/10.0]
      set-cookie: [esctx=AQABAAAAAABHh4kmS_aKT5XrjzxRAtHzLNwnNEil127YM0XtpfWTrgLbiwWOFrldQTEkABMU8DQF9TXMxuVf9UgIByJaIsQqgHnHE8wOe99BzfmO3MW5KExO6WAo8zdhZUBd1Fz8EvUtQWrcnOr8bvZa2h3LNjfEp45vr5TAF6Ser9kwLotI8xYX2tAV99PkGFEetTC3pqggAA;
          domain=.login.windows.net; path=/; secure; HttpOnly, x-ms-gateway-slice=corp;
          path=/; secure; HttpOnly, stsservicecookie=ests; path=/; secure; HttpOnly]
      strict-transport-security: [max-age=31536000; includeSubDomains]
      x-content-type-options: [nosniff]
      x-powered-by: [ASP.NET]
    status: {code: 200, message: OK}
- request:
    body: null
    headers:
      Accept: [application/json]
      Accept-Encoding: ['gzip, deflate']
      Connection: [keep-alive]
      Content-Type: [application/json; charset=utf-8]
      User-Agent: [python/3.6.2 (Windows-10-10.0.16299-SP0) requests/2.18.4 msrest/0.4.26
          msrest_azure/0.4.21 subscriptionclient/1.3.0rc1 Azure-SDK-For-Python]
      accept-language: [en-US]
    method: GET
    uri: https://api-dogfood.resources.windows-int.net/tenants?api-version=2016-06-01
  response:
    body: {string: '{"value":[{"id":"/tenants/6b2064b9-34bd-46e6-9092-52f2dd5f7fc0","tenantId":"6b2064b9-34bd-46e6-9092-52f2dd5f7fc0"}]}'}
    headers:
      cache-control: [no-cache]
      content-length: ['116']
      content-type: [application/json; charset=utf-8]
      date: ['Tue, 13 Feb 2018 02:04:20 GMT']
      expires: ['-1']
      pragma: [no-cache]
      strict-transport-security: [max-age=31536000; includeSubDomains]
      transfer-encoding: [chunked]
      vary: [Accept-Encoding]
      x-content-type-options: [nosniff]
    status: {code: 200, message: OK}
- request:
    body: null
    headers:
      Accept: ['*/*']
      Accept-Charset: [utf-8]
      Accept-Encoding: ['gzip, deflate']
      Connection: [keep-alive]
      User-Agent: [python-requests/2.18.4]
      return-client-request-id: ['true']
      x-client-CPU: [x64]
      x-client-OS: [win32]
      x-client-SKU: [Python]
      x-client-Ver: [0.5.0]
    method: GET
    uri: https://login.windows.net/common/discovery/instance?authorization_endpoint=https%3A%2F%2Flogin.windows-ppe.net%2F6b2064b9-34bd-46e6-9092-52f2dd5f7fc0%2Foauth2%2Fauthorize&api-version=1.0
  response:
    body: {string: '{"tenant_discovery_endpoint":"https://login.windows-ppe.net/6b2064b9-34bd-46e6-9092-52f2dd5f7fc0/.well-known/openid-configuration"}'}
    headers:
      access-control-allow-methods: ['GET, OPTIONS']
      access-control-allow-origin: ['*']
      cache-control: [private]
      content-length: ['131']
      content-type: [application/json; charset=utf-8]
      date: ['Tue, 13 Feb 2018 02:04:21 GMT']
      p3p: [CP="DSP CUR OTPi IND OTRi ONL FIN"]
      server: [Microsoft-IIS/10.0]
      set-cookie: [esctx=AQABAAAAAABHh4kmS_aKT5XrjzxRAtHz8X_WYLXeR26_fUrrBEChJXT-pGNNuMU0OTQ3B_c-fTrpOuOk2CscuTbIItTXsXxljPQKlUU9UmNBsgAWVw4H6RyqqD3Vfa4aNysV6nUp9j1Rf8jPl_sZP4BW34OIk-ggjNLz0RbB4my-VVOl8EVlr6Pcr1fBMGooS_expRzDQYIgAA;
          domain=.login.windows.net; path=/; secure; HttpOnly, x-ms-gateway-slice=corp;
          path=/; secure; HttpOnly, stsservicecookie=ests; path=/; secure; HttpOnly]
      strict-transport-security: [max-age=31536000; includeSubDomains]
      x-content-type-options: [nosniff]
      x-powered-by: [ASP.NET]
    status: {code: 200, message: OK}
- request:
    body: null
    headers:
      Accept: [application/json]
      Accept-Encoding: ['gzip, deflate']
      Connection: [keep-alive]
      Content-Type: [application/json; charset=utf-8]
      User-Agent: [python/3.6.2 (Windows-10-10.0.16299-SP0) requests/2.18.4 msrest/0.4.26
          msrest_azure/0.4.21 subscriptionclient/1.3.0rc1 Azure-SDK-For-Python]
      accept-language: [en-US]
    method: GET
    uri: https://api-dogfood.resources.windows-int.net/subscriptions?api-version=2016-06-01
  response:
    body: {string: '{"value":[{"id":"/subscriptions/00000000-0000-0000-0000-000000000000","subscriptionId":"2a418b54-7643-4d8f-982c-d0802205d12c","displayName":"Pay-As-You-Go","state":"Enabled","subscriptionPolicies":{"locationPlacementId":"Public_2014-09-01","quotaId":"PayAsYouGo_2014-09-01","spendingLimit":"Off"},"authorizationSource":"RoleBased"},{"id":"/subscriptions/00000000-0000-0000-0000-000000000000","subscriptionId":"394ae65d-9e71-4462-930f-3332dedf845c","displayName":"Pay-As-You-Go","state":"Enabled","subscriptionPolicies":{"locationPlacementId":"Public_2014-09-01","quotaId":"PayAsYouGo_2014-09-01","spendingLimit":"Off"},"authorizationSource":"RoleBased"},{"id":"/subscriptions/00000000-0000-0000-0000-000000000000","subscriptionId":"8158c3e6-0c47-4d68-af4c-d521343aa3f8","displayName":"Pay-As-You-Go","state":"Enabled","subscriptionPolicies":{"locationPlacementId":"Public_2014-09-01","quotaId":"PayAsYouGo_2014-09-01","spendingLimit":"Off"},"authorizationSource":"RoleBased"},{"id":"/subscriptions/00000000-0000-0000-0000-000000000000","subscriptionId":"d6dc5efd-7edd-47b2-b5b5-9e28460adf7d","displayName":"Pay-As-You-Go","state":"Enabled","subscriptionPolicies":{"locationPlacementId":"Public_2014-09-01","quotaId":"PayAsYouGo_2014-09-01","spendingLimit":"Off"},"authorizationSource":"RoleBased"}]}'}
    headers:
      cache-control: [no-cache]
      content-length: ['1299']
      content-type: [application/json; charset=utf-8]
      date: ['Tue, 13 Feb 2018 02:04:21 GMT']
      expires: ['-1']
      pragma: [no-cache]
      strict-transport-security: [max-age=31536000; includeSubDomains]
      transfer-encoding: [chunked]
      vary: [Accept-Encoding]
      x-content-type-options: [nosniff]
    status: {code: 200, message: OK}
- request:
    body: null
    headers:
      Accept: ['*/*']
      Accept-Charset: [utf-8]
      Accept-Encoding: ['gzip, deflate']
      Connection: [keep-alive]
      User-Agent: [python-requests/2.18.4]
      return-client-request-id: ['true']
      x-client-CPU: [x64]
      x-client-OS: [win32]
      x-client-SKU: [Python]
      x-client-Ver: [0.5.0]
    method: GET
    uri: https://login.windows.net/common/discovery/instance?authorization_endpoint=https%3A%2F%2Flogin.windows-ppe.net%2F6b2064b9-34bd-46e6-9092-52f2dd5f7fc0%2Foauth2%2Fauthorize&api-version=1.0
  response:
    body: {string: '{"tenant_discovery_endpoint":"https://login.windows-ppe.net/6b2064b9-34bd-46e6-9092-52f2dd5f7fc0/.well-known/openid-configuration"}'}
    headers:
      access-control-allow-methods: ['GET, OPTIONS']
      access-control-allow-origin: ['*']
      cache-control: [private]
      content-length: ['131']
      content-type: [application/json; charset=utf-8]
      date: ['Tue, 13 Feb 2018 02:04:22 GMT']
      p3p: [CP="DSP CUR OTPi IND OTRi ONL FIN"]
      server: [Microsoft-IIS/10.0]
      set-cookie: [esctx=AQABAAAAAABHh4kmS_aKT5XrjzxRAtHzdRe54Qoi0JcEz9QN1ELlaFVhYsFjzrsDFtCAHIEP7cjQS6IkFhkVBfaMWQwslIy-hwZlE0Ca5-h2tHpY0D1k52vLdIykUo7qrSxWRu6iwsaQqKExwxI_SW9CFn3dJ_9meepjHkHGyslGvXGIlU1CNxh_0rX0BGwK01Xi09teoyogAA;
          domain=.login.windows.net; path=/; secure; HttpOnly, x-ms-gateway-slice=corp;
          path=/; secure; HttpOnly, stsservicecookie=ests; path=/; secure; HttpOnly]
      strict-transport-security: [max-age=31536000; includeSubDomains]
      x-content-type-options: [nosniff]
      x-powered-by: [ASP.NET]
    status: {code: 200, message: OK}
- request:
    body: null
    headers:
      Accept: [application/json]
      Accept-Encoding: ['gzip, deflate']
      CommandName: [account management-group subscription remove]
      Connection: [keep-alive]
      Content-Length: ['0']
      Content-Type: [application/json; charset=utf-8]
      User-Agent: [python/3.6.2 (Windows-10-10.0.16299-SP0) requests/2.18.4 msrest/0.4.26
          msrest_azure/0.4.21 resourcemanagementclient/1.3.0rc1 Azure-SDK-For-Python
          AZURECLI/2.0.27]
      accept-language: [en-US]
    method: POST
    uri: https://api-dogfood.resources.windows-int.net/subscriptions/00000000-0000-0000-0000-000000000000/providers/Microsoft.Management/register?api-version=2018-05-01
  response:
    body: {string: '{"id":"/subscriptions/00000000-0000-0000-0000-000000000000/providers/Microsoft.Management","namespace":"Microsoft.Management","authorization":{"applicationId":"f2c304cf-8e7e-4c3f-8164-16299ad9d272","roleDefinitionId":"c1cf3708-588a-4647-be7f-f400bbe214cf"},"resourceTypes":[{"resourceType":"resources","locations":[],"apiVersions":["2017-11-01-preview","2017-08-31-preview","2017-06-30-preview","2017-05-31-preview"]},{"resourceType":"managementGroups","locations":[],"apiVersions":["2018-01-01-preview","2017-11-01-preview","2017-08-31-preview","2017-06-30-preview","2017-05-31-preview"]},{"resourceType":"getEntities","locations":[],"apiVersions":["2018-01-01-preview"]},{"resourceType":"checkNameAvailability","locations":[],"apiVersions":["2018-01-01-preview"]},{"resourceType":"operationResults","locations":[],"apiVersions":["2018-01-01-preview"]},{"resourceType":"operations","locations":[],"apiVersions":["2017-11-01-preview","2017-08-31-preview","2017-06-30-preview","2017-05-31-preview"]}],"registrationState":"Registered"}'}
    headers:
      cache-control: [no-cache]
      content-length: ['1033']
      content-type: [application/json; charset=utf-8]
      date: ['Tue, 13 Feb 2018 02:04:22 GMT']
      expires: ['-1']
      pragma: [no-cache]
      strict-transport-security: [max-age=31536000; includeSubDomains]
      transfer-encoding: [chunked]
      vary: [Accept-Encoding]
      x-content-type-options: [nosniff]
      x-ms-ratelimit-remaining-subscription-writes: ['1194']
    status: {code: 200, message: OK}
- request:
    body: null
    headers:
      Accept: ['*/*']
      Accept-Charset: [utf-8]
      Accept-Encoding: ['gzip, deflate']
      Connection: [keep-alive]
      User-Agent: [python-requests/2.18.4]
      return-client-request-id: ['true']
      x-client-CPU: [x64]
      x-client-OS: [win32]
      x-client-SKU: [Python]
      x-client-Ver: [0.5.0]
    method: GET
    uri: https://login.windows.net/common/discovery/instance?authorization_endpoint=https%3A%2F%2Flogin.windows-ppe.net%2F6b2064b9-34bd-46e6-9092-52f2dd5f7fc0%2Foauth2%2Fauthorize&api-version=1.0
  response:
    body: {string: '{"tenant_discovery_endpoint":"https://login.windows-ppe.net/6b2064b9-34bd-46e6-9092-52f2dd5f7fc0/.well-known/openid-configuration"}'}
    headers:
      access-control-allow-methods: ['GET, OPTIONS']
      access-control-allow-origin: ['*']
      cache-control: [private]
      content-length: ['131']
      content-type: [application/json; charset=utf-8]
      date: ['Tue, 13 Feb 2018 02:04:32 GMT']
      p3p: [CP="DSP CUR OTPi IND OTRi ONL FIN"]
      server: [Microsoft-IIS/10.0]
      set-cookie: [esctx=AQABAAAAAABHh4kmS_aKT5XrjzxRAtHzfOC9f2M1P6YzmS9scrtMU3tR9i0tQuC5AceI4hc_DLnIHbteIMg40zZ-356SqdNZMkILfMOH5U4dDX7IIVCQe7zPnVmvS9OZUeWxgl6s3NSplJw0hFkepE4M3juBqBIZyoDgS1zo0ghmOF0Y4QOiQKKSodtKHLRRPuNGlSpHIj8gAA;
          domain=.login.windows.net; path=/; secure; HttpOnly, x-ms-gateway-slice=corp;
          path=/; secure; HttpOnly, stsservicecookie=ests; path=/; secure; HttpOnly]
      strict-transport-security: [max-age=31536000; includeSubDomains]
      x-content-type-options: [nosniff]
      x-powered-by: [ASP.NET]
    status: {code: 200, message: OK}
- request:
    body: null
    headers:
      Accept: [application/json]
      Accept-Encoding: ['gzip, deflate']
      CommandName: [account management-group subscription remove]
      Connection: [keep-alive]
      Content-Type: [application/json; charset=utf-8]
      User-Agent: [python/3.6.2 (Windows-10-10.0.16299-SP0) requests/2.18.4 msrest/0.4.26
          msrest_azure/0.4.21 resourcemanagementclient/1.3.0rc1 Azure-SDK-For-Python
          AZURECLI/2.0.27]
      accept-language: [en-US]
    method: GET
    uri: https://api-dogfood.resources.windows-int.net/subscriptions/00000000-0000-0000-0000-000000000000/providers/Microsoft.Management?api-version=2018-05-01
  response:
    body: {string: '{"id":"/subscriptions/00000000-0000-0000-0000-000000000000/providers/Microsoft.Management","namespace":"Microsoft.Management","authorization":{"applicationId":"f2c304cf-8e7e-4c3f-8164-16299ad9d272","roleDefinitionId":"c1cf3708-588a-4647-be7f-f400bbe214cf"},"resourceTypes":[{"resourceType":"resources","locations":[],"apiVersions":["2017-11-01-preview","2017-08-31-preview","2017-06-30-preview","2017-05-31-preview"]},{"resourceType":"managementGroups","locations":[],"apiVersions":["2018-01-01-preview","2017-11-01-preview","2017-08-31-preview","2017-06-30-preview","2017-05-31-preview"]},{"resourceType":"getEntities","locations":[],"apiVersions":["2018-01-01-preview"]},{"resourceType":"checkNameAvailability","locations":[],"apiVersions":["2018-01-01-preview"]},{"resourceType":"operationResults","locations":[],"apiVersions":["2018-01-01-preview"]},{"resourceType":"operations","locations":[],"apiVersions":["2017-11-01-preview","2017-08-31-preview","2017-06-30-preview","2017-05-31-preview"]}],"registrationState":"Registered"}'}
    headers:
      cache-control: [no-cache]
      content-length: ['1033']
      content-type: [application/json; charset=utf-8]
      date: ['Tue, 13 Feb 2018 02:04:33 GMT']
      expires: ['-1']
      pragma: [no-cache]
      strict-transport-security: [max-age=31536000; includeSubDomains]
      vary: [Accept-Encoding]
      x-content-type-options: [nosniff]
    status: {code: 200, message: OK}
- request:
    body: null
    headers:
      Accept: ['*/*']
      Accept-Charset: [utf-8]
      Accept-Encoding: ['gzip, deflate']
      Connection: [keep-alive]
      User-Agent: [python-requests/2.18.4]
      return-client-request-id: ['true']
      x-client-CPU: [x64]
      x-client-OS: [win32]
      x-client-SKU: [Python]
      x-client-Ver: [0.5.0]
    method: GET
    uri: https://login.windows.net/common/discovery/instance?authorization_endpoint=https%3A%2F%2Flogin.windows-ppe.net%2F6b2064b9-34bd-46e6-9092-52f2dd5f7fc0%2Foauth2%2Fauthorize&api-version=1.0
  response:
    body: {string: '{"tenant_discovery_endpoint":"https://login.windows-ppe.net/6b2064b9-34bd-46e6-9092-52f2dd5f7fc0/.well-known/openid-configuration"}'}
    headers:
      access-control-allow-methods: ['GET, OPTIONS']
      access-control-allow-origin: ['*']
      cache-control: [private]
      content-length: ['131']
      content-type: [application/json; charset=utf-8]
      date: ['Tue, 13 Feb 2018 02:04:34 GMT']
      p3p: [CP="DSP CUR OTPi IND OTRi ONL FIN"]
      server: [Microsoft-IIS/10.0]
      set-cookie: [esctx=AQABAAAAAABHh4kmS_aKT5XrjzxRAtHzlFTVK5ZZv7OBOnADC24KftnToNE2OgWux4fYS89hDGFRjYIYG8h6GY0HJarlHzDgr_PYO_DCPB4MbsJi15Sn8R9fJwajjFFG-62cEdznzsLDYAEESzrlh72_FpUSRSYar9B45olxdPZL0h9xNu3Wsu_jIvVhRGqQ1KBXV1CN5hIgAA;
          domain=.login.windows.net; path=/; secure; HttpOnly, x-ms-gateway-slice=corp;
          path=/; secure; HttpOnly, stsservicecookie=ests; path=/; secure; HttpOnly]
      strict-transport-security: [max-age=31536000; includeSubDomains]
      x-content-type-options: [nosniff]
      x-powered-by: [ASP.NET]
    status: {code: 200, message: OK}
- request:
    body: null
    headers:
      Accept: [application/json]
      Accept-Encoding: ['gzip, deflate']
      CommandName: [account management-group subscription remove]
      Connection: [keep-alive]
      Content-Length: ['0']
      Content-Type: [application/json; charset=utf-8]
      User-Agent: [python/3.6.2 (Windows-10-10.0.16299-SP0) requests/2.18.4 msrest/0.4.26
          msrest_azure/0.4.21 resourcemanagementclient/1.3.0rc1 Azure-SDK-For-Python
          AZURECLI/2.0.27]
      accept-language: [en-US]
    method: POST
    uri: https://api-dogfood.resources.windows-int.net/subscriptions/00000000-0000-0000-0000-000000000000/providers/Microsoft.Management/register?api-version=2018-05-01
  response:
    body: {string: '{"id":"/subscriptions/00000000-0000-0000-0000-000000000000/providers/Microsoft.Management","namespace":"Microsoft.Management","authorization":{"applicationId":"f2c304cf-8e7e-4c3f-8164-16299ad9d272","roleDefinitionId":"c1cf3708-588a-4647-be7f-f400bbe214cf"},"resourceTypes":[{"resourceType":"resources","locations":[],"apiVersions":["2017-11-01-preview","2017-08-31-preview","2017-06-30-preview","2017-05-31-preview"]},{"resourceType":"managementGroups","locations":[],"apiVersions":["2018-01-01-preview","2017-11-01-preview","2017-08-31-preview","2017-06-30-preview","2017-05-31-preview"]},{"resourceType":"getEntities","locations":[],"apiVersions":["2018-01-01-preview"]},{"resourceType":"checkNameAvailability","locations":[],"apiVersions":["2018-01-01-preview"]},{"resourceType":"operationResults","locations":[],"apiVersions":["2018-01-01-preview"]},{"resourceType":"operations","locations":[],"apiVersions":["2017-11-01-preview","2017-08-31-preview","2017-06-30-preview","2017-05-31-preview"]}],"registrationState":"Registered"}'}
    headers:
      cache-control: [no-cache]
      content-length: ['1033']
      content-type: [application/json; charset=utf-8]
      date: ['Tue, 13 Feb 2018 02:04:34 GMT']
      expires: ['-1']
      pragma: [no-cache]
      strict-transport-security: [max-age=31536000; includeSubDomains]
      transfer-encoding: [chunked]
      vary: [Accept-Encoding]
      x-content-type-options: [nosniff]
      x-ms-ratelimit-remaining-subscription-writes: ['1193']
    status: {code: 200, message: OK}
- request:
    body: null
    headers:
      Accept: ['*/*']
      Accept-Charset: [utf-8]
      Accept-Encoding: ['gzip, deflate']
      Connection: [keep-alive]
      User-Agent: [python-requests/2.18.4]
      return-client-request-id: ['true']
      x-client-CPU: [x64]
      x-client-OS: [win32]
      x-client-SKU: [Python]
      x-client-Ver: [0.5.0]
    method: GET
    uri: https://login.windows.net/common/discovery/instance?authorization_endpoint=https%3A%2F%2Flogin.windows-ppe.net%2F6b2064b9-34bd-46e6-9092-52f2dd5f7fc0%2Foauth2%2Fauthorize&api-version=1.0
  response:
    body: {string: '{"tenant_discovery_endpoint":"https://login.windows-ppe.net/6b2064b9-34bd-46e6-9092-52f2dd5f7fc0/.well-known/openid-configuration"}'}
    headers:
      access-control-allow-methods: ['GET, OPTIONS']
      access-control-allow-origin: ['*']
      cache-control: [private]
      content-length: ['131']
      content-type: [application/json; charset=utf-8]
      date: ['Tue, 13 Feb 2018 02:04:45 GMT']
      p3p: [CP="DSP CUR OTPi IND OTRi ONL FIN"]
      server: [Microsoft-IIS/10.0]
      set-cookie: [esctx=AQABAAAAAABHh4kmS_aKT5XrjzxRAtHz-fKNKZy1PgRcL-i0U0FhL-wtS4m0Tq9cUR9gLR5mVw6ZoTK8prINrCBvAUXp012dk1-rS0MlcWzm2REXFRYUjKVnFIng-6OUQs2No_bIDUfXaT4XfRitRCyvY1TSSLDUlAlPtqoqmm0sM4xTFiqDmAOOJf9TkEl_AlAysFsWgwAgAA;
          domain=.login.windows.net; path=/; secure; HttpOnly, x-ms-gateway-slice=corp;
          path=/; secure; HttpOnly, stsservicecookie=ests; path=/; secure; HttpOnly]
      strict-transport-security: [max-age=31536000; includeSubDomains]
      x-content-type-options: [nosniff]
      x-powered-by: [ASP.NET]
    status: {code: 200, message: OK}
- request:
    body: null
    headers:
      Accept: [application/json]
      Accept-Encoding: ['gzip, deflate']
      CommandName: [account management-group subscription remove]
      Connection: [keep-alive]
      Content-Type: [application/json; charset=utf-8]
      User-Agent: [python/3.6.2 (Windows-10-10.0.16299-SP0) requests/2.18.4 msrest/0.4.26
          msrest_azure/0.4.21 resourcemanagementclient/1.3.0rc1 Azure-SDK-For-Python
          AZURECLI/2.0.27]
      accept-language: [en-US]
    method: GET
    uri: https://api-dogfood.resources.windows-int.net/subscriptions/00000000-0000-0000-0000-000000000000/providers/Microsoft.Management?api-version=2018-05-01
  response:
    body: {string: '{"id":"/subscriptions/00000000-0000-0000-0000-000000000000/providers/Microsoft.Management","namespace":"Microsoft.Management","authorization":{"applicationId":"f2c304cf-8e7e-4c3f-8164-16299ad9d272","roleDefinitionId":"c1cf3708-588a-4647-be7f-f400bbe214cf"},"resourceTypes":[{"resourceType":"resources","locations":[],"apiVersions":["2017-11-01-preview","2017-08-31-preview","2017-06-30-preview","2017-05-31-preview"]},{"resourceType":"managementGroups","locations":[],"apiVersions":["2018-01-01-preview","2017-11-01-preview","2017-08-31-preview","2017-06-30-preview","2017-05-31-preview"]},{"resourceType":"getEntities","locations":[],"apiVersions":["2018-01-01-preview"]},{"resourceType":"checkNameAvailability","locations":[],"apiVersions":["2018-01-01-preview"]},{"resourceType":"operationResults","locations":[],"apiVersions":["2018-01-01-preview"]},{"resourceType":"operations","locations":[],"apiVersions":["2017-11-01-preview","2017-08-31-preview","2017-06-30-preview","2017-05-31-preview"]}],"registrationState":"Registered"}'}
    headers:
      cache-control: [no-cache]
      content-length: ['1033']
      content-type: [application/json; charset=utf-8]
      date: ['Tue, 13 Feb 2018 02:04:45 GMT']
      expires: ['-1']
      pragma: [no-cache]
      strict-transport-security: [max-age=31536000; includeSubDomains]
      vary: [Accept-Encoding]
      x-content-type-options: [nosniff]
    status: {code: 200, message: OK}
- request:
    body: null
    headers:
      Accept: ['*/*']
      Accept-Charset: [utf-8]
      Accept-Encoding: ['gzip, deflate']
      Connection: [keep-alive]
      User-Agent: [python-requests/2.18.4]
      return-client-request-id: ['true']
      x-client-CPU: [x64]
      x-client-OS: [win32]
      x-client-SKU: [Python]
      x-client-Ver: [0.5.0]
    method: GET
    uri: https://login.windows.net/common/discovery/instance?authorization_endpoint=https%3A%2F%2Flogin.windows-ppe.net%2F6b2064b9-34bd-46e6-9092-52f2dd5f7fc0%2Foauth2%2Fauthorize&api-version=1.0
  response:
    body: {string: '{"tenant_discovery_endpoint":"https://login.windows-ppe.net/6b2064b9-34bd-46e6-9092-52f2dd5f7fc0/.well-known/openid-configuration"}'}
    headers:
      access-control-allow-methods: ['GET, OPTIONS']
      access-control-allow-origin: ['*']
      cache-control: [private]
      content-length: ['131']
      content-type: [application/json; charset=utf-8]
      date: ['Tue, 13 Feb 2018 02:04:46 GMT']
      p3p: [CP="DSP CUR OTPi IND OTRi ONL FIN"]
      server: [Microsoft-IIS/10.0]
      set-cookie: [esctx=AQABAAAAAABHh4kmS_aKT5XrjzxRAtHzWVAdQx4xsYLagF0OrL_pYLSRte_Y4K4MHYsED4rwaz5kKBXTnNLiq5tz6eyIHFsqiGRpQu3swN75UpD1gNbuB5IllikKjCEJf4hC1ilcXaodlEiezvORK7wyrzqe2SsLGAPV8GMyXOtk2sUd2zBM9dV8ZWFfnTYOAyRFKpocWPkgAA;
          domain=.login.windows.net; path=/; secure; HttpOnly, x-ms-gateway-slice=corp;
          path=/; secure; HttpOnly, stsservicecookie=ests; path=/; secure; HttpOnly]
      strict-transport-security: [max-age=31536000; includeSubDomains]
      x-content-type-options: [nosniff]
      x-powered-by: [ASP.NET]
    status: {code: 200, message: OK}
- request:
    body: null
    headers:
      Accept: [application/json]
      Accept-Encoding: ['gzip, deflate']
      Cache-Control: [no-cache]
      CommandName: [account management-group subscription remove]
      Connection: [keep-alive]
      Content-Length: ['0']
      Content-Type: [application/json; charset=utf-8]
      User-Agent: [python/3.6.2 (Windows-10-10.0.16299-SP0) requests/2.18.4 msrest/0.4.26
          msrest_azure/0.4.21 azure-mgmt-managementgroups/2017-11-01-preview Azure-SDK-For-Python
          AZURECLI/2.0.27]
      accept-language: [en-US]
    method: DELETE
    uri: https://api-dogfood.resources.windows-int.net/providers/Microsoft.Management/managementGroups/testGroup123/subscriptions/00000000-0000-0000-0000-000000000000?api-version=2017-11-01-preview
  response:
    body: {string: ''}
    headers:
      cache-control: [no-cache]
      date: ['Tue, 13 Feb 2018 02:04:49 GMT']
      expires: ['-1']
      pragma: [no-cache]
      request-id: [178ce379-e1b6-4de5-804e-b5dae1adb4eb]
      server: [Microsoft-IIS/8.5]
      strict-transport-security: [max-age=31536000; includeSubDomains]
      x-aspnet-version: [4.0.30319]
      x-ba-restapi: [1.0.3.520]
      x-content-type-options: [nosniff]
      x-ms-ratelimit-remaining-tenant-writes: ['1198']
      x-powered-by: [ASP.NET]
    status: {code: 204, message: No Content}
version: 1
