interactions:
- request:
    body: null
    headers:
      Accept:
      - application/json
      Accept-Encoding:
      - gzip, deflate
      CommandName:
      - network vwan create
      Connection:
      - keep-alive
      ParameterSetName:
      - -g -n
      User-Agent:
      - python/3.7.3 (Windows-10-10.0.19041-SP0) msrest/0.6.19 msrest_azure/0.6.4
        azure-mgmt-resource/12.0.0 Azure-SDK-For-Python AZURECLI/2.18.0
      accept-language:
      - en-US
    method: GET
    uri: https://management.azure.com/subscriptions/00000000-0000-0000-0000-000000000000/resourcegroups/cli_test_azure_vwan_vpn_gateway_connection000001?api-version=2020-10-01
  response:
    body:
      string: '{"id":"/subscriptions/00000000-0000-0000-0000-000000000000/resourceGroups/cli_test_azure_vwan_vpn_gateway_connection000001","name":"cli_test_azure_vwan_vpn_gateway_connection000001","type":"Microsoft.Resources/resourceGroups","location":"westus","tags":{"product":"azurecli","cause":"automation","date":"2021-01-21T09:36:43Z"},"properties":{"provisioningState":"Succeeded"}}'
    headers:
      cache-control:
      - no-cache
      content-length:
      - '428'
      content-type:
      - application/json; charset=utf-8
      date:
      - Thu, 21 Jan 2021 09:36:45 GMT
      expires:
      - '-1'
      pragma:
      - no-cache
      strict-transport-security:
      - max-age=31536000; includeSubDomains
      vary:
      - Accept-Encoding
      x-content-type-options:
      - nosniff
    status:
      code: 200
      message: OK
- request:
    body: '{"location": "westus"}'
    headers:
      Accept:
      - application/json
      Accept-Encoding:
      - gzip, deflate
      CommandName:
      - network vwan create
      Connection:
      - keep-alive
      Content-Length:
      - '22'
      Content-Type:
      - application/json; charset=utf-8
      ParameterSetName:
      - -g -n
      User-Agent:
      - python/3.7.3 (Windows-10-10.0.19041-SP0) msrest/0.6.19 msrest_azure/0.6.4
        azure-mgmt-network/10.2.0 Azure-SDK-For-Python AZURECLI/2.18.0
      accept-language:
      - en-US
    method: PUT
    uri: https://management.azure.com/subscriptions/00000000-0000-0000-0000-000000000000/resourceGroups/cli_test_azure_vwan_vpn_gateway_connection000001/providers/Microsoft.Network/virtualWans/test_vwan?api-version=2020-05-01
  response:
    body:
      string: "{\r\n  \"name\": \"test_vwan\",\r\n  \"id\": \"/subscriptions/00000000-0000-0000-0000-000000000000/resourceGroups/cli_test_azure_vwan_vpn_gateway_connection000001/providers/Microsoft.Network/virtualWans/test_vwan\",\r\n
        \ \"etag\": \"W/\\\"c9fe6534-561d-49dd-8a79-3a48499e2282\\\"\",\r\n  \"type\":
        \"Microsoft.Network/virtualWans\",\r\n  \"location\": \"westus\",\r\n  \"properties\":
        {\r\n    \"provisioningState\": \"Updating\",\r\n    \"disableVpnEncryption\":
        false,\r\n    \"allowBranchToBranchTraffic\": true,\r\n    \"office365LocalBreakoutCategory\":
        \"None\",\r\n    \"type\": \"Standard\"\r\n  }\r\n}"
    headers:
      azure-asyncnotification:
      - Enabled
      azure-asyncoperation:
      - https://management.azure.com/subscriptions/00000000-0000-0000-0000-000000000000/providers/Microsoft.Network/locations/westus/operations/8415b49c-f14b-4e2a-aabd-fc57ae02a754?api-version=2020-05-01
      cache-control:
      - no-cache
      content-length:
      - '569'
      content-type:
      - application/json; charset=utf-8
      date:
      - Thu, 21 Jan 2021 09:36:50 GMT
      expires:
      - '-1'
      pragma:
      - no-cache
      server:
      - Microsoft-HTTPAPI/2.0
      - Microsoft-HTTPAPI/2.0
      strict-transport-security:
      - max-age=31536000; includeSubDomains
      x-content-type-options:
      - nosniff
      x-ms-arm-service-request-id:
      - 2ea18dc4-8731-479f-aa27-183fdb2792a4
      x-ms-ratelimit-remaining-subscription-writes:
      - '1198'
    status:
      code: 201
      message: Created
- request:
    body: null
    headers:
      Accept:
      - application/json
      Accept-Encoding:
      - gzip, deflate
      CommandName:
      - network vwan create
      Connection:
      - keep-alive
      ParameterSetName:
      - -g -n
      User-Agent:
      - python/3.7.3 (Windows-10-10.0.19041-SP0) msrest/0.6.19 msrest_azure/0.6.4
        azure-mgmt-network/10.2.0 Azure-SDK-For-Python AZURECLI/2.18.0
    method: GET
    uri: https://management.azure.com/subscriptions/00000000-0000-0000-0000-000000000000/providers/Microsoft.Network/locations/westus/operations/8415b49c-f14b-4e2a-aabd-fc57ae02a754?api-version=2020-05-01
  response:
    body:
      string: "{\r\n  \"status\": \"Succeeded\"\r\n}"
    headers:
      cache-control:
      - no-cache
      content-length:
      - '29'
      content-type:
      - application/json; charset=utf-8
      date:
      - Thu, 21 Jan 2021 09:37:01 GMT
      expires:
      - '-1'
      pragma:
      - no-cache
      server:
      - Microsoft-HTTPAPI/2.0
      - Microsoft-HTTPAPI/2.0
      strict-transport-security:
      - max-age=31536000; includeSubDomains
      transfer-encoding:
      - chunked
      vary:
      - Accept-Encoding
      x-content-type-options:
      - nosniff
      x-ms-arm-service-request-id:
      - fcbaa466-e4ad-4f74-83ba-920907c04ddc
    status:
      code: 200
      message: OK
- request:
    body: null
    headers:
      Accept:
      - application/json
      Accept-Encoding:
      - gzip, deflate
      CommandName:
      - network vwan create
      Connection:
      - keep-alive
      ParameterSetName:
      - -g -n
      User-Agent:
      - python/3.7.3 (Windows-10-10.0.19041-SP0) msrest/0.6.19 msrest_azure/0.6.4
        azure-mgmt-network/10.2.0 Azure-SDK-For-Python AZURECLI/2.18.0
    method: GET
    uri: https://management.azure.com/subscriptions/00000000-0000-0000-0000-000000000000/resourceGroups/cli_test_azure_vwan_vpn_gateway_connection000001/providers/Microsoft.Network/virtualWans/test_vwan?api-version=2020-05-01
  response:
    body:
      string: "{\r\n  \"name\": \"test_vwan\",\r\n  \"id\": \"/subscriptions/00000000-0000-0000-0000-000000000000/resourceGroups/cli_test_azure_vwan_vpn_gateway_connection000001/providers/Microsoft.Network/virtualWans/test_vwan\",\r\n
        \ \"etag\": \"W/\\\"6aaf2d48-8fd4-4592-80f5-c5b275e6f7bb\\\"\",\r\n  \"type\":
        \"Microsoft.Network/virtualWans\",\r\n  \"location\": \"westus\",\r\n  \"properties\":
        {\r\n    \"provisioningState\": \"Succeeded\",\r\n    \"disableVpnEncryption\":
        false,\r\n    \"allowBranchToBranchTraffic\": true,\r\n    \"office365LocalBreakoutCategory\":
        \"None\",\r\n    \"type\": \"Standard\"\r\n  }\r\n}"
    headers:
      cache-control:
      - no-cache
      content-length:
      - '570'
      content-type:
      - application/json; charset=utf-8
      date:
      - Thu, 21 Jan 2021 09:37:01 GMT
      etag:
      - W/"6aaf2d48-8fd4-4592-80f5-c5b275e6f7bb"
      expires:
      - '-1'
      pragma:
      - no-cache
      server:
      - Microsoft-HTTPAPI/2.0
      - Microsoft-HTTPAPI/2.0
      strict-transport-security:
      - max-age=31536000; includeSubDomains
      transfer-encoding:
      - chunked
      vary:
      - Accept-Encoding
      x-content-type-options:
      - nosniff
      x-ms-arm-service-request-id:
      - bd29da05-ba3f-403c-8ce9-37798a14b851
    status:
      code: 200
      message: OK
- request:
    body: null
    headers:
      Accept:
      - application/json
      Accept-Encoding:
      - gzip, deflate
      CommandName:
      - network vhub create
      Connection:
      - keep-alive
      ParameterSetName:
      - -g -n --vwan --address-prefix
      User-Agent:
      - python/3.7.3 (Windows-10-10.0.19041-SP0) msrest/0.6.19 msrest_azure/0.6.4
        azure-mgmt-resource/12.0.0 Azure-SDK-For-Python AZURECLI/2.18.0
      accept-language:
      - en-US
    method: GET
    uri: https://management.azure.com/subscriptions/00000000-0000-0000-0000-000000000000/resourcegroups/cli_test_azure_vwan_vpn_gateway_connection000001?api-version=2020-10-01
  response:
    body:
      string: '{"id":"/subscriptions/00000000-0000-0000-0000-000000000000/resourceGroups/cli_test_azure_vwan_vpn_gateway_connection000001","name":"cli_test_azure_vwan_vpn_gateway_connection000001","type":"Microsoft.Resources/resourceGroups","location":"westus","tags":{"product":"azurecli","cause":"automation","date":"2021-01-21T09:36:43Z"},"properties":{"provisioningState":"Succeeded"}}'
    headers:
      cache-control:
      - no-cache
      content-length:
      - '428'
      content-type:
      - application/json; charset=utf-8
      date:
      - Thu, 21 Jan 2021 09:37:02 GMT
      expires:
      - '-1'
      pragma:
      - no-cache
      strict-transport-security:
      - max-age=31536000; includeSubDomains
      vary:
      - Accept-Encoding
      x-content-type-options:
      - nosniff
    status:
      code: 200
      message: OK
- request:
    body: '{"location": "westus", "properties": {"virtualWan": {"id": "/subscriptions/00000000-0000-0000-0000-000000000000/resourceGroups/cli_test_azure_vwan_vpn_gateway_connection000001/providers/Microsoft.Network/virtualWans/test_vwan"},
      "addressPrefix": "10.0.1.0/24"}}'
    headers:
      Accept:
      - application/json
      Accept-Encoding:
      - gzip, deflate
      CommandName:
      - network vhub create
      Connection:
      - keep-alive
      Content-Length:
      - '288'
      Content-Type:
      - application/json; charset=utf-8
      ParameterSetName:
      - -g -n --vwan --address-prefix
      User-Agent:
      - python/3.7.3 (Windows-10-10.0.19041-SP0) msrest/0.6.19 msrest_azure/0.6.4
        azure-mgmt-network/10.2.0 Azure-SDK-For-Python AZURECLI/2.18.0
      accept-language:
      - en-US
    method: PUT
    uri: https://management.azure.com/subscriptions/00000000-0000-0000-0000-000000000000/resourceGroups/cli_test_azure_vwan_vpn_gateway_connection000001/providers/Microsoft.Network/virtualHubs/test_vhub?api-version=2020-05-01
  response:
    body:
      string: "{\r\n  \"name\": \"test_vhub\",\r\n  \"id\": \"/subscriptions/00000000-0000-0000-0000-000000000000/resourceGroups/cli_test_azure_vwan_vpn_gateway_connection000001/providers/Microsoft.Network/virtualHubs/test_vhub\",\r\n
        \ \"etag\": \"W/\\\"9a56a9fe-b90c-4671-a4b4-8b0edddbb697\\\"\",\r\n  \"type\":
        \"Microsoft.Network/virtualHubs\",\r\n  \"location\": \"westus\",\r\n  \"properties\":
        {\r\n    \"provisioningState\": \"Updating\",\r\n    \"virtualHubRouteTableV2s\":
        [],\r\n    \"addressPrefix\": \"10.0.1.0/24\",\r\n    \"virtualRouterAsn\":
        0,\r\n    \"virtualRouterIps\": [],\r\n    \"routeTable\": {\r\n      \"routes\":
        []\r\n    },\r\n    \"virtualWan\": {\r\n      \"id\": \"/subscriptions/00000000-0000-0000-0000-000000000000/resourceGroups/cli_test_azure_vwan_vpn_gateway_connection000001/providers/Microsoft.Network/virtualWans/test_vwan\"\r\n
        \   },\r\n    \"routingState\": \"None\"\r\n  }\r\n}"
    headers:
      azure-asyncnotification:
      - Enabled
      azure-asyncoperation:
      - https://management.azure.com/subscriptions/00000000-0000-0000-0000-000000000000/providers/Microsoft.Network/locations/westus/operations/f20aa50a-9476-407d-b835-93d414a6e2a5?api-version=2020-05-01
      cache-control:
      - no-cache
      content-length:
      - '865'
      content-type:
      - application/json; charset=utf-8
      date:
      - Thu, 21 Jan 2021 09:37:06 GMT
      expires:
      - '-1'
      pragma:
      - no-cache
      server:
      - Microsoft-HTTPAPI/2.0
      - Microsoft-HTTPAPI/2.0
      strict-transport-security:
      - max-age=31536000; includeSubDomains
      x-content-type-options:
      - nosniff
      x-ms-arm-service-request-id:
      - c4f00e67-29ae-4b60-bd30-a49d59739e0c
      x-ms-ratelimit-remaining-subscription-writes:
      - '1197'
    status:
      code: 201
      message: Created
- request:
    body: null
    headers:
      Accept:
      - application/json
      Accept-Encoding:
      - gzip, deflate
      CommandName:
      - network vhub create
      Connection:
      - keep-alive
      ParameterSetName:
      - -g -n --vwan --address-prefix
      User-Agent:
      - python/3.7.3 (Windows-10-10.0.19041-SP0) msrest/0.6.19 msrest_azure/0.6.4
        azure-mgmt-network/10.2.0 Azure-SDK-For-Python AZURECLI/2.18.0
    method: GET
    uri: https://management.azure.com/subscriptions/00000000-0000-0000-0000-000000000000/providers/Microsoft.Network/locations/westus/operations/f20aa50a-9476-407d-b835-93d414a6e2a5?api-version=2020-05-01
  response:
    body:
      string: "{\r\n  \"status\": \"InProgress\"\r\n}"
    headers:
      cache-control:
      - no-cache
      content-length:
      - '30'
      content-type:
      - application/json; charset=utf-8
      date:
      - Thu, 21 Jan 2021 09:37:16 GMT
      expires:
      - '-1'
      pragma:
      - no-cache
      server:
      - Microsoft-HTTPAPI/2.0
      - Microsoft-HTTPAPI/2.0
      strict-transport-security:
      - max-age=31536000; includeSubDomains
      transfer-encoding:
      - chunked
      vary:
      - Accept-Encoding
      x-content-type-options:
      - nosniff
      x-ms-arm-service-request-id:
      - 839996ca-a406-4f7c-a1f5-347093aa8413
    status:
      code: 200
      message: OK
- request:
    body: null
    headers:
      Accept:
      - application/json
      Accept-Encoding:
      - gzip, deflate
      CommandName:
      - network vhub create
      Connection:
      - keep-alive
      ParameterSetName:
      - -g -n --vwan --address-prefix
      User-Agent:
      - python/3.7.3 (Windows-10-10.0.19041-SP0) msrest/0.6.19 msrest_azure/0.6.4
        azure-mgmt-network/10.2.0 Azure-SDK-For-Python AZURECLI/2.18.0
    method: GET
    uri: https://management.azure.com/subscriptions/00000000-0000-0000-0000-000000000000/providers/Microsoft.Network/locations/westus/operations/f20aa50a-9476-407d-b835-93d414a6e2a5?api-version=2020-05-01
  response:
    body:
      string: "{\r\n  \"status\": \"InProgress\"\r\n}"
    headers:
      cache-control:
      - no-cache
      content-length:
      - '30'
      content-type:
      - application/json; charset=utf-8
      date:
      - Thu, 21 Jan 2021 09:37:27 GMT
      expires:
      - '-1'
      pragma:
      - no-cache
      server:
      - Microsoft-HTTPAPI/2.0
      - Microsoft-HTTPAPI/2.0
      strict-transport-security:
      - max-age=31536000; includeSubDomains
      transfer-encoding:
      - chunked
      vary:
      - Accept-Encoding
      x-content-type-options:
      - nosniff
      x-ms-arm-service-request-id:
      - 24c6ce75-e24a-413a-adc3-cfca46acd243
    status:
      code: 200
      message: OK
- request:
    body: null
    headers:
      Accept:
      - application/json
      Accept-Encoding:
      - gzip, deflate
      CommandName:
      - network vhub create
      Connection:
      - keep-alive
      ParameterSetName:
      - -g -n --vwan --address-prefix
      User-Agent:
      - python/3.7.3 (Windows-10-10.0.19041-SP0) msrest/0.6.19 msrest_azure/0.6.4
        azure-mgmt-network/10.2.0 Azure-SDK-For-Python AZURECLI/2.18.0
    method: GET
    uri: https://management.azure.com/subscriptions/00000000-0000-0000-0000-000000000000/providers/Microsoft.Network/locations/westus/operations/f20aa50a-9476-407d-b835-93d414a6e2a5?api-version=2020-05-01
  response:
    body:
      string: "{\r\n  \"status\": \"InProgress\"\r\n}"
    headers:
      cache-control:
      - no-cache
      content-length:
      - '30'
      content-type:
      - application/json; charset=utf-8
      date:
      - Thu, 21 Jan 2021 09:37:48 GMT
      expires:
      - '-1'
      pragma:
      - no-cache
      server:
      - Microsoft-HTTPAPI/2.0
      - Microsoft-HTTPAPI/2.0
      strict-transport-security:
      - max-age=31536000; includeSubDomains
      transfer-encoding:
      - chunked
      vary:
      - Accept-Encoding
      x-content-type-options:
      - nosniff
      x-ms-arm-service-request-id:
      - 4952dc2f-b89d-453e-bfc7-ad67ac36da17
    status:
      code: 200
      message: OK
- request:
    body: null
    headers:
      Accept:
      - application/json
      Accept-Encoding:
      - gzip, deflate
      CommandName:
      - network vhub create
      Connection:
      - keep-alive
      ParameterSetName:
      - -g -n --vwan --address-prefix
      User-Agent:
      - python/3.7.3 (Windows-10-10.0.19041-SP0) msrest/0.6.19 msrest_azure/0.6.4
        azure-mgmt-network/10.2.0 Azure-SDK-For-Python AZURECLI/2.18.0
    method: GET
    uri: https://management.azure.com/subscriptions/00000000-0000-0000-0000-000000000000/providers/Microsoft.Network/locations/westus/operations/f20aa50a-9476-407d-b835-93d414a6e2a5?api-version=2020-05-01
  response:
    body:
      string: "{\r\n  \"status\": \"InProgress\"\r\n}"
    headers:
      cache-control:
      - no-cache
      content-length:
      - '30'
      content-type:
      - application/json; charset=utf-8
      date:
      - Thu, 21 Jan 2021 09:38:08 GMT
      expires:
      - '-1'
      pragma:
      - no-cache
      server:
      - Microsoft-HTTPAPI/2.0
      - Microsoft-HTTPAPI/2.0
      strict-transport-security:
      - max-age=31536000; includeSubDomains
      transfer-encoding:
      - chunked
      vary:
      - Accept-Encoding
      x-content-type-options:
      - nosniff
      x-ms-arm-service-request-id:
      - ad55e607-074b-457b-929f-31e3e77c1134
    status:
      code: 200
      message: OK
- request:
    body: null
    headers:
      Accept:
      - application/json
      Accept-Encoding:
      - gzip, deflate
      CommandName:
      - network vhub create
      Connection:
      - keep-alive
      ParameterSetName:
      - -g -n --vwan --address-prefix
      User-Agent:
      - python/3.7.3 (Windows-10-10.0.19041-SP0) msrest/0.6.19 msrest_azure/0.6.4
        azure-mgmt-network/10.2.0 Azure-SDK-For-Python AZURECLI/2.18.0
    method: GET
    uri: https://management.azure.com/subscriptions/00000000-0000-0000-0000-000000000000/providers/Microsoft.Network/locations/westus/operations/f20aa50a-9476-407d-b835-93d414a6e2a5?api-version=2020-05-01
  response:
    body:
      string: "{\r\n  \"status\": \"InProgress\"\r\n}"
    headers:
      cache-control:
      - no-cache
      content-length:
      - '30'
      content-type:
      - application/json; charset=utf-8
      date:
      - Thu, 21 Jan 2021 09:38:48 GMT
      expires:
      - '-1'
      pragma:
      - no-cache
      server:
      - Microsoft-HTTPAPI/2.0
      - Microsoft-HTTPAPI/2.0
      strict-transport-security:
      - max-age=31536000; includeSubDomains
      transfer-encoding:
      - chunked
      vary:
      - Accept-Encoding
      x-content-type-options:
      - nosniff
      x-ms-arm-service-request-id:
      - dbba35d4-1e0c-497a-977b-4244b107fbed
    status:
      code: 200
      message: OK
- request:
    body: null
    headers:
      Accept:
      - application/json
      Accept-Encoding:
      - gzip, deflate
      CommandName:
      - network vhub create
      Connection:
      - keep-alive
      ParameterSetName:
      - -g -n --vwan --address-prefix
      User-Agent:
      - python/3.7.3 (Windows-10-10.0.19041-SP0) msrest/0.6.19 msrest_azure/0.6.4
        azure-mgmt-network/10.2.0 Azure-SDK-For-Python AZURECLI/2.18.0
    method: GET
    uri: https://management.azure.com/subscriptions/00000000-0000-0000-0000-000000000000/providers/Microsoft.Network/locations/westus/operations/f20aa50a-9476-407d-b835-93d414a6e2a5?api-version=2020-05-01
  response:
    body:
      string: "{\r\n  \"status\": \"InProgress\"\r\n}"
    headers:
      cache-control:
      - no-cache
      content-length:
      - '30'
      content-type:
      - application/json; charset=utf-8
      date:
      - Thu, 21 Jan 2021 09:39:28 GMT
      expires:
      - '-1'
      pragma:
      - no-cache
      server:
      - Microsoft-HTTPAPI/2.0
      - Microsoft-HTTPAPI/2.0
      strict-transport-security:
      - max-age=31536000; includeSubDomains
      transfer-encoding:
      - chunked
      vary:
      - Accept-Encoding
      x-content-type-options:
      - nosniff
      x-ms-arm-service-request-id:
      - bc6afbcc-33ba-4b22-8e36-b864a03021ed
    status:
      code: 200
      message: OK
- request:
    body: null
    headers:
      Accept:
      - application/json
      Accept-Encoding:
      - gzip, deflate
      CommandName:
      - network vhub create
      Connection:
      - keep-alive
      ParameterSetName:
      - -g -n --vwan --address-prefix
      User-Agent:
      - python/3.7.3 (Windows-10-10.0.19041-SP0) msrest/0.6.19 msrest_azure/0.6.4
        azure-mgmt-network/10.2.0 Azure-SDK-For-Python AZURECLI/2.18.0
    method: GET
    uri: https://management.azure.com/subscriptions/00000000-0000-0000-0000-000000000000/providers/Microsoft.Network/locations/westus/operations/f20aa50a-9476-407d-b835-93d414a6e2a5?api-version=2020-05-01
  response:
    body:
      string: "{\r\n  \"status\": \"Succeeded\"\r\n}"
    headers:
      cache-control:
      - no-cache
      content-length:
      - '29'
      content-type:
      - application/json; charset=utf-8
      date:
      - Thu, 21 Jan 2021 09:40:49 GMT
      expires:
      - '-1'
      pragma:
      - no-cache
      server:
      - Microsoft-HTTPAPI/2.0
      - Microsoft-HTTPAPI/2.0
      strict-transport-security:
      - max-age=31536000; includeSubDomains
      transfer-encoding:
      - chunked
      vary:
      - Accept-Encoding
      x-content-type-options:
      - nosniff
      x-ms-arm-service-request-id:
      - ee0dcd4a-9c69-4eee-ac83-74c2083f6823
    status:
      code: 200
      message: OK
- request:
    body: null
    headers:
      Accept:
      - application/json
      Accept-Encoding:
      - gzip, deflate
      CommandName:
      - network vhub create
      Connection:
      - keep-alive
      ParameterSetName:
      - -g -n --vwan --address-prefix
      User-Agent:
      - python/3.7.3 (Windows-10-10.0.19041-SP0) msrest/0.6.19 msrest_azure/0.6.4
        azure-mgmt-network/10.2.0 Azure-SDK-For-Python AZURECLI/2.18.0
    method: GET
    uri: https://management.azure.com/subscriptions/00000000-0000-0000-0000-000000000000/resourceGroups/cli_test_azure_vwan_vpn_gateway_connection000001/providers/Microsoft.Network/virtualHubs/test_vhub?api-version=2020-05-01
  response:
    body:
      string: "{\r\n  \"name\": \"test_vhub\",\r\n  \"id\": \"/subscriptions/00000000-0000-0000-0000-000000000000/resourceGroups/cli_test_azure_vwan_vpn_gateway_connection000001/providers/Microsoft.Network/virtualHubs/test_vhub\",\r\n
        \ \"etag\": \"W/\\\"5d642ab4-307b-47a4-b017-505efd7bacd3\\\"\",\r\n  \"type\":
        \"Microsoft.Network/virtualHubs\",\r\n  \"location\": \"westus\",\r\n  \"properties\":
        {\r\n    \"provisioningState\": \"Succeeded\",\r\n    \"virtualHubRouteTableV2s\":
        [],\r\n    \"addressPrefix\": \"10.0.1.0/24\",\r\n    \"virtualRouterAsn\":
        0,\r\n    \"virtualRouterIps\": [],\r\n    \"routeTable\": {\r\n      \"routes\":
        []\r\n    },\r\n    \"virtualWan\": {\r\n      \"id\": \"/subscriptions/00000000-0000-0000-0000-000000000000/resourceGroups/cli_test_azure_vwan_vpn_gateway_connection000001/providers/Microsoft.Network/virtualWans/test_vwan\"\r\n
        \   },\r\n    \"routingState\": \"Provisioning\"\r\n  }\r\n}"
    headers:
      cache-control:
      - no-cache
      content-length:
      - '874'
      content-type:
      - application/json; charset=utf-8
      date:
      - Thu, 21 Jan 2021 09:40:49 GMT
      expires:
      - '-1'
      pragma:
      - no-cache
      server:
      - Microsoft-HTTPAPI/2.0
      - Microsoft-HTTPAPI/2.0
      strict-transport-security:
      - max-age=31536000; includeSubDomains
      transfer-encoding:
      - chunked
      vary:
      - Accept-Encoding
      x-content-type-options:
      - nosniff
      x-ms-arm-service-request-id:
      - 56f93bfd-5299-4b42-aaae-7d37f703407a
    status:
      code: 200
      message: OK
- request:
    body: '{}'
    headers:
      Accept:
      - application/json
      Accept-Encoding:
      - gzip, deflate
      CommandName:
      - network vhub route-table create
      Connection:
      - keep-alive
      Content-Length:
      - '2'
      Content-Type:
      - application/json; charset=utf-8
      ParameterSetName:
      - -g --vhub-name -n
      User-Agent:
      - python/3.7.3 (Windows-10-10.0.19041-SP0) msrest/0.6.19 msrest_azure/0.6.4
        azure-mgmt-network/10.2.0 Azure-SDK-For-Python AZURECLI/2.18.0
      accept-language:
      - en-US
    method: PUT
    uri: https://management.azure.com/subscriptions/00000000-0000-0000-0000-000000000000/resourceGroups/cli_test_azure_vwan_vpn_gateway_connection000001/providers/Microsoft.Network/virtualHubs/test_vhub/hubRouteTables/test_vhub_routing_1?api-version=2020-05-01
  response:
    body:
      string: "{\r\n  \"name\": \"test_vhub_routing_1\",\r\n  \"id\": \"/subscriptions/00000000-0000-0000-0000-000000000000/resourceGroups/cli_test_azure_vwan_vpn_gateway_connection000001/providers/Microsoft.Network/virtualHubs/test_vhub/hubRouteTables/test_vhub_routing_1\",\r\n
        \ \"etag\": \"W/\\\"786780d7-c360-40f6-9fd2-c4ab4d4d27ca\\\"\",\r\n  \"properties\":
        {\r\n    \"provisioningState\": \"Updating\",\r\n    \"routes\": [],\r\n    \"labels\":
        [],\r\n    \"associatedConnections\": [],\r\n    \"propagatingConnections\":
        []\r\n  },\r\n  \"type\": \"Microsoft.Network/virtualHubs/hubRouteTables\"\r\n}"
    headers:
      azure-asyncoperation:
      - https://management.azure.com/subscriptions/00000000-0000-0000-0000-000000000000/providers/Microsoft.Network/locations/westus/operations/232ceb23-cacf-4fa7-b8c1-106f061bc91c?api-version=2020-05-01
      cache-control:
      - no-cache
      content-length:
      - '562'
      content-type:
      - application/json; charset=utf-8
      date:
      - Thu, 21 Jan 2021 09:40:51 GMT
      expires:
      - '-1'
      pragma:
      - no-cache
      server:
      - Microsoft-HTTPAPI/2.0
      - Microsoft-HTTPAPI/2.0
      strict-transport-security:
      - max-age=31536000; includeSubDomains
      x-content-type-options:
      - nosniff
      x-ms-arm-service-request-id:
      - 7f415665-9acf-4abe-b5a9-2cae2a4f3b1b
      x-ms-ratelimit-remaining-subscription-writes:
      - '1194'
    status:
      code: 201
      message: Created
- request:
    body: null
    headers:
      Accept:
      - application/json
      Accept-Encoding:
      - gzip, deflate
      CommandName:
      - network vhub route-table create
      Connection:
      - keep-alive
      ParameterSetName:
      - -g --vhub-name -n
      User-Agent:
      - python/3.7.3 (Windows-10-10.0.19041-SP0) msrest/0.6.19 msrest_azure/0.6.4
        azure-mgmt-network/10.2.0 Azure-SDK-For-Python AZURECLI/2.18.0
    method: GET
    uri: https://management.azure.com/subscriptions/00000000-0000-0000-0000-000000000000/providers/Microsoft.Network/locations/westus/operations/232ceb23-cacf-4fa7-b8c1-106f061bc91c?api-version=2020-05-01
  response:
    body:
      string: "{\r\n  \"status\": \"InProgress\"\r\n}"
    headers:
      cache-control:
      - no-cache
      content-length:
      - '30'
      content-type:
      - application/json; charset=utf-8
      date:
      - Thu, 21 Jan 2021 09:41:01 GMT
      expires:
      - '-1'
      pragma:
      - no-cache
      server:
      - Microsoft-HTTPAPI/2.0
      - Microsoft-HTTPAPI/2.0
      strict-transport-security:
      - max-age=31536000; includeSubDomains
      transfer-encoding:
      - chunked
      vary:
      - Accept-Encoding
      x-content-type-options:
      - nosniff
      x-ms-arm-service-request-id:
      - a0c9bee9-7328-47d9-9d8d-537295cb6c6f
    status:
      code: 200
      message: OK
- request:
    body: null
    headers:
      Accept:
      - application/json
      Accept-Encoding:
      - gzip, deflate
      CommandName:
      - network vhub route-table create
      Connection:
      - keep-alive
      ParameterSetName:
      - -g --vhub-name -n
      User-Agent:
      - python/3.7.3 (Windows-10-10.0.19041-SP0) msrest/0.6.19 msrest_azure/0.6.4
        azure-mgmt-network/10.2.0 Azure-SDK-For-Python AZURECLI/2.18.0
    method: GET
    uri: https://management.azure.com/subscriptions/00000000-0000-0000-0000-000000000000/providers/Microsoft.Network/locations/westus/operations/232ceb23-cacf-4fa7-b8c1-106f061bc91c?api-version=2020-05-01
  response:
    body:
      string: "{\r\n  \"status\": \"InProgress\"\r\n}"
    headers:
      cache-control:
      - no-cache
      content-length:
      - '30'
      content-type:
      - application/json; charset=utf-8
      date:
      - Thu, 21 Jan 2021 09:41:11 GMT
      expires:
      - '-1'
      pragma:
      - no-cache
      server:
      - Microsoft-HTTPAPI/2.0
      - Microsoft-HTTPAPI/2.0
      strict-transport-security:
      - max-age=31536000; includeSubDomains
      transfer-encoding:
      - chunked
      vary:
      - Accept-Encoding
      x-content-type-options:
      - nosniff
      x-ms-arm-service-request-id:
      - 2d8c12dc-a86a-416f-9f11-707da74525e2
    status:
      code: 200
      message: OK
- request:
    body: null
    headers:
      Accept:
      - application/json
      Accept-Encoding:
      - gzip, deflate
      CommandName:
      - network vhub route-table create
      Connection:
      - keep-alive
      ParameterSetName:
      - -g --vhub-name -n
      User-Agent:
      - python/3.7.3 (Windows-10-10.0.19041-SP0) msrest/0.6.19 msrest_azure/0.6.4
        azure-mgmt-network/10.2.0 Azure-SDK-For-Python AZURECLI/2.18.0
    method: GET
    uri: https://management.azure.com/subscriptions/00000000-0000-0000-0000-000000000000/providers/Microsoft.Network/locations/westus/operations/232ceb23-cacf-4fa7-b8c1-106f061bc91c?api-version=2020-05-01
  response:
    body:
      string: "{\r\n  \"status\": \"InProgress\"\r\n}"
    headers:
      cache-control:
      - no-cache
      content-length:
      - '30'
      content-type:
      - application/json; charset=utf-8
      date:
      - Thu, 21 Jan 2021 09:41:31 GMT
      expires:
      - '-1'
      pragma:
      - no-cache
      server:
      - Microsoft-HTTPAPI/2.0
      - Microsoft-HTTPAPI/2.0
      strict-transport-security:
      - max-age=31536000; includeSubDomains
      transfer-encoding:
      - chunked
      vary:
      - Accept-Encoding
      x-content-type-options:
      - nosniff
      x-ms-arm-service-request-id:
      - 2aac68c3-a57c-43f5-8da9-424ec5fcc3e9
    status:
      code: 200
      message: OK
- request:
    body: null
    headers:
      Accept:
      - application/json
      Accept-Encoding:
      - gzip, deflate
      CommandName:
      - network vhub route-table create
      Connection:
      - keep-alive
      ParameterSetName:
      - -g --vhub-name -n
      User-Agent:
      - python/3.7.3 (Windows-10-10.0.19041-SP0) msrest/0.6.19 msrest_azure/0.6.4
        azure-mgmt-network/10.2.0 Azure-SDK-For-Python AZURECLI/2.18.0
    method: GET
    uri: https://management.azure.com/subscriptions/00000000-0000-0000-0000-000000000000/providers/Microsoft.Network/locations/westus/operations/232ceb23-cacf-4fa7-b8c1-106f061bc91c?api-version=2020-05-01
  response:
    body:
      string: "{\r\n  \"status\": \"Succeeded\"\r\n}"
    headers:
      cache-control:
      - no-cache
      content-length:
      - '29'
      content-type:
      - application/json; charset=utf-8
      date:
      - Thu, 21 Jan 2021 09:42:12 GMT
      expires:
      - '-1'
      pragma:
      - no-cache
      server:
      - Microsoft-HTTPAPI/2.0
      - Microsoft-HTTPAPI/2.0
      strict-transport-security:
      - max-age=31536000; includeSubDomains
      transfer-encoding:
      - chunked
      vary:
      - Accept-Encoding
      x-content-type-options:
      - nosniff
      x-ms-arm-service-request-id:
      - 723d9eed-d58e-4ba9-b203-9025f54ef2a9
    status:
      code: 200
      message: OK
- request:
    body: null
    headers:
      Accept:
      - application/json
      Accept-Encoding:
      - gzip, deflate
      CommandName:
      - network vhub route-table create
      Connection:
      - keep-alive
      ParameterSetName:
      - -g --vhub-name -n
      User-Agent:
      - python/3.7.3 (Windows-10-10.0.19041-SP0) msrest/0.6.19 msrest_azure/0.6.4
        azure-mgmt-network/10.2.0 Azure-SDK-For-Python AZURECLI/2.18.0
    method: GET
    uri: https://management.azure.com/subscriptions/00000000-0000-0000-0000-000000000000/resourceGroups/cli_test_azure_vwan_vpn_gateway_connection000001/providers/Microsoft.Network/virtualHubs/test_vhub/hubRouteTables/test_vhub_routing_1?api-version=2020-05-01
  response:
    body:
      string: "{\r\n  \"name\": \"test_vhub_routing_1\",\r\n  \"id\": \"/subscriptions/00000000-0000-0000-0000-000000000000/resourceGroups/cli_test_azure_vwan_vpn_gateway_connection000001/providers/Microsoft.Network/virtualHubs/test_vhub/hubRouteTables/test_vhub_routing_1\",\r\n
        \ \"etag\": \"W/\\\"acefffb3-f846-4709-9356-0506ae791986\\\"\",\r\n  \"properties\":
        {\r\n    \"provisioningState\": \"Succeeded\",\r\n    \"routes\": [],\r\n
        \   \"labels\": [],\r\n    \"associatedConnections\": [],\r\n    \"propagatingConnections\":
        []\r\n  },\r\n  \"type\": \"Microsoft.Network/virtualHubs/hubRouteTables\"\r\n}"
    headers:
      cache-control:
      - no-cache
      content-length:
      - '563'
      content-type:
      - application/json; charset=utf-8
      date:
      - Thu, 21 Jan 2021 09:42:13 GMT
      etag:
      - W/"acefffb3-f846-4709-9356-0506ae791986"
      expires:
      - '-1'
      pragma:
      - no-cache
      server:
      - Microsoft-HTTPAPI/2.0
      - Microsoft-HTTPAPI/2.0
      strict-transport-security:
      - max-age=31536000; includeSubDomains
      transfer-encoding:
      - chunked
      vary:
      - Accept-Encoding
      x-content-type-options:
      - nosniff
      x-ms-arm-service-request-id:
      - 9dca00a2-c0b8-4580-bc1c-042c12d8b9b2
    status:
      code: 200
      message: OK
- request:
    body: '{}'
    headers:
      Accept:
      - application/json
      Accept-Encoding:
      - gzip, deflate
      CommandName:
      - network vhub route-table create
      Connection:
      - keep-alive
      Content-Length:
      - '2'
      Content-Type:
      - application/json; charset=utf-8
      ParameterSetName:
      - -g --vhub-name -n
      User-Agent:
      - python/3.7.3 (Windows-10-10.0.19041-SP0) msrest/0.6.19 msrest_azure/0.6.4
        azure-mgmt-network/10.2.0 Azure-SDK-For-Python AZURECLI/2.18.0
      accept-language:
      - en-US
    method: PUT
    uri: https://management.azure.com/subscriptions/00000000-0000-0000-0000-000000000000/resourceGroups/cli_test_azure_vwan_vpn_gateway_connection000001/providers/Microsoft.Network/virtualHubs/test_vhub/hubRouteTables/test_vhub_routing_2?api-version=2020-05-01
  response:
    body:
      string: "{\r\n  \"name\": \"test_vhub_routing_2\",\r\n  \"id\": \"/subscriptions/00000000-0000-0000-0000-000000000000/resourceGroups/cli_test_azure_vwan_vpn_gateway_connection000001/providers/Microsoft.Network/virtualHubs/test_vhub/hubRouteTables/test_vhub_routing_2\",\r\n
        \ \"etag\": \"W/\\\"1c85eb0b-7356-42f1-92cb-018353fd32f3\\\"\",\r\n  \"properties\":
        {\r\n    \"provisioningState\": \"Updating\",\r\n    \"routes\": [],\r\n    \"labels\":
        [],\r\n    \"associatedConnections\": [],\r\n    \"propagatingConnections\":
        []\r\n  },\r\n  \"type\": \"Microsoft.Network/virtualHubs/hubRouteTables\"\r\n}"
    headers:
      azure-asyncoperation:
      - https://management.azure.com/subscriptions/00000000-0000-0000-0000-000000000000/providers/Microsoft.Network/locations/westus/operations/2fb7b72b-0f5f-4d4b-9b66-a30200d8419f?api-version=2020-05-01
      cache-control:
      - no-cache
      content-length:
      - '562'
      content-type:
      - application/json; charset=utf-8
      date:
      - Thu, 21 Jan 2021 09:42:13 GMT
      expires:
      - '-1'
      pragma:
      - no-cache
      server:
      - Microsoft-HTTPAPI/2.0
      - Microsoft-HTTPAPI/2.0
      strict-transport-security:
      - max-age=31536000; includeSubDomains
      x-content-type-options:
      - nosniff
      x-ms-arm-service-request-id:
      - da5102e2-ec9a-4f87-9fae-aae78a2ea616
      x-ms-ratelimit-remaining-subscription-writes:
      - '1196'
    status:
      code: 201
      message: Created
- request:
    body: null
    headers:
      Accept:
      - application/json
      Accept-Encoding:
      - gzip, deflate
      CommandName:
      - network vhub route-table create
      Connection:
      - keep-alive
      ParameterSetName:
      - -g --vhub-name -n
      User-Agent:
      - python/3.7.3 (Windows-10-10.0.19041-SP0) msrest/0.6.19 msrest_azure/0.6.4
        azure-mgmt-network/10.2.0 Azure-SDK-For-Python AZURECLI/2.18.0
    method: GET
    uri: https://management.azure.com/subscriptions/00000000-0000-0000-0000-000000000000/providers/Microsoft.Network/locations/westus/operations/2fb7b72b-0f5f-4d4b-9b66-a30200d8419f?api-version=2020-05-01
  response:
    body:
      string: "{\r\n  \"status\": \"Succeeded\"\r\n}"
    headers:
      cache-control:
      - no-cache
      content-length:
      - '29'
      content-type:
      - application/json; charset=utf-8
      date:
      - Thu, 21 Jan 2021 09:42:24 GMT
      expires:
      - '-1'
      pragma:
      - no-cache
      server:
      - Microsoft-HTTPAPI/2.0
      - Microsoft-HTTPAPI/2.0
      strict-transport-security:
      - max-age=31536000; includeSubDomains
      transfer-encoding:
      - chunked
      vary:
      - Accept-Encoding
      x-content-type-options:
      - nosniff
      x-ms-arm-service-request-id:
      - 56c075ad-8465-4b54-8590-15ac1251dc53
    status:
      code: 200
      message: OK
- request:
    body: null
    headers:
      Accept:
      - application/json
      Accept-Encoding:
      - gzip, deflate
      CommandName:
      - network vhub route-table create
      Connection:
      - keep-alive
      ParameterSetName:
      - -g --vhub-name -n
      User-Agent:
      - python/3.7.3 (Windows-10-10.0.19041-SP0) msrest/0.6.19 msrest_azure/0.6.4
        azure-mgmt-network/10.2.0 Azure-SDK-For-Python AZURECLI/2.18.0
    method: GET
    uri: https://management.azure.com/subscriptions/00000000-0000-0000-0000-000000000000/resourceGroups/cli_test_azure_vwan_vpn_gateway_connection000001/providers/Microsoft.Network/virtualHubs/test_vhub/hubRouteTables/test_vhub_routing_2?api-version=2020-05-01
  response:
    body:
      string: "{\r\n  \"name\": \"test_vhub_routing_2\",\r\n  \"id\": \"/subscriptions/00000000-0000-0000-0000-000000000000/resourceGroups/cli_test_azure_vwan_vpn_gateway_connection000001/providers/Microsoft.Network/virtualHubs/test_vhub/hubRouteTables/test_vhub_routing_2\",\r\n
        \ \"etag\": \"W/\\\"114016a7-7782-4428-b0eb-2b5c90ab1bcb\\\"\",\r\n  \"properties\":
        {\r\n    \"provisioningState\": \"Succeeded\",\r\n    \"routes\": [],\r\n
        \   \"labels\": [],\r\n    \"associatedConnections\": [],\r\n    \"propagatingConnections\":
        []\r\n  },\r\n  \"type\": \"Microsoft.Network/virtualHubs/hubRouteTables\"\r\n}"
    headers:
      cache-control:
      - no-cache
      content-length:
      - '563'
      content-type:
      - application/json; charset=utf-8
      date:
      - Thu, 21 Jan 2021 09:42:25 GMT
      etag:
      - W/"114016a7-7782-4428-b0eb-2b5c90ab1bcb"
      expires:
      - '-1'
      pragma:
      - no-cache
      server:
      - Microsoft-HTTPAPI/2.0
      - Microsoft-HTTPAPI/2.0
      strict-transport-security:
      - max-age=31536000; includeSubDomains
      transfer-encoding:
      - chunked
      vary:
      - Accept-Encoding
      x-content-type-options:
      - nosniff
      x-ms-arm-service-request-id:
      - 152fce7d-63be-469f-bd43-678ac6a21830
    status:
      code: 200
      message: OK
- request:
    body: null
    headers:
      Accept:
      - application/json
      Accept-Encoding:
      - gzip, deflate
      CommandName:
      - network vpn-gateway create
      Connection:
      - keep-alive
      ParameterSetName:
      - -g --vhub --name
      User-Agent:
      - python/3.7.3 (Windows-10-10.0.19041-SP0) msrest/0.6.19 msrest_azure/0.6.4
        azure-mgmt-resource/12.0.0 Azure-SDK-For-Python AZURECLI/2.18.0
      accept-language:
      - en-US
    method: GET
    uri: https://management.azure.com/subscriptions/00000000-0000-0000-0000-000000000000/resourcegroups/cli_test_azure_vwan_vpn_gateway_connection000001?api-version=2020-10-01
  response:
    body:
      string: '{"id":"/subscriptions/00000000-0000-0000-0000-000000000000/resourceGroups/cli_test_azure_vwan_vpn_gateway_connection000001","name":"cli_test_azure_vwan_vpn_gateway_connection000001","type":"Microsoft.Resources/resourceGroups","location":"westus","tags":{"product":"azurecli","cause":"automation","date":"2021-01-21T09:36:43Z"},"properties":{"provisioningState":"Succeeded"}}'
    headers:
      cache-control:
      - no-cache
      content-length:
      - '428'
      content-type:
      - application/json; charset=utf-8
      date:
      - Thu, 21 Jan 2021 09:42:25 GMT
      expires:
      - '-1'
      pragma:
      - no-cache
      strict-transport-security:
      - max-age=31536000; includeSubDomains
      vary:
      - Accept-Encoding
      x-content-type-options:
      - nosniff
    status:
      code: 200
      message: OK
- request:
    body: null
    headers:
      Accept:
      - application/json
      Accept-Encoding:
      - gzip, deflate
      CommandName:
      - network vpn-gateway create
      Connection:
      - keep-alive
      ParameterSetName:
      - -g --vhub --name
      User-Agent:
      - python/3.7.3 (Windows-10-10.0.19041-SP0) msrest/0.6.19 msrest_azure/0.6.4
        azure-mgmt-network/10.2.0 Azure-SDK-For-Python AZURECLI/2.18.0
      accept-language:
      - en-US
    method: GET
    uri: https://management.azure.com/subscriptions/00000000-0000-0000-0000-000000000000/resourceGroups/cli_test_azure_vwan_vpn_gateway_connection000001/providers/Microsoft.Network/vpnGateways/test_s2s_vpn_gateway?api-version=2020-05-01
  response:
    body:
      string: '{"error":{"code":"ResourceNotFound","message":"The Resource ''Microsoft.Network/vpnGateways/test_s2s_vpn_gateway''
        under resource group ''cli_test_azure_vwan_vpn_gateway_connection000001''
        was not found. For more details please go to https://aka.ms/ARMResourceNotFoundFix"}}'
    headers:
      cache-control:
      - no-cache
      content-length:
      - '297'
      content-type:
      - application/json; charset=utf-8
      date:
      - Thu, 21 Jan 2021 09:42:26 GMT
      expires:
      - '-1'
      pragma:
      - no-cache
      strict-transport-security:
      - max-age=31536000; includeSubDomains
      x-content-type-options:
      - nosniff
      x-ms-failure-cause:
      - gateway
    status:
      code: 404
      message: Not Found
- request:
    body: '{"location": "westus", "properties": {"virtualHub": {"id": "/subscriptions/00000000-0000-0000-0000-000000000000/resourceGroups/cli_test_azure_vwan_vpn_gateway_connection000001/providers/Microsoft.Network/virtualHubs/test_vhub"},
      "bgpSettings": {}}}'
    headers:
      Accept:
      - application/json
      Accept-Encoding:
      - gzip, deflate
      CommandName:
      - network vpn-gateway create
      Connection:
      - keep-alive
      Content-Length:
      - '275'
      Content-Type:
      - application/json; charset=utf-8
      ParameterSetName:
      - -g --vhub --name
      User-Agent:
      - python/3.7.3 (Windows-10-10.0.19041-SP0) msrest/0.6.19 msrest_azure/0.6.4
        azure-mgmt-network/10.2.0 Azure-SDK-For-Python AZURECLI/2.18.0
      accept-language:
      - en-US
    method: PUT
    uri: https://management.azure.com/subscriptions/00000000-0000-0000-0000-000000000000/resourceGroups/cli_test_azure_vwan_vpn_gateway_connection000001/providers/Microsoft.Network/vpnGateways/test_s2s_vpn_gateway?api-version=2020-05-01
  response:
    body:
      string: "{\r\n  \"name\": \"test_s2s_vpn_gateway\",\r\n  \"id\": \"/subscriptions/00000000-0000-0000-0000-000000000000/resourceGroups/cli_test_azure_vwan_vpn_gateway_connection000001/providers/Microsoft.Network/vpnGateways/test_s2s_vpn_gateway\",\r\n
        \ \"etag\": \"W/\\\"da98a4bd-32c1-4d1f-88c4-3eb00801fef2\\\"\",\r\n  \"type\":
        \"Microsoft.Network/vpnGateways\",\r\n  \"location\": \"westus\",\r\n  \"properties\":
        {\r\n    \"provisioningState\": \"Updating\",\r\n    \"connections\": [],\r\n
        \   \"virtualHub\": {\r\n      \"id\": \"/subscriptions/00000000-0000-0000-0000-000000000000/resourceGroups/cli_test_azure_vwan_vpn_gateway_connection000001/providers/Microsoft.Network/virtualHubs/test_vhub\"\r\n
        \   },\r\n    \"bgpSettings\": {\r\n      \"asn\": 65515,\r\n      \"peerWeight\":
        0\r\n    },\r\n    \"vpnGatewayScaleUnit\": 1,\r\n    \"packetCaptureDiagnosticState\":
        \"None\",\r\n    \"ipConfigurations\": [],\r\n    \"natRules\": [],\r\n    \"enableBgpRouteTranslationForNat\":
        false,\r\n    \"isRoutingPreferenceInternet\": false\r\n  }\r\n}"
    headers:
      azure-asyncnotification:
      - Enabled
      azure-asyncoperation:
      - https://management.azure.com/subscriptions/00000000-0000-0000-0000-000000000000/providers/Microsoft.Network/locations/westus/operations/1c6aab52-9d51-42dd-858f-f278aff4a4f7?api-version=2020-05-01
      cache-control:
      - no-cache
      content-length:
      - '993'
      content-type:
      - application/json; charset=utf-8
      date:
      - Thu, 21 Jan 2021 09:42:31 GMT
      expires:
      - '-1'
      pragma:
      - no-cache
      server:
      - Microsoft-HTTPAPI/2.0
      - Microsoft-HTTPAPI/2.0
      strict-transport-security:
      - max-age=31536000; includeSubDomains
      x-content-type-options:
      - nosniff
      x-ms-arm-service-request-id:
      - 0bf1c998-149f-452f-83b9-aa078fe987aa
      x-ms-ratelimit-remaining-subscription-writes:
      - '1197'
    status:
      code: 201
      message: Created
- request:
    body: null
    headers:
      Accept:
      - application/json
      Accept-Encoding:
      - gzip, deflate
      CommandName:
      - network vpn-gateway create
      Connection:
      - keep-alive
      ParameterSetName:
      - -g --vhub --name
      User-Agent:
      - python/3.7.3 (Windows-10-10.0.19041-SP0) msrest/0.6.19 msrest_azure/0.6.4
        azure-mgmt-network/10.2.0 Azure-SDK-For-Python AZURECLI/2.18.0
    method: GET
    uri: https://management.azure.com/subscriptions/00000000-0000-0000-0000-000000000000/providers/Microsoft.Network/locations/westus/operations/1c6aab52-9d51-42dd-858f-f278aff4a4f7?api-version=2020-05-01
  response:
    body:
      string: "{\r\n  \"status\": \"InProgress\"\r\n}"
    headers:
      cache-control:
      - no-cache
      content-length:
      - '30'
      content-type:
      - application/json; charset=utf-8
      date:
      - Thu, 21 Jan 2021 09:42:42 GMT
      expires:
      - '-1'
      pragma:
      - no-cache
      server:
      - Microsoft-HTTPAPI/2.0
      - Microsoft-HTTPAPI/2.0
      strict-transport-security:
      - max-age=31536000; includeSubDomains
      transfer-encoding:
      - chunked
      vary:
      - Accept-Encoding
      x-content-type-options:
      - nosniff
      x-ms-arm-service-request-id:
      - 8838ce7e-1b9d-450c-ba47-c28858f31c2b
    status:
      code: 200
      message: OK
- request:
    body: null
    headers:
      Accept:
      - application/json
      Accept-Encoding:
      - gzip, deflate
      CommandName:
      - network vpn-gateway create
      Connection:
      - keep-alive
      ParameterSetName:
      - -g --vhub --name
      User-Agent:
      - python/3.7.3 (Windows-10-10.0.19041-SP0) msrest/0.6.19 msrest_azure/0.6.4
        azure-mgmt-network/10.2.0 Azure-SDK-For-Python AZURECLI/2.18.0
    method: GET
    uri: https://management.azure.com/subscriptions/00000000-0000-0000-0000-000000000000/providers/Microsoft.Network/locations/westus/operations/1c6aab52-9d51-42dd-858f-f278aff4a4f7?api-version=2020-05-01
  response:
    body:
      string: "{\r\n  \"status\": \"InProgress\"\r\n}"
    headers:
      cache-control:
      - no-cache
      content-length:
      - '30'
      content-type:
      - application/json; charset=utf-8
      date:
      - Thu, 21 Jan 2021 09:42:52 GMT
      expires:
      - '-1'
      pragma:
      - no-cache
      server:
      - Microsoft-HTTPAPI/2.0
      - Microsoft-HTTPAPI/2.0
      strict-transport-security:
      - max-age=31536000; includeSubDomains
      transfer-encoding:
      - chunked
      vary:
      - Accept-Encoding
      x-content-type-options:
      - nosniff
      x-ms-arm-service-request-id:
      - 372966ae-d17e-422c-8d4f-0663546842ec
    status:
      code: 200
      message: OK
- request:
    body: null
    headers:
      Accept:
      - application/json
      Accept-Encoding:
      - gzip, deflate
      CommandName:
      - network vpn-gateway create
      Connection:
      - keep-alive
      ParameterSetName:
      - -g --vhub --name
      User-Agent:
      - python/3.7.3 (Windows-10-10.0.19041-SP0) msrest/0.6.19 msrest_azure/0.6.4
        azure-mgmt-network/10.2.0 Azure-SDK-For-Python AZURECLI/2.18.0
    method: GET
    uri: https://management.azure.com/subscriptions/00000000-0000-0000-0000-000000000000/providers/Microsoft.Network/locations/westus/operations/1c6aab52-9d51-42dd-858f-f278aff4a4f7?api-version=2020-05-01
  response:
    body:
      string: "{\r\n  \"status\": \"InProgress\"\r\n}"
    headers:
      cache-control:
      - no-cache
      content-length:
      - '30'
      content-type:
      - application/json; charset=utf-8
      date:
      - Thu, 21 Jan 2021 09:43:12 GMT
      expires:
      - '-1'
      pragma:
      - no-cache
      server:
      - Microsoft-HTTPAPI/2.0
      - Microsoft-HTTPAPI/2.0
      strict-transport-security:
      - max-age=31536000; includeSubDomains
      transfer-encoding:
      - chunked
      vary:
      - Accept-Encoding
      x-content-type-options:
      - nosniff
      x-ms-arm-service-request-id:
      - a1d67658-61c5-4288-b85f-6111256a4c99
    status:
      code: 200
      message: OK
- request:
    body: null
    headers:
      Accept:
      - application/json
      Accept-Encoding:
      - gzip, deflate
      CommandName:
      - network vpn-gateway create
      Connection:
      - keep-alive
      ParameterSetName:
      - -g --vhub --name
      User-Agent:
      - python/3.7.3 (Windows-10-10.0.19041-SP0) msrest/0.6.19 msrest_azure/0.6.4
        azure-mgmt-network/10.2.0 Azure-SDK-For-Python AZURECLI/2.18.0
    method: GET
    uri: https://management.azure.com/subscriptions/00000000-0000-0000-0000-000000000000/providers/Microsoft.Network/locations/westus/operations/1c6aab52-9d51-42dd-858f-f278aff4a4f7?api-version=2020-05-01
  response:
    body:
      string: "{\r\n  \"status\": \"InProgress\"\r\n}"
    headers:
      cache-control:
      - no-cache
      content-length:
      - '30'
      content-type:
      - application/json; charset=utf-8
      date:
      - Thu, 21 Jan 2021 09:43:32 GMT
      expires:
      - '-1'
      pragma:
      - no-cache
      server:
      - Microsoft-HTTPAPI/2.0
      - Microsoft-HTTPAPI/2.0
      strict-transport-security:
      - max-age=31536000; includeSubDomains
      transfer-encoding:
      - chunked
      vary:
      - Accept-Encoding
      x-content-type-options:
      - nosniff
      x-ms-arm-service-request-id:
      - 0fb5cc5c-171d-480a-a824-623a9ecb8483
    status:
      code: 200
      message: OK
- request:
    body: null
    headers:
      Accept:
      - application/json
      Accept-Encoding:
      - gzip, deflate
      CommandName:
      - network vpn-gateway create
      Connection:
      - keep-alive
      ParameterSetName:
      - -g --vhub --name
      User-Agent:
      - python/3.7.3 (Windows-10-10.0.19041-SP0) msrest/0.6.19 msrest_azure/0.6.4
        azure-mgmt-network/10.2.0 Azure-SDK-For-Python AZURECLI/2.18.0
    method: GET
    uri: https://management.azure.com/subscriptions/00000000-0000-0000-0000-000000000000/providers/Microsoft.Network/locations/westus/operations/1c6aab52-9d51-42dd-858f-f278aff4a4f7?api-version=2020-05-01
  response:
    body:
      string: "{\r\n  \"status\": \"InProgress\"\r\n}"
    headers:
      cache-control:
      - no-cache
      content-length:
      - '30'
      content-type:
      - application/json; charset=utf-8
      date:
      - Thu, 21 Jan 2021 09:44:12 GMT
      expires:
      - '-1'
      pragma:
      - no-cache
      server:
      - Microsoft-HTTPAPI/2.0
      - Microsoft-HTTPAPI/2.0
      strict-transport-security:
      - max-age=31536000; includeSubDomains
      transfer-encoding:
      - chunked
      vary:
      - Accept-Encoding
      x-content-type-options:
      - nosniff
      x-ms-arm-service-request-id:
      - a3e3fa22-9dce-4a02-b1c5-22830a53640b
    status:
      code: 200
      message: OK
- request:
    body: null
    headers:
      Accept:
      - application/json
      Accept-Encoding:
      - gzip, deflate
      CommandName:
      - network vpn-gateway create
      Connection:
      - keep-alive
      ParameterSetName:
      - -g --vhub --name
      User-Agent:
      - python/3.7.3 (Windows-10-10.0.19041-SP0) msrest/0.6.19 msrest_azure/0.6.4
        azure-mgmt-network/10.2.0 Azure-SDK-For-Python AZURECLI/2.18.0
    method: GET
    uri: https://management.azure.com/subscriptions/00000000-0000-0000-0000-000000000000/providers/Microsoft.Network/locations/westus/operations/1c6aab52-9d51-42dd-858f-f278aff4a4f7?api-version=2020-05-01
  response:
    body:
      string: "{\r\n  \"status\": \"InProgress\"\r\n}"
    headers:
      cache-control:
      - no-cache
      content-length:
      - '30'
      content-type:
      - application/json; charset=utf-8
      date:
      - Thu, 21 Jan 2021 09:44:53 GMT
      expires:
      - '-1'
      pragma:
      - no-cache
      server:
      - Microsoft-HTTPAPI/2.0
      - Microsoft-HTTPAPI/2.0
      strict-transport-security:
      - max-age=31536000; includeSubDomains
      transfer-encoding:
      - chunked
      vary:
      - Accept-Encoding
      x-content-type-options:
      - nosniff
      x-ms-arm-service-request-id:
      - 7d50631d-058b-4d5c-978b-d5e834f8851f
    status:
      code: 200
      message: OK
- request:
    body: null
    headers:
      Accept:
      - application/json
      Accept-Encoding:
      - gzip, deflate
      CommandName:
      - network vpn-gateway create
      Connection:
      - keep-alive
      ParameterSetName:
      - -g --vhub --name
      User-Agent:
      - python/3.7.3 (Windows-10-10.0.19041-SP0) msrest/0.6.19 msrest_azure/0.6.4
        azure-mgmt-network/10.2.0 Azure-SDK-For-Python AZURECLI/2.18.0
    method: GET
    uri: https://management.azure.com/subscriptions/00000000-0000-0000-0000-000000000000/providers/Microsoft.Network/locations/westus/operations/1c6aab52-9d51-42dd-858f-f278aff4a4f7?api-version=2020-05-01
  response:
    body:
      string: "{\r\n  \"status\": \"InProgress\"\r\n}"
    headers:
      cache-control:
      - no-cache
      content-length:
      - '30'
      content-type:
      - application/json; charset=utf-8
      date:
      - Thu, 21 Jan 2021 09:46:13 GMT
      expires:
      - '-1'
      pragma:
      - no-cache
      server:
      - Microsoft-HTTPAPI/2.0
      - Microsoft-HTTPAPI/2.0
      strict-transport-security:
      - max-age=31536000; includeSubDomains
      transfer-encoding:
      - chunked
      vary:
      - Accept-Encoding
      x-content-type-options:
      - nosniff
      x-ms-arm-service-request-id:
      - 9a02e20a-5013-4179-b49c-81c97e6a4f4d
    status:
      code: 200
      message: OK
- request:
    body: null
    headers:
      Accept:
      - application/json
      Accept-Encoding:
      - gzip, deflate
      CommandName:
      - network vpn-gateway create
      Connection:
      - keep-alive
      ParameterSetName:
      - -g --vhub --name
      User-Agent:
      - python/3.7.3 (Windows-10-10.0.19041-SP0) msrest/0.6.19 msrest_azure/0.6.4
        azure-mgmt-network/10.2.0 Azure-SDK-For-Python AZURECLI/2.18.0
    method: GET
    uri: https://management.azure.com/subscriptions/00000000-0000-0000-0000-000000000000/providers/Microsoft.Network/locations/westus/operations/1c6aab52-9d51-42dd-858f-f278aff4a4f7?api-version=2020-05-01
  response:
    body:
      string: "{\r\n  \"status\": \"InProgress\"\r\n}"
    headers:
      cache-control:
      - no-cache
      content-length:
      - '30'
      content-type:
      - application/json; charset=utf-8
      date:
      - Thu, 21 Jan 2021 09:48:53 GMT
      expires:
      - '-1'
      pragma:
      - no-cache
      server:
      - Microsoft-HTTPAPI/2.0
      - Microsoft-HTTPAPI/2.0
      strict-transport-security:
      - max-age=31536000; includeSubDomains
      transfer-encoding:
      - chunked
      vary:
      - Accept-Encoding
      x-content-type-options:
      - nosniff
      x-ms-arm-service-request-id:
      - db7ce550-6f59-4f43-a98f-948ae07ab491
    status:
      code: 200
      message: OK
- request:
    body: null
    headers:
      Accept:
      - application/json
      Accept-Encoding:
      - gzip, deflate
      CommandName:
      - network vpn-gateway create
      Connection:
      - keep-alive
      ParameterSetName:
      - -g --vhub --name
      User-Agent:
      - python/3.7.3 (Windows-10-10.0.19041-SP0) msrest/0.6.19 msrest_azure/0.6.4
        azure-mgmt-network/10.2.0 Azure-SDK-For-Python AZURECLI/2.18.0
    method: GET
    uri: https://management.azure.com/subscriptions/00000000-0000-0000-0000-000000000000/providers/Microsoft.Network/locations/westus/operations/1c6aab52-9d51-42dd-858f-f278aff4a4f7?api-version=2020-05-01
  response:
    body:
      string: "{\r\n  \"status\": \"InProgress\"\r\n}"
    headers:
      cache-control:
      - no-cache
      content-length:
      - '30'
      content-type:
      - application/json; charset=utf-8
      date:
      - Thu, 21 Jan 2021 09:50:34 GMT
      expires:
      - '-1'
      pragma:
      - no-cache
      server:
      - Microsoft-HTTPAPI/2.0
      - Microsoft-HTTPAPI/2.0
      strict-transport-security:
      - max-age=31536000; includeSubDomains
      transfer-encoding:
      - chunked
      vary:
      - Accept-Encoding
      x-content-type-options:
      - nosniff
      x-ms-arm-service-request-id:
      - 7fc9fd4d-0abe-4d94-a564-158026695867
    status:
      code: 200
      message: OK
- request:
    body: null
    headers:
      Accept:
      - application/json
      Accept-Encoding:
      - gzip, deflate
      CommandName:
      - network vpn-gateway create
      Connection:
      - keep-alive
      ParameterSetName:
      - -g --vhub --name
      User-Agent:
      - python/3.7.3 (Windows-10-10.0.19041-SP0) msrest/0.6.19 msrest_azure/0.6.4
        azure-mgmt-network/10.2.0 Azure-SDK-For-Python AZURECLI/2.18.0
    method: GET
    uri: https://management.azure.com/subscriptions/00000000-0000-0000-0000-000000000000/providers/Microsoft.Network/locations/westus/operations/1c6aab52-9d51-42dd-858f-f278aff4a4f7?api-version=2020-05-01
  response:
    body:
      string: "{\r\n  \"status\": \"InProgress\"\r\n}"
    headers:
      cache-control:
      - no-cache
      content-length:
      - '30'
      content-type:
      - application/json; charset=utf-8
      date:
      - Thu, 21 Jan 2021 09:52:14 GMT
      expires:
      - '-1'
      pragma:
      - no-cache
      server:
      - Microsoft-HTTPAPI/2.0
      - Microsoft-HTTPAPI/2.0
      strict-transport-security:
      - max-age=31536000; includeSubDomains
      transfer-encoding:
      - chunked
      vary:
      - Accept-Encoding
      x-content-type-options:
      - nosniff
      x-ms-arm-service-request-id:
      - 9204de41-a078-4c4a-bd80-12f3eb9066bc
    status:
      code: 200
      message: OK
- request:
    body: null
    headers:
      Accept:
      - application/json
      Accept-Encoding:
      - gzip, deflate
      CommandName:
      - network vpn-gateway create
      Connection:
      - keep-alive
      ParameterSetName:
      - -g --vhub --name
      User-Agent:
      - python/3.7.3 (Windows-10-10.0.19041-SP0) msrest/0.6.19 msrest_azure/0.6.4
        azure-mgmt-network/10.2.0 Azure-SDK-For-Python AZURECLI/2.18.0
    method: GET
    uri: https://management.azure.com/subscriptions/00000000-0000-0000-0000-000000000000/providers/Microsoft.Network/locations/westus/operations/1c6aab52-9d51-42dd-858f-f278aff4a4f7?api-version=2020-05-01
  response:
    body:
      string: "{\r\n  \"status\": \"InProgress\"\r\n}"
    headers:
      cache-control:
      - no-cache
      content-length:
      - '30'
      content-type:
      - application/json; charset=utf-8
      date:
      - Thu, 21 Jan 2021 09:53:55 GMT
      expires:
      - '-1'
      pragma:
      - no-cache
      server:
      - Microsoft-HTTPAPI/2.0
      - Microsoft-HTTPAPI/2.0
      strict-transport-security:
      - max-age=31536000; includeSubDomains
      transfer-encoding:
      - chunked
      vary:
      - Accept-Encoding
      x-content-type-options:
      - nosniff
      x-ms-arm-service-request-id:
      - 46d83e9c-67b8-4408-a110-a8099f47bb7d
    status:
      code: 200
      message: OK
- request:
    body: null
    headers:
      Accept:
      - application/json
      Accept-Encoding:
      - gzip, deflate
      CommandName:
      - network vpn-gateway create
      Connection:
      - keep-alive
      ParameterSetName:
      - -g --vhub --name
      User-Agent:
      - python/3.7.3 (Windows-10-10.0.19041-SP0) msrest/0.6.19 msrest_azure/0.6.4
        azure-mgmt-network/10.2.0 Azure-SDK-For-Python AZURECLI/2.18.0
    method: GET
    uri: https://management.azure.com/subscriptions/00000000-0000-0000-0000-000000000000/providers/Microsoft.Network/locations/westus/operations/1c6aab52-9d51-42dd-858f-f278aff4a4f7?api-version=2020-05-01
  response:
    body:
      string: "{\r\n  \"status\": \"InProgress\"\r\n}"
    headers:
      cache-control:
      - no-cache
      content-length:
      - '30'
      content-type:
      - application/json; charset=utf-8
      date:
      - Thu, 21 Jan 2021 09:55:35 GMT
      expires:
      - '-1'
      pragma:
      - no-cache
      server:
      - Microsoft-HTTPAPI/2.0
      - Microsoft-HTTPAPI/2.0
      strict-transport-security:
      - max-age=31536000; includeSubDomains
      transfer-encoding:
      - chunked
      vary:
      - Accept-Encoding
      x-content-type-options:
      - nosniff
      x-ms-arm-service-request-id:
      - ad902e8a-6e93-459b-ba73-12177fc9e611
    status:
      code: 200
      message: OK
- request:
    body: null
    headers:
      Accept:
      - application/json
      Accept-Encoding:
      - gzip, deflate
      CommandName:
      - network vpn-gateway create
      Connection:
      - keep-alive
      ParameterSetName:
      - -g --vhub --name
      User-Agent:
      - python/3.7.3 (Windows-10-10.0.19041-SP0) msrest/0.6.19 msrest_azure/0.6.4
        azure-mgmt-network/10.2.0 Azure-SDK-For-Python AZURECLI/2.18.0
    method: GET
    uri: https://management.azure.com/subscriptions/00000000-0000-0000-0000-000000000000/providers/Microsoft.Network/locations/westus/operations/1c6aab52-9d51-42dd-858f-f278aff4a4f7?api-version=2020-05-01
  response:
    body:
      string: "{\r\n  \"status\": \"InProgress\"\r\n}"
    headers:
      cache-control:
      - no-cache
      content-length:
      - '30'
      content-type:
      - application/json; charset=utf-8
      date:
      - Thu, 21 Jan 2021 09:57:16 GMT
      expires:
      - '-1'
      pragma:
      - no-cache
      server:
      - Microsoft-HTTPAPI/2.0
      - Microsoft-HTTPAPI/2.0
      strict-transport-security:
      - max-age=31536000; includeSubDomains
      transfer-encoding:
      - chunked
      vary:
      - Accept-Encoding
      x-content-type-options:
      - nosniff
      x-ms-arm-service-request-id:
      - 710f53b7-748f-4cbf-b816-43210c15e699
    status:
      code: 200
      message: OK
- request:
    body: null
    headers:
      Accept:
      - application/json
      Accept-Encoding:
      - gzip, deflate
      CommandName:
      - network vpn-gateway create
      Connection:
      - keep-alive
      ParameterSetName:
      - -g --vhub --name
      User-Agent:
      - python/3.7.3 (Windows-10-10.0.19041-SP0) msrest/0.6.19 msrest_azure/0.6.4
        azure-mgmt-network/10.2.0 Azure-SDK-For-Python AZURECLI/2.18.0
    method: GET
    uri: https://management.azure.com/subscriptions/00000000-0000-0000-0000-000000000000/providers/Microsoft.Network/locations/westus/operations/1c6aab52-9d51-42dd-858f-f278aff4a4f7?api-version=2020-05-01
  response:
    body:
      string: "{\r\n  \"status\": \"InProgress\"\r\n}"
    headers:
      cache-control:
      - no-cache
      content-length:
      - '30'
      content-type:
      - application/json; charset=utf-8
      date:
      - Thu, 21 Jan 2021 09:58:56 GMT
      expires:
      - '-1'
      pragma:
      - no-cache
      server:
      - Microsoft-HTTPAPI/2.0
      - Microsoft-HTTPAPI/2.0
      strict-transport-security:
      - max-age=31536000; includeSubDomains
      transfer-encoding:
      - chunked
      vary:
      - Accept-Encoding
      x-content-type-options:
      - nosniff
      x-ms-arm-service-request-id:
      - a17eb5c0-f685-4167-bdcd-1b11b97db5dd
    status:
      code: 200
      message: OK
- request:
    body: null
    headers:
      Accept:
      - application/json
      Accept-Encoding:
      - gzip, deflate
      CommandName:
      - network vpn-gateway create
      Connection:
      - keep-alive
      ParameterSetName:
      - -g --vhub --name
      User-Agent:
      - python/3.7.3 (Windows-10-10.0.19041-SP0) msrest/0.6.19 msrest_azure/0.6.4
        azure-mgmt-network/10.2.0 Azure-SDK-For-Python AZURECLI/2.18.0
    method: GET
    uri: https://management.azure.com/subscriptions/00000000-0000-0000-0000-000000000000/providers/Microsoft.Network/locations/westus/operations/1c6aab52-9d51-42dd-858f-f278aff4a4f7?api-version=2020-05-01
  response:
    body:
      string: "{\r\n  \"status\": \"InProgress\"\r\n}"
    headers:
      cache-control:
      - no-cache
      content-length:
      - '30'
      content-type:
      - application/json; charset=utf-8
      date:
      - Thu, 21 Jan 2021 10:00:36 GMT
      expires:
      - '-1'
      pragma:
      - no-cache
      server:
      - Microsoft-HTTPAPI/2.0
      - Microsoft-HTTPAPI/2.0
      strict-transport-security:
      - max-age=31536000; includeSubDomains
      transfer-encoding:
      - chunked
      vary:
      - Accept-Encoding
      x-content-type-options:
      - nosniff
      x-ms-arm-service-request-id:
      - cc3e9948-29e7-4528-a6ab-f6b0b9d42539
    status:
      code: 200
      message: OK
- request:
    body: null
    headers:
      Accept:
      - application/json
      Accept-Encoding:
      - gzip, deflate
      CommandName:
      - network vpn-gateway create
      Connection:
      - keep-alive
      ParameterSetName:
      - -g --vhub --name
      User-Agent:
      - python/3.7.3 (Windows-10-10.0.19041-SP0) msrest/0.6.19 msrest_azure/0.6.4
        azure-mgmt-network/10.2.0 Azure-SDK-For-Python AZURECLI/2.18.0
    method: GET
    uri: https://management.azure.com/subscriptions/00000000-0000-0000-0000-000000000000/providers/Microsoft.Network/locations/westus/operations/1c6aab52-9d51-42dd-858f-f278aff4a4f7?api-version=2020-05-01
  response:
    body:
      string: "{\r\n  \"status\": \"InProgress\"\r\n}"
    headers:
      cache-control:
      - no-cache
      content-length:
      - '30'
      content-type:
      - application/json; charset=utf-8
      date:
      - Thu, 21 Jan 2021 10:02:17 GMT
      expires:
      - '-1'
      pragma:
      - no-cache
      server:
      - Microsoft-HTTPAPI/2.0
      - Microsoft-HTTPAPI/2.0
      strict-transport-security:
      - max-age=31536000; includeSubDomains
      transfer-encoding:
      - chunked
      vary:
      - Accept-Encoding
      x-content-type-options:
      - nosniff
      x-ms-arm-service-request-id:
      - 287270bb-1670-4287-814d-4f9ca0e2c9fc
    status:
      code: 200
      message: OK
- request:
    body: null
    headers:
      Accept:
      - application/json
      Accept-Encoding:
      - gzip, deflate
      CommandName:
      - network vpn-gateway create
      Connection:
      - keep-alive
      ParameterSetName:
      - -g --vhub --name
      User-Agent:
      - python/3.7.3 (Windows-10-10.0.19041-SP0) msrest/0.6.19 msrest_azure/0.6.4
        azure-mgmt-network/10.2.0 Azure-SDK-For-Python AZURECLI/2.18.0
    method: GET
    uri: https://management.azure.com/subscriptions/00000000-0000-0000-0000-000000000000/providers/Microsoft.Network/locations/westus/operations/1c6aab52-9d51-42dd-858f-f278aff4a4f7?api-version=2020-05-01
  response:
    body:
      string: "{\r\n  \"status\": \"InProgress\"\r\n}"
    headers:
      cache-control:
      - no-cache
      content-length:
      - '30'
      content-type:
      - application/json; charset=utf-8
      date:
      - Thu, 21 Jan 2021 10:03:57 GMT
      expires:
      - '-1'
      pragma:
      - no-cache
      server:
      - Microsoft-HTTPAPI/2.0
      - Microsoft-HTTPAPI/2.0
      strict-transport-security:
      - max-age=31536000; includeSubDomains
      transfer-encoding:
      - chunked
      vary:
      - Accept-Encoding
      x-content-type-options:
      - nosniff
      x-ms-arm-service-request-id:
      - fe28f1fd-76aa-442f-ac21-034fb9f5b647
    status:
      code: 200
      message: OK
- request:
    body: null
    headers:
      Accept:
      - application/json
      Accept-Encoding:
      - gzip, deflate
      CommandName:
      - network vpn-gateway create
      Connection:
      - keep-alive
      ParameterSetName:
      - -g --vhub --name
      User-Agent:
      - python/3.7.3 (Windows-10-10.0.19041-SP0) msrest/0.6.19 msrest_azure/0.6.4
        azure-mgmt-network/10.2.0 Azure-SDK-For-Python AZURECLI/2.18.0
    method: GET
    uri: https://management.azure.com/subscriptions/00000000-0000-0000-0000-000000000000/providers/Microsoft.Network/locations/westus/operations/1c6aab52-9d51-42dd-858f-f278aff4a4f7?api-version=2020-05-01
  response:
    body:
      string: "{\r\n  \"status\": \"InProgress\"\r\n}"
    headers:
      cache-control:
      - no-cache
      content-length:
      - '30'
      content-type:
      - application/json; charset=utf-8
      date:
      - Thu, 21 Jan 2021 10:05:37 GMT
      expires:
      - '-1'
      pragma:
      - no-cache
      server:
      - Microsoft-HTTPAPI/2.0
      - Microsoft-HTTPAPI/2.0
      strict-transport-security:
      - max-age=31536000; includeSubDomains
      transfer-encoding:
      - chunked
      vary:
      - Accept-Encoding
      x-content-type-options:
      - nosniff
      x-ms-arm-service-request-id:
      - eab66baa-c211-4092-8970-2cfc8be963ab
    status:
      code: 200
      message: OK
- request:
    body: null
    headers:
      Accept:
      - application/json
      Accept-Encoding:
      - gzip, deflate
      CommandName:
      - network vpn-gateway create
      Connection:
      - keep-alive
      ParameterSetName:
      - -g --vhub --name
      User-Agent:
      - python/3.7.3 (Windows-10-10.0.19041-SP0) msrest/0.6.19 msrest_azure/0.6.4
        azure-mgmt-network/10.2.0 Azure-SDK-For-Python AZURECLI/2.18.0
    method: GET
    uri: https://management.azure.com/subscriptions/00000000-0000-0000-0000-000000000000/providers/Microsoft.Network/locations/westus/operations/1c6aab52-9d51-42dd-858f-f278aff4a4f7?api-version=2020-05-01
  response:
    body:
      string: "{\r\n  \"status\": \"Succeeded\"\r\n}"
    headers:
      cache-control:
      - no-cache
      content-length:
      - '29'
      content-type:
      - application/json; charset=utf-8
      date:
      - Thu, 21 Jan 2021 10:07:18 GMT
      expires:
      - '-1'
      pragma:
      - no-cache
      server:
      - Microsoft-HTTPAPI/2.0
      - Microsoft-HTTPAPI/2.0
      strict-transport-security:
      - max-age=31536000; includeSubDomains
      transfer-encoding:
      - chunked
      vary:
      - Accept-Encoding
      x-content-type-options:
      - nosniff
      x-ms-arm-service-request-id:
      - f4f0d950-427f-4801-a1c6-44cafb152921
    status:
      code: 200
      message: OK
- request:
    body: null
    headers:
      Accept:
      - application/json
      Accept-Encoding:
      - gzip, deflate
      CommandName:
      - network vpn-gateway create
      Connection:
      - keep-alive
      ParameterSetName:
      - -g --vhub --name
      User-Agent:
      - python/3.7.3 (Windows-10-10.0.19041-SP0) msrest/0.6.19 msrest_azure/0.6.4
        azure-mgmt-network/10.2.0 Azure-SDK-For-Python AZURECLI/2.18.0
    method: GET
    uri: https://management.azure.com/subscriptions/00000000-0000-0000-0000-000000000000/resourceGroups/cli_test_azure_vwan_vpn_gateway_connection000001/providers/Microsoft.Network/vpnGateways/test_s2s_vpn_gateway?api-version=2020-05-01
  response:
    body:
      string: "{\r\n  \"name\": \"test_s2s_vpn_gateway\",\r\n  \"id\": \"/subscriptions/00000000-0000-0000-0000-000000000000/resourceGroups/cli_test_azure_vwan_vpn_gateway_connection000001/providers/Microsoft.Network/vpnGateways/test_s2s_vpn_gateway\",\r\n
        \ \"etag\": \"W/\\\"8be5d58d-84b0-4672-85e0-8333f3471c71\\\"\",\r\n  \"type\":
        \"Microsoft.Network/vpnGateways\",\r\n  \"location\": \"westus\",\r\n  \"properties\":
        {\r\n    \"provisioningState\": \"Succeeded\",\r\n    \"connections\": [],\r\n
        \   \"virtualHub\": {\r\n      \"id\": \"/subscriptions/00000000-0000-0000-0000-000000000000/resourceGroups/cli_test_azure_vwan_vpn_gateway_connection000001/providers/Microsoft.Network/virtualHubs/test_vhub\"\r\n
        \   },\r\n    \"bgpSettings\": {\r\n      \"asn\": 65515,\r\n      \"peerWeight\":
        0,\r\n      \"bgpPeeringAddresses\": [\r\n        {\r\n          \"ipconfigurationId\":
        \"Instance0\",\r\n          \"defaultBgpIpAddresses\": [\r\n            \"10.0.1.12\"\r\n
        \         ],\r\n          \"customBgpIpAddresses\": [],\r\n          \"tunnelIpAddresses\":
        [\r\n            \"104.40.6.89\",\r\n            \"10.0.1.4\"\r\n          ]\r\n
        \       },\r\n        {\r\n          \"ipconfigurationId\": \"Instance1\",\r\n
        \         \"defaultBgpIpAddresses\": [\r\n            \"10.0.1.13\"\r\n          ],\r\n
        \         \"customBgpIpAddresses\": [],\r\n          \"tunnelIpAddresses\":
        [\r\n            \"104.40.6.161\",\r\n            \"10.0.1.5\"\r\n          ]\r\n
        \       }\r\n      ]\r\n    },\r\n    \"vpnGatewayScaleUnit\": 1,\r\n    \"packetCaptureDiagnosticState\":
        \"None\",\r\n    \"ipConfigurations\": [\r\n      {\r\n        \"id\": \"Instance0\",\r\n
        \       \"publicIpAddress\": \"104.40.6.89\",\r\n        \"privateIpAddress\":
        \"10.0.1.4\"\r\n      },\r\n      {\r\n        \"id\": \"Instance1\",\r\n
        \       \"publicIpAddress\": \"104.40.6.161\",\r\n        \"privateIpAddress\":
        \"10.0.1.5\"\r\n      }\r\n    ],\r\n    \"natRules\": [],\r\n    \"enableBgpRouteTranslationForNat\":
        false,\r\n    \"isRoutingPreferenceInternet\": false\r\n  }\r\n}"
    headers:
      cache-control:
      - no-cache
      content-length:
      - '1868'
      content-type:
      - application/json; charset=utf-8
      date:
      - Thu, 21 Jan 2021 10:07:18 GMT
      expires:
      - '-1'
      pragma:
      - no-cache
      server:
      - Microsoft-HTTPAPI/2.0
      - Microsoft-HTTPAPI/2.0
      strict-transport-security:
      - max-age=31536000; includeSubDomains
      transfer-encoding:
      - chunked
      vary:
      - Accept-Encoding
      x-content-type-options:
      - nosniff
      x-ms-arm-service-request-id:
      - cdc9dd37-1fcf-4e42-8b3b-66dba15a53cd
    status:
      code: 200
      message: OK
- request:
    body: null
    headers:
      Accept:
      - application/json
      Accept-Encoding:
      - gzip, deflate
      CommandName:
      - network vpn-site create
      Connection:
      - keep-alive
      ParameterSetName:
      - -g -n --ip-address
      User-Agent:
      - python/3.7.3 (Windows-10-10.0.19041-SP0) msrest/0.6.19 msrest_azure/0.6.4
        azure-mgmt-resource/12.0.0 Azure-SDK-For-Python AZURECLI/2.18.0
      accept-language:
      - en-US
    method: GET
    uri: https://management.azure.com/subscriptions/00000000-0000-0000-0000-000000000000/resourcegroups/cli_test_azure_vwan_vpn_gateway_connection000001?api-version=2020-10-01
  response:
    body:
      string: '{"id":"/subscriptions/00000000-0000-0000-0000-000000000000/resourceGroups/cli_test_azure_vwan_vpn_gateway_connection000001","name":"cli_test_azure_vwan_vpn_gateway_connection000001","type":"Microsoft.Resources/resourceGroups","location":"westus","tags":{"product":"azurecli","cause":"automation","date":"2021-01-21T09:36:43Z"},"properties":{"provisioningState":"Succeeded"}}'
    headers:
      cache-control:
      - no-cache
      content-length:
      - '428'
      content-type:
      - application/json; charset=utf-8
      date:
      - Thu, 21 Jan 2021 10:07:19 GMT
      expires:
      - '-1'
      pragma:
      - no-cache
      strict-transport-security:
      - max-age=31536000; includeSubDomains
      vary:
      - Accept-Encoding
      x-content-type-options:
      - nosniff
    status:
      code: 200
      message: OK
- request:
    body: '{"location": "westus", "properties": {"deviceProperties": {}, "ipAddress":
      "10.0.1.110", "addressSpace": {}}}'
    headers:
      Accept:
      - application/json
      Accept-Encoding:
      - gzip, deflate
      CommandName:
      - network vpn-site create
      Connection:
      - keep-alive
      Content-Length:
      - '109'
      Content-Type:
      - application/json; charset=utf-8
      ParameterSetName:
      - -g -n --ip-address
      User-Agent:
      - python/3.7.3 (Windows-10-10.0.19041-SP0) msrest/0.6.19 msrest_azure/0.6.4
        azure-mgmt-network/10.2.0 Azure-SDK-For-Python AZURECLI/2.18.0
      accept-language:
      - en-US
    method: PUT
    uri: https://management.azure.com/subscriptions/00000000-0000-0000-0000-000000000000/resourceGroups/cli_test_azure_vwan_vpn_gateway_connection000001/providers/Microsoft.Network/vpnSites/remote_vpn_site_1?api-version=2020-05-01
  response:
    body:
      string: "{\r\n  \"name\": \"remote_vpn_site_1\",\r\n  \"id\": \"/subscriptions/00000000-0000-0000-0000-000000000000/resourceGroups/cli_test_azure_vwan_vpn_gateway_connection000001/providers/Microsoft.Network/vpnSites/remote_vpn_site_1\",\r\n
        \ \"etag\": \"W/\\\"830764d4-6b08-4950-8958-b0abef9b5fb2\\\"\",\r\n  \"type\":
        \"Microsoft.Network/vpnSites\",\r\n  \"location\": \"westus\",\r\n  \"properties\":
        {\r\n    \"provisioningState\": \"Updating\",\r\n    \"addressSpace\": {\r\n
        \     \"addressPrefixes\": []\r\n    },\r\n    \"deviceProperties\": {\r\n
        \     \"linkSpeedInMbps\": 0\r\n    },\r\n    \"isSecuritySite\": false,\r\n
        \   \"o365Policy\": {\r\n      \"breakOutCategories\": {\r\n        \"optimize\":
        false,\r\n        \"allow\": false,\r\n        \"default\": false\r\n      }\r\n
        \   },\r\n    \"ipAddress\": \"10.0.1.110\"\r\n  }\r\n}"
    headers:
      azure-asyncnotification:
      - Enabled
      azure-asyncoperation:
      - https://management.azure.com/subscriptions/00000000-0000-0000-0000-000000000000/providers/Microsoft.Network/locations/westus/operations/5b5d936d-1e5c-482e-9459-b5e98e159b03?api-version=2020-05-01
      cache-control:
      - no-cache
      content-length:
      - '763'
      content-type:
      - application/json; charset=utf-8
      date:
      - Thu, 21 Jan 2021 10:07:24 GMT
      expires:
      - '-1'
      pragma:
      - no-cache
      server:
      - Microsoft-HTTPAPI/2.0
      - Microsoft-HTTPAPI/2.0
      strict-transport-security:
      - max-age=31536000; includeSubDomains
      x-content-type-options:
      - nosniff
      x-ms-arm-service-request-id:
      - 6ed62c0b-f83c-4cc0-85cd-75890690d6b4
      x-ms-ratelimit-remaining-subscription-writes:
      - '1196'
    status:
      code: 201
      message: Created
- request:
    body: null
    headers:
      Accept:
      - application/json
      Accept-Encoding:
      - gzip, deflate
      CommandName:
      - network vpn-site create
      Connection:
      - keep-alive
      ParameterSetName:
      - -g -n --ip-address
      User-Agent:
      - python/3.7.3 (Windows-10-10.0.19041-SP0) msrest/0.6.19 msrest_azure/0.6.4
        azure-mgmt-network/10.2.0 Azure-SDK-For-Python AZURECLI/2.18.0
    method: GET
    uri: https://management.azure.com/subscriptions/00000000-0000-0000-0000-000000000000/providers/Microsoft.Network/locations/westus/operations/5b5d936d-1e5c-482e-9459-b5e98e159b03?api-version=2020-05-01
  response:
    body:
      string: "{\r\n  \"status\": \"Succeeded\"\r\n}"
    headers:
      cache-control:
      - no-cache
      content-length:
      - '29'
      content-type:
      - application/json; charset=utf-8
      date:
      - Thu, 21 Jan 2021 10:07:35 GMT
      expires:
      - '-1'
      pragma:
      - no-cache
      server:
      - Microsoft-HTTPAPI/2.0
      - Microsoft-HTTPAPI/2.0
      strict-transport-security:
      - max-age=31536000; includeSubDomains
      transfer-encoding:
      - chunked
      vary:
      - Accept-Encoding
      x-content-type-options:
      - nosniff
      x-ms-arm-service-request-id:
      - 5a583fc7-406c-4bee-bdbc-9944d737ced2
    status:
      code: 200
      message: OK
- request:
    body: null
    headers:
      Accept:
      - application/json
      Accept-Encoding:
      - gzip, deflate
      CommandName:
      - network vpn-site create
      Connection:
      - keep-alive
      ParameterSetName:
      - -g -n --ip-address
      User-Agent:
      - python/3.7.3 (Windows-10-10.0.19041-SP0) msrest/0.6.19 msrest_azure/0.6.4
        azure-mgmt-network/10.2.0 Azure-SDK-For-Python AZURECLI/2.18.0
    method: GET
    uri: https://management.azure.com/subscriptions/00000000-0000-0000-0000-000000000000/resourceGroups/cli_test_azure_vwan_vpn_gateway_connection000001/providers/Microsoft.Network/vpnSites/remote_vpn_site_1?api-version=2020-05-01
  response:
    body:
      string: "{\r\n  \"name\": \"remote_vpn_site_1\",\r\n  \"id\": \"/subscriptions/00000000-0000-0000-0000-000000000000/resourceGroups/cli_test_azure_vwan_vpn_gateway_connection000001/providers/Microsoft.Network/vpnSites/remote_vpn_site_1\",\r\n
        \ \"etag\": \"W/\\\"4feb8761-945a-405d-a57b-094e9432974a\\\"\",\r\n  \"type\":
        \"Microsoft.Network/vpnSites\",\r\n  \"location\": \"westus\",\r\n  \"properties\":
        {\r\n    \"provisioningState\": \"Succeeded\",\r\n    \"addressSpace\": {\r\n
        \     \"addressPrefixes\": []\r\n    },\r\n    \"deviceProperties\": {\r\n
        \     \"linkSpeedInMbps\": 0\r\n    },\r\n    \"isSecuritySite\": false,\r\n
        \   \"o365Policy\": {\r\n      \"breakOutCategories\": {\r\n        \"optimize\":
        false,\r\n        \"allow\": false,\r\n        \"default\": false\r\n      }\r\n
        \   },\r\n    \"ipAddress\": \"10.0.1.110\"\r\n  }\r\n}"
    headers:
      cache-control:
      - no-cache
      content-length:
      - '764'
      content-type:
      - application/json; charset=utf-8
      date:
      - Thu, 21 Jan 2021 10:07:35 GMT
      etag:
      - W/"4feb8761-945a-405d-a57b-094e9432974a"
      expires:
      - '-1'
      pragma:
      - no-cache
      server:
      - Microsoft-HTTPAPI/2.0
      - Microsoft-HTTPAPI/2.0
      strict-transport-security:
      - max-age=31536000; includeSubDomains
      transfer-encoding:
      - chunked
      vary:
      - Accept-Encoding
      x-content-type-options:
      - nosniff
      x-ms-arm-service-request-id:
      - c8d0d7ae-c765-4bd0-b909-5654e4e97fe2
    status:
      code: 200
      message: OK
- request:
    body: '{"properties": {"remoteVpnSite": {"id": "/subscriptions/00000000-0000-0000-0000-000000000000/resourceGroups/cli_test_azure_vwan_vpn_gateway_connection000001/providers/Microsoft.Network/vpnSites/remote_vpn_site_1"},
      "routingConfiguration": {"associatedRouteTable": {"id": "/subscriptions/00000000-0000-0000-0000-000000000000/resourceGroups/cli_test_azure_vwan_vpn_gateway_connection000001/providers/Microsoft.Network/virtualHubs/test_vhub/hubRouteTables/test_vhub_routing_1"},
      "propagatedRouteTables": {"labels": ["label1", "label2"], "ids": [{"id": "/subscriptions/00000000-0000-0000-0000-000000000000/resourceGroups/cli_test_azure_vwan_vpn_gateway_connection000001/providers/Microsoft.Network/virtualHubs/test_vhub/hubRouteTables/test_vhub_routing_1"},
      {"id": "/subscriptions/00000000-0000-0000-0000-000000000000/resourceGroups/cli_test_azure_vwan_vpn_gateway_connection000001/providers/Microsoft.Network/virtualHubs/test_vhub/hubRouteTables/test_vhub_routing_2"}]}}},
      "name": "test_s2s_vpn_gateway_connection"}'
    headers:
      Accept:
      - application/json
      Accept-Encoding:
      - gzip, deflate
      CommandName:
      - network vpn-gateway connection create
      Connection:
      - keep-alive
      Content-Length:
      - '1120'
      Content-Type:
      - application/json; charset=utf-8
      ParameterSetName:
      - -g -n --gateway-name --remote-vpn-site --associated-route-table --propagated-route-tables
        --labels
      User-Agent:
      - python/3.7.3 (Windows-10-10.0.19041-SP0) msrest/0.6.19 msrest_azure/0.6.4
        azure-mgmt-network/10.2.0 Azure-SDK-For-Python AZURECLI/2.18.0
      accept-language:
      - en-US
    method: PUT
    uri: https://management.azure.com/subscriptions/00000000-0000-0000-0000-000000000000/resourceGroups/cli_test_azure_vwan_vpn_gateway_connection000001/providers/Microsoft.Network/vpnGateways/test_s2s_vpn_gateway/vpnConnections/test_s2s_vpn_gateway_connection?api-version=2020-05-01
  response:
    body:
      string: "{\r\n  \"name\": \"test_s2s_vpn_gateway_connection\",\r\n  \"id\":
        \"/subscriptions/00000000-0000-0000-0000-000000000000/resourceGroups/cli_test_azure_vwan_vpn_gateway_connection000001/providers/Microsoft.Network/vpnGateways/test_s2s_vpn_gateway/vpnConnections/test_s2s_vpn_gateway_connection\",\r\n
        \ \"etag\": \"W/\\\"cc9171ec-7e92-4d58-a648-599db677dae4\\\"\",\r\n  \"type\":
        \"Microsoft.Network/vpnGateways/vpnConnections\",\r\n  \"properties\": {\r\n
        \   \"provisioningState\": \"Updating\",\r\n    \"routingConfiguration\":
        {\r\n      \"associatedRouteTable\": {\r\n        \"id\": \"/subscriptions/00000000-0000-0000-0000-000000000000/resourceGroups/cli_test_azure_vwan_vpn_gateway_connection000001/providers/Microsoft.Network/virtualHubs/test_vhub/hubRouteTables/test_vhub_routing_1\"\r\n
        \     },\r\n      \"propagatedRouteTables\": {\r\n        \"labels\": [\r\n
        \         \"label1\",\r\n          \"label2\"\r\n        ],\r\n        \"ids\":
        [\r\n          {\r\n            \"id\": \"/subscriptions/00000000-0000-0000-0000-000000000000/resourceGroups/cli_test_azure_vwan_vpn_gateway_connection000001/providers/Microsoft.Network/virtualHubs/test_vhub/hubRouteTables/test_vhub_routing_1\"\r\n
        \         },\r\n          {\r\n            \"id\": \"/subscriptions/00000000-0000-0000-0000-000000000000/resourceGroups/cli_test_azure_vwan_vpn_gateway_connection000001/providers/Microsoft.Network/virtualHubs/test_vhub/hubRouteTables/test_vhub_routing_2\"\r\n
        \         }\r\n        ]\r\n      },\r\n      \"vnetRoutes\": {\r\n        \"staticRoutes\":
        []\r\n      }\r\n    },\r\n    \"enableInternetSecurity\": false,\r\n    \"remoteVpnSite\":
        {\r\n      \"id\": \"/subscriptions/00000000-0000-0000-0000-000000000000/resourceGroups/cli_test_azure_vwan_vpn_gateway_connection000001/providers/Microsoft.Network/vpnSites/remote_vpn_site_1\"\r\n
        \   },\r\n    \"ingressBytesTransferred\": 0,\r\n    \"egressBytesTransferred\":
        0,\r\n    \"connectionBandwidth\": 10,\r\n    \"ipsecPolicies\": [],\r\n    \"vpnConnectionProtocolType\":
        \"IKEv2\",\r\n    \"enableBgp\": false,\r\n    \"enableRateLimiting\": false,\r\n
        \   \"useLocalAzureIpAddress\": false,\r\n    \"usePolicyBasedTrafficSelectors\":
        false,\r\n    \"routingWeight\": 0\r\n  }\r\n}"
    headers:
      azure-asyncoperation:
      - https://management.azure.com/subscriptions/00000000-0000-0000-0000-000000000000/providers/Microsoft.Network/locations/westus/operations/4d6711a8-a6b5-4e43-8d66-0c2ae5c93c9a?api-version=2020-05-01
      cache-control:
      - no-cache
      content-length:
      - '2196'
      content-type:
      - application/json; charset=utf-8
      date:
      - Thu, 21 Jan 2021 10:07:37 GMT
      expires:
      - '-1'
      pragma:
      - no-cache
      server:
      - Microsoft-HTTPAPI/2.0
      - Microsoft-HTTPAPI/2.0
      strict-transport-security:
      - max-age=31536000; includeSubDomains
      x-content-type-options:
      - nosniff
      x-ms-arm-service-request-id:
      - 9bddb8ee-f537-4be9-b320-b0648c048300
      x-ms-ratelimit-remaining-subscription-writes:
      - '1197'
    status:
      code: 201
      message: Created
- request:
    body: null
    headers:
      Accept:
      - application/json
      Accept-Encoding:
      - gzip, deflate
      CommandName:
      - network vpn-gateway connection create
      Connection:
      - keep-alive
      ParameterSetName:
      - -g -n --gateway-name --remote-vpn-site --associated-route-table --propagated-route-tables
        --labels
      User-Agent:
      - python/3.7.3 (Windows-10-10.0.19041-SP0) msrest/0.6.19 msrest_azure/0.6.4
        azure-mgmt-network/10.2.0 Azure-SDK-For-Python AZURECLI/2.18.0
    method: GET
    uri: https://management.azure.com/subscriptions/00000000-0000-0000-0000-000000000000/providers/Microsoft.Network/locations/westus/operations/4d6711a8-a6b5-4e43-8d66-0c2ae5c93c9a?api-version=2020-05-01
  response:
    body:
      string: "{\r\n  \"status\": \"InProgress\"\r\n}"
    headers:
      cache-control:
      - no-cache
      content-length:
      - '30'
      content-type:
      - application/json; charset=utf-8
      date:
      - Thu, 21 Jan 2021 10:07:47 GMT
      expires:
      - '-1'
      pragma:
      - no-cache
      server:
      - Microsoft-HTTPAPI/2.0
      - Microsoft-HTTPAPI/2.0
      strict-transport-security:
      - max-age=31536000; includeSubDomains
      transfer-encoding:
      - chunked
      vary:
      - Accept-Encoding
      x-content-type-options:
      - nosniff
      x-ms-arm-service-request-id:
      - 5601b811-6a60-4bd8-97b8-543bcb1d028b
    status:
      code: 200
      message: OK
- request:
    body: null
    headers:
      Accept:
      - application/json
      Accept-Encoding:
      - gzip, deflate
      CommandName:
      - network vpn-gateway connection create
      Connection:
      - keep-alive
      ParameterSetName:
      - -g -n --gateway-name --remote-vpn-site --associated-route-table --propagated-route-tables
        --labels
      User-Agent:
      - python/3.7.3 (Windows-10-10.0.19041-SP0) msrest/0.6.19 msrest_azure/0.6.4
        azure-mgmt-network/10.2.0 Azure-SDK-For-Python AZURECLI/2.18.0
    method: GET
    uri: https://management.azure.com/subscriptions/00000000-0000-0000-0000-000000000000/providers/Microsoft.Network/locations/westus/operations/4d6711a8-a6b5-4e43-8d66-0c2ae5c93c9a?api-version=2020-05-01
  response:
    body:
      string: "{\r\n  \"status\": \"InProgress\"\r\n}"
    headers:
      cache-control:
      - no-cache
      content-length:
      - '30'
      content-type:
      - application/json; charset=utf-8
      date:
      - Thu, 21 Jan 2021 10:07:58 GMT
      expires:
      - '-1'
      pragma:
      - no-cache
      server:
      - Microsoft-HTTPAPI/2.0
      - Microsoft-HTTPAPI/2.0
      strict-transport-security:
      - max-age=31536000; includeSubDomains
      transfer-encoding:
      - chunked
      vary:
      - Accept-Encoding
      x-content-type-options:
      - nosniff
      x-ms-arm-service-request-id:
      - f9d87d78-1c06-4c28-b52c-a55c1bd4ac0b
    status:
      code: 200
      message: OK
- request:
    body: null
    headers:
      Accept:
      - application/json
      Accept-Encoding:
      - gzip, deflate
      CommandName:
      - network vpn-gateway connection create
      Connection:
      - keep-alive
      ParameterSetName:
      - -g -n --gateway-name --remote-vpn-site --associated-route-table --propagated-route-tables
        --labels
      User-Agent:
      - python/3.7.3 (Windows-10-10.0.19041-SP0) msrest/0.6.19 msrest_azure/0.6.4
        azure-mgmt-network/10.2.0 Azure-SDK-For-Python AZURECLI/2.18.0
    method: GET
    uri: https://management.azure.com/subscriptions/00000000-0000-0000-0000-000000000000/providers/Microsoft.Network/locations/westus/operations/4d6711a8-a6b5-4e43-8d66-0c2ae5c93c9a?api-version=2020-05-01
  response:
    body:
      string: "{\r\n  \"status\": \"InProgress\"\r\n}"
    headers:
      cache-control:
      - no-cache
      content-length:
      - '30'
      content-type:
      - application/json; charset=utf-8
      date:
      - Thu, 21 Jan 2021 10:08:18 GMT
      expires:
      - '-1'
      pragma:
      - no-cache
      server:
      - Microsoft-HTTPAPI/2.0
      - Microsoft-HTTPAPI/2.0
      strict-transport-security:
      - max-age=31536000; includeSubDomains
      transfer-encoding:
      - chunked
      vary:
      - Accept-Encoding
      x-content-type-options:
      - nosniff
      x-ms-arm-service-request-id:
      - 25f594d1-a575-49b3-a2a2-7df86363616c
    status:
      code: 200
      message: OK
- request:
    body: null
    headers:
      Accept:
      - application/json
      Accept-Encoding:
      - gzip, deflate
      CommandName:
      - network vpn-gateway connection create
      Connection:
      - keep-alive
      ParameterSetName:
      - -g -n --gateway-name --remote-vpn-site --associated-route-table --propagated-route-tables
        --labels
      User-Agent:
      - python/3.7.3 (Windows-10-10.0.19041-SP0) msrest/0.6.19 msrest_azure/0.6.4
        azure-mgmt-network/10.2.0 Azure-SDK-For-Python AZURECLI/2.18.0
    method: GET
    uri: https://management.azure.com/subscriptions/00000000-0000-0000-0000-000000000000/providers/Microsoft.Network/locations/westus/operations/4d6711a8-a6b5-4e43-8d66-0c2ae5c93c9a?api-version=2020-05-01
  response:
    body:
      string: "{\r\n  \"status\": \"Succeeded\"\r\n}"
    headers:
      cache-control:
      - no-cache
      content-length:
      - '29'
      content-type:
      - application/json; charset=utf-8
      date:
      - Thu, 21 Jan 2021 10:08:58 GMT
      expires:
      - '-1'
      pragma:
      - no-cache
      server:
      - Microsoft-HTTPAPI/2.0
      - Microsoft-HTTPAPI/2.0
      strict-transport-security:
      - max-age=31536000; includeSubDomains
      transfer-encoding:
      - chunked
      vary:
      - Accept-Encoding
      x-content-type-options:
      - nosniff
      x-ms-arm-service-request-id:
      - d46133bc-bc86-41b3-9975-9ed764f7fc1a
    status:
      code: 200
      message: OK
- request:
    body: null
    headers:
      Accept:
      - application/json
      Accept-Encoding:
      - gzip, deflate
      CommandName:
      - network vpn-gateway connection create
      Connection:
      - keep-alive
      ParameterSetName:
      - -g -n --gateway-name --remote-vpn-site --associated-route-table --propagated-route-tables
        --labels
      User-Agent:
      - python/3.7.3 (Windows-10-10.0.19041-SP0) msrest/0.6.19 msrest_azure/0.6.4
        azure-mgmt-network/10.2.0 Azure-SDK-For-Python AZURECLI/2.18.0
    method: GET
    uri: https://management.azure.com/subscriptions/00000000-0000-0000-0000-000000000000/resourceGroups/cli_test_azure_vwan_vpn_gateway_connection000001/providers/Microsoft.Network/vpnGateways/test_s2s_vpn_gateway/vpnConnections/test_s2s_vpn_gateway_connection?api-version=2020-05-01
  response:
    body:
      string: "{\r\n  \"name\": \"test_s2s_vpn_gateway_connection\",\r\n  \"id\":
        \"/subscriptions/00000000-0000-0000-0000-000000000000/resourceGroups/cli_test_azure_vwan_vpn_gateway_connection000001/providers/Microsoft.Network/vpnGateways/test_s2s_vpn_gateway/vpnConnections/test_s2s_vpn_gateway_connection\",\r\n
        \ \"etag\": \"W/\\\"8ba3f9fa-aece-4465-abf8-6bad4a3affd3\\\"\",\r\n  \"type\":
        \"Microsoft.Network/vpnGateways/vpnConnections\",\r\n  \"properties\": {\r\n
        \   \"provisioningState\": \"Succeeded\",\r\n    \"routingConfiguration\":
        {\r\n      \"associatedRouteTable\": {\r\n        \"id\": \"/subscriptions/00000000-0000-0000-0000-000000000000/resourceGroups/cli_test_azure_vwan_vpn_gateway_connection000001/providers/Microsoft.Network/virtualHubs/test_vhub/hubRouteTables/test_vhub_routing_1\"\r\n
        \     },\r\n      \"propagatedRouteTables\": {\r\n        \"labels\": [\r\n
        \         \"label1\",\r\n          \"label2\"\r\n        ],\r\n        \"ids\":
        [\r\n          {\r\n            \"id\": \"/subscriptions/00000000-0000-0000-0000-000000000000/resourceGroups/cli_test_azure_vwan_vpn_gateway_connection000001/providers/Microsoft.Network/virtualHubs/test_vhub/hubRouteTables/test_vhub_routing_1\"\r\n
        \         },\r\n          {\r\n            \"id\": \"/subscriptions/00000000-0000-0000-0000-000000000000/resourceGroups/cli_test_azure_vwan_vpn_gateway_connection000001/providers/Microsoft.Network/virtualHubs/test_vhub/hubRouteTables/test_vhub_routing_2\"\r\n
        \         }\r\n        ]\r\n      },\r\n      \"vnetRoutes\": {\r\n        \"staticRoutes\":
        []\r\n      }\r\n    },\r\n    \"enableInternetSecurity\": false,\r\n    \"remoteVpnSite\":
        {\r\n      \"id\": \"/subscriptions/00000000-0000-0000-0000-000000000000/resourceGroups/cli_test_azure_vwan_vpn_gateway_connection000001/providers/Microsoft.Network/vpnSites/remote_vpn_site_1\"\r\n
        \   },\r\n    \"ingressBytesTransferred\": 0,\r\n    \"egressBytesTransferred\":
        0,\r\n    \"connectionStatus\": \"Unknown\",\r\n    \"connectionBandwidth\":
        10,\r\n    \"ipsecPolicies\": [],\r\n    \"vpnConnectionProtocolType\": \"IKEv2\",\r\n
        \   \"enableBgp\": false,\r\n    \"enableRateLimiting\": false,\r\n    \"useLocalAzureIpAddress\":
        false,\r\n    \"usePolicyBasedTrafficSelectors\": false,\r\n    \"routingWeight\":
        0\r\n  }\r\n}"
    headers:
      cache-control:
      - no-cache
      content-length:
      - '2233'
      content-type:
      - application/json; charset=utf-8
      date:
      - Thu, 21 Jan 2021 10:08:59 GMT
      expires:
      - '-1'
      pragma:
      - no-cache
      server:
      - Microsoft-HTTPAPI/2.0
      - Microsoft-HTTPAPI/2.0
      strict-transport-security:
      - max-age=31536000; includeSubDomains
      transfer-encoding:
      - chunked
      vary:
      - Accept-Encoding
      x-content-type-options:
      - nosniff
      x-ms-arm-service-request-id:
      - a26595ab-f410-4f58-9881-2de06d61d498
    status:
      code: 200
      message: OK
- request:
    body: null
    headers:
      Accept:
      - application/json
      Accept-Encoding:
      - gzip, deflate
      CommandName:
      - network vpn-gateway connection show
      Connection:
      - keep-alive
      ParameterSetName:
      - -g -n --gateway-name
      User-Agent:
      - python/3.7.3 (Windows-10-10.0.19041-SP0) msrest/0.6.19 msrest_azure/0.6.4
        azure-mgmt-network/10.2.0 Azure-SDK-For-Python AZURECLI/2.18.0
      accept-language:
      - en-US
    method: GET
    uri: https://management.azure.com/subscriptions/00000000-0000-0000-0000-000000000000/resourceGroups/cli_test_azure_vwan_vpn_gateway_connection000001/providers/Microsoft.Network/vpnGateways/test_s2s_vpn_gateway/vpnConnections/test_s2s_vpn_gateway_connection?api-version=2020-05-01
  response:
    body:
      string: "{\r\n  \"name\": \"test_s2s_vpn_gateway_connection\",\r\n  \"id\":
        \"/subscriptions/00000000-0000-0000-0000-000000000000/resourceGroups/cli_test_azure_vwan_vpn_gateway_connection000001/providers/Microsoft.Network/vpnGateways/test_s2s_vpn_gateway/vpnConnections/test_s2s_vpn_gateway_connection\",\r\n
        \ \"etag\": \"W/\\\"8ba3f9fa-aece-4465-abf8-6bad4a3affd3\\\"\",\r\n  \"type\":
        \"Microsoft.Network/vpnGateways/vpnConnections\",\r\n  \"properties\": {\r\n
        \   \"provisioningState\": \"Succeeded\",\r\n    \"routingConfiguration\":
        {\r\n      \"associatedRouteTable\": {\r\n        \"id\": \"/subscriptions/00000000-0000-0000-0000-000000000000/resourceGroups/cli_test_azure_vwan_vpn_gateway_connection000001/providers/Microsoft.Network/virtualHubs/test_vhub/hubRouteTables/test_vhub_routing_1\"\r\n
        \     },\r\n      \"propagatedRouteTables\": {\r\n        \"labels\": [\r\n
        \         \"label1\",\r\n          \"label2\"\r\n        ],\r\n        \"ids\":
        [\r\n          {\r\n            \"id\": \"/subscriptions/00000000-0000-0000-0000-000000000000/resourceGroups/cli_test_azure_vwan_vpn_gateway_connection000001/providers/Microsoft.Network/virtualHubs/test_vhub/hubRouteTables/test_vhub_routing_1\"\r\n
        \         },\r\n          {\r\n            \"id\": \"/subscriptions/00000000-0000-0000-0000-000000000000/resourceGroups/cli_test_azure_vwan_vpn_gateway_connection000001/providers/Microsoft.Network/virtualHubs/test_vhub/hubRouteTables/test_vhub_routing_2\"\r\n
        \         }\r\n        ]\r\n      },\r\n      \"vnetRoutes\": {\r\n        \"staticRoutes\":
        []\r\n      }\r\n    },\r\n    \"enableInternetSecurity\": false,\r\n    \"remoteVpnSite\":
        {\r\n      \"id\": \"/subscriptions/00000000-0000-0000-0000-000000000000/resourceGroups/cli_test_azure_vwan_vpn_gateway_connection000001/providers/Microsoft.Network/vpnSites/remote_vpn_site_1\"\r\n
        \   },\r\n    \"ingressBytesTransferred\": 0,\r\n    \"egressBytesTransferred\":
        0,\r\n    \"connectionStatus\": \"Unknown\",\r\n    \"connectionBandwidth\":
        10,\r\n    \"ipsecPolicies\": [],\r\n    \"vpnConnectionProtocolType\": \"IKEv2\",\r\n
        \   \"enableBgp\": false,\r\n    \"enableRateLimiting\": false,\r\n    \"useLocalAzureIpAddress\":
        false,\r\n    \"usePolicyBasedTrafficSelectors\": false,\r\n    \"routingWeight\":
        0\r\n  }\r\n}"
    headers:
      cache-control:
      - no-cache
      content-length:
      - '2233'
      content-type:
      - application/json; charset=utf-8
      date:
      - Thu, 21 Jan 2021 10:09:00 GMT
      expires:
      - '-1'
      pragma:
      - no-cache
      server:
      - Microsoft-HTTPAPI/2.0
      - Microsoft-HTTPAPI/2.0
      strict-transport-security:
      - max-age=31536000; includeSubDomains
      transfer-encoding:
      - chunked
      vary:
      - Accept-Encoding
      x-content-type-options:
      - nosniff
      x-ms-arm-service-request-id:
      - 6a99e3b5-5001-4af1-8958-ea646f3e758e
    status:
      code: 200
      message: OK
- request:
    body: null
    headers:
      Accept:
      - application/json
      Accept-Encoding:
      - gzip, deflate
      CommandName:
      - network vpn-gateway connection list
      Connection:
      - keep-alive
      ParameterSetName:
      - -g --gateway-name
      User-Agent:
      - python/3.7.3 (Windows-10-10.0.19041-SP0) msrest/0.6.19 msrest_azure/0.6.4
        azure-mgmt-network/10.2.0 Azure-SDK-For-Python AZURECLI/2.18.0
      accept-language:
      - en-US
    method: GET
    uri: https://management.azure.com/subscriptions/00000000-0000-0000-0000-000000000000/resourceGroups/cli_test_azure_vwan_vpn_gateway_connection000001/providers/Microsoft.Network/vpnGateways/test_s2s_vpn_gateway/vpnConnections?api-version=2020-05-01
  response:
    body:
      string: "{\r\n  \"value\": [\r\n    {\r\n      \"name\": \"test_s2s_vpn_gateway_connection\",\r\n
        \     \"id\": \"/subscriptions/00000000-0000-0000-0000-000000000000/resourceGroups/cli_test_azure_vwan_vpn_gateway_connection000001/providers/Microsoft.Network/vpnGateways/test_s2s_vpn_gateway/vpnConnections/test_s2s_vpn_gateway_connection\",\r\n
        \     \"etag\": \"W/\\\"8ba3f9fa-aece-4465-abf8-6bad4a3affd3\\\"\",\r\n      \"type\":
        \"Microsoft.Network/vpnGateways/vpnConnections\",\r\n      \"properties\":
        {\r\n        \"provisioningState\": \"Succeeded\",\r\n        \"routingConfiguration\":
        {\r\n          \"associatedRouteTable\": {\r\n            \"id\": \"/subscriptions/00000000-0000-0000-0000-000000000000/resourceGroups/cli_test_azure_vwan_vpn_gateway_connection000001/providers/Microsoft.Network/virtualHubs/test_vhub/hubRouteTables/test_vhub_routing_1\"\r\n
        \         },\r\n          \"propagatedRouteTables\": {\r\n            \"labels\":
        [\r\n              \"label1\",\r\n              \"label2\"\r\n            ],\r\n
        \           \"ids\": [\r\n              {\r\n                \"id\": \"/subscriptions/00000000-0000-0000-0000-000000000000/resourceGroups/cli_test_azure_vwan_vpn_gateway_connection000001/providers/Microsoft.Network/virtualHubs/test_vhub/hubRouteTables/test_vhub_routing_1\"\r\n
        \             },\r\n              {\r\n                \"id\": \"/subscriptions/00000000-0000-0000-0000-000000000000/resourceGroups/cli_test_azure_vwan_vpn_gateway_connection000001/providers/Microsoft.Network/virtualHubs/test_vhub/hubRouteTables/test_vhub_routing_2\"\r\n
        \             }\r\n            ]\r\n          },\r\n          \"vnetRoutes\":
        {\r\n            \"staticRoutes\": []\r\n          }\r\n        },\r\n        \"enableInternetSecurity\":
        false,\r\n        \"remoteVpnSite\": {\r\n          \"id\": \"/subscriptions/00000000-0000-0000-0000-000000000000/resourceGroups/cli_test_azure_vwan_vpn_gateway_connection000001/providers/Microsoft.Network/vpnSites/remote_vpn_site_1\"\r\n
        \       },\r\n        \"ingressBytesTransferred\": 0,\r\n        \"egressBytesTransferred\":
        0,\r\n        \"connectionBandwidth\": 10,\r\n        \"ipsecPolicies\": [],\r\n
        \       \"vpnConnectionProtocolType\": \"IKEv2\",\r\n        \"enableBgp\":
        false,\r\n        \"enableRateLimiting\": false,\r\n        \"useLocalAzureIpAddress\":
        false,\r\n        \"usePolicyBasedTrafficSelectors\": false,\r\n        \"routingWeight\":
        0\r\n      }\r\n    }\r\n  ]\r\n}"
    headers:
      cache-control:
      - no-cache
      content-length:
      - '2402'
      content-type:
      - application/json; charset=utf-8
      date:
      - Thu, 21 Jan 2021 10:09:01 GMT
      expires:
      - '-1'
      pragma:
      - no-cache
      server:
      - Microsoft-HTTPAPI/2.0
      - Microsoft-HTTPAPI/2.0
      strict-transport-security:
      - max-age=31536000; includeSubDomains
      transfer-encoding:
      - chunked
      vary:
      - Accept-Encoding
      x-content-type-options:
      - nosniff
      x-ms-arm-service-request-id:
      - 931f84f6-4db0-49e2-adbe-f22896bc6d88
    status:
      code: 200
      message: OK
- request:
    body: null
    headers:
      Accept:
      - application/json
      Accept-Encoding:
      - gzip, deflate
      CommandName:
      - network vpn-gateway connection update
      Connection:
      - keep-alive
      ParameterSetName:
      - -g --gateway-name -n --labels
      User-Agent:
      - python/3.7.3 (Windows-10-10.0.19041-SP0) msrest/0.6.19 msrest_azure/0.6.4
        azure-mgmt-network/10.2.0 Azure-SDK-For-Python AZURECLI/2.18.0
      accept-language:
      - en-US
    method: GET
    uri: https://management.azure.com/subscriptions/00000000-0000-0000-0000-000000000000/resourceGroups/cli_test_azure_vwan_vpn_gateway_connection000001/providers/Microsoft.Network/vpnGateways/test_s2s_vpn_gateway/vpnConnections/test_s2s_vpn_gateway_connection?api-version=2020-05-01
  response:
    body:
      string: "{\r\n  \"name\": \"test_s2s_vpn_gateway_connection\",\r\n  \"id\":
        \"/subscriptions/00000000-0000-0000-0000-000000000000/resourceGroups/cli_test_azure_vwan_vpn_gateway_connection000001/providers/Microsoft.Network/vpnGateways/test_s2s_vpn_gateway/vpnConnections/test_s2s_vpn_gateway_connection\",\r\n
        \ \"etag\": \"W/\\\"8ba3f9fa-aece-4465-abf8-6bad4a3affd3\\\"\",\r\n  \"type\":
        \"Microsoft.Network/vpnGateways/vpnConnections\",\r\n  \"properties\": {\r\n
        \   \"provisioningState\": \"Succeeded\",\r\n    \"routingConfiguration\":
        {\r\n      \"associatedRouteTable\": {\r\n        \"id\": \"/subscriptions/00000000-0000-0000-0000-000000000000/resourceGroups/cli_test_azure_vwan_vpn_gateway_connection000001/providers/Microsoft.Network/virtualHubs/test_vhub/hubRouteTables/test_vhub_routing_1\"\r\n
        \     },\r\n      \"propagatedRouteTables\": {\r\n        \"labels\": [\r\n
        \         \"label1\",\r\n          \"label2\"\r\n        ],\r\n        \"ids\":
        [\r\n          {\r\n            \"id\": \"/subscriptions/00000000-0000-0000-0000-000000000000/resourceGroups/cli_test_azure_vwan_vpn_gateway_connection000001/providers/Microsoft.Network/virtualHubs/test_vhub/hubRouteTables/test_vhub_routing_1\"\r\n
        \         },\r\n          {\r\n            \"id\": \"/subscriptions/00000000-0000-0000-0000-000000000000/resourceGroups/cli_test_azure_vwan_vpn_gateway_connection000001/providers/Microsoft.Network/virtualHubs/test_vhub/hubRouteTables/test_vhub_routing_2\"\r\n
        \         }\r\n        ]\r\n      },\r\n      \"vnetRoutes\": {\r\n        \"staticRoutes\":
        []\r\n      }\r\n    },\r\n    \"enableInternetSecurity\": false,\r\n    \"remoteVpnSite\":
        {\r\n      \"id\": \"/subscriptions/00000000-0000-0000-0000-000000000000/resourceGroups/cli_test_azure_vwan_vpn_gateway_connection000001/providers/Microsoft.Network/vpnSites/remote_vpn_site_1\"\r\n
        \   },\r\n    \"ingressBytesTransferred\": 0,\r\n    \"egressBytesTransferred\":
        0,\r\n    \"connectionStatus\": \"Unknown\",\r\n    \"connectionBandwidth\":
        10,\r\n    \"ipsecPolicies\": [],\r\n    \"vpnConnectionProtocolType\": \"IKEv2\",\r\n
        \   \"enableBgp\": false,\r\n    \"enableRateLimiting\": false,\r\n    \"useLocalAzureIpAddress\":
        false,\r\n    \"usePolicyBasedTrafficSelectors\": false,\r\n    \"routingWeight\":
        0\r\n  }\r\n}"
    headers:
      cache-control:
      - no-cache
      content-length:
      - '2233'
      content-type:
      - application/json; charset=utf-8
      date:
      - Thu, 21 Jan 2021 10:09:01 GMT
      expires:
      - '-1'
      pragma:
      - no-cache
      server:
      - Microsoft-HTTPAPI/2.0
      - Microsoft-HTTPAPI/2.0
      strict-transport-security:
      - max-age=31536000; includeSubDomains
      transfer-encoding:
      - chunked
      vary:
      - Accept-Encoding
      x-content-type-options:
      - nosniff
      x-ms-arm-service-request-id:
      - ffe63abe-a704-406d-9b0b-bd72b0ae8d53
    status:
      code: 200
      message: OK
- request:
    body: '{"id": "/subscriptions/00000000-0000-0000-0000-000000000000/resourceGroups/cli_test_azure_vwan_vpn_gateway_connection000001/providers/Microsoft.Network/vpnGateways/test_s2s_vpn_gateway/vpnConnections/test_s2s_vpn_gateway_connection",
      "properties": {"remoteVpnSite": {"id": "/subscriptions/00000000-0000-0000-0000-000000000000/resourceGroups/cli_test_azure_vwan_vpn_gateway_connection000001/providers/Microsoft.Network/vpnSites/remote_vpn_site_1"},
      "routingWeight": 0, "connectionStatus": "Unknown", "vpnConnectionProtocolType":
      "IKEv2", "connectionBandwidth": 10, "enableBgp": false, "usePolicyBasedTrafficSelectors":
      false, "ipsecPolicies": [], "enableRateLimiting": false, "enableInternetSecurity":
      false, "useLocalAzureIpAddress": false, "routingConfiguration": {"associatedRouteTable":
      {"id": "/subscriptions/00000000-0000-0000-0000-000000000000/resourceGroups/cli_test_azure_vwan_vpn_gateway_connection000001/providers/Microsoft.Network/virtualHubs/test_vhub/hubRouteTables/test_vhub_routing_1"},
      "propagatedRouteTables": {"labels": ["x1", "x2"], "ids": [{"id": "/subscriptions/00000000-0000-0000-0000-000000000000/resourceGroups/cli_test_azure_vwan_vpn_gateway_connection000001/providers/Microsoft.Network/virtualHubs/test_vhub/hubRouteTables/test_vhub_routing_1"},
      {"id": "/subscriptions/00000000-0000-0000-0000-000000000000/resourceGroups/cli_test_azure_vwan_vpn_gateway_connection000001/providers/Microsoft.Network/virtualHubs/test_vhub/hubRouteTables/test_vhub_routing_2"}]},
      "vnetRoutes": {"staticRoutes": []}}}, "name": "test_s2s_vpn_gateway_connection"}'
    headers:
      Accept:
      - application/json
      Accept-Encoding:
      - gzip, deflate
      CommandName:
      - network vpn-gateway connection update
      Connection:
      - keep-alive
      Content-Length:
      - '1701'
      Content-Type:
      - application/json; charset=utf-8
      ParameterSetName:
      - -g --gateway-name -n --labels
      User-Agent:
      - python/3.7.3 (Windows-10-10.0.19041-SP0) msrest/0.6.19 msrest_azure/0.6.4
        azure-mgmt-network/10.2.0 Azure-SDK-For-Python AZURECLI/2.18.0
      accept-language:
      - en-US
    method: PUT
    uri: https://management.azure.com/subscriptions/00000000-0000-0000-0000-000000000000/resourceGroups/cli_test_azure_vwan_vpn_gateway_connection000001/providers/Microsoft.Network/vpnGateways/test_s2s_vpn_gateway/vpnConnections/test_s2s_vpn_gateway_connection?api-version=2020-05-01
  response:
    body:
      string: "{\r\n  \"name\": \"test_s2s_vpn_gateway_connection\",\r\n  \"id\":
        \"/subscriptions/00000000-0000-0000-0000-000000000000/resourceGroups/cli_test_azure_vwan_vpn_gateway_connection000001/providers/Microsoft.Network/vpnGateways/test_s2s_vpn_gateway/vpnConnections/test_s2s_vpn_gateway_connection\",\r\n
        \ \"etag\": \"W/\\\"613a554f-8014-4bba-bdd0-466990e86008\\\"\",\r\n  \"type\":
        \"Microsoft.Network/vpnGateways/vpnConnections\",\r\n  \"properties\": {\r\n
        \   \"provisioningState\": \"Updating\",\r\n    \"routingConfiguration\":
        {\r\n      \"associatedRouteTable\": {\r\n        \"id\": \"/subscriptions/00000000-0000-0000-0000-000000000000/resourceGroups/cli_test_azure_vwan_vpn_gateway_connection000001/providers/Microsoft.Network/virtualHubs/test_vhub/hubRouteTables/test_vhub_routing_1\"\r\n
        \     },\r\n      \"propagatedRouteTables\": {\r\n        \"labels\": [\r\n
        \         \"x1\",\r\n          \"x2\"\r\n        ],\r\n        \"ids\": [\r\n
        \         {\r\n            \"id\": \"/subscriptions/00000000-0000-0000-0000-000000000000/resourceGroups/cli_test_azure_vwan_vpn_gateway_connection000001/providers/Microsoft.Network/virtualHubs/test_vhub/hubRouteTables/test_vhub_routing_1\"\r\n
        \         },\r\n          {\r\n            \"id\": \"/subscriptions/00000000-0000-0000-0000-000000000000/resourceGroups/cli_test_azure_vwan_vpn_gateway_connection000001/providers/Microsoft.Network/virtualHubs/test_vhub/hubRouteTables/test_vhub_routing_2\"\r\n
        \         }\r\n        ]\r\n      },\r\n      \"vnetRoutes\": {\r\n        \"staticRoutes\":
        []\r\n      }\r\n    },\r\n    \"enableInternetSecurity\": false,\r\n    \"remoteVpnSite\":
        {\r\n      \"id\": \"/subscriptions/00000000-0000-0000-0000-000000000000/resourceGroups/cli_test_azure_vwan_vpn_gateway_connection000001/providers/Microsoft.Network/vpnSites/remote_vpn_site_1\"\r\n
        \   },\r\n    \"ingressBytesTransferred\": 0,\r\n    \"egressBytesTransferred\":
        0,\r\n    \"connectionStatus\": \"Unknown\",\r\n    \"connectionBandwidth\":
        10,\r\n    \"ipsecPolicies\": [],\r\n    \"vpnConnectionProtocolType\": \"IKEv2\",\r\n
        \   \"enableBgp\": false,\r\n    \"enableRateLimiting\": false,\r\n    \"useLocalAzureIpAddress\":
        false,\r\n    \"usePolicyBasedTrafficSelectors\": false,\r\n    \"routingWeight\":
        0\r\n  }\r\n}"
    headers:
      azure-asyncoperation:
      - https://management.azure.com/subscriptions/00000000-0000-0000-0000-000000000000/providers/Microsoft.Network/locations/westus/operations/f20d06aa-cb53-4400-acfc-4f6b309ad697?api-version=2020-05-01
      cache-control:
      - no-cache
      content-length:
      - '2224'
      content-type:
      - application/json; charset=utf-8
      date:
      - Thu, 21 Jan 2021 10:09:03 GMT
      expires:
      - '-1'
      pragma:
      - no-cache
      server:
      - Microsoft-HTTPAPI/2.0
      - Microsoft-HTTPAPI/2.0
      strict-transport-security:
      - max-age=31536000; includeSubDomains
      transfer-encoding:
      - chunked
      vary:
      - Accept-Encoding
      x-content-type-options:
      - nosniff
      x-ms-arm-service-request-id:
      - 69e40240-0a92-47d1-8ede-06beb17ab79e
      x-ms-ratelimit-remaining-subscription-writes:
      - '1196'
    status:
      code: 200
      message: OK
- request:
    body: null
    headers:
      Accept:
      - application/json
      Accept-Encoding:
      - gzip, deflate
      CommandName:
      - network vpn-gateway connection update
      Connection:
      - keep-alive
      ParameterSetName:
      - -g --gateway-name -n --labels
      User-Agent:
      - python/3.7.3 (Windows-10-10.0.19041-SP0) msrest/0.6.19 msrest_azure/0.6.4
        azure-mgmt-network/10.2.0 Azure-SDK-For-Python AZURECLI/2.18.0
    method: GET
    uri: https://management.azure.com/subscriptions/00000000-0000-0000-0000-000000000000/providers/Microsoft.Network/locations/westus/operations/f20d06aa-cb53-4400-acfc-4f6b309ad697?api-version=2020-05-01
  response:
    body:
      string: "{\r\n  \"status\": \"InProgress\"\r\n}"
    headers:
      cache-control:
      - no-cache
      content-length:
      - '30'
      content-type:
      - application/json; charset=utf-8
      date:
      - Thu, 21 Jan 2021 10:09:14 GMT
      expires:
      - '-1'
      pragma:
      - no-cache
      server:
      - Microsoft-HTTPAPI/2.0
      - Microsoft-HTTPAPI/2.0
      strict-transport-security:
      - max-age=31536000; includeSubDomains
      transfer-encoding:
      - chunked
      vary:
      - Accept-Encoding
      x-content-type-options:
      - nosniff
      x-ms-arm-service-request-id:
      - 7659467b-4ad5-447c-8b53-533c0da1162e
    status:
      code: 200
      message: OK
- request:
    body: null
    headers:
      Accept:
      - application/json
      Accept-Encoding:
      - gzip, deflate
      CommandName:
      - network vpn-gateway connection update
      Connection:
      - keep-alive
      ParameterSetName:
      - -g --gateway-name -n --labels
      User-Agent:
      - python/3.7.3 (Windows-10-10.0.19041-SP0) msrest/0.6.19 msrest_azure/0.6.4
        azure-mgmt-network/10.2.0 Azure-SDK-For-Python AZURECLI/2.18.0
    method: GET
    uri: https://management.azure.com/subscriptions/00000000-0000-0000-0000-000000000000/providers/Microsoft.Network/locations/westus/operations/f20d06aa-cb53-4400-acfc-4f6b309ad697?api-version=2020-05-01
  response:
    body:
      string: "{\r\n  \"status\": \"Succeeded\"\r\n}"
    headers:
      cache-control:
      - no-cache
      content-length:
      - '29'
      content-type:
      - application/json; charset=utf-8
      date:
      - Thu, 21 Jan 2021 10:09:24 GMT
      expires:
      - '-1'
      pragma:
      - no-cache
      server:
      - Microsoft-HTTPAPI/2.0
      - Microsoft-HTTPAPI/2.0
      strict-transport-security:
      - max-age=31536000; includeSubDomains
      transfer-encoding:
      - chunked
      vary:
      - Accept-Encoding
      x-content-type-options:
      - nosniff
      x-ms-arm-service-request-id:
      - c94f1505-f83e-4271-81d0-ff1f7cbed304
    status:
      code: 200
      message: OK
- request:
    body: null
    headers:
      Accept:
      - application/json
      Accept-Encoding:
      - gzip, deflate
      CommandName:
      - network vpn-gateway connection update
      Connection:
      - keep-alive
      ParameterSetName:
      - -g --gateway-name -n --labels
      User-Agent:
      - python/3.7.3 (Windows-10-10.0.19041-SP0) msrest/0.6.19 msrest_azure/0.6.4
        azure-mgmt-network/10.2.0 Azure-SDK-For-Python AZURECLI/2.18.0
    method: GET
    uri: https://management.azure.com/subscriptions/00000000-0000-0000-0000-000000000000/resourceGroups/cli_test_azure_vwan_vpn_gateway_connection000001/providers/Microsoft.Network/vpnGateways/test_s2s_vpn_gateway/vpnConnections/test_s2s_vpn_gateway_connection?api-version=2020-05-01
  response:
    body:
      string: "{\r\n  \"name\": \"test_s2s_vpn_gateway_connection\",\r\n  \"id\":
        \"/subscriptions/00000000-0000-0000-0000-000000000000/resourceGroups/cli_test_azure_vwan_vpn_gateway_connection000001/providers/Microsoft.Network/vpnGateways/test_s2s_vpn_gateway/vpnConnections/test_s2s_vpn_gateway_connection\",\r\n
        \ \"etag\": \"W/\\\"70e6c882-05ce-4fe2-87ec-38da93360eb7\\\"\",\r\n  \"type\":
        \"Microsoft.Network/vpnGateways/vpnConnections\",\r\n  \"properties\": {\r\n
        \   \"provisioningState\": \"Succeeded\",\r\n    \"routingConfiguration\":
        {\r\n      \"associatedRouteTable\": {\r\n        \"id\": \"/subscriptions/00000000-0000-0000-0000-000000000000/resourceGroups/cli_test_azure_vwan_vpn_gateway_connection000001/providers/Microsoft.Network/virtualHubs/test_vhub/hubRouteTables/test_vhub_routing_1\"\r\n
        \     },\r\n      \"propagatedRouteTables\": {\r\n        \"labels\": [\r\n
        \         \"x1\",\r\n          \"x2\"\r\n        ],\r\n        \"ids\": [\r\n
        \         {\r\n            \"id\": \"/subscriptions/00000000-0000-0000-0000-000000000000/resourceGroups/cli_test_azure_vwan_vpn_gateway_connection000001/providers/Microsoft.Network/virtualHubs/test_vhub/hubRouteTables/test_vhub_routing_1\"\r\n
        \         },\r\n          {\r\n            \"id\": \"/subscriptions/00000000-0000-0000-0000-000000000000/resourceGroups/cli_test_azure_vwan_vpn_gateway_connection000001/providers/Microsoft.Network/virtualHubs/test_vhub/hubRouteTables/test_vhub_routing_2\"\r\n
        \         }\r\n        ]\r\n      },\r\n      \"vnetRoutes\": {\r\n        \"staticRoutes\":
        []\r\n      }\r\n    },\r\n    \"enableInternetSecurity\": false,\r\n    \"remoteVpnSite\":
        {\r\n      \"id\": \"/subscriptions/00000000-0000-0000-0000-000000000000/resourceGroups/cli_test_azure_vwan_vpn_gateway_connection000001/providers/Microsoft.Network/vpnSites/remote_vpn_site_1\"\r\n
        \   },\r\n    \"ingressBytesTransferred\": 0,\r\n    \"egressBytesTransferred\":
        0,\r\n    \"connectionStatus\": \"Unknown\",\r\n    \"connectionBandwidth\":
        10,\r\n    \"ipsecPolicies\": [],\r\n    \"vpnConnectionProtocolType\": \"IKEv2\",\r\n
        \   \"enableBgp\": false,\r\n    \"enableRateLimiting\": false,\r\n    \"useLocalAzureIpAddress\":
        false,\r\n    \"usePolicyBasedTrafficSelectors\": false,\r\n    \"routingWeight\":
        0\r\n  }\r\n}"
    headers:
      cache-control:
      - no-cache
      content-length:
      - '2225'
      content-type:
      - application/json; charset=utf-8
      date:
      - Thu, 21 Jan 2021 10:09:24 GMT
      expires:
      - '-1'
      pragma:
      - no-cache
      server:
      - Microsoft-HTTPAPI/2.0
      - Microsoft-HTTPAPI/2.0
      strict-transport-security:
      - max-age=31536000; includeSubDomains
      transfer-encoding:
      - chunked
      vary:
      - Accept-Encoding
      x-content-type-options:
      - nosniff
      x-ms-arm-service-request-id:
      - 87e7d02f-5bcc-45e9-bc64-8ccd66444d95
    status:
      code: 200
      message: OK
- request:
    body: null
    headers:
      Accept:
      - application/json
      Accept-Encoding:
      - gzip, deflate
      CommandName:
      - network vpn-gateway connection delete
      Connection:
      - keep-alive
      Content-Length:
      - '0'
      ParameterSetName:
      - -g -n --gateway-name
      User-Agent:
      - python/3.7.3 (Windows-10-10.0.19041-SP0) msrest/0.6.19 msrest_azure/0.6.4
        azure-mgmt-network/10.2.0 Azure-SDK-For-Python AZURECLI/2.18.0
      accept-language:
      - en-US
    method: DELETE
    uri: https://management.azure.com/subscriptions/00000000-0000-0000-0000-000000000000/resourceGroups/cli_test_azure_vwan_vpn_gateway_connection000001/providers/Microsoft.Network/vpnGateways/test_s2s_vpn_gateway/vpnConnections/test_s2s_vpn_gateway_connection?api-version=2020-05-01
  response:
    body:
      string: ''
    headers:
      azure-asyncoperation:
      - https://management.azure.com/subscriptions/00000000-0000-0000-0000-000000000000/providers/Microsoft.Network/locations/westus/operations/fd097e56-b869-4bba-b63a-0560d69bfc9d?api-version=2020-05-01
      cache-control:
      - no-cache
      content-length:
      - '0'
      date:
      - Thu, 21 Jan 2021 10:09:25 GMT
      expires:
      - '-1'
      location:
      - https://management.azure.com/subscriptions/00000000-0000-0000-0000-000000000000/providers/Microsoft.Network/locations/westus/operationResults/fd097e56-b869-4bba-b63a-0560d69bfc9d?api-version=2020-05-01
      pragma:
      - no-cache
      server:
      - Microsoft-HTTPAPI/2.0
      - Microsoft-HTTPAPI/2.0
      strict-transport-security:
      - max-age=31536000; includeSubDomains
      x-content-type-options:
      - nosniff
      x-ms-arm-service-request-id:
      - 37c0720c-5e09-4eac-97bb-60dd3f92f8e5
      x-ms-ratelimit-remaining-subscription-deletes:
      - '14999'
    status:
      code: 202
      message: Accepted
- request:
    body: null
    headers:
      Accept:
      - application/json
      Accept-Encoding:
      - gzip, deflate
      CommandName:
      - network vpn-gateway connection delete
      Connection:
      - keep-alive
      ParameterSetName:
      - -g -n --gateway-name
      User-Agent:
      - python/3.7.3 (Windows-10-10.0.19041-SP0) msrest/0.6.19 msrest_azure/0.6.4
        azure-mgmt-network/10.2.0 Azure-SDK-For-Python AZURECLI/2.18.0
    method: GET
    uri: https://management.azure.com/subscriptions/00000000-0000-0000-0000-000000000000/providers/Microsoft.Network/locations/westus/operations/fd097e56-b869-4bba-b63a-0560d69bfc9d?api-version=2020-05-01
  response:
    body:
      string: "{\r\n  \"status\": \"InProgress\"\r\n}"
    headers:
      cache-control:
      - no-cache
      content-length:
      - '30'
      content-type:
      - application/json; charset=utf-8
      date:
      - Thu, 21 Jan 2021 10:09:35 GMT
      expires:
      - '-1'
      pragma:
      - no-cache
      server:
      - Microsoft-HTTPAPI/2.0
      - Microsoft-HTTPAPI/2.0
      strict-transport-security:
      - max-age=31536000; includeSubDomains
      transfer-encoding:
      - chunked
      vary:
      - Accept-Encoding
      x-content-type-options:
      - nosniff
      x-ms-arm-service-request-id:
      - ce6c6294-a168-4e5d-823a-bd74e8225977
    status:
      code: 200
      message: OK
- request:
    body: null
    headers:
      Accept:
      - application/json
      Accept-Encoding:
      - gzip, deflate
      CommandName:
      - network vpn-gateway connection delete
      Connection:
      - keep-alive
      ParameterSetName:
      - -g -n --gateway-name
      User-Agent:
      - python/3.7.3 (Windows-10-10.0.19041-SP0) msrest/0.6.19 msrest_azure/0.6.4
        azure-mgmt-network/10.2.0 Azure-SDK-For-Python AZURECLI/2.18.0
    method: GET
    uri: https://management.azure.com/subscriptions/00000000-0000-0000-0000-000000000000/providers/Microsoft.Network/locations/westus/operations/fd097e56-b869-4bba-b63a-0560d69bfc9d?api-version=2020-05-01
  response:
    body:
      string: "{\r\n  \"status\": \"InProgress\"\r\n}"
    headers:
      cache-control:
      - no-cache
      content-length:
      - '30'
      content-type:
      - application/json; charset=utf-8
      date:
      - Thu, 21 Jan 2021 10:09:45 GMT
      expires:
      - '-1'
      pragma:
      - no-cache
      server:
      - Microsoft-HTTPAPI/2.0
      - Microsoft-HTTPAPI/2.0
      strict-transport-security:
      - max-age=31536000; includeSubDomains
      transfer-encoding:
      - chunked
      vary:
      - Accept-Encoding
      x-content-type-options:
      - nosniff
      x-ms-arm-service-request-id:
      - b8edcaf2-c1f1-41ee-b3ac-7cfcac07714a
    status:
      code: 200
      message: OK
- request:
    body: null
    headers:
      Accept:
      - application/json
      Accept-Encoding:
      - gzip, deflate
      CommandName:
      - network vpn-gateway connection delete
      Connection:
      - keep-alive
      ParameterSetName:
      - -g -n --gateway-name
      User-Agent:
      - python/3.7.3 (Windows-10-10.0.19041-SP0) msrest/0.6.19 msrest_azure/0.6.4
        azure-mgmt-network/10.2.0 Azure-SDK-For-Python AZURECLI/2.18.0
    method: GET
    uri: https://management.azure.com/subscriptions/00000000-0000-0000-0000-000000000000/providers/Microsoft.Network/locations/westus/operations/fd097e56-b869-4bba-b63a-0560d69bfc9d?api-version=2020-05-01
  response:
    body:
      string: "{\r\n  \"status\": \"InProgress\"\r\n}"
    headers:
      cache-control:
      - no-cache
      content-length:
      - '30'
      content-type:
      - application/json; charset=utf-8
      date:
      - Thu, 21 Jan 2021 10:10:07 GMT
      expires:
      - '-1'
      pragma:
      - no-cache
      server:
      - Microsoft-HTTPAPI/2.0
      - Microsoft-HTTPAPI/2.0
      strict-transport-security:
      - max-age=31536000; includeSubDomains
      transfer-encoding:
      - chunked
      vary:
      - Accept-Encoding
      x-content-type-options:
      - nosniff
      x-ms-arm-service-request-id:
      - 931ca6fb-35f5-41ec-9c88-bdae792d3dce
    status:
      code: 200
      message: OK
- request:
    body: null
    headers:
      Accept:
      - application/json
      Accept-Encoding:
      - gzip, deflate
      CommandName:
      - network vpn-gateway connection delete
      Connection:
      - keep-alive
      ParameterSetName:
      - -g -n --gateway-name
      User-Agent:
      - python/3.7.3 (Windows-10-10.0.19041-SP0) msrest/0.6.19 msrest_azure/0.6.4
        azure-mgmt-network/10.2.0 Azure-SDK-For-Python AZURECLI/2.18.0
    method: GET
    uri: https://management.azure.com/subscriptions/00000000-0000-0000-0000-000000000000/providers/Microsoft.Network/locations/westus/operations/fd097e56-b869-4bba-b63a-0560d69bfc9d?api-version=2020-05-01
  response:
    body:
      string: "{\r\n  \"status\": \"Succeeded\"\r\n}"
    headers:
      cache-control:
      - no-cache
      content-length:
      - '29'
      content-type:
      - application/json; charset=utf-8
      date:
      - Thu, 21 Jan 2021 10:10:47 GMT
      expires:
      - '-1'
      pragma:
      - no-cache
      server:
      - Microsoft-HTTPAPI/2.0
      - Microsoft-HTTPAPI/2.0
      strict-transport-security:
      - max-age=31536000; includeSubDomains
      transfer-encoding:
      - chunked
      vary:
      - Accept-Encoding
      x-content-type-options:
      - nosniff
      x-ms-arm-service-request-id:
      - d54849b2-ff28-4042-b4d5-8b9805063408
    status:
      code: 200
      message: OK
- request:
    body: null
    headers:
      Accept:
      - application/json
      Accept-Encoding:
      - gzip, deflate
      CommandName:
      - network vpn-gateway connection show
      Connection:
      - keep-alive
      ParameterSetName:
      - -g -n --gateway-name
      User-Agent:
      - python/3.7.3 (Windows-10-10.0.19041-SP0) msrest/0.6.19 msrest_azure/0.6.4
        azure-mgmt-network/10.2.0 Azure-SDK-For-Python AZURECLI/2.18.0
      accept-language:
      - en-US
    method: GET
    uri: https://management.azure.com/subscriptions/00000000-0000-0000-0000-000000000000/resourceGroups/cli_test_azure_vwan_vpn_gateway_connection000001/providers/Microsoft.Network/vpnGateways/test_s2s_vpn_gateway/vpnConnections/test_s2s_vpn_gateway_connection?api-version=2020-05-01
  response:
    body:
      string: "{\r\n  \"error\": {\r\n    \"code\": \"NotFound\",\r\n    \"message\":
        \"Resource /subscriptions/00000000-0000-0000-0000-000000000000/resourceGroups/cli_test_azure_vwan_vpn_gateway_connection000001/providers/Microsoft.Network/vpnGateways/test_s2s_vpn_gateway/vpnConnections/test_s2s_vpn_gateway_connection
        not found.\",\r\n    \"details\": []\r\n  }\r\n}"
    headers:
      cache-control:
      - no-cache
      content-length:
      - '357'
      content-type:
      - application/json; charset=utf-8
      date:
      - Thu, 21 Jan 2021 10:10:47 GMT
      expires:
      - '-1'
      pragma:
      - no-cache
      server:
      - Microsoft-HTTPAPI/2.0
      - Microsoft-HTTPAPI/2.0
      strict-transport-security:
      - max-age=31536000; includeSubDomains
      x-content-type-options:
      - nosniff
      x-ms-arm-service-request-id:
      - 306773b8-18fb-4fb7-82ca-d688be609385
    status:
      code: 404
      message: Not Found
version: 1
