interactions:
- request:
    body: null
    headers:
      Accept:
      - application/json
      Accept-Encoding:
      - gzip, deflate
      CommandName:
      - network vwan create
      Connection:
      - keep-alive
      ParameterSetName:
      - -g -n
      User-Agent:
      - AZURECLI/2.36.0 azsdk-python-azure-mgmt-resource/21.1.0b1 Python/3.8.10 (Windows-10-10.0.19044-SP0)
    method: GET
    uri: https://management.azure.com/subscriptions/00000000-0000-0000-0000-000000000000/resourcegroups/test_p2s_vpn_client_generate000001?api-version=2021-04-01
  response:
    body:
      string: '{"id":"/subscriptions/00000000-0000-0000-0000-000000000000/resourceGroups/test_p2s_vpn_client_generate000001","name":"test_p2s_vpn_client_generate000001","type":"Microsoft.Resources/resourceGroups","location":"westus","tags":{"product":"azurecli","cause":"automation","date":"2022-05-11T04:59:13Z"},"properties":{"provisioningState":"Succeeded"}}'
    headers:
      cache-control:
      - no-cache
      content-length:
      - '346'
      content-type:
      - application/json; charset=utf-8
      date:
      - Wed, 11 May 2022 04:59:16 GMT
      expires:
      - '-1'
      pragma:
      - no-cache
      strict-transport-security:
      - max-age=31536000; includeSubDomains
      vary:
      - Accept-Encoding
      x-content-type-options:
      - nosniff
    status:
      code: 200
      message: OK
- request:
    body: '{"location": "westus"}'
    headers:
      Accept:
      - application/json
      Accept-Encoding:
      - gzip, deflate
      CommandName:
      - network vwan create
      Connection:
      - keep-alive
      Content-Length:
      - '22'
      Content-Type:
      - application/json
      ParameterSetName:
      - -g -n
      User-Agent:
      - AZURECLI/2.36.0 azsdk-python-azure-mgmt-network/19.3.0 Python/3.8.10 (Windows-10-10.0.19044-SP0)
    method: PUT
    uri: https://management.azure.com/subscriptions/00000000-0000-0000-0000-000000000000/resourceGroups/test_p2s_vpn_client_generate000001/providers/Microsoft.Network/virtualWans/test-p2s-vwan?api-version=2021-08-01
  response:
    body:
      string: "{\r\n  \"name\": \"test-p2s-vwan\",\r\n  \"id\": \"/subscriptions/00000000-0000-0000-0000-000000000000/resourceGroups/test_p2s_vpn_client_generate000001/providers/Microsoft.Network/virtualWans/test-p2s-vwan\",\r\n
        \ \"etag\": \"W/\\\"648bba82-626e-4585-819d-8b801b5a1735\\\"\",\r\n  \"type\":
        \"Microsoft.Network/virtualWans\",\r\n  \"location\": \"westus\",\r\n  \"properties\":
        {\r\n    \"provisioningState\": \"Updating\",\r\n    \"disableVpnEncryption\":
        false,\r\n    \"allowBranchToBranchTraffic\": true,\r\n    \"office365LocalBreakoutCategory\":
        \"None\",\r\n    \"type\": \"Standard\"\r\n  }\r\n}"
    headers:
      azure-asyncnotification:
      - Enabled
      azure-asyncoperation:
      - https://management.azure.com/subscriptions/00000000-0000-0000-0000-000000000000/providers/Microsoft.Network/locations/westus/operations/53ffb698-e3ba-487c-9e61-f1c8ac763eb8?api-version=2021-08-01
      cache-control:
      - no-cache
      content-length:
      - '536'
      content-type:
      - application/json; charset=utf-8
      date:
      - Wed, 11 May 2022 04:59:23 GMT
      expires:
      - '-1'
      pragma:
      - no-cache
      server:
      - Microsoft-HTTPAPI/2.0
      - Microsoft-HTTPAPI/2.0
      strict-transport-security:
      - max-age=31536000; includeSubDomains
      x-content-type-options:
      - nosniff
      x-ms-arm-service-request-id:
      - d24d62f7-91fd-49af-b641-d8d438d0bf0a
      x-ms-ratelimit-remaining-subscription-writes:
      - '1199'
    status:
      code: 201
      message: Created
- request:
    body: null
    headers:
      Accept:
      - '*/*'
      Accept-Encoding:
      - gzip, deflate
      CommandName:
      - network vwan create
      Connection:
      - keep-alive
      ParameterSetName:
      - -g -n
      User-Agent:
      - AZURECLI/2.36.0 azsdk-python-azure-mgmt-network/19.3.0 Python/3.8.10 (Windows-10-10.0.19044-SP0)
    method: GET
    uri: https://management.azure.com/subscriptions/00000000-0000-0000-0000-000000000000/providers/Microsoft.Network/locations/westus/operations/53ffb698-e3ba-487c-9e61-f1c8ac763eb8?api-version=2021-08-01
  response:
    body:
      string: "{\r\n  \"status\": \"Succeeded\"\r\n}"
    headers:
      cache-control:
      - no-cache
      content-length:
      - '29'
      content-type:
      - application/json; charset=utf-8
      date:
      - Wed, 11 May 2022 04:59:33 GMT
      expires:
      - '-1'
      pragma:
      - no-cache
      server:
      - Microsoft-HTTPAPI/2.0
      - Microsoft-HTTPAPI/2.0
      strict-transport-security:
      - max-age=31536000; includeSubDomains
      transfer-encoding:
      - chunked
      vary:
      - Accept-Encoding
      x-content-type-options:
      - nosniff
      x-ms-arm-service-request-id:
      - 40730fef-5ba9-437d-9a37-f77addf3c75e
    status:
      code: 200
      message: OK
- request:
    body: null
    headers:
      Accept:
      - '*/*'
      Accept-Encoding:
      - gzip, deflate
      CommandName:
      - network vwan create
      Connection:
      - keep-alive
      ParameterSetName:
      - -g -n
      User-Agent:
      - AZURECLI/2.36.0 azsdk-python-azure-mgmt-network/19.3.0 Python/3.8.10 (Windows-10-10.0.19044-SP0)
    method: GET
    uri: https://management.azure.com/subscriptions/00000000-0000-0000-0000-000000000000/resourceGroups/test_p2s_vpn_client_generate000001/providers/Microsoft.Network/virtualWans/test-p2s-vwan?api-version=2021-08-01
  response:
    body:
      string: "{\r\n  \"name\": \"test-p2s-vwan\",\r\n  \"id\": \"/subscriptions/00000000-0000-0000-0000-000000000000/resourceGroups/test_p2s_vpn_client_generate000001/providers/Microsoft.Network/virtualWans/test-p2s-vwan\",\r\n
        \ \"etag\": \"W/\\\"f626d4d2-d117-4caa-aa01-eaff0df3ed32\\\"\",\r\n  \"type\":
        \"Microsoft.Network/virtualWans\",\r\n  \"location\": \"westus\",\r\n  \"properties\":
        {\r\n    \"provisioningState\": \"Succeeded\",\r\n    \"disableVpnEncryption\":
        false,\r\n    \"allowBranchToBranchTraffic\": true,\r\n    \"office365LocalBreakoutCategory\":
        \"None\",\r\n    \"type\": \"Standard\"\r\n  }\r\n}"
    headers:
      cache-control:
      - no-cache
      content-length:
      - '537'
      content-type:
      - application/json; charset=utf-8
      date:
      - Wed, 11 May 2022 04:59:34 GMT
      etag:
      - W/"f626d4d2-d117-4caa-aa01-eaff0df3ed32"
      expires:
      - '-1'
      pragma:
      - no-cache
      server:
      - Microsoft-HTTPAPI/2.0
      - Microsoft-HTTPAPI/2.0
      strict-transport-security:
      - max-age=31536000; includeSubDomains
      transfer-encoding:
      - chunked
      vary:
      - Accept-Encoding
      x-content-type-options:
      - nosniff
      x-ms-arm-service-request-id:
      - 8defb93b-d91d-4f08-a4c8-3cdea6591e5b
    status:
      code: 200
      message: OK
- request:
    body: null
    headers:
      Accept:
      - application/json
      Accept-Encoding:
      - gzip, deflate
      CommandName:
      - network vhub create
      Connection:
      - keep-alive
      ParameterSetName:
      - -g -n --vwan --address-prefix
      User-Agent:
      - AZURECLI/2.36.0 azsdk-python-azure-mgmt-resource/21.1.0b1 Python/3.8.10 (Windows-10-10.0.19044-SP0)
    method: GET
    uri: https://management.azure.com/subscriptions/00000000-0000-0000-0000-000000000000/resourcegroups/test_p2s_vpn_client_generate000001?api-version=2021-04-01
  response:
    body:
      string: '{"id":"/subscriptions/00000000-0000-0000-0000-000000000000/resourceGroups/test_p2s_vpn_client_generate000001","name":"test_p2s_vpn_client_generate000001","type":"Microsoft.Resources/resourceGroups","location":"westus","tags":{"product":"azurecli","cause":"automation","date":"2022-05-11T04:59:13Z"},"properties":{"provisioningState":"Succeeded"}}'
    headers:
      cache-control:
      - no-cache
      content-length:
      - '346'
      content-type:
      - application/json; charset=utf-8
      date:
      - Wed, 11 May 2022 04:59:34 GMT
      expires:
      - '-1'
      pragma:
      - no-cache
      strict-transport-security:
      - max-age=31536000; includeSubDomains
      vary:
      - Accept-Encoding
      x-content-type-options:
      - nosniff
    status:
      code: 200
      message: OK
- request:
    body: '{"location": "westus", "properties": {"virtualWan": {"id": "/subscriptions/00000000-0000-0000-0000-000000000000/resourceGroups/test_p2s_vpn_client_generate000001/providers/Microsoft.Network/virtualWans/test-p2s-vwan"},
      "addressPrefix": "10.0.1.0/24"}}'
    headers:
      Accept:
      - application/json
      Accept-Encoding:
      - gzip, deflate
      CommandName:
      - network vhub create
      Connection:
      - keep-alive
      Content-Length:
      - '251'
      Content-Type:
      - application/json
      ParameterSetName:
      - -g -n --vwan --address-prefix
      User-Agent:
      - AZURECLI/2.36.0 azsdk-python-azure-mgmt-network/19.3.0 Python/3.8.10 (Windows-10-10.0.19044-SP0)
    method: PUT
    uri: https://management.azure.com/subscriptions/00000000-0000-0000-0000-000000000000/resourceGroups/test_p2s_vpn_client_generate000001/providers/Microsoft.Network/virtualHubs/test-p2s-vhub?api-version=2021-08-01
  response:
    body:
      string: "{\r\n  \"name\": \"test-p2s-vhub\",\r\n  \"id\": \"/subscriptions/00000000-0000-0000-0000-000000000000/resourceGroups/test_p2s_vpn_client_generate000001/providers/Microsoft.Network/virtualHubs/test-p2s-vhub\",\r\n
        \ \"etag\": \"W/\\\"f985b78d-ad1b-444f-9ce3-866ed8fa70a7\\\"\",\r\n  \"type\":
        \"Microsoft.Network/virtualHubs\",\r\n  \"location\": \"westus\",\r\n  \"properties\":
        {\r\n    \"provisioningState\": \"Updating\",\r\n    \"virtualHubRouteTableV2s\":
        [],\r\n    \"addressPrefix\": \"10.0.1.0/24\",\r\n    \"virtualRouterAsn\":
        0,\r\n    \"virtualRouterIps\": [],\r\n    \"routeTable\": {\r\n      \"routes\":
        []\r\n    },\r\n    \"virtualRouterAutoScaleConfiguration\": {\r\n      \"minCapacity\":
        2\r\n    },\r\n    \"virtualWan\": {\r\n      \"id\": \"/subscriptions/00000000-0000-0000-0000-000000000000/resourceGroups/test_p2s_vpn_client_generate000001/providers/Microsoft.Network/virtualWans/test-p2s-vwan\"\r\n
        \   },\r\n    \"networkVirtualAppliances\": [],\r\n    \"routingState\": \"None\",\r\n
        \   \"allowBranchToBranchTraffic\": false,\r\n    \"preferredRoutingGateway\":
        \"ExpressRoute\",\r\n    \"hubRoutingPreference\": \"ExpressRoute\"\r\n  }\r\n}"
    headers:
      azure-asyncnotification:
      - Enabled
      azure-asyncoperation:
      - https://management.azure.com/subscriptions/00000000-0000-0000-0000-000000000000/providers/Microsoft.Network/locations/westus/operations/cd004dfa-70fe-43aa-83f3-9867cad003fe?api-version=2021-08-01
      cache-control:
      - no-cache
      content-length:
      - '1045'
      content-type:
      - application/json; charset=utf-8
      date:
      - Wed, 11 May 2022 05:00:29 GMT
      expires:
      - '-1'
      pragma:
      - no-cache
      server:
      - Microsoft-HTTPAPI/2.0
      - Microsoft-HTTPAPI/2.0
      strict-transport-security:
      - max-age=31536000; includeSubDomains
      x-content-type-options:
      - nosniff
      x-ms-arm-service-request-id:
      - bf49bc0e-6720-43bd-bcaf-8489ffa23d0d
      x-ms-ratelimit-remaining-subscription-writes:
      - '1199'
    status:
      code: 201
      message: Created
- request:
    body: null
    headers:
      Accept:
      - '*/*'
      Accept-Encoding:
      - gzip, deflate
      CommandName:
      - network vhub create
      Connection:
      - keep-alive
      ParameterSetName:
      - -g -n --vwan --address-prefix
      User-Agent:
      - AZURECLI/2.36.0 azsdk-python-azure-mgmt-network/19.3.0 Python/3.8.10 (Windows-10-10.0.19044-SP0)
    method: GET
    uri: https://management.azure.com/subscriptions/00000000-0000-0000-0000-000000000000/providers/Microsoft.Network/locations/westus/operations/cd004dfa-70fe-43aa-83f3-9867cad003fe?api-version=2021-08-01
  response:
    body:
      string: "{\r\n  \"status\": \"InProgress\"\r\n}"
    headers:
      cache-control:
      - no-cache
      content-length:
      - '30'
      content-type:
      - application/json; charset=utf-8
      date:
      - Wed, 11 May 2022 05:00:42 GMT
      expires:
      - '-1'
      pragma:
      - no-cache
      server:
      - Microsoft-HTTPAPI/2.0
      - Microsoft-HTTPAPI/2.0
      strict-transport-security:
      - max-age=31536000; includeSubDomains
      x-content-type-options:
      - nosniff
      x-ms-arm-service-request-id:
      - 1e3a8705-599f-4a0d-8fab-f9c4f7424848
    status:
      code: 200
      message: OK
- request:
    body: null
    headers:
      Accept:
      - '*/*'
      Accept-Encoding:
      - gzip, deflate
      CommandName:
      - network vhub create
      Connection:
      - keep-alive
      ParameterSetName:
      - -g -n --vwan --address-prefix
      User-Agent:
      - AZURECLI/2.36.0 azsdk-python-azure-mgmt-network/19.3.0 Python/3.8.10 (Windows-10-10.0.19044-SP0)
    method: GET
    uri: https://management.azure.com/subscriptions/00000000-0000-0000-0000-000000000000/providers/Microsoft.Network/locations/westus/operations/cd004dfa-70fe-43aa-83f3-9867cad003fe?api-version=2021-08-01
  response:
    body:
      string: "{\r\n  \"status\": \"InProgress\"\r\n}"
    headers:
      cache-control:
      - no-cache
      content-length:
      - '30'
      content-type:
      - application/json; charset=utf-8
      date:
      - Wed, 11 May 2022 05:00:53 GMT
      expires:
      - '-1'
      pragma:
      - no-cache
      server:
      - Microsoft-HTTPAPI/2.0
      - Microsoft-HTTPAPI/2.0
      strict-transport-security:
      - max-age=31536000; includeSubDomains
      x-content-type-options:
      - nosniff
      x-ms-arm-service-request-id:
      - f48df05c-f90b-4838-bb2b-7650a3286729
    status:
      code: 200
      message: OK
- request:
    body: null
    headers:
      Accept:
      - '*/*'
      Accept-Encoding:
      - gzip, deflate
      CommandName:
      - network vhub create
      Connection:
      - keep-alive
      ParameterSetName:
      - -g -n --vwan --address-prefix
      User-Agent:
      - AZURECLI/2.36.0 azsdk-python-azure-mgmt-network/19.3.0 Python/3.8.10 (Windows-10-10.0.19044-SP0)
    method: GET
    uri: https://management.azure.com/subscriptions/00000000-0000-0000-0000-000000000000/providers/Microsoft.Network/locations/westus/operations/cd004dfa-70fe-43aa-83f3-9867cad003fe?api-version=2021-08-01
  response:
    body:
      string: "{\r\n  \"status\": \"InProgress\"\r\n}"
    headers:
      cache-control:
      - no-cache
      content-length:
      - '30'
      content-type:
      - application/json; charset=utf-8
      date:
      - Wed, 11 May 2022 05:01:18 GMT
      expires:
      - '-1'
      pragma:
      - no-cache
      server:
      - Microsoft-HTTPAPI/2.0
      - Microsoft-HTTPAPI/2.0
      strict-transport-security:
      - max-age=31536000; includeSubDomains
      x-content-type-options:
      - nosniff
      x-ms-arm-service-request-id:
      - 752bf57c-3302-496d-8fdc-759a738e98d7
    status:
      code: 200
      message: OK
- request:
    body: null
    headers:
      Accept:
      - '*/*'
      Accept-Encoding:
      - gzip, deflate
      CommandName:
      - network vhub create
      Connection:
      - keep-alive
      ParameterSetName:
      - -g -n --vwan --address-prefix
      User-Agent:
      - AZURECLI/2.36.0 azsdk-python-azure-mgmt-network/19.3.0 Python/3.8.10 (Windows-10-10.0.19044-SP0)
    method: GET
    uri: https://management.azure.com/subscriptions/00000000-0000-0000-0000-000000000000/providers/Microsoft.Network/locations/westus/operations/cd004dfa-70fe-43aa-83f3-9867cad003fe?api-version=2021-08-01
  response:
    body:
      string: "{\r\n  \"status\": \"InProgress\"\r\n}"
    headers:
      cache-control:
      - no-cache
      content-length:
      - '30'
      content-type:
      - application/json; charset=utf-8
      date:
      - Wed, 11 May 2022 05:01:40 GMT
      expires:
      - '-1'
      pragma:
      - no-cache
      server:
      - Microsoft-HTTPAPI/2.0
      - Microsoft-HTTPAPI/2.0
      strict-transport-security:
      - max-age=31536000; includeSubDomains
      x-content-type-options:
      - nosniff
      x-ms-arm-service-request-id:
      - 60011aae-27f4-49d3-93fc-91babc1544c3
    status:
      code: 200
      message: OK
- request:
    body: null
    headers:
      Accept:
      - '*/*'
      Accept-Encoding:
      - gzip, deflate
      CommandName:
      - network vhub create
      Connection:
      - keep-alive
      ParameterSetName:
      - -g -n --vwan --address-prefix
      User-Agent:
      - AZURECLI/2.36.0 azsdk-python-azure-mgmt-network/19.3.0 Python/3.8.10 (Windows-10-10.0.19044-SP0)
    method: GET
    uri: https://management.azure.com/subscriptions/00000000-0000-0000-0000-000000000000/providers/Microsoft.Network/locations/westus/operations/cd004dfa-70fe-43aa-83f3-9867cad003fe?api-version=2021-08-01
  response:
    body:
      string: "{\r\n  \"status\": \"InProgress\"\r\n}"
    headers:
      cache-control:
      - no-cache
      content-length:
      - '30'
      content-type:
      - application/json; charset=utf-8
      date:
      - Wed, 11 May 2022 05:02:27 GMT
      expires:
      - '-1'
      pragma:
      - no-cache
      server:
      - Microsoft-HTTPAPI/2.0
      - Microsoft-HTTPAPI/2.0
      strict-transport-security:
      - max-age=31536000; includeSubDomains
      x-content-type-options:
      - nosniff
      x-ms-arm-service-request-id:
      - cc66eb96-c1c2-4ddf-a9a7-4aed39e5ea94
    status:
      code: 200
      message: OK
- request:
    body: null
    headers:
      Accept:
      - '*/*'
      Accept-Encoding:
      - gzip, deflate
      CommandName:
      - network vhub create
      Connection:
      - keep-alive
      ParameterSetName:
      - -g -n --vwan --address-prefix
      User-Agent:
      - AZURECLI/2.36.0 azsdk-python-azure-mgmt-network/19.3.0 Python/3.8.10 (Windows-10-10.0.19044-SP0)
    method: GET
    uri: https://management.azure.com/subscriptions/00000000-0000-0000-0000-000000000000/providers/Microsoft.Network/locations/westus/operations/cd004dfa-70fe-43aa-83f3-9867cad003fe?api-version=2021-08-01
  response:
    body:
      string: "{\r\n  \"status\": \"InProgress\"\r\n}"
    headers:
      cache-control:
      - no-cache
      content-length:
      - '30'
      content-type:
      - application/json; charset=utf-8
      date:
      - Wed, 11 May 2022 05:03:47 GMT
      expires:
      - '-1'
      pragma:
      - no-cache
      server:
      - Microsoft-HTTPAPI/2.0
      - Microsoft-HTTPAPI/2.0
      strict-transport-security:
      - max-age=31536000; includeSubDomains
      x-content-type-options:
      - nosniff
      x-ms-arm-service-request-id:
      - 461f17d5-4028-430b-bec5-48b8542707de
    status:
      code: 200
      message: OK
- request:
    body: null
    headers:
      Accept:
      - '*/*'
      Accept-Encoding:
      - gzip, deflate
      CommandName:
      - network vhub create
      Connection:
      - keep-alive
      ParameterSetName:
      - -g -n --vwan --address-prefix
      User-Agent:
      - AZURECLI/2.36.0 azsdk-python-azure-mgmt-network/19.3.0 Python/3.8.10 (Windows-10-10.0.19044-SP0)
    method: GET
    uri: https://management.azure.com/subscriptions/00000000-0000-0000-0000-000000000000/providers/Microsoft.Network/locations/westus/operations/cd004dfa-70fe-43aa-83f3-9867cad003fe?api-version=2021-08-01
  response:
    body:
      string: "{\r\n  \"status\": \"Succeeded\"\r\n}"
    headers:
      cache-control:
      - no-cache
      content-length:
      - '29'
      content-type:
      - application/json; charset=utf-8
      date:
      - Wed, 11 May 2022 05:05:09 GMT
      expires:
      - '-1'
      pragma:
      - no-cache
      server:
      - Microsoft-HTTPAPI/2.0
      - Microsoft-HTTPAPI/2.0
      strict-transport-security:
      - max-age=31536000; includeSubDomains
      x-content-type-options:
      - nosniff
      x-ms-arm-service-request-id:
      - 96b71be8-a0bc-4530-b984-22c555cf212b
    status:
      code: 200
      message: OK
- request:
    body: null
    headers:
      Accept:
      - '*/*'
      Accept-Encoding:
      - gzip, deflate
      CommandName:
      - network vhub create
      Connection:
      - keep-alive
      ParameterSetName:
      - -g -n --vwan --address-prefix
      User-Agent:
      - AZURECLI/2.36.0 azsdk-python-azure-mgmt-network/19.3.0 Python/3.8.10 (Windows-10-10.0.19044-SP0)
    method: GET
    uri: https://management.azure.com/subscriptions/00000000-0000-0000-0000-000000000000/resourceGroups/test_p2s_vpn_client_generate000001/providers/Microsoft.Network/virtualHubs/test-p2s-vhub?api-version=2021-08-01
  response:
    body:
      string: "{\r\n  \"name\": \"test-p2s-vhub\",\r\n  \"id\": \"/subscriptions/00000000-0000-0000-0000-000000000000/resourceGroups/test_p2s_vpn_client_generate000001/providers/Microsoft.Network/virtualHubs/test-p2s-vhub\",\r\n
        \ \"etag\": \"W/\\\"bf06f154-768a-47b0-beaf-e8958e7f2928\\\"\",\r\n  \"type\":
        \"Microsoft.Network/virtualHubs\",\r\n  \"location\": \"westus\",\r\n  \"properties\":
        {\r\n    \"provisioningState\": \"Succeeded\",\r\n    \"virtualHubRouteTableV2s\":
        [],\r\n    \"addressPrefix\": \"10.0.1.0/24\",\r\n    \"virtualRouterAsn\":
        0,\r\n    \"virtualRouterIps\": [],\r\n    \"routeTable\": {\r\n      \"routes\":
        []\r\n    },\r\n    \"virtualRouterAutoScaleConfiguration\": {\r\n      \"minCapacity\":
        2\r\n    },\r\n    \"virtualWan\": {\r\n      \"id\": \"/subscriptions/00000000-0000-0000-0000-000000000000/resourceGroups/test_p2s_vpn_client_generate000001/providers/Microsoft.Network/virtualWans/test-p2s-vwan\"\r\n
        \   },\r\n    \"networkVirtualAppliances\": [],\r\n    \"routingState\": \"Provisioning\",\r\n
        \   \"allowBranchToBranchTraffic\": false,\r\n    \"preferredRoutingGateway\":
        \"ExpressRoute\",\r\n    \"hubRoutingPreference\": \"ExpressRoute\"\r\n  }\r\n}"
    headers:
      cache-control:
      - no-cache
      content-length:
      - '1054'
      content-type:
      - application/json; charset=utf-8
      date:
      - Wed, 11 May 2022 05:05:09 GMT
      expires:
      - '-1'
      pragma:
      - no-cache
      server:
      - Microsoft-HTTPAPI/2.0
      - Microsoft-HTTPAPI/2.0
      strict-transport-security:
      - max-age=31536000; includeSubDomains
      x-content-type-options:
      - nosniff
      x-ms-arm-service-request-id:
      - cdbbe854-cecd-4480-8e7a-19cc1557a60e
    status:
      code: 200
      message: OK
- request:
    body: null
    headers:
      Accept:
      - application/json
      Accept-Encoding:
      - gzip, deflate
      CommandName:
      - network vpn-server-config create
      Connection:
      - keep-alive
      ParameterSetName:
      - -g -n --vpn-client-root-certs --vpn-client-revoked-certs
      User-Agent:
      - AZURECLI/2.36.0 azsdk-python-azure-mgmt-resource/21.1.0b1 Python/3.8.10 (Windows-10-10.0.19044-SP0)
    method: GET
    uri: https://management.azure.com/subscriptions/00000000-0000-0000-0000-000000000000/resourcegroups/test_p2s_vpn_client_generate000001?api-version=2021-04-01
  response:
    body:
      string: '{"id":"/subscriptions/00000000-0000-0000-0000-000000000000/resourceGroups/test_p2s_vpn_client_generate000001","name":"test_p2s_vpn_client_generate000001","type":"Microsoft.Resources/resourceGroups","location":"westus","tags":{"product":"azurecli","cause":"automation","date":"2022-05-11T04:59:13Z"},"properties":{"provisioningState":"Succeeded"}}'
    headers:
      cache-control:
      - no-cache
      content-length:
      - '346'
      content-type:
      - application/json; charset=utf-8
      date:
      - Wed, 11 May 2022 05:05:09 GMT
      expires:
      - '-1'
      pragma:
      - no-cache
      strict-transport-security:
      - max-age=31536000; includeSubDomains
      vary:
      - Accept-Encoding
      x-content-type-options:
      - nosniff
    status:
      code: 200
      message: OK
- request:
    body: '{"location": "westus", "properties": {"vpnClientRootCertificates": [{"name":
      "ApplicationGatewayAuthCert", "publicCertData": "MIIDTzCCAjegAwIBAgIQj5oTlR6oyJ1NlX9Wb9aFyjANBgkqhkiG9w0BAQsFADAw\nMS4wLAYDVQQDEyVBcHBsaWNhdGlvbkdhdGV3YXlTc2xDZXJ0LVVuaXRUZXN0LTAx\nMB4XDTE2MDIxNzA3MDc1M1oXDTM5MTIzMTIzNTk1OVowMDEuMCwGA1UEAxMlQXBw\nbGljYXRpb25HYXRld2F5U3NsQ2VydC1Vbml0VGVzdC0wMTCCASIwDQYJKoZIhvcN\nAQEBBQADggEPADCCAQoCggEBANOUOFVmm+P4ht/qaiGZaiMzZSXwqGP8W/XWZRfJ\nSc1mS6B4zBm8MtndmO9NbPUeGetk3E4jI0egP7NufuTAtfZY5nG9/gsZh8Hp4o+x\n+6F1wCUtK5pQ5Fne4Vwg0Q9k1CgUfQfK0zEoanOTEylcyp1nVpoGc3v4FZ9pQr8/\nxQ7+PSwgNpmGpU1gmgorDlXIO8jiKb+WfSoPAhHcavoPFg6DeGv30AK2m8ULFezO\nqbprrozRxXaKzt8fBaDSP1XMakFaO6ffZU4uNgrehW4zMnpdgAjT5koymDKGAfl/\n7+5QpLxSKc2478J+PvTwy/rfWKJLbEImoM7WE3imWgrHUNMCAwEAAaNlMGMwYQYD\nVR0BBFowWIAQxDXqD2PYxSlriJ6HuzZ+b6EyMDAxLjAsBgNVBAMTJUFwcGxpY2F0\naW9uR2F0ZXdheVNzbENlcnQtVW5pdFRlc3QtMDGCEI+aE5UeqMidTZV/Vm/Whcow\nDQYJKoZIhvcNAQELBQADggEBADSC6PHkVYmoVOyyW2g7q3GG3MmXa43/HQNTM+pT\n3HENAlhGg8T9EFrOQ/0QAoEQbrtsP8Isj5u2Bd4MOlYA180ExyfL/NFb7QpXq/pR\nLbePMQAQicdSvk/9RyrNRBfNjT2KNlBp3RZtCkJjQWlc5ylWydPy4JPUZxit/5yg\nCRT+cmN1ioF469Ki8hzBlKmrDg8jkFUwFyD7B0fEfPP0gSZI3F6HqgCK2hzBTjuj\nZjddZyn2XxXlxLu57C83CNPP8fbsGW2CwolgmYvt+dJsdDnT7VKX5RS4cOPp/JGG\n7QdhzqVBoK0vZP6gHEAOPoqBVUWf8SmlVuAVGmDl8EjLnK8="}],
      "vpnClientRevokedCertificates": [{"name": "ApplicationGatewayAuthCert", "thumbprint":
      "ef6c937b5935e25941f2ea271d38f90dfdb20953"}], "aadAuthenticationParameters":
      {}}}'
    headers:
      Accept:
      - application/json
      Accept-Encoding:
      - gzip, deflate
      CommandName:
      - network vpn-server-config create
      Connection:
      - keep-alive
      Content-Length:
      - '1468'
      Content-Type:
      - application/json
      ParameterSetName:
      - -g -n --vpn-client-root-certs --vpn-client-revoked-certs
      User-Agent:
      - AZURECLI/2.36.0 azsdk-python-azure-mgmt-network/19.3.0 Python/3.8.10 (Windows-10-10.0.19044-SP0)
    method: PUT
    uri: https://management.azure.com/subscriptions/00000000-0000-0000-0000-000000000000/resourceGroups/test_p2s_vpn_client_generate000001/providers/Microsoft.Network/vpnServerConfigurations/test-p2s-vpn-server-config?api-version=2021-08-01
  response:
    body:
      string: "{\r\n  \"name\": \"test-p2s-vpn-server-config\",\r\n  \"id\": \"/subscriptions/00000000-0000-0000-0000-000000000000/resourceGroups/test_p2s_vpn_client_generate000001/providers/Microsoft.Network/vpnServerConfigurations/test-p2s-vpn-server-config\",\r\n
        \ \"etag\": \"W/\\\"07d4ad4e-cc25-4765-aae1-e11785b0d58b\\\"\",\r\n  \"type\":
        \"Microsoft.Network/vpnServerConfigurations\",\r\n  \"location\": \"westus\",\r\n
        \ \"properties\": {\r\n    \"provisioningState\": \"Updating\",\r\n    \"vpnProtocols\":
        [\r\n      \"OpenVPN\",\r\n      \"IkeV2\"\r\n    ],\r\n    \"vpnAuthenticationTypes\":
        [\r\n      \"Certificate\"\r\n    ],\r\n    \"vpnClientRootCertificates\":
        [\r\n      {\r\n        \"name\": \"ApplicationGatewayAuthCert\",\r\n        \"publicCertData\":
        \"MIIDTzCCAjegAwIBAgIQj5oTlR6oyJ1NlX9Wb9aFyjANBgkqhkiG9w0BAQsFADAw\\nMS4wLAYDVQQDEyVBcHBsaWNhdGlvbkdhdGV3YXlTc2xDZXJ0LVVuaXRUZXN0LTAx\\nMB4XDTE2MDIxNzA3MDc1M1oXDTM5MTIzMTIzNTk1OVowMDEuMCwGA1UEAxMlQXBw\\nbGljYXRpb25HYXRld2F5U3NsQ2VydC1Vbml0VGVzdC0wMTCCASIwDQYJKoZIhvcN\\nAQEBBQADggEPADCCAQoCggEBANOUOFVmm+P4ht/qaiGZaiMzZSXwqGP8W/XWZRfJ\\nSc1mS6B4zBm8MtndmO9NbPUeGetk3E4jI0egP7NufuTAtfZY5nG9/gsZh8Hp4o+x\\n+6F1wCUtK5pQ5Fne4Vwg0Q9k1CgUfQfK0zEoanOTEylcyp1nVpoGc3v4FZ9pQr8/\\nxQ7+PSwgNpmGpU1gmgorDlXIO8jiKb+WfSoPAhHcavoPFg6DeGv30AK2m8ULFezO\\nqbprrozRxXaKzt8fBaDSP1XMakFaO6ffZU4uNgrehW4zMnpdgAjT5koymDKGAfl/\\n7+5QpLxSKc2478J+PvTwy/rfWKJLbEImoM7WE3imWgrHUNMCAwEAAaNlMGMwYQYD\\nVR0BBFowWIAQxDXqD2PYxSlriJ6HuzZ+b6EyMDAxLjAsBgNVBAMTJUFwcGxpY2F0\\naW9uR2F0ZXdheVNzbENlcnQtVW5pdFRlc3QtMDGCEI+aE5UeqMidTZV/Vm/Whcow\\nDQYJKoZIhvcNAQELBQADggEBADSC6PHkVYmoVOyyW2g7q3GG3MmXa43/HQNTM+pT\\n3HENAlhGg8T9EFrOQ/0QAoEQbrtsP8Isj5u2Bd4MOlYA180ExyfL/NFb7QpXq/pR\\nLbePMQAQicdSvk/9RyrNRBfNjT2KNlBp3RZtCkJjQWlc5ylWydPy4JPUZxit/5yg\\nCRT+cmN1ioF469Ki8hzBlKmrDg8jkFUwFyD7B0fEfPP0gSZI3F6HqgCK2hzBTjuj\\nZjddZyn2XxXlxLu57C83CNPP8fbsGW2CwolgmYvt+dJsdDnT7VKX5RS4cOPp/JGG\\n7QdhzqVBoK0vZP6gHEAOPoqBVUWf8SmlVuAVGmDl8EjLnK8=\"\r\n
        \     }\r\n    ],\r\n    \"vpnClientRevokedCertificates\": [\r\n      {\r\n
        \       \"name\": \"ApplicationGatewayAuthCert\",\r\n        \"thumbprint\":
        \"ef6c937b5935e25941f2ea271d38f90dfdb20953\"\r\n      }\r\n    ],\r\n    \"radiusServers\":
        [],\r\n    \"radiusServerRootCertificates\": [],\r\n    \"radiusClientRootCertificates\":
        [],\r\n    \"aadAuthenticationParameters\": {},\r\n    \"configurationPolicyGroups\":
        [],\r\n    \"vpnClientIpsecPolicies\": []\r\n  }\r\n}"
    headers:
      azure-asyncnotification:
      - Enabled
      azure-asyncoperation:
      - https://management.azure.com/subscriptions/00000000-0000-0000-0000-000000000000/providers/Microsoft.Network/locations/westus/operations/1cfd6824-6c5f-4b12-8a63-a0c1d97c8133?api-version=2021-08-01
      cache-control:
      - no-cache
      content-length:
      - '2271'
      content-type:
      - application/json; charset=utf-8
      date:
      - Wed, 11 May 2022 05:05:16 GMT
      expires:
      - '-1'
      pragma:
      - no-cache
      server:
      - Microsoft-HTTPAPI/2.0
      - Microsoft-HTTPAPI/2.0
      strict-transport-security:
      - max-age=31536000; includeSubDomains
      x-content-type-options:
      - nosniff
      x-ms-arm-service-request-id:
      - 02e938ed-9a5f-43ba-bcb7-744170f7f754
      x-ms-ratelimit-remaining-subscription-writes:
      - '1197'
    status:
      code: 201
      message: Created
- request:
    body: null
    headers:
      Accept:
      - '*/*'
      Accept-Encoding:
      - gzip, deflate
      CommandName:
      - network vpn-server-config create
      Connection:
      - keep-alive
      ParameterSetName:
      - -g -n --vpn-client-root-certs --vpn-client-revoked-certs
      User-Agent:
      - AZURECLI/2.36.0 azsdk-python-azure-mgmt-network/19.3.0 Python/3.8.10 (Windows-10-10.0.19044-SP0)
    method: GET
    uri: https://management.azure.com/subscriptions/00000000-0000-0000-0000-000000000000/providers/Microsoft.Network/locations/westus/operations/1cfd6824-6c5f-4b12-8a63-a0c1d97c8133?api-version=2021-08-01
  response:
    body:
      string: "{\r\n  \"status\": \"Succeeded\"\r\n}"
    headers:
      cache-control:
      - no-cache
      content-length:
      - '29'
      content-type:
      - application/json; charset=utf-8
      date:
      - Wed, 11 May 2022 05:05:26 GMT
      expires:
      - '-1'
      pragma:
      - no-cache
      server:
      - Microsoft-HTTPAPI/2.0
      - Microsoft-HTTPAPI/2.0
      strict-transport-security:
      - max-age=31536000; includeSubDomains
      transfer-encoding:
      - chunked
      vary:
      - Accept-Encoding
      x-content-type-options:
      - nosniff
      x-ms-arm-service-request-id:
      - 747a19ab-b665-45af-8cd2-1f6e8f9a31fe
    status:
      code: 200
      message: OK
- request:
    body: null
    headers:
      Accept:
      - '*/*'
      Accept-Encoding:
      - gzip, deflate
      CommandName:
      - network vpn-server-config create
      Connection:
      - keep-alive
      ParameterSetName:
      - -g -n --vpn-client-root-certs --vpn-client-revoked-certs
      User-Agent:
      - AZURECLI/2.36.0 azsdk-python-azure-mgmt-network/19.3.0 Python/3.8.10 (Windows-10-10.0.19044-SP0)
    method: GET
    uri: https://management.azure.com/subscriptions/00000000-0000-0000-0000-000000000000/resourceGroups/test_p2s_vpn_client_generate000001/providers/Microsoft.Network/vpnServerConfigurations/test-p2s-vpn-server-config?api-version=2021-08-01
  response:
    body:
      string: "{\r\n  \"name\": \"test-p2s-vpn-server-config\",\r\n  \"id\": \"/subscriptions/00000000-0000-0000-0000-000000000000/resourceGroups/test_p2s_vpn_client_generate000001/providers/Microsoft.Network/vpnServerConfigurations/test-p2s-vpn-server-config\",\r\n
        \ \"etag\": \"W/\\\"2b0ed0e3-49c6-401b-a398-4b71927c8544\\\"\",\r\n  \"type\":
        \"Microsoft.Network/vpnServerConfigurations\",\r\n  \"location\": \"westus\",\r\n
        \ \"properties\": {\r\n    \"provisioningState\": \"Succeeded\",\r\n    \"vpnProtocols\":
        [\r\n      \"OpenVPN\",\r\n      \"IkeV2\"\r\n    ],\r\n    \"vpnAuthenticationTypes\":
        [\r\n      \"Certificate\"\r\n    ],\r\n    \"vpnClientRootCertificates\":
        [\r\n      {\r\n        \"name\": \"ApplicationGatewayAuthCert\",\r\n        \"publicCertData\":
        \"MIIDTzCCAjegAwIBAgIQj5oTlR6oyJ1NlX9Wb9aFyjANBgkqhkiG9w0BAQsFADAw\\nMS4wLAYDVQQDEyVBcHBsaWNhdGlvbkdhdGV3YXlTc2xDZXJ0LVVuaXRUZXN0LTAx\\nMB4XDTE2MDIxNzA3MDc1M1oXDTM5MTIzMTIzNTk1OVowMDEuMCwGA1UEAxMlQXBw\\nbGljYXRpb25HYXRld2F5U3NsQ2VydC1Vbml0VGVzdC0wMTCCASIwDQYJKoZIhvcN\\nAQEBBQADggEPADCCAQoCggEBANOUOFVmm+P4ht/qaiGZaiMzZSXwqGP8W/XWZRfJ\\nSc1mS6B4zBm8MtndmO9NbPUeGetk3E4jI0egP7NufuTAtfZY5nG9/gsZh8Hp4o+x\\n+6F1wCUtK5pQ5Fne4Vwg0Q9k1CgUfQfK0zEoanOTEylcyp1nVpoGc3v4FZ9pQr8/\\nxQ7+PSwgNpmGpU1gmgorDlXIO8jiKb+WfSoPAhHcavoPFg6DeGv30AK2m8ULFezO\\nqbprrozRxXaKzt8fBaDSP1XMakFaO6ffZU4uNgrehW4zMnpdgAjT5koymDKGAfl/\\n7+5QpLxSKc2478J+PvTwy/rfWKJLbEImoM7WE3imWgrHUNMCAwEAAaNlMGMwYQYD\\nVR0BBFowWIAQxDXqD2PYxSlriJ6HuzZ+b6EyMDAxLjAsBgNVBAMTJUFwcGxpY2F0\\naW9uR2F0ZXdheVNzbENlcnQtVW5pdFRlc3QtMDGCEI+aE5UeqMidTZV/Vm/Whcow\\nDQYJKoZIhvcNAQELBQADggEBADSC6PHkVYmoVOyyW2g7q3GG3MmXa43/HQNTM+pT\\n3HENAlhGg8T9EFrOQ/0QAoEQbrtsP8Isj5u2Bd4MOlYA180ExyfL/NFb7QpXq/pR\\nLbePMQAQicdSvk/9RyrNRBfNjT2KNlBp3RZtCkJjQWlc5ylWydPy4JPUZxit/5yg\\nCRT+cmN1ioF469Ki8hzBlKmrDg8jkFUwFyD7B0fEfPP0gSZI3F6HqgCK2hzBTjuj\\nZjddZyn2XxXlxLu57C83CNPP8fbsGW2CwolgmYvt+dJsdDnT7VKX5RS4cOPp/JGG\\n7QdhzqVBoK0vZP6gHEAOPoqBVUWf8SmlVuAVGmDl8EjLnK8=\"\r\n
        \     }\r\n    ],\r\n    \"vpnClientRevokedCertificates\": [\r\n      {\r\n
        \       \"name\": \"ApplicationGatewayAuthCert\",\r\n        \"thumbprint\":
        \"ef6c937b5935e25941f2ea271d38f90dfdb20953\"\r\n      }\r\n    ],\r\n    \"radiusServers\":
        [],\r\n    \"radiusServerRootCertificates\": [],\r\n    \"radiusClientRootCertificates\":
        [],\r\n    \"aadAuthenticationParameters\": {},\r\n    \"configurationPolicyGroups\":
        [],\r\n    \"vpnClientIpsecPolicies\": []\r\n  }\r\n}"
    headers:
      cache-control:
      - no-cache
      content-length:
      - '2272'
      content-type:
      - application/json; charset=utf-8
      date:
      - Wed, 11 May 2022 05:05:27 GMT
      etag:
      - W/"2b0ed0e3-49c6-401b-a398-4b71927c8544"
      expires:
      - '-1'
      pragma:
      - no-cache
      server:
      - Microsoft-HTTPAPI/2.0
      - Microsoft-HTTPAPI/2.0
      strict-transport-security:
      - max-age=31536000; includeSubDomains
      transfer-encoding:
      - chunked
      vary:
      - Accept-Encoding
      x-content-type-options:
      - nosniff
      x-ms-arm-service-request-id:
      - 8d67ac26-3909-4f69-9d19-24528dc7b50d
    status:
      code: 200
      message: OK
- request:
    body: null
    headers:
      Accept:
      - application/json
      Accept-Encoding:
      - gzip, deflate
      CommandName:
      - network p2s-vpn-gateway create
      Connection:
      - keep-alive
      ParameterSetName:
      - -g --vhub -n --scale-unit --address-space --vpn-server-config
      User-Agent:
      - AZURECLI/2.36.0 azsdk-python-azure-mgmt-resource/21.1.0b1 Python/3.8.10 (Windows-10-10.0.19044-SP0)
    method: GET
    uri: https://management.azure.com/subscriptions/00000000-0000-0000-0000-000000000000/resourcegroups/test_p2s_vpn_client_generate000001?api-version=2021-04-01
  response:
    body:
      string: '{"id":"/subscriptions/00000000-0000-0000-0000-000000000000/resourceGroups/test_p2s_vpn_client_generate000001","name":"test_p2s_vpn_client_generate000001","type":"Microsoft.Resources/resourceGroups","location":"westus","tags":{"product":"azurecli","cause":"automation","date":"2022-05-11T04:59:13Z"},"properties":{"provisioningState":"Succeeded"}}'
    headers:
      cache-control:
      - no-cache
      content-length:
      - '346'
      content-type:
      - application/json; charset=utf-8
      date:
      - Wed, 11 May 2022 05:05:28 GMT
      expires:
      - '-1'
      pragma:
      - no-cache
      strict-transport-security:
      - max-age=31536000; includeSubDomains
      vary:
      - Accept-Encoding
      x-content-type-options:
      - nosniff
    status:
      code: 200
      message: OK
- request:
    body: '{"location": "westus", "properties": {"virtualHub": {"id": "/subscriptions/00000000-0000-0000-0000-000000000000/resourceGroups/test_p2s_vpn_client_generate000001/providers/Microsoft.Network/virtualHubs/test-p2s-vhub"},
      "p2SConnectionConfigurations": [{"name": "P2SConnectionConfigDefault", "properties":
      {"vpnClientAddressPool": {"addressPrefixes": ["10.0.2.0/24", "11.0.1.0/24"]},
      "routingConfiguration": {"propagatedRouteTables": {}}}}], "vpnGatewayScaleUnit":
      2, "vpnServerConfiguration": {"id": "/subscriptions/00000000-0000-0000-0000-000000000000/resourceGroups/test_p2s_vpn_client_generate000001/providers/Microsoft.Network/vpnServerConfigurations/test-p2s-vpn-server-config"}}}'
    headers:
      Accept:
      - application/json
      Accept-Encoding:
      - gzip, deflate
      CommandName:
      - network p2s-vpn-gateway create
      Connection:
      - keep-alive
      Content-Length:
      - '684'
      Content-Type:
      - application/json
      ParameterSetName:
      - -g --vhub -n --scale-unit --address-space --vpn-server-config
      User-Agent:
      - AZURECLI/2.36.0 azsdk-python-azure-mgmt-network/19.3.0 Python/3.8.10 (Windows-10-10.0.19044-SP0)
    method: PUT
    uri: https://management.azure.com/subscriptions/00000000-0000-0000-0000-000000000000/resourceGroups/test_p2s_vpn_client_generate000001/providers/Microsoft.Network/p2svpnGateways/test-p2s-gateway?api-version=2021-08-01
  response:
    body:
      string: "{\r\n  \"name\": \"test-p2s-gateway\",\r\n  \"id\": \"/subscriptions/00000000-0000-0000-0000-000000000000/resourceGroups/test_p2s_vpn_client_generate000001/providers/Microsoft.Network/p2sVpnGateways/test-p2s-gateway\",\r\n
        \ \"etag\": \"W/\\\"3c61842f-d51a-4077-bc20-6dd1033d84b6\\\"\",\r\n  \"type\":
        \"Microsoft.Network/p2sVpnGateways\",\r\n  \"location\": \"westus\",\r\n  \"properties\":
        {\r\n    \"provisioningState\": \"Updating\",\r\n    \"virtualHub\": {\r\n
        \     \"id\": \"/subscriptions/00000000-0000-0000-0000-000000000000/resourceGroups/test_p2s_vpn_client_generate000001/providers/Microsoft.Network/virtualHubs/test-p2s-vhub\"\r\n
        \   },\r\n    \"vpnServerConfiguration\": {\r\n      \"id\": \"/subscriptions/00000000-0000-0000-0000-000000000000/resourceGroups/test_p2s_vpn_client_generate000001/providers/Microsoft.Network/vpnServerConfigurations/test-p2s-vpn-server-config\"\r\n
        \   },\r\n    \"vpnServerConfigurationLocation\": \"westus\",\r\n    \"p2SConnectionConfigurations\":
        [\r\n      {\r\n        \"name\": \"P2SConnectionConfigDefault\",\r\n        \"id\":
        \"/subscriptions/00000000-0000-0000-0000-000000000000/resourceGroups/test_p2s_vpn_client_generate000001/providers/Microsoft.Network/p2sVpnGateways/test-p2s-gateway/p2sConnectionConfigurations/P2SConnectionConfigDefault\",\r\n
        \       \"etag\": \"W/\\\"3c61842f-d51a-4077-bc20-6dd1033d84b6\\\"\",\r\n
        \       \"type\": \"Microsoft.Network/p2sVpnGateways/p2sConnectionConfigurations\",\r\n
        \       \"properties\": {\r\n          \"provisioningState\": \"Updating\",\r\n
        \         \"routingConfiguration\": {\r\n            \"associatedRouteTable\":
        {\r\n              \"id\": \"/subscriptions/00000000-0000-0000-0000-000000000000/resourceGroups/test_p2s_vpn_client_generate000001/providers/Microsoft.Network/virtualHubs/test-p2s-vhub/hubRouteTables/defaultRouteTable\"\r\n
        \           },\r\n            \"propagatedRouteTables\": {\r\n              \"labels\":
        [\r\n                \"default\"\r\n              ],\r\n              \"ids\":
        [\r\n                {\r\n                  \"id\": \"/subscriptions/00000000-0000-0000-0000-000000000000/resourceGroups/test_p2s_vpn_client_generate000001/providers/Microsoft.Network/virtualHubs/test-p2s-vhub/hubRouteTables/defaultRouteTable\"\r\n
        \               }\r\n              ]\r\n            },\r\n            \"vnetRoutes\":
        {\r\n              \"staticRoutes\": []\r\n            }\r\n          },\r\n
        \         \"vpnClientAddressPool\": {\r\n            \"addressPrefixes\":
        [\r\n              \"10.0.2.0/24\",\r\n              \"11.0.1.0/24\"\r\n            ]\r\n
        \         },\r\n          \"enableInternetSecurity\": true\r\n        }\r\n
        \     }\r\n    ],\r\n    \"vpnGatewayDetachStatus\": \"Attached\",\r\n    \"vpnGatewayScaleUnit\":
        2,\r\n    \"customDnsServers\": [],\r\n    \"isRoutingPreferenceInternet\":
        false,\r\n    \"useRadiusProxyIPs\": false,\r\n    \"radiusProxyIPs\": []\r\n
        \ }\r\n}"
    headers:
      azure-asyncnotification:
      - Enabled
      azure-asyncoperation:
      - https://management.azure.com/subscriptions/00000000-0000-0000-0000-000000000000/providers/Microsoft.Network/locations/westus/operations/7dd91913-16a2-42b1-bc9d-b6ffd94055d8?api-version=2021-08-01
      cache-control:
      - no-cache
      content-length:
      - '2681'
      content-type:
      - application/json; charset=utf-8
      date:
      - Wed, 11 May 2022 05:05:34 GMT
      expires:
      - '-1'
      pragma:
      - no-cache
      server:
      - Microsoft-HTTPAPI/2.0
      - Microsoft-HTTPAPI/2.0
      strict-transport-security:
      - max-age=31536000; includeSubDomains
      x-content-type-options:
      - nosniff
      x-ms-arm-service-request-id:
      - edd632e2-679a-45a8-a80a-6ffdc6a4e2a1
      x-ms-ratelimit-remaining-subscription-writes:
      - '1198'
    status:
      code: 201
      message: Created
- request:
    body: null
    headers:
      Accept:
      - '*/*'
      Accept-Encoding:
      - gzip, deflate
      CommandName:
      - network p2s-vpn-gateway create
      Connection:
      - keep-alive
      ParameterSetName:
      - -g --vhub -n --scale-unit --address-space --vpn-server-config
      User-Agent:
      - AZURECLI/2.36.0 azsdk-python-azure-mgmt-network/19.3.0 Python/3.8.10 (Windows-10-10.0.19044-SP0)
    method: GET
    uri: https://management.azure.com/subscriptions/00000000-0000-0000-0000-000000000000/providers/Microsoft.Network/locations/westus/operations/7dd91913-16a2-42b1-bc9d-b6ffd94055d8?api-version=2021-08-01
  response:
    body:
      string: "{\r\n  \"status\": \"InProgress\"\r\n}"
    headers:
      cache-control:
      - no-cache
      content-length:
      - '30'
      content-type:
      - application/json; charset=utf-8
      date:
      - Wed, 11 May 2022 05:05:44 GMT
      expires:
      - '-1'
      pragma:
      - no-cache
      server:
      - Microsoft-HTTPAPI/2.0
      - Microsoft-HTTPAPI/2.0
      strict-transport-security:
      - max-age=31536000; includeSubDomains
      transfer-encoding:
      - chunked
      vary:
      - Accept-Encoding
      x-content-type-options:
      - nosniff
      x-ms-arm-service-request-id:
      - d53574fd-fa0e-413b-8eb4-472712f9e1b5
    status:
      code: 200
      message: OK
- request:
    body: null
    headers:
      Accept:
      - '*/*'
      Accept-Encoding:
      - gzip, deflate
      CommandName:
      - network p2s-vpn-gateway create
      Connection:
      - keep-alive
      ParameterSetName:
      - -g --vhub -n --scale-unit --address-space --vpn-server-config
      User-Agent:
      - AZURECLI/2.36.0 azsdk-python-azure-mgmt-network/19.3.0 Python/3.8.10 (Windows-10-10.0.19044-SP0)
    method: GET
    uri: https://management.azure.com/subscriptions/00000000-0000-0000-0000-000000000000/providers/Microsoft.Network/locations/westus/operations/7dd91913-16a2-42b1-bc9d-b6ffd94055d8?api-version=2021-08-01
  response:
    body:
      string: "{\r\n  \"status\": \"InProgress\"\r\n}"
    headers:
      cache-control:
      - no-cache
      content-length:
      - '30'
      content-type:
      - application/json; charset=utf-8
      date:
      - Wed, 11 May 2022 05:05:55 GMT
      expires:
      - '-1'
      pragma:
      - no-cache
      server:
      - Microsoft-HTTPAPI/2.0
      - Microsoft-HTTPAPI/2.0
      strict-transport-security:
      - max-age=31536000; includeSubDomains
      transfer-encoding:
      - chunked
      vary:
      - Accept-Encoding
      x-content-type-options:
      - nosniff
      x-ms-arm-service-request-id:
      - 6f4aab6e-999b-401d-8678-0687ae2eaa9a
    status:
      code: 200
      message: OK
- request:
    body: null
    headers:
      Accept:
      - '*/*'
      Accept-Encoding:
      - gzip, deflate
      CommandName:
      - network p2s-vpn-gateway create
      Connection:
      - keep-alive
      ParameterSetName:
      - -g --vhub -n --scale-unit --address-space --vpn-server-config
      User-Agent:
      - AZURECLI/2.36.0 azsdk-python-azure-mgmt-network/19.3.0 Python/3.8.10 (Windows-10-10.0.19044-SP0)
    method: GET
    uri: https://management.azure.com/subscriptions/00000000-0000-0000-0000-000000000000/providers/Microsoft.Network/locations/westus/operations/7dd91913-16a2-42b1-bc9d-b6ffd94055d8?api-version=2021-08-01
  response:
    body:
      string: "{\r\n  \"status\": \"InProgress\"\r\n}"
    headers:
      cache-control:
      - no-cache
      content-length:
      - '30'
      content-type:
      - application/json; charset=utf-8
      date:
      - Wed, 11 May 2022 05:06:15 GMT
      expires:
      - '-1'
      pragma:
      - no-cache
      server:
      - Microsoft-HTTPAPI/2.0
      - Microsoft-HTTPAPI/2.0
      strict-transport-security:
      - max-age=31536000; includeSubDomains
      transfer-encoding:
      - chunked
      vary:
      - Accept-Encoding
      x-content-type-options:
      - nosniff
      x-ms-arm-service-request-id:
      - ec3d12dd-e49c-4cdb-af90-e41ac11a96b7
    status:
      code: 200
      message: OK
- request:
    body: null
    headers:
      Accept:
      - '*/*'
      Accept-Encoding:
      - gzip, deflate
      CommandName:
      - network p2s-vpn-gateway create
      Connection:
      - keep-alive
      ParameterSetName:
      - -g --vhub -n --scale-unit --address-space --vpn-server-config
      User-Agent:
      - AZURECLI/2.36.0 azsdk-python-azure-mgmt-network/19.3.0 Python/3.8.10 (Windows-10-10.0.19044-SP0)
    method: GET
    uri: https://management.azure.com/subscriptions/00000000-0000-0000-0000-000000000000/providers/Microsoft.Network/locations/westus/operations/7dd91913-16a2-42b1-bc9d-b6ffd94055d8?api-version=2021-08-01
  response:
    body:
      string: "{\r\n  \"status\": \"InProgress\"\r\n}"
    headers:
      cache-control:
      - no-cache
      content-length:
      - '30'
      content-type:
      - application/json; charset=utf-8
      date:
      - Wed, 11 May 2022 05:06:36 GMT
      expires:
      - '-1'
      pragma:
      - no-cache
      server:
      - Microsoft-HTTPAPI/2.0
      - Microsoft-HTTPAPI/2.0
      strict-transport-security:
      - max-age=31536000; includeSubDomains
      transfer-encoding:
      - chunked
      vary:
      - Accept-Encoding
      x-content-type-options:
      - nosniff
      x-ms-arm-service-request-id:
      - 91033564-c5db-4c41-a77c-41d80b8ae064
    status:
      code: 200
      message: OK
- request:
    body: null
    headers:
      Accept:
      - '*/*'
      Accept-Encoding:
      - gzip, deflate
      CommandName:
      - network p2s-vpn-gateway create
      Connection:
      - keep-alive
      ParameterSetName:
      - -g --vhub -n --scale-unit --address-space --vpn-server-config
      User-Agent:
      - AZURECLI/2.36.0 azsdk-python-azure-mgmt-network/19.3.0 Python/3.8.10 (Windows-10-10.0.19044-SP0)
    method: GET
    uri: https://management.azure.com/subscriptions/00000000-0000-0000-0000-000000000000/providers/Microsoft.Network/locations/westus/operations/7dd91913-16a2-42b1-bc9d-b6ffd94055d8?api-version=2021-08-01
  response:
    body:
      string: "{\r\n  \"status\": \"InProgress\"\r\n}"
    headers:
      cache-control:
      - no-cache
      content-length:
      - '30'
      content-type:
      - application/json; charset=utf-8
      date:
      - Wed, 11 May 2022 05:07:16 GMT
      expires:
      - '-1'
      pragma:
      - no-cache
      server:
      - Microsoft-HTTPAPI/2.0
      - Microsoft-HTTPAPI/2.0
      strict-transport-security:
      - max-age=31536000; includeSubDomains
      transfer-encoding:
      - chunked
      vary:
      - Accept-Encoding
      x-content-type-options:
      - nosniff
      x-ms-arm-service-request-id:
      - 187fd461-d92c-4ffe-b398-6d052dc52953
    status:
      code: 200
      message: OK
- request:
    body: null
    headers:
      Accept:
      - '*/*'
      Accept-Encoding:
      - gzip, deflate
      CommandName:
      - network p2s-vpn-gateway create
      Connection:
      - keep-alive
      ParameterSetName:
      - -g --vhub -n --scale-unit --address-space --vpn-server-config
      User-Agent:
      - AZURECLI/2.36.0 azsdk-python-azure-mgmt-network/19.3.0 Python/3.8.10 (Windows-10-10.0.19044-SP0)
    method: GET
    uri: https://management.azure.com/subscriptions/00000000-0000-0000-0000-000000000000/providers/Microsoft.Network/locations/westus/operations/7dd91913-16a2-42b1-bc9d-b6ffd94055d8?api-version=2021-08-01
  response:
    body:
      string: "{\r\n  \"status\": \"InProgress\"\r\n}"
    headers:
      cache-control:
      - no-cache
      content-length:
      - '30'
      content-type:
      - application/json; charset=utf-8
      date:
      - Wed, 11 May 2022 05:07:57 GMT
      expires:
      - '-1'
      pragma:
      - no-cache
      server:
      - Microsoft-HTTPAPI/2.0
      - Microsoft-HTTPAPI/2.0
      strict-transport-security:
      - max-age=31536000; includeSubDomains
      transfer-encoding:
      - chunked
      vary:
      - Accept-Encoding
      x-content-type-options:
      - nosniff
      x-ms-arm-service-request-id:
      - 06672af8-f1eb-4fdf-99f5-f0da3a65e69c
    status:
      code: 200
      message: OK
- request:
    body: null
    headers:
      Accept:
      - '*/*'
      Accept-Encoding:
      - gzip, deflate
      CommandName:
      - network p2s-vpn-gateway create
      Connection:
      - keep-alive
      ParameterSetName:
      - -g --vhub -n --scale-unit --address-space --vpn-server-config
      User-Agent:
      - AZURECLI/2.36.0 azsdk-python-azure-mgmt-network/19.3.0 Python/3.8.10 (Windows-10-10.0.19044-SP0)
    method: GET
    uri: https://management.azure.com/subscriptions/00000000-0000-0000-0000-000000000000/providers/Microsoft.Network/locations/westus/operations/7dd91913-16a2-42b1-bc9d-b6ffd94055d8?api-version=2021-08-01
  response:
    body:
      string: "{\r\n  \"status\": \"InProgress\"\r\n}"
    headers:
      cache-control:
      - no-cache
      content-length:
      - '30'
      content-type:
      - application/json; charset=utf-8
      date:
      - Wed, 11 May 2022 05:09:17 GMT
      expires:
      - '-1'
      pragma:
      - no-cache
      server:
      - Microsoft-HTTPAPI/2.0
      - Microsoft-HTTPAPI/2.0
      strict-transport-security:
      - max-age=31536000; includeSubDomains
      transfer-encoding:
      - chunked
      vary:
      - Accept-Encoding
      x-content-type-options:
      - nosniff
      x-ms-arm-service-request-id:
      - 19a352a0-d9b1-47e9-839b-f95118610a75
    status:
      code: 200
      message: OK
- request:
    body: null
    headers:
      Accept:
      - '*/*'
      Accept-Encoding:
      - gzip, deflate
      CommandName:
      - network p2s-vpn-gateway create
      Connection:
      - keep-alive
      ParameterSetName:
      - -g --vhub -n --scale-unit --address-space --vpn-server-config
      User-Agent:
      - AZURECLI/2.36.0 azsdk-python-azure-mgmt-network/19.3.0 Python/3.8.10 (Windows-10-10.0.19044-SP0)
    method: GET
    uri: https://management.azure.com/subscriptions/00000000-0000-0000-0000-000000000000/providers/Microsoft.Network/locations/westus/operations/7dd91913-16a2-42b1-bc9d-b6ffd94055d8?api-version=2021-08-01
  response:
    body:
      string: "{\r\n  \"status\": \"InProgress\"\r\n}"
    headers:
      cache-control:
      - no-cache
      content-length:
      - '30'
      content-type:
      - application/json; charset=utf-8
      date:
      - Wed, 11 May 2022 05:11:57 GMT
      expires:
      - '-1'
      pragma:
      - no-cache
      server:
      - Microsoft-HTTPAPI/2.0
      - Microsoft-HTTPAPI/2.0
      strict-transport-security:
      - max-age=31536000; includeSubDomains
      transfer-encoding:
      - chunked
      vary:
      - Accept-Encoding
      x-content-type-options:
      - nosniff
      x-ms-arm-service-request-id:
      - 60fdd5dc-4561-4f6b-ba2e-b75639a05f48
    status:
      code: 200
      message: OK
- request:
    body: null
    headers:
      Accept:
      - '*/*'
      Accept-Encoding:
      - gzip, deflate
      CommandName:
      - network p2s-vpn-gateway create
      Connection:
      - keep-alive
      ParameterSetName:
      - -g --vhub -n --scale-unit --address-space --vpn-server-config
      User-Agent:
      - AZURECLI/2.36.0 azsdk-python-azure-mgmt-network/19.3.0 Python/3.8.10 (Windows-10-10.0.19044-SP0)
    method: GET
    uri: https://management.azure.com/subscriptions/00000000-0000-0000-0000-000000000000/providers/Microsoft.Network/locations/westus/operations/7dd91913-16a2-42b1-bc9d-b6ffd94055d8?api-version=2021-08-01
  response:
    body:
      string: "{\r\n  \"status\": \"InProgress\"\r\n}"
    headers:
      cache-control:
      - no-cache
      content-length:
      - '30'
      content-type:
      - application/json; charset=utf-8
      date:
      - Wed, 11 May 2022 05:13:37 GMT
      expires:
      - '-1'
      pragma:
      - no-cache
      server:
      - Microsoft-HTTPAPI/2.0
      - Microsoft-HTTPAPI/2.0
      strict-transport-security:
      - max-age=31536000; includeSubDomains
      transfer-encoding:
      - chunked
      vary:
      - Accept-Encoding
      x-content-type-options:
      - nosniff
      x-ms-arm-service-request-id:
      - 98ff71a1-67c1-4966-b8cf-bb98437a523e
    status:
      code: 200
      message: OK
- request:
    body: null
    headers:
      Accept:
      - '*/*'
      Accept-Encoding:
      - gzip, deflate
      CommandName:
      - network p2s-vpn-gateway create
      Connection:
      - keep-alive
      ParameterSetName:
      - -g --vhub -n --scale-unit --address-space --vpn-server-config
      User-Agent:
      - AZURECLI/2.36.0 azsdk-python-azure-mgmt-network/19.3.0 Python/3.8.10 (Windows-10-10.0.19044-SP0)
    method: GET
    uri: https://management.azure.com/subscriptions/00000000-0000-0000-0000-000000000000/providers/Microsoft.Network/locations/westus/operations/7dd91913-16a2-42b1-bc9d-b6ffd94055d8?api-version=2021-08-01
  response:
    body:
      string: "{\r\n  \"status\": \"InProgress\"\r\n}"
    headers:
      cache-control:
      - no-cache
      content-length:
      - '30'
      content-type:
      - application/json; charset=utf-8
      date:
      - Wed, 11 May 2022 05:15:18 GMT
      expires:
      - '-1'
      pragma:
      - no-cache
      server:
      - Microsoft-HTTPAPI/2.0
      - Microsoft-HTTPAPI/2.0
      strict-transport-security:
      - max-age=31536000; includeSubDomains
      transfer-encoding:
      - chunked
      vary:
      - Accept-Encoding
      x-content-type-options:
      - nosniff
      x-ms-arm-service-request-id:
      - 77e2f426-ae64-4735-89aa-be3a79b50be0
    status:
      code: 200
      message: OK
- request:
    body: null
    headers:
      Accept:
      - '*/*'
      Accept-Encoding:
      - gzip, deflate
      CommandName:
      - network p2s-vpn-gateway create
      Connection:
      - keep-alive
      ParameterSetName:
      - -g --vhub -n --scale-unit --address-space --vpn-server-config
      User-Agent:
      - AZURECLI/2.36.0 azsdk-python-azure-mgmt-network/19.3.0 Python/3.8.10 (Windows-10-10.0.19044-SP0)
    method: GET
    uri: https://management.azure.com/subscriptions/00000000-0000-0000-0000-000000000000/providers/Microsoft.Network/locations/westus/operations/7dd91913-16a2-42b1-bc9d-b6ffd94055d8?api-version=2021-08-01
  response:
    body:
      string: "{\r\n  \"status\": \"InProgress\"\r\n}"
    headers:
      cache-control:
      - no-cache
      content-length:
      - '30'
      content-type:
      - application/json; charset=utf-8
      date:
      - Wed, 11 May 2022 05:16:58 GMT
      expires:
      - '-1'
      pragma:
      - no-cache
      server:
      - Microsoft-HTTPAPI/2.0
      - Microsoft-HTTPAPI/2.0
      strict-transport-security:
      - max-age=31536000; includeSubDomains
      transfer-encoding:
      - chunked
      vary:
      - Accept-Encoding
      x-content-type-options:
      - nosniff
      x-ms-arm-service-request-id:
      - 21f20c58-91d6-493e-b8f0-98cfea0df2e3
    status:
      code: 200
      message: OK
- request:
    body: null
    headers:
      Accept:
      - '*/*'
      Accept-Encoding:
      - gzip, deflate
      CommandName:
      - network p2s-vpn-gateway create
      Connection:
      - keep-alive
      ParameterSetName:
      - -g --vhub -n --scale-unit --address-space --vpn-server-config
      User-Agent:
      - AZURECLI/2.36.0 azsdk-python-azure-mgmt-network/19.3.0 Python/3.8.10 (Windows-10-10.0.19044-SP0)
    method: GET
    uri: https://management.azure.com/subscriptions/00000000-0000-0000-0000-000000000000/providers/Microsoft.Network/locations/westus/operations/7dd91913-16a2-42b1-bc9d-b6ffd94055d8?api-version=2021-08-01
  response:
    body:
      string: "{\r\n  \"status\": \"InProgress\"\r\n}"
    headers:
      cache-control:
      - no-cache
      content-length:
      - '30'
      content-type:
      - application/json; charset=utf-8
      date:
      - Wed, 11 May 2022 05:18:39 GMT
      expires:
      - '-1'
      pragma:
      - no-cache
      server:
      - Microsoft-HTTPAPI/2.0
      - Microsoft-HTTPAPI/2.0
      strict-transport-security:
      - max-age=31536000; includeSubDomains
      transfer-encoding:
      - chunked
      vary:
      - Accept-Encoding
      x-content-type-options:
      - nosniff
      x-ms-arm-service-request-id:
      - 9885cc44-2b05-4a71-884e-05f110256697
    status:
      code: 200
      message: OK
- request:
    body: null
    headers:
      Accept:
      - '*/*'
      Accept-Encoding:
      - gzip, deflate
      CommandName:
      - network p2s-vpn-gateway create
      Connection:
      - keep-alive
      ParameterSetName:
      - -g --vhub -n --scale-unit --address-space --vpn-server-config
      User-Agent:
      - AZURECLI/2.36.0 azsdk-python-azure-mgmt-network/19.3.0 Python/3.8.10 (Windows-10-10.0.19044-SP0)
    method: GET
    uri: https://management.azure.com/subscriptions/00000000-0000-0000-0000-000000000000/providers/Microsoft.Network/locations/westus/operations/7dd91913-16a2-42b1-bc9d-b6ffd94055d8?api-version=2021-08-01
  response:
    body:
      string: "{\r\n  \"status\": \"InProgress\"\r\n}"
    headers:
      cache-control:
      - no-cache
      content-length:
      - '30'
      content-type:
      - application/json; charset=utf-8
      date:
      - Wed, 11 May 2022 05:20:19 GMT
      expires:
      - '-1'
      pragma:
      - no-cache
      server:
      - Microsoft-HTTPAPI/2.0
      - Microsoft-HTTPAPI/2.0
      strict-transport-security:
      - max-age=31536000; includeSubDomains
      transfer-encoding:
      - chunked
      vary:
      - Accept-Encoding
      x-content-type-options:
      - nosniff
      x-ms-arm-service-request-id:
      - d587d902-8b8c-43c2-b758-cc3fb633f99b
    status:
      code: 200
      message: OK
- request:
    body: null
    headers:
      Accept:
      - '*/*'
      Accept-Encoding:
      - gzip, deflate
      CommandName:
      - network p2s-vpn-gateway create
      Connection:
      - keep-alive
      ParameterSetName:
      - -g --vhub -n --scale-unit --address-space --vpn-server-config
      User-Agent:
      - AZURECLI/2.36.0 azsdk-python-azure-mgmt-network/19.3.0 Python/3.8.10 (Windows-10-10.0.19044-SP0)
    method: GET
    uri: https://management.azure.com/subscriptions/00000000-0000-0000-0000-000000000000/providers/Microsoft.Network/locations/westus/operations/7dd91913-16a2-42b1-bc9d-b6ffd94055d8?api-version=2021-08-01
  response:
    body:
      string: "{\r\n  \"status\": \"InProgress\"\r\n}"
    headers:
      cache-control:
      - no-cache
      content-length:
      - '30'
      content-type:
      - application/json; charset=utf-8
      date:
      - Wed, 11 May 2022 05:21:59 GMT
      expires:
      - '-1'
      pragma:
      - no-cache
      server:
      - Microsoft-HTTPAPI/2.0
      - Microsoft-HTTPAPI/2.0
      strict-transport-security:
      - max-age=31536000; includeSubDomains
      transfer-encoding:
      - chunked
      vary:
      - Accept-Encoding
      x-content-type-options:
      - nosniff
      x-ms-arm-service-request-id:
      - 56172922-4012-49b6-a073-e31a6d8ade8d
    status:
      code: 200
      message: OK
- request:
    body: null
    headers:
      Accept:
      - '*/*'
      Accept-Encoding:
      - gzip, deflate
      CommandName:
      - network p2s-vpn-gateway create
      Connection:
      - keep-alive
      ParameterSetName:
      - -g --vhub -n --scale-unit --address-space --vpn-server-config
      User-Agent:
      - AZURECLI/2.36.0 azsdk-python-azure-mgmt-network/19.3.0 Python/3.8.10 (Windows-10-10.0.19044-SP0)
    method: GET
    uri: https://management.azure.com/subscriptions/00000000-0000-0000-0000-000000000000/providers/Microsoft.Network/locations/westus/operations/7dd91913-16a2-42b1-bc9d-b6ffd94055d8?api-version=2021-08-01
  response:
    body:
      string: "{\r\n  \"status\": \"InProgress\"\r\n}"
    headers:
      cache-control:
      - no-cache
      content-length:
      - '30'
      content-type:
      - application/json; charset=utf-8
      date:
      - Wed, 11 May 2022 05:23:41 GMT
      expires:
      - '-1'
      pragma:
      - no-cache
      server:
      - Microsoft-HTTPAPI/2.0
      - Microsoft-HTTPAPI/2.0
      strict-transport-security:
      - max-age=31536000; includeSubDomains
      transfer-encoding:
      - chunked
      vary:
      - Accept-Encoding
      x-content-type-options:
      - nosniff
      x-ms-arm-service-request-id:
      - ee9ff21e-0193-411f-b5f0-16cbc40910de
    status:
      code: 200
      message: OK
- request:
    body: null
    headers:
      Accept:
      - '*/*'
      Accept-Encoding:
      - gzip, deflate
      CommandName:
      - network p2s-vpn-gateway create
      Connection:
      - keep-alive
      ParameterSetName:
      - -g --vhub -n --scale-unit --address-space --vpn-server-config
      User-Agent:
      - AZURECLI/2.36.0 azsdk-python-azure-mgmt-network/19.3.0 Python/3.8.10 (Windows-10-10.0.19044-SP0)
    method: GET
    uri: https://management.azure.com/subscriptions/00000000-0000-0000-0000-000000000000/providers/Microsoft.Network/locations/westus/operations/7dd91913-16a2-42b1-bc9d-b6ffd94055d8?api-version=2021-08-01
  response:
    body:
      string: "{\r\n  \"status\": \"InProgress\"\r\n}"
    headers:
      cache-control:
      - no-cache
      content-length:
      - '30'
      content-type:
      - application/json; charset=utf-8
      date:
      - Wed, 11 May 2022 05:25:21 GMT
      expires:
      - '-1'
      pragma:
      - no-cache
      server:
      - Microsoft-HTTPAPI/2.0
      - Microsoft-HTTPAPI/2.0
      strict-transport-security:
      - max-age=31536000; includeSubDomains
      transfer-encoding:
      - chunked
      vary:
      - Accept-Encoding
      x-content-type-options:
      - nosniff
      x-ms-arm-service-request-id:
      - bce43f9a-8a6c-4232-b052-e0b846d9ce8e
    status:
      code: 200
      message: OK
- request:
    body: null
    headers:
      Accept:
      - '*/*'
      Accept-Encoding:
      - gzip, deflate
      CommandName:
      - network p2s-vpn-gateway create
      Connection:
      - keep-alive
      ParameterSetName:
      - -g --vhub -n --scale-unit --address-space --vpn-server-config
      User-Agent:
      - AZURECLI/2.36.0 azsdk-python-azure-mgmt-network/19.3.0 Python/3.8.10 (Windows-10-10.0.19044-SP0)
    method: GET
    uri: https://management.azure.com/subscriptions/00000000-0000-0000-0000-000000000000/providers/Microsoft.Network/locations/westus/operations/7dd91913-16a2-42b1-bc9d-b6ffd94055d8?api-version=2021-08-01
  response:
    body:
      string: "{\r\n  \"status\": \"InProgress\"\r\n}"
    headers:
      cache-control:
      - no-cache
      content-length:
      - '30'
      content-type:
      - application/json; charset=utf-8
      date:
      - Wed, 11 May 2022 05:27:01 GMT
      expires:
      - '-1'
      pragma:
      - no-cache
      server:
      - Microsoft-HTTPAPI/2.0
      - Microsoft-HTTPAPI/2.0
      strict-transport-security:
      - max-age=31536000; includeSubDomains
      transfer-encoding:
      - chunked
      vary:
      - Accept-Encoding
      x-content-type-options:
      - nosniff
      x-ms-arm-service-request-id:
      - 415cb7a5-4a40-4530-a531-fb73ce8b3e87
    status:
      code: 200
      message: OK
- request:
    body: null
    headers:
      Accept:
      - '*/*'
      Accept-Encoding:
      - gzip, deflate
      CommandName:
      - network p2s-vpn-gateway create
      Connection:
      - keep-alive
      ParameterSetName:
      - -g --vhub -n --scale-unit --address-space --vpn-server-config
      User-Agent:
      - AZURECLI/2.36.0 azsdk-python-azure-mgmt-network/19.3.0 Python/3.8.10 (Windows-10-10.0.19044-SP0)
    method: GET
    uri: https://management.azure.com/subscriptions/00000000-0000-0000-0000-000000000000/providers/Microsoft.Network/locations/westus/operations/7dd91913-16a2-42b1-bc9d-b6ffd94055d8?api-version=2021-08-01
  response:
    body:
      string: "{\r\n  \"status\": \"InProgress\"\r\n}"
    headers:
      cache-control:
      - no-cache
      content-length:
      - '30'
      content-type:
      - application/json; charset=utf-8
      date:
      - Wed, 11 May 2022 05:28:43 GMT
      expires:
      - '-1'
      pragma:
      - no-cache
      server:
      - Microsoft-HTTPAPI/2.0
      - Microsoft-HTTPAPI/2.0
      strict-transport-security:
      - max-age=31536000; includeSubDomains
      transfer-encoding:
      - chunked
      vary:
      - Accept-Encoding
      x-content-type-options:
      - nosniff
      x-ms-arm-service-request-id:
      - d2b9f660-9f2a-422d-bcac-b17acb2204a0
    status:
      code: 200
      message: OK
- request:
    body: null
    headers:
      Accept:
      - '*/*'
      Accept-Encoding:
      - gzip, deflate
      CommandName:
      - network p2s-vpn-gateway create
      Connection:
      - keep-alive
      ParameterSetName:
      - -g --vhub -n --scale-unit --address-space --vpn-server-config
      User-Agent:
      - AZURECLI/2.36.0 azsdk-python-azure-mgmt-network/19.3.0 Python/3.8.10 (Windows-10-10.0.19044-SP0)
    method: GET
    uri: https://management.azure.com/subscriptions/00000000-0000-0000-0000-000000000000/providers/Microsoft.Network/locations/westus/operations/7dd91913-16a2-42b1-bc9d-b6ffd94055d8?api-version=2021-08-01
  response:
    body:
      string: "{\r\n  \"status\": \"InProgress\"\r\n}"
    headers:
      cache-control:
      - no-cache
      content-length:
      - '30'
      content-type:
      - application/json; charset=utf-8
      date:
      - Wed, 11 May 2022 05:30:23 GMT
      expires:
      - '-1'
      pragma:
      - no-cache
      server:
      - Microsoft-HTTPAPI/2.0
      - Microsoft-HTTPAPI/2.0
      strict-transport-security:
      - max-age=31536000; includeSubDomains
      transfer-encoding:
      - chunked
      vary:
      - Accept-Encoding
      x-content-type-options:
      - nosniff
      x-ms-arm-service-request-id:
      - 9b1301f3-b7b7-4fb3-8458-878c42b504b8
    status:
      code: 200
      message: OK
- request:
    body: null
    headers:
      Accept:
      - '*/*'
      Accept-Encoding:
      - gzip, deflate
      CommandName:
      - network p2s-vpn-gateway create
      Connection:
      - keep-alive
      ParameterSetName:
      - -g --vhub -n --scale-unit --address-space --vpn-server-config
      User-Agent:
      - AZURECLI/2.36.0 azsdk-python-azure-mgmt-network/19.3.0 Python/3.8.10 (Windows-10-10.0.19044-SP0)
    method: GET
    uri: https://management.azure.com/subscriptions/00000000-0000-0000-0000-000000000000/providers/Microsoft.Network/locations/westus/operations/7dd91913-16a2-42b1-bc9d-b6ffd94055d8?api-version=2021-08-01
  response:
    body:
      string: "{\r\n  \"status\": \"InProgress\"\r\n}"
    headers:
      cache-control:
      - no-cache
      content-length:
      - '30'
      content-type:
      - application/json; charset=utf-8
      date:
      - Wed, 11 May 2022 05:32:03 GMT
      expires:
      - '-1'
      pragma:
      - no-cache
      server:
      - Microsoft-HTTPAPI/2.0
      - Microsoft-HTTPAPI/2.0
      strict-transport-security:
      - max-age=31536000; includeSubDomains
      transfer-encoding:
      - chunked
      vary:
      - Accept-Encoding
      x-content-type-options:
      - nosniff
      x-ms-arm-service-request-id:
      - f0b98ce2-0b5b-47ee-9831-6542f31f0bcb
    status:
      code: 200
      message: OK
- request:
    body: null
    headers:
      Accept:
      - '*/*'
      Accept-Encoding:
      - gzip, deflate
      CommandName:
      - network p2s-vpn-gateway create
      Connection:
      - keep-alive
      ParameterSetName:
      - -g --vhub -n --scale-unit --address-space --vpn-server-config
      User-Agent:
      - AZURECLI/2.36.0 azsdk-python-azure-mgmt-network/19.3.0 Python/3.8.10 (Windows-10-10.0.19044-SP0)
    method: GET
    uri: https://management.azure.com/subscriptions/00000000-0000-0000-0000-000000000000/providers/Microsoft.Network/locations/westus/operations/7dd91913-16a2-42b1-bc9d-b6ffd94055d8?api-version=2021-08-01
  response:
    body:
      string: "{\r\n  \"status\": \"InProgress\"\r\n}"
    headers:
      cache-control:
      - no-cache
      content-length:
      - '30'
      content-type:
      - application/json; charset=utf-8
      date:
      - Wed, 11 May 2022 05:33:43 GMT
      expires:
      - '-1'
      pragma:
      - no-cache
      server:
      - Microsoft-HTTPAPI/2.0
      - Microsoft-HTTPAPI/2.0
      strict-transport-security:
      - max-age=31536000; includeSubDomains
      transfer-encoding:
      - chunked
      vary:
      - Accept-Encoding
      x-content-type-options:
      - nosniff
      x-ms-arm-service-request-id:
      - c9a6db86-dc35-453c-9d6b-a1d2d71a5e4d
    status:
      code: 200
      message: OK
- request:
    body: null
    headers:
      Accept:
      - '*/*'
      Accept-Encoding:
      - gzip, deflate
      CommandName:
      - network p2s-vpn-gateway create
      Connection:
      - keep-alive
      ParameterSetName:
      - -g --vhub -n --scale-unit --address-space --vpn-server-config
      User-Agent:
      - AZURECLI/2.36.0 azsdk-python-azure-mgmt-network/19.3.0 Python/3.8.10 (Windows-10-10.0.19044-SP0)
    method: GET
    uri: https://management.azure.com/subscriptions/00000000-0000-0000-0000-000000000000/providers/Microsoft.Network/locations/westus/operations/7dd91913-16a2-42b1-bc9d-b6ffd94055d8?api-version=2021-08-01
  response:
    body:
      string: "{\r\n  \"status\": \"InProgress\"\r\n}"
    headers:
      cache-control:
      - no-cache
      content-length:
      - '30'
      content-type:
      - application/json; charset=utf-8
      date:
      - Wed, 11 May 2022 05:35:23 GMT
      expires:
      - '-1'
      pragma:
      - no-cache
      server:
      - Microsoft-HTTPAPI/2.0
      - Microsoft-HTTPAPI/2.0
      strict-transport-security:
      - max-age=31536000; includeSubDomains
      transfer-encoding:
      - chunked
      vary:
      - Accept-Encoding
      x-content-type-options:
      - nosniff
      x-ms-arm-service-request-id:
      - 4c8b1ed1-b4ed-4ae8-9dfa-08e572b2153c
    status:
      code: 200
      message: OK
- request:
    body: null
    headers:
      Accept:
      - '*/*'
      Accept-Encoding:
      - gzip, deflate
      CommandName:
      - network p2s-vpn-gateway create
      Connection:
      - keep-alive
      ParameterSetName:
      - -g --vhub -n --scale-unit --address-space --vpn-server-config
      User-Agent:
      - AZURECLI/2.36.0 azsdk-python-azure-mgmt-network/19.3.0 Python/3.8.10 (Windows-10-10.0.19044-SP0)
    method: GET
    uri: https://management.azure.com/subscriptions/00000000-0000-0000-0000-000000000000/providers/Microsoft.Network/locations/westus/operations/7dd91913-16a2-42b1-bc9d-b6ffd94055d8?api-version=2021-08-01
  response:
    body:
      string: "{\r\n  \"status\": \"InProgress\"\r\n}"
    headers:
      cache-control:
      - no-cache
      content-length:
      - '30'
      content-type:
      - application/json; charset=utf-8
      date:
      - Wed, 11 May 2022 05:37:04 GMT
      expires:
      - '-1'
      pragma:
      - no-cache
      server:
      - Microsoft-HTTPAPI/2.0
      - Microsoft-HTTPAPI/2.0
      strict-transport-security:
      - max-age=31536000; includeSubDomains
      transfer-encoding:
      - chunked
      vary:
      - Accept-Encoding
      x-content-type-options:
      - nosniff
      x-ms-arm-service-request-id:
      - dcef0966-6baf-46d8-a7ac-8fe2d259ff5a
    status:
      code: 200
      message: OK
- request:
    body: null
    headers:
      Accept:
      - '*/*'
      Accept-Encoding:
      - gzip, deflate
      CommandName:
      - network p2s-vpn-gateway create
      Connection:
      - keep-alive
      ParameterSetName:
      - -g --vhub -n --scale-unit --address-space --vpn-server-config
      User-Agent:
      - AZURECLI/2.36.0 azsdk-python-azure-mgmt-network/19.3.0 Python/3.8.10 (Windows-10-10.0.19044-SP0)
    method: GET
    uri: https://management.azure.com/subscriptions/00000000-0000-0000-0000-000000000000/providers/Microsoft.Network/locations/westus/operations/7dd91913-16a2-42b1-bc9d-b6ffd94055d8?api-version=2021-08-01
  response:
    body:
      string: "{\r\n  \"status\": \"Succeeded\"\r\n}"
    headers:
      cache-control:
      - no-cache
      content-length:
      - '29'
      content-type:
      - application/json; charset=utf-8
      date:
      - Wed, 11 May 2022 05:38:44 GMT
      expires:
      - '-1'
      pragma:
      - no-cache
      server:
      - Microsoft-HTTPAPI/2.0
      - Microsoft-HTTPAPI/2.0
      strict-transport-security:
      - max-age=31536000; includeSubDomains
      transfer-encoding:
      - chunked
      vary:
      - Accept-Encoding
      x-content-type-options:
      - nosniff
      x-ms-arm-service-request-id:
      - f8267af0-6e47-4bf4-b8a2-b80446cd84ea
    status:
      code: 200
      message: OK
- request:
    body: null
    headers:
      Accept:
      - '*/*'
      Accept-Encoding:
      - gzip, deflate
      CommandName:
      - network p2s-vpn-gateway create
      Connection:
      - keep-alive
      ParameterSetName:
      - -g --vhub -n --scale-unit --address-space --vpn-server-config
      User-Agent:
      - AZURECLI/2.36.0 azsdk-python-azure-mgmt-network/19.3.0 Python/3.8.10 (Windows-10-10.0.19044-SP0)
    method: GET
    uri: https://management.azure.com/subscriptions/00000000-0000-0000-0000-000000000000/resourceGroups/test_p2s_vpn_client_generate000001/providers/Microsoft.Network/p2svpnGateways/test-p2s-gateway?api-version=2021-08-01
  response:
    body:
      string: "{\r\n  \"name\": \"test-p2s-gateway\",\r\n  \"id\": \"/subscriptions/00000000-0000-0000-0000-000000000000/resourceGroups/test_p2s_vpn_client_generate000001/providers/Microsoft.Network/p2sVpnGateways/test-p2s-gateway\",\r\n
        \ \"etag\": \"W/\\\"5919b95e-7664-43bf-bcdc-4d84bb2872ce\\\"\",\r\n  \"type\":
        \"Microsoft.Network/p2sVpnGateways\",\r\n  \"location\": \"westus\",\r\n  \"properties\":
        {\r\n    \"provisioningState\": \"Succeeded\",\r\n    \"virtualHub\": {\r\n
        \     \"id\": \"/subscriptions/00000000-0000-0000-0000-000000000000/resourceGroups/test_p2s_vpn_client_generate000001/providers/Microsoft.Network/virtualHubs/test-p2s-vhub\"\r\n
        \   },\r\n    \"vpnServerConfiguration\": {\r\n      \"id\": \"/subscriptions/00000000-0000-0000-0000-000000000000/resourceGroups/test_p2s_vpn_client_generate000001/providers/Microsoft.Network/vpnServerConfigurations/test-p2s-vpn-server-config\"\r\n
        \   },\r\n    \"vpnServerConfigurationLocation\": \"westus\",\r\n    \"p2SConnectionConfigurations\":
        [\r\n      {\r\n        \"name\": \"P2SConnectionConfigDefault\",\r\n        \"id\":
        \"/subscriptions/00000000-0000-0000-0000-000000000000/resourceGroups/test_p2s_vpn_client_generate000001/providers/Microsoft.Network/p2sVpnGateways/test-p2s-gateway/p2sConnectionConfigurations/P2SConnectionConfigDefault\",\r\n
        \       \"etag\": \"W/\\\"5919b95e-7664-43bf-bcdc-4d84bb2872ce\\\"\",\r\n
        \       \"type\": \"Microsoft.Network/p2sVpnGateways/p2sConnectionConfigurations\",\r\n
        \       \"properties\": {\r\n          \"provisioningState\": \"Succeeded\",\r\n
        \         \"routingConfiguration\": {\r\n            \"associatedRouteTable\":
        {\r\n              \"id\": \"/subscriptions/00000000-0000-0000-0000-000000000000/resourceGroups/test_p2s_vpn_client_generate000001/providers/Microsoft.Network/virtualHubs/test-p2s-vhub/hubRouteTables/defaultRouteTable\"\r\n
        \           },\r\n            \"propagatedRouteTables\": {\r\n              \"labels\":
        [\r\n                \"default\"\r\n              ],\r\n              \"ids\":
        [\r\n                {\r\n                  \"id\": \"/subscriptions/00000000-0000-0000-0000-000000000000/resourceGroups/test_p2s_vpn_client_generate000001/providers/Microsoft.Network/virtualHubs/test-p2s-vhub/hubRouteTables/defaultRouteTable\"\r\n
        \               }\r\n              ]\r\n            },\r\n            \"vnetRoutes\":
        {\r\n              \"staticRoutes\": []\r\n            }\r\n          },\r\n
        \         \"vpnClientAddressPool\": {\r\n            \"addressPrefixes\":
        [\r\n              \"10.0.2.0/24\",\r\n              \"11.0.1.0/24\"\r\n            ]\r\n
        \         },\r\n          \"enableInternetSecurity\": true\r\n        }\r\n
        \     }\r\n    ],\r\n    \"vpnGatewayDetachStatus\": \"Attached\",\r\n    \"vpnGatewayScaleUnit\":
        2,\r\n    \"customDnsServers\": [],\r\n    \"isRoutingPreferenceInternet\":
        false,\r\n    \"useRadiusProxyIPs\": false,\r\n    \"radiusProxyIPs\": []\r\n
        \ }\r\n}"
    headers:
      cache-control:
      - no-cache
      content-length:
      - '2683'
      content-type:
      - application/json; charset=utf-8
      date:
      - Wed, 11 May 2022 05:38:44 GMT
      etag:
      - W/"5919b95e-7664-43bf-bcdc-4d84bb2872ce"
      expires:
      - '-1'
      pragma:
      - no-cache
      server:
      - Microsoft-HTTPAPI/2.0
      - Microsoft-HTTPAPI/2.0
      strict-transport-security:
      - max-age=31536000; includeSubDomains
      transfer-encoding:
      - chunked
      vary:
      - Accept-Encoding
      x-content-type-options:
      - nosniff
      x-ms-arm-service-request-id:
      - 6cc5ef92-e370-43ee-9db0-18451aac08e5
    status:
      code: 200
      message: OK
- request:
    body: '{}'
    headers:
      Accept:
      - application/json
      Accept-Encoding:
      - gzip, deflate
      CommandName:
      - network p2s-vpn-gateway vpn-client generate
      Connection:
      - keep-alive
      Content-Length:
      - '2'
      Content-Type:
      - application/json
      ParameterSetName:
      - -g -n
      User-Agent:
      - AZURECLI/2.36.0 azsdk-python-azure-mgmt-network/19.3.0 Python/3.8.10 (Windows-10-10.0.19044-SP0)
    method: POST
    uri: https://management.azure.com/subscriptions/00000000-0000-0000-0000-000000000000/resourceGroups/test_p2s_vpn_client_generate000001/providers/Microsoft.Network/p2svpnGateways/test-p2s-gateway/generatevpnprofile?api-version=2021-08-01
  response:
    body:
      string: 'null'
    headers:
      azure-asyncoperation:
      - https://management.azure.com/subscriptions/00000000-0000-0000-0000-000000000000/providers/Microsoft.Network/locations/westus/operations/eec3ed5c-8bae-4d46-a247-0b9841b937f0?api-version=2021-08-01
      cache-control:
      - no-cache
      content-length:
      - '4'
      content-type:
      - application/json; charset=utf-8
      date:
      - Wed, 11 May 2022 05:38:47 GMT
      expires:
      - '-1'
      location:
      - https://management.azure.com/subscriptions/00000000-0000-0000-0000-000000000000/providers/Microsoft.Network/locations/westus/operationResults/eec3ed5c-8bae-4d46-a247-0b9841b937f0?api-version=2021-08-01
      pragma:
      - no-cache
      server:
      - Microsoft-HTTPAPI/2.0
      - Microsoft-HTTPAPI/2.0
      strict-transport-security:
      - max-age=31536000; includeSubDomains
      x-content-type-options:
      - nosniff
      x-ms-arm-service-request-id:
      - c2acd487-5149-417b-8e28-8d77c149208e
      x-ms-ratelimit-remaining-subscription-writes:
      - '1199'
    status:
      code: 202
      message: Accepted
- request:
    body: null
    headers:
      Accept:
      - '*/*'
      Accept-Encoding:
      - gzip, deflate
      CommandName:
      - network p2s-vpn-gateway vpn-client generate
      Connection:
      - keep-alive
      ParameterSetName:
      - -g -n
      User-Agent:
      - AZURECLI/2.36.0 azsdk-python-azure-mgmt-network/19.3.0 Python/3.8.10 (Windows-10-10.0.19044-SP0)
    method: GET
    uri: https://management.azure.com/subscriptions/00000000-0000-0000-0000-000000000000/providers/Microsoft.Network/locations/westus/operations/eec3ed5c-8bae-4d46-a247-0b9841b937f0?api-version=2021-08-01
  response:
    body:
      string: "{\r\n  \"status\": \"InProgress\"\r\n}"
    headers:
      cache-control:
      - no-cache
      content-length:
      - '30'
      content-type:
      - application/json; charset=utf-8
      date:
      - Wed, 11 May 2022 05:38:57 GMT
      expires:
      - '-1'
      pragma:
      - no-cache
      server:
      - Microsoft-HTTPAPI/2.0
      - Microsoft-HTTPAPI/2.0
      strict-transport-security:
      - max-age=31536000; includeSubDomains
      transfer-encoding:
      - chunked
      vary:
      - Accept-Encoding
      x-content-type-options:
      - nosniff
      x-ms-arm-service-request-id:
      - c4f5f56d-dc1f-4363-9aac-24a65c674bb6
    status:
      code: 200
      message: OK
- request:
    body: null
    headers:
      Accept:
      - '*/*'
      Accept-Encoding:
      - gzip, deflate
      CommandName:
      - network p2s-vpn-gateway vpn-client generate
      Connection:
      - keep-alive
      ParameterSetName:
      - -g -n
      User-Agent:
      - AZURECLI/2.36.0 azsdk-python-azure-mgmt-network/19.3.0 Python/3.8.10 (Windows-10-10.0.19044-SP0)
    method: GET
    uri: https://management.azure.com/subscriptions/00000000-0000-0000-0000-000000000000/providers/Microsoft.Network/locations/westus/operations/eec3ed5c-8bae-4d46-a247-0b9841b937f0?api-version=2021-08-01
  response:
    body:
      string: "{\r\n  \"status\": \"Succeeded\",\r\n  \"properties\": {\r\n    \"output\":
        {\r\n      \"profileUrl\": \"https://nfvprodsuppby.blob.core.windows.net/vpnprofileimmutable/86360031-e27d-466f-9140-e22f21e27936/vpnprofile/5992aa3b-f613-459f-8f30-49731e34a35f/vpnclientconfiguration.zip?sv=2018-03-28&sr=b&sig=00000000-0000-0000-0000-000000000000&fileExtension=.zip\"\r\n
        \   }\r\n  }\r\n}"
    headers:
      cache-control:
      - no-cache
      content-length:
      - '356'
      content-type:
      - application/json; charset=utf-8
      date:
      - Wed, 11 May 2022 05:39:07 GMT
      expires:
      - '-1'
      pragma:
      - no-cache
      server:
      - Microsoft-HTTPAPI/2.0
      - Microsoft-HTTPAPI/2.0
      strict-transport-security:
      - max-age=31536000; includeSubDomains
      transfer-encoding:
      - chunked
      vary:
      - Accept-Encoding
      x-content-type-options:
      - nosniff
      x-ms-arm-service-request-id:
      - e5795a8c-266a-41c7-81b5-f65185fd4f96
    status:
      code: 200
      message: OK
- request:
    body: null
    headers:
      Accept:
      - '*/*'
      Accept-Encoding:
      - gzip, deflate
      CommandName:
      - network p2s-vpn-gateway vpn-client generate
      Connection:
      - keep-alive
      ParameterSetName:
      - -g -n
      User-Agent:
      - AZURECLI/2.36.0 azsdk-python-azure-mgmt-network/19.3.0 Python/3.8.10 (Windows-10-10.0.19044-SP0)
    method: GET
    uri: https://management.azure.com/subscriptions/00000000-0000-0000-0000-000000000000/providers/Microsoft.Network/locations/westus/operationResults/eec3ed5c-8bae-4d46-a247-0b9841b937f0?api-version=2021-08-01
  response:
    body:
      string: "{\r\n  \"profileUrl\": \"https://nfvprodsuppby.blob.core.windows.net/vpnprofileimmutable/86360031-e27d-466f-9140-e22f21e27936/vpnprofile/5992aa3b-f613-459f-8f30-49731e34a35f/vpnclientconfiguration.zip?sv=2018-03-28&sr=b&sig=00000000-0000-0000-0000-000000000000&fileExtension=.zip\"\r\n}"
    headers:
      azure-asyncoperation:
      - https://management.azure.com/subscriptions/00000000-0000-0000-0000-000000000000/providers/Microsoft.Network/locations/westus/operations/eec3ed5c-8bae-4d46-a247-0b9841b937f0?api-version=2021-08-01
      cache-control:
      - no-cache
      content-length:
      - '278'
      content-type:
      - application/json; charset=utf-8
      date:
      - Wed, 11 May 2022 05:39:07 GMT
      expires:
      - '-1'
      location:
      - https://management.azure.com/subscriptions/00000000-0000-0000-0000-000000000000/providers/Microsoft.Network/locations/westus/operationResults/eec3ed5c-8bae-4d46-a247-0b9841b937f0?api-version=2021-08-01
      pragma:
      - no-cache
      server:
      - Microsoft-HTTPAPI/2.0
      - Microsoft-HTTPAPI/2.0
      strict-transport-security:
      - max-age=31536000; includeSubDomains
      transfer-encoding:
      - chunked
      vary:
      - Accept-Encoding
      x-content-type-options:
      - nosniff
      x-ms-arm-service-request-id:
      - c2acd487-5149-417b-8e28-8d77c149208e
    status:
      code: 200
      message: OK
version: 1
