interactions:
- request:
    body: null
    headers:
      Accept:
      - application/json
      Accept-Encoding:
      - gzip, deflate
      CommandName:
      - network vwan create
      Connection:
      - keep-alive
      ParameterSetName:
      - -g -n
      User-Agent:
      - AZURECLI/2.45.0 azsdk-python-azure-mgmt-resource/22.0.0 Python/3.10.9 (Windows-10-10.0.22621-SP0)
    method: GET
    uri: https://management.azure.com/subscriptions/00000000-0000-0000-0000-000000000000/resourcegroups/cli_test_vpn_gateway_connection_inbound_outbound_routemap000001?api-version=2021-04-01
  response:
    body:
      string: '{"id":"/subscriptions/00000000-0000-0000-0000-000000000000/resourceGroups/cli_test_vpn_gateway_connection_inbound_outbound_routemap000001","name":"cli_test_vpn_gateway_connection_inbound_outbound_routemap000001","type":"Microsoft.Resources/resourceGroups","location":"westus","tags":{"product":"azurecli","cause":"automation","date":"2023-02-15T01:41:49Z"},"properties":{"provisioningState":"Succeeded"}}'
    headers:
      cache-control:
      - no-cache
      content-length:
      - '404'
      content-type:
      - application/json; charset=utf-8
      date:
      - Wed, 15 Feb 2023 01:41:55 GMT
      expires:
      - '-1'
      pragma:
      - no-cache
      strict-transport-security:
      - max-age=31536000; includeSubDomains
      vary:
      - Accept-Encoding
      x-content-type-options:
      - nosniff
    status:
      code: 200
      message: OK
- request:
    body: '{"location": "westus"}'
    headers:
      Accept:
      - application/json
      Accept-Encoding:
      - gzip, deflate
      CommandName:
      - network vwan create
      Connection:
      - keep-alive
      Content-Length:
      - '22'
      Content-Type:
      - application/json
      ParameterSetName:
      - -g -n
      User-Agent:
      - AZURECLI/2.45.0 azsdk-python-azure-mgmt-network/22.2.0 Python/3.10.9 (Windows-10-10.0.22621-SP0)
    method: PUT
    uri: https://management.azure.com/subscriptions/00000000-0000-0000-0000-000000000000/resourceGroups/cli_test_vpn_gateway_connection_inbound_outbound_routemap000001/providers/Microsoft.Network/virtualWans/vwan000002?api-version=2022-07-01
  response:
    body:
      string: "{\r\n  \"name\": \"vwan000002\",\r\n  \"id\": \"/subscriptions/00000000-0000-0000-0000-000000000000/resourceGroups/cli_test_vpn_gateway_connection_inbound_outbound_routemap000001/providers/Microsoft.Network/virtualWans/vwan000002\"\
        ,\r\n  \"etag\": \"W/\\\"ac9a6543-860a-406d-8bdf-513d6d1cffac\\\"\",\r\n \
        \ \"type\": \"Microsoft.Network/virtualWans\",\r\n  \"location\": \"westus\"\
        ,\r\n  \"properties\": {\r\n    \"provisioningState\": \"Updating\",\r\n \
        \   \"disableVpnEncryption\": false,\r\n    \"allowBranchToBranchTraffic\"\
        : true,\r\n    \"office365LocalBreakoutCategory\": \"None\",\r\n    \"type\"\
        : \"Standard\"\r\n  }\r\n}"
    headers:
      azure-asyncnotification:
      - Enabled
      azure-asyncoperation:
      - https://management.azure.com/subscriptions/00000000-0000-0000-0000-000000000000/providers/Microsoft.Network/locations/westus/operations/7ee3757f-de74-4462-9165-a097a56340a3?api-version=2022-07-01
      cache-control:
      - no-cache
      content-length:
      - '559'
      content-type:
      - application/json; charset=utf-8
      date:
      - Wed, 15 Feb 2023 01:42:00 GMT
      expires:
      - '-1'
      pragma:
      - no-cache
      server:
      - Microsoft-HTTPAPI/2.0
      - Microsoft-HTTPAPI/2.0
      strict-transport-security:
      - max-age=31536000; includeSubDomains
      x-content-type-options:
      - nosniff
      x-ms-arm-service-request-id:
      - 466e39d1-824a-4c22-8e22-e05993bd60d4
      x-ms-ratelimit-remaining-subscription-writes:
      - '1199'
    status:
      code: 201
      message: Created
- request:
    body: null
    headers:
      Accept:
      - '*/*'
      Accept-Encoding:
      - gzip, deflate
      CommandName:
      - network vwan create
      Connection:
      - keep-alive
      ParameterSetName:
      - -g -n
      User-Agent:
      - AZURECLI/2.45.0 azsdk-python-azure-mgmt-network/22.2.0 Python/3.10.9 (Windows-10-10.0.22621-SP0)
    method: GET
    uri: https://management.azure.com/subscriptions/00000000-0000-0000-0000-000000000000/providers/Microsoft.Network/locations/westus/operations/7ee3757f-de74-4462-9165-a097a56340a3?api-version=2022-07-01
  response:
    body:
      string: "{\r\n  \"status\": \"Succeeded\"\r\n}"
    headers:
      cache-control:
      - no-cache
      content-length:
      - '29'
      content-type:
      - application/json; charset=utf-8
      date:
      - Wed, 15 Feb 2023 01:42:10 GMT
      expires:
      - '-1'
      pragma:
      - no-cache
      server:
      - Microsoft-HTTPAPI/2.0
      - Microsoft-HTTPAPI/2.0
      strict-transport-security:
      - max-age=31536000; includeSubDomains
      transfer-encoding:
      - chunked
      vary:
      - Accept-Encoding
      x-content-type-options:
      - nosniff
      x-ms-arm-service-request-id:
      - fbb287b2-867d-4a06-9c51-9afb3e738ab8
    status:
      code: 200
      message: OK
- request:
    body: null
    headers:
      Accept:
      - '*/*'
      Accept-Encoding:
      - gzip, deflate
      CommandName:
      - network vwan create
      Connection:
      - keep-alive
      ParameterSetName:
      - -g -n
      User-Agent:
      - AZURECLI/2.45.0 azsdk-python-azure-mgmt-network/22.2.0 Python/3.10.9 (Windows-10-10.0.22621-SP0)
    method: GET
    uri: https://management.azure.com/subscriptions/00000000-0000-0000-0000-000000000000/resourceGroups/cli_test_vpn_gateway_connection_inbound_outbound_routemap000001/providers/Microsoft.Network/virtualWans/vwan000002?api-version=2022-07-01
  response:
    body:
      string: "{\r\n  \"name\": \"vwan000002\",\r\n  \"id\": \"/subscriptions/00000000-0000-0000-0000-000000000000/resourceGroups/cli_test_vpn_gateway_connection_inbound_outbound_routemap000001/providers/Microsoft.Network/virtualWans/vwan000002\"\
        ,\r\n  \"etag\": \"W/\\\"6e350883-0b45-411e-a261-285578e472ce\\\"\",\r\n \
        \ \"type\": \"Microsoft.Network/virtualWans\",\r\n  \"location\": \"westus\"\
        ,\r\n  \"properties\": {\r\n    \"provisioningState\": \"Succeeded\",\r\n\
        \    \"disableVpnEncryption\": false,\r\n    \"allowBranchToBranchTraffic\"\
        : true,\r\n    \"office365LocalBreakoutCategory\": \"None\",\r\n    \"type\"\
        : \"Standard\"\r\n  }\r\n}"
    headers:
      cache-control:
      - no-cache
      content-length:
      - '560'
      content-type:
      - application/json; charset=utf-8
      date:
      - Wed, 15 Feb 2023 01:42:11 GMT
      etag:
      - W/"6e350883-0b45-411e-a261-285578e472ce"
      expires:
      - '-1'
      pragma:
      - no-cache
      server:
      - Microsoft-HTTPAPI/2.0
      - Microsoft-HTTPAPI/2.0
      strict-transport-security:
      - max-age=31536000; includeSubDomains
      transfer-encoding:
      - chunked
      vary:
      - Accept-Encoding
      x-content-type-options:
      - nosniff
      x-ms-arm-service-request-id:
      - e49663e7-5b9a-4b4d-812b-802c4cb4d032
    status:
      code: 200
      message: OK
- request:
    body: null
    headers:
      Accept:
      - application/json
      Accept-Encoding:
      - gzip, deflate
      CommandName:
      - network vhub create
      Connection:
      - keep-alive
      ParameterSetName:
      - -g -n --vwan --address-prefix
      User-Agent:
      - AZURECLI/2.45.0 azsdk-python-azure-mgmt-resource/22.0.0 Python/3.10.9 (Windows-10-10.0.22621-SP0)
    method: GET
    uri: https://management.azure.com/subscriptions/00000000-0000-0000-0000-000000000000/resourcegroups/cli_test_vpn_gateway_connection_inbound_outbound_routemap000001?api-version=2021-04-01
  response:
    body:
      string: '{"id":"/subscriptions/00000000-0000-0000-0000-000000000000/resourceGroups/cli_test_vpn_gateway_connection_inbound_outbound_routemap000001","name":"cli_test_vpn_gateway_connection_inbound_outbound_routemap000001","type":"Microsoft.Resources/resourceGroups","location":"westus","tags":{"product":"azurecli","cause":"automation","date":"2023-02-15T01:41:49Z"},"properties":{"provisioningState":"Succeeded"}}'
    headers:
      cache-control:
      - no-cache
      content-length:
      - '404'
      content-type:
      - application/json; charset=utf-8
      date:
      - Wed, 15 Feb 2023 01:42:11 GMT
      expires:
      - '-1'
      pragma:
      - no-cache
      strict-transport-security:
      - max-age=31536000; includeSubDomains
      vary:
      - Accept-Encoding
      x-content-type-options:
      - nosniff
    status:
      code: 200
      message: OK
- request:
    body: '{"location": "westus", "properties": {"addressPrefix": "10.0.1.0/24", "virtualWan":
      {"id": "/subscriptions/00000000-0000-0000-0000-000000000000/resourceGroups/cli_test_vpn_gateway_connection_inbound_outbound_routemap000001/providers/Microsoft.Network/virtualWans/vwan000002"}}}'
    headers:
      Accept:
      - application/json
      Accept-Encoding:
      - gzip, deflate
      CommandName:
      - network vhub create
      Connection:
      - keep-alive
      Content-Length:
      - '277'
      Content-Type:
      - application/json
      ParameterSetName:
      - -g -n --vwan --address-prefix
      User-Agent:
      - AZURECLI/2.45.0 (AAZ) azsdk-python-core/1.24.0 Python/3.10.9 (Windows-10-10.0.22621-SP0)
    method: PUT
    uri: https://management.azure.com/subscriptions/00000000-0000-0000-0000-000000000000/resourceGroups/cli_test_vpn_gateway_connection_inbound_outbound_routemap000001/providers/Microsoft.Network/virtualHubs/vhub000003?api-version=2022-05-01
  response:
    body:
      string: "{\r\n  \"name\": \"vhub000003\",\r\n  \"id\": \"/subscriptions/00000000-0000-0000-0000-000000000000/resourceGroups/cli_test_vpn_gateway_connection_inbound_outbound_routemap000001/providers/Microsoft.Network/virtualHubs/vhub000003\"\
        ,\r\n  \"etag\": \"W/\\\"7f648e2e-e0c5-4c78-b7f3-26ad89f47bb8\\\"\",\r\n \
        \ \"type\": \"Microsoft.Network/virtualHubs\",\r\n  \"location\": \"westus\"\
        ,\r\n  \"properties\": {\r\n    \"provisioningState\": \"Updating\",\r\n \
        \   \"virtualHubRouteTableV2s\": [],\r\n    \"addressPrefix\": \"10.0.1.0/24\"\
        ,\r\n    \"virtualRouterAsn\": 65515,\r\n    \"virtualRouterIps\": [],\r\n\
        \    \"routeTable\": {\r\n      \"routes\": []\r\n    },\r\n    \"virtualRouterAutoScaleConfiguration\"\
        : {\r\n      \"minCapacity\": 2\r\n    },\r\n    \"virtualWan\": {\r\n   \
        \   \"id\": \"/subscriptions/00000000-0000-0000-0000-000000000000/resourceGroups/cli_test_vpn_gateway_connection_inbound_outbound_routemap000001/providers/Microsoft.Network/virtualWans/vwan000002\"\
        \r\n    },\r\n    \"networkVirtualAppliances\": [],\r\n    \"routingState\"\
        : \"None\",\r\n    \"allowBranchToBranchTraffic\": false,\r\n    \"hubRoutingPreference\"\
        : \"ExpressRoute\"\r\n  }\r\n}"
    headers:
      azure-asyncnotification:
      - Enabled
      azure-asyncoperation:
      - https://management.azure.com/subscriptions/00000000-0000-0000-0000-000000000000/providers/Microsoft.Network/locations/westus/operations/ed860c8c-0e86-48d9-a1ac-4bb0b1cfddce?api-version=2022-05-01
      cache-control:
      - no-cache
      content-length:
      - '1050'
      content-type:
      - application/json; charset=utf-8
      date:
      - Wed, 15 Feb 2023 01:42:17 GMT
      expires:
      - '-1'
      pragma:
      - no-cache
      server:
      - Microsoft-HTTPAPI/2.0
      - Microsoft-HTTPAPI/2.0
      strict-transport-security:
      - max-age=31536000; includeSubDomains
      x-content-type-options:
      - nosniff
      x-ms-arm-service-request-id:
      - 74211150-263f-498a-9830-81d27e23269d
      x-ms-ratelimit-remaining-subscription-writes:
      - '1199'
    status:
      code: 201
      message: Created
- request:
    body: null
    headers:
      Accept:
      - '*/*'
      Accept-Encoding:
      - gzip, deflate
      CommandName:
      - network vhub create
      Connection:
      - keep-alive
      ParameterSetName:
      - -g -n --vwan --address-prefix
      User-Agent:
      - AZURECLI/2.45.0 (AAZ) azsdk-python-core/1.24.0 Python/3.10.9 (Windows-10-10.0.22621-SP0)
    method: GET
    uri: https://management.azure.com/subscriptions/00000000-0000-0000-0000-000000000000/providers/Microsoft.Network/locations/westus/operations/ed860c8c-0e86-48d9-a1ac-4bb0b1cfddce?api-version=2022-05-01
  response:
    body:
      string: "{\r\n  \"status\": \"InProgress\"\r\n}"
    headers:
      cache-control:
      - no-cache
      content-length:
      - '30'
      content-type:
      - application/json; charset=utf-8
      date:
      - Wed, 15 Feb 2023 01:42:28 GMT
      expires:
      - '-1'
      pragma:
      - no-cache
      server:
      - Microsoft-HTTPAPI/2.0
      - Microsoft-HTTPAPI/2.0
      strict-transport-security:
      - max-age=31536000; includeSubDomains
      transfer-encoding:
      - chunked
      vary:
      - Accept-Encoding
      x-content-type-options:
      - nosniff
      x-ms-arm-service-request-id:
      - 13f93ecc-0242-4325-a759-1be27e2009ba
    status:
      code: 200
      message: OK
- request:
    body: null
    headers:
      Accept:
      - '*/*'
      Accept-Encoding:
      - gzip, deflate
      CommandName:
      - network vhub create
      Connection:
      - keep-alive
      ParameterSetName:
      - -g -n --vwan --address-prefix
      User-Agent:
      - AZURECLI/2.45.0 (AAZ) azsdk-python-core/1.24.0 Python/3.10.9 (Windows-10-10.0.22621-SP0)
    method: GET
    uri: https://management.azure.com/subscriptions/00000000-0000-0000-0000-000000000000/providers/Microsoft.Network/locations/westus/operations/ed860c8c-0e86-48d9-a1ac-4bb0b1cfddce?api-version=2022-05-01
  response:
    body:
      string: "{\r\n  \"status\": \"InProgress\"\r\n}"
    headers:
      cache-control:
      - no-cache
      content-length:
      - '30'
      content-type:
      - application/json; charset=utf-8
      date:
      - Wed, 15 Feb 2023 01:42:39 GMT
      expires:
      - '-1'
      pragma:
      - no-cache
      server:
      - Microsoft-HTTPAPI/2.0
      - Microsoft-HTTPAPI/2.0
      strict-transport-security:
      - max-age=31536000; includeSubDomains
      transfer-encoding:
      - chunked
      vary:
      - Accept-Encoding
      x-content-type-options:
      - nosniff
      x-ms-arm-service-request-id:
      - 0f755f3d-c567-4cfd-88c4-5fa0f8f3da43
    status:
      code: 200
      message: ''
- request:
    body: null
    headers:
      Accept:
      - '*/*'
      Accept-Encoding:
      - gzip, deflate
      CommandName:
      - network vhub create
      Connection:
      - keep-alive
      ParameterSetName:
      - -g -n --vwan --address-prefix
      User-Agent:
      - AZURECLI/2.45.0 (AAZ) azsdk-python-core/1.24.0 Python/3.10.9 (Windows-10-10.0.22621-SP0)
    method: GET
    uri: https://management.azure.com/subscriptions/00000000-0000-0000-0000-000000000000/providers/Microsoft.Network/locations/westus/operations/ed860c8c-0e86-48d9-a1ac-4bb0b1cfddce?api-version=2022-05-01
  response:
    body:
      string: "{\r\n  \"status\": \"InProgress\"\r\n}"
    headers:
      cache-control:
      - no-cache
      content-length:
      - '30'
      content-type:
      - application/json; charset=utf-8
      date:
      - Wed, 15 Feb 2023 01:42:59 GMT
      expires:
      - '-1'
      pragma:
      - no-cache
      server:
      - Microsoft-HTTPAPI/2.0
      - Microsoft-HTTPAPI/2.0
      strict-transport-security:
      - max-age=31536000; includeSubDomains
      transfer-encoding:
      - chunked
      vary:
      - Accept-Encoding
      x-content-type-options:
      - nosniff
      x-ms-arm-service-request-id:
      - 2aa6367b-a2a2-4f79-a072-d42c4ad3c016
    status:
      code: 200
      message: ''
- request:
    body: null
    headers:
      Accept:
      - '*/*'
      Accept-Encoding:
      - gzip, deflate
      CommandName:
      - network vhub create
      Connection:
      - keep-alive
      ParameterSetName:
      - -g -n --vwan --address-prefix
      User-Agent:
      - AZURECLI/2.45.0 (AAZ) azsdk-python-core/1.24.0 Python/3.10.9 (Windows-10-10.0.22621-SP0)
    method: GET
    uri: https://management.azure.com/subscriptions/00000000-0000-0000-0000-000000000000/providers/Microsoft.Network/locations/westus/operations/ed860c8c-0e86-48d9-a1ac-4bb0b1cfddce?api-version=2022-05-01
  response:
    body:
      string: "{\r\n  \"status\": \"InProgress\"\r\n}"
    headers:
      cache-control:
      - no-cache
      content-length:
      - '30'
      content-type:
      - application/json; charset=utf-8
      date:
      - Wed, 15 Feb 2023 01:43:19 GMT
      expires:
      - '-1'
      pragma:
      - no-cache
      server:
      - Microsoft-HTTPAPI/2.0
      - Microsoft-HTTPAPI/2.0
      strict-transport-security:
      - max-age=31536000; includeSubDomains
      transfer-encoding:
      - chunked
      vary:
      - Accept-Encoding
      x-content-type-options:
      - nosniff
      x-ms-arm-service-request-id:
      - 16fcce1c-2b9d-4bc9-be24-8451759393c3
    status:
      code: 200
      message: ''
- request:
    body: null
    headers:
      Accept:
      - '*/*'
      Accept-Encoding:
      - gzip, deflate
      CommandName:
      - network vhub create
      Connection:
      - keep-alive
      ParameterSetName:
      - -g -n --vwan --address-prefix
      User-Agent:
      - AZURECLI/2.45.0 (AAZ) azsdk-python-core/1.24.0 Python/3.10.9 (Windows-10-10.0.22621-SP0)
    method: GET
    uri: https://management.azure.com/subscriptions/00000000-0000-0000-0000-000000000000/providers/Microsoft.Network/locations/westus/operations/ed860c8c-0e86-48d9-a1ac-4bb0b1cfddce?api-version=2022-05-01
  response:
    body:
      string: "{\r\n  \"status\": \"InProgress\"\r\n}"
    headers:
      cache-control:
      - no-cache
      content-length:
      - '30'
      content-type:
      - application/json; charset=utf-8
      date:
      - Wed, 15 Feb 2023 01:44:00 GMT
      expires:
      - '-1'
      pragma:
      - no-cache
      server:
      - Microsoft-HTTPAPI/2.0
      - Microsoft-HTTPAPI/2.0
      strict-transport-security:
      - max-age=31536000; includeSubDomains
      transfer-encoding:
      - chunked
      vary:
      - Accept-Encoding
      x-content-type-options:
      - nosniff
      x-ms-arm-service-request-id:
      - e3e59ee0-61ec-4fe3-80ce-de5a6de80b60
    status:
      code: 200
      message: ''
- request:
    body: null
    headers:
      Accept:
      - '*/*'
      Accept-Encoding:
      - gzip, deflate
      CommandName:
      - network vhub create
      Connection:
      - keep-alive
      ParameterSetName:
      - -g -n --vwan --address-prefix
      User-Agent:
      - AZURECLI/2.45.0 (AAZ) azsdk-python-core/1.24.0 Python/3.10.9 (Windows-10-10.0.22621-SP0)
    method: GET
    uri: https://management.azure.com/subscriptions/00000000-0000-0000-0000-000000000000/providers/Microsoft.Network/locations/westus/operations/ed860c8c-0e86-48d9-a1ac-4bb0b1cfddce?api-version=2022-05-01
  response:
    body:
      string: "{\r\n  \"status\": \"InProgress\"\r\n}"
    headers:
      cache-control:
      - no-cache
      content-length:
      - '30'
      content-type:
      - application/json; charset=utf-8
      date:
      - Wed, 15 Feb 2023 01:45:00 GMT
      expires:
      - '-1'
      pragma:
      - no-cache
      server:
      - Microsoft-HTTPAPI/2.0
      - Microsoft-HTTPAPI/2.0
      strict-transport-security:
      - max-age=31536000; includeSubDomains
      transfer-encoding:
      - chunked
      vary:
      - Accept-Encoding
      x-content-type-options:
      - nosniff
      x-ms-arm-service-request-id:
      - 9fc85433-d187-4d14-9b8c-fbf9a294b56e
    status:
      code: 200
      message: ''
- request:
    body: null
    headers:
      Accept:
      - '*/*'
      Accept-Encoding:
      - gzip, deflate
      CommandName:
      - network vhub create
      Connection:
      - keep-alive
      ParameterSetName:
      - -g -n --vwan --address-prefix
      User-Agent:
      - AZURECLI/2.45.0 (AAZ) azsdk-python-core/1.24.0 Python/3.10.9 (Windows-10-10.0.22621-SP0)
    method: GET
    uri: https://management.azure.com/subscriptions/00000000-0000-0000-0000-000000000000/providers/Microsoft.Network/locations/westus/operations/ed860c8c-0e86-48d9-a1ac-4bb0b1cfddce?api-version=2022-05-01
  response:
    body:
      string: "{\r\n  \"status\": \"Succeeded\"\r\n}"
    headers:
      cache-control:
      - no-cache
      content-length:
      - '29'
      content-type:
      - application/json; charset=utf-8
      date:
      - Wed, 15 Feb 2023 01:46:21 GMT
      expires:
      - '-1'
      pragma:
      - no-cache
      server:
      - Microsoft-HTTPAPI/2.0
      - Microsoft-HTTPAPI/2.0
      strict-transport-security:
      - max-age=31536000; includeSubDomains
      transfer-encoding:
      - chunked
      vary:
      - Accept-Encoding
      x-content-type-options:
      - nosniff
      x-ms-arm-service-request-id:
      - f8c62cf5-31cb-4161-9118-973d574b161a
    status:
      code: 200
      message: ''
- request:
    body: null
    headers:
      Accept:
      - '*/*'
      Accept-Encoding:
      - gzip, deflate
      CommandName:
      - network vhub create
      Connection:
      - keep-alive
      ParameterSetName:
      - -g -n --vwan --address-prefix
      User-Agent:
      - AZURECLI/2.45.0 (AAZ) azsdk-python-core/1.24.0 Python/3.10.9 (Windows-10-10.0.22621-SP0)
    method: GET
    uri: https://management.azure.com/subscriptions/00000000-0000-0000-0000-000000000000/resourceGroups/cli_test_vpn_gateway_connection_inbound_outbound_routemap000001/providers/Microsoft.Network/virtualHubs/vhub000003?api-version=2022-05-01
  response:
    body:
      string: "{\r\n  \"name\": \"vhub000003\",\r\n  \"id\": \"/subscriptions/00000000-0000-0000-0000-000000000000/resourceGroups/cli_test_vpn_gateway_connection_inbound_outbound_routemap000001/providers/Microsoft.Network/virtualHubs/vhub000003\"\
        ,\r\n  \"etag\": \"W/\\\"9b3ddca1-8f20-4c72-956d-662c45a15106\\\"\",\r\n \
        \ \"type\": \"Microsoft.Network/virtualHubs\",\r\n  \"location\": \"westus\"\
        ,\r\n  \"properties\": {\r\n    \"provisioningState\": \"Succeeded\",\r\n\
        \    \"virtualHubRouteTableV2s\": [],\r\n    \"addressPrefix\": \"10.0.1.0/24\"\
        ,\r\n    \"virtualRouterAsn\": 65515,\r\n    \"virtualRouterIps\": [],\r\n\
        \    \"routeTable\": {\r\n      \"routes\": []\r\n    },\r\n    \"virtualRouterAutoScaleConfiguration\"\
        : {\r\n      \"minCapacity\": 2\r\n    },\r\n    \"virtualWan\": {\r\n   \
        \   \"id\": \"/subscriptions/00000000-0000-0000-0000-000000000000/resourceGroups/cli_test_vpn_gateway_connection_inbound_outbound_routemap000001/providers/Microsoft.Network/virtualWans/vwan000002\"\
        \r\n    },\r\n    \"networkVirtualAppliances\": [],\r\n    \"routingState\"\
        : \"Provisioning\",\r\n    \"allowBranchToBranchTraffic\": false,\r\n    \"\
        hubRoutingPreference\": \"ExpressRoute\"\r\n  }\r\n}"
    headers:
      cache-control:
      - no-cache
      content-length:
      - '1059'
      content-type:
      - application/json; charset=utf-8
      date:
      - Wed, 15 Feb 2023 01:46:21 GMT
      expires:
      - '-1'
      pragma:
      - no-cache
      server:
      - Microsoft-HTTPAPI/2.0
      - Microsoft-HTTPAPI/2.0
      strict-transport-security:
      - max-age=31536000; includeSubDomains
      transfer-encoding:
      - chunked
      vary:
      - Accept-Encoding
      x-content-type-options:
      - nosniff
      x-ms-arm-service-request-id:
      - 08249146-e997-4b4d-827f-56701e935c19
    status:
      code: 200
      message: ''
- request:
    body: '{}'
    headers:
      Accept:
      - application/json
      Accept-Encoding:
      - gzip, deflate
      CommandName:
      - network vhub route-map create
      Connection:
      - keep-alive
      Content-Length:
      - '2'
      Content-Type:
      - application/json
      ParameterSetName:
      - -n -g --vhub-name
      User-Agent:
      - AZURECLI/2.45.0 (AAZ) azsdk-python-core/1.24.0 Python/3.10.9 (Windows-10-10.0.22621-SP0)
    method: PUT
    uri: https://management.azure.com/subscriptions/00000000-0000-0000-0000-000000000000/resourceGroups/cli_test_vpn_gateway_connection_inbound_outbound_routemap000001/providers/Microsoft.Network/virtualHubs/vhub000003/routeMaps/routemap-000007?api-version=2022-05-01
  response:
    body:
      string: "{\r\n  \"name\": \"routemap-000007\",\r\n  \"id\": \"/subscriptions/00000000-0000-0000-0000-000000000000/resourceGroups/cli_test_vpn_gateway_connection_inbound_outbound_routemap000001/providers/Microsoft.Network/virtualHubs/vhub000003/routeMaps/routemap-000007\"\
        ,\r\n  \"etag\": \"W/\\\"7e16a857-d036-4e74-97b0-d171cddced39\\\"\",\r\n \
        \ \"properties\": {\r\n    \"provisioningState\": \"Updating\",\r\n    \"\
        rules\": [],\r\n    \"associatedInboundConnections\": [],\r\n    \"associatedOutboundConnections\"\
        : []\r\n  },\r\n  \"type\": \"Microsoft.Network/virtualHubs/routeMaps\"\r\n\
        }"
    headers:
      azure-asyncnotification:
      - Enabled
      azure-asyncoperation:
      - https://management.azure.com/subscriptions/00000000-0000-0000-0000-000000000000/providers/Microsoft.Network/locations/westus/operations/dfe6d34e-09f9-45e3-af57-63fee1462530?api-version=2022-05-01
      cache-control:
      - no-cache
      content-length:
      - '527'
      content-type:
      - application/json; charset=utf-8
      date:
      - Wed, 15 Feb 2023 01:46:25 GMT
      expires:
      - '-1'
      pragma:
      - no-cache
      server:
      - Microsoft-HTTPAPI/2.0
      - Microsoft-HTTPAPI/2.0
      strict-transport-security:
      - max-age=31536000; includeSubDomains
      x-content-type-options:
      - nosniff
      x-ms-arm-service-request-id:
      - 84b134e8-5418-4de7-a2ea-8e9ddb8a5385
      x-ms-ratelimit-remaining-subscription-writes:
      - '1199'
    status:
      code: 201
      message: Created
- request:
    body: null
    headers:
      Accept:
      - '*/*'
      Accept-Encoding:
      - gzip, deflate
      CommandName:
      - network vhub route-map create
      Connection:
      - keep-alive
      ParameterSetName:
      - -n -g --vhub-name
      User-Agent:
      - AZURECLI/2.45.0 (AAZ) azsdk-python-core/1.24.0 Python/3.10.9 (Windows-10-10.0.22621-SP0)
    method: GET
    uri: https://management.azure.com/subscriptions/00000000-0000-0000-0000-000000000000/providers/Microsoft.Network/locations/westus/operations/dfe6d34e-09f9-45e3-af57-63fee1462530?api-version=2022-05-01
  response:
    body:
      string: "{\r\n  \"status\": \"Succeeded\"\r\n}"
    headers:
      cache-control:
      - no-cache
      content-length:
      - '29'
      content-type:
      - application/json; charset=utf-8
      date:
      - Wed, 15 Feb 2023 01:46:35 GMT
      expires:
      - '-1'
      pragma:
      - no-cache
      server:
      - Microsoft-HTTPAPI/2.0
      - Microsoft-HTTPAPI/2.0
      strict-transport-security:
      - max-age=31536000; includeSubDomains
      transfer-encoding:
      - chunked
      vary:
      - Accept-Encoding
      x-content-type-options:
      - nosniff
      x-ms-arm-service-request-id:
      - f32a1f09-0beb-46fd-af8b-b92d1a3bd94d
    status:
      code: 200
      message: OK
- request:
    body: null
    headers:
      Accept:
      - '*/*'
      Accept-Encoding:
      - gzip, deflate
      CommandName:
      - network vhub route-map create
      Connection:
      - keep-alive
      ParameterSetName:
      - -n -g --vhub-name
      User-Agent:
      - AZURECLI/2.45.0 (AAZ) azsdk-python-core/1.24.0 Python/3.10.9 (Windows-10-10.0.22621-SP0)
    method: GET
    uri: https://management.azure.com/subscriptions/00000000-0000-0000-0000-000000000000/resourceGroups/cli_test_vpn_gateway_connection_inbound_outbound_routemap000001/providers/Microsoft.Network/virtualHubs/vhub000003/routeMaps/routemap-000007?api-version=2022-05-01
  response:
    body:
      string: "{\r\n  \"name\": \"routemap-000007\",\r\n  \"id\": \"/subscriptions/00000000-0000-0000-0000-000000000000/resourceGroups/cli_test_vpn_gateway_connection_inbound_outbound_routemap000001/providers/Microsoft.Network/virtualHubs/vhub000003/routeMaps/routemap-000007\"\
        ,\r\n  \"etag\": \"W/\\\"0f445477-0878-4e82-8619-9d418b84a87d\\\"\",\r\n \
        \ \"properties\": {\r\n    \"provisioningState\": \"Succeeded\",\r\n    \"\
        rules\": [],\r\n    \"associatedInboundConnections\": [],\r\n    \"associatedOutboundConnections\"\
        : []\r\n  },\r\n  \"type\": \"Microsoft.Network/virtualHubs/routeMaps\"\r\n\
        }"
    headers:
      cache-control:
      - no-cache
      content-length:
      - '528'
      content-type:
      - application/json; charset=utf-8
      date:
      - Wed, 15 Feb 2023 01:46:35 GMT
      etag:
      - W/"0f445477-0878-4e82-8619-9d418b84a87d"
      expires:
      - '-1'
      pragma:
      - no-cache
      server:
      - Microsoft-HTTPAPI/2.0
      - Microsoft-HTTPAPI/2.0
      strict-transport-security:
      - max-age=31536000; includeSubDomains
      transfer-encoding:
      - chunked
      vary:
      - Accept-Encoding
      x-content-type-options:
      - nosniff
      x-ms-arm-service-request-id:
      - 2cc0ed85-66d3-4f79-a9cc-1545a3300e61
    status:
      code: 200
      message: OK
- request:
    body: '{}'
    headers:
      Accept:
      - application/json
      Accept-Encoding:
      - gzip, deflate
      CommandName:
      - network vhub route-map create
      Connection:
      - keep-alive
      Content-Length:
      - '2'
      Content-Type:
      - application/json
      ParameterSetName:
      - -n -g --vhub-name
      User-Agent:
      - AZURECLI/2.45.0 (AAZ) azsdk-python-core/1.24.0 Python/3.10.9 (Windows-10-10.0.22621-SP0)
    method: PUT
    uri: https://management.azure.com/subscriptions/00000000-0000-0000-0000-000000000000/resourceGroups/cli_test_vpn_gateway_connection_inbound_outbound_routemap000001/providers/Microsoft.Network/virtualHubs/vhub000003/routeMaps/routemap-000008?api-version=2022-05-01
  response:
    body:
      string: "{\r\n  \"name\": \"routemap-000008\",\r\n  \"id\": \"/subscriptions/00000000-0000-0000-0000-000000000000/resourceGroups/cli_test_vpn_gateway_connection_inbound_outbound_routemap000001/providers/Microsoft.Network/virtualHubs/vhub000003/routeMaps/routemap-000008\"\
        ,\r\n  \"etag\": \"W/\\\"05e8a731-e6fa-45f6-b7d4-0310c4cd5bd3\\\"\",\r\n \
        \ \"properties\": {\r\n    \"provisioningState\": \"Updating\",\r\n    \"\
        rules\": [],\r\n    \"associatedInboundConnections\": [],\r\n    \"associatedOutboundConnections\"\
        : []\r\n  },\r\n  \"type\": \"Microsoft.Network/virtualHubs/routeMaps\"\r\n\
        }"
    headers:
      azure-asyncnotification:
      - Enabled
      azure-asyncoperation:
      - https://management.azure.com/subscriptions/00000000-0000-0000-0000-000000000000/providers/Microsoft.Network/locations/westus/operations/9e09e96b-8cf5-49fe-9f5c-5b32a655eae3?api-version=2022-05-01
      cache-control:
      - no-cache
      content-length:
      - '527'
      content-type:
      - application/json; charset=utf-8
      date:
      - Wed, 15 Feb 2023 01:46:38 GMT
      expires:
      - '-1'
      pragma:
      - no-cache
      server:
      - Microsoft-HTTPAPI/2.0
      - Microsoft-HTTPAPI/2.0
      strict-transport-security:
      - max-age=31536000; includeSubDomains
      x-content-type-options:
      - nosniff
      x-ms-arm-service-request-id:
      - 3e6ce6ec-4d8b-4084-b732-9be7fef9b7ee
      x-ms-ratelimit-remaining-subscription-writes:
      - '1199'
    status:
      code: 201
      message: ''
- request:
    body: null
    headers:
      Accept:
      - '*/*'
      Accept-Encoding:
      - gzip, deflate
      CommandName:
      - network vhub route-map create
      Connection:
      - keep-alive
      ParameterSetName:
      - -n -g --vhub-name
      User-Agent:
      - AZURECLI/2.45.0 (AAZ) azsdk-python-core/1.24.0 Python/3.10.9 (Windows-10-10.0.22621-SP0)
    method: GET
    uri: https://management.azure.com/subscriptions/00000000-0000-0000-0000-000000000000/providers/Microsoft.Network/locations/westus/operations/9e09e96b-8cf5-49fe-9f5c-5b32a655eae3?api-version=2022-05-01
  response:
    body:
      string: "{\r\n  \"status\": \"Succeeded\"\r\n}"
    headers:
      cache-control:
      - no-cache
      content-length:
      - '29'
      content-type:
      - application/json; charset=utf-8
      date:
      - Wed, 15 Feb 2023 01:46:48 GMT
      expires:
      - '-1'
      pragma:
      - no-cache
      server:
      - Microsoft-HTTPAPI/2.0
      - Microsoft-HTTPAPI/2.0
      strict-transport-security:
      - max-age=31536000; includeSubDomains
      transfer-encoding:
      - chunked
      vary:
      - Accept-Encoding
      x-content-type-options:
      - nosniff
      x-ms-arm-service-request-id:
      - 19de9803-086c-4e81-8396-db7e565f1069
    status:
      code: 200
      message: OK
- request:
    body: null
    headers:
      Accept:
      - '*/*'
      Accept-Encoding:
      - gzip, deflate
      CommandName:
      - network vhub route-map create
      Connection:
      - keep-alive
      ParameterSetName:
      - -n -g --vhub-name
      User-Agent:
      - AZURECLI/2.45.0 (AAZ) azsdk-python-core/1.24.0 Python/3.10.9 (Windows-10-10.0.22621-SP0)
    method: GET
    uri: https://management.azure.com/subscriptions/00000000-0000-0000-0000-000000000000/resourceGroups/cli_test_vpn_gateway_connection_inbound_outbound_routemap000001/providers/Microsoft.Network/virtualHubs/vhub000003/routeMaps/routemap-000008?api-version=2022-05-01
  response:
    body:
      string: "{\r\n  \"name\": \"routemap-000008\",\r\n  \"id\": \"/subscriptions/00000000-0000-0000-0000-000000000000/resourceGroups/cli_test_vpn_gateway_connection_inbound_outbound_routemap000001/providers/Microsoft.Network/virtualHubs/vhub000003/routeMaps/routemap-000008\"\
        ,\r\n  \"etag\": \"W/\\\"8a2954ca-3d02-4ce8-b3de-bb5b401d867f\\\"\",\r\n \
        \ \"properties\": {\r\n    \"provisioningState\": \"Succeeded\",\r\n    \"\
        rules\": [],\r\n    \"associatedInboundConnections\": [],\r\n    \"associatedOutboundConnections\"\
        : []\r\n  },\r\n  \"type\": \"Microsoft.Network/virtualHubs/routeMaps\"\r\n\
        }"
    headers:
      cache-control:
      - no-cache
      content-length:
      - '528'
      content-type:
      - application/json; charset=utf-8
      date:
      - Wed, 15 Feb 2023 01:46:49 GMT
      etag:
      - W/"8a2954ca-3d02-4ce8-b3de-bb5b401d867f"
      expires:
      - '-1'
      pragma:
      - no-cache
      server:
      - Microsoft-HTTPAPI/2.0
      - Microsoft-HTTPAPI/2.0
      strict-transport-security:
      - max-age=31536000; includeSubDomains
      transfer-encoding:
      - chunked
      vary:
      - Accept-Encoding
      x-content-type-options:
      - nosniff
      x-ms-arm-service-request-id:
      - f71eb15c-eebd-4223-97ee-0cd48b098e50
    status:
      code: 200
      message: OK
- request:
    body: '{}'
    headers:
      Accept:
      - application/json
      Accept-Encoding:
      - gzip, deflate
      CommandName:
      - network vhub route-map create
      Connection:
      - keep-alive
      Content-Length:
      - '2'
      Content-Type:
      - application/json
      ParameterSetName:
      - -n -g --vhub-name
      User-Agent:
      - AZURECLI/2.45.0 (AAZ) azsdk-python-core/1.24.0 Python/3.10.9 (Windows-10-10.0.22621-SP0)
    method: PUT
    uri: https://management.azure.com/subscriptions/00000000-0000-0000-0000-000000000000/resourceGroups/cli_test_vpn_gateway_connection_inbound_outbound_routemap000001/providers/Microsoft.Network/virtualHubs/vhub000003/routeMaps/routemap-000009?api-version=2022-05-01
  response:
    body:
      string: "{\r\n  \"name\": \"routemap-000009\",\r\n  \"id\": \"/subscriptions/00000000-0000-0000-0000-000000000000/resourceGroups/cli_test_vpn_gateway_connection_inbound_outbound_routemap000001/providers/Microsoft.Network/virtualHubs/vhub000003/routeMaps/routemap-000009\"\
        ,\r\n  \"etag\": \"W/\\\"3669e6fa-b71a-4df1-b085-dbb6255d9937\\\"\",\r\n \
        \ \"properties\": {\r\n    \"provisioningState\": \"Updating\",\r\n    \"\
        rules\": [],\r\n    \"associatedInboundConnections\": [],\r\n    \"associatedOutboundConnections\"\
        : []\r\n  },\r\n  \"type\": \"Microsoft.Network/virtualHubs/routeMaps\"\r\n\
        }"
    headers:
      azure-asyncnotification:
      - Enabled
      azure-asyncoperation:
      - https://management.azure.com/subscriptions/00000000-0000-0000-0000-000000000000/providers/Microsoft.Network/locations/westus/operations/110c7d44-6a34-4e8c-8b0f-7bd4dfde9700?api-version=2022-05-01
      cache-control:
      - no-cache
      content-length:
      - '527'
      content-type:
      - application/json; charset=utf-8
      date:
      - Wed, 15 Feb 2023 01:46:50 GMT
      expires:
      - '-1'
      pragma:
      - no-cache
      server:
      - Microsoft-HTTPAPI/2.0
      - Microsoft-HTTPAPI/2.0
      strict-transport-security:
      - max-age=31536000; includeSubDomains
      x-content-type-options:
      - nosniff
      x-ms-arm-service-request-id:
      - a0f8b2bc-3911-4394-8c3d-1e208acfd563
      x-ms-ratelimit-remaining-subscription-writes:
      - '1199'
    status:
      code: 201
      message: Created
- request:
    body: null
    headers:
      Accept:
      - '*/*'
      Accept-Encoding:
      - gzip, deflate
      CommandName:
      - network vhub route-map create
      Connection:
      - keep-alive
      ParameterSetName:
      - -n -g --vhub-name
      User-Agent:
      - AZURECLI/2.45.0 (AAZ) azsdk-python-core/1.24.0 Python/3.10.9 (Windows-10-10.0.22621-SP0)
    method: GET
    uri: https://management.azure.com/subscriptions/00000000-0000-0000-0000-000000000000/providers/Microsoft.Network/locations/westus/operations/110c7d44-6a34-4e8c-8b0f-7bd4dfde9700?api-version=2022-05-01
  response:
    body:
      string: "{\r\n  \"status\": \"Succeeded\"\r\n}"
    headers:
      cache-control:
      - no-cache
      content-length:
      - '29'
      content-type:
      - application/json; charset=utf-8
      date:
      - Wed, 15 Feb 2023 01:47:01 GMT
      expires:
      - '-1'
      pragma:
      - no-cache
      server:
      - Microsoft-HTTPAPI/2.0
      - Microsoft-HTTPAPI/2.0
      strict-transport-security:
      - max-age=31536000; includeSubDomains
      transfer-encoding:
      - chunked
      vary:
      - Accept-Encoding
      x-content-type-options:
      - nosniff
      x-ms-arm-service-request-id:
      - ae3f14b3-5863-4212-91ad-df0fade497e4
    status:
      code: 200
      message: OK
- request:
    body: null
    headers:
      Accept:
      - '*/*'
      Accept-Encoding:
      - gzip, deflate
      CommandName:
      - network vhub route-map create
      Connection:
      - keep-alive
      ParameterSetName:
      - -n -g --vhub-name
      User-Agent:
      - AZURECLI/2.45.0 (AAZ) azsdk-python-core/1.24.0 Python/3.10.9 (Windows-10-10.0.22621-SP0)
    method: GET
    uri: https://management.azure.com/subscriptions/00000000-0000-0000-0000-000000000000/resourceGroups/cli_test_vpn_gateway_connection_inbound_outbound_routemap000001/providers/Microsoft.Network/virtualHubs/vhub000003/routeMaps/routemap-000009?api-version=2022-05-01
  response:
    body:
      string: "{\r\n  \"name\": \"routemap-000009\",\r\n  \"id\": \"/subscriptions/00000000-0000-0000-0000-000000000000/resourceGroups/cli_test_vpn_gateway_connection_inbound_outbound_routemap000001/providers/Microsoft.Network/virtualHubs/vhub000003/routeMaps/routemap-000009\"\
        ,\r\n  \"etag\": \"W/\\\"9b87acad-f25d-4a42-8955-03c058564afc\\\"\",\r\n \
        \ \"properties\": {\r\n    \"provisioningState\": \"Succeeded\",\r\n    \"\
        rules\": [],\r\n    \"associatedInboundConnections\": [],\r\n    \"associatedOutboundConnections\"\
        : []\r\n  },\r\n  \"type\": \"Microsoft.Network/virtualHubs/routeMaps\"\r\n\
        }"
    headers:
      cache-control:
      - no-cache
      content-length:
      - '528'
      content-type:
      - application/json; charset=utf-8
      date:
      - Wed, 15 Feb 2023 01:47:01 GMT
      etag:
      - W/"9b87acad-f25d-4a42-8955-03c058564afc"
      expires:
      - '-1'
      pragma:
      - no-cache
      server:
      - Microsoft-HTTPAPI/2.0
      - Microsoft-HTTPAPI/2.0
      strict-transport-security:
      - max-age=31536000; includeSubDomains
      transfer-encoding:
      - chunked
      vary:
      - Accept-Encoding
      x-content-type-options:
      - nosniff
      x-ms-arm-service-request-id:
      - 6dca32a8-c1f2-4c2e-bc2e-6644f72d940f
    status:
      code: 200
      message: OK
- request:
    body: '{}'
    headers:
      Accept:
      - application/json
      Accept-Encoding:
      - gzip, deflate
      CommandName:
      - network vhub route-map create
      Connection:
      - keep-alive
      Content-Length:
      - '2'
      Content-Type:
      - application/json
      ParameterSetName:
      - -n -g --vhub-name
      User-Agent:
      - AZURECLI/2.45.0 (AAZ) azsdk-python-core/1.24.0 Python/3.10.9 (Windows-10-10.0.22621-SP0)
    method: PUT
    uri: https://management.azure.com/subscriptions/00000000-0000-0000-0000-000000000000/resourceGroups/cli_test_vpn_gateway_connection_inbound_outbound_routemap000001/providers/Microsoft.Network/virtualHubs/vhub000003/routeMaps/routemap-000010?api-version=2022-05-01
  response:
    body:
      string: "{\r\n  \"name\": \"routemap-000010\",\r\n  \"id\": \"/subscriptions/00000000-0000-0000-0000-000000000000/resourceGroups/cli_test_vpn_gateway_connection_inbound_outbound_routemap000001/providers/Microsoft.Network/virtualHubs/vhub000003/routeMaps/routemap-000010\"\
        ,\r\n  \"etag\": \"W/\\\"54a7dcf0-5e72-4ebb-a7b9-486d3c5ff694\\\"\",\r\n \
        \ \"properties\": {\r\n    \"provisioningState\": \"Updating\",\r\n    \"\
        rules\": [],\r\n    \"associatedInboundConnections\": [],\r\n    \"associatedOutboundConnections\"\
        : []\r\n  },\r\n  \"type\": \"Microsoft.Network/virtualHubs/routeMaps\"\r\n\
        }"
    headers:
      azure-asyncnotification:
      - Enabled
      azure-asyncoperation:
      - https://management.azure.com/subscriptions/00000000-0000-0000-0000-000000000000/providers/Microsoft.Network/locations/westus/operations/472d9b99-711f-4e57-a538-a6758ea675bc?api-version=2022-05-01
      cache-control:
      - no-cache
      content-length:
      - '527'
      content-type:
      - application/json; charset=utf-8
      date:
      - Wed, 15 Feb 2023 01:47:04 GMT
      expires:
      - '-1'
      pragma:
      - no-cache
      server:
      - Microsoft-HTTPAPI/2.0
      - Microsoft-HTTPAPI/2.0
      strict-transport-security:
      - max-age=31536000; includeSubDomains
      x-content-type-options:
      - nosniff
      x-ms-arm-service-request-id:
      - 601c811b-48ec-4ebb-b5fc-1c865a34f3b9
      x-ms-ratelimit-remaining-subscription-writes:
      - '1199'
    status:
      code: 201
      message: ''
- request:
    body: null
    headers:
      Accept:
      - '*/*'
      Accept-Encoding:
      - gzip, deflate
      CommandName:
      - network vhub route-map create
      Connection:
      - keep-alive
      ParameterSetName:
      - -n -g --vhub-name
      User-Agent:
      - AZURECLI/2.45.0 (AAZ) azsdk-python-core/1.24.0 Python/3.10.9 (Windows-10-10.0.22621-SP0)
    method: GET
    uri: https://management.azure.com/subscriptions/00000000-0000-0000-0000-000000000000/providers/Microsoft.Network/locations/westus/operations/472d9b99-711f-4e57-a538-a6758ea675bc?api-version=2022-05-01
  response:
    body:
      string: "{\r\n  \"status\": \"Succeeded\"\r\n}"
    headers:
      cache-control:
      - no-cache
      content-length:
      - '29'
      content-type:
      - application/json; charset=utf-8
      date:
      - Wed, 15 Feb 2023 01:47:14 GMT
      expires:
      - '-1'
      pragma:
      - no-cache
      server:
      - Microsoft-HTTPAPI/2.0
      - Microsoft-HTTPAPI/2.0
      strict-transport-security:
      - max-age=31536000; includeSubDomains
      transfer-encoding:
      - chunked
      vary:
      - Accept-Encoding
      x-content-type-options:
      - nosniff
      x-ms-arm-service-request-id:
      - d8242313-4d07-48a4-bde9-d778137b45b4
    status:
      code: 200
      message: ''
- request:
    body: null
    headers:
      Accept:
      - '*/*'
      Accept-Encoding:
      - gzip, deflate
      CommandName:
      - network vhub route-map create
      Connection:
      - keep-alive
      ParameterSetName:
      - -n -g --vhub-name
      User-Agent:
      - AZURECLI/2.45.0 (AAZ) azsdk-python-core/1.24.0 Python/3.10.9 (Windows-10-10.0.22621-SP0)
    method: GET
    uri: https://management.azure.com/subscriptions/00000000-0000-0000-0000-000000000000/resourceGroups/cli_test_vpn_gateway_connection_inbound_outbound_routemap000001/providers/Microsoft.Network/virtualHubs/vhub000003/routeMaps/routemap-000010?api-version=2022-05-01
  response:
    body:
      string: "{\r\n  \"name\": \"routemap-000010\",\r\n  \"id\": \"/subscriptions/00000000-0000-0000-0000-000000000000/resourceGroups/cli_test_vpn_gateway_connection_inbound_outbound_routemap000001/providers/Microsoft.Network/virtualHubs/vhub000003/routeMaps/routemap-000010\"\
        ,\r\n  \"etag\": \"W/\\\"b00146ff-fee1-4830-af58-d20df6e3fbf4\\\"\",\r\n \
        \ \"properties\": {\r\n    \"provisioningState\": \"Succeeded\",\r\n    \"\
        rules\": [],\r\n    \"associatedInboundConnections\": [],\r\n    \"associatedOutboundConnections\"\
        : []\r\n  },\r\n  \"type\": \"Microsoft.Network/virtualHubs/routeMaps\"\r\n\
        }"
    headers:
      cache-control:
      - no-cache
      content-length:
      - '528'
      content-type:
      - application/json; charset=utf-8
      date:
      - Wed, 15 Feb 2023 01:47:14 GMT
      etag:
      - W/"b00146ff-fee1-4830-af58-d20df6e3fbf4"
      expires:
      - '-1'
      pragma:
      - no-cache
      server:
      - Microsoft-HTTPAPI/2.0
      - Microsoft-HTTPAPI/2.0
      strict-transport-security:
      - max-age=31536000; includeSubDomains
      transfer-encoding:
      - chunked
      vary:
      - Accept-Encoding
      x-content-type-options:
      - nosniff
      x-ms-arm-service-request-id:
      - f28683ce-d3fa-40dd-bb51-f39b763f9261
    status:
      code: 200
      message: ''
- request:
    body: null
    headers:
      Accept:
      - application/json
      Accept-Encoding:
      - gzip, deflate
      CommandName:
      - network vpn-gateway create
      Connection:
      - keep-alive
      ParameterSetName:
      - -g --vhub --name
      User-Agent:
      - AZURECLI/2.45.0 azsdk-python-azure-mgmt-resource/22.0.0 Python/3.10.9 (Windows-10-10.0.22621-SP0)
    method: GET
    uri: https://management.azure.com/subscriptions/00000000-0000-0000-0000-000000000000/resourcegroups/cli_test_vpn_gateway_connection_inbound_outbound_routemap000001?api-version=2021-04-01
  response:
    body:
      string: '{"id":"/subscriptions/00000000-0000-0000-0000-000000000000/resourceGroups/cli_test_vpn_gateway_connection_inbound_outbound_routemap000001","name":"cli_test_vpn_gateway_connection_inbound_outbound_routemap000001","type":"Microsoft.Resources/resourceGroups","location":"westus","tags":{"product":"azurecli","cause":"automation","date":"2023-02-15T01:41:49Z"},"properties":{"provisioningState":"Succeeded"}}'
    headers:
      cache-control:
      - no-cache
      content-length:
      - '404'
      content-type:
      - application/json; charset=utf-8
      date:
      - Wed, 15 Feb 2023 01:47:16 GMT
      expires:
      - '-1'
      pragma:
      - no-cache
      strict-transport-security:
      - max-age=31536000; includeSubDomains
      vary:
      - Accept-Encoding
      x-content-type-options:
      - nosniff
    status:
      code: 200
      message: OK
- request:
    body: '{"location": "westus", "properties": {"virtualHub": {"id": "/subscriptions/00000000-0000-0000-0000-000000000000/resourceGroups/cli_test_vpn_gateway_connection_inbound_outbound_routemap000001/providers/Microsoft.Network/virtualHubs/vhub000003"}}}'
    headers:
      Accept:
      - application/json
      Accept-Encoding:
      - gzip, deflate
      CommandName:
      - network vpn-gateway create
      Connection:
      - keep-alive
      Content-Length:
      - '245'
      Content-Type:
      - application/json
      ParameterSetName:
      - -g --vhub --name
      User-Agent:
      - AZURECLI/2.45.0 (AAZ) azsdk-python-core/1.24.0 Python/3.10.9 (Windows-10-10.0.22621-SP0)
    method: PUT
    uri: https://management.azure.com/subscriptions/00000000-0000-0000-0000-000000000000/resourceGroups/cli_test_vpn_gateway_connection_inbound_outbound_routemap000001/providers/Microsoft.Network/vpnGateways/gateway000005?api-version=2022-05-01
  response:
    body:
      string: "{\r\n  \"name\": \"gateway000005\",\r\n  \"id\": \"/subscriptions/00000000-0000-0000-0000-000000000000/resourceGroups/cli_test_vpn_gateway_connection_inbound_outbound_routemap000001/providers/Microsoft.Network/vpnGateways/gateway000005\"\
        ,\r\n  \"etag\": \"W/\\\"e7c471be-75e9-49eb-81f6-5350fe1a202c\\\"\",\r\n \
        \ \"type\": \"Microsoft.Network/vpnGateways\",\r\n  \"location\": \"westus\"\
        ,\r\n  \"properties\": {\r\n    \"provisioningState\": \"Updating\",\r\n \
        \   \"connections\": [],\r\n    \"virtualHub\": {\r\n      \"id\": \"/subscriptions/00000000-0000-0000-0000-000000000000/resourceGroups/cli_test_vpn_gateway_connection_inbound_outbound_routemap000001/providers/Microsoft.Network/virtualHubs/vhub000003\"\
        \r\n    },\r\n    \"bgpSettings\": {\r\n      \"asn\": 65515,\r\n      \"\
        peerWeight\": 0\r\n    },\r\n    \"vpnGatewayScaleUnit\": 1,\r\n    \"packetCaptureDiagnosticState\"\
        : \"None\",\r\n    \"ipConfigurations\": [],\r\n    \"natRules\": [],\r\n\
        \    \"enableBgpRouteTranslationForNat\": false,\r\n    \"isRoutingPreferenceInternet\"\
        : false\r\n  }\r\n}"
    headers:
      azure-asyncnotification:
      - Enabled
      azure-asyncoperation:
      - https://management.azure.com/subscriptions/00000000-0000-0000-0000-000000000000/providers/Microsoft.Network/locations/westus/operations/81f6b0d2-9250-464e-b789-8b37b620a147?api-version=2022-05-01
      cache-control:
      - no-cache
      content-length:
      - '956'
      content-type:
      - application/json; charset=utf-8
      date:
      - Wed, 15 Feb 2023 01:47:22 GMT
      expires:
      - '-1'
      pragma:
      - no-cache
      server:
      - Microsoft-HTTPAPI/2.0
      - Microsoft-HTTPAPI/2.0
      strict-transport-security:
      - max-age=31536000; includeSubDomains
      x-content-type-options:
      - nosniff
      x-ms-arm-service-request-id:
      - 27ad31da-daef-41a0-877d-e4d665195784
      x-ms-ratelimit-remaining-subscription-writes:
      - '1199'
    status:
      code: 201
      message: Created
- request:
    body: null
    headers:
      Accept:
      - '*/*'
      Accept-Encoding:
      - gzip, deflate
      CommandName:
      - network vpn-gateway create
      Connection:
      - keep-alive
      ParameterSetName:
      - -g --vhub --name
      User-Agent:
      - AZURECLI/2.45.0 (AAZ) azsdk-python-core/1.24.0 Python/3.10.9 (Windows-10-10.0.22621-SP0)
    method: GET
    uri: https://management.azure.com/subscriptions/00000000-0000-0000-0000-000000000000/providers/Microsoft.Network/locations/westus/operations/81f6b0d2-9250-464e-b789-8b37b620a147?api-version=2022-05-01
  response:
    body:
      string: "{\r\n  \"status\": \"InProgress\"\r\n}"
    headers:
      cache-control:
      - no-cache
      content-length:
      - '30'
      content-type:
      - application/json; charset=utf-8
      date:
      - Wed, 15 Feb 2023 01:47:32 GMT
      expires:
      - '-1'
      pragma:
      - no-cache
      server:
      - Microsoft-HTTPAPI/2.0
      - Microsoft-HTTPAPI/2.0
      strict-transport-security:
      - max-age=31536000; includeSubDomains
      transfer-encoding:
      - chunked
      vary:
      - Accept-Encoding
      x-content-type-options:
      - nosniff
      x-ms-arm-service-request-id:
      - c2db1f71-d677-4ab0-ac36-32f0e03242e1
    status:
      code: 200
      message: OK
- request:
    body: null
    headers:
      Accept:
      - '*/*'
      Accept-Encoding:
      - gzip, deflate
      CommandName:
      - network vpn-gateway create
      Connection:
      - keep-alive
      ParameterSetName:
      - -g --vhub --name
      User-Agent:
      - AZURECLI/2.45.0 (AAZ) azsdk-python-core/1.24.0 Python/3.10.9 (Windows-10-10.0.22621-SP0)
    method: GET
    uri: https://management.azure.com/subscriptions/00000000-0000-0000-0000-000000000000/providers/Microsoft.Network/locations/westus/operations/81f6b0d2-9250-464e-b789-8b37b620a147?api-version=2022-05-01
  response:
    body:
      string: "{\r\n  \"status\": \"InProgress\"\r\n}"
    headers:
      cache-control:
      - no-cache
      content-length:
      - '30'
      content-type:
      - application/json; charset=utf-8
      date:
      - Wed, 15 Feb 2023 01:47:42 GMT
      expires:
      - '-1'
      pragma:
      - no-cache
      server:
      - Microsoft-HTTPAPI/2.0
      - Microsoft-HTTPAPI/2.0
      strict-transport-security:
      - max-age=31536000; includeSubDomains
      transfer-encoding:
      - chunked
      vary:
      - Accept-Encoding
      x-content-type-options:
      - nosniff
      x-ms-arm-service-request-id:
      - 63b15939-d511-4d7c-9112-f00c248e4188
    status:
      code: 200
      message: OK
- request:
    body: null
    headers:
      Accept:
      - '*/*'
      Accept-Encoding:
      - gzip, deflate
      CommandName:
      - network vpn-gateway create
      Connection:
      - keep-alive
      ParameterSetName:
      - -g --vhub --name
      User-Agent:
      - AZURECLI/2.45.0 (AAZ) azsdk-python-core/1.24.0 Python/3.10.9 (Windows-10-10.0.22621-SP0)
    method: GET
    uri: https://management.azure.com/subscriptions/00000000-0000-0000-0000-000000000000/providers/Microsoft.Network/locations/westus/operations/81f6b0d2-9250-464e-b789-8b37b620a147?api-version=2022-05-01
  response:
    body:
      string: "{\r\n  \"status\": \"InProgress\"\r\n}"
    headers:
      cache-control:
      - no-cache
      content-length:
      - '30'
      content-type:
      - application/json; charset=utf-8
      date:
      - Wed, 15 Feb 2023 01:48:03 GMT
      expires:
      - '-1'
      pragma:
      - no-cache
      server:
      - Microsoft-HTTPAPI/2.0
      - Microsoft-HTTPAPI/2.0
      strict-transport-security:
      - max-age=31536000; includeSubDomains
      transfer-encoding:
      - chunked
      vary:
      - Accept-Encoding
      x-content-type-options:
      - nosniff
      x-ms-arm-service-request-id:
      - 470712b3-0777-4a41-ba0a-84a3797d812a
    status:
      code: 200
      message: OK
- request:
    body: null
    headers:
      Accept:
      - '*/*'
      Accept-Encoding:
      - gzip, deflate
      CommandName:
      - network vpn-gateway create
      Connection:
      - keep-alive
      ParameterSetName:
      - -g --vhub --name
      User-Agent:
      - AZURECLI/2.45.0 (AAZ) azsdk-python-core/1.24.0 Python/3.10.9 (Windows-10-10.0.22621-SP0)
    method: GET
    uri: https://management.azure.com/subscriptions/00000000-0000-0000-0000-000000000000/providers/Microsoft.Network/locations/westus/operations/81f6b0d2-9250-464e-b789-8b37b620a147?api-version=2022-05-01
  response:
    body:
      string: "{\r\n  \"status\": \"InProgress\"\r\n}"
    headers:
      cache-control:
      - no-cache
      content-length:
      - '30'
      content-type:
      - application/json; charset=utf-8
      date:
      - Wed, 15 Feb 2023 01:48:24 GMT
      expires:
      - '-1'
      pragma:
      - no-cache
      server:
      - Microsoft-HTTPAPI/2.0
      - Microsoft-HTTPAPI/2.0
      strict-transport-security:
      - max-age=31536000; includeSubDomains
      transfer-encoding:
      - chunked
      vary:
      - Accept-Encoding
      x-content-type-options:
      - nosniff
      x-ms-arm-service-request-id:
      - d9c9e4b7-2be7-455e-a35a-999ab5f5bef1
    status:
      code: 200
      message: OK
- request:
    body: null
    headers:
      Accept:
      - '*/*'
      Accept-Encoding:
      - gzip, deflate
      CommandName:
      - network vpn-gateway create
      Connection:
      - keep-alive
      ParameterSetName:
      - -g --vhub --name
      User-Agent:
      - AZURECLI/2.45.0 (AAZ) azsdk-python-core/1.24.0 Python/3.10.9 (Windows-10-10.0.22621-SP0)
    method: GET
    uri: https://management.azure.com/subscriptions/00000000-0000-0000-0000-000000000000/providers/Microsoft.Network/locations/westus/operations/81f6b0d2-9250-464e-b789-8b37b620a147?api-version=2022-05-01
  response:
    body:
      string: "{\r\n  \"status\": \"InProgress\"\r\n}"
    headers:
      cache-control:
      - no-cache
      content-length:
      - '30'
      content-type:
      - application/json; charset=utf-8
      date:
      - Wed, 15 Feb 2023 01:49:03 GMT
      expires:
      - '-1'
      pragma:
      - no-cache
      server:
      - Microsoft-HTTPAPI/2.0
      - Microsoft-HTTPAPI/2.0
      strict-transport-security:
      - max-age=31536000; includeSubDomains
      transfer-encoding:
      - chunked
      vary:
      - Accept-Encoding
      x-content-type-options:
      - nosniff
      x-ms-arm-service-request-id:
      - 8097fc1f-214d-4d89-8304-9ca90fea3ab6
    status:
      code: 200
      message: ''
- request:
    body: null
    headers:
      Accept:
      - '*/*'
      Accept-Encoding:
      - gzip, deflate
      CommandName:
      - network vpn-gateway create
      Connection:
      - keep-alive
      ParameterSetName:
      - -g --vhub --name
      User-Agent:
      - AZURECLI/2.45.0 (AAZ) azsdk-python-core/1.24.0 Python/3.10.9 (Windows-10-10.0.22621-SP0)
    method: GET
    uri: https://management.azure.com/subscriptions/00000000-0000-0000-0000-000000000000/providers/Microsoft.Network/locations/westus/operations/81f6b0d2-9250-464e-b789-8b37b620a147?api-version=2022-05-01
  response:
    body:
      string: "{\r\n  \"status\": \"InProgress\"\r\n}"
    headers:
      cache-control:
      - no-cache
      content-length:
      - '30'
      content-type:
      - application/json; charset=utf-8
      date:
      - Wed, 15 Feb 2023 01:49:44 GMT
      expires:
      - '-1'
      pragma:
      - no-cache
      server:
      - Microsoft-HTTPAPI/2.0
      - Microsoft-HTTPAPI/2.0
      strict-transport-security:
      - max-age=31536000; includeSubDomains
      transfer-encoding:
      - chunked
      vary:
      - Accept-Encoding
      x-content-type-options:
      - nosniff
      x-ms-arm-service-request-id:
      - d2cc1609-0a1b-417d-a367-2201890ece16
    status:
      code: 200
      message: ''
- request:
    body: null
    headers:
      Accept:
      - '*/*'
      Accept-Encoding:
      - gzip, deflate
      CommandName:
      - network vpn-gateway create
      Connection:
      - keep-alive
      ParameterSetName:
      - -g --vhub --name
      User-Agent:
      - AZURECLI/2.45.0 (AAZ) azsdk-python-core/1.24.0 Python/3.10.9 (Windows-10-10.0.22621-SP0)
    method: GET
    uri: https://management.azure.com/subscriptions/00000000-0000-0000-0000-000000000000/providers/Microsoft.Network/locations/westus/operations/81f6b0d2-9250-464e-b789-8b37b620a147?api-version=2022-05-01
  response:
    body:
      string: "{\r\n  \"status\": \"InProgress\"\r\n}"
    headers:
      cache-control:
      - no-cache
      content-length:
      - '30'
      content-type:
      - application/json; charset=utf-8
      date:
      - Wed, 15 Feb 2023 01:51:04 GMT
      expires:
      - '-1'
      pragma:
      - no-cache
      server:
      - Microsoft-HTTPAPI/2.0
      - Microsoft-HTTPAPI/2.0
      strict-transport-security:
      - max-age=31536000; includeSubDomains
      transfer-encoding:
      - chunked
      vary:
      - Accept-Encoding
      x-content-type-options:
      - nosniff
      x-ms-arm-service-request-id:
      - 616786a0-f0d4-44c5-8633-2e23d721572e
    status:
      code: 200
      message: ''
- request:
    body: null
    headers:
      Accept:
      - '*/*'
      Accept-Encoding:
      - gzip, deflate
      CommandName:
      - network vpn-gateway create
      Connection:
      - keep-alive
      ParameterSetName:
      - -g --vhub --name
      User-Agent:
      - AZURECLI/2.45.0 (AAZ) azsdk-python-core/1.24.0 Python/3.10.9 (Windows-10-10.0.22621-SP0)
    method: GET
    uri: https://management.azure.com/subscriptions/00000000-0000-0000-0000-000000000000/providers/Microsoft.Network/locations/westus/operations/81f6b0d2-9250-464e-b789-8b37b620a147?api-version=2022-05-01
  response:
    body:
      string: "{\r\n  \"status\": \"InProgress\"\r\n}"
    headers:
      cache-control:
      - no-cache
      content-length:
      - '30'
      content-type:
      - application/json; charset=utf-8
      date:
      - Wed, 15 Feb 2023 01:53:46 GMT
      expires:
      - '-1'
      pragma:
      - no-cache
      server:
      - Microsoft-HTTPAPI/2.0
      - Microsoft-HTTPAPI/2.0
      strict-transport-security:
      - max-age=31536000; includeSubDomains
      transfer-encoding:
      - chunked
      vary:
      - Accept-Encoding
      x-content-type-options:
      - nosniff
      x-ms-arm-service-request-id:
      - 627d6402-a7a3-451d-a94e-2c1dfdf1b7bc
    status:
      code: 200
      message: ''
- request:
    body: null
    headers:
      Accept:
      - '*/*'
      Accept-Encoding:
      - gzip, deflate
      CommandName:
      - network vpn-gateway create
      Connection:
      - keep-alive
      ParameterSetName:
      - -g --vhub --name
      User-Agent:
      - AZURECLI/2.45.0 (AAZ) azsdk-python-core/1.24.0 Python/3.10.9 (Windows-10-10.0.22621-SP0)
    method: GET
    uri: https://management.azure.com/subscriptions/00000000-0000-0000-0000-000000000000/providers/Microsoft.Network/locations/westus/operations/81f6b0d2-9250-464e-b789-8b37b620a147?api-version=2022-05-01
  response:
    body:
      string: "{\r\n  \"status\": \"InProgress\"\r\n}"
    headers:
      cache-control:
      - no-cache
      content-length:
      - '30'
      content-type:
      - application/json; charset=utf-8
      date:
      - Wed, 15 Feb 2023 01:55:27 GMT
      expires:
      - '-1'
      pragma:
      - no-cache
      server:
      - Microsoft-HTTPAPI/2.0
      - Microsoft-HTTPAPI/2.0
      strict-transport-security:
      - max-age=31536000; includeSubDomains
      transfer-encoding:
      - chunked
      vary:
      - Accept-Encoding
      x-content-type-options:
      - nosniff
      x-ms-arm-service-request-id:
      - be26a7b6-3e3c-489d-bf02-1aae049978f5
    status:
      code: 200
      message: OK
- request:
    body: null
    headers:
      Accept:
      - '*/*'
      Accept-Encoding:
      - gzip, deflate
      CommandName:
      - network vpn-gateway create
      Connection:
      - keep-alive
      ParameterSetName:
      - -g --vhub --name
      User-Agent:
      - AZURECLI/2.45.0 (AAZ) azsdk-python-core/1.24.0 Python/3.10.9 (Windows-10-10.0.22621-SP0)
    method: GET
    uri: https://management.azure.com/subscriptions/00000000-0000-0000-0000-000000000000/providers/Microsoft.Network/locations/westus/operations/81f6b0d2-9250-464e-b789-8b37b620a147?api-version=2022-05-01
  response:
    body:
      string: "{\r\n  \"status\": \"InProgress\"\r\n}"
    headers:
      cache-control:
      - no-cache
      content-length:
      - '30'
      content-type:
      - application/json; charset=utf-8
      date:
      - Wed, 15 Feb 2023 01:57:07 GMT
      expires:
      - '-1'
      pragma:
      - no-cache
      server:
      - Microsoft-HTTPAPI/2.0
      - Microsoft-HTTPAPI/2.0
      strict-transport-security:
      - max-age=31536000; includeSubDomains
      transfer-encoding:
      - chunked
      vary:
      - Accept-Encoding
      x-content-type-options:
      - nosniff
      x-ms-arm-service-request-id:
      - 0c2b52ba-d07a-45b1-b9c7-d1f10d424fac
    status:
      code: 200
      message: ''
- request:
    body: null
    headers:
      Accept:
      - '*/*'
      Accept-Encoding:
      - gzip, deflate
      CommandName:
      - network vpn-gateway create
      Connection:
      - keep-alive
      ParameterSetName:
      - -g --vhub --name
      User-Agent:
      - AZURECLI/2.45.0 (AAZ) azsdk-python-core/1.24.0 Python/3.10.9 (Windows-10-10.0.22621-SP0)
    method: GET
    uri: https://management.azure.com/subscriptions/00000000-0000-0000-0000-000000000000/providers/Microsoft.Network/locations/westus/operations/81f6b0d2-9250-464e-b789-8b37b620a147?api-version=2022-05-01
  response:
    body:
      string: "{\r\n  \"status\": \"InProgress\"\r\n}"
    headers:
      cache-control:
      - no-cache
      content-length:
      - '30'
      content-type:
      - application/json; charset=utf-8
      date:
      - Wed, 15 Feb 2023 01:58:49 GMT
      expires:
      - '-1'
      pragma:
      - no-cache
      server:
      - Microsoft-HTTPAPI/2.0
      - Microsoft-HTTPAPI/2.0
      strict-transport-security:
      - max-age=31536000; includeSubDomains
      transfer-encoding:
      - chunked
      vary:
      - Accept-Encoding
      x-content-type-options:
      - nosniff
      x-ms-arm-service-request-id:
      - 9dfd1e59-8881-4c7f-8c12-3a8ddb9f5af6
    status:
      code: 200
      message: OK
- request:
    body: null
    headers:
      Accept:
      - '*/*'
      Accept-Encoding:
      - gzip, deflate
      CommandName:
      - network vpn-gateway create
      Connection:
      - keep-alive
      ParameterSetName:
      - -g --vhub --name
      User-Agent:
      - AZURECLI/2.45.0 (AAZ) azsdk-python-core/1.24.0 Python/3.10.9 (Windows-10-10.0.22621-SP0)
    method: GET
    uri: https://management.azure.com/subscriptions/00000000-0000-0000-0000-000000000000/providers/Microsoft.Network/locations/westus/operations/81f6b0d2-9250-464e-b789-8b37b620a147?api-version=2022-05-01
  response:
    body:
      string: "{\r\n  \"status\": \"InProgress\"\r\n}"
    headers:
      cache-control:
      - no-cache
      content-length:
      - '30'
      content-type:
      - application/json; charset=utf-8
      date:
      - Wed, 15 Feb 2023 02:00:28 GMT
      expires:
      - '-1'
      pragma:
      - no-cache
      server:
      - Microsoft-HTTPAPI/2.0
      - Microsoft-HTTPAPI/2.0
      strict-transport-security:
      - max-age=31536000; includeSubDomains
      transfer-encoding:
      - chunked
      vary:
      - Accept-Encoding
      x-content-type-options:
      - nosniff
      x-ms-arm-service-request-id:
      - 3adc30e1-6372-4f06-b128-58f55b1a3caa
    status:
      code: 200
      message: ''
- request:
    body: null
    headers:
      Accept:
      - '*/*'
      Accept-Encoding:
      - gzip, deflate
      CommandName:
      - network vpn-gateway create
      Connection:
      - keep-alive
      ParameterSetName:
      - -g --vhub --name
      User-Agent:
      - AZURECLI/2.45.0 (AAZ) azsdk-python-core/1.24.0 Python/3.10.9 (Windows-10-10.0.22621-SP0)
    method: GET
    uri: https://management.azure.com/subscriptions/00000000-0000-0000-0000-000000000000/providers/Microsoft.Network/locations/westus/operations/81f6b0d2-9250-464e-b789-8b37b620a147?api-version=2022-05-01
  response:
    body:
      string: "{\r\n  \"status\": \"InProgress\"\r\n}"
    headers:
      cache-control:
      - no-cache
      content-length:
      - '30'
      content-type:
      - application/json; charset=utf-8
      date:
      - Wed, 15 Feb 2023 02:02:09 GMT
      expires:
      - '-1'
      pragma:
      - no-cache
      server:
      - Microsoft-HTTPAPI/2.0
      - Microsoft-HTTPAPI/2.0
      strict-transport-security:
      - max-age=31536000; includeSubDomains
      transfer-encoding:
      - chunked
      vary:
      - Accept-Encoding
      x-content-type-options:
      - nosniff
      x-ms-arm-service-request-id:
      - db85b074-6916-49dd-b885-d5653d4da8e9
    status:
      code: 200
      message: ''
- request:
    body: null
    headers:
      Accept:
      - '*/*'
      Accept-Encoding:
      - gzip, deflate
      CommandName:
      - network vpn-gateway create
      Connection:
      - keep-alive
      ParameterSetName:
      - -g --vhub --name
      User-Agent:
      - AZURECLI/2.45.0 (AAZ) azsdk-python-core/1.24.0 Python/3.10.9 (Windows-10-10.0.22621-SP0)
    method: GET
    uri: https://management.azure.com/subscriptions/00000000-0000-0000-0000-000000000000/providers/Microsoft.Network/locations/westus/operations/81f6b0d2-9250-464e-b789-8b37b620a147?api-version=2022-05-01
  response:
    body:
      string: "{\r\n  \"status\": \"InProgress\"\r\n}"
    headers:
      cache-control:
      - no-cache
      content-length:
      - '30'
      content-type:
      - application/json; charset=utf-8
      date:
      - Wed, 15 Feb 2023 02:03:49 GMT
      expires:
      - '-1'
      pragma:
      - no-cache
      server:
      - Microsoft-HTTPAPI/2.0
      - Microsoft-HTTPAPI/2.0
      strict-transport-security:
      - max-age=31536000; includeSubDomains
      transfer-encoding:
      - chunked
      vary:
      - Accept-Encoding
      x-content-type-options:
      - nosniff
      x-ms-arm-service-request-id:
      - 052643f5-a118-45bf-a0a8-5b48a7074e35
    status:
      code: 200
      message: ''
- request:
    body: null
    headers:
      Accept:
      - '*/*'
      Accept-Encoding:
      - gzip, deflate
      CommandName:
      - network vpn-gateway create
      Connection:
      - keep-alive
      ParameterSetName:
      - -g --vhub --name
      User-Agent:
      - AZURECLI/2.45.0 (AAZ) azsdk-python-core/1.24.0 Python/3.10.9 (Windows-10-10.0.22621-SP0)
    method: GET
    uri: https://management.azure.com/subscriptions/00000000-0000-0000-0000-000000000000/providers/Microsoft.Network/locations/westus/operations/81f6b0d2-9250-464e-b789-8b37b620a147?api-version=2022-05-01
  response:
    body:
      string: "{\r\n  \"status\": \"InProgress\"\r\n}"
    headers:
      cache-control:
      - no-cache
      content-length:
      - '30'
      content-type:
      - application/json; charset=utf-8
      date:
      - Wed, 15 Feb 2023 02:05:31 GMT
      expires:
      - '-1'
      pragma:
      - no-cache
      server:
      - Microsoft-HTTPAPI/2.0
      - Microsoft-HTTPAPI/2.0
      strict-transport-security:
      - max-age=31536000; includeSubDomains
      transfer-encoding:
      - chunked
      vary:
      - Accept-Encoding
      x-content-type-options:
      - nosniff
      x-ms-arm-service-request-id:
      - d2bdc42b-ccee-4ce1-a084-c77e2e2cd222
    status:
      code: 200
      message: ''
- request:
    body: null
    headers:
      Accept:
      - '*/*'
      Accept-Encoding:
      - gzip, deflate
      CommandName:
      - network vpn-gateway create
      Connection:
      - keep-alive
      ParameterSetName:
      - -g --vhub --name
      User-Agent:
      - AZURECLI/2.45.0 (AAZ) azsdk-python-core/1.24.0 Python/3.10.9 (Windows-10-10.0.22621-SP0)
    method: GET
    uri: https://management.azure.com/subscriptions/00000000-0000-0000-0000-000000000000/providers/Microsoft.Network/locations/westus/operations/81f6b0d2-9250-464e-b789-8b37b620a147?api-version=2022-05-01
  response:
    body:
      string: "{\r\n  \"status\": \"InProgress\"\r\n}"
    headers:
      cache-control:
      - no-cache
      content-length:
      - '30'
      content-type:
      - application/json; charset=utf-8
      date:
      - Wed, 15 Feb 2023 02:07:11 GMT
      expires:
      - '-1'
      pragma:
      - no-cache
      server:
      - Microsoft-HTTPAPI/2.0
      - Microsoft-HTTPAPI/2.0
      strict-transport-security:
      - max-age=31536000; includeSubDomains
      transfer-encoding:
      - chunked
      vary:
      - Accept-Encoding
      x-content-type-options:
      - nosniff
      x-ms-arm-service-request-id:
      - aa4640ee-6368-48f6-a354-103f47b5f503
    status:
      code: 200
      message: ''
- request:
    body: null
    headers:
      Accept:
      - '*/*'
      Accept-Encoding:
      - gzip, deflate
      CommandName:
      - network vpn-gateway create
      Connection:
      - keep-alive
      ParameterSetName:
      - -g --vhub --name
      User-Agent:
      - AZURECLI/2.45.0 (AAZ) azsdk-python-core/1.24.0 Python/3.10.9 (Windows-10-10.0.22621-SP0)
    method: GET
    uri: https://management.azure.com/subscriptions/00000000-0000-0000-0000-000000000000/providers/Microsoft.Network/locations/westus/operations/81f6b0d2-9250-464e-b789-8b37b620a147?api-version=2022-05-01
  response:
    body:
      string: "{\r\n  \"status\": \"InProgress\"\r\n}"
    headers:
      cache-control:
      - no-cache
      content-length:
      - '30'
      content-type:
      - application/json; charset=utf-8
      date:
      - Wed, 15 Feb 2023 02:08:51 GMT
      expires:
      - '-1'
      pragma:
      - no-cache
      server:
      - Microsoft-HTTPAPI/2.0
      - Microsoft-HTTPAPI/2.0
      strict-transport-security:
      - max-age=31536000; includeSubDomains
      transfer-encoding:
      - chunked
      vary:
      - Accept-Encoding
      x-content-type-options:
      - nosniff
      x-ms-arm-service-request-id:
      - ce398277-5e25-44a4-b37a-26dffd2cba90
    status:
      code: 200
      message: ''
- request:
    body: null
    headers:
      Accept:
      - '*/*'
      Accept-Encoding:
      - gzip, deflate
      CommandName:
      - network vpn-gateway create
      Connection:
      - keep-alive
      ParameterSetName:
      - -g --vhub --name
      User-Agent:
      - AZURECLI/2.45.0 (AAZ) azsdk-python-core/1.24.0 Python/3.10.9 (Windows-10-10.0.22621-SP0)
    method: GET
    uri: https://management.azure.com/subscriptions/00000000-0000-0000-0000-000000000000/providers/Microsoft.Network/locations/westus/operations/81f6b0d2-9250-464e-b789-8b37b620a147?api-version=2022-05-01
  response:
    body:
      string: "{\r\n  \"status\": \"InProgress\"\r\n}"
    headers:
      cache-control:
      - no-cache
      content-length:
      - '30'
      content-type:
      - application/json; charset=utf-8
      date:
      - Wed, 15 Feb 2023 02:10:32 GMT
      expires:
      - '-1'
      pragma:
      - no-cache
      server:
      - Microsoft-HTTPAPI/2.0
      - Microsoft-HTTPAPI/2.0
      strict-transport-security:
      - max-age=31536000; includeSubDomains
      transfer-encoding:
      - chunked
      vary:
      - Accept-Encoding
      x-content-type-options:
      - nosniff
      x-ms-arm-service-request-id:
      - dbfbb0b0-dcce-4c22-a601-864020d7b3a5
    status:
      code: 200
      message: ''
- request:
    body: null
    headers:
      Accept:
      - '*/*'
      Accept-Encoding:
      - gzip, deflate
      CommandName:
      - network vpn-gateway create
      Connection:
      - keep-alive
      ParameterSetName:
      - -g --vhub --name
      User-Agent:
      - AZURECLI/2.45.0 (AAZ) azsdk-python-core/1.24.0 Python/3.10.9 (Windows-10-10.0.22621-SP0)
    method: GET
    uri: https://management.azure.com/subscriptions/00000000-0000-0000-0000-000000000000/providers/Microsoft.Network/locations/westus/operations/81f6b0d2-9250-464e-b789-8b37b620a147?api-version=2022-05-01
  response:
    body:
      string: "{\r\n  \"status\": \"InProgress\"\r\n}"
    headers:
      cache-control:
      - no-cache
      content-length:
      - '30'
      content-type:
      - application/json; charset=utf-8
      date:
      - Wed, 15 Feb 2023 02:12:12 GMT
      expires:
      - '-1'
      pragma:
      - no-cache
      server:
      - Microsoft-HTTPAPI/2.0
      - Microsoft-HTTPAPI/2.0
      strict-transport-security:
      - max-age=31536000; includeSubDomains
      transfer-encoding:
      - chunked
      vary:
      - Accept-Encoding
      x-content-type-options:
      - nosniff
      x-ms-arm-service-request-id:
      - d46d5550-ad9f-40f3-a99c-af972ae83ca6
    status:
      code: 200
      message: ''
- request:
    body: null
    headers:
      Accept:
      - '*/*'
      Accept-Encoding:
      - gzip, deflate
      CommandName:
      - network vpn-gateway create
      Connection:
      - keep-alive
      ParameterSetName:
      - -g --vhub --name
      User-Agent:
      - AZURECLI/2.45.0 (AAZ) azsdk-python-core/1.24.0 Python/3.10.9 (Windows-10-10.0.22621-SP0)
    method: GET
    uri: https://management.azure.com/subscriptions/00000000-0000-0000-0000-000000000000/providers/Microsoft.Network/locations/westus/operations/81f6b0d2-9250-464e-b789-8b37b620a147?api-version=2022-05-01
  response:
    body:
      string: "{\r\n  \"status\": \"InProgress\"\r\n}"
    headers:
      cache-control:
      - no-cache
      content-length:
      - '30'
      content-type:
      - application/json; charset=utf-8
      date:
      - Wed, 15 Feb 2023 02:13:52 GMT
      expires:
      - '-1'
      pragma:
      - no-cache
      server:
      - Microsoft-HTTPAPI/2.0
      - Microsoft-HTTPAPI/2.0
      strict-transport-security:
      - max-age=31536000; includeSubDomains
      transfer-encoding:
      - chunked
      vary:
      - Accept-Encoding
      x-content-type-options:
      - nosniff
      x-ms-arm-service-request-id:
      - 2540e0e7-88c9-4e20-b972-ea3d1a5356f0
    status:
      code: 200
      message: ''
- request:
    body: null
    headers:
      Accept:
      - '*/*'
      Accept-Encoding:
      - gzip, deflate
      CommandName:
      - network vpn-gateway create
      Connection:
      - keep-alive
      ParameterSetName:
      - -g --vhub --name
      User-Agent:
      - AZURECLI/2.45.0 (AAZ) azsdk-python-core/1.24.0 Python/3.10.9 (Windows-10-10.0.22621-SP0)
    method: GET
    uri: https://management.azure.com/subscriptions/00000000-0000-0000-0000-000000000000/providers/Microsoft.Network/locations/westus/operations/81f6b0d2-9250-464e-b789-8b37b620a147?api-version=2022-05-01
  response:
    body:
      string: "{\r\n  \"status\": \"InProgress\"\r\n}"
    headers:
      cache-control:
      - no-cache
      content-length:
      - '30'
      content-type:
      - application/json; charset=utf-8
      date:
      - Wed, 15 Feb 2023 02:15:33 GMT
      expires:
      - '-1'
      pragma:
      - no-cache
      server:
      - Microsoft-HTTPAPI/2.0
      - Microsoft-HTTPAPI/2.0
      strict-transport-security:
      - max-age=31536000; includeSubDomains
      transfer-encoding:
      - chunked
      vary:
      - Accept-Encoding
      x-content-type-options:
      - nosniff
      x-ms-arm-service-request-id:
      - cb450c0c-f6d3-4390-a66c-b699140e043d
    status:
      code: 200
      message: ''
- request:
    body: null
    headers:
      Accept:
      - '*/*'
      Accept-Encoding:
      - gzip, deflate
      CommandName:
      - network vpn-gateway create
      Connection:
      - keep-alive
      ParameterSetName:
      - -g --vhub --name
      User-Agent:
      - AZURECLI/2.45.0 (AAZ) azsdk-python-core/1.24.0 Python/3.10.9 (Windows-10-10.0.22621-SP0)
    method: GET
    uri: https://management.azure.com/subscriptions/00000000-0000-0000-0000-000000000000/providers/Microsoft.Network/locations/westus/operations/81f6b0d2-9250-464e-b789-8b37b620a147?api-version=2022-05-01
  response:
    body:
      string: "{\r\n  \"status\": \"Succeeded\"\r\n}"
    headers:
      cache-control:
      - no-cache
      content-length:
      - '29'
      content-type:
      - application/json; charset=utf-8
      date:
      - Wed, 15 Feb 2023 02:17:13 GMT
      expires:
      - '-1'
      pragma:
      - no-cache
      server:
      - Microsoft-HTTPAPI/2.0
      - Microsoft-HTTPAPI/2.0
      strict-transport-security:
      - max-age=31536000; includeSubDomains
      transfer-encoding:
      - chunked
      vary:
      - Accept-Encoding
      x-content-type-options:
      - nosniff
      x-ms-arm-service-request-id:
      - 6c5b6c06-6ca2-4ec9-b49a-28218e55486e
    status:
      code: 200
      message: ''
- request:
    body: null
    headers:
      Accept:
      - '*/*'
      Accept-Encoding:
      - gzip, deflate
      CommandName:
      - network vpn-gateway create
      Connection:
      - keep-alive
      ParameterSetName:
      - -g --vhub --name
      User-Agent:
      - AZURECLI/2.45.0 (AAZ) azsdk-python-core/1.24.0 Python/3.10.9 (Windows-10-10.0.22621-SP0)
    method: GET
    uri: https://management.azure.com/subscriptions/00000000-0000-0000-0000-000000000000/resourceGroups/cli_test_vpn_gateway_connection_inbound_outbound_routemap000001/providers/Microsoft.Network/vpnGateways/gateway000005?api-version=2022-05-01
  response:
    body:
      string: "{\r\n  \"name\": \"gateway000005\",\r\n  \"id\": \"/subscriptions/00000000-0000-0000-0000-000000000000/resourceGroups/cli_test_vpn_gateway_connection_inbound_outbound_routemap000001/providers/Microsoft.Network/vpnGateways/gateway000005\"\
        ,\r\n  \"etag\": \"W/\\\"6f125537-b310-45e5-9a75-6930a43b1a5a\\\"\",\r\n \
        \ \"type\": \"Microsoft.Network/vpnGateways\",\r\n  \"location\": \"westus\"\
        ,\r\n  \"properties\": {\r\n    \"provisioningState\": \"Succeeded\",\r\n\
        \    \"connections\": [],\r\n    \"virtualHub\": {\r\n      \"id\": \"/subscriptions/00000000-0000-0000-0000-000000000000/resourceGroups/cli_test_vpn_gateway_connection_inbound_outbound_routemap000001/providers/Microsoft.Network/virtualHubs/vhub000003\"\
        \r\n    },\r\n    \"bgpSettings\": {\r\n      \"asn\": 65515,\r\n      \"\
        peerWeight\": 0,\r\n      \"bgpPeeringAddresses\": [\r\n        {\r\n    \
        \      \"ipconfigurationId\": \"Instance0\",\r\n          \"defaultBgpIpAddresses\"\
        : [\r\n            \"10.0.1.12\"\r\n          ],\r\n          \"customBgpIpAddresses\"\
        : [],\r\n          \"tunnelIpAddresses\": [\r\n            \"104.42.35.80\"\
        ,\r\n            \"10.0.1.4\"\r\n          ]\r\n        },\r\n        {\r\n\
        \          \"ipconfigurationId\": \"Instance1\",\r\n          \"defaultBgpIpAddresses\"\
        : [\r\n            \"10.0.1.13\"\r\n          ],\r\n          \"customBgpIpAddresses\"\
        : [],\r\n          \"tunnelIpAddresses\": [\r\n            \"104.42.35.68\"\
        ,\r\n            \"10.0.1.5\"\r\n          ]\r\n        }\r\n      ]\r\n \
        \   },\r\n    \"vpnGatewayScaleUnit\": 1,\r\n    \"packetCaptureDiagnosticState\"\
        : \"None\",\r\n    \"ipConfigurations\": [\r\n      {\r\n        \"id\": \"\
        Instance0\",\r\n        \"publicIpAddress\": \"104.42.35.80\",\r\n       \
        \ \"privateIpAddress\": \"10.0.1.4\"\r\n      },\r\n      {\r\n        \"\
        id\": \"Instance1\",\r\n        \"publicIpAddress\": \"104.42.35.68\",\r\n\
        \        \"privateIpAddress\": \"10.0.1.5\"\r\n      }\r\n    ],\r\n    \"\
        natRules\": [],\r\n    \"enableBgpRouteTranslationForNat\": false,\r\n   \
        \ \"isRoutingPreferenceInternet\": false\r\n  }\r\n}"
    headers:
      cache-control:
      - no-cache
      content-length:
      - '1833'
      content-type:
      - application/json; charset=utf-8
      date:
      - Wed, 15 Feb 2023 02:17:15 GMT
      expires:
      - '-1'
      pragma:
      - no-cache
      server:
      - Microsoft-HTTPAPI/2.0
      - Microsoft-HTTPAPI/2.0
      strict-transport-security:
      - max-age=31536000; includeSubDomains
      transfer-encoding:
      - chunked
      vary:
      - Accept-Encoding
      x-content-type-options:
      - nosniff
      x-ms-arm-service-request-id:
      - de5dcac8-ad41-41f0-a57c-940549c0f82a
    status:
      code: 200
      message: ''
- request:
    body: null
    headers:
      Accept:
      - application/json
      Accept-Encoding:
      - gzip, deflate
      CommandName:
      - network vpn-site create
      Connection:
      - keep-alive
      ParameterSetName:
      - -g -n --ip-address --address-prefixes
      User-Agent:
      - AZURECLI/2.45.0 azsdk-python-azure-mgmt-resource/22.0.0 Python/3.10.9 (Windows-10-10.0.22621-SP0)
    method: GET
    uri: https://management.azure.com/subscriptions/00000000-0000-0000-0000-000000000000/resourcegroups/cli_test_vpn_gateway_connection_inbound_outbound_routemap000001?api-version=2021-04-01
  response:
    body:
      string: '{"id":"/subscriptions/00000000-0000-0000-0000-000000000000/resourceGroups/cli_test_vpn_gateway_connection_inbound_outbound_routemap000001","name":"cli_test_vpn_gateway_connection_inbound_outbound_routemap000001","type":"Microsoft.Resources/resourceGroups","location":"westus","tags":{"product":"azurecli","cause":"automation","date":"2023-02-15T01:41:49Z"},"properties":{"provisioningState":"Succeeded"}}'
    headers:
      cache-control:
      - no-cache
      content-length:
      - '404'
      content-type:
      - application/json; charset=utf-8
      date:
      - Wed, 15 Feb 2023 02:17:17 GMT
      expires:
      - '-1'
      pragma:
      - no-cache
      strict-transport-security:
      - max-age=31536000; includeSubDomains
      vary:
      - Accept-Encoding
      x-content-type-options:
      - nosniff
    status:
      code: 200
      message: OK
- request:
    body: '{"location": "westus", "properties": {"deviceProperties": {}, "ipAddress":
      "10.0.2.110", "addressSpace": {"addressPrefixes": ["10.0.2.0/24"]}}}'
    headers:
      Accept:
      - application/json
      Accept-Encoding:
      - gzip, deflate
      CommandName:
      - network vpn-site create
      Connection:
      - keep-alive
      Content-Length:
      - '143'
      Content-Type:
      - application/json
      ParameterSetName:
      - -g -n --ip-address --address-prefixes
      User-Agent:
      - AZURECLI/2.45.0 azsdk-python-azure-mgmt-network/22.2.0 Python/3.10.9 (Windows-10-10.0.22621-SP0)
    method: PUT
    uri: https://management.azure.com/subscriptions/00000000-0000-0000-0000-000000000000/resourceGroups/cli_test_vpn_gateway_connection_inbound_outbound_routemap000001/providers/Microsoft.Network/vpnSites/site000004?api-version=2022-07-01
  response:
    body:
      string: "{\r\n  \"name\": \"site000004\",\r\n  \"id\": \"/subscriptions/00000000-0000-0000-0000-000000000000/resourceGroups/cli_test_vpn_gateway_connection_inbound_outbound_routemap000001/providers/Microsoft.Network/vpnSites/site000004\"\
        ,\r\n  \"etag\": \"W/\\\"fd786db1-da5c-4175-8793-07c9eb61c07e\\\"\",\r\n \
        \ \"type\": \"Microsoft.Network/vpnSites\",\r\n  \"location\": \"westus\"\
        ,\r\n  \"properties\": {\r\n    \"provisioningState\": \"Updating\",\r\n \
        \   \"addressSpace\": {\r\n      \"addressPrefixes\": [\r\n        \"10.0.2.0/24\"\
        \r\n      ]\r\n    },\r\n    \"deviceProperties\": {\r\n      \"linkSpeedInMbps\"\
        : 0\r\n    },\r\n    \"isSecuritySite\": false,\r\n    \"o365Policy\": {\r\
        \n      \"breakOutCategories\": {\r\n        \"optimize\": false,\r\n    \
        \    \"allow\": false,\r\n        \"default\": false\r\n      }\r\n    },\r\
        \n    \"ipAddress\": \"10.0.2.110\"\r\n  }\r\n}"
    headers:
      azure-asyncnotification:
      - Enabled
      azure-asyncoperation:
      - https://management.azure.com/subscriptions/00000000-0000-0000-0000-000000000000/providers/Microsoft.Network/locations/westus/operations/b9d6f1e2-086f-4eb8-9aec-2c5cf64aa08b?api-version=2022-07-01
      cache-control:
      - no-cache
      content-length:
      - '768'
      content-type:
      - application/json; charset=utf-8
      date:
      - Wed, 15 Feb 2023 02:17:22 GMT
      expires:
      - '-1'
      pragma:
      - no-cache
      server:
      - Microsoft-HTTPAPI/2.0
      - Microsoft-HTTPAPI/2.0
      strict-transport-security:
      - max-age=31536000; includeSubDomains
      x-content-type-options:
      - nosniff
      x-ms-arm-service-request-id:
      - 206ddb47-da4f-4109-a765-892faa7d30c2
      x-ms-ratelimit-remaining-subscription-writes:
      - '1199'
    status:
      code: 201
      message: Created
- request:
    body: null
    headers:
      Accept:
      - '*/*'
      Accept-Encoding:
      - gzip, deflate
      CommandName:
      - network vpn-site create
      Connection:
      - keep-alive
      ParameterSetName:
      - -g -n --ip-address --address-prefixes
      User-Agent:
      - AZURECLI/2.45.0 azsdk-python-azure-mgmt-network/22.2.0 Python/3.10.9 (Windows-10-10.0.22621-SP0)
    method: GET
    uri: https://management.azure.com/subscriptions/00000000-0000-0000-0000-000000000000/providers/Microsoft.Network/locations/westus/operations/b9d6f1e2-086f-4eb8-9aec-2c5cf64aa08b?api-version=2022-07-01
  response:
    body:
      string: "{\r\n  \"status\": \"Succeeded\"\r\n}"
    headers:
      cache-control:
      - no-cache
      content-length:
      - '29'
      content-type:
      - application/json; charset=utf-8
      date:
      - Wed, 15 Feb 2023 02:17:33 GMT
      expires:
      - '-1'
      pragma:
      - no-cache
      server:
      - Microsoft-HTTPAPI/2.0
      - Microsoft-HTTPAPI/2.0
      strict-transport-security:
      - max-age=31536000; includeSubDomains
      x-content-type-options:
      - nosniff
      x-ms-arm-service-request-id:
      - 6d09b2f6-5873-43ed-84bd-da0492565fa6
    status:
      code: 200
      message: OK
- request:
    body: null
    headers:
      Accept:
      - '*/*'
      Accept-Encoding:
      - gzip, deflate
      CommandName:
      - network vpn-site create
      Connection:
      - keep-alive
      ParameterSetName:
      - -g -n --ip-address --address-prefixes
      User-Agent:
      - AZURECLI/2.45.0 azsdk-python-azure-mgmt-network/22.2.0 Python/3.10.9 (Windows-10-10.0.22621-SP0)
    method: GET
    uri: https://management.azure.com/subscriptions/00000000-0000-0000-0000-000000000000/resourceGroups/cli_test_vpn_gateway_connection_inbound_outbound_routemap000001/providers/Microsoft.Network/vpnSites/site000004?api-version=2022-07-01
  response:
    body:
      string: "{\r\n  \"name\": \"site000004\",\r\n  \"id\": \"/subscriptions/00000000-0000-0000-0000-000000000000/resourceGroups/cli_test_vpn_gateway_connection_inbound_outbound_routemap000001/providers/Microsoft.Network/vpnSites/site000004\"\
        ,\r\n  \"etag\": \"W/\\\"6565a226-cba0-476a-afba-1545d576763c\\\"\",\r\n \
        \ \"type\": \"Microsoft.Network/vpnSites\",\r\n  \"location\": \"westus\"\
        ,\r\n  \"properties\": {\r\n    \"provisioningState\": \"Succeeded\",\r\n\
        \    \"addressSpace\": {\r\n      \"addressPrefixes\": [\r\n        \"10.0.2.0/24\"\
        \r\n      ]\r\n    },\r\n    \"deviceProperties\": {\r\n      \"linkSpeedInMbps\"\
        : 0\r\n    },\r\n    \"isSecuritySite\": false,\r\n    \"o365Policy\": {\r\
        \n      \"breakOutCategories\": {\r\n        \"optimize\": false,\r\n    \
        \    \"allow\": false,\r\n        \"default\": false\r\n      }\r\n    },\r\
        \n    \"ipAddress\": \"10.0.2.110\"\r\n  }\r\n}"
    headers:
      cache-control:
      - no-cache
      content-length:
      - '769'
      content-type:
      - application/json; charset=utf-8
      date:
      - Wed, 15 Feb 2023 02:17:33 GMT
      etag:
      - W/"6565a226-cba0-476a-afba-1545d576763c"
      expires:
      - '-1'
      pragma:
      - no-cache
      server:
      - Microsoft-HTTPAPI/2.0
      - Microsoft-HTTPAPI/2.0
      strict-transport-security:
      - max-age=31536000; includeSubDomains
      x-content-type-options:
      - nosniff
      x-ms-arm-service-request-id:
      - 13f1e84b-584f-4526-9de1-92624de4aa54
    status:
      code: 200
      message: OK
- request:
    body: '{"name": "conn000006", "properties": {"remoteVpnSite": {"id": "/subscriptions/00000000-0000-0000-0000-000000000000/resourceGroups/cli_test_vpn_gateway_connection_inbound_outbound_routemap000001/providers/Microsoft.Network/vpnSites/site000004"},
      "routingConfiguration": {"propagatedRouteTables": {}, "inboundRouteMap": {"id":
      "/subscriptions/00000000-0000-0000-0000-000000000000/resourceGroups/cli_test_vpn_gateway_connection_inbound_outbound_routemap000001/providers/Microsoft.Network/virtualHubs/vhub000003/routeMaps/routemap-000007"},
      "outboundRouteMap": {"id": "/subscriptions/00000000-0000-0000-0000-000000000000/resourceGroups/cli_test_vpn_gateway_connection_inbound_outbound_routemap000001/providers/Microsoft.Network/virtualHubs/vhub000003/routeMaps/routemap-000008"}}}}'
    headers:
      Accept:
      - application/json
      Accept-Encoding:
      - gzip, deflate
      CommandName:
      - network vpn-gateway connection create
      Connection:
      - keep-alive
      Content-Length:
      - '777'
      Content-Type:
      - application/json
      ParameterSetName:
      - -g -n --gateway-name --remote-vpn-site --associated-inbound-routemap --associated-outbound-routemap
      User-Agent:
      - AZURECLI/2.45.0 azsdk-python-azure-mgmt-network/22.2.0 Python/3.10.9 (Windows-10-10.0.22621-SP0)
    method: PUT
    uri: https://management.azure.com/subscriptions/00000000-0000-0000-0000-000000000000/resourceGroups/cli_test_vpn_gateway_connection_inbound_outbound_routemap000001/providers/Microsoft.Network/vpnGateways/gateway000005/vpnConnections/conn000006?api-version=2022-07-01
  response:
    body:
      string: "{\r\n  \"name\": \"conn000006\",\r\n  \"id\": \"/subscriptions/00000000-0000-0000-0000-000000000000/resourceGroups/cli_test_vpn_gateway_connection_inbound_outbound_routemap000001/providers/Microsoft.Network/vpnGateways/gateway000005/vpnConnections/conn000006\"\
        ,\r\n  \"etag\": \"W/\\\"3947616f-1f3b-4d6c-a257-048b8be9c307\\\"\",\r\n \
        \ \"type\": \"Microsoft.Network/vpnGateways/vpnConnections\",\r\n  \"properties\"\
        : {\r\n    \"provisioningState\": \"Updating\",\r\n    \"routingConfiguration\"\
        : {\r\n      \"associatedRouteTable\": {\r\n        \"id\": \"/subscriptions/00000000-0000-0000-0000-000000000000/resourceGroups/cli_test_vpn_gateway_connection_inbound_outbound_routemap000001/providers/Microsoft.Network/virtualHubs/vhub000003/hubRouteTables/defaultRouteTable\"\
        \r\n      },\r\n      \"propagatedRouteTables\": {\r\n        \"labels\":\
        \ [\r\n          \"default\"\r\n        ],\r\n        \"ids\": [\r\n     \
        \     {\r\n            \"id\": \"/subscriptions/00000000-0000-0000-0000-000000000000/resourceGroups/cli_test_vpn_gateway_connection_inbound_outbound_routemap000001/providers/Microsoft.Network/virtualHubs/vhub000003/hubRouteTables/defaultRouteTable\"\
        \r\n          }\r\n        ]\r\n      },\r\n      \"inboundRouteMap\": {\r\
        \n        \"id\": \"/subscriptions/00000000-0000-0000-0000-000000000000/resourceGroups/cli_test_vpn_gateway_connection_inbound_outbound_routemap000001/providers/Microsoft.Network/virtualHubs/vhub000003/routeMaps/routemap-000007\"\
        \r\n      },\r\n      \"outboundRouteMap\": {\r\n        \"id\": \"/subscriptions/00000000-0000-0000-0000-000000000000/resourceGroups/cli_test_vpn_gateway_connection_inbound_outbound_routemap000001/providers/Microsoft.Network/virtualHubs/vhub000003/routeMaps/routemap-000008\"\
        \r\n      }\r\n    },\r\n    \"enableInternetSecurity\": false,\r\n    \"\
        remoteVpnSite\": {\r\n      \"id\": \"/subscriptions/00000000-0000-0000-0000-000000000000/resourceGroups/cli_test_vpn_gateway_connection_inbound_outbound_routemap000001/providers/Microsoft.Network/vpnSites/site000004\"\
        \r\n    },\r\n    \"ingressBytesTransferred\": 0,\r\n    \"egressBytesTransferred\"\
        : 0,\r\n    \"connectionBandwidth\": 10,\r\n    \"ipsecPolicies\": [],\r\n\
        \    \"vpnConnectionProtocolType\": \"IKEv2\",\r\n    \"enableBgp\": false,\r\
        \n    \"enableRateLimiting\": false,\r\n    \"useLocalAzureIpAddress\": false,\r\
        \n    \"usePolicyBasedTrafficSelectors\": false,\r\n    \"routingWeight\"\
        : 0\r\n  }\r\n}"
    headers:
      azure-asyncnotification:
      - Enabled
      azure-asyncoperation:
      - https://management.azure.com/subscriptions/00000000-0000-0000-0000-000000000000/providers/Microsoft.Network/locations/westus/operations/30eeee85-5047-49cf-9522-0170fa777c3f?api-version=2022-07-01
      cache-control:
      - no-cache
      content-length:
      - '2260'
      content-type:
      - application/json; charset=utf-8
      date:
      - Wed, 15 Feb 2023 02:17:36 GMT
      expires:
      - '-1'
      pragma:
      - no-cache
      server:
      - Microsoft-HTTPAPI/2.0
      - Microsoft-HTTPAPI/2.0
      strict-transport-security:
      - max-age=31536000; includeSubDomains
      x-content-type-options:
      - nosniff
      x-ms-arm-service-request-id:
      - 2629b0df-836c-4800-8ead-12adc13e574c
      x-ms-ratelimit-remaining-subscription-writes:
      - '1198'
    status:
      code: 201
      message: ''
- request:
    body: null
    headers:
      Accept:
      - '*/*'
      Accept-Encoding:
      - gzip, deflate
      CommandName:
      - network vpn-gateway connection create
      Connection:
      - keep-alive
      ParameterSetName:
      - -g -n --gateway-name --remote-vpn-site --associated-inbound-routemap --associated-outbound-routemap
      User-Agent:
      - AZURECLI/2.45.0 azsdk-python-azure-mgmt-network/22.2.0 Python/3.10.9 (Windows-10-10.0.22621-SP0)
    method: GET
    uri: https://management.azure.com/subscriptions/00000000-0000-0000-0000-000000000000/providers/Microsoft.Network/locations/westus/operations/30eeee85-5047-49cf-9522-0170fa777c3f?api-version=2022-07-01
  response:
    body:
      string: "{\r\n  \"status\": \"InProgress\"\r\n}"
    headers:
      cache-control:
      - no-cache
      content-length:
      - '30'
      content-type:
      - application/json; charset=utf-8
      date:
      - Wed, 15 Feb 2023 02:17:46 GMT
      expires:
      - '-1'
      pragma:
      - no-cache
      server:
      - Microsoft-HTTPAPI/2.0
      - Microsoft-HTTPAPI/2.0
      strict-transport-security:
      - max-age=31536000; includeSubDomains
      transfer-encoding:
      - chunked
      vary:
      - Accept-Encoding
      x-content-type-options:
      - nosniff
      x-ms-arm-service-request-id:
      - cd5ad9f9-9cd5-45d0-8925-2d7e10d81eb0
    status:
      code: 200
      message: ''
- request:
    body: null
    headers:
      Accept:
      - '*/*'
      Accept-Encoding:
      - gzip, deflate
      CommandName:
      - network vpn-gateway connection create
      Connection:
      - keep-alive
      ParameterSetName:
      - -g -n --gateway-name --remote-vpn-site --associated-inbound-routemap --associated-outbound-routemap
      User-Agent:
      - AZURECLI/2.45.0 azsdk-python-azure-mgmt-network/22.2.0 Python/3.10.9 (Windows-10-10.0.22621-SP0)
    method: GET
    uri: https://management.azure.com/subscriptions/00000000-0000-0000-0000-000000000000/providers/Microsoft.Network/locations/westus/operations/30eeee85-5047-49cf-9522-0170fa777c3f?api-version=2022-07-01
  response:
    body:
      string: "{\r\n  \"status\": \"InProgress\"\r\n}"
    headers:
      cache-control:
      - no-cache
      content-length:
      - '30'
      content-type:
      - application/json; charset=utf-8
      date:
      - Wed, 15 Feb 2023 02:17:57 GMT
      expires:
      - '-1'
      pragma:
      - no-cache
      server:
      - Microsoft-HTTPAPI/2.0
      - Microsoft-HTTPAPI/2.0
      strict-transport-security:
      - max-age=31536000; includeSubDomains
      transfer-encoding:
      - chunked
      vary:
      - Accept-Encoding
      x-content-type-options:
      - nosniff
      x-ms-arm-service-request-id:
      - ca6c21e8-c093-43aa-b85c-e35787459171
    status:
      code: 200
      message: ''
- request:
    body: null
    headers:
      Accept:
      - '*/*'
      Accept-Encoding:
      - gzip, deflate
      CommandName:
      - network vpn-gateway connection create
      Connection:
      - keep-alive
      ParameterSetName:
      - -g -n --gateway-name --remote-vpn-site --associated-inbound-routemap --associated-outbound-routemap
      User-Agent:
      - AZURECLI/2.45.0 azsdk-python-azure-mgmt-network/22.2.0 Python/3.10.9 (Windows-10-10.0.22621-SP0)
    method: GET
    uri: https://management.azure.com/subscriptions/00000000-0000-0000-0000-000000000000/providers/Microsoft.Network/locations/westus/operations/30eeee85-5047-49cf-9522-0170fa777c3f?api-version=2022-07-01
  response:
    body:
      string: "{\r\n  \"status\": \"InProgress\"\r\n}"
    headers:
      cache-control:
      - no-cache
      content-length:
      - '30'
      content-type:
      - application/json; charset=utf-8
      date:
      - Wed, 15 Feb 2023 02:18:18 GMT
      expires:
      - '-1'
      pragma:
      - no-cache
      server:
      - Microsoft-HTTPAPI/2.0
      - Microsoft-HTTPAPI/2.0
      strict-transport-security:
      - max-age=31536000; includeSubDomains
      transfer-encoding:
      - chunked
      vary:
      - Accept-Encoding
      x-content-type-options:
      - nosniff
      x-ms-arm-service-request-id:
      - 0022bead-31cb-4a3d-92a2-dcbcf57df891
    status:
      code: 200
      message: OK
- request:
    body: null
    headers:
      Accept:
      - '*/*'
      Accept-Encoding:
      - gzip, deflate
      CommandName:
      - network vpn-gateway connection create
      Connection:
      - keep-alive
      ParameterSetName:
      - -g -n --gateway-name --remote-vpn-site --associated-inbound-routemap --associated-outbound-routemap
      User-Agent:
      - AZURECLI/2.45.0 azsdk-python-azure-mgmt-network/22.2.0 Python/3.10.9 (Windows-10-10.0.22621-SP0)
    method: GET
    uri: https://management.azure.com/subscriptions/00000000-0000-0000-0000-000000000000/providers/Microsoft.Network/locations/westus/operations/30eeee85-5047-49cf-9522-0170fa777c3f?api-version=2022-07-01
  response:
    body:
      string: "{\r\n  \"status\": \"Succeeded\"\r\n}"
    headers:
      cache-control:
      - no-cache
      content-length:
      - '29'
      content-type:
      - application/json; charset=utf-8
      date:
      - Wed, 15 Feb 2023 02:18:58 GMT
      expires:
      - '-1'
      pragma:
      - no-cache
      server:
      - Microsoft-HTTPAPI/2.0
      - Microsoft-HTTPAPI/2.0
      strict-transport-security:
      - max-age=31536000; includeSubDomains
      transfer-encoding:
      - chunked
      vary:
      - Accept-Encoding
      x-content-type-options:
      - nosniff
      x-ms-arm-service-request-id:
      - b0b7a642-fc85-481c-afe9-579474a16d3d
    status:
      code: 200
      message: ''
- request:
    body: null
    headers:
      Accept:
      - '*/*'
      Accept-Encoding:
      - gzip, deflate
      CommandName:
      - network vpn-gateway connection create
      Connection:
      - keep-alive
      ParameterSetName:
      - -g -n --gateway-name --remote-vpn-site --associated-inbound-routemap --associated-outbound-routemap
      User-Agent:
      - AZURECLI/2.45.0 azsdk-python-azure-mgmt-network/22.2.0 Python/3.10.9 (Windows-10-10.0.22621-SP0)
    method: GET
    uri: https://management.azure.com/subscriptions/00000000-0000-0000-0000-000000000000/resourceGroups/cli_test_vpn_gateway_connection_inbound_outbound_routemap000001/providers/Microsoft.Network/vpnGateways/gateway000005/vpnConnections/conn000006?api-version=2022-07-01
  response:
    body:
      string: "{\r\n  \"name\": \"conn000006\",\r\n  \"id\": \"/subscriptions/00000000-0000-0000-0000-000000000000/resourceGroups/cli_test_vpn_gateway_connection_inbound_outbound_routemap000001/providers/Microsoft.Network/vpnGateways/gateway000005/vpnConnections/conn000006\"\
        ,\r\n  \"etag\": \"W/\\\"c93090f9-8dc6-4ddb-96b9-f5358f009a2a\\\"\",\r\n \
        \ \"type\": \"Microsoft.Network/vpnGateways/vpnConnections\",\r\n  \"properties\"\
        : {\r\n    \"provisioningState\": \"Succeeded\",\r\n    \"routingConfiguration\"\
        : {\r\n      \"associatedRouteTable\": {\r\n        \"id\": \"/subscriptions/00000000-0000-0000-0000-000000000000/resourceGroups/cli_test_vpn_gateway_connection_inbound_outbound_routemap000001/providers/Microsoft.Network/virtualHubs/vhub000003/hubRouteTables/defaultRouteTable\"\
        \r\n      },\r\n      \"propagatedRouteTables\": {\r\n        \"labels\":\
        \ [\r\n          \"default\"\r\n        ],\r\n        \"ids\": [\r\n     \
        \     {\r\n            \"id\": \"/subscriptions/00000000-0000-0000-0000-000000000000/resourceGroups/cli_test_vpn_gateway_connection_inbound_outbound_routemap000001/providers/Microsoft.Network/virtualHubs/vhub000003/hubRouteTables/defaultRouteTable\"\
        \r\n          }\r\n        ]\r\n      },\r\n      \"inboundRouteMap\": {\r\
        \n        \"id\": \"/subscriptions/00000000-0000-0000-0000-000000000000/resourceGroups/cli_test_vpn_gateway_connection_inbound_outbound_routemap000001/providers/Microsoft.Network/virtualHubs/vhub000003/routeMaps/routemap-000007\"\
        \r\n      },\r\n      \"outboundRouteMap\": {\r\n        \"id\": \"/subscriptions/00000000-0000-0000-0000-000000000000/resourceGroups/cli_test_vpn_gateway_connection_inbound_outbound_routemap000001/providers/Microsoft.Network/virtualHubs/vhub000003/routeMaps/routemap-000008\"\
        \r\n      }\r\n    },\r\n    \"enableInternetSecurity\": false,\r\n    \"\
        remoteVpnSite\": {\r\n      \"id\": \"/subscriptions/00000000-0000-0000-0000-000000000000/resourceGroups/cli_test_vpn_gateway_connection_inbound_outbound_routemap000001/providers/Microsoft.Network/vpnSites/site000004\"\
        \r\n    },\r\n    \"ingressBytesTransferred\": 0,\r\n    \"egressBytesTransferred\"\
        : 0,\r\n    \"connectionStatus\": \"Unknown\",\r\n    \"connectionBandwidth\"\
        : 10,\r\n    \"ipsecPolicies\": [],\r\n    \"vpnConnectionProtocolType\":\
        \ \"IKEv2\",\r\n    \"enableBgp\": false,\r\n    \"enableRateLimiting\": false,\r\
        \n    \"useLocalAzureIpAddress\": false,\r\n    \"usePolicyBasedTrafficSelectors\"\
        : false,\r\n    \"routingWeight\": 0\r\n  }\r\n}"
    headers:
      cache-control:
      - no-cache
      content-length:
      - '2297'
      content-type:
      - application/json; charset=utf-8
      date:
      - Wed, 15 Feb 2023 02:18:59 GMT
      expires:
      - '-1'
      pragma:
      - no-cache
      server:
      - Microsoft-HTTPAPI/2.0
      - Microsoft-HTTPAPI/2.0
      strict-transport-security:
      - max-age=31536000; includeSubDomains
      transfer-encoding:
      - chunked
      vary:
      - Accept-Encoding
      x-content-type-options:
      - nosniff
      x-ms-arm-service-request-id:
      - c7b85b2e-b9fb-4d2c-a3f6-13171e1717f1
    status:
      code: 200
      message: ''
- request:
    body: null
    headers:
      Accept:
      - application/json
      Accept-Encoding:
      - gzip, deflate
      CommandName:
      - network vpn-gateway connection update
      Connection:
      - keep-alive
      ParameterSetName:
      - -g -n --gateway-name --associated-inbound-routemap --associated-outbound-routemap
      User-Agent:
      - AZURECLI/2.45.0 azsdk-python-azure-mgmt-network/22.2.0 Python/3.10.9 (Windows-10-10.0.22621-SP0)
    method: GET
    uri: https://management.azure.com/subscriptions/00000000-0000-0000-0000-000000000000/resourceGroups/cli_test_vpn_gateway_connection_inbound_outbound_routemap000001/providers/Microsoft.Network/vpnGateways/gateway000005/vpnConnections/conn000006?api-version=2022-07-01
  response:
    body:
      string: "{\r\n  \"name\": \"conn000006\",\r\n  \"id\": \"/subscriptions/00000000-0000-0000-0000-000000000000/resourceGroups/cli_test_vpn_gateway_connection_inbound_outbound_routemap000001/providers/Microsoft.Network/vpnGateways/gateway000005/vpnConnections/conn000006\"\
        ,\r\n  \"etag\": \"W/\\\"c93090f9-8dc6-4ddb-96b9-f5358f009a2a\\\"\",\r\n \
        \ \"type\": \"Microsoft.Network/vpnGateways/vpnConnections\",\r\n  \"properties\"\
        : {\r\n    \"provisioningState\": \"Succeeded\",\r\n    \"routingConfiguration\"\
        : {\r\n      \"associatedRouteTable\": {\r\n        \"id\": \"/subscriptions/00000000-0000-0000-0000-000000000000/resourceGroups/cli_test_vpn_gateway_connection_inbound_outbound_routemap000001/providers/Microsoft.Network/virtualHubs/vhub000003/hubRouteTables/defaultRouteTable\"\
        \r\n      },\r\n      \"propagatedRouteTables\": {\r\n        \"labels\":\
        \ [\r\n          \"default\"\r\n        ],\r\n        \"ids\": [\r\n     \
        \     {\r\n            \"id\": \"/subscriptions/00000000-0000-0000-0000-000000000000/resourceGroups/cli_test_vpn_gateway_connection_inbound_outbound_routemap000001/providers/Microsoft.Network/virtualHubs/vhub000003/hubRouteTables/defaultRouteTable\"\
        \r\n          }\r\n        ]\r\n      },\r\n      \"inboundRouteMap\": {\r\
        \n        \"id\": \"/subscriptions/00000000-0000-0000-0000-000000000000/resourceGroups/cli_test_vpn_gateway_connection_inbound_outbound_routemap000001/providers/Microsoft.Network/virtualHubs/vhub000003/routeMaps/routemap-000007\"\
        \r\n      },\r\n      \"outboundRouteMap\": {\r\n        \"id\": \"/subscriptions/00000000-0000-0000-0000-000000000000/resourceGroups/cli_test_vpn_gateway_connection_inbound_outbound_routemap000001/providers/Microsoft.Network/virtualHubs/vhub000003/routeMaps/routemap-000008\"\
        \r\n      }\r\n    },\r\n    \"enableInternetSecurity\": false,\r\n    \"\
        remoteVpnSite\": {\r\n      \"id\": \"/subscriptions/00000000-0000-0000-0000-000000000000/resourceGroups/cli_test_vpn_gateway_connection_inbound_outbound_routemap000001/providers/Microsoft.Network/vpnSites/site000004\"\
        \r\n    },\r\n    \"ingressBytesTransferred\": 0,\r\n    \"egressBytesTransferred\"\
        : 0,\r\n    \"connectionStatus\": \"Unknown\",\r\n    \"connectionBandwidth\"\
        : 10,\r\n    \"ipsecPolicies\": [],\r\n    \"vpnConnectionProtocolType\":\
        \ \"IKEv2\",\r\n    \"enableBgp\": false,\r\n    \"enableRateLimiting\": false,\r\
        \n    \"useLocalAzureIpAddress\": false,\r\n    \"usePolicyBasedTrafficSelectors\"\
        : false,\r\n    \"routingWeight\": 0\r\n  }\r\n}"
    headers:
      cache-control:
      - no-cache
      content-length:
      - '2297'
      content-type:
      - application/json; charset=utf-8
      date:
      - Wed, 15 Feb 2023 02:19:02 GMT
      expires:
      - '-1'
      pragma:
      - no-cache
      server:
      - Microsoft-HTTPAPI/2.0
      - Microsoft-HTTPAPI/2.0
      strict-transport-security:
      - max-age=31536000; includeSubDomains
      transfer-encoding:
      - chunked
      vary:
      - Accept-Encoding
      x-content-type-options:
      - nosniff
      x-ms-arm-service-request-id:
      - e30b1019-9473-4037-89bb-e2ca07fa08e1
    status:
      code: 200
      message: ''
- request:
    body: '{"id": "/subscriptions/00000000-0000-0000-0000-000000000000/resourceGroups/cli_test_vpn_gateway_connection_inbound_outbound_routemap000001/providers/Microsoft.Network/vpnGateways/gateway000005/vpnConnections/conn000006",
      "name": "conn000006", "properties": {"remoteVpnSite": {"id": "/subscriptions/00000000-0000-0000-0000-000000000000/resourceGroups/cli_test_vpn_gateway_connection_inbound_outbound_routemap000001/providers/Microsoft.Network/vpnSites/site000004"},
      "routingWeight": 0, "vpnConnectionProtocolType": "IKEv2", "connectionBandwidth":
      10, "enableBgp": false, "usePolicyBasedTrafficSelectors": false, "ipsecPolicies":
      [], "enableRateLimiting": false, "enableInternetSecurity": false, "useLocalAzureIpAddress":
      false, "routingConfiguration": {"associatedRouteTable": {"id": "/subscriptions/00000000-0000-0000-0000-000000000000/resourceGroups/cli_test_vpn_gateway_connection_inbound_outbound_routemap000001/providers/Microsoft.Network/virtualHubs/vhub000003/hubRouteTables/defaultRouteTable"},
      "propagatedRouteTables": {"labels": ["default"], "ids": [{"id": "/subscriptions/00000000-0000-0000-0000-000000000000/resourceGroups/cli_test_vpn_gateway_connection_inbound_outbound_routemap000001/providers/Microsoft.Network/virtualHubs/vhub000003/hubRouteTables/defaultRouteTable"}]},
      "inboundRouteMap": {"id": "/subscriptions/00000000-0000-0000-0000-000000000000/resourceGroups/cli_test_vpn_gateway_connection_inbound_outbound_routemap000001/providers/Microsoft.Network/virtualHubs/vhub000003/routeMaps/routemap-000009"},
      "outboundRouteMap": {"id": "/subscriptions/00000000-0000-0000-0000-000000000000/resourceGroups/cli_test_vpn_gateway_connection_inbound_outbound_routemap000001/providers/Microsoft.Network/virtualHubs/vhub000003/routeMaps/routemap-000010"}}}}'
    headers:
      Accept:
      - application/json
      Accept-Encoding:
      - gzip, deflate
      CommandName:
      - network vpn-gateway connection update
      Connection:
      - keep-alive
      Content-Length:
      - '1765'
      Content-Type:
      - application/json
      ParameterSetName:
      - -g -n --gateway-name --associated-inbound-routemap --associated-outbound-routemap
      User-Agent:
      - AZURECLI/2.45.0 azsdk-python-azure-mgmt-network/22.2.0 Python/3.10.9 (Windows-10-10.0.22621-SP0)
    method: PUT
    uri: https://management.azure.com/subscriptions/00000000-0000-0000-0000-000000000000/resourceGroups/cli_test_vpn_gateway_connection_inbound_outbound_routemap000001/providers/Microsoft.Network/vpnGateways/gateway000005/vpnConnections/conn000006?api-version=2022-07-01
  response:
    body:
      string: "{\r\n  \"name\": \"conn000006\",\r\n  \"id\": \"/subscriptions/00000000-0000-0000-0000-000000000000/resourceGroups/cli_test_vpn_gateway_connection_inbound_outbound_routemap000001/providers/Microsoft.Network/vpnGateways/gateway000005/vpnConnections/conn000006\"\
        ,\r\n  \"etag\": \"W/\\\"dc3d1fbd-eb8d-4445-b0e8-3675fb6a4457\\\"\",\r\n \
        \ \"type\": \"Microsoft.Network/vpnGateways/vpnConnections\",\r\n  \"properties\"\
        : {\r\n    \"provisioningState\": \"Updating\",\r\n    \"routingConfiguration\"\
        : {\r\n      \"associatedRouteTable\": {\r\n        \"id\": \"/subscriptions/00000000-0000-0000-0000-000000000000/resourceGroups/cli_test_vpn_gateway_connection_inbound_outbound_routemap000001/providers/Microsoft.Network/virtualHubs/vhub000003/hubRouteTables/defaultRouteTable\"\
        \r\n      },\r\n      \"propagatedRouteTables\": {\r\n        \"labels\":\
        \ [\r\n          \"default\"\r\n        ],\r\n        \"ids\": [\r\n     \
        \     {\r\n            \"id\": \"/subscriptions/00000000-0000-0000-0000-000000000000/resourceGroups/cli_test_vpn_gateway_connection_inbound_outbound_routemap000001/providers/Microsoft.Network/virtualHubs/vhub000003/hubRouteTables/defaultRouteTable\"\
        \r\n          }\r\n        ]\r\n      },\r\n      \"inboundRouteMap\": {\r\
        \n        \"id\": \"/subscriptions/00000000-0000-0000-0000-000000000000/resourceGroups/cli_test_vpn_gateway_connection_inbound_outbound_routemap000001/providers/Microsoft.Network/virtualHubs/vhub000003/routeMaps/routemap-000009\"\
        \r\n      },\r\n      \"outboundRouteMap\": {\r\n        \"id\": \"/subscriptions/00000000-0000-0000-0000-000000000000/resourceGroups/cli_test_vpn_gateway_connection_inbound_outbound_routemap000001/providers/Microsoft.Network/virtualHubs/vhub000003/routeMaps/routemap-000010\"\
        \r\n      }\r\n    },\r\n    \"enableInternetSecurity\": false,\r\n    \"\
        remoteVpnSite\": {\r\n      \"id\": \"/subscriptions/00000000-0000-0000-0000-000000000000/resourceGroups/cli_test_vpn_gateway_connection_inbound_outbound_routemap000001/providers/Microsoft.Network/vpnSites/site000004\"\
        \r\n    },\r\n    \"ingressBytesTransferred\": 0,\r\n    \"egressBytesTransferred\"\
        : 0,\r\n    \"connectionBandwidth\": 10,\r\n    \"ipsecPolicies\": [],\r\n\
        \    \"vpnConnectionProtocolType\": \"IKEv2\",\r\n    \"enableBgp\": false,\r\
        \n    \"enableRateLimiting\": false,\r\n    \"useLocalAzureIpAddress\": false,\r\
        \n    \"usePolicyBasedTrafficSelectors\": false,\r\n    \"routingWeight\"\
        : 0\r\n  }\r\n}"
    headers:
      azure-asyncnotification:
      - Enabled
      azure-asyncoperation:
      - https://management.azure.com/subscriptions/00000000-0000-0000-0000-000000000000/providers/Microsoft.Network/locations/westus/operations/32e0eb32-cc7b-4a0d-93d1-28382b67c370?api-version=2022-07-01
      cache-control:
      - no-cache
      content-length:
      - '2260'
      content-type:
      - application/json; charset=utf-8
      date:
      - Wed, 15 Feb 2023 02:19:04 GMT
      expires:
      - '-1'
      pragma:
      - no-cache
      server:
      - Microsoft-HTTPAPI/2.0
      - Microsoft-HTTPAPI/2.0
      strict-transport-security:
      - max-age=31536000; includeSubDomains
      transfer-encoding:
      - chunked
      vary:
      - Accept-Encoding
      x-content-type-options:
      - nosniff
      x-ms-arm-service-request-id:
      - f4881a1e-5178-4bea-b21c-3f8923b9549f
      x-ms-ratelimit-remaining-subscription-writes:
      - '1197'
    status:
      code: 200
      message: ''
- request:
    body: null
    headers:
      Accept:
      - '*/*'
      Accept-Encoding:
      - gzip, deflate
      CommandName:
      - network vpn-gateway connection update
      Connection:
      - keep-alive
      ParameterSetName:
      - -g -n --gateway-name --associated-inbound-routemap --associated-outbound-routemap
      User-Agent:
      - AZURECLI/2.45.0 azsdk-python-azure-mgmt-network/22.2.0 Python/3.10.9 (Windows-10-10.0.22621-SP0)
    method: GET
    uri: https://management.azure.com/subscriptions/00000000-0000-0000-0000-000000000000/providers/Microsoft.Network/locations/westus/operations/32e0eb32-cc7b-4a0d-93d1-28382b67c370?api-version=2022-07-01
  response:
    body:
      string: "{\r\n  \"status\": \"InProgress\"\r\n}"
    headers:
      cache-control:
      - no-cache
      content-length:
      - '30'
      content-type:
      - application/json; charset=utf-8
      date:
      - Wed, 15 Feb 2023 02:19:15 GMT
      expires:
      - '-1'
      pragma:
      - no-cache
      server:
      - Microsoft-HTTPAPI/2.0
      - Microsoft-HTTPAPI/2.0
      strict-transport-security:
      - max-age=31536000; includeSubDomains
      transfer-encoding:
      - chunked
      vary:
      - Accept-Encoding
      x-content-type-options:
      - nosniff
      x-ms-arm-service-request-id:
      - 6ecae947-c2f9-4fe0-b76b-d845dda7144f
    status:
      code: 200
      message: ''
- request:
    body: null
    headers:
      Accept:
      - '*/*'
      Accept-Encoding:
      - gzip, deflate
      CommandName:
      - network vpn-gateway connection update
      Connection:
      - keep-alive
      ParameterSetName:
      - -g -n --gateway-name --associated-inbound-routemap --associated-outbound-routemap
      User-Agent:
      - AZURECLI/2.45.0 azsdk-python-azure-mgmt-network/22.2.0 Python/3.10.9 (Windows-10-10.0.22621-SP0)
    method: GET
    uri: https://management.azure.com/subscriptions/00000000-0000-0000-0000-000000000000/providers/Microsoft.Network/locations/westus/operations/32e0eb32-cc7b-4a0d-93d1-28382b67c370?api-version=2022-07-01
  response:
    body:
      string: "{\r\n  \"status\": \"Succeeded\"\r\n}"
    headers:
      cache-control:
      - no-cache
      content-length:
      - '29'
      content-type:
      - application/json; charset=utf-8
      date:
      - Wed, 15 Feb 2023 02:19:25 GMT
      expires:
      - '-1'
      pragma:
      - no-cache
      server:
      - Microsoft-HTTPAPI/2.0
      - Microsoft-HTTPAPI/2.0
      strict-transport-security:
      - max-age=31536000; includeSubDomains
      transfer-encoding:
      - chunked
      vary:
      - Accept-Encoding
      x-content-type-options:
      - nosniff
      x-ms-arm-service-request-id:
      - ad6925ea-6d18-4e7b-9f21-6d837e5af83e
    status:
      code: 200
      message: ''
- request:
    body: null
    headers:
      Accept:
      - '*/*'
      Accept-Encoding:
      - gzip, deflate
      CommandName:
      - network vpn-gateway connection update
      Connection:
      - keep-alive
      ParameterSetName:
      - -g -n --gateway-name --associated-inbound-routemap --associated-outbound-routemap
      User-Agent:
      - AZURECLI/2.45.0 azsdk-python-azure-mgmt-network/22.2.0 Python/3.10.9 (Windows-10-10.0.22621-SP0)
    method: GET
    uri: https://management.azure.com/subscriptions/00000000-0000-0000-0000-000000000000/resourceGroups/cli_test_vpn_gateway_connection_inbound_outbound_routemap000001/providers/Microsoft.Network/vpnGateways/gateway000005/vpnConnections/conn000006?api-version=2022-07-01
  response:
    body:
      string: "{\r\n  \"name\": \"conn000006\",\r\n  \"id\": \"/subscriptions/00000000-0000-0000-0000-000000000000/resourceGroups/cli_test_vpn_gateway_connection_inbound_outbound_routemap000001/providers/Microsoft.Network/vpnGateways/gateway000005/vpnConnections/conn000006\"\
        ,\r\n  \"etag\": \"W/\\\"e8bc8063-2e16-439f-a6d3-ffe56a7c469c\\\"\",\r\n \
        \ \"type\": \"Microsoft.Network/vpnGateways/vpnConnections\",\r\n  \"properties\"\
        : {\r\n    \"provisioningState\": \"Succeeded\",\r\n    \"routingConfiguration\"\
        : {\r\n      \"associatedRouteTable\": {\r\n        \"id\": \"/subscriptions/00000000-0000-0000-0000-000000000000/resourceGroups/cli_test_vpn_gateway_connection_inbound_outbound_routemap000001/providers/Microsoft.Network/virtualHubs/vhub000003/hubRouteTables/defaultRouteTable\"\
        \r\n      },\r\n      \"propagatedRouteTables\": {\r\n        \"labels\":\
        \ [\r\n          \"default\"\r\n        ],\r\n        \"ids\": [\r\n     \
        \     {\r\n            \"id\": \"/subscriptions/00000000-0000-0000-0000-000000000000/resourceGroups/cli_test_vpn_gateway_connection_inbound_outbound_routemap000001/providers/Microsoft.Network/virtualHubs/vhub000003/hubRouteTables/defaultRouteTable\"\
        \r\n          }\r\n        ]\r\n      },\r\n      \"inboundRouteMap\": {\r\
        \n        \"id\": \"/subscriptions/00000000-0000-0000-0000-000000000000/resourceGroups/cli_test_vpn_gateway_connection_inbound_outbound_routemap000001/providers/Microsoft.Network/virtualHubs/vhub000003/routeMaps/routemap-000009\"\
        \r\n      },\r\n      \"outboundRouteMap\": {\r\n        \"id\": \"/subscriptions/00000000-0000-0000-0000-000000000000/resourceGroups/cli_test_vpn_gateway_connection_inbound_outbound_routemap000001/providers/Microsoft.Network/virtualHubs/vhub000003/routeMaps/routemap-000010\"\
        \r\n      }\r\n    },\r\n    \"enableInternetSecurity\": false,\r\n    \"\
        remoteVpnSite\": {\r\n      \"id\": \"/subscriptions/00000000-0000-0000-0000-000000000000/resourceGroups/cli_test_vpn_gateway_connection_inbound_outbound_routemap000001/providers/Microsoft.Network/vpnSites/site000004\"\
        \r\n    },\r\n    \"ingressBytesTransferred\": 0,\r\n    \"egressBytesTransferred\"\
        : 0,\r\n    \"connectionStatus\": \"Unknown\",\r\n    \"connectionBandwidth\"\
        : 10,\r\n    \"ipsecPolicies\": [],\r\n    \"vpnConnectionProtocolType\":\
        \ \"IKEv2\",\r\n    \"enableBgp\": false,\r\n    \"enableRateLimiting\": false,\r\
        \n    \"useLocalAzureIpAddress\": false,\r\n    \"usePolicyBasedTrafficSelectors\"\
        : false,\r\n    \"routingWeight\": 0\r\n  }\r\n}"
    headers:
      cache-control:
      - no-cache
      content-length:
      - '2297'
      content-type:
      - application/json; charset=utf-8
      date:
      - Wed, 15 Feb 2023 02:19:26 GMT
      expires:
      - '-1'
      pragma:
      - no-cache
      server:
      - Microsoft-HTTPAPI/2.0
      - Microsoft-HTTPAPI/2.0
      strict-transport-security:
      - max-age=31536000; includeSubDomains
      transfer-encoding:
      - chunked
      vary:
      - Accept-Encoding
      x-content-type-options:
      - nosniff
      x-ms-arm-service-request-id:
      - e42bb63c-acf6-4165-b21d-ff4f0c10b121
    status:
      code: 200
      message: ''
version: 1
