interactions:
- request:
    body: null
    headers:
      Accept:
      - application/json
      Accept-Encoding:
      - gzip, deflate
      CommandName:
      - network vhub route-table create
      Connection:
      - keep-alive
      ParameterSetName:
      - -n -g --vhub-name --attachments --destination-type --destinations --next-hop-type
        --next-hops
      User-Agent:
      - python/3.7.4 (Windows-10-10.0.18362-SP0) msrest/0.6.10 msrest_azure/0.6.2
        azure-mgmt-resource/4.0.0 Azure-SDK-For-Python AZURECLI/2.0.75
      accept-language:
      - en-US
    method: GET
    uri: https://management.azure.com/subscriptions/00000000-0000-0000-0000-000000000000/resourcegroups/1015?api-version=2019-05-10
  response:
    body:
      string: '{"id":"/subscriptions/00000000-0000-0000-0000-000000000000/resourceGroups/1015","name":"1015","type":"Microsoft.Resources/resourceGroups","location":"centralus","properties":{"provisioningState":"Succeeded"}}'
    headers:
      cache-control:
      - no-cache
      content-length:
      - '208'
      content-type:
      - application/json; charset=utf-8
      date:
      - Wed, 23 Oct 2019 06:48:48 GMT
      expires:
      - '-1'
      pragma:
      - no-cache
      strict-transport-security:
      - max-age=31536000; includeSubDomains
      vary:
      - Accept-Encoding
      x-content-type-options:
      - nosniff
    status:
      code: 200
      message: OK
- request:
    body: '{"properties": {"routes": [{"destinationType": "CIDR", "destinations":
      ["10.4.0.0/16", "10.6.0.0/16"], "nextHopType": "IPAddress", "nextHops": ["10.0.0.68"]}],
      "attachedConnections": ["All_Vnets"]}}'
    headers:
      Accept:
      - application/json
      Accept-Encoding:
      - gzip, deflate
      CommandName:
      - network vhub route-table create
      Connection:
      - keep-alive
      Content-Length:
      - '198'
      Content-Type:
      - application/json; charset=utf-8
      ParameterSetName:
      - -n -g --vhub-name --attachments --destination-type --destinations --next-hop-type
        --next-hops
      User-Agent:
      - python/3.7.4 (Windows-10-10.0.18362-SP0) msrest/0.6.10 msrest_azure/0.6.2
        azure-mgmt-network/6.0.0 Azure-SDK-For-Python AZURECLI/2.0.75
      accept-language:
      - en-US
    method: PUT
    uri: https://management.azure.com/subscriptions/00000000-0000-0000-0000-000000000000/resourceGroups/1015/providers/Microsoft.Network/virtualHubs/myclitestvhub/routeTables/testroutetable?api-version=2019-09-01
  response:
    body:
      string: "{\r\n  \"name\": \"testroutetable\",\r\n  \"id\": \"/subscriptions/00000000-0000-0000-0000-000000000000/resourceGroups/1015/providers/Microsoft.Network/virtualHubs/myclitestvhub/routeTables/testroutetable\",\r\n
        \ \"etag\": \"W/\\\"57e7de4f-b05a-4e8b-a5d4-a66507188d91\\\"\",\r\n  \"properties\":
        {\r\n    \"provisioningState\": \"Updating\",\r\n    \"routes\": [\r\n      {\r\n
        \       \"destinationType\": \"CIDR\",\r\n        \"destinations\": [\r\n
        \         \"10.4.0.0/16\",\r\n          \"10.6.0.0/16\"\r\n        ],\r\n
        \       \"nextHopType\": \"IPAddress\",\r\n        \"nextHops\": [\r\n          \"10.0.0.68\"\r\n
        \       ]\r\n      }\r\n    ],\r\n    \"attachedConnections\": [\r\n      \"All_Vnets\"\r\n
        \   ]\r\n  },\r\n  \"type\": \"Microsoft.Network/virtualHubs/routeTables\"\r\n}"
    headers:
      azure-asyncoperation:
      - https://management.azure.com/subscriptions/00000000-0000-0000-0000-000000000000/providers/Microsoft.Network/locations/southcentralus/operations/8b139694-3b1d-40c9-ac59-ae1c570be24c?api-version=2019-09-01
      cache-control:
      - no-cache
      content-length:
      - '692'
      content-type:
      - application/json; charset=utf-8
      date:
      - Wed, 23 Oct 2019 06:48:49 GMT
      expires:
      - '-1'
      pragma:
      - no-cache
      server:
      - Microsoft-HTTPAPI/2.0
      - Microsoft-HTTPAPI/2.0
      strict-transport-security:
      - max-age=31536000; includeSubDomains
      x-content-type-options:
      - nosniff
      x-ms-arm-service-request-id:
      - 139d09ef-7b4b-46ba-b290-8388957e692e
      x-ms-ratelimit-remaining-subscription-writes:
      - '1199'
    status:
      code: 201
      message: Created
- request:
    body: null
    headers:
      Accept:
      - application/json
      Accept-Encoding:
      - gzip, deflate
      CommandName:
      - network vhub route-table create
      Connection:
      - keep-alive
      ParameterSetName:
      - -n -g --vhub-name --attachments --destination-type --destinations --next-hop-type
        --next-hops
      User-Agent:
      - python/3.7.4 (Windows-10-10.0.18362-SP0) msrest/0.6.10 msrest_azure/0.6.2
        azure-mgmt-network/6.0.0 Azure-SDK-For-Python AZURECLI/2.0.75
    method: GET
    uri: https://management.azure.com/subscriptions/00000000-0000-0000-0000-000000000000/providers/Microsoft.Network/locations/southcentralus/operations/8b139694-3b1d-40c9-ac59-ae1c570be24c?api-version=2019-09-01
  response:
    body:
      string: "{\r\n  \"status\": \"InProgress\"\r\n}"
    headers:
      cache-control:
      - no-cache
      content-length:
      - '30'
      content-type:
      - application/json; charset=utf-8
      date:
      - Wed, 23 Oct 2019 06:49:00 GMT
      expires:
      - '-1'
      pragma:
      - no-cache
      server:
      - Microsoft-HTTPAPI/2.0
      - Microsoft-HTTPAPI/2.0
      strict-transport-security:
      - max-age=31536000; includeSubDomains
      transfer-encoding:
      - chunked
      vary:
      - Accept-Encoding
      x-content-type-options:
      - nosniff
      x-ms-arm-service-request-id:
      - b640a8d6-bb41-4c85-9888-0c5b511b1e24
    status:
      code: 200
      message: OK
- request:
    body: null
    headers:
      Accept:
      - application/json
      Accept-Encoding:
      - gzip, deflate
      CommandName:
      - network vhub route-table create
      Connection:
      - keep-alive
      ParameterSetName:
      - -n -g --vhub-name --attachments --destination-type --destinations --next-hop-type
        --next-hops
      User-Agent:
      - python/3.7.4 (Windows-10-10.0.18362-SP0) msrest/0.6.10 msrest_azure/0.6.2
        azure-mgmt-network/6.0.0 Azure-SDK-For-Python AZURECLI/2.0.75
    method: GET
    uri: https://management.azure.com/subscriptions/00000000-0000-0000-0000-000000000000/providers/Microsoft.Network/locations/southcentralus/operations/8b139694-3b1d-40c9-ac59-ae1c570be24c?api-version=2019-09-01
  response:
    body:
      string: "{\r\n  \"status\": \"InProgress\"\r\n}"
    headers:
      cache-control:
      - no-cache
      content-length:
      - '30'
      content-type:
      - application/json; charset=utf-8
      date:
      - Wed, 23 Oct 2019 06:49:11 GMT
      expires:
      - '-1'
      pragma:
      - no-cache
      server:
      - Microsoft-HTTPAPI/2.0
      - Microsoft-HTTPAPI/2.0
      strict-transport-security:
      - max-age=31536000; includeSubDomains
      transfer-encoding:
      - chunked
      vary:
      - Accept-Encoding
      x-content-type-options:
      - nosniff
      x-ms-arm-service-request-id:
      - e30f191f-2d5d-40cd-9a23-d45deb073d1e
    status:
      code: 200
      message: OK
- request:
    body: null
    headers:
      Accept:
      - application/json
      Accept-Encoding:
      - gzip, deflate
      CommandName:
      - network vhub route-table create
      Connection:
      - keep-alive
      ParameterSetName:
      - -n -g --vhub-name --attachments --destination-type --destinations --next-hop-type
        --next-hops
      User-Agent:
      - python/3.7.4 (Windows-10-10.0.18362-SP0) msrest/0.6.10 msrest_azure/0.6.2
        azure-mgmt-network/6.0.0 Azure-SDK-For-Python AZURECLI/2.0.75
    method: GET
    uri: https://management.azure.com/subscriptions/00000000-0000-0000-0000-000000000000/providers/Microsoft.Network/locations/southcentralus/operations/8b139694-3b1d-40c9-ac59-ae1c570be24c?api-version=2019-09-01
  response:
    body:
      string: "{\r\n  \"status\": \"InProgress\"\r\n}"
    headers:
      cache-control:
      - no-cache
      content-length:
      - '30'
      content-type:
      - application/json; charset=utf-8
      date:
      - Wed, 23 Oct 2019 06:49:22 GMT
      expires:
      - '-1'
      pragma:
      - no-cache
      server:
      - Microsoft-HTTPAPI/2.0
      - Microsoft-HTTPAPI/2.0
      strict-transport-security:
      - max-age=31536000; includeSubDomains
      transfer-encoding:
      - chunked
      vary:
      - Accept-Encoding
      x-content-type-options:
      - nosniff
      x-ms-arm-service-request-id:
      - d19f8cc2-7b18-4917-9afc-ce53953f250d
    status:
      code: 200
      message: OK
- request:
    body: null
    headers:
      Accept:
      - application/json
      Accept-Encoding:
      - gzip, deflate
      CommandName:
      - network vhub route-table create
      Connection:
      - keep-alive
      ParameterSetName:
      - -n -g --vhub-name --attachments --destination-type --destinations --next-hop-type
        --next-hops
      User-Agent:
      - python/3.7.4 (Windows-10-10.0.18362-SP0) msrest/0.6.10 msrest_azure/0.6.2
        azure-mgmt-network/6.0.0 Azure-SDK-For-Python AZURECLI/2.0.75
    method: GET
    uri: https://management.azure.com/subscriptions/00000000-0000-0000-0000-000000000000/providers/Microsoft.Network/locations/southcentralus/operations/8b139694-3b1d-40c9-ac59-ae1c570be24c?api-version=2019-09-01
  response:
    body:
      string: "{\r\n  \"status\": \"InProgress\"\r\n}"
    headers:
      cache-control:
      - no-cache
      content-length:
      - '30'
      content-type:
      - application/json; charset=utf-8
      date:
      - Wed, 23 Oct 2019 06:49:32 GMT
      expires:
      - '-1'
      pragma:
      - no-cache
      server:
      - Microsoft-HTTPAPI/2.0
      - Microsoft-HTTPAPI/2.0
      strict-transport-security:
      - max-age=31536000; includeSubDomains
      transfer-encoding:
      - chunked
      vary:
      - Accept-Encoding
      x-content-type-options:
      - nosniff
      x-ms-arm-service-request-id:
      - 0a1a8113-095d-4a2b-815e-7327ec40844f
    status:
      code: 200
      message: OK
- request:
    body: null
    headers:
      Accept:
      - application/json
      Accept-Encoding:
      - gzip, deflate
      CommandName:
      - network vhub route-table create
      Connection:
      - keep-alive
      ParameterSetName:
      - -n -g --vhub-name --attachments --destination-type --destinations --next-hop-type
        --next-hops
      User-Agent:
      - python/3.7.4 (Windows-10-10.0.18362-SP0) msrest/0.6.10 msrest_azure/0.6.2
        azure-mgmt-network/6.0.0 Azure-SDK-For-Python AZURECLI/2.0.75
    method: GET
    uri: https://management.azure.com/subscriptions/00000000-0000-0000-0000-000000000000/providers/Microsoft.Network/locations/southcentralus/operations/8b139694-3b1d-40c9-ac59-ae1c570be24c?api-version=2019-09-01
  response:
    body:
      string: "{\r\n  \"status\": \"InProgress\"\r\n}"
    headers:
      cache-control:
      - no-cache
      content-length:
      - '30'
      content-type:
      - application/json; charset=utf-8
      date:
      - Wed, 23 Oct 2019 06:49:42 GMT
      expires:
      - '-1'
      pragma:
      - no-cache
      server:
      - Microsoft-HTTPAPI/2.0
      - Microsoft-HTTPAPI/2.0
      strict-transport-security:
      - max-age=31536000; includeSubDomains
      transfer-encoding:
      - chunked
      vary:
      - Accept-Encoding
      x-content-type-options:
      - nosniff
      x-ms-arm-service-request-id:
      - 384c94a1-b091-4f55-93b8-7d491a839957
    status:
      code: 200
      message: OK
- request:
    body: null
    headers:
      Accept:
      - application/json
      Accept-Encoding:
      - gzip, deflate
      CommandName:
      - network vhub route-table create
      Connection:
      - keep-alive
      ParameterSetName:
      - -n -g --vhub-name --attachments --destination-type --destinations --next-hop-type
        --next-hops
      User-Agent:
      - python/3.7.4 (Windows-10-10.0.18362-SP0) msrest/0.6.10 msrest_azure/0.6.2
        azure-mgmt-network/6.0.0 Azure-SDK-For-Python AZURECLI/2.0.75
    method: GET
    uri: https://management.azure.com/subscriptions/00000000-0000-0000-0000-000000000000/providers/Microsoft.Network/locations/southcentralus/operations/8b139694-3b1d-40c9-ac59-ae1c570be24c?api-version=2019-09-01
  response:
    body:
      string: "{\r\n  \"status\": \"InProgress\"\r\n}"
    headers:
      cache-control:
      - no-cache
      content-length:
      - '30'
      content-type:
      - application/json; charset=utf-8
      date:
      - Wed, 23 Oct 2019 06:49:53 GMT
      expires:
      - '-1'
      pragma:
      - no-cache
      server:
      - Microsoft-HTTPAPI/2.0
      - Microsoft-HTTPAPI/2.0
      strict-transport-security:
      - max-age=31536000; includeSubDomains
      transfer-encoding:
      - chunked
      vary:
      - Accept-Encoding
      x-content-type-options:
      - nosniff
      x-ms-arm-service-request-id:
      - ab3f41a0-98c2-4aa1-b3d9-18b73b27dfe6
    status:
      code: 200
      message: OK
- request:
    body: null
    headers:
      Accept:
      - application/json
      Accept-Encoding:
      - gzip, deflate
      CommandName:
      - network vhub route-table create
      Connection:
      - keep-alive
      ParameterSetName:
      - -n -g --vhub-name --attachments --destination-type --destinations --next-hop-type
        --next-hops
      User-Agent:
      - python/3.7.4 (Windows-10-10.0.18362-SP0) msrest/0.6.10 msrest_azure/0.6.2
        azure-mgmt-network/6.0.0 Azure-SDK-For-Python AZURECLI/2.0.75
    method: GET
    uri: https://management.azure.com/subscriptions/00000000-0000-0000-0000-000000000000/providers/Microsoft.Network/locations/southcentralus/operations/8b139694-3b1d-40c9-ac59-ae1c570be24c?api-version=2019-09-01
  response:
    body:
      string: "{\r\n  \"status\": \"Succeeded\"\r\n}"
    headers:
      cache-control:
      - no-cache
      content-length:
      - '29'
      content-type:
      - application/json; charset=utf-8
      date:
      - Wed, 23 Oct 2019 06:50:04 GMT
      expires:
      - '-1'
      pragma:
      - no-cache
      server:
      - Microsoft-HTTPAPI/2.0
      - Microsoft-HTTPAPI/2.0
      strict-transport-security:
      - max-age=31536000; includeSubDomains
      transfer-encoding:
      - chunked
      vary:
      - Accept-Encoding
      x-content-type-options:
      - nosniff
      x-ms-arm-service-request-id:
      - 0597a397-5b82-4483-94f3-8dae339a69fd
    status:
      code: 200
      message: OK
- request:
    body: null
    headers:
      Accept:
      - application/json
      Accept-Encoding:
      - gzip, deflate
      CommandName:
      - network vhub route-table create
      Connection:
      - keep-alive
      ParameterSetName:
      - -n -g --vhub-name --attachments --destination-type --destinations --next-hop-type
        --next-hops
      User-Agent:
      - python/3.7.4 (Windows-10-10.0.18362-SP0) msrest/0.6.10 msrest_azure/0.6.2
        azure-mgmt-network/6.0.0 Azure-SDK-For-Python AZURECLI/2.0.75
    method: GET
    uri: https://management.azure.com/subscriptions/00000000-0000-0000-0000-000000000000/resourceGroups/1015/providers/Microsoft.Network/virtualHubs/myclitestvhub/routeTables/testroutetable?api-version=2019-09-01
  response:
    body:
      string: "{\r\n  \"name\": \"testroutetable\",\r\n  \"id\": \"/subscriptions/00000000-0000-0000-0000-000000000000/resourceGroups/1015/providers/Microsoft.Network/virtualHubs/myclitestvhub/routeTables/testroutetable\",\r\n
        \ \"etag\": \"W/\\\"73e73d57-9648-4d7b-966e-ac42d8b8928c\\\"\",\r\n  \"properties\":
        {\r\n    \"provisioningState\": \"Succeeded\",\r\n    \"routes\": [\r\n      {\r\n
        \       \"destinationType\": \"CIDR\",\r\n        \"destinations\": [\r\n
        \         \"10.4.0.0/16\",\r\n          \"10.6.0.0/16\"\r\n        ],\r\n
        \       \"nextHopType\": \"IPAddress\",\r\n        \"nextHops\": [\r\n          \"10.0.0.68\"\r\n
        \       ]\r\n      }\r\n    ],\r\n    \"attachedConnections\": [\r\n      \"All_Vnets\"\r\n
        \   ]\r\n  },\r\n  \"type\": \"Microsoft.Network/virtualHubs/routeTables\"\r\n}"
    headers:
      cache-control:
      - no-cache
      content-length:
      - '693'
      content-type:
      - application/json; charset=utf-8
      date:
      - Wed, 23 Oct 2019 06:50:04 GMT
      expires:
      - '-1'
      pragma:
      - no-cache
      server:
      - Microsoft-HTTPAPI/2.0
      - Microsoft-HTTPAPI/2.0
      strict-transport-security:
      - max-age=31536000; includeSubDomains
      transfer-encoding:
      - chunked
      vary:
      - Accept-Encoding
      x-content-type-options:
      - nosniff
      x-ms-arm-service-request-id:
      - e38e6aaa-1a63-42b2-8243-307030128f0f
    status:
      code: 200
      message: OK
- request:
    body: null
    headers:
      Accept:
      - application/json
      Accept-Encoding:
      - gzip, deflate
      CommandName:
      - network vhub route-table show
      Connection:
      - keep-alive
      ParameterSetName:
      - -n -g --vhub-name
      User-Agent:
      - python/3.7.4 (Windows-10-10.0.18362-SP0) msrest/0.6.10 msrest_azure/0.6.2
        azure-mgmt-network/6.0.0 Azure-SDK-For-Python AZURECLI/2.0.75
      accept-language:
      - en-US
    method: GET
    uri: https://management.azure.com/subscriptions/00000000-0000-0000-0000-000000000000/resourceGroups/1015/providers/Microsoft.Network/virtualHubs/myclitestvhub/routeTables/testroutetable?api-version=2019-09-01
  response:
    body:
      string: "{\r\n  \"name\": \"testroutetable\",\r\n  \"id\": \"/subscriptions/00000000-0000-0000-0000-000000000000/resourceGroups/1015/providers/Microsoft.Network/virtualHubs/myclitestvhub/routeTables/testroutetable\",\r\n
        \ \"etag\": \"W/\\\"73e73d57-9648-4d7b-966e-ac42d8b8928c\\\"\",\r\n  \"properties\":
        {\r\n    \"provisioningState\": \"Succeeded\",\r\n    \"routes\": [\r\n      {\r\n
        \       \"destinationType\": \"CIDR\",\r\n        \"destinations\": [\r\n
        \         \"10.4.0.0/16\",\r\n          \"10.6.0.0/16\"\r\n        ],\r\n
        \       \"nextHopType\": \"IPAddress\",\r\n        \"nextHops\": [\r\n          \"10.0.0.68\"\r\n
        \       ]\r\n      }\r\n    ],\r\n    \"attachedConnections\": [\r\n      \"All_Vnets\"\r\n
        \   ]\r\n  },\r\n  \"type\": \"Microsoft.Network/virtualHubs/routeTables\"\r\n}"
    headers:
      cache-control:
      - no-cache
      content-length:
      - '693'
      content-type:
      - application/json; charset=utf-8
      date:
      - Wed, 23 Oct 2019 06:50:05 GMT
      expires:
      - '-1'
      pragma:
      - no-cache
      server:
      - Microsoft-HTTPAPI/2.0
      - Microsoft-HTTPAPI/2.0
      strict-transport-security:
      - max-age=31536000; includeSubDomains
      transfer-encoding:
      - chunked
      vary:
      - Accept-Encoding
      x-content-type-options:
      - nosniff
      x-ms-arm-service-request-id:
      - 91d926ad-9874-4616-b100-be7e58d409d2
    status:
      code: 200
      message: OK
- request:
    body: null
    headers:
      Accept:
      - application/json
      Accept-Encoding:
      - gzip, deflate
      CommandName:
      - network vhub route-table list
      Connection:
      - keep-alive
      ParameterSetName:
      - -g --vhub-name
      User-Agent:
      - python/3.7.4 (Windows-10-10.0.18362-SP0) msrest/0.6.10 msrest_azure/0.6.2
        azure-mgmt-network/6.0.0 Azure-SDK-For-Python AZURECLI/2.0.75
      accept-language:
      - en-US
    method: GET
    uri: https://management.azure.com/subscriptions/00000000-0000-0000-0000-000000000000/resourceGroups/1015/providers/Microsoft.Network/virtualHubs/myclitestvhub/routeTables?api-version=2019-09-01
  response:
    body:
      string: "{\r\n  \"value\": [\r\n    {\r\n      \"name\": \"testroutetable\",\r\n
        \     \"id\": \"/subscriptions/00000000-0000-0000-0000-000000000000/resourceGroups/1015/providers/Microsoft.Network/virtualHubs/myclitestvhub/routeTables/testroutetable\",\r\n
        \     \"etag\": \"W/\\\"73e73d57-9648-4d7b-966e-ac42d8b8928c\\\"\",\r\n      \"properties\":
        {\r\n        \"provisioningState\": \"Succeeded\",\r\n        \"routes\":
        [\r\n          {\r\n            \"destinationType\": \"CIDR\",\r\n            \"destinations\":
        [\r\n              \"10.4.0.0/16\",\r\n              \"10.6.0.0/16\"\r\n            ],\r\n
        \           \"nextHopType\": \"IPAddress\",\r\n            \"nextHops\": [\r\n
        \             \"10.0.0.68\"\r\n            ]\r\n          }\r\n        ],\r\n
        \       \"attachedConnections\": [\r\n          \"All_Vnets\"\r\n        ]\r\n
        \     },\r\n      \"type\": \"Microsoft.Network/virtualHubs/routeTables\"\r\n
        \   }\r\n  ]\r\n}"
    headers:
      cache-control:
      - no-cache
      content-length:
      - '818'
      content-type:
      - application/json; charset=utf-8
      date:
      - Wed, 23 Oct 2019 06:50:06 GMT
      expires:
      - '-1'
      pragma:
      - no-cache
      server:
      - Microsoft-HTTPAPI/2.0
      - Microsoft-HTTPAPI/2.0
      strict-transport-security:
      - max-age=31536000; includeSubDomains
      transfer-encoding:
      - chunked
      vary:
      - Accept-Encoding
      x-content-type-options:
      - nosniff
      x-ms-arm-service-request-id:
      - 671c98da-ec9a-4915-ac2e-ed29996dc1c0
    status:
      code: 200
      message: OK
- request:
    body: null
    headers:
      Accept:
      - application/json
      Accept-Encoding:
      - gzip, deflate
      CommandName:
      - network vhub route-table update
      Connection:
      - keep-alive
      ParameterSetName:
      - -n -g --vhub-name --attachments
      User-Agent:
      - python/3.7.4 (Windows-10-10.0.18362-SP0) msrest/0.6.10 msrest_azure/0.6.2
        azure-mgmt-network/6.0.0 Azure-SDK-For-Python AZURECLI/2.0.75
      accept-language:
      - en-US
    method: GET
    uri: https://management.azure.com/subscriptions/00000000-0000-0000-0000-000000000000/resourceGroups/1015/providers/Microsoft.Network/virtualHubs/myclitestvhub/routeTables/testroutetable?api-version=2019-09-01
  response:
    body:
      string: "{\r\n  \"name\": \"testroutetable\",\r\n  \"id\": \"/subscriptions/00000000-0000-0000-0000-000000000000/resourceGroups/1015/providers/Microsoft.Network/virtualHubs/myclitestvhub/routeTables/testroutetable\",\r\n
        \ \"etag\": \"W/\\\"73e73d57-9648-4d7b-966e-ac42d8b8928c\\\"\",\r\n  \"properties\":
        {\r\n    \"provisioningState\": \"Succeeded\",\r\n    \"routes\": [\r\n      {\r\n
        \       \"destinationType\": \"CIDR\",\r\n        \"destinations\": [\r\n
        \         \"10.4.0.0/16\",\r\n          \"10.6.0.0/16\"\r\n        ],\r\n
        \       \"nextHopType\": \"IPAddress\",\r\n        \"nextHops\": [\r\n          \"10.0.0.68\"\r\n
        \       ]\r\n      }\r\n    ],\r\n    \"attachedConnections\": [\r\n      \"All_Vnets\"\r\n
        \   ]\r\n  },\r\n  \"type\": \"Microsoft.Network/virtualHubs/routeTables\"\r\n}"
    headers:
      cache-control:
      - no-cache
      content-length:
      - '693'
      content-type:
      - application/json; charset=utf-8
      date:
      - Wed, 23 Oct 2019 06:50:06 GMT
      expires:
      - '-1'
      pragma:
      - no-cache
      server:
      - Microsoft-HTTPAPI/2.0
      - Microsoft-HTTPAPI/2.0
      strict-transport-security:
      - max-age=31536000; includeSubDomains
      transfer-encoding:
      - chunked
      vary:
      - Accept-Encoding
      x-content-type-options:
      - nosniff
      x-ms-arm-service-request-id:
      - 6079b2fc-db83-49c0-b0ad-0e82f0fef210
    status:
      code: 200
      message: OK
- request:
    body: '{"id": "/subscriptions/00000000-0000-0000-0000-000000000000/resourceGroups/1015/providers/Microsoft.Network/virtualHubs/myclitestvhub/routeTables/testroutetable",
      "properties": {"routes": [{"destinationType": "CIDR", "destinations": ["10.4.0.0/16",
      "10.6.0.0/16"], "nextHopType": "IPAddress", "nextHops": ["10.0.0.68"]}], "attachedConnections":
      ["All_Branches"]}, "name": "testroutetable"}'
    headers:
      Accept:
      - application/json
      Accept-Encoding:
      - gzip, deflate
      CommandName:
      - network vhub route-table update
      Connection:
      - keep-alive
      Content-Length:
      - '389'
      Content-Type:
      - application/json; charset=utf-8
      ParameterSetName:
      - -n -g --vhub-name --attachments
      User-Agent:
      - python/3.7.4 (Windows-10-10.0.18362-SP0) msrest/0.6.10 msrest_azure/0.6.2
        azure-mgmt-network/6.0.0 Azure-SDK-For-Python AZURECLI/2.0.75
      accept-language:
      - en-US
    method: PUT
    uri: https://management.azure.com/subscriptions/00000000-0000-0000-0000-000000000000/resourceGroups/1015/providers/Microsoft.Network/virtualHubs/myclitestvhub/routeTables/testroutetable?api-version=2019-09-01
  response:
    body:
      string: "{\r\n  \"name\": \"testroutetable\",\r\n  \"id\": \"/subscriptions/00000000-0000-0000-0000-000000000000/resourceGroups/1015/providers/Microsoft.Network/virtualHubs/myclitestvhub/routeTables/testroutetable\",\r\n
        \ \"etag\": \"W/\\\"6d441c31-2863-4b4a-a588-667439d5c801\\\"\",\r\n  \"properties\":
        {\r\n    \"provisioningState\": \"Updating\",\r\n    \"routes\": [\r\n      {\r\n
        \       \"destinationType\": \"CIDR\",\r\n        \"destinations\": [\r\n
        \         \"10.4.0.0/16\",\r\n          \"10.6.0.0/16\"\r\n        ],\r\n
        \       \"nextHopType\": \"IPAddress\",\r\n        \"nextHops\": [\r\n          \"10.0.0.68\"\r\n
        \       ]\r\n      }\r\n    ],\r\n    \"attachedConnections\": [\r\n      \"All_Branches\"\r\n
        \   ]\r\n  },\r\n  \"type\": \"Microsoft.Network/virtualHubs/routeTables\"\r\n}"
    headers:
      azure-asyncoperation:
      - https://management.azure.com/subscriptions/00000000-0000-0000-0000-000000000000/providers/Microsoft.Network/locations/southcentralus/operations/4cb73117-11b0-47a6-9b64-909143bedc4d?api-version=2019-09-01
      cache-control:
      - no-cache
      content-length:
      - '695'
      content-type:
      - application/json; charset=utf-8
      date:
      - Wed, 23 Oct 2019 06:50:08 GMT
      expires:
      - '-1'
      pragma:
      - no-cache
      server:
      - Microsoft-HTTPAPI/2.0
      - Microsoft-HTTPAPI/2.0
      strict-transport-security:
      - max-age=31536000; includeSubDomains
      transfer-encoding:
      - chunked
      vary:
      - Accept-Encoding
      x-content-type-options:
      - nosniff
      x-ms-arm-service-request-id:
      - d95c057c-f355-4987-ad28-be5ec86cc200
      x-ms-ratelimit-remaining-subscription-writes:
      - '1198'
    status:
      code: 200
      message: OK
- request:
    body: null
    headers:
      Accept:
      - application/json
      Accept-Encoding:
      - gzip, deflate
      CommandName:
      - network vhub route-table update
      Connection:
      - keep-alive
      ParameterSetName:
      - -n -g --vhub-name --attachments
      User-Agent:
      - python/3.7.4 (Windows-10-10.0.18362-SP0) msrest/0.6.10 msrest_azure/0.6.2
        azure-mgmt-network/6.0.0 Azure-SDK-For-Python AZURECLI/2.0.75
    method: GET
    uri: https://management.azure.com/subscriptions/00000000-0000-0000-0000-000000000000/providers/Microsoft.Network/locations/southcentralus/operations/4cb73117-11b0-47a6-9b64-909143bedc4d?api-version=2019-09-01
  response:
    body:
      string: "{\r\n  \"status\": \"InProgress\"\r\n}"
    headers:
      cache-control:
      - no-cache
      content-length:
      - '30'
      content-type:
      - application/json; charset=utf-8
      date:
      - Wed, 23 Oct 2019 06:50:19 GMT
      expires:
      - '-1'
      pragma:
      - no-cache
      server:
      - Microsoft-HTTPAPI/2.0
      - Microsoft-HTTPAPI/2.0
      strict-transport-security:
      - max-age=31536000; includeSubDomains
      transfer-encoding:
      - chunked
      vary:
      - Accept-Encoding
      x-content-type-options:
      - nosniff
      x-ms-arm-service-request-id:
      - b62dad0d-db77-40f8-9960-6c9e239b1204
    status:
      code: 200
      message: OK
- request:
    body: null
    headers:
      Accept:
      - application/json
      Accept-Encoding:
      - gzip, deflate
      CommandName:
      - network vhub route-table update
      Connection:
      - keep-alive
      ParameterSetName:
      - -n -g --vhub-name --attachments
      User-Agent:
      - python/3.7.4 (Windows-10-10.0.18362-SP0) msrest/0.6.10 msrest_azure/0.6.2
        azure-mgmt-network/6.0.0 Azure-SDK-For-Python AZURECLI/2.0.75
    method: GET
    uri: https://management.azure.com/subscriptions/00000000-0000-0000-0000-000000000000/providers/Microsoft.Network/locations/southcentralus/operations/4cb73117-11b0-47a6-9b64-909143bedc4d?api-version=2019-09-01
  response:
    body:
      string: "{\r\n  \"status\": \"InProgress\"\r\n}"
    headers:
      cache-control:
      - no-cache
      content-length:
      - '30'
      content-type:
      - application/json; charset=utf-8
      date:
      - Wed, 23 Oct 2019 06:50:29 GMT
      expires:
      - '-1'
      pragma:
      - no-cache
      server:
      - Microsoft-HTTPAPI/2.0
      - Microsoft-HTTPAPI/2.0
      strict-transport-security:
      - max-age=31536000; includeSubDomains
      transfer-encoding:
      - chunked
      vary:
      - Accept-Encoding
      x-content-type-options:
      - nosniff
      x-ms-arm-service-request-id:
      - 60510847-a237-440e-be7b-ecfaade7fdfe
    status:
      code: 200
      message: OK
- request:
    body: null
    headers:
      Accept:
      - application/json
      Accept-Encoding:
      - gzip, deflate
      CommandName:
      - network vhub route-table update
      Connection:
      - keep-alive
      ParameterSetName:
      - -n -g --vhub-name --attachments
      User-Agent:
      - python/3.7.4 (Windows-10-10.0.18362-SP0) msrest/0.6.10 msrest_azure/0.6.2
        azure-mgmt-network/6.0.0 Azure-SDK-For-Python AZURECLI/2.0.75
    method: GET
    uri: https://management.azure.com/subscriptions/00000000-0000-0000-0000-000000000000/providers/Microsoft.Network/locations/southcentralus/operations/4cb73117-11b0-47a6-9b64-909143bedc4d?api-version=2019-09-01
  response:
    body:
      string: "{\r\n  \"status\": \"InProgress\"\r\n}"
    headers:
      cache-control:
      - no-cache
      content-length:
      - '30'
      content-type:
      - application/json; charset=utf-8
      date:
      - Wed, 23 Oct 2019 06:50:39 GMT
      expires:
      - '-1'
      pragma:
      - no-cache
      server:
      - Microsoft-HTTPAPI/2.0
      - Microsoft-HTTPAPI/2.0
      strict-transport-security:
      - max-age=31536000; includeSubDomains
      transfer-encoding:
      - chunked
      vary:
      - Accept-Encoding
      x-content-type-options:
      - nosniff
      x-ms-arm-service-request-id:
      - 220fce73-e3fa-4fdf-98df-d7001b022c87
    status:
      code: 200
      message: OK
- request:
    body: null
    headers:
      Accept:
      - application/json
      Accept-Encoding:
      - gzip, deflate
      CommandName:
      - network vhub route-table update
      Connection:
      - keep-alive
      ParameterSetName:
      - -n -g --vhub-name --attachments
      User-Agent:
      - python/3.7.4 (Windows-10-10.0.18362-SP0) msrest/0.6.10 msrest_azure/0.6.2
        azure-mgmt-network/6.0.0 Azure-SDK-For-Python AZURECLI/2.0.75
    method: GET
    uri: https://management.azure.com/subscriptions/00000000-0000-0000-0000-000000000000/providers/Microsoft.Network/locations/southcentralus/operations/4cb73117-11b0-47a6-9b64-909143bedc4d?api-version=2019-09-01
  response:
    body:
      string: "{\r\n  \"status\": \"InProgress\"\r\n}"
    headers:
      cache-control:
      - no-cache
      content-length:
      - '30'
      content-type:
      - application/json; charset=utf-8
      date:
      - Wed, 23 Oct 2019 06:50:49 GMT
      expires:
      - '-1'
      pragma:
      - no-cache
      server:
      - Microsoft-HTTPAPI/2.0
      - Microsoft-HTTPAPI/2.0
      strict-transport-security:
      - max-age=31536000; includeSubDomains
      transfer-encoding:
      - chunked
      vary:
      - Accept-Encoding
      x-content-type-options:
      - nosniff
      x-ms-arm-service-request-id:
      - 18ac7a9b-2737-489a-87c0-916ca6b30a3a
    status:
      code: 200
      message: OK
- request:
    body: null
    headers:
      Accept:
      - application/json
      Accept-Encoding:
      - gzip, deflate
      CommandName:
      - network vhub route-table update
      Connection:
      - keep-alive
      ParameterSetName:
      - -n -g --vhub-name --attachments
      User-Agent:
      - python/3.7.4 (Windows-10-10.0.18362-SP0) msrest/0.6.10 msrest_azure/0.6.2
        azure-mgmt-network/6.0.0 Azure-SDK-For-Python AZURECLI/2.0.75
    method: GET
    uri: https://management.azure.com/subscriptions/00000000-0000-0000-0000-000000000000/providers/Microsoft.Network/locations/southcentralus/operations/4cb73117-11b0-47a6-9b64-909143bedc4d?api-version=2019-09-01
  response:
    body:
      string: "{\r\n  \"status\": \"InProgress\"\r\n}"
    headers:
      cache-control:
      - no-cache
      content-length:
      - '30'
      content-type:
      - application/json; charset=utf-8
      date:
      - Wed, 23 Oct 2019 06:51:00 GMT
      expires:
      - '-1'
      pragma:
      - no-cache
      server:
      - Microsoft-HTTPAPI/2.0
      - Microsoft-HTTPAPI/2.0
      strict-transport-security:
      - max-age=31536000; includeSubDomains
      transfer-encoding:
      - chunked
      vary:
      - Accept-Encoding
      x-content-type-options:
      - nosniff
      x-ms-arm-service-request-id:
      - 851a0de9-b510-4e3a-a486-f51db24402e9
    status:
      code: 200
      message: OK
- request:
    body: null
    headers:
      Accept:
      - application/json
      Accept-Encoding:
      - gzip, deflate
      CommandName:
      - network vhub route-table update
      Connection:
      - keep-alive
      ParameterSetName:
      - -n -g --vhub-name --attachments
      User-Agent:
      - python/3.7.4 (Windows-10-10.0.18362-SP0) msrest/0.6.10 msrest_azure/0.6.2
        azure-mgmt-network/6.0.0 Azure-SDK-For-Python AZURECLI/2.0.75
    method: GET
    uri: https://management.azure.com/subscriptions/00000000-0000-0000-0000-000000000000/providers/Microsoft.Network/locations/southcentralus/operations/4cb73117-11b0-47a6-9b64-909143bedc4d?api-version=2019-09-01
  response:
    body:
      string: "{\r\n  \"status\": \"InProgress\"\r\n}"
    headers:
      cache-control:
      - no-cache
      content-length:
      - '30'
      content-type:
      - application/json; charset=utf-8
      date:
      - Wed, 23 Oct 2019 06:51:10 GMT
      expires:
      - '-1'
      pragma:
      - no-cache
      server:
      - Microsoft-HTTPAPI/2.0
      - Microsoft-HTTPAPI/2.0
      strict-transport-security:
      - max-age=31536000; includeSubDomains
      transfer-encoding:
      - chunked
      vary:
      - Accept-Encoding
      x-content-type-options:
      - nosniff
      x-ms-arm-service-request-id:
      - 1af8d672-3e9d-49cc-8db4-a6b39d8c8663
    status:
      code: 200
      message: OK
- request:
    body: null
    headers:
      Accept:
      - application/json
      Accept-Encoding:
      - gzip, deflate
      CommandName:
      - network vhub route-table update
      Connection:
      - keep-alive
      ParameterSetName:
      - -n -g --vhub-name --attachments
      User-Agent:
      - python/3.7.4 (Windows-10-10.0.18362-SP0) msrest/0.6.10 msrest_azure/0.6.2
        azure-mgmt-network/6.0.0 Azure-SDK-For-Python AZURECLI/2.0.75
    method: GET
    uri: https://management.azure.com/subscriptions/00000000-0000-0000-0000-000000000000/providers/Microsoft.Network/locations/southcentralus/operations/4cb73117-11b0-47a6-9b64-909143bedc4d?api-version=2019-09-01
  response:
    body:
      string: "{\r\n  \"status\": \"Succeeded\"\r\n}"
    headers:
      cache-control:
      - no-cache
      content-length:
      - '29'
      content-type:
      - application/json; charset=utf-8
      date:
      - Wed, 23 Oct 2019 06:51:21 GMT
      expires:
      - '-1'
      pragma:
      - no-cache
      server:
      - Microsoft-HTTPAPI/2.0
      - Microsoft-HTTPAPI/2.0
      strict-transport-security:
      - max-age=31536000; includeSubDomains
      transfer-encoding:
      - chunked
      vary:
      - Accept-Encoding
      x-content-type-options:
      - nosniff
      x-ms-arm-service-request-id:
      - fc047570-5491-4a8a-9a06-5c3350a47d8b
    status:
      code: 200
      message: OK
- request:
    body: null
    headers:
      Accept:
      - application/json
      Accept-Encoding:
      - gzip, deflate
      CommandName:
      - network vhub route-table update
      Connection:
      - keep-alive
      ParameterSetName:
      - -n -g --vhub-name --attachments
      User-Agent:
      - python/3.7.4 (Windows-10-10.0.18362-SP0) msrest/0.6.10 msrest_azure/0.6.2
        azure-mgmt-network/6.0.0 Azure-SDK-For-Python AZURECLI/2.0.75
    method: GET
    uri: https://management.azure.com/subscriptions/00000000-0000-0000-0000-000000000000/resourceGroups/1015/providers/Microsoft.Network/virtualHubs/myclitestvhub/routeTables/testroutetable?api-version=2019-09-01
  response:
    body:
      string: "{\r\n  \"name\": \"testroutetable\",\r\n  \"id\": \"/subscriptions/00000000-0000-0000-0000-000000000000/resourceGroups/1015/providers/Microsoft.Network/virtualHubs/myclitestvhub/routeTables/testroutetable\",\r\n
        \ \"etag\": \"W/\\\"69943dd9-cf0a-4f38-bc63-35bae2dd1390\\\"\",\r\n  \"properties\":
        {\r\n    \"provisioningState\": \"Succeeded\",\r\n    \"routes\": [\r\n      {\r\n
        \       \"destinationType\": \"CIDR\",\r\n        \"destinations\": [\r\n
        \         \"10.4.0.0/16\",\r\n          \"10.6.0.0/16\"\r\n        ],\r\n
        \       \"nextHopType\": \"IPAddress\",\r\n        \"nextHops\": [\r\n          \"10.0.0.68\"\r\n
        \       ]\r\n      }\r\n    ],\r\n    \"attachedConnections\": [\r\n      \"All_Branches\"\r\n
        \   ]\r\n  },\r\n  \"type\": \"Microsoft.Network/virtualHubs/routeTables\"\r\n}"
    headers:
      cache-control:
      - no-cache
      content-length:
      - '696'
      content-type:
      - application/json; charset=utf-8
      date:
      - Wed, 23 Oct 2019 06:51:22 GMT
      expires:
      - '-1'
      pragma:
      - no-cache
      server:
      - Microsoft-HTTPAPI/2.0
      - Microsoft-HTTPAPI/2.0
      strict-transport-security:
      - max-age=31536000; includeSubDomains
      transfer-encoding:
      - chunked
      vary:
      - Accept-Encoding
      x-content-type-options:
      - nosniff
      x-ms-arm-service-request-id:
      - e858e487-1968-496a-aa29-f45e3d5bb42e
    status:
      code: 200
      message: OK
- request:
    body: null
    headers:
      Accept:
      - application/json
      Accept-Encoding:
      - gzip, deflate
      CommandName:
      - network vhub route-table route add
      Connection:
      - keep-alive
      ParameterSetName:
      - -n -g --vhub-name --destination-type --destinations --next-hop-type --next-hops
      User-Agent:
      - python/3.7.4 (Windows-10-10.0.18362-SP0) msrest/0.6.10 msrest_azure/0.6.2
        azure-mgmt-network/6.0.0 Azure-SDK-For-Python AZURECLI/2.0.75
      accept-language:
      - en-US
    method: GET
    uri: https://management.azure.com/subscriptions/00000000-0000-0000-0000-000000000000/resourceGroups/1015/providers/Microsoft.Network/virtualHubs/myclitestvhub/routeTables/testroutetable?api-version=2019-09-01
  response:
    body:
      string: "{\r\n  \"name\": \"testroutetable\",\r\n  \"id\": \"/subscriptions/00000000-0000-0000-0000-000000000000/resourceGroups/1015/providers/Microsoft.Network/virtualHubs/myclitestvhub/routeTables/testroutetable\",\r\n
        \ \"etag\": \"W/\\\"69943dd9-cf0a-4f38-bc63-35bae2dd1390\\\"\",\r\n  \"properties\":
        {\r\n    \"provisioningState\": \"Succeeded\",\r\n    \"routes\": [\r\n      {\r\n
        \       \"destinationType\": \"CIDR\",\r\n        \"destinations\": [\r\n
        \         \"10.4.0.0/16\",\r\n          \"10.6.0.0/16\"\r\n        ],\r\n
        \       \"nextHopType\": \"IPAddress\",\r\n        \"nextHops\": [\r\n          \"10.0.0.68\"\r\n
        \       ]\r\n      }\r\n    ],\r\n    \"attachedConnections\": [\r\n      \"All_Branches\"\r\n
        \   ]\r\n  },\r\n  \"type\": \"Microsoft.Network/virtualHubs/routeTables\"\r\n}"
    headers:
      cache-control:
      - no-cache
      content-length:
      - '696'
      content-type:
      - application/json; charset=utf-8
      date:
      - Wed, 23 Oct 2019 06:51:23 GMT
      expires:
      - '-1'
      pragma:
      - no-cache
      server:
      - Microsoft-HTTPAPI/2.0
      - Microsoft-HTTPAPI/2.0
      strict-transport-security:
      - max-age=31536000; includeSubDomains
      transfer-encoding:
      - chunked
      vary:
      - Accept-Encoding
      x-content-type-options:
      - nosniff
      x-ms-arm-service-request-id:
      - fc4ef0fc-30e6-4d57-82e7-be9dfbd576e0
    status:
      code: 200
      message: OK
- request:
    body: '{"id": "/subscriptions/00000000-0000-0000-0000-000000000000/resourceGroups/1015/providers/Microsoft.Network/virtualHubs/myclitestvhub/routeTables/testroutetable",
      "properties": {"routes": [{"destinationType": "CIDR", "destinations": ["10.4.0.0/16",
      "10.6.0.0/16"], "nextHopType": "IPAddress", "nextHops": ["10.0.0.68"]}, {"destinationType":
      "Service", "destinations": ["Skype", "Sharepoint"], "nextHopType": "IPAddress",
      "nextHops": ["10.0.0.68"]}], "attachedConnections": ["All_Branches"]}, "name":
      "testroutetable"}'
    headers:
      Accept:
      - application/json
      Accept-Encoding:
      - gzip, deflate
      CommandName:
      - network vhub route-table route add
      Connection:
      - keep-alive
      Content-Length:
      - '517'
      Content-Type:
      - application/json; charset=utf-8
      ParameterSetName:
      - -n -g --vhub-name --destination-type --destinations --next-hop-type --next-hops
      User-Agent:
      - python/3.7.4 (Windows-10-10.0.18362-SP0) msrest/0.6.10 msrest_azure/0.6.2
        azure-mgmt-network/6.0.0 Azure-SDK-For-Python AZURECLI/2.0.75
      accept-language:
      - en-US
    method: PUT
    uri: https://management.azure.com/subscriptions/00000000-0000-0000-0000-000000000000/resourceGroups/1015/providers/Microsoft.Network/virtualHubs/myclitestvhub/routeTables/testroutetable?api-version=2019-09-01
  response:
    body:
      string: "{\r\n  \"name\": \"testroutetable\",\r\n  \"id\": \"/subscriptions/00000000-0000-0000-0000-000000000000/resourceGroups/1015/providers/Microsoft.Network/virtualHubs/myclitestvhub/routeTables/testroutetable\",\r\n
        \ \"etag\": \"W/\\\"adeb4723-cd20-4ac4-83c3-ccf7b698c436\\\"\",\r\n  \"properties\":
        {\r\n    \"provisioningState\": \"Updating\",\r\n    \"routes\": [\r\n      {\r\n
        \       \"destinationType\": \"CIDR\",\r\n        \"destinations\": [\r\n
        \         \"10.4.0.0/16\",\r\n          \"10.6.0.0/16\"\r\n        ],\r\n
        \       \"nextHopType\": \"IPAddress\",\r\n        \"nextHops\": [\r\n          \"10.0.0.68\"\r\n
        \       ]\r\n      },\r\n      {\r\n        \"destinationType\": \"Service\",\r\n
        \       \"destinations\": [\r\n          \"Skype\",\r\n          \"Sharepoint\"\r\n
        \       ],\r\n        \"nextHopType\": \"IPAddress\",\r\n        \"nextHops\":
        [\r\n          \"10.0.0.68\"\r\n        ]\r\n      }\r\n    ],\r\n    \"attachedConnections\":
        [\r\n      \"All_Branches\"\r\n    ]\r\n  },\r\n  \"type\": \"Microsoft.Network/virtualHubs/routeTables\"\r\n}"
    headers:
      azure-asyncoperation:
      - https://management.azure.com/subscriptions/00000000-0000-0000-0000-000000000000/providers/Microsoft.Network/locations/southcentralus/operations/68ec2d6e-ff1e-43ea-b8fa-fff023262cfa?api-version=2019-09-01
      cache-control:
      - no-cache
      content-length:
      - '930'
      content-type:
      - application/json; charset=utf-8
      date:
      - Wed, 23 Oct 2019 06:51:24 GMT
      expires:
      - '-1'
      pragma:
      - no-cache
      server:
      - Microsoft-HTTPAPI/2.0
      - Microsoft-HTTPAPI/2.0
      strict-transport-security:
      - max-age=31536000; includeSubDomains
      transfer-encoding:
      - chunked
      vary:
      - Accept-Encoding
      x-content-type-options:
      - nosniff
      x-ms-arm-service-request-id:
      - 2026bc8c-b0f5-42e4-a8a4-9ada69ab3663
      x-ms-ratelimit-remaining-subscription-writes:
      - '1199'
    status:
      code: 200
      message: OK
- request:
    body: null
    headers:
      Accept:
      - application/json
      Accept-Encoding:
      - gzip, deflate
      CommandName:
      - network vhub route-table route add
      Connection:
      - keep-alive
      ParameterSetName:
      - -n -g --vhub-name --destination-type --destinations --next-hop-type --next-hops
      User-Agent:
      - python/3.7.4 (Windows-10-10.0.18362-SP0) msrest/0.6.10 msrest_azure/0.6.2
        azure-mgmt-network/6.0.0 Azure-SDK-For-Python AZURECLI/2.0.75
    method: GET
    uri: https://management.azure.com/subscriptions/00000000-0000-0000-0000-000000000000/providers/Microsoft.Network/locations/southcentralus/operations/68ec2d6e-ff1e-43ea-b8fa-fff023262cfa?api-version=2019-09-01
  response:
    body:
      string: "{\r\n  \"status\": \"InProgress\"\r\n}"
    headers:
      cache-control:
      - no-cache
      content-length:
      - '30'
      content-type:
      - application/json; charset=utf-8
      date:
      - Wed, 23 Oct 2019 06:51:35 GMT
      expires:
      - '-1'
      pragma:
      - no-cache
      server:
      - Microsoft-HTTPAPI/2.0
      - Microsoft-HTTPAPI/2.0
      strict-transport-security:
      - max-age=31536000; includeSubDomains
      transfer-encoding:
      - chunked
      vary:
      - Accept-Encoding
      x-content-type-options:
      - nosniff
      x-ms-arm-service-request-id:
      - 6fe6c8cb-41a6-4f64-8d2c-c777c83380c3
    status:
      code: 200
      message: OK
- request:
    body: null
    headers:
      Accept:
      - application/json
      Accept-Encoding:
      - gzip, deflate
      CommandName:
      - network vhub route-table route add
      Connection:
      - keep-alive
      ParameterSetName:
      - -n -g --vhub-name --destination-type --destinations --next-hop-type --next-hops
      User-Agent:
      - python/3.7.4 (Windows-10-10.0.18362-SP0) msrest/0.6.10 msrest_azure/0.6.2
        azure-mgmt-network/6.0.0 Azure-SDK-For-Python AZURECLI/2.0.75
    method: GET
    uri: https://management.azure.com/subscriptions/00000000-0000-0000-0000-000000000000/providers/Microsoft.Network/locations/southcentralus/operations/68ec2d6e-ff1e-43ea-b8fa-fff023262cfa?api-version=2019-09-01
  response:
    body:
      string: "{\r\n  \"status\": \"InProgress\"\r\n}"
    headers:
      cache-control:
      - no-cache
      content-length:
      - '30'
      content-type:
      - application/json; charset=utf-8
      date:
      - Wed, 23 Oct 2019 06:51:45 GMT
      expires:
      - '-1'
      pragma:
      - no-cache
      server:
      - Microsoft-HTTPAPI/2.0
      - Microsoft-HTTPAPI/2.0
      strict-transport-security:
      - max-age=31536000; includeSubDomains
      transfer-encoding:
      - chunked
      vary:
      - Accept-Encoding
      x-content-type-options:
      - nosniff
      x-ms-arm-service-request-id:
      - e9070b97-ab83-4d3b-a547-2b1794fded05
    status:
      code: 200
      message: OK
- request:
    body: null
    headers:
      Accept:
      - application/json
      Accept-Encoding:
      - gzip, deflate
      CommandName:
      - network vhub route-table route add
      Connection:
      - keep-alive
      ParameterSetName:
      - -n -g --vhub-name --destination-type --destinations --next-hop-type --next-hops
      User-Agent:
      - python/3.7.4 (Windows-10-10.0.18362-SP0) msrest/0.6.10 msrest_azure/0.6.2
        azure-mgmt-network/6.0.0 Azure-SDK-For-Python AZURECLI/2.0.75
    method: GET
    uri: https://management.azure.com/subscriptions/00000000-0000-0000-0000-000000000000/providers/Microsoft.Network/locations/southcentralus/operations/68ec2d6e-ff1e-43ea-b8fa-fff023262cfa?api-version=2019-09-01
  response:
    body:
      string: "{\r\n  \"status\": \"InProgress\"\r\n}"
    headers:
      cache-control:
      - no-cache
      content-length:
      - '30'
      content-type:
      - application/json; charset=utf-8
      date:
      - Wed, 23 Oct 2019 06:51:55 GMT
      expires:
      - '-1'
      pragma:
      - no-cache
      server:
      - Microsoft-HTTPAPI/2.0
      - Microsoft-HTTPAPI/2.0
      strict-transport-security:
      - max-age=31536000; includeSubDomains
      transfer-encoding:
      - chunked
      vary:
      - Accept-Encoding
      x-content-type-options:
      - nosniff
      x-ms-arm-service-request-id:
      - 668a9866-d329-4015-bd10-24422f2fdf28
    status:
      code: 200
      message: OK
- request:
    body: null
    headers:
      Accept:
      - application/json
      Accept-Encoding:
      - gzip, deflate
      CommandName:
      - network vhub route-table route add
      Connection:
      - keep-alive
      ParameterSetName:
      - -n -g --vhub-name --destination-type --destinations --next-hop-type --next-hops
      User-Agent:
      - python/3.7.4 (Windows-10-10.0.18362-SP0) msrest/0.6.10 msrest_azure/0.6.2
        azure-mgmt-network/6.0.0 Azure-SDK-For-Python AZURECLI/2.0.75
    method: GET
    uri: https://management.azure.com/subscriptions/00000000-0000-0000-0000-000000000000/providers/Microsoft.Network/locations/southcentralus/operations/68ec2d6e-ff1e-43ea-b8fa-fff023262cfa?api-version=2019-09-01
  response:
    body:
      string: "{\r\n  \"status\": \"InProgress\"\r\n}"
    headers:
      cache-control:
      - no-cache
      content-length:
      - '30'
      content-type:
      - application/json; charset=utf-8
      date:
      - Wed, 23 Oct 2019 06:52:05 GMT
      expires:
      - '-1'
      pragma:
      - no-cache
      server:
      - Microsoft-HTTPAPI/2.0
      - Microsoft-HTTPAPI/2.0
      strict-transport-security:
      - max-age=31536000; includeSubDomains
      transfer-encoding:
      - chunked
      vary:
      - Accept-Encoding
      x-content-type-options:
      - nosniff
      x-ms-arm-service-request-id:
      - 408bccb1-2a1e-410c-bef9-bc52cd78c4bb
    status:
      code: 200
      message: OK
- request:
    body: null
    headers:
      Accept:
      - application/json
      Accept-Encoding:
      - gzip, deflate
      CommandName:
      - network vhub route-table route add
      Connection:
      - keep-alive
      ParameterSetName:
      - -n -g --vhub-name --destination-type --destinations --next-hop-type --next-hops
      User-Agent:
      - python/3.7.4 (Windows-10-10.0.18362-SP0) msrest/0.6.10 msrest_azure/0.6.2
        azure-mgmt-network/6.0.0 Azure-SDK-For-Python AZURECLI/2.0.75
    method: GET
    uri: https://management.azure.com/subscriptions/00000000-0000-0000-0000-000000000000/providers/Microsoft.Network/locations/southcentralus/operations/68ec2d6e-ff1e-43ea-b8fa-fff023262cfa?api-version=2019-09-01
  response:
    body:
      string: "{\r\n  \"status\": \"InProgress\"\r\n}"
    headers:
      cache-control:
      - no-cache
      content-length:
      - '30'
      content-type:
      - application/json; charset=utf-8
      date:
      - Wed, 23 Oct 2019 06:52:17 GMT
      expires:
      - '-1'
      pragma:
      - no-cache
      server:
      - Microsoft-HTTPAPI/2.0
      - Microsoft-HTTPAPI/2.0
      strict-transport-security:
      - max-age=31536000; includeSubDomains
      transfer-encoding:
      - chunked
      vary:
      - Accept-Encoding
      x-content-type-options:
      - nosniff
      x-ms-arm-service-request-id:
      - 3adc1875-3ab9-4d53-aaab-c73a25b44a47
    status:
      code: 200
      message: OK
- request:
    body: null
    headers:
      Accept:
      - application/json
      Accept-Encoding:
      - gzip, deflate
      CommandName:
      - network vhub route-table route add
      Connection:
      - keep-alive
      ParameterSetName:
      - -n -g --vhub-name --destination-type --destinations --next-hop-type --next-hops
      User-Agent:
      - python/3.7.4 (Windows-10-10.0.18362-SP0) msrest/0.6.10 msrest_azure/0.6.2
        azure-mgmt-network/6.0.0 Azure-SDK-For-Python AZURECLI/2.0.75
    method: GET
    uri: https://management.azure.com/subscriptions/00000000-0000-0000-0000-000000000000/providers/Microsoft.Network/locations/southcentralus/operations/68ec2d6e-ff1e-43ea-b8fa-fff023262cfa?api-version=2019-09-01
  response:
    body:
      string: "{\r\n  \"status\": \"InProgress\"\r\n}"
    headers:
      cache-control:
      - no-cache
      content-length:
      - '30'
      content-type:
      - application/json; charset=utf-8
      date:
      - Wed, 23 Oct 2019 06:52:27 GMT
      expires:
      - '-1'
      pragma:
      - no-cache
      server:
      - Microsoft-HTTPAPI/2.0
      - Microsoft-HTTPAPI/2.0
      strict-transport-security:
      - max-age=31536000; includeSubDomains
      transfer-encoding:
      - chunked
      vary:
      - Accept-Encoding
      x-content-type-options:
      - nosniff
      x-ms-arm-service-request-id:
      - c51849f5-7ae1-4d8b-b97d-6079ccde3aa5
    status:
      code: 200
      message: OK
- request:
    body: null
    headers:
      Accept:
      - application/json
      Accept-Encoding:
      - gzip, deflate
      CommandName:
      - network vhub route-table route add
      Connection:
      - keep-alive
      ParameterSetName:
      - -n -g --vhub-name --destination-type --destinations --next-hop-type --next-hops
      User-Agent:
      - python/3.7.4 (Windows-10-10.0.18362-SP0) msrest/0.6.10 msrest_azure/0.6.2
        azure-mgmt-network/6.0.0 Azure-SDK-For-Python AZURECLI/2.0.75
    method: GET
    uri: https://management.azure.com/subscriptions/00000000-0000-0000-0000-000000000000/providers/Microsoft.Network/locations/southcentralus/operations/68ec2d6e-ff1e-43ea-b8fa-fff023262cfa?api-version=2019-09-01
  response:
    body:
      string: "{\r\n  \"status\": \"Succeeded\"\r\n}"
    headers:
      cache-control:
      - no-cache
      content-length:
      - '29'
      content-type:
      - application/json; charset=utf-8
      date:
      - Wed, 23 Oct 2019 06:52:37 GMT
      expires:
      - '-1'
      pragma:
      - no-cache
      server:
      - Microsoft-HTTPAPI/2.0
      - Microsoft-HTTPAPI/2.0
      strict-transport-security:
      - max-age=31536000; includeSubDomains
      transfer-encoding:
      - chunked
      vary:
      - Accept-Encoding
      x-content-type-options:
      - nosniff
      x-ms-arm-service-request-id:
      - 56ed4759-dce1-45e7-b1db-6ee64f6d1c60
    status:
      code: 200
      message: OK
- request:
    body: null
    headers:
      Accept:
      - application/json
      Accept-Encoding:
      - gzip, deflate
      CommandName:
      - network vhub route-table route add
      Connection:
      - keep-alive
      ParameterSetName:
      - -n -g --vhub-name --destination-type --destinations --next-hop-type --next-hops
      User-Agent:
      - python/3.7.4 (Windows-10-10.0.18362-SP0) msrest/0.6.10 msrest_azure/0.6.2
        azure-mgmt-network/6.0.0 Azure-SDK-For-Python AZURECLI/2.0.75
    method: GET
    uri: https://management.azure.com/subscriptions/00000000-0000-0000-0000-000000000000/resourceGroups/1015/providers/Microsoft.Network/virtualHubs/myclitestvhub/routeTables/testroutetable?api-version=2019-09-01
  response:
    body:
      string: "{\r\n  \"name\": \"testroutetable\",\r\n  \"id\": \"/subscriptions/00000000-0000-0000-0000-000000000000/resourceGroups/1015/providers/Microsoft.Network/virtualHubs/myclitestvhub/routeTables/testroutetable\",\r\n
        \ \"etag\": \"W/\\\"84a37b0b-4d2f-4d16-b758-eb413feec2d8\\\"\",\r\n  \"properties\":
        {\r\n    \"provisioningState\": \"Succeeded\",\r\n    \"routes\": [\r\n      {\r\n
        \       \"destinationType\": \"CIDR\",\r\n        \"destinations\": [\r\n
        \         \"10.4.0.0/16\",\r\n          \"10.6.0.0/16\"\r\n        ],\r\n
        \       \"nextHopType\": \"IPAddress\",\r\n        \"nextHops\": [\r\n          \"10.0.0.68\"\r\n
        \       ]\r\n      },\r\n      {\r\n        \"destinationType\": \"Service\",\r\n
        \       \"destinations\": [\r\n          \"Skype\",\r\n          \"Sharepoint\"\r\n
        \       ],\r\n        \"nextHopType\": \"IPAddress\",\r\n        \"nextHops\":
        [\r\n          \"10.0.0.68\"\r\n        ]\r\n      }\r\n    ],\r\n    \"attachedConnections\":
        [\r\n      \"All_Branches\"\r\n    ]\r\n  },\r\n  \"type\": \"Microsoft.Network/virtualHubs/routeTables\"\r\n}"
    headers:
      cache-control:
      - no-cache
      content-length:
      - '931'
      content-type:
      - application/json; charset=utf-8
      date:
      - Wed, 23 Oct 2019 06:52:37 GMT
      expires:
      - '-1'
      pragma:
      - no-cache
      server:
      - Microsoft-HTTPAPI/2.0
      - Microsoft-HTTPAPI/2.0
      strict-transport-security:
      - max-age=31536000; includeSubDomains
      transfer-encoding:
      - chunked
      vary:
      - Accept-Encoding
      x-content-type-options:
      - nosniff
      x-ms-arm-service-request-id:
      - 743a19eb-a22c-43cd-87ed-58a34edefad1
    status:
      code: 200
      message: OK
- request:
    body: null
    headers:
      Accept:
      - application/json
      Accept-Encoding:
      - gzip, deflate
      CommandName:
      - network vhub route-table route remove
      Connection:
      - keep-alive
      ParameterSetName:
      - -n -g --vhub-name --index
      User-Agent:
      - python/3.7.4 (Windows-10-10.0.18362-SP0) msrest/0.6.10 msrest_azure/0.6.2
        azure-mgmt-network/6.0.0 Azure-SDK-For-Python AZURECLI/2.0.75
      accept-language:
      - en-US
    method: GET
    uri: https://management.azure.com/subscriptions/00000000-0000-0000-0000-000000000000/resourceGroups/1015/providers/Microsoft.Network/virtualHubs/myclitestvhub/routeTables/testroutetable?api-version=2019-09-01
  response:
    body:
      string: "{\r\n  \"name\": \"testroutetable\",\r\n  \"id\": \"/subscriptions/00000000-0000-0000-0000-000000000000/resourceGroups/1015/providers/Microsoft.Network/virtualHubs/myclitestvhub/routeTables/testroutetable\",\r\n
        \ \"etag\": \"W/\\\"84a37b0b-4d2f-4d16-b758-eb413feec2d8\\\"\",\r\n  \"properties\":
        {\r\n    \"provisioningState\": \"Succeeded\",\r\n    \"routes\": [\r\n      {\r\n
        \       \"destinationType\": \"CIDR\",\r\n        \"destinations\": [\r\n
        \         \"10.4.0.0/16\",\r\n          \"10.6.0.0/16\"\r\n        ],\r\n
        \       \"nextHopType\": \"IPAddress\",\r\n        \"nextHops\": [\r\n          \"10.0.0.68\"\r\n
        \       ]\r\n      },\r\n      {\r\n        \"destinationType\": \"Service\",\r\n
        \       \"destinations\": [\r\n          \"Skype\",\r\n          \"Sharepoint\"\r\n
        \       ],\r\n        \"nextHopType\": \"IPAddress\",\r\n        \"nextHops\":
        [\r\n          \"10.0.0.68\"\r\n        ]\r\n      }\r\n    ],\r\n    \"attachedConnections\":
        [\r\n      \"All_Branches\"\r\n    ]\r\n  },\r\n  \"type\": \"Microsoft.Network/virtualHubs/routeTables\"\r\n}"
    headers:
      cache-control:
      - no-cache
      content-length:
      - '931'
      content-type:
      - application/json; charset=utf-8
      date:
      - Wed, 23 Oct 2019 06:52:38 GMT
      expires:
      - '-1'
      pragma:
      - no-cache
      server:
      - Microsoft-HTTPAPI/2.0
      - Microsoft-HTTPAPI/2.0
      strict-transport-security:
      - max-age=31536000; includeSubDomains
      transfer-encoding:
      - chunked
      vary:
      - Accept-Encoding
      x-content-type-options:
      - nosniff
      x-ms-arm-service-request-id:
      - 31b544bd-58e9-43f7-9435-d2fd8a47c651
    status:
      code: 200
      message: OK
- request:
    body: '{"id": "/subscriptions/00000000-0000-0000-0000-000000000000/resourceGroups/1015/providers/Microsoft.Network/virtualHubs/myclitestvhub/routeTables/testroutetable",
      "properties": {"routes": [{"destinationType": "Service", "destinations": ["Skype",
      "Sharepoint"], "nextHopType": "IPAddress", "nextHops": ["10.0.0.68"]}], "attachedConnections":
      ["All_Branches"]}, "name": "testroutetable"}'
    headers:
      Accept:
      - application/json
      Accept-Encoding:
      - gzip, deflate
      CommandName:
      - network vhub route-table route remove
      Connection:
      - keep-alive
      Content-Length:
      - '385'
      Content-Type:
      - application/json; charset=utf-8
      ParameterSetName:
      - -n -g --vhub-name --index
      User-Agent:
      - python/3.7.4 (Windows-10-10.0.18362-SP0) msrest/0.6.10 msrest_azure/0.6.2
        azure-mgmt-network/6.0.0 Azure-SDK-For-Python AZURECLI/2.0.75
      accept-language:
      - en-US
    method: PUT
    uri: https://management.azure.com/subscriptions/00000000-0000-0000-0000-000000000000/resourceGroups/1015/providers/Microsoft.Network/virtualHubs/myclitestvhub/routeTables/testroutetable?api-version=2019-09-01
  response:
    body:
      string: "{\r\n  \"name\": \"testroutetable\",\r\n  \"id\": \"/subscriptions/00000000-0000-0000-0000-000000000000/resourceGroups/1015/providers/Microsoft.Network/virtualHubs/myclitestvhub/routeTables/testroutetable\",\r\n
        \ \"etag\": \"W/\\\"948188ae-1f09-4ec6-9b9f-5749f40e9ea0\\\"\",\r\n  \"properties\":
        {\r\n    \"provisioningState\": \"Updating\",\r\n    \"routes\": [\r\n      {\r\n
        \       \"destinationType\": \"Service\",\r\n        \"destinations\": [\r\n
        \         \"Skype\",\r\n          \"Sharepoint\"\r\n        ],\r\n        \"nextHopType\":
        \"IPAddress\",\r\n        \"nextHops\": [\r\n          \"10.0.0.68\"\r\n        ]\r\n
        \     }\r\n    ],\r\n    \"attachedConnections\": [\r\n      \"All_Branches\"\r\n
        \   ]\r\n  },\r\n  \"type\": \"Microsoft.Network/virtualHubs/routeTables\"\r\n}"
    headers:
      azure-asyncoperation:
      - https://management.azure.com/subscriptions/00000000-0000-0000-0000-000000000000/providers/Microsoft.Network/locations/southcentralus/operations/3a0dc554-65a4-4c6f-a4a5-a523620310f3?api-version=2019-09-01
      cache-control:
      - no-cache
      content-length:
      - '691'
      content-type:
      - application/json; charset=utf-8
      date:
      - Wed, 23 Oct 2019 06:52:39 GMT
      expires:
      - '-1'
      pragma:
      - no-cache
      server:
      - Microsoft-HTTPAPI/2.0
      - Microsoft-HTTPAPI/2.0
      strict-transport-security:
      - max-age=31536000; includeSubDomains
      transfer-encoding:
      - chunked
      vary:
      - Accept-Encoding
      x-content-type-options:
      - nosniff
      x-ms-arm-service-request-id:
      - ed91e707-9214-4b94-8208-4c016d05450e
      x-ms-ratelimit-remaining-subscription-writes:
      - '1197'
    status:
      code: 200
      message: OK
- request:
    body: null
    headers:
      Accept:
      - application/json
      Accept-Encoding:
      - gzip, deflate
      CommandName:
      - network vhub route-table route remove
      Connection:
      - keep-alive
      ParameterSetName:
      - -n -g --vhub-name --index
      User-Agent:
      - python/3.7.4 (Windows-10-10.0.18362-SP0) msrest/0.6.10 msrest_azure/0.6.2
        azure-mgmt-network/6.0.0 Azure-SDK-For-Python AZURECLI/2.0.75
    method: GET
    uri: https://management.azure.com/subscriptions/00000000-0000-0000-0000-000000000000/providers/Microsoft.Network/locations/southcentralus/operations/3a0dc554-65a4-4c6f-a4a5-a523620310f3?api-version=2019-09-01
  response:
    body:
      string: "{\r\n  \"status\": \"InProgress\"\r\n}"
    headers:
      cache-control:
      - no-cache
      content-length:
      - '30'
      content-type:
      - application/json; charset=utf-8
      date:
      - Wed, 23 Oct 2019 06:52:49 GMT
      expires:
      - '-1'
      pragma:
      - no-cache
      server:
      - Microsoft-HTTPAPI/2.0
      - Microsoft-HTTPAPI/2.0
      strict-transport-security:
      - max-age=31536000; includeSubDomains
      transfer-encoding:
      - chunked
      vary:
      - Accept-Encoding
      x-content-type-options:
      - nosniff
      x-ms-arm-service-request-id:
      - 978c2928-4a5a-4619-adfb-9a0cd88ae2b7
    status:
      code: 200
      message: OK
- request:
    body: null
    headers:
      Accept:
      - application/json
      Accept-Encoding:
      - gzip, deflate
      CommandName:
      - network vhub route-table route remove
      Connection:
      - keep-alive
      ParameterSetName:
      - -n -g --vhub-name --index
      User-Agent:
      - python/3.7.4 (Windows-10-10.0.18362-SP0) msrest/0.6.10 msrest_azure/0.6.2
        azure-mgmt-network/6.0.0 Azure-SDK-For-Python AZURECLI/2.0.75
    method: GET
    uri: https://management.azure.com/subscriptions/00000000-0000-0000-0000-000000000000/providers/Microsoft.Network/locations/southcentralus/operations/3a0dc554-65a4-4c6f-a4a5-a523620310f3?api-version=2019-09-01
  response:
    body:
      string: "{\r\n  \"status\": \"InProgress\"\r\n}"
    headers:
      cache-control:
      - no-cache
      content-length:
      - '30'
      content-type:
      - application/json; charset=utf-8
      date:
      - Wed, 23 Oct 2019 06:53:00 GMT
      expires:
      - '-1'
      pragma:
      - no-cache
      server:
      - Microsoft-HTTPAPI/2.0
      - Microsoft-HTTPAPI/2.0
      strict-transport-security:
      - max-age=31536000; includeSubDomains
      transfer-encoding:
      - chunked
      vary:
      - Accept-Encoding
      x-content-type-options:
      - nosniff
      x-ms-arm-service-request-id:
      - b136f080-e3b2-4eb1-8376-5e8e6977b6f0
    status:
      code: 200
      message: OK
- request:
    body: null
    headers:
      Accept:
      - application/json
      Accept-Encoding:
      - gzip, deflate
      CommandName:
      - network vhub route-table route remove
      Connection:
      - keep-alive
      ParameterSetName:
      - -n -g --vhub-name --index
      User-Agent:
      - python/3.7.4 (Windows-10-10.0.18362-SP0) msrest/0.6.10 msrest_azure/0.6.2
        azure-mgmt-network/6.0.0 Azure-SDK-For-Python AZURECLI/2.0.75
    method: GET
    uri: https://management.azure.com/subscriptions/00000000-0000-0000-0000-000000000000/providers/Microsoft.Network/locations/southcentralus/operations/3a0dc554-65a4-4c6f-a4a5-a523620310f3?api-version=2019-09-01
  response:
    body:
      string: "{\r\n  \"status\": \"InProgress\"\r\n}"
    headers:
      cache-control:
      - no-cache
      content-length:
      - '30'
      content-type:
      - application/json; charset=utf-8
      date:
      - Wed, 23 Oct 2019 06:53:10 GMT
      expires:
      - '-1'
      pragma:
      - no-cache
      server:
      - Microsoft-HTTPAPI/2.0
      - Microsoft-HTTPAPI/2.0
      strict-transport-security:
      - max-age=31536000; includeSubDomains
      transfer-encoding:
      - chunked
      vary:
      - Accept-Encoding
      x-content-type-options:
      - nosniff
      x-ms-arm-service-request-id:
      - b974e503-6b1b-4df8-ab08-3d82f11378b0
    status:
      code: 200
      message: OK
- request:
    body: null
    headers:
      Accept:
      - application/json
      Accept-Encoding:
      - gzip, deflate
      CommandName:
      - network vhub route-table route remove
      Connection:
      - keep-alive
      ParameterSetName:
      - -n -g --vhub-name --index
      User-Agent:
      - python/3.7.4 (Windows-10-10.0.18362-SP0) msrest/0.6.10 msrest_azure/0.6.2
        azure-mgmt-network/6.0.0 Azure-SDK-For-Python AZURECLI/2.0.75
    method: GET
    uri: https://management.azure.com/subscriptions/00000000-0000-0000-0000-000000000000/providers/Microsoft.Network/locations/southcentralus/operations/3a0dc554-65a4-4c6f-a4a5-a523620310f3?api-version=2019-09-01
  response:
    body:
      string: "{\r\n  \"status\": \"InProgress\"\r\n}"
    headers:
      cache-control:
      - no-cache
      content-length:
      - '30'
      content-type:
      - application/json; charset=utf-8
      date:
      - Wed, 23 Oct 2019 06:53:21 GMT
      expires:
      - '-1'
      pragma:
      - no-cache
      server:
      - Microsoft-HTTPAPI/2.0
      - Microsoft-HTTPAPI/2.0
      strict-transport-security:
      - max-age=31536000; includeSubDomains
      transfer-encoding:
      - chunked
      vary:
      - Accept-Encoding
      x-content-type-options:
      - nosniff
      x-ms-arm-service-request-id:
      - 0709a813-19be-4bb1-b672-77de7bab416b
    status:
      code: 200
      message: OK
- request:
    body: null
    headers:
      Accept:
      - application/json
      Accept-Encoding:
      - gzip, deflate
      CommandName:
      - network vhub route-table route remove
      Connection:
      - keep-alive
      ParameterSetName:
      - -n -g --vhub-name --index
      User-Agent:
      - python/3.7.4 (Windows-10-10.0.18362-SP0) msrest/0.6.10 msrest_azure/0.6.2
        azure-mgmt-network/6.0.0 Azure-SDK-For-Python AZURECLI/2.0.75
    method: GET
    uri: https://management.azure.com/subscriptions/00000000-0000-0000-0000-000000000000/providers/Microsoft.Network/locations/southcentralus/operations/3a0dc554-65a4-4c6f-a4a5-a523620310f3?api-version=2019-09-01
  response:
    body:
      string: "{\r\n  \"status\": \"InProgress\"\r\n}"
    headers:
      cache-control:
      - no-cache
      content-length:
      - '30'
      content-type:
      - application/json; charset=utf-8
      date:
      - Wed, 23 Oct 2019 06:53:31 GMT
      expires:
      - '-1'
      pragma:
      - no-cache
      server:
      - Microsoft-HTTPAPI/2.0
      - Microsoft-HTTPAPI/2.0
      strict-transport-security:
      - max-age=31536000; includeSubDomains
      transfer-encoding:
      - chunked
      vary:
      - Accept-Encoding
      x-content-type-options:
      - nosniff
      x-ms-arm-service-request-id:
      - 4c38d787-7255-4cf9-9902-fecbec667967
    status:
      code: 200
      message: OK
- request:
    body: null
    headers:
      Accept:
      - application/json
      Accept-Encoding:
      - gzip, deflate
      CommandName:
      - network vhub route-table route remove
      Connection:
      - keep-alive
      ParameterSetName:
      - -n -g --vhub-name --index
      User-Agent:
      - python/3.7.4 (Windows-10-10.0.18362-SP0) msrest/0.6.10 msrest_azure/0.6.2
        azure-mgmt-network/6.0.0 Azure-SDK-For-Python AZURECLI/2.0.75
    method: GET
    uri: https://management.azure.com/subscriptions/00000000-0000-0000-0000-000000000000/providers/Microsoft.Network/locations/southcentralus/operations/3a0dc554-65a4-4c6f-a4a5-a523620310f3?api-version=2019-09-01
  response:
    body:
      string: "{\r\n  \"status\": \"InProgress\"\r\n}"
    headers:
      cache-control:
      - no-cache
      content-length:
      - '30'
      content-type:
      - application/json; charset=utf-8
      date:
      - Wed, 23 Oct 2019 06:53:42 GMT
      expires:
      - '-1'
      pragma:
      - no-cache
      server:
      - Microsoft-HTTPAPI/2.0
      - Microsoft-HTTPAPI/2.0
      strict-transport-security:
      - max-age=31536000; includeSubDomains
      transfer-encoding:
      - chunked
      vary:
      - Accept-Encoding
      x-content-type-options:
      - nosniff
      x-ms-arm-service-request-id:
      - 2dd45deb-6092-484a-aa26-280ca15e47d6
    status:
      code: 200
      message: OK
- request:
    body: null
    headers:
      Accept:
      - application/json
      Accept-Encoding:
      - gzip, deflate
      CommandName:
      - network vhub route-table route remove
      Connection:
      - keep-alive
      ParameterSetName:
      - -n -g --vhub-name --index
      User-Agent:
      - python/3.7.4 (Windows-10-10.0.18362-SP0) msrest/0.6.10 msrest_azure/0.6.2
        azure-mgmt-network/6.0.0 Azure-SDK-For-Python AZURECLI/2.0.75
    method: GET
    uri: https://management.azure.com/subscriptions/00000000-0000-0000-0000-000000000000/providers/Microsoft.Network/locations/southcentralus/operations/3a0dc554-65a4-4c6f-a4a5-a523620310f3?api-version=2019-09-01
  response:
    body:
      string: "{\r\n  \"status\": \"Succeeded\"\r\n}"
    headers:
      cache-control:
      - no-cache
      content-length:
      - '29'
      content-type:
      - application/json; charset=utf-8
      date:
      - Wed, 23 Oct 2019 06:53:52 GMT
      expires:
      - '-1'
      pragma:
      - no-cache
      server:
      - Microsoft-HTTPAPI/2.0
      - Microsoft-HTTPAPI/2.0
      strict-transport-security:
      - max-age=31536000; includeSubDomains
      transfer-encoding:
      - chunked
      vary:
      - Accept-Encoding
      x-content-type-options:
      - nosniff
      x-ms-arm-service-request-id:
      - 177c4638-3bf9-4e9e-b876-cad607f06ee4
    status:
      code: 200
      message: OK
- request:
    body: null
    headers:
      Accept:
      - application/json
      Accept-Encoding:
      - gzip, deflate
      CommandName:
      - network vhub route-table route remove
      Connection:
      - keep-alive
      ParameterSetName:
      - -n -g --vhub-name --index
      User-Agent:
      - python/3.7.4 (Windows-10-10.0.18362-SP0) msrest/0.6.10 msrest_azure/0.6.2
        azure-mgmt-network/6.0.0 Azure-SDK-For-Python AZURECLI/2.0.75
    method: GET
    uri: https://management.azure.com/subscriptions/00000000-0000-0000-0000-000000000000/resourceGroups/1015/providers/Microsoft.Network/virtualHubs/myclitestvhub/routeTables/testroutetable?api-version=2019-09-01
  response:
    body:
      string: "{\r\n  \"name\": \"testroutetable\",\r\n  \"id\": \"/subscriptions/00000000-0000-0000-0000-000000000000/resourceGroups/1015/providers/Microsoft.Network/virtualHubs/myclitestvhub/routeTables/testroutetable\",\r\n
        \ \"etag\": \"W/\\\"436a1720-175a-450e-b1a0-eca6fee0e284\\\"\",\r\n  \"properties\":
        {\r\n    \"provisioningState\": \"Succeeded\",\r\n    \"routes\": [\r\n      {\r\n
        \       \"destinationType\": \"Service\",\r\n        \"destinations\": [\r\n
        \         \"Skype\",\r\n          \"Sharepoint\"\r\n        ],\r\n        \"nextHopType\":
        \"IPAddress\",\r\n        \"nextHops\": [\r\n          \"10.0.0.68\"\r\n        ]\r\n
        \     }\r\n    ],\r\n    \"attachedConnections\": [\r\n      \"All_Branches\"\r\n
        \   ]\r\n  },\r\n  \"type\": \"Microsoft.Network/virtualHubs/routeTables\"\r\n}"
    headers:
      cache-control:
      - no-cache
      content-length:
      - '692'
      content-type:
      - application/json; charset=utf-8
      date:
      - Wed, 23 Oct 2019 06:53:52 GMT
      expires:
      - '-1'
      pragma:
      - no-cache
      server:
      - Microsoft-HTTPAPI/2.0
      - Microsoft-HTTPAPI/2.0
      strict-transport-security:
      - max-age=31536000; includeSubDomains
      transfer-encoding:
      - chunked
      vary:
      - Accept-Encoding
      x-content-type-options:
      - nosniff
      x-ms-arm-service-request-id:
      - ca3cb45f-6ea0-4c91-b186-7e20d1b75206
    status:
      code: 200
      message: OK
- request:
    body: null
    headers:
      Accept:
      - application/json
      Accept-Encoding:
      - gzip, deflate
      CommandName:
      - network vhub route-table delete
      Connection:
      - keep-alive
      Content-Length:
      - '0'
      ParameterSetName:
      - -n -g --vhub-name
      User-Agent:
      - python/3.7.4 (Windows-10-10.0.18362-SP0) msrest/0.6.10 msrest_azure/0.6.2
        azure-mgmt-network/6.0.0 Azure-SDK-For-Python AZURECLI/2.0.75
      accept-language:
      - en-US
    method: DELETE
    uri: https://management.azure.com/subscriptions/00000000-0000-0000-0000-000000000000/resourceGroups/1015/providers/Microsoft.Network/virtualHubs/myclitestvhub/routeTables/testroutetable?api-version=2019-09-01
  response:
    body:
      string: ''
    headers:
      azure-asyncoperation:
      - https://management.azure.com/subscriptions/00000000-0000-0000-0000-000000000000/providers/Microsoft.Network/locations/southcentralus/operations/dd4ee691-35c5-4c60-a759-cf886c8355c9?api-version=2019-09-01
      cache-control:
      - no-cache
      content-length:
      - '0'
      date:
      - Wed, 23 Oct 2019 06:53:53 GMT
      expires:
      - '-1'
      location:
      - https://management.azure.com/subscriptions/00000000-0000-0000-0000-000000000000/providers/Microsoft.Network/locations/southcentralus/operationResults/dd4ee691-35c5-4c60-a759-cf886c8355c9?api-version=2019-09-01
      pragma:
      - no-cache
      server:
      - Microsoft-HTTPAPI/2.0
      - Microsoft-HTTPAPI/2.0
      strict-transport-security:
      - max-age=31536000; includeSubDomains
      x-content-type-options:
      - nosniff
      x-ms-arm-service-request-id:
      - d1dbdda1-754b-4ccb-9fb8-c941bcfe59e5
      x-ms-ratelimit-remaining-subscription-deletes:
      - '14999'
    status:
      code: 202
      message: Accepted
- request:
    body: null
    headers:
      Accept:
      - application/json
      Accept-Encoding:
      - gzip, deflate
      CommandName:
      - network vhub route-table delete
      Connection:
      - keep-alive
      ParameterSetName:
      - -n -g --vhub-name
      User-Agent:
      - python/3.7.4 (Windows-10-10.0.18362-SP0) msrest/0.6.10 msrest_azure/0.6.2
        azure-mgmt-network/6.0.0 Azure-SDK-For-Python AZURECLI/2.0.75
    method: GET
    uri: https://management.azure.com/subscriptions/00000000-0000-0000-0000-000000000000/providers/Microsoft.Network/locations/southcentralus/operations/dd4ee691-35c5-4c60-a759-cf886c8355c9?api-version=2019-09-01
  response:
    body:
      string: "{\r\n  \"status\": \"InProgress\"\r\n}"
    headers:
      cache-control:
      - no-cache
      content-length:
      - '30'
      content-type:
      - application/json; charset=utf-8
      date:
      - Wed, 23 Oct 2019 06:54:05 GMT
      expires:
      - '-1'
      pragma:
      - no-cache
      server:
      - Microsoft-HTTPAPI/2.0
      - Microsoft-HTTPAPI/2.0
      strict-transport-security:
      - max-age=31536000; includeSubDomains
      transfer-encoding:
      - chunked
      vary:
      - Accept-Encoding
      x-content-type-options:
      - nosniff
      x-ms-arm-service-request-id:
      - 84eed2fe-e799-459f-bf89-71d2ebb6301d
    status:
      code: 200
      message: OK
- request:
    body: null
    headers:
      Accept:
      - application/json
      Accept-Encoding:
      - gzip, deflate
      CommandName:
      - network vhub route-table delete
      Connection:
      - keep-alive
      ParameterSetName:
      - -n -g --vhub-name
      User-Agent:
      - python/3.7.4 (Windows-10-10.0.18362-SP0) msrest/0.6.10 msrest_azure/0.6.2
        azure-mgmt-network/6.0.0 Azure-SDK-For-Python AZURECLI/2.0.75
    method: GET
    uri: https://management.azure.com/subscriptions/00000000-0000-0000-0000-000000000000/providers/Microsoft.Network/locations/southcentralus/operations/dd4ee691-35c5-4c60-a759-cf886c8355c9?api-version=2019-09-01
  response:
    body:
      string: "{\r\n  \"status\": \"InProgress\"\r\n}"
    headers:
      cache-control:
      - no-cache
      content-length:
      - '30'
      content-type:
      - application/json; charset=utf-8
      date:
      - Wed, 23 Oct 2019 06:54:15 GMT
      expires:
      - '-1'
      pragma:
      - no-cache
      server:
      - Microsoft-HTTPAPI/2.0
      - Microsoft-HTTPAPI/2.0
      strict-transport-security:
      - max-age=31536000; includeSubDomains
      transfer-encoding:
      - chunked
      vary:
      - Accept-Encoding
      x-content-type-options:
      - nosniff
      x-ms-arm-service-request-id:
      - 7790e1e3-46d9-450b-bec2-3401f8d85d6d
    status:
      code: 200
      message: OK
- request:
    body: null
    headers:
      Accept:
      - application/json
      Accept-Encoding:
      - gzip, deflate
      CommandName:
      - network vhub route-table delete
      Connection:
      - keep-alive
      ParameterSetName:
      - -n -g --vhub-name
      User-Agent:
      - python/3.7.4 (Windows-10-10.0.18362-SP0) msrest/0.6.10 msrest_azure/0.6.2
        azure-mgmt-network/6.0.0 Azure-SDK-For-Python AZURECLI/2.0.75
    method: GET
    uri: https://management.azure.com/subscriptions/00000000-0000-0000-0000-000000000000/providers/Microsoft.Network/locations/southcentralus/operations/dd4ee691-35c5-4c60-a759-cf886c8355c9?api-version=2019-09-01
  response:
    body:
      string: "{\r\n  \"status\": \"InProgress\"\r\n}"
    headers:
      cache-control:
      - no-cache
      content-length:
      - '30'
      content-type:
      - application/json; charset=utf-8
      date:
      - Wed, 23 Oct 2019 06:54:25 GMT
      expires:
      - '-1'
      pragma:
      - no-cache
      server:
      - Microsoft-HTTPAPI/2.0
      - Microsoft-HTTPAPI/2.0
      strict-transport-security:
      - max-age=31536000; includeSubDomains
      transfer-encoding:
      - chunked
      vary:
      - Accept-Encoding
      x-content-type-options:
      - nosniff
      x-ms-arm-service-request-id:
      - c6a47acd-4038-4a49-a52b-de2750fd2132
    status:
      code: 200
      message: OK
- request:
    body: null
    headers:
      Accept:
      - application/json
      Accept-Encoding:
      - gzip, deflate
      CommandName:
      - network vhub route-table delete
      Connection:
      - keep-alive
      ParameterSetName:
      - -n -g --vhub-name
      User-Agent:
      - python/3.7.4 (Windows-10-10.0.18362-SP0) msrest/0.6.10 msrest_azure/0.6.2
        azure-mgmt-network/6.0.0 Azure-SDK-For-Python AZURECLI/2.0.75
    method: GET
    uri: https://management.azure.com/subscriptions/00000000-0000-0000-0000-000000000000/providers/Microsoft.Network/locations/southcentralus/operations/dd4ee691-35c5-4c60-a759-cf886c8355c9?api-version=2019-09-01
  response:
    body:
      string: "{\r\n  \"status\": \"InProgress\"\r\n}"
    headers:
      cache-control:
      - no-cache
      content-length:
      - '30'
      content-type:
      - application/json; charset=utf-8
      date:
      - Wed, 23 Oct 2019 06:54:35 GMT
      expires:
      - '-1'
      pragma:
      - no-cache
      server:
      - Microsoft-HTTPAPI/2.0
      - Microsoft-HTTPAPI/2.0
      strict-transport-security:
      - max-age=31536000; includeSubDomains
      transfer-encoding:
      - chunked
      vary:
      - Accept-Encoding
      x-content-type-options:
      - nosniff
      x-ms-arm-service-request-id:
      - ba6e34db-a0f5-4af0-9fbc-3e85435b8305
    status:
      code: 200
      message: OK
- request:
    body: null
    headers:
      Accept:
      - application/json
      Accept-Encoding:
      - gzip, deflate
      CommandName:
      - network vhub route-table delete
      Connection:
      - keep-alive
      ParameterSetName:
      - -n -g --vhub-name
      User-Agent:
      - python/3.7.4 (Windows-10-10.0.18362-SP0) msrest/0.6.10 msrest_azure/0.6.2
        azure-mgmt-network/6.0.0 Azure-SDK-For-Python AZURECLI/2.0.75
    method: GET
    uri: https://management.azure.com/subscriptions/00000000-0000-0000-0000-000000000000/providers/Microsoft.Network/locations/southcentralus/operations/dd4ee691-35c5-4c60-a759-cf886c8355c9?api-version=2019-09-01
  response:
    body:
      string: "{\r\n  \"status\": \"InProgress\"\r\n}"
    headers:
      cache-control:
      - no-cache
      content-length:
      - '30'
      content-type:
      - application/json; charset=utf-8
      date:
      - Wed, 23 Oct 2019 06:54:45 GMT
      expires:
      - '-1'
      pragma:
      - no-cache
      server:
      - Microsoft-HTTPAPI/2.0
      - Microsoft-HTTPAPI/2.0
      strict-transport-security:
      - max-age=31536000; includeSubDomains
      transfer-encoding:
      - chunked
      vary:
      - Accept-Encoding
      x-content-type-options:
      - nosniff
      x-ms-arm-service-request-id:
      - b508d92e-b8ab-43bc-9405-ec8876c2a066
    status:
      code: 200
      message: OK
- request:
    body: null
    headers:
      Accept:
      - application/json
      Accept-Encoding:
      - gzip, deflate
      CommandName:
      - network vhub route-table delete
      Connection:
      - keep-alive
      ParameterSetName:
      - -n -g --vhub-name
      User-Agent:
      - python/3.7.4 (Windows-10-10.0.18362-SP0) msrest/0.6.10 msrest_azure/0.6.2
        azure-mgmt-network/6.0.0 Azure-SDK-For-Python AZURECLI/2.0.75
    method: GET
    uri: https://management.azure.com/subscriptions/00000000-0000-0000-0000-000000000000/providers/Microsoft.Network/locations/southcentralus/operations/dd4ee691-35c5-4c60-a759-cf886c8355c9?api-version=2019-09-01
  response:
    body:
      string: "{\r\n  \"status\": \"InProgress\"\r\n}"
    headers:
      cache-control:
      - no-cache
      content-length:
      - '30'
      content-type:
      - application/json; charset=utf-8
      date:
      - Wed, 23 Oct 2019 06:54:56 GMT
      expires:
      - '-1'
      pragma:
      - no-cache
      server:
      - Microsoft-HTTPAPI/2.0
      - Microsoft-HTTPAPI/2.0
      strict-transport-security:
      - max-age=31536000; includeSubDomains
      transfer-encoding:
      - chunked
      vary:
      - Accept-Encoding
      x-content-type-options:
      - nosniff
      x-ms-arm-service-request-id:
      - 80464f7a-74ca-4c3e-922c-157f431e2295
    status:
      code: 200
      message: OK
- request:
    body: null
    headers:
      Accept:
      - application/json
      Accept-Encoding:
      - gzip, deflate
      CommandName:
      - network vhub route-table delete
      Connection:
      - keep-alive
      ParameterSetName:
      - -n -g --vhub-name
      User-Agent:
      - python/3.7.4 (Windows-10-10.0.18362-SP0) msrest/0.6.10 msrest_azure/0.6.2
        azure-mgmt-network/6.0.0 Azure-SDK-For-Python AZURECLI/2.0.75
    method: GET
    uri: https://management.azure.com/subscriptions/00000000-0000-0000-0000-000000000000/providers/Microsoft.Network/locations/southcentralus/operations/dd4ee691-35c5-4c60-a759-cf886c8355c9?api-version=2019-09-01
  response:
    body:
      string: "{\r\n  \"status\": \"Succeeded\"\r\n}"
    headers:
      cache-control:
      - no-cache
      content-length:
      - '29'
      content-type:
      - application/json; charset=utf-8
      date:
      - Wed, 23 Oct 2019 06:55:06 GMT
      expires:
      - '-1'
      pragma:
      - no-cache
      server:
      - Microsoft-HTTPAPI/2.0
      - Microsoft-HTTPAPI/2.0
      strict-transport-security:
      - max-age=31536000; includeSubDomains
      transfer-encoding:
      - chunked
      vary:
      - Accept-Encoding
      x-content-type-options:
      - nosniff
      x-ms-arm-service-request-id:
      - 120e7898-bb5b-4abb-96c6-35d374f88d8b
    status:
      code: 200
      message: OK
version: 1
