interactions:
- request:
    body: null
    headers:
      Accept:
      - application/json
      Accept-Encoding:
      - gzip, deflate
      CommandName:
      - network vwan create
      Connection:
      - keep-alive
      ParameterSetName:
      - -n -g --type
      User-Agent:
      - python/3.7.3 (Windows-10-10.0.19041-SP0) msrest/0.6.19 msrest_azure/0.6.4
        azure-mgmt-resource/12.0.0 Azure-SDK-For-Python AZURECLI/2.18.0
      accept-language:
      - en-US
    method: GET
    uri: https://management.azure.com/subscriptions/00000000-0000-0000-0000-000000000000/resourcegroups/cli_test_azure_vwan_route000001?api-version=2020-10-01
  response:
    body:
      string: '{"id":"/subscriptions/00000000-0000-0000-0000-000000000000/resourceGroups/cli_test_azure_vwan_route000001","name":"cli_test_azure_vwan_route000001","type":"Microsoft.Resources/resourceGroups","location":"westus","tags":{"product":"azurecli","cause":"automation","date":"2021-01-21T12:27:13Z"},"properties":{"provisioningState":"Succeeded"}}'
    headers:
      cache-control:
      - no-cache
      content-length:
      - '428'
      content-type:
      - application/json; charset=utf-8
      date:
      - Thu, 21 Jan 2021 12:27:15 GMT
      expires:
      - '-1'
      pragma:
      - no-cache
      strict-transport-security:
      - max-age=31536000; includeSubDomains
      vary:
      - Accept-Encoding
      x-content-type-options:
      - nosniff
    status:
      code: 200
      message: OK
- request:
    body: '{"location": "westus"}'
    headers:
      Accept:
      - application/json
      Accept-Encoding:
      - gzip, deflate
      CommandName:
      - network vwan create
      Connection:
      - keep-alive
      Content-Length:
      - '22'
      Content-Type:
      - application/json; charset=utf-8
      ParameterSetName:
      - -n -g --type
      User-Agent:
      - python/3.7.3 (Windows-10-10.0.19041-SP0) msrest/0.6.19 msrest_azure/0.6.4
        azure-mgmt-network/10.2.0 Azure-SDK-For-Python AZURECLI/2.18.0
      accept-language:
      - en-US
    method: PUT
    uri: https://management.azure.com/subscriptions/00000000-0000-0000-0000-000000000000/resourceGroups/cli_test_azure_vwan_route000001/providers/Microsoft.Network/virtualWans/clitestvwan?api-version=2020-05-01
  response:
    body:
      string: "{\r\n  \"name\": \"clitestvwan\",\r\n  \"id\": \"/subscriptions/00000000-0000-0000-0000-000000000000/resourceGroups/cli_test_azure_vwan_route000001/providers/Microsoft.Network/virtualWans/clitestvwan\",\r\n
        \ \"etag\": \"W/\\\"e133fa22-0ad3-4cee-b545-dca7ad4ecba4\\\"\",\r\n  \"type\":
        \"Microsoft.Network/virtualWans\",\r\n  \"location\": \"westus\",\r\n  \"properties\":
        {\r\n    \"provisioningState\": \"Updating\",\r\n    \"disableVpnEncryption\":
        false,\r\n    \"allowBranchToBranchTraffic\": true,\r\n    \"office365LocalBreakoutCategory\":
        \"None\",\r\n    \"type\": \"Standard\"\r\n  }\r\n}"
    headers:
      azure-asyncnotification:
      - Enabled
      azure-asyncoperation:
      - https://management.azure.com/subscriptions/00000000-0000-0000-0000-000000000000/providers/Microsoft.Network/locations/westus/operations/eda81a9e-c029-4bab-ac5e-80d968db1c3b?api-version=2020-05-01
      cache-control:
      - no-cache
      content-length:
      - '573'
      content-type:
      - application/json; charset=utf-8
      date:
      - Thu, 21 Jan 2021 12:27:21 GMT
      expires:
      - '-1'
      pragma:
      - no-cache
      server:
      - Microsoft-HTTPAPI/2.0
      - Microsoft-HTTPAPI/2.0
      strict-transport-security:
      - max-age=31536000; includeSubDomains
      x-content-type-options:
      - nosniff
      x-ms-arm-service-request-id:
      - 5013bcd8-f9f5-414a-8d34-732f78c73916
      x-ms-ratelimit-remaining-subscription-writes:
      - '1199'
    status:
      code: 201
      message: Created
- request:
    body: null
    headers:
      Accept:
      - application/json
      Accept-Encoding:
      - gzip, deflate
      CommandName:
      - network vwan create
      Connection:
      - keep-alive
      ParameterSetName:
      - -n -g --type
      User-Agent:
      - python/3.7.3 (Windows-10-10.0.19041-SP0) msrest/0.6.19 msrest_azure/0.6.4
        azure-mgmt-network/10.2.0 Azure-SDK-For-Python AZURECLI/2.18.0
    method: GET
    uri: https://management.azure.com/subscriptions/00000000-0000-0000-0000-000000000000/providers/Microsoft.Network/locations/westus/operations/eda81a9e-c029-4bab-ac5e-80d968db1c3b?api-version=2020-05-01
  response:
    body:
      string: "{\r\n  \"status\": \"Succeeded\"\r\n}"
    headers:
      cache-control:
      - no-cache
      content-length:
      - '29'
      content-type:
      - application/json; charset=utf-8
      date:
      - Thu, 21 Jan 2021 12:27:32 GMT
      expires:
      - '-1'
      pragma:
      - no-cache
      server:
      - Microsoft-HTTPAPI/2.0
      - Microsoft-HTTPAPI/2.0
      strict-transport-security:
      - max-age=31536000; includeSubDomains
      transfer-encoding:
      - chunked
      vary:
      - Accept-Encoding
      x-content-type-options:
      - nosniff
      x-ms-arm-service-request-id:
      - c2f48c04-6387-4528-8e15-5720c51ee734
    status:
      code: 200
      message: OK
- request:
    body: null
    headers:
      Accept:
      - application/json
      Accept-Encoding:
      - gzip, deflate
      CommandName:
      - network vwan create
      Connection:
      - keep-alive
      ParameterSetName:
      - -n -g --type
      User-Agent:
      - python/3.7.3 (Windows-10-10.0.19041-SP0) msrest/0.6.19 msrest_azure/0.6.4
        azure-mgmt-network/10.2.0 Azure-SDK-For-Python AZURECLI/2.18.0
    method: GET
    uri: https://management.azure.com/subscriptions/00000000-0000-0000-0000-000000000000/resourceGroups/cli_test_azure_vwan_route000001/providers/Microsoft.Network/virtualWans/clitestvwan?api-version=2020-05-01
  response:
    body:
      string: "{\r\n  \"name\": \"clitestvwan\",\r\n  \"id\": \"/subscriptions/00000000-0000-0000-0000-000000000000/resourceGroups/cli_test_azure_vwan_route000001/providers/Microsoft.Network/virtualWans/clitestvwan\",\r\n
        \ \"etag\": \"W/\\\"8375d680-5c62-478f-af86-f7e7cc5d08f6\\\"\",\r\n  \"type\":
        \"Microsoft.Network/virtualWans\",\r\n  \"location\": \"westus\",\r\n  \"properties\":
        {\r\n    \"provisioningState\": \"Succeeded\",\r\n    \"disableVpnEncryption\":
        false,\r\n    \"allowBranchToBranchTraffic\": true,\r\n    \"office365LocalBreakoutCategory\":
        \"None\",\r\n    \"type\": \"Standard\"\r\n  }\r\n}"
    headers:
      cache-control:
      - no-cache
      content-length:
      - '574'
      content-type:
      - application/json; charset=utf-8
      date:
      - Thu, 21 Jan 2021 12:27:32 GMT
      etag:
      - W/"8375d680-5c62-478f-af86-f7e7cc5d08f6"
      expires:
      - '-1'
      pragma:
      - no-cache
      server:
      - Microsoft-HTTPAPI/2.0
      - Microsoft-HTTPAPI/2.0
      strict-transport-security:
      - max-age=31536000; includeSubDomains
      transfer-encoding:
      - chunked
      vary:
      - Accept-Encoding
      x-content-type-options:
      - nosniff
      x-ms-arm-service-request-id:
      - 9bb6e385-eb25-4874-ad93-1c91f6d0b1d3
    status:
      code: 200
      message: OK
- request:
    body: '{"location": "SouthCentralUS", "properties": {"virtualWan": {"id": "/subscriptions/00000000-0000-0000-0000-000000000000/resourceGroups/cli_test_azure_vwan_route000001/providers/Microsoft.Network/virtualWans/clitestvwan"},
      "addressPrefix": "10.0.0.0/24", "sku": "Standard"}}'
    headers:
      Accept:
      - application/json
      Accept-Encoding:
      - gzip, deflate
      CommandName:
      - network vhub create
      Connection:
      - keep-alive
      Content-Length:
      - '317'
      Content-Type:
      - application/json; charset=utf-8
      ParameterSetName:
      - -g -n --vwan --address-prefix -l --sku
      User-Agent:
      - python/3.7.3 (Windows-10-10.0.19041-SP0) msrest/0.6.19 msrest_azure/0.6.4
        azure-mgmt-network/10.2.0 Azure-SDK-For-Python AZURECLI/2.18.0
      accept-language:
      - en-US
    method: PUT
    uri: https://management.azure.com/subscriptions/00000000-0000-0000-0000-000000000000/resourceGroups/cli_test_azure_vwan_route000001/providers/Microsoft.Network/virtualHubs/clitestvhub?api-version=2020-05-01
  response:
    body:
      string: "{\r\n  \"name\": \"clitestvhub\",\r\n  \"id\": \"/subscriptions/00000000-0000-0000-0000-000000000000/resourceGroups/cli_test_azure_vwan_route000001/providers/Microsoft.Network/virtualHubs/clitestvhub\",\r\n
        \ \"etag\": \"W/\\\"9b5df523-fb19-4687-b38a-e1cf978e7ff8\\\"\",\r\n  \"type\":
        \"Microsoft.Network/virtualHubs\",\r\n  \"location\": \"southcentralus\",\r\n
        \ \"properties\": {\r\n    \"provisioningState\": \"Updating\",\r\n    \"virtualHubRouteTableV2s\":
        [],\r\n    \"addressPrefix\": \"10.0.0.0/24\",\r\n    \"virtualRouterAsn\":
        0,\r\n    \"virtualRouterIps\": [],\r\n    \"routeTable\": {\r\n      \"routes\":
        []\r\n    },\r\n    \"virtualWan\": {\r\n      \"id\": \"/subscriptions/00000000-0000-0000-0000-000000000000/resourceGroups/cli_test_azure_vwan_route000001/providers/Microsoft.Network/virtualWans/clitestvwan\"\r\n
        \   },\r\n    \"sku\": \"Standard\",\r\n    \"routingState\": \"None\"\r\n
        \ }\r\n}"
    headers:
      azure-asyncnotification:
      - Enabled
      azure-asyncoperation:
      - https://management.azure.com/subscriptions/00000000-0000-0000-0000-000000000000/providers/Microsoft.Network/locations/southcentralus/operations/41e502fd-283d-4f0b-8137-525f54b50ad3?api-version=2020-05-01
      cache-control:
      - no-cache
      content-length:
      - '903'
      content-type:
      - application/json; charset=utf-8
      date:
      - Thu, 21 Jan 2021 12:27:39 GMT
      expires:
      - '-1'
      pragma:
      - no-cache
      server:
      - Microsoft-HTTPAPI/2.0
      - Microsoft-HTTPAPI/2.0
      strict-transport-security:
      - max-age=31536000; includeSubDomains
      x-content-type-options:
      - nosniff
      x-ms-arm-service-request-id:
      - 925eea9d-bd5a-42d5-aa36-58774ac27b10
      x-ms-ratelimit-remaining-subscription-writes:
      - '1198'
    status:
      code: 201
      message: Created
- request:
    body: null
    headers:
      Accept:
      - application/json
      Accept-Encoding:
      - gzip, deflate
      CommandName:
      - network vhub create
      Connection:
      - keep-alive
      ParameterSetName:
      - -g -n --vwan --address-prefix -l --sku
      User-Agent:
      - python/3.7.3 (Windows-10-10.0.19041-SP0) msrest/0.6.19 msrest_azure/0.6.4
        azure-mgmt-network/10.2.0 Azure-SDK-For-Python AZURECLI/2.18.0
    method: GET
    uri: https://management.azure.com/subscriptions/00000000-0000-0000-0000-000000000000/providers/Microsoft.Network/locations/southcentralus/operations/41e502fd-283d-4f0b-8137-525f54b50ad3?api-version=2020-05-01
  response:
    body:
      string: "{\r\n  \"status\": \"InProgress\"\r\n}"
    headers:
      cache-control:
      - no-cache
      content-length:
      - '30'
      content-type:
      - application/json; charset=utf-8
      date:
      - Thu, 21 Jan 2021 12:27:51 GMT
      expires:
      - '-1'
      pragma:
      - no-cache
      server:
      - Microsoft-HTTPAPI/2.0
      - Microsoft-HTTPAPI/2.0
      strict-transport-security:
      - max-age=31536000; includeSubDomains
      transfer-encoding:
      - chunked
      vary:
      - Accept-Encoding
      x-content-type-options:
      - nosniff
      x-ms-arm-service-request-id:
      - 8112daa6-3660-47b2-b026-db194d00ba88
    status:
      code: 200
      message: OK
- request:
    body: null
    headers:
      Accept:
      - application/json
      Accept-Encoding:
      - gzip, deflate
      CommandName:
      - network vhub create
      Connection:
      - keep-alive
      ParameterSetName:
      - -g -n --vwan --address-prefix -l --sku
      User-Agent:
      - python/3.7.3 (Windows-10-10.0.19041-SP0) msrest/0.6.19 msrest_azure/0.6.4
        azure-mgmt-network/10.2.0 Azure-SDK-For-Python AZURECLI/2.18.0
    method: GET
    uri: https://management.azure.com/subscriptions/00000000-0000-0000-0000-000000000000/providers/Microsoft.Network/locations/southcentralus/operations/41e502fd-283d-4f0b-8137-525f54b50ad3?api-version=2020-05-01
  response:
    body:
      string: "{\r\n  \"status\": \"InProgress\"\r\n}"
    headers:
      cache-control:
      - no-cache
      content-length:
      - '30'
      content-type:
      - application/json; charset=utf-8
      date:
      - Thu, 21 Jan 2021 12:28:01 GMT
      expires:
      - '-1'
      pragma:
      - no-cache
      server:
      - Microsoft-HTTPAPI/2.0
      - Microsoft-HTTPAPI/2.0
      strict-transport-security:
      - max-age=31536000; includeSubDomains
      transfer-encoding:
      - chunked
      vary:
      - Accept-Encoding
      x-content-type-options:
      - nosniff
      x-ms-arm-service-request-id:
      - c5d74dfb-9a2d-41a2-8304-18c67c4aa401
    status:
      code: 200
      message: OK
- request:
    body: null
    headers:
      Accept:
      - application/json
      Accept-Encoding:
      - gzip, deflate
      CommandName:
      - network vhub create
      Connection:
      - keep-alive
      ParameterSetName:
      - -g -n --vwan --address-prefix -l --sku
      User-Agent:
      - python/3.7.3 (Windows-10-10.0.19041-SP0) msrest/0.6.19 msrest_azure/0.6.4
        azure-mgmt-network/10.2.0 Azure-SDK-For-Python AZURECLI/2.18.0
    method: GET
    uri: https://management.azure.com/subscriptions/00000000-0000-0000-0000-000000000000/providers/Microsoft.Network/locations/southcentralus/operations/41e502fd-283d-4f0b-8137-525f54b50ad3?api-version=2020-05-01
  response:
    body:
      string: "{\r\n  \"status\": \"InProgress\"\r\n}"
    headers:
      cache-control:
      - no-cache
      content-length:
      - '30'
      content-type:
      - application/json; charset=utf-8
      date:
      - Thu, 21 Jan 2021 12:28:21 GMT
      expires:
      - '-1'
      pragma:
      - no-cache
      server:
      - Microsoft-HTTPAPI/2.0
      - Microsoft-HTTPAPI/2.0
      strict-transport-security:
      - max-age=31536000; includeSubDomains
      transfer-encoding:
      - chunked
      vary:
      - Accept-Encoding
      x-content-type-options:
      - nosniff
      x-ms-arm-service-request-id:
      - 3841da89-43a8-4656-841b-cb994daf1331
    status:
      code: 200
      message: OK
- request:
    body: null
    headers:
      Accept:
      - application/json
      Accept-Encoding:
      - gzip, deflate
      CommandName:
      - network vhub create
      Connection:
      - keep-alive
      ParameterSetName:
      - -g -n --vwan --address-prefix -l --sku
      User-Agent:
      - python/3.7.3 (Windows-10-10.0.19041-SP0) msrest/0.6.19 msrest_azure/0.6.4
        azure-mgmt-network/10.2.0 Azure-SDK-For-Python AZURECLI/2.18.0
    method: GET
    uri: https://management.azure.com/subscriptions/00000000-0000-0000-0000-000000000000/providers/Microsoft.Network/locations/southcentralus/operations/41e502fd-283d-4f0b-8137-525f54b50ad3?api-version=2020-05-01
  response:
    body:
      string: "{\r\n  \"status\": \"InProgress\"\r\n}"
    headers:
      cache-control:
      - no-cache
      content-length:
      - '30'
      content-type:
      - application/json; charset=utf-8
      date:
      - Thu, 21 Jan 2021 12:28:41 GMT
      expires:
      - '-1'
      pragma:
      - no-cache
      server:
      - Microsoft-HTTPAPI/2.0
      - Microsoft-HTTPAPI/2.0
      strict-transport-security:
      - max-age=31536000; includeSubDomains
      transfer-encoding:
      - chunked
      vary:
      - Accept-Encoding
      x-content-type-options:
      - nosniff
      x-ms-arm-service-request-id:
      - ebf4f0cd-eac6-4af6-a395-51857a390f33
    status:
      code: 200
      message: OK
- request:
    body: null
    headers:
      Accept:
      - application/json
      Accept-Encoding:
      - gzip, deflate
      CommandName:
      - network vhub create
      Connection:
      - keep-alive
      ParameterSetName:
      - -g -n --vwan --address-prefix -l --sku
      User-Agent:
      - python/3.7.3 (Windows-10-10.0.19041-SP0) msrest/0.6.19 msrest_azure/0.6.4
        azure-mgmt-network/10.2.0 Azure-SDK-For-Python AZURECLI/2.18.0
    method: GET
    uri: https://management.azure.com/subscriptions/00000000-0000-0000-0000-000000000000/providers/Microsoft.Network/locations/southcentralus/operations/41e502fd-283d-4f0b-8137-525f54b50ad3?api-version=2020-05-01
  response:
    body:
      string: "{\r\n  \"status\": \"InProgress\"\r\n}"
    headers:
      cache-control:
      - no-cache
      content-length:
      - '30'
      content-type:
      - application/json; charset=utf-8
      date:
      - Thu, 21 Jan 2021 12:29:21 GMT
      expires:
      - '-1'
      pragma:
      - no-cache
      server:
      - Microsoft-HTTPAPI/2.0
      - Microsoft-HTTPAPI/2.0
      strict-transport-security:
      - max-age=31536000; includeSubDomains
      transfer-encoding:
      - chunked
      vary:
      - Accept-Encoding
      x-content-type-options:
      - nosniff
      x-ms-arm-service-request-id:
      - 86fbd512-58e6-426f-b10d-feba6a764138
    status:
      code: 200
      message: OK
- request:
    body: null
    headers:
      Accept:
      - application/json
      Accept-Encoding:
      - gzip, deflate
      CommandName:
      - network vhub create
      Connection:
      - keep-alive
      ParameterSetName:
      - -g -n --vwan --address-prefix -l --sku
      User-Agent:
      - python/3.7.3 (Windows-10-10.0.19041-SP0) msrest/0.6.19 msrest_azure/0.6.4
        azure-mgmt-network/10.2.0 Azure-SDK-For-Python AZURECLI/2.18.0
    method: GET
    uri: https://management.azure.com/subscriptions/00000000-0000-0000-0000-000000000000/providers/Microsoft.Network/locations/southcentralus/operations/41e502fd-283d-4f0b-8137-525f54b50ad3?api-version=2020-05-01
  response:
    body:
      string: "{\r\n  \"status\": \"InProgress\"\r\n}"
    headers:
      cache-control:
      - no-cache
      content-length:
      - '30'
      content-type:
      - application/json; charset=utf-8
      date:
      - Thu, 21 Jan 2021 12:30:02 GMT
      expires:
      - '-1'
      pragma:
      - no-cache
      server:
      - Microsoft-HTTPAPI/2.0
      - Microsoft-HTTPAPI/2.0
      strict-transport-security:
      - max-age=31536000; includeSubDomains
      transfer-encoding:
      - chunked
      vary:
      - Accept-Encoding
      x-content-type-options:
      - nosniff
      x-ms-arm-service-request-id:
      - 2ccf077e-1416-4b84-949b-1acb25831036
    status:
      code: 200
      message: OK
- request:
    body: null
    headers:
      Accept:
      - application/json
      Accept-Encoding:
      - gzip, deflate
      CommandName:
      - network vhub create
      Connection:
      - keep-alive
      ParameterSetName:
      - -g -n --vwan --address-prefix -l --sku
      User-Agent:
      - python/3.7.3 (Windows-10-10.0.19041-SP0) msrest/0.6.19 msrest_azure/0.6.4
        azure-mgmt-network/10.2.0 Azure-SDK-For-Python AZURECLI/2.18.0
    method: GET
    uri: https://management.azure.com/subscriptions/00000000-0000-0000-0000-000000000000/providers/Microsoft.Network/locations/southcentralus/operations/41e502fd-283d-4f0b-8137-525f54b50ad3?api-version=2020-05-01
  response:
    body:
      string: "{\r\n  \"status\": \"Succeeded\"\r\n}"
    headers:
      cache-control:
      - no-cache
      content-length:
      - '29'
      content-type:
      - application/json; charset=utf-8
      date:
      - Thu, 21 Jan 2021 12:31:42 GMT
      expires:
      - '-1'
      pragma:
      - no-cache
      server:
      - Microsoft-HTTPAPI/2.0
      - Microsoft-HTTPAPI/2.0
      strict-transport-security:
      - max-age=31536000; includeSubDomains
      transfer-encoding:
      - chunked
      vary:
      - Accept-Encoding
      x-content-type-options:
      - nosniff
      x-ms-arm-service-request-id:
      - fe71c801-4c63-4352-a687-21d48abf8dca
    status:
      code: 200
      message: OK
- request:
    body: null
    headers:
      Accept:
      - application/json
      Accept-Encoding:
      - gzip, deflate
      CommandName:
      - network vhub create
      Connection:
      - keep-alive
      ParameterSetName:
      - -g -n --vwan --address-prefix -l --sku
      User-Agent:
      - python/3.7.3 (Windows-10-10.0.19041-SP0) msrest/0.6.19 msrest_azure/0.6.4
        azure-mgmt-network/10.2.0 Azure-SDK-For-Python AZURECLI/2.18.0
    method: GET
    uri: https://management.azure.com/subscriptions/00000000-0000-0000-0000-000000000000/resourceGroups/cli_test_azure_vwan_route000001/providers/Microsoft.Network/virtualHubs/clitestvhub?api-version=2020-05-01
  response:
    body:
      string: "{\r\n  \"name\": \"clitestvhub\",\r\n  \"id\": \"/subscriptions/00000000-0000-0000-0000-000000000000/resourceGroups/cli_test_azure_vwan_route000001/providers/Microsoft.Network/virtualHubs/clitestvhub\",\r\n
        \ \"etag\": \"W/\\\"7b50951b-6d15-40f3-aeba-51343317b180\\\"\",\r\n  \"type\":
        \"Microsoft.Network/virtualHubs\",\r\n  \"location\": \"southcentralus\",\r\n
        \ \"properties\": {\r\n    \"provisioningState\": \"Succeeded\",\r\n    \"virtualHubRouteTableV2s\":
        [],\r\n    \"addressPrefix\": \"10.0.0.0/24\",\r\n    \"virtualRouterAsn\":
        0,\r\n    \"virtualRouterIps\": [],\r\n    \"routeTable\": {\r\n      \"routes\":
        []\r\n    },\r\n    \"virtualWan\": {\r\n      \"id\": \"/subscriptions/00000000-0000-0000-0000-000000000000/resourceGroups/cli_test_azure_vwan_route000001/providers/Microsoft.Network/virtualWans/clitestvwan\"\r\n
        \   },\r\n    \"sku\": \"Standard\",\r\n    \"routingState\": \"Provisioning\"\r\n
        \ }\r\n}"
    headers:
      cache-control:
      - no-cache
      content-length:
      - '912'
      content-type:
      - application/json; charset=utf-8
      date:
      - Thu, 21 Jan 2021 12:31:42 GMT
      expires:
      - '-1'
      pragma:
      - no-cache
      server:
      - Microsoft-HTTPAPI/2.0
      - Microsoft-HTTPAPI/2.0
      strict-transport-security:
      - max-age=31536000; includeSubDomains
      transfer-encoding:
      - chunked
      vary:
      - Accept-Encoding
      x-content-type-options:
      - nosniff
      x-ms-arm-service-request-id:
      - 98f6dc2c-26e7-40fb-b3af-fa61eb512d3c
    status:
      code: 200
      message: OK
- request:
    body: null
    headers:
      Accept:
      - application/json
      Accept-Encoding:
      - gzip, deflate
      CommandName:
      - network vhub route add
      Connection:
      - keep-alive
      ParameterSetName:
      - -g --vhub-name --next-hop --address-prefixes
      User-Agent:
      - python/3.7.3 (Windows-10-10.0.19041-SP0) msrest/0.6.19 msrest_azure/0.6.4
        azure-mgmt-network/10.2.0 Azure-SDK-For-Python AZURECLI/2.18.0
      accept-language:
      - en-US
    method: GET
    uri: https://management.azure.com/subscriptions/00000000-0000-0000-0000-000000000000/resourceGroups/cli_test_azure_vwan_route000001/providers/Microsoft.Network/virtualHubs/clitestvhub?api-version=2020-05-01
  response:
    body:
      string: "{\r\n  \"name\": \"clitestvhub\",\r\n  \"id\": \"/subscriptions/00000000-0000-0000-0000-000000000000/resourceGroups/cli_test_azure_vwan_route000001/providers/Microsoft.Network/virtualHubs/clitestvhub\",\r\n
        \ \"etag\": \"W/\\\"7b50951b-6d15-40f3-aeba-51343317b180\\\"\",\r\n  \"type\":
        \"Microsoft.Network/virtualHubs\",\r\n  \"location\": \"southcentralus\",\r\n
        \ \"properties\": {\r\n    \"provisioningState\": \"Succeeded\",\r\n    \"virtualHubRouteTableV2s\":
        [],\r\n    \"addressPrefix\": \"10.0.0.0/24\",\r\n    \"virtualRouterAsn\":
        0,\r\n    \"virtualRouterIps\": [],\r\n    \"routeTable\": {\r\n      \"routes\":
        []\r\n    },\r\n    \"virtualWan\": {\r\n      \"id\": \"/subscriptions/00000000-0000-0000-0000-000000000000/resourceGroups/cli_test_azure_vwan_route000001/providers/Microsoft.Network/virtualWans/clitestvwan\"\r\n
        \   },\r\n    \"sku\": \"Standard\",\r\n    \"routingState\": \"Provisioning\"\r\n
        \ }\r\n}"
    headers:
      cache-control:
      - no-cache
      content-length:
      - '912'
      content-type:
      - application/json; charset=utf-8
      date:
      - Thu, 21 Jan 2021 12:31:44 GMT
      expires:
      - '-1'
      pragma:
      - no-cache
      server:
      - Microsoft-HTTPAPI/2.0
      - Microsoft-HTTPAPI/2.0
      strict-transport-security:
      - max-age=31536000; includeSubDomains
      transfer-encoding:
      - chunked
      vary:
      - Accept-Encoding
      x-content-type-options:
      - nosniff
      x-ms-arm-service-request-id:
      - 4cd00877-4272-43d9-ba26-3a08620be6ac
    status:
      code: 200
      message: OK
- request:
    body: '{"id": "/subscriptions/00000000-0000-0000-0000-000000000000/resourceGroups/cli_test_azure_vwan_route000001/providers/Microsoft.Network/virtualHubs/clitestvhub",
      "location": "southcentralus", "properties": {"virtualWan": {"id": "/subscriptions/00000000-0000-0000-0000-000000000000/resourceGroups/cli_test_azure_vwan_route000001/providers/Microsoft.Network/virtualWans/clitestvwan"},
      "addressPrefix": "10.0.0.0/24", "routeTable": {"routes": [{"addressPrefixes":
      ["10.3.3.0/28"], "nextHopIpAddress": "10.0.0.7"}]}, "virtualHubRouteTableV2s":
      [], "sku": "Standard", "routingState": "Provisioning", "virtualRouterAsn": 0,
      "virtualRouterIps": []}}'
    headers:
      Accept:
      - application/json
      Accept-Encoding:
      - gzip, deflate
      CommandName:
      - network vhub route add
      Connection:
      - keep-alive
      Content-Length:
      - '729'
      Content-Type:
      - application/json; charset=utf-8
      ParameterSetName:
      - -g --vhub-name --next-hop --address-prefixes
      User-Agent:
      - python/3.7.3 (Windows-10-10.0.19041-SP0) msrest/0.6.19 msrest_azure/0.6.4
        azure-mgmt-network/10.2.0 Azure-SDK-For-Python AZURECLI/2.18.0
      accept-language:
      - en-US
    method: PUT
    uri: https://management.azure.com/subscriptions/00000000-0000-0000-0000-000000000000/resourceGroups/cli_test_azure_vwan_route000001/providers/Microsoft.Network/virtualHubs/clitestvhub?api-version=2020-05-01
  response:
    body:
      string: "{\r\n  \"name\": \"clitestvhub\",\r\n  \"id\": \"/subscriptions/00000000-0000-0000-0000-000000000000/resourceGroups/cli_test_azure_vwan_route000001/providers/Microsoft.Network/virtualHubs/clitestvhub\",\r\n
        \ \"etag\": \"W/\\\"4d10b6a0-0c26-42db-bd36-4e11b988f40d\\\"\",\r\n  \"type\":
        \"Microsoft.Network/virtualHubs\",\r\n  \"location\": \"southcentralus\",\r\n
        \ \"properties\": {\r\n    \"provisioningState\": \"Updating\",\r\n    \"virtualHubRouteTableV2s\":
        [],\r\n    \"addressPrefix\": \"10.0.0.0/24\",\r\n    \"virtualRouterAsn\":
        0,\r\n    \"virtualRouterIps\": [],\r\n    \"routeTable\": {\r\n      \"routes\":
        [\r\n        {\r\n          \"addressPrefixes\": [\r\n            \"10.3.3.0/28\"\r\n
        \         ],\r\n          \"nextHopIpAddress\": \"10.0.0.7\"\r\n        }\r\n
        \     ]\r\n    },\r\n    \"virtualWan\": {\r\n      \"id\": \"/subscriptions/00000000-0000-0000-0000-000000000000/resourceGroups/cli_test_azure_vwan_route000001/providers/Microsoft.Network/virtualWans/clitestvwan\"\r\n
        \   },\r\n    \"sku\": \"Standard\",\r\n    \"routingState\": \"Provisioning\"\r\n
        \ }\r\n}"
    headers:
      azure-asyncoperation:
      - https://management.azure.com/subscriptions/00000000-0000-0000-0000-000000000000/providers/Microsoft.Network/locations/southcentralus/operations/66b105f7-572c-4195-b0c8-e420a1abea86?api-version=2020-05-01
      cache-control:
      - no-cache
      content-length:
      - '1056'
      content-type:
      - application/json; charset=utf-8
      date:
      - Thu, 21 Jan 2021 12:31:45 GMT
      expires:
      - '-1'
      pragma:
      - no-cache
      server:
      - Microsoft-HTTPAPI/2.0
      - Microsoft-HTTPAPI/2.0
      strict-transport-security:
      - max-age=31536000; includeSubDomains
      transfer-encoding:
      - chunked
      vary:
      - Accept-Encoding
      x-content-type-options:
      - nosniff
      x-ms-arm-service-request-id:
      - 77d52100-547b-41bc-b262-1d103453df6a
      x-ms-ratelimit-remaining-subscription-writes:
      - '1198'
    status:
      code: 200
      message: OK
- request:
    body: null
    headers:
      Accept:
      - application/json
      Accept-Encoding:
      - gzip, deflate
      CommandName:
      - network vhub route add
      Connection:
      - keep-alive
      ParameterSetName:
      - -g --vhub-name --next-hop --address-prefixes
      User-Agent:
      - python/3.7.3 (Windows-10-10.0.19041-SP0) msrest/0.6.19 msrest_azure/0.6.4
        azure-mgmt-network/10.2.0 Azure-SDK-For-Python AZURECLI/2.18.0
    method: GET
    uri: https://management.azure.com/subscriptions/00000000-0000-0000-0000-000000000000/providers/Microsoft.Network/locations/southcentralus/operations/66b105f7-572c-4195-b0c8-e420a1abea86?api-version=2020-05-01
  response:
    body:
      string: "{\r\n  \"status\": \"InProgress\"\r\n}"
    headers:
      cache-control:
      - no-cache
      content-length:
      - '30'
      content-type:
      - application/json; charset=utf-8
      date:
      - Thu, 21 Jan 2021 12:31:56 GMT
      expires:
      - '-1'
      pragma:
      - no-cache
      server:
      - Microsoft-HTTPAPI/2.0
      - Microsoft-HTTPAPI/2.0
      strict-transport-security:
      - max-age=31536000; includeSubDomains
      transfer-encoding:
      - chunked
      vary:
      - Accept-Encoding
      x-content-type-options:
      - nosniff
      x-ms-arm-service-request-id:
      - d0bd36ca-6d28-4d15-b7e5-00f0152fcd36
    status:
      code: 200
      message: OK
- request:
    body: null
    headers:
      Accept:
      - application/json
      Accept-Encoding:
      - gzip, deflate
      CommandName:
      - network vhub route add
      Connection:
      - keep-alive
      ParameterSetName:
      - -g --vhub-name --next-hop --address-prefixes
      User-Agent:
      - python/3.7.3 (Windows-10-10.0.19041-SP0) msrest/0.6.19 msrest_azure/0.6.4
        azure-mgmt-network/10.2.0 Azure-SDK-For-Python AZURECLI/2.18.0
    method: GET
    uri: https://management.azure.com/subscriptions/00000000-0000-0000-0000-000000000000/providers/Microsoft.Network/locations/southcentralus/operations/66b105f7-572c-4195-b0c8-e420a1abea86?api-version=2020-05-01
  response:
    body:
      string: "{\r\n  \"status\": \"InProgress\"\r\n}"
    headers:
      cache-control:
      - no-cache
      content-length:
      - '30'
      content-type:
      - application/json; charset=utf-8
      date:
      - Thu, 21 Jan 2021 12:32:07 GMT
      expires:
      - '-1'
      pragma:
      - no-cache
      server:
      - Microsoft-HTTPAPI/2.0
      - Microsoft-HTTPAPI/2.0
      strict-transport-security:
      - max-age=31536000; includeSubDomains
      transfer-encoding:
      - chunked
      vary:
      - Accept-Encoding
      x-content-type-options:
      - nosniff
      x-ms-arm-service-request-id:
      - 78bd2bb5-4232-4e2b-9f9d-6e7509296f45
    status:
      code: 200
      message: OK
- request:
    body: null
    headers:
      Accept:
      - application/json
      Accept-Encoding:
      - gzip, deflate
      CommandName:
      - network vhub route add
      Connection:
      - keep-alive
      ParameterSetName:
      - -g --vhub-name --next-hop --address-prefixes
      User-Agent:
      - python/3.7.3 (Windows-10-10.0.19041-SP0) msrest/0.6.19 msrest_azure/0.6.4
        azure-mgmt-network/10.2.0 Azure-SDK-For-Python AZURECLI/2.18.0
    method: GET
    uri: https://management.azure.com/subscriptions/00000000-0000-0000-0000-000000000000/providers/Microsoft.Network/locations/southcentralus/operations/66b105f7-572c-4195-b0c8-e420a1abea86?api-version=2020-05-01
  response:
    body:
      string: "{\r\n  \"status\": \"InProgress\"\r\n}"
    headers:
      cache-control:
      - no-cache
      content-length:
      - '30'
      content-type:
      - application/json; charset=utf-8
      date:
      - Thu, 21 Jan 2021 12:32:27 GMT
      expires:
      - '-1'
      pragma:
      - no-cache
      server:
      - Microsoft-HTTPAPI/2.0
      - Microsoft-HTTPAPI/2.0
      strict-transport-security:
      - max-age=31536000; includeSubDomains
      transfer-encoding:
      - chunked
      vary:
      - Accept-Encoding
      x-content-type-options:
      - nosniff
      x-ms-arm-service-request-id:
      - 02dc6920-df3b-4d40-b5ca-a99c30fb19ec
    status:
      code: 200
      message: OK
- request:
    body: null
    headers:
      Accept:
      - application/json
      Accept-Encoding:
      - gzip, deflate
      CommandName:
      - network vhub route add
      Connection:
      - keep-alive
      ParameterSetName:
      - -g --vhub-name --next-hop --address-prefixes
      User-Agent:
      - python/3.7.3 (Windows-10-10.0.19041-SP0) msrest/0.6.19 msrest_azure/0.6.4
        azure-mgmt-network/10.2.0 Azure-SDK-For-Python AZURECLI/2.18.0
    method: GET
    uri: https://management.azure.com/subscriptions/00000000-0000-0000-0000-000000000000/providers/Microsoft.Network/locations/southcentralus/operations/66b105f7-572c-4195-b0c8-e420a1abea86?api-version=2020-05-01
  response:
    body:
      string: "{\r\n  \"status\": \"InProgress\"\r\n}"
    headers:
      cache-control:
      - no-cache
      content-length:
      - '30'
      content-type:
      - application/json; charset=utf-8
      date:
      - Thu, 21 Jan 2021 12:33:07 GMT
      expires:
      - '-1'
      pragma:
      - no-cache
      server:
      - Microsoft-HTTPAPI/2.0
      - Microsoft-HTTPAPI/2.0
      strict-transport-security:
      - max-age=31536000; includeSubDomains
      transfer-encoding:
      - chunked
      vary:
      - Accept-Encoding
      x-content-type-options:
      - nosniff
      x-ms-arm-service-request-id:
      - 9371b801-3e9a-4c55-971a-b8687433f2dc
    status:
      code: 200
      message: OK
- request:
    body: null
    headers:
      Accept:
      - application/json
      Accept-Encoding:
      - gzip, deflate
      CommandName:
      - network vhub route add
      Connection:
      - keep-alive
      ParameterSetName:
      - -g --vhub-name --next-hop --address-prefixes
      User-Agent:
      - python/3.7.3 (Windows-10-10.0.19041-SP0) msrest/0.6.19 msrest_azure/0.6.4
        azure-mgmt-network/10.2.0 Azure-SDK-For-Python AZURECLI/2.18.0
    method: GET
    uri: https://management.azure.com/subscriptions/00000000-0000-0000-0000-000000000000/providers/Microsoft.Network/locations/southcentralus/operations/66b105f7-572c-4195-b0c8-e420a1abea86?api-version=2020-05-01
  response:
    body:
      string: "{\r\n  \"status\": \"Succeeded\"\r\n}"
    headers:
      cache-control:
      - no-cache
      content-length:
      - '29'
      content-type:
      - application/json; charset=utf-8
      date:
      - Thu, 21 Jan 2021 12:34:28 GMT
      expires:
      - '-1'
      pragma:
      - no-cache
      server:
      - Microsoft-HTTPAPI/2.0
      - Microsoft-HTTPAPI/2.0
      strict-transport-security:
      - max-age=31536000; includeSubDomains
      transfer-encoding:
      - chunked
      vary:
      - Accept-Encoding
      x-content-type-options:
      - nosniff
      x-ms-arm-service-request-id:
      - 2069f797-50ac-4db1-94ac-a419a91e439e
    status:
      code: 200
      message: OK
- request:
    body: null
    headers:
      Accept:
      - application/json
      Accept-Encoding:
      - gzip, deflate
      CommandName:
      - network vhub route add
      Connection:
      - keep-alive
      ParameterSetName:
      - -g --vhub-name --next-hop --address-prefixes
      User-Agent:
      - python/3.7.3 (Windows-10-10.0.19041-SP0) msrest/0.6.19 msrest_azure/0.6.4
        azure-mgmt-network/10.2.0 Azure-SDK-For-Python AZURECLI/2.18.0
    method: GET
    uri: https://management.azure.com/subscriptions/00000000-0000-0000-0000-000000000000/resourceGroups/cli_test_azure_vwan_route000001/providers/Microsoft.Network/virtualHubs/clitestvhub?api-version=2020-05-01
  response:
    body:
      string: "{\r\n  \"name\": \"clitestvhub\",\r\n  \"id\": \"/subscriptions/00000000-0000-0000-0000-000000000000/resourceGroups/cli_test_azure_vwan_route000001/providers/Microsoft.Network/virtualHubs/clitestvhub\",\r\n
        \ \"etag\": \"W/\\\"8c014d07-e1a9-483e-88d3-c49fb7d84141\\\"\",\r\n  \"type\":
        \"Microsoft.Network/virtualHubs\",\r\n  \"location\": \"southcentralus\",\r\n
        \ \"properties\": {\r\n    \"provisioningState\": \"Succeeded\",\r\n    \"virtualHubRouteTableV2s\":
        [],\r\n    \"addressPrefix\": \"10.0.0.0/24\",\r\n    \"virtualRouterAsn\":
        0,\r\n    \"virtualRouterIps\": [],\r\n    \"routeTable\": {\r\n      \"routes\":
        [\r\n        {\r\n          \"addressPrefixes\": [\r\n            \"10.3.3.0/28\"\r\n
        \         ],\r\n          \"nextHopIpAddress\": \"10.0.0.7\"\r\n        }\r\n
        \     ]\r\n    },\r\n    \"virtualWan\": {\r\n      \"id\": \"/subscriptions/00000000-0000-0000-0000-000000000000/resourceGroups/cli_test_azure_vwan_route000001/providers/Microsoft.Network/virtualWans/clitestvwan\"\r\n
        \   },\r\n    \"sku\": \"Standard\",\r\n    \"routingState\": \"Provisioning\"\r\n
        \ }\r\n}"
    headers:
      cache-control:
      - no-cache
      content-length:
      - '1057'
      content-type:
      - application/json; charset=utf-8
      date:
      - Thu, 21 Jan 2021 12:34:28 GMT
      expires:
      - '-1'
      pragma:
      - no-cache
      server:
      - Microsoft-HTTPAPI/2.0
      - Microsoft-HTTPAPI/2.0
      strict-transport-security:
      - max-age=31536000; includeSubDomains
      transfer-encoding:
      - chunked
      vary:
      - Accept-Encoding
      x-content-type-options:
      - nosniff
      x-ms-arm-service-request-id:
      - 1cff432b-651c-46c5-bb1a-b437ab610a4f
    status:
      code: 200
      message: OK
- request:
    body: null
    headers:
      Accept:
      - application/json
      Accept-Encoding:
      - gzip, deflate
      CommandName:
      - network vhub route reset
      Connection:
      - keep-alive
      ParameterSetName:
      - -g --vhub-name
      User-Agent:
      - python/3.7.3 (Windows-10-10.0.19041-SP0) msrest/0.6.19 msrest_azure/0.6.4
        azure-mgmt-network/10.2.0 Azure-SDK-For-Python AZURECLI/2.18.0
      accept-language:
      - en-US
    method: GET
    uri: https://management.azure.com/subscriptions/00000000-0000-0000-0000-000000000000/resourceGroups/cli_test_azure_vwan_route000001/providers/Microsoft.Network/virtualHubs/clitestvhub?api-version=2020-05-01
  response:
    body:
      string: "{\r\n  \"name\": \"clitestvhub\",\r\n  \"id\": \"/subscriptions/00000000-0000-0000-0000-000000000000/resourceGroups/cli_test_azure_vwan_route000001/providers/Microsoft.Network/virtualHubs/clitestvhub\",\r\n
        \ \"etag\": \"W/\\\"8c014d07-e1a9-483e-88d3-c49fb7d84141\\\"\",\r\n  \"type\":
        \"Microsoft.Network/virtualHubs\",\r\n  \"location\": \"southcentralus\",\r\n
        \ \"properties\": {\r\n    \"provisioningState\": \"Succeeded\",\r\n    \"virtualHubRouteTableV2s\":
        [],\r\n    \"addressPrefix\": \"10.0.0.0/24\",\r\n    \"virtualRouterAsn\":
        0,\r\n    \"virtualRouterIps\": [],\r\n    \"routeTable\": {\r\n      \"routes\":
        [\r\n        {\r\n          \"addressPrefixes\": [\r\n            \"10.3.3.0/28\"\r\n
        \         ],\r\n          \"nextHopIpAddress\": \"10.0.0.7\"\r\n        }\r\n
        \     ]\r\n    },\r\n    \"virtualWan\": {\r\n      \"id\": \"/subscriptions/00000000-0000-0000-0000-000000000000/resourceGroups/cli_test_azure_vwan_route000001/providers/Microsoft.Network/virtualWans/clitestvwan\"\r\n
        \   },\r\n    \"sku\": \"Standard\",\r\n    \"routingState\": \"Provisioning\"\r\n
        \ }\r\n}"
    headers:
      cache-control:
      - no-cache
      content-length:
      - '1057'
      content-type:
      - application/json; charset=utf-8
      date:
      - Thu, 21 Jan 2021 12:34:28 GMT
      expires:
      - '-1'
      pragma:
      - no-cache
      server:
      - Microsoft-HTTPAPI/2.0
      - Microsoft-HTTPAPI/2.0
      strict-transport-security:
      - max-age=31536000; includeSubDomains
      transfer-encoding:
      - chunked
      vary:
      - Accept-Encoding
      x-content-type-options:
      - nosniff
      x-ms-arm-service-request-id:
      - 42f09a37-b7e5-4815-96d7-0fd73e37fd3f
    status:
      code: 200
      message: OK
version: 1
