interactions:
- request:
    body: null
    headers:
      Connection:
      - keep-alive
      Content-Length:
      - '0'
      User-Agent:
      - Azure-Storage/2.0.0-2.0.1 (Python CPython 3.8.7; Windows 10) AZURECLI/2.35.0
      x-ms-date:
      - Mon, 18 Apr 2022 05:46:20 GMT
      x-ms-version:
      - '2018-11-09'
    method: PUT
    uri: https://clitest000002.blob.core.windows.net/con1000003?restype=container
  response:
    body:
      string: ''
    headers:
      content-length:
      - '0'
      date:
      - Mon, 18 Apr 2022 05:46:22 GMT
      etag:
      - '"0x8DA20FEC5B30669"'
      last-modified:
      - Mon, 18 Apr 2022 05:46:23 GMT
      server:
      - Windows-Azure-Blob/1.0 Microsoft-HTTPAPI/2.0
      x-ms-version:
      - '2018-11-09'
    status:
      code: 201
      message: Created
- request:
    body: null
    headers:
      Connection:
      - keep-alive
      Content-Length:
      - '0'
      User-Agent:
      - Azure-Storage/2.0.0-2.0.1 (Python CPython 3.8.7; Windows 10) AZURECLI/2.35.0
      x-ms-date:
      - Mon, 18 Apr 2022 05:46:24 GMT
      x-ms-version:
      - '2018-11-09'
    method: PUT
    uri: https://clitest000002.blob.core.windows.net/con2000004?restype=container
  response:
    body:
      string: ''
    headers:
      content-length:
      - '0'
      date:
      - Mon, 18 Apr 2022 05:46:24 GMT
      etag:
      - '"0x8DA20FEC6BD9183"'
      last-modified:
      - Mon, 18 Apr 2022 05:46:25 GMT
      server:
      - Windows-Azure-Blob/1.0 Microsoft-HTTPAPI/2.0
      x-ms-version:
      - '2018-11-09'
    status:
      code: 201
      message: Created
- request:
    body: null
    headers:
      Accept:
      - application/json
      Accept-Encoding:
      - gzip, deflate
      CommandName:
      - storage account blob-service-properties update
      Connection:
      - keep-alive
      ParameterSetName:
      - -n -g --container-delete-retention-days --enable-container-delete-retention
      User-Agent:
      - AZURECLI/2.35.0 azsdk-python-azure-mgmt-storage/20.0.0 Python/3.8.7 (Windows-10-10.0.22000-SP0)
    method: GET
    uri: https://management.azure.com/subscriptions/00000000-0000-0000-0000-000000000000/resourceGroups/clitest000001/providers/Microsoft.Storage/storageAccounts/clitest000002/blobServices/default?api-version=2021-09-01
  response:
    body:
      string: '{"sku":{"name":"Standard_LRS","tier":"Standard"},"id":"/subscriptions/00000000-0000-0000-0000-000000000000/resourceGroups/clitest000001/providers/Microsoft.Storage/storageAccounts/clitest000002/blobServices/default","name":"default","type":"Microsoft.Storage/storageAccounts/blobServices","properties":{"cors":{"corsRules":[]},"deleteRetentionPolicy":{"allowPermanentDelete":false,"enabled":false}}}'
    headers:
      cache-control:
      - no-cache
      content-length:
      - '399'
      content-type:
      - application/json
      date:
      - Mon, 18 Apr 2022 05:46:27 GMT
      expires:
      - '-1'
      pragma:
      - no-cache
      server:
      - Microsoft-Azure-Storage-Resource-Provider/1.0,Microsoft-HTTPAPI/2.0 Microsoft-HTTPAPI/2.0
      strict-transport-security:
      - max-age=31536000; includeSubDomains
      transfer-encoding:
      - chunked
      vary:
      - Accept-Encoding
      x-content-type-options:
      - nosniff
    status:
      code: 200
      message: OK
- request:
    body: '{"properties": {"cors": {"corsRules": []}, "deleteRetentionPolicy": {"enabled":
      false, "allowPermanentDelete": false}, "containerDeleteRetentionPolicy": {"enabled":
      true, "days": 7}}}'
    headers:
      Accept:
      - application/json
      Accept-Encoding:
      - gzip, deflate
      CommandName:
      - storage account blob-service-properties update
      Connection:
      - keep-alive
      Content-Length:
      - '183'
      Content-Type:
      - application/json
      ParameterSetName:
      - -n -g --container-delete-retention-days --enable-container-delete-retention
      User-Agent:
      - AZURECLI/2.35.0 azsdk-python-azure-mgmt-storage/20.0.0 Python/3.8.7 (Windows-10-10.0.22000-SP0)
    method: PUT
    uri: https://management.azure.com/subscriptions/00000000-0000-0000-0000-000000000000/resourceGroups/clitest000001/providers/Microsoft.Storage/storageAccounts/clitest000002/blobServices/default?api-version=2021-09-01
  response:
    body:
      string: '{"id":"/subscriptions/00000000-0000-0000-0000-000000000000/resourceGroups/clitest000001/providers/Microsoft.Storage/storageAccounts/clitest000002/blobServices/default","name":"default","type":"Microsoft.Storage/storageAccounts/blobServices","properties":{"cors":{"corsRules":[]},"deleteRetentionPolicy":{"allowPermanentDelete":false,"enabled":false},"containerDeleteRetentionPolicy":{"enabled":true,"days":7}}}'
    headers:
      cache-control:
      - no-cache
      content-length:
      - '410'
      content-type:
      - application/json
      date:
      - Mon, 18 Apr 2022 05:46:30 GMT
      expires:
      - '-1'
      pragma:
      - no-cache
      server:
      - Microsoft-Azure-Storage-Resource-Provider/1.0,Microsoft-HTTPAPI/2.0 Microsoft-HTTPAPI/2.0
      strict-transport-security:
      - max-age=31536000; includeSubDomains
      transfer-encoding:
      - chunked
      vary:
      - Accept-Encoding
      x-content-type-options:
      - nosniff
      x-ms-ratelimit-remaining-subscription-writes:
      - '1199'
    status:
      code: 200
      message: OK
- request:
    body: null
    headers:
      Accept:
      - application/xml
      Accept-Encoding:
      - gzip, deflate
      CommandName:
      - storage container list
      Connection:
      - keep-alive
      ParameterSetName:
      - --account-name --account-key
      User-Agent:
      - AZURECLI/2.35.0 azsdk-python-storage-blob/12.9.0b1 Python/3.8.7 (Windows-10-10.0.22000-SP0)
      x-ms-date:
      - Mon, 18 Apr 2022 05:46:33 GMT
      x-ms-version:
      - '2020-10-02'
    method: GET
    uri: https://clitest000002.blob.core.windows.net/?comp=list&maxresults=5000&include=
  response:
    body:
      string: "\uFEFF<?xml version=\"1.0\" encoding=\"utf-8\"?><EnumerationResults
        ServiceEndpoint=\"https://clitest000002.blob.core.windows.net/\"><MaxResults>5000</MaxResults><Containers><Container><Name>con1000003</Name><Properties><Last-Modified>Mon,
        18 Apr 2022 05:46:23 GMT</Last-Modified><Etag>\"0x8DA20FEC5B30669\"</Etag><LeaseStatus>unlocked</LeaseStatus><LeaseState>available</LeaseState><DefaultEncryptionScope>$account-encryption-key</DefaultEncryptionScope><DenyEncryptionScopeOverride>false</DenyEncryptionScopeOverride><HasImmutabilityPolicy>false</HasImmutabilityPolicy><HasLegalHold>false</HasLegalHold><ImmutableStorageWithVersioningEnabled>false</ImmutableStorageWithVersioningEnabled></Properties></Container><Container><Name>con2000004</Name><Properties><Last-Modified>Mon,
        18 Apr 2022 05:46:25 GMT</Last-Modified><Etag>\"0x8DA20FEC6BD9183\"</Etag><LeaseStatus>unlocked</LeaseStatus><LeaseState>available</LeaseState><DefaultEncryptionScope>$account-encryption-key</DefaultEncryptionScope><DenyEncryptionScopeOverride>false</DenyEncryptionScopeOverride><HasImmutabilityPolicy>false</HasImmutabilityPolicy><HasLegalHold>false</HasLegalHold><ImmutableStorageWithVersioningEnabled>false</ImmutableStorageWithVersioningEnabled></Properties></Container></Containers><NextMarker
        /></EnumerationResults>"
    headers:
      content-type:
      - application/xml
      date:
      - Mon, 18 Apr 2022 05:46:33 GMT
      server:
      - Windows-Azure-Blob/1.0 Microsoft-HTTPAPI/2.0
      transfer-encoding:
      - chunked
      x-ms-version:
      - '2020-10-02'
    status:
      code: 200
      message: OK
- request:
    body: null
    headers:
      Connection:
      - keep-alive
      Content-Length:
      - '0'
      User-Agent:
      - Azure-Storage/2.0.0-2.0.1 (Python CPython 3.8.7; Windows 10) AZURECLI/2.35.0
      x-ms-date:
      - Mon, 18 Apr 2022 05:46:34 GMT
      x-ms-meta-test:
      - '1'
      x-ms-version:
      - '2018-11-09'
    method: PUT
    uri: https://clitest000002.blob.core.windows.net/con1000003?restype=container&comp=metadata
  response:
    body:
      string: ''
    headers:
      content-length:
      - '0'
      date:
      - Mon, 18 Apr 2022 05:46:34 GMT
      etag:
      - '"0x8DA20FECCDEC8AB"'
      last-modified:
      - Mon, 18 Apr 2022 05:46:35 GMT
      server:
      - Windows-Azure-Blob/1.0 Microsoft-HTTPAPI/2.0
      x-ms-version:
      - '2018-11-09'
    status:
      code: 200
      message: OK
- request:
    body: null
    headers:
      Connection:
      - keep-alive
      User-Agent:
      - Azure-Storage/2.0.0-2.0.1 (Python CPython 3.8.7; Windows 10) AZURECLI/2.35.0
      x-ms-date:
      - Mon, 18 Apr 2022 05:46:36 GMT
      x-ms-version:
      - '2018-11-09'
    method: GET
    uri: https://clitest000002.blob.core.windows.net/con1000003?restype=container&comp=metadata
  response:
    body:
      string: ''
    headers:
      content-length:
      - '0'
      date:
      - Mon, 18 Apr 2022 05:46:36 GMT
      etag:
      - '"0x8DA20FECCDEC8AB"'
      last-modified:
      - Mon, 18 Apr 2022 05:46:35 GMT
      server:
      - Windows-Azure-Blob/1.0 Microsoft-HTTPAPI/2.0
      x-ms-meta-test:
      - '1'
      x-ms-version:
      - '2018-11-09'
    status:
      code: 200
      message: OK
- request:
    body: null
    headers:
      Accept:
      - application/xml
      Accept-Encoding:
      - gzip, deflate
      CommandName:
      - storage container list
      Connection:
      - keep-alive
      ParameterSetName:
      - --include-metadata --account-name --account-key
      User-Agent:
      - AZURECLI/2.35.0 azsdk-python-storage-blob/12.9.0b1 Python/3.8.7 (Windows-10-10.0.22000-SP0)
      x-ms-date:
      - Mon, 18 Apr 2022 05:46:38 GMT
      x-ms-version:
      - '2020-10-02'
    method: GET
    uri: https://clitest000002.blob.core.windows.net/?comp=list&maxresults=5000&include=metadata
  response:
    body:
      string: "\uFEFF<?xml version=\"1.0\" encoding=\"utf-8\"?><EnumerationResults
        ServiceEndpoint=\"https://clitest000002.blob.core.windows.net/\"><MaxResults>5000</MaxResults><Containers><Container><Name>con1000003</Name><Properties><Last-Modified>Mon,
        18 Apr 2022 05:46:35 GMT</Last-Modified><Etag>\"0x8DA20FECCDEC8AB\"</Etag><LeaseStatus>unlocked</LeaseStatus><LeaseState>available</LeaseState><DefaultEncryptionScope>$account-encryption-key</DefaultEncryptionScope><DenyEncryptionScopeOverride>false</DenyEncryptionScopeOverride><HasImmutabilityPolicy>false</HasImmutabilityPolicy><HasLegalHold>false</HasLegalHold><ImmutableStorageWithVersioningEnabled>false</ImmutableStorageWithVersioningEnabled></Properties><Metadata><test>1</test></Metadata></Container><Container><Name>con2000004</Name><Properties><Last-Modified>Mon,
        18 Apr 2022 05:46:25 GMT</Last-Modified><Etag>\"0x8DA20FEC6BD9183\"</Etag><LeaseStatus>unlocked</LeaseStatus><LeaseState>available</LeaseState><DefaultEncryptionScope>$account-encryption-key</DefaultEncryptionScope><DenyEncryptionScopeOverride>false</DenyEncryptionScopeOverride><HasImmutabilityPolicy>false</HasImmutabilityPolicy><HasLegalHold>false</HasLegalHold><ImmutableStorageWithVersioningEnabled>false</ImmutableStorageWithVersioningEnabled></Properties><Metadata
        /></Container></Containers><NextMarker /></EnumerationResults>"
    headers:
      content-type:
      - application/xml
      date:
      - Mon, 18 Apr 2022 05:46:38 GMT
      server:
      - Windows-Azure-Blob/1.0 Microsoft-HTTPAPI/2.0
      transfer-encoding:
      - chunked
      x-ms-version:
      - '2020-10-02'
    status:
      code: 200
      message: OK
- request:
    body: null
    headers:
      Accept:
      - application/xml
      Accept-Encoding:
      - gzip, deflate
      CommandName:
      - storage container list
      Connection:
      - keep-alive
      ParameterSetName:
      - --num-results --account-name --account-key
      User-Agent:
      - AZURECLI/2.35.0 azsdk-python-storage-blob/12.9.0b1 Python/3.8.7 (Windows-10-10.0.22000-SP0)
      x-ms-date:
      - Mon, 18 Apr 2022 05:46:39 GMT
      x-ms-version:
      - '2020-10-02'
    method: GET
    uri: https://clitest000002.blob.core.windows.net/?comp=list&maxresults=1&include=
  response:
    body:
      string: "\uFEFF<?xml version=\"1.0\" encoding=\"utf-8\"?><EnumerationResults
        ServiceEndpoint=\"https://clitest000002.blob.core.windows.net/\"><MaxResults>1</MaxResults><Containers><Container><Name>con1000003</Name><Properties><Last-Modified>Mon,
        18 Apr 2022 05:46:35 GMT</Last-Modified><Etag>\"0x8DA20FECCDEC8AB\"</Etag><LeaseStatus>unlocked</LeaseStatus><LeaseState>available</LeaseState><DefaultEncryptionScope>$account-encryption-key</DefaultEncryptionScope><DenyEncryptionScopeOverride>false</DenyEncryptionScopeOverride><HasImmutabilityPolicy>false</HasImmutabilityPolicy><HasLegalHold>false</HasLegalHold><ImmutableStorageWithVersioningEnabled>false</ImmutableStorageWithVersioningEnabled></Properties></Container></Containers><NextMarker>/clitest000002/con2000004</NextMarker></EnumerationResults>"
    headers:
      content-type:
      - application/xml
      date:
      - Mon, 18 Apr 2022 05:46:40 GMT
      server:
      - Windows-Azure-Blob/1.0 Microsoft-HTTPAPI/2.0
      transfer-encoding:
      - chunked
      x-ms-version:
      - '2020-10-02'
    status:
      code: 200
      message: OK
- request:
    body: null
    headers:
      Accept:
      - application/xml
      Accept-Encoding:
      - gzip, deflate
      CommandName:
      - storage container list
      Connection:
      - keep-alive
      ParameterSetName:
      - --num-results --show-next-marker --account-name --account-key
      User-Agent:
      - AZURECLI/2.35.0 azsdk-python-storage-blob/12.9.0b1 Python/3.8.7 (Windows-10-10.0.22000-SP0)
      x-ms-date:
      - Mon, 18 Apr 2022 05:46:41 GMT
      x-ms-version:
      - '2020-10-02'
    method: GET
    uri: https://clitest000002.blob.core.windows.net/?comp=list&maxresults=1&include=
  response:
    body:
      string: "\uFEFF<?xml version=\"1.0\" encoding=\"utf-8\"?><EnumerationResults
        ServiceEndpoint=\"https://clitest000002.blob.core.windows.net/\"><MaxResults>1</MaxResults><Containers><Container><Name>con1000003</Name><Properties><Last-Modified>Mon,
        18 Apr 2022 05:46:35 GMT</Last-Modified><Etag>\"0x8DA20FECCDEC8AB\"</Etag><LeaseStatus>unlocked</LeaseStatus><LeaseState>available</LeaseState><DefaultEncryptionScope>$account-encryption-key</DefaultEncryptionScope><DenyEncryptionScopeOverride>false</DenyEncryptionScopeOverride><HasImmutabilityPolicy>false</HasImmutabilityPolicy><HasLegalHold>false</HasLegalHold><ImmutableStorageWithVersioningEnabled>false</ImmutableStorageWithVersioningEnabled></Properties></Container></Containers><NextMarker>/clitest000002/con2000004</NextMarker></EnumerationResults>"
    headers:
      content-type:
      - application/xml
      date:
      - Mon, 18 Apr 2022 05:46:41 GMT
      server:
      - Windows-Azure-Blob/1.0 Microsoft-HTTPAPI/2.0
      transfer-encoding:
      - chunked
      x-ms-version:
      - '2020-10-02'
    status:
      code: 200
      message: OK
- request:
    body: null
    headers:
      Accept:
      - application/xml
      Accept-Encoding:
      - gzip, deflate
      CommandName:
      - storage container list
      Connection:
      - keep-alive
      ParameterSetName:
      - --marker --account-name --account-key
      User-Agent:
      - AZURECLI/2.35.0 azsdk-python-storage-blob/12.9.0b1 Python/3.8.7 (Windows-10-10.0.22000-SP0)
      x-ms-date:
      - Mon, 18 Apr 2022 05:46:43 GMT
      x-ms-version:
      - '2020-10-02'
    method: GET
    uri: https://clitest000002.blob.core.windows.net/?comp=list&marker=%2Fclitest000002%2Fcon2000004&maxresults=5000&include=
  response:
    body:
      string: "\uFEFF<?xml version=\"1.0\" encoding=\"utf-8\"?><EnumerationResults
        ServiceEndpoint=\"https://clitest000002.blob.core.windows.net/\"><Marker>/clitest000002/con2000004</Marker><MaxResults>5000</MaxResults><Containers><Container><Name>con2000004</Name><Properties><Last-Modified>Mon,
        18 Apr 2022 05:46:25 GMT</Last-Modified><Etag>\"0x8DA20FEC6BD9183\"</Etag><LeaseStatus>unlocked</LeaseStatus><LeaseState>available</LeaseState><DefaultEncryptionScope>$account-encryption-key</DefaultEncryptionScope><DenyEncryptionScopeOverride>false</DenyEncryptionScopeOverride><HasImmutabilityPolicy>false</HasImmutabilityPolicy><HasLegalHold>false</HasLegalHold><ImmutableStorageWithVersioningEnabled>false</ImmutableStorageWithVersioningEnabled></Properties></Container></Containers><NextMarker
        /></EnumerationResults>"
    headers:
      content-type:
      - application/xml
      date:
      - Mon, 18 Apr 2022 05:46:44 GMT
      server:
      - Windows-Azure-Blob/1.0 Microsoft-HTTPAPI/2.0
      transfer-encoding:
      - chunked
      x-ms-version:
      - '2020-10-02'
    status:
      code: 200
      message: OK
- request:
    body: null
    headers:
      Accept:
      - application/xml
      Accept-Encoding:
      - gzip, deflate
      CommandName:
      - storage container list
      Connection:
      - keep-alive
      ParameterSetName:
      - --prefix --account-name --account-key
      User-Agent:
      - AZURECLI/2.35.0 azsdk-python-storage-blob/12.9.0b1 Python/3.8.7 (Windows-10-10.0.22000-SP0)
      x-ms-date:
      - Mon, 18 Apr 2022 05:46:46 GMT
      x-ms-version:
      - '2020-10-02'
    method: GET
    uri: https://clitest000002.blob.core.windows.net/?comp=list&prefix=con1&maxresults=5000&include=
  response:
    body:
      string: "\uFEFF<?xml version=\"1.0\" encoding=\"utf-8\"?><EnumerationResults
        ServiceEndpoint=\"https://clitest000002.blob.core.windows.net/\"><Prefix>con1</Prefix><MaxResults>5000</MaxResults><Containers><Container><Name>con1000003</Name><Properties><Last-Modified>Mon,
        18 Apr 2022 05:46:35 GMT</Last-Modified><Etag>\"0x8DA20FECCDEC8AB\"</Etag><LeaseStatus>unlocked</LeaseStatus><LeaseState>available</LeaseState><DefaultEncryptionScope>$account-encryption-key</DefaultEncryptionScope><DenyEncryptionScopeOverride>false</DenyEncryptionScopeOverride><HasImmutabilityPolicy>false</HasImmutabilityPolicy><HasLegalHold>false</HasLegalHold><ImmutableStorageWithVersioningEnabled>false</ImmutableStorageWithVersioningEnabled></Properties></Container></Containers><NextMarker
        /></EnumerationResults>"
    headers:
      content-type:
      - application/xml
      date:
      - Mon, 18 Apr 2022 05:46:46 GMT
      server:
      - Windows-Azure-Blob/1.0 Microsoft-HTTPAPI/2.0
      transfer-encoding:
      - chunked
      x-ms-version:
      - '2020-10-02'
    status:
      code: 200
      message: OK
- request:
    body: null
    headers:
      Connection:
      - keep-alive
      Content-Length:
      - '0'
      User-Agent:
      - Azure-Storage/2.0.0-2.0.1 (Python CPython 3.8.7; Windows 10) AZURECLI/2.35.0
      x-ms-date:
      - Mon, 18 Apr 2022 05:46:47 GMT
      x-ms-version:
      - '2018-11-09'
    method: DELETE
    uri: https://clitest000002.blob.core.windows.net/con2000004?restype=container
  response:
    body:
      string: ''
    headers:
      content-length:
      - '0'
      date:
      - Mon, 18 Apr 2022 05:46:49 GMT
      server:
      - Windows-Azure-Blob/1.0 Microsoft-HTTPAPI/2.0
      x-ms-version:
      - '2018-11-09'
    status:
      code: 202
      message: Accepted
- request:
    body: null
    headers:
      Accept:
      - application/xml
      Accept-Encoding:
      - gzip, deflate
      CommandName:
      - storage container list
      Connection:
      - keep-alive
      ParameterSetName:
      - --account-name --account-key
      User-Agent:
      - AZURECLI/2.35.0 azsdk-python-storage-blob/12.9.0b1 Python/3.8.7 (Windows-10-10.0.22000-SP0)
      x-ms-date:
      - Mon, 18 Apr 2022 05:46:50 GMT
      x-ms-version:
      - '2020-10-02'
    method: GET
    uri: https://clitest000002.blob.core.windows.net/?comp=list&maxresults=5000&include=
  response:
    body:
      string: "\uFEFF<?xml version=\"1.0\" encoding=\"utf-8\"?><EnumerationResults
        ServiceEndpoint=\"https://clitest000002.blob.core.windows.net/\"><MaxResults>5000</MaxResults><Containers><Container><Name>con1000003</Name><Properties><Last-Modified>Mon,
        18 Apr 2022 05:46:35 GMT</Last-Modified><Etag>\"0x8DA20FECCDEC8AB\"</Etag><LeaseStatus>unlocked</LeaseStatus><LeaseState>available</LeaseState><DefaultEncryptionScope>$account-encryption-key</DefaultEncryptionScope><DenyEncryptionScopeOverride>false</DenyEncryptionScopeOverride><HasImmutabilityPolicy>false</HasImmutabilityPolicy><HasLegalHold>false</HasLegalHold><ImmutableStorageWithVersioningEnabled>false</ImmutableStorageWithVersioningEnabled></Properties></Container></Containers><NextMarker
        /></EnumerationResults>"
    headers:
      content-type:
      - application/xml
      date:
      - Mon, 18 Apr 2022 05:46:50 GMT
      server:
      - Windows-Azure-Blob/1.0 Microsoft-HTTPAPI/2.0
      transfer-encoding:
      - chunked
      x-ms-version:
      - '2020-10-02'
    status:
      code: 200
      message: OK
- request:
    body: null
    headers:
      Accept:
      - application/xml
      Accept-Encoding:
      - gzip, deflate
      CommandName:
      - storage container list
      Connection:
      - keep-alive
      ParameterSetName:
      - --include-deleted --account-name --account-key
      User-Agent:
      - AZURECLI/2.35.0 azsdk-python-storage-blob/12.9.0b1 Python/3.8.7 (Windows-10-10.0.22000-SP0)
      x-ms-date:
      - Mon, 18 Apr 2022 05:46:52 GMT
      x-ms-version:
      - '2020-10-02'
    method: GET
    uri: https://clitest000002.blob.core.windows.net/?comp=list&maxresults=5000&include=deleted
  response:
    body:
      string: "\uFEFF<?xml version=\"1.0\" encoding=\"utf-8\"?><EnumerationResults
        ServiceEndpoint=\"https://clitest000002.blob.core.windows.net/\"><MaxResults>5000</MaxResults><Containers><Container><Name>con1000003</Name><Properties><Last-Modified>Mon,
        18 Apr 2022 05:46:35 GMT</Last-Modified><Etag>\"0x8DA20FECCDEC8AB\"</Etag><LeaseStatus>unlocked</LeaseStatus><LeaseState>available</LeaseState><DefaultEncryptionScope>$account-encryption-key</DefaultEncryptionScope><DenyEncryptionScopeOverride>false</DenyEncryptionScopeOverride><HasImmutabilityPolicy>false</HasImmutabilityPolicy><HasLegalHold>false</HasLegalHold><ImmutableStorageWithVersioningEnabled>false</ImmutableStorageWithVersioningEnabled></Properties></Container><Container><Name>con2000004</Name><Deleted>true</Deleted><Version>01D852E7A44727B0</Version><Properties><Last-Modified>Mon,
        18 Apr 2022 05:46:25 GMT</Last-Modified><Etag>\"0x8DA20FEC6BD9183\"</Etag><LeaseStatus>locked</LeaseStatus><LeaseState>leased</LeaseState><LeaseDuration>fixed</LeaseDuration><DefaultEncryptionScope>$account-encryption-key</DefaultEncryptionScope><DenyEncryptionScopeOverride>false</DenyEncryptionScopeOverride><HasImmutabilityPolicy>false</HasImmutabilityPolicy><HasLegalHold>false</HasLegalHold><ImmutableStorageWithVersioningEnabled>false</ImmutableStorageWithVersioningEnabled><DeletedTime>Mon,
        18 Apr 2022 05:46:49 GMT</DeletedTime><RemainingRetentionDays>7</RemainingRetentionDays></Properties></Container></Containers><NextMarker
        /></EnumerationResults>"
    headers:
      content-type:
      - application/xml
      date:
      - Mon, 18 Apr 2022 05:46:52 GMT
      server:
      - Windows-Azure-Blob/1.0 Microsoft-HTTPAPI/2.0
      transfer-encoding:
      - chunked
      x-ms-version:
      - '2020-10-02'
    status:
      code: 200
      message: OK
version: 1
