interactions:
- request:
    body: null
    headers:
      Accept:
      - application/json
      Accept-Encoding:
      - gzip, deflate
      CommandName:
      - connectedvmware vcenter show
      Connection:
      - keep-alive
      ParameterSetName:
      - -g --name
      User-Agent:
      - AZURECLI/2.23.0 azsdk-python-mgmt-connectedvmware/1.0.0b1 Python/3.8.5 (Linux-5.10.16.3-microsoft-standard-WSL2-x86_64-with-glibc2.29)
    method: GET
    uri: https://management.azure.com/subscriptions/00000000-0000-0000-0000-000000000000/resourceGroups/azcli-test-rg/providers/Microsoft.ConnectedVMwarevSphere/vcenters/azcli-test-vcenter-avs?api-version=2020-10-01-preview
  response:
    body:
      string: '{"id":"/subscriptions/00000000-0000-0000-0000-000000000000/resourceGroups/azcli-test-rg/providers/Microsoft.ConnectedVMwarevSphere/vcenters/azcli-test-vcenter-avs","name":"azcli-test-vcenter-avs","type":"microsoft.connectedvmwarevsphere/vcenters","kind":"VMware","location":"eastus2euap","extendedLocation":{"type":"CustomLocation","name":"/subscriptions/00000000-0000-0000-0000-000000000000/resourcegroups/azcli-test-rg/providers/microsoft.extendedlocation/customlocations/azcli-test-cl-avs"},"systemData":{"createdBy":"sanmishra@microsoft.com","createdByType":"User","createdAt":"2021-05-17T11:38:14.9072191Z","lastModifiedBy":"ac9dc5fe-b644-4832-9d03-d9f1ab70c5f7","lastModifiedByType":"Application","lastModifiedAt":"2021-05-17T11:38:32.5791082Z"},"properties":{"credentials":{"username":"cloudadmin@vsphere.local"},"fqdn":"10.160.0.2","port":443,"provisioningState":"Succeeded","customResourceName":"fc8fce52-028e-4b61-b931-9a5902ab5a81","uuid":"fc8fce52-028e-4b61-b931-9a5902ab5a81","version":"6.7.0","instanceUuid":"4ea21e20-2883-44e4-9224-0a48dfff2a81","connectionStatus":"Connected"}}'
    headers:
      cache-control:
      - no-cache
      content-length:
      - '1093'
      content-type:
      - application/json; charset=utf-8
      date:
      - Wed, 19 May 2021 11:43:54 GMT
      etag:
      - '"03005e99-0000-3400-0000-60a255b90000"'
      expires:
      - '-1'
      pragma:
      - no-cache
      strict-transport-security:
      - max-age=31536000; includeSubDomains
      transfer-encoding:
      - chunked
      vary:
      - Accept-Encoding
      x-content-type-options:
      - nosniff
      x-ms-providerhub-traffic:
      - 'True'
    status:
      code: 200
      message: OK
- request:
    body: null
    headers:
      Accept:
      - application/json
      Accept-Encoding:
      - gzip, deflate
      CommandName:
      - connectedvmware vcenter list
      Connection:
      - keep-alive
      ParameterSetName:
      - -g
      User-Agent:
      - AZURECLI/2.23.0 azsdk-python-mgmt-connectedvmware/1.0.0b1 Python/3.8.5 (Linux-5.10.16.3-microsoft-standard-WSL2-x86_64-with-glibc2.29)
    method: GET
    uri: https://management.azure.com/subscriptions/00000000-0000-0000-0000-000000000000/resourceGroups/azcli-test-rg/providers/Microsoft.ConnectedVMwarevSphere/vcenters?api-version=2020-10-01-preview
  response:
    body:
      string: '{"value":[{"id":"/subscriptions/00000000-0000-0000-0000-000000000000/resourceGroups/azcli-test-rg/providers/Microsoft.ConnectedVMwarevSphere/vcenters/azcli-test-vcenter-avs","name":"azcli-test-vcenter-avs","type":"microsoft.connectedvmwarevsphere/vcenters","kind":"VMware","location":"eastus2euap","extendedLocation":{"type":"CustomLocation","name":"/subscriptions/00000000-0000-0000-0000-000000000000/resourcegroups/azcli-test-rg/providers/microsoft.extendedlocation/customlocations/azcli-test-cl-avs"},"systemData":{"createdBy":"sanmishra@microsoft.com","createdByType":"User","createdAt":"2021-05-17T11:38:14.9072191Z","lastModifiedBy":"ac9dc5fe-b644-4832-9d03-d9f1ab70c5f7","lastModifiedByType":"Application","lastModifiedAt":"2021-05-17T11:38:32.5791082Z"},"properties":{"credentials":{"username":"cloudadmin@vsphere.local"},"fqdn":"10.160.0.2","port":443,"provisioningState":"Succeeded","customResourceName":"fc8fce52-028e-4b61-b931-9a5902ab5a81","uuid":"fc8fce52-028e-4b61-b931-9a5902ab5a81","version":"6.7.0","instanceUuid":"4ea21e20-2883-44e4-9224-0a48dfff2a81","connectionStatus":"Connected"}}]}'
    headers:
      cache-control:
      - no-cache
      content-length:
      - '1105'
      content-type:
      - application/json; charset=utf-8
      date:
      - Wed, 19 May 2021 11:43:56 GMT
      expires:
      - '-1'
      pragma:
      - no-cache
      strict-transport-security:
      - max-age=31536000; includeSubDomains
      transfer-encoding:
      - chunked
      vary:
      - Accept-Encoding
      x-content-type-options:
      - nosniff
      x-ms-providerhub-traffic:
      - 'True'
    status:
      code: 200
      message: OK
- request:
    body: '{"location": "eastus2euap", "extendedLocation": {"type": "CustomLocation",
      "name": "/subscriptions/00000000-0000-0000-0000-000000000000/resourceGroups/azcli-test-rg/providers/Microsoft.ExtendedLocation/CustomLocations/azcli-test-cl-avs"},
      "properties": {"vCenterId": "/subscriptions/00000000-0000-0000-0000-000000000000/resourceGroups/azcli-test-rg/providers/Microsoft.ConnectedVmwarevSphere/VCenters/azcli-test-vcenter-avs",
      "moRefId": "resgroup-5034"}}'
    headers:
      Accept:
      - application/json
      Accept-Encoding:
      - gzip, deflate
      CommandName:
      - connectedvmware resource-pool create
      Connection:
      - keep-alive
      Content-Length:
      - '454'
      Content-Type:
      - application/json
      ParameterSetName:
      - -g -l --custom-location --vcenter --mo-ref-id --name
      User-Agent:
      - AZURECLI/2.23.0 azsdk-python-mgmt-connectedvmware/1.0.0b1 Python/3.8.5 (Linux-5.10.16.3-microsoft-standard-WSL2-x86_64-with-glibc2.29)
    method: PUT
    uri: https://management.azure.com/subscriptions/00000000-0000-0000-0000-000000000000/resourceGroups/azcli-test-rg/providers/Microsoft.ConnectedVMwarevSphere/resourcePools/azcli-test-resource-pool?api-version=2020-10-01-preview
  response:
    body:
      string: '{"id":"/subscriptions/00000000-0000-0000-0000-000000000000/resourceGroups/azcli-test-rg/providers/Microsoft.ConnectedVMwarevSphere/resourcePools/azcli-test-resource-pool","name":"azcli-test-resource-pool","type":"microsoft.connectedvmwarevsphere/resourcepools","location":"eastus2euap","extendedLocation":{"type":"CustomLocation","name":"/subscriptions/00000000-0000-0000-0000-000000000000/resourceGroups/azcli-test-rg/providers/Microsoft.ExtendedLocation/CustomLocations/azcli-test-cl-avs"},"systemData":{"createdBy":"sanmishra@microsoft.com","createdByType":"User","createdAt":"2021-05-19T11:43:58.6415369Z","lastModifiedBy":"sanmishra@microsoft.com","lastModifiedByType":"User","lastModifiedAt":"2021-05-19T11:43:58.6415369Z"},"properties":{"vCenterId":"/subscriptions/00000000-0000-0000-0000-000000000000/resourceGroups/azcli-test-rg/providers/Microsoft.ConnectedVmwarevSphere/VCenters/azcli-test-vcenter-avs","moRefId":"resgroup-5034","provisioningState":"Accepted"}}'
    headers:
      api-supported-versions:
      - 2019-12-20-privatepreview, 2020-10-01-preview
      azure-asyncoperation:
      - https://management.azure.com/providers/Microsoft.ConnectedVMwarevSphere/locations/EASTUS2EUAP/operationStatuses/76d764e8-06fd-4243-9062-3aba283f26d5?api-version=2020-10-01-preview
      cache-control:
      - no-cache
      content-length:
      - '972'
      content-type:
      - application/json; charset=utf-8
      date:
      - Wed, 19 May 2021 11:44:02 GMT
      etag:
      - '"0000eda0-0000-3400-0000-60a4fa020000"'
      expires:
      - '-1'
      location:
      - /subscriptions/00000000-0000-0000-0000-000000000000/resourceGroups/azcli-test-rg/providers/Microsoft.ConnectedVMwarevSphere/ResourcePools/azcli-test-resource-pool
      pragma:
      - no-cache
      strict-transport-security:
      - max-age=31536000; includeSubDomains
      x-content-type-options:
      - nosniff
      x-ms-providerhub-traffic:
      - 'True'
      x-ms-ratelimit-remaining-subscription-writes:
      - '1199'
    status:
      code: 201
      message: Created
- request:
    body: null
    headers:
      Accept:
      - '*/*'
      Accept-Encoding:
      - gzip, deflate
      CommandName:
      - connectedvmware resource-pool create
      Connection:
      - keep-alive
      ParameterSetName:
      - -g -l --custom-location --vcenter --mo-ref-id --name
      User-Agent:
      - AZURECLI/2.23.0 azsdk-python-mgmt-connectedvmware/1.0.0b1 Python/3.8.5 (Linux-5.10.16.3-microsoft-standard-WSL2-x86_64-with-glibc2.29)
    method: GET
    uri: https://management.azure.com/providers/Microsoft.ConnectedVMwarevSphere/locations/EASTUS2EUAP/operationStatuses/76d764e8-06fd-4243-9062-3aba283f26d5?api-version=2020-10-01-preview
  response:
    body:
      string: '{"id":"/providers/Microsoft.ConnectedVMwarevSphere/locations/EASTUS2EUAP/operationStatuses/76d764e8-06fd-4243-9062-3aba283f26d5","name":"76d764e8-06fd-4243-9062-3aba283f26d5","resourceId":"/subscriptions/00000000-0000-0000-0000-000000000000/resourceGroups/azcli-test-rg/providers/Microsoft.ConnectedVMwarevSphere/resourcePools/azcli-test-resource-pool","status":"Succeeded","startTime":"2021-05-19T11:44:01.7721804Z","endTime":"2021-05-19T11:44:08.4332259Z","properties":null}'
    headers:
      cache-control:
      - no-cache
      content-length:
      - '476'
      content-type:
      - application/json; charset=utf-8
      date:
      - Wed, 19 May 2021 11:44:32 GMT
      etag:
      - '"0200b470-0000-3400-0000-60a4fa080000"'
      expires:
      - '-1'
      pragma:
      - no-cache
      strict-transport-security:
      - max-age=31536000; includeSubDomains
      transfer-encoding:
      - chunked
      vary:
      - Accept-Encoding
      x-content-type-options:
      - nosniff
    status:
      code: 200
      message: OK
- request:
    body: null
    headers:
      Accept:
      - '*/*'
      Accept-Encoding:
      - gzip, deflate
      CommandName:
      - connectedvmware resource-pool create
      Connection:
      - keep-alive
      ParameterSetName:
      - -g -l --custom-location --vcenter --mo-ref-id --name
      User-Agent:
      - AZURECLI/2.23.0 azsdk-python-mgmt-connectedvmware/1.0.0b1 Python/3.8.5 (Linux-5.10.16.3-microsoft-standard-WSL2-x86_64-with-glibc2.29)
    method: GET
    uri: https://management.azure.com/subscriptions/00000000-0000-0000-0000-000000000000/resourceGroups/azcli-test-rg/providers/Microsoft.ConnectedVMwarevSphere/resourcePools/azcli-test-resource-pool?api-version=2020-10-01-preview
  response:
    body:
      string: '{"id":"/subscriptions/00000000-0000-0000-0000-000000000000/resourceGroups/azcli-test-rg/providers/Microsoft.ConnectedVMwarevSphere/resourcePools/azcli-test-resource-pool","name":"azcli-test-resource-pool","type":"microsoft.connectedvmwarevsphere/resourcepools","location":"eastus2euap","extendedLocation":{"type":"CustomLocation","name":"/subscriptions/00000000-0000-0000-0000-000000000000/resourceGroups/azcli-test-rg/providers/Microsoft.ExtendedLocation/CustomLocations/azcli-test-cl-avs"},"systemData":{"createdBy":"sanmishra@microsoft.com","createdByType":"User","createdAt":"2021-05-19T11:43:58.6415369Z","lastModifiedBy":"ac9dc5fe-b644-4832-9d03-d9f1ab70c5f7","lastModifiedByType":"Application","lastModifiedAt":"2021-05-19T11:44:08.0424233Z"},"properties":{"vCenterId":"/subscriptions/00000000-0000-0000-0000-000000000000/resourceGroups/azcli-test-rg/providers/Microsoft.ConnectedVmwarevSphere/VCenters/azcli-test-vcenter-avs","moRefId":"resgroup-5034","provisioningState":"Succeeded","customResourceName":"58b376ab-76ac-480f-9b6f-629b7b339c18","uuid":"58b376ab-76ac-480f-9b6f-629b7b339c18","moName":"SanmishraResourcePool","cpuSharesLevel":"normal","cpuLimitMHz":-1,"memSharesLevel":"normal","memLimitMB":-1}}'
    headers:
      cache-control:
      - no-cache
      content-length:
      - '1217'
      content-type:
      - application/json; charset=utf-8
      date:
      - Wed, 19 May 2021 11:44:33 GMT
      etag:
      - '"0000f3a0-0000-3400-0000-60a4fa080000"'
      expires:
      - '-1'
      pragma:
      - no-cache
      strict-transport-security:
      - max-age=31536000; includeSubDomains
      transfer-encoding:
      - chunked
      vary:
      - Accept-Encoding
      x-content-type-options:
      - nosniff
      x-ms-providerhub-traffic:
      - 'True'
    status:
      code: 200
      message: OK
- request:
    body: null
    headers:
      Accept:
      - application/json
      Accept-Encoding:
      - gzip, deflate
      CommandName:
      - connectedvmware resource-pool show
      Connection:
      - keep-alive
      ParameterSetName:
      - -g --name
      User-Agent:
      - AZURECLI/2.23.0 azsdk-python-mgmt-connectedvmware/1.0.0b1 Python/3.8.5 (Linux-5.10.16.3-microsoft-standard-WSL2-x86_64-with-glibc2.29)
    method: GET
    uri: https://management.azure.com/subscriptions/00000000-0000-0000-0000-000000000000/resourceGroups/azcli-test-rg/providers/Microsoft.ConnectedVMwarevSphere/resourcePools/azcli-test-resource-pool?api-version=2020-10-01-preview
  response:
    body:
      string: '{"id":"/subscriptions/00000000-0000-0000-0000-000000000000/resourceGroups/azcli-test-rg/providers/Microsoft.ConnectedVMwarevSphere/resourcePools/azcli-test-resource-pool","name":"azcli-test-resource-pool","type":"microsoft.connectedvmwarevsphere/resourcepools","location":"eastus2euap","extendedLocation":{"type":"CustomLocation","name":"/subscriptions/00000000-0000-0000-0000-000000000000/resourceGroups/azcli-test-rg/providers/Microsoft.ExtendedLocation/CustomLocations/azcli-test-cl-avs"},"systemData":{"createdBy":"sanmishra@microsoft.com","createdByType":"User","createdAt":"2021-05-19T11:43:58.6415369Z","lastModifiedBy":"ac9dc5fe-b644-4832-9d03-d9f1ab70c5f7","lastModifiedByType":"Application","lastModifiedAt":"2021-05-19T11:44:08.0424233Z"},"properties":{"vCenterId":"/subscriptions/00000000-0000-0000-0000-000000000000/resourceGroups/azcli-test-rg/providers/Microsoft.ConnectedVmwarevSphere/VCenters/azcli-test-vcenter-avs","moRefId":"resgroup-5034","provisioningState":"Succeeded","customResourceName":"58b376ab-76ac-480f-9b6f-629b7b339c18","uuid":"58b376ab-76ac-480f-9b6f-629b7b339c18","moName":"SanmishraResourcePool","cpuSharesLevel":"normal","cpuLimitMHz":-1,"memSharesLevel":"normal","memLimitMB":-1}}'
    headers:
      cache-control:
      - no-cache
      content-length:
      - '1217'
      content-type:
      - application/json; charset=utf-8
      date:
      - Wed, 19 May 2021 11:44:35 GMT
      etag:
      - '"0000f3a0-0000-3400-0000-60a4fa080000"'
      expires:
      - '-1'
      pragma:
      - no-cache
      strict-transport-security:
      - max-age=31536000; includeSubDomains
      transfer-encoding:
      - chunked
      vary:
      - Accept-Encoding
      x-content-type-options:
      - nosniff
      x-ms-providerhub-traffic:
      - 'True'
    status:
      code: 200
      message: OK
- request:
    body: null
    headers:
      Accept:
      - application/json
      Accept-Encoding:
      - gzip, deflate
      CommandName:
      - connectedvmware resource-pool list
      Connection:
      - keep-alive
      ParameterSetName:
      - -g
      User-Agent:
      - AZURECLI/2.23.0 azsdk-python-mgmt-connectedvmware/1.0.0b1 Python/3.8.5 (Linux-5.10.16.3-microsoft-standard-WSL2-x86_64-with-glibc2.29)
    method: GET
    uri: https://management.azure.com/subscriptions/00000000-0000-0000-0000-000000000000/resourceGroups/azcli-test-rg/providers/Microsoft.ConnectedVMwarevSphere/resourcePools?api-version=2020-10-01-preview
  response:
    body:
      string: '{"value":[{"id":"/subscriptions/00000000-0000-0000-0000-000000000000/resourceGroups/azcli-test-rg/providers/Microsoft.ConnectedVMwarevSphere/resourcePools/azcli-test-resource-pool","name":"azcli-test-resource-pool","type":"microsoft.connectedvmwarevsphere/resourcepools","location":"eastus2euap","extendedLocation":{"type":"CustomLocation","name":"/subscriptions/00000000-0000-0000-0000-000000000000/resourceGroups/azcli-test-rg/providers/Microsoft.ExtendedLocation/CustomLocations/azcli-test-cl-avs"},"systemData":{"createdBy":"sanmishra@microsoft.com","createdByType":"User","createdAt":"2021-05-19T11:43:58.6415369Z","lastModifiedBy":"ac9dc5fe-b644-4832-9d03-d9f1ab70c5f7","lastModifiedByType":"Application","lastModifiedAt":"2021-05-19T11:44:08.0424233Z"},"properties":{"vCenterId":"/subscriptions/00000000-0000-0000-0000-000000000000/resourceGroups/azcli-test-rg/providers/Microsoft.ConnectedVmwarevSphere/VCenters/azcli-test-vcenter-avs","moRefId":"resgroup-5034","provisioningState":"Succeeded","customResourceName":"58b376ab-76ac-480f-9b6f-629b7b339c18","uuid":"58b376ab-76ac-480f-9b6f-629b7b339c18","moName":"SanmishraResourcePool","cpuSharesLevel":"normal","cpuLimitMHz":-1,"memSharesLevel":"normal","memLimitMB":-1}}]}'
    headers:
      cache-control:
      - no-cache
      content-length:
      - '1229'
      content-type:
      - application/json; charset=utf-8
      date:
      - Wed, 19 May 2021 11:44:36 GMT
      expires:
      - '-1'
      pragma:
      - no-cache
      strict-transport-security:
      - max-age=31536000; includeSubDomains
      transfer-encoding:
      - chunked
      vary:
      - Accept-Encoding
      x-content-type-options:
      - nosniff
      x-ms-providerhub-traffic:
      - 'True'
    status:
      code: 200
      message: OK
- request:
    body: '{"location": "eastus2euap", "extendedLocation": {"type": "CustomLocation",
      "name": "/subscriptions/00000000-0000-0000-0000-000000000000/resourceGroups/azcli-test-rg/providers/Microsoft.ExtendedLocation/CustomLocations/azcli-test-cl-avs"},
      "properties": {"vCenterId": "/subscriptions/00000000-0000-0000-0000-000000000000/resourceGroups/azcli-test-rg/providers/Microsoft.ConnectedVmwarevSphere/VCenters/azcli-test-vcenter-avs",
      "moRefId": "network-o761"}}'
    headers:
      Accept:
      - application/json
      Accept-Encoding:
      - gzip, deflate
      CommandName:
      - connectedvmware virtual-network create
      Connection:
      - keep-alive
      Content-Length:
      - '453'
      Content-Type:
      - application/json
      ParameterSetName:
      - -g -l --custom-location --vcenter --mo-ref-id --name
      User-Agent:
      - AZURECLI/2.23.0 azsdk-python-mgmt-connectedvmware/1.0.0b1 Python/3.8.5 (Linux-5.10.16.3-microsoft-standard-WSL2-x86_64-with-glibc2.29)
    method: PUT
    uri: https://management.azure.com/subscriptions/00000000-0000-0000-0000-000000000000/resourceGroups/azcli-test-rg/providers/Microsoft.ConnectedVMwarevSphere/virtualNetworks/azcli-test-virtual-network?api-version=2020-10-01-preview
  response:
    body:
      string: '{"id":"/subscriptions/00000000-0000-0000-0000-000000000000/resourceGroups/azcli-test-rg/providers/Microsoft.ConnectedVMwarevSphere/virtualNetworks/azcli-test-virtual-network","name":"azcli-test-virtual-network","type":"microsoft.connectedvmwarevsphere/virtualnetworks","location":"eastus2euap","extendedLocation":{"type":"CustomLocation","name":"/subscriptions/00000000-0000-0000-0000-000000000000/resourceGroups/azcli-test-rg/providers/Microsoft.ExtendedLocation/CustomLocations/azcli-test-cl-avs"},"systemData":{"createdBy":"sanmishra@microsoft.com","createdByType":"User","createdAt":"2021-05-19T11:44:38.7913062Z","lastModifiedBy":"sanmishra@microsoft.com","lastModifiedByType":"User","lastModifiedAt":"2021-05-19T11:44:38.7913062Z"},"properties":{"vCenterId":"/subscriptions/00000000-0000-0000-0000-000000000000/resourceGroups/azcli-test-rg/providers/Microsoft.ConnectedVmwarevSphere/VCenters/azcli-test-vcenter-avs","moRefId":"network-o761","provisioningState":"Accepted"}}'
    headers:
      api-supported-versions:
      - 2019-12-20-privatepreview, 2020-10-01-preview
      azure-asyncoperation:
      - https://management.azure.com/providers/Microsoft.ConnectedVMwarevSphere/locations/EASTUS2EUAP/operationStatuses/3c860159-fd93-4a03-bb30-85bb419f52f9?api-version=2020-10-01-preview
      cache-control:
      - no-cache
      content-length:
      - '979'
      content-type:
      - application/json; charset=utf-8
      date:
      - Wed, 19 May 2021 11:44:42 GMT
      etag:
      - '"0200376f-0000-3400-0000-60a4fa2a0000"'
      expires:
      - '-1'
      location:
      - /subscriptions/00000000-0000-0000-0000-000000000000/resourceGroups/azcli-test-rg/providers/Microsoft.ConnectedVMwarevSphere/VirtualNetworks/azcli-test-virtual-network
      pragma:
      - no-cache
      strict-transport-security:
      - max-age=31536000; includeSubDomains
      x-content-type-options:
      - nosniff
      x-ms-providerhub-traffic:
      - 'True'
      x-ms-ratelimit-remaining-subscription-writes:
      - '1199'
    status:
      code: 201
      message: Created
- request:
    body: null
    headers:
      Accept:
      - '*/*'
      Accept-Encoding:
      - gzip, deflate
      CommandName:
      - connectedvmware virtual-network create
      Connection:
      - keep-alive
      ParameterSetName:
      - -g -l --custom-location --vcenter --mo-ref-id --name
      User-Agent:
      - AZURECLI/2.23.0 azsdk-python-mgmt-connectedvmware/1.0.0b1 Python/3.8.5 (Linux-5.10.16.3-microsoft-standard-WSL2-x86_64-with-glibc2.29)
    method: GET
    uri: https://management.azure.com/providers/Microsoft.ConnectedVMwarevSphere/locations/EASTUS2EUAP/operationStatuses/3c860159-fd93-4a03-bb30-85bb419f52f9?api-version=2020-10-01-preview
  response:
    body:
      string: '{"id":"/providers/Microsoft.ConnectedVMwarevSphere/locations/EASTUS2EUAP/operationStatuses/3c860159-fd93-4a03-bb30-85bb419f52f9","name":"3c860159-fd93-4a03-bb30-85bb419f52f9","resourceId":"/subscriptions/00000000-0000-0000-0000-000000000000/resourceGroups/azcli-test-rg/providers/Microsoft.ConnectedVMwarevSphere/virtualNetworks/azcli-test-virtual-network","status":"Succeeded","startTime":"2021-05-19T11:44:41.812391Z","endTime":"2021-05-19T11:44:46.3395966Z","properties":null}'
    headers:
      cache-control:
      - no-cache
      content-length:
      - '479'
      content-type:
      - application/json; charset=utf-8
      date:
      - Wed, 19 May 2021 11:45:12 GMT
      etag:
      - '"0200b770-0000-3400-0000-60a4fa2e0000"'
      expires:
      - '-1'
      pragma:
      - no-cache
      strict-transport-security:
      - max-age=31536000; includeSubDomains
      transfer-encoding:
      - chunked
      vary:
      - Accept-Encoding
      x-content-type-options:
      - nosniff
    status:
      code: 200
      message: OK
- request:
    body: null
    headers:
      Accept:
      - '*/*'
      Accept-Encoding:
      - gzip, deflate
      CommandName:
      - connectedvmware virtual-network create
      Connection:
      - keep-alive
      ParameterSetName:
      - -g -l --custom-location --vcenter --mo-ref-id --name
      User-Agent:
      - AZURECLI/2.23.0 azsdk-python-mgmt-connectedvmware/1.0.0b1 Python/3.8.5 (Linux-5.10.16.3-microsoft-standard-WSL2-x86_64-with-glibc2.29)
    method: GET
    uri: https://management.azure.com/subscriptions/00000000-0000-0000-0000-000000000000/resourceGroups/azcli-test-rg/providers/Microsoft.ConnectedVMwarevSphere/virtualNetworks/azcli-test-virtual-network?api-version=2020-10-01-preview
  response:
    body:
      string: '{"id":"/subscriptions/00000000-0000-0000-0000-000000000000/resourceGroups/azcli-test-rg/providers/Microsoft.ConnectedVMwarevSphere/virtualNetworks/azcli-test-virtual-network","name":"azcli-test-virtual-network","type":"microsoft.connectedvmwarevsphere/virtualnetworks","location":"eastus2euap","extendedLocation":{"type":"CustomLocation","name":"/subscriptions/00000000-0000-0000-0000-000000000000/resourceGroups/azcli-test-rg/providers/Microsoft.ExtendedLocation/CustomLocations/azcli-test-cl-avs"},"systemData":{"createdBy":"sanmishra@microsoft.com","createdByType":"User","createdAt":"2021-05-19T11:44:38.7913062Z","lastModifiedBy":"ac9dc5fe-b644-4832-9d03-d9f1ab70c5f7","lastModifiedByType":"Application","lastModifiedAt":"2021-05-19T11:44:46.1212673Z"},"properties":{"vCenterId":"/subscriptions/00000000-0000-0000-0000-000000000000/resourceGroups/azcli-test-rg/providers/Microsoft.ConnectedVmwarevSphere/VCenters/azcli-test-vcenter-avs","moRefId":"network-o761","provisioningState":"Succeeded","customResourceName":"6f79b65a-f4a1-4726-935c-6060f3a2ae52","uuid":"6f79b65a-f4a1-4726-935c-6060f3a2ae52","moName":"segment-2"}}'
    headers:
      cache-control:
      - no-cache
      content-length:
      - '1127'
      content-type:
      - application/json; charset=utf-8
      date:
      - Wed, 19 May 2021 11:45:13 GMT
      etag:
      - '"02003d6f-0000-3400-0000-60a4fa2e0000"'
      expires:
      - '-1'
      pragma:
      - no-cache
      strict-transport-security:
      - max-age=31536000; includeSubDomains
      transfer-encoding:
      - chunked
      vary:
      - Accept-Encoding
      x-content-type-options:
      - nosniff
      x-ms-providerhub-traffic:
      - 'True'
    status:
      code: 200
      message: OK
- request:
    body: null
    headers:
      Accept:
      - application/json
      Accept-Encoding:
      - gzip, deflate
      CommandName:
      - connectedvmware virtual-network show
      Connection:
      - keep-alive
      ParameterSetName:
      - -g --name
      User-Agent:
      - AZURECLI/2.23.0 azsdk-python-mgmt-connectedvmware/1.0.0b1 Python/3.8.5 (Linux-5.10.16.3-microsoft-standard-WSL2-x86_64-with-glibc2.29)
    method: GET
    uri: https://management.azure.com/subscriptions/00000000-0000-0000-0000-000000000000/resourceGroups/azcli-test-rg/providers/Microsoft.ConnectedVMwarevSphere/virtualNetworks/azcli-test-virtual-network?api-version=2020-10-01-preview
  response:
    body:
      string: '{"id":"/subscriptions/00000000-0000-0000-0000-000000000000/resourceGroups/azcli-test-rg/providers/Microsoft.ConnectedVMwarevSphere/virtualNetworks/azcli-test-virtual-network","name":"azcli-test-virtual-network","type":"microsoft.connectedvmwarevsphere/virtualnetworks","location":"eastus2euap","extendedLocation":{"type":"CustomLocation","name":"/subscriptions/00000000-0000-0000-0000-000000000000/resourceGroups/azcli-test-rg/providers/Microsoft.ExtendedLocation/CustomLocations/azcli-test-cl-avs"},"systemData":{"createdBy":"sanmishra@microsoft.com","createdByType":"User","createdAt":"2021-05-19T11:44:38.7913062Z","lastModifiedBy":"ac9dc5fe-b644-4832-9d03-d9f1ab70c5f7","lastModifiedByType":"Application","lastModifiedAt":"2021-05-19T11:44:46.1212673Z"},"properties":{"vCenterId":"/subscriptions/00000000-0000-0000-0000-000000000000/resourceGroups/azcli-test-rg/providers/Microsoft.ConnectedVmwarevSphere/VCenters/azcli-test-vcenter-avs","moRefId":"network-o761","provisioningState":"Succeeded","customResourceName":"6f79b65a-f4a1-4726-935c-6060f3a2ae52","uuid":"6f79b65a-f4a1-4726-935c-6060f3a2ae52","moName":"segment-2"}}'
    headers:
      cache-control:
      - no-cache
      content-length:
      - '1127'
      content-type:
      - application/json; charset=utf-8
      date:
      - Wed, 19 May 2021 11:45:15 GMT
      etag:
      - '"02003d6f-0000-3400-0000-60a4fa2e0000"'
      expires:
      - '-1'
      pragma:
      - no-cache
      strict-transport-security:
      - max-age=31536000; includeSubDomains
      transfer-encoding:
      - chunked
      vary:
      - Accept-Encoding
      x-content-type-options:
      - nosniff
      x-ms-providerhub-traffic:
      - 'True'
    status:
      code: 200
      message: OK
- request:
    body: null
    headers:
      Accept:
      - application/json
      Accept-Encoding:
      - gzip, deflate
      CommandName:
      - connectedvmware virtual-network list
      Connection:
      - keep-alive
      ParameterSetName:
      - -g
      User-Agent:
      - AZURECLI/2.23.0 azsdk-python-mgmt-connectedvmware/1.0.0b1 Python/3.8.5 (Linux-5.10.16.3-microsoft-standard-WSL2-x86_64-with-glibc2.29)
    method: GET
    uri: https://management.azure.com/subscriptions/00000000-0000-0000-0000-000000000000/resourceGroups/azcli-test-rg/providers/Microsoft.ConnectedVMwarevSphere/virtualNetworks?api-version=2020-10-01-preview
  response:
    body:
      string: '{"value":[{"id":"/subscriptions/00000000-0000-0000-0000-000000000000/resourceGroups/azcli-test-rg/providers/Microsoft.ConnectedVMwarevSphere/virtualNetworks/azcli-test-virtual-network","name":"azcli-test-virtual-network","type":"microsoft.connectedvmwarevsphere/virtualnetworks","location":"eastus2euap","extendedLocation":{"type":"CustomLocation","name":"/subscriptions/00000000-0000-0000-0000-000000000000/resourceGroups/azcli-test-rg/providers/Microsoft.ExtendedLocation/CustomLocations/azcli-test-cl-avs"},"systemData":{"createdBy":"sanmishra@microsoft.com","createdByType":"User","createdAt":"2021-05-19T11:44:38.7913062Z","lastModifiedBy":"ac9dc5fe-b644-4832-9d03-d9f1ab70c5f7","lastModifiedByType":"Application","lastModifiedAt":"2021-05-19T11:44:46.1212673Z"},"properties":{"vCenterId":"/subscriptions/00000000-0000-0000-0000-000000000000/resourceGroups/azcli-test-rg/providers/Microsoft.ConnectedVmwarevSphere/VCenters/azcli-test-vcenter-avs","moRefId":"network-o761","provisioningState":"Succeeded","customResourceName":"6f79b65a-f4a1-4726-935c-6060f3a2ae52","uuid":"6f79b65a-f4a1-4726-935c-6060f3a2ae52","moName":"segment-2"}}]}'
    headers:
      cache-control:
      - no-cache
      content-length:
      - '1139'
      content-type:
      - application/json; charset=utf-8
      date:
      - Wed, 19 May 2021 11:45:15 GMT
      expires:
      - '-1'
      pragma:
      - no-cache
      strict-transport-security:
      - max-age=31536000; includeSubDomains
      transfer-encoding:
      - chunked
      vary:
      - Accept-Encoding
      x-content-type-options:
      - nosniff
      x-ms-providerhub-traffic:
      - 'True'
    status:
      code: 200
      message: OK
- request:
    body: '{"location": "eastus2euap", "extendedLocation": {"type": "CustomLocation",
      "name": "/subscriptions/00000000-0000-0000-0000-000000000000/resourceGroups/azcli-test-rg/providers/Microsoft.ExtendedLocation/CustomLocations/azcli-test-cl-avs"},
      "properties": {"vCenterId": "/subscriptions/00000000-0000-0000-0000-000000000000/resourceGroups/azcli-test-rg/providers/Microsoft.ConnectedVmwarevSphere/VCenters/azcli-test-vcenter-avs",
      "moRefId": "vm-55"}}'
    headers:
      Accept:
      - application/json
      Accept-Encoding:
      - gzip, deflate
      CommandName:
      - connectedvmware vm-template create
      Connection:
      - keep-alive
      Content-Length:
      - '446'
      Content-Type:
      - application/json
      ParameterSetName:
      - -g -l --custom-location --vcenter --mo-ref-id --name
      User-Agent:
      - AZURECLI/2.23.0 azsdk-python-mgmt-connectedvmware/1.0.0b1 Python/3.8.5 (Linux-5.10.16.3-microsoft-standard-WSL2-x86_64-with-glibc2.29)
    method: PUT
    uri: https://management.azure.com/subscriptions/00000000-0000-0000-0000-000000000000/resourceGroups/azcli-test-rg/providers/Microsoft.ConnectedVMwarevSphere/virtualMachineTemplates/azcli-test-vm-template?api-version=2020-10-01-preview
  response:
    body:
      string: '{"id":"/subscriptions/00000000-0000-0000-0000-000000000000/resourceGroups/azcli-test-rg/providers/Microsoft.ConnectedVMwarevSphere/virtualMachineTemplates/azcli-test-vm-template","name":"azcli-test-vm-template","type":"microsoft.connectedvmwarevsphere/virtualmachinetemplates","location":"eastus2euap","extendedLocation":{"type":"CustomLocation","name":"/subscriptions/00000000-0000-0000-0000-000000000000/resourceGroups/azcli-test-rg/providers/Microsoft.ExtendedLocation/CustomLocations/azcli-test-cl-avs"},"systemData":{"createdBy":"sanmishra@microsoft.com","createdByType":"User","createdAt":"2021-05-19T11:45:18.1893368Z","lastModifiedBy":"sanmishra@microsoft.com","lastModifiedByType":"User","lastModifiedAt":"2021-05-19T11:45:18.1893368Z"},"properties":{"vCenterId":"/subscriptions/00000000-0000-0000-0000-000000000000/resourceGroups/azcli-test-rg/providers/Microsoft.ConnectedVmwarevSphere/VCenters/azcli-test-vcenter-avs","moRefId":"vm-55","provisioningState":"Accepted"}}'
    headers:
      api-supported-versions:
      - 2019-12-20-privatepreview, 2020-10-01-preview
      azure-asyncoperation:
      - https://management.azure.com/providers/Microsoft.ConnectedVMwarevSphere/locations/EASTUS2EUAP/operationStatuses/2688d4af-392d-41c3-8cdf-344cbab725c3?api-version=2020-10-01-preview
      cache-control:
      - no-cache
      content-length:
      - '980'
      content-type:
      - application/json; charset=utf-8
      date:
      - Wed, 19 May 2021 11:45:20 GMT
      etag:
      - '"00003c6a-0000-3400-0000-60a4fa4f0000"'
      expires:
      - '-1'
      location:
      - /subscriptions/00000000-0000-0000-0000-000000000000/resourceGroups/azcli-test-rg/providers/Microsoft.ConnectedVMwarevSphere/VirtualMachineTemplates/azcli-test-vm-template
      pragma:
      - no-cache
      strict-transport-security:
      - max-age=31536000; includeSubDomains
      x-content-type-options:
      - nosniff
      x-ms-providerhub-traffic:
      - 'True'
      x-ms-ratelimit-remaining-subscription-writes:
      - '1199'
    status:
      code: 201
      message: Created
- request:
    body: null
    headers:
      Accept:
      - '*/*'
      Accept-Encoding:
      - gzip, deflate
      CommandName:
      - connectedvmware vm-template create
      Connection:
      - keep-alive
      ParameterSetName:
      - -g -l --custom-location --vcenter --mo-ref-id --name
      User-Agent:
      - AZURECLI/2.23.0 azsdk-python-mgmt-connectedvmware/1.0.0b1 Python/3.8.5 (Linux-5.10.16.3-microsoft-standard-WSL2-x86_64-with-glibc2.29)
    method: GET
    uri: https://management.azure.com/providers/Microsoft.ConnectedVMwarevSphere/locations/EASTUS2EUAP/operationStatuses/2688d4af-392d-41c3-8cdf-344cbab725c3?api-version=2020-10-01-preview
  response:
    body:
      string: '{"id":"/providers/Microsoft.ConnectedVMwarevSphere/locations/EASTUS2EUAP/operationStatuses/2688d4af-392d-41c3-8cdf-344cbab725c3","name":"2688d4af-392d-41c3-8cdf-344cbab725c3","resourceId":"/subscriptions/00000000-0000-0000-0000-000000000000/resourceGroups/azcli-test-rg/providers/Microsoft.ConnectedVMwarevSphere/virtualMachineTemplates/azcli-test-vm-template","status":"Succeeded","startTime":"2021-05-19T11:45:19.374918Z","endTime":"2021-05-19T11:45:22.6949187Z","properties":null}'
    headers:
      cache-control:
      - no-cache
      content-length:
      - '483'
      content-type:
      - application/json; charset=utf-8
      date:
      - Wed, 19 May 2021 11:45:50 GMT
      etag:
      - '"0200d070-0000-3400-0000-60a4fa520000"'
      expires:
      - '-1'
      pragma:
      - no-cache
      strict-transport-security:
      - max-age=31536000; includeSubDomains
      transfer-encoding:
      - chunked
      vary:
      - Accept-Encoding
      x-content-type-options:
      - nosniff
    status:
      code: 200
      message: OK
- request:
    body: null
    headers:
      Accept:
      - '*/*'
      Accept-Encoding:
      - gzip, deflate
      CommandName:
      - connectedvmware vm-template create
      Connection:
      - keep-alive
      ParameterSetName:
      - -g -l --custom-location --vcenter --mo-ref-id --name
      User-Agent:
      - AZURECLI/2.23.0 azsdk-python-mgmt-connectedvmware/1.0.0b1 Python/3.8.5 (Linux-5.10.16.3-microsoft-standard-WSL2-x86_64-with-glibc2.29)
    method: GET
    uri: https://management.azure.com/subscriptions/00000000-0000-0000-0000-000000000000/resourceGroups/azcli-test-rg/providers/Microsoft.ConnectedVMwarevSphere/virtualMachineTemplates/azcli-test-vm-template?api-version=2020-10-01-preview
  response:
    body:
      string: '{"id":"/subscriptions/00000000-0000-0000-0000-000000000000/resourceGroups/azcli-test-rg/providers/Microsoft.ConnectedVMwarevSphere/virtualMachineTemplates/azcli-test-vm-template","name":"azcli-test-vm-template","type":"microsoft.connectedvmwarevsphere/virtualmachinetemplates","location":"eastus2euap","extendedLocation":{"type":"CustomLocation","name":"/subscriptions/00000000-0000-0000-0000-000000000000/resourceGroups/azcli-test-rg/providers/Microsoft.ExtendedLocation/CustomLocations/azcli-test-cl-avs"},"systemData":{"createdBy":"sanmishra@microsoft.com","createdByType":"User","createdAt":"2021-05-19T11:45:18.1893368Z","lastModifiedBy":"ac9dc5fe-b644-4832-9d03-d9f1ab70c5f7","lastModifiedByType":"Application","lastModifiedAt":"2021-05-19T11:45:22.4417906Z"},"properties":{"vCenterId":"/subscriptions/00000000-0000-0000-0000-000000000000/resourceGroups/azcli-test-rg/providers/Microsoft.ConnectedVmwarevSphere/VCenters/azcli-test-vcenter-avs","moRefId":"vm-55","provisioningState":"Succeeded","customResourceName":"6bef5a0e-64c9-40ca-8abb-db0c442322c0","uuid":"6bef5a0e-64c9-40ca-8abb-db0c442322c0","networkInterfaces":[{"name":"nic_1","label":"Network
        adapter 1","macAddress":"00:50:56:93:2b:71","networkMoRefId":"network-o50","networkMoName":"segment-1","nicType":"vmxnet3","deviceKey":4000,"powerOnBoot":"enabled","ipSettings":{"allocationMethod":"unset"}}],"disks":[{"diskObjectId":"1816-2000","name":"disk_1","label":"Hard
        disk 1","diskSizeGB":10,"deviceKey":2000,"diskMode":"persistent","controllerKey":1000,"unitNumber":0}],"moName":"azurevmwarecloudtestubuntu","memorySizeMB":1024,"numCPUs":1,"numCoresPerSocket":1,"osType":"Linux","osName":"Ubuntu
        Linux (64-bit)","folderPath":"SDDC-Datacenter/Templates"}}'
    headers:
      cache-control:
      - no-cache
      content-length:
      - '1722'
      content-type:
      - application/json; charset=utf-8
      date:
      - Wed, 19 May 2021 11:45:50 GMT
      etag:
      - '"0000426a-0000-3400-0000-60a4fa520000"'
      expires:
      - '-1'
      pragma:
      - no-cache
      strict-transport-security:
      - max-age=31536000; includeSubDomains
      transfer-encoding:
      - chunked
      vary:
      - Accept-Encoding
      x-content-type-options:
      - nosniff
      x-ms-providerhub-traffic:
      - 'True'
    status:
      code: 200
      message: OK
- request:
    body: null
    headers:
      Accept:
      - application/json
      Accept-Encoding:
      - gzip, deflate
      CommandName:
      - connectedvmware vm-template show
      Connection:
      - keep-alive
      ParameterSetName:
      - -g --name
      User-Agent:
      - AZURECLI/2.23.0 azsdk-python-mgmt-connectedvmware/1.0.0b1 Python/3.8.5 (Linux-5.10.16.3-microsoft-standard-WSL2-x86_64-with-glibc2.29)
    method: GET
    uri: https://management.azure.com/subscriptions/00000000-0000-0000-0000-000000000000/resourceGroups/azcli-test-rg/providers/Microsoft.ConnectedVMwarevSphere/virtualMachineTemplates/azcli-test-vm-template?api-version=2020-10-01-preview
  response:
    body:
      string: '{"id":"/subscriptions/00000000-0000-0000-0000-000000000000/resourceGroups/azcli-test-rg/providers/Microsoft.ConnectedVMwarevSphere/virtualMachineTemplates/azcli-test-vm-template","name":"azcli-test-vm-template","type":"microsoft.connectedvmwarevsphere/virtualmachinetemplates","location":"eastus2euap","extendedLocation":{"type":"CustomLocation","name":"/subscriptions/00000000-0000-0000-0000-000000000000/resourceGroups/azcli-test-rg/providers/Microsoft.ExtendedLocation/CustomLocations/azcli-test-cl-avs"},"systemData":{"createdBy":"sanmishra@microsoft.com","createdByType":"User","createdAt":"2021-05-19T11:45:18.1893368Z","lastModifiedBy":"ac9dc5fe-b644-4832-9d03-d9f1ab70c5f7","lastModifiedByType":"Application","lastModifiedAt":"2021-05-19T11:45:22.4417906Z"},"properties":{"vCenterId":"/subscriptions/00000000-0000-0000-0000-000000000000/resourceGroups/azcli-test-rg/providers/Microsoft.ConnectedVmwarevSphere/VCenters/azcli-test-vcenter-avs","moRefId":"vm-55","provisioningState":"Succeeded","customResourceName":"6bef5a0e-64c9-40ca-8abb-db0c442322c0","uuid":"6bef5a0e-64c9-40ca-8abb-db0c442322c0","networkInterfaces":[{"name":"nic_1","label":"Network
        adapter 1","macAddress":"00:50:56:93:2b:71","networkMoRefId":"network-o50","networkMoName":"segment-1","nicType":"vmxnet3","deviceKey":4000,"powerOnBoot":"enabled","ipSettings":{"allocationMethod":"unset"}}],"disks":[{"diskObjectId":"1816-2000","name":"disk_1","label":"Hard
        disk 1","diskSizeGB":10,"deviceKey":2000,"diskMode":"persistent","controllerKey":1000,"unitNumber":0}],"moName":"azurevmwarecloudtestubuntu","memorySizeMB":1024,"numCPUs":1,"numCoresPerSocket":1,"osType":"Linux","osName":"Ubuntu
        Linux (64-bit)","folderPath":"SDDC-Datacenter/Templates"}}'
    headers:
      cache-control:
      - no-cache
      content-length:
      - '1722'
      content-type:
      - application/json; charset=utf-8
      date:
      - Wed, 19 May 2021 11:45:51 GMT
      etag:
      - '"0000426a-0000-3400-0000-60a4fa520000"'
      expires:
      - '-1'
      pragma:
      - no-cache
      strict-transport-security:
      - max-age=31536000; includeSubDomains
      transfer-encoding:
      - chunked
      vary:
      - Accept-Encoding
      x-content-type-options:
      - nosniff
      x-ms-providerhub-traffic:
      - 'True'
    status:
      code: 200
      message: OK
- request:
    body: null
    headers:
      Accept:
      - application/json
      Accept-Encoding:
      - gzip, deflate
      CommandName:
      - connectedvmware vm-template list
      Connection:
      - keep-alive
      ParameterSetName:
      - -g
      User-Agent:
      - AZURECLI/2.23.0 azsdk-python-mgmt-connectedvmware/1.0.0b1 Python/3.8.5 (Linux-5.10.16.3-microsoft-standard-WSL2-x86_64-with-glibc2.29)
    method: GET
    uri: https://management.azure.com/subscriptions/00000000-0000-0000-0000-000000000000/resourceGroups/azcli-test-rg/providers/Microsoft.ConnectedVMwarevSphere/virtualMachineTemplates?api-version=2020-10-01-preview
  response:
    body:
      string: '{"value":[{"id":"/subscriptions/00000000-0000-0000-0000-000000000000/resourceGroups/azcli-test-rg/providers/Microsoft.ConnectedVMwarevSphere/virtualMachineTemplates/azcli-test-vm-template","name":"azcli-test-vm-template","type":"microsoft.connectedvmwarevsphere/virtualmachinetemplates","location":"eastus2euap","extendedLocation":{"type":"CustomLocation","name":"/subscriptions/00000000-0000-0000-0000-000000000000/resourceGroups/azcli-test-rg/providers/Microsoft.ExtendedLocation/CustomLocations/azcli-test-cl-avs"},"systemData":{"createdBy":"sanmishra@microsoft.com","createdByType":"User","createdAt":"2021-05-19T11:45:18.1893368Z","lastModifiedBy":"ac9dc5fe-b644-4832-9d03-d9f1ab70c5f7","lastModifiedByType":"Application","lastModifiedAt":"2021-05-19T11:45:22.4417906Z"},"properties":{"vCenterId":"/subscriptions/00000000-0000-0000-0000-000000000000/resourceGroups/azcli-test-rg/providers/Microsoft.ConnectedVmwarevSphere/VCenters/azcli-test-vcenter-avs","moRefId":"vm-55","provisioningState":"Succeeded","customResourceName":"6bef5a0e-64c9-40ca-8abb-db0c442322c0","uuid":"6bef5a0e-64c9-40ca-8abb-db0c442322c0","networkInterfaces":[{"name":"nic_1","label":"Network
        adapter 1","macAddress":"00:50:56:93:2b:71","networkMoRefId":"network-o50","networkMoName":"segment-1","nicType":"vmxnet3","deviceKey":4000,"powerOnBoot":"enabled","ipSettings":{"allocationMethod":"unset"}}],"disks":[{"diskObjectId":"1816-2000","name":"disk_1","label":"Hard
        disk 1","diskSizeGB":10,"deviceKey":2000,"diskMode":"persistent","controllerKey":1000,"unitNumber":0}],"moName":"azurevmwarecloudtestubuntu","memorySizeMB":1024,"numCPUs":1,"numCoresPerSocket":1,"osType":"Linux","osName":"Ubuntu
        Linux (64-bit)","folderPath":"SDDC-Datacenter/Templates"}}]}'
    headers:
      cache-control:
      - no-cache
      content-length:
      - '1734'
      content-type:
      - application/json; charset=utf-8
      date:
      - Wed, 19 May 2021 11:45:53 GMT
      expires:
      - '-1'
      pragma:
      - no-cache
      strict-transport-security:
      - max-age=31536000; includeSubDomains
      transfer-encoding:
      - chunked
      vary:
      - Accept-Encoding
      x-content-type-options:
      - nosniff
      x-ms-providerhub-traffic:
      - 'True'
    status:
      code: 200
      message: OK
- request:
    body: null
    headers:
      Accept:
      - application/json
      Accept-Encoding:
      - gzip, deflate
      CommandName:
      - connectedvmware inventory-item show
      Connection:
      - keep-alive
      ParameterSetName:
      - -g --vcenter-name --inventory-item
      User-Agent:
      - AZURECLI/2.23.0 azsdk-python-mgmt-connectedvmware/1.0.0b1 Python/3.8.5 (Linux-5.10.16.3-microsoft-standard-WSL2-x86_64-with-glibc2.29)
    method: GET
    uri: https://management.azure.com/subscriptions/00000000-0000-0000-0000-000000000000/resourceGroups/azcli-test-rg/providers/Microsoft.ConnectedVMwarevSphere/vcenters/azcli-test-vcenter-avs/inventoryItems/resgroup-5034?api-version=2020-10-01-preview
  response:
    body:
      string: '{"id":"/subscriptions/00000000-0000-0000-0000-000000000000/resourceGroups/azcli-test-rg/providers/Microsoft.ConnectedVMwarevSphere/VCenters/azcli-test-vcenter-avs/InventoryItems/resgroup-5034","name":"resgroup-5034","type":"microsoft.connectedvmwarevsphere/vcenters/inventoryitems","systemData":{"createdBy":"ac9dc5fe-b644-4832-9d03-d9f1ab70c5f7","createdByType":"Application","createdAt":"2021-05-17T11:38:31.7591468Z","lastModifiedBy":"ac9dc5fe-b644-4832-9d03-d9f1ab70c5f7","lastModifiedByType":"Application","lastModifiedAt":"2021-05-19T08:09:34.4142677Z"},"properties":{"inventoryType":"ResourcePool","managedResourceId":"","moRefId":"resgroup-5034","provisioningState":"Succeeded","parent":{"moName":"Resources","inventoryItemId":"/subscriptions/00000000-0000-0000-0000-000000000000/resourceGroups/azcli-test-rg/providers/Microsoft.ConnectedVMwarevSphere/VCenters/azcli-test-vcenter-avs/InventoryItems/resgroup-8"},"moName":"SanmishraResourcePool"}}'
    headers:
      cache-control:
      - no-cache
      content-length:
      - '954'
      content-type:
      - application/json; charset=utf-8
      date:
      - Wed, 19 May 2021 11:46:04 GMT
      etag:
      - '"5200d139-0000-3400-0000-60a4c7be0000"'
      expires:
      - '-1'
      pragma:
      - no-cache
      strict-transport-security:
      - max-age=31536000; includeSubDomains
      transfer-encoding:
      - chunked
      vary:
      - Accept-Encoding
      x-content-type-options:
      - nosniff
      x-ms-providerhub-traffic:
      - 'True'
    status:
      code: 200
      message: OK
- request:
    body: '{"location": "eastus2euap", "extendedLocation": {"type": "CustomLocation",
      "name": "/subscriptions/00000000-0000-0000-0000-000000000000/resourceGroups/azcli-test-rg/providers/Microsoft.ExtendedLocation/CustomLocations/azcli-test-cl-avs"},
      "properties": {"resourcePoolId": "/subscriptions/00000000-0000-0000-0000-000000000000/resourceGroups/azcli-test-rg/providers/Microsoft.ConnectedVmwarevSphere/resourcepools/azcli-test-resource-pool",
      "templateId": "/subscriptions/00000000-0000-0000-0000-000000000000/resourceGroups/azcli-test-rg/providers/Microsoft.ConnectedVmwarevSphere/virtualmachinetemplates/azcli-test-vm-template",
      "vCenterId": "/subscriptions/00000000-0000-0000-0000-000000000000/resourceGroups/azcli-test-rg/providers/Microsoft.ConnectedVmwarevSphere/VCenters/azcli-test-vcenter-avs"}}'
    headers:
      Accept:
      - application/json
      Accept-Encoding:
      - gzip, deflate
      CommandName:
      - connectedvmware vm create
      Connection:
      - keep-alive
      Content-Length:
      - '798'
      Content-Type:
      - application/json
      ParameterSetName:
      - -g -l --custom-location --vcenter --resource-pool --vm-template --name
      User-Agent:
      - AZURECLI/2.23.0 azsdk-python-mgmt-connectedvmware/1.0.0b1 Python/3.8.5 (Linux-5.10.16.3-microsoft-standard-WSL2-x86_64-with-glibc2.29)
    method: PUT
    uri: https://management.azure.com/subscriptions/00000000-0000-0000-0000-000000000000/resourceGroups/azcli-test-rg/providers/Microsoft.ConnectedVMwarevSphere/virtualMachines/azcli-test-virtual-machine?api-version=2020-10-01-preview
  response:
    body:
      string: '{"id":"/subscriptions/00000000-0000-0000-0000-000000000000/resourceGroups/azcli-test-rg/providers/Microsoft.ConnectedVMwarevSphere/virtualMachines/azcli-test-virtual-machine","name":"azcli-test-virtual-machine","type":"microsoft.connectedvmwarevsphere/virtualmachines","kind":"VMware","location":"eastus2euap","extendedLocation":{"type":"CustomLocation","name":"/subscriptions/00000000-0000-0000-0000-000000000000/resourceGroups/azcli-test-rg/providers/Microsoft.ExtendedLocation/CustomLocations/azcli-test-cl-avs"},"systemData":{"createdBy":"sanmishra@microsoft.com","createdByType":"User","createdAt":"2021-05-19T11:46:07.1277397Z","lastModifiedBy":"sanmishra@microsoft.com","lastModifiedByType":"User","lastModifiedAt":"2021-05-19T11:46:07.1277397Z"},"properties":{"resourcePoolId":"/subscriptions/00000000-0000-0000-0000-000000000000/resourceGroups/azcli-test-rg/providers/Microsoft.ConnectedVmwarevSphere/resourcepools/azcli-test-resource-pool","templateId":"/subscriptions/00000000-0000-0000-0000-000000000000/resourceGroups/azcli-test-rg/providers/Microsoft.ConnectedVmwarevSphere/virtualmachinetemplates/azcli-test-vm-template","vCenterId":"/subscriptions/00000000-0000-0000-0000-000000000000/resourceGroups/azcli-test-rg/providers/Microsoft.ConnectedVmwarevSphere/VCenters/azcli-test-vcenter-avs","provisioningState":"Accepted"}}'
    headers:
      api-supported-versions:
      - 2019-12-20-privatepreview, 2020-10-01-preview
      azure-asyncoperation:
      - https://management.azure.com/providers/Microsoft.ConnectedVMwarevSphere/locations/EASTUS2EUAP/operationStatuses/d4b7f8b2-2a68-40f2-8d7a-0fe65c1393f5?api-version=2020-10-01-preview
      cache-control:
      - no-cache
      content-length:
      - '1338'
      content-type:
      - application/json; charset=utf-8
      date:
      - Wed, 19 May 2021 11:46:08 GMT
      etag:
      - '"0100a45b-0000-3400-0000-60a4fa810000"'
      expires:
      - '-1'
      location:
      - /subscriptions/00000000-0000-0000-0000-000000000000/resourceGroups/azcli-test-rg/providers/Microsoft.ConnectedVMwarevSphere/VirtualMachines/azcli-test-virtual-machine
      pragma:
      - no-cache
      strict-transport-security:
      - max-age=31536000; includeSubDomains
      x-content-type-options:
      - nosniff
      x-ms-providerhub-traffic:
      - 'True'
      x-ms-ratelimit-remaining-subscription-writes:
      - '1198'
    status:
      code: 201
      message: Created
- request:
    body: null
    headers:
      Accept:
      - '*/*'
      Accept-Encoding:
      - gzip, deflate
      CommandName:
      - connectedvmware vm create
      Connection:
      - keep-alive
      ParameterSetName:
      - -g -l --custom-location --vcenter --resource-pool --vm-template --name
      User-Agent:
      - AZURECLI/2.23.0 azsdk-python-mgmt-connectedvmware/1.0.0b1 Python/3.8.5 (Linux-5.10.16.3-microsoft-standard-WSL2-x86_64-with-glibc2.29)
    method: GET
    uri: https://management.azure.com/providers/Microsoft.ConnectedVMwarevSphere/locations/EASTUS2EUAP/operationStatuses/d4b7f8b2-2a68-40f2-8d7a-0fe65c1393f5?api-version=2020-10-01-preview
  response:
    body:
      string: '{"id":"/providers/Microsoft.ConnectedVMwarevSphere/locations/EASTUS2EUAP/operationStatuses/d4b7f8b2-2a68-40f2-8d7a-0fe65c1393f5","name":"d4b7f8b2-2a68-40f2-8d7a-0fe65c1393f5","resourceId":"/subscriptions/00000000-0000-0000-0000-000000000000/resourceGroups/azcli-test-rg/providers/Microsoft.ConnectedVMwarevSphere/virtualMachines/azcli-test-virtual-machine","status":"Accepted","startTime":"2021-05-19T11:46:08.8331842Z"}'
    headers:
      cache-control:
      - no-cache
      content-length:
      - '420'
      content-type:
      - application/json; charset=utf-8
      date:
      - Wed, 19 May 2021 11:46:39 GMT
      etag:
      - '"0200d270-0000-3400-0000-60a4fa800000"'
      expires:
      - '-1'
      pragma:
      - no-cache
      strict-transport-security:
      - max-age=31536000; includeSubDomains
      transfer-encoding:
      - chunked
      vary:
      - Accept-Encoding
      x-content-type-options:
      - nosniff
    status:
      code: 200
      message: OK
- request:
    body: null
    headers:
      Accept:
      - '*/*'
      Accept-Encoding:
      - gzip, deflate
      CommandName:
      - connectedvmware vm create
      Connection:
      - keep-alive
      ParameterSetName:
      - -g -l --custom-location --vcenter --resource-pool --vm-template --name
      User-Agent:
      - AZURECLI/2.23.0 azsdk-python-mgmt-connectedvmware/1.0.0b1 Python/3.8.5 (Linux-5.10.16.3-microsoft-standard-WSL2-x86_64-with-glibc2.29)
    method: GET
    uri: https://management.azure.com/providers/Microsoft.ConnectedVMwarevSphere/locations/EASTUS2EUAP/operationStatuses/d4b7f8b2-2a68-40f2-8d7a-0fe65c1393f5?api-version=2020-10-01-preview
  response:
    body:
      string: '{"id":"/providers/Microsoft.ConnectedVMwarevSphere/locations/EASTUS2EUAP/operationStatuses/d4b7f8b2-2a68-40f2-8d7a-0fe65c1393f5","name":"d4b7f8b2-2a68-40f2-8d7a-0fe65c1393f5","resourceId":"/subscriptions/00000000-0000-0000-0000-000000000000/resourceGroups/azcli-test-rg/providers/Microsoft.ConnectedVMwarevSphere/virtualMachines/azcli-test-virtual-machine","status":"Accepted","startTime":"2021-05-19T11:46:08.8331842Z"}'
    headers:
      cache-control:
      - no-cache
      content-length:
      - '420'
      content-type:
      - application/json; charset=utf-8
      date:
      - Wed, 19 May 2021 11:47:10 GMT
      etag:
      - '"0200d270-0000-3400-0000-60a4fa800000"'
      expires:
      - '-1'
      pragma:
      - no-cache
      strict-transport-security:
      - max-age=31536000; includeSubDomains
      transfer-encoding:
      - chunked
      vary:
      - Accept-Encoding
      x-content-type-options:
      - nosniff
    status:
      code: 200
      message: OK
- request:
    body: null
    headers:
      Accept:
      - '*/*'
      Accept-Encoding:
      - gzip, deflate
      CommandName:
      - connectedvmware vm create
      Connection:
      - keep-alive
      ParameterSetName:
      - -g -l --custom-location --vcenter --resource-pool --vm-template --name
      User-Agent:
      - AZURECLI/2.23.0 azsdk-python-mgmt-connectedvmware/1.0.0b1 Python/3.8.5 (Linux-5.10.16.3-microsoft-standard-WSL2-x86_64-with-glibc2.29)
    method: GET
    uri: https://management.azure.com/providers/Microsoft.ConnectedVMwarevSphere/locations/EASTUS2EUAP/operationStatuses/d4b7f8b2-2a68-40f2-8d7a-0fe65c1393f5?api-version=2020-10-01-preview
  response:
    body:
      string: '{"id":"/providers/Microsoft.ConnectedVMwarevSphere/locations/EASTUS2EUAP/operationStatuses/d4b7f8b2-2a68-40f2-8d7a-0fe65c1393f5","name":"d4b7f8b2-2a68-40f2-8d7a-0fe65c1393f5","resourceId":"/subscriptions/00000000-0000-0000-0000-000000000000/resourceGroups/azcli-test-rg/providers/Microsoft.ConnectedVMwarevSphere/virtualMachines/azcli-test-virtual-machine","status":"Succeeded","startTime":"2021-05-19T11:46:08.8331842Z","endTime":"2021-05-19T11:47:30.1606374Z","properties":null}'
    headers:
      cache-control:
      - no-cache
      content-length:
      - '480'
      content-type:
      - application/json; charset=utf-8
      date:
      - Wed, 19 May 2021 11:47:40 GMT
      etag:
      - '"0200e170-0000-3400-0000-60a4fad20000"'
      expires:
      - '-1'
      pragma:
      - no-cache
      strict-transport-security:
      - max-age=31536000; includeSubDomains
      transfer-encoding:
      - chunked
      vary:
      - Accept-Encoding
      x-content-type-options:
      - nosniff
    status:
      code: 200
      message: OK
- request:
    body: null
    headers:
      Accept:
      - '*/*'
      Accept-Encoding:
      - gzip, deflate
      CommandName:
      - connectedvmware vm create
      Connection:
      - keep-alive
      ParameterSetName:
      - -g -l --custom-location --vcenter --resource-pool --vm-template --name
      User-Agent:
      - AZURECLI/2.23.0 azsdk-python-mgmt-connectedvmware/1.0.0b1 Python/3.8.5 (Linux-5.10.16.3-microsoft-standard-WSL2-x86_64-with-glibc2.29)
    method: GET
    uri: https://management.azure.com/subscriptions/00000000-0000-0000-0000-000000000000/resourceGroups/azcli-test-rg/providers/Microsoft.ConnectedVMwarevSphere/virtualMachines/azcli-test-virtual-machine?api-version=2020-10-01-preview
  response:
    body:
      string: '{"id":"/subscriptions/00000000-0000-0000-0000-000000000000/resourceGroups/azcli-test-rg/providers/Microsoft.ConnectedVMwarevSphere/virtualMachines/azcli-test-virtual-machine","name":"azcli-test-virtual-machine","type":"microsoft.connectedvmwarevsphere/virtualmachines","kind":"VMware","location":"eastus2euap","extendedLocation":{"type":"CustomLocation","name":"/subscriptions/00000000-0000-0000-0000-000000000000/resourceGroups/azcli-test-rg/providers/Microsoft.ExtendedLocation/CustomLocations/azcli-test-cl-avs"},"systemData":{"createdBy":"sanmishra@microsoft.com","createdByType":"User","createdAt":"2021-05-19T11:46:07.1277397Z","lastModifiedBy":"ac9dc5fe-b644-4832-9d03-d9f1ab70c5f7","lastModifiedByType":"Application","lastModifiedAt":"2021-05-19T11:47:29.9091297Z"},"properties":{"resourcePoolId":"/subscriptions/00000000-0000-0000-0000-000000000000/resourceGroups/azcli-test-rg/providers/Microsoft.ConnectedVmwarevSphere/resourcepools/azcli-test-resource-pool","templateId":"/subscriptions/00000000-0000-0000-0000-000000000000/resourceGroups/azcli-test-rg/providers/Microsoft.ConnectedVmwarevSphere/virtualmachinetemplates/azcli-test-vm-template","vCenterId":"/subscriptions/00000000-0000-0000-0000-000000000000/resourceGroups/azcli-test-rg/providers/Microsoft.ConnectedVmwarevSphere/VCenters/azcli-test-vcenter-avs","provisioningState":"Succeeded","customResourceName":"142f1eba-cbdf-46e5-9cf9-6608cc4cca91","uuid":"142f1eba-cbdf-46e5-9cf9-6608cc4cca91","vmId":"142f1eba-cbdf-46e5-9cf9-6608cc4cca91","networkProfile":{"networkInterfaces":[{"name":"nic_1","label":"Network
        adapter 1","macAddress":"00:50:56:93:6d:5c","networkMoRefId":"network-o50","networkMoName":"segment-1","nicType":"vmxnet3","deviceKey":4000,"powerOnBoot":"enabled","ipSettings":{"allocationMethod":"unset"}}]},"storageProfile":{"disks":[{"diskObjectId":"12754-2000","name":"disk_1","label":"Hard
        disk 1","diskSizeGB":10,"deviceKey":2000,"diskMode":"persistent","controllerKey":1000,"unitNumber":0}],"scsiControllers":[{"type":"lsilogic","controllerKey":1000,"scsiCtlrUnitNumber":7,"sharing":"noSharing"}]},"osProfile":{"computerName":"","osType":"Linux","osName":"Ubuntu
        Linux (64-bit)","toolsRunningStatus":"guestToolsNotRunning","toolsVersionStatus":"guestToolsUnmanaged","toolsVersion":"11269"},"hardwareProfile":{"memorySizeMB":1024,"numCPUs":1,"numCoresPerSocket":1,"cpuHotAddEnabled":true,"cpuHotRemoveEnabled":false,"memoryHotAddEnabled":true},"instanceUuid":"142f1eba-cbdf-46e5-9cf9-6608cc4cca91","moRefId":"vm-25394","moName":"azcli-test-virtual-machine","folderPath":"SDDC-Datacenter","powerState":"poweredOn"}}'
    headers:
      cache-control:
      - no-cache
      content-length:
      - '2602'
      content-type:
      - application/json; charset=utf-8
      date:
      - Wed, 19 May 2021 11:47:41 GMT
      etag:
      - '"0100b15b-0000-3400-0000-60a4fad20000"'
      expires:
      - '-1'
      pragma:
      - no-cache
      strict-transport-security:
      - max-age=31536000; includeSubDomains
      transfer-encoding:
      - chunked
      vary:
      - Accept-Encoding
      x-content-type-options:
      - nosniff
      x-ms-providerhub-traffic:
      - 'True'
    status:
      code: 200
      message: OK
- request:
    body: null
    headers:
      Accept:
      - application/json
      Accept-Encoding:
      - gzip, deflate
      CommandName:
      - connectedvmware vm show
      Connection:
      - keep-alive
      ParameterSetName:
      - -g --name
      User-Agent:
      - AZURECLI/2.23.0 azsdk-python-mgmt-connectedvmware/1.0.0b1 Python/3.8.5 (Linux-5.10.16.3-microsoft-standard-WSL2-x86_64-with-glibc2.29)
    method: GET
    uri: https://management.azure.com/subscriptions/00000000-0000-0000-0000-000000000000/resourceGroups/azcli-test-rg/providers/Microsoft.ConnectedVMwarevSphere/virtualMachines/azcli-test-virtual-machine?api-version=2020-10-01-preview
  response:
    body:
      string: '{"id":"/subscriptions/00000000-0000-0000-0000-000000000000/resourceGroups/azcli-test-rg/providers/Microsoft.ConnectedVMwarevSphere/virtualMachines/azcli-test-virtual-machine","name":"azcli-test-virtual-machine","type":"microsoft.connectedvmwarevsphere/virtualmachines","kind":"VMware","location":"eastus2euap","extendedLocation":{"type":"CustomLocation","name":"/subscriptions/00000000-0000-0000-0000-000000000000/resourceGroups/azcli-test-rg/providers/Microsoft.ExtendedLocation/CustomLocations/azcli-test-cl-avs"},"systemData":{"createdBy":"sanmishra@microsoft.com","createdByType":"User","createdAt":"2021-05-19T11:46:07.1277397Z","lastModifiedBy":"ac9dc5fe-b644-4832-9d03-d9f1ab70c5f7","lastModifiedByType":"Application","lastModifiedAt":"2021-05-19T11:47:29.9091297Z"},"properties":{"resourcePoolId":"/subscriptions/00000000-0000-0000-0000-000000000000/resourceGroups/azcli-test-rg/providers/Microsoft.ConnectedVmwarevSphere/resourcepools/azcli-test-resource-pool","templateId":"/subscriptions/00000000-0000-0000-0000-000000000000/resourceGroups/azcli-test-rg/providers/Microsoft.ConnectedVmwarevSphere/virtualmachinetemplates/azcli-test-vm-template","vCenterId":"/subscriptions/00000000-0000-0000-0000-000000000000/resourceGroups/azcli-test-rg/providers/Microsoft.ConnectedVmwarevSphere/VCenters/azcli-test-vcenter-avs","provisioningState":"Succeeded","customResourceName":"142f1eba-cbdf-46e5-9cf9-6608cc4cca91","uuid":"142f1eba-cbdf-46e5-9cf9-6608cc4cca91","vmId":"142f1eba-cbdf-46e5-9cf9-6608cc4cca91","networkProfile":{"networkInterfaces":[{"name":"nic_1","label":"Network
        adapter 1","macAddress":"00:50:56:93:6d:5c","networkMoRefId":"network-o50","networkMoName":"segment-1","nicType":"vmxnet3","deviceKey":4000,"powerOnBoot":"enabled","ipSettings":{"allocationMethod":"unset"}}]},"storageProfile":{"disks":[{"diskObjectId":"12754-2000","name":"disk_1","label":"Hard
        disk 1","diskSizeGB":10,"deviceKey":2000,"diskMode":"persistent","controllerKey":1000,"unitNumber":0}],"scsiControllers":[{"type":"lsilogic","controllerKey":1000,"scsiCtlrUnitNumber":7,"sharing":"noSharing"}]},"osProfile":{"computerName":"","osType":"Linux","osName":"Ubuntu
        Linux (64-bit)","toolsRunningStatus":"guestToolsNotRunning","toolsVersionStatus":"guestToolsUnmanaged","toolsVersion":"11269"},"hardwareProfile":{"memorySizeMB":1024,"numCPUs":1,"numCoresPerSocket":1,"cpuHotAddEnabled":true,"cpuHotRemoveEnabled":false,"memoryHotAddEnabled":true},"instanceUuid":"142f1eba-cbdf-46e5-9cf9-6608cc4cca91","moRefId":"vm-25394","moName":"azcli-test-virtual-machine","folderPath":"SDDC-Datacenter","powerState":"poweredOn"}}'
    headers:
      cache-control:
      - no-cache
      content-length:
      - '2602'
      content-type:
      - application/json; charset=utf-8
      date:
      - Wed, 19 May 2021 11:47:42 GMT
      etag:
      - '"0100b15b-0000-3400-0000-60a4fad20000"'
      expires:
      - '-1'
      pragma:
      - no-cache
      strict-transport-security:
      - max-age=31536000; includeSubDomains
      transfer-encoding:
      - chunked
      vary:
      - Accept-Encoding
      x-content-type-options:
      - nosniff
      x-ms-providerhub-traffic:
      - 'True'
    status:
      code: 200
      message: OK
- request:
    body: null
    headers:
      Accept:
      - application/json
      Accept-Encoding:
      - gzip, deflate
      CommandName:
      - connectedvmware vm list
      Connection:
      - keep-alive
      ParameterSetName:
      - -g
      User-Agent:
      - AZURECLI/2.23.0 azsdk-python-mgmt-connectedvmware/1.0.0b1 Python/3.8.5 (Linux-5.10.16.3-microsoft-standard-WSL2-x86_64-with-glibc2.29)
    method: GET
    uri: https://management.azure.com/subscriptions/00000000-0000-0000-0000-000000000000/resourceGroups/azcli-test-rg/providers/Microsoft.ConnectedVMwarevSphere/virtualMachines?api-version=2020-10-01-preview
  response:
    body:
      string: '{"value":[{"id":"/subscriptions/00000000-0000-0000-0000-000000000000/resourceGroups/azcli-test-rg/providers/Microsoft.ConnectedVMwarevSphere/virtualMachines/azcli-test-vm1","name":"azcli-test-vm1","type":"microsoft.connectedvmwarevsphere/virtualmachines","kind":"VMware","location":"eastus2euap","extendedLocation":{"type":"CustomLocation","name":"/subscriptions/00000000-0000-0000-0000-000000000000/resourceGroups/azcli-test-rg/providers/Microsoft.ExtendedLocation/CustomLocations/azcli-test-cl-avs"},"systemData":{"createdBy":"sanmishra@microsoft.com","createdByType":"User","createdAt":"2021-05-18T12:59:04.7997974Z","lastModifiedBy":"ac9dc5fe-b644-4832-9d03-d9f1ab70c5f7","lastModifiedByType":"Application","lastModifiedAt":"2021-05-18T13:00:23.2903159Z"},"properties":{"resourcePoolId":"/subscriptions/00000000-0000-0000-0000-000000000000/resourceGroups/azcli-test-rg/providers/Microsoft.ConnectedVmwarevSphere/resourcepools/azcli-test-resource-pool","templateId":"/subscriptions/00000000-0000-0000-0000-000000000000/resourceGroups/azcli-test-rg/providers/Microsoft.ConnectedVmwarevSphere/virtualmachinetemplates/azcli-test-vm-template","vCenterId":"/subscriptions/00000000-0000-0000-0000-000000000000/resourceGroups/azcli-test-rg/providers/Microsoft.ConnectedVmwarevSphere/VCenters/azcli-test-vcenter-avs","provisioningState":"Failed","customResourceName":"ce0e4391-4972-499a-ba6b-4aad235a5f83","uuid":"ce0e4391-4972-499a-ba6b-4aad235a5f83","vmId":"ce0e4391-4972-499a-ba6b-4aad235a5f83","networkProfile":{"networkInterfaces":[{"name":"nic_1","label":"Network
        adapter 1","macAddress":"00:50:56:93:24:aa","networkMoRefId":"network-o50","networkMoName":"segment-1","nicType":"vmxnet3","deviceKey":4000,"powerOnBoot":"enabled","ipSettings":{"allocationMethod":"unset"}}]},"storageProfile":{"disks":[{"diskObjectId":"12430-2000","name":"disk_1","label":"Hard
        disk 1","diskSizeGB":10,"deviceKey":2000,"diskMode":"persistent","controllerKey":1000,"unitNumber":0}],"scsiControllers":[{"type":"lsilogic","controllerKey":1000,"scsiCtlrUnitNumber":7,"sharing":"noSharing"}]},"osProfile":{"computerName":"","osType":"Linux","osName":"Ubuntu
        Linux (64-bit)","toolsRunningStatus":"guestToolsNotRunning","toolsVersionStatus":"guestToolsUnmanaged","toolsVersion":"11301"},"hardwareProfile":{"memorySizeMB":2048,"numCPUs":1,"numCoresPerSocket":1,"cpuHotAddEnabled":true,"cpuHotRemoveEnabled":false,"memoryHotAddEnabled":true},"instanceUuid":"ce0e4391-4972-499a-ba6b-4aad235a5f83","moRefId":"vm-24786","moName":"azcli-test-vm1","folderPath":"SDDC-Datacenter","powerState":"poweredOff"}},{"id":"/subscriptions/00000000-0000-0000-0000-000000000000/resourceGroups/azcli-test-rg/providers/Microsoft.ConnectedVMwarevSphere/virtualMachines/azcli-test-vm2","name":"azcli-test-vm2","type":"microsoft.connectedvmwarevsphere/virtualmachines","kind":"VMware","location":"eastus2euap","extendedLocation":{"type":"CustomLocation","name":"/subscriptions/00000000-0000-0000-0000-000000000000/resourceGroups/azcli-test-rg/providers/Microsoft.ExtendedLocation/CustomLocations/azcli-test-cl-avs"},"systemData":{"createdBy":"sanmishra@microsoft.com","createdByType":"User","createdAt":"2021-05-18T13:01:40.9747469Z","lastModifiedBy":"ac9dc5fe-b644-4832-9d03-d9f1ab70c5f7","lastModifiedByType":"Application","lastModifiedAt":"2021-05-18T13:03:08.5635184Z"},"properties":{"resourcePoolId":"/subscriptions/00000000-0000-0000-0000-000000000000/resourceGroups/azcli-test-rg/providers/Microsoft.ConnectedVmwarevSphere/resourcepools/azcli-test-resource-pool","templateId":"/subscriptions/00000000-0000-0000-0000-000000000000/resourceGroups/azcli-test-rg/providers/Microsoft.ConnectedVmwarevSphere/virtualmachinetemplates/azcli-test-vm-template","vCenterId":"/subscriptions/00000000-0000-0000-0000-000000000000/resourceGroups/azcli-test-rg/providers/Microsoft.ConnectedVmwarevSphere/VCenters/azcli-test-vcenter-avs","provisioningState":"Failed","customResourceName":"73f5c042-0a76-4eae-a5a4-337a1355bf0b","uuid":"73f5c042-0a76-4eae-a5a4-337a1355bf0b","vmId":"73f5c042-0a76-4eae-a5a4-337a1355bf0b","networkProfile":{"networkInterfaces":[{"name":"nic_1","label":"Network
        adapter 1","macAddress":"00:50:56:93:d4:5e","networkMoRefId":"network-o50","networkMoName":"segment-1","nicType":"vmxnet3","deviceKey":4000,"powerOnBoot":"enabled","ipSettings":{"allocationMethod":"unset"}}]},"storageProfile":{"disks":[{"diskObjectId":"12441-2000","name":"disk_1","label":"Hard
        disk 1","diskSizeGB":10,"deviceKey":2000,"diskMode":"persistent","controllerKey":1000,"unitNumber":0}],"scsiControllers":[{"type":"lsilogic","controllerKey":1000,"scsiCtlrUnitNumber":7,"sharing":"noSharing"}]},"osProfile":{"computerName":"","osType":"Linux","osName":"Ubuntu
        Linux (64-bit)","toolsRunningStatus":"guestToolsNotRunning","toolsVersionStatus":"guestToolsUnmanaged","toolsVersion":"11301"},"hardwareProfile":{"memorySizeMB":2048,"numCPUs":1,"numCoresPerSocket":1,"cpuHotAddEnabled":true,"cpuHotRemoveEnabled":false,"memoryHotAddEnabled":true},"instanceUuid":"73f5c042-0a76-4eae-a5a4-337a1355bf0b","moRefId":"vm-24804","moName":"azcli-test-vm2","folderPath":"SDDC-Datacenter","powerState":"poweredOff"}},{"id":"/subscriptions/00000000-0000-0000-0000-000000000000/resourceGroups/azcli-test-rg/providers/Microsoft.ConnectedVMwarevSphere/virtualMachines/azcli-test-vm5","name":"azcli-test-vm5","type":"microsoft.connectedvmwarevsphere/virtualmachines","kind":"VMware","location":"eastus2euap","extendedLocation":{"type":"CustomLocation","name":"/subscriptions/00000000-0000-0000-0000-000000000000/resourceGroups/azcli-test-rg/providers/Microsoft.ExtendedLocation/CustomLocations/azcli-test-cl-avs"},"systemData":{"createdBy":"sanmishra@microsoft.com","createdByType":"User","createdAt":"2021-05-18T18:28:42.4763239Z","lastModifiedBy":"ac9dc5fe-b644-4832-9d03-d9f1ab70c5f7","lastModifiedByType":"Application","lastModifiedAt":"2021-05-18T18:30:02.1805026Z"},"properties":{"resourcePoolId":"/subscriptions/00000000-0000-0000-0000-000000000000/resourceGroups/azcli-test-rg/providers/Microsoft.ConnectedVmwarevSphere/resourcepools/azcli-test-resource-pool","templateId":"/subscriptions/00000000-0000-0000-0000-000000000000/resourceGroups/azcli-test-rg/providers/Microsoft.ConnectedVmwarevSphere/virtualmachinetemplates/azcli-test-vm-template","vCenterId":"/subscriptions/00000000-0000-0000-0000-000000000000/resourceGroups/azcli-test-rg/providers/Microsoft.ConnectedVmwarevSphere/VCenters/azcli-test-vcenter-avs","provisioningState":"Failed","customResourceName":"97b4c72d-6fe5-4f09-a71a-f23f97fd023e","uuid":"97b4c72d-6fe5-4f09-a71a-f23f97fd023e","vmId":"97b4c72d-6fe5-4f09-a71a-f23f97fd023e","networkProfile":{"networkInterfaces":[{"name":"nic_1","label":"Network
        adapter 1","macAddress":"00:50:56:93:81:7b","networkMoRefId":"network-o50","networkMoName":"segment-1","nicType":"vmxnet3","deviceKey":4000,"powerOnBoot":"enabled","ipSettings":{"allocationMethod":"unset"}}]},"storageProfile":{"disks":[{"diskObjectId":"12541-2000","name":"disk_1","label":"Hard
        disk 1","diskSizeGB":10,"deviceKey":2000,"diskMode":"persistent","controllerKey":1000,"unitNumber":0}],"scsiControllers":[{"type":"lsilogic","controllerKey":1000,"scsiCtlrUnitNumber":7,"sharing":"noSharing"}]},"osProfile":{"computerName":"","osType":"Linux","osName":"Ubuntu
        Linux (64-bit)","toolsRunningStatus":"guestToolsNotRunning","toolsVersionStatus":"guestToolsUnmanaged","toolsVersion":"11301"},"hardwareProfile":{"memorySizeMB":2048,"numCPUs":1,"numCoresPerSocket":1,"cpuHotAddEnabled":true,"cpuHotRemoveEnabled":false,"memoryHotAddEnabled":true},"instanceUuid":"97b4c72d-6fe5-4f09-a71a-f23f97fd023e","moRefId":"vm-24976","moName":"azcli-test-vm5","folderPath":"SDDC-Datacenter","powerState":"poweredOff"}},{"id":"/subscriptions/00000000-0000-0000-0000-000000000000/resourceGroups/azcli-test-rg/providers/Microsoft.ConnectedVMwarevSphere/virtualMachines/azcli-test-vm6","name":"azcli-test-vm6","type":"microsoft.connectedvmwarevsphere/virtualmachines","kind":"VMware","location":"eastus2euap","extendedLocation":{"type":"CustomLocation","name":"/subscriptions/00000000-0000-0000-0000-000000000000/resourceGroups/azcli-test-rg/providers/Microsoft.ExtendedLocation/CustomLocations/azcli-test-cl-avs"},"systemData":{"createdBy":"sanmishra@microsoft.com","createdByType":"User","createdAt":"2021-05-18T18:36:04.6331302Z","lastModifiedBy":"ac9dc5fe-b644-4832-9d03-d9f1ab70c5f7","lastModifiedByType":"Application","lastModifiedAt":"2021-05-18T18:39:37.2256893Z"},"properties":{"resourcePoolId":"/subscriptions/00000000-0000-0000-0000-000000000000/resourceGroups/azcli-test-rg/providers/Microsoft.ConnectedVmwarevSphere/resourcepools/azcli-test-resource-pool","templateId":"/subscriptions/00000000-0000-0000-0000-000000000000/resourceGroups/azcli-test-rg/providers/Microsoft.ConnectedVmwarevSphere/virtualmachinetemplates/azcli-test-vm-template2","vCenterId":"/subscriptions/00000000-0000-0000-0000-000000000000/resourceGroups/azcli-test-rg/providers/Microsoft.ConnectedVmwarevSphere/VCenters/azcli-test-vcenter-avs","provisioningState":"Succeeded","customResourceName":"b84184fc-8e13-4147-a58c-99ac11a82e03","uuid":"b84184fc-8e13-4147-a58c-99ac11a82e03","vmId":"b84184fc-8e13-4147-a58c-99ac11a82e03","networkProfile":{"networkInterfaces":[{"name":"nic_1","label":"Network
        adapter 1","macAddress":"00:50:56:93:d1:c3","networkMoRefId":"network-o50","networkMoName":"segment-1","nicType":"vmxnet3","deviceKey":4000,"powerOnBoot":"enabled","ipSettings":{"allocationMethod":"unset"}}]},"storageProfile":{"disks":[{"diskObjectId":"12551-2000","name":"disk_1","label":"Hard
        disk 1","diskSizeGB":10,"deviceKey":2000,"diskMode":"persistent","controllerKey":1000,"unitNumber":0}],"scsiControllers":[{"type":"lsilogic","controllerKey":1000,"scsiCtlrUnitNumber":7,"sharing":"noSharing"}]},"osProfile":{"computerName":"azcli-test-vm6","osType":"Linux","osName":"Ubuntu
        Linux (64-bit)","toolsRunningStatus":"guestToolsNotRunning","toolsVersionStatus":"guestToolsUnmanaged","toolsVersion":"11269"},"hardwareProfile":{"memorySizeMB":1024,"numCPUs":1,"numCoresPerSocket":1,"cpuHotAddEnabled":true,"cpuHotRemoveEnabled":false,"memoryHotAddEnabled":true},"instanceUuid":"b84184fc-8e13-4147-a58c-99ac11a82e03","moRefId":"vm-24993","moName":"azcli-test-vm6","folderPath":"SDDC-Datacenter","powerState":"poweredOff"}},{"id":"/subscriptions/00000000-0000-0000-0000-000000000000/resourceGroups/azcli-test-rg/providers/Microsoft.ConnectedVMwarevSphere/virtualMachines/stop-vm-test","name":"stop-vm-test","type":"microsoft.connectedvmwarevsphere/virtualmachines","kind":"VMware","location":"eastus2euap","extendedLocation":{"type":"CustomLocation","name":"/subscriptions/00000000-0000-0000-0000-000000000000/resourceGroups/azcli-test-rg/providers/Microsoft.ExtendedLocation/CustomLocations/azcli-test-cl-avs"},"systemData":{"createdBy":"sanmishra@microsoft.com","createdByType":"User","createdAt":"2021-05-19T07:36:13.9786742Z","lastModifiedBy":"ac9dc5fe-b644-4832-9d03-d9f1ab70c5f7","lastModifiedByType":"Application","lastModifiedAt":"2021-05-19T07:37:42.6131581Z"},"properties":{"resourcePoolId":"/subscriptions/00000000-0000-0000-0000-000000000000/resourceGroups/azcli-test-rg/providers/Microsoft.ConnectedVmwarevSphere/resourcepools/azcli-test-resource-pool","templateId":"/subscriptions/00000000-0000-0000-0000-000000000000/resourceGroups/azcli-test-rg/providers/Microsoft.ConnectedVmwarevSphere/virtualmachinetemplates/azcli-test-vm-template","vCenterId":"/subscriptions/00000000-0000-0000-0000-000000000000/resourceGroups/azcli-test-rg/providers/Microsoft.ConnectedVmwarevSphere/VCenters/azcli-test-vcenter-avs","provisioningState":"Failed","customResourceName":"f4e0270f-9f91-4150-b6e9-bb6ac0d3783d","uuid":"f4e0270f-9f91-4150-b6e9-bb6ac0d3783d","vmId":"f4e0270f-9f91-4150-b6e9-bb6ac0d3783d","networkProfile":{"networkInterfaces":[{"name":"nic_1","label":"Network
        adapter 1","macAddress":"00:50:56:93:56:85","networkMoRefId":"network-o50","networkMoName":"segment-1","nicType":"vmxnet3","deviceKey":4000,"powerOnBoot":"enabled","ipSettings":{"allocationMethod":"unset"}}]},"storageProfile":{"disks":[{"diskObjectId":"12201-2000","name":"disk_1","label":"Hard
        disk 1","diskSizeGB":10,"deviceKey":2000,"diskMode":"persistent","controllerKey":1000,"unitNumber":0}],"scsiControllers":[{"type":"lsilogic","controllerKey":1000,"scsiCtlrUnitNumber":7,"sharing":"noSharing"}]},"osProfile":{"computerName":"","osType":"Linux","osName":"Ubuntu
        Linux (64-bit)","toolsRunningStatus":"guestToolsNotRunning","toolsVersionStatus":"guestToolsUnmanaged","toolsVersion":"11301"},"hardwareProfile":{"memorySizeMB":2048,"numCPUs":1,"numCoresPerSocket":1,"cpuHotAddEnabled":true,"cpuHotRemoveEnabled":false,"memoryHotAddEnabled":true},"instanceUuid":"f4e0270f-9f91-4150-b6e9-bb6ac0d3783d","moRefId":"vm-25216","moName":"stop-vm-test","folderPath":"SDDC-Datacenter","powerState":"poweredOff"}},{"id":"/subscriptions/00000000-0000-0000-0000-000000000000/resourceGroups/azcli-test-rg/providers/Microsoft.ConnectedVMwarevSphere/virtualMachines/azcli-test-virtual-machine","name":"azcli-test-virtual-machine","type":"microsoft.connectedvmwarevsphere/virtualmachines","kind":"VMware","location":"eastus2euap","extendedLocation":{"type":"CustomLocation","name":"/subscriptions/00000000-0000-0000-0000-000000000000/resourceGroups/azcli-test-rg/providers/Microsoft.ExtendedLocation/CustomLocations/azcli-test-cl-avs"},"systemData":{"createdBy":"sanmishra@microsoft.com","createdByType":"User","createdAt":"2021-05-19T11:46:07.1277397Z","lastModifiedBy":"ac9dc5fe-b644-4832-9d03-d9f1ab70c5f7","lastModifiedByType":"Application","lastModifiedAt":"2021-05-19T11:47:29.9091297Z"},"properties":{"resourcePoolId":"/subscriptions/00000000-0000-0000-0000-000000000000/resourceGroups/azcli-test-rg/providers/Microsoft.ConnectedVmwarevSphere/resourcepools/azcli-test-resource-pool","templateId":"/subscriptions/00000000-0000-0000-0000-000000000000/resourceGroups/azcli-test-rg/providers/Microsoft.ConnectedVmwarevSphere/virtualmachinetemplates/azcli-test-vm-template","vCenterId":"/subscriptions/00000000-0000-0000-0000-000000000000/resourceGroups/azcli-test-rg/providers/Microsoft.ConnectedVmwarevSphere/VCenters/azcli-test-vcenter-avs","provisioningState":"Succeeded","customResourceName":"142f1eba-cbdf-46e5-9cf9-6608cc4cca91","uuid":"142f1eba-cbdf-46e5-9cf9-6608cc4cca91","vmId":"142f1eba-cbdf-46e5-9cf9-6608cc4cca91","networkProfile":{"networkInterfaces":[{"name":"nic_1","label":"Network
        adapter 1","macAddress":"00:50:56:93:6d:5c","networkMoRefId":"network-o50","networkMoName":"segment-1","nicType":"vmxnet3","deviceKey":4000,"powerOnBoot":"enabled","ipSettings":{"allocationMethod":"unset"}}]},"storageProfile":{"disks":[{"diskObjectId":"12754-2000","name":"disk_1","label":"Hard
        disk 1","diskSizeGB":10,"deviceKey":2000,"diskMode":"persistent","controllerKey":1000,"unitNumber":0}],"scsiControllers":[{"type":"lsilogic","controllerKey":1000,"scsiCtlrUnitNumber":7,"sharing":"noSharing"}]},"osProfile":{"computerName":"","osType":"Linux","osName":"Ubuntu
        Linux (64-bit)","toolsRunningStatus":"guestToolsNotRunning","toolsVersionStatus":"guestToolsUnmanaged","toolsVersion":"11269"},"hardwareProfile":{"memorySizeMB":1024,"numCPUs":1,"numCoresPerSocket":1,"cpuHotAddEnabled":true,"cpuHotRemoveEnabled":false,"memoryHotAddEnabled":true},"instanceUuid":"142f1eba-cbdf-46e5-9cf9-6608cc4cca91","moRefId":"vm-25394","moName":"azcli-test-virtual-machine","folderPath":"SDDC-Datacenter","powerState":"poweredOn"}}]}'
    headers:
      cache-control:
      - no-cache
      content-length:
      - '15451'
      content-type:
      - application/json; charset=utf-8
      date:
      - Wed, 19 May 2021 11:47:43 GMT
      expires:
      - '-1'
      pragma:
      - no-cache
      strict-transport-security:
      - max-age=31536000; includeSubDomains
      transfer-encoding:
      - chunked
      vary:
      - Accept-Encoding
      x-content-type-options:
      - nosniff
      x-ms-providerhub-traffic:
      - 'True'
    status:
      code: 200
      message: OK
- request:
    body: '{"skipShutdown": false}'
    headers:
      Accept:
      - application/json
      Accept-Encoding:
      - gzip, deflate
      CommandName:
      - connectedvmware vm stop
      Connection:
      - keep-alive
      Content-Length:
      - '23'
      Content-Type:
      - application/json
      ParameterSetName:
      - -g --name
      User-Agent:
      - AZURECLI/2.23.0 azsdk-python-mgmt-connectedvmware/1.0.0b1 Python/3.8.5 (Linux-5.10.16.3-microsoft-standard-WSL2-x86_64-with-glibc2.29)
    method: POST
    uri: https://management.azure.com/subscriptions/00000000-0000-0000-0000-000000000000/resourceGroups/azcli-test-rg/providers/Microsoft.ConnectedVMwarevSphere/virtualMachines/azcli-test-virtual-machine/stop?api-version=2020-10-01-preview
  response:
    body:
      string: 'null'
    headers:
      api-supported-versions:
      - 2019-12-20-privatepreview, 2020-10-01-preview
      cache-control:
      - no-cache
      content-length:
      - '4'
      content-type:
      - application/json; charset=utf-8
      date:
      - Wed, 19 May 2021 11:47:45 GMT
      expires:
      - '-1'
      location:
      - https://management.azure.com/providers/Microsoft.ConnectedVMwarevSphere/locations/EASTUS2EUAP/operationStatuses/4d8bed26-707d-48df-9279-b4443161eef4?api-version=2020-10-01-preview
      pragma:
      - no-cache
      strict-transport-security:
      - max-age=31536000; includeSubDomains
      x-content-type-options:
      - nosniff
      x-ms-providerhub-traffic:
      - 'True'
      x-ms-ratelimit-remaining-subscription-writes:
      - '1199'
    status:
      code: 202
      message: Accepted
- request:
    body: null
    headers:
      Accept:
      - '*/*'
      Accept-Encoding:
      - gzip, deflate
      CommandName:
      - connectedvmware vm stop
      Connection:
      - keep-alive
      ParameterSetName:
      - -g --name
      User-Agent:
      - AZURECLI/2.23.0 azsdk-python-mgmt-connectedvmware/1.0.0b1 Python/3.8.5 (Linux-5.10.16.3-microsoft-standard-WSL2-x86_64-with-glibc2.29)
    method: GET
    uri: https://management.azure.com/providers/Microsoft.ConnectedVMwarevSphere/locations/EASTUS2EUAP/operationStatuses/4d8bed26-707d-48df-9279-b4443161eef4?api-version=2020-10-01-preview
  response:
    body:
      string: '{"id":"/providers/Microsoft.ConnectedVMwarevSphere/locations/EASTUS2EUAP/operationStatuses/4d8bed26-707d-48df-9279-b4443161eef4","name":"4d8bed26-707d-48df-9279-b4443161eef4","resourceId":"/subscriptions/00000000-0000-0000-0000-000000000000/resourceGroups/azcli-test-rg/providers/Microsoft.ConnectedVMwarevSphere/virtualMachines/azcli-test-virtual-machine","status":"Succeeded","startTime":"2021-05-19T11:47:45.5277418Z","endTime":"2021-05-19T11:48:02.1689421Z","properties":null}'
    headers:
      cache-control:
      - no-cache
      content-length:
      - '480'
      content-type:
      - application/json; charset=utf-8
      date:
      - Wed, 19 May 2021 11:48:15 GMT
      etag:
      - '"0200e570-0000-3400-0000-60a4faf20000"'
      expires:
      - '-1'
      pragma:
      - no-cache
      strict-transport-security:
      - max-age=31536000; includeSubDomains
      transfer-encoding:
      - chunked
      vary:
      - Accept-Encoding
      x-content-type-options:
      - nosniff
    status:
      code: 200
      message: OK
- request:
    body: null
    headers:
      Accept:
      - application/json
      Accept-Encoding:
      - gzip, deflate
      CommandName:
      - connectedvmware vm start
      Connection:
      - keep-alive
      Content-Length:
      - '0'
      ParameterSetName:
      - -g --name
      User-Agent:
      - AZURECLI/2.23.0 azsdk-python-mgmt-connectedvmware/1.0.0b1 Python/3.8.5 (Linux-5.10.16.3-microsoft-standard-WSL2-x86_64-with-glibc2.29)
    method: POST
    uri: https://management.azure.com/subscriptions/00000000-0000-0000-0000-000000000000/resourceGroups/azcli-test-rg/providers/Microsoft.ConnectedVMwarevSphere/virtualMachines/azcli-test-virtual-machine/start?api-version=2020-10-01-preview
  response:
    body:
      string: 'null'
    headers:
      api-supported-versions:
      - 2019-12-20-privatepreview, 2020-10-01-preview
      cache-control:
      - no-cache
      content-length:
      - '4'
      content-type:
      - application/json; charset=utf-8
      date:
      - Wed, 19 May 2021 11:48:18 GMT
      expires:
      - '-1'
      location:
      - https://management.azure.com/providers/Microsoft.ConnectedVMwarevSphere/locations/EASTUS2EUAP/operationStatuses/9d384c4a-f5ef-4a4e-b5da-a4ed2e8c9e2e?api-version=2020-10-01-preview
      pragma:
      - no-cache
      strict-transport-security:
      - max-age=31536000; includeSubDomains
      x-content-type-options:
      - nosniff
      x-ms-providerhub-traffic:
      - 'True'
      x-ms-ratelimit-remaining-subscription-writes:
      - '1199'
    status:
      code: 202
      message: Accepted
- request:
    body: null
    headers:
      Accept:
      - '*/*'
      Accept-Encoding:
      - gzip, deflate
      CommandName:
      - connectedvmware vm start
      Connection:
      - keep-alive
      ParameterSetName:
      - -g --name
      User-Agent:
      - AZURECLI/2.23.0 azsdk-python-mgmt-connectedvmware/1.0.0b1 Python/3.8.5 (Linux-5.10.16.3-microsoft-standard-WSL2-x86_64-with-glibc2.29)
    method: GET
    uri: https://management.azure.com/providers/Microsoft.ConnectedVMwarevSphere/locations/EASTUS2EUAP/operationStatuses/9d384c4a-f5ef-4a4e-b5da-a4ed2e8c9e2e?api-version=2020-10-01-preview
  response:
    body:
      string: '{"id":"/providers/Microsoft.ConnectedVMwarevSphere/locations/EASTUS2EUAP/operationStatuses/9d384c4a-f5ef-4a4e-b5da-a4ed2e8c9e2e","name":"9d384c4a-f5ef-4a4e-b5da-a4ed2e8c9e2e","resourceId":"/subscriptions/00000000-0000-0000-0000-000000000000/resourceGroups/azcli-test-rg/providers/Microsoft.ConnectedVMwarevSphere/virtualMachines/azcli-test-virtual-machine","status":"Succeeded","startTime":"2021-05-19T11:48:18.64059Z","endTime":"2021-05-19T11:48:31.2379668Z","properties":null}'
    headers:
      cache-control:
      - no-cache
      content-length:
      - '478'
      content-type:
      - application/json; charset=utf-8
      date:
      - Wed, 19 May 2021 11:48:49 GMT
      etag:
      - '"0200e970-0000-3400-0000-60a4fb0f0000"'
      expires:
      - '-1'
      pragma:
      - no-cache
      strict-transport-security:
      - max-age=31536000; includeSubDomains
      transfer-encoding:
      - chunked
      vary:
      - Accept-Encoding
      x-content-type-options:
      - nosniff
    status:
      code: 200
      message: OK
- request:
    body: null
    headers:
      Accept:
      - application/json
      Accept-Encoding:
      - gzip, deflate
      CommandName:
      - connectedvmware vm delete
      Connection:
      - keep-alive
      Content-Length:
      - '0'
      ParameterSetName:
      - -g --name
      User-Agent:
      - AZURECLI/2.23.0 azsdk-python-mgmt-connectedvmware/1.0.0b1 Python/3.8.5 (Linux-5.10.16.3-microsoft-standard-WSL2-x86_64-with-glibc2.29)
    method: DELETE
    uri: https://management.azure.com/subscriptions/00000000-0000-0000-0000-000000000000/resourceGroups/azcli-test-rg/providers/Microsoft.ConnectedVMwarevSphere/virtualMachines/azcli-test-virtual-machine?api-version=2020-10-01-preview&force=false
  response:
    body:
      string: 'null'
    headers:
      api-supported-versions:
      - 2019-12-20-privatepreview, 2020-10-01-preview
      cache-control:
      - no-cache
      content-length:
      - '4'
      content-type:
      - application/json; charset=utf-8
      date:
      - Wed, 19 May 2021 11:48:51 GMT
      etag:
      - '"0100be5b-0000-3400-0000-60a4fb230000"'
      expires:
      - '-1'
      location:
      - https://management.azure.com/providers/Microsoft.ConnectedVMwarevSphere/locations/EASTUS2EUAP/operationStatuses/94f4991a-7013-456c-8ba0-38071cf2bbb6?api-version=2020-10-01-preview
      pragma:
      - no-cache
      strict-transport-security:
      - max-age=31536000; includeSubDomains
      x-content-type-options:
      - nosniff
      x-ms-providerhub-traffic:
      - 'True'
      x-ms-ratelimit-remaining-subscription-deletes:
      - '14999'
    status:
      code: 202
      message: Accepted
- request:
    body: null
    headers:
      Accept:
      - '*/*'
      Accept-Encoding:
      - gzip, deflate
      CommandName:
      - connectedvmware vm delete
      Connection:
      - keep-alive
      ParameterSetName:
      - -g --name
      User-Agent:
      - AZURECLI/2.23.0 azsdk-python-mgmt-connectedvmware/1.0.0b1 Python/3.8.5 (Linux-5.10.16.3-microsoft-standard-WSL2-x86_64-with-glibc2.29)
    method: GET
    uri: https://management.azure.com/providers/Microsoft.ConnectedVMwarevSphere/locations/EASTUS2EUAP/operationStatuses/94f4991a-7013-456c-8ba0-38071cf2bbb6?api-version=2020-10-01-preview
  response:
    body:
      string: '{"id":"/providers/Microsoft.ConnectedVMwarevSphere/locations/EASTUS2EUAP/operationStatuses/94f4991a-7013-456c-8ba0-38071cf2bbb6","name":"94f4991a-7013-456c-8ba0-38071cf2bbb6","resourceId":"/subscriptions/00000000-0000-0000-0000-000000000000/resourceGroups/azcli-test-rg/providers/Microsoft.ConnectedVMwarevSphere/virtualMachines/azcli-test-virtual-machine","status":"Succeeded","startTime":"2021-05-19T11:48:51.4608474Z","endTime":"2021-05-19T11:49:02.72904Z","properties":null}'
    headers:
      cache-control:
      - no-cache
      content-length:
      - '478'
      content-type:
      - application/json; charset=utf-8
      date:
      - Wed, 19 May 2021 11:49:22 GMT
      etag:
      - '"0200ee70-0000-3400-0000-60a4fb2e0000"'
      expires:
      - '-1'
      pragma:
      - no-cache
      strict-transport-security:
      - max-age=31536000; includeSubDomains
      transfer-encoding:
      - chunked
      vary:
      - Accept-Encoding
      x-content-type-options:
      - nosniff
    status:
      code: 200
      message: OK
- request:
    body: null
    headers:
      Accept:
      - application/json
      Accept-Encoding:
      - gzip, deflate
      CommandName:
      - connectedvmware resource-pool delete
      Connection:
      - keep-alive
      Content-Length:
      - '0'
      ParameterSetName:
      - -g --name
      User-Agent:
      - AZURECLI/2.23.0 azsdk-python-mgmt-connectedvmware/1.0.0b1 Python/3.8.5 (Linux-5.10.16.3-microsoft-standard-WSL2-x86_64-with-glibc2.29)
    method: DELETE
    uri: https://management.azure.com/subscriptions/00000000-0000-0000-0000-000000000000/resourceGroups/azcli-test-rg/providers/Microsoft.ConnectedVMwarevSphere/resourcePools/azcli-test-resource-pool?api-version=2020-10-01-preview&force=false
  response:
    body:
      string: 'null'
    headers:
      api-supported-versions:
      - 2019-12-20-privatepreview, 2020-10-01-preview
      cache-control:
      - no-cache
      content-length:
      - '4'
      content-type:
      - application/json; charset=utf-8
      date:
      - Wed, 19 May 2021 11:49:24 GMT
      etag:
      - '"0000ffa0-0000-3400-0000-60a4fb450000"'
      expires:
      - '-1'
      location:
      - https://management.azure.com/providers/Microsoft.ConnectedVMwarevSphere/locations/EASTUS2EUAP/operationStatuses/4f036c7b-c3a7-49ac-852b-6d31f22c65c4?api-version=2020-10-01-preview
      pragma:
      - no-cache
      strict-transport-security:
      - max-age=31536000; includeSubDomains
      x-content-type-options:
      - nosniff
      x-ms-providerhub-traffic:
      - 'True'
      x-ms-ratelimit-remaining-subscription-deletes:
      - '14999'
    status:
      code: 202
      message: Accepted
- request:
    body: null
    headers:
      Accept:
      - '*/*'
      Accept-Encoding:
      - gzip, deflate
      CommandName:
      - connectedvmware resource-pool delete
      Connection:
      - keep-alive
      ParameterSetName:
      - -g --name
      User-Agent:
      - AZURECLI/2.23.0 azsdk-python-mgmt-connectedvmware/1.0.0b1 Python/3.8.5 (Linux-5.10.16.3-microsoft-standard-WSL2-x86_64-with-glibc2.29)
    method: GET
    uri: https://management.azure.com/providers/Microsoft.ConnectedVMwarevSphere/locations/EASTUS2EUAP/operationStatuses/4f036c7b-c3a7-49ac-852b-6d31f22c65c4?api-version=2020-10-01-preview
  response:
    body:
      string: '{"id":"/providers/Microsoft.ConnectedVMwarevSphere/locations/EASTUS2EUAP/operationStatuses/4f036c7b-c3a7-49ac-852b-6d31f22c65c4","name":"4f036c7b-c3a7-49ac-852b-6d31f22c65c4","resourceId":"/subscriptions/00000000-0000-0000-0000-000000000000/resourceGroups/azcli-test-rg/providers/Microsoft.ConnectedVMwarevSphere/resourcePools/azcli-test-resource-pool","status":"Succeeded","startTime":"2021-05-19T11:49:25.3483896Z","endTime":"2021-05-19T11:49:26.3619763Z","properties":null}'
    headers:
      cache-control:
      - no-cache
      content-length:
      - '476'
      content-type:
      - application/json; charset=utf-8
      date:
      - Wed, 19 May 2021 11:49:55 GMT
      etag:
      - '"0200f070-0000-3400-0000-60a4fb460000"'
      expires:
      - '-1'
      pragma:
      - no-cache
      strict-transport-security:
      - max-age=31536000; includeSubDomains
      transfer-encoding:
      - chunked
      vary:
      - Accept-Encoding
      x-content-type-options:
      - nosniff
    status:
      code: 200
      message: OK
- request:
    body: null
    headers:
      Accept:
      - application/json
      Accept-Encoding:
      - gzip, deflate
      CommandName:
      - connectedvmware virtual-network delete
      Connection:
      - keep-alive
      Content-Length:
      - '0'
      ParameterSetName:
      - -g --name
      User-Agent:
      - AZURECLI/2.23.0 azsdk-python-mgmt-connectedvmware/1.0.0b1 Python/3.8.5 (Linux-5.10.16.3-microsoft-standard-WSL2-x86_64-with-glibc2.29)
    method: DELETE
    uri: https://management.azure.com/subscriptions/00000000-0000-0000-0000-000000000000/resourceGroups/azcli-test-rg/providers/Microsoft.ConnectedVMwarevSphere/virtualNetworks/azcli-test-virtual-network?api-version=2020-10-01-preview&force=false
  response:
    body:
      string: 'null'
    headers:
      api-supported-versions:
      - 2019-12-20-privatepreview, 2020-10-01-preview
      cache-control:
      - no-cache
      content-length:
      - '4'
      content-type:
      - application/json; charset=utf-8
      date:
      - Wed, 19 May 2021 11:49:57 GMT
      etag:
      - '"02008f6f-0000-3400-0000-60a4fb660000"'
      expires:
      - '-1'
      location:
      - https://management.azure.com/providers/Microsoft.ConnectedVMwarevSphere/locations/EASTUS2EUAP/operationStatuses/db7f8ff8-2430-4735-874e-b52dca1fa654?api-version=2020-10-01-preview
      pragma:
      - no-cache
      strict-transport-security:
      - max-age=31536000; includeSubDomains
      x-content-type-options:
      - nosniff
      x-ms-providerhub-traffic:
      - 'True'
      x-ms-ratelimit-remaining-subscription-deletes:
      - '14999'
    status:
      code: 202
      message: Accepted
- request:
    body: null
    headers:
      Accept:
      - '*/*'
      Accept-Encoding:
      - gzip, deflate
      CommandName:
      - connectedvmware virtual-network delete
      Connection:
      - keep-alive
      ParameterSetName:
      - -g --name
      User-Agent:
      - AZURECLI/2.23.0 azsdk-python-mgmt-connectedvmware/1.0.0b1 Python/3.8.5 (Linux-5.10.16.3-microsoft-standard-WSL2-x86_64-with-glibc2.29)
    method: GET
    uri: https://management.azure.com/providers/Microsoft.ConnectedVMwarevSphere/locations/EASTUS2EUAP/operationStatuses/db7f8ff8-2430-4735-874e-b52dca1fa654?api-version=2020-10-01-preview
  response:
    body:
      string: '{"id":"/providers/Microsoft.ConnectedVMwarevSphere/locations/EASTUS2EUAP/operationStatuses/db7f8ff8-2430-4735-874e-b52dca1fa654","name":"db7f8ff8-2430-4735-874e-b52dca1fa654","resourceId":"/subscriptions/00000000-0000-0000-0000-000000000000/resourceGroups/azcli-test-rg/providers/Microsoft.ConnectedVMwarevSphere/virtualNetworks/azcli-test-virtual-network","status":"Succeeded","startTime":"2021-05-19T11:49:58.5550855Z","endTime":"2021-05-19T11:49:59.4345216Z","properties":null}'
    headers:
      cache-control:
      - no-cache
      content-length:
      - '480'
      content-type:
      - application/json; charset=utf-8
      date:
      - Wed, 19 May 2021 11:50:29 GMT
      etag:
      - '"0200f370-0000-3400-0000-60a4fb670000"'
      expires:
      - '-1'
      pragma:
      - no-cache
      strict-transport-security:
      - max-age=31536000; includeSubDomains
      transfer-encoding:
      - chunked
      vary:
      - Accept-Encoding
      x-content-type-options:
      - nosniff
    status:
      code: 200
      message: OK
- request:
    body: null
    headers:
      Accept:
      - application/json
      Accept-Encoding:
      - gzip, deflate
      CommandName:
      - connectedvmware vm-template delete
      Connection:
      - keep-alive
      Content-Length:
      - '0'
      ParameterSetName:
      - -g --name
      User-Agent:
      - AZURECLI/2.23.0 azsdk-python-mgmt-connectedvmware/1.0.0b1 Python/3.8.5 (Linux-5.10.16.3-microsoft-standard-WSL2-x86_64-with-glibc2.29)
    method: DELETE
    uri: https://management.azure.com/subscriptions/00000000-0000-0000-0000-000000000000/resourceGroups/azcli-test-rg/providers/Microsoft.ConnectedVMwarevSphere/virtualMachineTemplates/azcli-test-vm-template?api-version=2020-10-01-preview&force=false
  response:
    body:
      string: 'null'
    headers:
      api-supported-versions:
      - 2019-12-20-privatepreview, 2020-10-01-preview
      cache-control:
      - no-cache
      content-length:
      - '4'
      content-type:
      - application/json; charset=utf-8
      date:
      - Wed, 19 May 2021 11:50:30 GMT
      etag:
      - '"0000436a-0000-3400-0000-60a4fb870000"'
      expires:
      - '-1'
      location:
      - https://management.azure.com/providers/Microsoft.ConnectedVMwarevSphere/locations/EASTUS2EUAP/operationStatuses/8365f60c-b98b-401e-bf44-310414a38cfb?api-version=2020-10-01-preview
      pragma:
      - no-cache
      strict-transport-security:
      - max-age=31536000; includeSubDomains
      x-content-type-options:
      - nosniff
      x-ms-providerhub-traffic:
      - 'True'
      x-ms-ratelimit-remaining-subscription-deletes:
      - '14999'
    status:
      code: 202
      message: Accepted
- request:
    body: null
    headers:
      Accept:
      - '*/*'
      Accept-Encoding:
      - gzip, deflate
      CommandName:
      - connectedvmware vm-template delete
      Connection:
      - keep-alive
      ParameterSetName:
      - -g --name
      User-Agent:
      - AZURECLI/2.23.0 azsdk-python-mgmt-connectedvmware/1.0.0b1 Python/3.8.5 (Linux-5.10.16.3-microsoft-standard-WSL2-x86_64-with-glibc2.29)
    method: GET
    uri: https://management.azure.com/providers/Microsoft.ConnectedVMwarevSphere/locations/EASTUS2EUAP/operationStatuses/8365f60c-b98b-401e-bf44-310414a38cfb?api-version=2020-10-01-preview
  response:
    body:
      string: '{"id":"/providers/Microsoft.ConnectedVMwarevSphere/locations/EASTUS2EUAP/operationStatuses/8365f60c-b98b-401e-bf44-310414a38cfb","name":"8365f60c-b98b-401e-bf44-310414a38cfb","resourceId":"/subscriptions/00000000-0000-0000-0000-000000000000/resourceGroups/azcli-test-rg/providers/Microsoft.ConnectedVMwarevSphere/virtualMachineTemplates/azcli-test-vm-template","status":"Succeeded","startTime":"2021-05-19T11:50:31.4216484Z","endTime":"2021-05-19T11:50:32.6556239Z","properties":null}'
    headers:
      cache-control:
      - no-cache
      content-length:
      - '484'
      content-type:
      - application/json; charset=utf-8
      date:
      - Wed, 19 May 2021 11:51:01 GMT
      etag:
      - '"0200f570-0000-3400-0000-60a4fb880000"'
      expires:
      - '-1'
      pragma:
      - no-cache
      strict-transport-security:
      - max-age=31536000; includeSubDomains
      transfer-encoding:
      - chunked
      vary:
      - Accept-Encoding
      x-content-type-options:
      - nosniff
    status:
      code: 200
      message: OK
version: 1
