interactions:
- request:
    body: null
    headers:
      Accept:
      - application/json
      Accept-Encoding:
      - gzip, deflate
      CommandName:
      - aks create
      Connection:
      - keep-alive
      ParameterSetName:
      - --resource-group --name --http-proxy-config --ssh-key-value -o
      User-Agent:
      - AZURECLI/2.27.1 azsdk-python-azure-mgmt-resource/18.0.0 Python/3.8.11 (Linux-5.4.0-1055-azure-x86_64-with-glibc2.27)
    method: GET
    uri: https://management.azure.com/subscriptions/00000000-0000-0000-0000-000000000000/resourcegroups/clitest000001?api-version=2021-04-01
  response:
    body:
      string: '{"id":"/subscriptions/00000000-0000-0000-0000-000000000000/resourceGroups/clitest000001","name":"clitest000001","type":"Microsoft.Resources/resourceGroups","location":"westus2","tags":{"product":"azurecli","cause":"automation","date":"2021-08-19T10:02:24Z"},"properties":{"provisioningState":"Succeeded"}}'
    headers:
      cache-control:
      - no-cache
      content-length:
      - '313'
      content-type:
      - application/json; charset=utf-8
      date:
      - Thu, 19 Aug 2021 10:02:25 GMT
      expires:
      - '-1'
      pragma:
      - no-cache
      strict-transport-security:
      - max-age=31536000; includeSubDomains
      vary:
      - Accept-Encoding
      x-content-type-options:
      - nosniff
    status:
      code: 200
      message: OK
- request:
    body: '{"location": "westus2", "identity": {"type": "SystemAssigned"}, "properties":
      {"kubernetesVersion": "", "dnsPrefix": "cliakstest-clitest4unc4mgng-79a739",
      "agentPoolProfiles": [{"count": 3, "vmSize": "Standard_DS2_v2", "osType": "Linux",
      "type": "VirtualMachineScaleSets", "mode": "System", "enableNodePublicIP": false,
      "scaleSetPriority": "Regular", "scaleSetEvictionPolicy": "Delete", "spotMaxPrice":
      -1.0, "enableEncryptionAtHost": false, "enableUltraSSD": false, "enableFIPS":
      false, "name": "nodepool1"}], "linuxProfile": {"adminUsername": "azureuser",
      "ssh": {"publicKeys": [{"keyData": "ssh-rsa AAAAB3NzaC1yc2EAAAADAQABAAABAQDm5I2BQLU2JegCflUyWF5QB0d94IXzGkm5r9oHe846ci3ZKyr3JSWVzcX7GSQTJEDS2Bt6GHBHjDnYxFFDb/HMZs5gjwSbQbAq036KW5/ZiiVZQ64eMl+OH5HnWxdfovA3SYeA3FCNLZg0xDkCCKm9zQBq1L3oGSDDIp8HMZNHCGPM/SyJOlaNyXV8dovLfqb2A7aoLNz75GtGTXLYY14z4u8o0f8iT/bKw4ohgrijy+pUkxJp/gFKP+o74q0YYuYZC0J50NHCHKLGmyePVwL35Q/YiGqVKY0Yx5e7/zGKrr5LYveGPqycWvf0WGfs/+lP/Kflx3hkR9LMFqCGh6Ar
      azcli_aks_live_test@example.com\n"}]}}, "addonProfiles": {}, "enableRBAC": true,
      "enablePodSecurityPolicy": false, "networkProfile": {"networkPlugin": "kubenet",
      "podCidr": "10.244.0.0/16", "serviceCidr": "10.0.0.0/16", "dnsServiceIP": "10.0.0.10",
      "dockerBridgeCidr": "172.17.0.1/16", "outboundType": "loadBalancer", "loadBalancerSku":
      "standard"}, "disableLocalAccounts": false, "httpProxyConfig": {"httpProxy":
      "http://myproxy.server.com:8080/", "httpsProxy": "https://myproxy.server.com:8080/",
      "noProxy": ["localhost", "127.0.0.1"], "trustedCa": "G9yR2xrQ29NRjNURHg4cm1wOURCaUIvCi0tLS0tRU5EIENFUlRJRklDQVRFLS0tLS0="}}}'
    headers:
      Accept:
      - application/json
      Accept-Encoding:
      - gzip, deflate
      CommandName:
      - aks create
      Connection:
      - keep-alive
      Content-Length:
      - '1598'
      Content-Type:
      - application/json
      ParameterSetName:
      - --resource-group --name --http-proxy-config --ssh-key-value -o
      User-Agent:
      - AZURECLI/2.27.1 azsdk-python-azure-mgmt-containerservice/16.1.0 Python/3.8.11
        (Linux-5.4.0-1055-azure-x86_64-with-glibc2.27)
    method: PUT
    uri: https://management.azure.com/subscriptions/00000000-0000-0000-0000-000000000000/resourceGroups/clitest000001/providers/Microsoft.ContainerService/managedClusters/cliakstest000002?api-version=2021-07-01
  response:
    body:
      string: "{\n  \"id\": \"/subscriptions/00000000-0000-0000-0000-000000000000/resourcegroups/clitest000001/providers/Microsoft.ContainerService/managedClusters/cliakstest000002\",\n
        \ \"location\": \"westus2\",\n  \"name\": \"cliakstest000002\",\n  \"type\":
        \"Microsoft.ContainerService/ManagedClusters\",\n  \"properties\": {\n   \"provisioningState\":
        \"Creating\",\n   \"powerState\": {\n    \"code\": \"Running\"\n   },\n   \"kubernetesVersion\":
        \"1.20.7\",\n   \"dnsPrefix\": \"cliakstest-clitest4unc4mgng-79a739\",\n   \"fqdn\":
        \"cliakstest-clitest4unc4mgng-79a739-3aa78c80.hcp.westus2.azmk8s.io\",\n   \"azurePortalFQDN\":
        \"cliakstest-clitest4unc4mgng-79a739-3aa78c80.portal.hcp.westus2.azmk8s.io\",\n
        \  \"agentPoolProfiles\": [\n    {\n     \"name\": \"nodepool1\",\n     \"count\":
        3,\n     \"vmSize\": \"Standard_DS2_v2\",\n     \"osDiskSizeGB\": 128,\n     \"osDiskType\":
        \"Managed\",\n     \"kubeletDiskType\": \"OS\",\n     \"maxPods\": 110,\n
        \    \"type\": \"VirtualMachineScaleSets\",\n     \"provisioningState\": \"Creating\",\n
        \    \"powerState\": {\n      \"code\": \"Running\"\n     },\n     \"orchestratorVersion\":
        \"1.20.7\",\n     \"enableNodePublicIP\": false,\n     \"nodeLabels\": {},\n
        \    \"mode\": \"System\",\n     \"enableEncryptionAtHost\": false,\n     \"enableUltraSSD\":
        false,\n     \"osType\": \"Linux\",\n     \"osSKU\": \"Ubuntu\",\n     \"nodeImageVersion\":
        \"AKSUbuntu-1804gen2containerd-2021.07.31\",\n     \"enableFIPS\": false\n
        \   }\n   ],\n   \"linuxProfile\": {\n    \"adminUsername\": \"azureuser\",\n
        \   \"ssh\": {\n     \"publicKeys\": [\n      {\n       \"keyData\": \"ssh-rsa
        AAAAB3NzaC1yc2EAAAADAQABAAABAQDm5I2BQLU2JegCflUyWF5QB0d94IXzGkm5r9oHe846ci3ZKyr3JSWVzcX7GSQTJEDS2Bt6GHBHjDnYxFFDb/HMZs5gjwSbQbAq036KW5/ZiiVZQ64eMl+OH5HnWxdfovA3SYeA3FCNLZg0xDkCCKm9zQBq1L3oGSDDIp8HMZNHCGPM/SyJOlaNyXV8dovLfqb2A7aoLNz75GtGTXLYY14z4u8o0f8iT/bKw4ohgrijy+pUkxJp/gFKP+o74q0YYuYZC0J50NHCHKLGmyePVwL35Q/YiGqVKY0Yx5e7/zGKrr5LYveGPqycWvf0WGfs/+lP/Kflx3hkR9LMFqCGh6Ar
        azcli_aks_live_test@example.com\\n\"\n      }\n     ]\n    }\n   },\n   \"servicePrincipalProfile\":
        {\n    \"clientId\":\"00000000-0000-0000-0000-000000000001\"\n   },\n   \"nodeResourceGroup\":
        \"MC_clitest000001_cliakstest000002_westus2\",\n   \"enableRBAC\": true,\n
        \  \"enablePodSecurityPolicy\": false,\n   \"networkProfile\": {\n    \"networkPlugin\":
        \"kubenet\",\n    \"loadBalancerSku\": \"standard\",\n    \"loadBalancerProfile\":
        {\n     \"managedOutboundIPs\": {\n      \"count\": 1\n     }\n    },\n    \"podCidr\":
        \"10.244.0.0/16\",\n    \"serviceCidr\": \"10.0.0.0/16\",\n    \"dnsServiceIP\":
        \"10.0.0.10\",\n    \"dockerBridgeCidr\": \"172.17.0.1/16\",\n    \"outboundType\":
        \"loadBalancer\"\n   },\n   \"maxAgentPools\": 100,\n   \"disableLocalAccounts\":
        false\n  },\n  \"identity\": {\n   \"type\": \"SystemAssigned\",\n   \"principalId\":\"00000000-0000-0000-0000-000000000001\",\n
        \  \"tenantId\": \"72f988bf-86f1-41af-91ab-2d7cd011db47\"\n  },\n  \"sku\":
        {\n   \"name\": \"Basic\",\n   \"tier\": \"Free\"\n  }\n }"
    headers:
      azure-asyncoperation:
      - https://management.azure.com/subscriptions/00000000-0000-0000-0000-000000000000/providers/Microsoft.ContainerService/locations/westus2/operations/3226ea7f-df95-410e-9ffe-16bc62848d23?api-version=2016-03-30
      cache-control:
      - no-cache
      content-length:
      - '2724'
      content-type:
      - application/json
      date:
      - Thu, 19 Aug 2021 10:02:29 GMT
      expires:
      - '-1'
      pragma:
      - no-cache
      server:
      - nginx
      strict-transport-security:
      - max-age=31536000; includeSubDomains
      x-content-type-options:
      - nosniff
      x-ms-ratelimit-remaining-subscription-writes:
      - '1198'
    status:
      code: 201
      message: Created
- request:
    body: null
    headers:
      Accept:
      - '*/*'
      Accept-Encoding:
      - gzip, deflate
      CommandName:
      - aks create
      Connection:
      - keep-alive
      ParameterSetName:
      - --resource-group --name --http-proxy-config --ssh-key-value -o
      User-Agent:
      - AZURECLI/2.27.1 azsdk-python-azure-mgmt-containerservice/16.1.0 Python/3.8.11
        (Linux-5.4.0-1055-azure-x86_64-with-glibc2.27)
    method: GET
    uri: https://management.azure.com/subscriptions/00000000-0000-0000-0000-000000000000/providers/Microsoft.ContainerService/locations/westus2/operations/3226ea7f-df95-410e-9ffe-16bc62848d23?api-version=2016-03-30
  response:
    body:
      string: "{\n  \"name\": \"7fea2632-95df-0e41-9ffe-16bc62848d23\",\n  \"status\":
        \"InProgress\",\n  \"startTime\": \"2021-08-19T10:02:29.5966666Z\"\n }"
    headers:
      cache-control:
      - no-cache
      content-length:
      - '126'
      content-type:
      - application/json
      date:
      - Thu, 19 Aug 2021 10:02:59 GMT
      expires:
      - '-1'
      pragma:
      - no-cache
      server:
      - nginx
      strict-transport-security:
      - max-age=31536000; includeSubDomains
      transfer-encoding:
      - chunked
      vary:
      - Accept-Encoding
      x-content-type-options:
      - nosniff
    status:
      code: 200
      message: OK
- request:
    body: null
    headers:
      Accept:
      - '*/*'
      Accept-Encoding:
      - gzip, deflate
      CommandName:
      - aks create
      Connection:
      - keep-alive
      ParameterSetName:
      - --resource-group --name --http-proxy-config --ssh-key-value -o
      User-Agent:
      - AZURECLI/2.27.1 azsdk-python-azure-mgmt-containerservice/16.1.0 Python/3.8.11
        (Linux-5.4.0-1055-azure-x86_64-with-glibc2.27)
    method: GET
    uri: https://management.azure.com/subscriptions/00000000-0000-0000-0000-000000000000/providers/Microsoft.ContainerService/locations/westus2/operations/3226ea7f-df95-410e-9ffe-16bc62848d23?api-version=2016-03-30
  response:
    body:
      string: "{\n  \"name\": \"7fea2632-95df-0e41-9ffe-16bc62848d23\",\n  \"status\":
        \"InProgress\",\n  \"startTime\": \"2021-08-19T10:02:29.5966666Z\"\n }"
    headers:
      cache-control:
      - no-cache
      content-length:
      - '126'
      content-type:
      - application/json
      date:
      - Thu, 19 Aug 2021 10:03:30 GMT
      expires:
      - '-1'
      pragma:
      - no-cache
      server:
      - nginx
      strict-transport-security:
      - max-age=31536000; includeSubDomains
      transfer-encoding:
      - chunked
      vary:
      - Accept-Encoding
      x-content-type-options:
      - nosniff
    status:
      code: 200
      message: OK
- request:
    body: null
    headers:
      Accept:
      - '*/*'
      Accept-Encoding:
      - gzip, deflate
      CommandName:
      - aks create
      Connection:
      - keep-alive
      ParameterSetName:
      - --resource-group --name --http-proxy-config --ssh-key-value -o
      User-Agent:
      - AZURECLI/2.27.1 azsdk-python-azure-mgmt-containerservice/16.1.0 Python/3.8.11
        (Linux-5.4.0-1055-azure-x86_64-with-glibc2.27)
    method: GET
    uri: https://management.azure.com/subscriptions/00000000-0000-0000-0000-000000000000/providers/Microsoft.ContainerService/locations/westus2/operations/3226ea7f-df95-410e-9ffe-16bc62848d23?api-version=2016-03-30
  response:
    body:
      string: "{\n  \"name\": \"7fea2632-95df-0e41-9ffe-16bc62848d23\",\n  \"status\":
        \"InProgress\",\n  \"startTime\": \"2021-08-19T10:02:29.5966666Z\"\n }"
    headers:
      cache-control:
      - no-cache
      content-length:
      - '126'
      content-type:
      - application/json
      date:
      - Thu, 19 Aug 2021 10:04:00 GMT
      expires:
      - '-1'
      pragma:
      - no-cache
      server:
      - nginx
      strict-transport-security:
      - max-age=31536000; includeSubDomains
      transfer-encoding:
      - chunked
      vary:
      - Accept-Encoding
      x-content-type-options:
      - nosniff
    status:
      code: 200
      message: OK
- request:
    body: null
    headers:
      Accept:
      - '*/*'
      Accept-Encoding:
      - gzip, deflate
      CommandName:
      - aks create
      Connection:
      - keep-alive
      ParameterSetName:
      - --resource-group --name --http-proxy-config --ssh-key-value -o
      User-Agent:
      - AZURECLI/2.27.1 azsdk-python-azure-mgmt-containerservice/16.1.0 Python/3.8.11
        (Linux-5.4.0-1055-azure-x86_64-with-glibc2.27)
    method: GET
    uri: https://management.azure.com/subscriptions/00000000-0000-0000-0000-000000000000/providers/Microsoft.ContainerService/locations/westus2/operations/3226ea7f-df95-410e-9ffe-16bc62848d23?api-version=2016-03-30
  response:
    body:
      string: "{\n  \"name\": \"7fea2632-95df-0e41-9ffe-16bc62848d23\",\n  \"status\":
        \"InProgress\",\n  \"startTime\": \"2021-08-19T10:02:29.5966666Z\"\n }"
    headers:
      cache-control:
      - no-cache
      content-length:
      - '126'
      content-type:
      - application/json
      date:
      - Thu, 19 Aug 2021 10:04:30 GMT
      expires:
      - '-1'
      pragma:
      - no-cache
      server:
      - nginx
      strict-transport-security:
      - max-age=31536000; includeSubDomains
      transfer-encoding:
      - chunked
      vary:
      - Accept-Encoding
      x-content-type-options:
      - nosniff
    status:
      code: 200
      message: OK
- request:
    body: null
    headers:
      Accept:
      - '*/*'
      Accept-Encoding:
      - gzip, deflate
      CommandName:
      - aks create
      Connection:
      - keep-alive
      ParameterSetName:
      - --resource-group --name --http-proxy-config --ssh-key-value -o
      User-Agent:
      - AZURECLI/2.27.1 azsdk-python-azure-mgmt-containerservice/16.1.0 Python/3.8.11
        (Linux-5.4.0-1055-azure-x86_64-with-glibc2.27)
    method: GET
    uri: https://management.azure.com/subscriptions/00000000-0000-0000-0000-000000000000/providers/Microsoft.ContainerService/locations/westus2/operations/3226ea7f-df95-410e-9ffe-16bc62848d23?api-version=2016-03-30
  response:
    body:
      string: "{\n  \"name\": \"7fea2632-95df-0e41-9ffe-16bc62848d23\",\n  \"status\":
        \"InProgress\",\n  \"startTime\": \"2021-08-19T10:02:29.5966666Z\"\n }"
    headers:
      cache-control:
      - no-cache
      content-length:
      - '126'
      content-type:
      - application/json
      date:
      - Thu, 19 Aug 2021 10:04:59 GMT
      expires:
      - '-1'
      pragma:
      - no-cache
      server:
      - nginx
      strict-transport-security:
      - max-age=31536000; includeSubDomains
      transfer-encoding:
      - chunked
      vary:
      - Accept-Encoding
      x-content-type-options:
      - nosniff
    status:
      code: 200
      message: OK
- request:
    body: null
    headers:
      Accept:
      - '*/*'
      Accept-Encoding:
      - gzip, deflate
      CommandName:
      - aks create
      Connection:
      - keep-alive
      ParameterSetName:
      - --resource-group --name --http-proxy-config --ssh-key-value -o
      User-Agent:
      - AZURECLI/2.27.1 azsdk-python-azure-mgmt-containerservice/16.1.0 Python/3.8.11
        (Linux-5.4.0-1055-azure-x86_64-with-glibc2.27)
    method: GET
    uri: https://management.azure.com/subscriptions/00000000-0000-0000-0000-000000000000/providers/Microsoft.ContainerService/locations/westus2/operations/3226ea7f-df95-410e-9ffe-16bc62848d23?api-version=2016-03-30
  response:
    body:
      string: "{\n  \"name\": \"7fea2632-95df-0e41-9ffe-16bc62848d23\",\n  \"status\":
        \"InProgress\",\n  \"startTime\": \"2021-08-19T10:02:29.5966666Z\"\n }"
    headers:
      cache-control:
      - no-cache
      content-length:
      - '126'
      content-type:
      - application/json
      date:
      - Thu, 19 Aug 2021 10:05:30 GMT
      expires:
      - '-1'
      pragma:
      - no-cache
      server:
      - nginx
      strict-transport-security:
      - max-age=31536000; includeSubDomains
      transfer-encoding:
      - chunked
      vary:
      - Accept-Encoding
      x-content-type-options:
      - nosniff
    status:
      code: 200
      message: OK
- request:
    body: null
    headers:
      Accept:
      - '*/*'
      Accept-Encoding:
      - gzip, deflate
      CommandName:
      - aks create
      Connection:
      - keep-alive
      ParameterSetName:
      - --resource-group --name --http-proxy-config --ssh-key-value -o
      User-Agent:
      - AZURECLI/2.27.1 azsdk-python-azure-mgmt-containerservice/16.1.0 Python/3.8.11
        (Linux-5.4.0-1055-azure-x86_64-with-glibc2.27)
    method: GET
    uri: https://management.azure.com/subscriptions/00000000-0000-0000-0000-000000000000/providers/Microsoft.ContainerService/locations/westus2/operations/3226ea7f-df95-410e-9ffe-16bc62848d23?api-version=2016-03-30
  response:
    body:
      string: "{\n  \"name\": \"7fea2632-95df-0e41-9ffe-16bc62848d23\",\n  \"status\":
        \"Succeeded\",\n  \"startTime\": \"2021-08-19T10:02:29.5966666Z\",\n  \"endTime\":
        \"2021-08-19T10:05:47.9758982Z\"\n }"
    headers:
      cache-control:
      - no-cache
      content-length:
      - '170'
      content-type:
      - application/json
      date:
      - Thu, 19 Aug 2021 10:06:00 GMT
      expires:
      - '-1'
      pragma:
      - no-cache
      server:
      - nginx
      strict-transport-security:
      - max-age=31536000; includeSubDomains
      transfer-encoding:
      - chunked
      vary:
      - Accept-Encoding
      x-content-type-options:
      - nosniff
    status:
      code: 200
      message: OK
- request:
    body: null
    headers:
      Accept:
      - '*/*'
      Accept-Encoding:
      - gzip, deflate
      CommandName:
      - aks create
      Connection:
      - keep-alive
      ParameterSetName:
      - --resource-group --name --http-proxy-config --ssh-key-value -o
      User-Agent:
      - AZURECLI/2.27.1 azsdk-python-azure-mgmt-containerservice/16.1.0 Python/3.8.11
        (Linux-5.4.0-1055-azure-x86_64-with-glibc2.27)
    method: GET
    uri: https://management.azure.com/subscriptions/00000000-0000-0000-0000-000000000000/resourceGroups/clitest000001/providers/Microsoft.ContainerService/managedClusters/cliakstest000002?api-version=2021-07-01
  response:
    body:
      string: "{\n  \"id\": \"/subscriptions/00000000-0000-0000-0000-000000000000/resourcegroups/clitest000001/providers/Microsoft.ContainerService/managedClusters/cliakstest000002\",\n
        \ \"location\": \"westus2\",\n  \"name\": \"cliakstest000002\",\n  \"type\":
        \"Microsoft.ContainerService/ManagedClusters\",\n  \"properties\": {\n   \"provisioningState\":
        \"Succeeded\",\n   \"powerState\": {\n    \"code\": \"Running\"\n   },\n   \"kubernetesVersion\":
        \"1.20.7\",\n   \"dnsPrefix\": \"cliakstest-clitest4unc4mgng-79a739\",\n   \"fqdn\":
        \"cliakstest-clitest4unc4mgng-79a739-3aa78c80.hcp.westus2.azmk8s.io\",\n   \"azurePortalFQDN\":
        \"cliakstest-clitest4unc4mgng-79a739-3aa78c80.portal.hcp.westus2.azmk8s.io\",\n
        \  \"agentPoolProfiles\": [\n    {\n     \"name\": \"nodepool1\",\n     \"count\":
        3,\n     \"vmSize\": \"Standard_DS2_v2\",\n     \"osDiskSizeGB\": 128,\n     \"osDiskType\":
        \"Managed\",\n     \"kubeletDiskType\": \"OS\",\n     \"maxPods\": 110,\n
        \    \"type\": \"VirtualMachineScaleSets\",\n     \"provisioningState\": \"Succeeded\",\n
        \    \"powerState\": {\n      \"code\": \"Running\"\n     },\n     \"orchestratorVersion\":
        \"1.20.7\",\n     \"enableNodePublicIP\": false,\n     \"nodeLabels\": {},\n
        \    \"mode\": \"System\",\n     \"enableEncryptionAtHost\": false,\n     \"enableUltraSSD\":
        false,\n     \"osType\": \"Linux\",\n     \"osSKU\": \"Ubuntu\",\n     \"nodeImageVersion\":
        \"AKSUbuntu-1804gen2containerd-2021.07.31\",\n     \"enableFIPS\": false\n
        \   }\n   ],\n   \"linuxProfile\": {\n    \"adminUsername\": \"azureuser\",\n
        \   \"ssh\": {\n     \"publicKeys\": [\n      {\n       \"keyData\": \"ssh-rsa
        AAAAB3NzaC1yc2EAAAADAQABAAABAQDm5I2BQLU2JegCflUyWF5QB0d94IXzGkm5r9oHe846ci3ZKyr3JSWVzcX7GSQTJEDS2Bt6GHBHjDnYxFFDb/HMZs5gjwSbQbAq036KW5/ZiiVZQ64eMl+OH5HnWxdfovA3SYeA3FCNLZg0xDkCCKm9zQBq1L3oGSDDIp8HMZNHCGPM/SyJOlaNyXV8dovLfqb2A7aoLNz75GtGTXLYY14z4u8o0f8iT/bKw4ohgrijy+pUkxJp/gFKP+o74q0YYuYZC0J50NHCHKLGmyePVwL35Q/YiGqVKY0Yx5e7/zGKrr5LYveGPqycWvf0WGfs/+lP/Kflx3hkR9LMFqCGh6Ar
        azcli_aks_live_test@example.com\\n\"\n      }\n     ]\n    }\n   },\n   \"servicePrincipalProfile\":
        {\n    \"clientId\":\"00000000-0000-0000-0000-000000000001\"\n   },\n   \"nodeResourceGroup\":
        \"MC_clitest000001_cliakstest000002_westus2\",\n   \"enableRBAC\": true,\n
        \  \"enablePodSecurityPolicy\": false,\n   \"networkProfile\": {\n    \"networkPlugin\":
        \"kubenet\",\n    \"loadBalancerSku\": \"Standard\",\n    \"loadBalancerProfile\":
        {\n     \"managedOutboundIPs\": {\n      \"count\": 1\n     },\n     \"effectiveOutboundIPs\":
        [\n      {\n       \"id\": \"/subscriptions/00000000-0000-0000-0000-000000000000/resourceGroups/MC_clitest000001_cliakstest000002_westus2/providers/Microsoft.Network/publicIPAddresses/f44d4ce6-ad59-4096-8b2f-d8ab2a475ac2\"\n
        \     }\n     ]\n    },\n    \"podCidr\": \"10.244.0.0/16\",\n    \"serviceCidr\":
        \"10.0.0.0/16\",\n    \"dnsServiceIP\": \"10.0.0.10\",\n    \"dockerBridgeCidr\":
        \"172.17.0.1/16\",\n    \"outboundType\": \"loadBalancer\"\n   },\n   \"maxAgentPools\":
        100,\n   \"identityProfile\": {\n    \"kubeletidentity\": {\n     \"resourceId\":
        \"/subscriptions/00000000-0000-0000-0000-000000000000/resourcegroups/MC_clitest000001_cliakstest000002_westus2/providers/Microsoft.ManagedIdentity/userAssignedIdentities/cliakstest000002-agentpool\",\n
        \    \"clientId\":\"00000000-0000-0000-0000-000000000001\",\n     \"objectId\":\"00000000-0000-0000-0000-000000000001\"\n
        \   }\n   },\n   \"disableLocalAccounts\": false\n  },\n  \"identity\": {\n
        \  \"type\": \"SystemAssigned\",\n   \"principalId\":\"00000000-0000-0000-0000-000000000001\",\n
        \  \"tenantId\": \"72f988bf-86f1-41af-91ab-2d7cd011db47\"\n  },\n  \"sku\":
        {\n   \"name\": \"Basic\",\n   \"tier\": \"Free\"\n  }\n }"
    headers:
      cache-control:
      - no-cache
      content-length:
      - '3387'
      content-type:
      - application/json
      date:
      - Thu, 19 Aug 2021 10:06:02 GMT
      expires:
      - '-1'
      pragma:
      - no-cache
      server:
      - nginx
      strict-transport-security:
      - max-age=31536000; includeSubDomains
      transfer-encoding:
      - chunked
      vary:
      - Accept-Encoding
      x-content-type-options:
      - nosniff
    status:
      code: 200
      message: OK
version: 1
