interactions:
- request:
    body: null
    headers:
      Accept:
      - application/json
      Accept-Encoding:
      - gzip, deflate
      CommandName:
      - aks create
      Connection:
      - keep-alive
      ParameterSetName:
      - --resource-group --name --ssh-key-value
      User-Agent:
      - AZURECLI/2.34.1 azsdk-python-azure-mgmt-resource/20.0.0 Python/3.8.10 (Linux-5.13.0-1017-azure-x86_64-with-glibc2.29)
    method: GET
    uri: https://management.azure.com/subscriptions/00000000-0000-0000-0000-000000000000/resourcegroups/clitest000001?api-version=2021-04-01
  response:
    body:
      string: '{"id":"/subscriptions/00000000-0000-0000-0000-000000000000/resourceGroups/clitest000001","name":"clitest000001","type":"Microsoft.Resources/resourceGroups","location":"westus2","tags":{"product":"azurecli","cause":"automation","date":"2022-03-21T05:21:31Z"},"properties":{"provisioningState":"Succeeded"}}'
    headers:
      cache-control:
      - no-cache
      content-length:
      - '305'
      content-type:
      - application/json; charset=utf-8
      date:
      - Mon, 21 Mar 2022 05:21:32 GMT
      expires:
      - '-1'
      pragma:
      - no-cache
      strict-transport-security:
      - max-age=31536000; includeSubDomains
      vary:
      - Accept-Encoding
      x-content-type-options:
      - nosniff
    status:
      code: 200
      message: OK
- request:
    body: '{"location": "westus2", "identity": {"type": "SystemAssigned"}, "properties":
      {"kubernetesVersion": "", "dnsPrefix": "cliakstest-clitestuipg4qewc-8ecadf",
      "agentPoolProfiles": [{"count": 3, "vmSize": "Standard_DS2_v2", "workloadRuntime":
      "OCIContainer", "osType": "Linux", "enableAutoScaling": false, "type": "VirtualMachineScaleSets",
      "mode": "System", "enableNodePublicIP": false, "scaleSetPriority": "Regular",
      "scaleSetEvictionPolicy": "Delete", "spotMaxPrice": -1.0, "enableEncryptionAtHost":
      false, "enableUltraSSD": false, "enableFIPS": false, "name": "nodepool1"}],
      "linuxProfile": {"adminUsername": "azureuser", "ssh": {"publicKeys": [{"keyData":
      "ssh-rsa AAAAB3NzaC1yc2EAAAADAQABAAABAQCumQ7QuaQdPndgxn9hQULXqCXVDEmxKAKAKqkLYTy/yXSHURHnIap9+bhoGn9qwtBL9Ue2NNWSgNO/Qig3evn4cGgK5cDl+Q6NKKlEmyObga4JWBFrFKYu/apHCkPqQZClsX98qvcmDVOfoKpCp2KhaEPdA6uQPZRSpDYSlnAUUm0uOc/JL+9ka7lIpw9JNEuts+oVdeUjbB7nSLvjJx65I8XrhRJHszl2CyQg24t/sP1iCkiQLajnMIM6qfifdltiQJ3HZ6BL3SY69jG5prXBb3kINq+mcZwIe/N/OUeJRznRHr38wVKbzZuaPosWDSceMscoNIUB8bgOiqmVc1mz
      azcli_aks_live_test@example.com\n"}]}}, "addonProfiles": {}, "enableRBAC": true,
      "enablePodSecurityPolicy": false, "networkProfile": {"networkPlugin": "kubenet",
      "podCidr": "10.244.0.0/16", "serviceCidr": "10.0.0.0/16", "dnsServiceIP": "10.0.0.10",
      "dockerBridgeCidr": "172.17.0.1/16", "outboundType": "loadBalancer", "loadBalancerSku":
      "standard"}, "disableLocalAccounts": false}}'
    headers:
      Accept:
      - application/json
      Accept-Encoding:
      - gzip, deflate
      CommandName:
      - aks create
      Connection:
      - keep-alive
      Content-Length:
      - '1419'
      Content-Type:
      - application/json
      ParameterSetName:
      - --resource-group --name --ssh-key-value
      User-Agent:
      - AZURECLI/2.34.1 azsdk-python-azure-mgmt-containerservice/17.0.0b Python/3.8.10
        (Linux-5.13.0-1017-azure-x86_64-with-glibc2.29)
    method: PUT
    uri: https://management.azure.com/subscriptions/00000000-0000-0000-0000-000000000000/resourceGroups/clitest000001/providers/Microsoft.ContainerService/managedClusters/cliakstest000002?api-version=2022-02-02-preview
  response:
    body:
      string: "{\n  \"id\": \"/subscriptions/00000000-0000-0000-0000-000000000000/resourcegroups/clitest000001/providers/Microsoft.ContainerService/managedClusters/cliakstest000002\",\n
        \ \"location\": \"westus2\",\n  \"name\": \"cliakstest000002\",\n  \"type\":
        \"Microsoft.ContainerService/ManagedClusters\",\n  \"properties\": {\n   \"provisioningState\":
        \"Creating\",\n   \"powerState\": {\n    \"code\": \"Running\"\n   },\n   \"kubernetesVersion\":
        \"1.21.9\",\n   \"currentKubernetesVersion\": \"1.21.9\",\n   \"dnsPrefix\":
        \"cliakstest-clitestuipg4qewc-8ecadf\",\n   \"fqdn\": \"cliakstest-clitestuipg4qewc-8ecadf-b7d4ba09.hcp.westus2.azmk8s.io\",\n
        \  \"azurePortalFQDN\": \"cliakstest-clitestuipg4qewc-8ecadf-b7d4ba09.portal.hcp.westus2.azmk8s.io\",\n
        \  \"agentPoolProfiles\": [\n    {\n     \"name\": \"nodepool1\",\n     \"count\":
        3,\n     \"vmSize\": \"Standard_DS2_v2\",\n     \"osDiskSizeGB\": 128,\n     \"osDiskType\":
        \"Managed\",\n     \"kubeletDiskType\": \"OS\",\n     \"workloadRuntime\":
        \"OCIContainer\",\n     \"maxPods\": 110,\n     \"type\": \"VirtualMachineScaleSets\",\n
        \    \"enableAutoScaling\": false,\n     \"provisioningState\": \"Creating\",\n
        \    \"powerState\": {\n      \"code\": \"Running\"\n     },\n     \"orchestratorVersion\":
        \"1.21.9\",\n     \"enableNodePublicIP\": false,\n     \"mode\": \"System\",\n
        \    \"enableEncryptionAtHost\": false,\n     \"enableUltraSSD\": false,\n
        \    \"osType\": \"Linux\",\n     \"osSKU\": \"Ubuntu\",\n     \"nodeImageVersion\":
        \"AKSUbuntu-1804gen2containerd-2022.03.02\",\n     \"enableFIPS\": false\n
        \   }\n   ],\n   \"linuxProfile\": {\n    \"adminUsername\": \"azureuser\",\n
        \   \"ssh\": {\n     \"publicKeys\": [\n      {\n       \"keyData\": \"ssh-rsa
        AAAAB3NzaC1yc2EAAAADAQABAAABAQCumQ7QuaQdPndgxn9hQULXqCXVDEmxKAKAKqkLYTy/yXSHURHnIap9+bhoGn9qwtBL9Ue2NNWSgNO/Qig3evn4cGgK5cDl+Q6NKKlEmyObga4JWBFrFKYu/apHCkPqQZClsX98qvcmDVOfoKpCp2KhaEPdA6uQPZRSpDYSlnAUUm0uOc/JL+9ka7lIpw9JNEuts+oVdeUjbB7nSLvjJx65I8XrhRJHszl2CyQg24t/sP1iCkiQLajnMIM6qfifdltiQJ3HZ6BL3SY69jG5prXBb3kINq+mcZwIe/N/OUeJRznRHr38wVKbzZuaPosWDSceMscoNIUB8bgOiqmVc1mz
        azcli_aks_live_test@example.com\\n\"\n      }\n     ]\n    }\n   },\n   \"servicePrincipalProfile\":
        {\n    \"clientId\":\"00000000-0000-0000-0000-000000000001\"\n   },\n   \"nodeResourceGroup\":
        \"MC_clitest000001_cliakstest000002_westus2\",\n   \"enableRBAC\": true,\n
        \  \"enablePodSecurityPolicy\": false,\n   \"networkProfile\": {\n    \"networkPlugin\":
        \"kubenet\",\n    \"loadBalancerSku\": \"standard\",\n    \"loadBalancerProfile\":
        {\n     \"managedOutboundIPs\": {\n      \"count\": 1\n     }\n    },\n    \"podCidr\":
        \"10.244.0.0/16\",\n    \"serviceCidr\": \"10.0.0.0/16\",\n    \"dnsServiceIP\":
        \"10.0.0.10\",\n    \"dockerBridgeCidr\": \"172.17.0.1/16\",\n    \"outboundType\":
        \"loadBalancer\",\n    \"podCidrs\": [\n     \"10.244.0.0/16\"\n    ],\n    \"serviceCidrs\":
        [\n     \"10.0.0.0/16\"\n    ],\n    \"ipFamilies\": [\n     \"IPv4\"\n    ]\n
        \  },\n   \"maxAgentPools\": 100,\n   \"disableLocalAccounts\": false,\n   \"oidcIssuerProfile\":
        {\n    \"enabled\": false\n   }\n  },\n  \"identity\": {\n   \"type\": \"SystemAssigned\",\n
        \  \"principalId\":\"00000000-0000-0000-0000-000000000001\",\n   \"tenantId\":
        \"72f988bf-86f1-41af-91ab-2d7cd011db47\"\n  },\n  \"sku\": {\n   \"name\":
        \"Basic\",\n   \"tier\": \"Free\"\n  }\n }"
    headers:
      azure-asyncoperation:
      - https://management.azure.com/subscriptions/00000000-0000-0000-0000-000000000000/providers/Microsoft.ContainerService/locations/westus2/operations/b7fd4e71-49bb-44e3-b5d5-2132e17050fe?api-version=2016-03-30
      cache-control:
      - no-cache
      content-length:
      - '3024'
      content-type:
      - application/json
      date:
      - Mon, 21 Mar 2022 05:21:35 GMT
      expires:
      - '-1'
      pragma:
      - no-cache
      server:
      - nginx
      strict-transport-security:
      - max-age=31536000; includeSubDomains
      x-content-type-options:
      - nosniff
      x-ms-ratelimit-remaining-subscription-writes:
      - '1188'
    status:
      code: 201
      message: Created
- request:
    body: null
    headers:
      Accept:
      - '*/*'
      Accept-Encoding:
      - gzip, deflate
      CommandName:
      - aks create
      Connection:
      - keep-alive
      ParameterSetName:
      - --resource-group --name --ssh-key-value
      User-Agent:
      - AZURECLI/2.34.1 azsdk-python-azure-mgmt-containerservice/17.0.0b Python/3.8.10
        (Linux-5.13.0-1017-azure-x86_64-with-glibc2.29)
    method: GET
    uri: https://management.azure.com/subscriptions/00000000-0000-0000-0000-000000000000/providers/Microsoft.ContainerService/locations/westus2/operations/b7fd4e71-49bb-44e3-b5d5-2132e17050fe?api-version=2016-03-30
  response:
    body:
      string: "{\n  \"name\": \"714efdb7-bb49-e344-b5d5-2132e17050fe\",\n  \"status\":
        \"InProgress\",\n  \"startTime\": \"2022-03-21T05:21:35.5033333Z\"\n }"
    headers:
      cache-control:
      - no-cache
      content-length:
      - '126'
      content-type:
      - application/json
      date:
      - Mon, 21 Mar 2022 05:22:05 GMT
      expires:
      - '-1'
      pragma:
      - no-cache
      server:
      - nginx
      strict-transport-security:
      - max-age=31536000; includeSubDomains
      transfer-encoding:
      - chunked
      vary:
      - Accept-Encoding
      x-content-type-options:
      - nosniff
    status:
      code: 200
      message: OK
- request:
    body: null
    headers:
      Accept:
      - '*/*'
      Accept-Encoding:
      - gzip, deflate
      CommandName:
      - aks create
      Connection:
      - keep-alive
      ParameterSetName:
      - --resource-group --name --ssh-key-value
      User-Agent:
      - AZURECLI/2.34.1 azsdk-python-azure-mgmt-containerservice/17.0.0b Python/3.8.10
        (Linux-5.13.0-1017-azure-x86_64-with-glibc2.29)
    method: GET
    uri: https://management.azure.com/subscriptions/00000000-0000-0000-0000-000000000000/providers/Microsoft.ContainerService/locations/westus2/operations/b7fd4e71-49bb-44e3-b5d5-2132e17050fe?api-version=2016-03-30
  response:
    body:
      string: "{\n  \"name\": \"714efdb7-bb49-e344-b5d5-2132e17050fe\",\n  \"status\":
        \"InProgress\",\n  \"startTime\": \"2022-03-21T05:21:35.5033333Z\"\n }"
    headers:
      cache-control:
      - no-cache
      content-length:
      - '126'
      content-type:
      - application/json
      date:
      - Mon, 21 Mar 2022 05:22:34 GMT
      expires:
      - '-1'
      pragma:
      - no-cache
      server:
      - nginx
      strict-transport-security:
      - max-age=31536000; includeSubDomains
      transfer-encoding:
      - chunked
      vary:
      - Accept-Encoding
      x-content-type-options:
      - nosniff
    status:
      code: 200
      message: OK
- request:
    body: null
    headers:
      Accept:
      - '*/*'
      Accept-Encoding:
      - gzip, deflate
      CommandName:
      - aks create
      Connection:
      - keep-alive
      ParameterSetName:
      - --resource-group --name --ssh-key-value
      User-Agent:
      - AZURECLI/2.34.1 azsdk-python-azure-mgmt-containerservice/17.0.0b Python/3.8.10
        (Linux-5.13.0-1017-azure-x86_64-with-glibc2.29)
    method: GET
    uri: https://management.azure.com/subscriptions/00000000-0000-0000-0000-000000000000/providers/Microsoft.ContainerService/locations/westus2/operations/b7fd4e71-49bb-44e3-b5d5-2132e17050fe?api-version=2016-03-30
  response:
    body:
      string: "{\n  \"name\": \"714efdb7-bb49-e344-b5d5-2132e17050fe\",\n  \"status\":
        \"InProgress\",\n  \"startTime\": \"2022-03-21T05:21:35.5033333Z\"\n }"
    headers:
      cache-control:
      - no-cache
      content-length:
      - '126'
      content-type:
      - application/json
      date:
      - Mon, 21 Mar 2022 05:23:05 GMT
      expires:
      - '-1'
      pragma:
      - no-cache
      server:
      - nginx
      strict-transport-security:
      - max-age=31536000; includeSubDomains
      transfer-encoding:
      - chunked
      vary:
      - Accept-Encoding
      x-content-type-options:
      - nosniff
    status:
      code: 200
      message: OK
- request:
    body: null
    headers:
      Accept:
      - '*/*'
      Accept-Encoding:
      - gzip, deflate
      CommandName:
      - aks create
      Connection:
      - keep-alive
      ParameterSetName:
      - --resource-group --name --ssh-key-value
      User-Agent:
      - AZURECLI/2.34.1 azsdk-python-azure-mgmt-containerservice/17.0.0b Python/3.8.10
        (Linux-5.13.0-1017-azure-x86_64-with-glibc2.29)
    method: GET
    uri: https://management.azure.com/subscriptions/00000000-0000-0000-0000-000000000000/providers/Microsoft.ContainerService/locations/westus2/operations/b7fd4e71-49bb-44e3-b5d5-2132e17050fe?api-version=2016-03-30
  response:
    body:
      string: "{\n  \"name\": \"714efdb7-bb49-e344-b5d5-2132e17050fe\",\n  \"status\":
        \"InProgress\",\n  \"startTime\": \"2022-03-21T05:21:35.5033333Z\"\n }"
    headers:
      cache-control:
      - no-cache
      content-length:
      - '126'
      content-type:
      - application/json
      date:
      - Mon, 21 Mar 2022 05:23:35 GMT
      expires:
      - '-1'
      pragma:
      - no-cache
      server:
      - nginx
      strict-transport-security:
      - max-age=31536000; includeSubDomains
      transfer-encoding:
      - chunked
      vary:
      - Accept-Encoding
      x-content-type-options:
      - nosniff
    status:
      code: 200
      message: OK
- request:
    body: null
    headers:
      Accept:
      - '*/*'
      Accept-Encoding:
      - gzip, deflate
      CommandName:
      - aks create
      Connection:
      - keep-alive
      ParameterSetName:
      - --resource-group --name --ssh-key-value
      User-Agent:
      - AZURECLI/2.34.1 azsdk-python-azure-mgmt-containerservice/17.0.0b Python/3.8.10
        (Linux-5.13.0-1017-azure-x86_64-with-glibc2.29)
    method: GET
    uri: https://management.azure.com/subscriptions/00000000-0000-0000-0000-000000000000/providers/Microsoft.ContainerService/locations/westus2/operations/b7fd4e71-49bb-44e3-b5d5-2132e17050fe?api-version=2016-03-30
  response:
    body:
      string: "{\n  \"name\": \"714efdb7-bb49-e344-b5d5-2132e17050fe\",\n  \"status\":
        \"InProgress\",\n  \"startTime\": \"2022-03-21T05:21:35.5033333Z\"\n }"
    headers:
      cache-control:
      - no-cache
      content-length:
      - '126'
      content-type:
      - application/json
      date:
      - Mon, 21 Mar 2022 05:24:05 GMT
      expires:
      - '-1'
      pragma:
      - no-cache
      server:
      - nginx
      strict-transport-security:
      - max-age=31536000; includeSubDomains
      transfer-encoding:
      - chunked
      vary:
      - Accept-Encoding
      x-content-type-options:
      - nosniff
    status:
      code: 200
      message: OK
- request:
    body: null
    headers:
      Accept:
      - '*/*'
      Accept-Encoding:
      - gzip, deflate
      CommandName:
      - aks create
      Connection:
      - keep-alive
      ParameterSetName:
      - --resource-group --name --ssh-key-value
      User-Agent:
      - AZURECLI/2.34.1 azsdk-python-azure-mgmt-containerservice/17.0.0b Python/3.8.10
        (Linux-5.13.0-1017-azure-x86_64-with-glibc2.29)
    method: GET
    uri: https://management.azure.com/subscriptions/00000000-0000-0000-0000-000000000000/providers/Microsoft.ContainerService/locations/westus2/operations/b7fd4e71-49bb-44e3-b5d5-2132e17050fe?api-version=2016-03-30
  response:
    body:
      string: "{\n  \"name\": \"714efdb7-bb49-e344-b5d5-2132e17050fe\",\n  \"status\":
        \"Succeeded\",\n  \"startTime\": \"2022-03-21T05:21:35.5033333Z\",\n  \"endTime\":
        \"2022-03-21T05:24:34.1471105Z\"\n }"
    headers:
      cache-control:
      - no-cache
      content-length:
      - '170'
      content-type:
      - application/json
      date:
      - Mon, 21 Mar 2022 05:24:35 GMT
      expires:
      - '-1'
      pragma:
      - no-cache
      server:
      - nginx
      strict-transport-security:
      - max-age=31536000; includeSubDomains
      transfer-encoding:
      - chunked
      vary:
      - Accept-Encoding
      x-content-type-options:
      - nosniff
    status:
      code: 200
      message: OK
- request:
    body: null
    headers:
      Accept:
      - '*/*'
      Accept-Encoding:
      - gzip, deflate
      CommandName:
      - aks create
      Connection:
      - keep-alive
      ParameterSetName:
      - --resource-group --name --ssh-key-value
      User-Agent:
      - AZURECLI/2.34.1 azsdk-python-azure-mgmt-containerservice/17.0.0b Python/3.8.10
        (Linux-5.13.0-1017-azure-x86_64-with-glibc2.29)
    method: GET
    uri: https://management.azure.com/subscriptions/00000000-0000-0000-0000-000000000000/resourceGroups/clitest000001/providers/Microsoft.ContainerService/managedClusters/cliakstest000002?api-version=2022-02-02-preview
  response:
    body:
      string: "{\n  \"id\": \"/subscriptions/00000000-0000-0000-0000-000000000000/resourcegroups/clitest000001/providers/Microsoft.ContainerService/managedClusters/cliakstest000002\",\n
        \ \"location\": \"westus2\",\n  \"name\": \"cliakstest000002\",\n  \"type\":
        \"Microsoft.ContainerService/ManagedClusters\",\n  \"properties\": {\n   \"provisioningState\":
        \"Succeeded\",\n   \"powerState\": {\n    \"code\": \"Running\"\n   },\n   \"kubernetesVersion\":
        \"1.21.9\",\n   \"currentKubernetesVersion\": \"1.21.9\",\n   \"dnsPrefix\":
        \"cliakstest-clitestuipg4qewc-8ecadf\",\n   \"fqdn\": \"cliakstest-clitestuipg4qewc-8ecadf-b7d4ba09.hcp.westus2.azmk8s.io\",\n
        \  \"azurePortalFQDN\": \"cliakstest-clitestuipg4qewc-8ecadf-b7d4ba09.portal.hcp.westus2.azmk8s.io\",\n
        \  \"agentPoolProfiles\": [\n    {\n     \"name\": \"nodepool1\",\n     \"count\":
        3,\n     \"vmSize\": \"Standard_DS2_v2\",\n     \"osDiskSizeGB\": 128,\n     \"osDiskType\":
        \"Managed\",\n     \"kubeletDiskType\": \"OS\",\n     \"workloadRuntime\":
        \"OCIContainer\",\n     \"maxPods\": 110,\n     \"type\": \"VirtualMachineScaleSets\",\n
        \    \"enableAutoScaling\": false,\n     \"provisioningState\": \"Succeeded\",\n
        \    \"powerState\": {\n      \"code\": \"Running\"\n     },\n     \"orchestratorVersion\":
        \"1.21.9\",\n     \"enableNodePublicIP\": false,\n     \"mode\": \"System\",\n
        \    \"enableEncryptionAtHost\": false,\n     \"enableUltraSSD\": false,\n
        \    \"osType\": \"Linux\",\n     \"osSKU\": \"Ubuntu\",\n     \"nodeImageVersion\":
        \"AKSUbuntu-1804gen2containerd-2022.03.02\",\n     \"enableFIPS\": false\n
        \   }\n   ],\n   \"linuxProfile\": {\n    \"adminUsername\": \"azureuser\",\n
        \   \"ssh\": {\n     \"publicKeys\": [\n      {\n       \"keyData\": \"ssh-rsa
        AAAAB3NzaC1yc2EAAAADAQABAAABAQCumQ7QuaQdPndgxn9hQULXqCXVDEmxKAKAKqkLYTy/yXSHURHnIap9+bhoGn9qwtBL9Ue2NNWSgNO/Qig3evn4cGgK5cDl+Q6NKKlEmyObga4JWBFrFKYu/apHCkPqQZClsX98qvcmDVOfoKpCp2KhaEPdA6uQPZRSpDYSlnAUUm0uOc/JL+9ka7lIpw9JNEuts+oVdeUjbB7nSLvjJx65I8XrhRJHszl2CyQg24t/sP1iCkiQLajnMIM6qfifdltiQJ3HZ6BL3SY69jG5prXBb3kINq+mcZwIe/N/OUeJRznRHr38wVKbzZuaPosWDSceMscoNIUB8bgOiqmVc1mz
        azcli_aks_live_test@example.com\\n\"\n      }\n     ]\n    }\n   },\n   \"servicePrincipalProfile\":
        {\n    \"clientId\":\"00000000-0000-0000-0000-000000000001\"\n   },\n   \"nodeResourceGroup\":
        \"MC_clitest000001_cliakstest000002_westus2\",\n   \"enableRBAC\": true,\n
        \  \"enablePodSecurityPolicy\": false,\n   \"networkProfile\": {\n    \"networkPlugin\":
        \"kubenet\",\n    \"loadBalancerSku\": \"Standard\",\n    \"loadBalancerProfile\":
        {\n     \"managedOutboundIPs\": {\n      \"count\": 1\n     },\n     \"effectiveOutboundIPs\":
        [\n      {\n       \"id\": \"/subscriptions/00000000-0000-0000-0000-000000000000/resourceGroups/MC_clitest000001_cliakstest000002_westus2/providers/Microsoft.Network/publicIPAddresses/68ad59dc-cf7d-45d5-8f86-3b211c7576e4\"\n
        \     }\n     ]\n    },\n    \"podCidr\": \"10.244.0.0/16\",\n    \"serviceCidr\":
        \"10.0.0.0/16\",\n    \"dnsServiceIP\": \"10.0.0.10\",\n    \"dockerBridgeCidr\":
        \"172.17.0.1/16\",\n    \"outboundType\": \"loadBalancer\",\n    \"podCidrs\":
        [\n     \"10.244.0.0/16\"\n    ],\n    \"serviceCidrs\": [\n     \"10.0.0.0/16\"\n
        \   ],\n    \"ipFamilies\": [\n     \"IPv4\"\n    ]\n   },\n   \"maxAgentPools\":
        100,\n   \"identityProfile\": {\n    \"kubeletidentity\": {\n     \"resourceId\":
        \"/subscriptions/00000000-0000-0000-0000-000000000000/resourcegroups/MC_clitest000001_cliakstest000002_westus2/providers/Microsoft.ManagedIdentity/userAssignedIdentities/cliakstest000002-agentpool\",\n
        \    \"clientId\":\"00000000-0000-0000-0000-000000000001\",\n     \"objectId\":\"00000000-0000-0000-0000-000000000001\"\n
        \   }\n   },\n   \"disableLocalAccounts\": false,\n   \"oidcIssuerProfile\":
        {\n    \"enabled\": false\n   }\n  },\n  \"identity\": {\n   \"type\": \"SystemAssigned\",\n
        \  \"principalId\":\"00000000-0000-0000-0000-000000000001\",\n   \"tenantId\":
        \"72f988bf-86f1-41af-91ab-2d7cd011db47\"\n  },\n  \"sku\": {\n   \"name\":
        \"Basic\",\n   \"tier\": \"Free\"\n  }\n }"
    headers:
      cache-control:
      - no-cache
      content-length:
      - '3677'
      content-type:
      - application/json
      date:
      - Mon, 21 Mar 2022 05:24:35 GMT
      expires:
      - '-1'
      pragma:
      - no-cache
      server:
      - nginx
      strict-transport-security:
      - max-age=31536000; includeSubDomains
      transfer-encoding:
      - chunked
      vary:
      - Accept-Encoding
      x-content-type-options:
      - nosniff
    status:
      code: 200
      message: OK
- request:
    body: null
    headers:
      Accept:
      - application/json
      Accept-Encoding:
      - gzip, deflate
      CommandName:
      - aks stop
      Connection:
      - keep-alive
      Content-Length:
      - '0'
      ParameterSetName:
      - --resource-group --name
      User-Agent:
      - AZURECLI/2.34.1 azsdk-python-azure-mgmt-containerservice/17.0.0b Python/3.8.10
        (Linux-5.13.0-1017-azure-x86_64-with-glibc2.29)
    method: POST
    uri: https://management.azure.com/subscriptions/00000000-0000-0000-0000-000000000000/resourceGroups/clitest000001/providers/Microsoft.ContainerService/managedClusters/cliakstest000002/stop?api-version=2022-02-02-preview
  response:
    body:
      string: ''
    headers:
      azure-asyncoperation:
      - https://management.azure.com/subscriptions/00000000-0000-0000-0000-000000000000/providers/Microsoft.ContainerService/locations/westus2/operations/ea787c1e-3d5b-401d-b8c4-276d0d495b6f?api-version=2016-03-30
      cache-control:
      - no-cache
      content-length:
      - '0'
      date:
      - Mon, 21 Mar 2022 05:24:36 GMT
      expires:
      - '-1'
      location:
      - https://management.azure.com/subscriptions/00000000-0000-0000-0000-000000000000/providers/Microsoft.ContainerService/locations/westus2/operationresults/ea787c1e-3d5b-401d-b8c4-276d0d495b6f?api-version=2016-03-30
      pragma:
      - no-cache
      server:
      - nginx
      strict-transport-security:
      - max-age=31536000; includeSubDomains
      x-content-type-options:
      - nosniff
      x-ms-ratelimit-remaining-subscription-writes:
      - '1199'
    status:
      code: 202
      message: Accepted
- request:
    body: null
    headers:
      Accept:
      - '*/*'
      Accept-Encoding:
      - gzip, deflate
      CommandName:
      - aks stop
      Connection:
      - keep-alive
      ParameterSetName:
      - --resource-group --name
      User-Agent:
      - AZURECLI/2.34.1 azsdk-python-azure-mgmt-containerservice/17.0.0b Python/3.8.10
        (Linux-5.13.0-1017-azure-x86_64-with-glibc2.29)
    method: GET
    uri: https://management.azure.com/subscriptions/00000000-0000-0000-0000-000000000000/providers/Microsoft.ContainerService/locations/westus2/operations/ea787c1e-3d5b-401d-b8c4-276d0d495b6f?api-version=2016-03-30
  response:
    body:
      string: "{\n  \"name\": \"1e7c78ea-5b3d-1d40-b8c4-276d0d495b6f\",\n  \"status\":
        \"InProgress\",\n  \"startTime\": \"2022-03-21T05:24:36.73Z\"\n }"
    headers:
      cache-control:
      - no-cache
      content-length:
      - '121'
      content-type:
      - application/json
      date:
      - Mon, 21 Mar 2022 05:25:06 GMT
      expires:
      - '-1'
      pragma:
      - no-cache
      server:
      - nginx
      strict-transport-security:
      - max-age=31536000; includeSubDomains
      transfer-encoding:
      - chunked
      vary:
      - Accept-Encoding
      x-content-type-options:
      - nosniff
    status:
      code: 200
      message: OK
- request:
    body: null
    headers:
      Accept:
      - '*/*'
      Accept-Encoding:
      - gzip, deflate
      CommandName:
      - aks stop
      Connection:
      - keep-alive
      ParameterSetName:
      - --resource-group --name
      User-Agent:
      - AZURECLI/2.34.1 azsdk-python-azure-mgmt-containerservice/17.0.0b Python/3.8.10
        (Linux-5.13.0-1017-azure-x86_64-with-glibc2.29)
    method: GET
    uri: https://management.azure.com/subscriptions/00000000-0000-0000-0000-000000000000/providers/Microsoft.ContainerService/locations/westus2/operations/ea787c1e-3d5b-401d-b8c4-276d0d495b6f?api-version=2016-03-30
  response:
    body:
      string: "{\n  \"name\": \"1e7c78ea-5b3d-1d40-b8c4-276d0d495b6f\",\n  \"status\":
        \"InProgress\",\n  \"startTime\": \"2022-03-21T05:24:36.73Z\"\n }"
    headers:
      cache-control:
      - no-cache
      content-length:
      - '121'
      content-type:
      - application/json
      date:
      - Mon, 21 Mar 2022 05:25:36 GMT
      expires:
      - '-1'
      pragma:
      - no-cache
      server:
      - nginx
      strict-transport-security:
      - max-age=31536000; includeSubDomains
      transfer-encoding:
      - chunked
      vary:
      - Accept-Encoding
      x-content-type-options:
      - nosniff
    status:
      code: 200
      message: OK
- request:
    body: null
    headers:
      Accept:
      - '*/*'
      Accept-Encoding:
      - gzip, deflate
      CommandName:
      - aks stop
      Connection:
      - keep-alive
      ParameterSetName:
      - --resource-group --name
      User-Agent:
      - AZURECLI/2.34.1 azsdk-python-azure-mgmt-containerservice/17.0.0b Python/3.8.10
        (Linux-5.13.0-1017-azure-x86_64-with-glibc2.29)
    method: GET
    uri: https://management.azure.com/subscriptions/00000000-0000-0000-0000-000000000000/providers/Microsoft.ContainerService/locations/westus2/operations/ea787c1e-3d5b-401d-b8c4-276d0d495b6f?api-version=2016-03-30
  response:
    body:
      string: "{\n  \"name\": \"1e7c78ea-5b3d-1d40-b8c4-276d0d495b6f\",\n  \"status\":
        \"InProgress\",\n  \"startTime\": \"2022-03-21T05:24:36.73Z\"\n }"
    headers:
      cache-control:
      - no-cache
      content-length:
      - '121'
      content-type:
      - application/json
      date:
      - Mon, 21 Mar 2022 05:26:07 GMT
      expires:
      - '-1'
      pragma:
      - no-cache
      server:
      - nginx
      strict-transport-security:
      - max-age=31536000; includeSubDomains
      transfer-encoding:
      - chunked
      vary:
      - Accept-Encoding
      x-content-type-options:
      - nosniff
    status:
      code: 200
      message: OK
- request:
    body: null
    headers:
      Accept:
      - '*/*'
      Accept-Encoding:
      - gzip, deflate
      CommandName:
      - aks stop
      Connection:
      - keep-alive
      ParameterSetName:
      - --resource-group --name
      User-Agent:
      - AZURECLI/2.34.1 azsdk-python-azure-mgmt-containerservice/17.0.0b Python/3.8.10
        (Linux-5.13.0-1017-azure-x86_64-with-glibc2.29)
    method: GET
    uri: https://management.azure.com/subscriptions/00000000-0000-0000-0000-000000000000/providers/Microsoft.ContainerService/locations/westus2/operations/ea787c1e-3d5b-401d-b8c4-276d0d495b6f?api-version=2016-03-30
  response:
    body:
      string: "{\n  \"name\": \"1e7c78ea-5b3d-1d40-b8c4-276d0d495b6f\",\n  \"status\":
        \"InProgress\",\n  \"startTime\": \"2022-03-21T05:24:36.73Z\"\n }"
    headers:
      cache-control:
      - no-cache
      content-length:
      - '121'
      content-type:
      - application/json
      date:
      - Mon, 21 Mar 2022 05:26:36 GMT
      expires:
      - '-1'
      pragma:
      - no-cache
      server:
      - nginx
      strict-transport-security:
      - max-age=31536000; includeSubDomains
      transfer-encoding:
      - chunked
      vary:
      - Accept-Encoding
      x-content-type-options:
      - nosniff
    status:
      code: 200
      message: OK
- request:
    body: null
    headers:
      Accept:
      - '*/*'
      Accept-Encoding:
      - gzip, deflate
      CommandName:
      - aks stop
      Connection:
      - keep-alive
      ParameterSetName:
      - --resource-group --name
      User-Agent:
      - AZURECLI/2.34.1 azsdk-python-azure-mgmt-containerservice/17.0.0b Python/3.8.10
        (Linux-5.13.0-1017-azure-x86_64-with-glibc2.29)
    method: GET
    uri: https://management.azure.com/subscriptions/00000000-0000-0000-0000-000000000000/providers/Microsoft.ContainerService/locations/westus2/operations/ea787c1e-3d5b-401d-b8c4-276d0d495b6f?api-version=2016-03-30
  response:
    body:
      string: "{\n  \"name\": \"1e7c78ea-5b3d-1d40-b8c4-276d0d495b6f\",\n  \"status\":
        \"InProgress\",\n  \"startTime\": \"2022-03-21T05:24:36.73Z\"\n }"
    headers:
      cache-control:
      - no-cache
      content-length:
      - '121'
      content-type:
      - application/json
      date:
      - Mon, 21 Mar 2022 05:27:06 GMT
      expires:
      - '-1'
      pragma:
      - no-cache
      server:
      - nginx
      strict-transport-security:
      - max-age=31536000; includeSubDomains
      transfer-encoding:
      - chunked
      vary:
      - Accept-Encoding
      x-content-type-options:
      - nosniff
    status:
      code: 200
      message: OK
- request:
    body: null
    headers:
      Accept:
      - '*/*'
      Accept-Encoding:
      - gzip, deflate
      CommandName:
      - aks stop
      Connection:
      - keep-alive
      ParameterSetName:
      - --resource-group --name
      User-Agent:
      - AZURECLI/2.34.1 azsdk-python-azure-mgmt-containerservice/17.0.0b Python/3.8.10
        (Linux-5.13.0-1017-azure-x86_64-with-glibc2.29)
    method: GET
    uri: https://management.azure.com/subscriptions/00000000-0000-0000-0000-000000000000/providers/Microsoft.ContainerService/locations/westus2/operations/ea787c1e-3d5b-401d-b8c4-276d0d495b6f?api-version=2016-03-30
  response:
    body:
      string: "{\n  \"name\": \"1e7c78ea-5b3d-1d40-b8c4-276d0d495b6f\",\n  \"status\":
        \"InProgress\",\n  \"startTime\": \"2022-03-21T05:24:36.73Z\"\n }"
    headers:
      cache-control:
      - no-cache
      content-length:
      - '121'
      content-type:
      - application/json
      date:
      - Mon, 21 Mar 2022 05:27:36 GMT
      expires:
      - '-1'
      pragma:
      - no-cache
      server:
      - nginx
      strict-transport-security:
      - max-age=31536000; includeSubDomains
      transfer-encoding:
      - chunked
      vary:
      - Accept-Encoding
      x-content-type-options:
      - nosniff
    status:
      code: 200
      message: OK
- request:
    body: null
    headers:
      Accept:
      - '*/*'
      Accept-Encoding:
      - gzip, deflate
      CommandName:
      - aks stop
      Connection:
      - keep-alive
      ParameterSetName:
      - --resource-group --name
      User-Agent:
      - AZURECLI/2.34.1 azsdk-python-azure-mgmt-containerservice/17.0.0b Python/3.8.10
        (Linux-5.13.0-1017-azure-x86_64-with-glibc2.29)
    method: GET
    uri: https://management.azure.com/subscriptions/00000000-0000-0000-0000-000000000000/providers/Microsoft.ContainerService/locations/westus2/operations/ea787c1e-3d5b-401d-b8c4-276d0d495b6f?api-version=2016-03-30
  response:
    body:
      string: "{\n  \"name\": \"1e7c78ea-5b3d-1d40-b8c4-276d0d495b6f\",\n  \"status\":
        \"InProgress\",\n  \"startTime\": \"2022-03-21T05:24:36.73Z\"\n }"
    headers:
      cache-control:
      - no-cache
      content-length:
      - '121'
      content-type:
      - application/json
      date:
      - Mon, 21 Mar 2022 05:28:06 GMT
      expires:
      - '-1'
      pragma:
      - no-cache
      server:
      - nginx
      strict-transport-security:
      - max-age=31536000; includeSubDomains
      transfer-encoding:
      - chunked
      vary:
      - Accept-Encoding
      x-content-type-options:
      - nosniff
    status:
      code: 200
      message: OK
- request:
    body: null
    headers:
      Accept:
      - '*/*'
      Accept-Encoding:
      - gzip, deflate
      CommandName:
      - aks stop
      Connection:
      - keep-alive
      ParameterSetName:
      - --resource-group --name
      User-Agent:
      - AZURECLI/2.34.1 azsdk-python-azure-mgmt-containerservice/17.0.0b Python/3.8.10
        (Linux-5.13.0-1017-azure-x86_64-with-glibc2.29)
    method: GET
    uri: https://management.azure.com/subscriptions/00000000-0000-0000-0000-000000000000/providers/Microsoft.ContainerService/locations/westus2/operations/ea787c1e-3d5b-401d-b8c4-276d0d495b6f?api-version=2016-03-30
  response:
    body:
      string: "{\n  \"name\": \"1e7c78ea-5b3d-1d40-b8c4-276d0d495b6f\",\n  \"status\":
        \"Succeeded\",\n  \"startTime\": \"2022-03-21T05:24:36.73Z\",\n  \"endTime\":
        \"2022-03-21T05:28:34.3565141Z\"\n }"
    headers:
      cache-control:
      - no-cache
      content-length:
      - '165'
      content-type:
      - application/json
      date:
      - Mon, 21 Mar 2022 05:28:36 GMT
      expires:
      - '-1'
      pragma:
      - no-cache
      server:
      - nginx
      strict-transport-security:
      - max-age=31536000; includeSubDomains
      transfer-encoding:
      - chunked
      vary:
      - Accept-Encoding
      x-content-type-options:
      - nosniff
    status:
      code: 200
      message: OK
- request:
    body: null
    headers:
      Accept:
      - '*/*'
      Accept-Encoding:
      - gzip, deflate
      CommandName:
      - aks stop
      Connection:
      - keep-alive
      ParameterSetName:
      - --resource-group --name
      User-Agent:
      - AZURECLI/2.34.1 azsdk-python-azure-mgmt-containerservice/17.0.0b Python/3.8.10
        (Linux-5.13.0-1017-azure-x86_64-with-glibc2.29)
    method: GET
    uri: https://management.azure.com/subscriptions/00000000-0000-0000-0000-000000000000/providers/Microsoft.ContainerService/locations/westus2/operationresults/ea787c1e-3d5b-401d-b8c4-276d0d495b6f?api-version=2016-03-30
  response:
    body:
      string: ''
    headers:
      cache-control:
      - no-cache
      content-type:
      - application/json
      date:
      - Mon, 21 Mar 2022 05:28:36 GMT
      expires:
      - '-1'
      location:
      - https://management.azure.com/subscriptions/00000000-0000-0000-0000-000000000000/providers/Microsoft.ContainerService/locations/westus2/operationresults/ea787c1e-3d5b-401d-b8c4-276d0d495b6f?api-version=2016-03-30
      pragma:
      - no-cache
      server:
      - nginx
      strict-transport-security:
      - max-age=31536000; includeSubDomains
      x-content-type-options:
      - nosniff
    status:
      code: 204
      message: No Content
- request:
    body: null
    headers:
      Accept:
      - application/json
      Accept-Encoding:
      - gzip, deflate
      CommandName:
      - aks start
      Connection:
      - keep-alive
      Content-Length:
      - '0'
      ParameterSetName:
      - --resource-group --name
      User-Agent:
      - AZURECLI/2.34.1 azsdk-python-azure-mgmt-containerservice/17.0.0b Python/3.8.10
        (Linux-5.13.0-1017-azure-x86_64-with-glibc2.29)
    method: POST
    uri: https://management.azure.com/subscriptions/00000000-0000-0000-0000-000000000000/resourceGroups/clitest000001/providers/Microsoft.ContainerService/managedClusters/cliakstest000002/start?api-version=2022-02-02-preview
  response:
    body:
      string: ''
    headers:
      azure-asyncoperation:
      - https://management.azure.com/subscriptions/00000000-0000-0000-0000-000000000000/providers/Microsoft.ContainerService/locations/westus2/operations/7987e50b-35d3-4281-98a4-fa868a7dae5a?api-version=2016-03-30
      cache-control:
      - no-cache
      content-length:
      - '0'
      date:
      - Mon, 21 Mar 2022 05:28:37 GMT
      expires:
      - '-1'
      location:
      - https://management.azure.com/subscriptions/00000000-0000-0000-0000-000000000000/providers/Microsoft.ContainerService/locations/westus2/operationresults/7987e50b-35d3-4281-98a4-fa868a7dae5a?api-version=2016-03-30
      pragma:
      - no-cache
      server:
      - nginx
      strict-transport-security:
      - max-age=31536000; includeSubDomains
      x-content-type-options:
      - nosniff
      x-ms-ratelimit-remaining-subscription-writes:
      - '1199'
    status:
      code: 202
      message: Accepted
- request:
    body: null
    headers:
      Accept:
      - '*/*'
      Accept-Encoding:
      - gzip, deflate
      CommandName:
      - aks start
      Connection:
      - keep-alive
      ParameterSetName:
      - --resource-group --name
      User-Agent:
      - AZURECLI/2.34.1 azsdk-python-azure-mgmt-containerservice/17.0.0b Python/3.8.10
        (Linux-5.13.0-1017-azure-x86_64-with-glibc2.29)
    method: GET
    uri: https://management.azure.com/subscriptions/00000000-0000-0000-0000-000000000000/providers/Microsoft.ContainerService/locations/westus2/operations/7987e50b-35d3-4281-98a4-fa868a7dae5a?api-version=2016-03-30
  response:
    body:
      string: "{\n  \"name\": \"0be58779-d335-8142-98a4-fa868a7dae5a\",\n  \"status\":
        \"InProgress\",\n  \"startTime\": \"2022-03-21T05:28:38.0333333Z\"\n }"
    headers:
      cache-control:
      - no-cache
      content-length:
      - '126'
      content-type:
      - application/json
      date:
      - Mon, 21 Mar 2022 05:29:07 GMT
      expires:
      - '-1'
      pragma:
      - no-cache
      server:
      - nginx
      strict-transport-security:
      - max-age=31536000; includeSubDomains
      transfer-encoding:
      - chunked
      vary:
      - Accept-Encoding
      x-content-type-options:
      - nosniff
    status:
      code: 200
      message: OK
- request:
    body: null
    headers:
      Accept:
      - '*/*'
      Accept-Encoding:
      - gzip, deflate
      CommandName:
      - aks start
      Connection:
      - keep-alive
      ParameterSetName:
      - --resource-group --name
      User-Agent:
      - AZURECLI/2.34.1 azsdk-python-azure-mgmt-containerservice/17.0.0b Python/3.8.10
        (Linux-5.13.0-1017-azure-x86_64-with-glibc2.29)
    method: GET
    uri: https://management.azure.com/subscriptions/00000000-0000-0000-0000-000000000000/providers/Microsoft.ContainerService/locations/westus2/operations/7987e50b-35d3-4281-98a4-fa868a7dae5a?api-version=2016-03-30
  response:
    body:
      string: "{\n  \"name\": \"0be58779-d335-8142-98a4-fa868a7dae5a\",\n  \"status\":
        \"InProgress\",\n  \"startTime\": \"2022-03-21T05:28:38.0333333Z\"\n }"
    headers:
      cache-control:
      - no-cache
      content-length:
      - '126'
      content-type:
      - application/json
      date:
      - Mon, 21 Mar 2022 05:29:38 GMT
      expires:
      - '-1'
      pragma:
      - no-cache
      server:
      - nginx
      strict-transport-security:
      - max-age=31536000; includeSubDomains
      transfer-encoding:
      - chunked
      vary:
      - Accept-Encoding
      x-content-type-options:
      - nosniff
    status:
      code: 200
      message: OK
- request:
    body: null
    headers:
      Accept:
      - '*/*'
      Accept-Encoding:
      - gzip, deflate
      CommandName:
      - aks start
      Connection:
      - keep-alive
      ParameterSetName:
      - --resource-group --name
      User-Agent:
      - AZURECLI/2.34.1 azsdk-python-azure-mgmt-containerservice/17.0.0b Python/3.8.10
        (Linux-5.13.0-1017-azure-x86_64-with-glibc2.29)
    method: GET
    uri: https://management.azure.com/subscriptions/00000000-0000-0000-0000-000000000000/providers/Microsoft.ContainerService/locations/westus2/operations/7987e50b-35d3-4281-98a4-fa868a7dae5a?api-version=2016-03-30
  response:
    body:
      string: "{\n  \"name\": \"0be58779-d335-8142-98a4-fa868a7dae5a\",\n  \"status\":
        \"InProgress\",\n  \"startTime\": \"2022-03-21T05:28:38.0333333Z\"\n }"
    headers:
      cache-control:
      - no-cache
      content-length:
      - '126'
      content-type:
      - application/json
      date:
      - Mon, 21 Mar 2022 05:30:07 GMT
      expires:
      - '-1'
      pragma:
      - no-cache
      server:
      - nginx
      strict-transport-security:
      - max-age=31536000; includeSubDomains
      transfer-encoding:
      - chunked
      vary:
      - Accept-Encoding
      x-content-type-options:
      - nosniff
    status:
      code: 200
      message: OK
- request:
    body: null
    headers:
      Accept:
      - '*/*'
      Accept-Encoding:
      - gzip, deflate
      CommandName:
      - aks start
      Connection:
      - keep-alive
      ParameterSetName:
      - --resource-group --name
      User-Agent:
      - AZURECLI/2.34.1 azsdk-python-azure-mgmt-containerservice/17.0.0b Python/3.8.10
        (Linux-5.13.0-1017-azure-x86_64-with-glibc2.29)
    method: GET
    uri: https://management.azure.com/subscriptions/00000000-0000-0000-0000-000000000000/providers/Microsoft.ContainerService/locations/westus2/operations/7987e50b-35d3-4281-98a4-fa868a7dae5a?api-version=2016-03-30
  response:
    body:
      string: "{\n  \"name\": \"0be58779-d335-8142-98a4-fa868a7dae5a\",\n  \"status\":
        \"InProgress\",\n  \"startTime\": \"2022-03-21T05:28:38.0333333Z\"\n }"
    headers:
      cache-control:
      - no-cache
      content-length:
      - '126'
      content-type:
      - application/json
      date:
      - Mon, 21 Mar 2022 05:30:37 GMT
      expires:
      - '-1'
      pragma:
      - no-cache
      server:
      - nginx
      strict-transport-security:
      - max-age=31536000; includeSubDomains
      transfer-encoding:
      - chunked
      vary:
      - Accept-Encoding
      x-content-type-options:
      - nosniff
    status:
      code: 200
      message: OK
- request:
    body: null
    headers:
      Accept:
      - '*/*'
      Accept-Encoding:
      - gzip, deflate
      CommandName:
      - aks start
      Connection:
      - keep-alive
      ParameterSetName:
      - --resource-group --name
      User-Agent:
      - AZURECLI/2.34.1 azsdk-python-azure-mgmt-containerservice/17.0.0b Python/3.8.10
        (Linux-5.13.0-1017-azure-x86_64-with-glibc2.29)
    method: GET
    uri: https://management.azure.com/subscriptions/00000000-0000-0000-0000-000000000000/providers/Microsoft.ContainerService/locations/westus2/operations/7987e50b-35d3-4281-98a4-fa868a7dae5a?api-version=2016-03-30
  response:
    body:
      string: "{\n  \"name\": \"0be58779-d335-8142-98a4-fa868a7dae5a\",\n  \"status\":
        \"InProgress\",\n  \"startTime\": \"2022-03-21T05:28:38.0333333Z\"\n }"
    headers:
      cache-control:
      - no-cache
      content-length:
      - '126'
      content-type:
      - application/json
      date:
      - Mon, 21 Mar 2022 05:31:08 GMT
      expires:
      - '-1'
      pragma:
      - no-cache
      server:
      - nginx
      strict-transport-security:
      - max-age=31536000; includeSubDomains
      transfer-encoding:
      - chunked
      vary:
      - Accept-Encoding
      x-content-type-options:
      - nosniff
    status:
      code: 200
      message: OK
- request:
    body: null
    headers:
      Accept:
      - '*/*'
      Accept-Encoding:
      - gzip, deflate
      CommandName:
      - aks start
      Connection:
      - keep-alive
      ParameterSetName:
      - --resource-group --name
      User-Agent:
      - AZURECLI/2.34.1 azsdk-python-azure-mgmt-containerservice/17.0.0b Python/3.8.10
        (Linux-5.13.0-1017-azure-x86_64-with-glibc2.29)
    method: GET
    uri: https://management.azure.com/subscriptions/00000000-0000-0000-0000-000000000000/providers/Microsoft.ContainerService/locations/westus2/operations/7987e50b-35d3-4281-98a4-fa868a7dae5a?api-version=2016-03-30
  response:
    body:
      string: "{\n  \"name\": \"0be58779-d335-8142-98a4-fa868a7dae5a\",\n  \"status\":
        \"Succeeded\",\n  \"startTime\": \"2022-03-21T05:28:38.0333333Z\",\n  \"endTime\":
        \"2022-03-21T05:31:25.5474674Z\"\n }"
    headers:
      cache-control:
      - no-cache
      content-length:
      - '170'
      content-type:
      - application/json
      date:
      - Mon, 21 Mar 2022 05:31:38 GMT
      expires:
      - '-1'
      pragma:
      - no-cache
      server:
      - nginx
      strict-transport-security:
      - max-age=31536000; includeSubDomains
      transfer-encoding:
      - chunked
      vary:
      - Accept-Encoding
      x-content-type-options:
      - nosniff
    status:
      code: 200
      message: OK
- request:
    body: null
    headers:
      Accept:
      - '*/*'
      Accept-Encoding:
      - gzip, deflate
      CommandName:
      - aks start
      Connection:
      - keep-alive
      ParameterSetName:
      - --resource-group --name
      User-Agent:
      - AZURECLI/2.34.1 azsdk-python-azure-mgmt-containerservice/17.0.0b Python/3.8.10
        (Linux-5.13.0-1017-azure-x86_64-with-glibc2.29)
    method: GET
    uri: https://management.azure.com/subscriptions/00000000-0000-0000-0000-000000000000/providers/Microsoft.ContainerService/locations/westus2/operationresults/7987e50b-35d3-4281-98a4-fa868a7dae5a?api-version=2016-03-30
  response:
    body:
      string: ''
    headers:
      cache-control:
      - no-cache
      content-type:
      - application/json
      date:
      - Mon, 21 Mar 2022 05:31:38 GMT
      expires:
      - '-1'
      location:
      - https://management.azure.com/subscriptions/00000000-0000-0000-0000-000000000000/providers/Microsoft.ContainerService/locations/westus2/operationresults/7987e50b-35d3-4281-98a4-fa868a7dae5a?api-version=2016-03-30
      pragma:
      - no-cache
      server:
      - nginx
      strict-transport-security:
      - max-age=31536000; includeSubDomains
      x-content-type-options:
      - nosniff
    status:
      code: 204
      message: No Content
version: 1
