interactions:
- request:
    body: null
    headers:
      Accept:
      - application/json
      Accept-Encoding:
      - gzip, deflate
      CommandName:
      - aks create
      Connection:
      - keep-alive
      ParameterSetName:
      - --resource-group --name --location --enable-managed-identity --enable-addons
        --node-count --ssh-key-value
      User-Agent:
      - AZURECLI/2.28.0 (DOCKER) azsdk-python-azure-mgmt-resource/19.0.0 Python/3.9.6
        (Linux-5.4.0-1055-azure-x86_64-with)
    method: GET
    uri: https://management.azure.com/subscriptions/00000000-0000-0000-0000-000000000000/resourcegroups/clitest000001?api-version=2021-04-01
  response:
    body:
      string: '{"id":"/subscriptions/00000000-0000-0000-0000-000000000000/resourceGroups/clitest000001","name":"clitest000001","type":"Microsoft.Resources/resourceGroups","location":"westus2","tags":{"product":"azurecli","cause":"automation","date":"2021-09-10T21:37:45Z"},"properties":{"provisioningState":"Succeeded"}}'
    headers:
      cache-control:
      - no-cache
      content-length:
      - '313'
      content-type:
      - application/json; charset=utf-8
      date:
      - Fri, 10 Sep 2021 21:37:47 GMT
      expires:
      - '-1'
      pragma:
      - no-cache
      strict-transport-security:
      - max-age=31536000; includeSubDomains
      vary:
      - Accept-Encoding
      x-content-type-options:
      - nosniff
    status:
      code: 200
      message: OK
- request:
    body: null
    headers:
      Accept:
      - application/json
      Accept-Encoding:
      - gzip, deflate
      CommandName:
      - aks create
      Connection:
      - keep-alive
      ParameterSetName:
      - --resource-group --name --location --enable-managed-identity --enable-addons
        --node-count --ssh-key-value
      User-Agent:
      - AZURECLI/2.28.0 (DOCKER) azsdk-python-azure-mgmt-resource/19.0.0 Python/3.9.6
        (Linux-5.4.0-1055-azure-x86_64-with)
    method: GET
    uri: https://management.azure.com/subscriptions/00000000-0000-0000-0000-000000000000/resourcegroups/clitest000001?api-version=2021-04-01
  response:
    body:
      string: '{"id":"/subscriptions/00000000-0000-0000-0000-000000000000/resourceGroups/clitest000001","name":"clitest000001","type":"Microsoft.Resources/resourceGroups","location":"westus2","tags":{"product":"azurecli","cause":"automation","date":"2021-09-10T21:37:45Z"},"properties":{"provisioningState":"Succeeded"}}'
    headers:
      cache-control:
      - no-cache
      content-length:
      - '313'
      content-type:
      - application/json; charset=utf-8
      date:
      - Fri, 10 Sep 2021 21:37:47 GMT
      expires:
      - '-1'
      pragma:
      - no-cache
      strict-transport-security:
      - max-age=31536000; includeSubDomains
      vary:
      - Accept-Encoding
      x-content-type-options:
      - nosniff
    status:
      code: 200
      message: OK
- request:
    body: null
    headers:
      Accept:
      - application/json
      Accept-Encoding:
      - gzip, deflate
      CommandName:
      - aks create
      Connection:
      - keep-alive
      ParameterSetName:
      - --resource-group --name --location --enable-managed-identity --enable-addons
        --node-count --ssh-key-value
      User-Agent:
      - AZURECLI/2.28.0 (DOCKER) azsdk-python-azure-mgmt-resource/19.0.0 Python/3.9.6
        (Linux-5.4.0-1055-azure-x86_64-with)
    method: HEAD
    uri: https://management.azure.com/subscriptions/00000000-0000-0000-0000-000000000000/resourcegroups/DefaultResourceGroup-WUS2?api-version=2021-04-01
  response:
    body:
      string: ''
    headers:
      cache-control:
      - no-cache
      content-length:
      - '0'
      date:
      - Fri, 10 Sep 2021 21:37:48 GMT
      expires:
      - '-1'
      pragma:
      - no-cache
      strict-transport-security:
      - max-age=31536000; includeSubDomains
      x-content-type-options:
      - nosniff
    status:
      code: 204
      message: No Content
- request:
    body: null
    headers:
      Accept:
      - application/json
      Accept-Encoding:
      - gzip, deflate
      CommandName:
      - aks create
      Connection:
      - keep-alive
      ParameterSetName:
      - --resource-group --name --location --enable-managed-identity --enable-addons
        --node-count --ssh-key-value
      User-Agent:
      - AZURECLI/2.28.0 (DOCKER) azsdk-python-azure-mgmt-resource/19.0.0 Python/3.9.6
        (Linux-5.4.0-1055-azure-x86_64-with)
    method: GET
    uri: https://management.azure.com/subscriptions/00000000-0000-0000-0000-000000000000/resourceGroups/DefaultResourceGroup-WUS2/providers/Microsoft.OperationalInsights/workspaces/DefaultWorkspace-8ecadfc9-d1a3-4ea4-b844-0d9f87e4d7c8-WUS2?api-version=2015-11-01-preview
  response:
    body:
      string: "{\r\n  \"properties\": {\r\n    \"source\": \"Azure\",\r\n    \"customerId\"\
        : \"e897efd7-55de-4860-ac51-7403ccb7e3cf\",\r\n    \"provisioningState\":\
        \ \"Succeeded\",\r\n    \"sku\": {\r\n      \"name\": \"standalone\",\r\n\
        \      \"lastSkuUpdate\": \"Mon, 02 Aug 2021 07:30:13 GMT\"\r\n    },\r\n\
        \    \"retentionInDays\": 30,\r\n    \"features\": {\r\n      \"legacy\":\
        \ 0,\r\n      \"searchVersion\": 1,\r\n      \"enableLogAccessUsingOnlyResourcePermissions\"\
        : true\r\n    },\r\n    \"workspaceCapping\": {\r\n      \"dailyQuotaGb\"\
        : -1.0,\r\n      \"quotaNextResetTime\": \"Fri, 10 Sep 2021 23:00:00 GMT\"\
        ,\r\n      \"dataIngestionStatus\": \"RespectQuota\"\r\n    },\r\n    \"publicNetworkAccessForIngestion\"\
        : \"Enabled\",\r\n    \"publicNetworkAccessForQuery\": \"Enabled\",\r\n  \
        \  \"createdDate\": \"Mon, 02 Aug 2021 07:30:13 GMT\",\r\n    \"modifiedDate\"\
        : \"Fri, 10 Sep 2021 17:29:38 GMT\"\r\n  },\r\n  \"id\": \"/subscriptions/00000000-0000-0000-0000-000000000000/resourcegroups/defaultresourcegroup-wus2/providers/microsoft.operationalinsights/workspaces/defaultworkspace-8ecadfc9-d1a3-4ea4-b844-0d9f87e4d7c8-wus2\"\
        ,\r\n  \"name\": \"DefaultWorkspace-8ecadfc9-d1a3-4ea4-b844-0d9f87e4d7c8-WUS2\"\
        ,\r\n  \"type\": \"Microsoft.OperationalInsights/workspaces\",\r\n  \"location\"\
        : \"westus2\"\r\n}"
    headers:
      cache-control:
      - no-cache
      content-length:
      - '1162'
      content-type:
      - application/json
      date:
      - Fri, 10 Sep 2021 21:37:48 GMT
      pragma:
      - no-cache
      server:
      - Microsoft-IIS/10.0
      - Microsoft-IIS/10.0
      strict-transport-security:
      - max-age=31536000; includeSubDomains
      transfer-encoding:
      - chunked
      vary:
      - Accept-Encoding
      x-content-type-options:
      - nosniff
      x-powered-by:
      - ASP.NET
      - ASP.NET
    status:
      code: 200
      message: OK
- request:
    body: null
    headers:
      Accept:
      - application/json
      Accept-Encoding:
      - gzip, deflate
      CommandName:
      - aks create
      Connection:
      - keep-alive
      ParameterSetName:
      - --resource-group --name --location --enable-managed-identity --enable-addons
        --node-count --ssh-key-value
      User-Agent:
      - AZURECLI/2.28.0 (DOCKER) azsdk-python-azure-mgmt-resource/19.0.0 Python/3.9.6
        (Linux-5.4.0-1055-azure-x86_64-with)
    method: GET
    uri: https://management.azure.com/subscriptions/00000000-0000-0000-0000-000000000000/resourcegroups/defaultresourcegroup-wus2/providers/microsoft.operationalinsights/workspaces/defaultworkspace-8ecadfc9-d1a3-4ea4-b844-0d9f87e4d7c8-wus2?api-version=2015-11-01-preview
  response:
    body:
      string: "{\r\n  \"properties\": {\r\n    \"source\": \"Azure\",\r\n    \"customerId\"\
        : \"e897efd7-55de-4860-ac51-7403ccb7e3cf\",\r\n    \"provisioningState\":\
        \ \"Succeeded\",\r\n    \"sku\": {\r\n      \"name\": \"standalone\",\r\n\
        \      \"lastSkuUpdate\": \"Mon, 02 Aug 2021 07:30:13 GMT\"\r\n    },\r\n\
        \    \"retentionInDays\": 30,\r\n    \"features\": {\r\n      \"legacy\":\
        \ 0,\r\n      \"searchVersion\": 1,\r\n      \"enableLogAccessUsingOnlyResourcePermissions\"\
        : true\r\n    },\r\n    \"workspaceCapping\": {\r\n      \"dailyQuotaGb\"\
        : -1.0,\r\n      \"quotaNextResetTime\": \"Fri, 10 Sep 2021 23:00:00 GMT\"\
        ,\r\n      \"dataIngestionStatus\": \"RespectQuota\"\r\n    },\r\n    \"publicNetworkAccessForIngestion\"\
        : \"Enabled\",\r\n    \"publicNetworkAccessForQuery\": \"Enabled\",\r\n  \
        \  \"createdDate\": \"Mon, 02 Aug 2021 07:30:13 GMT\",\r\n    \"modifiedDate\"\
        : \"Fri, 10 Sep 2021 17:29:38 GMT\"\r\n  },\r\n  \"id\": \"/subscriptions/00000000-0000-0000-0000-000000000000/resourcegroups/defaultresourcegroup-wus2/providers/microsoft.operationalinsights/workspaces/defaultworkspace-8ecadfc9-d1a3-4ea4-b844-0d9f87e4d7c8-wus2\"\
        ,\r\n  \"name\": \"DefaultWorkspace-8ecadfc9-d1a3-4ea4-b844-0d9f87e4d7c8-WUS2\"\
        ,\r\n  \"type\": \"Microsoft.OperationalInsights/workspaces\",\r\n  \"location\"\
        : \"westus2\"\r\n}"
    headers:
      cache-control:
      - no-cache
      content-length:
      - '1162'
      content-type:
      - application/json
      date:
      - Fri, 10 Sep 2021 21:37:48 GMT
      pragma:
      - no-cache
      server:
      - Microsoft-IIS/10.0
      - Microsoft-IIS/10.0
      strict-transport-security:
      - max-age=31536000; includeSubDomains
      transfer-encoding:
      - chunked
      vary:
      - Accept-Encoding
      x-content-type-options:
      - nosniff
      x-powered-by:
      - ASP.NET
      - ASP.NET
    status:
      code: 200
      message: OK
- request:
    body: '{"properties": {"template": {"$schema": "https://schema.management.azure.com/schemas/2015-01-01/deploymentTemplate.json#",
      "contentVersion": "1.0.0.0", "parameters": {"workspaceResourceId": {"type":
      "string", "metadata": {"description": "Azure Monitor Log Analytics Resource
      ID"}}, "workspaceRegion": {"type": "string", "metadata": {"description": "Azure
      Monitor Log Analytics workspace region"}}, "solutionDeploymentName": {"type":
      "string", "metadata": {"description": "Name of the solution deployment"}}},
      "resources": [{"type": "Microsoft.Resources/deployments", "name": "[parameters(''solutionDeploymentName'')]",
      "apiVersion": "2017-05-10", "subscriptionId": "[split(parameters(''workspaceResourceId''),''/'')[2]]",
      "resourceGroup": "[split(parameters(''workspaceResourceId''),''/'')[4]]", "properties":
      {"mode": "Incremental", "template": {"$schema": "https://schema.management.azure.com/schemas/2015-01-01/deploymentTemplate.json#",
      "contentVersion": "1.0.0.0", "parameters": {}, "variables": {}, "resources":
      [{"apiVersion": "2015-11-01-preview", "type": "Microsoft.OperationsManagement/solutions",
      "location": "[parameters(''workspaceRegion'')]", "name": "[Concat(''ContainerInsights'',
      ''('', split(parameters(''workspaceResourceId''),''/'')[8], '')'')]", "properties":
      {"workspaceResourceId": "[parameters(''workspaceResourceId'')]"}, "plan": {"name":
      "[Concat(''ContainerInsights'', ''('', split(parameters(''workspaceResourceId''),''/'')[8],
      '')'')]", "product": "[Concat(''OMSGallery/'', ''ContainerInsights'')]", "promotionCode":
      "", "publisher": "Microsoft"}}]}, "parameters": {}}}]}, "parameters": {"workspaceResourceId":
      {"value": "/subscriptions/00000000-0000-0000-0000-000000000000/resourcegroups/defaultresourcegroup-wus2/providers/microsoft.operationalinsights/workspaces/defaultworkspace-8ecadfc9-d1a3-4ea4-b844-0d9f87e4d7c8-wus2"},
      "workspaceRegion": {"value": "westus2"}, "solutionDeploymentName": {"value":
      "ContainerInsights-1631309869191"}}, "mode": "incremental"}}'
    headers:
      Accept:
      - application/json
      Accept-Encoding:
      - gzip, deflate
      CommandName:
      - aks create
      Connection:
      - keep-alive
      Content-Length:
      - '1956'
      Content-Type:
      - application/json
      ParameterSetName:
      - --resource-group --name --location --enable-managed-identity --enable-addons
        --node-count --ssh-key-value
      User-Agent:
      - AZURECLI/2.28.0 (DOCKER) azsdk-python-azure-mgmt-resource/19.0.0 Python/3.9.6
        (Linux-5.4.0-1055-azure-x86_64-with)
    method: PUT
    uri: https://management.azure.com/subscriptions/00000000-0000-0000-0000-000000000000/resourcegroups/defaultresourcegroup-wus2/providers/Microsoft.Resources/deployments/mock-deployment?api-version=2021-04-01
  response:
    body:
      string: '{"id":"/subscriptions/00000000-0000-0000-0000-000000000000/resourceGroups/defaultresourcegroup-wus2/providers/Microsoft.Resources/deployments/aks-monitoring-1631309869191","name":"aks-monitoring-1631309869191","type":"Microsoft.Resources/deployments","properties":{"templateHash":"7932017758444010137","parameters":{"workspaceResourceId":{"type":"String","value":"/subscriptions/00000000-0000-0000-0000-000000000000/resourcegroups/defaultresourcegroup-wus2/providers/microsoft.operationalinsights/workspaces/defaultworkspace-8ecadfc9-d1a3-4ea4-b844-0d9f87e4d7c8-wus2"},"workspaceRegion":{"type":"String","value":"westus2"},"solutionDeploymentName":{"type":"String","value":"ContainerInsights-1631309869191"}},"mode":"Incremental","provisioningState":"Accepted","timestamp":"2021-09-10T21:37:49.9651538Z","duration":"PT0.480449S","correlationId":"cae5c65e-c136-4302-a69a-577a3b7834ba","providers":[{"namespace":"Microsoft.Resources","resourceTypes":[{"resourceType":"deployments","locations":[null]}]}],"dependencies":[]}}'
    headers:
      azure-asyncoperation:
      - https://management.azure.com/subscriptions/00000000-0000-0000-0000-000000000000/resourcegroups/defaultresourcegroup-wus2/providers/Microsoft.Resources/deployments/aks-monitoring-1631309869191/operationStatuses/08585702970159929134?api-version=2021-04-01
      cache-control:
      - no-cache
      content-length:
      - '1021'
      content-type:
      - application/json; charset=utf-8
      date:
      - Fri, 10 Sep 2021 21:37:50 GMT
      expires:
      - '-1'
      pragma:
      - no-cache
      strict-transport-security:
      - max-age=31536000; includeSubDomains
      x-content-type-options:
      - nosniff
      x-ms-ratelimit-remaining-subscription-writes:
      - '1198'
    status:
      code: 201
      message: Created
- request:
    body: '{"location": "westus2", "identity": {"type": "SystemAssigned"}, "properties":
      {"kubernetesVersion": "", "dnsPrefix": "cliakstest-clitest3bjvq3yec-8ecadf",
      "agentPoolProfiles": [{"count": 1, "vmSize": "Standard_DS2_v2", "osType": "Linux",
      "type": "VirtualMachineScaleSets", "mode": "System", "enableNodePublicIP": false,
      "scaleSetPriority": "Regular", "scaleSetEvictionPolicy": "Delete", "spotMaxPrice":
      -1.0, "enableEncryptionAtHost": false, "enableUltraSSD": false, "enableFIPS":
      false, "name": "nodepool1"}], "linuxProfile": {"adminUsername": "azureuser",
      "ssh": {"publicKeys": [{"keyData": "ssh-rsa AAAAB3NzaC1yc2EAAAADAQABAAACAQCbIg1guRHbI0lV11wWDt1r2cUdcNd27CJsg+SfgC7miZeubtwUhbsPdhMQsfDyhOWHq1+ZL0M+nJZV63d/1dhmhtgyOqejUwrPlzKhydsbrsdUor+JmNJDdW01v7BXHyuymT8G4s09jCasNOwiufbP/qp72ruu0bIA1nySsvlf9pCQAuFkAnVnf/rFhUlOkhtRpwcq8SUNY2zRHR/EKb/4NWY1JzR4sa3q2fWIJdrrX0DvLoa5g9bIEd4Df79ba7v+yiUBOS0zT2ll+z4g9izHK3EO5d8hL4jYxcjKs+wcslSYRWrascfscLgMlMGh0CdKeNTDjHpGPncaf3Z+FwwwjWeuiNBxv7bJo13/8B/098KlVDl4GZqsoBCEjPyJfV6hO0y/LkRGkk7oHWKgeWAfKtfLItRp00eZ4fcJNK9kCaSMmEugoZWcI7NGbZXzqFWqbpRI7NcDP9+WIQ+i9U5vqWsqd/zng4kbuAJ6UuKqIzB0upYrLShfQE3SAck8oaLhJqqq56VfDuASNpJKidV+zq27HfSBmbXnkR/5AK337dc3MXKJypoK/QPMLKUAP5XLPbs+NddJQV7EZXd29DLgp+fRIg3edpKdO7ZErWhv7d+3Kws+e1Y+ypmR2WIVSwVyBEUfgv2C8Ts9gnTF4pNcEY/S2aBicz5Ew2+jdyGNQQ==
      test@example.com\n"}]}}, "addonProfiles": {"omsagent": {"enabled": true, "config":
      {"logAnalyticsWorkspaceResourceID": "/subscriptions/00000000-0000-0000-0000-000000000000/resourcegroups/defaultresourcegroup-wus2/providers/microsoft.operationalinsights/workspaces/defaultworkspace-8ecadfc9-d1a3-4ea4-b844-0d9f87e4d7c8-wus2",
      "useAADAuth": "False"}}}, "enableRBAC": true, "enablePodSecurityPolicy": false,
      "networkProfile": {"networkPlugin": "kubenet", "podCidr": "10.244.0.0/16", "serviceCidr":
      "10.0.0.0/16", "dnsServiceIP": "10.0.0.10", "dockerBridgeCidr": "172.17.0.1/16",
      "outboundType": "loadBalancer", "loadBalancerSku": "standard"}, "disableLocalAccounts":
      false}}'
    headers:
      Accept:
      - application/json
      Accept-Encoding:
      - gzip, deflate
      CommandName:
      - aks create
      Connection:
      - keep-alive
      Content-Length:
      - '1990'
      Content-Type:
      - application/json
      ParameterSetName:
      - --resource-group --name --location --enable-managed-identity --enable-addons
        --node-count --ssh-key-value
      User-Agent:
      - AZURECLI/2.28.0 (DOCKER) azsdk-python-azure-mgmt-containerservice/16.2.0 Python/3.9.6
        (Linux-5.4.0-1055-azure-x86_64-with)
    method: PUT
    uri: https://management.azure.com/subscriptions/00000000-0000-0000-0000-000000000000/resourceGroups/clitest000001/providers/Microsoft.ContainerService/managedClusters/cliakstest000002?api-version=2021-08-01
  response:
    body:
      string: "{\n  \"id\": \"/subscriptions/00000000-0000-0000-0000-000000000000/resourcegroups/clitest000001/providers/Microsoft.ContainerService/managedClusters/cliakstest000002\"\
        ,\n  \"location\": \"westus2\",\n  \"name\": \"cliakstest000002\",\n  \"type\"\
        : \"Microsoft.ContainerService/ManagedClusters\",\n  \"properties\": {\n \
        \  \"provisioningState\": \"Creating\",\n   \"powerState\": {\n    \"code\"\
        : \"Running\"\n   },\n   \"kubernetesVersion\": \"1.20.9\",\n   \"dnsPrefix\"\
        : \"cliakstest-clitest3bjvq3yec-8ecadf\",\n   \"fqdn\": \"cliakstest-clitest3bjvq3yec-8ecadf-db63d2cb.hcp.westus2.azmk8s.io\"\
        ,\n   \"azurePortalFQDN\": \"cliakstest-clitest3bjvq3yec-8ecadf-db63d2cb.portal.hcp.westus2.azmk8s.io\"\
        ,\n   \"agentPoolProfiles\": [\n    {\n     \"name\": \"nodepool1\",\n   \
        \  \"count\": 1,\n     \"vmSize\": \"Standard_DS2_v2\",\n     \"osDiskSizeGB\"\
        : 128,\n     \"osDiskType\": \"Managed\",\n     \"kubeletDiskType\": \"OS\"\
        ,\n     \"maxPods\": 110,\n     \"type\": \"VirtualMachineScaleSets\",\n \
        \    \"provisioningState\": \"Creating\",\n     \"powerState\": {\n      \"\
        code\": \"Running\"\n     },\n     \"orchestratorVersion\": \"1.20.9\",\n\
        \     \"enableNodePublicIP\": false,\n     \"mode\": \"System\",\n     \"\
        enableEncryptionAtHost\": false,\n     \"enableUltraSSD\": false,\n     \"\
        osType\": \"Linux\",\n     \"osSKU\": \"Ubuntu\",\n     \"nodeImageVersion\"\
        : \"AKSUbuntu-1804gen2containerd-2021.08.26\",\n     \"enableFIPS\": false\n\
        \    }\n   ],\n   \"linuxProfile\": {\n    \"adminUsername\": \"azureuser\"\
        ,\n    \"ssh\": {\n     \"publicKeys\": [\n      {\n       \"keyData\": \"\
        ssh-rsa AAAAB3NzaC1yc2EAAAADAQABAAACAQCbIg1guRHbI0lV11wWDt1r2cUdcNd27CJsg+SfgC7miZeubtwUhbsPdhMQsfDyhOWHq1+ZL0M+nJZV63d/1dhmhtgyOqejUwrPlzKhydsbrsdUor+JmNJDdW01v7BXHyuymT8G4s09jCasNOwiufbP/qp72ruu0bIA1nySsvlf9pCQAuFkAnVnf/rFhUlOkhtRpwcq8SUNY2zRHR/EKb/4NWY1JzR4sa3q2fWIJdrrX0DvLoa5g9bIEd4Df79ba7v+yiUBOS0zT2ll+z4g9izHK3EO5d8hL4jYxcjKs+wcslSYRWrascfscLgMlMGh0CdKeNTDjHpGPncaf3Z+FwwwjWeuiNBxv7bJo13/8B/098KlVDl4GZqsoBCEjPyJfV6hO0y/LkRGkk7oHWKgeWAfKtfLItRp00eZ4fcJNK9kCaSMmEugoZWcI7NGbZXzqFWqbpRI7NcDP9+WIQ+i9U5vqWsqd/zng4kbuAJ6UuKqIzB0upYrLShfQE3SAck8oaLhJqqq56VfDuASNpJKidV+zq27HfSBmbXnkR/5AK337dc3MXKJypoK/QPMLKUAP5XLPbs+NddJQV7EZXd29DLgp+fRIg3edpKdO7ZErWhv7d+3Kws+e1Y+ypmR2WIVSwVyBEUfgv2C8Ts9gnTF4pNcEY/S2aBicz5Ew2+jdyGNQQ==\
        \ test@example.com\\n\"\n      }\n     ]\n    }\n   },\n   \"servicePrincipalProfile\"\
        : {\n    \"clientId\":\"00000000-0000-0000-0000-000000000001\"\n   },\n  \
        \ \"addonProfiles\": {\n    \"omsagent\": {\n     \"enabled\": true,\n   \
        \  \"config\": {\n      \"logAnalyticsWorkspaceResourceID\": \"/subscriptions/00000000-0000-0000-0000-000000000000/resourcegroups/defaultresourcegroup-wus2/providers/microsoft.operationalinsights/workspaces/defaultworkspace-8ecadfc9-d1a3-4ea4-b844-0d9f87e4d7c8-wus2\"\
        ,\n      \"useAADAuth\": \"False\"\n     }\n    }\n   },\n   \"nodeResourceGroup\"\
        : \"MC_clitest000001_cliakstest000002_westus2\",\n   \"enableRBAC\": true,\n\
        \   \"enablePodSecurityPolicy\": false,\n   \"networkProfile\": {\n    \"\
        networkPlugin\": \"kubenet\",\n    \"loadBalancerSku\": \"standard\",\n  \
        \  \"loadBalancerProfile\": {\n     \"managedOutboundIPs\": {\n      \"count\"\
        : 1\n     }\n    },\n    \"podCidr\": \"10.244.0.0/16\",\n    \"serviceCidr\"\
        : \"10.0.0.0/16\",\n    \"dnsServiceIP\": \"10.0.0.10\",\n    \"dockerBridgeCidr\"\
        : \"172.17.0.1/16\",\n    \"outboundType\": \"loadBalancer\"\n   },\n   \"\
        maxAgentPools\": 100,\n   \"disableLocalAccounts\": false,\n   \"publicNetworkAccess\"\
        : \"Enabled\"\n  },\n  \"identity\": {\n   \"type\": \"SystemAssigned\",\n\
        \   \"principalId\":\"00000000-0000-0000-0000-000000000001\",\n   \"tenantId\"\
        : \"72f988bf-86f1-41af-91ab-2d7cd011db47\"\n  },\n  \"sku\": {\n   \"name\"\
        : \"Basic\",\n   \"tier\": \"Free\"\n  }\n }"
    headers:
      azure-asyncoperation:
      - https://management.azure.com/subscriptions/00000000-0000-0000-0000-000000000000/providers/Microsoft.ContainerService/locations/westus2/operations/b7bcceed-299c-4cfb-bee2-a8fdf8884e4e?api-version=2016-03-30
      cache-control:
      - no-cache
      content-length:
      - '3440'
      content-type:
      - application/json
      date:
      - Fri, 10 Sep 2021 21:37:54 GMT
      expires:
      - '-1'
      pragma:
      - no-cache
      server:
      - nginx
      strict-transport-security:
      - max-age=31536000; includeSubDomains
      x-content-type-options:
      - nosniff
      x-ms-ratelimit-remaining-subscription-writes:
      - '1199'
    status:
      code: 201
      message: Created
- request:
    body: null
    headers:
      Accept:
      - '*/*'
      Accept-Encoding:
      - gzip, deflate
      CommandName:
      - aks create
      Connection:
      - keep-alive
      ParameterSetName:
      - --resource-group --name --location --enable-managed-identity --enable-addons
        --node-count --ssh-key-value
      User-Agent:
      - AZURECLI/2.28.0 (DOCKER) azsdk-python-azure-mgmt-resource/19.0.0 Python/3.9.6
        (Linux-5.4.0-1055-azure-x86_64-with)
    method: GET
    uri: https://management.azure.com/subscriptions/00000000-0000-0000-0000-000000000000/resourcegroups/defaultresourcegroup-wus2/providers/Microsoft.Resources/deployments/mock-deployment/operationStatuses/08585702970159929134?api-version=2021-04-01
  response:
    body:
      string: '{"status":"Running"}'
    headers:
      cache-control:
      - no-cache
      content-length:
      - '20'
      content-type:
      - application/json; charset=utf-8
      date:
      - Fri, 10 Sep 2021 21:38:19 GMT
      expires:
      - '-1'
      pragma:
      - no-cache
      strict-transport-security:
      - max-age=31536000; includeSubDomains
      vary:
      - Accept-Encoding
      x-content-type-options:
      - nosniff
    status:
      code: 200
      message: OK
- request:
    body: null
    headers:
      Accept:
      - '*/*'
      Accept-Encoding:
      - gzip, deflate
      CommandName:
      - aks create
      Connection:
      - keep-alive
      ParameterSetName:
      - --resource-group --name --location --enable-managed-identity --enable-addons
        --node-count --ssh-key-value
      User-Agent:
      - AZURECLI/2.28.0 (DOCKER) azsdk-python-azure-mgmt-containerservice/16.2.0 Python/3.9.6
        (Linux-5.4.0-1055-azure-x86_64-with)
    method: GET
    uri: https://management.azure.com/subscriptions/00000000-0000-0000-0000-000000000000/providers/Microsoft.ContainerService/locations/westus2/operations/b7bcceed-299c-4cfb-bee2-a8fdf8884e4e?api-version=2016-03-30
  response:
    body:
      string: "{\n  \"name\": \"edcebcb7-9c29-fb4c-bee2-a8fdf8884e4e\",\n  \"status\"\
        : \"InProgress\",\n  \"startTime\": \"2021-09-10T21:37:54.1533333Z\"\n }"
    headers:
      cache-control:
      - no-cache
      content-length:
      - '126'
      content-type:
      - application/json
      date:
      - Fri, 10 Sep 2021 21:38:24 GMT
      expires:
      - '-1'
      pragma:
      - no-cache
      server:
      - nginx
      strict-transport-security:
      - max-age=31536000; includeSubDomains
      transfer-encoding:
      - chunked
      vary:
      - Accept-Encoding
      x-content-type-options:
      - nosniff
    status:
      code: 200
      message: OK
- request:
    body: null
    headers:
      Accept:
      - '*/*'
      Accept-Encoding:
      - gzip, deflate
      CommandName:
      - aks create
      Connection:
      - keep-alive
      ParameterSetName:
      - --resource-group --name --location --enable-managed-identity --enable-addons
        --node-count --ssh-key-value
      User-Agent:
      - AZURECLI/2.28.0 (DOCKER) azsdk-python-azure-mgmt-resource/19.0.0 Python/3.9.6
        (Linux-5.4.0-1055-azure-x86_64-with)
    method: GET
    uri: https://management.azure.com/subscriptions/00000000-0000-0000-0000-000000000000/resourcegroups/defaultresourcegroup-wus2/providers/Microsoft.Resources/deployments/mock-deployment/operationStatuses/08585702970159929134?api-version=2021-04-01
  response:
    body:
      string: '{"status":"Running"}'
    headers:
      cache-control:
      - no-cache
      content-length:
      - '20'
      content-type:
      - application/json; charset=utf-8
      date:
      - Fri, 10 Sep 2021 21:38:49 GMT
      expires:
      - '-1'
      pragma:
      - no-cache
      strict-transport-security:
      - max-age=31536000; includeSubDomains
      vary:
      - Accept-Encoding
      x-content-type-options:
      - nosniff
    status:
      code: 200
      message: OK
- request:
    body: null
    headers:
      Accept:
      - '*/*'
      Accept-Encoding:
      - gzip, deflate
      CommandName:
      - aks create
      Connection:
      - keep-alive
      ParameterSetName:
      - --resource-group --name --location --enable-managed-identity --enable-addons
        --node-count --ssh-key-value
      User-Agent:
      - AZURECLI/2.28.0 (DOCKER) azsdk-python-azure-mgmt-containerservice/16.2.0 Python/3.9.6
        (Linux-5.4.0-1055-azure-x86_64-with)
    method: GET
    uri: https://management.azure.com/subscriptions/00000000-0000-0000-0000-000000000000/providers/Microsoft.ContainerService/locations/westus2/operations/b7bcceed-299c-4cfb-bee2-a8fdf8884e4e?api-version=2016-03-30
  response:
    body:
      string: "{\n  \"name\": \"edcebcb7-9c29-fb4c-bee2-a8fdf8884e4e\",\n  \"status\"\
        : \"InProgress\",\n  \"startTime\": \"2021-09-10T21:37:54.1533333Z\"\n }"
    headers:
      cache-control:
      - no-cache
      content-length:
      - '126'
      content-type:
      - application/json
      date:
      - Fri, 10 Sep 2021 21:38:54 GMT
      expires:
      - '-1'
      pragma:
      - no-cache
      server:
      - nginx
      strict-transport-security:
      - max-age=31536000; includeSubDomains
      transfer-encoding:
      - chunked
      vary:
      - Accept-Encoding
      x-content-type-options:
      - nosniff
    status:
      code: 200
      message: OK
- request:
    body: null
    headers:
      Accept:
      - '*/*'
      Accept-Encoding:
      - gzip, deflate
      CommandName:
      - aks create
      Connection:
      - keep-alive
      ParameterSetName:
      - --resource-group --name --location --enable-managed-identity --enable-addons
        --node-count --ssh-key-value
      User-Agent:
      - AZURECLI/2.28.0 (DOCKER) azsdk-python-azure-mgmt-resource/19.0.0 Python/3.9.6
        (Linux-5.4.0-1055-azure-x86_64-with)
    method: GET
    uri: https://management.azure.com/subscriptions/00000000-0000-0000-0000-000000000000/resourcegroups/defaultresourcegroup-wus2/providers/Microsoft.Resources/deployments/mock-deployment/operationStatuses/08585702970159929134?api-version=2021-04-01
  response:
    body:
      string: '{"status":"Running"}'
    headers:
      cache-control:
      - no-cache
      content-length:
      - '20'
      content-type:
      - application/json; charset=utf-8
      date:
      - Fri, 10 Sep 2021 21:39:19 GMT
      expires:
      - '-1'
      pragma:
      - no-cache
      strict-transport-security:
      - max-age=31536000; includeSubDomains
      vary:
      - Accept-Encoding
      x-content-type-options:
      - nosniff
    status:
      code: 200
      message: OK
- request:
    body: null
    headers:
      Accept:
      - '*/*'
      Accept-Encoding:
      - gzip, deflate
      CommandName:
      - aks create
      Connection:
      - keep-alive
      ParameterSetName:
      - --resource-group --name --location --enable-managed-identity --enable-addons
        --node-count --ssh-key-value
      User-Agent:
      - AZURECLI/2.28.0 (DOCKER) azsdk-python-azure-mgmt-containerservice/16.2.0 Python/3.9.6
        (Linux-5.4.0-1055-azure-x86_64-with)
    method: GET
    uri: https://management.azure.com/subscriptions/00000000-0000-0000-0000-000000000000/providers/Microsoft.ContainerService/locations/westus2/operations/b7bcceed-299c-4cfb-bee2-a8fdf8884e4e?api-version=2016-03-30
  response:
    body:
      string: "{\n  \"name\": \"edcebcb7-9c29-fb4c-bee2-a8fdf8884e4e\",\n  \"status\"\
        : \"InProgress\",\n  \"startTime\": \"2021-09-10T21:37:54.1533333Z\"\n }"
    headers:
      cache-control:
      - no-cache
      content-length:
      - '126'
      content-type:
      - application/json
      date:
      - Fri, 10 Sep 2021 21:39:24 GMT
      expires:
      - '-1'
      pragma:
      - no-cache
      server:
      - nginx
      strict-transport-security:
      - max-age=31536000; includeSubDomains
      transfer-encoding:
      - chunked
      vary:
      - Accept-Encoding
      x-content-type-options:
      - nosniff
    status:
      code: 200
      message: OK
- request:
    body: null
    headers:
      Accept:
      - '*/*'
      Accept-Encoding:
      - gzip, deflate
      CommandName:
      - aks create
      Connection:
      - keep-alive
      ParameterSetName:
      - --resource-group --name --location --enable-managed-identity --enable-addons
        --node-count --ssh-key-value
      User-Agent:
      - AZURECLI/2.28.0 (DOCKER) azsdk-python-azure-mgmt-resource/19.0.0 Python/3.9.6
        (Linux-5.4.0-1055-azure-x86_64-with)
    method: GET
    uri: https://management.azure.com/subscriptions/00000000-0000-0000-0000-000000000000/resourcegroups/defaultresourcegroup-wus2/providers/Microsoft.Resources/deployments/mock-deployment/operationStatuses/08585702970159929134?api-version=2021-04-01
  response:
    body:
      string: '{"status":"Succeeded"}'
    headers:
      cache-control:
      - no-cache
      content-length:
      - '22'
      content-type:
      - application/json; charset=utf-8
      date:
      - Fri, 10 Sep 2021 21:39:49 GMT
      expires:
      - '-1'
      pragma:
      - no-cache
      strict-transport-security:
      - max-age=31536000; includeSubDomains
      vary:
      - Accept-Encoding
      x-content-type-options:
      - nosniff
    status:
      code: 200
      message: OK
- request:
    body: null
    headers:
      Accept:
      - '*/*'
      Accept-Encoding:
      - gzip, deflate
      CommandName:
      - aks create
      Connection:
      - keep-alive
      ParameterSetName:
      - --resource-group --name --location --enable-managed-identity --enable-addons
        --node-count --ssh-key-value
      User-Agent:
      - AZURECLI/2.28.0 (DOCKER) azsdk-python-azure-mgmt-resource/19.0.0 Python/3.9.6
        (Linux-5.4.0-1055-azure-x86_64-with)
    method: GET
    uri: https://management.azure.com/subscriptions/00000000-0000-0000-0000-000000000000/resourcegroups/defaultresourcegroup-wus2/providers/Microsoft.Resources/deployments/mock-deployment?api-version=2021-04-01
  response:
    body:
      string: '{"id":"/subscriptions/00000000-0000-0000-0000-000000000000/resourceGroups/defaultresourcegroup-wus2/providers/Microsoft.Resources/deployments/aks-monitoring-1631309869191","name":"aks-monitoring-1631309869191","type":"Microsoft.Resources/deployments","properties":{"templateHash":"7932017758444010137","parameters":{"workspaceResourceId":{"type":"String","value":"/subscriptions/00000000-0000-0000-0000-000000000000/resourcegroups/defaultresourcegroup-wus2/providers/microsoft.operationalinsights/workspaces/defaultworkspace-8ecadfc9-d1a3-4ea4-b844-0d9f87e4d7c8-wus2"},"workspaceRegion":{"type":"String","value":"westus2"},"solutionDeploymentName":{"type":"String","value":"ContainerInsights-1631309869191"}},"mode":"Incremental","provisioningState":"Succeeded","timestamp":"2021-09-10T21:39:26.2730483Z","duration":"PT1M36.7883435S","correlationId":"cae5c65e-c136-4302-a69a-577a3b7834ba","providers":[{"namespace":"Microsoft.Resources","resourceTypes":[{"resourceType":"deployments","locations":[null]}]}],"dependencies":[],"outputResources":[{"id":"/subscriptions/00000000-0000-0000-0000-000000000000/resourceGroups/defaultresourcegroup-wus2/providers/Microsoft.OperationsManagement/solutions/ContainerInsights(defaultworkspace-8ecadfc9-d1a3-4ea4-b844-0d9f87e4d7c8-wus2)"}]}}'
    headers:
      cache-control:
      - no-cache
      content-length:
      - '1277'
      content-type:
      - application/json; charset=utf-8
      date:
      - Fri, 10 Sep 2021 21:39:49 GMT
      expires:
      - '-1'
      pragma:
      - no-cache
      strict-transport-security:
      - max-age=31536000; includeSubDomains
      vary:
      - Accept-Encoding
      x-content-type-options:
      - nosniff
    status:
      code: 200
      message: OK
- request:
    body: null
    headers:
      Accept:
      - '*/*'
      Accept-Encoding:
      - gzip, deflate
      CommandName:
      - aks create
      Connection:
      - keep-alive
      ParameterSetName:
      - --resource-group --name --location --enable-managed-identity --enable-addons
        --node-count --ssh-key-value
      User-Agent:
      - AZURECLI/2.28.0 (DOCKER) azsdk-python-azure-mgmt-containerservice/16.2.0 Python/3.9.6
        (Linux-5.4.0-1055-azure-x86_64-with)
    method: GET
    uri: https://management.azure.com/subscriptions/00000000-0000-0000-0000-000000000000/providers/Microsoft.ContainerService/locations/westus2/operations/b7bcceed-299c-4cfb-bee2-a8fdf8884e4e?api-version=2016-03-30
  response:
    body:
      string: "{\n  \"name\": \"edcebcb7-9c29-fb4c-bee2-a8fdf8884e4e\",\n  \"status\"\
        : \"InProgress\",\n  \"startTime\": \"2021-09-10T21:37:54.1533333Z\"\n }"
    headers:
      cache-control:
      - no-cache
      content-length:
      - '126'
      content-type:
      - application/json
      date:
      - Fri, 10 Sep 2021 21:39:54 GMT
      expires:
      - '-1'
      pragma:
      - no-cache
      server:
      - nginx
      strict-transport-security:
      - max-age=31536000; includeSubDomains
      transfer-encoding:
      - chunked
      vary:
      - Accept-Encoding
      x-content-type-options:
      - nosniff
    status:
      code: 200
      message: OK
- request:
    body: null
    headers:
      Accept:
      - '*/*'
      Accept-Encoding:
      - gzip, deflate
      CommandName:
      - aks create
      Connection:
      - keep-alive
      ParameterSetName:
      - --resource-group --name --location --enable-managed-identity --enable-addons
        --node-count --ssh-key-value
      User-Agent:
      - AZURECLI/2.28.0 (DOCKER) azsdk-python-azure-mgmt-containerservice/16.2.0 Python/3.9.6
        (Linux-5.4.0-1055-azure-x86_64-with)
    method: GET
    uri: https://management.azure.com/subscriptions/00000000-0000-0000-0000-000000000000/providers/Microsoft.ContainerService/locations/westus2/operations/b7bcceed-299c-4cfb-bee2-a8fdf8884e4e?api-version=2016-03-30
  response:
    body:
      string: "{\n  \"name\": \"edcebcb7-9c29-fb4c-bee2-a8fdf8884e4e\",\n  \"status\"\
        : \"Succeeded\",\n  \"startTime\": \"2021-09-10T21:37:54.1533333Z\",\n  \"\
        endTime\": \"2021-09-10T21:40:13.73027Z\"\n }"
    headers:
      cache-control:
      - no-cache
      content-length:
      - '168'
      content-type:
      - application/json
      date:
      - Fri, 10 Sep 2021 21:40:25 GMT
      expires:
      - '-1'
      pragma:
      - no-cache
      server:
      - nginx
      strict-transport-security:
      - max-age=31536000; includeSubDomains
      transfer-encoding:
      - chunked
      vary:
      - Accept-Encoding
      x-content-type-options:
      - nosniff
    status:
      code: 200
      message: OK
- request:
    body: null
    headers:
      Accept:
      - '*/*'
      Accept-Encoding:
      - gzip, deflate
      CommandName:
      - aks create
      Connection:
      - keep-alive
      ParameterSetName:
      - --resource-group --name --location --enable-managed-identity --enable-addons
        --node-count --ssh-key-value
      User-Agent:
      - AZURECLI/2.28.0 (DOCKER) azsdk-python-azure-mgmt-containerservice/16.2.0 Python/3.9.6
        (Linux-5.4.0-1055-azure-x86_64-with)
    method: GET
    uri: https://management.azure.com/subscriptions/00000000-0000-0000-0000-000000000000/resourceGroups/clitest000001/providers/Microsoft.ContainerService/managedClusters/cliakstest000002?api-version=2021-08-01
  response:
    body:
      string: "{\n  \"id\": \"/subscriptions/00000000-0000-0000-0000-000000000000/resourcegroups/clitest000001/providers/Microsoft.ContainerService/managedClusters/cliakstest000002\"\
        ,\n  \"location\": \"westus2\",\n  \"name\": \"cliakstest000002\",\n  \"type\"\
        : \"Microsoft.ContainerService/ManagedClusters\",\n  \"properties\": {\n \
        \  \"provisioningState\": \"Succeeded\",\n   \"powerState\": {\n    \"code\"\
        : \"Running\"\n   },\n   \"kubernetesVersion\": \"1.20.9\",\n   \"dnsPrefix\"\
        : \"cliakstest-clitest3bjvq3yec-8ecadf\",\n   \"fqdn\": \"cliakstest-clitest3bjvq3yec-8ecadf-db63d2cb.hcp.westus2.azmk8s.io\"\
        ,\n   \"azurePortalFQDN\": \"cliakstest-clitest3bjvq3yec-8ecadf-db63d2cb.portal.hcp.westus2.azmk8s.io\"\
        ,\n   \"agentPoolProfiles\": [\n    {\n     \"name\": \"nodepool1\",\n   \
        \  \"count\": 1,\n     \"vmSize\": \"Standard_DS2_v2\",\n     \"osDiskSizeGB\"\
        : 128,\n     \"osDiskType\": \"Managed\",\n     \"kubeletDiskType\": \"OS\"\
        ,\n     \"maxPods\": 110,\n     \"type\": \"VirtualMachineScaleSets\",\n \
        \    \"provisioningState\": \"Succeeded\",\n     \"powerState\": {\n     \
        \ \"code\": \"Running\"\n     },\n     \"orchestratorVersion\": \"1.20.9\"\
        ,\n     \"enableNodePublicIP\": false,\n     \"mode\": \"System\",\n     \"\
        enableEncryptionAtHost\": false,\n     \"enableUltraSSD\": false,\n     \"\
        osType\": \"Linux\",\n     \"osSKU\": \"Ubuntu\",\n     \"nodeImageVersion\"\
        : \"AKSUbuntu-1804gen2containerd-2021.08.26\",\n     \"enableFIPS\": false\n\
        \    }\n   ],\n   \"linuxProfile\": {\n    \"adminUsername\": \"azureuser\"\
        ,\n    \"ssh\": {\n     \"publicKeys\": [\n      {\n       \"keyData\": \"\
        ssh-rsa AAAAB3NzaC1yc2EAAAADAQABAAACAQCbIg1guRHbI0lV11wWDt1r2cUdcNd27CJsg+SfgC7miZeubtwUhbsPdhMQsfDyhOWHq1+ZL0M+nJZV63d/1dhmhtgyOqejUwrPlzKhydsbrsdUor+JmNJDdW01v7BXHyuymT8G4s09jCasNOwiufbP/qp72ruu0bIA1nySsvlf9pCQAuFkAnVnf/rFhUlOkhtRpwcq8SUNY2zRHR/EKb/4NWY1JzR4sa3q2fWIJdrrX0DvLoa5g9bIEd4Df79ba7v+yiUBOS0zT2ll+z4g9izHK3EO5d8hL4jYxcjKs+wcslSYRWrascfscLgMlMGh0CdKeNTDjHpGPncaf3Z+FwwwjWeuiNBxv7bJo13/8B/098KlVDl4GZqsoBCEjPyJfV6hO0y/LkRGkk7oHWKgeWAfKtfLItRp00eZ4fcJNK9kCaSMmEugoZWcI7NGbZXzqFWqbpRI7NcDP9+WIQ+i9U5vqWsqd/zng4kbuAJ6UuKqIzB0upYrLShfQE3SAck8oaLhJqqq56VfDuASNpJKidV+zq27HfSBmbXnkR/5AK337dc3MXKJypoK/QPMLKUAP5XLPbs+NddJQV7EZXd29DLgp+fRIg3edpKdO7ZErWhv7d+3Kws+e1Y+ypmR2WIVSwVyBEUfgv2C8Ts9gnTF4pNcEY/S2aBicz5Ew2+jdyGNQQ==\
        \ test@example.com\\n\"\n      }\n     ]\n    }\n   },\n   \"servicePrincipalProfile\"\
        : {\n    \"clientId\":\"00000000-0000-0000-0000-000000000001\"\n   },\n  \
        \ \"addonProfiles\": {\n    \"omsagent\": {\n     \"enabled\": true,\n   \
        \  \"config\": {\n      \"logAnalyticsWorkspaceResourceID\": \"/subscriptions/00000000-0000-0000-0000-000000000000/resourcegroups/defaultresourcegroup-wus2/providers/microsoft.operationalinsights/workspaces/defaultworkspace-8ecadfc9-d1a3-4ea4-b844-0d9f87e4d7c8-wus2\"\
        ,\n      \"useAADAuth\": \"False\"\n     },\n     \"identity\": {\n      \"\
        resourceId\": \"/subscriptions/00000000-0000-0000-0000-000000000000/resourcegroups/MC_clitest000001_cliakstest000002_westus2/providers/Microsoft.ManagedIdentity/userAssignedIdentities/omsagent-cliakstest000002\"\
        ,\n      \"clientId\":\"00000000-0000-0000-0000-000000000001\",\n      \"\
        objectId\":\"00000000-0000-0000-0000-000000000001\"\n     }\n    }\n   },\n\
        \   \"nodeResourceGroup\": \"MC_clitest000001_cliakstest000002_westus2\",\n\
        \   \"enableRBAC\": true,\n   \"enablePodSecurityPolicy\": false,\n   \"networkProfile\"\
        : {\n    \"networkPlugin\": \"kubenet\",\n    \"loadBalancerSku\": \"Standard\"\
        ,\n    \"loadBalancerProfile\": {\n     \"managedOutboundIPs\": {\n      \"\
        count\": 1\n     },\n     \"effectiveOutboundIPs\": [\n      {\n       \"\
        id\": \"/subscriptions/00000000-0000-0000-0000-000000000000/resourceGroups/MC_clitest000001_cliakstest000002_westus2/providers/Microsoft.Network/publicIPAddresses/2c892de8-d206-4ac7-969f-2bd5e6780d26\"\
        \n      }\n     ]\n    },\n    \"podCidr\": \"10.244.0.0/16\",\n    \"serviceCidr\"\
        : \"10.0.0.0/16\",\n    \"dnsServiceIP\": \"10.0.0.10\",\n    \"dockerBridgeCidr\"\
        : \"172.17.0.1/16\",\n    \"outboundType\": \"loadBalancer\"\n   },\n   \"\
        maxAgentPools\": 100,\n   \"identityProfile\": {\n    \"kubeletidentity\"\
        : {\n     \"resourceId\": \"/subscriptions/00000000-0000-0000-0000-000000000000/resourcegroups/MC_clitest000001_cliakstest000002_westus2/providers/Microsoft.ManagedIdentity/userAssignedIdentities/cliakstest000002-agentpool\"\
        ,\n     \"clientId\":\"00000000-0000-0000-0000-000000000001\",\n     \"objectId\"\
        :\"00000000-0000-0000-0000-000000000001\"\n    }\n   },\n   \"disableLocalAccounts\"\
        : false,\n   \"publicNetworkAccess\": \"Enabled\"\n  },\n  \"identity\": {\n\
        \   \"type\": \"SystemAssigned\",\n   \"principalId\":\"00000000-0000-0000-0000-000000000001\"\
        ,\n   \"tenantId\": \"72f988bf-86f1-41af-91ab-2d7cd011db47\"\n  },\n  \"sku\"\
        : {\n   \"name\": \"Basic\",\n   \"tier\": \"Free\"\n  }\n }"
    headers:
      cache-control:
      - no-cache
      content-length:
      - '4466'
      content-type:
      - application/json
      date:
      - Fri, 10 Sep 2021 21:40:25 GMT
      expires:
      - '-1'
      pragma:
      - no-cache
      server:
      - nginx
      strict-transport-security:
      - max-age=31536000; includeSubDomains
      transfer-encoding:
      - chunked
      vary:
      - Accept-Encoding
      x-content-type-options:
      - nosniff
    status:
      code: 200
      message: OK
- request:
    body: null
    headers:
      Accept:
      - application/json
      Accept-Encoding:
      - gzip, deflate
      CommandName:
      - aks create
      Connection:
      - keep-alive
      ParameterSetName:
      - --resource-group --name --location --enable-managed-identity --enable-addons
        --node-count --ssh-key-value
      User-Agent:
      - python/3.9.6 (Linux-5.4.0-1055-azure-x86_64-with) msrest/0.6.21 msrest_azure/0.6.3
        azure-mgmt-authorization/0.61.0 Azure-SDK-For-Python AZURECLI/2.28.0 (DOCKER)
      accept-language:
      - en-US
    method: GET
    uri: https://management.azure.com/subscriptions/00000000-0000-0000-0000-000000000000/resourceGroups/clitest000001/providers/Microsoft.ContainerService/managedClusters/cliakstest000002/providers/Microsoft.Authorization/roleDefinitions?$filter=roleName%20eq%20%27Monitoring%20Metrics%20Publisher%27&api-version=2018-01-01-preview
  response:
    body:
      string: '{"value":[{"properties":{"roleName":"Monitoring Metrics Publisher","type":"BuiltInRole","description":"Enables
        publishing metrics against Azure resources","assignableScopes":["/"],"permissions":[{"actions":["Microsoft.Insights/Register/Action","Microsoft.Support/*","Microsoft.Resources/subscriptions/resourceGroups/read"],"notActions":[],"dataActions":["Microsoft.Insights/Metrics/Write"],"notDataActions":[]}],"createdOn":"2018-08-14T00:36:16.5610279Z","updatedOn":"2018-08-14T00:37:18.1465065Z","createdBy":null,"updatedBy":null},"id":"/subscriptions/00000000-0000-0000-0000-000000000000/providers/Microsoft.Authorization/roleDefinitions/3913510d-42f4-4e42-8a64-420c390055eb","type":"Microsoft.Authorization/roleDefinitions","name":"3913510d-42f4-4e42-8a64-420c390055eb"}]}'
    headers:
      cache-control:
      - no-cache
      content-length:
      - '776'
      content-type:
      - application/json; charset=utf-8
      date:
      - Fri, 10 Sep 2021 21:40:25 GMT
      expires:
      - '-1'
      pragma:
      - no-cache
      set-cookie:
      - x-ms-gateway-slice=Production; path=/; secure; samesite=none; httponly
      strict-transport-security:
      - max-age=31536000; includeSubDomains
      transfer-encoding:
      - chunked
      vary:
      - Accept-Encoding
      x-content-type-options:
      - nosniff
    status:
      code: 200
      message: OK
- request:
    body: '{"properties": {"roleDefinitionId": "/subscriptions/00000000-0000-0000-0000-000000000000/providers/Microsoft.Authorization/roleDefinitions/3913510d-42f4-4e42-8a64-420c390055eb",
      "principalId":"00000000-0000-0000-0000-000000000001"}}'
    headers:
      Accept:
      - application/json
      Accept-Encoding:
      - gzip, deflate
      CommandName:
      - aks create
      Connection:
      - keep-alive
      Content-Length:
      - '233'
      Content-Type:
      - application/json; charset=utf-8
      Cookie:
      - x-ms-gateway-slice=Production
      ParameterSetName:
      - --resource-group --name --location --enable-managed-identity --enable-addons
        --node-count --ssh-key-value
      User-Agent:
      - python/3.9.6 (Linux-5.4.0-1055-azure-x86_64-with) msrest/0.6.21 msrest_azure/0.6.3
        azure-mgmt-authorization/0.61.0 Azure-SDK-For-Python AZURECLI/2.28.0 (DOCKER)
      accept-language:
      - en-US
    method: PUT
    uri: https://management.azure.com/subscriptions/00000000-0000-0000-0000-000000000000/resourceGroups/clitest000001/providers/Microsoft.ContainerService/managedClusters/cliakstest000002/providers/Microsoft.Authorization/roleAssignments/9f1e9d95-a13e-44b0-bb9d-f42cdf2db297?api-version=2020-04-01-preview
  response:
    body:
      string: '{"properties":{"roleDefinitionId":"/subscriptions/00000000-0000-0000-0000-000000000000/providers/Microsoft.Authorization/roleDefinitions/3913510d-42f4-4e42-8a64-420c390055eb","principalId":"00000000-0000-0000-0000-000000000001","principalType":"ServicePrincipal","scope":"/subscriptions/00000000-0000-0000-0000-000000000000/resourceGroups/clitest000001/providers/Microsoft.ContainerService/managedClusters/cliakstest000002","condition":null,"conditionVersion":null,"createdOn":"2021-09-10T21:40:26.6626629Z","updatedOn":"2021-09-10T21:40:27.3501529Z","createdBy":null,"updatedBy":"756a1e87-e758-4b77-836c-b19b83ca0c72","delegatedManagedIdentityResourceId":null,"description":null},"id":"/subscriptions/00000000-0000-0000-0000-000000000000/resourceGroups/clitest000001/providers/Microsoft.ContainerService/managedClusters/cliakstest000002/providers/Microsoft.Authorization/roleAssignments/9f1e9d95-a13e-44b0-bb9d-f42cdf2db297","type":"Microsoft.Authorization/roleAssignments","name":"9f1e9d95-a13e-44b0-bb9d-f42cdf2db297"}'
    headers:
      cache-control:
      - no-cache
      content-length:
      - '1029'
      content-type:
      - application/json; charset=utf-8
      date:
      - Fri, 10 Sep 2021 21:40:28 GMT
      expires:
      - '-1'
      pragma:
      - no-cache
      set-cookie:
      - x-ms-gateway-slice=Production; path=/; secure; samesite=none; httponly
      strict-transport-security:
      - max-age=31536000; includeSubDomains
      x-content-type-options:
      - nosniff
      x-ms-ratelimit-remaining-subscription-writes:
      - '1198'
    status:
      code: 201
      message: Created
- request:
    body: null
    headers:
      Accept:
      - '*/*'
      Accept-Encoding:
      - gzip, deflate
      CommandName:
      - rest
      Connection:
      - keep-alive
      ParameterSetName:
      - --method --url
      User-Agent:
      - python/3.9.6 (Linux-5.4.0-1055-azure-x86_64-with) AZURECLI/2.28.0 (DOCKER)
    method: GET
    uri: https://management.azure.com/subscriptions/00000000-0000-0000-0000-000000000000/resourceGroups/defaultresourcegroup-wus2/providers/Microsoft.Insights/dataCollectionRules/DCR-defaultworkspace-8ecadfc9-d1a3-4ea4-b844-0d9f87e4d7c8-wus2?api-version=2019-11-01-preview
  response:
    body:
      string: '{"properties":{"immutableId":"dcr-8d4b9c26611e462ca9019bf31fba657e","dataSources":{"extensions":[{"streams":["Microsoft-Perf","Microsoft-ContainerInventory","Microsoft-ContainerLog","Microsoft-ContainerLogV2","Microsoft-ContainerNodeInventory","Microsoft-KubeEvents","Microsoft-KubeHealth","Microsoft-KubeMonAgentEvents","Microsoft-KubeNodeInventory","Microsoft-KubePodInventory","Microsoft-KubePVInventory","Microsoft-KubeServices","Microsoft-InsightsMetrics"],"extensionName":"ContainerInsights","name":"ContainerInsightsExtension"}]},"destinations":{"logAnalytics":[{"workspaceResourceId":"/subscriptions/00000000-0000-0000-0000-000000000000/resourcegroups/defaultresourcegroup-wus2/providers/microsoft.operationalinsights/workspaces/defaultworkspace-8ecadfc9-d1a3-4ea4-b844-0d9f87e4d7c8-wus2","workspaceId":"e897efd7-55de-4860-ac51-7403ccb7e3cf","name":"la-workspace"}]},"dataFlows":[{"streams":["Microsoft-Perf","Microsoft-ContainerInventory","Microsoft-ContainerLog","Microsoft-ContainerLogV2","Microsoft-ContainerNodeInventory","Microsoft-KubeEvents","Microsoft-KubeHealth","Microsoft-KubeMonAgentEvents","Microsoft-KubeNodeInventory","Microsoft-KubePodInventory","Microsoft-KubePVInventory","Microsoft-KubeServices","Microsoft-InsightsMetrics"],"destinations":["la-workspace"]}],"provisioningState":"Succeeded"},"location":"westus2","id":"/subscriptions/00000000-0000-0000-0000-000000000000/resourceGroups/defaultresourcegroup-wus2/providers/Microsoft.Insights/dataCollectionRules/DCR-defaultworkspace-8ecadfc9-d1a3-4ea4-b844-0d9f87e4d7c8-wus2","name":"DCR-defaultworkspace-8ecadfc9-d1a3-4ea4-b844-0d9f87e4d7c8-wus2","type":"Microsoft.Insights/dataCollectionRules","etag":"\"24004d76-0000-0800-0000-613bd06e0000\""}'
    headers:
      api-supported-versions:
      - 2019-11-01-preview, 2021-04-01, 2021-09-01-preview
      cache-control:
      - no-cache
      content-length:
      - '1723'
      content-type:
      - application/json; charset=utf-8
      date:
      - Fri, 10 Sep 2021 21:40:29 GMT
      expires:
      - '-1'
      pragma:
      - no-cache
      request-context:
      - appId=cid-v1:2bbfbac8-e1b0-44af-b9c6-3a40669d37e3
      server:
      - Microsoft-HTTPAPI/2.0
      strict-transport-security:
      - max-age=31536000; includeSubDomains
      transfer-encoding:
      - chunked
      vary:
      - Accept-Encoding,Accept-Encoding
      x-content-type-options:
      - nosniff
    status:
      code: 200
      message: OK
- request:
    body: null
    headers:
      Accept:
      - application/json
      Accept-Encoding:
      - gzip, deflate
      CommandName:
      - aks disable-addons
      Connection:
      - keep-alive
      ParameterSetName:
      - -a -g -n
      User-Agent:
      - AZURECLI/2.28.0 (DOCKER) azsdk-python-azure-mgmt-containerservice/16.2.0 Python/3.9.6
        (Linux-5.4.0-1055-azure-x86_64-with)
    method: GET
    uri: https://management.azure.com/subscriptions/00000000-0000-0000-0000-000000000000/resourceGroups/clitest000001/providers/Microsoft.ContainerService/managedClusters/cliakstest000002?api-version=2021-08-01
  response:
    body:
      string: "{\n  \"id\": \"/subscriptions/00000000-0000-0000-0000-000000000000/resourcegroups/clitest000001/providers/Microsoft.ContainerService/managedClusters/cliakstest000002\"\
        ,\n  \"location\": \"westus2\",\n  \"name\": \"cliakstest000002\",\n  \"type\"\
        : \"Microsoft.ContainerService/ManagedClusters\",\n  \"properties\": {\n \
        \  \"provisioningState\": \"Succeeded\",\n   \"powerState\": {\n    \"code\"\
        : \"Running\"\n   },\n   \"kubernetesVersion\": \"1.20.9\",\n   \"dnsPrefix\"\
        : \"cliakstest-clitest3bjvq3yec-8ecadf\",\n   \"fqdn\": \"cliakstest-clitest3bjvq3yec-8ecadf-db63d2cb.hcp.westus2.azmk8s.io\"\
        ,\n   \"azurePortalFQDN\": \"cliakstest-clitest3bjvq3yec-8ecadf-db63d2cb.portal.hcp.westus2.azmk8s.io\"\
        ,\n   \"agentPoolProfiles\": [\n    {\n     \"name\": \"nodepool1\",\n   \
        \  \"count\": 1,\n     \"vmSize\": \"Standard_DS2_v2\",\n     \"osDiskSizeGB\"\
        : 128,\n     \"osDiskType\": \"Managed\",\n     \"kubeletDiskType\": \"OS\"\
        ,\n     \"maxPods\": 110,\n     \"type\": \"VirtualMachineScaleSets\",\n \
        \    \"provisioningState\": \"Succeeded\",\n     \"powerState\": {\n     \
        \ \"code\": \"Running\"\n     },\n     \"orchestratorVersion\": \"1.20.9\"\
        ,\n     \"enableNodePublicIP\": false,\n     \"mode\": \"System\",\n     \"\
        enableEncryptionAtHost\": false,\n     \"enableUltraSSD\": false,\n     \"\
        osType\": \"Linux\",\n     \"osSKU\": \"Ubuntu\",\n     \"nodeImageVersion\"\
        : \"AKSUbuntu-1804gen2containerd-2021.08.26\",\n     \"enableFIPS\": false\n\
        \    }\n   ],\n   \"linuxProfile\": {\n    \"adminUsername\": \"azureuser\"\
        ,\n    \"ssh\": {\n     \"publicKeys\": [\n      {\n       \"keyData\": \"\
        ssh-rsa AAAAB3NzaC1yc2EAAAADAQABAAACAQCbIg1guRHbI0lV11wWDt1r2cUdcNd27CJsg+SfgC7miZeubtwUhbsPdhMQsfDyhOWHq1+ZL0M+nJZV63d/1dhmhtgyOqejUwrPlzKhydsbrsdUor+JmNJDdW01v7BXHyuymT8G4s09jCasNOwiufbP/qp72ruu0bIA1nySsvlf9pCQAuFkAnVnf/rFhUlOkhtRpwcq8SUNY2zRHR/EKb/4NWY1JzR4sa3q2fWIJdrrX0DvLoa5g9bIEd4Df79ba7v+yiUBOS0zT2ll+z4g9izHK3EO5d8hL4jYxcjKs+wcslSYRWrascfscLgMlMGh0CdKeNTDjHpGPncaf3Z+FwwwjWeuiNBxv7bJo13/8B/098KlVDl4GZqsoBCEjPyJfV6hO0y/LkRGkk7oHWKgeWAfKtfLItRp00eZ4fcJNK9kCaSMmEugoZWcI7NGbZXzqFWqbpRI7NcDP9+WIQ+i9U5vqWsqd/zng4kbuAJ6UuKqIzB0upYrLShfQE3SAck8oaLhJqqq56VfDuASNpJKidV+zq27HfSBmbXnkR/5AK337dc3MXKJypoK/QPMLKUAP5XLPbs+NddJQV7EZXd29DLgp+fRIg3edpKdO7ZErWhv7d+3Kws+e1Y+ypmR2WIVSwVyBEUfgv2C8Ts9gnTF4pNcEY/S2aBicz5Ew2+jdyGNQQ==\
        \ test@example.com\\n\"\n      }\n     ]\n    }\n   },\n   \"servicePrincipalProfile\"\
        : {\n    \"clientId\":\"00000000-0000-0000-0000-000000000001\"\n   },\n  \
        \ \"addonProfiles\": {\n    \"omsagent\": {\n     \"enabled\": true,\n   \
        \  \"config\": {\n      \"logAnalyticsWorkspaceResourceID\": \"/subscriptions/00000000-0000-0000-0000-000000000000/resourcegroups/defaultresourcegroup-wus2/providers/microsoft.operationalinsights/workspaces/defaultworkspace-8ecadfc9-d1a3-4ea4-b844-0d9f87e4d7c8-wus2\"\
        ,\n      \"useAADAuth\": \"False\"\n     },\n     \"identity\": {\n      \"\
        resourceId\": \"/subscriptions/00000000-0000-0000-0000-000000000000/resourcegroups/MC_clitest000001_cliakstest000002_westus2/providers/Microsoft.ManagedIdentity/userAssignedIdentities/omsagent-cliakstest000002\"\
        ,\n      \"clientId\":\"00000000-0000-0000-0000-000000000001\",\n      \"\
        objectId\":\"00000000-0000-0000-0000-000000000001\"\n     }\n    }\n   },\n\
        \   \"nodeResourceGroup\": \"MC_clitest000001_cliakstest000002_westus2\",\n\
        \   \"enableRBAC\": true,\n   \"enablePodSecurityPolicy\": false,\n   \"networkProfile\"\
        : {\n    \"networkPlugin\": \"kubenet\",\n    \"loadBalancerSku\": \"Standard\"\
        ,\n    \"loadBalancerProfile\": {\n     \"managedOutboundIPs\": {\n      \"\
        count\": 1\n     },\n     \"effectiveOutboundIPs\": [\n      {\n       \"\
        id\": \"/subscriptions/00000000-0000-0000-0000-000000000000/resourceGroups/MC_clitest000001_cliakstest000002_westus2/providers/Microsoft.Network/publicIPAddresses/2c892de8-d206-4ac7-969f-2bd5e6780d26\"\
        \n      }\n     ]\n    },\n    \"podCidr\": \"10.244.0.0/16\",\n    \"serviceCidr\"\
        : \"10.0.0.0/16\",\n    \"dnsServiceIP\": \"10.0.0.10\",\n    \"dockerBridgeCidr\"\
        : \"172.17.0.1/16\",\n    \"outboundType\": \"loadBalancer\"\n   },\n   \"\
        maxAgentPools\": 100,\n   \"identityProfile\": {\n    \"kubeletidentity\"\
        : {\n     \"resourceId\": \"/subscriptions/00000000-0000-0000-0000-000000000000/resourcegroups/MC_clitest000001_cliakstest000002_westus2/providers/Microsoft.ManagedIdentity/userAssignedIdentities/cliakstest000002-agentpool\"\
        ,\n     \"clientId\":\"00000000-0000-0000-0000-000000000001\",\n     \"objectId\"\
        :\"00000000-0000-0000-0000-000000000001\"\n    }\n   },\n   \"disableLocalAccounts\"\
        : false,\n   \"publicNetworkAccess\": \"Enabled\"\n  },\n  \"identity\": {\n\
        \   \"type\": \"SystemAssigned\",\n   \"principalId\":\"00000000-0000-0000-0000-000000000001\"\
        ,\n   \"tenantId\": \"72f988bf-86f1-41af-91ab-2d7cd011db47\"\n  },\n  \"sku\"\
        : {\n   \"name\": \"Basic\",\n   \"tier\": \"Free\"\n  }\n }"
    headers:
      cache-control:
      - no-cache
      content-length:
      - '4466'
      content-type:
      - application/json
      date:
      - Fri, 10 Sep 2021 21:40:29 GMT
      expires:
      - '-1'
      pragma:
      - no-cache
      server:
      - nginx
      strict-transport-security:
      - max-age=31536000; includeSubDomains
      transfer-encoding:
      - chunked
      vary:
      - Accept-Encoding
      x-content-type-options:
      - nosniff
    status:
      code: 200
      message: OK
- request:
    body: '{"location": "westus2", "sku": {"name": "Basic", "tier": "Free"}, "identity":
      {"type": "SystemAssigned"}, "properties": {"kubernetesVersion": "1.20.9", "dnsPrefix":
      "cliakstest-clitest3bjvq3yec-8ecadf", "agentPoolProfiles": [{"count": 1, "vmSize":
      "Standard_DS2_v2", "osDiskSizeGB": 128, "osDiskType": "Managed", "kubeletDiskType":
      "OS", "maxPods": 110, "osType": "Linux", "osSKU": "Ubuntu", "type": "VirtualMachineScaleSets",
      "mode": "System", "orchestratorVersion": "1.20.9", "enableNodePublicIP": false,
      "enableEncryptionAtHost": false, "enableUltraSSD": false, "enableFIPS": false,
      "name": "nodepool1"}], "linuxProfile": {"adminUsername": "azureuser", "ssh":
      {"publicKeys": [{"keyData": "ssh-rsa AAAAB3NzaC1yc2EAAAADAQABAAACAQCbIg1guRHbI0lV11wWDt1r2cUdcNd27CJsg+SfgC7miZeubtwUhbsPdhMQsfDyhOWHq1+ZL0M+nJZV63d/1dhmhtgyOqejUwrPlzKhydsbrsdUor+JmNJDdW01v7BXHyuymT8G4s09jCasNOwiufbP/qp72ruu0bIA1nySsvlf9pCQAuFkAnVnf/rFhUlOkhtRpwcq8SUNY2zRHR/EKb/4NWY1JzR4sa3q2fWIJdrrX0DvLoa5g9bIEd4Df79ba7v+yiUBOS0zT2ll+z4g9izHK3EO5d8hL4jYxcjKs+wcslSYRWrascfscLgMlMGh0CdKeNTDjHpGPncaf3Z+FwwwjWeuiNBxv7bJo13/8B/098KlVDl4GZqsoBCEjPyJfV6hO0y/LkRGkk7oHWKgeWAfKtfLItRp00eZ4fcJNK9kCaSMmEugoZWcI7NGbZXzqFWqbpRI7NcDP9+WIQ+i9U5vqWsqd/zng4kbuAJ6UuKqIzB0upYrLShfQE3SAck8oaLhJqqq56VfDuASNpJKidV+zq27HfSBmbXnkR/5AK337dc3MXKJypoK/QPMLKUAP5XLPbs+NddJQV7EZXd29DLgp+fRIg3edpKdO7ZErWhv7d+3Kws+e1Y+ypmR2WIVSwVyBEUfgv2C8Ts9gnTF4pNcEY/S2aBicz5Ew2+jdyGNQQ==
      test@example.com\n"}]}}, "addonProfiles": {"omsagent": {"enabled": false}},
      "nodeResourceGroup": "MC_clitest000001_cliakstest000002_westus2", "enableRBAC":
      true, "enablePodSecurityPolicy": false, "networkProfile": {"networkPlugin":
      "kubenet", "podCidr": "10.244.0.0/16", "serviceCidr": "10.0.0.0/16", "dnsServiceIP":
      "10.0.0.10", "dockerBridgeCidr": "172.17.0.1/16", "outboundType": "loadBalancer",
      "loadBalancerSku": "Standard", "loadBalancerProfile": {"managedOutboundIPs":
      {"count": 1}, "effectiveOutboundIPs": [{"id": "/subscriptions/00000000-0000-0000-0000-000000000000/resourceGroups/MC_clitest000001_cliakstest000002_westus2/providers/Microsoft.Network/publicIPAddresses/2c892de8-d206-4ac7-969f-2bd5e6780d26"}]}},
      "identityProfile": {"kubeletidentity": {"resourceId": "/subscriptions/00000000-0000-0000-0000-000000000000/resourcegroups/MC_clitest000001_cliakstest000002_westus2/providers/Microsoft.ManagedIdentity/userAssignedIdentities/cliakstest000002-agentpool",
      "clientId":"00000000-0000-0000-0000-000000000001", "objectId":"00000000-0000-0000-0000-000000000001"}},
      "disableLocalAccounts": false, "publicNetworkAccess": "Enabled"}}'
    headers:
      Accept:
      - application/json
      Accept-Encoding:
      - gzip, deflate
      CommandName:
      - aks disable-addons
      Connection:
      - keep-alive
      Content-Length:
      - '2573'
      Content-Type:
      - application/json
      ParameterSetName:
      - -a -g -n
      User-Agent:
      - AZURECLI/2.28.0 (DOCKER) azsdk-python-azure-mgmt-containerservice/16.2.0 Python/3.9.6
        (Linux-5.4.0-1055-azure-x86_64-with)
    method: PUT
    uri: https://management.azure.com/subscriptions/00000000-0000-0000-0000-000000000000/resourceGroups/clitest000001/providers/Microsoft.ContainerService/managedClusters/cliakstest000002?api-version=2021-08-01
  response:
    body:
      string: "{\n  \"id\": \"/subscriptions/00000000-0000-0000-0000-000000000000/resourcegroups/clitest000001/providers/Microsoft.ContainerService/managedClusters/cliakstest000002\"\
        ,\n  \"location\": \"westus2\",\n  \"name\": \"cliakstest000002\",\n  \"type\"\
        : \"Microsoft.ContainerService/ManagedClusters\",\n  \"properties\": {\n \
        \  \"provisioningState\": \"Updating\",\n   \"powerState\": {\n    \"code\"\
        : \"Running\"\n   },\n   \"kubernetesVersion\": \"1.20.9\",\n   \"dnsPrefix\"\
        : \"cliakstest-clitest3bjvq3yec-8ecadf\",\n   \"fqdn\": \"cliakstest-clitest3bjvq3yec-8ecadf-db63d2cb.hcp.westus2.azmk8s.io\"\
        ,\n   \"azurePortalFQDN\": \"cliakstest-clitest3bjvq3yec-8ecadf-db63d2cb.portal.hcp.westus2.azmk8s.io\"\
        ,\n   \"agentPoolProfiles\": [\n    {\n     \"name\": \"nodepool1\",\n   \
        \  \"count\": 1,\n     \"vmSize\": \"Standard_DS2_v2\",\n     \"osDiskSizeGB\"\
        : 128,\n     \"osDiskType\": \"Managed\",\n     \"kubeletDiskType\": \"OS\"\
        ,\n     \"maxPods\": 110,\n     \"type\": \"VirtualMachineScaleSets\",\n \
        \    \"provisioningState\": \"Updating\",\n     \"powerState\": {\n      \"\
        code\": \"Running\"\n     },\n     \"orchestratorVersion\": \"1.20.9\",\n\
        \     \"enableNodePublicIP\": false,\n     \"mode\": \"System\",\n     \"\
        enableEncryptionAtHost\": false,\n     \"enableUltraSSD\": false,\n     \"\
        osType\": \"Linux\",\n     \"osSKU\": \"Ubuntu\",\n     \"nodeImageVersion\"\
        : \"AKSUbuntu-1804gen2containerd-2021.08.26\",\n     \"enableFIPS\": false\n\
        \    }\n   ],\n   \"linuxProfile\": {\n    \"adminUsername\": \"azureuser\"\
        ,\n    \"ssh\": {\n     \"publicKeys\": [\n      {\n       \"keyData\": \"\
        ssh-rsa AAAAB3NzaC1yc2EAAAADAQABAAACAQCbIg1guRHbI0lV11wWDt1r2cUdcNd27CJsg+SfgC7miZeubtwUhbsPdhMQsfDyhOWHq1+ZL0M+nJZV63d/1dhmhtgyOqejUwrPlzKhydsbrsdUor+JmNJDdW01v7BXHyuymT8G4s09jCasNOwiufbP/qp72ruu0bIA1nySsvlf9pCQAuFkAnVnf/rFhUlOkhtRpwcq8SUNY2zRHR/EKb/4NWY1JzR4sa3q2fWIJdrrX0DvLoa5g9bIEd4Df79ba7v+yiUBOS0zT2ll+z4g9izHK3EO5d8hL4jYxcjKs+wcslSYRWrascfscLgMlMGh0CdKeNTDjHpGPncaf3Z+FwwwjWeuiNBxv7bJo13/8B/098KlVDl4GZqsoBCEjPyJfV6hO0y/LkRGkk7oHWKgeWAfKtfLItRp00eZ4fcJNK9kCaSMmEugoZWcI7NGbZXzqFWqbpRI7NcDP9+WIQ+i9U5vqWsqd/zng4kbuAJ6UuKqIzB0upYrLShfQE3SAck8oaLhJqqq56VfDuASNpJKidV+zq27HfSBmbXnkR/5AK337dc3MXKJypoK/QPMLKUAP5XLPbs+NddJQV7EZXd29DLgp+fRIg3edpKdO7ZErWhv7d+3Kws+e1Y+ypmR2WIVSwVyBEUfgv2C8Ts9gnTF4pNcEY/S2aBicz5Ew2+jdyGNQQ==\
        \ test@example.com\\n\"\n      }\n     ]\n    }\n   },\n   \"servicePrincipalProfile\"\
        : {\n    \"clientId\":\"00000000-0000-0000-0000-000000000001\"\n   },\n  \
        \ \"addonProfiles\": {\n    \"omsagent\": {\n     \"enabled\": false,\n  \
        \   \"config\": null\n    }\n   },\n   \"nodeResourceGroup\": \"MC_clitest000001_cliakstest000002_westus2\"\
        ,\n   \"enableRBAC\": true,\n   \"enablePodSecurityPolicy\": false,\n   \"\
        networkProfile\": {\n    \"networkPlugin\": \"kubenet\",\n    \"loadBalancerSku\"\
        : \"Standard\",\n    \"loadBalancerProfile\": {\n     \"managedOutboundIPs\"\
        : {\n      \"count\": 1\n     },\n     \"effectiveOutboundIPs\": [\n     \
        \ {\n       \"id\": \"/subscriptions/00000000-0000-0000-0000-000000000000/resourceGroups/MC_clitest000001_cliakstest000002_westus2/providers/Microsoft.Network/publicIPAddresses/2c892de8-d206-4ac7-969f-2bd5e6780d26\"\
        \n      }\n     ]\n    },\n    \"podCidr\": \"10.244.0.0/16\",\n    \"serviceCidr\"\
        : \"10.0.0.0/16\",\n    \"dnsServiceIP\": \"10.0.0.10\",\n    \"dockerBridgeCidr\"\
        : \"172.17.0.1/16\",\n    \"outboundType\": \"loadBalancer\"\n   },\n   \"\
        maxAgentPools\": 100,\n   \"identityProfile\": {\n    \"kubeletidentity\"\
        : {\n     \"resourceId\": \"/subscriptions/00000000-0000-0000-0000-000000000000/resourcegroups/MC_clitest000001_cliakstest000002_westus2/providers/Microsoft.ManagedIdentity/userAssignedIdentities/cliakstest000002-agentpool\"\
        ,\n     \"clientId\":\"00000000-0000-0000-0000-000000000001\",\n     \"objectId\"\
        :\"00000000-0000-0000-0000-000000000001\"\n    }\n   },\n   \"disableLocalAccounts\"\
        : false,\n   \"publicNetworkAccess\": \"Enabled\"\n  },\n  \"identity\": {\n\
        \   \"type\": \"SystemAssigned\",\n   \"principalId\":\"00000000-0000-0000-0000-000000000001\"\
        ,\n   \"tenantId\": \"72f988bf-86f1-41af-91ab-2d7cd011db47\"\n  },\n  \"sku\"\
        : {\n   \"name\": \"Basic\",\n   \"tier\": \"Free\"\n  }\n }"
    headers:
      azure-asyncoperation:
      - https://management.azure.com/subscriptions/00000000-0000-0000-0000-000000000000/providers/Microsoft.ContainerService/locations/westus2/operations/5e17b84d-7ecd-4297-a03d-c51c9c5f6ac8?api-version=2016-03-30
      cache-control:
      - no-cache
      content-length:
      - '3823'
      content-type:
      - application/json
      date:
      - Fri, 10 Sep 2021 21:40:32 GMT
      expires:
      - '-1'
      pragma:
      - no-cache
      server:
      - nginx
      strict-transport-security:
      - max-age=31536000; includeSubDomains
      transfer-encoding:
      - chunked
      vary:
      - Accept-Encoding
      x-content-type-options:
      - nosniff
      x-ms-ratelimit-remaining-subscription-writes:
      - '1198'
    status:
      code: 200
      message: OK
- request:
    body: null
    headers:
      Accept:
      - '*/*'
      Accept-Encoding:
      - gzip, deflate
      CommandName:
      - aks disable-addons
      Connection:
      - keep-alive
      ParameterSetName:
      - -a -g -n
      User-Agent:
      - AZURECLI/2.28.0 (DOCKER) azsdk-python-azure-mgmt-containerservice/16.2.0 Python/3.9.6
        (Linux-5.4.0-1055-azure-x86_64-with)
    method: GET
    uri: https://management.azure.com/subscriptions/00000000-0000-0000-0000-000000000000/providers/Microsoft.ContainerService/locations/westus2/operations/5e17b84d-7ecd-4297-a03d-c51c9c5f6ac8?api-version=2016-03-30
  response:
    body:
      string: "{\n  \"name\": \"4db8175e-cd7e-9742-a03d-c51c9c5f6ac8\",\n  \"status\"\
        : \"InProgress\",\n  \"startTime\": \"2021-09-10T21:40:33.3133333Z\"\n }"
    headers:
      cache-control:
      - no-cache
      content-length:
      - '126'
      content-type:
      - application/json
      date:
      - Fri, 10 Sep 2021 21:41:03 GMT
      expires:
      - '-1'
      pragma:
      - no-cache
      server:
      - nginx
      strict-transport-security:
      - max-age=31536000; includeSubDomains
      transfer-encoding:
      - chunked
      vary:
      - Accept-Encoding
      x-content-type-options:
      - nosniff
    status:
      code: 200
      message: OK
- request:
    body: null
    headers:
      Accept:
      - '*/*'
      Accept-Encoding:
      - gzip, deflate
      CommandName:
      - aks disable-addons
      Connection:
      - keep-alive
      ParameterSetName:
      - -a -g -n
      User-Agent:
      - AZURECLI/2.28.0 (DOCKER) azsdk-python-azure-mgmt-containerservice/16.2.0 Python/3.9.6
        (Linux-5.4.0-1055-azure-x86_64-with)
    method: GET
    uri: https://management.azure.com/subscriptions/00000000-0000-0000-0000-000000000000/providers/Microsoft.ContainerService/locations/westus2/operations/5e17b84d-7ecd-4297-a03d-c51c9c5f6ac8?api-version=2016-03-30
  response:
    body:
      string: "{\n  \"name\": \"4db8175e-cd7e-9742-a03d-c51c9c5f6ac8\",\n  \"status\"\
        : \"Succeeded\",\n  \"startTime\": \"2021-09-10T21:40:33.3133333Z\",\n  \"\
        endTime\": \"2021-09-10T21:41:30.2413162Z\"\n }"
    headers:
      cache-control:
      - no-cache
      content-length:
      - '170'
      content-type:
      - application/json
      date:
      - Fri, 10 Sep 2021 21:41:33 GMT
      expires:
      - '-1'
      pragma:
      - no-cache
      server:
      - nginx
      strict-transport-security:
      - max-age=31536000; includeSubDomains
      transfer-encoding:
      - chunked
      vary:
      - Accept-Encoding
      x-content-type-options:
      - nosniff
    status:
      code: 200
      message: OK
- request:
    body: null
    headers:
      Accept:
      - '*/*'
      Accept-Encoding:
      - gzip, deflate
      CommandName:
      - aks disable-addons
      Connection:
      - keep-alive
      ParameterSetName:
      - -a -g -n
      User-Agent:
      - AZURECLI/2.28.0 (DOCKER) azsdk-python-azure-mgmt-containerservice/16.2.0 Python/3.9.6
        (Linux-5.4.0-1055-azure-x86_64-with)
    method: GET
    uri: https://management.azure.com/subscriptions/00000000-0000-0000-0000-000000000000/resourceGroups/clitest000001/providers/Microsoft.ContainerService/managedClusters/cliakstest000002?api-version=2021-08-01
  response:
    body:
      string: "{\n  \"id\": \"/subscriptions/00000000-0000-0000-0000-000000000000/resourcegroups/clitest000001/providers/Microsoft.ContainerService/managedClusters/cliakstest000002\"\
        ,\n  \"location\": \"westus2\",\n  \"name\": \"cliakstest000002\",\n  \"type\"\
        : \"Microsoft.ContainerService/ManagedClusters\",\n  \"properties\": {\n \
        \  \"provisioningState\": \"Succeeded\",\n   \"powerState\": {\n    \"code\"\
        : \"Running\"\n   },\n   \"kubernetesVersion\": \"1.20.9\",\n   \"dnsPrefix\"\
        : \"cliakstest-clitest3bjvq3yec-8ecadf\",\n   \"fqdn\": \"cliakstest-clitest3bjvq3yec-8ecadf-db63d2cb.hcp.westus2.azmk8s.io\"\
        ,\n   \"azurePortalFQDN\": \"cliakstest-clitest3bjvq3yec-8ecadf-db63d2cb.portal.hcp.westus2.azmk8s.io\"\
        ,\n   \"agentPoolProfiles\": [\n    {\n     \"name\": \"nodepool1\",\n   \
        \  \"count\": 1,\n     \"vmSize\": \"Standard_DS2_v2\",\n     \"osDiskSizeGB\"\
        : 128,\n     \"osDiskType\": \"Managed\",\n     \"kubeletDiskType\": \"OS\"\
        ,\n     \"maxPods\": 110,\n     \"type\": \"VirtualMachineScaleSets\",\n \
        \    \"provisioningState\": \"Succeeded\",\n     \"powerState\": {\n     \
        \ \"code\": \"Running\"\n     },\n     \"orchestratorVersion\": \"1.20.9\"\
        ,\n     \"enableNodePublicIP\": false,\n     \"mode\": \"System\",\n     \"\
        enableEncryptionAtHost\": false,\n     \"enableUltraSSD\": false,\n     \"\
        osType\": \"Linux\",\n     \"osSKU\": \"Ubuntu\",\n     \"nodeImageVersion\"\
        : \"AKSUbuntu-1804gen2containerd-2021.08.26\",\n     \"enableFIPS\": false\n\
        \    }\n   ],\n   \"linuxProfile\": {\n    \"adminUsername\": \"azureuser\"\
        ,\n    \"ssh\": {\n     \"publicKeys\": [\n      {\n       \"keyData\": \"\
        ssh-rsa AAAAB3NzaC1yc2EAAAADAQABAAACAQCbIg1guRHbI0lV11wWDt1r2cUdcNd27CJsg+SfgC7miZeubtwUhbsPdhMQsfDyhOWHq1+ZL0M+nJZV63d/1dhmhtgyOqejUwrPlzKhydsbrsdUor+JmNJDdW01v7BXHyuymT8G4s09jCasNOwiufbP/qp72ruu0bIA1nySsvlf9pCQAuFkAnVnf/rFhUlOkhtRpwcq8SUNY2zRHR/EKb/4NWY1JzR4sa3q2fWIJdrrX0DvLoa5g9bIEd4Df79ba7v+yiUBOS0zT2ll+z4g9izHK3EO5d8hL4jYxcjKs+wcslSYRWrascfscLgMlMGh0CdKeNTDjHpGPncaf3Z+FwwwjWeuiNBxv7bJo13/8B/098KlVDl4GZqsoBCEjPyJfV6hO0y/LkRGkk7oHWKgeWAfKtfLItRp00eZ4fcJNK9kCaSMmEugoZWcI7NGbZXzqFWqbpRI7NcDP9+WIQ+i9U5vqWsqd/zng4kbuAJ6UuKqIzB0upYrLShfQE3SAck8oaLhJqqq56VfDuASNpJKidV+zq27HfSBmbXnkR/5AK337dc3MXKJypoK/QPMLKUAP5XLPbs+NddJQV7EZXd29DLgp+fRIg3edpKdO7ZErWhv7d+3Kws+e1Y+ypmR2WIVSwVyBEUfgv2C8Ts9gnTF4pNcEY/S2aBicz5Ew2+jdyGNQQ==\
        \ test@example.com\\n\"\n      }\n     ]\n    }\n   },\n   \"servicePrincipalProfile\"\
        : {\n    \"clientId\":\"00000000-0000-0000-0000-000000000001\"\n   },\n  \
        \ \"addonProfiles\": {\n    \"omsagent\": {\n     \"enabled\": false,\n  \
        \   \"config\": null\n    }\n   },\n   \"nodeResourceGroup\": \"MC_clitest000001_cliakstest000002_westus2\"\
        ,\n   \"enableRBAC\": true,\n   \"enablePodSecurityPolicy\": false,\n   \"\
        networkProfile\": {\n    \"networkPlugin\": \"kubenet\",\n    \"loadBalancerSku\"\
        : \"Standard\",\n    \"loadBalancerProfile\": {\n     \"managedOutboundIPs\"\
        : {\n      \"count\": 1\n     },\n     \"effectiveOutboundIPs\": [\n     \
        \ {\n       \"id\": \"/subscriptions/00000000-0000-0000-0000-000000000000/resourceGroups/MC_clitest000001_cliakstest000002_westus2/providers/Microsoft.Network/publicIPAddresses/2c892de8-d206-4ac7-969f-2bd5e6780d26\"\
        \n      }\n     ]\n    },\n    \"podCidr\": \"10.244.0.0/16\",\n    \"serviceCidr\"\
        : \"10.0.0.0/16\",\n    \"dnsServiceIP\": \"10.0.0.10\",\n    \"dockerBridgeCidr\"\
        : \"172.17.0.1/16\",\n    \"outboundType\": \"loadBalancer\"\n   },\n   \"\
        maxAgentPools\": 100,\n   \"identityProfile\": {\n    \"kubeletidentity\"\
        : {\n     \"resourceId\": \"/subscriptions/00000000-0000-0000-0000-000000000000/resourcegroups/MC_clitest000001_cliakstest000002_westus2/providers/Microsoft.ManagedIdentity/userAssignedIdentities/cliakstest000002-agentpool\"\
        ,\n     \"clientId\":\"00000000-0000-0000-0000-000000000001\",\n     \"objectId\"\
        :\"00000000-0000-0000-0000-000000000001\"\n    }\n   },\n   \"disableLocalAccounts\"\
        : false,\n   \"publicNetworkAccess\": \"Enabled\"\n  },\n  \"identity\": {\n\
        \   \"type\": \"SystemAssigned\",\n   \"principalId\":\"00000000-0000-0000-0000-000000000001\"\
        ,\n   \"tenantId\": \"72f988bf-86f1-41af-91ab-2d7cd011db47\"\n  },\n  \"sku\"\
        : {\n   \"name\": \"Basic\",\n   \"tier\": \"Free\"\n  }\n }"
    headers:
      cache-control:
      - no-cache
      content-length:
      - '3825'
      content-type:
      - application/json
      date:
      - Fri, 10 Sep 2021 21:41:34 GMT
      expires:
      - '-1'
      pragma:
      - no-cache
      server:
      - nginx
      strict-transport-security:
      - max-age=31536000; includeSubDomains
      transfer-encoding:
      - chunked
      vary:
      - Accept-Encoding
      x-content-type-options:
      - nosniff
    status:
      code: 200
      message: OK
- request:
    body: null
    headers:
      Accept:
      - application/json
      Accept-Encoding:
      - gzip, deflate
      CommandName:
      - aks delete
      Connection:
      - keep-alive
      Content-Length:
      - '0'
      ParameterSetName:
      - -g -n --yes --no-wait
      User-Agent:
      - AZURECLI/2.28.0 (DOCKER) azsdk-python-azure-mgmt-containerservice/16.1.0 Python/3.9.6
        (Linux-5.4.0-1055-azure-x86_64-with)
    method: DELETE
    uri: https://management.azure.com/subscriptions/00000000-0000-0000-0000-000000000000/resourceGroups/clitest000001/providers/Microsoft.ContainerService/managedClusters/cliakstest000002?api-version=2021-07-01
  response:
    body:
      string: ''
    headers:
      azure-asyncoperation:
      - https://management.azure.com/subscriptions/00000000-0000-0000-0000-000000000000/providers/Microsoft.ContainerService/locations/westus2/operations/e986fc3d-d576-4dcb-ac11-0786eb6ef5c6?api-version=2016-03-30
      cache-control:
      - no-cache
      content-length:
      - '0'
      date:
      - Fri, 10 Sep 2021 21:41:36 GMT
      expires:
      - '-1'
      location:
      - https://management.azure.com/subscriptions/00000000-0000-0000-0000-000000000000/providers/Microsoft.ContainerService/locations/westus2/operationresults/e986fc3d-d576-4dcb-ac11-0786eb6ef5c6?api-version=2016-03-30
      pragma:
      - no-cache
      server:
      - nginx
      strict-transport-security:
      - max-age=31536000; includeSubDomains
      x-content-type-options:
      - nosniff
      x-ms-ratelimit-remaining-subscription-deletes:
      - '14999'
    status:
      code: 202
      message: Accepted
version: 1
