interactions:
- request:
    body: '{"location": "westus2", "identity": {"type": "UserAssigned", "userAssignedIdentities":
      {"/subscriptions/00000000-0000-0000-0000-000000000000/resourceGroups/staging-crg-rg/providers/Microsoft.ManagedIdentity/userAssignedIdentities/crg-rg-id":
      {}}}, "properties": {"kubernetesVersion": "", "dnsPrefix": "cliakstest-clitestingypp6ol-26fe00",
      "agentPoolProfiles": [{"count": 1, "vmSize": "Standard_D4s_v3", "workloadRuntime":
      "OCIContainer", "osType": "Linux", "enableAutoScaling": false, "type": "VirtualMachineScaleSets",
      "mode": "System", "enableNodePublicIP": false, "scaleSetPriority": "Regular",
      "scaleSetEvictionPolicy": "Delete", "spotMaxPrice": -1.0, "enableEncryptionAtHost":
      false, "enableUltraSSD": false, "enableFIPS": false, "capacityReservationGroupID":
      "/subscriptions/00000000-0000-0000-0000-000000000000/resourceGroups/STAGING-CRG-RG/providers/Microsoft.Compute/capacityReservationGroups/crg-3",
      "name": "c000002"}], "linuxProfile": {"adminUsername": "azureuser", "ssh": {"publicKeys":
      [{"keyData": "ssh-rsa AAAAB3NzaC1yc2EAAAADAQABAAACAQCbIg1guRHbI0lV11wWDt1r2cUdcNd27CJsg+SfgC7miZeubtwUhbsPdhMQsfDyhOWHq1+ZL0M+nJZV63d/1dhmhtgyOqejUwrPlzKhydsbrsdUor+JmNJDdW01v7BXHyuymT8G4s09jCasNOwiufbP/qp72ruu0bIA1nySsvlf9pCQAuFkAnVnf/rFhUlOkhtRpwcq8SUNY2zRHR/EKb/4NWY1JzR4sa3q2fWIJdrrX0DvLoa5g9bIEd4Df79ba7v+yiUBOS0zT2ll+z4g9izHK3EO5d8hL4jYxcjKs+wcslSYRWrascfscLgMlMGh0CdKeNTDjHpGPncaf3Z+FwwwjWeuiNBxv7bJo13/8B/098KlVDl4GZqsoBCEjPyJfV6hO0y/LkRGkk7oHWKgeWAfKtfLItRp00eZ4fcJNK9kCaSMmEugoZWcI7NGbZXzqFWqbpRI7NcDP9+WIQ+i9U5vqWsqd/zng4kbuAJ6UuKqIzB0upYrLShfQE3SAck8oaLhJqqq56VfDuASNpJKidV+zq27HfSBmbXnkR/5AK337dc3MXKJypoK/QPMLKUAP5XLPbs+NddJQV7EZXd29DLgp+fRIg3edpKdO7ZErWhv7d+3Kws+e1Y+ypmR2WIVSwVyBEUfgv2C8Ts9gnTF4pNcEY/S2aBicz5Ew2+jdyGNQQ==
      test@example.com\n"}]}}, "addonProfiles": {}, "enableRBAC": true, "enablePodSecurityPolicy":
      false, "networkProfile": {"networkPlugin": "kubenet", "podCidr": "10.244.0.0/16",
      "serviceCidr": "10.0.0.0/16", "dnsServiceIP": "10.0.0.10", "dockerBridgeCidr":
      "172.17.0.1/16", "outboundType": "loadBalancer", "loadBalancerSku": "standard"},
      "disableLocalAccounts": false}}'
    headers:
      Accept:
      - application/json
      Accept-Encoding:
      - gzip, deflate
      CommandName:
      - aks create
      Connection:
      - keep-alive
      Content-Length:
      - '2105'
      Content-Type:
      - application/json
      ParameterSetName:
      - --resource-group --name --location --node-vm-size --nodepool-name -c --enable-managed-identity
        --assign-identity --crg-id --ssh-key-value
      User-Agent:
      - AZURECLI/2.32.0 (DOCKER) azsdk-python-azure-mgmt-containerservice/16.5.0 Python/3.9.6
        (Linux-5.10.76-linuxkit-x86_64-with)
    method: PUT
    uri: https://management.azure.com/subscriptions/00000000-0000-0000-0000-000000000000/resourceGroups/clitest000001/providers/Microsoft.ContainerService/managedClusters/cliakstest000001?api-version=2021-11-01-preview
  response:
    body:
      string: "{\n  \"id\": \"/subscriptions/00000000-0000-0000-0000-000000000000/resourcegroups/clitest000001/providers/Microsoft.ContainerService/managedClusters/cliakstest000001\"\
        ,\n  \"location\": \"westus2\",\n  \"name\": \"cliakstest000001\",\n  \"type\"\
        : \"Microsoft.ContainerService/ManagedClusters\",\n  \"properties\": {\n \
        \  \"provisioningState\": \"Creating\",\n   \"powerState\": {\n    \"code\"\
        : \"Running\"\n   },\n   \"kubernetesVersion\": \"1.21.7\",\n   \"currentKubernetesVersion\"\
        : \"1.21.7\",\n   \"dnsPrefix\": \"cliakstest-clitestingypp6ol-26fe00\",\n\
        \   \"fqdn\": \"cliakstest-clitestingypp6ol-26fe00-2b4d1f83.hcp.westus2.staging.azmk8s.io\"\
        ,\n   \"azurePortalFQDN\": \"cliakstest-clitestingypp6ol-26fe00-2b4d1f83.portal.hcp.westus2.staging.azmk8s.io\"\
        ,\n   \"agentPoolProfiles\": [\n    {\n     \"name\": \"c000002\",\n     \"\
        count\": 1,\n     \"vmSize\": \"Standard_D4s_v3\",\n     \"osDiskSizeGB\"\
        : 128,\n     \"osDiskType\": \"Managed\",\n     \"kubeletDiskType\": \"OS\"\
        ,\n     \"workloadRuntime\": \"OCIContainer\",\n     \"maxPods\": 110,\n \
        \    \"type\": \"VirtualMachineScaleSets\",\n     \"enableAutoScaling\": false,\n\
        \     \"provisioningState\": \"Creating\",\n     \"powerState\": {\n     \
        \ \"code\": \"Running\"\n     },\n     \"orchestratorVersion\": \"1.21.7\"\
        ,\n     \"enableNodePublicIP\": false,\n     \"mode\": \"System\",\n     \"\
        enableEncryptionAtHost\": false,\n     \"enableUltraSSD\": false,\n     \"\
        osType\": \"Linux\",\n     \"osSKU\": \"Ubuntu\",\n     \"nodeImageVersion\"\
        : \"AKSUbuntu-1804gen2containerd-2022.01.24\",\n     \"enableFIPS\": false,\n\
        \     \"capacityReservationGroupID\": \"/subscriptions/00000000-0000-0000-0000-000000000000/resourceGroups/STAGING-CRG-RG/providers/Microsoft.Compute/capacityReservationGroups/crg-3\"\
        \n    }\n   ],\n   \"linuxProfile\": {\n    \"adminUsername\": \"azureuser\"\
        ,\n    \"ssh\": {\n     \"publicKeys\": [\n      {\n       \"keyData\": \"\
        ssh-rsa AAAAB3NzaC1yc2EAAAADAQABAAACAQCbIg1guRHbI0lV11wWDt1r2cUdcNd27CJsg+SfgC7miZeubtwUhbsPdhMQsfDyhOWHq1+ZL0M+nJZV63d/1dhmhtgyOqejUwrPlzKhydsbrsdUor+JmNJDdW01v7BXHyuymT8G4s09jCasNOwiufbP/qp72ruu0bIA1nySsvlf9pCQAuFkAnVnf/rFhUlOkhtRpwcq8SUNY2zRHR/EKb/4NWY1JzR4sa3q2fWIJdrrX0DvLoa5g9bIEd4Df79ba7v+yiUBOS0zT2ll+z4g9izHK3EO5d8hL4jYxcjKs+wcslSYRWrascfscLgMlMGh0CdKeNTDjHpGPncaf3Z+FwwwjWeuiNBxv7bJo13/8B/098KlVDl4GZqsoBCEjPyJfV6hO0y/LkRGkk7oHWKgeWAfKtfLItRp00eZ4fcJNK9kCaSMmEugoZWcI7NGbZXzqFWqbpRI7NcDP9+WIQ+i9U5vqWsqd/zng4kbuAJ6UuKqIzB0upYrLShfQE3SAck8oaLhJqqq56VfDuASNpJKidV+zq27HfSBmbXnkR/5AK337dc3MXKJypoK/QPMLKUAP5XLPbs+NddJQV7EZXd29DLgp+fRIg3edpKdO7ZErWhv7d+3Kws+e1Y+ypmR2WIVSwVyBEUfgv2C8Ts9gnTF4pNcEY/S2aBicz5Ew2+jdyGNQQ==\
        \ test@example.com\\n\"\n      }\n     ]\n    }\n   },\n   \"servicePrincipalProfile\"\
        : {\n    \"clientId\":\"00000000-0000-0000-0000-000000000001\"\n   },\n  \
        \ \"nodeResourceGroup\": \"MC_clitest000001_cliakstest000001_westus2\",\n\
        \   \"enableRBAC\": true,\n   \"enablePodSecurityPolicy\": false,\n   \"networkProfile\"\
        : {\n    \"networkPlugin\": \"kubenet\",\n    \"loadBalancerSku\": \"standard\"\
        ,\n    \"loadBalancerProfile\": {\n     \"managedOutboundIPs\": {\n      \"\
        count\": 1\n     }\n    },\n    \"podCidr\": \"10.244.0.0/16\",\n    \"serviceCidr\"\
        : \"10.0.0.0/16\",\n    \"dnsServiceIP\": \"10.0.0.10\",\n    \"dockerBridgeCidr\"\
        : \"172.17.0.1/16\",\n    \"outboundType\": \"loadBalancer\",\n    \"podCidrs\"\
        : [\n     \"10.244.0.0/16\"\n    ],\n    \"serviceCidrs\": [\n     \"10.0.0.0/16\"\
        \n    ],\n    \"ipFamilies\": [\n     \"IPv4\"\n    ]\n   },\n   \"maxAgentPools\"\
        : 100,\n   \"disableLocalAccounts\": false,\n   \"oidcIssuerProfile\": {\n\
        \    \"enabled\": false\n   }\n  },\n  \"identity\": {\n   \"type\": \"UserAssigned\"\
        ,\n   \"userAssignedIdentities\": {\n    \"/subscriptions/00000000-0000-0000-0000-000000000000/resourceGroups/staging-crg-rg/providers/Microsoft.ManagedIdentity/userAssignedIdentities/crg-rg-id\"\
        : {}\n   }\n  },\n  \"sku\": {\n   \"name\": \"Basic\",\n   \"tier\": \"Free\"\
        \n  }\n }"
    headers:
      azure-asyncoperation:
      - https://management.azure.com/subscriptions/00000000-0000-0000-0000-000000000000/providers/Microsoft.ContainerService/locations/westus2/operations/97e044f1-8b09-43dc-8309-8f4aeec6bf27?api-version=2016-03-30
      cache-control:
      - no-cache
      content-length:
      - '3631'
      content-type:
      - application/json
      date:
      - Fri, 04 Feb 2022 06:04:21 GMT
      expires:
      - '-1'
      pragma:
      - no-cache
      server:
      - nginx
      strict-transport-security:
      - max-age=31536000; includeSubDomains
      x-content-type-options:
      - nosniff
      x-ms-ratelimit-remaining-subscription-writes:
      - '1199'
    status:
      code: 201
      message: Created
- request:
    body: null
    headers:
      Accept:
      - '*/*'
      Accept-Encoding:
      - gzip, deflate
      CommandName:
      - aks create
      Connection:
      - keep-alive
      ParameterSetName:
      - --resource-group --name --location --node-vm-size --nodepool-name -c --enable-managed-identity
        --assign-identity --crg-id --ssh-key-value
      User-Agent:
      - AZURECLI/2.32.0 (DOCKER) azsdk-python-azure-mgmt-containerservice/16.5.0 Python/3.9.6
        (Linux-5.10.76-linuxkit-x86_64-with)
    method: GET
    uri: https://management.azure.com/subscriptions/00000000-0000-0000-0000-000000000000/providers/Microsoft.ContainerService/locations/westus2/operations/97e044f1-8b09-43dc-8309-8f4aeec6bf27?api-version=2016-03-30
  response:
    body:
      string: "{\n  \"name\": \"f144e097-098b-dc43-8309-8f4aeec6bf27\",\n  \"status\"\
        : \"InProgress\",\n  \"startTime\": \"2022-02-04T06:04:21.1733333Z\"\n }"
    headers:
      cache-control:
      - no-cache
      content-length:
      - '126'
      content-type:
      - application/json
      date:
      - Fri, 04 Feb 2022 06:04:51 GMT
      expires:
      - '-1'
      pragma:
      - no-cache
      server:
      - nginx
      strict-transport-security:
      - max-age=31536000; includeSubDomains
      transfer-encoding:
      - chunked
      vary:
      - Accept-Encoding
      x-content-type-options:
      - nosniff
    status:
      code: 200
      message: OK
- request:
    body: null
    headers:
      Accept:
      - '*/*'
      Accept-Encoding:
      - gzip, deflate
      CommandName:
      - aks create
      Connection:
      - keep-alive
      ParameterSetName:
      - --resource-group --name --location --node-vm-size --nodepool-name -c --enable-managed-identity
        --assign-identity --crg-id --ssh-key-value
      User-Agent:
      - AZURECLI/2.32.0 (DOCKER) azsdk-python-azure-mgmt-containerservice/16.5.0 Python/3.9.6
        (Linux-5.10.76-linuxkit-x86_64-with)
    method: GET
    uri: https://management.azure.com/subscriptions/00000000-0000-0000-0000-000000000000/providers/Microsoft.ContainerService/locations/westus2/operations/97e044f1-8b09-43dc-8309-8f4aeec6bf27?api-version=2016-03-30
  response:
    body:
      string: "{\n  \"name\": \"f144e097-098b-dc43-8309-8f4aeec6bf27\",\n  \"status\"\
        : \"InProgress\",\n  \"startTime\": \"2022-02-04T06:04:21.1733333Z\"\n }"
    headers:
      cache-control:
      - no-cache
      content-length:
      - '126'
      content-type:
      - application/json
      date:
      - Fri, 04 Feb 2022 06:05:21 GMT
      expires:
      - '-1'
      pragma:
      - no-cache
      server:
      - nginx
      strict-transport-security:
      - max-age=31536000; includeSubDomains
      transfer-encoding:
      - chunked
      vary:
      - Accept-Encoding
      x-content-type-options:
      - nosniff
    status:
      code: 200
      message: OK
- request:
    body: null
    headers:
      Accept:
      - '*/*'
      Accept-Encoding:
      - gzip, deflate
      CommandName:
      - aks create
      Connection:
      - keep-alive
      ParameterSetName:
      - --resource-group --name --location --node-vm-size --nodepool-name -c --enable-managed-identity
        --assign-identity --crg-id --ssh-key-value
      User-Agent:
      - AZURECLI/2.32.0 (DOCKER) azsdk-python-azure-mgmt-containerservice/16.5.0 Python/3.9.6
        (Linux-5.10.76-linuxkit-x86_64-with)
    method: GET
    uri: https://management.azure.com/subscriptions/00000000-0000-0000-0000-000000000000/providers/Microsoft.ContainerService/locations/westus2/operations/97e044f1-8b09-43dc-8309-8f4aeec6bf27?api-version=2016-03-30
  response:
    body:
      string: "{\n  \"name\": \"f144e097-098b-dc43-8309-8f4aeec6bf27\",\n  \"status\"\
        : \"InProgress\",\n  \"startTime\": \"2022-02-04T06:04:21.1733333Z\"\n }"
    headers:
      cache-control:
      - no-cache
      content-length:
      - '126'
      content-type:
      - application/json
      date:
      - Fri, 04 Feb 2022 06:05:52 GMT
      expires:
      - '-1'
      pragma:
      - no-cache
      server:
      - nginx
      strict-transport-security:
      - max-age=31536000; includeSubDomains
      transfer-encoding:
      - chunked
      vary:
      - Accept-Encoding
      x-content-type-options:
      - nosniff
    status:
      code: 200
      message: OK
- request:
    body: null
    headers:
      Accept:
      - '*/*'
      Accept-Encoding:
      - gzip, deflate
      CommandName:
      - aks create
      Connection:
      - keep-alive
      ParameterSetName:
      - --resource-group --name --location --node-vm-size --nodepool-name -c --enable-managed-identity
        --assign-identity --crg-id --ssh-key-value
      User-Agent:
      - AZURECLI/2.32.0 (DOCKER) azsdk-python-azure-mgmt-containerservice/16.5.0 Python/3.9.6
        (Linux-5.10.76-linuxkit-x86_64-with)
    method: GET
    uri: https://management.azure.com/subscriptions/00000000-0000-0000-0000-000000000000/providers/Microsoft.ContainerService/locations/westus2/operations/97e044f1-8b09-43dc-8309-8f4aeec6bf27?api-version=2016-03-30
  response:
    body:
      string: "{\n  \"name\": \"f144e097-098b-dc43-8309-8f4aeec6bf27\",\n  \"status\"\
        : \"InProgress\",\n  \"startTime\": \"2022-02-04T06:04:21.1733333Z\"\n }"
    headers:
      cache-control:
      - no-cache
      content-length:
      - '126'
      content-type:
      - application/json
      date:
      - Fri, 04 Feb 2022 06:06:21 GMT
      expires:
      - '-1'
      pragma:
      - no-cache
      server:
      - nginx
      strict-transport-security:
      - max-age=31536000; includeSubDomains
      transfer-encoding:
      - chunked
      vary:
      - Accept-Encoding
      x-content-type-options:
      - nosniff
    status:
      code: 200
      message: OK
- request:
    body: null
    headers:
      Accept:
      - '*/*'
      Accept-Encoding:
      - gzip, deflate
      CommandName:
      - aks create
      Connection:
      - keep-alive
      ParameterSetName:
      - --resource-group --name --location --node-vm-size --nodepool-name -c --enable-managed-identity
        --assign-identity --crg-id --ssh-key-value
      User-Agent:
      - AZURECLI/2.32.0 (DOCKER) azsdk-python-azure-mgmt-containerservice/16.5.0 Python/3.9.6
        (Linux-5.10.76-linuxkit-x86_64-with)
    method: GET
    uri: https://management.azure.com/subscriptions/00000000-0000-0000-0000-000000000000/providers/Microsoft.ContainerService/locations/westus2/operations/97e044f1-8b09-43dc-8309-8f4aeec6bf27?api-version=2016-03-30
  response:
    body:
      string: "{\n  \"name\": \"f144e097-098b-dc43-8309-8f4aeec6bf27\",\n  \"status\"\
        : \"InProgress\",\n  \"startTime\": \"2022-02-04T06:04:21.1733333Z\"\n }"
    headers:
      cache-control:
      - no-cache
      content-length:
      - '126'
      content-type:
      - application/json
      date:
      - Fri, 04 Feb 2022 06:06:52 GMT
      expires:
      - '-1'
      pragma:
      - no-cache
      server:
      - nginx
      strict-transport-security:
      - max-age=31536000; includeSubDomains
      transfer-encoding:
      - chunked
      vary:
      - Accept-Encoding
      x-content-type-options:
      - nosniff
    status:
      code: 200
      message: OK
- request:
    body: null
    headers:
      Accept:
      - '*/*'
      Accept-Encoding:
      - gzip, deflate
      CommandName:
      - aks create
      Connection:
      - keep-alive
      ParameterSetName:
      - --resource-group --name --location --node-vm-size --nodepool-name -c --enable-managed-identity
        --assign-identity --crg-id --ssh-key-value
      User-Agent:
      - AZURECLI/2.32.0 (DOCKER) azsdk-python-azure-mgmt-containerservice/16.5.0 Python/3.9.6
        (Linux-5.10.76-linuxkit-x86_64-with)
    method: GET
    uri: https://management.azure.com/subscriptions/00000000-0000-0000-0000-000000000000/providers/Microsoft.ContainerService/locations/westus2/operations/97e044f1-8b09-43dc-8309-8f4aeec6bf27?api-version=2016-03-30
  response:
    body:
      string: "{\n  \"name\": \"f144e097-098b-dc43-8309-8f4aeec6bf27\",\n  \"status\"\
        : \"InProgress\",\n  \"startTime\": \"2022-02-04T06:04:21.1733333Z\"\n }"
    headers:
      cache-control:
      - no-cache
      content-length:
      - '126'
      content-type:
      - application/json
      date:
      - Fri, 04 Feb 2022 06:07:22 GMT
      expires:
      - '-1'
      pragma:
      - no-cache
      server:
      - nginx
      strict-transport-security:
      - max-age=31536000; includeSubDomains
      transfer-encoding:
      - chunked
      vary:
      - Accept-Encoding
      x-content-type-options:
      - nosniff
    status:
      code: 200
      message: OK
- request:
    body: null
    headers:
      Accept:
      - '*/*'
      Accept-Encoding:
      - gzip, deflate
      CommandName:
      - aks create
      Connection:
      - keep-alive
      ParameterSetName:
      - --resource-group --name --location --node-vm-size --nodepool-name -c --enable-managed-identity
        --assign-identity --crg-id --ssh-key-value
      User-Agent:
      - AZURECLI/2.32.0 (DOCKER) azsdk-python-azure-mgmt-containerservice/16.5.0 Python/3.9.6
        (Linux-5.10.76-linuxkit-x86_64-with)
    method: GET
    uri: https://management.azure.com/subscriptions/00000000-0000-0000-0000-000000000000/providers/Microsoft.ContainerService/locations/westus2/operations/97e044f1-8b09-43dc-8309-8f4aeec6bf27?api-version=2016-03-30
  response:
    body:
      string: "{\n  \"name\": \"f144e097-098b-dc43-8309-8f4aeec6bf27\",\n  \"status\"\
        : \"InProgress\",\n  \"startTime\": \"2022-02-04T06:04:21.1733333Z\"\n }"
    headers:
      cache-control:
      - no-cache
      content-length:
      - '126'
      content-type:
      - application/json
      date:
      - Fri, 04 Feb 2022 06:07:52 GMT
      expires:
      - '-1'
      pragma:
      - no-cache
      server:
      - nginx
      strict-transport-security:
      - max-age=31536000; includeSubDomains
      transfer-encoding:
      - chunked
      vary:
      - Accept-Encoding
      x-content-type-options:
      - nosniff
    status:
      code: 200
      message: OK
- request:
    body: null
    headers:
      Accept:
      - '*/*'
      Accept-Encoding:
      - gzip, deflate
      CommandName:
      - aks create
      Connection:
      - keep-alive
      ParameterSetName:
      - --resource-group --name --location --node-vm-size --nodepool-name -c --enable-managed-identity
        --assign-identity --crg-id --ssh-key-value
      User-Agent:
      - AZURECLI/2.32.0 (DOCKER) azsdk-python-azure-mgmt-containerservice/16.5.0 Python/3.9.6
        (Linux-5.10.76-linuxkit-x86_64-with)
    method: GET
    uri: https://management.azure.com/subscriptions/00000000-0000-0000-0000-000000000000/providers/Microsoft.ContainerService/locations/westus2/operations/97e044f1-8b09-43dc-8309-8f4aeec6bf27?api-version=2016-03-30
  response:
    body:
      string: "{\n  \"name\": \"f144e097-098b-dc43-8309-8f4aeec6bf27\",\n  \"status\"\
        : \"InProgress\",\n  \"startTime\": \"2022-02-04T06:04:21.1733333Z\"\n }"
    headers:
      cache-control:
      - no-cache
      content-length:
      - '126'
      content-type:
      - application/json
      date:
      - Fri, 04 Feb 2022 06:08:22 GMT
      expires:
      - '-1'
      pragma:
      - no-cache
      server:
      - nginx
      strict-transport-security:
      - max-age=31536000; includeSubDomains
      transfer-encoding:
      - chunked
      vary:
      - Accept-Encoding
      x-content-type-options:
      - nosniff
    status:
      code: 200
      message: OK
- request:
    body: null
    headers:
      Accept:
      - '*/*'
      Accept-Encoding:
      - gzip, deflate
      CommandName:
      - aks create
      Connection:
      - keep-alive
      ParameterSetName:
      - --resource-group --name --location --node-vm-size --nodepool-name -c --enable-managed-identity
        --assign-identity --crg-id --ssh-key-value
      User-Agent:
      - AZURECLI/2.32.0 (DOCKER) azsdk-python-azure-mgmt-containerservice/16.5.0 Python/3.9.6
        (Linux-5.10.76-linuxkit-x86_64-with)
    method: GET
    uri: https://management.azure.com/subscriptions/00000000-0000-0000-0000-000000000000/providers/Microsoft.ContainerService/locations/westus2/operations/97e044f1-8b09-43dc-8309-8f4aeec6bf27?api-version=2016-03-30
  response:
    body:
      string: "{\n  \"name\": \"f144e097-098b-dc43-8309-8f4aeec6bf27\",\n  \"status\"\
        : \"InProgress\",\n  \"startTime\": \"2022-02-04T06:04:21.1733333Z\"\n }"
    headers:
      cache-control:
      - no-cache
      content-length:
      - '126'
      content-type:
      - application/json
      date:
      - Fri, 04 Feb 2022 06:08:52 GMT
      expires:
      - '-1'
      pragma:
      - no-cache
      server:
      - nginx
      strict-transport-security:
      - max-age=31536000; includeSubDomains
      transfer-encoding:
      - chunked
      vary:
      - Accept-Encoding
      x-content-type-options:
      - nosniff
    status:
      code: 200
      message: OK
- request:
    body: null
    headers:
      Accept:
      - '*/*'
      Accept-Encoding:
      - gzip, deflate
      CommandName:
      - aks create
      Connection:
      - keep-alive
      ParameterSetName:
      - --resource-group --name --location --node-vm-size --nodepool-name -c --enable-managed-identity
        --assign-identity --crg-id --ssh-key-value
      User-Agent:
      - AZURECLI/2.32.0 (DOCKER) azsdk-python-azure-mgmt-containerservice/16.5.0 Python/3.9.6
        (Linux-5.10.76-linuxkit-x86_64-with)
    method: GET
    uri: https://management.azure.com/subscriptions/00000000-0000-0000-0000-000000000000/providers/Microsoft.ContainerService/locations/westus2/operations/97e044f1-8b09-43dc-8309-8f4aeec6bf27?api-version=2016-03-30
  response:
    body:
      string: "{\n  \"name\": \"f144e097-098b-dc43-8309-8f4aeec6bf27\",\n  \"status\"\
        : \"InProgress\",\n  \"startTime\": \"2022-02-04T06:04:21.1733333Z\"\n }"
    headers:
      cache-control:
      - no-cache
      content-length:
      - '126'
      content-type:
      - application/json
      date:
      - Fri, 04 Feb 2022 06:09:23 GMT
      expires:
      - '-1'
      pragma:
      - no-cache
      server:
      - nginx
      strict-transport-security:
      - max-age=31536000; includeSubDomains
      transfer-encoding:
      - chunked
      vary:
      - Accept-Encoding
      x-content-type-options:
      - nosniff
    status:
      code: 200
      message: OK
- request:
    body: null
    headers:
      Accept:
      - '*/*'
      Accept-Encoding:
      - gzip, deflate
      CommandName:
      - aks create
      Connection:
      - keep-alive
      ParameterSetName:
      - --resource-group --name --location --node-vm-size --nodepool-name -c --enable-managed-identity
        --assign-identity --crg-id --ssh-key-value
      User-Agent:
      - AZURECLI/2.32.0 (DOCKER) azsdk-python-azure-mgmt-containerservice/16.5.0 Python/3.9.6
        (Linux-5.10.76-linuxkit-x86_64-with)
    method: GET
    uri: https://management.azure.com/subscriptions/00000000-0000-0000-0000-000000000000/providers/Microsoft.ContainerService/locations/westus2/operations/97e044f1-8b09-43dc-8309-8f4aeec6bf27?api-version=2016-03-30
  response:
    body:
      string: "{\n  \"name\": \"f144e097-098b-dc43-8309-8f4aeec6bf27\",\n  \"status\"\
        : \"Succeeded\",\n  \"startTime\": \"2022-02-04T06:04:21.1733333Z\",\n  \"\
        endTime\": \"2022-02-04T06:09:32.2912209Z\"\n }"
    headers:
      cache-control:
      - no-cache
      content-length:
      - '170'
      content-type:
      - application/json
      date:
      - Fri, 04 Feb 2022 06:09:53 GMT
      expires:
      - '-1'
      pragma:
      - no-cache
      server:
      - nginx
      strict-transport-security:
      - max-age=31536000; includeSubDomains
      transfer-encoding:
      - chunked
      vary:
      - Accept-Encoding
      x-content-type-options:
      - nosniff
    status:
      code: 200
      message: OK
- request:
    body: null
    headers:
      Accept:
      - '*/*'
      Accept-Encoding:
      - gzip, deflate
      CommandName:
      - aks create
      Connection:
      - keep-alive
      ParameterSetName:
      - --resource-group --name --location --node-vm-size --nodepool-name -c --enable-managed-identity
        --assign-identity --crg-id --ssh-key-value
      User-Agent:
      - AZURECLI/2.32.0 (DOCKER) azsdk-python-azure-mgmt-containerservice/16.5.0 Python/3.9.6
        (Linux-5.10.76-linuxkit-x86_64-with)
    method: GET
    uri: https://management.azure.com/subscriptions/00000000-0000-0000-0000-000000000000/resourceGroups/clitest000001/providers/Microsoft.ContainerService/managedClusters/cliakstest000001?api-version=2021-11-01-preview
  response:
    body:
      string: "{\n  \"id\": \"/subscriptions/00000000-0000-0000-0000-000000000000/resourcegroups/clitest000001/providers/Microsoft.ContainerService/managedClusters/cliakstest000001\"\
        ,\n  \"location\": \"westus2\",\n  \"name\": \"cliakstest000001\",\n  \"type\"\
        : \"Microsoft.ContainerService/ManagedClusters\",\n  \"properties\": {\n \
        \  \"provisioningState\": \"Succeeded\",\n   \"powerState\": {\n    \"code\"\
        : \"Running\"\n   },\n   \"kubernetesVersion\": \"1.21.7\",\n   \"currentKubernetesVersion\"\
        : \"1.21.7\",\n   \"dnsPrefix\": \"cliakstest-clitestingypp6ol-26fe00\",\n\
        \   \"fqdn\": \"cliakstest-clitestingypp6ol-26fe00-2b4d1f83.hcp.westus2.staging.azmk8s.io\"\
        ,\n   \"azurePortalFQDN\": \"cliakstest-clitestingypp6ol-26fe00-2b4d1f83.portal.hcp.westus2.staging.azmk8s.io\"\
        ,\n   \"agentPoolProfiles\": [\n    {\n     \"name\": \"c000002\",\n     \"\
        count\": 1,\n     \"vmSize\": \"Standard_D4s_v3\",\n     \"osDiskSizeGB\"\
        : 128,\n     \"osDiskType\": \"Managed\",\n     \"kubeletDiskType\": \"OS\"\
        ,\n     \"workloadRuntime\": \"OCIContainer\",\n     \"maxPods\": 110,\n \
        \    \"type\": \"VirtualMachineScaleSets\",\n     \"enableAutoScaling\": false,\n\
        \     \"provisioningState\": \"Succeeded\",\n     \"powerState\": {\n    \
        \  \"code\": \"Running\"\n     },\n     \"orchestratorVersion\": \"1.21.7\"\
        ,\n     \"enableNodePublicIP\": false,\n     \"mode\": \"System\",\n     \"\
        enableEncryptionAtHost\": false,\n     \"enableUltraSSD\": false,\n     \"\
        osType\": \"Linux\",\n     \"osSKU\": \"Ubuntu\",\n     \"nodeImageVersion\"\
        : \"AKSUbuntu-1804gen2containerd-2022.01.24\",\n     \"enableFIPS\": false,\n\
        \     \"capacityReservationGroupID\": \"/subscriptions/00000000-0000-0000-0000-000000000000/resourceGroups/STAGING-CRG-RG/providers/Microsoft.Compute/capacityReservationGroups/crg-3\"\
        \n    }\n   ],\n   \"linuxProfile\": {\n    \"adminUsername\": \"azureuser\"\
        ,\n    \"ssh\": {\n     \"publicKeys\": [\n      {\n       \"keyData\": \"\
        ssh-rsa AAAAB3NzaC1yc2EAAAADAQABAAACAQCbIg1guRHbI0lV11wWDt1r2cUdcNd27CJsg+SfgC7miZeubtwUhbsPdhMQsfDyhOWHq1+ZL0M+nJZV63d/1dhmhtgyOqejUwrPlzKhydsbrsdUor+JmNJDdW01v7BXHyuymT8G4s09jCasNOwiufbP/qp72ruu0bIA1nySsvlf9pCQAuFkAnVnf/rFhUlOkhtRpwcq8SUNY2zRHR/EKb/4NWY1JzR4sa3q2fWIJdrrX0DvLoa5g9bIEd4Df79ba7v+yiUBOS0zT2ll+z4g9izHK3EO5d8hL4jYxcjKs+wcslSYRWrascfscLgMlMGh0CdKeNTDjHpGPncaf3Z+FwwwjWeuiNBxv7bJo13/8B/098KlVDl4GZqsoBCEjPyJfV6hO0y/LkRGkk7oHWKgeWAfKtfLItRp00eZ4fcJNK9kCaSMmEugoZWcI7NGbZXzqFWqbpRI7NcDP9+WIQ+i9U5vqWsqd/zng4kbuAJ6UuKqIzB0upYrLShfQE3SAck8oaLhJqqq56VfDuASNpJKidV+zq27HfSBmbXnkR/5AK337dc3MXKJypoK/QPMLKUAP5XLPbs+NddJQV7EZXd29DLgp+fRIg3edpKdO7ZErWhv7d+3Kws+e1Y+ypmR2WIVSwVyBEUfgv2C8Ts9gnTF4pNcEY/S2aBicz5Ew2+jdyGNQQ==\
        \ test@example.com\\n\"\n      }\n     ]\n    }\n   },\n   \"servicePrincipalProfile\"\
        : {\n    \"clientId\":\"00000000-0000-0000-0000-000000000001\"\n   },\n  \
        \ \"nodeResourceGroup\": \"MC_clitest000001_cliakstest000001_westus2\",\n\
        \   \"enableRBAC\": true,\n   \"enablePodSecurityPolicy\": false,\n   \"networkProfile\"\
        : {\n    \"networkPlugin\": \"kubenet\",\n    \"loadBalancerSku\": \"Standard\"\
        ,\n    \"loadBalancerProfile\": {\n     \"managedOutboundIPs\": {\n      \"\
        count\": 1\n     },\n     \"effectiveOutboundIPs\": [\n      {\n       \"\
        id\": \"/subscriptions/00000000-0000-0000-0000-000000000000/resourceGroups/MC_clitest000001_cliakstest000001_westus2/providers/Microsoft.Network/publicIPAddresses/7667f247-d12c-401b-9156-923b8dd98dbd\"\
        \n      }\n     ]\n    },\n    \"podCidr\": \"10.244.0.0/16\",\n    \"serviceCidr\"\
        : \"10.0.0.0/16\",\n    \"dnsServiceIP\": \"10.0.0.10\",\n    \"dockerBridgeCidr\"\
        : \"172.17.0.1/16\",\n    \"outboundType\": \"loadBalancer\",\n    \"podCidrs\"\
        : [\n     \"10.244.0.0/16\"\n    ],\n    \"serviceCidrs\": [\n     \"10.0.0.0/16\"\
        \n    ],\n    \"ipFamilies\": [\n     \"IPv4\"\n    ]\n   },\n   \"maxAgentPools\"\
        : 100,\n   \"identityProfile\": {\n    \"kubeletidentity\": {\n     \"resourceId\"\
        : \"/subscriptions/00000000-0000-0000-0000-000000000000/resourcegroups/MC_clitest000001_cliakstest000001_westus2/providers/Microsoft.ManagedIdentity/userAssignedIdentities/cliakstest000001-agentpool\"\
        ,\n     \"clientId\":\"00000000-0000-0000-0000-000000000001\",\n     \"objectId\"\
        :\"00000000-0000-0000-0000-000000000001\"\n    }\n   },\n   \"disableLocalAccounts\"\
        : false,\n   \"oidcIssuerProfile\": {\n    \"enabled\": false\n   }\n  },\n\
        \  \"identity\": {\n   \"type\": \"UserAssigned\",\n   \"userAssignedIdentities\"\
        : {\n    \"/subscriptions/00000000-0000-0000-0000-000000000000/resourceGroups/staging-crg-rg/providers/Microsoft.ManagedIdentity/userAssignedIdentities/crg-rg-id\"\
        : {\n     \"clientId\":\"00000000-0000-0000-0000-000000000001\",\n     \"\
        principalId\":\"00000000-0000-0000-0000-000000000001\"\n    }\n   }\n  },\n\
        \  \"sku\": {\n   \"name\": \"Basic\",\n   \"tier\": \"Free\"\n  }\n }"
    headers:
      cache-control:
      - no-cache
      content-length:
      - '4403'
      content-type:
      - application/json
      date:
      - Fri, 04 Feb 2022 06:09:53 GMT
      expires:
      - '-1'
      pragma:
      - no-cache
      server:
      - nginx
      strict-transport-security:
      - max-age=31536000; includeSubDomains
      transfer-encoding:
      - chunked
      vary:
      - Accept-Encoding
      x-content-type-options:
      - nosniff
    status:
      code: 200
      message: OK
- request:
    body: null
    headers:
      Accept:
      - application/json
      Accept-Encoding:
      - gzip, deflate
      CommandName:
      - aks nodepool add
      Connection:
      - keep-alive
      ParameterSetName:
      - --resource-group --cluster-name --name --node-vm-size --crg-id -c
      User-Agent:
      - AZURECLI/2.32.0 (DOCKER) azsdk-python-azure-mgmt-containerservice/16.5.0 Python/3.9.6
        (Linux-5.10.76-linuxkit-x86_64-with)
    method: GET
    uri: https://management.azure.com/subscriptions/00000000-0000-0000-0000-000000000000/resourceGroups/clitest000001/providers/Microsoft.ContainerService/managedClusters/cliakstest000001/agentPools?api-version=2021-11-01-preview
  response:
    body:
      string: "{\n  \"value\": [\n   {\n    \"id\": \"/subscriptions/00000000-0000-0000-0000-000000000000/resourcegroups/clitest000001/providers/Microsoft.ContainerService/managedClusters/cliakstest000001/agentPools/c000002\"\
        ,\n    \"name\": \"c000002\",\n    \"type\": \"Microsoft.ContainerService/managedClusters/agentPools\"\
        ,\n    \"properties\": {\n     \"count\": 1,\n     \"vmSize\": \"Standard_D4s_v3\"\
        ,\n     \"osDiskSizeGB\": 128,\n     \"osDiskType\": \"Managed\",\n     \"\
        kubeletDiskType\": \"OS\",\n     \"workloadRuntime\": \"OCIContainer\",\n\
        \     \"maxPods\": 110,\n     \"type\": \"VirtualMachineScaleSets\",\n   \
        \  \"enableAutoScaling\": false,\n     \"provisioningState\": \"Succeeded\"\
        ,\n     \"powerState\": {\n      \"code\": \"Running\"\n     },\n     \"orchestratorVersion\"\
        : \"1.21.7\",\n     \"enableNodePublicIP\": false,\n     \"mode\": \"System\"\
        ,\n     \"enableEncryptionAtHost\": false,\n     \"enableUltraSSD\": false,\n\
        \     \"osType\": \"Linux\",\n     \"osSKU\": \"Ubuntu\",\n     \"nodeImageVersion\"\
        : \"AKSUbuntu-1804gen2containerd-2022.01.24\",\n     \"enableFIPS\": false,\n\
        \     \"capacityReservationGroupID\": \"/subscriptions/00000000-0000-0000-0000-000000000000/resourceGroups/STAGING-CRG-RG/providers/Microsoft.Compute/capacityReservationGroups/crg-3\"\
        \n    }\n   }\n  ]\n }"
    headers:
      cache-control:
      - no-cache
      content-length:
      - '1179'
      content-type:
      - application/json
      date:
      - Fri, 04 Feb 2022 06:09:54 GMT
      expires:
      - '-1'
      pragma:
      - no-cache
      server:
      - nginx
      strict-transport-security:
      - max-age=31536000; includeSubDomains
      transfer-encoding:
      - chunked
      vary:
      - Accept-Encoding
      x-content-type-options:
      - nosniff
    status:
      code: 200
      message: OK
- request:
    body: '{"properties": {"count": 1, "vmSize": "Standard_D4s_v3", "workloadRuntime":
      "OCIContainer", "osType": "Linux", "scaleDownMode": "Delete", "mode": "User",
      "upgradeSettings": {}, "enableNodePublicIP": false, "scaleSetPriority": "Regular",
      "scaleSetEvictionPolicy": "Delete", "spotMaxPrice": -1.0, "nodeTaints": [],
      "enableEncryptionAtHost": false, "enableUltraSSD": false, "enableFIPS": false,
      "capacityReservationGroupID": "/subscriptions/00000000-0000-0000-0000-000000000000/resourceGroups/STAGING-CRG-RG/providers/Microsoft.Compute/capacityReservationGroups/crg-3"}}'
    headers:
      Accept:
      - application/json
      Accept-Encoding:
      - gzip, deflate
      CommandName:
      - aks nodepool add
      Connection:
      - keep-alive
      Content-Length:
      - '567'
      Content-Type:
      - application/json
      ParameterSetName:
      - --resource-group --cluster-name --name --node-vm-size --crg-id -c
      User-Agent:
      - AZURECLI/2.32.0 (DOCKER) azsdk-python-azure-mgmt-containerservice/16.5.0 Python/3.9.6
        (Linux-5.10.76-linuxkit-x86_64-with)
    method: PUT
    uri: https://management.azure.com/subscriptions/00000000-0000-0000-0000-000000000000/resourceGroups/clitest000001/providers/Microsoft.ContainerService/managedClusters/cliakstest000001/agentPools/c000003?api-version=2021-11-01-preview
  response:
    body:
      string: "{\n  \"id\": \"/subscriptions/00000000-0000-0000-0000-000000000000/resourcegroups/clitest000001/providers/Microsoft.ContainerService/managedClusters/cliakstest000001/agentPools/c000003\"\
        ,\n  \"name\": \"c000003\",\n  \"type\": \"Microsoft.ContainerService/managedClusters/agentPools\"\
        ,\n  \"properties\": {\n   \"count\": 1,\n   \"vmSize\": \"Standard_D4s_v3\"\
        ,\n   \"osDiskSizeGB\": 128,\n   \"osDiskType\": \"Managed\",\n   \"kubeletDiskType\"\
        : \"OS\",\n   \"workloadRuntime\": \"OCIContainer\",\n   \"maxPods\": 110,\n\
        \   \"type\": \"VirtualMachineScaleSets\",\n   \"scaleDownMode\": \"Delete\"\
        ,\n   \"provisioningState\": \"Creating\",\n   \"powerState\": {\n    \"code\"\
        : \"Running\"\n   },\n   \"orchestratorVersion\": \"1.21.7\",\n   \"enableNodePublicIP\"\
        : false,\n   \"nodeTaints\": [\n    \"\"\n   ],\n   \"mode\": \"User\",\n\
        \   \"enableEncryptionAtHost\": false,\n   \"enableUltraSSD\": false,\n  \
        \ \"osType\": \"Linux\",\n   \"osSKU\": \"Ubuntu\",\n   \"nodeImageVersion\"\
        : \"AKSUbuntu-1804gen2containerd-2022.01.24\",\n   \"upgradeSettings\": {},\n\
        \   \"enableFIPS\": false,\n   \"capacityReservationGroupID\": \"/subscriptions/00000000-0000-0000-0000-000000000000/resourceGroups/STAGING-CRG-RG/providers/Microsoft.Compute/capacityReservationGroups/crg-3\"\
        \n  }\n }"
    headers:
      azure-asyncoperation:
      - https://management.azure.com/subscriptions/00000000-0000-0000-0000-000000000000/providers/Microsoft.ContainerService/locations/westus2/operations/1f6c50fc-8613-4de3-b02a-ec8e8b987689?api-version=2016-03-30
      cache-control:
      - no-cache
      content-length:
      - '1150'
      content-type:
      - application/json
      date:
      - Fri, 04 Feb 2022 06:09:57 GMT
      expires:
      - '-1'
      pragma:
      - no-cache
      server:
      - nginx
      strict-transport-security:
      - max-age=31536000; includeSubDomains
      x-content-type-options:
      - nosniff
      x-ms-ratelimit-remaining-subscription-writes:
      - '1199'
    status:
      code: 201
      message: Created
- request:
    body: null
    headers:
      Accept:
      - '*/*'
      Accept-Encoding:
      - gzip, deflate
      CommandName:
      - aks nodepool add
      Connection:
      - keep-alive
      ParameterSetName:
      - --resource-group --cluster-name --name --node-vm-size --crg-id -c
      User-Agent:
      - AZURECLI/2.32.0 (DOCKER) azsdk-python-azure-mgmt-containerservice/16.5.0 Python/3.9.6
        (Linux-5.10.76-linuxkit-x86_64-with)
    method: GET
    uri: https://management.azure.com/subscriptions/00000000-0000-0000-0000-000000000000/providers/Microsoft.ContainerService/locations/westus2/operations/1f6c50fc-8613-4de3-b02a-ec8e8b987689?api-version=2016-03-30
  response:
    body:
      string: "{\n  \"name\": \"fc506c1f-1386-e34d-b02a-ec8e8b987689\",\n  \"status\"\
        : \"InProgress\",\n  \"startTime\": \"2022-02-04T06:09:58.57Z\"\n }"
    headers:
      cache-control:
      - no-cache
      content-length:
      - '121'
      content-type:
      - application/json
      date:
      - Fri, 04 Feb 2022 06:10:28 GMT
      expires:
      - '-1'
      pragma:
      - no-cache
      server:
      - nginx
      strict-transport-security:
      - max-age=31536000; includeSubDomains
      transfer-encoding:
      - chunked
      vary:
      - Accept-Encoding
      x-content-type-options:
      - nosniff
    status:
      code: 200
      message: OK
- request:
    body: null
    headers:
      Accept:
      - '*/*'
      Accept-Encoding:
      - gzip, deflate
      CommandName:
      - aks nodepool add
      Connection:
      - keep-alive
      ParameterSetName:
      - --resource-group --cluster-name --name --node-vm-size --crg-id -c
      User-Agent:
      - AZURECLI/2.32.0 (DOCKER) azsdk-python-azure-mgmt-containerservice/16.5.0 Python/3.9.6
        (Linux-5.10.76-linuxkit-x86_64-with)
    method: GET
    uri: https://management.azure.com/subscriptions/00000000-0000-0000-0000-000000000000/providers/Microsoft.ContainerService/locations/westus2/operations/1f6c50fc-8613-4de3-b02a-ec8e8b987689?api-version=2016-03-30
  response:
    body:
      string: "{\n  \"name\": \"fc506c1f-1386-e34d-b02a-ec8e8b987689\",\n  \"status\"\
        : \"InProgress\",\n  \"startTime\": \"2022-02-04T06:09:58.57Z\"\n }"
    headers:
      cache-control:
      - no-cache
      content-length:
      - '121'
      content-type:
      - application/json
      date:
      - Fri, 04 Feb 2022 06:10:58 GMT
      expires:
      - '-1'
      pragma:
      - no-cache
      server:
      - nginx
      strict-transport-security:
      - max-age=31536000; includeSubDomains
      transfer-encoding:
      - chunked
      vary:
      - Accept-Encoding
      x-content-type-options:
      - nosniff
    status:
      code: 200
      message: OK
- request:
    body: null
    headers:
      Accept:
      - '*/*'
      Accept-Encoding:
      - gzip, deflate
      CommandName:
      - aks nodepool add
      Connection:
      - keep-alive
      ParameterSetName:
      - --resource-group --cluster-name --name --node-vm-size --crg-id -c
      User-Agent:
      - AZURECLI/2.32.0 (DOCKER) azsdk-python-azure-mgmt-containerservice/16.5.0 Python/3.9.6
        (Linux-5.10.76-linuxkit-x86_64-with)
    method: GET
    uri: https://management.azure.com/subscriptions/00000000-0000-0000-0000-000000000000/providers/Microsoft.ContainerService/locations/westus2/operations/1f6c50fc-8613-4de3-b02a-ec8e8b987689?api-version=2016-03-30
  response:
    body:
      string: "{\n  \"name\": \"fc506c1f-1386-e34d-b02a-ec8e8b987689\",\n  \"status\"\
        : \"InProgress\",\n  \"startTime\": \"2022-02-04T06:09:58.57Z\"\n }"
    headers:
      cache-control:
      - no-cache
      content-length:
      - '121'
      content-type:
      - application/json
      date:
      - Fri, 04 Feb 2022 06:11:28 GMT
      expires:
      - '-1'
      pragma:
      - no-cache
      server:
      - nginx
      strict-transport-security:
      - max-age=31536000; includeSubDomains
      transfer-encoding:
      - chunked
      vary:
      - Accept-Encoding
      x-content-type-options:
      - nosniff
    status:
      code: 200
      message: OK
- request:
    body: null
    headers:
      Accept:
      - '*/*'
      Accept-Encoding:
      - gzip, deflate
      CommandName:
      - aks nodepool add
      Connection:
      - keep-alive
      ParameterSetName:
      - --resource-group --cluster-name --name --node-vm-size --crg-id -c
      User-Agent:
      - AZURECLI/2.32.0 (DOCKER) azsdk-python-azure-mgmt-containerservice/16.5.0 Python/3.9.6
        (Linux-5.10.76-linuxkit-x86_64-with)
    method: GET
    uri: https://management.azure.com/subscriptions/00000000-0000-0000-0000-000000000000/providers/Microsoft.ContainerService/locations/westus2/operations/1f6c50fc-8613-4de3-b02a-ec8e8b987689?api-version=2016-03-30
  response:
    body:
      string: "{\n  \"name\": \"fc506c1f-1386-e34d-b02a-ec8e8b987689\",\n  \"status\"\
        : \"InProgress\",\n  \"startTime\": \"2022-02-04T06:09:58.57Z\"\n }"
    headers:
      cache-control:
      - no-cache
      content-length:
      - '121'
      content-type:
      - application/json
      date:
      - Fri, 04 Feb 2022 06:11:59 GMT
      expires:
      - '-1'
      pragma:
      - no-cache
      server:
      - nginx
      strict-transport-security:
      - max-age=31536000; includeSubDomains
      transfer-encoding:
      - chunked
      vary:
      - Accept-Encoding
      x-content-type-options:
      - nosniff
    status:
      code: 200
      message: OK
- request:
    body: null
    headers:
      Accept:
      - '*/*'
      Accept-Encoding:
      - gzip, deflate
      CommandName:
      - aks nodepool add
      Connection:
      - keep-alive
      ParameterSetName:
      - --resource-group --cluster-name --name --node-vm-size --crg-id -c
      User-Agent:
      - AZURECLI/2.32.0 (DOCKER) azsdk-python-azure-mgmt-containerservice/16.5.0 Python/3.9.6
        (Linux-5.10.76-linuxkit-x86_64-with)
    method: GET
    uri: https://management.azure.com/subscriptions/00000000-0000-0000-0000-000000000000/providers/Microsoft.ContainerService/locations/westus2/operations/1f6c50fc-8613-4de3-b02a-ec8e8b987689?api-version=2016-03-30
  response:
    body:
      string: "{\n  \"name\": \"fc506c1f-1386-e34d-b02a-ec8e8b987689\",\n  \"status\"\
        : \"InProgress\",\n  \"startTime\": \"2022-02-04T06:09:58.57Z\"\n }"
    headers:
      cache-control:
      - no-cache
      content-length:
      - '121'
      content-type:
      - application/json
      date:
      - Fri, 04 Feb 2022 06:12:28 GMT
      expires:
      - '-1'
      pragma:
      - no-cache
      server:
      - nginx
      strict-transport-security:
      - max-age=31536000; includeSubDomains
      transfer-encoding:
      - chunked
      vary:
      - Accept-Encoding
      x-content-type-options:
      - nosniff
    status:
      code: 200
      message: OK
- request:
    body: null
    headers:
      Accept:
      - '*/*'
      Accept-Encoding:
      - gzip, deflate
      CommandName:
      - aks nodepool add
      Connection:
      - keep-alive
      ParameterSetName:
      - --resource-group --cluster-name --name --node-vm-size --crg-id -c
      User-Agent:
      - AZURECLI/2.32.0 (DOCKER) azsdk-python-azure-mgmt-containerservice/16.5.0 Python/3.9.6
        (Linux-5.10.76-linuxkit-x86_64-with)
    method: GET
    uri: https://management.azure.com/subscriptions/00000000-0000-0000-0000-000000000000/providers/Microsoft.ContainerService/locations/westus2/operations/1f6c50fc-8613-4de3-b02a-ec8e8b987689?api-version=2016-03-30
  response:
    body:
      string: "{\n  \"name\": \"fc506c1f-1386-e34d-b02a-ec8e8b987689\",\n  \"status\"\
        : \"InProgress\",\n  \"startTime\": \"2022-02-04T06:09:58.57Z\"\n }"
    headers:
      cache-control:
      - no-cache
      content-length:
      - '121'
      content-type:
      - application/json
      date:
      - Fri, 04 Feb 2022 06:12:58 GMT
      expires:
      - '-1'
      pragma:
      - no-cache
      server:
      - nginx
      strict-transport-security:
      - max-age=31536000; includeSubDomains
      transfer-encoding:
      - chunked
      vary:
      - Accept-Encoding
      x-content-type-options:
      - nosniff
    status:
      code: 200
      message: OK
- request:
    body: null
    headers:
      Accept:
      - '*/*'
      Accept-Encoding:
      - gzip, deflate
      CommandName:
      - aks nodepool add
      Connection:
      - keep-alive
      ParameterSetName:
      - --resource-group --cluster-name --name --node-vm-size --crg-id -c
      User-Agent:
      - AZURECLI/2.32.0 (DOCKER) azsdk-python-azure-mgmt-containerservice/16.5.0 Python/3.9.6
        (Linux-5.10.76-linuxkit-x86_64-with)
    method: GET
    uri: https://management.azure.com/subscriptions/00000000-0000-0000-0000-000000000000/providers/Microsoft.ContainerService/locations/westus2/operations/1f6c50fc-8613-4de3-b02a-ec8e8b987689?api-version=2016-03-30
  response:
    body:
      string: "{\n  \"name\": \"fc506c1f-1386-e34d-b02a-ec8e8b987689\",\n  \"status\"\
        : \"Succeeded\",\n  \"startTime\": \"2022-02-04T06:09:58.57Z\",\n  \"endTime\"\
        : \"2022-02-04T06:13:25.8796709Z\"\n }"
    headers:
      cache-control:
      - no-cache
      content-length:
      - '165'
      content-type:
      - application/json
      date:
      - Fri, 04 Feb 2022 06:13:29 GMT
      expires:
      - '-1'
      pragma:
      - no-cache
      server:
      - nginx
      strict-transport-security:
      - max-age=31536000; includeSubDomains
      transfer-encoding:
      - chunked
      vary:
      - Accept-Encoding
      x-content-type-options:
      - nosniff
    status:
      code: 200
      message: OK
- request:
    body: null
    headers:
      Accept:
      - '*/*'
      Accept-Encoding:
      - gzip, deflate
      CommandName:
      - aks nodepool add
      Connection:
      - keep-alive
      ParameterSetName:
      - --resource-group --cluster-name --name --node-vm-size --crg-id -c
      User-Agent:
      - AZURECLI/2.32.0 (DOCKER) azsdk-python-azure-mgmt-containerservice/16.5.0 Python/3.9.6
        (Linux-5.10.76-linuxkit-x86_64-with)
    method: GET
    uri: https://management.azure.com/subscriptions/00000000-0000-0000-0000-000000000000/resourceGroups/clitest000001/providers/Microsoft.ContainerService/managedClusters/cliakstest000001/agentPools/c000003?api-version=2021-11-01-preview
  response:
    body:
      string: "{\n  \"id\": \"/subscriptions/00000000-0000-0000-0000-000000000000/resourcegroups/clitest000001/providers/Microsoft.ContainerService/managedClusters/cliakstest000001/agentPools/c000003\"\
        ,\n  \"name\": \"c000003\",\n  \"type\": \"Microsoft.ContainerService/managedClusters/agentPools\"\
        ,\n  \"properties\": {\n   \"count\": 1,\n   \"vmSize\": \"Standard_D4s_v3\"\
        ,\n   \"osDiskSizeGB\": 128,\n   \"osDiskType\": \"Managed\",\n   \"kubeletDiskType\"\
        : \"OS\",\n   \"workloadRuntime\": \"OCIContainer\",\n   \"maxPods\": 110,\n\
        \   \"type\": \"VirtualMachineScaleSets\",\n   \"scaleDownMode\": \"Delete\"\
        ,\n   \"provisioningState\": \"Succeeded\",\n   \"powerState\": {\n    \"\
        code\": \"Running\"\n   },\n   \"orchestratorVersion\": \"1.21.7\",\n   \"\
        enableNodePublicIP\": false,\n   \"nodeTaints\": [\n    \"\"\n   ],\n   \"\
        mode\": \"User\",\n   \"enableEncryptionAtHost\": false,\n   \"enableUltraSSD\"\
        : false,\n   \"osType\": \"Linux\",\n   \"osSKU\": \"Ubuntu\",\n   \"nodeImageVersion\"\
        : \"AKSUbuntu-1804gen2containerd-2022.01.24\",\n   \"upgradeSettings\": {},\n\
        \   \"enableFIPS\": false,\n   \"capacityReservationGroupID\": \"/subscriptions/00000000-0000-0000-0000-000000000000/resourceGroups/STAGING-CRG-RG/providers/Microsoft.Compute/capacityReservationGroups/crg-3\"\
        \n  }\n }"
    headers:
      cache-control:
      - no-cache
      content-length:
      - '1151'
      content-type:
      - application/json
      date:
      - Fri, 04 Feb 2022 06:13:30 GMT
      expires:
      - '-1'
      pragma:
      - no-cache
      server:
      - nginx
      strict-transport-security:
      - max-age=31536000; includeSubDomains
      transfer-encoding:
      - chunked
      vary:
      - Accept-Encoding
      x-content-type-options:
      - nosniff
    status:
      code: 200
      message: OK
- request:
    body: null
    headers:
      Accept:
      - application/json
      Accept-Encoding:
      - gzip, deflate
      CommandName:
      - aks delete
      Connection:
      - keep-alive
      Content-Length:
      - '0'
      ParameterSetName:
      - -g -n --yes --no-wait
      User-Agent:
      - AZURECLI/2.32.0 (DOCKER) azsdk-python-azure-mgmt-containerservice/16.1.0 Python/3.9.6
        (Linux-5.10.76-linuxkit-x86_64-with)
    method: DELETE
    uri: https://management.azure.com/subscriptions/00000000-0000-0000-0000-000000000000/resourceGroups/clitest000001/providers/Microsoft.ContainerService/managedClusters/cliakstest000001?api-version=2021-07-01
  response:
    body:
      string: ''
    headers:
      azure-asyncoperation:
      - https://management.azure.com/subscriptions/00000000-0000-0000-0000-000000000000/providers/Microsoft.ContainerService/locations/westus2/operations/a410db1d-f204-4ee9-85a8-8fbfb2eea3e5?api-version=2016-03-30
      cache-control:
      - no-cache
      content-length:
      - '0'
      date:
      - Fri, 04 Feb 2022 06:13:31 GMT
      expires:
      - '-1'
      location:
      - https://management.azure.com/subscriptions/00000000-0000-0000-0000-000000000000/providers/Microsoft.ContainerService/locations/westus2/operationresults/a410db1d-f204-4ee9-85a8-8fbfb2eea3e5?api-version=2016-03-30
      pragma:
      - no-cache
      server:
      - nginx
      strict-transport-security:
      - max-age=31536000; includeSubDomains
      x-content-type-options:
      - nosniff
      x-ms-ratelimit-remaining-subscription-deletes:
      - '14999'
    status:
      code: 202
      message: Accepted
version: 1
