interactions:
- request:
    body: null
    headers:
      Accept:
      - application/json
      Accept-Encoding:
      - gzip, deflate
      CommandName:
      - aks create
      Connection:
      - keep-alive
      ParameterSetName:
      - --resource-group --name --node-count --load-balancer-sku --enable-private-cluster
        --private-dns-zone --ssh-key-value
      User-Agent:
      - AZURECLI/2.29.0 azsdk-python-azure-mgmt-resource/19.0.0 Python/3.8.11 (Linux-5.4.0-1059-azure-x86_64-with-glibc2.27)
    method: GET
    uri: https://management.azure.com/subscriptions/00000000-0000-0000-0000-000000000000/resourcegroups/clitest000001?api-version=2021-04-01
  response:
    body:
      string: '{"id":"/subscriptions/00000000-0000-0000-0000-000000000000/resourceGroups/clitest000001","name":"clitest000001","type":"Microsoft.Resources/resourceGroups","location":"westus2","tags":{"product":"azurecli","cause":"automation","date":"2021-10-19T07:20:52Z"},"properties":{"provisioningState":"Succeeded"}}'
    headers:
      cache-control:
      - no-cache
      content-length:
      - '313'
      content-type:
      - application/json; charset=utf-8
      date:
      - Tue, 19 Oct 2021 07:20:53 GMT
      expires:
      - '-1'
      pragma:
      - no-cache
      strict-transport-security:
      - max-age=31536000; includeSubDomains
      vary:
      - Accept-Encoding
      x-content-type-options:
      - nosniff
    status:
      code: 200
      message: OK
- request:
    body: '{"location": "westus2", "identity": {"type": "SystemAssigned"}, "properties":
      {"kubernetesVersion": "", "dnsPrefix": "cliakstest-clitestwrzh26njc-8ecadf",
      "agentPoolProfiles": [{"count": 1, "vmSize": "Standard_DS2_v2", "workloadRuntime":
      "OCIContainer", "osType": "Linux", "type": "VirtualMachineScaleSets", "mode":
      "System", "enableNodePublicIP": false, "scaleSetPriority": "Regular", "scaleSetEvictionPolicy":
      "Delete", "spotMaxPrice": -1.0, "enableEncryptionAtHost": false, "enableUltraSSD":
      false, "enableFIPS": false, "name": "nodepool1"}], "linuxProfile": {"adminUsername":
      "azureuser", "ssh": {"publicKeys": [{"keyData": "ssh-rsa AAAAB3NzaC1yc2EAAAADAQABAAABAQChv1lqJOFqlXd/Sp6RoI5ZS500UG+SXrE+6PjpUk8btELBCBXSUOpX7zYs5+VbuTUfHV7Qa3xBoL3HIbKKkz5QHvF9AUkjbpJLvCbQR1tlqkQdlGen4lsH0YQNOL0Q6Lj0UF+C5MaCHz4a+NecIZ9h/2mpeHV+KcIUaoC9Ulifi35BUvB/6lp4MQbcxJHXTwGbNLtzP+iJIkx8DafVXseJx4uh4wTIlKBLDpUKg+RYTze8UsYCkz1+YvE/cDjVsJh4edQ9fNqZyWYnjMbnyhk46pYpRVf6DeMX5nzShlagUux3KEx2eU4vUtvuIkGFneZDprv2vAMkBCX4xgbxtxZZ
      azcli_aks_live_test@example.com\n"}]}}, "addonProfiles": {}, "enableRBAC": true,
      "enablePodSecurityPolicy": false, "networkProfile": {"networkPlugin": "kubenet",
      "podCidr": "10.244.0.0/16", "serviceCidr": "10.0.0.0/16", "dnsServiceIP": "10.0.0.10",
      "dockerBridgeCidr": "172.17.0.1/16", "outboundType": "loadBalancer", "loadBalancerSku":
      "standard"}, "apiServerAccessProfile": {"enablePrivateCluster": true, "privateDNSZone":
      "none"}, "disableLocalAccounts": false}}'
    headers:
      Accept:
      - application/json
      Accept-Encoding:
      - gzip, deflate
      CommandName:
      - aks create
      Connection:
      - keep-alive
      Content-Length:
      - '1475'
      Content-Type:
      - application/json
      ParameterSetName:
      - --resource-group --name --node-count --load-balancer-sku --enable-private-cluster
        --private-dns-zone --ssh-key-value
      User-Agent:
      - AZURECLI/2.29.0 azsdk-python-azure-mgmt-containerservice/16.4.0 Python/3.8.11
        (Linux-5.4.0-1059-azure-x86_64-with-glibc2.27)
    method: PUT
    uri: https://management.azure.com/subscriptions/00000000-0000-0000-0000-000000000000/resourceGroups/clitest000001/providers/Microsoft.ContainerService/managedClusters/cliakstest000001?api-version=2021-07-01
  response:
    body:
      string: "{\n  \"id\": \"/subscriptions/00000000-0000-0000-0000-000000000000/resourcegroups/clitest000001/providers/Microsoft.ContainerService/managedClusters/cliakstest000001\",\n
        \ \"location\": \"westus2\",\n  \"name\": \"cliakstest000001\",\n  \"type\":
        \"Microsoft.ContainerService/ManagedClusters\",\n  \"properties\": {\n   \"provisioningState\":
        \"Creating\",\n   \"powerState\": {\n    \"code\": \"Running\"\n   },\n   \"kubernetesVersion\":
        \"1.20.9\",\n   \"dnsPrefix\": \"cliakstest-clitestwrzh26njc-8ecadf\",\n   \"fqdn\":
        \"cliakstest-clitestwrzh26njc-8ecadf-6b1eb6f8.hcp.westus2.azmk8s.io\",\n   \"azurePortalFQDN\":
        \"08a6c16d99776271b5d1a835d86dc095-priv.portal.hcp.westus2.azmk8s.io\",\n
        \  \"privateFQDN\": \"cliakstest-clitestwrzh26njc-8ecadf-6b1eb6f8.hcp.westus2.azmk8s.io\",\n
        \  \"agentPoolProfiles\": [\n    {\n     \"name\": \"nodepool1\",\n     \"count\":
        1,\n     \"vmSize\": \"Standard_DS2_v2\",\n     \"osDiskSizeGB\": 128,\n     \"osDiskType\":
        \"Managed\",\n     \"kubeletDiskType\": \"OS\",\n     \"workloadRuntime\":
        \"OCIContainer\",\n     \"maxPods\": 110,\n     \"type\": \"VirtualMachineScaleSets\",\n
        \    \"provisioningState\": \"Creating\",\n     \"powerState\": {\n      \"code\":
        \"Running\"\n     },\n     \"orchestratorVersion\": \"1.20.9\",\n     \"enableNodePublicIP\":
        false,\n     \"mode\": \"System\",\n     \"enableEncryptionAtHost\": false,\n
        \    \"enableUltraSSD\": false,\n     \"osType\": \"Linux\",\n     \"osSKU\":
        \"Ubuntu\",\n     \"nodeImageVersion\": \"AKSUbuntu-1804gen2containerd-2021.10.02\",\n
        \    \"enableFIPS\": false\n    }\n   ],\n   \"linuxProfile\": {\n    \"adminUsername\":
        \"azureuser\",\n    \"ssh\": {\n     \"publicKeys\": [\n      {\n       \"keyData\":
        \"ssh-rsa AAAAB3NzaC1yc2EAAAADAQABAAABAQChv1lqJOFqlXd/Sp6RoI5ZS500UG+SXrE+6PjpUk8btELBCBXSUOpX7zYs5+VbuTUfHV7Qa3xBoL3HIbKKkz5QHvF9AUkjbpJLvCbQR1tlqkQdlGen4lsH0YQNOL0Q6Lj0UF+C5MaCHz4a+NecIZ9h/2mpeHV+KcIUaoC9Ulifi35BUvB/6lp4MQbcxJHXTwGbNLtzP+iJIkx8DafVXseJx4uh4wTIlKBLDpUKg+RYTze8UsYCkz1+YvE/cDjVsJh4edQ9fNqZyWYnjMbnyhk46pYpRVf6DeMX5nzShlagUux3KEx2eU4vUtvuIkGFneZDprv2vAMkBCX4xgbxtxZZ
        azcli_aks_live_test@example.com\\n\"\n      }\n     ]\n    }\n   },\n   \"servicePrincipalProfile\":
        {\n    \"clientId\":\"00000000-0000-0000-0000-000000000001\"\n   },\n   \"nodeResourceGroup\":
        \"MC_clitest000001_cliakstest000001_westus2\",\n   \"enableRBAC\": true,\n
        \  \"enablePodSecurityPolicy\": false,\n   \"networkProfile\": {\n    \"networkPlugin\":
        \"kubenet\",\n    \"loadBalancerSku\": \"standard\",\n    \"loadBalancerProfile\":
        {\n     \"managedOutboundIPs\": {\n      \"count\": 1\n     }\n    },\n    \"podCidr\":
        \"10.244.0.0/16\",\n    \"serviceCidr\": \"10.0.0.0/16\",\n    \"dnsServiceIP\":
        \"10.0.0.10\",\n    \"dockerBridgeCidr\": \"172.17.0.1/16\",\n    \"outboundType\":
        \"loadBalancer\"\n   },\n   \"maxAgentPools\": 100,\n   \"privateLinkResources\":
        [\n    {\n     \"name\": \"management\",\n     \"type\": \"Microsoft.ContainerService/managedClusters/privateLinkResources\",\n
        \    \"groupId\": \"management\",\n     \"requiredMembers\": [\n      \"management\"\n
        \    ]\n    }\n   ],\n   \"apiServerAccessProfile\": {\n    \"enablePrivateCluster\":
        true,\n    \"privateDNSZone\": \"none\",\n    \"enablePrivateClusterPublicFQDN\":
        true,\n    \"privateClusterVersion\": \"v1\"\n   },\n   \"disableLocalAccounts\":
        false,\n   \"publicNetworkAccess\": \"Disabled\"\n  },\n  \"identity\": {\n
        \  \"type\": \"SystemAssigned\",\n   \"principalId\":\"00000000-0000-0000-0000-000000000001\",\n
        \  \"tenantId\": \"72f988bf-86f1-41af-91ab-2d7cd011db47\"\n  },\n  \"sku\":
        {\n   \"name\": \"Basic\",\n   \"tier\": \"Free\"\n  }\n }"
    headers:
      azure-asyncoperation:
      - https://management.azure.com/subscriptions/00000000-0000-0000-0000-000000000000/providers/Microsoft.ContainerService/locations/westus2/operations/f540dbff-f507-4ab2-b8f9-f416e0cd2195?api-version=2016-03-30
      cache-control:
      - no-cache
      content-length:
      - '3275'
      content-type:
      - application/json
      date:
      - Tue, 19 Oct 2021 07:20:55 GMT
      expires:
      - '-1'
      pragma:
      - no-cache
      server:
      - nginx
      strict-transport-security:
      - max-age=31536000; includeSubDomains
      x-content-type-options:
      - nosniff
      x-ms-ratelimit-remaining-subscription-writes:
      - '1194'
    status:
      code: 201
      message: Created
- request:
    body: null
    headers:
      Accept:
      - '*/*'
      Accept-Encoding:
      - gzip, deflate
      CommandName:
      - aks create
      Connection:
      - keep-alive
      ParameterSetName:
      - --resource-group --name --node-count --load-balancer-sku --enable-private-cluster
        --private-dns-zone --ssh-key-value
      User-Agent:
      - AZURECLI/2.29.0 azsdk-python-azure-mgmt-containerservice/16.4.0 Python/3.8.11
        (Linux-5.4.0-1059-azure-x86_64-with-glibc2.27)
    method: GET
    uri: https://management.azure.com/subscriptions/00000000-0000-0000-0000-000000000000/providers/Microsoft.ContainerService/locations/westus2/operations/f540dbff-f507-4ab2-b8f9-f416e0cd2195?api-version=2016-03-30
  response:
    body:
      string: "{\n  \"name\": \"ffdb40f5-07f5-b24a-b8f9-f416e0cd2195\",\n  \"status\":
        \"InProgress\",\n  \"startTime\": \"2021-10-19T07:20:56.1633333Z\"\n }"
    headers:
      cache-control:
      - no-cache
      content-length:
      - '126'
      content-type:
      - application/json
      date:
      - Tue, 19 Oct 2021 07:21:25 GMT
      expires:
      - '-1'
      pragma:
      - no-cache
      server:
      - nginx
      strict-transport-security:
      - max-age=31536000; includeSubDomains
      transfer-encoding:
      - chunked
      vary:
      - Accept-Encoding
      x-content-type-options:
      - nosniff
    status:
      code: 200
      message: OK
- request:
    body: null
    headers:
      Accept:
      - '*/*'
      Accept-Encoding:
      - gzip, deflate
      CommandName:
      - aks create
      Connection:
      - keep-alive
      ParameterSetName:
      - --resource-group --name --node-count --load-balancer-sku --enable-private-cluster
        --private-dns-zone --ssh-key-value
      User-Agent:
      - AZURECLI/2.29.0 azsdk-python-azure-mgmt-containerservice/16.4.0 Python/3.8.11
        (Linux-5.4.0-1059-azure-x86_64-with-glibc2.27)
    method: GET
    uri: https://management.azure.com/subscriptions/00000000-0000-0000-0000-000000000000/providers/Microsoft.ContainerService/locations/westus2/operations/f540dbff-f507-4ab2-b8f9-f416e0cd2195?api-version=2016-03-30
  response:
    body:
      string: "{\n  \"name\": \"ffdb40f5-07f5-b24a-b8f9-f416e0cd2195\",\n  \"status\":
        \"InProgress\",\n  \"startTime\": \"2021-10-19T07:20:56.1633333Z\"\n }"
    headers:
      cache-control:
      - no-cache
      content-length:
      - '126'
      content-type:
      - application/json
      date:
      - Tue, 19 Oct 2021 07:21:56 GMT
      expires:
      - '-1'
      pragma:
      - no-cache
      server:
      - nginx
      strict-transport-security:
      - max-age=31536000; includeSubDomains
      transfer-encoding:
      - chunked
      vary:
      - Accept-Encoding
      x-content-type-options:
      - nosniff
    status:
      code: 200
      message: OK
- request:
    body: null
    headers:
      Accept:
      - '*/*'
      Accept-Encoding:
      - gzip, deflate
      CommandName:
      - aks create
      Connection:
      - keep-alive
      ParameterSetName:
      - --resource-group --name --node-count --load-balancer-sku --enable-private-cluster
        --private-dns-zone --ssh-key-value
      User-Agent:
      - AZURECLI/2.29.0 azsdk-python-azure-mgmt-containerservice/16.4.0 Python/3.8.11
        (Linux-5.4.0-1059-azure-x86_64-with-glibc2.27)
    method: GET
    uri: https://management.azure.com/subscriptions/00000000-0000-0000-0000-000000000000/providers/Microsoft.ContainerService/locations/westus2/operations/f540dbff-f507-4ab2-b8f9-f416e0cd2195?api-version=2016-03-30
  response:
    body:
      string: "{\n  \"name\": \"ffdb40f5-07f5-b24a-b8f9-f416e0cd2195\",\n  \"status\":
        \"InProgress\",\n  \"startTime\": \"2021-10-19T07:20:56.1633333Z\"\n }"
    headers:
      cache-control:
      - no-cache
      content-length:
      - '126'
      content-type:
      - application/json
      date:
      - Tue, 19 Oct 2021 07:22:26 GMT
      expires:
      - '-1'
      pragma:
      - no-cache
      server:
      - nginx
      strict-transport-security:
      - max-age=31536000; includeSubDomains
      transfer-encoding:
      - chunked
      vary:
      - Accept-Encoding
      x-content-type-options:
      - nosniff
    status:
      code: 200
      message: OK
- request:
    body: null
    headers:
      Accept:
      - '*/*'
      Accept-Encoding:
      - gzip, deflate
      CommandName:
      - aks create
      Connection:
      - keep-alive
      ParameterSetName:
      - --resource-group --name --node-count --load-balancer-sku --enable-private-cluster
        --private-dns-zone --ssh-key-value
      User-Agent:
      - AZURECLI/2.29.0 azsdk-python-azure-mgmt-containerservice/16.4.0 Python/3.8.11
        (Linux-5.4.0-1059-azure-x86_64-with-glibc2.27)
    method: GET
    uri: https://management.azure.com/subscriptions/00000000-0000-0000-0000-000000000000/providers/Microsoft.ContainerService/locations/westus2/operations/f540dbff-f507-4ab2-b8f9-f416e0cd2195?api-version=2016-03-30
  response:
    body:
      string: "{\n  \"name\": \"ffdb40f5-07f5-b24a-b8f9-f416e0cd2195\",\n  \"status\":
        \"InProgress\",\n  \"startTime\": \"2021-10-19T07:20:56.1633333Z\"\n }"
    headers:
      cache-control:
      - no-cache
      content-length:
      - '126'
      content-type:
      - application/json
      date:
      - Tue, 19 Oct 2021 07:22:55 GMT
      expires:
      - '-1'
      pragma:
      - no-cache
      server:
      - nginx
      strict-transport-security:
      - max-age=31536000; includeSubDomains
      transfer-encoding:
      - chunked
      vary:
      - Accept-Encoding
      x-content-type-options:
      - nosniff
    status:
      code: 200
      message: OK
- request:
    body: null
    headers:
      Accept:
      - '*/*'
      Accept-Encoding:
      - gzip, deflate
      CommandName:
      - aks create
      Connection:
      - keep-alive
      ParameterSetName:
      - --resource-group --name --node-count --load-balancer-sku --enable-private-cluster
        --private-dns-zone --ssh-key-value
      User-Agent:
      - AZURECLI/2.29.0 azsdk-python-azure-mgmt-containerservice/16.4.0 Python/3.8.11
        (Linux-5.4.0-1059-azure-x86_64-with-glibc2.27)
    method: GET
    uri: https://management.azure.com/subscriptions/00000000-0000-0000-0000-000000000000/providers/Microsoft.ContainerService/locations/westus2/operations/f540dbff-f507-4ab2-b8f9-f416e0cd2195?api-version=2016-03-30
  response:
    body:
      string: "{\n  \"name\": \"ffdb40f5-07f5-b24a-b8f9-f416e0cd2195\",\n  \"status\":
        \"InProgress\",\n  \"startTime\": \"2021-10-19T07:20:56.1633333Z\"\n }"
    headers:
      cache-control:
      - no-cache
      content-length:
      - '126'
      content-type:
      - application/json
      date:
      - Tue, 19 Oct 2021 07:23:26 GMT
      expires:
      - '-1'
      pragma:
      - no-cache
      server:
      - nginx
      strict-transport-security:
      - max-age=31536000; includeSubDomains
      transfer-encoding:
      - chunked
      vary:
      - Accept-Encoding
      x-content-type-options:
      - nosniff
    status:
      code: 200
      message: OK
- request:
    body: null
    headers:
      Accept:
      - '*/*'
      Accept-Encoding:
      - gzip, deflate
      CommandName:
      - aks create
      Connection:
      - keep-alive
      ParameterSetName:
      - --resource-group --name --node-count --load-balancer-sku --enable-private-cluster
        --private-dns-zone --ssh-key-value
      User-Agent:
      - AZURECLI/2.29.0 azsdk-python-azure-mgmt-containerservice/16.4.0 Python/3.8.11
        (Linux-5.4.0-1059-azure-x86_64-with-glibc2.27)
    method: GET
    uri: https://management.azure.com/subscriptions/00000000-0000-0000-0000-000000000000/providers/Microsoft.ContainerService/locations/westus2/operations/f540dbff-f507-4ab2-b8f9-f416e0cd2195?api-version=2016-03-30
  response:
    body:
      string: "{\n  \"name\": \"ffdb40f5-07f5-b24a-b8f9-f416e0cd2195\",\n  \"status\":
        \"InProgress\",\n  \"startTime\": \"2021-10-19T07:20:56.1633333Z\"\n }"
    headers:
      cache-control:
      - no-cache
      content-length:
      - '126'
      content-type:
      - application/json
      date:
      - Tue, 19 Oct 2021 07:23:56 GMT
      expires:
      - '-1'
      pragma:
      - no-cache
      server:
      - nginx
      strict-transport-security:
      - max-age=31536000; includeSubDomains
      transfer-encoding:
      - chunked
      vary:
      - Accept-Encoding
      x-content-type-options:
      - nosniff
    status:
      code: 200
      message: OK
- request:
    body: null
    headers:
      Accept:
      - '*/*'
      Accept-Encoding:
      - gzip, deflate
      CommandName:
      - aks create
      Connection:
      - keep-alive
      ParameterSetName:
      - --resource-group --name --node-count --load-balancer-sku --enable-private-cluster
        --private-dns-zone --ssh-key-value
      User-Agent:
      - AZURECLI/2.29.0 azsdk-python-azure-mgmt-containerservice/16.4.0 Python/3.8.11
        (Linux-5.4.0-1059-azure-x86_64-with-glibc2.27)
    method: GET
    uri: https://management.azure.com/subscriptions/00000000-0000-0000-0000-000000000000/providers/Microsoft.ContainerService/locations/westus2/operations/f540dbff-f507-4ab2-b8f9-f416e0cd2195?api-version=2016-03-30
  response:
    body:
      string: "{\n  \"name\": \"ffdb40f5-07f5-b24a-b8f9-f416e0cd2195\",\n  \"status\":
        \"InProgress\",\n  \"startTime\": \"2021-10-19T07:20:56.1633333Z\"\n }"
    headers:
      cache-control:
      - no-cache
      content-length:
      - '126'
      content-type:
      - application/json
      date:
      - Tue, 19 Oct 2021 07:24:26 GMT
      expires:
      - '-1'
      pragma:
      - no-cache
      server:
      - nginx
      strict-transport-security:
      - max-age=31536000; includeSubDomains
      transfer-encoding:
      - chunked
      vary:
      - Accept-Encoding
      x-content-type-options:
      - nosniff
    status:
      code: 200
      message: OK
- request:
    body: null
    headers:
      Accept:
      - '*/*'
      Accept-Encoding:
      - gzip, deflate
      CommandName:
      - aks create
      Connection:
      - keep-alive
      ParameterSetName:
      - --resource-group --name --node-count --load-balancer-sku --enable-private-cluster
        --private-dns-zone --ssh-key-value
      User-Agent:
      - AZURECLI/2.29.0 azsdk-python-azure-mgmt-containerservice/16.4.0 Python/3.8.11
        (Linux-5.4.0-1059-azure-x86_64-with-glibc2.27)
    method: GET
    uri: https://management.azure.com/subscriptions/00000000-0000-0000-0000-000000000000/providers/Microsoft.ContainerService/locations/westus2/operations/f540dbff-f507-4ab2-b8f9-f416e0cd2195?api-version=2016-03-30
  response:
    body:
      string: "{\n  \"name\": \"ffdb40f5-07f5-b24a-b8f9-f416e0cd2195\",\n  \"status\":
        \"InProgress\",\n  \"startTime\": \"2021-10-19T07:20:56.1633333Z\"\n }"
    headers:
      cache-control:
      - no-cache
      content-length:
      - '126'
      content-type:
      - application/json
      date:
      - Tue, 19 Oct 2021 07:24:55 GMT
      expires:
      - '-1'
      pragma:
      - no-cache
      server:
      - nginx
      strict-transport-security:
      - max-age=31536000; includeSubDomains
      transfer-encoding:
      - chunked
      vary:
      - Accept-Encoding
      x-content-type-options:
      - nosniff
    status:
      code: 200
      message: OK
- request:
    body: null
    headers:
      Accept:
      - '*/*'
      Accept-Encoding:
      - gzip, deflate
      CommandName:
      - aks create
      Connection:
      - keep-alive
      ParameterSetName:
      - --resource-group --name --node-count --load-balancer-sku --enable-private-cluster
        --private-dns-zone --ssh-key-value
      User-Agent:
      - AZURECLI/2.29.0 azsdk-python-azure-mgmt-containerservice/16.4.0 Python/3.8.11
        (Linux-5.4.0-1059-azure-x86_64-with-glibc2.27)
    method: GET
    uri: https://management.azure.com/subscriptions/00000000-0000-0000-0000-000000000000/providers/Microsoft.ContainerService/locations/westus2/operations/f540dbff-f507-4ab2-b8f9-f416e0cd2195?api-version=2016-03-30
  response:
    body:
      string: "{\n  \"name\": \"ffdb40f5-07f5-b24a-b8f9-f416e0cd2195\",\n  \"status\":
        \"InProgress\",\n  \"startTime\": \"2021-10-19T07:20:56.1633333Z\"\n }"
    headers:
      cache-control:
      - no-cache
      content-length:
      - '126'
      content-type:
      - application/json
      date:
      - Tue, 19 Oct 2021 07:25:26 GMT
      expires:
      - '-1'
      pragma:
      - no-cache
      server:
      - nginx
      strict-transport-security:
      - max-age=31536000; includeSubDomains
      transfer-encoding:
      - chunked
      vary:
      - Accept-Encoding
      x-content-type-options:
      - nosniff
    status:
      code: 200
      message: OK
- request:
    body: null
    headers:
      Accept:
      - '*/*'
      Accept-Encoding:
      - gzip, deflate
      CommandName:
      - aks create
      Connection:
      - keep-alive
      ParameterSetName:
      - --resource-group --name --node-count --load-balancer-sku --enable-private-cluster
        --private-dns-zone --ssh-key-value
      User-Agent:
      - AZURECLI/2.29.0 azsdk-python-azure-mgmt-containerservice/16.4.0 Python/3.8.11
        (Linux-5.4.0-1059-azure-x86_64-with-glibc2.27)
    method: GET
    uri: https://management.azure.com/subscriptions/00000000-0000-0000-0000-000000000000/providers/Microsoft.ContainerService/locations/westus2/operations/f540dbff-f507-4ab2-b8f9-f416e0cd2195?api-version=2016-03-30
  response:
    body:
      string: "{\n  \"name\": \"ffdb40f5-07f5-b24a-b8f9-f416e0cd2195\",\n  \"status\":
        \"InProgress\",\n  \"startTime\": \"2021-10-19T07:20:56.1633333Z\"\n }"
    headers:
      cache-control:
      - no-cache
      content-length:
      - '126'
      content-type:
      - application/json
      date:
      - Tue, 19 Oct 2021 07:25:56 GMT
      expires:
      - '-1'
      pragma:
      - no-cache
      server:
      - nginx
      strict-transport-security:
      - max-age=31536000; includeSubDomains
      transfer-encoding:
      - chunked
      vary:
      - Accept-Encoding
      x-content-type-options:
      - nosniff
    status:
      code: 200
      message: OK
- request:
    body: null
    headers:
      Accept:
      - '*/*'
      Accept-Encoding:
      - gzip, deflate
      CommandName:
      - aks create
      Connection:
      - keep-alive
      ParameterSetName:
      - --resource-group --name --node-count --load-balancer-sku --enable-private-cluster
        --private-dns-zone --ssh-key-value
      User-Agent:
      - AZURECLI/2.29.0 azsdk-python-azure-mgmt-containerservice/16.4.0 Python/3.8.11
        (Linux-5.4.0-1059-azure-x86_64-with-glibc2.27)
    method: GET
    uri: https://management.azure.com/subscriptions/00000000-0000-0000-0000-000000000000/providers/Microsoft.ContainerService/locations/westus2/operations/f540dbff-f507-4ab2-b8f9-f416e0cd2195?api-version=2016-03-30
  response:
    body:
      string: "{\n  \"name\": \"ffdb40f5-07f5-b24a-b8f9-f416e0cd2195\",\n  \"status\":
        \"Succeeded\",\n  \"startTime\": \"2021-10-19T07:20:56.1633333Z\",\n  \"endTime\":
        \"2021-10-19T07:26:27.12498Z\"\n }"
    headers:
      cache-control:
      - no-cache
      content-length:
      - '168'
      content-type:
      - application/json
      date:
      - Tue, 19 Oct 2021 07:26:26 GMT
      expires:
      - '-1'
      pragma:
      - no-cache
      server:
      - nginx
      strict-transport-security:
      - max-age=31536000; includeSubDomains
      transfer-encoding:
      - chunked
      vary:
      - Accept-Encoding
      x-content-type-options:
      - nosniff
    status:
      code: 200
      message: OK
- request:
    body: null
    headers:
      Accept:
      - '*/*'
      Accept-Encoding:
      - gzip, deflate
      CommandName:
      - aks create
      Connection:
      - keep-alive
      ParameterSetName:
      - --resource-group --name --node-count --load-balancer-sku --enable-private-cluster
        --private-dns-zone --ssh-key-value
      User-Agent:
      - AZURECLI/2.29.0 azsdk-python-azure-mgmt-containerservice/16.4.0 Python/3.8.11
        (Linux-5.4.0-1059-azure-x86_64-with-glibc2.27)
    method: GET
    uri: https://management.azure.com/subscriptions/00000000-0000-0000-0000-000000000000/resourceGroups/clitest000001/providers/Microsoft.ContainerService/managedClusters/cliakstest000001?api-version=2021-07-01
  response:
    body:
      string: "{\n  \"id\": \"/subscriptions/00000000-0000-0000-0000-000000000000/resourcegroups/clitest000001/providers/Microsoft.ContainerService/managedClusters/cliakstest000001\",\n
        \ \"location\": \"westus2\",\n  \"name\": \"cliakstest000001\",\n  \"type\":
        \"Microsoft.ContainerService/ManagedClusters\",\n  \"properties\": {\n   \"provisioningState\":
        \"Succeeded\",\n   \"powerState\": {\n    \"code\": \"Running\"\n   },\n   \"kubernetesVersion\":
        \"1.20.9\",\n   \"dnsPrefix\": \"cliakstest-clitestwrzh26njc-8ecadf\",\n   \"fqdn\":
        \"cliakstest-clitestwrzh26njc-8ecadf-6b1eb6f8.hcp.westus2.azmk8s.io\",\n   \"azurePortalFQDN\":
        \"08a6c16d99776271b5d1a835d86dc095-priv.portal.hcp.westus2.azmk8s.io\",\n
        \  \"privateFQDN\": \"cliakstest-clitestwrzh26njc-8ecadf-6b1eb6f8.hcp.westus2.azmk8s.io\",\n
        \  \"agentPoolProfiles\": [\n    {\n     \"name\": \"nodepool1\",\n     \"count\":
        1,\n     \"vmSize\": \"Standard_DS2_v2\",\n     \"osDiskSizeGB\": 128,\n     \"osDiskType\":
        \"Managed\",\n     \"kubeletDiskType\": \"OS\",\n     \"workloadRuntime\":
        \"OCIContainer\",\n     \"maxPods\": 110,\n     \"type\": \"VirtualMachineScaleSets\",\n
        \    \"provisioningState\": \"Succeeded\",\n     \"powerState\": {\n      \"code\":
        \"Running\"\n     },\n     \"orchestratorVersion\": \"1.20.9\",\n     \"enableNodePublicIP\":
        false,\n     \"mode\": \"System\",\n     \"enableEncryptionAtHost\": false,\n
        \    \"enableUltraSSD\": false,\n     \"osType\": \"Linux\",\n     \"osSKU\":
        \"Ubuntu\",\n     \"nodeImageVersion\": \"AKSUbuntu-1804gen2containerd-2021.10.02\",\n
        \    \"enableFIPS\": false\n    }\n   ],\n   \"linuxProfile\": {\n    \"adminUsername\":
        \"azureuser\",\n    \"ssh\": {\n     \"publicKeys\": [\n      {\n       \"keyData\":
        \"ssh-rsa AAAAB3NzaC1yc2EAAAADAQABAAABAQChv1lqJOFqlXd/Sp6RoI5ZS500UG+SXrE+6PjpUk8btELBCBXSUOpX7zYs5+VbuTUfHV7Qa3xBoL3HIbKKkz5QHvF9AUkjbpJLvCbQR1tlqkQdlGen4lsH0YQNOL0Q6Lj0UF+C5MaCHz4a+NecIZ9h/2mpeHV+KcIUaoC9Ulifi35BUvB/6lp4MQbcxJHXTwGbNLtzP+iJIkx8DafVXseJx4uh4wTIlKBLDpUKg+RYTze8UsYCkz1+YvE/cDjVsJh4edQ9fNqZyWYnjMbnyhk46pYpRVf6DeMX5nzShlagUux3KEx2eU4vUtvuIkGFneZDprv2vAMkBCX4xgbxtxZZ
        azcli_aks_live_test@example.com\\n\"\n      }\n     ]\n    }\n   },\n   \"servicePrincipalProfile\":
        {\n    \"clientId\":\"00000000-0000-0000-0000-000000000001\"\n   },\n   \"nodeResourceGroup\":
        \"MC_clitest000001_cliakstest000001_westus2\",\n   \"enableRBAC\": true,\n
        \  \"enablePodSecurityPolicy\": false,\n   \"networkProfile\": {\n    \"networkPlugin\":
        \"kubenet\",\n    \"loadBalancerSku\": \"Standard\",\n    \"loadBalancerProfile\":
        {\n     \"managedOutboundIPs\": {\n      \"count\": 1\n     },\n     \"effectiveOutboundIPs\":
        [\n      {\n       \"id\": \"/subscriptions/00000000-0000-0000-0000-000000000000/resourceGroups/MC_clitest000001_cliakstest000001_westus2/providers/Microsoft.Network/publicIPAddresses/829e81be-18b6-4e36-84e2-315cfbe68fed\"\n
        \     }\n     ]\n    },\n    \"podCidr\": \"10.244.0.0/16\",\n    \"serviceCidr\":
        \"10.0.0.0/16\",\n    \"dnsServiceIP\": \"10.0.0.10\",\n    \"dockerBridgeCidr\":
        \"172.17.0.1/16\",\n    \"outboundType\": \"loadBalancer\"\n   },\n   \"maxAgentPools\":
        100,\n   \"privateLinkResources\": [\n    {\n     \"id\": \"/subscriptions/00000000-0000-0000-0000-000000000000/resourcegroups/clitest000001/providers/Microsoft.ContainerService/managedClusters/cliakstest000001/privateLinkResources/management\",\n
        \    \"name\": \"management\",\n     \"type\": \"Microsoft.ContainerService/managedClusters/privateLinkResources\",\n
        \    \"groupId\": \"management\",\n     \"requiredMembers\": [\n      \"management\"\n
        \    ]\n    }\n   ],\n   \"apiServerAccessProfile\": {\n    \"enablePrivateCluster\":
        true,\n    \"privateDNSZone\": \"none\",\n    \"enablePrivateClusterPublicFQDN\":
        true,\n    \"privateClusterVersion\": \"v1\"\n   },\n   \"identityProfile\":
        {\n    \"kubeletidentity\": {\n     \"resourceId\": \"/subscriptions/00000000-0000-0000-0000-000000000000/resourcegroups/MC_clitest000001_cliakstest000001_westus2/providers/Microsoft.ManagedIdentity/userAssignedIdentities/cliakstest000001-agentpool\",\n
        \    \"clientId\":\"00000000-0000-0000-0000-000000000001\",\n     \"objectId\":\"00000000-0000-0000-0000-000000000001\"\n
        \   }\n   },\n   \"disableLocalAccounts\": false,\n   \"publicNetworkAccess\":
        \"Disabled\"\n  },\n  \"identity\": {\n   \"type\": \"SystemAssigned\",\n
        \  \"principalId\":\"00000000-0000-0000-0000-000000000001\",\n   \"tenantId\":
        \"72f988bf-86f1-41af-91ab-2d7cd011db47\"\n  },\n  \"sku\": {\n   \"name\":
        \"Basic\",\n   \"tier\": \"Free\"\n  }\n }"
    headers:
      cache-control:
      - no-cache
      content-length:
      - '4139'
      content-type:
      - application/json
      date:
      - Tue, 19 Oct 2021 07:26:26 GMT
      expires:
      - '-1'
      pragma:
      - no-cache
      server:
      - nginx
      strict-transport-security:
      - max-age=31536000; includeSubDomains
      transfer-encoding:
      - chunked
      vary:
      - Accept-Encoding
      x-content-type-options:
      - nosniff
    status:
      code: 200
      message: OK
- request:
    body: null
    headers:
      Accept:
      - application/json
      Accept-Encoding:
      - gzip, deflate
      CommandName:
      - aks delete
      Connection:
      - keep-alive
      Content-Length:
      - '0'
      ParameterSetName:
      - -g -n --yes --no-wait
      User-Agent:
      - AZURECLI/2.29.0 azsdk-python-azure-mgmt-containerservice/16.4.0 Python/3.8.11
        (Linux-5.4.0-1059-azure-x86_64-with-glibc2.27)
    method: DELETE
    uri: https://management.azure.com/subscriptions/00000000-0000-0000-0000-000000000000/resourceGroups/clitest000001/providers/Microsoft.ContainerService/managedClusters/cliakstest000001?api-version=2021-07-01
  response:
    body:
      string: ''
    headers:
      azure-asyncoperation:
      - https://management.azure.com/subscriptions/00000000-0000-0000-0000-000000000000/providers/Microsoft.ContainerService/locations/westus2/operations/03773f75-d28b-4c12-9481-b02560486e49?api-version=2016-03-30
      cache-control:
      - no-cache
      content-length:
      - '0'
      date:
      - Tue, 19 Oct 2021 07:26:44 GMT
      expires:
      - '-1'
      location:
      - https://management.azure.com/subscriptions/00000000-0000-0000-0000-000000000000/providers/Microsoft.ContainerService/locations/westus2/operationresults/03773f75-d28b-4c12-9481-b02560486e49?api-version=2016-03-30
      pragma:
      - no-cache
      server:
      - nginx
      strict-transport-security:
      - max-age=31536000; includeSubDomains
      x-content-type-options:
      - nosniff
      x-ms-ratelimit-remaining-subscription-deletes:
      - '14994'
    status:
      code: 202
      message: Accepted
version: 1
