interactions:
- request:
    body: null
    headers:
      Accept:
      - application/json
      Accept-Encoding:
      - gzip, deflate
      CommandName:
      - aks create
      Connection:
      - keep-alive
      ParameterSetName:
      - --resource-group --name --enable-managed-identity -a --ssh-key-value -o
      User-Agent:
      - AZURECLI/2.41.0 azsdk-python-azure-mgmt-resource/21.1.0b1 Python/3.8.10 (Linux-5.15.0-1020-azure-x86_64-with-glibc2.29)
    method: GET
    uri: https://management.azure.com/subscriptions/00000000-0000-0000-0000-000000000000/resourcegroups/clitest000001?api-version=2021-04-01
  response:
    body:
      string: '{"id":"/subscriptions/00000000-0000-0000-0000-000000000000/resourceGroups/clitest000001","name":"clitest000001","type":"Microsoft.Resources/resourceGroups","location":"westus2","tags":{"product":"azurecli","cause":"automation","date":"2022-10-17T09:03:35Z"},"properties":{"provisioningState":"Succeeded"}}'
    headers:
      cache-control:
      - no-cache
      content-length:
      - '305'
      content-type:
      - application/json; charset=utf-8
      date:
      - Mon, 17 Oct 2022 09:03:35 GMT
      expires:
      - '-1'
      pragma:
      - no-cache
      strict-transport-security:
      - max-age=31536000; includeSubDomains
      vary:
      - Accept-Encoding
      x-content-type-options:
      - nosniff
    status:
      code: 200
      message: OK
- request:
    body: '{"location": "westus2", "identity": {"type": "SystemAssigned"}, "properties":
      {"kubernetesVersion": "", "dnsPrefix": "cliakstest-clitestds5yriiaf-79a739",
      "agentPoolProfiles": [{"count": 3, "vmSize": "Standard_DS2_v2", "osDiskSizeGB":
      0, "workloadRuntime": "OCIContainer", "osType": "Linux", "enableAutoScaling":
      false, "type": "VirtualMachineScaleSets", "mode": "System", "orchestratorVersion":
      "", "upgradeSettings": {}, "enableNodePublicIP": false, "enableCustomCATrust":
      false, "scaleSetPriority": "Regular", "scaleSetEvictionPolicy": "Delete", "spotMaxPrice":
      -1.0, "nodeTaints": [], "enableEncryptionAtHost": false, "enableUltraSSD": false,
      "enableFIPS": false, "name": "nodepool1"}], "linuxProfile": {"adminUsername":
      "azureuser", "ssh": {"publicKeys": [{"keyData": "ssh-rsa AAAAB3NzaC1yc2EAAAADAQABAAABAQDQ3QQF3b2JCZJxJtpKp/iJsnQUOhUoiLakn7cbilqism736bFvQMIDeYG2FaGm/Sh0dd3Kv7x/bqBJU30PBfID1RLNmmnIB9Pu/BpbI8nTEiOngwsCmMkKRPa7GWaolB29Jed8T8afwc+/i8frQSPOaKsE2DfOCbFnFn2EI3R8qnK7QjpaN6TSa26oADcF4g920wfInyLqf1NZIC+6AOe3Wbv+/PXtc+mcI1WgfjLB1I5OQfzRvyouexaqpIH7WQaHjF6K6bLvDO4LftA0clzbG5emqNwcaB/dM2ePeLxx8LzkXcPwoJwy8Sikxbrj4L+G40o5X+ddG8i5FmrdOEUJ
      azcli_aks_live_test@example.com\n"}]}}, "addonProfiles": {"openServiceMesh":
      {"enabled": true, "config": {}}}, "enableRBAC": true, "enablePodSecurityPolicy":
      false, "networkProfile": {"networkPlugin": "kubenet", "podCidr": "10.244.0.0/16",
      "serviceCidr": "10.0.0.0/16", "dnsServiceIP": "10.0.0.10", "dockerBridgeCidr":
      "172.17.0.1/16", "outboundType": "loadBalancer", "loadBalancerSku": "standard"},
      "disableLocalAccounts": false, "storageProfile": {}}}'
    headers:
      Accept:
      - application/json
      Accept-Encoding:
      - gzip, deflate
      CommandName:
      - aks create
      Connection:
      - keep-alive
      Content-Length:
      - '1608'
      Content-Type:
      - application/json
      ParameterSetName:
      - --resource-group --name --enable-managed-identity -a --ssh-key-value -o
      User-Agent:
      - AZURECLI/2.41.0 azsdk-python-azure-mgmt-containerservice/20.4.0b Python/3.8.10
        (Linux-5.15.0-1020-azure-x86_64-with-glibc2.29)
    method: PUT
    uri: https://management.azure.com/subscriptions/00000000-0000-0000-0000-000000000000/resourceGroups/clitest000001/providers/Microsoft.ContainerService/managedClusters/cliakstest000002?api-version=2022-09-02-preview
  response:
    body:
      string: "{\n  \"id\": \"/subscriptions/00000000-0000-0000-0000-000000000000/resourcegroups/clitest000001/providers/Microsoft.ContainerService/managedClusters/cliakstest000002\",\n
        \ \"location\": \"westus2\",\n  \"name\": \"cliakstest000002\",\n  \"type\":
        \"Microsoft.ContainerService/ManagedClusters\",\n  \"properties\": {\n   \"provisioningState\":
        \"Creating\",\n   \"powerState\": {\n    \"code\": \"Running\"\n   },\n   \"kubernetesVersion\":
        \"1.23.12\",\n   \"currentKubernetesVersion\": \"1.23.12\",\n   \"dnsPrefix\":
        \"cliakstest-clitestds5yriiaf-79a739\",\n   \"fqdn\": \"cliakstest-clitestds5yriiaf-79a739-b0e0b1d4.hcp.westus2.azmk8s.io\",\n
        \  \"azurePortalFQDN\": \"cliakstest-clitestds5yriiaf-79a739-b0e0b1d4.portal.hcp.westus2.azmk8s.io\",\n
        \  \"agentPoolProfiles\": [\n    {\n     \"name\": \"nodepool1\",\n     \"count\":
        3,\n     \"vmSize\": \"Standard_DS2_v2\",\n     \"osDiskSizeGB\": 128,\n     \"osDiskType\":
        \"Managed\",\n     \"kubeletDiskType\": \"OS\",\n     \"workloadRuntime\":
        \"OCIContainer\",\n     \"maxPods\": 110,\n     \"type\": \"VirtualMachineScaleSets\",\n
        \    \"enableAutoScaling\": false,\n     \"provisioningState\": \"Creating\",\n
        \    \"powerState\": {\n      \"code\": \"Running\"\n     },\n     \"orchestratorVersion\":
        \"1.23.12\",\n     \"currentOrchestratorVersion\": \"1.23.12\",\n     \"enableNodePublicIP\":
        false,\n     \"enableCustomCATrust\": false,\n     \"mode\": \"System\",\n
        \    \"enableEncryptionAtHost\": false,\n     \"enableUltraSSD\": false,\n
        \    \"osType\": \"Linux\",\n     \"osSKU\": \"Ubuntu\",\n     \"nodeImageVersion\":
        \"AKSUbuntu-1804gen2containerd-2022.10.03\",\n     \"upgradeSettings\": {},\n
        \    \"enableFIPS\": false\n    }\n   ],\n   \"linuxProfile\": {\n    \"adminUsername\":
        \"azureuser\",\n    \"ssh\": {\n     \"publicKeys\": [\n      {\n       \"keyData\":
        \"ssh-rsa AAAAB3NzaC1yc2EAAAADAQABAAABAQDQ3QQF3b2JCZJxJtpKp/iJsnQUOhUoiLakn7cbilqism736bFvQMIDeYG2FaGm/Sh0dd3Kv7x/bqBJU30PBfID1RLNmmnIB9Pu/BpbI8nTEiOngwsCmMkKRPa7GWaolB29Jed8T8afwc+/i8frQSPOaKsE2DfOCbFnFn2EI3R8qnK7QjpaN6TSa26oADcF4g920wfInyLqf1NZIC+6AOe3Wbv+/PXtc+mcI1WgfjLB1I5OQfzRvyouexaqpIH7WQaHjF6K6bLvDO4LftA0clzbG5emqNwcaB/dM2ePeLxx8LzkXcPwoJwy8Sikxbrj4L+G40o5X+ddG8i5FmrdOEUJ
        azcli_aks_live_test@example.com\\n\"\n      }\n     ]\n    }\n   },\n   \"servicePrincipalProfile\":
        {\n    \"clientId\":\"00000000-0000-0000-0000-000000000001\"\n   },\n   \"addonProfiles\":
        {\n    \"openServiceMesh\": {\n     \"enabled\": true,\n     \"config\": null\n
        \   }\n   },\n   \"nodeResourceGroup\": \"MC_clitest000001_cliakstest000002_westus2\",\n
        \  \"enableRBAC\": true,\n   \"enablePodSecurityPolicy\": false,\n   \"networkProfile\":
        {\n    \"networkPlugin\": \"kubenet\",\n    \"loadBalancerSku\": \"standard\",\n
        \   \"loadBalancerProfile\": {\n     \"managedOutboundIPs\": {\n      \"count\":
        1\n     },\n     \"backendPoolType\": \"nodeIPConfiguration\"\n    },\n    \"podCidr\":
        \"10.244.0.0/16\",\n    \"serviceCidr\": \"10.0.0.0/16\",\n    \"dnsServiceIP\":
        \"10.0.0.10\",\n    \"dockerBridgeCidr\": \"172.17.0.1/16\",\n    \"outboundType\":
        \"loadBalancer\",\n    \"podCidrs\": [\n     \"10.244.0.0/16\"\n    ],\n    \"serviceCidrs\":
        [\n     \"10.0.0.0/16\"\n    ],\n    \"ipFamilies\": [\n     \"IPv4\"\n    ]\n
        \  },\n   \"maxAgentPools\": 100,\n   \"disableLocalAccounts\": false,\n   \"securityProfile\":
        {},\n   \"storageProfile\": {\n    \"diskCSIDriver\": {\n     \"enabled\":
        true,\n     \"version\": \"v1\"\n    },\n    \"fileCSIDriver\": {\n     \"enabled\":
        true\n    },\n    \"snapshotController\": {\n     \"enabled\": true\n    }\n
        \  },\n   \"oidcIssuerProfile\": {\n    \"enabled\": false\n   },\n   \"workloadAutoScalerProfile\":
        {}\n  },\n  \"identity\": {\n   \"type\": \"SystemAssigned\",\n   \"principalId\":\"00000000-0000-0000-0000-000000000001\",\n
        \  \"tenantId\": \"72f988bf-86f1-41af-91ab-2d7cd011db47\"\n  },\n  \"sku\":
        {\n   \"name\": \"Basic\",\n   \"tier\": \"Free\"\n  }\n }"
    headers:
      azure-asyncoperation:
      - https://management.azure.com/subscriptions/00000000-0000-0000-0000-000000000000/providers/Microsoft.ContainerService/locations/westus2/operations/e7a8995b-3b3f-41c8-9dc4-4c8c702cc32a?api-version=2016-03-30
      cache-control:
      - no-cache
      content-length:
      - '3554'
      content-type:
      - application/json
      date:
      - Mon, 17 Oct 2022 09:03:39 GMT
      expires:
      - '-1'
      pragma:
      - no-cache
      server:
      - nginx
      strict-transport-security:
      - max-age=31536000; includeSubDomains
      x-content-type-options:
      - nosniff
      x-ms-ratelimit-remaining-subscription-writes:
      - '1199'
    status:
      code: 201
      message: Created
- request:
    body: null
    headers:
      Accept:
      - '*/*'
      Accept-Encoding:
      - gzip, deflate
      CommandName:
      - aks create
      Connection:
      - keep-alive
      ParameterSetName:
      - --resource-group --name --enable-managed-identity -a --ssh-key-value -o
      User-Agent:
      - AZURECLI/2.41.0 azsdk-python-azure-mgmt-containerservice/20.4.0b Python/3.8.10
        (Linux-5.15.0-1020-azure-x86_64-with-glibc2.29)
    method: GET
    uri: https://management.azure.com/subscriptions/00000000-0000-0000-0000-000000000000/providers/Microsoft.ContainerService/locations/westus2/operations/e7a8995b-3b3f-41c8-9dc4-4c8c702cc32a?api-version=2016-03-30
  response:
    body:
      string: "{\n  \"name\": \"5b99a8e7-3f3b-c841-9dc4-4c8c702cc32a\",\n  \"status\":
        \"InProgress\",\n  \"startTime\": \"2022-10-17T09:03:39.1143078Z\"\n }"
    headers:
      cache-control:
      - no-cache
      content-length:
      - '126'
      content-type:
      - application/json
      date:
      - Mon, 17 Oct 2022 09:04:09 GMT
      expires:
      - '-1'
      pragma:
      - no-cache
      server:
      - nginx
      strict-transport-security:
      - max-age=31536000; includeSubDomains
      transfer-encoding:
      - chunked
      vary:
      - Accept-Encoding
      x-content-type-options:
      - nosniff
    status:
      code: 200
      message: OK
- request:
    body: null
    headers:
      Accept:
      - '*/*'
      Accept-Encoding:
      - gzip, deflate
      CommandName:
      - aks create
      Connection:
      - keep-alive
      ParameterSetName:
      - --resource-group --name --enable-managed-identity -a --ssh-key-value -o
      User-Agent:
      - AZURECLI/2.41.0 azsdk-python-azure-mgmt-containerservice/20.4.0b Python/3.8.10
        (Linux-5.15.0-1020-azure-x86_64-with-glibc2.29)
    method: GET
    uri: https://management.azure.com/subscriptions/00000000-0000-0000-0000-000000000000/providers/Microsoft.ContainerService/locations/westus2/operations/e7a8995b-3b3f-41c8-9dc4-4c8c702cc32a?api-version=2016-03-30
  response:
    body:
      string: "{\n  \"name\": \"5b99a8e7-3f3b-c841-9dc4-4c8c702cc32a\",\n  \"status\":
        \"InProgress\",\n  \"startTime\": \"2022-10-17T09:03:39.1143078Z\"\n }"
    headers:
      cache-control:
      - no-cache
      content-length:
      - '126'
      content-type:
      - application/json
      date:
      - Mon, 17 Oct 2022 09:04:39 GMT
      expires:
      - '-1'
      pragma:
      - no-cache
      server:
      - nginx
      strict-transport-security:
      - max-age=31536000; includeSubDomains
      transfer-encoding:
      - chunked
      vary:
      - Accept-Encoding
      x-content-type-options:
      - nosniff
    status:
      code: 200
      message: OK
- request:
    body: null
    headers:
      Accept:
      - '*/*'
      Accept-Encoding:
      - gzip, deflate
      CommandName:
      - aks create
      Connection:
      - keep-alive
      ParameterSetName:
      - --resource-group --name --enable-managed-identity -a --ssh-key-value -o
      User-Agent:
      - AZURECLI/2.41.0 azsdk-python-azure-mgmt-containerservice/20.4.0b Python/3.8.10
        (Linux-5.15.0-1020-azure-x86_64-with-glibc2.29)
    method: GET
    uri: https://management.azure.com/subscriptions/00000000-0000-0000-0000-000000000000/providers/Microsoft.ContainerService/locations/westus2/operations/e7a8995b-3b3f-41c8-9dc4-4c8c702cc32a?api-version=2016-03-30
  response:
    body:
      string: "{\n  \"name\": \"5b99a8e7-3f3b-c841-9dc4-4c8c702cc32a\",\n  \"status\":
        \"InProgress\",\n  \"startTime\": \"2022-10-17T09:03:39.1143078Z\"\n }"
    headers:
      cache-control:
      - no-cache
      content-length:
      - '126'
      content-type:
      - application/json
      date:
      - Mon, 17 Oct 2022 09:05:08 GMT
      expires:
      - '-1'
      pragma:
      - no-cache
      server:
      - nginx
      strict-transport-security:
      - max-age=31536000; includeSubDomains
      transfer-encoding:
      - chunked
      vary:
      - Accept-Encoding
      x-content-type-options:
      - nosniff
    status:
      code: 200
      message: OK
- request:
    body: null
    headers:
      Accept:
      - '*/*'
      Accept-Encoding:
      - gzip, deflate
      CommandName:
      - aks create
      Connection:
      - keep-alive
      ParameterSetName:
      - --resource-group --name --enable-managed-identity -a --ssh-key-value -o
      User-Agent:
      - AZURECLI/2.41.0 azsdk-python-azure-mgmt-containerservice/20.4.0b Python/3.8.10
        (Linux-5.15.0-1020-azure-x86_64-with-glibc2.29)
    method: GET
    uri: https://management.azure.com/subscriptions/00000000-0000-0000-0000-000000000000/providers/Microsoft.ContainerService/locations/westus2/operations/e7a8995b-3b3f-41c8-9dc4-4c8c702cc32a?api-version=2016-03-30
  response:
    body:
      string: "{\n  \"name\": \"5b99a8e7-3f3b-c841-9dc4-4c8c702cc32a\",\n  \"status\":
        \"InProgress\",\n  \"startTime\": \"2022-10-17T09:03:39.1143078Z\"\n }"
    headers:
      cache-control:
      - no-cache
      content-length:
      - '126'
      content-type:
      - application/json
      date:
      - Mon, 17 Oct 2022 09:05:39 GMT
      expires:
      - '-1'
      pragma:
      - no-cache
      server:
      - nginx
      strict-transport-security:
      - max-age=31536000; includeSubDomains
      transfer-encoding:
      - chunked
      vary:
      - Accept-Encoding
      x-content-type-options:
      - nosniff
    status:
      code: 200
      message: OK
- request:
    body: null
    headers:
      Accept:
      - '*/*'
      Accept-Encoding:
      - gzip, deflate
      CommandName:
      - aks create
      Connection:
      - keep-alive
      ParameterSetName:
      - --resource-group --name --enable-managed-identity -a --ssh-key-value -o
      User-Agent:
      - AZURECLI/2.41.0 azsdk-python-azure-mgmt-containerservice/20.4.0b Python/3.8.10
        (Linux-5.15.0-1020-azure-x86_64-with-glibc2.29)
    method: GET
    uri: https://management.azure.com/subscriptions/00000000-0000-0000-0000-000000000000/providers/Microsoft.ContainerService/locations/westus2/operations/e7a8995b-3b3f-41c8-9dc4-4c8c702cc32a?api-version=2016-03-30
  response:
    body:
      string: "{\n  \"name\": \"5b99a8e7-3f3b-c841-9dc4-4c8c702cc32a\",\n  \"status\":
        \"InProgress\",\n  \"startTime\": \"2022-10-17T09:03:39.1143078Z\"\n }"
    headers:
      cache-control:
      - no-cache
      content-length:
      - '126'
      content-type:
      - application/json
      date:
      - Mon, 17 Oct 2022 09:06:09 GMT
      expires:
      - '-1'
      pragma:
      - no-cache
      server:
      - nginx
      strict-transport-security:
      - max-age=31536000; includeSubDomains
      transfer-encoding:
      - chunked
      vary:
      - Accept-Encoding
      x-content-type-options:
      - nosniff
    status:
      code: 200
      message: OK
- request:
    body: null
    headers:
      Accept:
      - '*/*'
      Accept-Encoding:
      - gzip, deflate
      CommandName:
      - aks create
      Connection:
      - keep-alive
      ParameterSetName:
      - --resource-group --name --enable-managed-identity -a --ssh-key-value -o
      User-Agent:
      - AZURECLI/2.41.0 azsdk-python-azure-mgmt-containerservice/20.4.0b Python/3.8.10
        (Linux-5.15.0-1020-azure-x86_64-with-glibc2.29)
    method: GET
    uri: https://management.azure.com/subscriptions/00000000-0000-0000-0000-000000000000/providers/Microsoft.ContainerService/locations/westus2/operations/e7a8995b-3b3f-41c8-9dc4-4c8c702cc32a?api-version=2016-03-30
  response:
    body:
      string: "{\n  \"name\": \"5b99a8e7-3f3b-c841-9dc4-4c8c702cc32a\",\n  \"status\":
        \"InProgress\",\n  \"startTime\": \"2022-10-17T09:03:39.1143078Z\"\n }"
    headers:
      cache-control:
      - no-cache
      content-length:
      - '126'
      content-type:
      - application/json
      date:
      - Mon, 17 Oct 2022 09:06:39 GMT
      expires:
      - '-1'
      pragma:
      - no-cache
      server:
      - nginx
      strict-transport-security:
      - max-age=31536000; includeSubDomains
      transfer-encoding:
      - chunked
      vary:
      - Accept-Encoding
      x-content-type-options:
      - nosniff
    status:
      code: 200
      message: OK
- request:
    body: null
    headers:
      Accept:
      - '*/*'
      Accept-Encoding:
      - gzip, deflate
      CommandName:
      - aks create
      Connection:
      - keep-alive
      ParameterSetName:
      - --resource-group --name --enable-managed-identity -a --ssh-key-value -o
      User-Agent:
      - AZURECLI/2.41.0 azsdk-python-azure-mgmt-containerservice/20.4.0b Python/3.8.10
        (Linux-5.15.0-1020-azure-x86_64-with-glibc2.29)
    method: GET
    uri: https://management.azure.com/subscriptions/00000000-0000-0000-0000-000000000000/providers/Microsoft.ContainerService/locations/westus2/operations/e7a8995b-3b3f-41c8-9dc4-4c8c702cc32a?api-version=2016-03-30
  response:
    body:
      string: "{\n  \"name\": \"5b99a8e7-3f3b-c841-9dc4-4c8c702cc32a\",\n  \"status\":
        \"InProgress\",\n  \"startTime\": \"2022-10-17T09:03:39.1143078Z\"\n }"
    headers:
      cache-control:
      - no-cache
      content-length:
      - '126'
      content-type:
      - application/json
      date:
      - Mon, 17 Oct 2022 09:07:09 GMT
      expires:
      - '-1'
      pragma:
      - no-cache
      server:
      - nginx
      strict-transport-security:
      - max-age=31536000; includeSubDomains
      transfer-encoding:
      - chunked
      vary:
      - Accept-Encoding
      x-content-type-options:
      - nosniff
    status:
      code: 200
      message: OK
- request:
    body: null
    headers:
      Accept:
      - '*/*'
      Accept-Encoding:
      - gzip, deflate
      CommandName:
      - aks create
      Connection:
      - keep-alive
      ParameterSetName:
      - --resource-group --name --enable-managed-identity -a --ssh-key-value -o
      User-Agent:
      - AZURECLI/2.41.0 azsdk-python-azure-mgmt-containerservice/20.4.0b Python/3.8.10
        (Linux-5.15.0-1020-azure-x86_64-with-glibc2.29)
    method: GET
    uri: https://management.azure.com/subscriptions/00000000-0000-0000-0000-000000000000/providers/Microsoft.ContainerService/locations/westus2/operations/e7a8995b-3b3f-41c8-9dc4-4c8c702cc32a?api-version=2016-03-30
  response:
    body:
      string: "{\n  \"name\": \"5b99a8e7-3f3b-c841-9dc4-4c8c702cc32a\",\n  \"status\":
        \"InProgress\",\n  \"startTime\": \"2022-10-17T09:03:39.1143078Z\"\n }"
    headers:
      cache-control:
      - no-cache
      content-length:
      - '126'
      content-type:
      - application/json
      date:
      - Mon, 17 Oct 2022 09:07:39 GMT
      expires:
      - '-1'
      pragma:
      - no-cache
      server:
      - nginx
      strict-transport-security:
      - max-age=31536000; includeSubDomains
      transfer-encoding:
      - chunked
      vary:
      - Accept-Encoding
      x-content-type-options:
      - nosniff
    status:
      code: 200
      message: OK
- request:
    body: null
    headers:
      Accept:
      - '*/*'
      Accept-Encoding:
      - gzip, deflate
      CommandName:
      - aks create
      Connection:
      - keep-alive
      ParameterSetName:
      - --resource-group --name --enable-managed-identity -a --ssh-key-value -o
      User-Agent:
      - AZURECLI/2.41.0 azsdk-python-azure-mgmt-containerservice/20.4.0b Python/3.8.10
        (Linux-5.15.0-1020-azure-x86_64-with-glibc2.29)
    method: GET
    uri: https://management.azure.com/subscriptions/00000000-0000-0000-0000-000000000000/providers/Microsoft.ContainerService/locations/westus2/operations/e7a8995b-3b3f-41c8-9dc4-4c8c702cc32a?api-version=2016-03-30
  response:
    body:
      string: "{\n  \"name\": \"5b99a8e7-3f3b-c841-9dc4-4c8c702cc32a\",\n  \"status\":
        \"InProgress\",\n  \"startTime\": \"2022-10-17T09:03:39.1143078Z\"\n }"
    headers:
      cache-control:
      - no-cache
      content-length:
      - '126'
      content-type:
      - application/json
      date:
      - Mon, 17 Oct 2022 09:08:09 GMT
      expires:
      - '-1'
      pragma:
      - no-cache
      server:
      - nginx
      strict-transport-security:
      - max-age=31536000; includeSubDomains
      transfer-encoding:
      - chunked
      vary:
      - Accept-Encoding
      x-content-type-options:
      - nosniff
    status:
      code: 200
      message: OK
- request:
    body: null
    headers:
      Accept:
      - '*/*'
      Accept-Encoding:
      - gzip, deflate
      CommandName:
      - aks create
      Connection:
      - keep-alive
      ParameterSetName:
      - --resource-group --name --enable-managed-identity -a --ssh-key-value -o
      User-Agent:
      - AZURECLI/2.41.0 azsdk-python-azure-mgmt-containerservice/20.4.0b Python/3.8.10
        (Linux-5.15.0-1020-azure-x86_64-with-glibc2.29)
    method: GET
    uri: https://management.azure.com/subscriptions/00000000-0000-0000-0000-000000000000/providers/Microsoft.ContainerService/locations/westus2/operations/e7a8995b-3b3f-41c8-9dc4-4c8c702cc32a?api-version=2016-03-30
  response:
    body:
      string: "{\n  \"name\": \"5b99a8e7-3f3b-c841-9dc4-4c8c702cc32a\",\n  \"status\":
        \"InProgress\",\n  \"startTime\": \"2022-10-17T09:03:39.1143078Z\"\n }"
    headers:
      cache-control:
      - no-cache
      content-length:
      - '126'
      content-type:
      - application/json
      date:
      - Mon, 17 Oct 2022 09:08:40 GMT
      expires:
      - '-1'
      pragma:
      - no-cache
      server:
      - nginx
      strict-transport-security:
      - max-age=31536000; includeSubDomains
      transfer-encoding:
      - chunked
      vary:
      - Accept-Encoding
      x-content-type-options:
      - nosniff
    status:
      code: 200
      message: OK
- request:
    body: null
    headers:
      Accept:
      - '*/*'
      Accept-Encoding:
      - gzip, deflate
      CommandName:
      - aks create
      Connection:
      - keep-alive
      ParameterSetName:
      - --resource-group --name --enable-managed-identity -a --ssh-key-value -o
      User-Agent:
      - AZURECLI/2.41.0 azsdk-python-azure-mgmt-containerservice/20.4.0b Python/3.8.10
        (Linux-5.15.0-1020-azure-x86_64-with-glibc2.29)
    method: GET
    uri: https://management.azure.com/subscriptions/00000000-0000-0000-0000-000000000000/providers/Microsoft.ContainerService/locations/westus2/operations/e7a8995b-3b3f-41c8-9dc4-4c8c702cc32a?api-version=2016-03-30
  response:
    body:
      string: "{\n  \"name\": \"5b99a8e7-3f3b-c841-9dc4-4c8c702cc32a\",\n  \"status\":
        \"InProgress\",\n  \"startTime\": \"2022-10-17T09:03:39.1143078Z\"\n }"
    headers:
      cache-control:
      - no-cache
      content-length:
      - '126'
      content-type:
      - application/json
      date:
      - Mon, 17 Oct 2022 09:09:09 GMT
      expires:
      - '-1'
      pragma:
      - no-cache
      server:
      - nginx
      strict-transport-security:
      - max-age=31536000; includeSubDomains
      transfer-encoding:
      - chunked
      vary:
      - Accept-Encoding
      x-content-type-options:
      - nosniff
    status:
      code: 200
      message: OK
- request:
    body: null
    headers:
      Accept:
      - '*/*'
      Accept-Encoding:
      - gzip, deflate
      CommandName:
      - aks create
      Connection:
      - keep-alive
      ParameterSetName:
      - --resource-group --name --enable-managed-identity -a --ssh-key-value -o
      User-Agent:
      - AZURECLI/2.41.0 azsdk-python-azure-mgmt-containerservice/20.4.0b Python/3.8.10
        (Linux-5.15.0-1020-azure-x86_64-with-glibc2.29)
    method: GET
    uri: https://management.azure.com/subscriptions/00000000-0000-0000-0000-000000000000/providers/Microsoft.ContainerService/locations/westus2/operations/e7a8995b-3b3f-41c8-9dc4-4c8c702cc32a?api-version=2016-03-30
  response:
    body:
      string: "{\n  \"name\": \"5b99a8e7-3f3b-c841-9dc4-4c8c702cc32a\",\n  \"status\":
        \"InProgress\",\n  \"startTime\": \"2022-10-17T09:03:39.1143078Z\"\n }"
    headers:
      cache-control:
      - no-cache
      content-length:
      - '126'
      content-type:
      - application/json
      date:
      - Mon, 17 Oct 2022 09:09:40 GMT
      expires:
      - '-1'
      pragma:
      - no-cache
      server:
      - nginx
      strict-transport-security:
      - max-age=31536000; includeSubDomains
      transfer-encoding:
      - chunked
      vary:
      - Accept-Encoding
      x-content-type-options:
      - nosniff
    status:
      code: 200
      message: OK
- request:
    body: null
    headers:
      Accept:
      - '*/*'
      Accept-Encoding:
      - gzip, deflate
      CommandName:
      - aks create
      Connection:
      - keep-alive
      ParameterSetName:
      - --resource-group --name --enable-managed-identity -a --ssh-key-value -o
      User-Agent:
      - AZURECLI/2.41.0 azsdk-python-azure-mgmt-containerservice/20.4.0b Python/3.8.10
        (Linux-5.15.0-1020-azure-x86_64-with-glibc2.29)
    method: GET
    uri: https://management.azure.com/subscriptions/00000000-0000-0000-0000-000000000000/providers/Microsoft.ContainerService/locations/westus2/operations/e7a8995b-3b3f-41c8-9dc4-4c8c702cc32a?api-version=2016-03-30
  response:
    body:
      string: "{\n  \"name\": \"5b99a8e7-3f3b-c841-9dc4-4c8c702cc32a\",\n  \"status\":
        \"Succeeded\",\n  \"startTime\": \"2022-10-17T09:03:39.1143078Z\",\n  \"endTime\":
        \"2022-10-17T09:09:46.9803707Z\"\n }"
    headers:
      cache-control:
      - no-cache
      content-length:
      - '170'
      content-type:
      - application/json
      date:
      - Mon, 17 Oct 2022 09:10:09 GMT
      expires:
      - '-1'
      pragma:
      - no-cache
      server:
      - nginx
      strict-transport-security:
      - max-age=31536000; includeSubDomains
      transfer-encoding:
      - chunked
      vary:
      - Accept-Encoding
      x-content-type-options:
      - nosniff
    status:
      code: 200
      message: OK
- request:
    body: null
    headers:
      Accept:
      - '*/*'
      Accept-Encoding:
      - gzip, deflate
      CommandName:
      - aks create
      Connection:
      - keep-alive
      ParameterSetName:
      - --resource-group --name --enable-managed-identity -a --ssh-key-value -o
      User-Agent:
      - AZURECLI/2.41.0 azsdk-python-azure-mgmt-containerservice/20.4.0b Python/3.8.10
        (Linux-5.15.0-1020-azure-x86_64-with-glibc2.29)
    method: GET
    uri: https://management.azure.com/subscriptions/00000000-0000-0000-0000-000000000000/resourceGroups/clitest000001/providers/Microsoft.ContainerService/managedClusters/cliakstest000002?api-version=2022-09-02-preview
  response:
    body:
      string: "{\n  \"id\": \"/subscriptions/00000000-0000-0000-0000-000000000000/resourcegroups/clitest000001/providers/Microsoft.ContainerService/managedClusters/cliakstest000002\",\n
        \ \"location\": \"westus2\",\n  \"name\": \"cliakstest000002\",\n  \"type\":
        \"Microsoft.ContainerService/ManagedClusters\",\n  \"properties\": {\n   \"provisioningState\":
        \"Succeeded\",\n   \"powerState\": {\n    \"code\": \"Running\"\n   },\n   \"kubernetesVersion\":
        \"1.23.12\",\n   \"currentKubernetesVersion\": \"1.23.12\",\n   \"dnsPrefix\":
        \"cliakstest-clitestds5yriiaf-79a739\",\n   \"fqdn\": \"cliakstest-clitestds5yriiaf-79a739-b0e0b1d4.hcp.westus2.azmk8s.io\",\n
        \  \"azurePortalFQDN\": \"cliakstest-clitestds5yriiaf-79a739-b0e0b1d4.portal.hcp.westus2.azmk8s.io\",\n
        \  \"agentPoolProfiles\": [\n    {\n     \"name\": \"nodepool1\",\n     \"count\":
        3,\n     \"vmSize\": \"Standard_DS2_v2\",\n     \"osDiskSizeGB\": 128,\n     \"osDiskType\":
        \"Managed\",\n     \"kubeletDiskType\": \"OS\",\n     \"workloadRuntime\":
        \"OCIContainer\",\n     \"maxPods\": 110,\n     \"type\": \"VirtualMachineScaleSets\",\n
        \    \"enableAutoScaling\": false,\n     \"provisioningState\": \"Succeeded\",\n
        \    \"powerState\": {\n      \"code\": \"Running\"\n     },\n     \"orchestratorVersion\":
        \"1.23.12\",\n     \"currentOrchestratorVersion\": \"1.23.12\",\n     \"enableNodePublicIP\":
        false,\n     \"enableCustomCATrust\": false,\n     \"mode\": \"System\",\n
        \    \"enableEncryptionAtHost\": false,\n     \"enableUltraSSD\": false,\n
        \    \"osType\": \"Linux\",\n     \"osSKU\": \"Ubuntu\",\n     \"nodeImageVersion\":
        \"AKSUbuntu-1804gen2containerd-2022.10.03\",\n     \"upgradeSettings\": {},\n
        \    \"enableFIPS\": false\n    }\n   ],\n   \"linuxProfile\": {\n    \"adminUsername\":
        \"azureuser\",\n    \"ssh\": {\n     \"publicKeys\": [\n      {\n       \"keyData\":
        \"ssh-rsa AAAAB3NzaC1yc2EAAAADAQABAAABAQDQ3QQF3b2JCZJxJtpKp/iJsnQUOhUoiLakn7cbilqism736bFvQMIDeYG2FaGm/Sh0dd3Kv7x/bqBJU30PBfID1RLNmmnIB9Pu/BpbI8nTEiOngwsCmMkKRPa7GWaolB29Jed8T8afwc+/i8frQSPOaKsE2DfOCbFnFn2EI3R8qnK7QjpaN6TSa26oADcF4g920wfInyLqf1NZIC+6AOe3Wbv+/PXtc+mcI1WgfjLB1I5OQfzRvyouexaqpIH7WQaHjF6K6bLvDO4LftA0clzbG5emqNwcaB/dM2ePeLxx8LzkXcPwoJwy8Sikxbrj4L+G40o5X+ddG8i5FmrdOEUJ
        azcli_aks_live_test@example.com\\n\"\n      }\n     ]\n    }\n   },\n   \"servicePrincipalProfile\":
        {\n    \"clientId\":\"00000000-0000-0000-0000-000000000001\"\n   },\n   \"addonProfiles\":
        {\n    \"openServiceMesh\": {\n     \"enabled\": true,\n     \"config\": null\n
        \   }\n   },\n   \"nodeResourceGroup\": \"MC_clitest000001_cliakstest000002_westus2\",\n
        \  \"enableRBAC\": true,\n   \"enablePodSecurityPolicy\": false,\n   \"networkProfile\":
        {\n    \"networkPlugin\": \"kubenet\",\n    \"loadBalancerSku\": \"Standard\",\n
        \   \"loadBalancerProfile\": {\n     \"managedOutboundIPs\": {\n      \"count\":
        1\n     },\n     \"effectiveOutboundIPs\": [\n      {\n       \"id\": \"/subscriptions/00000000-0000-0000-0000-000000000000/resourceGroups/MC_clitest000001_cliakstest000002_westus2/providers/Microsoft.Network/publicIPAddresses/d074e208-c5c5-4990-93a1-9e661c40c6be\"\n
        \     }\n     ],\n     \"backendPoolType\": \"nodeIPConfiguration\"\n    },\n
        \   \"podCidr\": \"10.244.0.0/16\",\n    \"serviceCidr\": \"10.0.0.0/16\",\n
        \   \"dnsServiceIP\": \"10.0.0.10\",\n    \"dockerBridgeCidr\": \"172.17.0.1/16\",\n
        \   \"outboundType\": \"loadBalancer\",\n    \"podCidrs\": [\n     \"10.244.0.0/16\"\n
        \   ],\n    \"serviceCidrs\": [\n     \"10.0.0.0/16\"\n    ],\n    \"ipFamilies\":
        [\n     \"IPv4\"\n    ]\n   },\n   \"maxAgentPools\": 100,\n   \"identityProfile\":
        {\n    \"kubeletidentity\": {\n     \"resourceId\": \"/subscriptions/00000000-0000-0000-0000-000000000000/resourcegroups/MC_clitest000001_cliakstest000002_westus2/providers/Microsoft.ManagedIdentity/userAssignedIdentities/cliakstest000002-agentpool\",\n
        \    \"clientId\":\"00000000-0000-0000-0000-000000000001\",\n     \"objectId\":\"00000000-0000-0000-0000-000000000001\"\n
        \   }\n   },\n   \"disableLocalAccounts\": false,\n   \"securityProfile\":
        {},\n   \"storageProfile\": {\n    \"diskCSIDriver\": {\n     \"enabled\":
        true,\n     \"version\": \"v1\"\n    },\n    \"fileCSIDriver\": {\n     \"enabled\":
        true\n    },\n    \"snapshotController\": {\n     \"enabled\": true\n    }\n
        \  },\n   \"oidcIssuerProfile\": {\n    \"enabled\": false\n   },\n   \"workloadAutoScalerProfile\":
        {}\n  },\n  \"identity\": {\n   \"type\": \"SystemAssigned\",\n   \"principalId\":\"00000000-0000-0000-0000-000000000001\",\n
        \  \"tenantId\": \"72f988bf-86f1-41af-91ab-2d7cd011db47\"\n  },\n  \"sku\":
        {\n   \"name\": \"Basic\",\n   \"tier\": \"Free\"\n  }\n }"
    headers:
      cache-control:
      - no-cache
      content-length:
      - '4207'
      content-type:
      - application/json
      date:
      - Mon, 17 Oct 2022 09:10:09 GMT
      expires:
      - '-1'
      pragma:
      - no-cache
      server:
      - nginx
      strict-transport-security:
      - max-age=31536000; includeSubDomains
      transfer-encoding:
      - chunked
      vary:
      - Accept-Encoding
      x-content-type-options:
      - nosniff
    status:
      code: 200
      message: OK
- request:
    body: null
    headers:
      Accept:
      - application/json
      Accept-Encoding:
      - gzip, deflate
      CommandName:
      - aks disable-addons
      Connection:
      - keep-alive
      ParameterSetName:
      - --addons --resource-group --name -o
      User-Agent:
      - AZURECLI/2.41.0 azsdk-python-azure-mgmt-containerservice/20.4.0b Python/3.8.10
        (Linux-5.15.0-1020-azure-x86_64-with-glibc2.29)
    method: GET
    uri: https://management.azure.com/subscriptions/00000000-0000-0000-0000-000000000000/resourceGroups/clitest000001/providers/Microsoft.ContainerService/managedClusters/cliakstest000002?api-version=2022-09-02-preview
  response:
    body:
      string: "{\n  \"id\": \"/subscriptions/00000000-0000-0000-0000-000000000000/resourcegroups/clitest000001/providers/Microsoft.ContainerService/managedClusters/cliakstest000002\",\n
        \ \"location\": \"westus2\",\n  \"name\": \"cliakstest000002\",\n  \"type\":
        \"Microsoft.ContainerService/ManagedClusters\",\n  \"properties\": {\n   \"provisioningState\":
        \"Succeeded\",\n   \"powerState\": {\n    \"code\": \"Running\"\n   },\n   \"kubernetesVersion\":
        \"1.23.12\",\n   \"currentKubernetesVersion\": \"1.23.12\",\n   \"dnsPrefix\":
        \"cliakstest-clitestds5yriiaf-79a739\",\n   \"fqdn\": \"cliakstest-clitestds5yriiaf-79a739-b0e0b1d4.hcp.westus2.azmk8s.io\",\n
        \  \"azurePortalFQDN\": \"cliakstest-clitestds5yriiaf-79a739-b0e0b1d4.portal.hcp.westus2.azmk8s.io\",\n
        \  \"agentPoolProfiles\": [\n    {\n     \"name\": \"nodepool1\",\n     \"count\":
        3,\n     \"vmSize\": \"Standard_DS2_v2\",\n     \"osDiskSizeGB\": 128,\n     \"osDiskType\":
        \"Managed\",\n     \"kubeletDiskType\": \"OS\",\n     \"workloadRuntime\":
        \"OCIContainer\",\n     \"maxPods\": 110,\n     \"type\": \"VirtualMachineScaleSets\",\n
        \    \"enableAutoScaling\": false,\n     \"provisioningState\": \"Succeeded\",\n
        \    \"powerState\": {\n      \"code\": \"Running\"\n     },\n     \"orchestratorVersion\":
        \"1.23.12\",\n     \"currentOrchestratorVersion\": \"1.23.12\",\n     \"enableNodePublicIP\":
        false,\n     \"enableCustomCATrust\": false,\n     \"mode\": \"System\",\n
        \    \"enableEncryptionAtHost\": false,\n     \"enableUltraSSD\": false,\n
        \    \"osType\": \"Linux\",\n     \"osSKU\": \"Ubuntu\",\n     \"nodeImageVersion\":
        \"AKSUbuntu-1804gen2containerd-2022.10.03\",\n     \"upgradeSettings\": {},\n
        \    \"enableFIPS\": false\n    }\n   ],\n   \"linuxProfile\": {\n    \"adminUsername\":
        \"azureuser\",\n    \"ssh\": {\n     \"publicKeys\": [\n      {\n       \"keyData\":
        \"ssh-rsa AAAAB3NzaC1yc2EAAAADAQABAAABAQDQ3QQF3b2JCZJxJtpKp/iJsnQUOhUoiLakn7cbilqism736bFvQMIDeYG2FaGm/Sh0dd3Kv7x/bqBJU30PBfID1RLNmmnIB9Pu/BpbI8nTEiOngwsCmMkKRPa7GWaolB29Jed8T8afwc+/i8frQSPOaKsE2DfOCbFnFn2EI3R8qnK7QjpaN6TSa26oADcF4g920wfInyLqf1NZIC+6AOe3Wbv+/PXtc+mcI1WgfjLB1I5OQfzRvyouexaqpIH7WQaHjF6K6bLvDO4LftA0clzbG5emqNwcaB/dM2ePeLxx8LzkXcPwoJwy8Sikxbrj4L+G40o5X+ddG8i5FmrdOEUJ
        azcli_aks_live_test@example.com\\n\"\n      }\n     ]\n    }\n   },\n   \"servicePrincipalProfile\":
        {\n    \"clientId\":\"00000000-0000-0000-0000-000000000001\"\n   },\n   \"addonProfiles\":
        {\n    \"openServiceMesh\": {\n     \"enabled\": true,\n     \"config\": null\n
        \   }\n   },\n   \"nodeResourceGroup\": \"MC_clitest000001_cliakstest000002_westus2\",\n
        \  \"enableRBAC\": true,\n   \"enablePodSecurityPolicy\": false,\n   \"networkProfile\":
        {\n    \"networkPlugin\": \"kubenet\",\n    \"loadBalancerSku\": \"Standard\",\n
        \   \"loadBalancerProfile\": {\n     \"managedOutboundIPs\": {\n      \"count\":
        1\n     },\n     \"effectiveOutboundIPs\": [\n      {\n       \"id\": \"/subscriptions/00000000-0000-0000-0000-000000000000/resourceGroups/MC_clitest000001_cliakstest000002_westus2/providers/Microsoft.Network/publicIPAddresses/d074e208-c5c5-4990-93a1-9e661c40c6be\"\n
        \     }\n     ],\n     \"backendPoolType\": \"nodeIPConfiguration\"\n    },\n
        \   \"podCidr\": \"10.244.0.0/16\",\n    \"serviceCidr\": \"10.0.0.0/16\",\n
        \   \"dnsServiceIP\": \"10.0.0.10\",\n    \"dockerBridgeCidr\": \"172.17.0.1/16\",\n
        \   \"outboundType\": \"loadBalancer\",\n    \"podCidrs\": [\n     \"10.244.0.0/16\"\n
        \   ],\n    \"serviceCidrs\": [\n     \"10.0.0.0/16\"\n    ],\n    \"ipFamilies\":
        [\n     \"IPv4\"\n    ]\n   },\n   \"maxAgentPools\": 100,\n   \"identityProfile\":
        {\n    \"kubeletidentity\": {\n     \"resourceId\": \"/subscriptions/00000000-0000-0000-0000-000000000000/resourcegroups/MC_clitest000001_cliakstest000002_westus2/providers/Microsoft.ManagedIdentity/userAssignedIdentities/cliakstest000002-agentpool\",\n
        \    \"clientId\":\"00000000-0000-0000-0000-000000000001\",\n     \"objectId\":\"00000000-0000-0000-0000-000000000001\"\n
        \   }\n   },\n   \"disableLocalAccounts\": false,\n   \"securityProfile\":
        {},\n   \"storageProfile\": {\n    \"diskCSIDriver\": {\n     \"enabled\":
        true,\n     \"version\": \"v1\"\n    },\n    \"fileCSIDriver\": {\n     \"enabled\":
        true\n    },\n    \"snapshotController\": {\n     \"enabled\": true\n    }\n
        \  },\n   \"oidcIssuerProfile\": {\n    \"enabled\": false\n   },\n   \"workloadAutoScalerProfile\":
        {}\n  },\n  \"identity\": {\n   \"type\": \"SystemAssigned\",\n   \"principalId\":\"00000000-0000-0000-0000-000000000001\",\n
        \  \"tenantId\": \"72f988bf-86f1-41af-91ab-2d7cd011db47\"\n  },\n  \"sku\":
        {\n   \"name\": \"Basic\",\n   \"tier\": \"Free\"\n  }\n }"
    headers:
      cache-control:
      - no-cache
      content-length:
      - '4207'
      content-type:
      - application/json
      date:
      - Mon, 17 Oct 2022 09:10:12 GMT
      expires:
      - '-1'
      pragma:
      - no-cache
      server:
      - nginx
      strict-transport-security:
      - max-age=31536000; includeSubDomains
      transfer-encoding:
      - chunked
      vary:
      - Accept-Encoding
      x-content-type-options:
      - nosniff
    status:
      code: 200
      message: OK
- request:
    body: '{"location": "westus2", "sku": {"name": "Basic", "tier": "Free"}, "identity":
      {"type": "SystemAssigned"}, "properties": {"kubernetesVersion": "1.23.12", "dnsPrefix":
      "cliakstest-clitestds5yriiaf-79a739", "agentPoolProfiles": [{"count": 3, "vmSize":
      "Standard_DS2_v2", "osDiskSizeGB": 128, "osDiskType": "Managed", "kubeletDiskType":
      "OS", "workloadRuntime": "OCIContainer", "maxPods": 110, "osType": "Linux",
      "osSKU": "Ubuntu", "enableAutoScaling": false, "type": "VirtualMachineScaleSets",
      "mode": "System", "orchestratorVersion": "1.23.12", "upgradeSettings": {}, "powerState":
      {"code": "Running"}, "enableNodePublicIP": false, "enableCustomCATrust": false,
      "enableEncryptionAtHost": false, "enableUltraSSD": false, "enableFIPS": false,
      "name": "nodepool1"}], "linuxProfile": {"adminUsername": "azureuser", "ssh":
      {"publicKeys": [{"keyData": "ssh-rsa AAAAB3NzaC1yc2EAAAADAQABAAABAQDQ3QQF3b2JCZJxJtpKp/iJsnQUOhUoiLakn7cbilqism736bFvQMIDeYG2FaGm/Sh0dd3Kv7x/bqBJU30PBfID1RLNmmnIB9Pu/BpbI8nTEiOngwsCmMkKRPa7GWaolB29Jed8T8afwc+/i8frQSPOaKsE2DfOCbFnFn2EI3R8qnK7QjpaN6TSa26oADcF4g920wfInyLqf1NZIC+6AOe3Wbv+/PXtc+mcI1WgfjLB1I5OQfzRvyouexaqpIH7WQaHjF6K6bLvDO4LftA0clzbG5emqNwcaB/dM2ePeLxx8LzkXcPwoJwy8Sikxbrj4L+G40o5X+ddG8i5FmrdOEUJ
      azcli_aks_live_test@example.com\n"}]}}, "addonProfiles": {"openServiceMesh":
      {"enabled": false}}, "oidcIssuerProfile": {"enabled": false}, "nodeResourceGroup":
      "MC_clitest000001_cliakstest000002_westus2", "enableRBAC": true, "enablePodSecurityPolicy":
      false, "networkProfile": {"networkPlugin": "kubenet", "podCidr": "10.244.0.0/16",
      "serviceCidr": "10.0.0.0/16", "dnsServiceIP": "10.0.0.10", "dockerBridgeCidr":
      "172.17.0.1/16", "outboundType": "loadBalancer", "loadBalancerSku": "Standard",
      "loadBalancerProfile": {"managedOutboundIPs": {"count": 1}, "effectiveOutboundIPs":
      [{"id": "/subscriptions/00000000-0000-0000-0000-000000000000/resourceGroups/MC_clitest000001_cliakstest000002_westus2/providers/Microsoft.Network/publicIPAddresses/d074e208-c5c5-4990-93a1-9e661c40c6be"}],
      "backendPoolType": "nodeIPConfiguration"}, "podCidrs": ["10.244.0.0/16"], "serviceCidrs":
      ["10.0.0.0/16"], "ipFamilies": ["IPv4"]}, "identityProfile": {"kubeletidentity":
      {"resourceId": "/subscriptions/00000000-0000-0000-0000-000000000000/resourcegroups/MC_clitest000001_cliakstest000002_westus2/providers/Microsoft.ManagedIdentity/userAssignedIdentities/cliakstest000002-agentpool",
      "clientId":"00000000-0000-0000-0000-000000000001", "objectId":"00000000-0000-0000-0000-000000000001"}},
      "disableLocalAccounts": false, "securityProfile": {}, "storageProfile": {"diskCSIDriver":
      {"enabled": true, "version": "v1"}, "fileCSIDriver": {"enabled": true}, "snapshotController":
      {"enabled": true}}, "workloadAutoScalerProfile": {}}}'
    headers:
      Accept:
      - application/json
      Accept-Encoding:
      - gzip, deflate
      CommandName:
      - aks disable-addons
      Connection:
      - keep-alive
      Content-Length:
      - '2733'
      Content-Type:
      - application/json
      ParameterSetName:
      - --addons --resource-group --name -o
      User-Agent:
      - AZURECLI/2.41.0 azsdk-python-azure-mgmt-containerservice/20.4.0b Python/3.8.10
        (Linux-5.15.0-1020-azure-x86_64-with-glibc2.29)
    method: PUT
    uri: https://management.azure.com/subscriptions/00000000-0000-0000-0000-000000000000/resourceGroups/clitest000001/providers/Microsoft.ContainerService/managedClusters/cliakstest000002?api-version=2022-09-02-preview
  response:
    body:
      string: "{\n  \"id\": \"/subscriptions/00000000-0000-0000-0000-000000000000/resourcegroups/clitest000001/providers/Microsoft.ContainerService/managedClusters/cliakstest000002\",\n
        \ \"location\": \"westus2\",\n  \"name\": \"cliakstest000002\",\n  \"type\":
        \"Microsoft.ContainerService/ManagedClusters\",\n  \"properties\": {\n   \"provisioningState\":
        \"Updating\",\n   \"powerState\": {\n    \"code\": \"Running\"\n   },\n   \"kubernetesVersion\":
        \"1.23.12\",\n   \"currentKubernetesVersion\": \"1.23.12\",\n   \"dnsPrefix\":
        \"cliakstest-clitestds5yriiaf-79a739\",\n   \"fqdn\": \"cliakstest-clitestds5yriiaf-79a739-b0e0b1d4.hcp.westus2.azmk8s.io\",\n
        \  \"azurePortalFQDN\": \"cliakstest-clitestds5yriiaf-79a739-b0e0b1d4.portal.hcp.westus2.azmk8s.io\",\n
        \  \"agentPoolProfiles\": [\n    {\n     \"name\": \"nodepool1\",\n     \"count\":
        3,\n     \"vmSize\": \"Standard_DS2_v2\",\n     \"osDiskSizeGB\": 128,\n     \"osDiskType\":
        \"Managed\",\n     \"kubeletDiskType\": \"OS\",\n     \"workloadRuntime\":
        \"OCIContainer\",\n     \"maxPods\": 110,\n     \"type\": \"VirtualMachineScaleSets\",\n
        \    \"enableAutoScaling\": false,\n     \"provisioningState\": \"Updating\",\n
        \    \"powerState\": {\n      \"code\": \"Running\"\n     },\n     \"orchestratorVersion\":
        \"1.23.12\",\n     \"currentOrchestratorVersion\": \"1.23.12\",\n     \"enableNodePublicIP\":
        false,\n     \"enableCustomCATrust\": false,\n     \"mode\": \"System\",\n
        \    \"enableEncryptionAtHost\": false,\n     \"enableUltraSSD\": false,\n
        \    \"osType\": \"Linux\",\n     \"osSKU\": \"Ubuntu\",\n     \"nodeImageVersion\":
        \"AKSUbuntu-1804gen2containerd-2022.10.03\",\n     \"upgradeSettings\": {},\n
        \    \"enableFIPS\": false\n    }\n   ],\n   \"linuxProfile\": {\n    \"adminUsername\":
        \"azureuser\",\n    \"ssh\": {\n     \"publicKeys\": [\n      {\n       \"keyData\":
        \"ssh-rsa AAAAB3NzaC1yc2EAAAADAQABAAABAQDQ3QQF3b2JCZJxJtpKp/iJsnQUOhUoiLakn7cbilqism736bFvQMIDeYG2FaGm/Sh0dd3Kv7x/bqBJU30PBfID1RLNmmnIB9Pu/BpbI8nTEiOngwsCmMkKRPa7GWaolB29Jed8T8afwc+/i8frQSPOaKsE2DfOCbFnFn2EI3R8qnK7QjpaN6TSa26oADcF4g920wfInyLqf1NZIC+6AOe3Wbv+/PXtc+mcI1WgfjLB1I5OQfzRvyouexaqpIH7WQaHjF6K6bLvDO4LftA0clzbG5emqNwcaB/dM2ePeLxx8LzkXcPwoJwy8Sikxbrj4L+G40o5X+ddG8i5FmrdOEUJ
        azcli_aks_live_test@example.com\\n\"\n      }\n     ]\n    }\n   },\n   \"servicePrincipalProfile\":
        {\n    \"clientId\":\"00000000-0000-0000-0000-000000000001\"\n   },\n   \"addonProfiles\":
        {\n    \"openServiceMesh\": {\n     \"enabled\": false,\n     \"config\":
        null\n    }\n   },\n   \"nodeResourceGroup\": \"MC_clitest000001_cliakstest000002_westus2\",\n
        \  \"enableRBAC\": true,\n   \"enablePodSecurityPolicy\": false,\n   \"networkProfile\":
        {\n    \"networkPlugin\": \"kubenet\",\n    \"loadBalancerSku\": \"Standard\",\n
        \   \"loadBalancerProfile\": {\n     \"managedOutboundIPs\": {\n      \"count\":
        1\n     },\n     \"effectiveOutboundIPs\": [\n      {\n       \"id\": \"/subscriptions/00000000-0000-0000-0000-000000000000/resourceGroups/MC_clitest000001_cliakstest000002_westus2/providers/Microsoft.Network/publicIPAddresses/d074e208-c5c5-4990-93a1-9e661c40c6be\"\n
        \     }\n     ],\n     \"backendPoolType\": \"nodeIPConfiguration\"\n    },\n
        \   \"podCidr\": \"10.244.0.0/16\",\n    \"serviceCidr\": \"10.0.0.0/16\",\n
        \   \"dnsServiceIP\": \"10.0.0.10\",\n    \"dockerBridgeCidr\": \"172.17.0.1/16\",\n
        \   \"outboundType\": \"loadBalancer\",\n    \"podCidrs\": [\n     \"10.244.0.0/16\"\n
        \   ],\n    \"serviceCidrs\": [\n     \"10.0.0.0/16\"\n    ],\n    \"ipFamilies\":
        [\n     \"IPv4\"\n    ]\n   },\n   \"maxAgentPools\": 100,\n   \"identityProfile\":
        {\n    \"kubeletidentity\": {\n     \"resourceId\": \"/subscriptions/00000000-0000-0000-0000-000000000000/resourcegroups/MC_clitest000001_cliakstest000002_westus2/providers/Microsoft.ManagedIdentity/userAssignedIdentities/cliakstest000002-agentpool\",\n
        \    \"clientId\":\"00000000-0000-0000-0000-000000000001\",\n     \"objectId\":\"00000000-0000-0000-0000-000000000001\"\n
        \   }\n   },\n   \"disableLocalAccounts\": false,\n   \"securityProfile\":
        {},\n   \"storageProfile\": {\n    \"diskCSIDriver\": {\n     \"enabled\":
        true,\n     \"version\": \"v1\"\n    },\n    \"fileCSIDriver\": {\n     \"enabled\":
        true\n    },\n    \"snapshotController\": {\n     \"enabled\": true\n    }\n
        \  },\n   \"oidcIssuerProfile\": {\n    \"enabled\": false\n   },\n   \"workloadAutoScalerProfile\":
        {}\n  },\n  \"identity\": {\n   \"type\": \"SystemAssigned\",\n   \"principalId\":\"00000000-0000-0000-0000-000000000001\",\n
        \  \"tenantId\": \"72f988bf-86f1-41af-91ab-2d7cd011db47\"\n  },\n  \"sku\":
        {\n   \"name\": \"Basic\",\n   \"tier\": \"Free\"\n  }\n }"
    headers:
      azure-asyncoperation:
      - https://management.azure.com/subscriptions/00000000-0000-0000-0000-000000000000/providers/Microsoft.ContainerService/locations/westus2/operations/a231c9b7-4e03-47ea-98ec-f6ea5d3d8792?api-version=2016-03-30
      cache-control:
      - no-cache
      content-length:
      - '4206'
      content-type:
      - application/json
      date:
      - Mon, 17 Oct 2022 09:10:14 GMT
      expires:
      - '-1'
      pragma:
      - no-cache
      server:
      - nginx
      strict-transport-security:
      - max-age=31536000; includeSubDomains
      transfer-encoding:
      - chunked
      vary:
      - Accept-Encoding
      x-content-type-options:
      - nosniff
      x-ms-ratelimit-remaining-subscription-writes:
      - '1193'
    status:
      code: 200
      message: OK
- request:
    body: null
    headers:
      Accept:
      - '*/*'
      Accept-Encoding:
      - gzip, deflate
      CommandName:
      - aks disable-addons
      Connection:
      - keep-alive
      ParameterSetName:
      - --addons --resource-group --name -o
      User-Agent:
      - AZURECLI/2.41.0 azsdk-python-azure-mgmt-containerservice/20.4.0b Python/3.8.10
        (Linux-5.15.0-1020-azure-x86_64-with-glibc2.29)
    method: GET
    uri: https://management.azure.com/subscriptions/00000000-0000-0000-0000-000000000000/providers/Microsoft.ContainerService/locations/westus2/operations/a231c9b7-4e03-47ea-98ec-f6ea5d3d8792?api-version=2016-03-30
  response:
    body:
      string: "{\n  \"name\": \"b7c931a2-034e-ea47-98ec-f6ea5d3d8792\",\n  \"status\":
        \"InProgress\",\n  \"startTime\": \"2022-10-17T09:10:14.6872319Z\"\n }"
    headers:
      cache-control:
      - no-cache
      content-length:
      - '126'
      content-type:
      - application/json
      date:
      - Mon, 17 Oct 2022 09:10:44 GMT
      expires:
      - '-1'
      pragma:
      - no-cache
      server:
      - nginx
      strict-transport-security:
      - max-age=31536000; includeSubDomains
      transfer-encoding:
      - chunked
      vary:
      - Accept-Encoding
      x-content-type-options:
      - nosniff
    status:
      code: 200
      message: OK
- request:
    body: null
    headers:
      Accept:
      - '*/*'
      Accept-Encoding:
      - gzip, deflate
      CommandName:
      - aks disable-addons
      Connection:
      - keep-alive
      ParameterSetName:
      - --addons --resource-group --name -o
      User-Agent:
      - AZURECLI/2.41.0 azsdk-python-azure-mgmt-containerservice/20.4.0b Python/3.8.10
        (Linux-5.15.0-1020-azure-x86_64-with-glibc2.29)
    method: GET
    uri: https://management.azure.com/subscriptions/00000000-0000-0000-0000-000000000000/providers/Microsoft.ContainerService/locations/westus2/operations/a231c9b7-4e03-47ea-98ec-f6ea5d3d8792?api-version=2016-03-30
  response:
    body:
      string: "{\n  \"name\": \"b7c931a2-034e-ea47-98ec-f6ea5d3d8792\",\n  \"status\":
        \"InProgress\",\n  \"startTime\": \"2022-10-17T09:10:14.6872319Z\"\n }"
    headers:
      cache-control:
      - no-cache
      content-length:
      - '126'
      content-type:
      - application/json
      date:
      - Mon, 17 Oct 2022 09:11:14 GMT
      expires:
      - '-1'
      pragma:
      - no-cache
      server:
      - nginx
      strict-transport-security:
      - max-age=31536000; includeSubDomains
      transfer-encoding:
      - chunked
      vary:
      - Accept-Encoding
      x-content-type-options:
      - nosniff
    status:
      code: 200
      message: OK
- request:
    body: null
    headers:
      Accept:
      - '*/*'
      Accept-Encoding:
      - gzip, deflate
      CommandName:
      - aks disable-addons
      Connection:
      - keep-alive
      ParameterSetName:
      - --addons --resource-group --name -o
      User-Agent:
      - AZURECLI/2.41.0 azsdk-python-azure-mgmt-containerservice/20.4.0b Python/3.8.10
        (Linux-5.15.0-1020-azure-x86_64-with-glibc2.29)
    method: GET
    uri: https://management.azure.com/subscriptions/00000000-0000-0000-0000-000000000000/providers/Microsoft.ContainerService/locations/westus2/operations/a231c9b7-4e03-47ea-98ec-f6ea5d3d8792?api-version=2016-03-30
  response:
    body:
      string: "{\n  \"name\": \"b7c931a2-034e-ea47-98ec-f6ea5d3d8792\",\n  \"status\":
        \"Succeeded\",\n  \"startTime\": \"2022-10-17T09:10:14.6872319Z\",\n  \"endTime\":
        \"2022-10-17T09:11:43.5476809Z\"\n }"
    headers:
      cache-control:
      - no-cache
      content-length:
      - '170'
      content-type:
      - application/json
      date:
      - Mon, 17 Oct 2022 09:11:44 GMT
      expires:
      - '-1'
      pragma:
      - no-cache
      server:
      - nginx
      strict-transport-security:
      - max-age=31536000; includeSubDomains
      transfer-encoding:
      - chunked
      vary:
      - Accept-Encoding
      x-content-type-options:
      - nosniff
    status:
      code: 200
      message: OK
- request:
    body: null
    headers:
      Accept:
      - '*/*'
      Accept-Encoding:
      - gzip, deflate
      CommandName:
      - aks disable-addons
      Connection:
      - keep-alive
      ParameterSetName:
      - --addons --resource-group --name -o
      User-Agent:
      - AZURECLI/2.41.0 azsdk-python-azure-mgmt-containerservice/20.4.0b Python/3.8.10
        (Linux-5.15.0-1020-azure-x86_64-with-glibc2.29)
    method: GET
    uri: https://management.azure.com/subscriptions/00000000-0000-0000-0000-000000000000/resourceGroups/clitest000001/providers/Microsoft.ContainerService/managedClusters/cliakstest000002?api-version=2022-09-02-preview
  response:
    body:
      string: "{\n  \"id\": \"/subscriptions/00000000-0000-0000-0000-000000000000/resourcegroups/clitest000001/providers/Microsoft.ContainerService/managedClusters/cliakstest000002\",\n
        \ \"location\": \"westus2\",\n  \"name\": \"cliakstest000002\",\n  \"type\":
        \"Microsoft.ContainerService/ManagedClusters\",\n  \"properties\": {\n   \"provisioningState\":
        \"Succeeded\",\n   \"powerState\": {\n    \"code\": \"Running\"\n   },\n   \"kubernetesVersion\":
        \"1.23.12\",\n   \"currentKubernetesVersion\": \"1.23.12\",\n   \"dnsPrefix\":
        \"cliakstest-clitestds5yriiaf-79a739\",\n   \"fqdn\": \"cliakstest-clitestds5yriiaf-79a739-b0e0b1d4.hcp.westus2.azmk8s.io\",\n
        \  \"azurePortalFQDN\": \"cliakstest-clitestds5yriiaf-79a739-b0e0b1d4.portal.hcp.westus2.azmk8s.io\",\n
        \  \"agentPoolProfiles\": [\n    {\n     \"name\": \"nodepool1\",\n     \"count\":
        3,\n     \"vmSize\": \"Standard_DS2_v2\",\n     \"osDiskSizeGB\": 128,\n     \"osDiskType\":
        \"Managed\",\n     \"kubeletDiskType\": \"OS\",\n     \"workloadRuntime\":
        \"OCIContainer\",\n     \"maxPods\": 110,\n     \"type\": \"VirtualMachineScaleSets\",\n
        \    \"enableAutoScaling\": false,\n     \"provisioningState\": \"Succeeded\",\n
        \    \"powerState\": {\n      \"code\": \"Running\"\n     },\n     \"orchestratorVersion\":
        \"1.23.12\",\n     \"currentOrchestratorVersion\": \"1.23.12\",\n     \"enableNodePublicIP\":
        false,\n     \"enableCustomCATrust\": false,\n     \"mode\": \"System\",\n
        \    \"enableEncryptionAtHost\": false,\n     \"enableUltraSSD\": false,\n
        \    \"osType\": \"Linux\",\n     \"osSKU\": \"Ubuntu\",\n     \"nodeImageVersion\":
        \"AKSUbuntu-1804gen2containerd-2022.10.03\",\n     \"upgradeSettings\": {},\n
        \    \"enableFIPS\": false\n    }\n   ],\n   \"linuxProfile\": {\n    \"adminUsername\":
        \"azureuser\",\n    \"ssh\": {\n     \"publicKeys\": [\n      {\n       \"keyData\":
        \"ssh-rsa AAAAB3NzaC1yc2EAAAADAQABAAABAQDQ3QQF3b2JCZJxJtpKp/iJsnQUOhUoiLakn7cbilqism736bFvQMIDeYG2FaGm/Sh0dd3Kv7x/bqBJU30PBfID1RLNmmnIB9Pu/BpbI8nTEiOngwsCmMkKRPa7GWaolB29Jed8T8afwc+/i8frQSPOaKsE2DfOCbFnFn2EI3R8qnK7QjpaN6TSa26oADcF4g920wfInyLqf1NZIC+6AOe3Wbv+/PXtc+mcI1WgfjLB1I5OQfzRvyouexaqpIH7WQaHjF6K6bLvDO4LftA0clzbG5emqNwcaB/dM2ePeLxx8LzkXcPwoJwy8Sikxbrj4L+G40o5X+ddG8i5FmrdOEUJ
        azcli_aks_live_test@example.com\\n\"\n      }\n     ]\n    }\n   },\n   \"servicePrincipalProfile\":
        {\n    \"clientId\":\"00000000-0000-0000-0000-000000000001\"\n   },\n   \"addonProfiles\":
        {\n    \"openServiceMesh\": {\n     \"enabled\": false,\n     \"config\":
        null\n    }\n   },\n   \"nodeResourceGroup\": \"MC_clitest000001_cliakstest000002_westus2\",\n
        \  \"enableRBAC\": true,\n   \"enablePodSecurityPolicy\": false,\n   \"networkProfile\":
        {\n    \"networkPlugin\": \"kubenet\",\n    \"loadBalancerSku\": \"Standard\",\n
        \   \"loadBalancerProfile\": {\n     \"managedOutboundIPs\": {\n      \"count\":
        1\n     },\n     \"effectiveOutboundIPs\": [\n      {\n       \"id\": \"/subscriptions/00000000-0000-0000-0000-000000000000/resourceGroups/MC_clitest000001_cliakstest000002_westus2/providers/Microsoft.Network/publicIPAddresses/d074e208-c5c5-4990-93a1-9e661c40c6be\"\n
        \     }\n     ],\n     \"backendPoolType\": \"nodeIPConfiguration\"\n    },\n
        \   \"podCidr\": \"10.244.0.0/16\",\n    \"serviceCidr\": \"10.0.0.0/16\",\n
        \   \"dnsServiceIP\": \"10.0.0.10\",\n    \"dockerBridgeCidr\": \"172.17.0.1/16\",\n
        \   \"outboundType\": \"loadBalancer\",\n    \"podCidrs\": [\n     \"10.244.0.0/16\"\n
        \   ],\n    \"serviceCidrs\": [\n     \"10.0.0.0/16\"\n    ],\n    \"ipFamilies\":
        [\n     \"IPv4\"\n    ]\n   },\n   \"maxAgentPools\": 100,\n   \"identityProfile\":
        {\n    \"kubeletidentity\": {\n     \"resourceId\": \"/subscriptions/00000000-0000-0000-0000-000000000000/resourcegroups/MC_clitest000001_cliakstest000002_westus2/providers/Microsoft.ManagedIdentity/userAssignedIdentities/cliakstest000002-agentpool\",\n
        \    \"clientId\":\"00000000-0000-0000-0000-000000000001\",\n     \"objectId\":\"00000000-0000-0000-0000-000000000001\"\n
        \   }\n   },\n   \"disableLocalAccounts\": false,\n   \"securityProfile\":
        {},\n   \"storageProfile\": {\n    \"diskCSIDriver\": {\n     \"enabled\":
        true,\n     \"version\": \"v1\"\n    },\n    \"fileCSIDriver\": {\n     \"enabled\":
        true\n    },\n    \"snapshotController\": {\n     \"enabled\": true\n    }\n
        \  },\n   \"oidcIssuerProfile\": {\n    \"enabled\": false\n   },\n   \"workloadAutoScalerProfile\":
        {}\n  },\n  \"identity\": {\n   \"type\": \"SystemAssigned\",\n   \"principalId\":\"00000000-0000-0000-0000-000000000001\",\n
        \  \"tenantId\": \"72f988bf-86f1-41af-91ab-2d7cd011db47\"\n  },\n  \"sku\":
        {\n   \"name\": \"Basic\",\n   \"tier\": \"Free\"\n  }\n }"
    headers:
      cache-control:
      - no-cache
      content-length:
      - '4208'
      content-type:
      - application/json
      date:
      - Mon, 17 Oct 2022 09:11:44 GMT
      expires:
      - '-1'
      pragma:
      - no-cache
      server:
      - nginx
      strict-transport-security:
      - max-age=31536000; includeSubDomains
      transfer-encoding:
      - chunked
      vary:
      - Accept-Encoding
      x-content-type-options:
      - nosniff
    status:
      code: 200
      message: OK
version: 1
