interactions:
- request:
    body: null
    headers:
      Accept:
      - application/json
      Accept-Encoding:
      - gzip, deflate
      CommandName:
      - aks create
      Connection:
      - keep-alive
      ParameterSetName:
      - --resource-group --name --nodepool-name -c --ssh-key-value
      User-Agent:
      - AZURECLI/2.35.0 (DOCKER) azsdk-python-azure-mgmt-resource/20.0.0 Python/3.9.6
        (Linux-5.10.76-linuxkit-x86_64-with)
    method: GET
    uri: https://management.azure.com/subscriptions/00000000-0000-0000-0000-000000000000/resourcegroups/clitest000001?api-version=2021-04-01
  response:
    body:
      string: '{"id":"/subscriptions/00000000-0000-0000-0000-000000000000/resourceGroups/clitest000001","name":"clitest000001","type":"Microsoft.Resources/resourceGroups","location":"eastus2","tags":{"product":"azurecli","cause":"automation","date":"2022-04-25T19:32:20Z"},"properties":{"provisioningState":"Succeeded"}}'
    headers:
      cache-control:
      - no-cache
      content-length:
      - '305'
      content-type:
      - application/json; charset=utf-8
      date:
      - Mon, 25 Apr 2022 19:32:21 GMT
      expires:
      - '-1'
      pragma:
      - no-cache
      strict-transport-security:
      - max-age=31536000; includeSubDomains
      vary:
      - Accept-Encoding
      x-content-type-options:
      - nosniff
    status:
      code: 200
      message: OK
- request:
    body: '{"location": "eastus2", "identity": {"type": "SystemAssigned"}, "properties":
      {"kubernetesVersion": "", "dnsPrefix": "cliakstest-clitestf7kdrpcof-26fe00",
      "agentPoolProfiles": [{"count": 1, "vmSize": "Standard_DS2_v2", "workloadRuntime":
      "OCIContainer", "osType": "Linux", "enableAutoScaling": false, "type": "VirtualMachineScaleSets",
      "mode": "System", "enableNodePublicIP": false, "scaleSetPriority": "Regular",
      "scaleSetEvictionPolicy": "Delete", "spotMaxPrice": -1.0, "enableEncryptionAtHost":
      false, "enableUltraSSD": false, "enableFIPS": false, "name": "c000003"}], "linuxProfile":
      {"adminUsername": "azureuser", "ssh": {"publicKeys": [{"keyData": "ssh-rsa AAAAB3NzaC1yc2EAAAADAQABAAACAQCbIg1guRHbI0lV11wWDt1r2cUdcNd27CJsg+SfgC7miZeubtwUhbsPdhMQsfDyhOWHq1+ZL0M+nJZV63d/1dhmhtgyOqejUwrPlzKhydsbrsdUor+JmNJDdW01v7BXHyuymT8G4s09jCasNOwiufbP/qp72ruu0bIA1nySsvlf9pCQAuFkAnVnf/rFhUlOkhtRpwcq8SUNY2zRHR/EKb/4NWY1JzR4sa3q2fWIJdrrX0DvLoa5g9bIEd4Df79ba7v+yiUBOS0zT2ll+z4g9izHK3EO5d8hL4jYxcjKs+wcslSYRWrascfscLgMlMGh0CdKeNTDjHpGPncaf3Z+FwwwjWeuiNBxv7bJo13/8B/098KlVDl4GZqsoBCEjPyJfV6hO0y/LkRGkk7oHWKgeWAfKtfLItRp00eZ4fcJNK9kCaSMmEugoZWcI7NGbZXzqFWqbpRI7NcDP9+WIQ+i9U5vqWsqd/zng4kbuAJ6UuKqIzB0upYrLShfQE3SAck8oaLhJqqq56VfDuASNpJKidV+zq27HfSBmbXnkR/5AK337dc3MXKJypoK/QPMLKUAP5XLPbs+NddJQV7EZXd29DLgp+fRIg3edpKdO7ZErWhv7d+3Kws+e1Y+ypmR2WIVSwVyBEUfgv2C8Ts9gnTF4pNcEY/S2aBicz5Ew2+jdyGNQQ==
      test@example.com\n"}]}}, "addonProfiles": {}, "enableRBAC": true, "enablePodSecurityPolicy":
      false, "networkProfile": {"networkPlugin": "kubenet", "podCidr": "10.244.0.0/16",
      "serviceCidr": "10.0.0.0/16", "dnsServiceIP": "10.0.0.10", "dockerBridgeCidr":
      "172.17.0.1/16", "outboundType": "loadBalancer", "loadBalancerSku": "standard"},
      "disableLocalAccounts": false}}'
    headers:
      Accept:
      - application/json
      Accept-Encoding:
      - gzip, deflate
      CommandName:
      - aks create
      Connection:
      - keep-alive
      Content-Length:
      - '1746'
      Content-Type:
      - application/json
      ParameterSetName:
      - --resource-group --name --nodepool-name -c --ssh-key-value
      User-Agent:
      - AZURECLI/2.35.0 (DOCKER) azsdk-python-azure-mgmt-containerservice/18.0.0b
        Python/3.9.6 (Linux-5.10.76-linuxkit-x86_64-with)
    method: PUT
    uri: https://management.azure.com/subscriptions/00000000-0000-0000-0000-000000000000/resourceGroups/clitest000001/providers/Microsoft.ContainerService/managedClusters/cliakstest000002?api-version=2022-03-02-preview
  response:
    body:
      string: "{\n  \"id\": \"/subscriptions/00000000-0000-0000-0000-000000000000/resourcegroups/clitest000001/providers/Microsoft.ContainerService/managedClusters/cliakstest000002\"\
        ,\n  \"location\": \"eastus2\",\n  \"name\": \"cliakstest000002\",\n  \"type\"\
        : \"Microsoft.ContainerService/ManagedClusters\",\n  \"properties\": {\n \
        \  \"provisioningState\": \"Creating\",\n   \"powerState\": {\n    \"code\"\
        : \"Running\"\n   },\n   \"kubernetesVersion\": \"1.22.6\",\n   \"currentKubernetesVersion\"\
        : \"1.22.6\",\n   \"dnsPrefix\": \"cliakstest-clitestf7kdrpcof-26fe00\",\n\
        \   \"fqdn\": \"cliakstest-clitestf7kdrpcof-26fe00-024b6617.hcp.eastus2.azmk8s.io\"\
        ,\n   \"azurePortalFQDN\": \"cliakstest-clitestf7kdrpcof-26fe00-024b6617.portal.hcp.eastus2.azmk8s.io\"\
        ,\n   \"agentPoolProfiles\": [\n    {\n     \"name\": \"c000003\",\n     \"\
        count\": 1,\n     \"vmSize\": \"Standard_DS2_v2\",\n     \"osDiskSizeGB\"\
        : 128,\n     \"osDiskType\": \"Managed\",\n     \"kubeletDiskType\": \"OS\"\
        ,\n     \"workloadRuntime\": \"OCIContainer\",\n     \"maxPods\": 110,\n \
        \    \"type\": \"VirtualMachineScaleSets\",\n     \"enableAutoScaling\": false,\n\
        \     \"provisioningState\": \"Creating\",\n     \"powerState\": {\n     \
        \ \"code\": \"Running\"\n     },\n     \"currentOrchestratorVersion\": \"\
        1.22.6\",\n     \"enableNodePublicIP\": false,\n     \"mode\": \"System\"\
        ,\n     \"enableEncryptionAtHost\": false,\n     \"enableUltraSSD\": false,\n\
        \     \"osType\": \"Linux\",\n     \"osSKU\": \"Ubuntu\",\n     \"nodeImageVersion\"\
        : \"AKSUbuntu-1804gen2containerd-2022.04.05\",\n     \"enableFIPS\": false\n\
        \    }\n   ],\n   \"linuxProfile\": {\n    \"adminUsername\": \"azureuser\"\
        ,\n    \"ssh\": {\n     \"publicKeys\": [\n      {\n       \"keyData\": \"\
        ssh-rsa AAAAB3NzaC1yc2EAAAADAQABAAACAQCbIg1guRHbI0lV11wWDt1r2cUdcNd27CJsg+SfgC7miZeubtwUhbsPdhMQsfDyhOWHq1+ZL0M+nJZV63d/1dhmhtgyOqejUwrPlzKhydsbrsdUor+JmNJDdW01v7BXHyuymT8G4s09jCasNOwiufbP/qp72ruu0bIA1nySsvlf9pCQAuFkAnVnf/rFhUlOkhtRpwcq8SUNY2zRHR/EKb/4NWY1JzR4sa3q2fWIJdrrX0DvLoa5g9bIEd4Df79ba7v+yiUBOS0zT2ll+z4g9izHK3EO5d8hL4jYxcjKs+wcslSYRWrascfscLgMlMGh0CdKeNTDjHpGPncaf3Z+FwwwjWeuiNBxv7bJo13/8B/098KlVDl4GZqsoBCEjPyJfV6hO0y/LkRGkk7oHWKgeWAfKtfLItRp00eZ4fcJNK9kCaSMmEugoZWcI7NGbZXzqFWqbpRI7NcDP9+WIQ+i9U5vqWsqd/zng4kbuAJ6UuKqIzB0upYrLShfQE3SAck8oaLhJqqq56VfDuASNpJKidV+zq27HfSBmbXnkR/5AK337dc3MXKJypoK/QPMLKUAP5XLPbs+NddJQV7EZXd29DLgp+fRIg3edpKdO7ZErWhv7d+3Kws+e1Y+ypmR2WIVSwVyBEUfgv2C8Ts9gnTF4pNcEY/S2aBicz5Ew2+jdyGNQQ==\
        \ test@example.com\\n\"\n      }\n     ]\n    }\n   },\n   \"servicePrincipalProfile\"\
        : {\n    \"clientId\":\"00000000-0000-0000-0000-000000000001\"\n   },\n  \
        \ \"nodeResourceGroup\": \"MC_clitest000001_cliakstest000002_eastus2\",\n\
        \   \"enableRBAC\": true,\n   \"enablePodSecurityPolicy\": false,\n   \"networkProfile\"\
        : {\n    \"networkPlugin\": \"kubenet\",\n    \"loadBalancerSku\": \"standard\"\
        ,\n    \"loadBalancerProfile\": {\n     \"managedOutboundIPs\": {\n      \"\
        count\": 1\n     }\n    },\n    \"podCidr\": \"10.244.0.0/16\",\n    \"serviceCidr\"\
        : \"10.0.0.0/16\",\n    \"dnsServiceIP\": \"10.0.0.10\",\n    \"dockerBridgeCidr\"\
        : \"172.17.0.1/16\",\n    \"outboundType\": \"loadBalancer\",\n    \"podCidrs\"\
        : [\n     \"10.244.0.0/16\"\n    ],\n    \"serviceCidrs\": [\n     \"10.0.0.0/16\"\
        \n    ],\n    \"ipFamilies\": [\n     \"IPv4\"\n    ]\n   },\n   \"maxAgentPools\"\
        : 100,\n   \"disableLocalAccounts\": false,\n   \"securityProfile\": {},\n\
        \   \"oidcIssuerProfile\": {\n    \"enabled\": false\n   }\n  },\n  \"identity\"\
        : {\n   \"type\": \"SystemAssigned\",\n   \"principalId\":\"00000000-0000-0000-0000-000000000001\"\
        ,\n   \"tenantId\": \"72f988bf-86f1-41af-91ab-2d7cd011db47\"\n  },\n  \"sku\"\
        : {\n   \"name\": \"Basic\",\n   \"tier\": \"Free\"\n  }\n }"
    headers:
      azure-asyncoperation:
      - https://management.azure.com/subscriptions/00000000-0000-0000-0000-000000000000/providers/Microsoft.ContainerService/locations/eastus2/operations/ab112969-fc8b-4338-9e3d-f3ad6cfcecd9?api-version=2017-08-31
      cache-control:
      - no-cache
      content-length:
      - '3384'
      content-type:
      - application/json
      date:
      - Mon, 25 Apr 2022 19:32:28 GMT
      expires:
      - '-1'
      pragma:
      - no-cache
      server:
      - nginx
      strict-transport-security:
      - max-age=31536000; includeSubDomains
      x-content-type-options:
      - nosniff
      x-ms-ratelimit-remaining-subscription-writes:
      - '1199'
    status:
      code: 201
      message: Created
- request:
    body: null
    headers:
      Accept:
      - '*/*'
      Accept-Encoding:
      - gzip, deflate
      CommandName:
      - aks create
      Connection:
      - keep-alive
      ParameterSetName:
      - --resource-group --name --nodepool-name -c --ssh-key-value
      User-Agent:
      - AZURECLI/2.35.0 (DOCKER) azsdk-python-azure-mgmt-containerservice/18.0.0b
        Python/3.9.6 (Linux-5.10.76-linuxkit-x86_64-with)
    method: GET
    uri: https://management.azure.com/subscriptions/00000000-0000-0000-0000-000000000000/providers/Microsoft.ContainerService/locations/eastus2/operations/ab112969-fc8b-4338-9e3d-f3ad6cfcecd9?api-version=2017-08-31
  response:
    body:
      string: "{\n  \"name\": \"692911ab-8bfc-3843-9e3d-f3ad6cfcecd9\",\n  \"status\"\
        : \"InProgress\",\n  \"startTime\": \"2022-04-25T19:32:28.84Z\"\n }"
    headers:
      cache-control:
      - no-cache
      content-length:
      - '121'
      content-type:
      - application/json
      date:
      - Mon, 25 Apr 2022 19:32:59 GMT
      expires:
      - '-1'
      pragma:
      - no-cache
      server:
      - nginx
      strict-transport-security:
      - max-age=31536000; includeSubDomains
      transfer-encoding:
      - chunked
      vary:
      - Accept-Encoding
      x-content-type-options:
      - nosniff
    status:
      code: 200
      message: OK
- request:
    body: null
    headers:
      Accept:
      - '*/*'
      Accept-Encoding:
      - gzip, deflate
      CommandName:
      - aks create
      Connection:
      - keep-alive
      ParameterSetName:
      - --resource-group --name --nodepool-name -c --ssh-key-value
      User-Agent:
      - AZURECLI/2.35.0 (DOCKER) azsdk-python-azure-mgmt-containerservice/18.0.0b
        Python/3.9.6 (Linux-5.10.76-linuxkit-x86_64-with)
    method: GET
    uri: https://management.azure.com/subscriptions/00000000-0000-0000-0000-000000000000/providers/Microsoft.ContainerService/locations/eastus2/operations/ab112969-fc8b-4338-9e3d-f3ad6cfcecd9?api-version=2017-08-31
  response:
    body:
      string: "{\n  \"name\": \"692911ab-8bfc-3843-9e3d-f3ad6cfcecd9\",\n  \"status\"\
        : \"InProgress\",\n  \"startTime\": \"2022-04-25T19:32:28.84Z\"\n }"
    headers:
      cache-control:
      - no-cache
      content-length:
      - '121'
      content-type:
      - application/json
      date:
      - Mon, 25 Apr 2022 19:33:30 GMT
      expires:
      - '-1'
      pragma:
      - no-cache
      server:
      - nginx
      strict-transport-security:
      - max-age=31536000; includeSubDomains
      transfer-encoding:
      - chunked
      vary:
      - Accept-Encoding
      x-content-type-options:
      - nosniff
    status:
      code: 200
      message: OK
- request:
    body: null
    headers:
      Accept:
      - '*/*'
      Accept-Encoding:
      - gzip, deflate
      CommandName:
      - aks create
      Connection:
      - keep-alive
      ParameterSetName:
      - --resource-group --name --nodepool-name -c --ssh-key-value
      User-Agent:
      - AZURECLI/2.35.0 (DOCKER) azsdk-python-azure-mgmt-containerservice/18.0.0b
        Python/3.9.6 (Linux-5.10.76-linuxkit-x86_64-with)
    method: GET
    uri: https://management.azure.com/subscriptions/00000000-0000-0000-0000-000000000000/providers/Microsoft.ContainerService/locations/eastus2/operations/ab112969-fc8b-4338-9e3d-f3ad6cfcecd9?api-version=2017-08-31
  response:
    body:
      string: "{\n  \"name\": \"692911ab-8bfc-3843-9e3d-f3ad6cfcecd9\",\n  \"status\"\
        : \"InProgress\",\n  \"startTime\": \"2022-04-25T19:32:28.84Z\"\n }"
    headers:
      cache-control:
      - no-cache
      content-length:
      - '121'
      content-type:
      - application/json
      date:
      - Mon, 25 Apr 2022 19:33:59 GMT
      expires:
      - '-1'
      pragma:
      - no-cache
      server:
      - nginx
      strict-transport-security:
      - max-age=31536000; includeSubDomains
      transfer-encoding:
      - chunked
      vary:
      - Accept-Encoding
      x-content-type-options:
      - nosniff
    status:
      code: 200
      message: OK
- request:
    body: null
    headers:
      Accept:
      - '*/*'
      Accept-Encoding:
      - gzip, deflate
      CommandName:
      - aks create
      Connection:
      - keep-alive
      ParameterSetName:
      - --resource-group --name --nodepool-name -c --ssh-key-value
      User-Agent:
      - AZURECLI/2.35.0 (DOCKER) azsdk-python-azure-mgmt-containerservice/18.0.0b
        Python/3.9.6 (Linux-5.10.76-linuxkit-x86_64-with)
    method: GET
    uri: https://management.azure.com/subscriptions/00000000-0000-0000-0000-000000000000/providers/Microsoft.ContainerService/locations/eastus2/operations/ab112969-fc8b-4338-9e3d-f3ad6cfcecd9?api-version=2017-08-31
  response:
    body:
      string: "{\n  \"name\": \"692911ab-8bfc-3843-9e3d-f3ad6cfcecd9\",\n  \"status\"\
        : \"InProgress\",\n  \"startTime\": \"2022-04-25T19:32:28.84Z\"\n }"
    headers:
      cache-control:
      - no-cache
      content-length:
      - '121'
      content-type:
      - application/json
      date:
      - Mon, 25 Apr 2022 19:34:30 GMT
      expires:
      - '-1'
      pragma:
      - no-cache
      server:
      - nginx
      strict-transport-security:
      - max-age=31536000; includeSubDomains
      transfer-encoding:
      - chunked
      vary:
      - Accept-Encoding
      x-content-type-options:
      - nosniff
    status:
      code: 200
      message: OK
- request:
    body: null
    headers:
      Accept:
      - '*/*'
      Accept-Encoding:
      - gzip, deflate
      CommandName:
      - aks create
      Connection:
      - keep-alive
      ParameterSetName:
      - --resource-group --name --nodepool-name -c --ssh-key-value
      User-Agent:
      - AZURECLI/2.35.0 (DOCKER) azsdk-python-azure-mgmt-containerservice/18.0.0b
        Python/3.9.6 (Linux-5.10.76-linuxkit-x86_64-with)
    method: GET
    uri: https://management.azure.com/subscriptions/00000000-0000-0000-0000-000000000000/providers/Microsoft.ContainerService/locations/eastus2/operations/ab112969-fc8b-4338-9e3d-f3ad6cfcecd9?api-version=2017-08-31
  response:
    body:
      string: "{\n  \"name\": \"692911ab-8bfc-3843-9e3d-f3ad6cfcecd9\",\n  \"status\"\
        : \"InProgress\",\n  \"startTime\": \"2022-04-25T19:32:28.84Z\"\n }"
    headers:
      cache-control:
      - no-cache
      content-length:
      - '121'
      content-type:
      - application/json
      date:
      - Mon, 25 Apr 2022 19:35:00 GMT
      expires:
      - '-1'
      pragma:
      - no-cache
      server:
      - nginx
      strict-transport-security:
      - max-age=31536000; includeSubDomains
      transfer-encoding:
      - chunked
      vary:
      - Accept-Encoding
      x-content-type-options:
      - nosniff
    status:
      code: 200
      message: OK
- request:
    body: null
    headers:
      Accept:
      - '*/*'
      Accept-Encoding:
      - gzip, deflate
      CommandName:
      - aks create
      Connection:
      - keep-alive
      ParameterSetName:
      - --resource-group --name --nodepool-name -c --ssh-key-value
      User-Agent:
      - AZURECLI/2.35.0 (DOCKER) azsdk-python-azure-mgmt-containerservice/18.0.0b
        Python/3.9.6 (Linux-5.10.76-linuxkit-x86_64-with)
    method: GET
    uri: https://management.azure.com/subscriptions/00000000-0000-0000-0000-000000000000/providers/Microsoft.ContainerService/locations/eastus2/operations/ab112969-fc8b-4338-9e3d-f3ad6cfcecd9?api-version=2017-08-31
  response:
    body:
      string: "{\n  \"name\": \"692911ab-8bfc-3843-9e3d-f3ad6cfcecd9\",\n  \"status\"\
        : \"InProgress\",\n  \"startTime\": \"2022-04-25T19:32:28.84Z\"\n }"
    headers:
      cache-control:
      - no-cache
      content-length:
      - '121'
      content-type:
      - application/json
      date:
      - Mon, 25 Apr 2022 19:35:30 GMT
      expires:
      - '-1'
      pragma:
      - no-cache
      server:
      - nginx
      strict-transport-security:
      - max-age=31536000; includeSubDomains
      transfer-encoding:
      - chunked
      vary:
      - Accept-Encoding
      x-content-type-options:
      - nosniff
    status:
      code: 200
      message: OK
- request:
    body: null
    headers:
      Accept:
      - '*/*'
      Accept-Encoding:
      - gzip, deflate
      CommandName:
      - aks create
      Connection:
      - keep-alive
      ParameterSetName:
      - --resource-group --name --nodepool-name -c --ssh-key-value
      User-Agent:
      - AZURECLI/2.35.0 (DOCKER) azsdk-python-azure-mgmt-containerservice/18.0.0b
        Python/3.9.6 (Linux-5.10.76-linuxkit-x86_64-with)
    method: GET
    uri: https://management.azure.com/subscriptions/00000000-0000-0000-0000-000000000000/providers/Microsoft.ContainerService/locations/eastus2/operations/ab112969-fc8b-4338-9e3d-f3ad6cfcecd9?api-version=2017-08-31
  response:
    body:
      string: "{\n  \"name\": \"692911ab-8bfc-3843-9e3d-f3ad6cfcecd9\",\n  \"status\"\
        : \"InProgress\",\n  \"startTime\": \"2022-04-25T19:32:28.84Z\"\n }"
    headers:
      cache-control:
      - no-cache
      content-length:
      - '121'
      content-type:
      - application/json
      date:
      - Mon, 25 Apr 2022 19:36:01 GMT
      expires:
      - '-1'
      pragma:
      - no-cache
      server:
      - nginx
      strict-transport-security:
      - max-age=31536000; includeSubDomains
      transfer-encoding:
      - chunked
      vary:
      - Accept-Encoding
      x-content-type-options:
      - nosniff
    status:
      code: 200
      message: OK
- request:
    body: null
    headers:
      Accept:
      - '*/*'
      Accept-Encoding:
      - gzip, deflate
      CommandName:
      - aks create
      Connection:
      - keep-alive
      ParameterSetName:
      - --resource-group --name --nodepool-name -c --ssh-key-value
      User-Agent:
      - AZURECLI/2.35.0 (DOCKER) azsdk-python-azure-mgmt-containerservice/18.0.0b
        Python/3.9.6 (Linux-5.10.76-linuxkit-x86_64-with)
    method: GET
    uri: https://management.azure.com/subscriptions/00000000-0000-0000-0000-000000000000/providers/Microsoft.ContainerService/locations/eastus2/operations/ab112969-fc8b-4338-9e3d-f3ad6cfcecd9?api-version=2017-08-31
  response:
    body:
      string: "{\n  \"name\": \"692911ab-8bfc-3843-9e3d-f3ad6cfcecd9\",\n  \"status\"\
        : \"Succeeded\",\n  \"startTime\": \"2022-04-25T19:32:28.84Z\",\n  \"endTime\"\
        : \"2022-04-25T19:36:27.881235Z\"\n }"
    headers:
      cache-control:
      - no-cache
      content-length:
      - '164'
      content-type:
      - application/json
      date:
      - Mon, 25 Apr 2022 19:36:31 GMT
      expires:
      - '-1'
      pragma:
      - no-cache
      server:
      - nginx
      strict-transport-security:
      - max-age=31536000; includeSubDomains
      transfer-encoding:
      - chunked
      vary:
      - Accept-Encoding
      x-content-type-options:
      - nosniff
    status:
      code: 200
      message: OK
- request:
    body: null
    headers:
      Accept:
      - '*/*'
      Accept-Encoding:
      - gzip, deflate
      CommandName:
      - aks create
      Connection:
      - keep-alive
      ParameterSetName:
      - --resource-group --name --nodepool-name -c --ssh-key-value
      User-Agent:
      - AZURECLI/2.35.0 (DOCKER) azsdk-python-azure-mgmt-containerservice/18.0.0b
        Python/3.9.6 (Linux-5.10.76-linuxkit-x86_64-with)
    method: GET
    uri: https://management.azure.com/subscriptions/00000000-0000-0000-0000-000000000000/resourceGroups/clitest000001/providers/Microsoft.ContainerService/managedClusters/cliakstest000002?api-version=2022-03-02-preview
  response:
    body:
      string: "{\n  \"id\": \"/subscriptions/00000000-0000-0000-0000-000000000000/resourcegroups/clitest000001/providers/Microsoft.ContainerService/managedClusters/cliakstest000002\"\
        ,\n  \"location\": \"eastus2\",\n  \"name\": \"cliakstest000002\",\n  \"type\"\
        : \"Microsoft.ContainerService/ManagedClusters\",\n  \"properties\": {\n \
        \  \"provisioningState\": \"Succeeded\",\n   \"powerState\": {\n    \"code\"\
        : \"Running\"\n   },\n   \"kubernetesVersion\": \"1.22.6\",\n   \"currentKubernetesVersion\"\
        : \"1.22.6\",\n   \"dnsPrefix\": \"cliakstest-clitestf7kdrpcof-26fe00\",\n\
        \   \"fqdn\": \"cliakstest-clitestf7kdrpcof-26fe00-024b6617.hcp.eastus2.azmk8s.io\"\
        ,\n   \"azurePortalFQDN\": \"cliakstest-clitestf7kdrpcof-26fe00-024b6617.portal.hcp.eastus2.azmk8s.io\"\
        ,\n   \"agentPoolProfiles\": [\n    {\n     \"name\": \"c000003\",\n     \"\
        count\": 1,\n     \"vmSize\": \"Standard_DS2_v2\",\n     \"osDiskSizeGB\"\
        : 128,\n     \"osDiskType\": \"Managed\",\n     \"kubeletDiskType\": \"OS\"\
        ,\n     \"workloadRuntime\": \"OCIContainer\",\n     \"maxPods\": 110,\n \
        \    \"type\": \"VirtualMachineScaleSets\",\n     \"enableAutoScaling\": false,\n\
        \     \"provisioningState\": \"Succeeded\",\n     \"powerState\": {\n    \
        \  \"code\": \"Running\"\n     },\n     \"currentOrchestratorVersion\": \"\
        1.22.6\",\n     \"enableNodePublicIP\": false,\n     \"mode\": \"System\"\
        ,\n     \"enableEncryptionAtHost\": false,\n     \"enableUltraSSD\": false,\n\
        \     \"osType\": \"Linux\",\n     \"osSKU\": \"Ubuntu\",\n     \"nodeImageVersion\"\
        : \"AKSUbuntu-1804gen2containerd-2022.04.05\",\n     \"enableFIPS\": false\n\
        \    }\n   ],\n   \"linuxProfile\": {\n    \"adminUsername\": \"azureuser\"\
        ,\n    \"ssh\": {\n     \"publicKeys\": [\n      {\n       \"keyData\": \"\
        ssh-rsa AAAAB3NzaC1yc2EAAAADAQABAAACAQCbIg1guRHbI0lV11wWDt1r2cUdcNd27CJsg+SfgC7miZeubtwUhbsPdhMQsfDyhOWHq1+ZL0M+nJZV63d/1dhmhtgyOqejUwrPlzKhydsbrsdUor+JmNJDdW01v7BXHyuymT8G4s09jCasNOwiufbP/qp72ruu0bIA1nySsvlf9pCQAuFkAnVnf/rFhUlOkhtRpwcq8SUNY2zRHR/EKb/4NWY1JzR4sa3q2fWIJdrrX0DvLoa5g9bIEd4Df79ba7v+yiUBOS0zT2ll+z4g9izHK3EO5d8hL4jYxcjKs+wcslSYRWrascfscLgMlMGh0CdKeNTDjHpGPncaf3Z+FwwwjWeuiNBxv7bJo13/8B/098KlVDl4GZqsoBCEjPyJfV6hO0y/LkRGkk7oHWKgeWAfKtfLItRp00eZ4fcJNK9kCaSMmEugoZWcI7NGbZXzqFWqbpRI7NcDP9+WIQ+i9U5vqWsqd/zng4kbuAJ6UuKqIzB0upYrLShfQE3SAck8oaLhJqqq56VfDuASNpJKidV+zq27HfSBmbXnkR/5AK337dc3MXKJypoK/QPMLKUAP5XLPbs+NddJQV7EZXd29DLgp+fRIg3edpKdO7ZErWhv7d+3Kws+e1Y+ypmR2WIVSwVyBEUfgv2C8Ts9gnTF4pNcEY/S2aBicz5Ew2+jdyGNQQ==\
        \ test@example.com\\n\"\n      }\n     ]\n    }\n   },\n   \"servicePrincipalProfile\"\
        : {\n    \"clientId\":\"00000000-0000-0000-0000-000000000001\"\n   },\n  \
        \ \"nodeResourceGroup\": \"MC_clitest000001_cliakstest000002_eastus2\",\n\
        \   \"enableRBAC\": true,\n   \"enablePodSecurityPolicy\": false,\n   \"networkProfile\"\
        : {\n    \"networkPlugin\": \"kubenet\",\n    \"loadBalancerSku\": \"Standard\"\
        ,\n    \"loadBalancerProfile\": {\n     \"managedOutboundIPs\": {\n      \"\
        count\": 1\n     },\n     \"effectiveOutboundIPs\": [\n      {\n       \"\
        id\": \"/subscriptions/00000000-0000-0000-0000-000000000000/resourceGroups/MC_clitest000001_cliakstest000002_eastus2/providers/Microsoft.Network/publicIPAddresses/569affb4-02eb-4931-846a-10c59f0d6807\"\
        \n      }\n     ]\n    },\n    \"podCidr\": \"10.244.0.0/16\",\n    \"serviceCidr\"\
        : \"10.0.0.0/16\",\n    \"dnsServiceIP\": \"10.0.0.10\",\n    \"dockerBridgeCidr\"\
        : \"172.17.0.1/16\",\n    \"outboundType\": \"loadBalancer\",\n    \"podCidrs\"\
        : [\n     \"10.244.0.0/16\"\n    ],\n    \"serviceCidrs\": [\n     \"10.0.0.0/16\"\
        \n    ],\n    \"ipFamilies\": [\n     \"IPv4\"\n    ]\n   },\n   \"maxAgentPools\"\
        : 100,\n   \"identityProfile\": {\n    \"kubeletidentity\": {\n     \"resourceId\"\
        : \"/subscriptions/00000000-0000-0000-0000-000000000000/resourcegroups/MC_clitest000001_cliakstest000002_eastus2/providers/Microsoft.ManagedIdentity/userAssignedIdentities/cliakstest000002-agentpool\"\
        ,\n     \"clientId\":\"00000000-0000-0000-0000-000000000001\",\n     \"objectId\"\
        :\"00000000-0000-0000-0000-000000000001\"\n    }\n   },\n   \"disableLocalAccounts\"\
        : false,\n   \"securityProfile\": {},\n   \"oidcIssuerProfile\": {\n    \"\
        enabled\": false\n   }\n  },\n  \"identity\": {\n   \"type\": \"SystemAssigned\"\
        ,\n   \"principalId\":\"00000000-0000-0000-0000-000000000001\",\n   \"tenantId\"\
        : \"72f988bf-86f1-41af-91ab-2d7cd011db47\"\n  },\n  \"sku\": {\n   \"name\"\
        : \"Basic\",\n   \"tier\": \"Free\"\n  }\n }"
    headers:
      cache-control:
      - no-cache
      content-length:
      - '4037'
      content-type:
      - application/json
      date:
      - Mon, 25 Apr 2022 19:36:32 GMT
      expires:
      - '-1'
      pragma:
      - no-cache
      server:
      - nginx
      strict-transport-security:
      - max-age=31536000; includeSubDomains
      transfer-encoding:
      - chunked
      vary:
      - Accept-Encoding
      x-content-type-options:
      - nosniff
    status:
      code: 200
      message: OK
- request:
    body: null
    headers:
      Accept:
      - application/json
      Accept-Encoding:
      - gzip, deflate
      CommandName:
      - aks nodepool add
      Connection:
      - keep-alive
      ParameterSetName:
      - --resource-group --cluster-name -c --name
      User-Agent:
      - AZURECLI/2.35.0 (DOCKER) azsdk-python-azure-mgmt-containerservice/18.0.0b
        Python/3.9.6 (Linux-5.10.76-linuxkit-x86_64-with)
    method: GET
    uri: https://management.azure.com/subscriptions/00000000-0000-0000-0000-000000000000/resourceGroups/clitest000001/providers/Microsoft.ContainerService/managedClusters/cliakstest000002/agentPools?api-version=2022-03-02-preview
  response:
    body:
      string: "{\n  \"value\": [\n   {\n    \"id\": \"/subscriptions/00000000-0000-0000-0000-000000000000/resourcegroups/clitest000001/providers/Microsoft.ContainerService/managedClusters/cliakstest000002/agentPools/c000003\"\
        ,\n    \"name\": \"c000003\",\n    \"type\": \"Microsoft.ContainerService/managedClusters/agentPools\"\
        ,\n    \"properties\": {\n     \"count\": 1,\n     \"vmSize\": \"Standard_DS2_v2\"\
        ,\n     \"osDiskSizeGB\": 128,\n     \"osDiskType\": \"Managed\",\n     \"\
        kubeletDiskType\": \"OS\",\n     \"workloadRuntime\": \"OCIContainer\",\n\
        \     \"maxPods\": 110,\n     \"type\": \"VirtualMachineScaleSets\",\n   \
        \  \"enableAutoScaling\": false,\n     \"provisioningState\": \"Succeeded\"\
        ,\n     \"powerState\": {\n      \"code\": \"Running\"\n     },\n     \"currentOrchestratorVersion\"\
        : \"1.22.6\",\n     \"enableNodePublicIP\": false,\n     \"mode\": \"System\"\
        ,\n     \"enableEncryptionAtHost\": false,\n     \"enableUltraSSD\": false,\n\
        \     \"osType\": \"Linux\",\n     \"osSKU\": \"Ubuntu\",\n     \"nodeImageVersion\"\
        : \"AKSUbuntu-1804gen2containerd-2022.04.05\",\n     \"enableFIPS\": false\n\
        \    }\n   }\n  ]\n }"
    headers:
      cache-control:
      - no-cache
      content-length:
      - '1006'
      content-type:
      - application/json
      date:
      - Mon, 25 Apr 2022 19:36:32 GMT
      expires:
      - '-1'
      pragma:
      - no-cache
      server:
      - nginx
      strict-transport-security:
      - max-age=31536000; includeSubDomains
      transfer-encoding:
      - chunked
      vary:
      - Accept-Encoding
      x-content-type-options:
      - nosniff
    status:
      code: 200
      message: OK
- request:
    body: '{"properties": {"count": 1, "vmSize": "Standard_DS2_v2", "workloadRuntime":
      "OCIContainer", "osType": "Linux", "scaleDownMode": "Delete", "mode": "User",
      "upgradeSettings": {}, "enableNodePublicIP": false, "scaleSetPriority": "Regular",
      "scaleSetEvictionPolicy": "Delete", "spotMaxPrice": -1.0, "nodeTaints": [],
      "enableEncryptionAtHost": false, "enableUltraSSD": false, "enableFIPS": false}}'
    headers:
      Accept:
      - application/json
      Accept-Encoding:
      - gzip, deflate
      CommandName:
      - aks nodepool add
      Connection:
      - keep-alive
      Content-Length:
      - '392'
      Content-Type:
      - application/json
      ParameterSetName:
      - --resource-group --cluster-name -c --name
      User-Agent:
      - AZURECLI/2.35.0 (DOCKER) azsdk-python-azure-mgmt-containerservice/18.0.0b
        Python/3.9.6 (Linux-5.10.76-linuxkit-x86_64-with)
    method: PUT
    uri: https://management.azure.com/subscriptions/00000000-0000-0000-0000-000000000000/resourceGroups/clitest000001/providers/Microsoft.ContainerService/managedClusters/cliakstest000002/agentPools/c000004?api-version=2022-03-02-preview
  response:
    body:
      string: "{\n  \"id\": \"/subscriptions/00000000-0000-0000-0000-000000000000/resourcegroups/clitest000001/providers/Microsoft.ContainerService/managedClusters/cliakstest000002/agentPools/c000004\"\
        ,\n  \"name\": \"c000004\",\n  \"type\": \"Microsoft.ContainerService/managedClusters/agentPools\"\
        ,\n  \"properties\": {\n   \"count\": 1,\n   \"vmSize\": \"Standard_DS2_v2\"\
        ,\n   \"osDiskSizeGB\": 128,\n   \"osDiskType\": \"Managed\",\n   \"kubeletDiskType\"\
        : \"OS\",\n   \"workloadRuntime\": \"OCIContainer\",\n   \"maxPods\": 110,\n\
        \   \"type\": \"VirtualMachineScaleSets\",\n   \"scaleDownMode\": \"Delete\"\
        ,\n   \"provisioningState\": \"Creating\",\n   \"powerState\": {\n    \"code\"\
        : \"Running\"\n   },\n   \"currentOrchestratorVersion\": \"1.22.6\",\n   \"\
        enableNodePublicIP\": false,\n   \"mode\": \"User\",\n   \"enableEncryptionAtHost\"\
        : false,\n   \"enableUltraSSD\": false,\n   \"osType\": \"Linux\",\n   \"\
        osSKU\": \"Ubuntu\",\n   \"nodeImageVersion\": \"AKSUbuntu-1804gen2containerd-2022.04.05\"\
        ,\n   \"upgradeSettings\": {},\n   \"enableFIPS\": false\n  }\n }"
    headers:
      azure-asyncoperation:
      - https://management.azure.com/subscriptions/00000000-0000-0000-0000-000000000000/providers/Microsoft.ContainerService/locations/eastus2/operations/a51fcc61-d5fc-42b2-a8d0-3f4220019004?api-version=2017-08-31
      cache-control:
      - no-cache
      content-length:
      - '947'
      content-type:
      - application/json
      date:
      - Mon, 25 Apr 2022 19:36:35 GMT
      expires:
      - '-1'
      pragma:
      - no-cache
      server:
      - nginx
      strict-transport-security:
      - max-age=31536000; includeSubDomains
      x-content-type-options:
      - nosniff
      x-ms-ratelimit-remaining-subscription-writes:
      - '1199'
    status:
      code: 201
      message: Created
- request:
    body: null
    headers:
      Accept:
      - '*/*'
      Accept-Encoding:
      - gzip, deflate
      CommandName:
      - aks nodepool add
      Connection:
      - keep-alive
      ParameterSetName:
      - --resource-group --cluster-name -c --name
      User-Agent:
      - AZURECLI/2.35.0 (DOCKER) azsdk-python-azure-mgmt-containerservice/18.0.0b
        Python/3.9.6 (Linux-5.10.76-linuxkit-x86_64-with)
    method: GET
    uri: https://management.azure.com/subscriptions/00000000-0000-0000-0000-000000000000/providers/Microsoft.ContainerService/locations/eastus2/operations/a51fcc61-d5fc-42b2-a8d0-3f4220019004?api-version=2017-08-31
  response:
    body:
      string: "{\n  \"name\": \"61cc1fa5-fcd5-b242-a8d0-3f4220019004\",\n  \"status\"\
        : \"InProgress\",\n  \"startTime\": \"2022-04-25T19:36:36.2833333Z\"\n }"
    headers:
      cache-control:
      - no-cache
      content-length:
      - '126'
      content-type:
      - application/json
      date:
      - Mon, 25 Apr 2022 19:37:06 GMT
      expires:
      - '-1'
      pragma:
      - no-cache
      server:
      - nginx
      strict-transport-security:
      - max-age=31536000; includeSubDomains
      transfer-encoding:
      - chunked
      vary:
      - Accept-Encoding
      x-content-type-options:
      - nosniff
    status:
      code: 200
      message: OK
- request:
    body: null
    headers:
      Accept:
      - '*/*'
      Accept-Encoding:
      - gzip, deflate
      CommandName:
      - aks nodepool add
      Connection:
      - keep-alive
      ParameterSetName:
      - --resource-group --cluster-name -c --name
      User-Agent:
      - AZURECLI/2.35.0 (DOCKER) azsdk-python-azure-mgmt-containerservice/18.0.0b
        Python/3.9.6 (Linux-5.10.76-linuxkit-x86_64-with)
    method: GET
    uri: https://management.azure.com/subscriptions/00000000-0000-0000-0000-000000000000/providers/Microsoft.ContainerService/locations/eastus2/operations/a51fcc61-d5fc-42b2-a8d0-3f4220019004?api-version=2017-08-31
  response:
    body:
      string: "{\n  \"name\": \"61cc1fa5-fcd5-b242-a8d0-3f4220019004\",\n  \"status\"\
        : \"InProgress\",\n  \"startTime\": \"2022-04-25T19:36:36.2833333Z\"\n }"
    headers:
      cache-control:
      - no-cache
      content-length:
      - '126'
      content-type:
      - application/json
      date:
      - Mon, 25 Apr 2022 19:37:36 GMT
      expires:
      - '-1'
      pragma:
      - no-cache
      server:
      - nginx
      strict-transport-security:
      - max-age=31536000; includeSubDomains
      transfer-encoding:
      - chunked
      vary:
      - Accept-Encoding
      x-content-type-options:
      - nosniff
    status:
      code: 200
      message: OK
- request:
    body: null
    headers:
      Accept:
      - '*/*'
      Accept-Encoding:
      - gzip, deflate
      CommandName:
      - aks nodepool add
      Connection:
      - keep-alive
      ParameterSetName:
      - --resource-group --cluster-name -c --name
      User-Agent:
      - AZURECLI/2.35.0 (DOCKER) azsdk-python-azure-mgmt-containerservice/18.0.0b
        Python/3.9.6 (Linux-5.10.76-linuxkit-x86_64-with)
    method: GET
    uri: https://management.azure.com/subscriptions/00000000-0000-0000-0000-000000000000/providers/Microsoft.ContainerService/locations/eastus2/operations/a51fcc61-d5fc-42b2-a8d0-3f4220019004?api-version=2017-08-31
  response:
    body:
      string: "{\n  \"name\": \"61cc1fa5-fcd5-b242-a8d0-3f4220019004\",\n  \"status\"\
        : \"InProgress\",\n  \"startTime\": \"2022-04-25T19:36:36.2833333Z\"\n }"
    headers:
      cache-control:
      - no-cache
      content-length:
      - '126'
      content-type:
      - application/json
      date:
      - Mon, 25 Apr 2022 19:38:06 GMT
      expires:
      - '-1'
      pragma:
      - no-cache
      server:
      - nginx
      strict-transport-security:
      - max-age=31536000; includeSubDomains
      transfer-encoding:
      - chunked
      vary:
      - Accept-Encoding
      x-content-type-options:
      - nosniff
    status:
      code: 200
      message: OK
- request:
    body: null
    headers:
      Accept:
      - '*/*'
      Accept-Encoding:
      - gzip, deflate
      CommandName:
      - aks nodepool add
      Connection:
      - keep-alive
      ParameterSetName:
      - --resource-group --cluster-name -c --name
      User-Agent:
      - AZURECLI/2.35.0 (DOCKER) azsdk-python-azure-mgmt-containerservice/18.0.0b
        Python/3.9.6 (Linux-5.10.76-linuxkit-x86_64-with)
    method: GET
    uri: https://management.azure.com/subscriptions/00000000-0000-0000-0000-000000000000/providers/Microsoft.ContainerService/locations/eastus2/operations/a51fcc61-d5fc-42b2-a8d0-3f4220019004?api-version=2017-08-31
  response:
    body:
      string: "{\n  \"name\": \"61cc1fa5-fcd5-b242-a8d0-3f4220019004\",\n  \"status\"\
        : \"InProgress\",\n  \"startTime\": \"2022-04-25T19:36:36.2833333Z\"\n }"
    headers:
      cache-control:
      - no-cache
      content-length:
      - '126'
      content-type:
      - application/json
      date:
      - Mon, 25 Apr 2022 19:38:37 GMT
      expires:
      - '-1'
      pragma:
      - no-cache
      server:
      - nginx
      strict-transport-security:
      - max-age=31536000; includeSubDomains
      transfer-encoding:
      - chunked
      vary:
      - Accept-Encoding
      x-content-type-options:
      - nosniff
    status:
      code: 200
      message: OK
- request:
    body: null
    headers:
      Accept:
      - '*/*'
      Accept-Encoding:
      - gzip, deflate
      CommandName:
      - aks nodepool add
      Connection:
      - keep-alive
      ParameterSetName:
      - --resource-group --cluster-name -c --name
      User-Agent:
      - AZURECLI/2.35.0 (DOCKER) azsdk-python-azure-mgmt-containerservice/18.0.0b
        Python/3.9.6 (Linux-5.10.76-linuxkit-x86_64-with)
    method: GET
    uri: https://management.azure.com/subscriptions/00000000-0000-0000-0000-000000000000/providers/Microsoft.ContainerService/locations/eastus2/operations/a51fcc61-d5fc-42b2-a8d0-3f4220019004?api-version=2017-08-31
  response:
    body:
      string: "{\n  \"name\": \"61cc1fa5-fcd5-b242-a8d0-3f4220019004\",\n  \"status\"\
        : \"InProgress\",\n  \"startTime\": \"2022-04-25T19:36:36.2833333Z\"\n }"
    headers:
      cache-control:
      - no-cache
      content-length:
      - '126'
      content-type:
      - application/json
      date:
      - Mon, 25 Apr 2022 19:39:06 GMT
      expires:
      - '-1'
      pragma:
      - no-cache
      server:
      - nginx
      strict-transport-security:
      - max-age=31536000; includeSubDomains
      transfer-encoding:
      - chunked
      vary:
      - Accept-Encoding
      x-content-type-options:
      - nosniff
    status:
      code: 200
      message: OK
- request:
    body: null
    headers:
      Accept:
      - '*/*'
      Accept-Encoding:
      - gzip, deflate
      CommandName:
      - aks nodepool add
      Connection:
      - keep-alive
      ParameterSetName:
      - --resource-group --cluster-name -c --name
      User-Agent:
      - AZURECLI/2.35.0 (DOCKER) azsdk-python-azure-mgmt-containerservice/18.0.0b
        Python/3.9.6 (Linux-5.10.76-linuxkit-x86_64-with)
    method: GET
    uri: https://management.azure.com/subscriptions/00000000-0000-0000-0000-000000000000/providers/Microsoft.ContainerService/locations/eastus2/operations/a51fcc61-d5fc-42b2-a8d0-3f4220019004?api-version=2017-08-31
  response:
    body:
      string: "{\n  \"name\": \"61cc1fa5-fcd5-b242-a8d0-3f4220019004\",\n  \"status\"\
        : \"InProgress\",\n  \"startTime\": \"2022-04-25T19:36:36.2833333Z\"\n }"
    headers:
      cache-control:
      - no-cache
      content-length:
      - '126'
      content-type:
      - application/json
      date:
      - Mon, 25 Apr 2022 19:39:37 GMT
      expires:
      - '-1'
      pragma:
      - no-cache
      server:
      - nginx
      strict-transport-security:
      - max-age=31536000; includeSubDomains
      transfer-encoding:
      - chunked
      vary:
      - Accept-Encoding
      x-content-type-options:
      - nosniff
    status:
      code: 200
      message: OK
- request:
    body: null
    headers:
      Accept:
      - '*/*'
      Accept-Encoding:
      - gzip, deflate
      CommandName:
      - aks nodepool add
      Connection:
      - keep-alive
      ParameterSetName:
      - --resource-group --cluster-name -c --name
      User-Agent:
      - AZURECLI/2.35.0 (DOCKER) azsdk-python-azure-mgmt-containerservice/18.0.0b
        Python/3.9.6 (Linux-5.10.76-linuxkit-x86_64-with)
    method: GET
    uri: https://management.azure.com/subscriptions/00000000-0000-0000-0000-000000000000/providers/Microsoft.ContainerService/locations/eastus2/operations/a51fcc61-d5fc-42b2-a8d0-3f4220019004?api-version=2017-08-31
  response:
    body:
      string: "{\n  \"name\": \"61cc1fa5-fcd5-b242-a8d0-3f4220019004\",\n  \"status\"\
        : \"Succeeded\",\n  \"startTime\": \"2022-04-25T19:36:36.2833333Z\",\n  \"\
        endTime\": \"2022-04-25T19:39:57.9428421Z\"\n }"
    headers:
      cache-control:
      - no-cache
      content-length:
      - '170'
      content-type:
      - application/json
      date:
      - Mon, 25 Apr 2022 19:40:06 GMT
      expires:
      - '-1'
      pragma:
      - no-cache
      server:
      - nginx
      strict-transport-security:
      - max-age=31536000; includeSubDomains
      transfer-encoding:
      - chunked
      vary:
      - Accept-Encoding
      x-content-type-options:
      - nosniff
    status:
      code: 200
      message: OK
- request:
    body: null
    headers:
      Accept:
      - '*/*'
      Accept-Encoding:
      - gzip, deflate
      CommandName:
      - aks nodepool add
      Connection:
      - keep-alive
      ParameterSetName:
      - --resource-group --cluster-name -c --name
      User-Agent:
      - AZURECLI/2.35.0 (DOCKER) azsdk-python-azure-mgmt-containerservice/18.0.0b
        Python/3.9.6 (Linux-5.10.76-linuxkit-x86_64-with)
    method: GET
    uri: https://management.azure.com/subscriptions/00000000-0000-0000-0000-000000000000/resourceGroups/clitest000001/providers/Microsoft.ContainerService/managedClusters/cliakstest000002/agentPools/c000004?api-version=2022-03-02-preview
  response:
    body:
      string: "{\n  \"id\": \"/subscriptions/00000000-0000-0000-0000-000000000000/resourcegroups/clitest000001/providers/Microsoft.ContainerService/managedClusters/cliakstest000002/agentPools/c000004\"\
        ,\n  \"name\": \"c000004\",\n  \"type\": \"Microsoft.ContainerService/managedClusters/agentPools\"\
        ,\n  \"properties\": {\n   \"count\": 1,\n   \"vmSize\": \"Standard_DS2_v2\"\
        ,\n   \"osDiskSizeGB\": 128,\n   \"osDiskType\": \"Managed\",\n   \"kubeletDiskType\"\
        : \"OS\",\n   \"workloadRuntime\": \"OCIContainer\",\n   \"maxPods\": 110,\n\
        \   \"type\": \"VirtualMachineScaleSets\",\n   \"scaleDownMode\": \"Delete\"\
        ,\n   \"provisioningState\": \"Succeeded\",\n   \"powerState\": {\n    \"\
        code\": \"Running\"\n   },\n   \"currentOrchestratorVersion\": \"1.22.6\"\
        ,\n   \"enableNodePublicIP\": false,\n   \"mode\": \"User\",\n   \"enableEncryptionAtHost\"\
        : false,\n   \"enableUltraSSD\": false,\n   \"osType\": \"Linux\",\n   \"\
        osSKU\": \"Ubuntu\",\n   \"nodeImageVersion\": \"AKSUbuntu-1804gen2containerd-2022.04.05\"\
        ,\n   \"upgradeSettings\": {},\n   \"enableFIPS\": false\n  }\n }"
    headers:
      cache-control:
      - no-cache
      content-length:
      - '948'
      content-type:
      - application/json
      date:
      - Mon, 25 Apr 2022 19:40:07 GMT
      expires:
      - '-1'
      pragma:
      - no-cache
      server:
      - nginx
      strict-transport-security:
      - max-age=31536000; includeSubDomains
      transfer-encoding:
      - chunked
      vary:
      - Accept-Encoding
      x-content-type-options:
      - nosniff
    status:
      code: 200
      message: OK
- request:
    body: null
    headers:
      Accept:
      - application/json
      Accept-Encoding:
      - gzip, deflate
      CommandName:
      - aks nodepool add
      Connection:
      - keep-alive
      ParameterSetName:
      - --resource-group --cluster-name -c --name
      User-Agent:
      - AZURECLI/2.35.0 (DOCKER) azsdk-python-azure-mgmt-containerservice/18.0.0b
        Python/3.9.6 (Linux-5.10.76-linuxkit-x86_64-with)
    method: GET
    uri: https://management.azure.com/subscriptions/00000000-0000-0000-0000-000000000000/resourceGroups/clitest000001/providers/Microsoft.ContainerService/managedClusters/cliakstest000002/agentPools?api-version=2022-03-02-preview
  response:
    body:
      string: "{\n  \"value\": [\n   {\n    \"id\": \"/subscriptions/00000000-0000-0000-0000-000000000000/resourcegroups/clitest000001/providers/Microsoft.ContainerService/managedClusters/cliakstest000002/agentPools/c000004\"\
        ,\n    \"name\": \"c000004\",\n    \"type\": \"Microsoft.ContainerService/managedClusters/agentPools\"\
        ,\n    \"properties\": {\n     \"count\": 1,\n     \"vmSize\": \"Standard_DS2_v2\"\
        ,\n     \"osDiskSizeGB\": 128,\n     \"osDiskType\": \"Managed\",\n     \"\
        kubeletDiskType\": \"OS\",\n     \"workloadRuntime\": \"OCIContainer\",\n\
        \     \"maxPods\": 110,\n     \"type\": \"VirtualMachineScaleSets\",\n   \
        \  \"scaleDownMode\": \"Delete\",\n     \"provisioningState\": \"Succeeded\"\
        ,\n     \"powerState\": {\n      \"code\": \"Running\"\n     },\n     \"currentOrchestratorVersion\"\
        : \"1.22.6\",\n     \"enableNodePublicIP\": false,\n     \"mode\": \"User\"\
        ,\n     \"enableEncryptionAtHost\": false,\n     \"enableUltraSSD\": false,\n\
        \     \"osType\": \"Linux\",\n     \"osSKU\": \"Ubuntu\",\n     \"nodeImageVersion\"\
        : \"AKSUbuntu-1804gen2containerd-2022.04.05\",\n     \"upgradeSettings\":\
        \ {},\n     \"enableFIPS\": false\n    }\n   },\n   {\n    \"id\": \"/subscriptions/00000000-0000-0000-0000-000000000000/resourcegroups/clitest000001/providers/Microsoft.ContainerService/managedClusters/cliakstest000002/agentPools/c000003\"\
        ,\n    \"name\": \"c000003\",\n    \"type\": \"Microsoft.ContainerService/managedClusters/agentPools\"\
        ,\n    \"properties\": {\n     \"count\": 1,\n     \"vmSize\": \"Standard_DS2_v2\"\
        ,\n     \"osDiskSizeGB\": 128,\n     \"osDiskType\": \"Managed\",\n     \"\
        kubeletDiskType\": \"OS\",\n     \"workloadRuntime\": \"OCIContainer\",\n\
        \     \"maxPods\": 110,\n     \"type\": \"VirtualMachineScaleSets\",\n   \
        \  \"enableAutoScaling\": false,\n     \"provisioningState\": \"Succeeded\"\
        ,\n     \"powerState\": {\n      \"code\": \"Running\"\n     },\n     \"currentOrchestratorVersion\"\
        : \"1.22.6\",\n     \"enableNodePublicIP\": false,\n     \"mode\": \"System\"\
        ,\n     \"enableEncryptionAtHost\": false,\n     \"enableUltraSSD\": false,\n\
        \     \"osType\": \"Linux\",\n     \"osSKU\": \"Ubuntu\",\n     \"nodeImageVersion\"\
        : \"AKSUbuntu-1804gen2containerd-2022.04.05\",\n     \"enableFIPS\": false\n\
        \    }\n   }\n  ]\n }"
    headers:
      cache-control:
      - no-cache
      content-length:
      - '2017'
      content-type:
      - application/json
      date:
      - Mon, 25 Apr 2022 19:40:09 GMT
      expires:
      - '-1'
      pragma:
      - no-cache
      server:
      - nginx
      strict-transport-security:
      - max-age=31536000; includeSubDomains
      transfer-encoding:
      - chunked
      vary:
      - Accept-Encoding
      x-content-type-options:
      - nosniff
    status:
      code: 200
      message: OK
- request:
    body: '{"properties": {"count": 1, "vmSize": "Standard_DS2_v2", "workloadRuntime":
      "OCIContainer", "osType": "Linux", "scaleDownMode": "Delete", "mode": "User",
      "upgradeSettings": {}, "enableNodePublicIP": false, "scaleSetPriority": "Regular",
      "scaleSetEvictionPolicy": "Delete", "spotMaxPrice": -1.0, "nodeTaints": [],
      "enableEncryptionAtHost": false, "enableUltraSSD": false, "enableFIPS": false}}'
    headers:
      Accept:
      - application/json
      Accept-Encoding:
      - gzip, deflate
      CommandName:
      - aks nodepool add
      Connection:
      - keep-alive
      Content-Length:
      - '392'
      Content-Type:
      - application/json
      ParameterSetName:
      - --resource-group --cluster-name -c --name
      User-Agent:
      - AZURECLI/2.35.0 (DOCKER) azsdk-python-azure-mgmt-containerservice/18.0.0b
        Python/3.9.6 (Linux-5.10.76-linuxkit-x86_64-with)
    method: PUT
    uri: https://management.azure.com/subscriptions/00000000-0000-0000-0000-000000000000/resourceGroups/clitest000001/providers/Microsoft.ContainerService/managedClusters/cliakstest000002/agentPools/c000005?api-version=2022-03-02-preview
  response:
    body:
      string: "{\n  \"id\": \"/subscriptions/00000000-0000-0000-0000-000000000000/resourcegroups/clitest000001/providers/Microsoft.ContainerService/managedClusters/cliakstest000002/agentPools/c000005\"\
        ,\n  \"name\": \"c000005\",\n  \"type\": \"Microsoft.ContainerService/managedClusters/agentPools\"\
        ,\n  \"properties\": {\n   \"count\": 1,\n   \"vmSize\": \"Standard_DS2_v2\"\
        ,\n   \"osDiskSizeGB\": 128,\n   \"osDiskType\": \"Managed\",\n   \"kubeletDiskType\"\
        : \"OS\",\n   \"workloadRuntime\": \"OCIContainer\",\n   \"maxPods\": 110,\n\
        \   \"type\": \"VirtualMachineScaleSets\",\n   \"scaleDownMode\": \"Delete\"\
        ,\n   \"provisioningState\": \"Creating\",\n   \"powerState\": {\n    \"code\"\
        : \"Running\"\n   },\n   \"currentOrchestratorVersion\": \"1.22.6\",\n   \"\
        enableNodePublicIP\": false,\n   \"mode\": \"User\",\n   \"enableEncryptionAtHost\"\
        : false,\n   \"enableUltraSSD\": false,\n   \"osType\": \"Linux\",\n   \"\
        osSKU\": \"Ubuntu\",\n   \"nodeImageVersion\": \"AKSUbuntu-1804gen2containerd-2022.04.05\"\
        ,\n   \"upgradeSettings\": {},\n   \"enableFIPS\": false\n  }\n }"
    headers:
      azure-asyncoperation:
      - https://management.azure.com/subscriptions/00000000-0000-0000-0000-000000000000/providers/Microsoft.ContainerService/locations/eastus2/operations/25b5e4c2-519d-4f2c-bbed-73f8c5e6b4bb?api-version=2017-08-31
      cache-control:
      - no-cache
      content-length:
      - '947'
      content-type:
      - application/json
      date:
      - Mon, 25 Apr 2022 19:40:12 GMT
      expires:
      - '-1'
      pragma:
      - no-cache
      server:
      - nginx
      strict-transport-security:
      - max-age=31536000; includeSubDomains
      x-content-type-options:
      - nosniff
      x-ms-ratelimit-remaining-subscription-writes:
      - '1199'
    status:
      code: 201
      message: Created
- request:
    body: null
    headers:
      Accept:
      - '*/*'
      Accept-Encoding:
      - gzip, deflate
      CommandName:
      - aks nodepool add
      Connection:
      - keep-alive
      ParameterSetName:
      - --resource-group --cluster-name -c --name
      User-Agent:
      - AZURECLI/2.35.0 (DOCKER) azsdk-python-azure-mgmt-containerservice/18.0.0b
        Python/3.9.6 (Linux-5.10.76-linuxkit-x86_64-with)
    method: GET
    uri: https://management.azure.com/subscriptions/00000000-0000-0000-0000-000000000000/providers/Microsoft.ContainerService/locations/eastus2/operations/25b5e4c2-519d-4f2c-bbed-73f8c5e6b4bb?api-version=2017-08-31
  response:
    body:
      string: "{\n  \"name\": \"c2e4b525-9d51-2c4f-bbed-73f8c5e6b4bb\",\n  \"status\"\
        : \"InProgress\",\n  \"startTime\": \"2022-04-25T19:40:12.2133333Z\"\n }"
    headers:
      cache-control:
      - no-cache
      content-length:
      - '126'
      content-type:
      - application/json
      date:
      - Mon, 25 Apr 2022 19:40:42 GMT
      expires:
      - '-1'
      pragma:
      - no-cache
      server:
      - nginx
      strict-transport-security:
      - max-age=31536000; includeSubDomains
      transfer-encoding:
      - chunked
      vary:
      - Accept-Encoding
      x-content-type-options:
      - nosniff
    status:
      code: 200
      message: OK
- request:
    body: null
    headers:
      Accept:
      - '*/*'
      Accept-Encoding:
      - gzip, deflate
      CommandName:
      - aks nodepool add
      Connection:
      - keep-alive
      ParameterSetName:
      - --resource-group --cluster-name -c --name
      User-Agent:
      - AZURECLI/2.35.0 (DOCKER) azsdk-python-azure-mgmt-containerservice/18.0.0b
        Python/3.9.6 (Linux-5.10.76-linuxkit-x86_64-with)
    method: GET
    uri: https://management.azure.com/subscriptions/00000000-0000-0000-0000-000000000000/providers/Microsoft.ContainerService/locations/eastus2/operations/25b5e4c2-519d-4f2c-bbed-73f8c5e6b4bb?api-version=2017-08-31
  response:
    body:
      string: "{\n  \"name\": \"c2e4b525-9d51-2c4f-bbed-73f8c5e6b4bb\",\n  \"status\"\
        : \"InProgress\",\n  \"startTime\": \"2022-04-25T19:40:12.2133333Z\"\n }"
    headers:
      cache-control:
      - no-cache
      content-length:
      - '126'
      content-type:
      - application/json
      date:
      - Mon, 25 Apr 2022 19:41:12 GMT
      expires:
      - '-1'
      pragma:
      - no-cache
      server:
      - nginx
      strict-transport-security:
      - max-age=31536000; includeSubDomains
      transfer-encoding:
      - chunked
      vary:
      - Accept-Encoding
      x-content-type-options:
      - nosniff
    status:
      code: 200
      message: OK
- request:
    body: null
    headers:
      Accept:
      - '*/*'
      Accept-Encoding:
      - gzip, deflate
      CommandName:
      - aks nodepool add
      Connection:
      - keep-alive
      ParameterSetName:
      - --resource-group --cluster-name -c --name
      User-Agent:
      - AZURECLI/2.35.0 (DOCKER) azsdk-python-azure-mgmt-containerservice/18.0.0b
        Python/3.9.6 (Linux-5.10.76-linuxkit-x86_64-with)
    method: GET
    uri: https://management.azure.com/subscriptions/00000000-0000-0000-0000-000000000000/providers/Microsoft.ContainerService/locations/eastus2/operations/25b5e4c2-519d-4f2c-bbed-73f8c5e6b4bb?api-version=2017-08-31
  response:
    body:
      string: "{\n  \"name\": \"c2e4b525-9d51-2c4f-bbed-73f8c5e6b4bb\",\n  \"status\"\
        : \"InProgress\",\n  \"startTime\": \"2022-04-25T19:40:12.2133333Z\"\n }"
    headers:
      cache-control:
      - no-cache
      content-length:
      - '126'
      content-type:
      - application/json
      date:
      - Mon, 25 Apr 2022 19:41:42 GMT
      expires:
      - '-1'
      pragma:
      - no-cache
      server:
      - nginx
      strict-transport-security:
      - max-age=31536000; includeSubDomains
      transfer-encoding:
      - chunked
      vary:
      - Accept-Encoding
      x-content-type-options:
      - nosniff
    status:
      code: 200
      message: OK
- request:
    body: null
    headers:
      Accept:
      - '*/*'
      Accept-Encoding:
      - gzip, deflate
      CommandName:
      - aks nodepool add
      Connection:
      - keep-alive
      ParameterSetName:
      - --resource-group --cluster-name -c --name
      User-Agent:
      - AZURECLI/2.35.0 (DOCKER) azsdk-python-azure-mgmt-containerservice/18.0.0b
        Python/3.9.6 (Linux-5.10.76-linuxkit-x86_64-with)
    method: GET
    uri: https://management.azure.com/subscriptions/00000000-0000-0000-0000-000000000000/providers/Microsoft.ContainerService/locations/eastus2/operations/25b5e4c2-519d-4f2c-bbed-73f8c5e6b4bb?api-version=2017-08-31
  response:
    body:
      string: "{\n  \"name\": \"c2e4b525-9d51-2c4f-bbed-73f8c5e6b4bb\",\n  \"status\"\
        : \"InProgress\",\n  \"startTime\": \"2022-04-25T19:40:12.2133333Z\"\n }"
    headers:
      cache-control:
      - no-cache
      content-length:
      - '126'
      content-type:
      - application/json
      date:
      - Mon, 25 Apr 2022 19:42:12 GMT
      expires:
      - '-1'
      pragma:
      - no-cache
      server:
      - nginx
      strict-transport-security:
      - max-age=31536000; includeSubDomains
      transfer-encoding:
      - chunked
      vary:
      - Accept-Encoding
      x-content-type-options:
      - nosniff
    status:
      code: 200
      message: OK
- request:
    body: null
    headers:
      Accept:
      - '*/*'
      Accept-Encoding:
      - gzip, deflate
      CommandName:
      - aks nodepool add
      Connection:
      - keep-alive
      ParameterSetName:
      - --resource-group --cluster-name -c --name
      User-Agent:
      - AZURECLI/2.35.0 (DOCKER) azsdk-python-azure-mgmt-containerservice/18.0.0b
        Python/3.9.6 (Linux-5.10.76-linuxkit-x86_64-with)
    method: GET
    uri: https://management.azure.com/subscriptions/00000000-0000-0000-0000-000000000000/providers/Microsoft.ContainerService/locations/eastus2/operations/25b5e4c2-519d-4f2c-bbed-73f8c5e6b4bb?api-version=2017-08-31
  response:
    body:
      string: "{\n  \"name\": \"c2e4b525-9d51-2c4f-bbed-73f8c5e6b4bb\",\n  \"status\"\
        : \"InProgress\",\n  \"startTime\": \"2022-04-25T19:40:12.2133333Z\"\n }"
    headers:
      cache-control:
      - no-cache
      content-length:
      - '126'
      content-type:
      - application/json
      date:
      - Mon, 25 Apr 2022 19:42:42 GMT
      expires:
      - '-1'
      pragma:
      - no-cache
      server:
      - nginx
      strict-transport-security:
      - max-age=31536000; includeSubDomains
      transfer-encoding:
      - chunked
      vary:
      - Accept-Encoding
      x-content-type-options:
      - nosniff
    status:
      code: 200
      message: OK
- request:
    body: null
    headers:
      Accept:
      - '*/*'
      Accept-Encoding:
      - gzip, deflate
      CommandName:
      - aks nodepool add
      Connection:
      - keep-alive
      ParameterSetName:
      - --resource-group --cluster-name -c --name
      User-Agent:
      - AZURECLI/2.35.0 (DOCKER) azsdk-python-azure-mgmt-containerservice/18.0.0b
        Python/3.9.6 (Linux-5.10.76-linuxkit-x86_64-with)
    method: GET
    uri: https://management.azure.com/subscriptions/00000000-0000-0000-0000-000000000000/providers/Microsoft.ContainerService/locations/eastus2/operations/25b5e4c2-519d-4f2c-bbed-73f8c5e6b4bb?api-version=2017-08-31
  response:
    body:
      string: "{\n  \"name\": \"c2e4b525-9d51-2c4f-bbed-73f8c5e6b4bb\",\n  \"status\"\
        : \"InProgress\",\n  \"startTime\": \"2022-04-25T19:40:12.2133333Z\"\n }"
    headers:
      cache-control:
      - no-cache
      content-length:
      - '126'
      content-type:
      - application/json
      date:
      - Mon, 25 Apr 2022 19:43:13 GMT
      expires:
      - '-1'
      pragma:
      - no-cache
      server:
      - nginx
      strict-transport-security:
      - max-age=31536000; includeSubDomains
      transfer-encoding:
      - chunked
      vary:
      - Accept-Encoding
      x-content-type-options:
      - nosniff
    status:
      code: 200
      message: OK
- request:
    body: null
    headers:
      Accept:
      - '*/*'
      Accept-Encoding:
      - gzip, deflate
      CommandName:
      - aks nodepool add
      Connection:
      - keep-alive
      ParameterSetName:
      - --resource-group --cluster-name -c --name
      User-Agent:
      - AZURECLI/2.35.0 (DOCKER) azsdk-python-azure-mgmt-containerservice/18.0.0b
        Python/3.9.6 (Linux-5.10.76-linuxkit-x86_64-with)
    method: GET
    uri: https://management.azure.com/subscriptions/00000000-0000-0000-0000-000000000000/providers/Microsoft.ContainerService/locations/eastus2/operations/25b5e4c2-519d-4f2c-bbed-73f8c5e6b4bb?api-version=2017-08-31
  response:
    body:
      string: "{\n  \"name\": \"c2e4b525-9d51-2c4f-bbed-73f8c5e6b4bb\",\n  \"status\"\
        : \"InProgress\",\n  \"startTime\": \"2022-04-25T19:40:12.2133333Z\"\n }"
    headers:
      cache-control:
      - no-cache
      content-length:
      - '126'
      content-type:
      - application/json
      date:
      - Mon, 25 Apr 2022 19:43:42 GMT
      expires:
      - '-1'
      pragma:
      - no-cache
      server:
      - nginx
      strict-transport-security:
      - max-age=31536000; includeSubDomains
      transfer-encoding:
      - chunked
      vary:
      - Accept-Encoding
      x-content-type-options:
      - nosniff
    status:
      code: 200
      message: OK
- request:
    body: null
    headers:
      Accept:
      - '*/*'
      Accept-Encoding:
      - gzip, deflate
      CommandName:
      - aks nodepool add
      Connection:
      - keep-alive
      ParameterSetName:
      - --resource-group --cluster-name -c --name
      User-Agent:
      - AZURECLI/2.35.0 (DOCKER) azsdk-python-azure-mgmt-containerservice/18.0.0b
        Python/3.9.6 (Linux-5.10.76-linuxkit-x86_64-with)
    method: GET
    uri: https://management.azure.com/subscriptions/00000000-0000-0000-0000-000000000000/providers/Microsoft.ContainerService/locations/eastus2/operations/25b5e4c2-519d-4f2c-bbed-73f8c5e6b4bb?api-version=2017-08-31
  response:
    body:
      string: "{\n  \"name\": \"c2e4b525-9d51-2c4f-bbed-73f8c5e6b4bb\",\n  \"status\"\
        : \"InProgress\",\n  \"startTime\": \"2022-04-25T19:40:12.2133333Z\"\n }"
    headers:
      cache-control:
      - no-cache
      content-length:
      - '126'
      content-type:
      - application/json
      date:
      - Mon, 25 Apr 2022 19:44:13 GMT
      expires:
      - '-1'
      pragma:
      - no-cache
      server:
      - nginx
      strict-transport-security:
      - max-age=31536000; includeSubDomains
      transfer-encoding:
      - chunked
      vary:
      - Accept-Encoding
      x-content-type-options:
      - nosniff
    status:
      code: 200
      message: OK
- request:
    body: null
    headers:
      Accept:
      - '*/*'
      Accept-Encoding:
      - gzip, deflate
      CommandName:
      - aks nodepool add
      Connection:
      - keep-alive
      ParameterSetName:
      - --resource-group --cluster-name -c --name
      User-Agent:
      - AZURECLI/2.35.0 (DOCKER) azsdk-python-azure-mgmt-containerservice/18.0.0b
        Python/3.9.6 (Linux-5.10.76-linuxkit-x86_64-with)
    method: GET
    uri: https://management.azure.com/subscriptions/00000000-0000-0000-0000-000000000000/providers/Microsoft.ContainerService/locations/eastus2/operations/25b5e4c2-519d-4f2c-bbed-73f8c5e6b4bb?api-version=2017-08-31
  response:
    body:
      string: "{\n  \"name\": \"c2e4b525-9d51-2c4f-bbed-73f8c5e6b4bb\",\n  \"status\"\
        : \"Succeeded\",\n  \"startTime\": \"2022-04-25T19:40:12.2133333Z\",\n  \"\
        endTime\": \"2022-04-25T19:44:13.875693Z\"\n }"
    headers:
      cache-control:
      - no-cache
      content-length:
      - '169'
      content-type:
      - application/json
      date:
      - Mon, 25 Apr 2022 19:44:43 GMT
      expires:
      - '-1'
      pragma:
      - no-cache
      server:
      - nginx
      strict-transport-security:
      - max-age=31536000; includeSubDomains
      transfer-encoding:
      - chunked
      vary:
      - Accept-Encoding
      x-content-type-options:
      - nosniff
    status:
      code: 200
      message: OK
- request:
    body: null
    headers:
      Accept:
      - '*/*'
      Accept-Encoding:
      - gzip, deflate
      CommandName:
      - aks nodepool add
      Connection:
      - keep-alive
      ParameterSetName:
      - --resource-group --cluster-name -c --name
      User-Agent:
      - AZURECLI/2.35.0 (DOCKER) azsdk-python-azure-mgmt-containerservice/18.0.0b
        Python/3.9.6 (Linux-5.10.76-linuxkit-x86_64-with)
    method: GET
    uri: https://management.azure.com/subscriptions/00000000-0000-0000-0000-000000000000/resourceGroups/clitest000001/providers/Microsoft.ContainerService/managedClusters/cliakstest000002/agentPools/c000005?api-version=2022-03-02-preview
  response:
    body:
      string: "{\n  \"id\": \"/subscriptions/00000000-0000-0000-0000-000000000000/resourcegroups/clitest000001/providers/Microsoft.ContainerService/managedClusters/cliakstest000002/agentPools/c000005\"\
        ,\n  \"name\": \"c000005\",\n  \"type\": \"Microsoft.ContainerService/managedClusters/agentPools\"\
        ,\n  \"properties\": {\n   \"count\": 1,\n   \"vmSize\": \"Standard_DS2_v2\"\
        ,\n   \"osDiskSizeGB\": 128,\n   \"osDiskType\": \"Managed\",\n   \"kubeletDiskType\"\
        : \"OS\",\n   \"workloadRuntime\": \"OCIContainer\",\n   \"maxPods\": 110,\n\
        \   \"type\": \"VirtualMachineScaleSets\",\n   \"scaleDownMode\": \"Delete\"\
        ,\n   \"provisioningState\": \"Succeeded\",\n   \"powerState\": {\n    \"\
        code\": \"Running\"\n   },\n   \"currentOrchestratorVersion\": \"1.22.6\"\
        ,\n   \"enableNodePublicIP\": false,\n   \"mode\": \"User\",\n   \"enableEncryptionAtHost\"\
        : false,\n   \"enableUltraSSD\": false,\n   \"osType\": \"Linux\",\n   \"\
        osSKU\": \"Ubuntu\",\n   \"nodeImageVersion\": \"AKSUbuntu-1804gen2containerd-2022.04.05\"\
        ,\n   \"upgradeSettings\": {},\n   \"enableFIPS\": false\n  }\n }"
    headers:
      cache-control:
      - no-cache
      content-length:
      - '948'
      content-type:
      - application/json
      date:
      - Mon, 25 Apr 2022 19:44:44 GMT
      expires:
      - '-1'
      pragma:
      - no-cache
      server:
      - nginx
      strict-transport-security:
      - max-age=31536000; includeSubDomains
      transfer-encoding:
      - chunked
      vary:
      - Accept-Encoding
      x-content-type-options:
      - nosniff
    status:
      code: 200
      message: OK
- request:
    body: null
    headers:
      Accept:
      - application/json
      Accept-Encoding:
      - gzip, deflate
      CommandName:
      - aks nodepool delete
      Connection:
      - keep-alive
      ParameterSetName:
      - --resource-group --cluster-name --name --ignore-pod-disruption-budget --no-wait
      User-Agent:
      - AZURECLI/2.35.0 (DOCKER) azsdk-python-azure-mgmt-containerservice/18.0.0b
        Python/3.9.6 (Linux-5.10.76-linuxkit-x86_64-with)
    method: GET
    uri: https://management.azure.com/subscriptions/00000000-0000-0000-0000-000000000000/resourceGroups/clitest000001/providers/Microsoft.ContainerService/managedClusters/cliakstest000002/agentPools?api-version=2022-03-02-preview
  response:
    body:
      string: "{\n  \"value\": [\n   {\n    \"id\": \"/subscriptions/00000000-0000-0000-0000-000000000000/resourcegroups/clitest000001/providers/Microsoft.ContainerService/managedClusters/cliakstest000002/agentPools/c000004\"\
        ,\n    \"name\": \"c000004\",\n    \"type\": \"Microsoft.ContainerService/managedClusters/agentPools\"\
        ,\n    \"properties\": {\n     \"count\": 1,\n     \"vmSize\": \"Standard_DS2_v2\"\
        ,\n     \"osDiskSizeGB\": 128,\n     \"osDiskType\": \"Managed\",\n     \"\
        kubeletDiskType\": \"OS\",\n     \"workloadRuntime\": \"OCIContainer\",\n\
        \     \"maxPods\": 110,\n     \"type\": \"VirtualMachineScaleSets\",\n   \
        \  \"scaleDownMode\": \"Delete\",\n     \"provisioningState\": \"Succeeded\"\
        ,\n     \"powerState\": {\n      \"code\": \"Running\"\n     },\n     \"currentOrchestratorVersion\"\
        : \"1.22.6\",\n     \"enableNodePublicIP\": false,\n     \"mode\": \"User\"\
        ,\n     \"enableEncryptionAtHost\": false,\n     \"enableUltraSSD\": false,\n\
        \     \"osType\": \"Linux\",\n     \"osSKU\": \"Ubuntu\",\n     \"nodeImageVersion\"\
        : \"AKSUbuntu-1804gen2containerd-2022.04.05\",\n     \"upgradeSettings\":\
        \ {},\n     \"enableFIPS\": false\n    }\n   },\n   {\n    \"id\": \"/subscriptions/00000000-0000-0000-0000-000000000000/resourcegroups/clitest000001/providers/Microsoft.ContainerService/managedClusters/cliakstest000002/agentPools/c000003\"\
        ,\n    \"name\": \"c000003\",\n    \"type\": \"Microsoft.ContainerService/managedClusters/agentPools\"\
        ,\n    \"properties\": {\n     \"count\": 1,\n     \"vmSize\": \"Standard_DS2_v2\"\
        ,\n     \"osDiskSizeGB\": 128,\n     \"osDiskType\": \"Managed\",\n     \"\
        kubeletDiskType\": \"OS\",\n     \"workloadRuntime\": \"OCIContainer\",\n\
        \     \"maxPods\": 110,\n     \"type\": \"VirtualMachineScaleSets\",\n   \
        \  \"enableAutoScaling\": false,\n     \"provisioningState\": \"Succeeded\"\
        ,\n     \"powerState\": {\n      \"code\": \"Running\"\n     },\n     \"currentOrchestratorVersion\"\
        : \"1.22.6\",\n     \"enableNodePublicIP\": false,\n     \"mode\": \"System\"\
        ,\n     \"enableEncryptionAtHost\": false,\n     \"enableUltraSSD\": false,\n\
        \     \"osType\": \"Linux\",\n     \"osSKU\": \"Ubuntu\",\n     \"nodeImageVersion\"\
        : \"AKSUbuntu-1804gen2containerd-2022.04.05\",\n     \"enableFIPS\": false\n\
        \    }\n   },\n   {\n    \"id\": \"/subscriptions/00000000-0000-0000-0000-000000000000/resourcegroups/clitest000001/providers/Microsoft.ContainerService/managedClusters/cliakstest000002/agentPools/c000005\"\
        ,\n    \"name\": \"c000005\",\n    \"type\": \"Microsoft.ContainerService/managedClusters/agentPools\"\
        ,\n    \"properties\": {\n     \"count\": 1,\n     \"vmSize\": \"Standard_DS2_v2\"\
        ,\n     \"osDiskSizeGB\": 128,\n     \"osDiskType\": \"Managed\",\n     \"\
        kubeletDiskType\": \"OS\",\n     \"workloadRuntime\": \"OCIContainer\",\n\
        \     \"maxPods\": 110,\n     \"type\": \"VirtualMachineScaleSets\",\n   \
        \  \"scaleDownMode\": \"Delete\",\n     \"provisioningState\": \"Succeeded\"\
        ,\n     \"powerState\": {\n      \"code\": \"Running\"\n     },\n     \"currentOrchestratorVersion\"\
        : \"1.22.6\",\n     \"enableNodePublicIP\": false,\n     \"mode\": \"User\"\
        ,\n     \"enableEncryptionAtHost\": false,\n     \"enableUltraSSD\": false,\n\
        \     \"osType\": \"Linux\",\n     \"osSKU\": \"Ubuntu\",\n     \"nodeImageVersion\"\
        : \"AKSUbuntu-1804gen2containerd-2022.04.05\",\n     \"upgradeSettings\":\
        \ {},\n     \"enableFIPS\": false\n    }\n   }\n  ]\n }"
    headers:
      cache-control:
      - no-cache
      content-length:
      - '3028'
      content-type:
      - application/json
      date:
      - Mon, 25 Apr 2022 19:44:45 GMT
      expires:
      - '-1'
      pragma:
      - no-cache
      server:
      - nginx
      strict-transport-security:
      - max-age=31536000; includeSubDomains
      transfer-encoding:
      - chunked
      vary:
      - Accept-Encoding
      x-content-type-options:
      - nosniff
    status:
      code: 200
      message: OK
- request:
    body: null
    headers:
      Accept:
      - application/json
      Accept-Encoding:
      - gzip, deflate
      CommandName:
      - aks nodepool delete
      Connection:
      - keep-alive
      Content-Length:
      - '0'
      ParameterSetName:
      - --resource-group --cluster-name --name --ignore-pod-disruption-budget --no-wait
      User-Agent:
      - AZURECLI/2.35.0 (DOCKER) azsdk-python-azure-mgmt-containerservice/18.0.0b
        Python/3.9.6 (Linux-5.10.76-linuxkit-x86_64-with)
    method: DELETE
    uri: https://management.azure.com/subscriptions/00000000-0000-0000-0000-000000000000/resourceGroups/clitest000001/providers/Microsoft.ContainerService/managedClusters/cliakstest000002/agentPools/c000005?api-version=2022-03-02-preview
  response:
    body:
      string: ''
    headers:
      azure-asyncoperation:
      - https://management.azure.com/subscriptions/00000000-0000-0000-0000-000000000000/providers/Microsoft.ContainerService/locations/eastus2/operations/88f6aae7-456a-41b0-a29d-ed415bcecaa2?api-version=2017-08-31
      cache-control:
      - no-cache
      content-length:
      - '0'
      date:
      - Mon, 25 Apr 2022 19:44:46 GMT
      expires:
      - '-1'
      location:
      - https://management.azure.com/subscriptions/00000000-0000-0000-0000-000000000000/providers/Microsoft.ContainerService/locations/eastus2/operationresults/88f6aae7-456a-41b0-a29d-ed415bcecaa2?api-version=2017-08-31
      pragma:
      - no-cache
      server:
      - nginx
      strict-transport-security:
      - max-age=31536000; includeSubDomains
      x-content-type-options:
      - nosniff
      x-ms-ratelimit-remaining-subscription-deletes:
      - '14999'
    status:
      code: 202
      message: Accepted
- request:
    body: null
    headers:
      Accept:
      - application/json
      Accept-Encoding:
      - gzip, deflate
      CommandName:
      - aks nodepool delete
      Connection:
      - keep-alive
      ParameterSetName:
      - --resource-group --cluster-name --name --ignore-pod-disruption-budget
      User-Agent:
      - AZURECLI/2.35.0 (DOCKER) azsdk-python-azure-mgmt-containerservice/18.0.0b
        Python/3.9.6 (Linux-5.10.76-linuxkit-x86_64-with)
    method: GET
    uri: https://management.azure.com/subscriptions/00000000-0000-0000-0000-000000000000/resourceGroups/clitest000001/providers/Microsoft.ContainerService/managedClusters/cliakstest000002/agentPools?api-version=2022-03-02-preview
  response:
    body:
      string: "{\n  \"value\": [\n   {\n    \"id\": \"/subscriptions/00000000-0000-0000-0000-000000000000/resourcegroups/clitest000001/providers/Microsoft.ContainerService/managedClusters/cliakstest000002/agentPools/c000004\"\
        ,\n    \"name\": \"c000004\",\n    \"type\": \"Microsoft.ContainerService/managedClusters/agentPools\"\
        ,\n    \"properties\": {\n     \"count\": 1,\n     \"vmSize\": \"Standard_DS2_v2\"\
        ,\n     \"osDiskSizeGB\": 128,\n     \"osDiskType\": \"Managed\",\n     \"\
        kubeletDiskType\": \"OS\",\n     \"workloadRuntime\": \"OCIContainer\",\n\
        \     \"maxPods\": 110,\n     \"type\": \"VirtualMachineScaleSets\",\n   \
        \  \"scaleDownMode\": \"Delete\",\n     \"provisioningState\": \"Succeeded\"\
        ,\n     \"powerState\": {\n      \"code\": \"Running\"\n     },\n     \"currentOrchestratorVersion\"\
        : \"1.22.6\",\n     \"enableNodePublicIP\": false,\n     \"mode\": \"User\"\
        ,\n     \"enableEncryptionAtHost\": false,\n     \"enableUltraSSD\": false,\n\
        \     \"osType\": \"Linux\",\n     \"osSKU\": \"Ubuntu\",\n     \"nodeImageVersion\"\
        : \"AKSUbuntu-1804gen2containerd-2022.04.05\",\n     \"upgradeSettings\":\
        \ {},\n     \"enableFIPS\": false\n    }\n   },\n   {\n    \"id\": \"/subscriptions/00000000-0000-0000-0000-000000000000/resourcegroups/clitest000001/providers/Microsoft.ContainerService/managedClusters/cliakstest000002/agentPools/c000003\"\
        ,\n    \"name\": \"c000003\",\n    \"type\": \"Microsoft.ContainerService/managedClusters/agentPools\"\
        ,\n    \"properties\": {\n     \"count\": 1,\n     \"vmSize\": \"Standard_DS2_v2\"\
        ,\n     \"osDiskSizeGB\": 128,\n     \"osDiskType\": \"Managed\",\n     \"\
        kubeletDiskType\": \"OS\",\n     \"workloadRuntime\": \"OCIContainer\",\n\
        \     \"maxPods\": 110,\n     \"type\": \"VirtualMachineScaleSets\",\n   \
        \  \"enableAutoScaling\": false,\n     \"provisioningState\": \"Succeeded\"\
        ,\n     \"powerState\": {\n      \"code\": \"Running\"\n     },\n     \"currentOrchestratorVersion\"\
        : \"1.22.6\",\n     \"enableNodePublicIP\": false,\n     \"mode\": \"System\"\
        ,\n     \"enableEncryptionAtHost\": false,\n     \"enableUltraSSD\": false,\n\
        \     \"osType\": \"Linux\",\n     \"osSKU\": \"Ubuntu\",\n     \"nodeImageVersion\"\
        : \"AKSUbuntu-1804gen2containerd-2022.04.05\",\n     \"enableFIPS\": false\n\
        \    }\n   },\n   {\n    \"id\": \"/subscriptions/00000000-0000-0000-0000-000000000000/resourcegroups/clitest000001/providers/Microsoft.ContainerService/managedClusters/cliakstest000002/agentPools/c000005\"\
        ,\n    \"name\": \"c000005\",\n    \"type\": \"Microsoft.ContainerService/managedClusters/agentPools\"\
        ,\n    \"properties\": {\n     \"count\": 1,\n     \"vmSize\": \"Standard_DS2_v2\"\
        ,\n     \"osDiskSizeGB\": 128,\n     \"osDiskType\": \"Managed\",\n     \"\
        kubeletDiskType\": \"OS\",\n     \"workloadRuntime\": \"OCIContainer\",\n\
        \     \"maxPods\": 110,\n     \"type\": \"VirtualMachineScaleSets\",\n   \
        \  \"scaleDownMode\": \"Delete\",\n     \"provisioningState\": \"Deleting\"\
        ,\n     \"powerState\": {\n      \"code\": \"Running\"\n     },\n     \"currentOrchestratorVersion\"\
        : \"1.22.6\",\n     \"enableNodePublicIP\": false,\n     \"mode\": \"User\"\
        ,\n     \"enableEncryptionAtHost\": false,\n     \"enableUltraSSD\": false,\n\
        \     \"osType\": \"Linux\",\n     \"osSKU\": \"Ubuntu\",\n     \"nodeImageVersion\"\
        : \"AKSUbuntu-1804gen2containerd-2022.04.05\",\n     \"upgradeSettings\":\
        \ {},\n     \"enableFIPS\": false\n    }\n   }\n  ]\n }"
    headers:
      cache-control:
      - no-cache
      content-length:
      - '3027'
      content-type:
      - application/json
      date:
      - Mon, 25 Apr 2022 19:44:46 GMT
      expires:
      - '-1'
      pragma:
      - no-cache
      server:
      - nginx
      strict-transport-security:
      - max-age=31536000; includeSubDomains
      transfer-encoding:
      - chunked
      vary:
      - Accept-Encoding
      x-content-type-options:
      - nosniff
    status:
      code: 200
      message: OK
- request:
    body: null
    headers:
      Accept:
      - application/json
      Accept-Encoding:
      - gzip, deflate
      CommandName:
      - aks nodepool delete
      Connection:
      - keep-alive
      Content-Length:
      - '0'
      ParameterSetName:
      - --resource-group --cluster-name --name --ignore-pod-disruption-budget
      User-Agent:
      - AZURECLI/2.35.0 (DOCKER) azsdk-python-azure-mgmt-containerservice/18.0.0b
        Python/3.9.6 (Linux-5.10.76-linuxkit-x86_64-with)
    method: DELETE
    uri: https://management.azure.com/subscriptions/00000000-0000-0000-0000-000000000000/resourceGroups/clitest000001/providers/Microsoft.ContainerService/managedClusters/cliakstest000002/agentPools/c000004?api-version=2022-03-02-preview
  response:
    body:
      string: ''
    headers:
      azure-asyncoperation:
      - https://management.azure.com/subscriptions/00000000-0000-0000-0000-000000000000/providers/Microsoft.ContainerService/locations/eastus2/operations/d4b22619-3c5d-42de-8b9b-2b291571dd62?api-version=2017-08-31
      cache-control:
      - no-cache
      content-length:
      - '0'
      date:
      - Mon, 25 Apr 2022 19:44:47 GMT
      expires:
      - '-1'
      location:
      - https://management.azure.com/subscriptions/00000000-0000-0000-0000-000000000000/providers/Microsoft.ContainerService/locations/eastus2/operationresults/d4b22619-3c5d-42de-8b9b-2b291571dd62?api-version=2017-08-31
      pragma:
      - no-cache
      server:
      - nginx
      strict-transport-security:
      - max-age=31536000; includeSubDomains
      x-content-type-options:
      - nosniff
      x-ms-ratelimit-remaining-subscription-deletes:
      - '14999'
    status:
      code: 202
      message: Accepted
- request:
    body: null
    headers:
      Accept:
      - '*/*'
      Accept-Encoding:
      - gzip, deflate
      CommandName:
      - aks nodepool delete
      Connection:
      - keep-alive
      ParameterSetName:
      - --resource-group --cluster-name --name --ignore-pod-disruption-budget
      User-Agent:
      - AZURECLI/2.35.0 (DOCKER) azsdk-python-azure-mgmt-containerservice/18.0.0b
        Python/3.9.6 (Linux-5.10.76-linuxkit-x86_64-with)
    method: GET
    uri: https://management.azure.com/subscriptions/00000000-0000-0000-0000-000000000000/providers/Microsoft.ContainerService/locations/eastus2/operations/d4b22619-3c5d-42de-8b9b-2b291571dd62?api-version=2017-08-31
  response:
    body:
      string: "{\n  \"name\": \"1926b2d4-5d3c-de42-8b9b-2b291571dd62\",\n  \"status\"\
        : \"InProgress\",\n  \"startTime\": \"2022-04-25T19:44:48Z\"\n }"
    headers:
      cache-control:
      - no-cache
      content-length:
      - '118'
      content-type:
      - application/json
      date:
      - Mon, 25 Apr 2022 19:45:17 GMT
      expires:
      - '-1'
      pragma:
      - no-cache
      server:
      - nginx
      strict-transport-security:
      - max-age=31536000; includeSubDomains
      transfer-encoding:
      - chunked
      vary:
      - Accept-Encoding
      x-content-type-options:
      - nosniff
    status:
      code: 200
      message: OK
- request:
    body: null
    headers:
      Accept:
      - '*/*'
      Accept-Encoding:
      - gzip, deflate
      CommandName:
      - aks nodepool delete
      Connection:
      - keep-alive
      ParameterSetName:
      - --resource-group --cluster-name --name --ignore-pod-disruption-budget
      User-Agent:
      - AZURECLI/2.35.0 (DOCKER) azsdk-python-azure-mgmt-containerservice/18.0.0b
        Python/3.9.6 (Linux-5.10.76-linuxkit-x86_64-with)
    method: GET
    uri: https://management.azure.com/subscriptions/00000000-0000-0000-0000-000000000000/providers/Microsoft.ContainerService/locations/eastus2/operations/d4b22619-3c5d-42de-8b9b-2b291571dd62?api-version=2017-08-31
  response:
    body:
      string: "{\n  \"name\": \"1926b2d4-5d3c-de42-8b9b-2b291571dd62\",\n  \"status\"\
        : \"Succeeded\",\n  \"startTime\": \"2022-04-25T19:44:48Z\",\n  \"endTime\"\
        : \"2022-04-25T19:45:42.8550239Z\"\n }"
    headers:
      cache-control:
      - no-cache
      content-length:
      - '162'
      content-type:
      - application/json
      date:
      - Mon, 25 Apr 2022 19:45:48 GMT
      expires:
      - '-1'
      pragma:
      - no-cache
      server:
      - nginx
      strict-transport-security:
      - max-age=31536000; includeSubDomains
      transfer-encoding:
      - chunked
      vary:
      - Accept-Encoding
      x-content-type-options:
      - nosniff
    status:
      code: 200
      message: OK
- request:
    body: null
    headers:
      Accept:
      - application/json
      Accept-Encoding:
      - gzip, deflate
      CommandName:
      - aks delete
      Connection:
      - keep-alive
      Content-Length:
      - '0'
      ParameterSetName:
      - -g -n --yes --no-wait
      User-Agent:
      - AZURECLI/2.35.0 (DOCKER) azsdk-python-azure-mgmt-containerservice/18.0.0b
        Python/3.9.6 (Linux-5.10.76-linuxkit-x86_64-with)
    method: DELETE
    uri: https://management.azure.com/subscriptions/00000000-0000-0000-0000-000000000000/resourceGroups/clitest000001/providers/Microsoft.ContainerService/managedClusters/cliakstest000002?api-version=2022-03-02-preview
  response:
    body:
      string: ''
    headers:
      azure-asyncoperation:
      - https://management.azure.com/subscriptions/00000000-0000-0000-0000-000000000000/providers/Microsoft.ContainerService/locations/eastus2/operations/74f0d338-7a18-449b-9ca5-1542d692d750?api-version=2017-08-31
      cache-control:
      - no-cache
      content-length:
      - '0'
      date:
      - Mon, 25 Apr 2022 19:45:50 GMT
      expires:
      - '-1'
      location:
      - https://management.azure.com/subscriptions/00000000-0000-0000-0000-000000000000/providers/Microsoft.ContainerService/locations/eastus2/operationresults/74f0d338-7a18-449b-9ca5-1542d692d750?api-version=2017-08-31
      pragma:
      - no-cache
      server:
      - nginx
      strict-transport-security:
      - max-age=31536000; includeSubDomains
      x-content-type-options:
      - nosniff
      x-ms-ratelimit-remaining-subscription-deletes:
      - '14999'
    status:
      code: 202
      message: Accepted
version: 1
