interactions:
- request:
    body: null
    headers:
      Accept:
      - application/json
      Accept-Encoding:
      - gzip, deflate
      CommandName:
      - aks create
      Connection:
      - keep-alive
      ParameterSetName:
      - --resource-group --name -c --no-ssh-key -o
      User-Agent:
      - AZURECLI/2.49.0 azsdk-python-azure-mgmt-containerservice/23.0.0b Python/3.8.10
        (Linux-5.15.0-1039-azure-x86_64-with-glibc2.29)
    method: GET
    uri: https://management.azure.com/subscriptions/00000000-0000-0000-0000-000000000000/resourceGroups/clitest000001/providers/Microsoft.ContainerService/managedClusters/cliakstest000002?api-version=2023-10-02-preview
  response:
    body:
      string: '{"error":{"code":"ResourceNotFound","message":"The Resource ''Microsoft.ContainerService/managedClusters/cliakstest000002''
        under resource group ''clitest000001'' was not found. For more details please
        go to https://aka.ms/ARMResourceNotFoundFix"}}'
    headers:
      cache-control:
      - no-cache
      content-length:
      - '244'
      content-type:
      - application/json; charset=utf-8
      date:
      - Wed, 21 Jun 2023 10:32:58 GMT
      expires:
      - '-1'
      pragma:
      - no-cache
      strict-transport-security:
      - max-age=31536000; includeSubDomains
      x-content-type-options:
      - nosniff
      x-ms-failure-cause:
      - gateway
    status:
      code: 404
      message: Not Found
- request:
    body: null
    headers:
      Accept:
      - application/json
      Accept-Encoding:
      - gzip, deflate
      CommandName:
      - aks create
      Connection:
      - keep-alive
      ParameterSetName:
      - --resource-group --name -c --no-ssh-key -o
      User-Agent:
      - AZURECLI/2.49.0 azsdk-python-azure-mgmt-resource/23.0.1 Python/3.8.10 (Linux-5.15.0-1039-azure-x86_64-with-glibc2.29)
    method: GET
    uri: https://management.azure.com/subscriptions/00000000-0000-0000-0000-000000000000/resourcegroups/clitest000001?api-version=2022-09-01
  response:
    body:
      string: '{"id":"/subscriptions/00000000-0000-0000-0000-000000000000/resourceGroups/clitest000001","name":"clitest000001","type":"Microsoft.Resources/resourceGroups","location":"westus2","tags":{"product":"azurecli","cause":"automation","test":"test_aks_create_with_no_ssh_key_and_update_ssh_public_key","date":"2023-06-21T10:32:57Z","module":"aks-preview"},"properties":{"provisioningState":"Succeeded"}}'
    headers:
      cache-control:
      - no-cache
      content-length:
      - '395'
      content-type:
      - application/json; charset=utf-8
      date:
      - Wed, 21 Jun 2023 10:32:58 GMT
      expires:
      - '-1'
      pragma:
      - no-cache
      strict-transport-security:
      - max-age=31536000; includeSubDomains
      vary:
      - Accept-Encoding
      x-content-type-options:
      - nosniff
    status:
      code: 200
      message: OK
- request:
    body: '{"location": "westus2", "identity": {"type": "SystemAssigned"}, "properties":
      {"kubernetesVersion": "", "dnsPrefix": "cliakstest-clitestvml4d6k7r-79a739",
      "agentPoolProfiles": [{"count": 1, "vmSize": "Standard_DS2_v2", "osDiskSizeGB":
      0, "workloadRuntime": "OCIContainer", "osType": "Linux", "enableAutoScaling":
      false, "type": "VirtualMachineScaleSets", "mode": "System", "orchestratorVersion":
      "", "upgradeSettings": {}, "enableNodePublicIP": false, "enableCustomCATrust":
      false, "scaleSetPriority": "Regular", "scaleSetEvictionPolicy": "Delete", "spotMaxPrice":
      -1.0, "nodeTaints": [], "enableEncryptionAtHost": false, "enableUltraSSD": false,
      "enableFIPS": false, "networkProfile": {}, "name": "nodepool1"}], "addonProfiles":
      {}, "enableRBAC": true, "enablePodSecurityPolicy": false, "networkProfile":
      {"networkPlugin": "kubenet", "podCidr": "10.244.0.0/16", "serviceCidr": "10.0.0.0/16",
      "dnsServiceIP": "10.0.0.10", "outboundType": "loadBalancer", "loadBalancerSku":
      "standard"}, "disableLocalAccounts": false, "storageProfile": {}}}'
    headers:
      Accept:
      - application/json
      Accept-Encoding:
      - gzip, deflate
      CommandName:
      - aks create
      Connection:
      - keep-alive
      Content-Length:
      - '1039'
      Content-Type:
      - application/json
      ParameterSetName:
      - --resource-group --name -c --no-ssh-key -o
      User-Agent:
      - AZURECLI/2.49.0 azsdk-python-azure-mgmt-containerservice/23.0.0b Python/3.8.10
        (Linux-5.15.0-1039-azure-x86_64-with-glibc2.29)
    method: PUT
    uri: https://management.azure.com/subscriptions/00000000-0000-0000-0000-000000000000/resourceGroups/clitest000001/providers/Microsoft.ContainerService/managedClusters/cliakstest000002?api-version=2023-10-02-preview
  response:
    body:
      string: "{\n  \"id\": \"/subscriptions/00000000-0000-0000-0000-000000000000/resourcegroups/clitest000001/providers/Microsoft.ContainerService/managedClusters/cliakstest000002\",\n
        \ \"location\": \"westus2\",\n  \"name\": \"cliakstest000002\",\n  \"type\":
        \"Microsoft.ContainerService/ManagedClusters\",\n  \"properties\": {\n   \"provisioningState\":
        \"Creating\",\n   \"powerState\": {\n    \"code\": \"Running\"\n   },\n   \"kubernetesVersion\":
        \"1.25.6\",\n   \"currentKubernetesVersion\": \"1.25.6\",\n   \"dnsPrefix\":
        \"cliakstest-clitestvml4d6k7r-79a739\",\n   \"fqdn\": \"cliakstest-clitestvml4d6k7r-79a739-zwopz0ie.hcp.westus2.azmk8s.io\",\n
        \  \"azurePortalFQDN\": \"cliakstest-clitestvml4d6k7r-79a739-zwopz0ie.portal.hcp.westus2.azmk8s.io\",\n
        \  \"agentPoolProfiles\": [\n    {\n     \"name\": \"nodepool1\",\n     \"count\":
        1,\n     \"vmSize\": \"Standard_DS2_v2\",\n     \"osDiskSizeGB\": 128,\n     \"osDiskType\":
        \"Managed\",\n     \"kubeletDiskType\": \"OS\",\n     \"workloadRuntime\":
        \"OCIContainer\",\n     \"maxPods\": 110,\n     \"type\": \"VirtualMachineScaleSets\",\n
        \    \"enableAutoScaling\": false,\n     \"provisioningState\": \"Creating\",\n
        \    \"powerState\": {\n      \"code\": \"Running\"\n     },\n     \"orchestratorVersion\":
        \"1.25.6\",\n     \"currentOrchestratorVersion\": \"1.25.6\",\n     \"enableNodePublicIP\":
        false,\n     \"enableCustomCATrust\": false,\n     \"mode\": \"System\",\n
        \    \"enableEncryptionAtHost\": false,\n     \"enableUltraSSD\": false,\n
        \    \"osType\": \"Linux\",\n     \"osSKU\": \"Ubuntu\",\n     \"nodeImageVersion\":
        \"AKSUbuntu-2204gen2containerd-202306.01.0\",\n     \"upgradeSettings\": {},\n
        \    \"enableFIPS\": false,\n     \"networkProfile\": {}\n    }\n   ],\n   \"servicePrincipalProfile\":
        {\n    \"clientId\":\"00000000-0000-0000-0000-000000000001\"\n   },\n   \"nodeResourceGroup\":
        \"MC_clitest000001_cliakstest000002_westus2\",\n   \"enableRBAC\": true,\n
        \  \"enablePodSecurityPolicy\": false,\n   \"supportPlan\": \"KubernetesOfficial\",\n
        \  \"networkProfile\": {\n    \"networkPlugin\": \"kubenet\",\n    \"loadBalancerSku\":
        \"standard\",\n    \"loadBalancerProfile\": {\n     \"managedOutboundIPs\":
        {\n      \"count\": 1\n     },\n     \"backendPoolType\": \"nodeIPConfiguration\"\n
        \   },\n    \"podCidr\": \"10.244.0.0/16\",\n    \"serviceCidr\": \"10.0.0.0/16\",\n
        \   \"dnsServiceIP\": \"10.0.0.10\",\n    \"outboundType\": \"loadBalancer\",\n
        \   \"podCidrs\": [\n     \"10.244.0.0/16\"\n    ],\n    \"serviceCidrs\":
        [\n     \"10.0.0.0/16\"\n    ],\n    \"ipFamilies\": [\n     \"IPv4\"\n    ]\n
        \  },\n   \"maxAgentPools\": 100,\n   \"disableLocalAccounts\": false,\n   \"securityProfile\":
        {},\n   \"storageProfile\": {\n    \"diskCSIDriver\": {\n     \"enabled\":
        true,\n     \"version\": \"v1\"\n    },\n    \"fileCSIDriver\": {\n     \"enabled\":
        true\n    },\n    \"snapshotController\": {\n     \"enabled\": true\n    }\n
        \  },\n   \"oidcIssuerProfile\": {\n    \"enabled\": false\n   },\n   \"workloadAutoScalerProfile\":
        {}\n  },\n  \"identity\": {\n   \"type\": \"SystemAssigned\",\n   \"principalId\":\"00000000-0000-0000-0000-000000000001\",\n
        \  \"tenantId\": \"72f988bf-86f1-41af-91ab-2d7cd011db47\"\n  },\n  \"sku\":
        {\n   \"name\": \"Base\",\n   \"tier\": \"Free\"\n  }\n }"
    headers:
      azure-asyncoperation:
      - https://management.azure.com/subscriptions/00000000-0000-0000-0000-000000000000/providers/Microsoft.ContainerService/locations/westus2/operations/b3431544-3f3d-4e7d-bef1-23a5ad904453?api-version=2016-03-30
      cache-control:
      - no-cache
      content-length:
      - '2916'
      content-type:
      - application/json
      date:
      - Wed, 21 Jun 2023 10:33:05 GMT
      expires:
      - '-1'
      pragma:
      - no-cache
      server:
      - nginx
      strict-transport-security:
      - max-age=31536000; includeSubDomains
      x-content-type-options:
      - nosniff
      x-ms-ratelimit-remaining-subscription-writes:
      - '1198'
    status:
      code: 201
      message: Created
- request:
    body: null
    headers:
      Accept:
      - '*/*'
      Accept-Encoding:
      - gzip, deflate
      CommandName:
      - aks create
      Connection:
      - keep-alive
      ParameterSetName:
      - --resource-group --name -c --no-ssh-key -o
      User-Agent:
      - AZURECLI/2.49.0 azsdk-python-azure-mgmt-containerservice/23.0.0b Python/3.8.10
        (Linux-5.15.0-1039-azure-x86_64-with-glibc2.29)
    method: GET
    uri: https://management.azure.com/subscriptions/00000000-0000-0000-0000-000000000000/providers/Microsoft.ContainerService/locations/westus2/operations/b3431544-3f3d-4e7d-bef1-23a5ad904453?api-version=2016-03-30
  response:
    body:
      string: "{\n  \"name\": \"441543b3-3d3f-7d4e-bef1-23a5ad904453\",\n  \"status\":
        \"InProgress\",\n  \"startTime\": \"2023-06-21T10:33:05.4026691Z\"\n }"
    headers:
      cache-control:
      - no-cache
      content-length:
      - '126'
      content-type:
      - application/json
      date:
      - Wed, 21 Jun 2023 10:33:05 GMT
      expires:
      - '-1'
      pragma:
      - no-cache
      server:
      - nginx
      strict-transport-security:
      - max-age=31536000; includeSubDomains
      transfer-encoding:
      - chunked
      vary:
      - Accept-Encoding
      x-content-type-options:
      - nosniff
    status:
      code: 200
      message: OK
- request:
    body: null
    headers:
      Accept:
      - '*/*'
      Accept-Encoding:
      - gzip, deflate
      CommandName:
      - aks create
      Connection:
      - keep-alive
      ParameterSetName:
      - --resource-group --name -c --no-ssh-key -o
      User-Agent:
      - AZURECLI/2.49.0 azsdk-python-azure-mgmt-containerservice/23.0.0b Python/3.8.10
        (Linux-5.15.0-1039-azure-x86_64-with-glibc2.29)
    method: GET
    uri: https://management.azure.com/subscriptions/00000000-0000-0000-0000-000000000000/providers/Microsoft.ContainerService/locations/westus2/operations/b3431544-3f3d-4e7d-bef1-23a5ad904453?api-version=2016-03-30
  response:
    body:
      string: "{\n  \"name\": \"441543b3-3d3f-7d4e-bef1-23a5ad904453\",\n  \"status\":
        \"InProgress\",\n  \"startTime\": \"2023-06-21T10:33:05.4026691Z\"\n }"
    headers:
      cache-control:
      - no-cache
      content-length:
      - '126'
      content-type:
      - application/json
      date:
      - Wed, 21 Jun 2023 10:33:35 GMT
      expires:
      - '-1'
      pragma:
      - no-cache
      server:
      - nginx
      strict-transport-security:
      - max-age=31536000; includeSubDomains
      transfer-encoding:
      - chunked
      vary:
      - Accept-Encoding
      x-content-type-options:
      - nosniff
    status:
      code: 200
      message: OK
- request:
    body: null
    headers:
      Accept:
      - '*/*'
      Accept-Encoding:
      - gzip, deflate
      CommandName:
      - aks create
      Connection:
      - keep-alive
      ParameterSetName:
      - --resource-group --name -c --no-ssh-key -o
      User-Agent:
      - AZURECLI/2.49.0 azsdk-python-azure-mgmt-containerservice/23.0.0b Python/3.8.10
        (Linux-5.15.0-1039-azure-x86_64-with-glibc2.29)
    method: GET
    uri: https://management.azure.com/subscriptions/00000000-0000-0000-0000-000000000000/providers/Microsoft.ContainerService/locations/westus2/operations/b3431544-3f3d-4e7d-bef1-23a5ad904453?api-version=2016-03-30
  response:
    body:
      string: "{\n  \"name\": \"441543b3-3d3f-7d4e-bef1-23a5ad904453\",\n  \"status\":
        \"InProgress\",\n  \"startTime\": \"2023-06-21T10:33:05.4026691Z\"\n }"
    headers:
      cache-control:
      - no-cache
      content-length:
      - '126'
      content-type:
      - application/json
      date:
      - Wed, 21 Jun 2023 10:34:06 GMT
      expires:
      - '-1'
      pragma:
      - no-cache
      server:
      - nginx
      strict-transport-security:
      - max-age=31536000; includeSubDomains
      transfer-encoding:
      - chunked
      vary:
      - Accept-Encoding
      x-content-type-options:
      - nosniff
    status:
      code: 200
      message: OK
- request:
    body: null
    headers:
      Accept:
      - '*/*'
      Accept-Encoding:
      - gzip, deflate
      CommandName:
      - aks create
      Connection:
      - keep-alive
      ParameterSetName:
      - --resource-group --name -c --no-ssh-key -o
      User-Agent:
      - AZURECLI/2.49.0 azsdk-python-azure-mgmt-containerservice/23.0.0b Python/3.8.10
        (Linux-5.15.0-1039-azure-x86_64-with-glibc2.29)
    method: GET
    uri: https://management.azure.com/subscriptions/00000000-0000-0000-0000-000000000000/providers/Microsoft.ContainerService/locations/westus2/operations/b3431544-3f3d-4e7d-bef1-23a5ad904453?api-version=2016-03-30
  response:
    body:
      string: "{\n  \"name\": \"441543b3-3d3f-7d4e-bef1-23a5ad904453\",\n  \"status\":
        \"InProgress\",\n  \"startTime\": \"2023-06-21T10:33:05.4026691Z\"\n }"
    headers:
      cache-control:
      - no-cache
      content-length:
      - '126'
      content-type:
      - application/json
      date:
      - Wed, 21 Jun 2023 10:34:36 GMT
      expires:
      - '-1'
      pragma:
      - no-cache
      server:
      - nginx
      strict-transport-security:
      - max-age=31536000; includeSubDomains
      transfer-encoding:
      - chunked
      vary:
      - Accept-Encoding
      x-content-type-options:
      - nosniff
    status:
      code: 200
      message: OK
- request:
    body: null
    headers:
      Accept:
      - '*/*'
      Accept-Encoding:
      - gzip, deflate
      CommandName:
      - aks create
      Connection:
      - keep-alive
      ParameterSetName:
      - --resource-group --name -c --no-ssh-key -o
      User-Agent:
      - AZURECLI/2.49.0 azsdk-python-azure-mgmt-containerservice/23.0.0b Python/3.8.10
        (Linux-5.15.0-1039-azure-x86_64-with-glibc2.29)
    method: GET
    uri: https://management.azure.com/subscriptions/00000000-0000-0000-0000-000000000000/providers/Microsoft.ContainerService/locations/westus2/operations/b3431544-3f3d-4e7d-bef1-23a5ad904453?api-version=2016-03-30
  response:
    body:
      string: "{\n  \"name\": \"441543b3-3d3f-7d4e-bef1-23a5ad904453\",\n  \"status\":
        \"InProgress\",\n  \"startTime\": \"2023-06-21T10:33:05.4026691Z\"\n }"
    headers:
      cache-control:
      - no-cache
      content-length:
      - '126'
      content-type:
      - application/json
      date:
      - Wed, 21 Jun 2023 10:35:06 GMT
      expires:
      - '-1'
      pragma:
      - no-cache
      server:
      - nginx
      strict-transport-security:
      - max-age=31536000; includeSubDomains
      transfer-encoding:
      - chunked
      vary:
      - Accept-Encoding
      x-content-type-options:
      - nosniff
    status:
      code: 200
      message: OK
- request:
    body: null
    headers:
      Accept:
      - '*/*'
      Accept-Encoding:
      - gzip, deflate
      CommandName:
      - aks create
      Connection:
      - keep-alive
      ParameterSetName:
      - --resource-group --name -c --no-ssh-key -o
      User-Agent:
      - AZURECLI/2.49.0 azsdk-python-azure-mgmt-containerservice/23.0.0b Python/3.8.10
        (Linux-5.15.0-1039-azure-x86_64-with-glibc2.29)
    method: GET
    uri: https://management.azure.com/subscriptions/00000000-0000-0000-0000-000000000000/providers/Microsoft.ContainerService/locations/westus2/operations/b3431544-3f3d-4e7d-bef1-23a5ad904453?api-version=2016-03-30
  response:
    body:
      string: "{\n  \"name\": \"441543b3-3d3f-7d4e-bef1-23a5ad904453\",\n  \"status\":
        \"InProgress\",\n  \"startTime\": \"2023-06-21T10:33:05.4026691Z\"\n }"
    headers:
      cache-control:
      - no-cache
      content-length:
      - '126'
      content-type:
      - application/json
      date:
      - Wed, 21 Jun 2023 10:35:36 GMT
      expires:
      - '-1'
      pragma:
      - no-cache
      server:
      - nginx
      strict-transport-security:
      - max-age=31536000; includeSubDomains
      transfer-encoding:
      - chunked
      vary:
      - Accept-Encoding
      x-content-type-options:
      - nosniff
    status:
      code: 200
      message: OK
- request:
    body: null
    headers:
      Accept:
      - '*/*'
      Accept-Encoding:
      - gzip, deflate
      CommandName:
      - aks create
      Connection:
      - keep-alive
      ParameterSetName:
      - --resource-group --name -c --no-ssh-key -o
      User-Agent:
      - AZURECLI/2.49.0 azsdk-python-azure-mgmt-containerservice/23.0.0b Python/3.8.10
        (Linux-5.15.0-1039-azure-x86_64-with-glibc2.29)
    method: GET
    uri: https://management.azure.com/subscriptions/00000000-0000-0000-0000-000000000000/providers/Microsoft.ContainerService/locations/westus2/operations/b3431544-3f3d-4e7d-bef1-23a5ad904453?api-version=2016-03-30
  response:
    body:
      string: "{\n  \"name\": \"441543b3-3d3f-7d4e-bef1-23a5ad904453\",\n  \"status\":
        \"InProgress\",\n  \"startTime\": \"2023-06-21T10:33:05.4026691Z\"\n }"
    headers:
      cache-control:
      - no-cache
      content-length:
      - '126'
      content-type:
      - application/json
      date:
      - Wed, 21 Jun 2023 10:36:06 GMT
      expires:
      - '-1'
      pragma:
      - no-cache
      server:
      - nginx
      strict-transport-security:
      - max-age=31536000; includeSubDomains
      transfer-encoding:
      - chunked
      vary:
      - Accept-Encoding
      x-content-type-options:
      - nosniff
    status:
      code: 200
      message: OK
- request:
    body: null
    headers:
      Accept:
      - '*/*'
      Accept-Encoding:
      - gzip, deflate
      CommandName:
      - aks create
      Connection:
      - keep-alive
      ParameterSetName:
      - --resource-group --name -c --no-ssh-key -o
      User-Agent:
      - AZURECLI/2.49.0 azsdk-python-azure-mgmt-containerservice/23.0.0b Python/3.8.10
        (Linux-5.15.0-1039-azure-x86_64-with-glibc2.29)
    method: GET
    uri: https://management.azure.com/subscriptions/00000000-0000-0000-0000-000000000000/providers/Microsoft.ContainerService/locations/westus2/operations/b3431544-3f3d-4e7d-bef1-23a5ad904453?api-version=2016-03-30
  response:
    body:
      string: "{\n  \"name\": \"441543b3-3d3f-7d4e-bef1-23a5ad904453\",\n  \"status\":
        \"InProgress\",\n  \"startTime\": \"2023-06-21T10:33:05.4026691Z\"\n }"
    headers:
      cache-control:
      - no-cache
      content-length:
      - '126'
      content-type:
      - application/json
      date:
      - Wed, 21 Jun 2023 10:36:36 GMT
      expires:
      - '-1'
      pragma:
      - no-cache
      server:
      - nginx
      strict-transport-security:
      - max-age=31536000; includeSubDomains
      transfer-encoding:
      - chunked
      vary:
      - Accept-Encoding
      x-content-type-options:
      - nosniff
    status:
      code: 200
      message: OK
- request:
    body: null
    headers:
      Accept:
      - '*/*'
      Accept-Encoding:
      - gzip, deflate
      CommandName:
      - aks create
      Connection:
      - keep-alive
      ParameterSetName:
      - --resource-group --name -c --no-ssh-key -o
      User-Agent:
      - AZURECLI/2.49.0 azsdk-python-azure-mgmt-containerservice/23.0.0b Python/3.8.10
        (Linux-5.15.0-1039-azure-x86_64-with-glibc2.29)
    method: GET
    uri: https://management.azure.com/subscriptions/00000000-0000-0000-0000-000000000000/providers/Microsoft.ContainerService/locations/westus2/operations/b3431544-3f3d-4e7d-bef1-23a5ad904453?api-version=2016-03-30
  response:
    body:
      string: "{\n  \"name\": \"441543b3-3d3f-7d4e-bef1-23a5ad904453\",\n  \"status\":
        \"InProgress\",\n  \"startTime\": \"2023-06-21T10:33:05.4026691Z\"\n }"
    headers:
      cache-control:
      - no-cache
      content-length:
      - '126'
      content-type:
      - application/json
      date:
      - Wed, 21 Jun 2023 10:37:07 GMT
      expires:
      - '-1'
      pragma:
      - no-cache
      server:
      - nginx
      strict-transport-security:
      - max-age=31536000; includeSubDomains
      transfer-encoding:
      - chunked
      vary:
      - Accept-Encoding
      x-content-type-options:
      - nosniff
    status:
      code: 200
      message: OK
- request:
    body: null
    headers:
      Accept:
      - '*/*'
      Accept-Encoding:
      - gzip, deflate
      CommandName:
      - aks create
      Connection:
      - keep-alive
      ParameterSetName:
      - --resource-group --name -c --no-ssh-key -o
      User-Agent:
      - AZURECLI/2.49.0 azsdk-python-azure-mgmt-containerservice/23.0.0b Python/3.8.10
        (Linux-5.15.0-1039-azure-x86_64-with-glibc2.29)
    method: GET
    uri: https://management.azure.com/subscriptions/00000000-0000-0000-0000-000000000000/providers/Microsoft.ContainerService/locations/westus2/operations/b3431544-3f3d-4e7d-bef1-23a5ad904453?api-version=2016-03-30
  response:
    body:
      string: "{\n  \"name\": \"441543b3-3d3f-7d4e-bef1-23a5ad904453\",\n  \"status\":
        \"InProgress\",\n  \"startTime\": \"2023-06-21T10:33:05.4026691Z\"\n }"
    headers:
      cache-control:
      - no-cache
      content-length:
      - '126'
      content-type:
      - application/json
      date:
      - Wed, 21 Jun 2023 10:37:37 GMT
      expires:
      - '-1'
      pragma:
      - no-cache
      server:
      - nginx
      strict-transport-security:
      - max-age=31536000; includeSubDomains
      transfer-encoding:
      - chunked
      vary:
      - Accept-Encoding
      x-content-type-options:
      - nosniff
    status:
      code: 200
      message: OK
- request:
    body: null
    headers:
      Accept:
      - '*/*'
      Accept-Encoding:
      - gzip, deflate
      CommandName:
      - aks create
      Connection:
      - keep-alive
      ParameterSetName:
      - --resource-group --name -c --no-ssh-key -o
      User-Agent:
      - AZURECLI/2.49.0 azsdk-python-azure-mgmt-containerservice/23.0.0b Python/3.8.10
        (Linux-5.15.0-1039-azure-x86_64-with-glibc2.29)
    method: GET
    uri: https://management.azure.com/subscriptions/00000000-0000-0000-0000-000000000000/providers/Microsoft.ContainerService/locations/westus2/operations/b3431544-3f3d-4e7d-bef1-23a5ad904453?api-version=2016-03-30
  response:
    body:
      string: "{\n  \"name\": \"441543b3-3d3f-7d4e-bef1-23a5ad904453\",\n  \"status\":
        \"Succeeded\",\n  \"startTime\": \"2023-06-21T10:33:05.4026691Z\",\n  \"endTime\":
        \"2023-06-21T10:38:04.3066221Z\"\n }"
    headers:
      cache-control:
      - no-cache
      content-length:
      - '170'
      content-type:
      - application/json
      date:
      - Wed, 21 Jun 2023 10:38:07 GMT
      expires:
      - '-1'
      pragma:
      - no-cache
      server:
      - nginx
      strict-transport-security:
      - max-age=31536000; includeSubDomains
      transfer-encoding:
      - chunked
      vary:
      - Accept-Encoding
      x-content-type-options:
      - nosniff
    status:
      code: 200
      message: OK
- request:
    body: null
    headers:
      Accept:
      - '*/*'
      Accept-Encoding:
      - gzip, deflate
      CommandName:
      - aks create
      Connection:
      - keep-alive
      ParameterSetName:
      - --resource-group --name -c --no-ssh-key -o
      User-Agent:
      - AZURECLI/2.49.0 azsdk-python-azure-mgmt-containerservice/23.0.0b Python/3.8.10
        (Linux-5.15.0-1039-azure-x86_64-with-glibc2.29)
    method: GET
    uri: https://management.azure.com/subscriptions/00000000-0000-0000-0000-000000000000/resourceGroups/clitest000001/providers/Microsoft.ContainerService/managedClusters/cliakstest000002?api-version=2023-10-02-preview
  response:
    body:
      string: "{\n  \"id\": \"/subscriptions/00000000-0000-0000-0000-000000000000/resourcegroups/clitest000001/providers/Microsoft.ContainerService/managedClusters/cliakstest000002\",\n
        \ \"location\": \"westus2\",\n  \"name\": \"cliakstest000002\",\n  \"type\":
        \"Microsoft.ContainerService/ManagedClusters\",\n  \"properties\": {\n   \"provisioningState\":
        \"Succeeded\",\n   \"powerState\": {\n    \"code\": \"Running\"\n   },\n   \"kubernetesVersion\":
        \"1.25.6\",\n   \"currentKubernetesVersion\": \"1.25.6\",\n   \"dnsPrefix\":
        \"cliakstest-clitestvml4d6k7r-79a739\",\n   \"fqdn\": \"cliakstest-clitestvml4d6k7r-79a739-zwopz0ie.hcp.westus2.azmk8s.io\",\n
        \  \"azurePortalFQDN\": \"cliakstest-clitestvml4d6k7r-79a739-zwopz0ie.portal.hcp.westus2.azmk8s.io\",\n
        \  \"agentPoolProfiles\": [\n    {\n     \"name\": \"nodepool1\",\n     \"count\":
        1,\n     \"vmSize\": \"Standard_DS2_v2\",\n     \"osDiskSizeGB\": 128,\n     \"osDiskType\":
        \"Managed\",\n     \"kubeletDiskType\": \"OS\",\n     \"workloadRuntime\":
        \"OCIContainer\",\n     \"maxPods\": 110,\n     \"type\": \"VirtualMachineScaleSets\",\n
        \    \"enableAutoScaling\": false,\n     \"provisioningState\": \"Succeeded\",\n
        \    \"powerState\": {\n      \"code\": \"Running\"\n     },\n     \"orchestratorVersion\":
        \"1.25.6\",\n     \"currentOrchestratorVersion\": \"1.25.6\",\n     \"enableNodePublicIP\":
        false,\n     \"enableCustomCATrust\": false,\n     \"mode\": \"System\",\n
        \    \"enableEncryptionAtHost\": false,\n     \"enableUltraSSD\": false,\n
        \    \"osType\": \"Linux\",\n     \"osSKU\": \"Ubuntu\",\n     \"nodeImageVersion\":
        \"AKSUbuntu-2204gen2containerd-202306.01.0\",\n     \"upgradeSettings\": {},\n
        \    \"enableFIPS\": false,\n     \"networkProfile\": {}\n    }\n   ],\n   \"servicePrincipalProfile\":
        {\n    \"clientId\":\"00000000-0000-0000-0000-000000000001\"\n   },\n   \"nodeResourceGroup\":
        \"MC_clitest000001_cliakstest000002_westus2\",\n   \"enableRBAC\": true,\n
        \  \"enablePodSecurityPolicy\": false,\n   \"supportPlan\": \"KubernetesOfficial\",\n
        \  \"networkProfile\": {\n    \"networkPlugin\": \"kubenet\",\n    \"loadBalancerSku\":
        \"Standard\",\n    \"loadBalancerProfile\": {\n     \"managedOutboundIPs\":
        {\n      \"count\": 1\n     },\n     \"effectiveOutboundIPs\": [\n      {\n
        \      \"id\": \"/subscriptions/00000000-0000-0000-0000-000000000000/resourceGroups/MC_clitest000001_cliakstest000002_westus2/providers/Microsoft.Network/publicIPAddresses/bdbecee7-70ec-4dce-8e5b-d60b4e936dbc\"\n
        \     }\n     ],\n     \"backendPoolType\": \"nodeIPConfiguration\"\n    },\n
        \   \"podCidr\": \"10.244.0.0/16\",\n    \"serviceCidr\": \"10.0.0.0/16\",\n
        \   \"dnsServiceIP\": \"10.0.0.10\",\n    \"outboundType\": \"loadBalancer\",\n
        \   \"podCidrs\": [\n     \"10.244.0.0/16\"\n    ],\n    \"serviceCidrs\":
        [\n     \"10.0.0.0/16\"\n    ],\n    \"ipFamilies\": [\n     \"IPv4\"\n    ]\n
        \  },\n   \"maxAgentPools\": 100,\n   \"identityProfile\": {\n    \"kubeletidentity\":
        {\n     \"resourceId\": \"/subscriptions/00000000-0000-0000-0000-000000000000/resourcegroups/MC_clitest000001_cliakstest000002_westus2/providers/Microsoft.ManagedIdentity/userAssignedIdentities/cliakstest000002-agentpool\",\n
        \    \"clientId\":\"00000000-0000-0000-0000-000000000001\",\n     \"objectId\":\"00000000-0000-0000-0000-000000000001\"\n
        \   }\n   },\n   \"disableLocalAccounts\": false,\n   \"securityProfile\":
        {},\n   \"storageProfile\": {\n    \"diskCSIDriver\": {\n     \"enabled\":
        true,\n     \"version\": \"v1\"\n    },\n    \"fileCSIDriver\": {\n     \"enabled\":
        true\n    },\n    \"snapshotController\": {\n     \"enabled\": true\n    }\n
        \  },\n   \"oidcIssuerProfile\": {\n    \"enabled\": false\n   },\n   \"workloadAutoScalerProfile\":
        {}\n  },\n  \"identity\": {\n   \"type\": \"SystemAssigned\",\n   \"principalId\":\"00000000-0000-0000-0000-000000000001\",\n
        \  \"tenantId\": \"72f988bf-86f1-41af-91ab-2d7cd011db47\"\n  },\n  \"sku\":
        {\n   \"name\": \"Base\",\n   \"tier\": \"Free\"\n  }\n }"
    headers:
      cache-control:
      - no-cache
      content-length:
      - '3569'
      content-type:
      - application/json
      date:
      - Wed, 21 Jun 2023 10:38:07 GMT
      expires:
      - '-1'
      pragma:
      - no-cache
      server:
      - nginx
      strict-transport-security:
      - max-age=31536000; includeSubDomains
      transfer-encoding:
      - chunked
      vary:
      - Accept-Encoding
      x-content-type-options:
      - nosniff
    status:
      code: 200
      message: OK
- request:
    body: null
    headers:
      Accept:
      - application/json
      Accept-Encoding:
      - gzip, deflate
      CommandName:
      - aks update
      Connection:
      - keep-alive
      ParameterSetName:
      - --resource-group --name --ssh-key-value -o
      User-Agent:
      - AZURECLI/2.49.0 azsdk-python-azure-mgmt-containerservice/23.0.0b Python/3.8.10
        (Linux-5.15.0-1039-azure-x86_64-with-glibc2.29)
    method: GET
    uri: https://management.azure.com/subscriptions/00000000-0000-0000-0000-000000000000/resourceGroups/clitest000001/providers/Microsoft.ContainerService/managedClusters/cliakstest000002?api-version=2023-10-02-preview
  response:
    body:
      string: "{\n  \"id\": \"/subscriptions/00000000-0000-0000-0000-000000000000/resourcegroups/clitest000001/providers/Microsoft.ContainerService/managedClusters/cliakstest000002\",\n
        \ \"location\": \"westus2\",\n  \"name\": \"cliakstest000002\",\n  \"type\":
        \"Microsoft.ContainerService/ManagedClusters\",\n  \"properties\": {\n   \"provisioningState\":
        \"Succeeded\",\n   \"powerState\": {\n    \"code\": \"Running\"\n   },\n   \"kubernetesVersion\":
        \"1.25.6\",\n   \"currentKubernetesVersion\": \"1.25.6\",\n   \"dnsPrefix\":
        \"cliakstest-clitestvml4d6k7r-79a739\",\n   \"fqdn\": \"cliakstest-clitestvml4d6k7r-79a739-zwopz0ie.hcp.westus2.azmk8s.io\",\n
        \  \"azurePortalFQDN\": \"cliakstest-clitestvml4d6k7r-79a739-zwopz0ie.portal.hcp.westus2.azmk8s.io\",\n
        \  \"agentPoolProfiles\": [\n    {\n     \"name\": \"nodepool1\",\n     \"count\":
        1,\n     \"vmSize\": \"Standard_DS2_v2\",\n     \"osDiskSizeGB\": 128,\n     \"osDiskType\":
        \"Managed\",\n     \"kubeletDiskType\": \"OS\",\n     \"workloadRuntime\":
        \"OCIContainer\",\n     \"maxPods\": 110,\n     \"type\": \"VirtualMachineScaleSets\",\n
        \    \"enableAutoScaling\": false,\n     \"provisioningState\": \"Succeeded\",\n
        \    \"powerState\": {\n      \"code\": \"Running\"\n     },\n     \"orchestratorVersion\":
        \"1.25.6\",\n     \"currentOrchestratorVersion\": \"1.25.6\",\n     \"enableNodePublicIP\":
        false,\n     \"enableCustomCATrust\": false,\n     \"mode\": \"System\",\n
        \    \"enableEncryptionAtHost\": false,\n     \"enableUltraSSD\": false,\n
        \    \"osType\": \"Linux\",\n     \"osSKU\": \"Ubuntu\",\n     \"nodeImageVersion\":
        \"AKSUbuntu-2204gen2containerd-202306.01.0\",\n     \"upgradeSettings\": {},\n
        \    \"enableFIPS\": false,\n     \"networkProfile\": {}\n    }\n   ],\n   \"servicePrincipalProfile\":
        {\n    \"clientId\":\"00000000-0000-0000-0000-000000000001\"\n   },\n   \"nodeResourceGroup\":
        \"MC_clitest000001_cliakstest000002_westus2\",\n   \"enableRBAC\": true,\n
        \  \"enablePodSecurityPolicy\": false,\n   \"supportPlan\": \"KubernetesOfficial\",\n
        \  \"networkProfile\": {\n    \"networkPlugin\": \"kubenet\",\n    \"loadBalancerSku\":
        \"Standard\",\n    \"loadBalancerProfile\": {\n     \"managedOutboundIPs\":
        {\n      \"count\": 1\n     },\n     \"effectiveOutboundIPs\": [\n      {\n
        \      \"id\": \"/subscriptions/00000000-0000-0000-0000-000000000000/resourceGroups/MC_clitest000001_cliakstest000002_westus2/providers/Microsoft.Network/publicIPAddresses/bdbecee7-70ec-4dce-8e5b-d60b4e936dbc\"\n
        \     }\n     ],\n     \"backendPoolType\": \"nodeIPConfiguration\"\n    },\n
        \   \"podCidr\": \"10.244.0.0/16\",\n    \"serviceCidr\": \"10.0.0.0/16\",\n
        \   \"dnsServiceIP\": \"10.0.0.10\",\n    \"outboundType\": \"loadBalancer\",\n
        \   \"podCidrs\": [\n     \"10.244.0.0/16\"\n    ],\n    \"serviceCidrs\":
        [\n     \"10.0.0.0/16\"\n    ],\n    \"ipFamilies\": [\n     \"IPv4\"\n    ]\n
        \  },\n   \"maxAgentPools\": 100,\n   \"identityProfile\": {\n    \"kubeletidentity\":
        {\n     \"resourceId\": \"/subscriptions/00000000-0000-0000-0000-000000000000/resourcegroups/MC_clitest000001_cliakstest000002_westus2/providers/Microsoft.ManagedIdentity/userAssignedIdentities/cliakstest000002-agentpool\",\n
        \    \"clientId\":\"00000000-0000-0000-0000-000000000001\",\n     \"objectId\":\"00000000-0000-0000-0000-000000000001\"\n
        \   }\n   },\n   \"disableLocalAccounts\": false,\n   \"securityProfile\":
        {},\n   \"storageProfile\": {\n    \"diskCSIDriver\": {\n     \"enabled\":
        true,\n     \"version\": \"v1\"\n    },\n    \"fileCSIDriver\": {\n     \"enabled\":
        true\n    },\n    \"snapshotController\": {\n     \"enabled\": true\n    }\n
        \  },\n   \"oidcIssuerProfile\": {\n    \"enabled\": false\n   },\n   \"workloadAutoScalerProfile\":
        {}\n  },\n  \"identity\": {\n   \"type\": \"SystemAssigned\",\n   \"principalId\":\"00000000-0000-0000-0000-000000000001\",\n
        \  \"tenantId\": \"72f988bf-86f1-41af-91ab-2d7cd011db47\"\n  },\n  \"sku\":
        {\n   \"name\": \"Base\",\n   \"tier\": \"Free\"\n  }\n }"
    headers:
      cache-control:
      - no-cache
      content-length:
      - '3569'
      content-type:
      - application/json
      date:
      - Wed, 21 Jun 2023 10:38:09 GMT
      expires:
      - '-1'
      pragma:
      - no-cache
      server:
      - nginx
      strict-transport-security:
      - max-age=31536000; includeSubDomains
      transfer-encoding:
      - chunked
      vary:
      - Accept-Encoding
      x-content-type-options:
      - nosniff
    status:
      code: 200
      message: OK
- request:
    body: '{"location": "westus2", "sku": {"name": "Base", "tier": "Free"}, "identity":
      {"type": "SystemAssigned"}, "properties": {"kubernetesVersion": "1.25.6", "dnsPrefix":
      "cliakstest-clitestvml4d6k7r-79a739", "agentPoolProfiles": [{"count": 1, "vmSize":
      "Standard_DS2_v2", "osDiskSizeGB": 128, "osDiskType": "Managed", "kubeletDiskType":
      "OS", "workloadRuntime": "OCIContainer", "maxPods": 110, "osType": "Linux",
      "osSKU": "Ubuntu", "enableAutoScaling": false, "type": "VirtualMachineScaleSets",
      "mode": "System", "orchestratorVersion": "1.25.6", "upgradeSettings": {}, "powerState":
      {"code": "Running"}, "enableNodePublicIP": false, "enableCustomCATrust": false,
      "enableEncryptionAtHost": false, "enableUltraSSD": false, "enableFIPS": false,
      "networkProfile": {}, "name": "nodepool1"}], "linuxProfile": {"adminUsername":
      "azureuser", "ssh": {"publicKeys": [{"keyData": "ssh-rsa AAAAB3NzaC1yc2EAAAADAQABAAABAQCYpZoWGqsIbCKOvcrtPi5PpgoaP24pKJ8yk80qBYbqIjyVngCfM8rbgQCZKx4D8emmN7UxjiSt+c4WtV1aUfbT7VA5r4neuhPVgkqgp7CmkKdf0beV/0i5K28J7RojDTktllY9EYRYK6A4olLplaHJiuqbsMYa8amv43ol6IxgM3eE2BiEYm0/uvNKDmZ8AN4w07fFKjz1+wfdkluxC73qhijMY6FCgw+xEvvS1kd2Se6L/M/qV+VVnxW+S/bBT4Yew2dR6KWnauJvxXzdM8WQHyJy52jQ1n5PHxVRMgjRLhWvbcNNgPseFpULxe3a4ATS8kKO2Z9pzpSOgEpW7LVz"}]}},
      "servicePrincipalProfile": {"clientId":"00000000-0000-0000-0000-000000000001"},
      "oidcIssuerProfile": {"enabled": false}, "nodeResourceGroup": "MC_clitest000001_cliakstest000002_westus2",
      "enableRBAC": true, "supportPlan": "KubernetesOfficial", "enablePodSecurityPolicy":
      false, "networkProfile": {"networkPlugin": "kubenet", "podCidr": "10.244.0.0/16",
      "serviceCidr": "10.0.0.0/16", "dnsServiceIP": "10.0.0.10", "outboundType": "loadBalancer",
      "loadBalancerSku": "Standard", "loadBalancerProfile": {"managedOutboundIPs":
      {"count": 1, "countIPv6": 0}, "effectiveOutboundIPs": [{"id": "/subscriptions/00000000-0000-0000-0000-000000000000/resourceGroups/MC_clitest000001_cliakstest000002_westus2/providers/Microsoft.Network/publicIPAddresses/bdbecee7-70ec-4dce-8e5b-d60b4e936dbc"}],
      "backendPoolType": "nodeIPConfiguration"}, "podCidrs": ["10.244.0.0/16"], "serviceCidrs":
      ["10.0.0.0/16"], "ipFamilies": ["IPv4"]}, "identityProfile": {"kubeletidentity":
      {"resourceId": "/subscriptions/00000000-0000-0000-0000-000000000000/resourcegroups/MC_clitest000001_cliakstest000002_westus2/providers/Microsoft.ManagedIdentity/userAssignedIdentities/cliakstest000002-agentpool",
      "clientId":"00000000-0000-0000-0000-000000000001", "objectId":"00000000-0000-0000-0000-000000000001"}},
      "disableLocalAccounts": false, "securityProfile": {}, "storageProfile": {},
      "workloadAutoScalerProfile": {}}}'
    headers:
      Accept:
      - application/json
      Accept-Encoding:
      - gzip, deflate
      CommandName:
      - aks update
      Connection:
      - keep-alive
      Content-Length:
      - '2628'
      Content-Type:
      - application/json
      ParameterSetName:
      - --resource-group --name --ssh-key-value -o
      User-Agent:
      - AZURECLI/2.49.0 azsdk-python-azure-mgmt-containerservice/23.0.0b Python/3.8.10
        (Linux-5.15.0-1039-azure-x86_64-with-glibc2.29)
    method: PUT
    uri: https://management.azure.com/subscriptions/00000000-0000-0000-0000-000000000000/resourceGroups/clitest000001/providers/Microsoft.ContainerService/managedClusters/cliakstest000002?api-version=2023-10-02-preview
  response:
    body:
      string: "{\n  \"id\": \"/subscriptions/00000000-0000-0000-0000-000000000000/resourcegroups/clitest000001/providers/Microsoft.ContainerService/managedClusters/cliakstest000002\",\n
        \ \"location\": \"westus2\",\n  \"name\": \"cliakstest000002\",\n  \"type\":
        \"Microsoft.ContainerService/ManagedClusters\",\n  \"properties\": {\n   \"provisioningState\":
        \"Updating\",\n   \"powerState\": {\n    \"code\": \"Running\"\n   },\n   \"kubernetesVersion\":
        \"1.25.6\",\n   \"currentKubernetesVersion\": \"1.25.6\",\n   \"dnsPrefix\":
        \"cliakstest-clitestvml4d6k7r-79a739\",\n   \"fqdn\": \"cliakstest-clitestvml4d6k7r-79a739-zwopz0ie.hcp.westus2.azmk8s.io\",\n
        \  \"azurePortalFQDN\": \"cliakstest-clitestvml4d6k7r-79a739-zwopz0ie.portal.hcp.westus2.azmk8s.io\",\n
        \  \"agentPoolProfiles\": [\n    {\n     \"name\": \"nodepool1\",\n     \"count\":
        1,\n     \"vmSize\": \"Standard_DS2_v2\",\n     \"osDiskSizeGB\": 128,\n     \"osDiskType\":
        \"Managed\",\n     \"kubeletDiskType\": \"OS\",\n     \"workloadRuntime\":
        \"OCIContainer\",\n     \"maxPods\": 110,\n     \"type\": \"VirtualMachineScaleSets\",\n
        \    \"enableAutoScaling\": false,\n     \"provisioningState\": \"Updating\",\n
        \    \"powerState\": {\n      \"code\": \"Running\"\n     },\n     \"orchestratorVersion\":
        \"1.25.6\",\n     \"currentOrchestratorVersion\": \"1.25.6\",\n     \"enableNodePublicIP\":
        false,\n     \"enableCustomCATrust\": false,\n     \"mode\": \"System\",\n
        \    \"enableEncryptionAtHost\": false,\n     \"enableUltraSSD\": false,\n
        \    \"osType\": \"Linux\",\n     \"osSKU\": \"Ubuntu\",\n     \"nodeImageVersion\":
        \"AKSUbuntu-2204gen2containerd-202306.01.0\",\n     \"upgradeSettings\": {},\n
        \    \"enableFIPS\": false,\n     \"networkProfile\": {}\n    }\n   ],\n   \"linuxProfile\":
        {\n    \"adminUsername\": \"azureuser\",\n    \"ssh\": {\n     \"publicKeys\":
        [\n      {\n       \"keyData\": \"ssh-rsa AAAAB3NzaC1yc2EAAAADAQABAAABAQCYpZoWGqsIbCKOvcrtPi5PpgoaP24pKJ8yk80qBYbqIjyVngCfM8rbgQCZKx4D8emmN7UxjiSt+c4WtV1aUfbT7VA5r4neuhPVgkqgp7CmkKdf0beV/0i5K28J7RojDTktllY9EYRYK6A4olLplaHJiuqbsMYa8amv43ol6IxgM3eE2BiEYm0/uvNKDmZ8AN4w07fFKjz1+wfdkluxC73qhijMY6FCgw+xEvvS1kd2Se6L/M/qV+VVnxW+S/bBT4Yew2dR6KWnauJvxXzdM8WQHyJy52jQ1n5PHxVRMgjRLhWvbcNNgPseFpULxe3a4ATS8kKO2Z9pzpSOgEpW7LVz\"\n
        \     }\n     ]\n    }\n   },\n   \"servicePrincipalProfile\": {\n    \"clientId\":\"00000000-0000-0000-0000-000000000001\"\n
        \  },\n   \"nodeResourceGroup\": \"MC_clitest000001_cliakstest000002_westus2\",\n
        \  \"enableRBAC\": true,\n   \"enablePodSecurityPolicy\": false,\n   \"supportPlan\":
        \"KubernetesOfficial\",\n   \"networkProfile\": {\n    \"networkPlugin\":
        \"kubenet\",\n    \"loadBalancerSku\": \"Standard\",\n    \"loadBalancerProfile\":
        {\n     \"managedOutboundIPs\": {\n      \"count\": 1\n     },\n     \"effectiveOutboundIPs\":
        [\n      {\n       \"id\": \"/subscriptions/00000000-0000-0000-0000-000000000000/resourceGroups/MC_clitest000001_cliakstest000002_westus2/providers/Microsoft.Network/publicIPAddresses/bdbecee7-70ec-4dce-8e5b-d60b4e936dbc\"\n
        \     }\n     ],\n     \"backendPoolType\": \"nodeIPConfiguration\"\n    },\n
        \   \"podCidr\": \"10.244.0.0/16\",\n    \"serviceCidr\": \"10.0.0.0/16\",\n
        \   \"dnsServiceIP\": \"10.0.0.10\",\n    \"outboundType\": \"loadBalancer\",\n
        \   \"podCidrs\": [\n     \"10.244.0.0/16\"\n    ],\n    \"serviceCidrs\":
        [\n     \"10.0.0.0/16\"\n    ],\n    \"ipFamilies\": [\n     \"IPv4\"\n    ]\n
        \  },\n   \"maxAgentPools\": 100,\n   \"identityProfile\": {\n    \"kubeletidentity\":
        {\n     \"resourceId\": \"/subscriptions/00000000-0000-0000-0000-000000000000/resourcegroups/MC_clitest000001_cliakstest000002_westus2/providers/Microsoft.ManagedIdentity/userAssignedIdentities/cliakstest000002-agentpool\",\n
        \    \"clientId\":\"00000000-0000-0000-0000-000000000001\",\n     \"objectId\":\"00000000-0000-0000-0000-000000000001\"\n
        \   }\n   },\n   \"disableLocalAccounts\": false,\n   \"securityProfile\":
        {},\n   \"storageProfile\": {\n    \"diskCSIDriver\": {\n     \"enabled\":
        true,\n     \"version\": \"v1\"\n    },\n    \"fileCSIDriver\": {\n     \"enabled\":
        true\n    },\n    \"snapshotController\": {\n     \"enabled\": true\n    }\n
        \  },\n   \"oidcIssuerProfile\": {\n    \"enabled\": false\n   },\n   \"workloadAutoScalerProfile\":
        {}\n  },\n  \"identity\": {\n   \"type\": \"SystemAssigned\",\n   \"principalId\":\"00000000-0000-0000-0000-000000000001\",\n
        \  \"tenantId\": \"72f988bf-86f1-41af-91ab-2d7cd011db47\"\n  },\n  \"sku\":
        {\n   \"name\": \"Base\",\n   \"tier\": \"Free\"\n  }\n }"
    headers:
      azure-asyncoperation:
      - https://management.azure.com/subscriptions/00000000-0000-0000-0000-000000000000/providers/Microsoft.ContainerService/locations/westus2/operations/6f8d36e4-ec29-44e3-a0b8-492e94ec4084?api-version=2016-03-30
      cache-control:
      - no-cache
      content-length:
      - '4092'
      content-type:
      - application/json
      date:
      - Wed, 21 Jun 2023 10:38:13 GMT
      expires:
      - '-1'
      pragma:
      - no-cache
      server:
      - nginx
      strict-transport-security:
      - max-age=31536000; includeSubDomains
      transfer-encoding:
      - chunked
      vary:
      - Accept-Encoding
      x-content-type-options:
      - nosniff
      x-ms-ratelimit-remaining-subscription-writes:
      - '1198'
    status:
      code: 200
      message: OK
- request:
    body: null
    headers:
      Accept:
      - '*/*'
      Accept-Encoding:
      - gzip, deflate
      CommandName:
      - aks update
      Connection:
      - keep-alive
      ParameterSetName:
      - --resource-group --name --ssh-key-value -o
      User-Agent:
      - AZURECLI/2.49.0 azsdk-python-azure-mgmt-containerservice/23.0.0b Python/3.8.10
        (Linux-5.15.0-1039-azure-x86_64-with-glibc2.29)
    method: GET
    uri: https://management.azure.com/subscriptions/00000000-0000-0000-0000-000000000000/providers/Microsoft.ContainerService/locations/westus2/operations/6f8d36e4-ec29-44e3-a0b8-492e94ec4084?api-version=2016-03-30
  response:
    body:
      string: "{\n  \"name\": \"e4368d6f-29ec-e344-a0b8-492e94ec4084\",\n  \"status\":
        \"InProgress\",\n  \"startTime\": \"2023-06-21T10:38:12.7781787Z\"\n }"
    headers:
      cache-control:
      - no-cache
      content-length:
      - '126'
      content-type:
      - application/json
      date:
      - Wed, 21 Jun 2023 10:38:13 GMT
      expires:
      - '-1'
      pragma:
      - no-cache
      server:
      - nginx
      strict-transport-security:
      - max-age=31536000; includeSubDomains
      transfer-encoding:
      - chunked
      vary:
      - Accept-Encoding
      x-content-type-options:
      - nosniff
    status:
      code: 200
      message: OK
- request:
    body: null
    headers:
      Accept:
      - '*/*'
      Accept-Encoding:
      - gzip, deflate
      CommandName:
      - aks update
      Connection:
      - keep-alive
      ParameterSetName:
      - --resource-group --name --ssh-key-value -o
      User-Agent:
      - AZURECLI/2.49.0 azsdk-python-azure-mgmt-containerservice/23.0.0b Python/3.8.10
        (Linux-5.15.0-1039-azure-x86_64-with-glibc2.29)
    method: GET
    uri: https://management.azure.com/subscriptions/00000000-0000-0000-0000-000000000000/providers/Microsoft.ContainerService/locations/westus2/operations/6f8d36e4-ec29-44e3-a0b8-492e94ec4084?api-version=2016-03-30
  response:
    body:
      string: "{\n  \"name\": \"e4368d6f-29ec-e344-a0b8-492e94ec4084\",\n  \"status\":
        \"InProgress\",\n  \"startTime\": \"2023-06-21T10:38:12.7781787Z\"\n }"
    headers:
      cache-control:
      - no-cache
      content-length:
      - '126'
      content-type:
      - application/json
      date:
      - Wed, 21 Jun 2023 10:38:43 GMT
      expires:
      - '-1'
      pragma:
      - no-cache
      server:
      - nginx
      strict-transport-security:
      - max-age=31536000; includeSubDomains
      transfer-encoding:
      - chunked
      vary:
      - Accept-Encoding
      x-content-type-options:
      - nosniff
    status:
      code: 200
      message: OK
- request:
    body: null
    headers:
      Accept:
      - '*/*'
      Accept-Encoding:
      - gzip, deflate
      CommandName:
      - aks update
      Connection:
      - keep-alive
      ParameterSetName:
      - --resource-group --name --ssh-key-value -o
      User-Agent:
      - AZURECLI/2.49.0 azsdk-python-azure-mgmt-containerservice/23.0.0b Python/3.8.10
        (Linux-5.15.0-1039-azure-x86_64-with-glibc2.29)
    method: GET
    uri: https://management.azure.com/subscriptions/00000000-0000-0000-0000-000000000000/providers/Microsoft.ContainerService/locations/westus2/operations/6f8d36e4-ec29-44e3-a0b8-492e94ec4084?api-version=2016-03-30
  response:
    body:
      string: "{\n  \"name\": \"e4368d6f-29ec-e344-a0b8-492e94ec4084\",\n  \"status\":
        \"InProgress\",\n  \"startTime\": \"2023-06-21T10:38:12.7781787Z\"\n }"
    headers:
      cache-control:
      - no-cache
      content-length:
      - '126'
      content-type:
      - application/json
      date:
      - Wed, 21 Jun 2023 10:39:13 GMT
      expires:
      - '-1'
      pragma:
      - no-cache
      server:
      - nginx
      strict-transport-security:
      - max-age=31536000; includeSubDomains
      transfer-encoding:
      - chunked
      vary:
      - Accept-Encoding
      x-content-type-options:
      - nosniff
    status:
      code: 200
      message: OK
- request:
    body: null
    headers:
      Accept:
      - '*/*'
      Accept-Encoding:
      - gzip, deflate
      CommandName:
      - aks update
      Connection:
      - keep-alive
      ParameterSetName:
      - --resource-group --name --ssh-key-value -o
      User-Agent:
      - AZURECLI/2.49.0 azsdk-python-azure-mgmt-containerservice/23.0.0b Python/3.8.10
        (Linux-5.15.0-1039-azure-x86_64-with-glibc2.29)
    method: GET
    uri: https://management.azure.com/subscriptions/00000000-0000-0000-0000-000000000000/providers/Microsoft.ContainerService/locations/westus2/operations/6f8d36e4-ec29-44e3-a0b8-492e94ec4084?api-version=2016-03-30
  response:
    body:
      string: "{\n  \"name\": \"e4368d6f-29ec-e344-a0b8-492e94ec4084\",\n  \"status\":
        \"InProgress\",\n  \"startTime\": \"2023-06-21T10:38:12.7781787Z\"\n }"
    headers:
      cache-control:
      - no-cache
      content-length:
      - '126'
      content-type:
      - application/json
      date:
      - Wed, 21 Jun 2023 10:39:43 GMT
      expires:
      - '-1'
      pragma:
      - no-cache
      server:
      - nginx
      strict-transport-security:
      - max-age=31536000; includeSubDomains
      transfer-encoding:
      - chunked
      vary:
      - Accept-Encoding
      x-content-type-options:
      - nosniff
    status:
      code: 200
      message: OK
- request:
    body: null
    headers:
      Accept:
      - '*/*'
      Accept-Encoding:
      - gzip, deflate
      CommandName:
      - aks update
      Connection:
      - keep-alive
      ParameterSetName:
      - --resource-group --name --ssh-key-value -o
      User-Agent:
      - AZURECLI/2.49.0 azsdk-python-azure-mgmt-containerservice/23.0.0b Python/3.8.10
        (Linux-5.15.0-1039-azure-x86_64-with-glibc2.29)
    method: GET
    uri: https://management.azure.com/subscriptions/00000000-0000-0000-0000-000000000000/providers/Microsoft.ContainerService/locations/westus2/operations/6f8d36e4-ec29-44e3-a0b8-492e94ec4084?api-version=2016-03-30
  response:
    body:
      string: "{\n  \"name\": \"e4368d6f-29ec-e344-a0b8-492e94ec4084\",\n  \"status\":
        \"InProgress\",\n  \"startTime\": \"2023-06-21T10:38:12.7781787Z\"\n }"
    headers:
      cache-control:
      - no-cache
      content-length:
      - '126'
      content-type:
      - application/json
      date:
      - Wed, 21 Jun 2023 10:40:14 GMT
      expires:
      - '-1'
      pragma:
      - no-cache
      server:
      - nginx
      strict-transport-security:
      - max-age=31536000; includeSubDomains
      transfer-encoding:
      - chunked
      vary:
      - Accept-Encoding
      x-content-type-options:
      - nosniff
    status:
      code: 200
      message: OK
- request:
    body: null
    headers:
      Accept:
      - '*/*'
      Accept-Encoding:
      - gzip, deflate
      CommandName:
      - aks update
      Connection:
      - keep-alive
      ParameterSetName:
      - --resource-group --name --ssh-key-value -o
      User-Agent:
      - AZURECLI/2.49.0 azsdk-python-azure-mgmt-containerservice/23.0.0b Python/3.8.10
        (Linux-5.15.0-1039-azure-x86_64-with-glibc2.29)
    method: GET
    uri: https://management.azure.com/subscriptions/00000000-0000-0000-0000-000000000000/providers/Microsoft.ContainerService/locations/westus2/operations/6f8d36e4-ec29-44e3-a0b8-492e94ec4084?api-version=2016-03-30
  response:
    body:
      string: "{\n  \"name\": \"e4368d6f-29ec-e344-a0b8-492e94ec4084\",\n  \"status\":
        \"InProgress\",\n  \"startTime\": \"2023-06-21T10:38:12.7781787Z\"\n }"
    headers:
      cache-control:
      - no-cache
      content-length:
      - '126'
      content-type:
      - application/json
      date:
      - Wed, 21 Jun 2023 10:40:44 GMT
      expires:
      - '-1'
      pragma:
      - no-cache
      server:
      - nginx
      strict-transport-security:
      - max-age=31536000; includeSubDomains
      transfer-encoding:
      - chunked
      vary:
      - Accept-Encoding
      x-content-type-options:
      - nosniff
    status:
      code: 200
      message: OK
- request:
    body: null
    headers:
      Accept:
      - '*/*'
      Accept-Encoding:
      - gzip, deflate
      CommandName:
      - aks update
      Connection:
      - keep-alive
      ParameterSetName:
      - --resource-group --name --ssh-key-value -o
      User-Agent:
      - AZURECLI/2.49.0 azsdk-python-azure-mgmt-containerservice/23.0.0b Python/3.8.10
        (Linux-5.15.0-1039-azure-x86_64-with-glibc2.29)
    method: GET
    uri: https://management.azure.com/subscriptions/00000000-0000-0000-0000-000000000000/providers/Microsoft.ContainerService/locations/westus2/operations/6f8d36e4-ec29-44e3-a0b8-492e94ec4084?api-version=2016-03-30
  response:
    body:
      string: "{\n  \"name\": \"e4368d6f-29ec-e344-a0b8-492e94ec4084\",\n  \"status\":
        \"InProgress\",\n  \"startTime\": \"2023-06-21T10:38:12.7781787Z\"\n }"
    headers:
      cache-control:
      - no-cache
      content-length:
      - '126'
      content-type:
      - application/json
      date:
      - Wed, 21 Jun 2023 10:41:14 GMT
      expires:
      - '-1'
      pragma:
      - no-cache
      server:
      - nginx
      strict-transport-security:
      - max-age=31536000; includeSubDomains
      transfer-encoding:
      - chunked
      vary:
      - Accept-Encoding
      x-content-type-options:
      - nosniff
    status:
      code: 200
      message: OK
- request:
    body: null
    headers:
      Accept:
      - '*/*'
      Accept-Encoding:
      - gzip, deflate
      CommandName:
      - aks update
      Connection:
      - keep-alive
      ParameterSetName:
      - --resource-group --name --ssh-key-value -o
      User-Agent:
      - AZURECLI/2.49.0 azsdk-python-azure-mgmt-containerservice/23.0.0b Python/3.8.10
        (Linux-5.15.0-1039-azure-x86_64-with-glibc2.29)
    method: GET
    uri: https://management.azure.com/subscriptions/00000000-0000-0000-0000-000000000000/providers/Microsoft.ContainerService/locations/westus2/operations/6f8d36e4-ec29-44e3-a0b8-492e94ec4084?api-version=2016-03-30
  response:
    body:
      string: "{\n  \"name\": \"e4368d6f-29ec-e344-a0b8-492e94ec4084\",\n  \"status\":
        \"InProgress\",\n  \"startTime\": \"2023-06-21T10:38:12.7781787Z\"\n }"
    headers:
      cache-control:
      - no-cache
      content-length:
      - '126'
      content-type:
      - application/json
      date:
      - Wed, 21 Jun 2023 10:41:44 GMT
      expires:
      - '-1'
      pragma:
      - no-cache
      server:
      - nginx
      strict-transport-security:
      - max-age=31536000; includeSubDomains
      transfer-encoding:
      - chunked
      vary:
      - Accept-Encoding
      x-content-type-options:
      - nosniff
    status:
      code: 200
      message: OK
- request:
    body: null
    headers:
      Accept:
      - '*/*'
      Accept-Encoding:
      - gzip, deflate
      CommandName:
      - aks update
      Connection:
      - keep-alive
      ParameterSetName:
      - --resource-group --name --ssh-key-value -o
      User-Agent:
      - AZURECLI/2.49.0 azsdk-python-azure-mgmt-containerservice/23.0.0b Python/3.8.10
        (Linux-5.15.0-1039-azure-x86_64-with-glibc2.29)
    method: GET
    uri: https://management.azure.com/subscriptions/00000000-0000-0000-0000-000000000000/providers/Microsoft.ContainerService/locations/westus2/operations/6f8d36e4-ec29-44e3-a0b8-492e94ec4084?api-version=2016-03-30
  response:
    body:
      string: "{\n  \"name\": \"e4368d6f-29ec-e344-a0b8-492e94ec4084\",\n  \"status\":
        \"InProgress\",\n  \"startTime\": \"2023-06-21T10:38:12.7781787Z\"\n }"
    headers:
      cache-control:
      - no-cache
      content-length:
      - '126'
      content-type:
      - application/json
      date:
      - Wed, 21 Jun 2023 10:42:15 GMT
      expires:
      - '-1'
      pragma:
      - no-cache
      server:
      - nginx
      strict-transport-security:
      - max-age=31536000; includeSubDomains
      transfer-encoding:
      - chunked
      vary:
      - Accept-Encoding
      x-content-type-options:
      - nosniff
    status:
      code: 200
      message: OK
- request:
    body: null
    headers:
      Accept:
      - '*/*'
      Accept-Encoding:
      - gzip, deflate
      CommandName:
      - aks update
      Connection:
      - keep-alive
      ParameterSetName:
      - --resource-group --name --ssh-key-value -o
      User-Agent:
      - AZURECLI/2.49.0 azsdk-python-azure-mgmt-containerservice/23.0.0b Python/3.8.10
        (Linux-5.15.0-1039-azure-x86_64-with-glibc2.29)
    method: GET
    uri: https://management.azure.com/subscriptions/00000000-0000-0000-0000-000000000000/providers/Microsoft.ContainerService/locations/westus2/operations/6f8d36e4-ec29-44e3-a0b8-492e94ec4084?api-version=2016-03-30
  response:
    body:
      string: "{\n  \"name\": \"e4368d6f-29ec-e344-a0b8-492e94ec4084\",\n  \"status\":
        \"InProgress\",\n  \"startTime\": \"2023-06-21T10:38:12.7781787Z\"\n }"
    headers:
      cache-control:
      - no-cache
      content-length:
      - '126'
      content-type:
      - application/json
      date:
      - Wed, 21 Jun 2023 10:42:45 GMT
      expires:
      - '-1'
      pragma:
      - no-cache
      server:
      - nginx
      strict-transport-security:
      - max-age=31536000; includeSubDomains
      transfer-encoding:
      - chunked
      vary:
      - Accept-Encoding
      x-content-type-options:
      - nosniff
    status:
      code: 200
      message: OK
- request:
    body: null
    headers:
      Accept:
      - '*/*'
      Accept-Encoding:
      - gzip, deflate
      CommandName:
      - aks update
      Connection:
      - keep-alive
      ParameterSetName:
      - --resource-group --name --ssh-key-value -o
      User-Agent:
      - AZURECLI/2.49.0 azsdk-python-azure-mgmt-containerservice/23.0.0b Python/3.8.10
        (Linux-5.15.0-1039-azure-x86_64-with-glibc2.29)
    method: GET
    uri: https://management.azure.com/subscriptions/00000000-0000-0000-0000-000000000000/providers/Microsoft.ContainerService/locations/westus2/operations/6f8d36e4-ec29-44e3-a0b8-492e94ec4084?api-version=2016-03-30
  response:
    body:
      string: "{\n  \"name\": \"e4368d6f-29ec-e344-a0b8-492e94ec4084\",\n  \"status\":
        \"InProgress\",\n  \"startTime\": \"2023-06-21T10:38:12.7781787Z\"\n }"
    headers:
      cache-control:
      - no-cache
      content-length:
      - '126'
      content-type:
      - application/json
      date:
      - Wed, 21 Jun 2023 10:43:15 GMT
      expires:
      - '-1'
      pragma:
      - no-cache
      server:
      - nginx
      strict-transport-security:
      - max-age=31536000; includeSubDomains
      transfer-encoding:
      - chunked
      vary:
      - Accept-Encoding
      x-content-type-options:
      - nosniff
    status:
      code: 200
      message: OK
- request:
    body: null
    headers:
      Accept:
      - '*/*'
      Accept-Encoding:
      - gzip, deflate
      CommandName:
      - aks update
      Connection:
      - keep-alive
      ParameterSetName:
      - --resource-group --name --ssh-key-value -o
      User-Agent:
      - AZURECLI/2.49.0 azsdk-python-azure-mgmt-containerservice/23.0.0b Python/3.8.10
        (Linux-5.15.0-1039-azure-x86_64-with-glibc2.29)
    method: GET
    uri: https://management.azure.com/subscriptions/00000000-0000-0000-0000-000000000000/providers/Microsoft.ContainerService/locations/westus2/operations/6f8d36e4-ec29-44e3-a0b8-492e94ec4084?api-version=2016-03-30
  response:
    body:
      string: "{\n  \"name\": \"e4368d6f-29ec-e344-a0b8-492e94ec4084\",\n  \"status\":
        \"InProgress\",\n  \"startTime\": \"2023-06-21T10:38:12.7781787Z\"\n }"
    headers:
      cache-control:
      - no-cache
      content-length:
      - '126'
      content-type:
      - application/json
      date:
      - Wed, 21 Jun 2023 10:43:44 GMT
      expires:
      - '-1'
      pragma:
      - no-cache
      server:
      - nginx
      strict-transport-security:
      - max-age=31536000; includeSubDomains
      transfer-encoding:
      - chunked
      vary:
      - Accept-Encoding
      x-content-type-options:
      - nosniff
    status:
      code: 200
      message: OK
- request:
    body: null
    headers:
      Accept:
      - '*/*'
      Accept-Encoding:
      - gzip, deflate
      CommandName:
      - aks update
      Connection:
      - keep-alive
      ParameterSetName:
      - --resource-group --name --ssh-key-value -o
      User-Agent:
      - AZURECLI/2.49.0 azsdk-python-azure-mgmt-containerservice/23.0.0b Python/3.8.10
        (Linux-5.15.0-1039-azure-x86_64-with-glibc2.29)
    method: GET
    uri: https://management.azure.com/subscriptions/00000000-0000-0000-0000-000000000000/providers/Microsoft.ContainerService/locations/westus2/operations/6f8d36e4-ec29-44e3-a0b8-492e94ec4084?api-version=2016-03-30
  response:
    body:
      string: "{\n  \"name\": \"e4368d6f-29ec-e344-a0b8-492e94ec4084\",\n  \"status\":
        \"InProgress\",\n  \"startTime\": \"2023-06-21T10:38:12.7781787Z\"\n }"
    headers:
      cache-control:
      - no-cache
      content-length:
      - '126'
      content-type:
      - application/json
      date:
      - Wed, 21 Jun 2023 10:44:14 GMT
      expires:
      - '-1'
      pragma:
      - no-cache
      server:
      - nginx
      strict-transport-security:
      - max-age=31536000; includeSubDomains
      transfer-encoding:
      - chunked
      vary:
      - Accept-Encoding
      x-content-type-options:
      - nosniff
    status:
      code: 200
      message: OK
- request:
    body: null
    headers:
      Accept:
      - '*/*'
      Accept-Encoding:
      - gzip, deflate
      CommandName:
      - aks update
      Connection:
      - keep-alive
      ParameterSetName:
      - --resource-group --name --ssh-key-value -o
      User-Agent:
      - AZURECLI/2.49.0 azsdk-python-azure-mgmt-containerservice/23.0.0b Python/3.8.10
        (Linux-5.15.0-1039-azure-x86_64-with-glibc2.29)
    method: GET
    uri: https://management.azure.com/subscriptions/00000000-0000-0000-0000-000000000000/providers/Microsoft.ContainerService/locations/westus2/operations/6f8d36e4-ec29-44e3-a0b8-492e94ec4084?api-version=2016-03-30
  response:
    body:
      string: "{\n  \"name\": \"e4368d6f-29ec-e344-a0b8-492e94ec4084\",\n  \"status\":
        \"InProgress\",\n  \"startTime\": \"2023-06-21T10:38:12.7781787Z\"\n }"
    headers:
      cache-control:
      - no-cache
      content-length:
      - '126'
      content-type:
      - application/json
      date:
      - Wed, 21 Jun 2023 10:44:45 GMT
      expires:
      - '-1'
      pragma:
      - no-cache
      server:
      - nginx
      strict-transport-security:
      - max-age=31536000; includeSubDomains
      transfer-encoding:
      - chunked
      vary:
      - Accept-Encoding
      x-content-type-options:
      - nosniff
    status:
      code: 200
      message: OK
- request:
    body: null
    headers:
      Accept:
      - '*/*'
      Accept-Encoding:
      - gzip, deflate
      CommandName:
      - aks update
      Connection:
      - keep-alive
      ParameterSetName:
      - --resource-group --name --ssh-key-value -o
      User-Agent:
      - AZURECLI/2.49.0 azsdk-python-azure-mgmt-containerservice/23.0.0b Python/3.8.10
        (Linux-5.15.0-1039-azure-x86_64-with-glibc2.29)
    method: GET
    uri: https://management.azure.com/subscriptions/00000000-0000-0000-0000-000000000000/providers/Microsoft.ContainerService/locations/westus2/operations/6f8d36e4-ec29-44e3-a0b8-492e94ec4084?api-version=2016-03-30
  response:
    body:
      string: "{\n  \"name\": \"e4368d6f-29ec-e344-a0b8-492e94ec4084\",\n  \"status\":
        \"InProgress\",\n  \"startTime\": \"2023-06-21T10:38:12.7781787Z\"\n }"
    headers:
      cache-control:
      - no-cache
      content-length:
      - '126'
      content-type:
      - application/json
      date:
      - Wed, 21 Jun 2023 10:45:15 GMT
      expires:
      - '-1'
      pragma:
      - no-cache
      server:
      - nginx
      strict-transport-security:
      - max-age=31536000; includeSubDomains
      transfer-encoding:
      - chunked
      vary:
      - Accept-Encoding
      x-content-type-options:
      - nosniff
    status:
      code: 200
      message: OK
- request:
    body: null
    headers:
      Accept:
      - '*/*'
      Accept-Encoding:
      - gzip, deflate
      CommandName:
      - aks update
      Connection:
      - keep-alive
      ParameterSetName:
      - --resource-group --name --ssh-key-value -o
      User-Agent:
      - AZURECLI/2.49.0 azsdk-python-azure-mgmt-containerservice/23.0.0b Python/3.8.10
        (Linux-5.15.0-1039-azure-x86_64-with-glibc2.29)
    method: GET
    uri: https://management.azure.com/subscriptions/00000000-0000-0000-0000-000000000000/providers/Microsoft.ContainerService/locations/westus2/operations/6f8d36e4-ec29-44e3-a0b8-492e94ec4084?api-version=2016-03-30
  response:
    body:
      string: "{\n  \"name\": \"e4368d6f-29ec-e344-a0b8-492e94ec4084\",\n  \"status\":
        \"InProgress\",\n  \"startTime\": \"2023-06-21T10:38:12.7781787Z\"\n }"
    headers:
      cache-control:
      - no-cache
      content-length:
      - '126'
      content-type:
      - application/json
      date:
      - Wed, 21 Jun 2023 10:45:45 GMT
      expires:
      - '-1'
      pragma:
      - no-cache
      server:
      - nginx
      strict-transport-security:
      - max-age=31536000; includeSubDomains
      transfer-encoding:
      - chunked
      vary:
      - Accept-Encoding
      x-content-type-options:
      - nosniff
    status:
      code: 200
      message: OK
- request:
    body: null
    headers:
      Accept:
      - '*/*'
      Accept-Encoding:
      - gzip, deflate
      CommandName:
      - aks update
      Connection:
      - keep-alive
      ParameterSetName:
      - --resource-group --name --ssh-key-value -o
      User-Agent:
      - AZURECLI/2.49.0 azsdk-python-azure-mgmt-containerservice/23.0.0b Python/3.8.10
        (Linux-5.15.0-1039-azure-x86_64-with-glibc2.29)
    method: GET
    uri: https://management.azure.com/subscriptions/00000000-0000-0000-0000-000000000000/providers/Microsoft.ContainerService/locations/westus2/operations/6f8d36e4-ec29-44e3-a0b8-492e94ec4084?api-version=2016-03-30
  response:
    body:
      string: "{\n  \"name\": \"e4368d6f-29ec-e344-a0b8-492e94ec4084\",\n  \"status\":
        \"InProgress\",\n  \"startTime\": \"2023-06-21T10:38:12.7781787Z\"\n }"
    headers:
      cache-control:
      - no-cache
      content-length:
      - '126'
      content-type:
      - application/json
      date:
      - Wed, 21 Jun 2023 10:46:15 GMT
      expires:
      - '-1'
      pragma:
      - no-cache
      server:
      - nginx
      strict-transport-security:
      - max-age=31536000; includeSubDomains
      transfer-encoding:
      - chunked
      vary:
      - Accept-Encoding
      x-content-type-options:
      - nosniff
    status:
      code: 200
      message: OK
- request:
    body: null
    headers:
      Accept:
      - '*/*'
      Accept-Encoding:
      - gzip, deflate
      CommandName:
      - aks update
      Connection:
      - keep-alive
      ParameterSetName:
      - --resource-group --name --ssh-key-value -o
      User-Agent:
      - AZURECLI/2.49.0 azsdk-python-azure-mgmt-containerservice/23.0.0b Python/3.8.10
        (Linux-5.15.0-1039-azure-x86_64-with-glibc2.29)
    method: GET
    uri: https://management.azure.com/subscriptions/00000000-0000-0000-0000-000000000000/providers/Microsoft.ContainerService/locations/westus2/operations/6f8d36e4-ec29-44e3-a0b8-492e94ec4084?api-version=2016-03-30
  response:
    body:
      string: "{\n  \"name\": \"e4368d6f-29ec-e344-a0b8-492e94ec4084\",\n  \"status\":
        \"InProgress\",\n  \"startTime\": \"2023-06-21T10:38:12.7781787Z\"\n }"
    headers:
      cache-control:
      - no-cache
      content-length:
      - '126'
      content-type:
      - application/json
      date:
      - Wed, 21 Jun 2023 10:46:45 GMT
      expires:
      - '-1'
      pragma:
      - no-cache
      server:
      - nginx
      strict-transport-security:
      - max-age=31536000; includeSubDomains
      transfer-encoding:
      - chunked
      vary:
      - Accept-Encoding
      x-content-type-options:
      - nosniff
    status:
      code: 200
      message: OK
- request:
    body: null
    headers:
      Accept:
      - '*/*'
      Accept-Encoding:
      - gzip, deflate
      CommandName:
      - aks update
      Connection:
      - keep-alive
      ParameterSetName:
      - --resource-group --name --ssh-key-value -o
      User-Agent:
      - AZURECLI/2.49.0 azsdk-python-azure-mgmt-containerservice/23.0.0b Python/3.8.10
        (Linux-5.15.0-1039-azure-x86_64-with-glibc2.29)
    method: GET
    uri: https://management.azure.com/subscriptions/00000000-0000-0000-0000-000000000000/providers/Microsoft.ContainerService/locations/westus2/operations/6f8d36e4-ec29-44e3-a0b8-492e94ec4084?api-version=2016-03-30
  response:
    body:
      string: "{\n  \"name\": \"e4368d6f-29ec-e344-a0b8-492e94ec4084\",\n  \"status\":
        \"InProgress\",\n  \"startTime\": \"2023-06-21T10:38:12.7781787Z\"\n }"
    headers:
      cache-control:
      - no-cache
      content-length:
      - '126'
      content-type:
      - application/json
      date:
      - Wed, 21 Jun 2023 10:47:16 GMT
      expires:
      - '-1'
      pragma:
      - no-cache
      server:
      - nginx
      strict-transport-security:
      - max-age=31536000; includeSubDomains
      transfer-encoding:
      - chunked
      vary:
      - Accept-Encoding
      x-content-type-options:
      - nosniff
    status:
      code: 200
      message: OK
- request:
    body: null
    headers:
      Accept:
      - '*/*'
      Accept-Encoding:
      - gzip, deflate
      CommandName:
      - aks update
      Connection:
      - keep-alive
      ParameterSetName:
      - --resource-group --name --ssh-key-value -o
      User-Agent:
      - AZURECLI/2.49.0 azsdk-python-azure-mgmt-containerservice/23.0.0b Python/3.8.10
        (Linux-5.15.0-1039-azure-x86_64-with-glibc2.29)
    method: GET
    uri: https://management.azure.com/subscriptions/00000000-0000-0000-0000-000000000000/providers/Microsoft.ContainerService/locations/westus2/operations/6f8d36e4-ec29-44e3-a0b8-492e94ec4084?api-version=2016-03-30
  response:
    body:
      string: "{\n  \"name\": \"e4368d6f-29ec-e344-a0b8-492e94ec4084\",\n  \"status\":
        \"InProgress\",\n  \"startTime\": \"2023-06-21T10:38:12.7781787Z\"\n }"
    headers:
      cache-control:
      - no-cache
      content-length:
      - '126'
      content-type:
      - application/json
      date:
      - Wed, 21 Jun 2023 10:47:46 GMT
      expires:
      - '-1'
      pragma:
      - no-cache
      server:
      - nginx
      strict-transport-security:
      - max-age=31536000; includeSubDomains
      transfer-encoding:
      - chunked
      vary:
      - Accept-Encoding
      x-content-type-options:
      - nosniff
    status:
      code: 200
      message: OK
- request:
    body: null
    headers:
      Accept:
      - '*/*'
      Accept-Encoding:
      - gzip, deflate
      CommandName:
      - aks update
      Connection:
      - keep-alive
      ParameterSetName:
      - --resource-group --name --ssh-key-value -o
      User-Agent:
      - AZURECLI/2.49.0 azsdk-python-azure-mgmt-containerservice/23.0.0b Python/3.8.10
        (Linux-5.15.0-1039-azure-x86_64-with-glibc2.29)
    method: GET
    uri: https://management.azure.com/subscriptions/00000000-0000-0000-0000-000000000000/providers/Microsoft.ContainerService/locations/westus2/operations/6f8d36e4-ec29-44e3-a0b8-492e94ec4084?api-version=2016-03-30
  response:
    body:
      string: "{\n  \"name\": \"e4368d6f-29ec-e344-a0b8-492e94ec4084\",\n  \"status\":
        \"InProgress\",\n  \"startTime\": \"2023-06-21T10:38:12.7781787Z\"\n }"
    headers:
      cache-control:
      - no-cache
      content-length:
      - '126'
      content-type:
      - application/json
      date:
      - Wed, 21 Jun 2023 10:48:16 GMT
      expires:
      - '-1'
      pragma:
      - no-cache
      server:
      - nginx
      strict-transport-security:
      - max-age=31536000; includeSubDomains
      transfer-encoding:
      - chunked
      vary:
      - Accept-Encoding
      x-content-type-options:
      - nosniff
    status:
      code: 200
      message: OK
- request:
    body: null
    headers:
      Accept:
      - '*/*'
      Accept-Encoding:
      - gzip, deflate
      CommandName:
      - aks update
      Connection:
      - keep-alive
      ParameterSetName:
      - --resource-group --name --ssh-key-value -o
      User-Agent:
      - AZURECLI/2.49.0 azsdk-python-azure-mgmt-containerservice/23.0.0b Python/3.8.10
        (Linux-5.15.0-1039-azure-x86_64-with-glibc2.29)
    method: GET
    uri: https://management.azure.com/subscriptions/00000000-0000-0000-0000-000000000000/providers/Microsoft.ContainerService/locations/westus2/operations/6f8d36e4-ec29-44e3-a0b8-492e94ec4084?api-version=2016-03-30
  response:
    body:
      string: "{\n  \"name\": \"e4368d6f-29ec-e344-a0b8-492e94ec4084\",\n  \"status\":
        \"InProgress\",\n  \"startTime\": \"2023-06-21T10:38:12.7781787Z\"\n }"
    headers:
      cache-control:
      - no-cache
      content-length:
      - '126'
      content-type:
      - application/json
      date:
      - Wed, 21 Jun 2023 10:48:46 GMT
      expires:
      - '-1'
      pragma:
      - no-cache
      server:
      - nginx
      strict-transport-security:
      - max-age=31536000; includeSubDomains
      transfer-encoding:
      - chunked
      vary:
      - Accept-Encoding
      x-content-type-options:
      - nosniff
    status:
      code: 200
      message: OK
- request:
    body: null
    headers:
      Accept:
      - '*/*'
      Accept-Encoding:
      - gzip, deflate
      CommandName:
      - aks update
      Connection:
      - keep-alive
      ParameterSetName:
      - --resource-group --name --ssh-key-value -o
      User-Agent:
      - AZURECLI/2.49.0 azsdk-python-azure-mgmt-containerservice/23.0.0b Python/3.8.10
        (Linux-5.15.0-1039-azure-x86_64-with-glibc2.29)
    method: GET
    uri: https://management.azure.com/subscriptions/00000000-0000-0000-0000-000000000000/providers/Microsoft.ContainerService/locations/westus2/operations/6f8d36e4-ec29-44e3-a0b8-492e94ec4084?api-version=2016-03-30
  response:
    body:
      string: "{\n  \"name\": \"e4368d6f-29ec-e344-a0b8-492e94ec4084\",\n  \"status\":
        \"InProgress\",\n  \"startTime\": \"2023-06-21T10:38:12.7781787Z\"\n }"
    headers:
      cache-control:
      - no-cache
      content-length:
      - '126'
      content-type:
      - application/json
      date:
      - Wed, 21 Jun 2023 10:49:16 GMT
      expires:
      - '-1'
      pragma:
      - no-cache
      server:
      - nginx
      strict-transport-security:
      - max-age=31536000; includeSubDomains
      transfer-encoding:
      - chunked
      vary:
      - Accept-Encoding
      x-content-type-options:
      - nosniff
    status:
      code: 200
      message: OK
- request:
    body: null
    headers:
      Accept:
      - '*/*'
      Accept-Encoding:
      - gzip, deflate
      CommandName:
      - aks update
      Connection:
      - keep-alive
      ParameterSetName:
      - --resource-group --name --ssh-key-value -o
      User-Agent:
      - AZURECLI/2.49.0 azsdk-python-azure-mgmt-containerservice/23.0.0b Python/3.8.10
        (Linux-5.15.0-1039-azure-x86_64-with-glibc2.29)
    method: GET
    uri: https://management.azure.com/subscriptions/00000000-0000-0000-0000-000000000000/providers/Microsoft.ContainerService/locations/westus2/operations/6f8d36e4-ec29-44e3-a0b8-492e94ec4084?api-version=2016-03-30
  response:
    body:
      string: "{\n  \"name\": \"e4368d6f-29ec-e344-a0b8-492e94ec4084\",\n  \"status\":
        \"InProgress\",\n  \"startTime\": \"2023-06-21T10:38:12.7781787Z\"\n }"
    headers:
      cache-control:
      - no-cache
      content-length:
      - '126'
      content-type:
      - application/json
      date:
      - Wed, 21 Jun 2023 10:49:47 GMT
      expires:
      - '-1'
      pragma:
      - no-cache
      server:
      - nginx
      strict-transport-security:
      - max-age=31536000; includeSubDomains
      transfer-encoding:
      - chunked
      vary:
      - Accept-Encoding
      x-content-type-options:
      - nosniff
    status:
      code: 200
      message: OK
- request:
    body: null
    headers:
      Accept:
      - '*/*'
      Accept-Encoding:
      - gzip, deflate
      CommandName:
      - aks update
      Connection:
      - keep-alive
      ParameterSetName:
      - --resource-group --name --ssh-key-value -o
      User-Agent:
      - AZURECLI/2.49.0 azsdk-python-azure-mgmt-containerservice/23.0.0b Python/3.8.10
        (Linux-5.15.0-1039-azure-x86_64-with-glibc2.29)
    method: GET
    uri: https://management.azure.com/subscriptions/00000000-0000-0000-0000-000000000000/providers/Microsoft.ContainerService/locations/westus2/operations/6f8d36e4-ec29-44e3-a0b8-492e94ec4084?api-version=2016-03-30
  response:
    body:
      string: "{\n  \"name\": \"e4368d6f-29ec-e344-a0b8-492e94ec4084\",\n  \"status\":
        \"InProgress\",\n  \"startTime\": \"2023-06-21T10:38:12.7781787Z\"\n }"
    headers:
      cache-control:
      - no-cache
      content-length:
      - '126'
      content-type:
      - application/json
      date:
      - Wed, 21 Jun 2023 10:50:17 GMT
      expires:
      - '-1'
      pragma:
      - no-cache
      server:
      - nginx
      strict-transport-security:
      - max-age=31536000; includeSubDomains
      transfer-encoding:
      - chunked
      vary:
      - Accept-Encoding
      x-content-type-options:
      - nosniff
    status:
      code: 200
      message: OK
- request:
    body: null
    headers:
      Accept:
      - '*/*'
      Accept-Encoding:
      - gzip, deflate
      CommandName:
      - aks update
      Connection:
      - keep-alive
      ParameterSetName:
      - --resource-group --name --ssh-key-value -o
      User-Agent:
      - AZURECLI/2.49.0 azsdk-python-azure-mgmt-containerservice/23.0.0b Python/3.8.10
        (Linux-5.15.0-1039-azure-x86_64-with-glibc2.29)
    method: GET
    uri: https://management.azure.com/subscriptions/00000000-0000-0000-0000-000000000000/providers/Microsoft.ContainerService/locations/westus2/operations/6f8d36e4-ec29-44e3-a0b8-492e94ec4084?api-version=2016-03-30
  response:
    body:
      string: "{\n  \"name\": \"e4368d6f-29ec-e344-a0b8-492e94ec4084\",\n  \"status\":
        \"InProgress\",\n  \"startTime\": \"2023-06-21T10:38:12.7781787Z\"\n }"
    headers:
      cache-control:
      - no-cache
      content-length:
      - '126'
      content-type:
      - application/json
      date:
      - Wed, 21 Jun 2023 10:50:47 GMT
      expires:
      - '-1'
      pragma:
      - no-cache
      server:
      - nginx
      strict-transport-security:
      - max-age=31536000; includeSubDomains
      transfer-encoding:
      - chunked
      vary:
      - Accept-Encoding
      x-content-type-options:
      - nosniff
    status:
      code: 200
      message: OK
- request:
    body: null
    headers:
      Accept:
      - '*/*'
      Accept-Encoding:
      - gzip, deflate
      CommandName:
      - aks update
      Connection:
      - keep-alive
      ParameterSetName:
      - --resource-group --name --ssh-key-value -o
      User-Agent:
      - AZURECLI/2.49.0 azsdk-python-azure-mgmt-containerservice/23.0.0b Python/3.8.10
        (Linux-5.15.0-1039-azure-x86_64-with-glibc2.29)
    method: GET
    uri: https://management.azure.com/subscriptions/00000000-0000-0000-0000-000000000000/providers/Microsoft.ContainerService/locations/westus2/operations/6f8d36e4-ec29-44e3-a0b8-492e94ec4084?api-version=2016-03-30
  response:
    body:
      string: "{\n  \"name\": \"e4368d6f-29ec-e344-a0b8-492e94ec4084\",\n  \"status\":
        \"InProgress\",\n  \"startTime\": \"2023-06-21T10:38:12.7781787Z\"\n }"
    headers:
      cache-control:
      - no-cache
      content-length:
      - '126'
      content-type:
      - application/json
      date:
      - Wed, 21 Jun 2023 10:51:17 GMT
      expires:
      - '-1'
      pragma:
      - no-cache
      server:
      - nginx
      strict-transport-security:
      - max-age=31536000; includeSubDomains
      transfer-encoding:
      - chunked
      vary:
      - Accept-Encoding
      x-content-type-options:
      - nosniff
    status:
      code: 200
      message: OK
- request:
    body: null
    headers:
      Accept:
      - '*/*'
      Accept-Encoding:
      - gzip, deflate
      CommandName:
      - aks update
      Connection:
      - keep-alive
      ParameterSetName:
      - --resource-group --name --ssh-key-value -o
      User-Agent:
      - AZURECLI/2.49.0 azsdk-python-azure-mgmt-containerservice/23.0.0b Python/3.8.10
        (Linux-5.15.0-1039-azure-x86_64-with-glibc2.29)
    method: GET
    uri: https://management.azure.com/subscriptions/00000000-0000-0000-0000-000000000000/providers/Microsoft.ContainerService/locations/westus2/operations/6f8d36e4-ec29-44e3-a0b8-492e94ec4084?api-version=2016-03-30
  response:
    body:
      string: "{\n  \"name\": \"e4368d6f-29ec-e344-a0b8-492e94ec4084\",\n  \"status\":
        \"InProgress\",\n  \"startTime\": \"2023-06-21T10:38:12.7781787Z\"\n }"
    headers:
      cache-control:
      - no-cache
      content-length:
      - '126'
      content-type:
      - application/json
      date:
      - Wed, 21 Jun 2023 10:51:48 GMT
      expires:
      - '-1'
      pragma:
      - no-cache
      server:
      - nginx
      strict-transport-security:
      - max-age=31536000; includeSubDomains
      transfer-encoding:
      - chunked
      vary:
      - Accept-Encoding
      x-content-type-options:
      - nosniff
    status:
      code: 200
      message: OK
- request:
    body: null
    headers:
      Accept:
      - '*/*'
      Accept-Encoding:
      - gzip, deflate
      CommandName:
      - aks update
      Connection:
      - keep-alive
      ParameterSetName:
      - --resource-group --name --ssh-key-value -o
      User-Agent:
      - AZURECLI/2.49.0 azsdk-python-azure-mgmt-containerservice/23.0.0b Python/3.8.10
        (Linux-5.15.0-1039-azure-x86_64-with-glibc2.29)
    method: GET
    uri: https://management.azure.com/subscriptions/00000000-0000-0000-0000-000000000000/providers/Microsoft.ContainerService/locations/westus2/operations/6f8d36e4-ec29-44e3-a0b8-492e94ec4084?api-version=2016-03-30
  response:
    body:
      string: "{\n  \"name\": \"e4368d6f-29ec-e344-a0b8-492e94ec4084\",\n  \"status\":
        \"InProgress\",\n  \"startTime\": \"2023-06-21T10:38:12.7781787Z\"\n }"
    headers:
      cache-control:
      - no-cache
      content-length:
      - '126'
      content-type:
      - application/json
      date:
      - Wed, 21 Jun 2023 10:52:18 GMT
      expires:
      - '-1'
      pragma:
      - no-cache
      server:
      - nginx
      strict-transport-security:
      - max-age=31536000; includeSubDomains
      transfer-encoding:
      - chunked
      vary:
      - Accept-Encoding
      x-content-type-options:
      - nosniff
    status:
      code: 200
      message: OK
- request:
    body: null
    headers:
      Accept:
      - '*/*'
      Accept-Encoding:
      - gzip, deflate
      CommandName:
      - aks update
      Connection:
      - keep-alive
      ParameterSetName:
      - --resource-group --name --ssh-key-value -o
      User-Agent:
      - AZURECLI/2.49.0 azsdk-python-azure-mgmt-containerservice/23.0.0b Python/3.8.10
        (Linux-5.15.0-1039-azure-x86_64-with-glibc2.29)
    method: GET
    uri: https://management.azure.com/subscriptions/00000000-0000-0000-0000-000000000000/providers/Microsoft.ContainerService/locations/westus2/operations/6f8d36e4-ec29-44e3-a0b8-492e94ec4084?api-version=2016-03-30
  response:
    body:
      string: "{\n  \"name\": \"e4368d6f-29ec-e344-a0b8-492e94ec4084\",\n  \"status\":
        \"InProgress\",\n  \"startTime\": \"2023-06-21T10:38:12.7781787Z\"\n }"
    headers:
      cache-control:
      - no-cache
      content-length:
      - '126'
      content-type:
      - application/json
      date:
      - Wed, 21 Jun 2023 10:52:48 GMT
      expires:
      - '-1'
      pragma:
      - no-cache
      server:
      - nginx
      strict-transport-security:
      - max-age=31536000; includeSubDomains
      transfer-encoding:
      - chunked
      vary:
      - Accept-Encoding
      x-content-type-options:
      - nosniff
    status:
      code: 200
      message: OK
- request:
    body: null
    headers:
      Accept:
      - '*/*'
      Accept-Encoding:
      - gzip, deflate
      CommandName:
      - aks update
      Connection:
      - keep-alive
      ParameterSetName:
      - --resource-group --name --ssh-key-value -o
      User-Agent:
      - AZURECLI/2.49.0 azsdk-python-azure-mgmt-containerservice/23.0.0b Python/3.8.10
        (Linux-5.15.0-1039-azure-x86_64-with-glibc2.29)
    method: GET
    uri: https://management.azure.com/subscriptions/00000000-0000-0000-0000-000000000000/providers/Microsoft.ContainerService/locations/westus2/operations/6f8d36e4-ec29-44e3-a0b8-492e94ec4084?api-version=2016-03-30
  response:
    body:
      string: "{\n  \"name\": \"e4368d6f-29ec-e344-a0b8-492e94ec4084\",\n  \"status\":
        \"Succeeded\",\n  \"startTime\": \"2023-06-21T10:38:12.7781787Z\",\n  \"endTime\":
        \"2023-06-21T10:53:15.8940292Z\"\n }"
    headers:
      cache-control:
      - no-cache
      content-length:
      - '170'
      content-type:
      - application/json
      date:
      - Wed, 21 Jun 2023 10:53:18 GMT
      expires:
      - '-1'
      pragma:
      - no-cache
      server:
      - nginx
      strict-transport-security:
      - max-age=31536000; includeSubDomains
      transfer-encoding:
      - chunked
      vary:
      - Accept-Encoding
      x-content-type-options:
      - nosniff
    status:
      code: 200
      message: OK
- request:
    body: null
    headers:
      Accept:
      - '*/*'
      Accept-Encoding:
      - gzip, deflate
      CommandName:
      - aks update
      Connection:
      - keep-alive
      ParameterSetName:
      - --resource-group --name --ssh-key-value -o
      User-Agent:
      - AZURECLI/2.49.0 azsdk-python-azure-mgmt-containerservice/23.0.0b Python/3.8.10
        (Linux-5.15.0-1039-azure-x86_64-with-glibc2.29)
    method: GET
    uri: https://management.azure.com/subscriptions/00000000-0000-0000-0000-000000000000/resourceGroups/clitest000001/providers/Microsoft.ContainerService/managedClusters/cliakstest000002?api-version=2023-10-02-preview
  response:
    body:
      string: "{\n  \"id\": \"/subscriptions/00000000-0000-0000-0000-000000000000/resourcegroups/clitest000001/providers/Microsoft.ContainerService/managedClusters/cliakstest000002\",\n
        \ \"location\": \"westus2\",\n  \"name\": \"cliakstest000002\",\n  \"type\":
        \"Microsoft.ContainerService/ManagedClusters\",\n  \"properties\": {\n   \"provisioningState\":
        \"Succeeded\",\n   \"powerState\": {\n    \"code\": \"Running\"\n   },\n   \"kubernetesVersion\":
        \"1.25.6\",\n   \"currentKubernetesVersion\": \"1.25.6\",\n   \"dnsPrefix\":
        \"cliakstest-clitestvml4d6k7r-79a739\",\n   \"fqdn\": \"cliakstest-clitestvml4d6k7r-79a739-zwopz0ie.hcp.westus2.azmk8s.io\",\n
        \  \"azurePortalFQDN\": \"cliakstest-clitestvml4d6k7r-79a739-zwopz0ie.portal.hcp.westus2.azmk8s.io\",\n
        \  \"agentPoolProfiles\": [\n    {\n     \"name\": \"nodepool1\",\n     \"count\":
        1,\n     \"vmSize\": \"Standard_DS2_v2\",\n     \"osDiskSizeGB\": 128,\n     \"osDiskType\":
        \"Managed\",\n     \"kubeletDiskType\": \"OS\",\n     \"workloadRuntime\":
        \"OCIContainer\",\n     \"maxPods\": 110,\n     \"type\": \"VirtualMachineScaleSets\",\n
        \    \"enableAutoScaling\": false,\n     \"provisioningState\": \"Succeeded\",\n
        \    \"powerState\": {\n      \"code\": \"Running\"\n     },\n     \"orchestratorVersion\":
        \"1.25.6\",\n     \"currentOrchestratorVersion\": \"1.25.6\",\n     \"enableNodePublicIP\":
        false,\n     \"enableCustomCATrust\": false,\n     \"mode\": \"System\",\n
        \    \"enableEncryptionAtHost\": false,\n     \"enableUltraSSD\": false,\n
        \    \"osType\": \"Linux\",\n     \"osSKU\": \"Ubuntu\",\n     \"nodeImageVersion\":
        \"AKSUbuntu-2204gen2containerd-202306.01.0\",\n     \"upgradeSettings\": {},\n
        \    \"enableFIPS\": false,\n     \"networkProfile\": {}\n    }\n   ],\n   \"linuxProfile\":
        {\n    \"adminUsername\": \"azureuser\",\n    \"ssh\": {\n     \"publicKeys\":
        [\n      {\n       \"keyData\": \"ssh-rsa AAAAB3NzaC1yc2EAAAADAQABAAABAQCYpZoWGqsIbCKOvcrtPi5PpgoaP24pKJ8yk80qBYbqIjyVngCfM8rbgQCZKx4D8emmN7UxjiSt+c4WtV1aUfbT7VA5r4neuhPVgkqgp7CmkKdf0beV/0i5K28J7RojDTktllY9EYRYK6A4olLplaHJiuqbsMYa8amv43ol6IxgM3eE2BiEYm0/uvNKDmZ8AN4w07fFKjz1+wfdkluxC73qhijMY6FCgw+xEvvS1kd2Se6L/M/qV+VVnxW+S/bBT4Yew2dR6KWnauJvxXzdM8WQHyJy52jQ1n5PHxVRMgjRLhWvbcNNgPseFpULxe3a4ATS8kKO2Z9pzpSOgEpW7LVz\"\n
        \     }\n     ]\n    }\n   },\n   \"servicePrincipalProfile\": {\n    \"clientId\":\"00000000-0000-0000-0000-000000000001\"\n
        \  },\n   \"nodeResourceGroup\": \"MC_clitest000001_cliakstest000002_westus2\",\n
        \  \"enableRBAC\": true,\n   \"enablePodSecurityPolicy\": false,\n   \"supportPlan\":
        \"KubernetesOfficial\",\n   \"networkProfile\": {\n    \"networkPlugin\":
        \"kubenet\",\n    \"loadBalancerSku\": \"Standard\",\n    \"loadBalancerProfile\":
        {\n     \"managedOutboundIPs\": {\n      \"count\": 1\n     },\n     \"effectiveOutboundIPs\":
        [\n      {\n       \"id\": \"/subscriptions/00000000-0000-0000-0000-000000000000/resourceGroups/MC_clitest000001_cliakstest000002_westus2/providers/Microsoft.Network/publicIPAddresses/bdbecee7-70ec-4dce-8e5b-d60b4e936dbc\"\n
        \     }\n     ],\n     \"backendPoolType\": \"nodeIPConfiguration\"\n    },\n
        \   \"podCidr\": \"10.244.0.0/16\",\n    \"serviceCidr\": \"10.0.0.0/16\",\n
        \   \"dnsServiceIP\": \"10.0.0.10\",\n    \"outboundType\": \"loadBalancer\",\n
        \   \"podCidrs\": [\n     \"10.244.0.0/16\"\n    ],\n    \"serviceCidrs\":
        [\n     \"10.0.0.0/16\"\n    ],\n    \"ipFamilies\": [\n     \"IPv4\"\n    ]\n
        \  },\n   \"maxAgentPools\": 100,\n   \"identityProfile\": {\n    \"kubeletidentity\":
        {\n     \"resourceId\": \"/subscriptions/00000000-0000-0000-0000-000000000000/resourcegroups/MC_clitest000001_cliakstest000002_westus2/providers/Microsoft.ManagedIdentity/userAssignedIdentities/cliakstest000002-agentpool\",\n
        \    \"clientId\":\"00000000-0000-0000-0000-000000000001\",\n     \"objectId\":\"00000000-0000-0000-0000-000000000001\"\n
        \   }\n   },\n   \"disableLocalAccounts\": false,\n   \"securityProfile\":
        {},\n   \"storageProfile\": {\n    \"diskCSIDriver\": {\n     \"enabled\":
        true,\n     \"version\": \"v1\"\n    },\n    \"fileCSIDriver\": {\n     \"enabled\":
        true\n    },\n    \"snapshotController\": {\n     \"enabled\": true\n    }\n
        \  },\n   \"oidcIssuerProfile\": {\n    \"enabled\": false\n   },\n   \"workloadAutoScalerProfile\":
        {}\n  },\n  \"identity\": {\n   \"type\": \"SystemAssigned\",\n   \"principalId\":\"00000000-0000-0000-0000-000000000001\",\n
        \  \"tenantId\": \"72f988bf-86f1-41af-91ab-2d7cd011db47\"\n  },\n  \"sku\":
        {\n   \"name\": \"Base\",\n   \"tier\": \"Free\"\n  }\n }"
    headers:
      cache-control:
      - no-cache
      content-length:
      - '4094'
      content-type:
      - application/json
      date:
      - Wed, 21 Jun 2023 10:53:18 GMT
      expires:
      - '-1'
      pragma:
      - no-cache
      server:
      - nginx
      strict-transport-security:
      - max-age=31536000; includeSubDomains
      transfer-encoding:
      - chunked
      vary:
      - Accept-Encoding
      x-content-type-options:
      - nosniff
    status:
      code: 200
      message: OK
- request:
    body: null
    headers:
      Accept:
      - application/json
      Accept-Encoding:
      - gzip, deflate
      CommandName:
      - aks delete
      Connection:
      - keep-alive
      Content-Length:
      - '0'
      ParameterSetName:
      - -g -n --yes --no-wait
      User-Agent:
      - AZURECLI/2.49.0 azsdk-python-azure-mgmt-containerservice/23.0.0b Python/3.8.10
        (Linux-5.15.0-1039-azure-x86_64-with-glibc2.29)
    method: DELETE
    uri: https://management.azure.com/subscriptions/00000000-0000-0000-0000-000000000000/resourceGroups/clitest000001/providers/Microsoft.ContainerService/managedClusters/cliakstest000002?api-version=2023-10-02-preview
  response:
    body:
      string: ''
    headers:
      azure-asyncoperation:
      - https://management.azure.com/subscriptions/00000000-0000-0000-0000-000000000000/providers/Microsoft.ContainerService/locations/westus2/operations/ac65694f-c95e-402c-b259-1723727e008e?api-version=2016-03-30
      cache-control:
      - no-cache
      content-length:
      - '0'
      date:
      - Wed, 21 Jun 2023 10:53:20 GMT
      expires:
      - '-1'
      location:
      - https://management.azure.com/subscriptions/00000000-0000-0000-0000-000000000000/providers/Microsoft.ContainerService/locations/westus2/operationresults/ac65694f-c95e-402c-b259-1723727e008e?api-version=2016-03-30
      pragma:
      - no-cache
      server:
      - nginx
      strict-transport-security:
      - max-age=31536000; includeSubDomains
      x-content-type-options:
      - nosniff
      x-ms-ratelimit-remaining-subscription-deletes:
      - '14999'
    status:
      code: 202
      message: Accepted
version: 1
