interactions:
- request:
    body: '{"location": "westus2"}'
    headers:
      Accept:
      - application/json
      Accept-Encoding:
      - gzip, deflate
      CommandName:
      - identity create
      Connection:
      - keep-alive
      Content-Length:
      - '23'
      Content-Type:
      - application/json
      ParameterSetName:
      - --resource-group --name --location
      User-Agent:
      - AZURECLI/2.38.0 azsdk-python-azure-mgmt-msi/6.0.1 Python/3.8.10 (Linux-5.13.0-1031-azure-x86_64-with-glibc2.29)
    method: PUT
    uri: https://management.azure.com/subscriptions/00000000-0000-0000-0000-000000000000/resourceGroups/clitest000001/providers/Microsoft.ManagedIdentity/userAssignedIdentities/id000003?api-version=2021-09-30-preview
  response:
    body:
      string: '{"id":"/subscriptions/00000000-0000-0000-0000-000000000000/resourcegroups/clitest000001/providers/Microsoft.ManagedIdentity/userAssignedIdentities/id000003","name":"id000003","type":"Microsoft.ManagedIdentity/userAssignedIdentities","location":"westus2","tags":{},"properties":{"tenantId":"72f988bf-86f1-41af-91ab-2d7cd011db47","principalId":"00000000-0000-0000-0000-000000000001","clientId":"00000000-0000-0000-0000-000000000001"}}'
    headers:
      cache-control:
      - no-cache
      content-length:
      - '432'
      content-type:
      - application/json; charset=utf-8
      date:
      - Tue, 19 Jul 2022 07:09:44 GMT
      expires:
      - '-1'
      location:
      - /subscriptions/00000000-0000-0000-0000-000000000000/resourcegroups/clitest000001/providers/Microsoft.ManagedIdentity/userAssignedIdentities/id000003
      pragma:
      - no-cache
      strict-transport-security:
      - max-age=31536000; includeSubDomains
      x-content-type-options:
      - nosniff
      x-ms-ratelimit-remaining-subscription-writes:
      - '1194'
    status:
      code: 201
      message: Created
- request:
    body: '{"location": "westus2", "identity": {"type": "SystemAssigned"}, "properties":
      {"kubernetesVersion": "", "dnsPrefix": "cliakstest-clitestpfyzauv5b-8ecadf",
      "agentPoolProfiles": [{"count": 3, "vmSize": "Standard_DS2_v2", "osDiskSizeGB":
      0, "workloadRuntime": "OCIContainer", "osType": "Linux", "enableAutoScaling":
      false, "type": "VirtualMachineScaleSets", "mode": "System", "orchestratorVersion":
      "", "upgradeSettings": {}, "enableNodePublicIP": false, "enableCustomCATrust":
      false, "scaleSetPriority": "Regular", "scaleSetEvictionPolicy": "Delete", "spotMaxPrice":
      -1.0, "nodeTaints": [], "enableEncryptionAtHost": false, "enableUltraSSD": false,
      "enableFIPS": false, "name": "nodepool1"}], "linuxProfile": {"adminUsername":
      "azureuser", "ssh": {"publicKeys": [{"keyData": "ssh-rsa AAAAB3NzaC1yc2EAAAADAQABAAABAQDBDU2v87Kb4/ZzK8RbuSkPMRF9IfTfY7Y/jeEede3uFf1lnR5Cix3oY6nmZz05uZKsDemHzTJdhUrNihiBljmK14os+4sjUGz8ffZCNop35eLpuZpNuPeU3Q9RX5IGMM9rK2URKKfPqDqFu6JuliFZL9y7ayNTu3OOEJhyXi9Mw/qo0vf/u04XD/mG0WDXWXkJyC0Lgp5/PNbJuI0XH+t+Fm1zYitVh5vAAKPDvGf5QufZlPPSjp729Bt0QBBsyIIq6XVZFxUrSaAPVXdgZKmL72vW3OCDaitsD1/a0Yx4g32n5ux1KICIBdAgpQ6TFCNS9A6i8krO57LiXnVAZneB
      azcli_aks_live_test@example.com\n"}]}}, "addonProfiles": {}, "podIdentityProfile":
      {"enabled": true, "allowNetworkPluginKubenet": true}, "enableRBAC": true, "enablePodSecurityPolicy":
      false, "networkProfile": {"networkPlugin": "kubenet", "podCidr": "10.244.0.0/16",
      "serviceCidr": "10.0.0.0/16", "dnsServiceIP": "10.0.0.10", "dockerBridgeCidr":
      "172.17.0.1/16", "outboundType": "loadBalancer", "loadBalancerSku": "standard"},
      "disableLocalAccounts": false, "storageProfile": {}}}'
    headers:
      Accept:
      - application/json
      Accept-Encoding:
      - gzip, deflate
      CommandName:
      - aks create
      Connection:
      - keep-alive
      Content-Length:
      - '1634'
      Content-Type:
      - application/json
      ParameterSetName:
      - --resource-group --name --location --enable-managed-identity --enable-pod-identity
        --enable-pod-identity-with-kubenet --ssh-key-value
      User-Agent:
      - AZURECLI/2.38.0 azsdk-python-azure-mgmt-containerservice/20.0.0b Python/3.8.10
        (Linux-5.13.0-1031-azure-x86_64-with-glibc2.29)
    method: PUT
    uri: https://management.azure.com/subscriptions/00000000-0000-0000-0000-000000000000/resourceGroups/clitest000001/providers/Microsoft.ContainerService/managedClusters/cliakstest000002?api-version=2022-06-02-preview
  response:
    body:
      string: "{\n  \"id\": \"/subscriptions/00000000-0000-0000-0000-000000000000/resourcegroups/clitest000001/providers/Microsoft.ContainerService/managedClusters/cliakstest000002\",\n
        \ \"location\": \"westus2\",\n  \"name\": \"cliakstest000002\",\n  \"type\":
        \"Microsoft.ContainerService/ManagedClusters\",\n  \"properties\": {\n   \"provisioningState\":
        \"Creating\",\n   \"powerState\": {\n    \"code\": \"Running\"\n   },\n   \"kubernetesVersion\":
        \"1.22.11\",\n   \"currentKubernetesVersion\": \"1.22.11\",\n   \"dnsPrefix\":
        \"cliakstest-clitestpfyzauv5b-8ecadf\",\n   \"fqdn\": \"cliakstest-clitestpfyzauv5b-8ecadf-25c8d70c.hcp.westus2.azmk8s.io\",\n
        \  \"azurePortalFQDN\": \"cliakstest-clitestpfyzauv5b-8ecadf-25c8d70c.portal.hcp.westus2.azmk8s.io\",\n
        \  \"agentPoolProfiles\": [\n    {\n     \"name\": \"nodepool1\",\n     \"count\":
        3,\n     \"vmSize\": \"Standard_DS2_v2\",\n     \"osDiskSizeGB\": 128,\n     \"osDiskType\":
        \"Managed\",\n     \"kubeletDiskType\": \"OS\",\n     \"workloadRuntime\":
        \"OCIContainer\",\n     \"maxPods\": 110,\n     \"type\": \"VirtualMachineScaleSets\",\n
        \    \"enableAutoScaling\": false,\n     \"provisioningState\": \"Creating\",\n
        \    \"powerState\": {\n      \"code\": \"Running\"\n     },\n     \"orchestratorVersion\":
        \"1.22.11\",\n     \"enableNodePublicIP\": false,\n     \"enableCustomCATrust\":
        false,\n     \"mode\": \"System\",\n     \"enableEncryptionAtHost\": false,\n
        \    \"enableUltraSSD\": false,\n     \"osType\": \"Linux\",\n     \"osSKU\":
        \"Ubuntu\",\n     \"nodeImageVersion\": \"AKSUbuntu-1804gen2containerd-2022.06.29\",\n
        \    \"upgradeSettings\": {},\n     \"enableFIPS\": false\n    }\n   ],\n
        \  \"linuxProfile\": {\n    \"adminUsername\": \"azureuser\",\n    \"ssh\":
        {\n     \"publicKeys\": [\n      {\n       \"keyData\": \"ssh-rsa AAAAB3NzaC1yc2EAAAADAQABAAABAQDBDU2v87Kb4/ZzK8RbuSkPMRF9IfTfY7Y/jeEede3uFf1lnR5Cix3oY6nmZz05uZKsDemHzTJdhUrNihiBljmK14os+4sjUGz8ffZCNop35eLpuZpNuPeU3Q9RX5IGMM9rK2URKKfPqDqFu6JuliFZL9y7ayNTu3OOEJhyXi9Mw/qo0vf/u04XD/mG0WDXWXkJyC0Lgp5/PNbJuI0XH+t+Fm1zYitVh5vAAKPDvGf5QufZlPPSjp729Bt0QBBsyIIq6XVZFxUrSaAPVXdgZKmL72vW3OCDaitsD1/a0Yx4g32n5ux1KICIBdAgpQ6TFCNS9A6i8krO57LiXnVAZneB
        azcli_aks_live_test@example.com\\n\"\n      }\n     ]\n    }\n   },\n   \"servicePrincipalProfile\":
        {\n    \"clientId\":\"00000000-0000-0000-0000-000000000001\"\n   },\n   \"nodeResourceGroup\":
        \"MC_clitest000001_cliakstest000002_westus2\",\n   \"enableRBAC\": true,\n
        \  \"enablePodSecurityPolicy\": false,\n   \"networkProfile\": {\n    \"networkPlugin\":
        \"kubenet\",\n    \"loadBalancerSku\": \"standard\",\n    \"loadBalancerProfile\":
        {\n     \"managedOutboundIPs\": {\n      \"count\": 1\n     }\n    },\n    \"podCidr\":
        \"10.244.0.0/16\",\n    \"serviceCidr\": \"10.0.0.0/16\",\n    \"dnsServiceIP\":
        \"10.0.0.10\",\n    \"dockerBridgeCidr\": \"172.17.0.1/16\",\n    \"outboundType\":
        \"loadBalancer\",\n    \"podCidrs\": [\n     \"10.244.0.0/16\"\n    ],\n    \"serviceCidrs\":
        [\n     \"10.0.0.0/16\"\n    ],\n    \"ipFamilies\": [\n     \"IPv4\"\n    ]\n
        \  },\n   \"maxAgentPools\": 100,\n   \"podIdentityProfile\": {\n    \"enabled\":
        true,\n    \"allowNetworkPluginKubenet\": true\n   },\n   \"disableLocalAccounts\":
        false,\n   \"securityProfile\": {},\n   \"storageProfile\": {\n    \"diskCSIDriver\":
        {\n     \"enabled\": true,\n     \"version\": \"v1\"\n    },\n    \"fileCSIDriver\":
        {\n     \"enabled\": true\n    },\n    \"snapshotController\": {\n     \"enabled\":
        true\n    }\n   },\n   \"oidcIssuerProfile\": {\n    \"enabled\": false\n
        \  }\n  },\n  \"identity\": {\n   \"type\": \"SystemAssigned\",\n   \"principalId\":\"00000000-0000-0000-0000-000000000001\",\n
        \  \"tenantId\": \"72f988bf-86f1-41af-91ab-2d7cd011db47\"\n  },\n  \"sku\":
        {\n   \"name\": \"Basic\",\n   \"tier\": \"Free\"\n  }\n }"
    headers:
      azure-asyncoperation:
      - https://management.azure.com/subscriptions/00000000-0000-0000-0000-000000000000/providers/Microsoft.ContainerService/locations/westus2/operations/100eb2a6-c219-4982-9f62-2a81a062f4e3?api-version=2016-03-30
      cache-control:
      - no-cache
      content-length:
      - '3416'
      content-type:
      - application/json
      date:
      - Tue, 19 Jul 2022 07:09:48 GMT
      expires:
      - '-1'
      pragma:
      - no-cache
      server:
      - nginx
      strict-transport-security:
      - max-age=31536000; includeSubDomains
      x-content-type-options:
      - nosniff
      x-ms-ratelimit-remaining-subscription-writes:
      - '1190'
    status:
      code: 201
      message: Created
- request:
    body: null
    headers:
      Accept:
      - '*/*'
      Accept-Encoding:
      - gzip, deflate
      CommandName:
      - aks create
      Connection:
      - keep-alive
      ParameterSetName:
      - --resource-group --name --location --enable-managed-identity --enable-pod-identity
        --enable-pod-identity-with-kubenet --ssh-key-value
      User-Agent:
      - AZURECLI/2.38.0 azsdk-python-azure-mgmt-containerservice/20.0.0b Python/3.8.10
        (Linux-5.13.0-1031-azure-x86_64-with-glibc2.29)
    method: GET
    uri: https://management.azure.com/subscriptions/00000000-0000-0000-0000-000000000000/providers/Microsoft.ContainerService/locations/westus2/operations/100eb2a6-c219-4982-9f62-2a81a062f4e3?api-version=2016-03-30
  response:
    body:
      string: "{\n  \"name\": \"a6b20e10-19c2-8249-9f62-2a81a062f4e3\",\n  \"status\":
        \"InProgress\",\n  \"startTime\": \"2022-07-19T07:09:49.1833333Z\"\n }"
    headers:
      cache-control:
      - no-cache
      content-length:
      - '126'
      content-type:
      - application/json
      date:
      - Tue, 19 Jul 2022 07:10:19 GMT
      expires:
      - '-1'
      pragma:
      - no-cache
      server:
      - nginx
      strict-transport-security:
      - max-age=31536000; includeSubDomains
      transfer-encoding:
      - chunked
      vary:
      - Accept-Encoding
      x-content-type-options:
      - nosniff
    status:
      code: 200
      message: OK
- request:
    body: null
    headers:
      Accept:
      - '*/*'
      Accept-Encoding:
      - gzip, deflate
      CommandName:
      - aks create
      Connection:
      - keep-alive
      ParameterSetName:
      - --resource-group --name --location --enable-managed-identity --enable-pod-identity
        --enable-pod-identity-with-kubenet --ssh-key-value
      User-Agent:
      - AZURECLI/2.38.0 azsdk-python-azure-mgmt-containerservice/20.0.0b Python/3.8.10
        (Linux-5.13.0-1031-azure-x86_64-with-glibc2.29)
    method: GET
    uri: https://management.azure.com/subscriptions/00000000-0000-0000-0000-000000000000/providers/Microsoft.ContainerService/locations/westus2/operations/100eb2a6-c219-4982-9f62-2a81a062f4e3?api-version=2016-03-30
  response:
    body:
      string: "{\n  \"name\": \"a6b20e10-19c2-8249-9f62-2a81a062f4e3\",\n  \"status\":
        \"InProgress\",\n  \"startTime\": \"2022-07-19T07:09:49.1833333Z\"\n }"
    headers:
      cache-control:
      - no-cache
      content-length:
      - '126'
      content-type:
      - application/json
      date:
      - Tue, 19 Jul 2022 07:10:49 GMT
      expires:
      - '-1'
      pragma:
      - no-cache
      server:
      - nginx
      strict-transport-security:
      - max-age=31536000; includeSubDomains
      transfer-encoding:
      - chunked
      vary:
      - Accept-Encoding
      x-content-type-options:
      - nosniff
    status:
      code: 200
      message: OK
- request:
    body: null
    headers:
      Accept:
      - '*/*'
      Accept-Encoding:
      - gzip, deflate
      CommandName:
      - aks create
      Connection:
      - keep-alive
      ParameterSetName:
      - --resource-group --name --location --enable-managed-identity --enable-pod-identity
        --enable-pod-identity-with-kubenet --ssh-key-value
      User-Agent:
      - AZURECLI/2.38.0 azsdk-python-azure-mgmt-containerservice/20.0.0b Python/3.8.10
        (Linux-5.13.0-1031-azure-x86_64-with-glibc2.29)
    method: GET
    uri: https://management.azure.com/subscriptions/00000000-0000-0000-0000-000000000000/providers/Microsoft.ContainerService/locations/westus2/operations/100eb2a6-c219-4982-9f62-2a81a062f4e3?api-version=2016-03-30
  response:
    body:
      string: "{\n  \"name\": \"a6b20e10-19c2-8249-9f62-2a81a062f4e3\",\n  \"status\":
        \"InProgress\",\n  \"startTime\": \"2022-07-19T07:09:49.1833333Z\"\n }"
    headers:
      cache-control:
      - no-cache
      content-length:
      - '126'
      content-type:
      - application/json
      date:
      - Tue, 19 Jul 2022 07:11:18 GMT
      expires:
      - '-1'
      pragma:
      - no-cache
      server:
      - nginx
      strict-transport-security:
      - max-age=31536000; includeSubDomains
      transfer-encoding:
      - chunked
      vary:
      - Accept-Encoding
      x-content-type-options:
      - nosniff
    status:
      code: 200
      message: OK
- request:
    body: null
    headers:
      Accept:
      - '*/*'
      Accept-Encoding:
      - gzip, deflate
      CommandName:
      - aks create
      Connection:
      - keep-alive
      ParameterSetName:
      - --resource-group --name --location --enable-managed-identity --enable-pod-identity
        --enable-pod-identity-with-kubenet --ssh-key-value
      User-Agent:
      - AZURECLI/2.38.0 azsdk-python-azure-mgmt-containerservice/20.0.0b Python/3.8.10
        (Linux-5.13.0-1031-azure-x86_64-with-glibc2.29)
    method: GET
    uri: https://management.azure.com/subscriptions/00000000-0000-0000-0000-000000000000/providers/Microsoft.ContainerService/locations/westus2/operations/100eb2a6-c219-4982-9f62-2a81a062f4e3?api-version=2016-03-30
  response:
    body:
      string: "{\n  \"name\": \"a6b20e10-19c2-8249-9f62-2a81a062f4e3\",\n  \"status\":
        \"InProgress\",\n  \"startTime\": \"2022-07-19T07:09:49.1833333Z\"\n }"
    headers:
      cache-control:
      - no-cache
      content-length:
      - '126'
      content-type:
      - application/json
      date:
      - Tue, 19 Jul 2022 07:11:49 GMT
      expires:
      - '-1'
      pragma:
      - no-cache
      server:
      - nginx
      strict-transport-security:
      - max-age=31536000; includeSubDomains
      transfer-encoding:
      - chunked
      vary:
      - Accept-Encoding
      x-content-type-options:
      - nosniff
    status:
      code: 200
      message: OK
- request:
    body: null
    headers:
      Accept:
      - '*/*'
      Accept-Encoding:
      - gzip, deflate
      CommandName:
      - aks create
      Connection:
      - keep-alive
      ParameterSetName:
      - --resource-group --name --location --enable-managed-identity --enable-pod-identity
        --enable-pod-identity-with-kubenet --ssh-key-value
      User-Agent:
      - AZURECLI/2.38.0 azsdk-python-azure-mgmt-containerservice/20.0.0b Python/3.8.10
        (Linux-5.13.0-1031-azure-x86_64-with-glibc2.29)
    method: GET
    uri: https://management.azure.com/subscriptions/00000000-0000-0000-0000-000000000000/providers/Microsoft.ContainerService/locations/westus2/operations/100eb2a6-c219-4982-9f62-2a81a062f4e3?api-version=2016-03-30
  response:
    body:
      string: "{\n  \"name\": \"a6b20e10-19c2-8249-9f62-2a81a062f4e3\",\n  \"status\":
        \"InProgress\",\n  \"startTime\": \"2022-07-19T07:09:49.1833333Z\"\n }"
    headers:
      cache-control:
      - no-cache
      content-length:
      - '126'
      content-type:
      - application/json
      date:
      - Tue, 19 Jul 2022 07:12:19 GMT
      expires:
      - '-1'
      pragma:
      - no-cache
      server:
      - nginx
      strict-transport-security:
      - max-age=31536000; includeSubDomains
      transfer-encoding:
      - chunked
      vary:
      - Accept-Encoding
      x-content-type-options:
      - nosniff
    status:
      code: 200
      message: OK
- request:
    body: null
    headers:
      Accept:
      - '*/*'
      Accept-Encoding:
      - gzip, deflate
      CommandName:
      - aks create
      Connection:
      - keep-alive
      ParameterSetName:
      - --resource-group --name --location --enable-managed-identity --enable-pod-identity
        --enable-pod-identity-with-kubenet --ssh-key-value
      User-Agent:
      - AZURECLI/2.38.0 azsdk-python-azure-mgmt-containerservice/20.0.0b Python/3.8.10
        (Linux-5.13.0-1031-azure-x86_64-with-glibc2.29)
    method: GET
    uri: https://management.azure.com/subscriptions/00000000-0000-0000-0000-000000000000/providers/Microsoft.ContainerService/locations/westus2/operations/100eb2a6-c219-4982-9f62-2a81a062f4e3?api-version=2016-03-30
  response:
    body:
      string: "{\n  \"name\": \"a6b20e10-19c2-8249-9f62-2a81a062f4e3\",\n  \"status\":
        \"InProgress\",\n  \"startTime\": \"2022-07-19T07:09:49.1833333Z\"\n }"
    headers:
      cache-control:
      - no-cache
      content-length:
      - '126'
      content-type:
      - application/json
      date:
      - Tue, 19 Jul 2022 07:12:49 GMT
      expires:
      - '-1'
      pragma:
      - no-cache
      server:
      - nginx
      strict-transport-security:
      - max-age=31536000; includeSubDomains
      transfer-encoding:
      - chunked
      vary:
      - Accept-Encoding
      x-content-type-options:
      - nosniff
    status:
      code: 200
      message: OK
- request:
    body: null
    headers:
      Accept:
      - '*/*'
      Accept-Encoding:
      - gzip, deflate
      CommandName:
      - aks create
      Connection:
      - keep-alive
      ParameterSetName:
      - --resource-group --name --location --enable-managed-identity --enable-pod-identity
        --enable-pod-identity-with-kubenet --ssh-key-value
      User-Agent:
      - AZURECLI/2.38.0 azsdk-python-azure-mgmt-containerservice/20.0.0b Python/3.8.10
        (Linux-5.13.0-1031-azure-x86_64-with-glibc2.29)
    method: GET
    uri: https://management.azure.com/subscriptions/00000000-0000-0000-0000-000000000000/providers/Microsoft.ContainerService/locations/westus2/operations/100eb2a6-c219-4982-9f62-2a81a062f4e3?api-version=2016-03-30
  response:
    body:
      string: "{\n  \"name\": \"a6b20e10-19c2-8249-9f62-2a81a062f4e3\",\n  \"status\":
        \"InProgress\",\n  \"startTime\": \"2022-07-19T07:09:49.1833333Z\"\n }"
    headers:
      cache-control:
      - no-cache
      content-length:
      - '126'
      content-type:
      - application/json
      date:
      - Tue, 19 Jul 2022 07:13:19 GMT
      expires:
      - '-1'
      pragma:
      - no-cache
      server:
      - nginx
      strict-transport-security:
      - max-age=31536000; includeSubDomains
      transfer-encoding:
      - chunked
      vary:
      - Accept-Encoding
      x-content-type-options:
      - nosniff
    status:
      code: 200
      message: OK
- request:
    body: null
    headers:
      Accept:
      - '*/*'
      Accept-Encoding:
      - gzip, deflate
      CommandName:
      - aks create
      Connection:
      - keep-alive
      ParameterSetName:
      - --resource-group --name --location --enable-managed-identity --enable-pod-identity
        --enable-pod-identity-with-kubenet --ssh-key-value
      User-Agent:
      - AZURECLI/2.38.0 azsdk-python-azure-mgmt-containerservice/20.0.0b Python/3.8.10
        (Linux-5.13.0-1031-azure-x86_64-with-glibc2.29)
    method: GET
    uri: https://management.azure.com/subscriptions/00000000-0000-0000-0000-000000000000/providers/Microsoft.ContainerService/locations/westus2/operations/100eb2a6-c219-4982-9f62-2a81a062f4e3?api-version=2016-03-30
  response:
    body:
      string: "{\n  \"name\": \"a6b20e10-19c2-8249-9f62-2a81a062f4e3\",\n  \"status\":
        \"Succeeded\",\n  \"startTime\": \"2022-07-19T07:09:49.1833333Z\",\n  \"endTime\":
        \"2022-07-19T07:13:38.5113535Z\"\n }"
    headers:
      cache-control:
      - no-cache
      content-length:
      - '170'
      content-type:
      - application/json
      date:
      - Tue, 19 Jul 2022 07:13:49 GMT
      expires:
      - '-1'
      pragma:
      - no-cache
      server:
      - nginx
      strict-transport-security:
      - max-age=31536000; includeSubDomains
      transfer-encoding:
      - chunked
      vary:
      - Accept-Encoding
      x-content-type-options:
      - nosniff
    status:
      code: 200
      message: OK
- request:
    body: null
    headers:
      Accept:
      - '*/*'
      Accept-Encoding:
      - gzip, deflate
      CommandName:
      - aks create
      Connection:
      - keep-alive
      ParameterSetName:
      - --resource-group --name --location --enable-managed-identity --enable-pod-identity
        --enable-pod-identity-with-kubenet --ssh-key-value
      User-Agent:
      - AZURECLI/2.38.0 azsdk-python-azure-mgmt-containerservice/20.0.0b Python/3.8.10
        (Linux-5.13.0-1031-azure-x86_64-with-glibc2.29)
    method: GET
    uri: https://management.azure.com/subscriptions/00000000-0000-0000-0000-000000000000/resourceGroups/clitest000001/providers/Microsoft.ContainerService/managedClusters/cliakstest000002?api-version=2022-06-02-preview
  response:
    body:
      string: "{\n  \"id\": \"/subscriptions/00000000-0000-0000-0000-000000000000/resourcegroups/clitest000001/providers/Microsoft.ContainerService/managedClusters/cliakstest000002\",\n
        \ \"location\": \"westus2\",\n  \"name\": \"cliakstest000002\",\n  \"type\":
        \"Microsoft.ContainerService/ManagedClusters\",\n  \"properties\": {\n   \"provisioningState\":
        \"Succeeded\",\n   \"powerState\": {\n    \"code\": \"Running\"\n   },\n   \"kubernetesVersion\":
        \"1.22.11\",\n   \"currentKubernetesVersion\": \"1.22.11\",\n   \"dnsPrefix\":
        \"cliakstest-clitestpfyzauv5b-8ecadf\",\n   \"fqdn\": \"cliakstest-clitestpfyzauv5b-8ecadf-25c8d70c.hcp.westus2.azmk8s.io\",\n
        \  \"azurePortalFQDN\": \"cliakstest-clitestpfyzauv5b-8ecadf-25c8d70c.portal.hcp.westus2.azmk8s.io\",\n
        \  \"agentPoolProfiles\": [\n    {\n     \"name\": \"nodepool1\",\n     \"count\":
        3,\n     \"vmSize\": \"Standard_DS2_v2\",\n     \"osDiskSizeGB\": 128,\n     \"osDiskType\":
        \"Managed\",\n     \"kubeletDiskType\": \"OS\",\n     \"workloadRuntime\":
        \"OCIContainer\",\n     \"maxPods\": 110,\n     \"type\": \"VirtualMachineScaleSets\",\n
        \    \"enableAutoScaling\": false,\n     \"provisioningState\": \"Succeeded\",\n
        \    \"powerState\": {\n      \"code\": \"Running\"\n     },\n     \"orchestratorVersion\":
        \"1.22.11\",\n     \"enableNodePublicIP\": false,\n     \"enableCustomCATrust\":
        false,\n     \"mode\": \"System\",\n     \"enableEncryptionAtHost\": false,\n
        \    \"enableUltraSSD\": false,\n     \"osType\": \"Linux\",\n     \"osSKU\":
        \"Ubuntu\",\n     \"nodeImageVersion\": \"AKSUbuntu-1804gen2containerd-2022.06.29\",\n
        \    \"upgradeSettings\": {},\n     \"enableFIPS\": false\n    }\n   ],\n
        \  \"linuxProfile\": {\n    \"adminUsername\": \"azureuser\",\n    \"ssh\":
        {\n     \"publicKeys\": [\n      {\n       \"keyData\": \"ssh-rsa AAAAB3NzaC1yc2EAAAADAQABAAABAQDBDU2v87Kb4/ZzK8RbuSkPMRF9IfTfY7Y/jeEede3uFf1lnR5Cix3oY6nmZz05uZKsDemHzTJdhUrNihiBljmK14os+4sjUGz8ffZCNop35eLpuZpNuPeU3Q9RX5IGMM9rK2URKKfPqDqFu6JuliFZL9y7ayNTu3OOEJhyXi9Mw/qo0vf/u04XD/mG0WDXWXkJyC0Lgp5/PNbJuI0XH+t+Fm1zYitVh5vAAKPDvGf5QufZlPPSjp729Bt0QBBsyIIq6XVZFxUrSaAPVXdgZKmL72vW3OCDaitsD1/a0Yx4g32n5ux1KICIBdAgpQ6TFCNS9A6i8krO57LiXnVAZneB
        azcli_aks_live_test@example.com\\n\"\n      }\n     ]\n    }\n   },\n   \"servicePrincipalProfile\":
        {\n    \"clientId\":\"00000000-0000-0000-0000-000000000001\"\n   },\n   \"nodeResourceGroup\":
        \"MC_clitest000001_cliakstest000002_westus2\",\n   \"enableRBAC\": true,\n
        \  \"enablePodSecurityPolicy\": false,\n   \"networkProfile\": {\n    \"networkPlugin\":
        \"kubenet\",\n    \"loadBalancerSku\": \"Standard\",\n    \"loadBalancerProfile\":
        {\n     \"managedOutboundIPs\": {\n      \"count\": 1\n     },\n     \"effectiveOutboundIPs\":
        [\n      {\n       \"id\": \"/subscriptions/00000000-0000-0000-0000-000000000000/resourceGroups/MC_clitest000001_cliakstest000002_westus2/providers/Microsoft.Network/publicIPAddresses/354f91fb-7c7a-468d-9c4d-6dab050b19f6\"\n
        \     }\n     ]\n    },\n    \"podCidr\": \"10.244.0.0/16\",\n    \"serviceCidr\":
        \"10.0.0.0/16\",\n    \"dnsServiceIP\": \"10.0.0.10\",\n    \"dockerBridgeCidr\":
        \"172.17.0.1/16\",\n    \"outboundType\": \"loadBalancer\",\n    \"podCidrs\":
        [\n     \"10.244.0.0/16\"\n    ],\n    \"serviceCidrs\": [\n     \"10.0.0.0/16\"\n
        \   ],\n    \"ipFamilies\": [\n     \"IPv4\"\n    ]\n   },\n   \"maxAgentPools\":
        100,\n   \"identityProfile\": {\n    \"kubeletidentity\": {\n     \"resourceId\":
        \"/subscriptions/00000000-0000-0000-0000-000000000000/resourcegroups/MC_clitest000001_cliakstest000002_westus2/providers/Microsoft.ManagedIdentity/userAssignedIdentities/cliakstest000002-agentpool\",\n
        \    \"clientId\":\"00000000-0000-0000-0000-000000000001\",\n     \"objectId\":\"00000000-0000-0000-0000-000000000001\"\n
        \   }\n   },\n   \"podIdentityProfile\": {\n    \"enabled\": true,\n    \"allowNetworkPluginKubenet\":
        true\n   },\n   \"disableLocalAccounts\": false,\n   \"securityProfile\":
        {},\n   \"storageProfile\": {\n    \"diskCSIDriver\": {\n     \"enabled\":
        true,\n     \"version\": \"v1\"\n    },\n    \"fileCSIDriver\": {\n     \"enabled\":
        true\n    },\n    \"snapshotController\": {\n     \"enabled\": true\n    }\n
        \  },\n   \"oidcIssuerProfile\": {\n    \"enabled\": false\n   }\n  },\n  \"identity\":
        {\n   \"type\": \"SystemAssigned\",\n   \"principalId\":\"00000000-0000-0000-0000-000000000001\",\n
        \  \"tenantId\": \"72f988bf-86f1-41af-91ab-2d7cd011db47\"\n  },\n  \"sku\":
        {\n   \"name\": \"Basic\",\n   \"tier\": \"Free\"\n  }\n }"
    headers:
      cache-control:
      - no-cache
      content-length:
      - '4069'
      content-type:
      - application/json
      date:
      - Tue, 19 Jul 2022 07:13:49 GMT
      expires:
      - '-1'
      pragma:
      - no-cache
      server:
      - nginx
      strict-transport-security:
      - max-age=31536000; includeSubDomains
      transfer-encoding:
      - chunked
      vary:
      - Accept-Encoding
      x-content-type-options:
      - nosniff
    status:
      code: 200
      message: OK
- request:
    body: null
    headers:
      Accept:
      - application/json
      Accept-Encoding:
      - gzip, deflate
      CommandName:
      - aks pod-identity add
      Connection:
      - keep-alive
      ParameterSetName:
      - --cluster-name --resource-group --namespace --name --identity-resource-id
      User-Agent:
      - AZURECLI/2.38.0 azsdk-python-azure-mgmt-containerservice/20.0.0b Python/3.8.10
        (Linux-5.13.0-1031-azure-x86_64-with-glibc2.29)
    method: GET
    uri: https://management.azure.com/subscriptions/00000000-0000-0000-0000-000000000000/resourceGroups/clitest000001/providers/Microsoft.ContainerService/managedClusters/cliakstest000002?api-version=2022-06-02-preview
  response:
    body:
      string: "{\n  \"id\": \"/subscriptions/00000000-0000-0000-0000-000000000000/resourcegroups/clitest000001/providers/Microsoft.ContainerService/managedClusters/cliakstest000002\",\n
        \ \"location\": \"westus2\",\n  \"name\": \"cliakstest000002\",\n  \"type\":
        \"Microsoft.ContainerService/ManagedClusters\",\n  \"properties\": {\n   \"provisioningState\":
        \"Succeeded\",\n   \"powerState\": {\n    \"code\": \"Running\"\n   },\n   \"kubernetesVersion\":
        \"1.22.11\",\n   \"currentKubernetesVersion\": \"1.22.11\",\n   \"dnsPrefix\":
        \"cliakstest-clitestpfyzauv5b-8ecadf\",\n   \"fqdn\": \"cliakstest-clitestpfyzauv5b-8ecadf-25c8d70c.hcp.westus2.azmk8s.io\",\n
        \  \"azurePortalFQDN\": \"cliakstest-clitestpfyzauv5b-8ecadf-25c8d70c.portal.hcp.westus2.azmk8s.io\",\n
        \  \"agentPoolProfiles\": [\n    {\n     \"name\": \"nodepool1\",\n     \"count\":
        3,\n     \"vmSize\": \"Standard_DS2_v2\",\n     \"osDiskSizeGB\": 128,\n     \"osDiskType\":
        \"Managed\",\n     \"kubeletDiskType\": \"OS\",\n     \"workloadRuntime\":
        \"OCIContainer\",\n     \"maxPods\": 110,\n     \"type\": \"VirtualMachineScaleSets\",\n
        \    \"enableAutoScaling\": false,\n     \"provisioningState\": \"Succeeded\",\n
        \    \"powerState\": {\n      \"code\": \"Running\"\n     },\n     \"orchestratorVersion\":
        \"1.22.11\",\n     \"enableNodePublicIP\": false,\n     \"enableCustomCATrust\":
        false,\n     \"mode\": \"System\",\n     \"enableEncryptionAtHost\": false,\n
        \    \"enableUltraSSD\": false,\n     \"osType\": \"Linux\",\n     \"osSKU\":
        \"Ubuntu\",\n     \"nodeImageVersion\": \"AKSUbuntu-1804gen2containerd-2022.06.29\",\n
        \    \"upgradeSettings\": {},\n     \"enableFIPS\": false\n    }\n   ],\n
        \  \"linuxProfile\": {\n    \"adminUsername\": \"azureuser\",\n    \"ssh\":
        {\n     \"publicKeys\": [\n      {\n       \"keyData\": \"ssh-rsa AAAAB3NzaC1yc2EAAAADAQABAAABAQDBDU2v87Kb4/ZzK8RbuSkPMRF9IfTfY7Y/jeEede3uFf1lnR5Cix3oY6nmZz05uZKsDemHzTJdhUrNihiBljmK14os+4sjUGz8ffZCNop35eLpuZpNuPeU3Q9RX5IGMM9rK2URKKfPqDqFu6JuliFZL9y7ayNTu3OOEJhyXi9Mw/qo0vf/u04XD/mG0WDXWXkJyC0Lgp5/PNbJuI0XH+t+Fm1zYitVh5vAAKPDvGf5QufZlPPSjp729Bt0QBBsyIIq6XVZFxUrSaAPVXdgZKmL72vW3OCDaitsD1/a0Yx4g32n5ux1KICIBdAgpQ6TFCNS9A6i8krO57LiXnVAZneB
        azcli_aks_live_test@example.com\\n\"\n      }\n     ]\n    }\n   },\n   \"servicePrincipalProfile\":
        {\n    \"clientId\":\"00000000-0000-0000-0000-000000000001\"\n   },\n   \"nodeResourceGroup\":
        \"MC_clitest000001_cliakstest000002_westus2\",\n   \"enableRBAC\": true,\n
        \  \"enablePodSecurityPolicy\": false,\n   \"networkProfile\": {\n    \"networkPlugin\":
        \"kubenet\",\n    \"loadBalancerSku\": \"Standard\",\n    \"loadBalancerProfile\":
        {\n     \"managedOutboundIPs\": {\n      \"count\": 1\n     },\n     \"effectiveOutboundIPs\":
        [\n      {\n       \"id\": \"/subscriptions/00000000-0000-0000-0000-000000000000/resourceGroups/MC_clitest000001_cliakstest000002_westus2/providers/Microsoft.Network/publicIPAddresses/354f91fb-7c7a-468d-9c4d-6dab050b19f6\"\n
        \     }\n     ]\n    },\n    \"podCidr\": \"10.244.0.0/16\",\n    \"serviceCidr\":
        \"10.0.0.0/16\",\n    \"dnsServiceIP\": \"10.0.0.10\",\n    \"dockerBridgeCidr\":
        \"172.17.0.1/16\",\n    \"outboundType\": \"loadBalancer\",\n    \"podCidrs\":
        [\n     \"10.244.0.0/16\"\n    ],\n    \"serviceCidrs\": [\n     \"10.0.0.0/16\"\n
        \   ],\n    \"ipFamilies\": [\n     \"IPv4\"\n    ]\n   },\n   \"maxAgentPools\":
        100,\n   \"identityProfile\": {\n    \"kubeletidentity\": {\n     \"resourceId\":
        \"/subscriptions/00000000-0000-0000-0000-000000000000/resourcegroups/MC_clitest000001_cliakstest000002_westus2/providers/Microsoft.ManagedIdentity/userAssignedIdentities/cliakstest000002-agentpool\",\n
        \    \"clientId\":\"00000000-0000-0000-0000-000000000001\",\n     \"objectId\":\"00000000-0000-0000-0000-000000000001\"\n
        \   }\n   },\n   \"podIdentityProfile\": {\n    \"enabled\": true,\n    \"allowNetworkPluginKubenet\":
        true\n   },\n   \"disableLocalAccounts\": false,\n   \"securityProfile\":
        {},\n   \"storageProfile\": {\n    \"diskCSIDriver\": {\n     \"enabled\":
        true,\n     \"version\": \"v1\"\n    },\n    \"fileCSIDriver\": {\n     \"enabled\":
        true\n    },\n    \"snapshotController\": {\n     \"enabled\": true\n    }\n
        \  },\n   \"oidcIssuerProfile\": {\n    \"enabled\": false\n   }\n  },\n  \"identity\":
        {\n   \"type\": \"SystemAssigned\",\n   \"principalId\":\"00000000-0000-0000-0000-000000000001\",\n
        \  \"tenantId\": \"72f988bf-86f1-41af-91ab-2d7cd011db47\"\n  },\n  \"sku\":
        {\n   \"name\": \"Basic\",\n   \"tier\": \"Free\"\n  }\n }"
    headers:
      cache-control:
      - no-cache
      content-length:
      - '4069'
      content-type:
      - application/json
      date:
      - Tue, 19 Jul 2022 07:13:50 GMT
      expires:
      - '-1'
      pragma:
      - no-cache
      server:
      - nginx
      strict-transport-security:
      - max-age=31536000; includeSubDomains
      transfer-encoding:
      - chunked
      vary:
      - Accept-Encoding
      x-content-type-options:
      - nosniff
    status:
      code: 200
      message: OK
- request:
    body: null
    headers:
      Accept:
      - application/json
      Accept-Encoding:
      - gzip, deflate
      CommandName:
      - aks pod-identity add
      Connection:
      - keep-alive
      ParameterSetName:
      - --cluster-name --resource-group --namespace --name --identity-resource-id
      User-Agent:
      - AZURECLI/2.38.0 azsdk-python-azure-mgmt-msi/6.0.1 Python/3.8.10 (Linux-5.13.0-1031-azure-x86_64-with-glibc2.29)
    method: GET
    uri: https://management.azure.com/subscriptions/00000000-0000-0000-0000-000000000000/resourceGroups/clitest000001/providers/Microsoft.ManagedIdentity/userAssignedIdentities/id000003?api-version=2018-11-30
  response:
    body:
      string: '{"id":"/subscriptions/00000000-0000-0000-0000-000000000000/resourcegroups/clitest000001/providers/Microsoft.ManagedIdentity/userAssignedIdentities/id000003","name":"id000003","type":"Microsoft.ManagedIdentity/userAssignedIdentities","location":"westus2","tags":{},"properties":{"tenantId":"72f988bf-86f1-41af-91ab-2d7cd011db47","principalId":"00000000-0000-0000-0000-000000000001","clientId":"00000000-0000-0000-0000-000000000001"}}'
    headers:
      cache-control:
      - no-cache
      content-length:
      - '432'
      content-type:
      - application/json; charset=utf-8
      date:
      - Tue, 19 Jul 2022 07:13:50 GMT
      expires:
      - '-1'
      pragma:
      - no-cache
      strict-transport-security:
      - max-age=31536000; includeSubDomains
      transfer-encoding:
      - chunked
      vary:
      - Accept-Encoding
      x-content-type-options:
      - nosniff
    status:
      code: 200
      message: OK
- request:
    body: null
    headers:
      Accept:
      - application/json
      Accept-Encoding:
      - gzip, deflate
      CommandName:
      - aks pod-identity add
      Connection:
      - keep-alive
      ParameterSetName:
      - --cluster-name --resource-group --namespace --name --identity-resource-id
      User-Agent:
      - python/3.8.10 (Linux-5.13.0-1031-azure-x86_64-with-glibc2.29) msrest/0.7.0
        msrest_azure/0.6.4 azure-mgmt-authorization/0.61.0 Azure-SDK-For-Python AZURECLI/2.38.0
      accept-language:
      - en-US
    method: GET
    uri: https://management.azure.com/subscriptions/00000000-0000-0000-0000-000000000000/resourcegroups/clitest000001/providers/microsoft.managedidentity/userassignedidentities/id000003/providers/Microsoft.Authorization/roleAssignments?$filter=atScope%28%29%20and%20assignedTo%28%27400fd362-a76b-44cc-b5e9-11959e115187%27%29&api-version=2020-04-01-preview
  response:
    body:
      string: '{"value":[]}'
    headers:
      cache-control:
      - no-cache
      content-length:
      - '12'
      content-type:
      - application/json; charset=utf-8
      date:
      - Tue, 19 Jul 2022 07:13:50 GMT
      expires:
      - '-1'
      pragma:
      - no-cache
      set-cookie:
      - x-ms-gateway-slice=Production; path=/; secure; samesite=none; httponly
      strict-transport-security:
      - max-age=31536000; includeSubDomains
      transfer-encoding:
      - chunked
      vary:
      - Accept-Encoding
      x-content-type-options:
      - nosniff
    status:
      code: 200
      message: OK
- request:
    body: null
    headers:
      Accept:
      - application/json
      Accept-Encoding:
      - gzip, deflate
      CommandName:
      - aks pod-identity add
      Connection:
      - keep-alive
      ParameterSetName:
      - --cluster-name --resource-group --namespace --name --identity-resource-id
      User-Agent:
      - python/3.8.10 (Linux-5.13.0-1031-azure-x86_64-with-glibc2.29) msrest/0.7.0
        msrest_azure/0.6.4 azure-mgmt-authorization/0.61.0 Azure-SDK-For-Python AZURECLI/2.38.0
      accept-language:
      - en-US
    method: GET
    uri: https://management.azure.com/subscriptions/00000000-0000-0000-0000-000000000000/resourcegroups/clitest000001/providers/microsoft.managedidentity/userassignedidentities/id000003/providers/Microsoft.Authorization/roleDefinitions?$filter=roleName%20eq%20%27Managed%20Identity%20Operator%27&api-version=2018-01-01-preview
  response:
    body:
      string: '{"value":[{"properties":{"roleName":"Managed Identity Operator","type":"BuiltInRole","description":"Read
        and Assign User Assigned Identity","assignableScopes":["/"],"permissions":[{"actions":["Microsoft.ManagedIdentity/userAssignedIdentities/*/read","Microsoft.ManagedIdentity/userAssignedIdentities/*/assign/action","Microsoft.Authorization/*/read","Microsoft.Insights/alertRules/*","Microsoft.Resources/subscriptions/resourceGroups/read","Microsoft.Resources/deployments/*","Microsoft.Support/*"],"notActions":[],"dataActions":[],"notDataActions":[]}],"createdOn":"2017-12-14T19:52:04.3924594Z","updatedOn":"2021-11-11T20:13:38.9523759Z","createdBy":null,"updatedBy":null},"id":"/subscriptions/00000000-0000-0000-0000-000000000000/providers/Microsoft.Authorization/roleDefinitions/f1a07417-d97a-45cb-824c-7a7467783830","type":"Microsoft.Authorization/roleDefinitions","name":"f1a07417-d97a-45cb-824c-7a7467783830"}]}'
    headers:
      cache-control:
      - no-cache
      content-length:
      - '918'
      content-type:
      - application/json; charset=utf-8
      date:
      - Tue, 19 Jul 2022 07:13:50 GMT
      expires:
      - '-1'
      pragma:
      - no-cache
      set-cookie:
      - x-ms-gateway-slice=Production; path=/; secure; samesite=none; httponly
      strict-transport-security:
      - max-age=31536000; includeSubDomains
      transfer-encoding:
      - chunked
      vary:
      - Accept-Encoding
      x-content-type-options:
      - nosniff
    status:
      code: 200
      message: OK
- request:
    body: '{"properties": {"roleDefinitionId": "/subscriptions/00000000-0000-0000-0000-000000000000/providers/Microsoft.Authorization/roleDefinitions/f1a07417-d97a-45cb-824c-7a7467783830",
      "principalId":"00000000-0000-0000-0000-000000000001"}}'
    headers:
      Accept:
      - application/json
      Accept-Encoding:
      - gzip, deflate
      CommandName:
      - aks pod-identity add
      Connection:
      - keep-alive
      Content-Length:
      - '232'
      Content-Type:
      - application/json; charset=utf-8
      Cookie:
      - x-ms-gateway-slice=Production
      ParameterSetName:
      - --cluster-name --resource-group --namespace --name --identity-resource-id
      User-Agent:
      - python/3.8.10 (Linux-5.13.0-1031-azure-x86_64-with-glibc2.29) msrest/0.7.0
        msrest_azure/0.6.4 azure-mgmt-authorization/0.61.0 Azure-SDK-For-Python AZURECLI/2.38.0
      accept-language:
      - en-US
    method: PUT
    uri: https://management.azure.com/subscriptions/00000000-0000-0000-0000-000000000000/resourcegroups/clitest000001/providers/microsoft.managedidentity/userassignedidentities/id000003/providers/Microsoft.Authorization/roleAssignments/9975845d-166b-4948-85f3-118d1e9e7546?api-version=2020-04-01-preview
  response:
    body:
      string: '{"properties":{"roleDefinitionId":"/subscriptions/00000000-0000-0000-0000-000000000000/providers/Microsoft.Authorization/roleDefinitions/f1a07417-d97a-45cb-824c-7a7467783830","principalId":"00000000-0000-0000-0000-000000000001","principalType":"ServicePrincipal","scope":"/subscriptions/00000000-0000-0000-0000-000000000000/resourcegroups/clitest000001/providers/microsoft.managedidentity/userassignedidentities/id000003","condition":null,"conditionVersion":null,"createdOn":"2022-07-19T07:13:51.4554060Z","updatedOn":"2022-07-19T07:13:51.7678987Z","createdBy":null,"updatedBy":"119e1aeb-4592-42d6-9507-c66df857924f","delegatedManagedIdentityResourceId":null,"description":null},"id":"/subscriptions/00000000-0000-0000-0000-000000000000/resourcegroups/clitest000001/providers/microsoft.managedidentity/userassignedidentities/id000003/providers/Microsoft.Authorization/roleAssignments/9975845d-166b-4948-85f3-118d1e9e7546","type":"Microsoft.Authorization/roleAssignments","name":"9975845d-166b-4948-85f3-118d1e9e7546"}'
    headers:
      cache-control:
      - no-cache
      content-length:
      - '1017'
      content-type:
      - application/json; charset=utf-8
      date:
      - Tue, 19 Jul 2022 07:13:53 GMT
      expires:
      - '-1'
      pragma:
      - no-cache
      set-cookie:
      - x-ms-gateway-slice=Production; path=/; secure; samesite=none; httponly
      strict-transport-security:
      - max-age=31536000; includeSubDomains
      x-content-type-options:
      - nosniff
      x-ms-ratelimit-remaining-subscription-writes:
      - '1199'
    status:
      code: 201
      message: Created
- request:
    body: '{"location": "westus2", "sku": {"name": "Basic", "tier": "Free"}, "identity":
      {"type": "SystemAssigned"}, "properties": {"kubernetesVersion": "1.22.11", "dnsPrefix":
      "cliakstest-clitestpfyzauv5b-8ecadf", "agentPoolProfiles": [{"count": 3, "vmSize":
      "Standard_DS2_v2", "osDiskSizeGB": 128, "osDiskType": "Managed", "kubeletDiskType":
      "OS", "workloadRuntime": "OCIContainer", "maxPods": 110, "osType": "Linux",
      "osSKU": "Ubuntu", "enableAutoScaling": false, "type": "VirtualMachineScaleSets",
      "mode": "System", "orchestratorVersion": "1.22.11", "upgradeSettings": {}, "powerState":
      {"code": "Running"}, "enableNodePublicIP": false, "enableCustomCATrust": false,
      "enableEncryptionAtHost": false, "enableUltraSSD": false, "enableFIPS": false,
      "name": "nodepool1"}], "linuxProfile": {"adminUsername": "azureuser", "ssh":
      {"publicKeys": [{"keyData": "ssh-rsa AAAAB3NzaC1yc2EAAAADAQABAAABAQDBDU2v87Kb4/ZzK8RbuSkPMRF9IfTfY7Y/jeEede3uFf1lnR5Cix3oY6nmZz05uZKsDemHzTJdhUrNihiBljmK14os+4sjUGz8ffZCNop35eLpuZpNuPeU3Q9RX5IGMM9rK2URKKfPqDqFu6JuliFZL9y7ayNTu3OOEJhyXi9Mw/qo0vf/u04XD/mG0WDXWXkJyC0Lgp5/PNbJuI0XH+t+Fm1zYitVh5vAAKPDvGf5QufZlPPSjp729Bt0QBBsyIIq6XVZFxUrSaAPVXdgZKmL72vW3OCDaitsD1/a0Yx4g32n5ux1KICIBdAgpQ6TFCNS9A6i8krO57LiXnVAZneB
      azcli_aks_live_test@example.com\n"}]}}, "servicePrincipalProfile": {"clientId":"00000000-0000-0000-0000-000000000001"},
      "podIdentityProfile": {"enabled": true, "allowNetworkPluginKubenet": true, "userAssignedIdentities":
      [{"name": "test-name", "namespace": "test-namespace", "identity": {"resourceId":
      "/subscriptions/00000000-0000-0000-0000-000000000000/resourcegroups/clitest000001/providers/Microsoft.ManagedIdentity/userAssignedIdentities/id000003",
      "clientId":"00000000-0000-0000-0000-000000000001", "objectId":"00000000-0000-0000-0000-000000000001"}}],
      "userAssignedIdentityExceptions": []}, "oidcIssuerProfile": {"enabled": false},
      "nodeResourceGroup": "MC_clitest000001_cliakstest000002_westus2", "enableRBAC":
      true, "enablePodSecurityPolicy": false, "networkProfile": {"networkPlugin":
      "kubenet", "podCidr": "10.244.0.0/16", "serviceCidr": "10.0.0.0/16", "dnsServiceIP":
      "10.0.0.10", "dockerBridgeCidr": "172.17.0.1/16", "outboundType": "loadBalancer",
      "loadBalancerSku": "Standard", "loadBalancerProfile": {"managedOutboundIPs":
      {"count": 1}, "effectiveOutboundIPs": [{"id": "/subscriptions/00000000-0000-0000-0000-000000000000/resourceGroups/MC_clitest000001_cliakstest000002_westus2/providers/Microsoft.Network/publicIPAddresses/354f91fb-7c7a-468d-9c4d-6dab050b19f6"}]},
      "podCidrs": ["10.244.0.0/16"], "serviceCidrs": ["10.0.0.0/16"], "ipFamilies":
      ["IPv4"]}, "identityProfile": {"kubeletidentity": {"resourceId": "/subscriptions/00000000-0000-0000-0000-000000000000/resourcegroups/MC_clitest000001_cliakstest000002_westus2/providers/Microsoft.ManagedIdentity/userAssignedIdentities/cliakstest000002-agentpool",
      "clientId":"00000000-0000-0000-0000-000000000001", "objectId":"00000000-0000-0000-0000-000000000001"}},
      "disableLocalAccounts": false, "securityProfile": {}, "storageProfile": {"diskCSIDriver":
      {"enabled": true, "version": "v1"}, "fileCSIDriver": {"enabled": true}, "snapshotController":
      {"enabled": true}}}}'
    headers:
      Accept:
      - application/json
      Accept-Encoding:
      - gzip, deflate
      CommandName:
      - aks pod-identity add
      Connection:
      - keep-alive
      Content-Length:
      - '3158'
      Content-Type:
      - application/json
      ParameterSetName:
      - --cluster-name --resource-group --namespace --name --identity-resource-id
      User-Agent:
      - AZURECLI/2.38.0 azsdk-python-azure-mgmt-containerservice/20.0.0b Python/3.8.10
        (Linux-5.13.0-1031-azure-x86_64-with-glibc2.29)
    method: PUT
    uri: https://management.azure.com/subscriptions/00000000-0000-0000-0000-000000000000/resourceGroups/clitest000001/providers/Microsoft.ContainerService/managedClusters/cliakstest000002?api-version=2022-06-02-preview
  response:
    body:
      string: "{\n  \"id\": \"/subscriptions/00000000-0000-0000-0000-000000000000/resourcegroups/clitest000001/providers/Microsoft.ContainerService/managedClusters/cliakstest000002\",\n
        \ \"location\": \"westus2\",\n  \"name\": \"cliakstest000002\",\n  \"type\":
        \"Microsoft.ContainerService/ManagedClusters\",\n  \"properties\": {\n   \"provisioningState\":
        \"Updating\",\n   \"powerState\": {\n    \"code\": \"Running\"\n   },\n   \"kubernetesVersion\":
        \"1.22.11\",\n   \"currentKubernetesVersion\": \"1.22.11\",\n   \"dnsPrefix\":
        \"cliakstest-clitestpfyzauv5b-8ecadf\",\n   \"fqdn\": \"cliakstest-clitestpfyzauv5b-8ecadf-25c8d70c.hcp.westus2.azmk8s.io\",\n
        \  \"azurePortalFQDN\": \"cliakstest-clitestpfyzauv5b-8ecadf-25c8d70c.portal.hcp.westus2.azmk8s.io\",\n
        \  \"agentPoolProfiles\": [\n    {\n     \"name\": \"nodepool1\",\n     \"count\":
        3,\n     \"vmSize\": \"Standard_DS2_v2\",\n     \"osDiskSizeGB\": 128,\n     \"osDiskType\":
        \"Managed\",\n     \"kubeletDiskType\": \"OS\",\n     \"workloadRuntime\":
        \"OCIContainer\",\n     \"maxPods\": 110,\n     \"type\": \"VirtualMachineScaleSets\",\n
        \    \"enableAutoScaling\": false,\n     \"provisioningState\": \"Updating\",\n
        \    \"powerState\": {\n      \"code\": \"Running\"\n     },\n     \"orchestratorVersion\":
        \"1.22.11\",\n     \"enableNodePublicIP\": false,\n     \"enableCustomCATrust\":
        false,\n     \"mode\": \"System\",\n     \"enableEncryptionAtHost\": false,\n
        \    \"enableUltraSSD\": false,\n     \"osType\": \"Linux\",\n     \"osSKU\":
        \"Ubuntu\",\n     \"nodeImageVersion\": \"AKSUbuntu-1804gen2containerd-2022.06.29\",\n
        \    \"upgradeSettings\": {},\n     \"enableFIPS\": false\n    }\n   ],\n
        \  \"linuxProfile\": {\n    \"adminUsername\": \"azureuser\",\n    \"ssh\":
        {\n     \"publicKeys\": [\n      {\n       \"keyData\": \"ssh-rsa AAAAB3NzaC1yc2EAAAADAQABAAABAQDBDU2v87Kb4/ZzK8RbuSkPMRF9IfTfY7Y/jeEede3uFf1lnR5Cix3oY6nmZz05uZKsDemHzTJdhUrNihiBljmK14os+4sjUGz8ffZCNop35eLpuZpNuPeU3Q9RX5IGMM9rK2URKKfPqDqFu6JuliFZL9y7ayNTu3OOEJhyXi9Mw/qo0vf/u04XD/mG0WDXWXkJyC0Lgp5/PNbJuI0XH+t+Fm1zYitVh5vAAKPDvGf5QufZlPPSjp729Bt0QBBsyIIq6XVZFxUrSaAPVXdgZKmL72vW3OCDaitsD1/a0Yx4g32n5ux1KICIBdAgpQ6TFCNS9A6i8krO57LiXnVAZneB
        azcli_aks_live_test@example.com\\n\"\n      }\n     ]\n    }\n   },\n   \"servicePrincipalProfile\":
        {\n    \"clientId\":\"00000000-0000-0000-0000-000000000001\"\n   },\n   \"nodeResourceGroup\":
        \"MC_clitest000001_cliakstest000002_westus2\",\n   \"enableRBAC\": true,\n
        \  \"enablePodSecurityPolicy\": false,\n   \"networkProfile\": {\n    \"networkPlugin\":
        \"kubenet\",\n    \"loadBalancerSku\": \"Standard\",\n    \"loadBalancerProfile\":
        {\n     \"managedOutboundIPs\": {\n      \"count\": 1\n     },\n     \"effectiveOutboundIPs\":
        [\n      {\n       \"id\": \"/subscriptions/00000000-0000-0000-0000-000000000000/resourceGroups/MC_clitest000001_cliakstest000002_westus2/providers/Microsoft.Network/publicIPAddresses/354f91fb-7c7a-468d-9c4d-6dab050b19f6\"\n
        \     }\n     ]\n    },\n    \"podCidr\": \"10.244.0.0/16\",\n    \"serviceCidr\":
        \"10.0.0.0/16\",\n    \"dnsServiceIP\": \"10.0.0.10\",\n    \"dockerBridgeCidr\":
        \"172.17.0.1/16\",\n    \"outboundType\": \"loadBalancer\",\n    \"podCidrs\":
        [\n     \"10.244.0.0/16\"\n    ],\n    \"serviceCidrs\": [\n     \"10.0.0.0/16\"\n
        \   ],\n    \"ipFamilies\": [\n     \"IPv4\"\n    ]\n   },\n   \"maxAgentPools\":
        100,\n   \"identityProfile\": {\n    \"kubeletidentity\": {\n     \"resourceId\":
        \"/subscriptions/00000000-0000-0000-0000-000000000000/resourcegroups/MC_clitest000001_cliakstest000002_westus2/providers/Microsoft.ManagedIdentity/userAssignedIdentities/cliakstest000002-agentpool\",\n
        \    \"clientId\":\"00000000-0000-0000-0000-000000000001\",\n     \"objectId\":\"00000000-0000-0000-0000-000000000001\"\n
        \   }\n   },\n   \"podIdentityProfile\": {\n    \"enabled\": true,\n    \"allowNetworkPluginKubenet\":
        true,\n    \"userAssignedIdentities\": [\n     {\n      \"name\": \"test-name\",\n
        \     \"namespace\": \"test-namespace\",\n      \"identity\": {\n       \"resourceId\":
        \"/subscriptions/00000000-0000-0000-0000-000000000000/resourcegroups/clitest000001/providers/Microsoft.ManagedIdentity/userAssignedIdentities/id000003\",\n
        \      \"clientId\":\"00000000-0000-0000-0000-000000000001\",\n       \"objectId\":\"00000000-0000-0000-0000-000000000001\"\n
        \     },\n      \"provisioningState\": \"Updating\"\n     }\n    ]\n   },\n
        \  \"disableLocalAccounts\": false,\n   \"securityProfile\": {},\n   \"storageProfile\":
        {\n    \"diskCSIDriver\": {\n     \"enabled\": true,\n     \"version\": \"v1\"\n
        \   },\n    \"fileCSIDriver\": {\n     \"enabled\": true\n    },\n    \"snapshotController\":
        {\n     \"enabled\": true\n    }\n   },\n   \"oidcIssuerProfile\": {\n    \"enabled\":
        false\n   }\n  },\n  \"identity\": {\n   \"type\": \"SystemAssigned\",\n   \"principalId\":\"00000000-0000-0000-0000-000000000001\",\n
        \  \"tenantId\": \"72f988bf-86f1-41af-91ab-2d7cd011db47\"\n  },\n  \"sku\":
        {\n   \"name\": \"Basic\",\n   \"tier\": \"Free\"\n  }\n }"
    headers:
      azure-asyncoperation:
      - https://management.azure.com/subscriptions/00000000-0000-0000-0000-000000000000/providers/Microsoft.ContainerService/locations/westus2/operations/fba00d40-6a62-4f2f-8b2d-6844a2738a01?api-version=2016-03-30
      cache-control:
      - no-cache
      content-length:
      - '4539'
      content-type:
      - application/json
      date:
      - Tue, 19 Jul 2022 07:14:26 GMT
      expires:
      - '-1'
      pragma:
      - no-cache
      server:
      - nginx
      strict-transport-security:
      - max-age=31536000; includeSubDomains
      transfer-encoding:
      - chunked
      vary:
      - Accept-Encoding
      x-content-type-options:
      - nosniff
      x-ms-ratelimit-remaining-subscription-writes:
      - '1186'
    status:
      code: 200
      message: OK
- request:
    body: null
    headers:
      Accept:
      - '*/*'
      Accept-Encoding:
      - gzip, deflate
      CommandName:
      - aks pod-identity add
      Connection:
      - keep-alive
      ParameterSetName:
      - --cluster-name --resource-group --namespace --name --identity-resource-id
      User-Agent:
      - AZURECLI/2.38.0 azsdk-python-azure-mgmt-containerservice/20.0.0b Python/3.8.10
        (Linux-5.13.0-1031-azure-x86_64-with-glibc2.29)
    method: GET
    uri: https://management.azure.com/subscriptions/00000000-0000-0000-0000-000000000000/providers/Microsoft.ContainerService/locations/westus2/operations/fba00d40-6a62-4f2f-8b2d-6844a2738a01?api-version=2016-03-30
  response:
    body:
      string: "{\n  \"name\": \"400da0fb-626a-2f4f-8b2d-6844a2738a01\",\n  \"status\":
        \"InProgress\",\n  \"startTime\": \"2022-07-19T07:14:26.5333333Z\"\n }"
    headers:
      cache-control:
      - no-cache
      content-length:
      - '126'
      content-type:
      - application/json
      date:
      - Tue, 19 Jul 2022 07:14:56 GMT
      expires:
      - '-1'
      pragma:
      - no-cache
      server:
      - nginx
      strict-transport-security:
      - max-age=31536000; includeSubDomains
      transfer-encoding:
      - chunked
      vary:
      - Accept-Encoding
      x-content-type-options:
      - nosniff
    status:
      code: 200
      message: OK
- request:
    body: null
    headers:
      Accept:
      - '*/*'
      Accept-Encoding:
      - gzip, deflate
      CommandName:
      - aks pod-identity add
      Connection:
      - keep-alive
      ParameterSetName:
      - --cluster-name --resource-group --namespace --name --identity-resource-id
      User-Agent:
      - AZURECLI/2.38.0 azsdk-python-azure-mgmt-containerservice/20.0.0b Python/3.8.10
        (Linux-5.13.0-1031-azure-x86_64-with-glibc2.29)
    method: GET
    uri: https://management.azure.com/subscriptions/00000000-0000-0000-0000-000000000000/providers/Microsoft.ContainerService/locations/westus2/operations/fba00d40-6a62-4f2f-8b2d-6844a2738a01?api-version=2016-03-30
  response:
    body:
      string: "{\n  \"name\": \"400da0fb-626a-2f4f-8b2d-6844a2738a01\",\n  \"status\":
        \"InProgress\",\n  \"startTime\": \"2022-07-19T07:14:26.5333333Z\"\n }"
    headers:
      cache-control:
      - no-cache
      content-length:
      - '126'
      content-type:
      - application/json
      date:
      - Tue, 19 Jul 2022 07:15:26 GMT
      expires:
      - '-1'
      pragma:
      - no-cache
      server:
      - nginx
      strict-transport-security:
      - max-age=31536000; includeSubDomains
      transfer-encoding:
      - chunked
      vary:
      - Accept-Encoding
      x-content-type-options:
      - nosniff
    status:
      code: 200
      message: OK
- request:
    body: null
    headers:
      Accept:
      - '*/*'
      Accept-Encoding:
      - gzip, deflate
      CommandName:
      - aks pod-identity add
      Connection:
      - keep-alive
      ParameterSetName:
      - --cluster-name --resource-group --namespace --name --identity-resource-id
      User-Agent:
      - AZURECLI/2.38.0 azsdk-python-azure-mgmt-containerservice/20.0.0b Python/3.8.10
        (Linux-5.13.0-1031-azure-x86_64-with-glibc2.29)
    method: GET
    uri: https://management.azure.com/subscriptions/00000000-0000-0000-0000-000000000000/providers/Microsoft.ContainerService/locations/westus2/operations/fba00d40-6a62-4f2f-8b2d-6844a2738a01?api-version=2016-03-30
  response:
    body:
      string: "{\n  \"name\": \"400da0fb-626a-2f4f-8b2d-6844a2738a01\",\n  \"status\":
        \"Succeeded\",\n  \"startTime\": \"2022-07-19T07:14:26.5333333Z\",\n  \"endTime\":
        \"2022-07-19T07:15:38.3792944Z\"\n }"
    headers:
      cache-control:
      - no-cache
      content-length:
      - '170'
      content-type:
      - application/json
      date:
      - Tue, 19 Jul 2022 07:15:56 GMT
      expires:
      - '-1'
      pragma:
      - no-cache
      server:
      - nginx
      strict-transport-security:
      - max-age=31536000; includeSubDomains
      transfer-encoding:
      - chunked
      vary:
      - Accept-Encoding
      x-content-type-options:
      - nosniff
    status:
      code: 200
      message: OK
- request:
    body: null
    headers:
      Accept:
      - '*/*'
      Accept-Encoding:
      - gzip, deflate
      CommandName:
      - aks pod-identity add
      Connection:
      - keep-alive
      ParameterSetName:
      - --cluster-name --resource-group --namespace --name --identity-resource-id
      User-Agent:
      - AZURECLI/2.38.0 azsdk-python-azure-mgmt-containerservice/20.0.0b Python/3.8.10
        (Linux-5.13.0-1031-azure-x86_64-with-glibc2.29)
    method: GET
    uri: https://management.azure.com/subscriptions/00000000-0000-0000-0000-000000000000/resourceGroups/clitest000001/providers/Microsoft.ContainerService/managedClusters/cliakstest000002?api-version=2022-06-02-preview
  response:
    body:
      string: "{\n  \"id\": \"/subscriptions/00000000-0000-0000-0000-000000000000/resourcegroups/clitest000001/providers/Microsoft.ContainerService/managedClusters/cliakstest000002\",\n
        \ \"location\": \"westus2\",\n  \"name\": \"cliakstest000002\",\n  \"type\":
        \"Microsoft.ContainerService/ManagedClusters\",\n  \"properties\": {\n   \"provisioningState\":
        \"Succeeded\",\n   \"powerState\": {\n    \"code\": \"Running\"\n   },\n   \"kubernetesVersion\":
        \"1.22.11\",\n   \"currentKubernetesVersion\": \"1.22.11\",\n   \"dnsPrefix\":
        \"cliakstest-clitestpfyzauv5b-8ecadf\",\n   \"fqdn\": \"cliakstest-clitestpfyzauv5b-8ecadf-25c8d70c.hcp.westus2.azmk8s.io\",\n
        \  \"azurePortalFQDN\": \"cliakstest-clitestpfyzauv5b-8ecadf-25c8d70c.portal.hcp.westus2.azmk8s.io\",\n
        \  \"agentPoolProfiles\": [\n    {\n     \"name\": \"nodepool1\",\n     \"count\":
        3,\n     \"vmSize\": \"Standard_DS2_v2\",\n     \"osDiskSizeGB\": 128,\n     \"osDiskType\":
        \"Managed\",\n     \"kubeletDiskType\": \"OS\",\n     \"workloadRuntime\":
        \"OCIContainer\",\n     \"maxPods\": 110,\n     \"type\": \"VirtualMachineScaleSets\",\n
        \    \"enableAutoScaling\": false,\n     \"provisioningState\": \"Succeeded\",\n
        \    \"powerState\": {\n      \"code\": \"Running\"\n     },\n     \"orchestratorVersion\":
        \"1.22.11\",\n     \"enableNodePublicIP\": false,\n     \"enableCustomCATrust\":
        false,\n     \"mode\": \"System\",\n     \"enableEncryptionAtHost\": false,\n
        \    \"enableUltraSSD\": false,\n     \"osType\": \"Linux\",\n     \"osSKU\":
        \"Ubuntu\",\n     \"nodeImageVersion\": \"AKSUbuntu-1804gen2containerd-2022.06.29\",\n
        \    \"upgradeSettings\": {},\n     \"enableFIPS\": false\n    }\n   ],\n
        \  \"linuxProfile\": {\n    \"adminUsername\": \"azureuser\",\n    \"ssh\":
        {\n     \"publicKeys\": [\n      {\n       \"keyData\": \"ssh-rsa AAAAB3NzaC1yc2EAAAADAQABAAABAQDBDU2v87Kb4/ZzK8RbuSkPMRF9IfTfY7Y/jeEede3uFf1lnR5Cix3oY6nmZz05uZKsDemHzTJdhUrNihiBljmK14os+4sjUGz8ffZCNop35eLpuZpNuPeU3Q9RX5IGMM9rK2URKKfPqDqFu6JuliFZL9y7ayNTu3OOEJhyXi9Mw/qo0vf/u04XD/mG0WDXWXkJyC0Lgp5/PNbJuI0XH+t+Fm1zYitVh5vAAKPDvGf5QufZlPPSjp729Bt0QBBsyIIq6XVZFxUrSaAPVXdgZKmL72vW3OCDaitsD1/a0Yx4g32n5ux1KICIBdAgpQ6TFCNS9A6i8krO57LiXnVAZneB
        azcli_aks_live_test@example.com\\n\"\n      }\n     ]\n    }\n   },\n   \"servicePrincipalProfile\":
        {\n    \"clientId\":\"00000000-0000-0000-0000-000000000001\"\n   },\n   \"nodeResourceGroup\":
        \"MC_clitest000001_cliakstest000002_westus2\",\n   \"enableRBAC\": true,\n
        \  \"enablePodSecurityPolicy\": false,\n   \"networkProfile\": {\n    \"networkPlugin\":
        \"kubenet\",\n    \"loadBalancerSku\": \"Standard\",\n    \"loadBalancerProfile\":
        {\n     \"managedOutboundIPs\": {\n      \"count\": 1\n     },\n     \"effectiveOutboundIPs\":
        [\n      {\n       \"id\": \"/subscriptions/00000000-0000-0000-0000-000000000000/resourceGroups/MC_clitest000001_cliakstest000002_westus2/providers/Microsoft.Network/publicIPAddresses/354f91fb-7c7a-468d-9c4d-6dab050b19f6\"\n
        \     }\n     ]\n    },\n    \"podCidr\": \"10.244.0.0/16\",\n    \"serviceCidr\":
        \"10.0.0.0/16\",\n    \"dnsServiceIP\": \"10.0.0.10\",\n    \"dockerBridgeCidr\":
        \"172.17.0.1/16\",\n    \"outboundType\": \"loadBalancer\",\n    \"podCidrs\":
        [\n     \"10.244.0.0/16\"\n    ],\n    \"serviceCidrs\": [\n     \"10.0.0.0/16\"\n
        \   ],\n    \"ipFamilies\": [\n     \"IPv4\"\n    ]\n   },\n   \"maxAgentPools\":
        100,\n   \"identityProfile\": {\n    \"kubeletidentity\": {\n     \"resourceId\":
        \"/subscriptions/00000000-0000-0000-0000-000000000000/resourcegroups/MC_clitest000001_cliakstest000002_westus2/providers/Microsoft.ManagedIdentity/userAssignedIdentities/cliakstest000002-agentpool\",\n
        \    \"clientId\":\"00000000-0000-0000-0000-000000000001\",\n     \"objectId\":\"00000000-0000-0000-0000-000000000001\"\n
        \   }\n   },\n   \"podIdentityProfile\": {\n    \"enabled\": true,\n    \"allowNetworkPluginKubenet\":
        true,\n    \"userAssignedIdentities\": [\n     {\n      \"name\": \"test-name\",\n
        \     \"namespace\": \"test-namespace\",\n      \"identity\": {\n       \"resourceId\":
        \"/subscriptions/00000000-0000-0000-0000-000000000000/resourcegroups/clitest000001/providers/Microsoft.ManagedIdentity/userAssignedIdentities/id000003\",\n
        \      \"clientId\":\"00000000-0000-0000-0000-000000000001\",\n       \"objectId\":\"00000000-0000-0000-0000-000000000001\"\n
        \     },\n      \"provisioningState\": \"Assigned\"\n     }\n    ]\n   },\n
        \  \"disableLocalAccounts\": false,\n   \"securityProfile\": {},\n   \"storageProfile\":
        {\n    \"diskCSIDriver\": {\n     \"enabled\": true,\n     \"version\": \"v1\"\n
        \   },\n    \"fileCSIDriver\": {\n     \"enabled\": true\n    },\n    \"snapshotController\":
        {\n     \"enabled\": true\n    }\n   },\n   \"oidcIssuerProfile\": {\n    \"enabled\":
        false\n   }\n  },\n  \"identity\": {\n   \"type\": \"SystemAssigned\",\n   \"principalId\":\"00000000-0000-0000-0000-000000000001\",\n
        \  \"tenantId\": \"72f988bf-86f1-41af-91ab-2d7cd011db47\"\n  },\n  \"sku\":
        {\n   \"name\": \"Basic\",\n   \"tier\": \"Free\"\n  }\n }"
    headers:
      cache-control:
      - no-cache
      content-length:
      - '4541'
      content-type:
      - application/json
      date:
      - Tue, 19 Jul 2022 07:15:57 GMT
      expires:
      - '-1'
      pragma:
      - no-cache
      server:
      - nginx
      strict-transport-security:
      - max-age=31536000; includeSubDomains
      transfer-encoding:
      - chunked
      vary:
      - Accept-Encoding
      x-content-type-options:
      - nosniff
    status:
      code: 200
      message: OK
- request:
    body: null
    headers:
      Accept:
      - application/json
      Accept-Encoding:
      - gzip, deflate
      CommandName:
      - aks pod-identity delete
      Connection:
      - keep-alive
      ParameterSetName:
      - --cluster-name --resource-group --namespace --name
      User-Agent:
      - AZURECLI/2.38.0 azsdk-python-azure-mgmt-containerservice/20.0.0b Python/3.8.10
        (Linux-5.13.0-1031-azure-x86_64-with-glibc2.29)
    method: GET
    uri: https://management.azure.com/subscriptions/00000000-0000-0000-0000-000000000000/resourceGroups/clitest000001/providers/Microsoft.ContainerService/managedClusters/cliakstest000002?api-version=2022-06-02-preview
  response:
    body:
      string: "{\n  \"id\": \"/subscriptions/00000000-0000-0000-0000-000000000000/resourcegroups/clitest000001/providers/Microsoft.ContainerService/managedClusters/cliakstest000002\",\n
        \ \"location\": \"westus2\",\n  \"name\": \"cliakstest000002\",\n  \"type\":
        \"Microsoft.ContainerService/ManagedClusters\",\n  \"properties\": {\n   \"provisioningState\":
        \"Succeeded\",\n   \"powerState\": {\n    \"code\": \"Running\"\n   },\n   \"kubernetesVersion\":
        \"1.22.11\",\n   \"currentKubernetesVersion\": \"1.22.11\",\n   \"dnsPrefix\":
        \"cliakstest-clitestpfyzauv5b-8ecadf\",\n   \"fqdn\": \"cliakstest-clitestpfyzauv5b-8ecadf-25c8d70c.hcp.westus2.azmk8s.io\",\n
        \  \"azurePortalFQDN\": \"cliakstest-clitestpfyzauv5b-8ecadf-25c8d70c.portal.hcp.westus2.azmk8s.io\",\n
        \  \"agentPoolProfiles\": [\n    {\n     \"name\": \"nodepool1\",\n     \"count\":
        3,\n     \"vmSize\": \"Standard_DS2_v2\",\n     \"osDiskSizeGB\": 128,\n     \"osDiskType\":
        \"Managed\",\n     \"kubeletDiskType\": \"OS\",\n     \"workloadRuntime\":
        \"OCIContainer\",\n     \"maxPods\": 110,\n     \"type\": \"VirtualMachineScaleSets\",\n
        \    \"enableAutoScaling\": false,\n     \"provisioningState\": \"Succeeded\",\n
        \    \"powerState\": {\n      \"code\": \"Running\"\n     },\n     \"orchestratorVersion\":
        \"1.22.11\",\n     \"enableNodePublicIP\": false,\n     \"enableCustomCATrust\":
        false,\n     \"mode\": \"System\",\n     \"enableEncryptionAtHost\": false,\n
        \    \"enableUltraSSD\": false,\n     \"osType\": \"Linux\",\n     \"osSKU\":
        \"Ubuntu\",\n     \"nodeImageVersion\": \"AKSUbuntu-1804gen2containerd-2022.06.29\",\n
        \    \"upgradeSettings\": {},\n     \"enableFIPS\": false\n    }\n   ],\n
        \  \"linuxProfile\": {\n    \"adminUsername\": \"azureuser\",\n    \"ssh\":
        {\n     \"publicKeys\": [\n      {\n       \"keyData\": \"ssh-rsa AAAAB3NzaC1yc2EAAAADAQABAAABAQDBDU2v87Kb4/ZzK8RbuSkPMRF9IfTfY7Y/jeEede3uFf1lnR5Cix3oY6nmZz05uZKsDemHzTJdhUrNihiBljmK14os+4sjUGz8ffZCNop35eLpuZpNuPeU3Q9RX5IGMM9rK2URKKfPqDqFu6JuliFZL9y7ayNTu3OOEJhyXi9Mw/qo0vf/u04XD/mG0WDXWXkJyC0Lgp5/PNbJuI0XH+t+Fm1zYitVh5vAAKPDvGf5QufZlPPSjp729Bt0QBBsyIIq6XVZFxUrSaAPVXdgZKmL72vW3OCDaitsD1/a0Yx4g32n5ux1KICIBdAgpQ6TFCNS9A6i8krO57LiXnVAZneB
        azcli_aks_live_test@example.com\\n\"\n      }\n     ]\n    }\n   },\n   \"servicePrincipalProfile\":
        {\n    \"clientId\":\"00000000-0000-0000-0000-000000000001\"\n   },\n   \"nodeResourceGroup\":
        \"MC_clitest000001_cliakstest000002_westus2\",\n   \"enableRBAC\": true,\n
        \  \"enablePodSecurityPolicy\": false,\n   \"networkProfile\": {\n    \"networkPlugin\":
        \"kubenet\",\n    \"loadBalancerSku\": \"Standard\",\n    \"loadBalancerProfile\":
        {\n     \"managedOutboundIPs\": {\n      \"count\": 1\n     },\n     \"effectiveOutboundIPs\":
        [\n      {\n       \"id\": \"/subscriptions/00000000-0000-0000-0000-000000000000/resourceGroups/MC_clitest000001_cliakstest000002_westus2/providers/Microsoft.Network/publicIPAddresses/354f91fb-7c7a-468d-9c4d-6dab050b19f6\"\n
        \     }\n     ]\n    },\n    \"podCidr\": \"10.244.0.0/16\",\n    \"serviceCidr\":
        \"10.0.0.0/16\",\n    \"dnsServiceIP\": \"10.0.0.10\",\n    \"dockerBridgeCidr\":
        \"172.17.0.1/16\",\n    \"outboundType\": \"loadBalancer\",\n    \"podCidrs\":
        [\n     \"10.244.0.0/16\"\n    ],\n    \"serviceCidrs\": [\n     \"10.0.0.0/16\"\n
        \   ],\n    \"ipFamilies\": [\n     \"IPv4\"\n    ]\n   },\n   \"maxAgentPools\":
        100,\n   \"identityProfile\": {\n    \"kubeletidentity\": {\n     \"resourceId\":
        \"/subscriptions/00000000-0000-0000-0000-000000000000/resourcegroups/MC_clitest000001_cliakstest000002_westus2/providers/Microsoft.ManagedIdentity/userAssignedIdentities/cliakstest000002-agentpool\",\n
        \    \"clientId\":\"00000000-0000-0000-0000-000000000001\",\n     \"objectId\":\"00000000-0000-0000-0000-000000000001\"\n
        \   }\n   },\n   \"podIdentityProfile\": {\n    \"enabled\": true,\n    \"allowNetworkPluginKubenet\":
        true,\n    \"userAssignedIdentities\": [\n     {\n      \"name\": \"test-name\",\n
        \     \"namespace\": \"test-namespace\",\n      \"identity\": {\n       \"resourceId\":
        \"/subscriptions/00000000-0000-0000-0000-000000000000/resourcegroups/clitest000001/providers/Microsoft.ManagedIdentity/userAssignedIdentities/id000003\",\n
        \      \"clientId\":\"00000000-0000-0000-0000-000000000001\",\n       \"objectId\":\"00000000-0000-0000-0000-000000000001\"\n
        \     },\n      \"provisioningState\": \"Assigned\"\n     }\n    ]\n   },\n
        \  \"disableLocalAccounts\": false,\n   \"securityProfile\": {},\n   \"storageProfile\":
        {\n    \"diskCSIDriver\": {\n     \"enabled\": true,\n     \"version\": \"v1\"\n
        \   },\n    \"fileCSIDriver\": {\n     \"enabled\": true\n    },\n    \"snapshotController\":
        {\n     \"enabled\": true\n    }\n   },\n   \"oidcIssuerProfile\": {\n    \"enabled\":
        false\n   }\n  },\n  \"identity\": {\n   \"type\": \"SystemAssigned\",\n   \"principalId\":\"00000000-0000-0000-0000-000000000001\",\n
        \  \"tenantId\": \"72f988bf-86f1-41af-91ab-2d7cd011db47\"\n  },\n  \"sku\":
        {\n   \"name\": \"Basic\",\n   \"tier\": \"Free\"\n  }\n }"
    headers:
      cache-control:
      - no-cache
      content-length:
      - '4541'
      content-type:
      - application/json
      date:
      - Tue, 19 Jul 2022 07:15:58 GMT
      expires:
      - '-1'
      pragma:
      - no-cache
      server:
      - nginx
      strict-transport-security:
      - max-age=31536000; includeSubDomains
      transfer-encoding:
      - chunked
      vary:
      - Accept-Encoding
      x-content-type-options:
      - nosniff
    status:
      code: 200
      message: OK
- request:
    body: '{"location": "westus2", "sku": {"name": "Basic", "tier": "Free"}, "identity":
      {"type": "SystemAssigned"}, "properties": {"kubernetesVersion": "1.22.11", "dnsPrefix":
      "cliakstest-clitestpfyzauv5b-8ecadf", "agentPoolProfiles": [{"count": 3, "vmSize":
      "Standard_DS2_v2", "osDiskSizeGB": 128, "osDiskType": "Managed", "kubeletDiskType":
      "OS", "workloadRuntime": "OCIContainer", "maxPods": 110, "osType": "Linux",
      "osSKU": "Ubuntu", "enableAutoScaling": false, "type": "VirtualMachineScaleSets",
      "mode": "System", "orchestratorVersion": "1.22.11", "upgradeSettings": {}, "powerState":
      {"code": "Running"}, "enableNodePublicIP": false, "enableCustomCATrust": false,
      "enableEncryptionAtHost": false, "enableUltraSSD": false, "enableFIPS": false,
      "name": "nodepool1"}], "linuxProfile": {"adminUsername": "azureuser", "ssh":
      {"publicKeys": [{"keyData": "ssh-rsa AAAAB3NzaC1yc2EAAAADAQABAAABAQDBDU2v87Kb4/ZzK8RbuSkPMRF9IfTfY7Y/jeEede3uFf1lnR5Cix3oY6nmZz05uZKsDemHzTJdhUrNihiBljmK14os+4sjUGz8ffZCNop35eLpuZpNuPeU3Q9RX5IGMM9rK2URKKfPqDqFu6JuliFZL9y7ayNTu3OOEJhyXi9Mw/qo0vf/u04XD/mG0WDXWXkJyC0Lgp5/PNbJuI0XH+t+Fm1zYitVh5vAAKPDvGf5QufZlPPSjp729Bt0QBBsyIIq6XVZFxUrSaAPVXdgZKmL72vW3OCDaitsD1/a0Yx4g32n5ux1KICIBdAgpQ6TFCNS9A6i8krO57LiXnVAZneB
      azcli_aks_live_test@example.com\n"}]}}, "servicePrincipalProfile": {"clientId":"00000000-0000-0000-0000-000000000001"},
      "podIdentityProfile": {"enabled": true, "allowNetworkPluginKubenet": true, "userAssignedIdentities":
      [], "userAssignedIdentityExceptions": []}, "oidcIssuerProfile": {"enabled":
      false}, "nodeResourceGroup": "MC_clitest000001_cliakstest000002_westus2", "enableRBAC":
      true, "enablePodSecurityPolicy": false, "networkProfile": {"networkPlugin":
      "kubenet", "podCidr": "10.244.0.0/16", "serviceCidr": "10.0.0.0/16", "dnsServiceIP":
      "10.0.0.10", "dockerBridgeCidr": "172.17.0.1/16", "outboundType": "loadBalancer",
      "loadBalancerSku": "Standard", "loadBalancerProfile": {"managedOutboundIPs":
      {"count": 1}, "effectiveOutboundIPs": [{"id": "/subscriptions/00000000-0000-0000-0000-000000000000/resourceGroups/MC_clitest000001_cliakstest000002_westus2/providers/Microsoft.Network/publicIPAddresses/354f91fb-7c7a-468d-9c4d-6dab050b19f6"}]},
      "podCidrs": ["10.244.0.0/16"], "serviceCidrs": ["10.0.0.0/16"], "ipFamilies":
      ["IPv4"]}, "identityProfile": {"kubeletidentity": {"resourceId": "/subscriptions/00000000-0000-0000-0000-000000000000/resourcegroups/MC_clitest000001_cliakstest000002_westus2/providers/Microsoft.ManagedIdentity/userAssignedIdentities/cliakstest000002-agentpool",
      "clientId":"00000000-0000-0000-0000-000000000001", "objectId":"00000000-0000-0000-0000-000000000001"}},
      "disableLocalAccounts": false, "securityProfile": {}, "storageProfile": {"diskCSIDriver":
      {"enabled": true, "version": "v1"}, "fileCSIDriver": {"enabled": true}, "snapshotController":
      {"enabled": true}}}}'
    headers:
      Accept:
      - application/json
      Accept-Encoding:
      - gzip, deflate
      CommandName:
      - aks pod-identity delete
      Connection:
      - keep-alive
      Content-Length:
      - '2824'
      Content-Type:
      - application/json
      ParameterSetName:
      - --cluster-name --resource-group --namespace --name
      User-Agent:
      - AZURECLI/2.38.0 azsdk-python-azure-mgmt-containerservice/20.0.0b Python/3.8.10
        (Linux-5.13.0-1031-azure-x86_64-with-glibc2.29)
    method: PUT
    uri: https://management.azure.com/subscriptions/00000000-0000-0000-0000-000000000000/resourceGroups/clitest000001/providers/Microsoft.ContainerService/managedClusters/cliakstest000002?api-version=2022-06-02-preview
  response:
    body:
      string: "{\n  \"id\": \"/subscriptions/00000000-0000-0000-0000-000000000000/resourcegroups/clitest000001/providers/Microsoft.ContainerService/managedClusters/cliakstest000002\",\n
        \ \"location\": \"westus2\",\n  \"name\": \"cliakstest000002\",\n  \"type\":
        \"Microsoft.ContainerService/ManagedClusters\",\n  \"properties\": {\n   \"provisioningState\":
        \"Updating\",\n   \"powerState\": {\n    \"code\": \"Running\"\n   },\n   \"kubernetesVersion\":
        \"1.22.11\",\n   \"currentKubernetesVersion\": \"1.22.11\",\n   \"dnsPrefix\":
        \"cliakstest-clitestpfyzauv5b-8ecadf\",\n   \"fqdn\": \"cliakstest-clitestpfyzauv5b-8ecadf-25c8d70c.hcp.westus2.azmk8s.io\",\n
        \  \"azurePortalFQDN\": \"cliakstest-clitestpfyzauv5b-8ecadf-25c8d70c.portal.hcp.westus2.azmk8s.io\",\n
        \  \"agentPoolProfiles\": [\n    {\n     \"name\": \"nodepool1\",\n     \"count\":
        3,\n     \"vmSize\": \"Standard_DS2_v2\",\n     \"osDiskSizeGB\": 128,\n     \"osDiskType\":
        \"Managed\",\n     \"kubeletDiskType\": \"OS\",\n     \"workloadRuntime\":
        \"OCIContainer\",\n     \"maxPods\": 110,\n     \"type\": \"VirtualMachineScaleSets\",\n
        \    \"enableAutoScaling\": false,\n     \"provisioningState\": \"Updating\",\n
        \    \"powerState\": {\n      \"code\": \"Running\"\n     },\n     \"orchestratorVersion\":
        \"1.22.11\",\n     \"enableNodePublicIP\": false,\n     \"enableCustomCATrust\":
        false,\n     \"mode\": \"System\",\n     \"enableEncryptionAtHost\": false,\n
        \    \"enableUltraSSD\": false,\n     \"osType\": \"Linux\",\n     \"osSKU\":
        \"Ubuntu\",\n     \"nodeImageVersion\": \"AKSUbuntu-1804gen2containerd-2022.06.29\",\n
        \    \"upgradeSettings\": {},\n     \"enableFIPS\": false\n    }\n   ],\n
        \  \"linuxProfile\": {\n    \"adminUsername\": \"azureuser\",\n    \"ssh\":
        {\n     \"publicKeys\": [\n      {\n       \"keyData\": \"ssh-rsa AAAAB3NzaC1yc2EAAAADAQABAAABAQDBDU2v87Kb4/ZzK8RbuSkPMRF9IfTfY7Y/jeEede3uFf1lnR5Cix3oY6nmZz05uZKsDemHzTJdhUrNihiBljmK14os+4sjUGz8ffZCNop35eLpuZpNuPeU3Q9RX5IGMM9rK2URKKfPqDqFu6JuliFZL9y7ayNTu3OOEJhyXi9Mw/qo0vf/u04XD/mG0WDXWXkJyC0Lgp5/PNbJuI0XH+t+Fm1zYitVh5vAAKPDvGf5QufZlPPSjp729Bt0QBBsyIIq6XVZFxUrSaAPVXdgZKmL72vW3OCDaitsD1/a0Yx4g32n5ux1KICIBdAgpQ6TFCNS9A6i8krO57LiXnVAZneB
        azcli_aks_live_test@example.com\\n\"\n      }\n     ]\n    }\n   },\n   \"servicePrincipalProfile\":
        {\n    \"clientId\":\"00000000-0000-0000-0000-000000000001\"\n   },\n   \"nodeResourceGroup\":
        \"MC_clitest000001_cliakstest000002_westus2\",\n   \"enableRBAC\": true,\n
        \  \"enablePodSecurityPolicy\": false,\n   \"networkProfile\": {\n    \"networkPlugin\":
        \"kubenet\",\n    \"loadBalancerSku\": \"Standard\",\n    \"loadBalancerProfile\":
        {\n     \"managedOutboundIPs\": {\n      \"count\": 1\n     },\n     \"effectiveOutboundIPs\":
        [\n      {\n       \"id\": \"/subscriptions/00000000-0000-0000-0000-000000000000/resourceGroups/MC_clitest000001_cliakstest000002_westus2/providers/Microsoft.Network/publicIPAddresses/354f91fb-7c7a-468d-9c4d-6dab050b19f6\"\n
        \     }\n     ]\n    },\n    \"podCidr\": \"10.244.0.0/16\",\n    \"serviceCidr\":
        \"10.0.0.0/16\",\n    \"dnsServiceIP\": \"10.0.0.10\",\n    \"dockerBridgeCidr\":
        \"172.17.0.1/16\",\n    \"outboundType\": \"loadBalancer\",\n    \"podCidrs\":
        [\n     \"10.244.0.0/16\"\n    ],\n    \"serviceCidrs\": [\n     \"10.0.0.0/16\"\n
        \   ],\n    \"ipFamilies\": [\n     \"IPv4\"\n    ]\n   },\n   \"maxAgentPools\":
        100,\n   \"identityProfile\": {\n    \"kubeletidentity\": {\n     \"resourceId\":
        \"/subscriptions/00000000-0000-0000-0000-000000000000/resourcegroups/MC_clitest000001_cliakstest000002_westus2/providers/Microsoft.ManagedIdentity/userAssignedIdentities/cliakstest000002-agentpool\",\n
        \    \"clientId\":\"00000000-0000-0000-0000-000000000001\",\n     \"objectId\":\"00000000-0000-0000-0000-000000000001\"\n
        \   }\n   },\n   \"podIdentityProfile\": {\n    \"enabled\": true,\n    \"allowNetworkPluginKubenet\":
        true,\n    \"userAssignedIdentities\": [\n     {\n      \"name\": \"test-name\",\n
        \     \"namespace\": \"test-namespace\",\n      \"identity\": {\n       \"resourceId\":
        \"/subscriptions/00000000-0000-0000-0000-000000000000/resourcegroups/clitest000001/providers/Microsoft.ManagedIdentity/userAssignedIdentities/id000003\",\n
        \      \"clientId\":\"00000000-0000-0000-0000-000000000001\",\n       \"objectId\":\"00000000-0000-0000-0000-000000000001\"\n
        \     },\n      \"provisioningState\": \"Deleting\"\n     }\n    ]\n   },\n
        \  \"disableLocalAccounts\": false,\n   \"securityProfile\": {},\n   \"storageProfile\":
        {\n    \"diskCSIDriver\": {\n     \"enabled\": true,\n     \"version\": \"v1\"\n
        \   },\n    \"fileCSIDriver\": {\n     \"enabled\": true\n    },\n    \"snapshotController\":
        {\n     \"enabled\": true\n    }\n   },\n   \"oidcIssuerProfile\": {\n    \"enabled\":
        false\n   }\n  },\n  \"identity\": {\n   \"type\": \"SystemAssigned\",\n   \"principalId\":\"00000000-0000-0000-0000-000000000001\",\n
        \  \"tenantId\": \"72f988bf-86f1-41af-91ab-2d7cd011db47\"\n  },\n  \"sku\":
        {\n   \"name\": \"Basic\",\n   \"tier\": \"Free\"\n  }\n }"
    headers:
      azure-asyncoperation:
      - https://management.azure.com/subscriptions/00000000-0000-0000-0000-000000000000/providers/Microsoft.ContainerService/locations/westus2/operations/99e6a5fe-0178-4c3c-8b86-bfe4861f979d?api-version=2016-03-30
      cache-control:
      - no-cache
      content-length:
      - '4539'
      content-type:
      - application/json
      date:
      - Tue, 19 Jul 2022 07:16:00 GMT
      expires:
      - '-1'
      pragma:
      - no-cache
      server:
      - nginx
      strict-transport-security:
      - max-age=31536000; includeSubDomains
      transfer-encoding:
      - chunked
      vary:
      - Accept-Encoding
      x-content-type-options:
      - nosniff
      x-ms-ratelimit-remaining-subscription-writes:
      - '1187'
    status:
      code: 200
      message: OK
- request:
    body: null
    headers:
      Accept:
      - '*/*'
      Accept-Encoding:
      - gzip, deflate
      CommandName:
      - aks pod-identity delete
      Connection:
      - keep-alive
      ParameterSetName:
      - --cluster-name --resource-group --namespace --name
      User-Agent:
      - AZURECLI/2.38.0 azsdk-python-azure-mgmt-containerservice/20.0.0b Python/3.8.10
        (Linux-5.13.0-1031-azure-x86_64-with-glibc2.29)
    method: GET
    uri: https://management.azure.com/subscriptions/00000000-0000-0000-0000-000000000000/providers/Microsoft.ContainerService/locations/westus2/operations/99e6a5fe-0178-4c3c-8b86-bfe4861f979d?api-version=2016-03-30
  response:
    body:
      string: "{\n  \"name\": \"fea5e699-7801-3c4c-8b86-bfe4861f979d\",\n  \"status\":
        \"InProgress\",\n  \"startTime\": \"2022-07-19T07:16:00.38Z\"\n }"
    headers:
      cache-control:
      - no-cache
      content-length:
      - '121'
      content-type:
      - application/json
      date:
      - Tue, 19 Jul 2022 07:16:30 GMT
      expires:
      - '-1'
      pragma:
      - no-cache
      server:
      - nginx
      strict-transport-security:
      - max-age=31536000; includeSubDomains
      transfer-encoding:
      - chunked
      vary:
      - Accept-Encoding
      x-content-type-options:
      - nosniff
    status:
      code: 200
      message: OK
- request:
    body: null
    headers:
      Accept:
      - '*/*'
      Accept-Encoding:
      - gzip, deflate
      CommandName:
      - aks pod-identity delete
      Connection:
      - keep-alive
      ParameterSetName:
      - --cluster-name --resource-group --namespace --name
      User-Agent:
      - AZURECLI/2.38.0 azsdk-python-azure-mgmt-containerservice/20.0.0b Python/3.8.10
        (Linux-5.13.0-1031-azure-x86_64-with-glibc2.29)
    method: GET
    uri: https://management.azure.com/subscriptions/00000000-0000-0000-0000-000000000000/providers/Microsoft.ContainerService/locations/westus2/operations/99e6a5fe-0178-4c3c-8b86-bfe4861f979d?api-version=2016-03-30
  response:
    body:
      string: "{\n  \"name\": \"fea5e699-7801-3c4c-8b86-bfe4861f979d\",\n  \"status\":
        \"InProgress\",\n  \"startTime\": \"2022-07-19T07:16:00.38Z\"\n }"
    headers:
      cache-control:
      - no-cache
      content-length:
      - '121'
      content-type:
      - application/json
      date:
      - Tue, 19 Jul 2022 07:17:00 GMT
      expires:
      - '-1'
      pragma:
      - no-cache
      server:
      - nginx
      strict-transport-security:
      - max-age=31536000; includeSubDomains
      transfer-encoding:
      - chunked
      vary:
      - Accept-Encoding
      x-content-type-options:
      - nosniff
    status:
      code: 200
      message: OK
- request:
    body: null
    headers:
      Accept:
      - '*/*'
      Accept-Encoding:
      - gzip, deflate
      CommandName:
      - aks pod-identity delete
      Connection:
      - keep-alive
      ParameterSetName:
      - --cluster-name --resource-group --namespace --name
      User-Agent:
      - AZURECLI/2.38.0 azsdk-python-azure-mgmt-containerservice/20.0.0b Python/3.8.10
        (Linux-5.13.0-1031-azure-x86_64-with-glibc2.29)
    method: GET
    uri: https://management.azure.com/subscriptions/00000000-0000-0000-0000-000000000000/providers/Microsoft.ContainerService/locations/westus2/operations/99e6a5fe-0178-4c3c-8b86-bfe4861f979d?api-version=2016-03-30
  response:
    body:
      string: "{\n  \"name\": \"fea5e699-7801-3c4c-8b86-bfe4861f979d\",\n  \"status\":
        \"Succeeded\",\n  \"startTime\": \"2022-07-19T07:16:00.38Z\",\n  \"endTime\":
        \"2022-07-19T07:17:27.5503935Z\"\n }"
    headers:
      cache-control:
      - no-cache
      content-length:
      - '165'
      content-type:
      - application/json
      date:
      - Tue, 19 Jul 2022 07:17:30 GMT
      expires:
      - '-1'
      pragma:
      - no-cache
      server:
      - nginx
      strict-transport-security:
      - max-age=31536000; includeSubDomains
      transfer-encoding:
      - chunked
      vary:
      - Accept-Encoding
      x-content-type-options:
      - nosniff
    status:
      code: 200
      message: OK
- request:
    body: null
    headers:
      Accept:
      - '*/*'
      Accept-Encoding:
      - gzip, deflate
      CommandName:
      - aks pod-identity delete
      Connection:
      - keep-alive
      ParameterSetName:
      - --cluster-name --resource-group --namespace --name
      User-Agent:
      - AZURECLI/2.38.0 azsdk-python-azure-mgmt-containerservice/20.0.0b Python/3.8.10
        (Linux-5.13.0-1031-azure-x86_64-with-glibc2.29)
    method: GET
    uri: https://management.azure.com/subscriptions/00000000-0000-0000-0000-000000000000/resourceGroups/clitest000001/providers/Microsoft.ContainerService/managedClusters/cliakstest000002?api-version=2022-06-02-preview
  response:
    body:
      string: "{\n  \"id\": \"/subscriptions/00000000-0000-0000-0000-000000000000/resourcegroups/clitest000001/providers/Microsoft.ContainerService/managedClusters/cliakstest000002\",\n
        \ \"location\": \"westus2\",\n  \"name\": \"cliakstest000002\",\n  \"type\":
        \"Microsoft.ContainerService/ManagedClusters\",\n  \"properties\": {\n   \"provisioningState\":
        \"Succeeded\",\n   \"powerState\": {\n    \"code\": \"Running\"\n   },\n   \"kubernetesVersion\":
        \"1.22.11\",\n   \"currentKubernetesVersion\": \"1.22.11\",\n   \"dnsPrefix\":
        \"cliakstest-clitestpfyzauv5b-8ecadf\",\n   \"fqdn\": \"cliakstest-clitestpfyzauv5b-8ecadf-25c8d70c.hcp.westus2.azmk8s.io\",\n
        \  \"azurePortalFQDN\": \"cliakstest-clitestpfyzauv5b-8ecadf-25c8d70c.portal.hcp.westus2.azmk8s.io\",\n
        \  \"agentPoolProfiles\": [\n    {\n     \"name\": \"nodepool1\",\n     \"count\":
        3,\n     \"vmSize\": \"Standard_DS2_v2\",\n     \"osDiskSizeGB\": 128,\n     \"osDiskType\":
        \"Managed\",\n     \"kubeletDiskType\": \"OS\",\n     \"workloadRuntime\":
        \"OCIContainer\",\n     \"maxPods\": 110,\n     \"type\": \"VirtualMachineScaleSets\",\n
        \    \"enableAutoScaling\": false,\n     \"provisioningState\": \"Succeeded\",\n
        \    \"powerState\": {\n      \"code\": \"Running\"\n     },\n     \"orchestratorVersion\":
        \"1.22.11\",\n     \"enableNodePublicIP\": false,\n     \"enableCustomCATrust\":
        false,\n     \"mode\": \"System\",\n     \"enableEncryptionAtHost\": false,\n
        \    \"enableUltraSSD\": false,\n     \"osType\": \"Linux\",\n     \"osSKU\":
        \"Ubuntu\",\n     \"nodeImageVersion\": \"AKSUbuntu-1804gen2containerd-2022.06.29\",\n
        \    \"upgradeSettings\": {},\n     \"enableFIPS\": false\n    }\n   ],\n
        \  \"linuxProfile\": {\n    \"adminUsername\": \"azureuser\",\n    \"ssh\":
        {\n     \"publicKeys\": [\n      {\n       \"keyData\": \"ssh-rsa AAAAB3NzaC1yc2EAAAADAQABAAABAQDBDU2v87Kb4/ZzK8RbuSkPMRF9IfTfY7Y/jeEede3uFf1lnR5Cix3oY6nmZz05uZKsDemHzTJdhUrNihiBljmK14os+4sjUGz8ffZCNop35eLpuZpNuPeU3Q9RX5IGMM9rK2URKKfPqDqFu6JuliFZL9y7ayNTu3OOEJhyXi9Mw/qo0vf/u04XD/mG0WDXWXkJyC0Lgp5/PNbJuI0XH+t+Fm1zYitVh5vAAKPDvGf5QufZlPPSjp729Bt0QBBsyIIq6XVZFxUrSaAPVXdgZKmL72vW3OCDaitsD1/a0Yx4g32n5ux1KICIBdAgpQ6TFCNS9A6i8krO57LiXnVAZneB
        azcli_aks_live_test@example.com\\n\"\n      }\n     ]\n    }\n   },\n   \"servicePrincipalProfile\":
        {\n    \"clientId\":\"00000000-0000-0000-0000-000000000001\"\n   },\n   \"nodeResourceGroup\":
        \"MC_clitest000001_cliakstest000002_westus2\",\n   \"enableRBAC\": true,\n
        \  \"enablePodSecurityPolicy\": false,\n   \"networkProfile\": {\n    \"networkPlugin\":
        \"kubenet\",\n    \"loadBalancerSku\": \"Standard\",\n    \"loadBalancerProfile\":
        {\n     \"managedOutboundIPs\": {\n      \"count\": 1\n     },\n     \"effectiveOutboundIPs\":
        [\n      {\n       \"id\": \"/subscriptions/00000000-0000-0000-0000-000000000000/resourceGroups/MC_clitest000001_cliakstest000002_westus2/providers/Microsoft.Network/publicIPAddresses/354f91fb-7c7a-468d-9c4d-6dab050b19f6\"\n
        \     }\n     ]\n    },\n    \"podCidr\": \"10.244.0.0/16\",\n    \"serviceCidr\":
        \"10.0.0.0/16\",\n    \"dnsServiceIP\": \"10.0.0.10\",\n    \"dockerBridgeCidr\":
        \"172.17.0.1/16\",\n    \"outboundType\": \"loadBalancer\",\n    \"podCidrs\":
        [\n     \"10.244.0.0/16\"\n    ],\n    \"serviceCidrs\": [\n     \"10.0.0.0/16\"\n
        \   ],\n    \"ipFamilies\": [\n     \"IPv4\"\n    ]\n   },\n   \"maxAgentPools\":
        100,\n   \"identityProfile\": {\n    \"kubeletidentity\": {\n     \"resourceId\":
        \"/subscriptions/00000000-0000-0000-0000-000000000000/resourcegroups/MC_clitest000001_cliakstest000002_westus2/providers/Microsoft.ManagedIdentity/userAssignedIdentities/cliakstest000002-agentpool\",\n
        \    \"clientId\":\"00000000-0000-0000-0000-000000000001\",\n     \"objectId\":\"00000000-0000-0000-0000-000000000001\"\n
        \   }\n   },\n   \"podIdentityProfile\": {\n    \"enabled\": true,\n    \"allowNetworkPluginKubenet\":
        true\n   },\n   \"disableLocalAccounts\": false,\n   \"securityProfile\":
        {},\n   \"storageProfile\": {\n    \"diskCSIDriver\": {\n     \"enabled\":
        true,\n     \"version\": \"v1\"\n    },\n    \"fileCSIDriver\": {\n     \"enabled\":
        true\n    },\n    \"snapshotController\": {\n     \"enabled\": true\n    }\n
        \  },\n   \"oidcIssuerProfile\": {\n    \"enabled\": false\n   }\n  },\n  \"identity\":
        {\n   \"type\": \"SystemAssigned\",\n   \"principalId\":\"00000000-0000-0000-0000-000000000001\",\n
        \  \"tenantId\": \"72f988bf-86f1-41af-91ab-2d7cd011db47\"\n  },\n  \"sku\":
        {\n   \"name\": \"Basic\",\n   \"tier\": \"Free\"\n  }\n }"
    headers:
      cache-control:
      - no-cache
      content-length:
      - '4069'
      content-type:
      - application/json
      date:
      - Tue, 19 Jul 2022 07:17:30 GMT
      expires:
      - '-1'
      pragma:
      - no-cache
      server:
      - nginx
      strict-transport-security:
      - max-age=31536000; includeSubDomains
      transfer-encoding:
      - chunked
      vary:
      - Accept-Encoding
      x-content-type-options:
      - nosniff
    status:
      code: 200
      message: OK
- request:
    body: null
    headers:
      Accept:
      - application/json
      Accept-Encoding:
      - gzip, deflate
      CommandName:
      - aks pod-identity add
      Connection:
      - keep-alive
      ParameterSetName:
      - --cluster-name --resource-group --namespace --name --identity-resource-id
        --binding-selector
      User-Agent:
      - AZURECLI/2.38.0 azsdk-python-azure-mgmt-containerservice/20.0.0b Python/3.8.10
        (Linux-5.13.0-1031-azure-x86_64-with-glibc2.29)
    method: GET
    uri: https://management.azure.com/subscriptions/00000000-0000-0000-0000-000000000000/resourceGroups/clitest000001/providers/Microsoft.ContainerService/managedClusters/cliakstest000002?api-version=2022-06-02-preview
  response:
    body:
      string: "{\n  \"id\": \"/subscriptions/00000000-0000-0000-0000-000000000000/resourcegroups/clitest000001/providers/Microsoft.ContainerService/managedClusters/cliakstest000002\",\n
        \ \"location\": \"westus2\",\n  \"name\": \"cliakstest000002\",\n  \"type\":
        \"Microsoft.ContainerService/ManagedClusters\",\n  \"properties\": {\n   \"provisioningState\":
        \"Succeeded\",\n   \"powerState\": {\n    \"code\": \"Running\"\n   },\n   \"kubernetesVersion\":
        \"1.22.11\",\n   \"currentKubernetesVersion\": \"1.22.11\",\n   \"dnsPrefix\":
        \"cliakstest-clitestpfyzauv5b-8ecadf\",\n   \"fqdn\": \"cliakstest-clitestpfyzauv5b-8ecadf-25c8d70c.hcp.westus2.azmk8s.io\",\n
        \  \"azurePortalFQDN\": \"cliakstest-clitestpfyzauv5b-8ecadf-25c8d70c.portal.hcp.westus2.azmk8s.io\",\n
        \  \"agentPoolProfiles\": [\n    {\n     \"name\": \"nodepool1\",\n     \"count\":
        3,\n     \"vmSize\": \"Standard_DS2_v2\",\n     \"osDiskSizeGB\": 128,\n     \"osDiskType\":
        \"Managed\",\n     \"kubeletDiskType\": \"OS\",\n     \"workloadRuntime\":
        \"OCIContainer\",\n     \"maxPods\": 110,\n     \"type\": \"VirtualMachineScaleSets\",\n
        \    \"enableAutoScaling\": false,\n     \"provisioningState\": \"Succeeded\",\n
        \    \"powerState\": {\n      \"code\": \"Running\"\n     },\n     \"orchestratorVersion\":
        \"1.22.11\",\n     \"enableNodePublicIP\": false,\n     \"enableCustomCATrust\":
        false,\n     \"mode\": \"System\",\n     \"enableEncryptionAtHost\": false,\n
        \    \"enableUltraSSD\": false,\n     \"osType\": \"Linux\",\n     \"osSKU\":
        \"Ubuntu\",\n     \"nodeImageVersion\": \"AKSUbuntu-1804gen2containerd-2022.06.29\",\n
        \    \"upgradeSettings\": {},\n     \"enableFIPS\": false\n    }\n   ],\n
        \  \"linuxProfile\": {\n    \"adminUsername\": \"azureuser\",\n    \"ssh\":
        {\n     \"publicKeys\": [\n      {\n       \"keyData\": \"ssh-rsa AAAAB3NzaC1yc2EAAAADAQABAAABAQDBDU2v87Kb4/ZzK8RbuSkPMRF9IfTfY7Y/jeEede3uFf1lnR5Cix3oY6nmZz05uZKsDemHzTJdhUrNihiBljmK14os+4sjUGz8ffZCNop35eLpuZpNuPeU3Q9RX5IGMM9rK2URKKfPqDqFu6JuliFZL9y7ayNTu3OOEJhyXi9Mw/qo0vf/u04XD/mG0WDXWXkJyC0Lgp5/PNbJuI0XH+t+Fm1zYitVh5vAAKPDvGf5QufZlPPSjp729Bt0QBBsyIIq6XVZFxUrSaAPVXdgZKmL72vW3OCDaitsD1/a0Yx4g32n5ux1KICIBdAgpQ6TFCNS9A6i8krO57LiXnVAZneB
        azcli_aks_live_test@example.com\\n\"\n      }\n     ]\n    }\n   },\n   \"servicePrincipalProfile\":
        {\n    \"clientId\":\"00000000-0000-0000-0000-000000000001\"\n   },\n   \"nodeResourceGroup\":
        \"MC_clitest000001_cliakstest000002_westus2\",\n   \"enableRBAC\": true,\n
        \  \"enablePodSecurityPolicy\": false,\n   \"networkProfile\": {\n    \"networkPlugin\":
        \"kubenet\",\n    \"loadBalancerSku\": \"Standard\",\n    \"loadBalancerProfile\":
        {\n     \"managedOutboundIPs\": {\n      \"count\": 1\n     },\n     \"effectiveOutboundIPs\":
        [\n      {\n       \"id\": \"/subscriptions/00000000-0000-0000-0000-000000000000/resourceGroups/MC_clitest000001_cliakstest000002_westus2/providers/Microsoft.Network/publicIPAddresses/354f91fb-7c7a-468d-9c4d-6dab050b19f6\"\n
        \     }\n     ]\n    },\n    \"podCidr\": \"10.244.0.0/16\",\n    \"serviceCidr\":
        \"10.0.0.0/16\",\n    \"dnsServiceIP\": \"10.0.0.10\",\n    \"dockerBridgeCidr\":
        \"172.17.0.1/16\",\n    \"outboundType\": \"loadBalancer\",\n    \"podCidrs\":
        [\n     \"10.244.0.0/16\"\n    ],\n    \"serviceCidrs\": [\n     \"10.0.0.0/16\"\n
        \   ],\n    \"ipFamilies\": [\n     \"IPv4\"\n    ]\n   },\n   \"maxAgentPools\":
        100,\n   \"identityProfile\": {\n    \"kubeletidentity\": {\n     \"resourceId\":
        \"/subscriptions/00000000-0000-0000-0000-000000000000/resourcegroups/MC_clitest000001_cliakstest000002_westus2/providers/Microsoft.ManagedIdentity/userAssignedIdentities/cliakstest000002-agentpool\",\n
        \    \"clientId\":\"00000000-0000-0000-0000-000000000001\",\n     \"objectId\":\"00000000-0000-0000-0000-000000000001\"\n
        \   }\n   },\n   \"podIdentityProfile\": {\n    \"enabled\": true,\n    \"allowNetworkPluginKubenet\":
        true\n   },\n   \"disableLocalAccounts\": false,\n   \"securityProfile\":
        {},\n   \"storageProfile\": {\n    \"diskCSIDriver\": {\n     \"enabled\":
        true,\n     \"version\": \"v1\"\n    },\n    \"fileCSIDriver\": {\n     \"enabled\":
        true\n    },\n    \"snapshotController\": {\n     \"enabled\": true\n    }\n
        \  },\n   \"oidcIssuerProfile\": {\n    \"enabled\": false\n   }\n  },\n  \"identity\":
        {\n   \"type\": \"SystemAssigned\",\n   \"principalId\":\"00000000-0000-0000-0000-000000000001\",\n
        \  \"tenantId\": \"72f988bf-86f1-41af-91ab-2d7cd011db47\"\n  },\n  \"sku\":
        {\n   \"name\": \"Basic\",\n   \"tier\": \"Free\"\n  }\n }"
    headers:
      cache-control:
      - no-cache
      content-length:
      - '4069'
      content-type:
      - application/json
      date:
      - Tue, 19 Jul 2022 07:17:31 GMT
      expires:
      - '-1'
      pragma:
      - no-cache
      server:
      - nginx
      strict-transport-security:
      - max-age=31536000; includeSubDomains
      transfer-encoding:
      - chunked
      vary:
      - Accept-Encoding
      x-content-type-options:
      - nosniff
    status:
      code: 200
      message: OK
- request:
    body: null
    headers:
      Accept:
      - application/json
      Accept-Encoding:
      - gzip, deflate
      CommandName:
      - aks pod-identity add
      Connection:
      - keep-alive
      ParameterSetName:
      - --cluster-name --resource-group --namespace --name --identity-resource-id
        --binding-selector
      User-Agent:
      - AZURECLI/2.38.0 azsdk-python-azure-mgmt-msi/6.0.1 Python/3.8.10 (Linux-5.13.0-1031-azure-x86_64-with-glibc2.29)
    method: GET
    uri: https://management.azure.com/subscriptions/00000000-0000-0000-0000-000000000000/resourceGroups/clitest000001/providers/Microsoft.ManagedIdentity/userAssignedIdentities/id000003?api-version=2018-11-30
  response:
    body:
      string: '{"id":"/subscriptions/00000000-0000-0000-0000-000000000000/resourcegroups/clitest000001/providers/Microsoft.ManagedIdentity/userAssignedIdentities/id000003","name":"id000003","type":"Microsoft.ManagedIdentity/userAssignedIdentities","location":"westus2","tags":{},"properties":{"tenantId":"72f988bf-86f1-41af-91ab-2d7cd011db47","principalId":"00000000-0000-0000-0000-000000000001","clientId":"00000000-0000-0000-0000-000000000001"}}'
    headers:
      cache-control:
      - no-cache
      content-length:
      - '432'
      content-type:
      - application/json; charset=utf-8
      date:
      - Tue, 19 Jul 2022 07:17:32 GMT
      expires:
      - '-1'
      pragma:
      - no-cache
      strict-transport-security:
      - max-age=31536000; includeSubDomains
      transfer-encoding:
      - chunked
      vary:
      - Accept-Encoding
      x-content-type-options:
      - nosniff
    status:
      code: 200
      message: OK
- request:
    body: null
    headers:
      Accept:
      - application/json
      Accept-Encoding:
      - gzip, deflate
      CommandName:
      - aks pod-identity add
      Connection:
      - keep-alive
      ParameterSetName:
      - --cluster-name --resource-group --namespace --name --identity-resource-id
        --binding-selector
      User-Agent:
      - python/3.8.10 (Linux-5.13.0-1031-azure-x86_64-with-glibc2.29) msrest/0.7.0
        msrest_azure/0.6.4 azure-mgmt-authorization/0.61.0 Azure-SDK-For-Python AZURECLI/2.38.0
      accept-language:
      - en-US
    method: GET
    uri: https://management.azure.com/subscriptions/00000000-0000-0000-0000-000000000000/resourcegroups/clitest000001/providers/microsoft.managedidentity/userassignedidentities/id000003/providers/Microsoft.Authorization/roleAssignments?$filter=atScope%28%29%20and%20assignedTo%28%27400fd362-a76b-44cc-b5e9-11959e115187%27%29&api-version=2020-04-01-preview
  response:
    body:
      string: '{"value":[{"properties":{"roleDefinitionId":"/subscriptions/00000000-0000-0000-0000-000000000000/providers/Microsoft.Authorization/roleDefinitions/f1a07417-d97a-45cb-824c-7a7467783830","principalId":"00000000-0000-0000-0000-000000000001","principalType":"ServicePrincipal","scope":"/subscriptions/00000000-0000-0000-0000-000000000000/resourcegroups/clitest000001/providers/microsoft.managedidentity/userassignedidentities/id000003","condition":null,"conditionVersion":null,"createdOn":"2022-07-19T07:13:52.0335923Z","updatedOn":"2022-07-19T07:13:52.0335923Z","createdBy":"119e1aeb-4592-42d6-9507-c66df857924f","updatedBy":"119e1aeb-4592-42d6-9507-c66df857924f","delegatedManagedIdentityResourceId":null,"description":null},"id":"/subscriptions/00000000-0000-0000-0000-000000000000/resourcegroups/clitest000001/providers/microsoft.managedidentity/userassignedidentities/id000003/providers/Microsoft.Authorization/roleAssignments/9975845d-166b-4948-85f3-118d1e9e7546","type":"Microsoft.Authorization/roleAssignments","name":"9975845d-166b-4948-85f3-118d1e9e7546"}]}'
    headers:
      cache-control:
      - no-cache
      content-length:
      - '1063'
      content-type:
      - application/json; charset=utf-8
      date:
      - Tue, 19 Jul 2022 07:17:31 GMT
      expires:
      - '-1'
      pragma:
      - no-cache
      set-cookie:
      - x-ms-gateway-slice=Production; path=/; secure; samesite=none; httponly
      strict-transport-security:
      - max-age=31536000; includeSubDomains
      transfer-encoding:
      - chunked
      vary:
      - Accept-Encoding
      x-content-type-options:
      - nosniff
    status:
      code: 200
      message: OK
- request:
    body: '{"location": "westus2", "sku": {"name": "Basic", "tier": "Free"}, "identity":
      {"type": "SystemAssigned"}, "properties": {"kubernetesVersion": "1.22.11", "dnsPrefix":
      "cliakstest-clitestpfyzauv5b-8ecadf", "agentPoolProfiles": [{"count": 3, "vmSize":
      "Standard_DS2_v2", "osDiskSizeGB": 128, "osDiskType": "Managed", "kubeletDiskType":
      "OS", "workloadRuntime": "OCIContainer", "maxPods": 110, "osType": "Linux",
      "osSKU": "Ubuntu", "enableAutoScaling": false, "type": "VirtualMachineScaleSets",
      "mode": "System", "orchestratorVersion": "1.22.11", "upgradeSettings": {}, "powerState":
      {"code": "Running"}, "enableNodePublicIP": false, "enableCustomCATrust": false,
      "enableEncryptionAtHost": false, "enableUltraSSD": false, "enableFIPS": false,
      "name": "nodepool1"}], "linuxProfile": {"adminUsername": "azureuser", "ssh":
      {"publicKeys": [{"keyData": "ssh-rsa AAAAB3NzaC1yc2EAAAADAQABAAABAQDBDU2v87Kb4/ZzK8RbuSkPMRF9IfTfY7Y/jeEede3uFf1lnR5Cix3oY6nmZz05uZKsDemHzTJdhUrNihiBljmK14os+4sjUGz8ffZCNop35eLpuZpNuPeU3Q9RX5IGMM9rK2URKKfPqDqFu6JuliFZL9y7ayNTu3OOEJhyXi9Mw/qo0vf/u04XD/mG0WDXWXkJyC0Lgp5/PNbJuI0XH+t+Fm1zYitVh5vAAKPDvGf5QufZlPPSjp729Bt0QBBsyIIq6XVZFxUrSaAPVXdgZKmL72vW3OCDaitsD1/a0Yx4g32n5ux1KICIBdAgpQ6TFCNS9A6i8krO57LiXnVAZneB
      azcli_aks_live_test@example.com\n"}]}}, "servicePrincipalProfile": {"clientId":"00000000-0000-0000-0000-000000000001"},
      "podIdentityProfile": {"enabled": true, "allowNetworkPluginKubenet": true, "userAssignedIdentities":
      [{"name": "test-name-binding-selector", "namespace": "test-namespace-binding-selector",
      "bindingSelector": "binding_test", "identity": {"resourceId": "/subscriptions/00000000-0000-0000-0000-000000000000/resourcegroups/clitest000001/providers/Microsoft.ManagedIdentity/userAssignedIdentities/id000003",
      "clientId":"00000000-0000-0000-0000-000000000001", "objectId":"00000000-0000-0000-0000-000000000001"}}],
      "userAssignedIdentityExceptions": []}, "oidcIssuerProfile": {"enabled": false},
      "nodeResourceGroup": "MC_clitest000001_cliakstest000002_westus2", "enableRBAC":
      true, "enablePodSecurityPolicy": false, "networkProfile": {"networkPlugin":
      "kubenet", "podCidr": "10.244.0.0/16", "serviceCidr": "10.0.0.0/16", "dnsServiceIP":
      "10.0.0.10", "dockerBridgeCidr": "172.17.0.1/16", "outboundType": "loadBalancer",
      "loadBalancerSku": "Standard", "loadBalancerProfile": {"managedOutboundIPs":
      {"count": 1}, "effectiveOutboundIPs": [{"id": "/subscriptions/00000000-0000-0000-0000-000000000000/resourceGroups/MC_clitest000001_cliakstest000002_westus2/providers/Microsoft.Network/publicIPAddresses/354f91fb-7c7a-468d-9c4d-6dab050b19f6"}]},
      "podCidrs": ["10.244.0.0/16"], "serviceCidrs": ["10.0.0.0/16"], "ipFamilies":
      ["IPv4"]}, "identityProfile": {"kubeletidentity": {"resourceId": "/subscriptions/00000000-0000-0000-0000-000000000000/resourcegroups/MC_clitest000001_cliakstest000002_westus2/providers/Microsoft.ManagedIdentity/userAssignedIdentities/cliakstest000002-agentpool",
      "clientId":"00000000-0000-0000-0000-000000000001", "objectId":"00000000-0000-0000-0000-000000000001"}},
      "disableLocalAccounts": false, "securityProfile": {}, "storageProfile": {"diskCSIDriver":
      {"enabled": true, "version": "v1"}, "fileCSIDriver": {"enabled": true}, "snapshotController":
      {"enabled": true}}}}'
    headers:
      Accept:
      - application/json
      Accept-Encoding:
      - gzip, deflate
      CommandName:
      - aks pod-identity add
      Connection:
      - keep-alive
      Content-Length:
      - '3227'
      Content-Type:
      - application/json
      ParameterSetName:
      - --cluster-name --resource-group --namespace --name --identity-resource-id
        --binding-selector
      User-Agent:
      - AZURECLI/2.38.0 azsdk-python-azure-mgmt-containerservice/20.0.0b Python/3.8.10
        (Linux-5.13.0-1031-azure-x86_64-with-glibc2.29)
    method: PUT
    uri: https://management.azure.com/subscriptions/00000000-0000-0000-0000-000000000000/resourceGroups/clitest000001/providers/Microsoft.ContainerService/managedClusters/cliakstest000002?api-version=2022-06-02-preview
  response:
    body:
      string: "{\n  \"id\": \"/subscriptions/00000000-0000-0000-0000-000000000000/resourcegroups/clitest000001/providers/Microsoft.ContainerService/managedClusters/cliakstest000002\",\n
        \ \"location\": \"westus2\",\n  \"name\": \"cliakstest000002\",\n  \"type\":
        \"Microsoft.ContainerService/ManagedClusters\",\n  \"properties\": {\n   \"provisioningState\":
        \"Updating\",\n   \"powerState\": {\n    \"code\": \"Running\"\n   },\n   \"kubernetesVersion\":
        \"1.22.11\",\n   \"currentKubernetesVersion\": \"1.22.11\",\n   \"dnsPrefix\":
        \"cliakstest-clitestpfyzauv5b-8ecadf\",\n   \"fqdn\": \"cliakstest-clitestpfyzauv5b-8ecadf-25c8d70c.hcp.westus2.azmk8s.io\",\n
        \  \"azurePortalFQDN\": \"cliakstest-clitestpfyzauv5b-8ecadf-25c8d70c.portal.hcp.westus2.azmk8s.io\",\n
        \  \"agentPoolProfiles\": [\n    {\n     \"name\": \"nodepool1\",\n     \"count\":
        3,\n     \"vmSize\": \"Standard_DS2_v2\",\n     \"osDiskSizeGB\": 128,\n     \"osDiskType\":
        \"Managed\",\n     \"kubeletDiskType\": \"OS\",\n     \"workloadRuntime\":
        \"OCIContainer\",\n     \"maxPods\": 110,\n     \"type\": \"VirtualMachineScaleSets\",\n
        \    \"enableAutoScaling\": false,\n     \"provisioningState\": \"Updating\",\n
        \    \"powerState\": {\n      \"code\": \"Running\"\n     },\n     \"orchestratorVersion\":
        \"1.22.11\",\n     \"enableNodePublicIP\": false,\n     \"enableCustomCATrust\":
        false,\n     \"mode\": \"System\",\n     \"enableEncryptionAtHost\": false,\n
        \    \"enableUltraSSD\": false,\n     \"osType\": \"Linux\",\n     \"osSKU\":
        \"Ubuntu\",\n     \"nodeImageVersion\": \"AKSUbuntu-1804gen2containerd-2022.06.29\",\n
        \    \"upgradeSettings\": {},\n     \"enableFIPS\": false\n    }\n   ],\n
        \  \"linuxProfile\": {\n    \"adminUsername\": \"azureuser\",\n    \"ssh\":
        {\n     \"publicKeys\": [\n      {\n       \"keyData\": \"ssh-rsa AAAAB3NzaC1yc2EAAAADAQABAAABAQDBDU2v87Kb4/ZzK8RbuSkPMRF9IfTfY7Y/jeEede3uFf1lnR5Cix3oY6nmZz05uZKsDemHzTJdhUrNihiBljmK14os+4sjUGz8ffZCNop35eLpuZpNuPeU3Q9RX5IGMM9rK2URKKfPqDqFu6JuliFZL9y7ayNTu3OOEJhyXi9Mw/qo0vf/u04XD/mG0WDXWXkJyC0Lgp5/PNbJuI0XH+t+Fm1zYitVh5vAAKPDvGf5QufZlPPSjp729Bt0QBBsyIIq6XVZFxUrSaAPVXdgZKmL72vW3OCDaitsD1/a0Yx4g32n5ux1KICIBdAgpQ6TFCNS9A6i8krO57LiXnVAZneB
        azcli_aks_live_test@example.com\\n\"\n      }\n     ]\n    }\n   },\n   \"servicePrincipalProfile\":
        {\n    \"clientId\":\"00000000-0000-0000-0000-000000000001\"\n   },\n   \"nodeResourceGroup\":
        \"MC_clitest000001_cliakstest000002_westus2\",\n   \"enableRBAC\": true,\n
        \  \"enablePodSecurityPolicy\": false,\n   \"networkProfile\": {\n    \"networkPlugin\":
        \"kubenet\",\n    \"loadBalancerSku\": \"Standard\",\n    \"loadBalancerProfile\":
        {\n     \"managedOutboundIPs\": {\n      \"count\": 1\n     },\n     \"effectiveOutboundIPs\":
        [\n      {\n       \"id\": \"/subscriptions/00000000-0000-0000-0000-000000000000/resourceGroups/MC_clitest000001_cliakstest000002_westus2/providers/Microsoft.Network/publicIPAddresses/354f91fb-7c7a-468d-9c4d-6dab050b19f6\"\n
        \     }\n     ]\n    },\n    \"podCidr\": \"10.244.0.0/16\",\n    \"serviceCidr\":
        \"10.0.0.0/16\",\n    \"dnsServiceIP\": \"10.0.0.10\",\n    \"dockerBridgeCidr\":
        \"172.17.0.1/16\",\n    \"outboundType\": \"loadBalancer\",\n    \"podCidrs\":
        [\n     \"10.244.0.0/16\"\n    ],\n    \"serviceCidrs\": [\n     \"10.0.0.0/16\"\n
        \   ],\n    \"ipFamilies\": [\n     \"IPv4\"\n    ]\n   },\n   \"maxAgentPools\":
        100,\n   \"identityProfile\": {\n    \"kubeletidentity\": {\n     \"resourceId\":
        \"/subscriptions/00000000-0000-0000-0000-000000000000/resourcegroups/MC_clitest000001_cliakstest000002_westus2/providers/Microsoft.ManagedIdentity/userAssignedIdentities/cliakstest000002-agentpool\",\n
        \    \"clientId\":\"00000000-0000-0000-0000-000000000001\",\n     \"objectId\":\"00000000-0000-0000-0000-000000000001\"\n
        \   }\n   },\n   \"podIdentityProfile\": {\n    \"enabled\": true,\n    \"allowNetworkPluginKubenet\":
        true,\n    \"userAssignedIdentities\": [\n     {\n      \"name\": \"test-name-binding-selector\",\n
        \     \"namespace\": \"test-namespace-binding-selector\",\n      \"identity\":
        {\n       \"resourceId\": \"/subscriptions/00000000-0000-0000-0000-000000000000/resourcegroups/clitest000001/providers/Microsoft.ManagedIdentity/userAssignedIdentities/id000003\",\n
        \      \"clientId\":\"00000000-0000-0000-0000-000000000001\",\n       \"objectId\":\"00000000-0000-0000-0000-000000000001\"\n
        \     },\n      \"bindingSelector\": \"binding_test\",\n      \"provisioningState\":
        \"Updating\"\n     }\n    ]\n   },\n   \"disableLocalAccounts\": false,\n
        \  \"securityProfile\": {},\n   \"storageProfile\": {\n    \"diskCSIDriver\":
        {\n     \"enabled\": true,\n     \"version\": \"v1\"\n    },\n    \"fileCSIDriver\":
        {\n     \"enabled\": true\n    },\n    \"snapshotController\": {\n     \"enabled\":
        true\n    }\n   },\n   \"oidcIssuerProfile\": {\n    \"enabled\": false\n
        \  }\n  },\n  \"identity\": {\n   \"type\": \"SystemAssigned\",\n   \"principalId\":\"00000000-0000-0000-0000-000000000001\",\n
        \  \"tenantId\": \"72f988bf-86f1-41af-91ab-2d7cd011db47\"\n  },\n  \"sku\":
        {\n   \"name\": \"Basic\",\n   \"tier\": \"Free\"\n  }\n }"
    headers:
      azure-asyncoperation:
      - https://management.azure.com/subscriptions/00000000-0000-0000-0000-000000000000/providers/Microsoft.ContainerService/locations/westus2/operations/c850a207-5ddb-4c23-a824-a89189ee837a?api-version=2016-03-30
      cache-control:
      - no-cache
      content-length:
      - '4614'
      content-type:
      - application/json
      date:
      - Tue, 19 Jul 2022 07:17:35 GMT
      expires:
      - '-1'
      pragma:
      - no-cache
      server:
      - nginx
      strict-transport-security:
      - max-age=31536000; includeSubDomains
      transfer-encoding:
      - chunked
      vary:
      - Accept-Encoding
      x-content-type-options:
      - nosniff
      x-ms-ratelimit-remaining-subscription-writes:
      - '1195'
    status:
      code: 200
      message: OK
- request:
    body: null
    headers:
      Accept:
      - '*/*'
      Accept-Encoding:
      - gzip, deflate
      CommandName:
      - aks pod-identity add
      Connection:
      - keep-alive
      ParameterSetName:
      - --cluster-name --resource-group --namespace --name --identity-resource-id
        --binding-selector
      User-Agent:
      - AZURECLI/2.38.0 azsdk-python-azure-mgmt-containerservice/20.0.0b Python/3.8.10
        (Linux-5.13.0-1031-azure-x86_64-with-glibc2.29)
    method: GET
    uri: https://management.azure.com/subscriptions/00000000-0000-0000-0000-000000000000/providers/Microsoft.ContainerService/locations/westus2/operations/c850a207-5ddb-4c23-a824-a89189ee837a?api-version=2016-03-30
  response:
    body:
      string: "{\n  \"name\": \"07a250c8-db5d-234c-a824-a89189ee837a\",\n  \"status\":
        \"InProgress\",\n  \"startTime\": \"2022-07-19T07:17:35.7633333Z\"\n }"
    headers:
      cache-control:
      - no-cache
      content-length:
      - '126'
      content-type:
      - application/json
      date:
      - Tue, 19 Jul 2022 07:18:06 GMT
      expires:
      - '-1'
      pragma:
      - no-cache
      server:
      - nginx
      strict-transport-security:
      - max-age=31536000; includeSubDomains
      transfer-encoding:
      - chunked
      vary:
      - Accept-Encoding
      x-content-type-options:
      - nosniff
    status:
      code: 200
      message: OK
- request:
    body: null
    headers:
      Accept:
      - '*/*'
      Accept-Encoding:
      - gzip, deflate
      CommandName:
      - aks pod-identity add
      Connection:
      - keep-alive
      ParameterSetName:
      - --cluster-name --resource-group --namespace --name --identity-resource-id
        --binding-selector
      User-Agent:
      - AZURECLI/2.38.0 azsdk-python-azure-mgmt-containerservice/20.0.0b Python/3.8.10
        (Linux-5.13.0-1031-azure-x86_64-with-glibc2.29)
    method: GET
    uri: https://management.azure.com/subscriptions/00000000-0000-0000-0000-000000000000/providers/Microsoft.ContainerService/locations/westus2/operations/c850a207-5ddb-4c23-a824-a89189ee837a?api-version=2016-03-30
  response:
    body:
      string: "{\n  \"name\": \"07a250c8-db5d-234c-a824-a89189ee837a\",\n  \"status\":
        \"InProgress\",\n  \"startTime\": \"2022-07-19T07:17:35.7633333Z\"\n }"
    headers:
      cache-control:
      - no-cache
      content-length:
      - '126'
      content-type:
      - application/json
      date:
      - Tue, 19 Jul 2022 07:18:36 GMT
      expires:
      - '-1'
      pragma:
      - no-cache
      server:
      - nginx
      strict-transport-security:
      - max-age=31536000; includeSubDomains
      transfer-encoding:
      - chunked
      vary:
      - Accept-Encoding
      x-content-type-options:
      - nosniff
    status:
      code: 200
      message: OK
- request:
    body: null
    headers:
      Accept:
      - '*/*'
      Accept-Encoding:
      - gzip, deflate
      CommandName:
      - aks pod-identity add
      Connection:
      - keep-alive
      ParameterSetName:
      - --cluster-name --resource-group --namespace --name --identity-resource-id
        --binding-selector
      User-Agent:
      - AZURECLI/2.38.0 azsdk-python-azure-mgmt-containerservice/20.0.0b Python/3.8.10
        (Linux-5.13.0-1031-azure-x86_64-with-glibc2.29)
    method: GET
    uri: https://management.azure.com/subscriptions/00000000-0000-0000-0000-000000000000/providers/Microsoft.ContainerService/locations/westus2/operations/c850a207-5ddb-4c23-a824-a89189ee837a?api-version=2016-03-30
  response:
    body:
      string: "{\n  \"name\": \"07a250c8-db5d-234c-a824-a89189ee837a\",\n  \"status\":
        \"InProgress\",\n  \"startTime\": \"2022-07-19T07:17:35.7633333Z\"\n }"
    headers:
      cache-control:
      - no-cache
      content-length:
      - '126'
      content-type:
      - application/json
      date:
      - Tue, 19 Jul 2022 07:19:06 GMT
      expires:
      - '-1'
      pragma:
      - no-cache
      server:
      - nginx
      strict-transport-security:
      - max-age=31536000; includeSubDomains
      transfer-encoding:
      - chunked
      vary:
      - Accept-Encoding
      x-content-type-options:
      - nosniff
    status:
      code: 200
      message: OK
- request:
    body: null
    headers:
      Accept:
      - '*/*'
      Accept-Encoding:
      - gzip, deflate
      CommandName:
      - aks pod-identity add
      Connection:
      - keep-alive
      ParameterSetName:
      - --cluster-name --resource-group --namespace --name --identity-resource-id
        --binding-selector
      User-Agent:
      - AZURECLI/2.38.0 azsdk-python-azure-mgmt-containerservice/20.0.0b Python/3.8.10
        (Linux-5.13.0-1031-azure-x86_64-with-glibc2.29)
    method: GET
    uri: https://management.azure.com/subscriptions/00000000-0000-0000-0000-000000000000/providers/Microsoft.ContainerService/locations/westus2/operations/c850a207-5ddb-4c23-a824-a89189ee837a?api-version=2016-03-30
  response:
    body:
      string: "{\n  \"name\": \"07a250c8-db5d-234c-a824-a89189ee837a\",\n  \"status\":
        \"Succeeded\",\n  \"startTime\": \"2022-07-19T07:17:35.7633333Z\",\n  \"endTime\":
        \"2022-07-19T07:19:25.9369891Z\"\n }"
    headers:
      cache-control:
      - no-cache
      content-length:
      - '170'
      content-type:
      - application/json
      date:
      - Tue, 19 Jul 2022 07:19:35 GMT
      expires:
      - '-1'
      pragma:
      - no-cache
      server:
      - nginx
      strict-transport-security:
      - max-age=31536000; includeSubDomains
      transfer-encoding:
      - chunked
      vary:
      - Accept-Encoding
      x-content-type-options:
      - nosniff
    status:
      code: 200
      message: OK
- request:
    body: null
    headers:
      Accept:
      - '*/*'
      Accept-Encoding:
      - gzip, deflate
      CommandName:
      - aks pod-identity add
      Connection:
      - keep-alive
      ParameterSetName:
      - --cluster-name --resource-group --namespace --name --identity-resource-id
        --binding-selector
      User-Agent:
      - AZURECLI/2.38.0 azsdk-python-azure-mgmt-containerservice/20.0.0b Python/3.8.10
        (Linux-5.13.0-1031-azure-x86_64-with-glibc2.29)
    method: GET
    uri: https://management.azure.com/subscriptions/00000000-0000-0000-0000-000000000000/resourceGroups/clitest000001/providers/Microsoft.ContainerService/managedClusters/cliakstest000002?api-version=2022-06-02-preview
  response:
    body:
      string: "{\n  \"id\": \"/subscriptions/00000000-0000-0000-0000-000000000000/resourcegroups/clitest000001/providers/Microsoft.ContainerService/managedClusters/cliakstest000002\",\n
        \ \"location\": \"westus2\",\n  \"name\": \"cliakstest000002\",\n  \"type\":
        \"Microsoft.ContainerService/ManagedClusters\",\n  \"properties\": {\n   \"provisioningState\":
        \"Succeeded\",\n   \"powerState\": {\n    \"code\": \"Running\"\n   },\n   \"kubernetesVersion\":
        \"1.22.11\",\n   \"currentKubernetesVersion\": \"1.22.11\",\n   \"dnsPrefix\":
        \"cliakstest-clitestpfyzauv5b-8ecadf\",\n   \"fqdn\": \"cliakstest-clitestpfyzauv5b-8ecadf-25c8d70c.hcp.westus2.azmk8s.io\",\n
        \  \"azurePortalFQDN\": \"cliakstest-clitestpfyzauv5b-8ecadf-25c8d70c.portal.hcp.westus2.azmk8s.io\",\n
        \  \"agentPoolProfiles\": [\n    {\n     \"name\": \"nodepool1\",\n     \"count\":
        3,\n     \"vmSize\": \"Standard_DS2_v2\",\n     \"osDiskSizeGB\": 128,\n     \"osDiskType\":
        \"Managed\",\n     \"kubeletDiskType\": \"OS\",\n     \"workloadRuntime\":
        \"OCIContainer\",\n     \"maxPods\": 110,\n     \"type\": \"VirtualMachineScaleSets\",\n
        \    \"enableAutoScaling\": false,\n     \"provisioningState\": \"Succeeded\",\n
        \    \"powerState\": {\n      \"code\": \"Running\"\n     },\n     \"orchestratorVersion\":
        \"1.22.11\",\n     \"enableNodePublicIP\": false,\n     \"enableCustomCATrust\":
        false,\n     \"mode\": \"System\",\n     \"enableEncryptionAtHost\": false,\n
        \    \"enableUltraSSD\": false,\n     \"osType\": \"Linux\",\n     \"osSKU\":
        \"Ubuntu\",\n     \"nodeImageVersion\": \"AKSUbuntu-1804gen2containerd-2022.06.29\",\n
        \    \"upgradeSettings\": {},\n     \"enableFIPS\": false\n    }\n   ],\n
        \  \"linuxProfile\": {\n    \"adminUsername\": \"azureuser\",\n    \"ssh\":
        {\n     \"publicKeys\": [\n      {\n       \"keyData\": \"ssh-rsa AAAAB3NzaC1yc2EAAAADAQABAAABAQDBDU2v87Kb4/ZzK8RbuSkPMRF9IfTfY7Y/jeEede3uFf1lnR5Cix3oY6nmZz05uZKsDemHzTJdhUrNihiBljmK14os+4sjUGz8ffZCNop35eLpuZpNuPeU3Q9RX5IGMM9rK2URKKfPqDqFu6JuliFZL9y7ayNTu3OOEJhyXi9Mw/qo0vf/u04XD/mG0WDXWXkJyC0Lgp5/PNbJuI0XH+t+Fm1zYitVh5vAAKPDvGf5QufZlPPSjp729Bt0QBBsyIIq6XVZFxUrSaAPVXdgZKmL72vW3OCDaitsD1/a0Yx4g32n5ux1KICIBdAgpQ6TFCNS9A6i8krO57LiXnVAZneB
        azcli_aks_live_test@example.com\\n\"\n      }\n     ]\n    }\n   },\n   \"servicePrincipalProfile\":
        {\n    \"clientId\":\"00000000-0000-0000-0000-000000000001\"\n   },\n   \"nodeResourceGroup\":
        \"MC_clitest000001_cliakstest000002_westus2\",\n   \"enableRBAC\": true,\n
        \  \"enablePodSecurityPolicy\": false,\n   \"networkProfile\": {\n    \"networkPlugin\":
        \"kubenet\",\n    \"loadBalancerSku\": \"Standard\",\n    \"loadBalancerProfile\":
        {\n     \"managedOutboundIPs\": {\n      \"count\": 1\n     },\n     \"effectiveOutboundIPs\":
        [\n      {\n       \"id\": \"/subscriptions/00000000-0000-0000-0000-000000000000/resourceGroups/MC_clitest000001_cliakstest000002_westus2/providers/Microsoft.Network/publicIPAddresses/354f91fb-7c7a-468d-9c4d-6dab050b19f6\"\n
        \     }\n     ]\n    },\n    \"podCidr\": \"10.244.0.0/16\",\n    \"serviceCidr\":
        \"10.0.0.0/16\",\n    \"dnsServiceIP\": \"10.0.0.10\",\n    \"dockerBridgeCidr\":
        \"172.17.0.1/16\",\n    \"outboundType\": \"loadBalancer\",\n    \"podCidrs\":
        [\n     \"10.244.0.0/16\"\n    ],\n    \"serviceCidrs\": [\n     \"10.0.0.0/16\"\n
        \   ],\n    \"ipFamilies\": [\n     \"IPv4\"\n    ]\n   },\n   \"maxAgentPools\":
        100,\n   \"identityProfile\": {\n    \"kubeletidentity\": {\n     \"resourceId\":
        \"/subscriptions/00000000-0000-0000-0000-000000000000/resourcegroups/MC_clitest000001_cliakstest000002_westus2/providers/Microsoft.ManagedIdentity/userAssignedIdentities/cliakstest000002-agentpool\",\n
        \    \"clientId\":\"00000000-0000-0000-0000-000000000001\",\n     \"objectId\":\"00000000-0000-0000-0000-000000000001\"\n
        \   }\n   },\n   \"podIdentityProfile\": {\n    \"enabled\": true,\n    \"allowNetworkPluginKubenet\":
        true,\n    \"userAssignedIdentities\": [\n     {\n      \"name\": \"test-name-binding-selector\",\n
        \     \"namespace\": \"test-namespace-binding-selector\",\n      \"identity\":
        {\n       \"resourceId\": \"/subscriptions/00000000-0000-0000-0000-000000000000/resourcegroups/clitest000001/providers/Microsoft.ManagedIdentity/userAssignedIdentities/id000003\",\n
        \      \"clientId\":\"00000000-0000-0000-0000-000000000001\",\n       \"objectId\":\"00000000-0000-0000-0000-000000000001\"\n
        \     },\n      \"bindingSelector\": \"binding_test\",\n      \"provisioningState\":
        \"Assigned\"\n     }\n    ]\n   },\n   \"disableLocalAccounts\": false,\n
        \  \"securityProfile\": {},\n   \"storageProfile\": {\n    \"diskCSIDriver\":
        {\n     \"enabled\": true,\n     \"version\": \"v1\"\n    },\n    \"fileCSIDriver\":
        {\n     \"enabled\": true\n    },\n    \"snapshotController\": {\n     \"enabled\":
        true\n    }\n   },\n   \"oidcIssuerProfile\": {\n    \"enabled\": false\n
        \  }\n  },\n  \"identity\": {\n   \"type\": \"SystemAssigned\",\n   \"principalId\":\"00000000-0000-0000-0000-000000000001\",\n
        \  \"tenantId\": \"72f988bf-86f1-41af-91ab-2d7cd011db47\"\n  },\n  \"sku\":
        {\n   \"name\": \"Basic\",\n   \"tier\": \"Free\"\n  }\n }"
    headers:
      cache-control:
      - no-cache
      content-length:
      - '4616'
      content-type:
      - application/json
      date:
      - Tue, 19 Jul 2022 07:19:36 GMT
      expires:
      - '-1'
      pragma:
      - no-cache
      server:
      - nginx
      strict-transport-security:
      - max-age=31536000; includeSubDomains
      transfer-encoding:
      - chunked
      vary:
      - Accept-Encoding
      x-content-type-options:
      - nosniff
    status:
      code: 200
      message: OK
- request:
    body: null
    headers:
      Accept:
      - application/json
      Accept-Encoding:
      - gzip, deflate
      CommandName:
      - aks delete
      Connection:
      - keep-alive
      Content-Length:
      - '0'
      ParameterSetName:
      - --resource-group --name --yes --no-wait
      User-Agent:
      - AZURECLI/2.38.0 azsdk-python-azure-mgmt-containerservice/20.0.0b Python/3.8.10
        (Linux-5.13.0-1031-azure-x86_64-with-glibc2.29)
    method: DELETE
    uri: https://management.azure.com/subscriptions/00000000-0000-0000-0000-000000000000/resourceGroups/clitest000001/providers/Microsoft.ContainerService/managedClusters/cliakstest000002?api-version=2022-06-02-preview
  response:
    body:
      string: ''
    headers:
      azure-asyncoperation:
      - https://management.azure.com/subscriptions/00000000-0000-0000-0000-000000000000/providers/Microsoft.ContainerService/locations/westus2/operations/93582765-38ad-4eab-9a98-3660abe0d72f?api-version=2016-03-30
      cache-control:
      - no-cache
      content-length:
      - '0'
      date:
      - Tue, 19 Jul 2022 07:19:37 GMT
      expires:
      - '-1'
      location:
      - https://management.azure.com/subscriptions/00000000-0000-0000-0000-000000000000/providers/Microsoft.ContainerService/locations/westus2/operationresults/93582765-38ad-4eab-9a98-3660abe0d72f?api-version=2016-03-30
      pragma:
      - no-cache
      server:
      - nginx
      strict-transport-security:
      - max-age=31536000; includeSubDomains
      x-content-type-options:
      - nosniff
      x-ms-ratelimit-remaining-subscription-deletes:
      - '14996'
    status:
      code: 202
      message: Accepted
version: 1
