interactions:
- request:
    body: null
    headers:
      Accept:
      - application/json
      Accept-Encoding:
      - gzip, deflate
      CommandName:
      - aks create
      Connection:
      - keep-alive
      ParameterSetName:
      - --resource-group --name -a --ssh-key-value -o
      User-Agent:
      - AZURECLI/2.29.0 (DOCKER) azsdk-python-azure-mgmt-resource/19.0.0 Python/3.9.6
        (Linux-5.10.16.3-microsoft-standard-WSL2-x86_64-with)
    method: GET
    uri: https://management.azure.com/subscriptions/00000000-0000-0000-0000-000000000000/resourcegroups/clitest000001?api-version=2021-04-01
  response:
    body:
      string: '{"id":"/subscriptions/00000000-0000-0000-0000-000000000000/resourceGroups/clitest000001","name":"clitest000001","type":"Microsoft.Resources/resourceGroups","location":"westus2","tags":{"product":"azurecli","cause":"automation","date":"2021-10-20T14:32:18Z"},"properties":{"provisioningState":"Succeeded"}}'
    headers:
      cache-control:
      - no-cache
      content-length:
      - '313'
      content-type:
      - application/json; charset=utf-8
      date:
      - Wed, 20 Oct 2021 14:32:27 GMT
      expires:
      - '-1'
      pragma:
      - no-cache
      strict-transport-security:
      - max-age=31536000; includeSubDomains
      vary:
      - Accept-Encoding
      x-content-type-options:
      - nosniff
    status:
      code: 200
      message: OK
- request:
    body: '{"location": "westus2", "identity": {"type": "SystemAssigned"}, "properties":
      {"kubernetesVersion": "", "dnsPrefix": "cliakstest-clitesto762754pw-26fe00",
      "agentPoolProfiles": [{"count": 3, "vmSize": "Standard_DS2_v2", "workloadRuntime":
      "OCIContainer", "osType": "Linux", "type": "VirtualMachineScaleSets", "mode":
      "System", "enableNodePublicIP": false, "scaleSetPriority": "Regular", "scaleSetEvictionPolicy":
      "Delete", "spotMaxPrice": -1.0, "enableEncryptionAtHost": false, "enableUltraSSD":
      false, "enableFIPS": false, "name": "nodepool1"}], "linuxProfile": {"adminUsername":
      "azureuser", "ssh": {"publicKeys": [{"keyData": "ssh-rsa AAAAB3NzaC1yc2EAAAADAQABAAACAQCbIg1guRHbI0lV11wWDt1r2cUdcNd27CJsg+SfgC7miZeubtwUhbsPdhMQsfDyhOWHq1+ZL0M+nJZV63d/1dhmhtgyOqejUwrPlzKhydsbrsdUor+JmNJDdW01v7BXHyuymT8G4s09jCasNOwiufbP/qp72ruu0bIA1nySsvlf9pCQAuFkAnVnf/rFhUlOkhtRpwcq8SUNY2zRHR/EKb/4NWY1JzR4sa3q2fWIJdrrX0DvLoa5g9bIEd4Df79ba7v+yiUBOS0zT2ll+z4g9izHK3EO5d8hL4jYxcjKs+wcslSYRWrascfscLgMlMGh0CdKeNTDjHpGPncaf3Z+FwwwjWeuiNBxv7bJo13/8B/098KlVDl4GZqsoBCEjPyJfV6hO0y/LkRGkk7oHWKgeWAfKtfLItRp00eZ4fcJNK9kCaSMmEugoZWcI7NGbZXzqFWqbpRI7NcDP9+WIQ+i9U5vqWsqd/zng4kbuAJ6UuKqIzB0upYrLShfQE3SAck8oaLhJqqq56VfDuASNpJKidV+zq27HfSBmbXnkR/5AK337dc3MXKJypoK/QPMLKUAP5XLPbs+NddJQV7EZXd29DLgp+fRIg3edpKdO7ZErWhv7d+3Kws+e1Y+ypmR2WIVSwVyBEUfgv2C8Ts9gnTF4pNcEY/S2aBicz5Ew2+jdyGNQQ==
      test@example.com\n"}]}}, "addonProfiles": {"azureKeyvaultSecretsProvider": {"enabled":
      true, "config": {"enableSecretRotation": "false", "rotationPollInterval": "2m"}}},
      "enableRBAC": true, "enablePodSecurityPolicy": false, "networkProfile": {"networkPlugin":
      "kubenet", "podCidr": "10.244.0.0/16", "serviceCidr": "10.0.0.0/16", "dnsServiceIP":
      "10.0.0.10", "dockerBridgeCidr": "172.17.0.1/16", "outboundType": "loadBalancer",
      "loadBalancerSku": "standard"}, "disableLocalAccounts": false}}'
    headers:
      Accept:
      - application/json
      Accept-Encoding:
      - gzip, deflate
      CommandName:
      - aks create
      Connection:
      - keep-alive
      Content-Length:
      - '1844'
      Content-Type:
      - application/json
      ParameterSetName:
      - --resource-group --name -a --ssh-key-value -o
      User-Agent:
      - AZURECLI/2.29.0 (DOCKER) azsdk-python-azure-mgmt-containerservice/16.3.0 Python/3.9.6
        (Linux-5.10.16.3-microsoft-standard-WSL2-x86_64-with)
    method: PUT
    uri: https://management.azure.com/subscriptions/00000000-0000-0000-0000-000000000000/resourceGroups/clitest000001/providers/Microsoft.ContainerService/managedClusters/cliakstest000002?api-version=2021-10-01
  response:
    body:
      string: "{\n  \"id\": \"/subscriptions/00000000-0000-0000-0000-000000000000/resourcegroups/clitest000001/providers/Microsoft.ContainerService/managedClusters/cliakstest000002\"\
        ,\n  \"location\": \"westus2\",\n  \"name\": \"cliakstest000002\",\n  \"type\"\
        : \"Microsoft.ContainerService/ManagedClusters\",\n  \"properties\": {\n \
        \  \"provisioningState\": \"Creating\",\n   \"powerState\": {\n    \"code\"\
        : \"Running\"\n   },\n   \"kubernetesVersion\": \"1.20.9\",\n   \"dnsPrefix\"\
        : \"cliakstest-clitesto762754pw-26fe00\",\n   \"fqdn\": \"cliakstest-clitesto762754pw-26fe00-ee4dde8f.hcp.westus2.staging.azmk8s.io\"\
        ,\n   \"azurePortalFQDN\": \"cliakstest-clitesto762754pw-26fe00-ee4dde8f.portal.hcp.westus2.staging.azmk8s.io\"\
        ,\n   \"agentPoolProfiles\": [\n    {\n     \"name\": \"nodepool1\",\n   \
        \  \"count\": 3,\n     \"vmSize\": \"Standard_DS2_v2\",\n     \"osDiskSizeGB\"\
        : 128,\n     \"osDiskType\": \"Managed\",\n     \"kubeletDiskType\": \"OS\"\
        ,\n     \"workloadRuntime\": \"OCIContainer\",\n     \"maxPods\": 110,\n \
        \    \"type\": \"VirtualMachineScaleSets\",\n     \"provisioningState\": \"\
        Creating\",\n     \"powerState\": {\n      \"code\": \"Running\"\n     },\n\
        \     \"orchestratorVersion\": \"1.20.9\",\n     \"enableNodePublicIP\": false,\n\
        \     \"mode\": \"System\",\n     \"enableEncryptionAtHost\": false,\n   \
        \  \"enableUltraSSD\": false,\n     \"osType\": \"Linux\",\n     \"osSKU\"\
        : \"Ubuntu\",\n     \"nodeImageVersion\": \"AKSUbuntu-1804gen2containerd-2021.10.13\"\
        ,\n     \"enableFIPS\": false\n    }\n   ],\n   \"linuxProfile\": {\n    \"\
        adminUsername\": \"azureuser\",\n    \"ssh\": {\n     \"publicKeys\": [\n\
        \      {\n       \"keyData\": \"ssh-rsa AAAAB3NzaC1yc2EAAAADAQABAAACAQCbIg1guRHbI0lV11wWDt1r2cUdcNd27CJsg+SfgC7miZeubtwUhbsPdhMQsfDyhOWHq1+ZL0M+nJZV63d/1dhmhtgyOqejUwrPlzKhydsbrsdUor+JmNJDdW01v7BXHyuymT8G4s09jCasNOwiufbP/qp72ruu0bIA1nySsvlf9pCQAuFkAnVnf/rFhUlOkhtRpwcq8SUNY2zRHR/EKb/4NWY1JzR4sa3q2fWIJdrrX0DvLoa5g9bIEd4Df79ba7v+yiUBOS0zT2ll+z4g9izHK3EO5d8hL4jYxcjKs+wcslSYRWrascfscLgMlMGh0CdKeNTDjHpGPncaf3Z+FwwwjWeuiNBxv7bJo13/8B/098KlVDl4GZqsoBCEjPyJfV6hO0y/LkRGkk7oHWKgeWAfKtfLItRp00eZ4fcJNK9kCaSMmEugoZWcI7NGbZXzqFWqbpRI7NcDP9+WIQ+i9U5vqWsqd/zng4kbuAJ6UuKqIzB0upYrLShfQE3SAck8oaLhJqqq56VfDuASNpJKidV+zq27HfSBmbXnkR/5AK337dc3MXKJypoK/QPMLKUAP5XLPbs+NddJQV7EZXd29DLgp+fRIg3edpKdO7ZErWhv7d+3Kws+e1Y+ypmR2WIVSwVyBEUfgv2C8Ts9gnTF4pNcEY/S2aBicz5Ew2+jdyGNQQ==\
        \ test@example.com\\n\"\n      }\n     ]\n    }\n   },\n   \"servicePrincipalProfile\"\
        : {\n    \"clientId\":\"00000000-0000-0000-0000-000000000001\"\n   },\n  \
        \ \"addonProfiles\": {\n    \"azureKeyvaultSecretsProvider\": {\n     \"enabled\"\
        : true,\n     \"config\": {\n      \"enableSecretRotation\": \"false\",\n\
        \      \"rotationPollInterval\": \"2m\"\n     }\n    }\n   },\n   \"nodeResourceGroup\"\
        : \"MC_clitest000001_cliakstest000002_westus2\",\n   \"enableRBAC\": true,\n\
        \   \"enablePodSecurityPolicy\": false,\n   \"networkProfile\": {\n    \"\
        networkPlugin\": \"kubenet\",\n    \"loadBalancerSku\": \"standard\",\n  \
        \  \"loadBalancerProfile\": {\n     \"managedOutboundIPs\": {\n      \"count\"\
        : 1\n     }\n    },\n    \"podCidr\": \"10.244.0.0/16\",\n    \"serviceCidr\"\
        : \"10.0.0.0/16\",\n    \"dnsServiceIP\": \"10.0.0.10\",\n    \"dockerBridgeCidr\"\
        : \"172.17.0.1/16\",\n    \"outboundType\": \"loadBalancer\"\n   },\n   \"\
        maxAgentPools\": 100,\n   \"disableLocalAccounts\": false,\n   \"publicNetworkAccess\"\
        : \"Enabled\"\n  },\n  \"identity\": {\n   \"type\": \"SystemAssigned\",\n\
        \   \"principalId\":\"00000000-0000-0000-0000-000000000001\",\n   \"tenantId\"\
        : \"72f988bf-86f1-41af-91ab-2d7cd011db47\"\n  },\n  \"sku\": {\n   \"name\"\
        : \"Basic\",\n   \"tier\": \"Free\"\n  }\n }"
    headers:
      azure-asyncoperation:
      - https://management.azure.com/subscriptions/00000000-0000-0000-0000-000000000000/providers/Microsoft.ContainerService/locations/westus2/operations/6a4d87e1-d757-47af-a91e-efc16b1afc9e?api-version=2016-03-30
      cache-control:
      - no-cache
      content-length:
      - '3315'
      content-type:
      - application/json
      date:
      - Wed, 20 Oct 2021 14:32:38 GMT
      expires:
      - '-1'
      pragma:
      - no-cache
      server:
      - nginx
      strict-transport-security:
      - max-age=31536000; includeSubDomains
      x-content-type-options:
      - nosniff
      x-ms-ratelimit-remaining-subscription-writes:
      - '1199'
    status:
      code: 201
      message: Created
- request:
    body: null
    headers:
      Accept:
      - '*/*'
      Accept-Encoding:
      - gzip, deflate
      CommandName:
      - aks create
      Connection:
      - keep-alive
      ParameterSetName:
      - --resource-group --name -a --ssh-key-value -o
      User-Agent:
      - AZURECLI/2.29.0 (DOCKER) azsdk-python-azure-mgmt-containerservice/16.3.0 Python/3.9.6
        (Linux-5.10.16.3-microsoft-standard-WSL2-x86_64-with)
    method: GET
    uri: https://management.azure.com/subscriptions/00000000-0000-0000-0000-000000000000/providers/Microsoft.ContainerService/locations/westus2/operations/6a4d87e1-d757-47af-a91e-efc16b1afc9e?api-version=2016-03-30
  response:
    body:
      string: "{\n  \"name\": \"e1874d6a-57d7-af47-a91e-efc16b1afc9e\",\n  \"status\"\
        : \"InProgress\",\n  \"startTime\": \"2021-10-20T14:32:37.89Z\"\n }"
    headers:
      cache-control:
      - no-cache
      content-length:
      - '121'
      content-type:
      - application/json
      date:
      - Wed, 20 Oct 2021 14:33:09 GMT
      expires:
      - '-1'
      pragma:
      - no-cache
      server:
      - nginx
      strict-transport-security:
      - max-age=31536000; includeSubDomains
      transfer-encoding:
      - chunked
      vary:
      - Accept-Encoding
      x-content-type-options:
      - nosniff
    status:
      code: 200
      message: OK
- request:
    body: null
    headers:
      Accept:
      - '*/*'
      Accept-Encoding:
      - gzip, deflate
      CommandName:
      - aks create
      Connection:
      - keep-alive
      ParameterSetName:
      - --resource-group --name -a --ssh-key-value -o
      User-Agent:
      - AZURECLI/2.29.0 (DOCKER) azsdk-python-azure-mgmt-containerservice/16.3.0 Python/3.9.6
        (Linux-5.10.16.3-microsoft-standard-WSL2-x86_64-with)
    method: GET
    uri: https://management.azure.com/subscriptions/00000000-0000-0000-0000-000000000000/providers/Microsoft.ContainerService/locations/westus2/operations/6a4d87e1-d757-47af-a91e-efc16b1afc9e?api-version=2016-03-30
  response:
    body:
      string: "{\n  \"name\": \"e1874d6a-57d7-af47-a91e-efc16b1afc9e\",\n  \"status\"\
        : \"InProgress\",\n  \"startTime\": \"2021-10-20T14:32:37.89Z\"\n }"
    headers:
      cache-control:
      - no-cache
      content-length:
      - '121'
      content-type:
      - application/json
      date:
      - Wed, 20 Oct 2021 14:33:39 GMT
      expires:
      - '-1'
      pragma:
      - no-cache
      server:
      - nginx
      strict-transport-security:
      - max-age=31536000; includeSubDomains
      transfer-encoding:
      - chunked
      vary:
      - Accept-Encoding
      x-content-type-options:
      - nosniff
    status:
      code: 200
      message: OK
- request:
    body: null
    headers:
      Accept:
      - '*/*'
      Accept-Encoding:
      - gzip, deflate
      CommandName:
      - aks create
      Connection:
      - keep-alive
      ParameterSetName:
      - --resource-group --name -a --ssh-key-value -o
      User-Agent:
      - AZURECLI/2.29.0 (DOCKER) azsdk-python-azure-mgmt-containerservice/16.3.0 Python/3.9.6
        (Linux-5.10.16.3-microsoft-standard-WSL2-x86_64-with)
    method: GET
    uri: https://management.azure.com/subscriptions/00000000-0000-0000-0000-000000000000/providers/Microsoft.ContainerService/locations/westus2/operations/6a4d87e1-d757-47af-a91e-efc16b1afc9e?api-version=2016-03-30
  response:
    body:
      string: "{\n  \"name\": \"e1874d6a-57d7-af47-a91e-efc16b1afc9e\",\n  \"status\"\
        : \"InProgress\",\n  \"startTime\": \"2021-10-20T14:32:37.89Z\"\n }"
    headers:
      cache-control:
      - no-cache
      content-length:
      - '121'
      content-type:
      - application/json
      date:
      - Wed, 20 Oct 2021 14:34:10 GMT
      expires:
      - '-1'
      pragma:
      - no-cache
      server:
      - nginx
      strict-transport-security:
      - max-age=31536000; includeSubDomains
      transfer-encoding:
      - chunked
      vary:
      - Accept-Encoding
      x-content-type-options:
      - nosniff
    status:
      code: 200
      message: OK
- request:
    body: null
    headers:
      Accept:
      - '*/*'
      Accept-Encoding:
      - gzip, deflate
      CommandName:
      - aks create
      Connection:
      - keep-alive
      ParameterSetName:
      - --resource-group --name -a --ssh-key-value -o
      User-Agent:
      - AZURECLI/2.29.0 (DOCKER) azsdk-python-azure-mgmt-containerservice/16.3.0 Python/3.9.6
        (Linux-5.10.16.3-microsoft-standard-WSL2-x86_64-with)
    method: GET
    uri: https://management.azure.com/subscriptions/00000000-0000-0000-0000-000000000000/providers/Microsoft.ContainerService/locations/westus2/operations/6a4d87e1-d757-47af-a91e-efc16b1afc9e?api-version=2016-03-30
  response:
    body:
      string: "{\n  \"name\": \"e1874d6a-57d7-af47-a91e-efc16b1afc9e\",\n  \"status\"\
        : \"InProgress\",\n  \"startTime\": \"2021-10-20T14:32:37.89Z\"\n }"
    headers:
      cache-control:
      - no-cache
      content-length:
      - '121'
      content-type:
      - application/json
      date:
      - Wed, 20 Oct 2021 14:34:40 GMT
      expires:
      - '-1'
      pragma:
      - no-cache
      server:
      - nginx
      strict-transport-security:
      - max-age=31536000; includeSubDomains
      transfer-encoding:
      - chunked
      vary:
      - Accept-Encoding
      x-content-type-options:
      - nosniff
    status:
      code: 200
      message: OK
- request:
    body: null
    headers:
      Accept:
      - '*/*'
      Accept-Encoding:
      - gzip, deflate
      CommandName:
      - aks create
      Connection:
      - keep-alive
      ParameterSetName:
      - --resource-group --name -a --ssh-key-value -o
      User-Agent:
      - AZURECLI/2.29.0 (DOCKER) azsdk-python-azure-mgmt-containerservice/16.3.0 Python/3.9.6
        (Linux-5.10.16.3-microsoft-standard-WSL2-x86_64-with)
    method: GET
    uri: https://management.azure.com/subscriptions/00000000-0000-0000-0000-000000000000/providers/Microsoft.ContainerService/locations/westus2/operations/6a4d87e1-d757-47af-a91e-efc16b1afc9e?api-version=2016-03-30
  response:
    body:
      string: "{\n  \"name\": \"e1874d6a-57d7-af47-a91e-efc16b1afc9e\",\n  \"status\"\
        : \"InProgress\",\n  \"startTime\": \"2021-10-20T14:32:37.89Z\"\n }"
    headers:
      cache-control:
      - no-cache
      content-length:
      - '121'
      content-type:
      - application/json
      date:
      - Wed, 20 Oct 2021 14:35:10 GMT
      expires:
      - '-1'
      pragma:
      - no-cache
      server:
      - nginx
      strict-transport-security:
      - max-age=31536000; includeSubDomains
      transfer-encoding:
      - chunked
      vary:
      - Accept-Encoding
      x-content-type-options:
      - nosniff
    status:
      code: 200
      message: OK
- request:
    body: null
    headers:
      Accept:
      - '*/*'
      Accept-Encoding:
      - gzip, deflate
      CommandName:
      - aks create
      Connection:
      - keep-alive
      ParameterSetName:
      - --resource-group --name -a --ssh-key-value -o
      User-Agent:
      - AZURECLI/2.29.0 (DOCKER) azsdk-python-azure-mgmt-containerservice/16.3.0 Python/3.9.6
        (Linux-5.10.16.3-microsoft-standard-WSL2-x86_64-with)
    method: GET
    uri: https://management.azure.com/subscriptions/00000000-0000-0000-0000-000000000000/providers/Microsoft.ContainerService/locations/westus2/operations/6a4d87e1-d757-47af-a91e-efc16b1afc9e?api-version=2016-03-30
  response:
    body:
      string: "{\n  \"name\": \"e1874d6a-57d7-af47-a91e-efc16b1afc9e\",\n  \"status\"\
        : \"InProgress\",\n  \"startTime\": \"2021-10-20T14:32:37.89Z\"\n }"
    headers:
      cache-control:
      - no-cache
      content-length:
      - '121'
      content-type:
      - application/json
      date:
      - Wed, 20 Oct 2021 14:35:40 GMT
      expires:
      - '-1'
      pragma:
      - no-cache
      server:
      - nginx
      strict-transport-security:
      - max-age=31536000; includeSubDomains
      transfer-encoding:
      - chunked
      vary:
      - Accept-Encoding
      x-content-type-options:
      - nosniff
    status:
      code: 200
      message: OK
- request:
    body: null
    headers:
      Accept:
      - '*/*'
      Accept-Encoding:
      - gzip, deflate
      CommandName:
      - aks create
      Connection:
      - keep-alive
      ParameterSetName:
      - --resource-group --name -a --ssh-key-value -o
      User-Agent:
      - AZURECLI/2.29.0 (DOCKER) azsdk-python-azure-mgmt-containerservice/16.3.0 Python/3.9.6
        (Linux-5.10.16.3-microsoft-standard-WSL2-x86_64-with)
    method: GET
    uri: https://management.azure.com/subscriptions/00000000-0000-0000-0000-000000000000/providers/Microsoft.ContainerService/locations/westus2/operations/6a4d87e1-d757-47af-a91e-efc16b1afc9e?api-version=2016-03-30
  response:
    body:
      string: "{\n  \"name\": \"e1874d6a-57d7-af47-a91e-efc16b1afc9e\",\n  \"status\"\
        : \"InProgress\",\n  \"startTime\": \"2021-10-20T14:32:37.89Z\"\n }"
    headers:
      cache-control:
      - no-cache
      content-length:
      - '121'
      content-type:
      - application/json
      date:
      - Wed, 20 Oct 2021 14:36:12 GMT
      expires:
      - '-1'
      pragma:
      - no-cache
      server:
      - nginx
      strict-transport-security:
      - max-age=31536000; includeSubDomains
      transfer-encoding:
      - chunked
      vary:
      - Accept-Encoding
      x-content-type-options:
      - nosniff
    status:
      code: 200
      message: OK
- request:
    body: null
    headers:
      Accept:
      - '*/*'
      Accept-Encoding:
      - gzip, deflate
      CommandName:
      - aks create
      Connection:
      - keep-alive
      ParameterSetName:
      - --resource-group --name -a --ssh-key-value -o
      User-Agent:
      - AZURECLI/2.29.0 (DOCKER) azsdk-python-azure-mgmt-containerservice/16.3.0 Python/3.9.6
        (Linux-5.10.16.3-microsoft-standard-WSL2-x86_64-with)
    method: GET
    uri: https://management.azure.com/subscriptions/00000000-0000-0000-0000-000000000000/providers/Microsoft.ContainerService/locations/westus2/operations/6a4d87e1-d757-47af-a91e-efc16b1afc9e?api-version=2016-03-30
  response:
    body:
      string: "{\n  \"name\": \"e1874d6a-57d7-af47-a91e-efc16b1afc9e\",\n  \"status\"\
        : \"InProgress\",\n  \"startTime\": \"2021-10-20T14:32:37.89Z\"\n }"
    headers:
      cache-control:
      - no-cache
      content-length:
      - '121'
      content-type:
      - application/json
      date:
      - Wed, 20 Oct 2021 14:36:42 GMT
      expires:
      - '-1'
      pragma:
      - no-cache
      server:
      - nginx
      strict-transport-security:
      - max-age=31536000; includeSubDomains
      transfer-encoding:
      - chunked
      vary:
      - Accept-Encoding
      x-content-type-options:
      - nosniff
    status:
      code: 200
      message: OK
- request:
    body: null
    headers:
      Accept:
      - '*/*'
      Accept-Encoding:
      - gzip, deflate
      CommandName:
      - aks create
      Connection:
      - keep-alive
      ParameterSetName:
      - --resource-group --name -a --ssh-key-value -o
      User-Agent:
      - AZURECLI/2.29.0 (DOCKER) azsdk-python-azure-mgmt-containerservice/16.3.0 Python/3.9.6
        (Linux-5.10.16.3-microsoft-standard-WSL2-x86_64-with)
    method: GET
    uri: https://management.azure.com/subscriptions/00000000-0000-0000-0000-000000000000/providers/Microsoft.ContainerService/locations/westus2/operations/6a4d87e1-d757-47af-a91e-efc16b1afc9e?api-version=2016-03-30
  response:
    body:
      string: "{\n  \"name\": \"e1874d6a-57d7-af47-a91e-efc16b1afc9e\",\n  \"status\"\
        : \"Succeeded\",\n  \"startTime\": \"2021-10-20T14:32:37.89Z\",\n  \"endTime\"\
        : \"2021-10-20T14:37:02.2508988Z\"\n }"
    headers:
      cache-control:
      - no-cache
      content-length:
      - '165'
      content-type:
      - application/json
      date:
      - Wed, 20 Oct 2021 14:37:12 GMT
      expires:
      - '-1'
      pragma:
      - no-cache
      server:
      - nginx
      strict-transport-security:
      - max-age=31536000; includeSubDomains
      transfer-encoding:
      - chunked
      vary:
      - Accept-Encoding
      x-content-type-options:
      - nosniff
    status:
      code: 200
      message: OK
- request:
    body: null
    headers:
      Accept:
      - '*/*'
      Accept-Encoding:
      - gzip, deflate
      CommandName:
      - aks create
      Connection:
      - keep-alive
      ParameterSetName:
      - --resource-group --name -a --ssh-key-value -o
      User-Agent:
      - AZURECLI/2.29.0 (DOCKER) azsdk-python-azure-mgmt-containerservice/16.3.0 Python/3.9.6
        (Linux-5.10.16.3-microsoft-standard-WSL2-x86_64-with)
    method: GET
    uri: https://management.azure.com/subscriptions/00000000-0000-0000-0000-000000000000/resourceGroups/clitest000001/providers/Microsoft.ContainerService/managedClusters/cliakstest000002?api-version=2021-10-01
  response:
    body:
      string: "{\n  \"id\": \"/subscriptions/00000000-0000-0000-0000-000000000000/resourcegroups/clitest000001/providers/Microsoft.ContainerService/managedClusters/cliakstest000002\"\
        ,\n  \"location\": \"westus2\",\n  \"name\": \"cliakstest000002\",\n  \"type\"\
        : \"Microsoft.ContainerService/ManagedClusters\",\n  \"properties\": {\n \
        \  \"provisioningState\": \"Succeeded\",\n   \"powerState\": {\n    \"code\"\
        : \"Running\"\n   },\n   \"kubernetesVersion\": \"1.20.9\",\n   \"dnsPrefix\"\
        : \"cliakstest-clitesto762754pw-26fe00\",\n   \"fqdn\": \"cliakstest-clitesto762754pw-26fe00-ee4dde8f.hcp.westus2.staging.azmk8s.io\"\
        ,\n   \"azurePortalFQDN\": \"cliakstest-clitesto762754pw-26fe00-ee4dde8f.portal.hcp.westus2.staging.azmk8s.io\"\
        ,\n   \"agentPoolProfiles\": [\n    {\n     \"name\": \"nodepool1\",\n   \
        \  \"count\": 3,\n     \"vmSize\": \"Standard_DS2_v2\",\n     \"osDiskSizeGB\"\
        : 128,\n     \"osDiskType\": \"Managed\",\n     \"kubeletDiskType\": \"OS\"\
        ,\n     \"workloadRuntime\": \"OCIContainer\",\n     \"maxPods\": 110,\n \
        \    \"type\": \"VirtualMachineScaleSets\",\n     \"provisioningState\": \"\
        Succeeded\",\n     \"powerState\": {\n      \"code\": \"Running\"\n     },\n\
        \     \"orchestratorVersion\": \"1.20.9\",\n     \"enableNodePublicIP\": false,\n\
        \     \"mode\": \"System\",\n     \"enableEncryptionAtHost\": false,\n   \
        \  \"enableUltraSSD\": false,\n     \"osType\": \"Linux\",\n     \"osSKU\"\
        : \"Ubuntu\",\n     \"nodeImageVersion\": \"AKSUbuntu-1804gen2containerd-2021.10.13\"\
        ,\n     \"enableFIPS\": false\n    }\n   ],\n   \"linuxProfile\": {\n    \"\
        adminUsername\": \"azureuser\",\n    \"ssh\": {\n     \"publicKeys\": [\n\
        \      {\n       \"keyData\": \"ssh-rsa AAAAB3NzaC1yc2EAAAADAQABAAACAQCbIg1guRHbI0lV11wWDt1r2cUdcNd27CJsg+SfgC7miZeubtwUhbsPdhMQsfDyhOWHq1+ZL0M+nJZV63d/1dhmhtgyOqejUwrPlzKhydsbrsdUor+JmNJDdW01v7BXHyuymT8G4s09jCasNOwiufbP/qp72ruu0bIA1nySsvlf9pCQAuFkAnVnf/rFhUlOkhtRpwcq8SUNY2zRHR/EKb/4NWY1JzR4sa3q2fWIJdrrX0DvLoa5g9bIEd4Df79ba7v+yiUBOS0zT2ll+z4g9izHK3EO5d8hL4jYxcjKs+wcslSYRWrascfscLgMlMGh0CdKeNTDjHpGPncaf3Z+FwwwjWeuiNBxv7bJo13/8B/098KlVDl4GZqsoBCEjPyJfV6hO0y/LkRGkk7oHWKgeWAfKtfLItRp00eZ4fcJNK9kCaSMmEugoZWcI7NGbZXzqFWqbpRI7NcDP9+WIQ+i9U5vqWsqd/zng4kbuAJ6UuKqIzB0upYrLShfQE3SAck8oaLhJqqq56VfDuASNpJKidV+zq27HfSBmbXnkR/5AK337dc3MXKJypoK/QPMLKUAP5XLPbs+NddJQV7EZXd29DLgp+fRIg3edpKdO7ZErWhv7d+3Kws+e1Y+ypmR2WIVSwVyBEUfgv2C8Ts9gnTF4pNcEY/S2aBicz5Ew2+jdyGNQQ==\
        \ test@example.com\\n\"\n      }\n     ]\n    }\n   },\n   \"servicePrincipalProfile\"\
        : {\n    \"clientId\":\"00000000-0000-0000-0000-000000000001\"\n   },\n  \
        \ \"addonProfiles\": {\n    \"azureKeyvaultSecretsProvider\": {\n     \"enabled\"\
        : true,\n     \"config\": {\n      \"enableSecretRotation\": \"false\",\n\
        \      \"rotationPollInterval\": \"2m\"\n     },\n     \"identity\": {\n \
        \     \"resourceId\": \"/subscriptions/00000000-0000-0000-0000-000000000000/resourcegroups/MC_clitest000001_cliakstest000002_westus2/providers/Microsoft.ManagedIdentity/userAssignedIdentities/azurekeyvaultsecretsprovider-cliakstest000002\"\
        ,\n      \"clientId\":\"00000000-0000-0000-0000-000000000001\",\n      \"\
        objectId\":\"00000000-0000-0000-0000-000000000001\"\n     }\n    }\n   },\n\
        \   \"nodeResourceGroup\": \"MC_clitest000001_cliakstest000002_westus2\",\n\
        \   \"enableRBAC\": true,\n   \"enablePodSecurityPolicy\": false,\n   \"networkProfile\"\
        : {\n    \"networkPlugin\": \"kubenet\",\n    \"loadBalancerSku\": \"Standard\"\
        ,\n    \"loadBalancerProfile\": {\n     \"managedOutboundIPs\": {\n      \"\
        count\": 1\n     },\n     \"effectiveOutboundIPs\": [\n      {\n       \"\
        id\": \"/subscriptions/00000000-0000-0000-0000-000000000000/resourceGroups/MC_clitest000001_cliakstest000002_westus2/providers/Microsoft.Network/publicIPAddresses/1bff40d3-2169-4412-a300-a7d829c3dfef\"\
        \n      }\n     ]\n    },\n    \"podCidr\": \"10.244.0.0/16\",\n    \"serviceCidr\"\
        : \"10.0.0.0/16\",\n    \"dnsServiceIP\": \"10.0.0.10\",\n    \"dockerBridgeCidr\"\
        : \"172.17.0.1/16\",\n    \"outboundType\": \"loadBalancer\"\n   },\n   \"\
        maxAgentPools\": 100,\n   \"identityProfile\": {\n    \"kubeletidentity\"\
        : {\n     \"resourceId\": \"/subscriptions/00000000-0000-0000-0000-000000000000/resourcegroups/MC_clitest000001_cliakstest000002_westus2/providers/Microsoft.ManagedIdentity/userAssignedIdentities/cliakstest000002-agentpool\"\
        ,\n     \"clientId\":\"00000000-0000-0000-0000-000000000001\",\n     \"objectId\"\
        :\"00000000-0000-0000-0000-000000000001\"\n    }\n   },\n   \"disableLocalAccounts\"\
        : false,\n   \"publicNetworkAccess\": \"Enabled\"\n  },\n  \"identity\": {\n\
        \   \"type\": \"SystemAssigned\",\n   \"principalId\":\"00000000-0000-0000-0000-000000000001\"\
        ,\n   \"tenantId\": \"72f988bf-86f1-41af-91ab-2d7cd011db47\"\n  },\n  \"sku\"\
        : {\n   \"name\": \"Basic\",\n   \"tier\": \"Free\"\n  }\n }"
    headers:
      cache-control:
      - no-cache
      content-length:
      - '4361'
      content-type:
      - application/json
      date:
      - Wed, 20 Oct 2021 14:37:12 GMT
      expires:
      - '-1'
      pragma:
      - no-cache
      server:
      - nginx
      strict-transport-security:
      - max-age=31536000; includeSubDomains
      transfer-encoding:
      - chunked
      vary:
      - Accept-Encoding
      x-content-type-options:
      - nosniff
    status:
      code: 200
      message: OK
- request:
    body: null
    headers:
      Accept:
      - application/json
      Accept-Encoding:
      - gzip, deflate
      CommandName:
      - aks delete
      Connection:
      - keep-alive
      Content-Length:
      - '0'
      ParameterSetName:
      - --resource-group --name --yes --no-wait
      User-Agent:
      - AZURECLI/2.29.0 (DOCKER) azsdk-python-azure-mgmt-containerservice/16.4.0 Python/3.9.6
        (Linux-5.10.16.3-microsoft-standard-WSL2-x86_64-with)
    method: DELETE
    uri: https://management.azure.com/subscriptions/00000000-0000-0000-0000-000000000000/resourceGroups/clitest000001/providers/Microsoft.ContainerService/managedClusters/cliakstest000002?api-version=2021-10-01
  response:
    body:
      string: ''
    headers:
      azure-asyncoperation:
      - https://management.azure.com/subscriptions/00000000-0000-0000-0000-000000000000/providers/Microsoft.ContainerService/locations/westus2/operations/d402b5f6-a4ad-481b-8612-634b8e28a5ca?api-version=2016-03-30
      cache-control:
      - no-cache
      content-length:
      - '0'
      date:
      - Wed, 20 Oct 2021 14:37:16 GMT
      expires:
      - '-1'
      location:
      - https://management.azure.com/subscriptions/00000000-0000-0000-0000-000000000000/providers/Microsoft.ContainerService/locations/westus2/operationresults/d402b5f6-a4ad-481b-8612-634b8e28a5ca?api-version=2016-03-30
      pragma:
      - no-cache
      server:
      - nginx
      strict-transport-security:
      - max-age=31536000; includeSubDomains
      x-content-type-options:
      - nosniff
      x-ms-ratelimit-remaining-subscription-deletes:
      - '14999'
    status:
      code: 202
      message: Accepted
version: 1
