interactions:
- request:
    body: null
    headers:
      Accept:
      - application/json
      Accept-Encoding:
      - gzip, deflate
      CommandName:
      - aks create
      Connection:
      - keep-alive
      ParameterSetName:
      - --resource-group --name --location --dns-name-prefix --node-count --windows-admin-username
        --windows-admin-password --load-balancer-sku --vm-set-type --network-plugin
        --ssh-key-value
      User-Agent:
      - AZURECLI/2.27.0 azsdk-python-azure-mgmt-resource/18.0.0 Python/3.8.11 (Linux-5.4.0-1055-azure-x86_64-with-glibc2.27)
    method: GET
    uri: https://management.azure.com/subscriptions/00000000-0000-0000-0000-000000000000/resourcegroups/clitest000001?api-version=2021-04-01
  response:
    body:
      string: '{"id":"/subscriptions/00000000-0000-0000-0000-000000000000/resourceGroups/clitest000001","name":"clitest000001","type":"Microsoft.Resources/resourceGroups","location":"westus2","tags":{"product":"azurecli","cause":"automation","date":"2021-08-17T07:49:34Z"},"properties":{"provisioningState":"Succeeded"}}'
    headers:
      cache-control:
      - no-cache
      content-length:
      - '313'
      content-type:
      - application/json; charset=utf-8
      date:
      - Tue, 17 Aug 2021 07:49:35 GMT
      expires:
      - '-1'
      pragma:
      - no-cache
      strict-transport-security:
      - max-age=31536000; includeSubDomains
      vary:
      - Accept-Encoding
      x-content-type-options:
      - nosniff
    status:
      code: 200
      message: OK
- request:
    body: '{"location": "westus2", "identity": {"type": "SystemAssigned"}, "properties":
      {"kubernetesVersion": "", "dnsPrefix": "cliaksdns000002", "agentPoolProfiles":
      [{"count": 1, "vmSize": "Standard_DS2_v2", "osType": "Linux", "type": "VirtualMachineScaleSets",
      "mode": "System", "enableNodePublicIP": false, "scaleSetPriority": "Regular",
      "scaleSetEvictionPolicy": "Delete", "spotMaxPrice": -1.0, "enableEncryptionAtHost":
      false, "enableUltraSSD": false, "enableFIPS": false, "name": "nodepool1"}],
      "linuxProfile": {"adminUsername": "azureuser", "ssh": {"publicKeys": [{"keyData":
      "ssh-rsa AAAAB3NzaC1yc2EAAAADAQABAAABAQDCBUaXhNBJiBl6rU3imQYMf4JmrE9njaW26rdhITQVYDofJX/3tPiZniPK6y2ZO1tPrYcBoNG1hwmtBSa1ViIkWCBClIqTK5/TtjWSOg1wVVt3Bi5Lnfq763usRx0gUtlRBWE28qbkgxyQsH1cueN6TYRLR0LibPtSjtGX52KNUecc+ZEamYxHgum4F0qAW5BflwB5hCLYoWdnPa+d8q5qvrdR5EN229es65pn32l2vARtE+8RAz/ckfAn1w3fnNWwMJYEHcHynPul85fw7NGHBassFUDcl49uhFty5cMs4XPkM4vGk3TbIobrpBGPhvclhWlssp8x34/gOOIaiQqd
      azcli_aks_live_test@example.com\n"}]}}, "windowsProfile": {"adminUsername":
      "azureuser1", "adminPassword": "p@0A000003"}, "addonProfiles": {}, "enableRBAC":
      true, "enablePodSecurityPolicy": false, "networkProfile": {"networkPlugin":
      "azure", "outboundType": "loadBalancer", "loadBalancerSku": "standard"}, "disableLocalAccounts":
      false}}'
    headers:
      Accept:
      - application/json
      Accept-Encoding:
      - gzip, deflate
      CommandName:
      - aks create
      Connection:
      - keep-alive
      Content-Length:
      - '1300'
      Content-Type:
      - application/json
      ParameterSetName:
      - --resource-group --name --location --dns-name-prefix --node-count --windows-admin-username
        --windows-admin-password --load-balancer-sku --vm-set-type --network-plugin
        --ssh-key-value
      User-Agent:
      - AZURECLI/2.27.0 azsdk-python-azure-mgmt-containerservice/16.1.0 Python/3.8.11
        (Linux-5.4.0-1055-azure-x86_64-with-glibc2.27)
    method: PUT
    uri: https://management.azure.com/subscriptions/00000000-0000-0000-0000-000000000000/resourceGroups/clitest000001/providers/Microsoft.ContainerService/managedClusters/cliakstest000001?api-version=2021-07-01
  response:
    body:
      string: "{\n  \"id\": \"/subscriptions/00000000-0000-0000-0000-000000000000/resourcegroups/clitest000001/providers/Microsoft.ContainerService/managedClusters/cliakstest000001\",\n
        \ \"location\": \"westus2\",\n  \"name\": \"cliakstest000001\",\n  \"type\":
        \"Microsoft.ContainerService/ManagedClusters\",\n  \"properties\": {\n   \"provisioningState\":
        \"Creating\",\n   \"powerState\": {\n    \"code\": \"Running\"\n   },\n   \"kubernetesVersion\":
        \"1.20.7\",\n   \"dnsPrefix\": \"cliaksdns000002\",\n   \"fqdn\": \"cliaksdns000002-9c6dbdcc.hcp.westus2.azmk8s.io\",\n
        \  \"azurePortalFQDN\": \"cliaksdns000002-9c6dbdcc.portal.hcp.westus2.azmk8s.io\",\n
        \  \"agentPoolProfiles\": [\n    {\n     \"name\": \"nodepool1\",\n     \"count\":
        1,\n     \"vmSize\": \"Standard_DS2_v2\",\n     \"osDiskSizeGB\": 128,\n     \"osDiskType\":
        \"Managed\",\n     \"kubeletDiskType\": \"OS\",\n     \"maxPods\": 30,\n     \"type\":
        \"VirtualMachineScaleSets\",\n     \"provisioningState\": \"Creating\",\n
        \    \"powerState\": {\n      \"code\": \"Running\"\n     },\n     \"orchestratorVersion\":
        \"1.20.7\",\n     \"enableNodePublicIP\": false,\n     \"nodeLabels\": {},\n
        \    \"mode\": \"System\",\n     \"enableEncryptionAtHost\": false,\n     \"enableUltraSSD\":
        false,\n     \"osType\": \"Linux\",\n     \"osSKU\": \"Ubuntu\",\n     \"nodeImageVersion\":
        \"AKSUbuntu-1804gen2containerd-2021.07.25\",\n     \"enableFIPS\": false\n
        \   }\n   ],\n   \"linuxProfile\": {\n    \"adminUsername\": \"azureuser\",\n
        \   \"ssh\": {\n     \"publicKeys\": [\n      {\n       \"keyData\": \"ssh-rsa
        AAAAB3NzaC1yc2EAAAADAQABAAABAQDCBUaXhNBJiBl6rU3imQYMf4JmrE9njaW26rdhITQVYDofJX/3tPiZniPK6y2ZO1tPrYcBoNG1hwmtBSa1ViIkWCBClIqTK5/TtjWSOg1wVVt3Bi5Lnfq763usRx0gUtlRBWE28qbkgxyQsH1cueN6TYRLR0LibPtSjtGX52KNUecc+ZEamYxHgum4F0qAW5BflwB5hCLYoWdnPa+d8q5qvrdR5EN229es65pn32l2vARtE+8RAz/ckfAn1w3fnNWwMJYEHcHynPul85fw7NGHBassFUDcl49uhFty5cMs4XPkM4vGk3TbIobrpBGPhvclhWlssp8x34/gOOIaiQqd
        azcli_aks_live_test@example.com\\n\"\n      }\n     ]\n    }\n   },\n   \"windowsProfile\":
        {\n    \"adminUsername\": \"azureuser1\",\n    \"enableCSIProxy\": true\n
        \  },\n   \"servicePrincipalProfile\": {\n    \"clientId\":\"00000000-0000-0000-0000-000000000001\"\n
        \  },\n   \"nodeResourceGroup\": \"MC_clitest000001_cliakstest000001_westus2\",\n
        \  \"enableRBAC\": true,\n   \"enablePodSecurityPolicy\": false,\n   \"networkProfile\":
        {\n    \"networkPlugin\": \"azure\",\n    \"loadBalancerSku\": \"standard\",\n
        \   \"loadBalancerProfile\": {\n     \"managedOutboundIPs\": {\n      \"count\":
        1\n     }\n    },\n    \"serviceCidr\": \"10.0.0.0/16\",\n    \"dnsServiceIP\":
        \"10.0.0.10\",\n    \"dockerBridgeCidr\": \"172.17.0.1/16\",\n    \"outboundType\":
        \"loadBalancer\"\n   },\n   \"maxAgentPools\": 100,\n   \"disableLocalAccounts\":
        false\n  },\n  \"identity\": {\n   \"type\": \"SystemAssigned\",\n   \"principalId\":\"00000000-0000-0000-0000-000000000001\",\n
        \  \"tenantId\": \"72f988bf-86f1-41af-91ab-2d7cd011db47\"\n  },\n  \"sku\":
        {\n   \"name\": \"Basic\",\n   \"tier\": \"Free\"\n  }\n }"
    headers:
      azure-asyncoperation:
      - https://management.azure.com/subscriptions/00000000-0000-0000-0000-000000000000/providers/Microsoft.ContainerService/locations/westus2/operations/deba9501-d1ef-4642-b539-014530a351d0?api-version=2016-03-30
      cache-control:
      - no-cache
      content-length:
      - '2726'
      content-type:
      - application/json
      date:
      - Tue, 17 Aug 2021 07:49:39 GMT
      expires:
      - '-1'
      pragma:
      - no-cache
      server:
      - nginx
      strict-transport-security:
      - max-age=31536000; includeSubDomains
      x-content-type-options:
      - nosniff
      x-ms-ratelimit-remaining-subscription-writes:
      - '1198'
    status:
      code: 201
      message: Created
- request:
    body: null
    headers:
      Accept:
      - '*/*'
      Accept-Encoding:
      - gzip, deflate
      CommandName:
      - aks create
      Connection:
      - keep-alive
      ParameterSetName:
      - --resource-group --name --location --dns-name-prefix --node-count --windows-admin-username
        --windows-admin-password --load-balancer-sku --vm-set-type --network-plugin
        --ssh-key-value
      User-Agent:
      - AZURECLI/2.27.0 azsdk-python-azure-mgmt-containerservice/16.1.0 Python/3.8.11
        (Linux-5.4.0-1055-azure-x86_64-with-glibc2.27)
    method: GET
    uri: https://management.azure.com/subscriptions/00000000-0000-0000-0000-000000000000/providers/Microsoft.ContainerService/locations/westus2/operations/deba9501-d1ef-4642-b539-014530a351d0?api-version=2016-03-30
  response:
    body:
      string: "{\n  \"name\": \"0195bade-efd1-4246-b539-014530a351d0\",\n  \"status\":
        \"InProgress\",\n  \"startTime\": \"2021-08-17T07:49:39.7866666Z\"\n }"
    headers:
      cache-control:
      - no-cache
      content-length:
      - '126'
      content-type:
      - application/json
      date:
      - Tue, 17 Aug 2021 07:50:09 GMT
      expires:
      - '-1'
      pragma:
      - no-cache
      server:
      - nginx
      strict-transport-security:
      - max-age=31536000; includeSubDomains
      transfer-encoding:
      - chunked
      vary:
      - Accept-Encoding
      x-content-type-options:
      - nosniff
    status:
      code: 200
      message: OK
- request:
    body: null
    headers:
      Accept:
      - '*/*'
      Accept-Encoding:
      - gzip, deflate
      CommandName:
      - aks create
      Connection:
      - keep-alive
      ParameterSetName:
      - --resource-group --name --location --dns-name-prefix --node-count --windows-admin-username
        --windows-admin-password --load-balancer-sku --vm-set-type --network-plugin
        --ssh-key-value
      User-Agent:
      - AZURECLI/2.27.0 azsdk-python-azure-mgmt-containerservice/16.1.0 Python/3.8.11
        (Linux-5.4.0-1055-azure-x86_64-with-glibc2.27)
    method: GET
    uri: https://management.azure.com/subscriptions/00000000-0000-0000-0000-000000000000/providers/Microsoft.ContainerService/locations/westus2/operations/deba9501-d1ef-4642-b539-014530a351d0?api-version=2016-03-30
  response:
    body:
      string: "{\n  \"name\": \"0195bade-efd1-4246-b539-014530a351d0\",\n  \"status\":
        \"InProgress\",\n  \"startTime\": \"2021-08-17T07:49:39.7866666Z\"\n }"
    headers:
      cache-control:
      - no-cache
      content-length:
      - '126'
      content-type:
      - application/json
      date:
      - Tue, 17 Aug 2021 07:50:40 GMT
      expires:
      - '-1'
      pragma:
      - no-cache
      server:
      - nginx
      strict-transport-security:
      - max-age=31536000; includeSubDomains
      transfer-encoding:
      - chunked
      vary:
      - Accept-Encoding
      x-content-type-options:
      - nosniff
    status:
      code: 200
      message: OK
- request:
    body: null
    headers:
      Accept:
      - '*/*'
      Accept-Encoding:
      - gzip, deflate
      CommandName:
      - aks create
      Connection:
      - keep-alive
      ParameterSetName:
      - --resource-group --name --location --dns-name-prefix --node-count --windows-admin-username
        --windows-admin-password --load-balancer-sku --vm-set-type --network-plugin
        --ssh-key-value
      User-Agent:
      - AZURECLI/2.27.0 azsdk-python-azure-mgmt-containerservice/16.1.0 Python/3.8.11
        (Linux-5.4.0-1055-azure-x86_64-with-glibc2.27)
    method: GET
    uri: https://management.azure.com/subscriptions/00000000-0000-0000-0000-000000000000/providers/Microsoft.ContainerService/locations/westus2/operations/deba9501-d1ef-4642-b539-014530a351d0?api-version=2016-03-30
  response:
    body:
      string: "{\n  \"name\": \"0195bade-efd1-4246-b539-014530a351d0\",\n  \"status\":
        \"InProgress\",\n  \"startTime\": \"2021-08-17T07:49:39.7866666Z\"\n }"
    headers:
      cache-control:
      - no-cache
      content-length:
      - '126'
      content-type:
      - application/json
      date:
      - Tue, 17 Aug 2021 07:51:09 GMT
      expires:
      - '-1'
      pragma:
      - no-cache
      server:
      - nginx
      strict-transport-security:
      - max-age=31536000; includeSubDomains
      transfer-encoding:
      - chunked
      vary:
      - Accept-Encoding
      x-content-type-options:
      - nosniff
    status:
      code: 200
      message: OK
- request:
    body: null
    headers:
      Accept:
      - '*/*'
      Accept-Encoding:
      - gzip, deflate
      CommandName:
      - aks create
      Connection:
      - keep-alive
      ParameterSetName:
      - --resource-group --name --location --dns-name-prefix --node-count --windows-admin-username
        --windows-admin-password --load-balancer-sku --vm-set-type --network-plugin
        --ssh-key-value
      User-Agent:
      - AZURECLI/2.27.0 azsdk-python-azure-mgmt-containerservice/16.1.0 Python/3.8.11
        (Linux-5.4.0-1055-azure-x86_64-with-glibc2.27)
    method: GET
    uri: https://management.azure.com/subscriptions/00000000-0000-0000-0000-000000000000/providers/Microsoft.ContainerService/locations/westus2/operations/deba9501-d1ef-4642-b539-014530a351d0?api-version=2016-03-30
  response:
    body:
      string: "{\n  \"name\": \"0195bade-efd1-4246-b539-014530a351d0\",\n  \"status\":
        \"InProgress\",\n  \"startTime\": \"2021-08-17T07:49:39.7866666Z\"\n }"
    headers:
      cache-control:
      - no-cache
      content-length:
      - '126'
      content-type:
      - application/json
      date:
      - Tue, 17 Aug 2021 07:51:40 GMT
      expires:
      - '-1'
      pragma:
      - no-cache
      server:
      - nginx
      strict-transport-security:
      - max-age=31536000; includeSubDomains
      transfer-encoding:
      - chunked
      vary:
      - Accept-Encoding
      x-content-type-options:
      - nosniff
    status:
      code: 200
      message: OK
- request:
    body: null
    headers:
      Accept:
      - '*/*'
      Accept-Encoding:
      - gzip, deflate
      CommandName:
      - aks create
      Connection:
      - keep-alive
      ParameterSetName:
      - --resource-group --name --location --dns-name-prefix --node-count --windows-admin-username
        --windows-admin-password --load-balancer-sku --vm-set-type --network-plugin
        --ssh-key-value
      User-Agent:
      - AZURECLI/2.27.0 azsdk-python-azure-mgmt-containerservice/16.1.0 Python/3.8.11
        (Linux-5.4.0-1055-azure-x86_64-with-glibc2.27)
    method: GET
    uri: https://management.azure.com/subscriptions/00000000-0000-0000-0000-000000000000/providers/Microsoft.ContainerService/locations/westus2/operations/deba9501-d1ef-4642-b539-014530a351d0?api-version=2016-03-30
  response:
    body:
      string: "{\n  \"name\": \"0195bade-efd1-4246-b539-014530a351d0\",\n  \"status\":
        \"InProgress\",\n  \"startTime\": \"2021-08-17T07:49:39.7866666Z\"\n }"
    headers:
      cache-control:
      - no-cache
      content-length:
      - '126'
      content-type:
      - application/json
      date:
      - Tue, 17 Aug 2021 07:52:10 GMT
      expires:
      - '-1'
      pragma:
      - no-cache
      server:
      - nginx
      strict-transport-security:
      - max-age=31536000; includeSubDomains
      transfer-encoding:
      - chunked
      vary:
      - Accept-Encoding
      x-content-type-options:
      - nosniff
    status:
      code: 200
      message: OK
- request:
    body: null
    headers:
      Accept:
      - '*/*'
      Accept-Encoding:
      - gzip, deflate
      CommandName:
      - aks create
      Connection:
      - keep-alive
      ParameterSetName:
      - --resource-group --name --location --dns-name-prefix --node-count --windows-admin-username
        --windows-admin-password --load-balancer-sku --vm-set-type --network-plugin
        --ssh-key-value
      User-Agent:
      - AZURECLI/2.27.0 azsdk-python-azure-mgmt-containerservice/16.1.0 Python/3.8.11
        (Linux-5.4.0-1055-azure-x86_64-with-glibc2.27)
    method: GET
    uri: https://management.azure.com/subscriptions/00000000-0000-0000-0000-000000000000/providers/Microsoft.ContainerService/locations/westus2/operations/deba9501-d1ef-4642-b539-014530a351d0?api-version=2016-03-30
  response:
    body:
      string: "{\n  \"name\": \"0195bade-efd1-4246-b539-014530a351d0\",\n  \"status\":
        \"InProgress\",\n  \"startTime\": \"2021-08-17T07:49:39.7866666Z\"\n }"
    headers:
      cache-control:
      - no-cache
      content-length:
      - '126'
      content-type:
      - application/json
      date:
      - Tue, 17 Aug 2021 07:52:39 GMT
      expires:
      - '-1'
      pragma:
      - no-cache
      server:
      - nginx
      strict-transport-security:
      - max-age=31536000; includeSubDomains
      transfer-encoding:
      - chunked
      vary:
      - Accept-Encoding
      x-content-type-options:
      - nosniff
    status:
      code: 200
      message: OK
- request:
    body: null
    headers:
      Accept:
      - '*/*'
      Accept-Encoding:
      - gzip, deflate
      CommandName:
      - aks create
      Connection:
      - keep-alive
      ParameterSetName:
      - --resource-group --name --location --dns-name-prefix --node-count --windows-admin-username
        --windows-admin-password --load-balancer-sku --vm-set-type --network-plugin
        --ssh-key-value
      User-Agent:
      - AZURECLI/2.27.0 azsdk-python-azure-mgmt-containerservice/16.1.0 Python/3.8.11
        (Linux-5.4.0-1055-azure-x86_64-with-glibc2.27)
    method: GET
    uri: https://management.azure.com/subscriptions/00000000-0000-0000-0000-000000000000/providers/Microsoft.ContainerService/locations/westus2/operations/deba9501-d1ef-4642-b539-014530a351d0?api-version=2016-03-30
  response:
    body:
      string: "{\n  \"name\": \"0195bade-efd1-4246-b539-014530a351d0\",\n  \"status\":
        \"Succeeded\",\n  \"startTime\": \"2021-08-17T07:49:39.7866666Z\",\n  \"endTime\":
        \"2021-08-17T07:52:41.9068855Z\"\n }"
    headers:
      cache-control:
      - no-cache
      content-length:
      - '170'
      content-type:
      - application/json
      date:
      - Tue, 17 Aug 2021 07:53:10 GMT
      expires:
      - '-1'
      pragma:
      - no-cache
      server:
      - nginx
      strict-transport-security:
      - max-age=31536000; includeSubDomains
      transfer-encoding:
      - chunked
      vary:
      - Accept-Encoding
      x-content-type-options:
      - nosniff
    status:
      code: 200
      message: OK
- request:
    body: null
    headers:
      Accept:
      - '*/*'
      Accept-Encoding:
      - gzip, deflate
      CommandName:
      - aks create
      Connection:
      - keep-alive
      ParameterSetName:
      - --resource-group --name --location --dns-name-prefix --node-count --windows-admin-username
        --windows-admin-password --load-balancer-sku --vm-set-type --network-plugin
        --ssh-key-value
      User-Agent:
      - AZURECLI/2.27.0 azsdk-python-azure-mgmt-containerservice/16.1.0 Python/3.8.11
        (Linux-5.4.0-1055-azure-x86_64-with-glibc2.27)
    method: GET
    uri: https://management.azure.com/subscriptions/00000000-0000-0000-0000-000000000000/resourceGroups/clitest000001/providers/Microsoft.ContainerService/managedClusters/cliakstest000001?api-version=2021-07-01
  response:
    body:
      string: "{\n  \"id\": \"/subscriptions/00000000-0000-0000-0000-000000000000/resourcegroups/clitest000001/providers/Microsoft.ContainerService/managedClusters/cliakstest000001\",\n
        \ \"location\": \"westus2\",\n  \"name\": \"cliakstest000001\",\n  \"type\":
        \"Microsoft.ContainerService/ManagedClusters\",\n  \"properties\": {\n   \"provisioningState\":
        \"Succeeded\",\n   \"powerState\": {\n    \"code\": \"Running\"\n   },\n   \"kubernetesVersion\":
        \"1.20.7\",\n   \"dnsPrefix\": \"cliaksdns000002\",\n   \"fqdn\": \"cliaksdns000002-9c6dbdcc.hcp.westus2.azmk8s.io\",\n
        \  \"azurePortalFQDN\": \"cliaksdns000002-9c6dbdcc.portal.hcp.westus2.azmk8s.io\",\n
        \  \"agentPoolProfiles\": [\n    {\n     \"name\": \"nodepool1\",\n     \"count\":
        1,\n     \"vmSize\": \"Standard_DS2_v2\",\n     \"osDiskSizeGB\": 128,\n     \"osDiskType\":
        \"Managed\",\n     \"kubeletDiskType\": \"OS\",\n     \"maxPods\": 30,\n     \"type\":
        \"VirtualMachineScaleSets\",\n     \"provisioningState\": \"Succeeded\",\n
        \    \"powerState\": {\n      \"code\": \"Running\"\n     },\n     \"orchestratorVersion\":
        \"1.20.7\",\n     \"enableNodePublicIP\": false,\n     \"nodeLabels\": {},\n
        \    \"mode\": \"System\",\n     \"enableEncryptionAtHost\": false,\n     \"enableUltraSSD\":
        false,\n     \"osType\": \"Linux\",\n     \"osSKU\": \"Ubuntu\",\n     \"nodeImageVersion\":
        \"AKSUbuntu-1804gen2containerd-2021.07.25\",\n     \"enableFIPS\": false\n
        \   }\n   ],\n   \"linuxProfile\": {\n    \"adminUsername\": \"azureuser\",\n
        \   \"ssh\": {\n     \"publicKeys\": [\n      {\n       \"keyData\": \"ssh-rsa
        AAAAB3NzaC1yc2EAAAADAQABAAABAQDCBUaXhNBJiBl6rU3imQYMf4JmrE9njaW26rdhITQVYDofJX/3tPiZniPK6y2ZO1tPrYcBoNG1hwmtBSa1ViIkWCBClIqTK5/TtjWSOg1wVVt3Bi5Lnfq763usRx0gUtlRBWE28qbkgxyQsH1cueN6TYRLR0LibPtSjtGX52KNUecc+ZEamYxHgum4F0qAW5BflwB5hCLYoWdnPa+d8q5qvrdR5EN229es65pn32l2vARtE+8RAz/ckfAn1w3fnNWwMJYEHcHynPul85fw7NGHBassFUDcl49uhFty5cMs4XPkM4vGk3TbIobrpBGPhvclhWlssp8x34/gOOIaiQqd
        azcli_aks_live_test@example.com\\n\"\n      }\n     ]\n    }\n   },\n   \"windowsProfile\":
        {\n    \"adminUsername\": \"azureuser1\",\n    \"enableCSIProxy\": true\n
        \  },\n   \"servicePrincipalProfile\": {\n    \"clientId\":\"00000000-0000-0000-0000-000000000001\"\n
        \  },\n   \"nodeResourceGroup\": \"MC_clitest000001_cliakstest000001_westus2\",\n
        \  \"enableRBAC\": true,\n   \"enablePodSecurityPolicy\": false,\n   \"networkProfile\":
        {\n    \"networkPlugin\": \"azure\",\n    \"loadBalancerSku\": \"Standard\",\n
        \   \"loadBalancerProfile\": {\n     \"managedOutboundIPs\": {\n      \"count\":
        1\n     },\n     \"effectiveOutboundIPs\": [\n      {\n       \"id\": \"/subscriptions/00000000-0000-0000-0000-000000000000/resourceGroups/MC_clitest000001_cliakstest000001_westus2/providers/Microsoft.Network/publicIPAddresses/036ff285-a7bd-424a-9fb3-821187b31e87\"\n
        \     }\n     ]\n    },\n    \"serviceCidr\": \"10.0.0.0/16\",\n    \"dnsServiceIP\":
        \"10.0.0.10\",\n    \"dockerBridgeCidr\": \"172.17.0.1/16\",\n    \"outboundType\":
        \"loadBalancer\"\n   },\n   \"maxAgentPools\": 100,\n   \"identityProfile\":
        {\n    \"kubeletidentity\": {\n     \"resourceId\": \"/subscriptions/00000000-0000-0000-0000-000000000000/resourcegroups/MC_clitest000001_cliakstest000001_westus2/providers/Microsoft.ManagedIdentity/userAssignedIdentities/cliakstest000001-agentpool\",\n
        \    \"clientId\":\"00000000-0000-0000-0000-000000000001\",\n     \"objectId\":\"00000000-0000-0000-0000-000000000001\"\n
        \   }\n   },\n   \"disableLocalAccounts\": false\n  },\n  \"identity\": {\n
        \  \"type\": \"SystemAssigned\",\n   \"principalId\":\"00000000-0000-0000-0000-000000000001\",\n
        \  \"tenantId\": \"72f988bf-86f1-41af-91ab-2d7cd011db47\"\n  },\n  \"sku\":
        {\n   \"name\": \"Basic\",\n   \"tier\": \"Free\"\n  }\n }"
    headers:
      cache-control:
      - no-cache
      content-length:
      - '3389'
      content-type:
      - application/json
      date:
      - Tue, 17 Aug 2021 07:53:10 GMT
      expires:
      - '-1'
      pragma:
      - no-cache
      server:
      - nginx
      strict-transport-security:
      - max-age=31536000; includeSubDomains
      transfer-encoding:
      - chunked
      vary:
      - Accept-Encoding
      x-content-type-options:
      - nosniff
    status:
      code: 200
      message: OK
- request:
    body: null
    headers:
      Accept:
      - application/json
      Accept-Encoding:
      - gzip, deflate
      CommandName:
      - aks nodepool add
      Connection:
      - keep-alive
      ParameterSetName:
      - --resource-group --cluster-name --name --os-type --node-count
      User-Agent:
      - AZURECLI/2.27.0 azsdk-python-azure-mgmt-containerservice/16.1.0 Python/3.8.11
        (Linux-5.4.0-1055-azure-x86_64-with-glibc2.27)
    method: GET
    uri: https://management.azure.com/subscriptions/00000000-0000-0000-0000-000000000000/resourceGroups/clitest000001/providers/Microsoft.ContainerService/managedClusters/cliakstest000001/agentPools?api-version=2021-07-01
  response:
    body:
      string: "{\n  \"value\": [\n   {\n    \"id\": \"/subscriptions/00000000-0000-0000-0000-000000000000/resourcegroups/clitest000001/providers/Microsoft.ContainerService/managedClusters/cliakstest000001/agentPools/nodepool1\",\n
        \   \"name\": \"nodepool1\",\n    \"type\": \"Microsoft.ContainerService/managedClusters/agentPools\",\n
        \   \"properties\": {\n     \"count\": 1,\n     \"vmSize\": \"Standard_DS2_v2\",\n
        \    \"osDiskSizeGB\": 128,\n     \"osDiskType\": \"Managed\",\n     \"kubeletDiskType\":
        \"OS\",\n     \"maxPods\": 30,\n     \"type\": \"VirtualMachineScaleSets\",\n
        \    \"provisioningState\": \"Succeeded\",\n     \"powerState\": {\n      \"code\":
        \"Running\"\n     },\n     \"orchestratorVersion\": \"1.20.7\",\n     \"enableNodePublicIP\":
        false,\n     \"nodeLabels\": {},\n     \"mode\": \"System\",\n     \"enableEncryptionAtHost\":
        false,\n     \"enableUltraSSD\": false,\n     \"osType\": \"Linux\",\n     \"osSKU\":
        \"Ubuntu\",\n     \"nodeImageVersion\": \"AKSUbuntu-1804gen2containerd-2021.07.25\",\n
        \    \"enableFIPS\": false\n    }\n   }\n  ]\n }"
    headers:
      cache-control:
      - no-cache
      content-length:
      - '956'
      content-type:
      - application/json
      date:
      - Tue, 17 Aug 2021 07:53:11 GMT
      expires:
      - '-1'
      pragma:
      - no-cache
      server:
      - nginx
      strict-transport-security:
      - max-age=31536000; includeSubDomains
      transfer-encoding:
      - chunked
      vary:
      - Accept-Encoding
      x-content-type-options:
      - nosniff
    status:
      code: 200
      message: OK
- request:
    body: '{"properties": {"count": 1, "vmSize": "Standard_D2s_v3", "osType": "Windows",
      "mode": "User", "upgradeSettings": {}, "enableNodePublicIP": false, "scaleSetPriority":
      "Regular", "scaleSetEvictionPolicy": "Delete", "spotMaxPrice": -1.0, "nodeTaints":
      [], "enableEncryptionAtHost": false, "enableUltraSSD": false, "enableFIPS":
      false}}'
    headers:
      Accept:
      - application/json
      Accept-Encoding:
      - gzip, deflate
      CommandName:
      - aks nodepool add
      Connection:
      - keep-alive
      Content-Length:
      - '332'
      Content-Type:
      - application/json
      ParameterSetName:
      - --resource-group --cluster-name --name --os-type --node-count
      User-Agent:
      - AZURECLI/2.27.0 azsdk-python-azure-mgmt-containerservice/16.1.0 Python/3.8.11
        (Linux-5.4.0-1055-azure-x86_64-with-glibc2.27)
    method: PUT
    uri: https://management.azure.com/subscriptions/00000000-0000-0000-0000-000000000000/resourceGroups/clitest000001/providers/Microsoft.ContainerService/managedClusters/cliakstest000001/agentPools/npwin?api-version=2021-07-01
  response:
    body:
      string: "{\n  \"id\": \"/subscriptions/00000000-0000-0000-0000-000000000000/resourcegroups/clitest000001/providers/Microsoft.ContainerService/managedClusters/cliakstest000001/agentPools/npwin\",\n
        \ \"name\": \"npwin\",\n  \"type\": \"Microsoft.ContainerService/managedClusters/agentPools\",\n
        \ \"properties\": {\n   \"count\": 1,\n   \"vmSize\": \"Standard_D2s_v3\",\n
        \  \"osDiskSizeGB\": 128,\n   \"osDiskType\": \"Managed\",\n   \"kubeletDiskType\":
        \"OS\",\n   \"maxPods\": 30,\n   \"type\": \"VirtualMachineScaleSets\",\n
        \  \"scaleDownMode\": \"Delete\",\n   \"provisioningState\": \"Creating\",\n
        \  \"powerState\": {\n    \"code\": \"Running\"\n   },\n   \"orchestratorVersion\":
        \"1.20.7\",\n   \"enableNodePublicIP\": false,\n   \"mode\": \"User\",\n   \"enableEncryptionAtHost\":
        false,\n   \"enableUltraSSD\": false,\n   \"osType\": \"Windows\",\n   \"nodeImageVersion\":
        \"AKSWindows-2019-17763.2061.210714\",\n   \"upgradeSettings\": {},\n   \"enableFIPS\":
        false\n  }\n }"
    headers:
      azure-asyncoperation:
      - https://management.azure.com/subscriptions/00000000-0000-0000-0000-000000000000/providers/Microsoft.ContainerService/locations/westus2/operations/e1f4650d-9a31-4c4c-bbf7-5c142d971ed6?api-version=2016-03-30
      cache-control:
      - no-cache
      content-length:
      - '875'
      content-type:
      - application/json
      date:
      - Tue, 17 Aug 2021 07:53:13 GMT
      expires:
      - '-1'
      pragma:
      - no-cache
      server:
      - nginx
      strict-transport-security:
      - max-age=31536000; includeSubDomains
      x-content-type-options:
      - nosniff
      x-ms-ratelimit-remaining-subscription-writes:
      - '1197'
    status:
      code: 201
      message: Created
- request:
    body: null
    headers:
      Accept:
      - '*/*'
      Accept-Encoding:
      - gzip, deflate
      CommandName:
      - aks nodepool add
      Connection:
      - keep-alive
      ParameterSetName:
      - --resource-group --cluster-name --name --os-type --node-count
      User-Agent:
      - AZURECLI/2.27.0 azsdk-python-azure-mgmt-containerservice/16.1.0 Python/3.8.11
        (Linux-5.4.0-1055-azure-x86_64-with-glibc2.27)
    method: GET
    uri: https://management.azure.com/subscriptions/00000000-0000-0000-0000-000000000000/providers/Microsoft.ContainerService/locations/westus2/operations/e1f4650d-9a31-4c4c-bbf7-5c142d971ed6?api-version=2016-03-30
  response:
    body:
      string: "{\n  \"name\": \"0d65f4e1-319a-4c4c-bbf7-5c142d971ed6\",\n  \"status\":
        \"InProgress\",\n  \"startTime\": \"2021-08-17T07:53:14.4Z\"\n }"
    headers:
      cache-control:
      - no-cache
      content-length:
      - '120'
      content-type:
      - application/json
      date:
      - Tue, 17 Aug 2021 07:53:44 GMT
      expires:
      - '-1'
      pragma:
      - no-cache
      server:
      - nginx
      strict-transport-security:
      - max-age=31536000; includeSubDomains
      transfer-encoding:
      - chunked
      vary:
      - Accept-Encoding
      x-content-type-options:
      - nosniff
    status:
      code: 200
      message: OK
- request:
    body: null
    headers:
      Accept:
      - '*/*'
      Accept-Encoding:
      - gzip, deflate
      CommandName:
      - aks nodepool add
      Connection:
      - keep-alive
      ParameterSetName:
      - --resource-group --cluster-name --name --os-type --node-count
      User-Agent:
      - AZURECLI/2.27.0 azsdk-python-azure-mgmt-containerservice/16.1.0 Python/3.8.11
        (Linux-5.4.0-1055-azure-x86_64-with-glibc2.27)
    method: GET
    uri: https://management.azure.com/subscriptions/00000000-0000-0000-0000-000000000000/providers/Microsoft.ContainerService/locations/westus2/operations/e1f4650d-9a31-4c4c-bbf7-5c142d971ed6?api-version=2016-03-30
  response:
    body:
      string: "{\n  \"name\": \"0d65f4e1-319a-4c4c-bbf7-5c142d971ed6\",\n  \"status\":
        \"InProgress\",\n  \"startTime\": \"2021-08-17T07:53:14.4Z\"\n }"
    headers:
      cache-control:
      - no-cache
      content-length:
      - '120'
      content-type:
      - application/json
      date:
      - Tue, 17 Aug 2021 07:54:14 GMT
      expires:
      - '-1'
      pragma:
      - no-cache
      server:
      - nginx
      strict-transport-security:
      - max-age=31536000; includeSubDomains
      transfer-encoding:
      - chunked
      vary:
      - Accept-Encoding
      x-content-type-options:
      - nosniff
    status:
      code: 200
      message: OK
- request:
    body: null
    headers:
      Accept:
      - '*/*'
      Accept-Encoding:
      - gzip, deflate
      CommandName:
      - aks nodepool add
      Connection:
      - keep-alive
      ParameterSetName:
      - --resource-group --cluster-name --name --os-type --node-count
      User-Agent:
      - AZURECLI/2.27.0 azsdk-python-azure-mgmt-containerservice/16.1.0 Python/3.8.11
        (Linux-5.4.0-1055-azure-x86_64-with-glibc2.27)
    method: GET
    uri: https://management.azure.com/subscriptions/00000000-0000-0000-0000-000000000000/providers/Microsoft.ContainerService/locations/westus2/operations/e1f4650d-9a31-4c4c-bbf7-5c142d971ed6?api-version=2016-03-30
  response:
    body:
      string: "{\n  \"name\": \"0d65f4e1-319a-4c4c-bbf7-5c142d971ed6\",\n  \"status\":
        \"InProgress\",\n  \"startTime\": \"2021-08-17T07:53:14.4Z\"\n }"
    headers:
      cache-control:
      - no-cache
      content-length:
      - '120'
      content-type:
      - application/json
      date:
      - Tue, 17 Aug 2021 07:54:44 GMT
      expires:
      - '-1'
      pragma:
      - no-cache
      server:
      - nginx
      strict-transport-security:
      - max-age=31536000; includeSubDomains
      transfer-encoding:
      - chunked
      vary:
      - Accept-Encoding
      x-content-type-options:
      - nosniff
    status:
      code: 200
      message: OK
- request:
    body: null
    headers:
      Accept:
      - '*/*'
      Accept-Encoding:
      - gzip, deflate
      CommandName:
      - aks nodepool add
      Connection:
      - keep-alive
      ParameterSetName:
      - --resource-group --cluster-name --name --os-type --node-count
      User-Agent:
      - AZURECLI/2.27.0 azsdk-python-azure-mgmt-containerservice/16.1.0 Python/3.8.11
        (Linux-5.4.0-1055-azure-x86_64-with-glibc2.27)
    method: GET
    uri: https://management.azure.com/subscriptions/00000000-0000-0000-0000-000000000000/providers/Microsoft.ContainerService/locations/westus2/operations/e1f4650d-9a31-4c4c-bbf7-5c142d971ed6?api-version=2016-03-30
  response:
    body:
      string: "{\n  \"name\": \"0d65f4e1-319a-4c4c-bbf7-5c142d971ed6\",\n  \"status\":
        \"InProgress\",\n  \"startTime\": \"2021-08-17T07:53:14.4Z\"\n }"
    headers:
      cache-control:
      - no-cache
      content-length:
      - '120'
      content-type:
      - application/json
      date:
      - Tue, 17 Aug 2021 07:55:14 GMT
      expires:
      - '-1'
      pragma:
      - no-cache
      server:
      - nginx
      strict-transport-security:
      - max-age=31536000; includeSubDomains
      transfer-encoding:
      - chunked
      vary:
      - Accept-Encoding
      x-content-type-options:
      - nosniff
    status:
      code: 200
      message: OK
- request:
    body: null
    headers:
      Accept:
      - '*/*'
      Accept-Encoding:
      - gzip, deflate
      CommandName:
      - aks nodepool add
      Connection:
      - keep-alive
      ParameterSetName:
      - --resource-group --cluster-name --name --os-type --node-count
      User-Agent:
      - AZURECLI/2.27.0 azsdk-python-azure-mgmt-containerservice/16.1.0 Python/3.8.11
        (Linux-5.4.0-1055-azure-x86_64-with-glibc2.27)
    method: GET
    uri: https://management.azure.com/subscriptions/00000000-0000-0000-0000-000000000000/providers/Microsoft.ContainerService/locations/westus2/operations/e1f4650d-9a31-4c4c-bbf7-5c142d971ed6?api-version=2016-03-30
  response:
    body:
      string: "{\n  \"name\": \"0d65f4e1-319a-4c4c-bbf7-5c142d971ed6\",\n  \"status\":
        \"InProgress\",\n  \"startTime\": \"2021-08-17T07:53:14.4Z\"\n }"
    headers:
      cache-control:
      - no-cache
      content-length:
      - '120'
      content-type:
      - application/json
      date:
      - Tue, 17 Aug 2021 07:55:44 GMT
      expires:
      - '-1'
      pragma:
      - no-cache
      server:
      - nginx
      strict-transport-security:
      - max-age=31536000; includeSubDomains
      transfer-encoding:
      - chunked
      vary:
      - Accept-Encoding
      x-content-type-options:
      - nosniff
    status:
      code: 200
      message: OK
- request:
    body: null
    headers:
      Accept:
      - '*/*'
      Accept-Encoding:
      - gzip, deflate
      CommandName:
      - aks nodepool add
      Connection:
      - keep-alive
      ParameterSetName:
      - --resource-group --cluster-name --name --os-type --node-count
      User-Agent:
      - AZURECLI/2.27.0 azsdk-python-azure-mgmt-containerservice/16.1.0 Python/3.8.11
        (Linux-5.4.0-1055-azure-x86_64-with-glibc2.27)
    method: GET
    uri: https://management.azure.com/subscriptions/00000000-0000-0000-0000-000000000000/providers/Microsoft.ContainerService/locations/westus2/operations/e1f4650d-9a31-4c4c-bbf7-5c142d971ed6?api-version=2016-03-30
  response:
    body:
      string: "{\n  \"name\": \"0d65f4e1-319a-4c4c-bbf7-5c142d971ed6\",\n  \"status\":
        \"InProgress\",\n  \"startTime\": \"2021-08-17T07:53:14.4Z\"\n }"
    headers:
      cache-control:
      - no-cache
      content-length:
      - '120'
      content-type:
      - application/json
      date:
      - Tue, 17 Aug 2021 07:56:15 GMT
      expires:
      - '-1'
      pragma:
      - no-cache
      server:
      - nginx
      strict-transport-security:
      - max-age=31536000; includeSubDomains
      transfer-encoding:
      - chunked
      vary:
      - Accept-Encoding
      x-content-type-options:
      - nosniff
    status:
      code: 200
      message: OK
- request:
    body: null
    headers:
      Accept:
      - '*/*'
      Accept-Encoding:
      - gzip, deflate
      CommandName:
      - aks nodepool add
      Connection:
      - keep-alive
      ParameterSetName:
      - --resource-group --cluster-name --name --os-type --node-count
      User-Agent:
      - AZURECLI/2.27.0 azsdk-python-azure-mgmt-containerservice/16.1.0 Python/3.8.11
        (Linux-5.4.0-1055-azure-x86_64-with-glibc2.27)
    method: GET
    uri: https://management.azure.com/subscriptions/00000000-0000-0000-0000-000000000000/providers/Microsoft.ContainerService/locations/westus2/operations/e1f4650d-9a31-4c4c-bbf7-5c142d971ed6?api-version=2016-03-30
  response:
    body:
      string: "{\n  \"name\": \"0d65f4e1-319a-4c4c-bbf7-5c142d971ed6\",\n  \"status\":
        \"InProgress\",\n  \"startTime\": \"2021-08-17T07:53:14.4Z\"\n }"
    headers:
      cache-control:
      - no-cache
      content-length:
      - '120'
      content-type:
      - application/json
      date:
      - Tue, 17 Aug 2021 07:56:44 GMT
      expires:
      - '-1'
      pragma:
      - no-cache
      server:
      - nginx
      strict-transport-security:
      - max-age=31536000; includeSubDomains
      transfer-encoding:
      - chunked
      vary:
      - Accept-Encoding
      x-content-type-options:
      - nosniff
    status:
      code: 200
      message: OK
- request:
    body: null
    headers:
      Accept:
      - '*/*'
      Accept-Encoding:
      - gzip, deflate
      CommandName:
      - aks nodepool add
      Connection:
      - keep-alive
      ParameterSetName:
      - --resource-group --cluster-name --name --os-type --node-count
      User-Agent:
      - AZURECLI/2.27.0 azsdk-python-azure-mgmt-containerservice/16.1.0 Python/3.8.11
        (Linux-5.4.0-1055-azure-x86_64-with-glibc2.27)
    method: GET
    uri: https://management.azure.com/subscriptions/00000000-0000-0000-0000-000000000000/providers/Microsoft.ContainerService/locations/westus2/operations/e1f4650d-9a31-4c4c-bbf7-5c142d971ed6?api-version=2016-03-30
  response:
    body:
      string: "{\n  \"name\": \"0d65f4e1-319a-4c4c-bbf7-5c142d971ed6\",\n  \"status\":
        \"InProgress\",\n  \"startTime\": \"2021-08-17T07:53:14.4Z\"\n }"
    headers:
      cache-control:
      - no-cache
      content-length:
      - '120'
      content-type:
      - application/json
      date:
      - Tue, 17 Aug 2021 07:57:15 GMT
      expires:
      - '-1'
      pragma:
      - no-cache
      server:
      - nginx
      strict-transport-security:
      - max-age=31536000; includeSubDomains
      transfer-encoding:
      - chunked
      vary:
      - Accept-Encoding
      x-content-type-options:
      - nosniff
    status:
      code: 200
      message: OK
- request:
    body: null
    headers:
      Accept:
      - '*/*'
      Accept-Encoding:
      - gzip, deflate
      CommandName:
      - aks nodepool add
      Connection:
      - keep-alive
      ParameterSetName:
      - --resource-group --cluster-name --name --os-type --node-count
      User-Agent:
      - AZURECLI/2.27.0 azsdk-python-azure-mgmt-containerservice/16.1.0 Python/3.8.11
        (Linux-5.4.0-1055-azure-x86_64-with-glibc2.27)
    method: GET
    uri: https://management.azure.com/subscriptions/00000000-0000-0000-0000-000000000000/providers/Microsoft.ContainerService/locations/westus2/operations/e1f4650d-9a31-4c4c-bbf7-5c142d971ed6?api-version=2016-03-30
  response:
    body:
      string: "{\n  \"name\": \"0d65f4e1-319a-4c4c-bbf7-5c142d971ed6\",\n  \"status\":
        \"InProgress\",\n  \"startTime\": \"2021-08-17T07:53:14.4Z\"\n }"
    headers:
      cache-control:
      - no-cache
      content-length:
      - '120'
      content-type:
      - application/json
      date:
      - Tue, 17 Aug 2021 07:57:44 GMT
      expires:
      - '-1'
      pragma:
      - no-cache
      server:
      - nginx
      strict-transport-security:
      - max-age=31536000; includeSubDomains
      transfer-encoding:
      - chunked
      vary:
      - Accept-Encoding
      x-content-type-options:
      - nosniff
    status:
      code: 200
      message: OK
- request:
    body: null
    headers:
      Accept:
      - '*/*'
      Accept-Encoding:
      - gzip, deflate
      CommandName:
      - aks nodepool add
      Connection:
      - keep-alive
      ParameterSetName:
      - --resource-group --cluster-name --name --os-type --node-count
      User-Agent:
      - AZURECLI/2.27.0 azsdk-python-azure-mgmt-containerservice/16.1.0 Python/3.8.11
        (Linux-5.4.0-1055-azure-x86_64-with-glibc2.27)
    method: GET
    uri: https://management.azure.com/subscriptions/00000000-0000-0000-0000-000000000000/providers/Microsoft.ContainerService/locations/westus2/operations/e1f4650d-9a31-4c4c-bbf7-5c142d971ed6?api-version=2016-03-30
  response:
    body:
      string: "{\n  \"name\": \"0d65f4e1-319a-4c4c-bbf7-5c142d971ed6\",\n  \"status\":
        \"InProgress\",\n  \"startTime\": \"2021-08-17T07:53:14.4Z\"\n }"
    headers:
      cache-control:
      - no-cache
      content-length:
      - '120'
      content-type:
      - application/json
      date:
      - Tue, 17 Aug 2021 07:58:15 GMT
      expires:
      - '-1'
      pragma:
      - no-cache
      server:
      - nginx
      strict-transport-security:
      - max-age=31536000; includeSubDomains
      transfer-encoding:
      - chunked
      vary:
      - Accept-Encoding
      x-content-type-options:
      - nosniff
    status:
      code: 200
      message: OK
- request:
    body: null
    headers:
      Accept:
      - '*/*'
      Accept-Encoding:
      - gzip, deflate
      CommandName:
      - aks nodepool add
      Connection:
      - keep-alive
      ParameterSetName:
      - --resource-group --cluster-name --name --os-type --node-count
      User-Agent:
      - AZURECLI/2.27.0 azsdk-python-azure-mgmt-containerservice/16.1.0 Python/3.8.11
        (Linux-5.4.0-1055-azure-x86_64-with-glibc2.27)
    method: GET
    uri: https://management.azure.com/subscriptions/00000000-0000-0000-0000-000000000000/providers/Microsoft.ContainerService/locations/westus2/operations/e1f4650d-9a31-4c4c-bbf7-5c142d971ed6?api-version=2016-03-30
  response:
    body:
      string: "{\n  \"name\": \"0d65f4e1-319a-4c4c-bbf7-5c142d971ed6\",\n  \"status\":
        \"InProgress\",\n  \"startTime\": \"2021-08-17T07:53:14.4Z\"\n }"
    headers:
      cache-control:
      - no-cache
      content-length:
      - '120'
      content-type:
      - application/json
      date:
      - Tue, 17 Aug 2021 07:58:44 GMT
      expires:
      - '-1'
      pragma:
      - no-cache
      server:
      - nginx
      strict-transport-security:
      - max-age=31536000; includeSubDomains
      transfer-encoding:
      - chunked
      vary:
      - Accept-Encoding
      x-content-type-options:
      - nosniff
    status:
      code: 200
      message: OK
- request:
    body: null
    headers:
      Accept:
      - '*/*'
      Accept-Encoding:
      - gzip, deflate
      CommandName:
      - aks nodepool add
      Connection:
      - keep-alive
      ParameterSetName:
      - --resource-group --cluster-name --name --os-type --node-count
      User-Agent:
      - AZURECLI/2.27.0 azsdk-python-azure-mgmt-containerservice/16.1.0 Python/3.8.11
        (Linux-5.4.0-1055-azure-x86_64-with-glibc2.27)
    method: GET
    uri: https://management.azure.com/subscriptions/00000000-0000-0000-0000-000000000000/providers/Microsoft.ContainerService/locations/westus2/operations/e1f4650d-9a31-4c4c-bbf7-5c142d971ed6?api-version=2016-03-30
  response:
    body:
      string: "{\n  \"name\": \"0d65f4e1-319a-4c4c-bbf7-5c142d971ed6\",\n  \"status\":
        \"InProgress\",\n  \"startTime\": \"2021-08-17T07:53:14.4Z\"\n }"
    headers:
      cache-control:
      - no-cache
      content-length:
      - '120'
      content-type:
      - application/json
      date:
      - Tue, 17 Aug 2021 07:59:15 GMT
      expires:
      - '-1'
      pragma:
      - no-cache
      server:
      - nginx
      strict-transport-security:
      - max-age=31536000; includeSubDomains
      transfer-encoding:
      - chunked
      vary:
      - Accept-Encoding
      x-content-type-options:
      - nosniff
    status:
      code: 200
      message: OK
- request:
    body: null
    headers:
      Accept:
      - '*/*'
      Accept-Encoding:
      - gzip, deflate
      CommandName:
      - aks nodepool add
      Connection:
      - keep-alive
      ParameterSetName:
      - --resource-group --cluster-name --name --os-type --node-count
      User-Agent:
      - AZURECLI/2.27.0 azsdk-python-azure-mgmt-containerservice/16.1.0 Python/3.8.11
        (Linux-5.4.0-1055-azure-x86_64-with-glibc2.27)
    method: GET
    uri: https://management.azure.com/subscriptions/00000000-0000-0000-0000-000000000000/providers/Microsoft.ContainerService/locations/westus2/operations/e1f4650d-9a31-4c4c-bbf7-5c142d971ed6?api-version=2016-03-30
  response:
    body:
      string: "{\n  \"name\": \"0d65f4e1-319a-4c4c-bbf7-5c142d971ed6\",\n  \"status\":
        \"InProgress\",\n  \"startTime\": \"2021-08-17T07:53:14.4Z\"\n }"
    headers:
      cache-control:
      - no-cache
      content-length:
      - '120'
      content-type:
      - application/json
      date:
      - Tue, 17 Aug 2021 07:59:45 GMT
      expires:
      - '-1'
      pragma:
      - no-cache
      server:
      - nginx
      strict-transport-security:
      - max-age=31536000; includeSubDomains
      transfer-encoding:
      - chunked
      vary:
      - Accept-Encoding
      x-content-type-options:
      - nosniff
    status:
      code: 200
      message: OK
- request:
    body: null
    headers:
      Accept:
      - '*/*'
      Accept-Encoding:
      - gzip, deflate
      CommandName:
      - aks nodepool add
      Connection:
      - keep-alive
      ParameterSetName:
      - --resource-group --cluster-name --name --os-type --node-count
      User-Agent:
      - AZURECLI/2.27.0 azsdk-python-azure-mgmt-containerservice/16.1.0 Python/3.8.11
        (Linux-5.4.0-1055-azure-x86_64-with-glibc2.27)
    method: GET
    uri: https://management.azure.com/subscriptions/00000000-0000-0000-0000-000000000000/providers/Microsoft.ContainerService/locations/westus2/operations/e1f4650d-9a31-4c4c-bbf7-5c142d971ed6?api-version=2016-03-30
  response:
    body:
      string: "{\n  \"name\": \"0d65f4e1-319a-4c4c-bbf7-5c142d971ed6\",\n  \"status\":
        \"Succeeded\",\n  \"startTime\": \"2021-08-17T07:53:14.4Z\",\n  \"endTime\":
        \"2021-08-17T08:00:07.9281467Z\"\n }"
    headers:
      cache-control:
      - no-cache
      content-length:
      - '164'
      content-type:
      - application/json
      date:
      - Tue, 17 Aug 2021 08:00:15 GMT
      expires:
      - '-1'
      pragma:
      - no-cache
      server:
      - nginx
      strict-transport-security:
      - max-age=31536000; includeSubDomains
      transfer-encoding:
      - chunked
      vary:
      - Accept-Encoding
      x-content-type-options:
      - nosniff
    status:
      code: 200
      message: OK
- request:
    body: null
    headers:
      Accept:
      - '*/*'
      Accept-Encoding:
      - gzip, deflate
      CommandName:
      - aks nodepool add
      Connection:
      - keep-alive
      ParameterSetName:
      - --resource-group --cluster-name --name --os-type --node-count
      User-Agent:
      - AZURECLI/2.27.0 azsdk-python-azure-mgmt-containerservice/16.1.0 Python/3.8.11
        (Linux-5.4.0-1055-azure-x86_64-with-glibc2.27)
    method: GET
    uri: https://management.azure.com/subscriptions/00000000-0000-0000-0000-000000000000/resourceGroups/clitest000001/providers/Microsoft.ContainerService/managedClusters/cliakstest000001/agentPools/npwin?api-version=2021-07-01
  response:
    body:
      string: "{\n  \"id\": \"/subscriptions/00000000-0000-0000-0000-000000000000/resourcegroups/clitest000001/providers/Microsoft.ContainerService/managedClusters/cliakstest000001/agentPools/npwin\",\n
        \ \"name\": \"npwin\",\n  \"type\": \"Microsoft.ContainerService/managedClusters/agentPools\",\n
        \ \"properties\": {\n   \"count\": 1,\n   \"vmSize\": \"Standard_D2s_v3\",\n
        \  \"osDiskSizeGB\": 128,\n   \"osDiskType\": \"Managed\",\n   \"kubeletDiskType\":
        \"OS\",\n   \"maxPods\": 30,\n   \"type\": \"VirtualMachineScaleSets\",\n
        \  \"scaleDownMode\": \"Delete\",\n   \"provisioningState\": \"Succeeded\",\n
        \  \"powerState\": {\n    \"code\": \"Running\"\n   },\n   \"orchestratorVersion\":
        \"1.20.7\",\n   \"enableNodePublicIP\": false,\n   \"mode\": \"User\",\n   \"enableEncryptionAtHost\":
        false,\n   \"enableUltraSSD\": false,\n   \"osType\": \"Windows\",\n   \"nodeImageVersion\":
        \"AKSWindows-2019-17763.2061.210714\",\n   \"upgradeSettings\": {},\n   \"enableFIPS\":
        false\n  }\n }"
    headers:
      cache-control:
      - no-cache
      content-length:
      - '876'
      content-type:
      - application/json
      date:
      - Tue, 17 Aug 2021 08:00:16 GMT
      expires:
      - '-1'
      pragma:
      - no-cache
      server:
      - nginx
      strict-transport-security:
      - max-age=31536000; includeSubDomains
      transfer-encoding:
      - chunked
      vary:
      - Accept-Encoding
      x-content-type-options:
      - nosniff
    status:
      code: 200
      message: OK
- request:
    body: null
    headers:
      Accept:
      - application/json
      Accept-Encoding:
      - gzip, deflate
      CommandName:
      - aks update
      Connection:
      - keep-alive
      ParameterSetName:
      - --resource-group --name --windows-admin-password
      User-Agent:
      - AZURECLI/2.27.0 azsdk-python-azure-mgmt-containerservice/16.1.0 Python/3.8.11
        (Linux-5.4.0-1055-azure-x86_64-with-glibc2.27)
    method: GET
    uri: https://management.azure.com/subscriptions/00000000-0000-0000-0000-000000000000/resourceGroups/clitest000001/providers/Microsoft.ContainerService/managedClusters/cliakstest000001?api-version=2021-07-01
  response:
    body:
      string: "{\n  \"id\": \"/subscriptions/00000000-0000-0000-0000-000000000000/resourcegroups/clitest000001/providers/Microsoft.ContainerService/managedClusters/cliakstest000001\",\n
        \ \"location\": \"westus2\",\n  \"name\": \"cliakstest000001\",\n  \"type\":
        \"Microsoft.ContainerService/ManagedClusters\",\n  \"properties\": {\n   \"provisioningState\":
        \"Succeeded\",\n   \"powerState\": {\n    \"code\": \"Running\"\n   },\n   \"kubernetesVersion\":
        \"1.20.7\",\n   \"dnsPrefix\": \"cliaksdns000002\",\n   \"fqdn\": \"cliaksdns000002-9c6dbdcc.hcp.westus2.azmk8s.io\",\n
        \  \"azurePortalFQDN\": \"cliaksdns000002-9c6dbdcc.portal.hcp.westus2.azmk8s.io\",\n
        \  \"agentPoolProfiles\": [\n    {\n     \"name\": \"nodepool1\",\n     \"count\":
        1,\n     \"vmSize\": \"Standard_DS2_v2\",\n     \"osDiskSizeGB\": 128,\n     \"osDiskType\":
        \"Managed\",\n     \"kubeletDiskType\": \"OS\",\n     \"maxPods\": 30,\n     \"type\":
        \"VirtualMachineScaleSets\",\n     \"provisioningState\": \"Succeeded\",\n
        \    \"powerState\": {\n      \"code\": \"Running\"\n     },\n     \"orchestratorVersion\":
        \"1.20.7\",\n     \"enableNodePublicIP\": false,\n     \"nodeLabels\": {},\n
        \    \"mode\": \"System\",\n     \"enableEncryptionAtHost\": false,\n     \"enableUltraSSD\":
        false,\n     \"osType\": \"Linux\",\n     \"osSKU\": \"Ubuntu\",\n     \"nodeImageVersion\":
        \"AKSUbuntu-1804gen2containerd-2021.07.25\",\n     \"enableFIPS\": false\n
        \   },\n    {\n     \"name\": \"npwin\",\n     \"count\": 1,\n     \"vmSize\":
        \"Standard_D2s_v3\",\n     \"osDiskSizeGB\": 128,\n     \"osDiskType\": \"Managed\",\n
        \    \"kubeletDiskType\": \"OS\",\n     \"maxPods\": 30,\n     \"type\": \"VirtualMachineScaleSets\",\n
        \    \"scaleDownMode\": \"Delete\",\n     \"provisioningState\": \"Succeeded\",\n
        \    \"powerState\": {\n      \"code\": \"Running\"\n     },\n     \"orchestratorVersion\":
        \"1.20.7\",\n     \"enableNodePublicIP\": false,\n     \"mode\": \"User\",\n
        \    \"enableEncryptionAtHost\": false,\n     \"enableUltraSSD\": false,\n
        \    \"osType\": \"Windows\",\n     \"nodeImageVersion\": \"AKSWindows-2019-17763.2061.210714\",\n
        \    \"upgradeSettings\": {},\n     \"enableFIPS\": false\n    }\n   ],\n
        \  \"linuxProfile\": {\n    \"adminUsername\": \"azureuser\",\n    \"ssh\":
        {\n     \"publicKeys\": [\n      {\n       \"keyData\": \"ssh-rsa AAAAB3NzaC1yc2EAAAADAQABAAABAQDCBUaXhNBJiBl6rU3imQYMf4JmrE9njaW26rdhITQVYDofJX/3tPiZniPK6y2ZO1tPrYcBoNG1hwmtBSa1ViIkWCBClIqTK5/TtjWSOg1wVVt3Bi5Lnfq763usRx0gUtlRBWE28qbkgxyQsH1cueN6TYRLR0LibPtSjtGX52KNUecc+ZEamYxHgum4F0qAW5BflwB5hCLYoWdnPa+d8q5qvrdR5EN229es65pn32l2vARtE+8RAz/ckfAn1w3fnNWwMJYEHcHynPul85fw7NGHBassFUDcl49uhFty5cMs4XPkM4vGk3TbIobrpBGPhvclhWlssp8x34/gOOIaiQqd
        azcli_aks_live_test@example.com\\n\"\n      }\n     ]\n    }\n   },\n   \"windowsProfile\":
        {\n    \"adminUsername\": \"azureuser1\",\n    \"enableCSIProxy\": true\n
        \  },\n   \"servicePrincipalProfile\": {\n    \"clientId\":\"00000000-0000-0000-0000-000000000001\"\n
        \  },\n   \"nodeResourceGroup\": \"MC_clitest000001_cliakstest000001_westus2\",\n
        \  \"enableRBAC\": true,\n   \"enablePodSecurityPolicy\": false,\n   \"networkProfile\":
        {\n    \"networkPlugin\": \"azure\",\n    \"loadBalancerSku\": \"Standard\",\n
        \   \"loadBalancerProfile\": {\n     \"managedOutboundIPs\": {\n      \"count\":
        1\n     },\n     \"effectiveOutboundIPs\": [\n      {\n       \"id\": \"/subscriptions/00000000-0000-0000-0000-000000000000/resourceGroups/MC_clitest000001_cliakstest000001_westus2/providers/Microsoft.Network/publicIPAddresses/036ff285-a7bd-424a-9fb3-821187b31e87\"\n
        \     }\n     ]\n    },\n    \"serviceCidr\": \"10.0.0.0/16\",\n    \"dnsServiceIP\":
        \"10.0.0.10\",\n    \"dockerBridgeCidr\": \"172.17.0.1/16\",\n    \"outboundType\":
        \"loadBalancer\"\n   },\n   \"maxAgentPools\": 100,\n   \"identityProfile\":
        {\n    \"kubeletidentity\": {\n     \"resourceId\": \"/subscriptions/00000000-0000-0000-0000-000000000000/resourcegroups/MC_clitest000001_cliakstest000001_westus2/providers/Microsoft.ManagedIdentity/userAssignedIdentities/cliakstest000001-agentpool\",\n
        \    \"clientId\":\"00000000-0000-0000-0000-000000000001\",\n     \"objectId\":\"00000000-0000-0000-0000-000000000001\"\n
        \   }\n   },\n   \"disableLocalAccounts\": false\n  },\n  \"identity\": {\n
        \  \"type\": \"SystemAssigned\",\n   \"principalId\":\"00000000-0000-0000-0000-000000000001\",\n
        \  \"tenantId\": \"72f988bf-86f1-41af-91ab-2d7cd011db47\"\n  },\n  \"sku\":
        {\n   \"name\": \"Basic\",\n   \"tier\": \"Free\"\n  }\n }"
    headers:
      cache-control:
      - no-cache
      content-length:
      - '4047'
      content-type:
      - application/json
      date:
      - Tue, 17 Aug 2021 08:00:17 GMT
      expires:
      - '-1'
      pragma:
      - no-cache
      server:
      - nginx
      strict-transport-security:
      - max-age=31536000; includeSubDomains
      transfer-encoding:
      - chunked
      vary:
      - Accept-Encoding
      x-content-type-options:
      - nosniff
    status:
      code: 200
      message: OK
- request:
    body: '{"location": "westus2", "sku": {"name": "Basic", "tier": "Free"}, "identity":
      {"type": "SystemAssigned"}, "properties": {"kubernetesVersion": "1.20.7", "dnsPrefix":
      "cliaksdns000002", "agentPoolProfiles": [{"count": 1, "vmSize": "Standard_DS2_v2",
      "osDiskSizeGB": 128, "osDiskType": "Managed", "kubeletDiskType": "OS", "maxPods":
      30, "osType": "Linux", "osSKU": "Ubuntu", "type": "VirtualMachineScaleSets",
      "mode": "System", "orchestratorVersion": "1.20.7", "enableNodePublicIP": false,
      "nodeLabels": {}, "enableEncryptionAtHost": false, "enableUltraSSD": false,
      "enableFIPS": false, "name": "nodepool1"}, {"count": 1, "vmSize": "Standard_D2s_v3",
      "osDiskSizeGB": 128, "osDiskType": "Managed", "kubeletDiskType": "OS", "maxPods":
      30, "osType": "Windows", "scaleDownMode": "Delete", "type": "VirtualMachineScaleSets",
      "mode": "User", "orchestratorVersion": "1.20.7", "upgradeSettings": {}, "enableNodePublicIP":
      false, "enableEncryptionAtHost": false, "enableUltraSSD": false, "enableFIPS":
      false, "name": "npwin"}], "linuxProfile": {"adminUsername": "azureuser", "ssh":
      {"publicKeys": [{"keyData": "ssh-rsa AAAAB3NzaC1yc2EAAAADAQABAAABAQDCBUaXhNBJiBl6rU3imQYMf4JmrE9njaW26rdhITQVYDofJX/3tPiZniPK6y2ZO1tPrYcBoNG1hwmtBSa1ViIkWCBClIqTK5/TtjWSOg1wVVt3Bi5Lnfq763usRx0gUtlRBWE28qbkgxyQsH1cueN6TYRLR0LibPtSjtGX52KNUecc+ZEamYxHgum4F0qAW5BflwB5hCLYoWdnPa+d8q5qvrdR5EN229es65pn32l2vARtE+8RAz/ckfAn1w3fnNWwMJYEHcHynPul85fw7NGHBassFUDcl49uhFty5cMs4XPkM4vGk3TbIobrpBGPhvclhWlssp8x34/gOOIaiQqd
      azcli_aks_live_test@example.com\n"}]}}, "windowsProfile": {"adminUsername":
      "azureuser1", "adminPassword": "n!C3000004", "enableCSIProxy": true}, "servicePrincipalProfile":
      {"clientId":"00000000-0000-0000-0000-000000000001"}, "nodeResourceGroup": "MC_clitest000001_cliakstest000001_westus2",
      "enableRBAC": true, "enablePodSecurityPolicy": false, "networkProfile": {"networkPlugin":
      "azure", "serviceCidr": "10.0.0.0/16", "dnsServiceIP": "10.0.0.10", "dockerBridgeCidr":
      "172.17.0.1/16", "outboundType": "loadBalancer", "loadBalancerSku": "Standard",
      "loadBalancerProfile": {"managedOutboundIPs": {"count": 1}, "effectiveOutboundIPs":
      [{"id": "/subscriptions/00000000-0000-0000-0000-000000000000/resourceGroups/MC_clitest000001_cliakstest000001_westus2/providers/Microsoft.Network/publicIPAddresses/036ff285-a7bd-424a-9fb3-821187b31e87"}]}},
      "autoUpgradeProfile": {}, "identityProfile": {"kubeletidentity": {"resourceId":
      "/subscriptions/00000000-0000-0000-0000-000000000000/resourcegroups/MC_clitest000001_cliakstest000001_westus2/providers/Microsoft.ManagedIdentity/userAssignedIdentities/cliakstest000001-agentpool",
      "clientId":"00000000-0000-0000-0000-000000000001", "objectId":"00000000-0000-0000-0000-000000000001"}},
      "disableLocalAccounts": false}}'
    headers:
      Accept:
      - application/json
      Accept-Encoding:
      - gzip, deflate
      CommandName:
      - aks update
      Connection:
      - keep-alive
      Content-Length:
      - '2723'
      Content-Type:
      - application/json
      ParameterSetName:
      - --resource-group --name --windows-admin-password
      User-Agent:
      - AZURECLI/2.27.0 azsdk-python-azure-mgmt-containerservice/16.1.0 Python/3.8.11
        (Linux-5.4.0-1055-azure-x86_64-with-glibc2.27)
    method: PUT
    uri: https://management.azure.com/subscriptions/00000000-0000-0000-0000-000000000000/resourceGroups/clitest000001/providers/Microsoft.ContainerService/managedClusters/cliakstest000001?api-version=2021-07-01
  response:
    body:
      string: "{\n  \"id\": \"/subscriptions/00000000-0000-0000-0000-000000000000/resourcegroups/clitest000001/providers/Microsoft.ContainerService/managedClusters/cliakstest000001\",\n
        \ \"location\": \"westus2\",\n  \"name\": \"cliakstest000001\",\n  \"type\":
        \"Microsoft.ContainerService/ManagedClusters\",\n  \"properties\": {\n   \"provisioningState\":
        \"Updating\",\n   \"powerState\": {\n    \"code\": \"Running\"\n   },\n   \"kubernetesVersion\":
        \"1.20.7\",\n   \"dnsPrefix\": \"cliaksdns000002\",\n   \"fqdn\": \"cliaksdns000002-9c6dbdcc.hcp.westus2.azmk8s.io\",\n
        \  \"azurePortalFQDN\": \"cliaksdns000002-9c6dbdcc.portal.hcp.westus2.azmk8s.io\",\n
        \  \"agentPoolProfiles\": [\n    {\n     \"name\": \"nodepool1\",\n     \"count\":
        1,\n     \"vmSize\": \"Standard_DS2_v2\",\n     \"osDiskSizeGB\": 128,\n     \"osDiskType\":
        \"Managed\",\n     \"kubeletDiskType\": \"OS\",\n     \"maxPods\": 30,\n     \"type\":
        \"VirtualMachineScaleSets\",\n     \"provisioningState\": \"Updating\",\n
        \    \"powerState\": {\n      \"code\": \"Running\"\n     },\n     \"orchestratorVersion\":
        \"1.20.7\",\n     \"enableNodePublicIP\": false,\n     \"nodeLabels\": {},\n
        \    \"mode\": \"System\",\n     \"enableEncryptionAtHost\": false,\n     \"enableUltraSSD\":
        false,\n     \"osType\": \"Linux\",\n     \"osSKU\": \"Ubuntu\",\n     \"nodeImageVersion\":
        \"AKSUbuntu-1804gen2containerd-2021.07.25\",\n     \"enableFIPS\": false\n
        \   },\n    {\n     \"name\": \"npwin\",\n     \"count\": 1,\n     \"vmSize\":
        \"Standard_D2s_v3\",\n     \"osDiskSizeGB\": 128,\n     \"osDiskType\": \"Managed\",\n
        \    \"kubeletDiskType\": \"OS\",\n     \"maxPods\": 30,\n     \"type\": \"VirtualMachineScaleSets\",\n
        \    \"scaleDownMode\": \"Delete\",\n     \"provisioningState\": \"Updating\",\n
        \    \"powerState\": {\n      \"code\": \"Running\"\n     },\n     \"orchestratorVersion\":
        \"1.20.7\",\n     \"enableNodePublicIP\": false,\n     \"mode\": \"User\",\n
        \    \"enableEncryptionAtHost\": false,\n     \"enableUltraSSD\": false,\n
        \    \"osType\": \"Windows\",\n     \"nodeImageVersion\": \"AKSWindows-2019-17763.2061.210714\",\n
        \    \"upgradeSettings\": {},\n     \"enableFIPS\": false\n    }\n   ],\n
        \  \"linuxProfile\": {\n    \"adminUsername\": \"azureuser\",\n    \"ssh\":
        {\n     \"publicKeys\": [\n      {\n       \"keyData\": \"ssh-rsa AAAAB3NzaC1yc2EAAAADAQABAAABAQDCBUaXhNBJiBl6rU3imQYMf4JmrE9njaW26rdhITQVYDofJX/3tPiZniPK6y2ZO1tPrYcBoNG1hwmtBSa1ViIkWCBClIqTK5/TtjWSOg1wVVt3Bi5Lnfq763usRx0gUtlRBWE28qbkgxyQsH1cueN6TYRLR0LibPtSjtGX52KNUecc+ZEamYxHgum4F0qAW5BflwB5hCLYoWdnPa+d8q5qvrdR5EN229es65pn32l2vARtE+8RAz/ckfAn1w3fnNWwMJYEHcHynPul85fw7NGHBassFUDcl49uhFty5cMs4XPkM4vGk3TbIobrpBGPhvclhWlssp8x34/gOOIaiQqd
        azcli_aks_live_test@example.com\\n\"\n      }\n     ]\n    }\n   },\n   \"windowsProfile\":
        {\n    \"adminUsername\": \"azureuser1\",\n    \"enableCSIProxy\": true\n
        \  },\n   \"servicePrincipalProfile\": {\n    \"clientId\":\"00000000-0000-0000-0000-000000000001\"\n
        \  },\n   \"nodeResourceGroup\": \"MC_clitest000001_cliakstest000001_westus2\",\n
        \  \"enableRBAC\": true,\n   \"enablePodSecurityPolicy\": false,\n   \"networkProfile\":
        {\n    \"networkPlugin\": \"azure\",\n    \"loadBalancerSku\": \"Standard\",\n
        \   \"loadBalancerProfile\": {\n     \"managedOutboundIPs\": {\n      \"count\":
        1\n     },\n     \"effectiveOutboundIPs\": [\n      {\n       \"id\": \"/subscriptions/00000000-0000-0000-0000-000000000000/resourceGroups/MC_clitest000001_cliakstest000001_westus2/providers/Microsoft.Network/publicIPAddresses/036ff285-a7bd-424a-9fb3-821187b31e87\"\n
        \     }\n     ]\n    },\n    \"serviceCidr\": \"10.0.0.0/16\",\n    \"dnsServiceIP\":
        \"10.0.0.10\",\n    \"dockerBridgeCidr\": \"172.17.0.1/16\",\n    \"outboundType\":
        \"loadBalancer\"\n   },\n   \"maxAgentPools\": 100,\n   \"identityProfile\":
        {\n    \"kubeletidentity\": {\n     \"resourceId\": \"/subscriptions/00000000-0000-0000-0000-000000000000/resourcegroups/MC_clitest000001_cliakstest000001_westus2/providers/Microsoft.ManagedIdentity/userAssignedIdentities/cliakstest000001-agentpool\",\n
        \    \"clientId\":\"00000000-0000-0000-0000-000000000001\",\n     \"objectId\":\"00000000-0000-0000-0000-000000000001\"\n
        \   }\n   },\n   \"disableLocalAccounts\": false\n  },\n  \"identity\": {\n
        \  \"type\": \"SystemAssigned\",\n   \"principalId\":\"00000000-0000-0000-0000-000000000001\",\n
        \  \"tenantId\": \"72f988bf-86f1-41af-91ab-2d7cd011db47\"\n  },\n  \"sku\":
        {\n   \"name\": \"Basic\",\n   \"tier\": \"Free\"\n  }\n }"
    headers:
      azure-asyncoperation:
      - https://management.azure.com/subscriptions/00000000-0000-0000-0000-000000000000/providers/Microsoft.ContainerService/locations/westus2/operations/a887c283-5326-4d24-8362-b4225f960a58?api-version=2016-03-30
      cache-control:
      - no-cache
      content-length:
      - '4044'
      content-type:
      - application/json
      date:
      - Tue, 17 Aug 2021 08:00:21 GMT
      expires:
      - '-1'
      pragma:
      - no-cache
      server:
      - nginx
      strict-transport-security:
      - max-age=31536000; includeSubDomains
      transfer-encoding:
      - chunked
      vary:
      - Accept-Encoding
      x-content-type-options:
      - nosniff
      x-ms-ratelimit-remaining-subscription-writes:
      - '1197'
    status:
      code: 200
      message: OK
- request:
    body: null
    headers:
      Accept:
      - '*/*'
      Accept-Encoding:
      - gzip, deflate
      CommandName:
      - aks update
      Connection:
      - keep-alive
      ParameterSetName:
      - --resource-group --name --windows-admin-password
      User-Agent:
      - AZURECLI/2.27.0 azsdk-python-azure-mgmt-containerservice/16.1.0 Python/3.8.11
        (Linux-5.4.0-1055-azure-x86_64-with-glibc2.27)
    method: GET
    uri: https://management.azure.com/subscriptions/00000000-0000-0000-0000-000000000000/providers/Microsoft.ContainerService/locations/westus2/operations/a887c283-5326-4d24-8362-b4225f960a58?api-version=2016-03-30
  response:
    body:
      string: "{\n  \"name\": \"83c287a8-2653-244d-8362-b4225f960a58\",\n  \"status\":
        \"InProgress\",\n  \"startTime\": \"2021-08-17T08:00:20.47Z\"\n }"
    headers:
      cache-control:
      - no-cache
      content-length:
      - '121'
      content-type:
      - application/json
      date:
      - Tue, 17 Aug 2021 08:00:51 GMT
      expires:
      - '-1'
      pragma:
      - no-cache
      server:
      - nginx
      strict-transport-security:
      - max-age=31536000; includeSubDomains
      transfer-encoding:
      - chunked
      vary:
      - Accept-Encoding
      x-content-type-options:
      - nosniff
    status:
      code: 200
      message: OK
- request:
    body: null
    headers:
      Accept:
      - '*/*'
      Accept-Encoding:
      - gzip, deflate
      CommandName:
      - aks update
      Connection:
      - keep-alive
      ParameterSetName:
      - --resource-group --name --windows-admin-password
      User-Agent:
      - AZURECLI/2.27.0 azsdk-python-azure-mgmt-containerservice/16.1.0 Python/3.8.11
        (Linux-5.4.0-1055-azure-x86_64-with-glibc2.27)
    method: GET
    uri: https://management.azure.com/subscriptions/00000000-0000-0000-0000-000000000000/providers/Microsoft.ContainerService/locations/westus2/operations/a887c283-5326-4d24-8362-b4225f960a58?api-version=2016-03-30
  response:
    body:
      string: "{\n  \"name\": \"83c287a8-2653-244d-8362-b4225f960a58\",\n  \"status\":
        \"InProgress\",\n  \"startTime\": \"2021-08-17T08:00:20.47Z\"\n }"
    headers:
      cache-control:
      - no-cache
      content-length:
      - '121'
      content-type:
      - application/json
      date:
      - Tue, 17 Aug 2021 08:01:21 GMT
      expires:
      - '-1'
      pragma:
      - no-cache
      server:
      - nginx
      strict-transport-security:
      - max-age=31536000; includeSubDomains
      transfer-encoding:
      - chunked
      vary:
      - Accept-Encoding
      x-content-type-options:
      - nosniff
    status:
      code: 200
      message: OK
- request:
    body: null
    headers:
      Accept:
      - '*/*'
      Accept-Encoding:
      - gzip, deflate
      CommandName:
      - aks update
      Connection:
      - keep-alive
      ParameterSetName:
      - --resource-group --name --windows-admin-password
      User-Agent:
      - AZURECLI/2.27.0 azsdk-python-azure-mgmt-containerservice/16.1.0 Python/3.8.11
        (Linux-5.4.0-1055-azure-x86_64-with-glibc2.27)
    method: GET
    uri: https://management.azure.com/subscriptions/00000000-0000-0000-0000-000000000000/providers/Microsoft.ContainerService/locations/westus2/operations/a887c283-5326-4d24-8362-b4225f960a58?api-version=2016-03-30
  response:
    body:
      string: "{\n  \"name\": \"83c287a8-2653-244d-8362-b4225f960a58\",\n  \"status\":
        \"InProgress\",\n  \"startTime\": \"2021-08-17T08:00:20.47Z\"\n }"
    headers:
      cache-control:
      - no-cache
      content-length:
      - '121'
      content-type:
      - application/json
      date:
      - Tue, 17 Aug 2021 08:01:51 GMT
      expires:
      - '-1'
      pragma:
      - no-cache
      server:
      - nginx
      strict-transport-security:
      - max-age=31536000; includeSubDomains
      transfer-encoding:
      - chunked
      vary:
      - Accept-Encoding
      x-content-type-options:
      - nosniff
    status:
      code: 200
      message: OK
- request:
    body: null
    headers:
      Accept:
      - '*/*'
      Accept-Encoding:
      - gzip, deflate
      CommandName:
      - aks update
      Connection:
      - keep-alive
      ParameterSetName:
      - --resource-group --name --windows-admin-password
      User-Agent:
      - AZURECLI/2.27.0 azsdk-python-azure-mgmt-containerservice/16.1.0 Python/3.8.11
        (Linux-5.4.0-1055-azure-x86_64-with-glibc2.27)
    method: GET
    uri: https://management.azure.com/subscriptions/00000000-0000-0000-0000-000000000000/providers/Microsoft.ContainerService/locations/westus2/operations/a887c283-5326-4d24-8362-b4225f960a58?api-version=2016-03-30
  response:
    body:
      string: "{\n  \"name\": \"83c287a8-2653-244d-8362-b4225f960a58\",\n  \"status\":
        \"InProgress\",\n  \"startTime\": \"2021-08-17T08:00:20.47Z\"\n }"
    headers:
      cache-control:
      - no-cache
      content-length:
      - '121'
      content-type:
      - application/json
      date:
      - Tue, 17 Aug 2021 08:02:21 GMT
      expires:
      - '-1'
      pragma:
      - no-cache
      server:
      - nginx
      strict-transport-security:
      - max-age=31536000; includeSubDomains
      transfer-encoding:
      - chunked
      vary:
      - Accept-Encoding
      x-content-type-options:
      - nosniff
    status:
      code: 200
      message: OK
- request:
    body: null
    headers:
      Accept:
      - '*/*'
      Accept-Encoding:
      - gzip, deflate
      CommandName:
      - aks update
      Connection:
      - keep-alive
      ParameterSetName:
      - --resource-group --name --windows-admin-password
      User-Agent:
      - AZURECLI/2.27.0 azsdk-python-azure-mgmt-containerservice/16.1.0 Python/3.8.11
        (Linux-5.4.0-1055-azure-x86_64-with-glibc2.27)
    method: GET
    uri: https://management.azure.com/subscriptions/00000000-0000-0000-0000-000000000000/providers/Microsoft.ContainerService/locations/westus2/operations/a887c283-5326-4d24-8362-b4225f960a58?api-version=2016-03-30
  response:
    body:
      string: "{\n  \"name\": \"83c287a8-2653-244d-8362-b4225f960a58\",\n  \"status\":
        \"InProgress\",\n  \"startTime\": \"2021-08-17T08:00:20.47Z\"\n }"
    headers:
      cache-control:
      - no-cache
      content-length:
      - '121'
      content-type:
      - application/json
      date:
      - Tue, 17 Aug 2021 08:02:52 GMT
      expires:
      - '-1'
      pragma:
      - no-cache
      server:
      - nginx
      strict-transport-security:
      - max-age=31536000; includeSubDomains
      transfer-encoding:
      - chunked
      vary:
      - Accept-Encoding
      x-content-type-options:
      - nosniff
    status:
      code: 200
      message: OK
- request:
    body: null
    headers:
      Accept:
      - '*/*'
      Accept-Encoding:
      - gzip, deflate
      CommandName:
      - aks update
      Connection:
      - keep-alive
      ParameterSetName:
      - --resource-group --name --windows-admin-password
      User-Agent:
      - AZURECLI/2.27.0 azsdk-python-azure-mgmt-containerservice/16.1.0 Python/3.8.11
        (Linux-5.4.0-1055-azure-x86_64-with-glibc2.27)
    method: GET
    uri: https://management.azure.com/subscriptions/00000000-0000-0000-0000-000000000000/providers/Microsoft.ContainerService/locations/westus2/operations/a887c283-5326-4d24-8362-b4225f960a58?api-version=2016-03-30
  response:
    body:
      string: "{\n  \"name\": \"83c287a8-2653-244d-8362-b4225f960a58\",\n  \"status\":
        \"InProgress\",\n  \"startTime\": \"2021-08-17T08:00:20.47Z\"\n }"
    headers:
      cache-control:
      - no-cache
      content-length:
      - '121'
      content-type:
      - application/json
      date:
      - Tue, 17 Aug 2021 08:03:21 GMT
      expires:
      - '-1'
      pragma:
      - no-cache
      server:
      - nginx
      strict-transport-security:
      - max-age=31536000; includeSubDomains
      transfer-encoding:
      - chunked
      vary:
      - Accept-Encoding
      x-content-type-options:
      - nosniff
    status:
      code: 200
      message: OK
- request:
    body: null
    headers:
      Accept:
      - '*/*'
      Accept-Encoding:
      - gzip, deflate
      CommandName:
      - aks update
      Connection:
      - keep-alive
      ParameterSetName:
      - --resource-group --name --windows-admin-password
      User-Agent:
      - AZURECLI/2.27.0 azsdk-python-azure-mgmt-containerservice/16.1.0 Python/3.8.11
        (Linux-5.4.0-1055-azure-x86_64-with-glibc2.27)
    method: GET
    uri: https://management.azure.com/subscriptions/00000000-0000-0000-0000-000000000000/providers/Microsoft.ContainerService/locations/westus2/operations/a887c283-5326-4d24-8362-b4225f960a58?api-version=2016-03-30
  response:
    body:
      string: "{\n  \"name\": \"83c287a8-2653-244d-8362-b4225f960a58\",\n  \"status\":
        \"InProgress\",\n  \"startTime\": \"2021-08-17T08:00:20.47Z\"\n }"
    headers:
      cache-control:
      - no-cache
      content-length:
      - '121'
      content-type:
      - application/json
      date:
      - Tue, 17 Aug 2021 08:03:51 GMT
      expires:
      - '-1'
      pragma:
      - no-cache
      server:
      - nginx
      strict-transport-security:
      - max-age=31536000; includeSubDomains
      transfer-encoding:
      - chunked
      vary:
      - Accept-Encoding
      x-content-type-options:
      - nosniff
    status:
      code: 200
      message: OK
- request:
    body: null
    headers:
      Accept:
      - '*/*'
      Accept-Encoding:
      - gzip, deflate
      CommandName:
      - aks update
      Connection:
      - keep-alive
      ParameterSetName:
      - --resource-group --name --windows-admin-password
      User-Agent:
      - AZURECLI/2.27.0 azsdk-python-azure-mgmt-containerservice/16.1.0 Python/3.8.11
        (Linux-5.4.0-1055-azure-x86_64-with-glibc2.27)
    method: GET
    uri: https://management.azure.com/subscriptions/00000000-0000-0000-0000-000000000000/providers/Microsoft.ContainerService/locations/westus2/operations/a887c283-5326-4d24-8362-b4225f960a58?api-version=2016-03-30
  response:
    body:
      string: "{\n  \"name\": \"83c287a8-2653-244d-8362-b4225f960a58\",\n  \"status\":
        \"InProgress\",\n  \"startTime\": \"2021-08-17T08:00:20.47Z\"\n }"
    headers:
      cache-control:
      - no-cache
      content-length:
      - '121'
      content-type:
      - application/json
      date:
      - Tue, 17 Aug 2021 08:04:22 GMT
      expires:
      - '-1'
      pragma:
      - no-cache
      server:
      - nginx
      strict-transport-security:
      - max-age=31536000; includeSubDomains
      transfer-encoding:
      - chunked
      vary:
      - Accept-Encoding
      x-content-type-options:
      - nosniff
    status:
      code: 200
      message: OK
- request:
    body: null
    headers:
      Accept:
      - '*/*'
      Accept-Encoding:
      - gzip, deflate
      CommandName:
      - aks update
      Connection:
      - keep-alive
      ParameterSetName:
      - --resource-group --name --windows-admin-password
      User-Agent:
      - AZURECLI/2.27.0 azsdk-python-azure-mgmt-containerservice/16.1.0 Python/3.8.11
        (Linux-5.4.0-1055-azure-x86_64-with-glibc2.27)
    method: GET
    uri: https://management.azure.com/subscriptions/00000000-0000-0000-0000-000000000000/providers/Microsoft.ContainerService/locations/westus2/operations/a887c283-5326-4d24-8362-b4225f960a58?api-version=2016-03-30
  response:
    body:
      string: "{\n  \"name\": \"83c287a8-2653-244d-8362-b4225f960a58\",\n  \"status\":
        \"InProgress\",\n  \"startTime\": \"2021-08-17T08:00:20.47Z\"\n }"
    headers:
      cache-control:
      - no-cache
      content-length:
      - '121'
      content-type:
      - application/json
      date:
      - Tue, 17 Aug 2021 08:04:51 GMT
      expires:
      - '-1'
      pragma:
      - no-cache
      server:
      - nginx
      strict-transport-security:
      - max-age=31536000; includeSubDomains
      transfer-encoding:
      - chunked
      vary:
      - Accept-Encoding
      x-content-type-options:
      - nosniff
    status:
      code: 200
      message: OK
- request:
    body: null
    headers:
      Accept:
      - '*/*'
      Accept-Encoding:
      - gzip, deflate
      CommandName:
      - aks update
      Connection:
      - keep-alive
      ParameterSetName:
      - --resource-group --name --windows-admin-password
      User-Agent:
      - AZURECLI/2.27.0 azsdk-python-azure-mgmt-containerservice/16.1.0 Python/3.8.11
        (Linux-5.4.0-1055-azure-x86_64-with-glibc2.27)
    method: GET
    uri: https://management.azure.com/subscriptions/00000000-0000-0000-0000-000000000000/providers/Microsoft.ContainerService/locations/westus2/operations/a887c283-5326-4d24-8362-b4225f960a58?api-version=2016-03-30
  response:
    body:
      string: "{\n  \"name\": \"83c287a8-2653-244d-8362-b4225f960a58\",\n  \"status\":
        \"InProgress\",\n  \"startTime\": \"2021-08-17T08:00:20.47Z\"\n }"
    headers:
      cache-control:
      - no-cache
      content-length:
      - '121'
      content-type:
      - application/json
      date:
      - Tue, 17 Aug 2021 08:05:22 GMT
      expires:
      - '-1'
      pragma:
      - no-cache
      server:
      - nginx
      strict-transport-security:
      - max-age=31536000; includeSubDomains
      transfer-encoding:
      - chunked
      vary:
      - Accept-Encoding
      x-content-type-options:
      - nosniff
    status:
      code: 200
      message: OK
- request:
    body: null
    headers:
      Accept:
      - '*/*'
      Accept-Encoding:
      - gzip, deflate
      CommandName:
      - aks update
      Connection:
      - keep-alive
      ParameterSetName:
      - --resource-group --name --windows-admin-password
      User-Agent:
      - AZURECLI/2.27.0 azsdk-python-azure-mgmt-containerservice/16.1.0 Python/3.8.11
        (Linux-5.4.0-1055-azure-x86_64-with-glibc2.27)
    method: GET
    uri: https://management.azure.com/subscriptions/00000000-0000-0000-0000-000000000000/providers/Microsoft.ContainerService/locations/westus2/operations/a887c283-5326-4d24-8362-b4225f960a58?api-version=2016-03-30
  response:
    body:
      string: "{\n  \"name\": \"83c287a8-2653-244d-8362-b4225f960a58\",\n  \"status\":
        \"InProgress\",\n  \"startTime\": \"2021-08-17T08:00:20.47Z\"\n }"
    headers:
      cache-control:
      - no-cache
      content-length:
      - '121'
      content-type:
      - application/json
      date:
      - Tue, 17 Aug 2021 08:05:52 GMT
      expires:
      - '-1'
      pragma:
      - no-cache
      server:
      - nginx
      strict-transport-security:
      - max-age=31536000; includeSubDomains
      transfer-encoding:
      - chunked
      vary:
      - Accept-Encoding
      x-content-type-options:
      - nosniff
    status:
      code: 200
      message: OK
- request:
    body: null
    headers:
      Accept:
      - '*/*'
      Accept-Encoding:
      - gzip, deflate
      CommandName:
      - aks update
      Connection:
      - keep-alive
      ParameterSetName:
      - --resource-group --name --windows-admin-password
      User-Agent:
      - AZURECLI/2.27.0 azsdk-python-azure-mgmt-containerservice/16.1.0 Python/3.8.11
        (Linux-5.4.0-1055-azure-x86_64-with-glibc2.27)
    method: GET
    uri: https://management.azure.com/subscriptions/00000000-0000-0000-0000-000000000000/providers/Microsoft.ContainerService/locations/westus2/operations/a887c283-5326-4d24-8362-b4225f960a58?api-version=2016-03-30
  response:
    body:
      string: "{\n  \"name\": \"83c287a8-2653-244d-8362-b4225f960a58\",\n  \"status\":
        \"InProgress\",\n  \"startTime\": \"2021-08-17T08:00:20.47Z\"\n }"
    headers:
      cache-control:
      - no-cache
      content-length:
      - '121'
      content-type:
      - application/json
      date:
      - Tue, 17 Aug 2021 08:06:22 GMT
      expires:
      - '-1'
      pragma:
      - no-cache
      server:
      - nginx
      strict-transport-security:
      - max-age=31536000; includeSubDomains
      transfer-encoding:
      - chunked
      vary:
      - Accept-Encoding
      x-content-type-options:
      - nosniff
    status:
      code: 200
      message: OK
- request:
    body: null
    headers:
      Accept:
      - '*/*'
      Accept-Encoding:
      - gzip, deflate
      CommandName:
      - aks update
      Connection:
      - keep-alive
      ParameterSetName:
      - --resource-group --name --windows-admin-password
      User-Agent:
      - AZURECLI/2.27.0 azsdk-python-azure-mgmt-containerservice/16.1.0 Python/3.8.11
        (Linux-5.4.0-1055-azure-x86_64-with-glibc2.27)
    method: GET
    uri: https://management.azure.com/subscriptions/00000000-0000-0000-0000-000000000000/providers/Microsoft.ContainerService/locations/westus2/operations/a887c283-5326-4d24-8362-b4225f960a58?api-version=2016-03-30
  response:
    body:
      string: "{\n  \"name\": \"83c287a8-2653-244d-8362-b4225f960a58\",\n  \"status\":
        \"InProgress\",\n  \"startTime\": \"2021-08-17T08:00:20.47Z\"\n }"
    headers:
      cache-control:
      - no-cache
      content-length:
      - '121'
      content-type:
      - application/json
      date:
      - Tue, 17 Aug 2021 08:06:53 GMT
      expires:
      - '-1'
      pragma:
      - no-cache
      server:
      - nginx
      strict-transport-security:
      - max-age=31536000; includeSubDomains
      transfer-encoding:
      - chunked
      vary:
      - Accept-Encoding
      x-content-type-options:
      - nosniff
    status:
      code: 200
      message: OK
- request:
    body: null
    headers:
      Accept:
      - '*/*'
      Accept-Encoding:
      - gzip, deflate
      CommandName:
      - aks update
      Connection:
      - keep-alive
      ParameterSetName:
      - --resource-group --name --windows-admin-password
      User-Agent:
      - AZURECLI/2.27.0 azsdk-python-azure-mgmt-containerservice/16.1.0 Python/3.8.11
        (Linux-5.4.0-1055-azure-x86_64-with-glibc2.27)
    method: GET
    uri: https://management.azure.com/subscriptions/00000000-0000-0000-0000-000000000000/providers/Microsoft.ContainerService/locations/westus2/operations/a887c283-5326-4d24-8362-b4225f960a58?api-version=2016-03-30
  response:
    body:
      string: "{\n  \"name\": \"83c287a8-2653-244d-8362-b4225f960a58\",\n  \"status\":
        \"InProgress\",\n  \"startTime\": \"2021-08-17T08:00:20.47Z\"\n }"
    headers:
      cache-control:
      - no-cache
      content-length:
      - '121'
      content-type:
      - application/json
      date:
      - Tue, 17 Aug 2021 08:07:22 GMT
      expires:
      - '-1'
      pragma:
      - no-cache
      server:
      - nginx
      strict-transport-security:
      - max-age=31536000; includeSubDomains
      transfer-encoding:
      - chunked
      vary:
      - Accept-Encoding
      x-content-type-options:
      - nosniff
    status:
      code: 200
      message: OK
- request:
    body: null
    headers:
      Accept:
      - '*/*'
      Accept-Encoding:
      - gzip, deflate
      CommandName:
      - aks update
      Connection:
      - keep-alive
      ParameterSetName:
      - --resource-group --name --windows-admin-password
      User-Agent:
      - AZURECLI/2.27.0 azsdk-python-azure-mgmt-containerservice/16.1.0 Python/3.8.11
        (Linux-5.4.0-1055-azure-x86_64-with-glibc2.27)
    method: GET
    uri: https://management.azure.com/subscriptions/00000000-0000-0000-0000-000000000000/providers/Microsoft.ContainerService/locations/westus2/operations/a887c283-5326-4d24-8362-b4225f960a58?api-version=2016-03-30
  response:
    body:
      string: "{\n  \"name\": \"83c287a8-2653-244d-8362-b4225f960a58\",\n  \"status\":
        \"InProgress\",\n  \"startTime\": \"2021-08-17T08:00:20.47Z\"\n }"
    headers:
      cache-control:
      - no-cache
      content-length:
      - '121'
      content-type:
      - application/json
      date:
      - Tue, 17 Aug 2021 08:07:52 GMT
      expires:
      - '-1'
      pragma:
      - no-cache
      server:
      - nginx
      strict-transport-security:
      - max-age=31536000; includeSubDomains
      transfer-encoding:
      - chunked
      vary:
      - Accept-Encoding
      x-content-type-options:
      - nosniff
    status:
      code: 200
      message: OK
- request:
    body: null
    headers:
      Accept:
      - '*/*'
      Accept-Encoding:
      - gzip, deflate
      CommandName:
      - aks update
      Connection:
      - keep-alive
      ParameterSetName:
      - --resource-group --name --windows-admin-password
      User-Agent:
      - AZURECLI/2.27.0 azsdk-python-azure-mgmt-containerservice/16.1.0 Python/3.8.11
        (Linux-5.4.0-1055-azure-x86_64-with-glibc2.27)
    method: GET
    uri: https://management.azure.com/subscriptions/00000000-0000-0000-0000-000000000000/providers/Microsoft.ContainerService/locations/westus2/operations/a887c283-5326-4d24-8362-b4225f960a58?api-version=2016-03-30
  response:
    body:
      string: "{\n  \"name\": \"83c287a8-2653-244d-8362-b4225f960a58\",\n  \"status\":
        \"InProgress\",\n  \"startTime\": \"2021-08-17T08:00:20.47Z\"\n }"
    headers:
      cache-control:
      - no-cache
      content-length:
      - '121'
      content-type:
      - application/json
      date:
      - Tue, 17 Aug 2021 08:08:23 GMT
      expires:
      - '-1'
      pragma:
      - no-cache
      server:
      - nginx
      strict-transport-security:
      - max-age=31536000; includeSubDomains
      transfer-encoding:
      - chunked
      vary:
      - Accept-Encoding
      x-content-type-options:
      - nosniff
    status:
      code: 200
      message: OK
- request:
    body: null
    headers:
      Accept:
      - '*/*'
      Accept-Encoding:
      - gzip, deflate
      CommandName:
      - aks update
      Connection:
      - keep-alive
      ParameterSetName:
      - --resource-group --name --windows-admin-password
      User-Agent:
      - AZURECLI/2.27.0 azsdk-python-azure-mgmt-containerservice/16.1.0 Python/3.8.11
        (Linux-5.4.0-1055-azure-x86_64-with-glibc2.27)
    method: GET
    uri: https://management.azure.com/subscriptions/00000000-0000-0000-0000-000000000000/providers/Microsoft.ContainerService/locations/westus2/operations/a887c283-5326-4d24-8362-b4225f960a58?api-version=2016-03-30
  response:
    body:
      string: "{\n  \"name\": \"83c287a8-2653-244d-8362-b4225f960a58\",\n  \"status\":
        \"InProgress\",\n  \"startTime\": \"2021-08-17T08:00:20.47Z\"\n }"
    headers:
      cache-control:
      - no-cache
      content-length:
      - '121'
      content-type:
      - application/json
      date:
      - Tue, 17 Aug 2021 08:08:52 GMT
      expires:
      - '-1'
      pragma:
      - no-cache
      server:
      - nginx
      strict-transport-security:
      - max-age=31536000; includeSubDomains
      transfer-encoding:
      - chunked
      vary:
      - Accept-Encoding
      x-content-type-options:
      - nosniff
    status:
      code: 200
      message: OK
- request:
    body: null
    headers:
      Accept:
      - '*/*'
      Accept-Encoding:
      - gzip, deflate
      CommandName:
      - aks update
      Connection:
      - keep-alive
      ParameterSetName:
      - --resource-group --name --windows-admin-password
      User-Agent:
      - AZURECLI/2.27.0 azsdk-python-azure-mgmt-containerservice/16.1.0 Python/3.8.11
        (Linux-5.4.0-1055-azure-x86_64-with-glibc2.27)
    method: GET
    uri: https://management.azure.com/subscriptions/00000000-0000-0000-0000-000000000000/providers/Microsoft.ContainerService/locations/westus2/operations/a887c283-5326-4d24-8362-b4225f960a58?api-version=2016-03-30
  response:
    body:
      string: "{\n  \"name\": \"83c287a8-2653-244d-8362-b4225f960a58\",\n  \"status\":
        \"InProgress\",\n  \"startTime\": \"2021-08-17T08:00:20.47Z\"\n }"
    headers:
      cache-control:
      - no-cache
      content-length:
      - '121'
      content-type:
      - application/json
      date:
      - Tue, 17 Aug 2021 08:09:23 GMT
      expires:
      - '-1'
      pragma:
      - no-cache
      server:
      - nginx
      strict-transport-security:
      - max-age=31536000; includeSubDomains
      transfer-encoding:
      - chunked
      vary:
      - Accept-Encoding
      x-content-type-options:
      - nosniff
    status:
      code: 200
      message: OK
- request:
    body: null
    headers:
      Accept:
      - '*/*'
      Accept-Encoding:
      - gzip, deflate
      CommandName:
      - aks update
      Connection:
      - keep-alive
      ParameterSetName:
      - --resource-group --name --windows-admin-password
      User-Agent:
      - AZURECLI/2.27.0 azsdk-python-azure-mgmt-containerservice/16.1.0 Python/3.8.11
        (Linux-5.4.0-1055-azure-x86_64-with-glibc2.27)
    method: GET
    uri: https://management.azure.com/subscriptions/00000000-0000-0000-0000-000000000000/providers/Microsoft.ContainerService/locations/westus2/operations/a887c283-5326-4d24-8362-b4225f960a58?api-version=2016-03-30
  response:
    body:
      string: "{\n  \"name\": \"83c287a8-2653-244d-8362-b4225f960a58\",\n  \"status\":
        \"InProgress\",\n  \"startTime\": \"2021-08-17T08:00:20.47Z\"\n }"
    headers:
      cache-control:
      - no-cache
      content-length:
      - '121'
      content-type:
      - application/json
      date:
      - Tue, 17 Aug 2021 08:09:52 GMT
      expires:
      - '-1'
      pragma:
      - no-cache
      server:
      - nginx
      strict-transport-security:
      - max-age=31536000; includeSubDomains
      transfer-encoding:
      - chunked
      vary:
      - Accept-Encoding
      x-content-type-options:
      - nosniff
    status:
      code: 200
      message: OK
- request:
    body: null
    headers:
      Accept:
      - '*/*'
      Accept-Encoding:
      - gzip, deflate
      CommandName:
      - aks update
      Connection:
      - keep-alive
      ParameterSetName:
      - --resource-group --name --windows-admin-password
      User-Agent:
      - AZURECLI/2.27.0 azsdk-python-azure-mgmt-containerservice/16.1.0 Python/3.8.11
        (Linux-5.4.0-1055-azure-x86_64-with-glibc2.27)
    method: GET
    uri: https://management.azure.com/subscriptions/00000000-0000-0000-0000-000000000000/providers/Microsoft.ContainerService/locations/westus2/operations/a887c283-5326-4d24-8362-b4225f960a58?api-version=2016-03-30
  response:
    body:
      string: "{\n  \"name\": \"83c287a8-2653-244d-8362-b4225f960a58\",\n  \"status\":
        \"InProgress\",\n  \"startTime\": \"2021-08-17T08:00:20.47Z\"\n }"
    headers:
      cache-control:
      - no-cache
      content-length:
      - '121'
      content-type:
      - application/json
      date:
      - Tue, 17 Aug 2021 08:10:23 GMT
      expires:
      - '-1'
      pragma:
      - no-cache
      server:
      - nginx
      strict-transport-security:
      - max-age=31536000; includeSubDomains
      transfer-encoding:
      - chunked
      vary:
      - Accept-Encoding
      x-content-type-options:
      - nosniff
    status:
      code: 200
      message: OK
- request:
    body: null
    headers:
      Accept:
      - '*/*'
      Accept-Encoding:
      - gzip, deflate
      CommandName:
      - aks update
      Connection:
      - keep-alive
      ParameterSetName:
      - --resource-group --name --windows-admin-password
      User-Agent:
      - AZURECLI/2.27.0 azsdk-python-azure-mgmt-containerservice/16.1.0 Python/3.8.11
        (Linux-5.4.0-1055-azure-x86_64-with-glibc2.27)
    method: GET
    uri: https://management.azure.com/subscriptions/00000000-0000-0000-0000-000000000000/providers/Microsoft.ContainerService/locations/westus2/operations/a887c283-5326-4d24-8362-b4225f960a58?api-version=2016-03-30
  response:
    body:
      string: "{\n  \"name\": \"83c287a8-2653-244d-8362-b4225f960a58\",\n  \"status\":
        \"InProgress\",\n  \"startTime\": \"2021-08-17T08:00:20.47Z\"\n }"
    headers:
      cache-control:
      - no-cache
      content-length:
      - '121'
      content-type:
      - application/json
      date:
      - Tue, 17 Aug 2021 08:10:53 GMT
      expires:
      - '-1'
      pragma:
      - no-cache
      server:
      - nginx
      strict-transport-security:
      - max-age=31536000; includeSubDomains
      transfer-encoding:
      - chunked
      vary:
      - Accept-Encoding
      x-content-type-options:
      - nosniff
    status:
      code: 200
      message: OK
- request:
    body: null
    headers:
      Accept:
      - '*/*'
      Accept-Encoding:
      - gzip, deflate
      CommandName:
      - aks update
      Connection:
      - keep-alive
      ParameterSetName:
      - --resource-group --name --windows-admin-password
      User-Agent:
      - AZURECLI/2.27.0 azsdk-python-azure-mgmt-containerservice/16.1.0 Python/3.8.11
        (Linux-5.4.0-1055-azure-x86_64-with-glibc2.27)
    method: GET
    uri: https://management.azure.com/subscriptions/00000000-0000-0000-0000-000000000000/providers/Microsoft.ContainerService/locations/westus2/operations/a887c283-5326-4d24-8362-b4225f960a58?api-version=2016-03-30
  response:
    body:
      string: "{\n  \"name\": \"83c287a8-2653-244d-8362-b4225f960a58\",\n  \"status\":
        \"InProgress\",\n  \"startTime\": \"2021-08-17T08:00:20.47Z\"\n }"
    headers:
      cache-control:
      - no-cache
      content-length:
      - '121'
      content-type:
      - application/json
      date:
      - Tue, 17 Aug 2021 08:11:24 GMT
      expires:
      - '-1'
      pragma:
      - no-cache
      server:
      - nginx
      strict-transport-security:
      - max-age=31536000; includeSubDomains
      transfer-encoding:
      - chunked
      vary:
      - Accept-Encoding
      x-content-type-options:
      - nosniff
    status:
      code: 200
      message: OK
- request:
    body: null
    headers:
      Accept:
      - '*/*'
      Accept-Encoding:
      - gzip, deflate
      CommandName:
      - aks update
      Connection:
      - keep-alive
      ParameterSetName:
      - --resource-group --name --windows-admin-password
      User-Agent:
      - AZURECLI/2.27.0 azsdk-python-azure-mgmt-containerservice/16.1.0 Python/3.8.11
        (Linux-5.4.0-1055-azure-x86_64-with-glibc2.27)
    method: GET
    uri: https://management.azure.com/subscriptions/00000000-0000-0000-0000-000000000000/providers/Microsoft.ContainerService/locations/westus2/operations/a887c283-5326-4d24-8362-b4225f960a58?api-version=2016-03-30
  response:
    body:
      string: "{\n  \"name\": \"83c287a8-2653-244d-8362-b4225f960a58\",\n  \"status\":
        \"InProgress\",\n  \"startTime\": \"2021-08-17T08:00:20.47Z\"\n }"
    headers:
      cache-control:
      - no-cache
      content-length:
      - '121'
      content-type:
      - application/json
      date:
      - Tue, 17 Aug 2021 08:11:53 GMT
      expires:
      - '-1'
      pragma:
      - no-cache
      server:
      - nginx
      strict-transport-security:
      - max-age=31536000; includeSubDomains
      transfer-encoding:
      - chunked
      vary:
      - Accept-Encoding
      x-content-type-options:
      - nosniff
    status:
      code: 200
      message: OK
- request:
    body: null
    headers:
      Accept:
      - '*/*'
      Accept-Encoding:
      - gzip, deflate
      CommandName:
      - aks update
      Connection:
      - keep-alive
      ParameterSetName:
      - --resource-group --name --windows-admin-password
      User-Agent:
      - AZURECLI/2.27.0 azsdk-python-azure-mgmt-containerservice/16.1.0 Python/3.8.11
        (Linux-5.4.0-1055-azure-x86_64-with-glibc2.27)
    method: GET
    uri: https://management.azure.com/subscriptions/00000000-0000-0000-0000-000000000000/providers/Microsoft.ContainerService/locations/westus2/operations/a887c283-5326-4d24-8362-b4225f960a58?api-version=2016-03-30
  response:
    body:
      string: "{\n  \"name\": \"83c287a8-2653-244d-8362-b4225f960a58\",\n  \"status\":
        \"InProgress\",\n  \"startTime\": \"2021-08-17T08:00:20.47Z\"\n }"
    headers:
      cache-control:
      - no-cache
      content-length:
      - '121'
      content-type:
      - application/json
      date:
      - Tue, 17 Aug 2021 08:12:23 GMT
      expires:
      - '-1'
      pragma:
      - no-cache
      server:
      - nginx
      strict-transport-security:
      - max-age=31536000; includeSubDomains
      transfer-encoding:
      - chunked
      vary:
      - Accept-Encoding
      x-content-type-options:
      - nosniff
    status:
      code: 200
      message: OK
- request:
    body: null
    headers:
      Accept:
      - '*/*'
      Accept-Encoding:
      - gzip, deflate
      CommandName:
      - aks update
      Connection:
      - keep-alive
      ParameterSetName:
      - --resource-group --name --windows-admin-password
      User-Agent:
      - AZURECLI/2.27.0 azsdk-python-azure-mgmt-containerservice/16.1.0 Python/3.8.11
        (Linux-5.4.0-1055-azure-x86_64-with-glibc2.27)
    method: GET
    uri: https://management.azure.com/subscriptions/00000000-0000-0000-0000-000000000000/providers/Microsoft.ContainerService/locations/westus2/operations/a887c283-5326-4d24-8362-b4225f960a58?api-version=2016-03-30
  response:
    body:
      string: "{\n  \"name\": \"83c287a8-2653-244d-8362-b4225f960a58\",\n  \"status\":
        \"InProgress\",\n  \"startTime\": \"2021-08-17T08:00:20.47Z\"\n }"
    headers:
      cache-control:
      - no-cache
      content-length:
      - '121'
      content-type:
      - application/json
      date:
      - Tue, 17 Aug 2021 08:12:54 GMT
      expires:
      - '-1'
      pragma:
      - no-cache
      server:
      - nginx
      strict-transport-security:
      - max-age=31536000; includeSubDomains
      transfer-encoding:
      - chunked
      vary:
      - Accept-Encoding
      x-content-type-options:
      - nosniff
    status:
      code: 200
      message: OK
- request:
    body: null
    headers:
      Accept:
      - '*/*'
      Accept-Encoding:
      - gzip, deflate
      CommandName:
      - aks update
      Connection:
      - keep-alive
      ParameterSetName:
      - --resource-group --name --windows-admin-password
      User-Agent:
      - AZURECLI/2.27.0 azsdk-python-azure-mgmt-containerservice/16.1.0 Python/3.8.11
        (Linux-5.4.0-1055-azure-x86_64-with-glibc2.27)
    method: GET
    uri: https://management.azure.com/subscriptions/00000000-0000-0000-0000-000000000000/providers/Microsoft.ContainerService/locations/westus2/operations/a887c283-5326-4d24-8362-b4225f960a58?api-version=2016-03-30
  response:
    body:
      string: "{\n  \"name\": \"83c287a8-2653-244d-8362-b4225f960a58\",\n  \"status\":
        \"InProgress\",\n  \"startTime\": \"2021-08-17T08:00:20.47Z\"\n }"
    headers:
      cache-control:
      - no-cache
      content-length:
      - '121'
      content-type:
      - application/json
      date:
      - Tue, 17 Aug 2021 08:13:23 GMT
      expires:
      - '-1'
      pragma:
      - no-cache
      server:
      - nginx
      strict-transport-security:
      - max-age=31536000; includeSubDomains
      transfer-encoding:
      - chunked
      vary:
      - Accept-Encoding
      x-content-type-options:
      - nosniff
    status:
      code: 200
      message: OK
- request:
    body: null
    headers:
      Accept:
      - '*/*'
      Accept-Encoding:
      - gzip, deflate
      CommandName:
      - aks update
      Connection:
      - keep-alive
      ParameterSetName:
      - --resource-group --name --windows-admin-password
      User-Agent:
      - AZURECLI/2.27.0 azsdk-python-azure-mgmt-containerservice/16.1.0 Python/3.8.11
        (Linux-5.4.0-1055-azure-x86_64-with-glibc2.27)
    method: GET
    uri: https://management.azure.com/subscriptions/00000000-0000-0000-0000-000000000000/providers/Microsoft.ContainerService/locations/westus2/operations/a887c283-5326-4d24-8362-b4225f960a58?api-version=2016-03-30
  response:
    body:
      string: "{\n  \"name\": \"83c287a8-2653-244d-8362-b4225f960a58\",\n  \"status\":
        \"InProgress\",\n  \"startTime\": \"2021-08-17T08:00:20.47Z\"\n }"
    headers:
      cache-control:
      - no-cache
      content-length:
      - '121'
      content-type:
      - application/json
      date:
      - Tue, 17 Aug 2021 08:13:54 GMT
      expires:
      - '-1'
      pragma:
      - no-cache
      server:
      - nginx
      strict-transport-security:
      - max-age=31536000; includeSubDomains
      transfer-encoding:
      - chunked
      vary:
      - Accept-Encoding
      x-content-type-options:
      - nosniff
    status:
      code: 200
      message: OK
- request:
    body: null
    headers:
      Accept:
      - '*/*'
      Accept-Encoding:
      - gzip, deflate
      CommandName:
      - aks update
      Connection:
      - keep-alive
      ParameterSetName:
      - --resource-group --name --windows-admin-password
      User-Agent:
      - AZURECLI/2.27.0 azsdk-python-azure-mgmt-containerservice/16.1.0 Python/3.8.11
        (Linux-5.4.0-1055-azure-x86_64-with-glibc2.27)
    method: GET
    uri: https://management.azure.com/subscriptions/00000000-0000-0000-0000-000000000000/providers/Microsoft.ContainerService/locations/westus2/operations/a887c283-5326-4d24-8362-b4225f960a58?api-version=2016-03-30
  response:
    body:
      string: "{\n  \"name\": \"83c287a8-2653-244d-8362-b4225f960a58\",\n  \"status\":
        \"InProgress\",\n  \"startTime\": \"2021-08-17T08:00:20.47Z\"\n }"
    headers:
      cache-control:
      - no-cache
      content-length:
      - '121'
      content-type:
      - application/json
      date:
      - Tue, 17 Aug 2021 08:14:24 GMT
      expires:
      - '-1'
      pragma:
      - no-cache
      server:
      - nginx
      strict-transport-security:
      - max-age=31536000; includeSubDomains
      transfer-encoding:
      - chunked
      vary:
      - Accept-Encoding
      x-content-type-options:
      - nosniff
    status:
      code: 200
      message: OK
- request:
    body: null
    headers:
      Accept:
      - '*/*'
      Accept-Encoding:
      - gzip, deflate
      CommandName:
      - aks update
      Connection:
      - keep-alive
      ParameterSetName:
      - --resource-group --name --windows-admin-password
      User-Agent:
      - AZURECLI/2.27.0 azsdk-python-azure-mgmt-containerservice/16.1.0 Python/3.8.11
        (Linux-5.4.0-1055-azure-x86_64-with-glibc2.27)
    method: GET
    uri: https://management.azure.com/subscriptions/00000000-0000-0000-0000-000000000000/providers/Microsoft.ContainerService/locations/westus2/operations/a887c283-5326-4d24-8362-b4225f960a58?api-version=2016-03-30
  response:
    body:
      string: "{\n  \"name\": \"83c287a8-2653-244d-8362-b4225f960a58\",\n  \"status\":
        \"InProgress\",\n  \"startTime\": \"2021-08-17T08:00:20.47Z\"\n }"
    headers:
      cache-control:
      - no-cache
      content-length:
      - '121'
      content-type:
      - application/json
      date:
      - Tue, 17 Aug 2021 08:14:54 GMT
      expires:
      - '-1'
      pragma:
      - no-cache
      server:
      - nginx
      strict-transport-security:
      - max-age=31536000; includeSubDomains
      transfer-encoding:
      - chunked
      vary:
      - Accept-Encoding
      x-content-type-options:
      - nosniff
    status:
      code: 200
      message: OK
- request:
    body: null
    headers:
      Accept:
      - '*/*'
      Accept-Encoding:
      - gzip, deflate
      CommandName:
      - aks update
      Connection:
      - keep-alive
      ParameterSetName:
      - --resource-group --name --windows-admin-password
      User-Agent:
      - AZURECLI/2.27.0 azsdk-python-azure-mgmt-containerservice/16.1.0 Python/3.8.11
        (Linux-5.4.0-1055-azure-x86_64-with-glibc2.27)
    method: GET
    uri: https://management.azure.com/subscriptions/00000000-0000-0000-0000-000000000000/providers/Microsoft.ContainerService/locations/westus2/operations/a887c283-5326-4d24-8362-b4225f960a58?api-version=2016-03-30
  response:
    body:
      string: "{\n  \"name\": \"83c287a8-2653-244d-8362-b4225f960a58\",\n  \"status\":
        \"InProgress\",\n  \"startTime\": \"2021-08-17T08:00:20.47Z\"\n }"
    headers:
      cache-control:
      - no-cache
      content-length:
      - '121'
      content-type:
      - application/json
      date:
      - Tue, 17 Aug 2021 08:15:24 GMT
      expires:
      - '-1'
      pragma:
      - no-cache
      server:
      - nginx
      strict-transport-security:
      - max-age=31536000; includeSubDomains
      transfer-encoding:
      - chunked
      vary:
      - Accept-Encoding
      x-content-type-options:
      - nosniff
    status:
      code: 200
      message: OK
- request:
    body: null
    headers:
      Accept:
      - '*/*'
      Accept-Encoding:
      - gzip, deflate
      CommandName:
      - aks update
      Connection:
      - keep-alive
      ParameterSetName:
      - --resource-group --name --windows-admin-password
      User-Agent:
      - AZURECLI/2.27.0 azsdk-python-azure-mgmt-containerservice/16.1.0 Python/3.8.11
        (Linux-5.4.0-1055-azure-x86_64-with-glibc2.27)
    method: GET
    uri: https://management.azure.com/subscriptions/00000000-0000-0000-0000-000000000000/providers/Microsoft.ContainerService/locations/westus2/operations/a887c283-5326-4d24-8362-b4225f960a58?api-version=2016-03-30
  response:
    body:
      string: "{\n  \"name\": \"83c287a8-2653-244d-8362-b4225f960a58\",\n  \"status\":
        \"InProgress\",\n  \"startTime\": \"2021-08-17T08:00:20.47Z\"\n }"
    headers:
      cache-control:
      - no-cache
      content-length:
      - '121'
      content-type:
      - application/json
      date:
      - Tue, 17 Aug 2021 08:15:54 GMT
      expires:
      - '-1'
      pragma:
      - no-cache
      server:
      - nginx
      strict-transport-security:
      - max-age=31536000; includeSubDomains
      transfer-encoding:
      - chunked
      vary:
      - Accept-Encoding
      x-content-type-options:
      - nosniff
    status:
      code: 200
      message: OK
- request:
    body: null
    headers:
      Accept:
      - '*/*'
      Accept-Encoding:
      - gzip, deflate
      CommandName:
      - aks update
      Connection:
      - keep-alive
      ParameterSetName:
      - --resource-group --name --windows-admin-password
      User-Agent:
      - AZURECLI/2.27.0 azsdk-python-azure-mgmt-containerservice/16.1.0 Python/3.8.11
        (Linux-5.4.0-1055-azure-x86_64-with-glibc2.27)
    method: GET
    uri: https://management.azure.com/subscriptions/00000000-0000-0000-0000-000000000000/providers/Microsoft.ContainerService/locations/westus2/operations/a887c283-5326-4d24-8362-b4225f960a58?api-version=2016-03-30
  response:
    body:
      string: "{\n  \"name\": \"83c287a8-2653-244d-8362-b4225f960a58\",\n  \"status\":
        \"Succeeded\",\n  \"startTime\": \"2021-08-17T08:00:20.47Z\",\n  \"endTime\":
        \"2021-08-17T08:16:24.8701826Z\"\n }"
    headers:
      cache-control:
      - no-cache
      content-length:
      - '165'
      content-type:
      - application/json
      date:
      - Tue, 17 Aug 2021 08:16:24 GMT
      expires:
      - '-1'
      pragma:
      - no-cache
      server:
      - nginx
      strict-transport-security:
      - max-age=31536000; includeSubDomains
      transfer-encoding:
      - chunked
      vary:
      - Accept-Encoding
      x-content-type-options:
      - nosniff
    status:
      code: 200
      message: OK
- request:
    body: null
    headers:
      Accept:
      - '*/*'
      Accept-Encoding:
      - gzip, deflate
      CommandName:
      - aks update
      Connection:
      - keep-alive
      ParameterSetName:
      - --resource-group --name --windows-admin-password
      User-Agent:
      - AZURECLI/2.27.0 azsdk-python-azure-mgmt-containerservice/16.1.0 Python/3.8.11
        (Linux-5.4.0-1055-azure-x86_64-with-glibc2.27)
    method: GET
    uri: https://management.azure.com/subscriptions/00000000-0000-0000-0000-000000000000/resourceGroups/clitest000001/providers/Microsoft.ContainerService/managedClusters/cliakstest000001?api-version=2021-07-01
  response:
    body:
      string: "{\n  \"id\": \"/subscriptions/00000000-0000-0000-0000-000000000000/resourcegroups/clitest000001/providers/Microsoft.ContainerService/managedClusters/cliakstest000001\",\n
        \ \"location\": \"westus2\",\n  \"name\": \"cliakstest000001\",\n  \"type\":
        \"Microsoft.ContainerService/ManagedClusters\",\n  \"properties\": {\n   \"provisioningState\":
        \"Succeeded\",\n   \"powerState\": {\n    \"code\": \"Running\"\n   },\n   \"kubernetesVersion\":
        \"1.20.7\",\n   \"dnsPrefix\": \"cliaksdns000002\",\n   \"fqdn\": \"cliaksdns000002-9c6dbdcc.hcp.westus2.azmk8s.io\",\n
        \  \"azurePortalFQDN\": \"cliaksdns000002-9c6dbdcc.portal.hcp.westus2.azmk8s.io\",\n
        \  \"agentPoolProfiles\": [\n    {\n     \"name\": \"nodepool1\",\n     \"count\":
        1,\n     \"vmSize\": \"Standard_DS2_v2\",\n     \"osDiskSizeGB\": 128,\n     \"osDiskType\":
        \"Managed\",\n     \"kubeletDiskType\": \"OS\",\n     \"maxPods\": 30,\n     \"type\":
        \"VirtualMachineScaleSets\",\n     \"provisioningState\": \"Succeeded\",\n
        \    \"powerState\": {\n      \"code\": \"Running\"\n     },\n     \"orchestratorVersion\":
        \"1.20.7\",\n     \"enableNodePublicIP\": false,\n     \"nodeLabels\": {},\n
        \    \"mode\": \"System\",\n     \"enableEncryptionAtHost\": false,\n     \"enableUltraSSD\":
        false,\n     \"osType\": \"Linux\",\n     \"osSKU\": \"Ubuntu\",\n     \"nodeImageVersion\":
        \"AKSUbuntu-1804gen2containerd-2021.07.25\",\n     \"enableFIPS\": false\n
        \   },\n    {\n     \"name\": \"npwin\",\n     \"count\": 1,\n     \"vmSize\":
        \"Standard_D2s_v3\",\n     \"osDiskSizeGB\": 128,\n     \"osDiskType\": \"Managed\",\n
        \    \"kubeletDiskType\": \"OS\",\n     \"maxPods\": 30,\n     \"type\": \"VirtualMachineScaleSets\",\n
        \    \"scaleDownMode\": \"Delete\",\n     \"provisioningState\": \"Succeeded\",\n
        \    \"powerState\": {\n      \"code\": \"Running\"\n     },\n     \"orchestratorVersion\":
        \"1.20.7\",\n     \"enableNodePublicIP\": false,\n     \"mode\": \"User\",\n
        \    \"enableEncryptionAtHost\": false,\n     \"enableUltraSSD\": false,\n
        \    \"osType\": \"Windows\",\n     \"nodeImageVersion\": \"AKSWindows-2019-17763.2061.210714\",\n
        \    \"upgradeSettings\": {},\n     \"enableFIPS\": false\n    }\n   ],\n
        \  \"linuxProfile\": {\n    \"adminUsername\": \"azureuser\",\n    \"ssh\":
        {\n     \"publicKeys\": [\n      {\n       \"keyData\": \"ssh-rsa AAAAB3NzaC1yc2EAAAADAQABAAABAQDCBUaXhNBJiBl6rU3imQYMf4JmrE9njaW26rdhITQVYDofJX/3tPiZniPK6y2ZO1tPrYcBoNG1hwmtBSa1ViIkWCBClIqTK5/TtjWSOg1wVVt3Bi5Lnfq763usRx0gUtlRBWE28qbkgxyQsH1cueN6TYRLR0LibPtSjtGX52KNUecc+ZEamYxHgum4F0qAW5BflwB5hCLYoWdnPa+d8q5qvrdR5EN229es65pn32l2vARtE+8RAz/ckfAn1w3fnNWwMJYEHcHynPul85fw7NGHBassFUDcl49uhFty5cMs4XPkM4vGk3TbIobrpBGPhvclhWlssp8x34/gOOIaiQqd
        azcli_aks_live_test@example.com\\n\"\n      }\n     ]\n    }\n   },\n   \"windowsProfile\":
        {\n    \"adminUsername\": \"azureuser1\",\n    \"enableCSIProxy\": true\n
        \  },\n   \"servicePrincipalProfile\": {\n    \"clientId\":\"00000000-0000-0000-0000-000000000001\"\n
        \  },\n   \"nodeResourceGroup\": \"MC_clitest000001_cliakstest000001_westus2\",\n
        \  \"enableRBAC\": true,\n   \"enablePodSecurityPolicy\": false,\n   \"networkProfile\":
        {\n    \"networkPlugin\": \"azure\",\n    \"loadBalancerSku\": \"Standard\",\n
        \   \"loadBalancerProfile\": {\n     \"managedOutboundIPs\": {\n      \"count\":
        1\n     },\n     \"effectiveOutboundIPs\": [\n      {\n       \"id\": \"/subscriptions/00000000-0000-0000-0000-000000000000/resourceGroups/MC_clitest000001_cliakstest000001_westus2/providers/Microsoft.Network/publicIPAddresses/036ff285-a7bd-424a-9fb3-821187b31e87\"\n
        \     }\n     ]\n    },\n    \"serviceCidr\": \"10.0.0.0/16\",\n    \"dnsServiceIP\":
        \"10.0.0.10\",\n    \"dockerBridgeCidr\": \"172.17.0.1/16\",\n    \"outboundType\":
        \"loadBalancer\"\n   },\n   \"maxAgentPools\": 100,\n   \"identityProfile\":
        {\n    \"kubeletidentity\": {\n     \"resourceId\": \"/subscriptions/00000000-0000-0000-0000-000000000000/resourcegroups/MC_clitest000001_cliakstest000001_westus2/providers/Microsoft.ManagedIdentity/userAssignedIdentities/cliakstest000001-agentpool\",\n
        \    \"clientId\":\"00000000-0000-0000-0000-000000000001\",\n     \"objectId\":\"00000000-0000-0000-0000-000000000001\"\n
        \   }\n   },\n   \"disableLocalAccounts\": false\n  },\n  \"identity\": {\n
        \  \"type\": \"SystemAssigned\",\n   \"principalId\":\"00000000-0000-0000-0000-000000000001\",\n
        \  \"tenantId\": \"72f988bf-86f1-41af-91ab-2d7cd011db47\"\n  },\n  \"sku\":
        {\n   \"name\": \"Basic\",\n   \"tier\": \"Free\"\n  }\n }"
    headers:
      cache-control:
      - no-cache
      content-length:
      - '4047'
      content-type:
      - application/json
      date:
      - Tue, 17 Aug 2021 08:16:24 GMT
      expires:
      - '-1'
      pragma:
      - no-cache
      server:
      - nginx
      strict-transport-security:
      - max-age=31536000; includeSubDomains
      transfer-encoding:
      - chunked
      vary:
      - Accept-Encoding
      x-content-type-options:
      - nosniff
    status:
      code: 200
      message: OK
- request:
    body: null
    headers:
      Accept:
      - application/json
      Accept-Encoding:
      - gzip, deflate
      CommandName:
      - aks nodepool delete
      Connection:
      - keep-alive
      ParameterSetName:
      - --resource-group --cluster-name --name --no-wait
      User-Agent:
      - AZURECLI/2.27.0 azsdk-python-azure-mgmt-containerservice/16.1.0 Python/3.8.11
        (Linux-5.4.0-1055-azure-x86_64-with-glibc2.27)
    method: GET
    uri: https://management.azure.com/subscriptions/00000000-0000-0000-0000-000000000000/resourceGroups/clitest000001/providers/Microsoft.ContainerService/managedClusters/cliakstest000001/agentPools?api-version=2021-07-01
  response:
    body:
      string: "{\n  \"value\": [\n   {\n    \"id\": \"/subscriptions/00000000-0000-0000-0000-000000000000/resourcegroups/clitest000001/providers/Microsoft.ContainerService/managedClusters/cliakstest000001/agentPools/nodepool1\",\n
        \   \"name\": \"nodepool1\",\n    \"type\": \"Microsoft.ContainerService/managedClusters/agentPools\",\n
        \   \"properties\": {\n     \"count\": 1,\n     \"vmSize\": \"Standard_DS2_v2\",\n
        \    \"osDiskSizeGB\": 128,\n     \"osDiskType\": \"Managed\",\n     \"kubeletDiskType\":
        \"OS\",\n     \"maxPods\": 30,\n     \"type\": \"VirtualMachineScaleSets\",\n
        \    \"provisioningState\": \"Succeeded\",\n     \"powerState\": {\n      \"code\":
        \"Running\"\n     },\n     \"orchestratorVersion\": \"1.20.7\",\n     \"enableNodePublicIP\":
        false,\n     \"nodeLabels\": {},\n     \"mode\": \"System\",\n     \"enableEncryptionAtHost\":
        false,\n     \"enableUltraSSD\": false,\n     \"osType\": \"Linux\",\n     \"osSKU\":
        \"Ubuntu\",\n     \"nodeImageVersion\": \"AKSUbuntu-1804gen2containerd-2021.07.25\",\n
        \    \"enableFIPS\": false\n    }\n   },\n   {\n    \"id\": \"/subscriptions/00000000-0000-0000-0000-000000000000/resourcegroups/clitest000001/providers/Microsoft.ContainerService/managedClusters/cliakstest000001/agentPools/npwin\",\n
        \   \"name\": \"npwin\",\n    \"type\": \"Microsoft.ContainerService/managedClusters/agentPools\",\n
        \   \"properties\": {\n     \"count\": 1,\n     \"vmSize\": \"Standard_D2s_v3\",\n
        \    \"osDiskSizeGB\": 128,\n     \"osDiskType\": \"Managed\",\n     \"kubeletDiskType\":
        \"OS\",\n     \"maxPods\": 30,\n     \"type\": \"VirtualMachineScaleSets\",\n
        \    \"scaleDownMode\": \"Delete\",\n     \"provisioningState\": \"Succeeded\",\n
        \    \"powerState\": {\n      \"code\": \"Running\"\n     },\n     \"orchestratorVersion\":
        \"1.20.7\",\n     \"enableNodePublicIP\": false,\n     \"mode\": \"User\",\n
        \    \"enableEncryptionAtHost\": false,\n     \"enableUltraSSD\": false,\n
        \    \"osType\": \"Windows\",\n     \"nodeImageVersion\": \"AKSWindows-2019-17763.2061.210714\",\n
        \    \"upgradeSettings\": {},\n     \"enableFIPS\": false\n    }\n   }\n  ]\n
        }"
    headers:
      cache-control:
      - no-cache
      content-length:
      - '1891'
      content-type:
      - application/json
      date:
      - Tue, 17 Aug 2021 08:16:26 GMT
      expires:
      - '-1'
      pragma:
      - no-cache
      server:
      - nginx
      strict-transport-security:
      - max-age=31536000; includeSubDomains
      transfer-encoding:
      - chunked
      vary:
      - Accept-Encoding
      x-content-type-options:
      - nosniff
    status:
      code: 200
      message: OK
- request:
    body: null
    headers:
      Accept:
      - application/json
      Accept-Encoding:
      - gzip, deflate
      CommandName:
      - aks nodepool delete
      Connection:
      - keep-alive
      Content-Length:
      - '0'
      ParameterSetName:
      - --resource-group --cluster-name --name --no-wait
      User-Agent:
      - AZURECLI/2.27.0 azsdk-python-azure-mgmt-containerservice/16.1.0 Python/3.8.11
        (Linux-5.4.0-1055-azure-x86_64-with-glibc2.27)
    method: DELETE
    uri: https://management.azure.com/subscriptions/00000000-0000-0000-0000-000000000000/resourceGroups/clitest000001/providers/Microsoft.ContainerService/managedClusters/cliakstest000001/agentPools/npwin?api-version=2021-07-01
  response:
    body:
      string: ''
    headers:
      azure-asyncoperation:
      - https://management.azure.com/subscriptions/00000000-0000-0000-0000-000000000000/providers/Microsoft.ContainerService/locations/westus2/operations/6b3f2820-beb9-43ae-839f-3887e8e85573?api-version=2016-03-30
      cache-control:
      - no-cache
      content-length:
      - '0'
      date:
      - Tue, 17 Aug 2021 08:16:26 GMT
      expires:
      - '-1'
      location:
      - https://management.azure.com/subscriptions/00000000-0000-0000-0000-000000000000/providers/Microsoft.ContainerService/locations/westus2/operationresults/6b3f2820-beb9-43ae-839f-3887e8e85573?api-version=2016-03-30
      pragma:
      - no-cache
      server:
      - nginx
      strict-transport-security:
      - max-age=31536000; includeSubDomains
      x-content-type-options:
      - nosniff
      x-ms-ratelimit-remaining-subscription-deletes:
      - '14995'
    status:
      code: 202
      message: Accepted
version: 1
