interactions:
- request:
    body: null
    headers:
      Accept:
      - application/json
      Accept-Encoding:
      - gzip, deflate
      CommandName:
      - aks create
      Connection:
      - keep-alive
      ParameterSetName:
      - --resource-group --name --vm-set-type -c --outbound-type --ssh-key-value
      User-Agent:
      - AZURECLI/2.38.0 azsdk-python-azure-mgmt-resource/21.1.0b1 Python/3.8.10 (Linux-5.13.0-1031-azure-x86_64-with-glibc2.29)
    method: GET
    uri: https://management.azure.com/subscriptions/00000000-0000-0000-0000-000000000000/resourcegroups/clitest000001?api-version=2021-04-01
  response:
    body:
      string: '{"id":"/subscriptions/00000000-0000-0000-0000-000000000000/resourceGroups/clitest000001","name":"clitest000001","type":"Microsoft.Resources/resourceGroups","location":"westus2","tags":{"product":"azurecli","cause":"automation","date":"2022-07-19T05:59:01Z"},"properties":{"provisioningState":"Succeeded"}}'
    headers:
      cache-control:
      - no-cache
      content-length:
      - '305'
      content-type:
      - application/json; charset=utf-8
      date:
      - Tue, 19 Jul 2022 05:59:01 GMT
      expires:
      - '-1'
      pragma:
      - no-cache
      strict-transport-security:
      - max-age=31536000; includeSubDomains
      vary:
      - Accept-Encoding
      x-content-type-options:
      - nosniff
    status:
      code: 200
      message: OK
- request:
    body: '{"location": "westus2", "identity": {"type": "SystemAssigned"}, "properties":
      {"kubernetesVersion": "", "dnsPrefix": "cliakstest-clitesty4g2xlqy7-8ecadf",
      "agentPoolProfiles": [{"count": 1, "vmSize": "Standard_DS2_v2", "osDiskSizeGB":
      0, "workloadRuntime": "OCIContainer", "osType": "Linux", "enableAutoScaling":
      false, "type": "VirtualMachineScaleSets", "mode": "System", "orchestratorVersion":
      "", "upgradeSettings": {}, "enableNodePublicIP": false, "enableCustomCATrust":
      false, "scaleSetPriority": "Regular", "scaleSetEvictionPolicy": "Delete", "spotMaxPrice":
      -1.0, "nodeTaints": [], "enableEncryptionAtHost": false, "enableUltraSSD": false,
      "enableFIPS": false, "name": "nodepool1"}], "linuxProfile": {"adminUsername":
      "azureuser", "ssh": {"publicKeys": [{"keyData": "ssh-rsa AAAAB3NzaC1yc2EAAAADAQABAAABAQDBDU2v87Kb4/ZzK8RbuSkPMRF9IfTfY7Y/jeEede3uFf1lnR5Cix3oY6nmZz05uZKsDemHzTJdhUrNihiBljmK14os+4sjUGz8ffZCNop35eLpuZpNuPeU3Q9RX5IGMM9rK2URKKfPqDqFu6JuliFZL9y7ayNTu3OOEJhyXi9Mw/qo0vf/u04XD/mG0WDXWXkJyC0Lgp5/PNbJuI0XH+t+Fm1zYitVh5vAAKPDvGf5QufZlPPSjp729Bt0QBBsyIIq6XVZFxUrSaAPVXdgZKmL72vW3OCDaitsD1/a0Yx4g32n5ux1KICIBdAgpQ6TFCNS9A6i8krO57LiXnVAZneB
      azcli_aks_live_test@example.com\n"}]}}, "addonProfiles": {}, "enableRBAC": true,
      "enablePodSecurityPolicy": false, "networkProfile": {"networkPlugin": "kubenet",
      "podCidr": "10.244.0.0/16", "serviceCidr": "10.0.0.0/16", "dnsServiceIP": "10.0.0.10",
      "dockerBridgeCidr": "172.17.0.1/16", "outboundType": "managedNATGateway", "loadBalancerSku":
      "standard"}, "disableLocalAccounts": false, "storageProfile": {}}}'
    headers:
      Accept:
      - application/json
      Accept-Encoding:
      - gzip, deflate
      CommandName:
      - aks create
      Connection:
      - keep-alive
      Content-Length:
      - '1563'
      Content-Type:
      - application/json
      ParameterSetName:
      - --resource-group --name --vm-set-type -c --outbound-type --ssh-key-value
      User-Agent:
      - AZURECLI/2.38.0 azsdk-python-azure-mgmt-containerservice/20.0.0b Python/3.8.10
        (Linux-5.13.0-1031-azure-x86_64-with-glibc2.29)
    method: PUT
    uri: https://management.azure.com/subscriptions/00000000-0000-0000-0000-000000000000/resourceGroups/clitest000001/providers/Microsoft.ContainerService/managedClusters/cliakstest000002?api-version=2022-06-02-preview
  response:
    body:
      string: "{\n  \"id\": \"/subscriptions/00000000-0000-0000-0000-000000000000/resourcegroups/clitest000001/providers/Microsoft.ContainerService/managedClusters/cliakstest000002\",\n
        \ \"location\": \"westus2\",\n  \"name\": \"cliakstest000002\",\n  \"type\":
        \"Microsoft.ContainerService/ManagedClusters\",\n  \"properties\": {\n   \"provisioningState\":
        \"Creating\",\n   \"powerState\": {\n    \"code\": \"Running\"\n   },\n   \"kubernetesVersion\":
        \"1.22.11\",\n   \"currentKubernetesVersion\": \"1.22.11\",\n   \"dnsPrefix\":
        \"cliakstest-clitesty4g2xlqy7-8ecadf\",\n   \"fqdn\": \"cliakstest-clitesty4g2xlqy7-8ecadf-e5d458b6.hcp.westus2.azmk8s.io\",\n
        \  \"azurePortalFQDN\": \"cliakstest-clitesty4g2xlqy7-8ecadf-e5d458b6.portal.hcp.westus2.azmk8s.io\",\n
        \  \"agentPoolProfiles\": [\n    {\n     \"name\": \"nodepool1\",\n     \"count\":
        1,\n     \"vmSize\": \"Standard_DS2_v2\",\n     \"osDiskSizeGB\": 128,\n     \"osDiskType\":
        \"Managed\",\n     \"kubeletDiskType\": \"OS\",\n     \"workloadRuntime\":
        \"OCIContainer\",\n     \"maxPods\": 110,\n     \"type\": \"VirtualMachineScaleSets\",\n
        \    \"enableAutoScaling\": false,\n     \"provisioningState\": \"Creating\",\n
        \    \"powerState\": {\n      \"code\": \"Running\"\n     },\n     \"orchestratorVersion\":
        \"1.22.11\",\n     \"enableNodePublicIP\": false,\n     \"enableCustomCATrust\":
        false,\n     \"mode\": \"System\",\n     \"enableEncryptionAtHost\": false,\n
        \    \"enableUltraSSD\": false,\n     \"osType\": \"Linux\",\n     \"osSKU\":
        \"Ubuntu\",\n     \"nodeImageVersion\": \"AKSUbuntu-1804gen2containerd-2022.06.29\",\n
        \    \"upgradeSettings\": {},\n     \"enableFIPS\": false\n    }\n   ],\n
        \  \"linuxProfile\": {\n    \"adminUsername\": \"azureuser\",\n    \"ssh\":
        {\n     \"publicKeys\": [\n      {\n       \"keyData\": \"ssh-rsa AAAAB3NzaC1yc2EAAAADAQABAAABAQDBDU2v87Kb4/ZzK8RbuSkPMRF9IfTfY7Y/jeEede3uFf1lnR5Cix3oY6nmZz05uZKsDemHzTJdhUrNihiBljmK14os+4sjUGz8ffZCNop35eLpuZpNuPeU3Q9RX5IGMM9rK2URKKfPqDqFu6JuliFZL9y7ayNTu3OOEJhyXi9Mw/qo0vf/u04XD/mG0WDXWXkJyC0Lgp5/PNbJuI0XH+t+Fm1zYitVh5vAAKPDvGf5QufZlPPSjp729Bt0QBBsyIIq6XVZFxUrSaAPVXdgZKmL72vW3OCDaitsD1/a0Yx4g32n5ux1KICIBdAgpQ6TFCNS9A6i8krO57LiXnVAZneB
        azcli_aks_live_test@example.com\\n\"\n      }\n     ]\n    }\n   },\n   \"servicePrincipalProfile\":
        {\n    \"clientId\":\"00000000-0000-0000-0000-000000000001\"\n   },\n   \"nodeResourceGroup\":
        \"MC_clitest000001_cliakstest000002_westus2\",\n   \"enableRBAC\": true,\n
        \  \"enablePodSecurityPolicy\": false,\n   \"networkProfile\": {\n    \"networkPlugin\":
        \"kubenet\",\n    \"loadBalancerSku\": \"standard\",\n    \"loadBalancerProfile\":
        {},\n    \"natGatewayProfile\": {\n     \"managedOutboundIPProfile\": {\n
        \     \"count\": 1\n     },\n     \"idleTimeoutInMinutes\": 4\n    },\n    \"podCidr\":
        \"10.244.0.0/16\",\n    \"serviceCidr\": \"10.0.0.0/16\",\n    \"dnsServiceIP\":
        \"10.0.0.10\",\n    \"dockerBridgeCidr\": \"172.17.0.1/16\",\n    \"outboundType\":
        \"managedNATGateway\",\n    \"podCidrs\": [\n     \"10.244.0.0/16\"\n    ],\n
        \   \"serviceCidrs\": [\n     \"10.0.0.0/16\"\n    ],\n    \"ipFamilies\":
        [\n     \"IPv4\"\n    ]\n   },\n   \"maxAgentPools\": 100,\n   \"disableLocalAccounts\":
        false,\n   \"securityProfile\": {},\n   \"storageProfile\": {\n    \"diskCSIDriver\":
        {\n     \"enabled\": true,\n     \"version\": \"v1\"\n    },\n    \"fileCSIDriver\":
        {\n     \"enabled\": true\n    },\n    \"snapshotController\": {\n     \"enabled\":
        true\n    }\n   },\n   \"oidcIssuerProfile\": {\n    \"enabled\": false\n
        \  }\n  },\n  \"identity\": {\n   \"type\": \"SystemAssigned\",\n   \"principalId\":\"00000000-0000-0000-0000-000000000001\",\n
        \  \"tenantId\": \"72f988bf-86f1-41af-91ab-2d7cd011db47\"\n  },\n  \"sku\":
        {\n   \"name\": \"Basic\",\n   \"tier\": \"Free\"\n  }\n }"
    headers:
      azure-asyncoperation:
      - https://management.azure.com/subscriptions/00000000-0000-0000-0000-000000000000/providers/Microsoft.ContainerService/locations/westus2/operations/8bc6fcf2-e1b8-427a-9f2e-00f6d0e87945?api-version=2016-03-30
      cache-control:
      - no-cache
      content-length:
      - '3396'
      content-type:
      - application/json
      date:
      - Tue, 19 Jul 2022 05:59:04 GMT
      expires:
      - '-1'
      pragma:
      - no-cache
      server:
      - nginx
      strict-transport-security:
      - max-age=31536000; includeSubDomains
      x-content-type-options:
      - nosniff
      x-ms-ratelimit-remaining-subscription-writes:
      - '1195'
    status:
      code: 201
      message: Created
- request:
    body: null
    headers:
      Accept:
      - '*/*'
      Accept-Encoding:
      - gzip, deflate
      CommandName:
      - aks create
      Connection:
      - keep-alive
      ParameterSetName:
      - --resource-group --name --vm-set-type -c --outbound-type --ssh-key-value
      User-Agent:
      - AZURECLI/2.38.0 azsdk-python-azure-mgmt-containerservice/20.0.0b Python/3.8.10
        (Linux-5.13.0-1031-azure-x86_64-with-glibc2.29)
    method: GET
    uri: https://management.azure.com/subscriptions/00000000-0000-0000-0000-000000000000/providers/Microsoft.ContainerService/locations/westus2/operations/8bc6fcf2-e1b8-427a-9f2e-00f6d0e87945?api-version=2016-03-30
  response:
    body:
      string: "{\n  \"name\": \"f2fcc68b-b8e1-7a42-9f2e-00f6d0e87945\",\n  \"status\":
        \"InProgress\",\n  \"startTime\": \"2022-07-19T05:59:05.4066666Z\"\n }"
    headers:
      cache-control:
      - no-cache
      content-length:
      - '126'
      content-type:
      - application/json
      date:
      - Tue, 19 Jul 2022 05:59:35 GMT
      expires:
      - '-1'
      pragma:
      - no-cache
      server:
      - nginx
      strict-transport-security:
      - max-age=31536000; includeSubDomains
      transfer-encoding:
      - chunked
      vary:
      - Accept-Encoding
      x-content-type-options:
      - nosniff
    status:
      code: 200
      message: OK
- request:
    body: null
    headers:
      Accept:
      - '*/*'
      Accept-Encoding:
      - gzip, deflate
      CommandName:
      - aks create
      Connection:
      - keep-alive
      ParameterSetName:
      - --resource-group --name --vm-set-type -c --outbound-type --ssh-key-value
      User-Agent:
      - AZURECLI/2.38.0 azsdk-python-azure-mgmt-containerservice/20.0.0b Python/3.8.10
        (Linux-5.13.0-1031-azure-x86_64-with-glibc2.29)
    method: GET
    uri: https://management.azure.com/subscriptions/00000000-0000-0000-0000-000000000000/providers/Microsoft.ContainerService/locations/westus2/operations/8bc6fcf2-e1b8-427a-9f2e-00f6d0e87945?api-version=2016-03-30
  response:
    body:
      string: "{\n  \"name\": \"f2fcc68b-b8e1-7a42-9f2e-00f6d0e87945\",\n  \"status\":
        \"InProgress\",\n  \"startTime\": \"2022-07-19T05:59:05.4066666Z\"\n }"
    headers:
      cache-control:
      - no-cache
      content-length:
      - '126'
      content-type:
      - application/json
      date:
      - Tue, 19 Jul 2022 06:00:05 GMT
      expires:
      - '-1'
      pragma:
      - no-cache
      server:
      - nginx
      strict-transport-security:
      - max-age=31536000; includeSubDomains
      transfer-encoding:
      - chunked
      vary:
      - Accept-Encoding
      x-content-type-options:
      - nosniff
    status:
      code: 200
      message: OK
- request:
    body: null
    headers:
      Accept:
      - '*/*'
      Accept-Encoding:
      - gzip, deflate
      CommandName:
      - aks create
      Connection:
      - keep-alive
      ParameterSetName:
      - --resource-group --name --vm-set-type -c --outbound-type --ssh-key-value
      User-Agent:
      - AZURECLI/2.38.0 azsdk-python-azure-mgmt-containerservice/20.0.0b Python/3.8.10
        (Linux-5.13.0-1031-azure-x86_64-with-glibc2.29)
    method: GET
    uri: https://management.azure.com/subscriptions/00000000-0000-0000-0000-000000000000/providers/Microsoft.ContainerService/locations/westus2/operations/8bc6fcf2-e1b8-427a-9f2e-00f6d0e87945?api-version=2016-03-30
  response:
    body:
      string: "{\n  \"name\": \"f2fcc68b-b8e1-7a42-9f2e-00f6d0e87945\",\n  \"status\":
        \"InProgress\",\n  \"startTime\": \"2022-07-19T05:59:05.4066666Z\"\n }"
    headers:
      cache-control:
      - no-cache
      content-length:
      - '126'
      content-type:
      - application/json
      date:
      - Tue, 19 Jul 2022 06:00:35 GMT
      expires:
      - '-1'
      pragma:
      - no-cache
      server:
      - nginx
      strict-transport-security:
      - max-age=31536000; includeSubDomains
      transfer-encoding:
      - chunked
      vary:
      - Accept-Encoding
      x-content-type-options:
      - nosniff
    status:
      code: 200
      message: OK
- request:
    body: null
    headers:
      Accept:
      - '*/*'
      Accept-Encoding:
      - gzip, deflate
      CommandName:
      - aks create
      Connection:
      - keep-alive
      ParameterSetName:
      - --resource-group --name --vm-set-type -c --outbound-type --ssh-key-value
      User-Agent:
      - AZURECLI/2.38.0 azsdk-python-azure-mgmt-containerservice/20.0.0b Python/3.8.10
        (Linux-5.13.0-1031-azure-x86_64-with-glibc2.29)
    method: GET
    uri: https://management.azure.com/subscriptions/00000000-0000-0000-0000-000000000000/providers/Microsoft.ContainerService/locations/westus2/operations/8bc6fcf2-e1b8-427a-9f2e-00f6d0e87945?api-version=2016-03-30
  response:
    body:
      string: "{\n  \"name\": \"f2fcc68b-b8e1-7a42-9f2e-00f6d0e87945\",\n  \"status\":
        \"InProgress\",\n  \"startTime\": \"2022-07-19T05:59:05.4066666Z\"\n }"
    headers:
      cache-control:
      - no-cache
      content-length:
      - '126'
      content-type:
      - application/json
      date:
      - Tue, 19 Jul 2022 06:01:05 GMT
      expires:
      - '-1'
      pragma:
      - no-cache
      server:
      - nginx
      strict-transport-security:
      - max-age=31536000; includeSubDomains
      transfer-encoding:
      - chunked
      vary:
      - Accept-Encoding
      x-content-type-options:
      - nosniff
    status:
      code: 200
      message: OK
- request:
    body: null
    headers:
      Accept:
      - '*/*'
      Accept-Encoding:
      - gzip, deflate
      CommandName:
      - aks create
      Connection:
      - keep-alive
      ParameterSetName:
      - --resource-group --name --vm-set-type -c --outbound-type --ssh-key-value
      User-Agent:
      - AZURECLI/2.38.0 azsdk-python-azure-mgmt-containerservice/20.0.0b Python/3.8.10
        (Linux-5.13.0-1031-azure-x86_64-with-glibc2.29)
    method: GET
    uri: https://management.azure.com/subscriptions/00000000-0000-0000-0000-000000000000/providers/Microsoft.ContainerService/locations/westus2/operations/8bc6fcf2-e1b8-427a-9f2e-00f6d0e87945?api-version=2016-03-30
  response:
    body:
      string: "{\n  \"name\": \"f2fcc68b-b8e1-7a42-9f2e-00f6d0e87945\",\n  \"status\":
        \"InProgress\",\n  \"startTime\": \"2022-07-19T05:59:05.4066666Z\"\n }"
    headers:
      cache-control:
      - no-cache
      content-length:
      - '126'
      content-type:
      - application/json
      date:
      - Tue, 19 Jul 2022 06:01:35 GMT
      expires:
      - '-1'
      pragma:
      - no-cache
      server:
      - nginx
      strict-transport-security:
      - max-age=31536000; includeSubDomains
      transfer-encoding:
      - chunked
      vary:
      - Accept-Encoding
      x-content-type-options:
      - nosniff
    status:
      code: 200
      message: OK
- request:
    body: null
    headers:
      Accept:
      - '*/*'
      Accept-Encoding:
      - gzip, deflate
      CommandName:
      - aks create
      Connection:
      - keep-alive
      ParameterSetName:
      - --resource-group --name --vm-set-type -c --outbound-type --ssh-key-value
      User-Agent:
      - AZURECLI/2.38.0 azsdk-python-azure-mgmt-containerservice/20.0.0b Python/3.8.10
        (Linux-5.13.0-1031-azure-x86_64-with-glibc2.29)
    method: GET
    uri: https://management.azure.com/subscriptions/00000000-0000-0000-0000-000000000000/providers/Microsoft.ContainerService/locations/westus2/operations/8bc6fcf2-e1b8-427a-9f2e-00f6d0e87945?api-version=2016-03-30
  response:
    body:
      string: "{\n  \"name\": \"f2fcc68b-b8e1-7a42-9f2e-00f6d0e87945\",\n  \"status\":
        \"InProgress\",\n  \"startTime\": \"2022-07-19T05:59:05.4066666Z\"\n }"
    headers:
      cache-control:
      - no-cache
      content-length:
      - '126'
      content-type:
      - application/json
      date:
      - Tue, 19 Jul 2022 06:02:05 GMT
      expires:
      - '-1'
      pragma:
      - no-cache
      server:
      - nginx
      strict-transport-security:
      - max-age=31536000; includeSubDomains
      transfer-encoding:
      - chunked
      vary:
      - Accept-Encoding
      x-content-type-options:
      - nosniff
    status:
      code: 200
      message: OK
- request:
    body: null
    headers:
      Accept:
      - '*/*'
      Accept-Encoding:
      - gzip, deflate
      CommandName:
      - aks create
      Connection:
      - keep-alive
      ParameterSetName:
      - --resource-group --name --vm-set-type -c --outbound-type --ssh-key-value
      User-Agent:
      - AZURECLI/2.38.0 azsdk-python-azure-mgmt-containerservice/20.0.0b Python/3.8.10
        (Linux-5.13.0-1031-azure-x86_64-with-glibc2.29)
    method: GET
    uri: https://management.azure.com/subscriptions/00000000-0000-0000-0000-000000000000/providers/Microsoft.ContainerService/locations/westus2/operations/8bc6fcf2-e1b8-427a-9f2e-00f6d0e87945?api-version=2016-03-30
  response:
    body:
      string: "{\n  \"name\": \"f2fcc68b-b8e1-7a42-9f2e-00f6d0e87945\",\n  \"status\":
        \"InProgress\",\n  \"startTime\": \"2022-07-19T05:59:05.4066666Z\"\n }"
    headers:
      cache-control:
      - no-cache
      content-length:
      - '126'
      content-type:
      - application/json
      date:
      - Tue, 19 Jul 2022 06:02:36 GMT
      expires:
      - '-1'
      pragma:
      - no-cache
      server:
      - nginx
      strict-transport-security:
      - max-age=31536000; includeSubDomains
      transfer-encoding:
      - chunked
      vary:
      - Accept-Encoding
      x-content-type-options:
      - nosniff
    status:
      code: 200
      message: OK
- request:
    body: null
    headers:
      Accept:
      - '*/*'
      Accept-Encoding:
      - gzip, deflate
      CommandName:
      - aks create
      Connection:
      - keep-alive
      ParameterSetName:
      - --resource-group --name --vm-set-type -c --outbound-type --ssh-key-value
      User-Agent:
      - AZURECLI/2.38.0 azsdk-python-azure-mgmt-containerservice/20.0.0b Python/3.8.10
        (Linux-5.13.0-1031-azure-x86_64-with-glibc2.29)
    method: GET
    uri: https://management.azure.com/subscriptions/00000000-0000-0000-0000-000000000000/providers/Microsoft.ContainerService/locations/westus2/operations/8bc6fcf2-e1b8-427a-9f2e-00f6d0e87945?api-version=2016-03-30
  response:
    body:
      string: "{\n  \"name\": \"f2fcc68b-b8e1-7a42-9f2e-00f6d0e87945\",\n  \"status\":
        \"Succeeded\",\n  \"startTime\": \"2022-07-19T05:59:05.4066666Z\",\n  \"endTime\":
        \"2022-07-19T06:02:45.8092962Z\"\n }"
    headers:
      cache-control:
      - no-cache
      content-length:
      - '170'
      content-type:
      - application/json
      date:
      - Tue, 19 Jul 2022 06:03:06 GMT
      expires:
      - '-1'
      pragma:
      - no-cache
      server:
      - nginx
      strict-transport-security:
      - max-age=31536000; includeSubDomains
      transfer-encoding:
      - chunked
      vary:
      - Accept-Encoding
      x-content-type-options:
      - nosniff
    status:
      code: 200
      message: OK
- request:
    body: null
    headers:
      Accept:
      - '*/*'
      Accept-Encoding:
      - gzip, deflate
      CommandName:
      - aks create
      Connection:
      - keep-alive
      ParameterSetName:
      - --resource-group --name --vm-set-type -c --outbound-type --ssh-key-value
      User-Agent:
      - AZURECLI/2.38.0 azsdk-python-azure-mgmt-containerservice/20.0.0b Python/3.8.10
        (Linux-5.13.0-1031-azure-x86_64-with-glibc2.29)
    method: GET
    uri: https://management.azure.com/subscriptions/00000000-0000-0000-0000-000000000000/resourceGroups/clitest000001/providers/Microsoft.ContainerService/managedClusters/cliakstest000002?api-version=2022-06-02-preview
  response:
    body:
      string: "{\n  \"id\": \"/subscriptions/00000000-0000-0000-0000-000000000000/resourcegroups/clitest000001/providers/Microsoft.ContainerService/managedClusters/cliakstest000002\",\n
        \ \"location\": \"westus2\",\n  \"name\": \"cliakstest000002\",\n  \"type\":
        \"Microsoft.ContainerService/ManagedClusters\",\n  \"properties\": {\n   \"provisioningState\":
        \"Succeeded\",\n   \"powerState\": {\n    \"code\": \"Running\"\n   },\n   \"kubernetesVersion\":
        \"1.22.11\",\n   \"currentKubernetesVersion\": \"1.22.11\",\n   \"dnsPrefix\":
        \"cliakstest-clitesty4g2xlqy7-8ecadf\",\n   \"fqdn\": \"cliakstest-clitesty4g2xlqy7-8ecadf-e5d458b6.hcp.westus2.azmk8s.io\",\n
        \  \"azurePortalFQDN\": \"cliakstest-clitesty4g2xlqy7-8ecadf-e5d458b6.portal.hcp.westus2.azmk8s.io\",\n
        \  \"agentPoolProfiles\": [\n    {\n     \"name\": \"nodepool1\",\n     \"count\":
        1,\n     \"vmSize\": \"Standard_DS2_v2\",\n     \"osDiskSizeGB\": 128,\n     \"osDiskType\":
        \"Managed\",\n     \"kubeletDiskType\": \"OS\",\n     \"workloadRuntime\":
        \"OCIContainer\",\n     \"maxPods\": 110,\n     \"type\": \"VirtualMachineScaleSets\",\n
        \    \"enableAutoScaling\": false,\n     \"provisioningState\": \"Succeeded\",\n
        \    \"powerState\": {\n      \"code\": \"Running\"\n     },\n     \"orchestratorVersion\":
        \"1.22.11\",\n     \"enableNodePublicIP\": false,\n     \"enableCustomCATrust\":
        false,\n     \"mode\": \"System\",\n     \"enableEncryptionAtHost\": false,\n
        \    \"enableUltraSSD\": false,\n     \"osType\": \"Linux\",\n     \"osSKU\":
        \"Ubuntu\",\n     \"nodeImageVersion\": \"AKSUbuntu-1804gen2containerd-2022.06.29\",\n
        \    \"upgradeSettings\": {},\n     \"enableFIPS\": false\n    }\n   ],\n
        \  \"linuxProfile\": {\n    \"adminUsername\": \"azureuser\",\n    \"ssh\":
        {\n     \"publicKeys\": [\n      {\n       \"keyData\": \"ssh-rsa AAAAB3NzaC1yc2EAAAADAQABAAABAQDBDU2v87Kb4/ZzK8RbuSkPMRF9IfTfY7Y/jeEede3uFf1lnR5Cix3oY6nmZz05uZKsDemHzTJdhUrNihiBljmK14os+4sjUGz8ffZCNop35eLpuZpNuPeU3Q9RX5IGMM9rK2URKKfPqDqFu6JuliFZL9y7ayNTu3OOEJhyXi9Mw/qo0vf/u04XD/mG0WDXWXkJyC0Lgp5/PNbJuI0XH+t+Fm1zYitVh5vAAKPDvGf5QufZlPPSjp729Bt0QBBsyIIq6XVZFxUrSaAPVXdgZKmL72vW3OCDaitsD1/a0Yx4g32n5ux1KICIBdAgpQ6TFCNS9A6i8krO57LiXnVAZneB
        azcli_aks_live_test@example.com\\n\"\n      }\n     ]\n    }\n   },\n   \"servicePrincipalProfile\":
        {\n    \"clientId\":\"00000000-0000-0000-0000-000000000001\"\n   },\n   \"nodeResourceGroup\":
        \"MC_clitest000001_cliakstest000002_westus2\",\n   \"enableRBAC\": true,\n
        \  \"enablePodSecurityPolicy\": false,\n   \"networkProfile\": {\n    \"networkPlugin\":
        \"kubenet\",\n    \"loadBalancerSku\": \"Standard\",\n    \"loadBalancerProfile\":
        {},\n    \"natGatewayProfile\": {\n     \"managedOutboundIPProfile\": {\n
        \     \"count\": 1\n     },\n     \"effectiveOutboundIPs\": [\n      {\n       \"id\":
        \"/subscriptions/00000000-0000-0000-0000-000000000000/resourceGroups/MC_clitest000001_cliakstest000002_westus2/providers/Microsoft.Network/publicIPAddresses/722d97b7-91dd-4a09-b8b2-6461ec2a58ab\"\n
        \     }\n     ],\n     \"idleTimeoutInMinutes\": 4\n    },\n    \"podCidr\":
        \"10.244.0.0/16\",\n    \"serviceCidr\": \"10.0.0.0/16\",\n    \"dnsServiceIP\":
        \"10.0.0.10\",\n    \"dockerBridgeCidr\": \"172.17.0.1/16\",\n    \"outboundType\":
        \"managedNATGateway\",\n    \"podCidrs\": [\n     \"10.244.0.0/16\"\n    ],\n
        \   \"serviceCidrs\": [\n     \"10.0.0.0/16\"\n    ],\n    \"ipFamilies\":
        [\n     \"IPv4\"\n    ]\n   },\n   \"maxAgentPools\": 100,\n   \"identityProfile\":
        {\n    \"kubeletidentity\": {\n     \"resourceId\": \"/subscriptions/00000000-0000-0000-0000-000000000000/resourcegroups/MC_clitest000001_cliakstest000002_westus2/providers/Microsoft.ManagedIdentity/userAssignedIdentities/cliakstest000002-agentpool\",\n
        \    \"clientId\":\"00000000-0000-0000-0000-000000000001\",\n     \"objectId\":\"00000000-0000-0000-0000-000000000001\"\n
        \   }\n   },\n   \"disableLocalAccounts\": false,\n   \"securityProfile\":
        {},\n   \"storageProfile\": {\n    \"diskCSIDriver\": {\n     \"enabled\":
        true,\n     \"version\": \"v1\"\n    },\n    \"fileCSIDriver\": {\n     \"enabled\":
        true\n    },\n    \"snapshotController\": {\n     \"enabled\": true\n    }\n
        \  },\n   \"oidcIssuerProfile\": {\n    \"enabled\": false\n   }\n  },\n  \"identity\":
        {\n   \"type\": \"SystemAssigned\",\n   \"principalId\":\"00000000-0000-0000-0000-000000000001\",\n
        \  \"tenantId\": \"72f988bf-86f1-41af-91ab-2d7cd011db47\"\n  },\n  \"sku\":
        {\n   \"name\": \"Basic\",\n   \"tier\": \"Free\"\n  }\n }"
    headers:
      cache-control:
      - no-cache
      content-length:
      - '4049'
      content-type:
      - application/json
      date:
      - Tue, 19 Jul 2022 06:03:06 GMT
      expires:
      - '-1'
      pragma:
      - no-cache
      server:
      - nginx
      strict-transport-security:
      - max-age=31536000; includeSubDomains
      transfer-encoding:
      - chunked
      vary:
      - Accept-Encoding
      x-content-type-options:
      - nosniff
    status:
      code: 200
      message: OK
- request:
    body: null
    headers:
      Accept:
      - application/json
      Accept-Encoding:
      - gzip, deflate
      CommandName:
      - aks update
      Connection:
      - keep-alive
      ParameterSetName:
      - --resource-group --name --nat-gateway-managed-outbound-ip-count --nat-gateway-idle-timeout
      User-Agent:
      - AZURECLI/2.38.0 azsdk-python-azure-mgmt-containerservice/20.0.0b Python/3.8.10
        (Linux-5.13.0-1031-azure-x86_64-with-glibc2.29)
    method: GET
    uri: https://management.azure.com/subscriptions/00000000-0000-0000-0000-000000000000/resourceGroups/clitest000001/providers/Microsoft.ContainerService/managedClusters/cliakstest000002?api-version=2022-06-02-preview
  response:
    body:
      string: "{\n  \"id\": \"/subscriptions/00000000-0000-0000-0000-000000000000/resourcegroups/clitest000001/providers/Microsoft.ContainerService/managedClusters/cliakstest000002\",\n
        \ \"location\": \"westus2\",\n  \"name\": \"cliakstest000002\",\n  \"type\":
        \"Microsoft.ContainerService/ManagedClusters\",\n  \"properties\": {\n   \"provisioningState\":
        \"Succeeded\",\n   \"powerState\": {\n    \"code\": \"Running\"\n   },\n   \"kubernetesVersion\":
        \"1.22.11\",\n   \"currentKubernetesVersion\": \"1.22.11\",\n   \"dnsPrefix\":
        \"cliakstest-clitesty4g2xlqy7-8ecadf\",\n   \"fqdn\": \"cliakstest-clitesty4g2xlqy7-8ecadf-e5d458b6.hcp.westus2.azmk8s.io\",\n
        \  \"azurePortalFQDN\": \"cliakstest-clitesty4g2xlqy7-8ecadf-e5d458b6.portal.hcp.westus2.azmk8s.io\",\n
        \  \"agentPoolProfiles\": [\n    {\n     \"name\": \"nodepool1\",\n     \"count\":
        1,\n     \"vmSize\": \"Standard_DS2_v2\",\n     \"osDiskSizeGB\": 128,\n     \"osDiskType\":
        \"Managed\",\n     \"kubeletDiskType\": \"OS\",\n     \"workloadRuntime\":
        \"OCIContainer\",\n     \"maxPods\": 110,\n     \"type\": \"VirtualMachineScaleSets\",\n
        \    \"enableAutoScaling\": false,\n     \"provisioningState\": \"Succeeded\",\n
        \    \"powerState\": {\n      \"code\": \"Running\"\n     },\n     \"orchestratorVersion\":
        \"1.22.11\",\n     \"enableNodePublicIP\": false,\n     \"enableCustomCATrust\":
        false,\n     \"mode\": \"System\",\n     \"enableEncryptionAtHost\": false,\n
        \    \"enableUltraSSD\": false,\n     \"osType\": \"Linux\",\n     \"osSKU\":
        \"Ubuntu\",\n     \"nodeImageVersion\": \"AKSUbuntu-1804gen2containerd-2022.06.29\",\n
        \    \"upgradeSettings\": {},\n     \"enableFIPS\": false\n    }\n   ],\n
        \  \"linuxProfile\": {\n    \"adminUsername\": \"azureuser\",\n    \"ssh\":
        {\n     \"publicKeys\": [\n      {\n       \"keyData\": \"ssh-rsa AAAAB3NzaC1yc2EAAAADAQABAAABAQDBDU2v87Kb4/ZzK8RbuSkPMRF9IfTfY7Y/jeEede3uFf1lnR5Cix3oY6nmZz05uZKsDemHzTJdhUrNihiBljmK14os+4sjUGz8ffZCNop35eLpuZpNuPeU3Q9RX5IGMM9rK2URKKfPqDqFu6JuliFZL9y7ayNTu3OOEJhyXi9Mw/qo0vf/u04XD/mG0WDXWXkJyC0Lgp5/PNbJuI0XH+t+Fm1zYitVh5vAAKPDvGf5QufZlPPSjp729Bt0QBBsyIIq6XVZFxUrSaAPVXdgZKmL72vW3OCDaitsD1/a0Yx4g32n5ux1KICIBdAgpQ6TFCNS9A6i8krO57LiXnVAZneB
        azcli_aks_live_test@example.com\\n\"\n      }\n     ]\n    }\n   },\n   \"servicePrincipalProfile\":
        {\n    \"clientId\":\"00000000-0000-0000-0000-000000000001\"\n   },\n   \"nodeResourceGroup\":
        \"MC_clitest000001_cliakstest000002_westus2\",\n   \"enableRBAC\": true,\n
        \  \"enablePodSecurityPolicy\": false,\n   \"networkProfile\": {\n    \"networkPlugin\":
        \"kubenet\",\n    \"loadBalancerSku\": \"Standard\",\n    \"loadBalancerProfile\":
        {},\n    \"natGatewayProfile\": {\n     \"managedOutboundIPProfile\": {\n
        \     \"count\": 1\n     },\n     \"effectiveOutboundIPs\": [\n      {\n       \"id\":
        \"/subscriptions/00000000-0000-0000-0000-000000000000/resourceGroups/MC_clitest000001_cliakstest000002_westus2/providers/Microsoft.Network/publicIPAddresses/722d97b7-91dd-4a09-b8b2-6461ec2a58ab\"\n
        \     }\n     ],\n     \"idleTimeoutInMinutes\": 4\n    },\n    \"podCidr\":
        \"10.244.0.0/16\",\n    \"serviceCidr\": \"10.0.0.0/16\",\n    \"dnsServiceIP\":
        \"10.0.0.10\",\n    \"dockerBridgeCidr\": \"172.17.0.1/16\",\n    \"outboundType\":
        \"managedNATGateway\",\n    \"podCidrs\": [\n     \"10.244.0.0/16\"\n    ],\n
        \   \"serviceCidrs\": [\n     \"10.0.0.0/16\"\n    ],\n    \"ipFamilies\":
        [\n     \"IPv4\"\n    ]\n   },\n   \"maxAgentPools\": 100,\n   \"identityProfile\":
        {\n    \"kubeletidentity\": {\n     \"resourceId\": \"/subscriptions/00000000-0000-0000-0000-000000000000/resourcegroups/MC_clitest000001_cliakstest000002_westus2/providers/Microsoft.ManagedIdentity/userAssignedIdentities/cliakstest000002-agentpool\",\n
        \    \"clientId\":\"00000000-0000-0000-0000-000000000001\",\n     \"objectId\":\"00000000-0000-0000-0000-000000000001\"\n
        \   }\n   },\n   \"disableLocalAccounts\": false,\n   \"securityProfile\":
        {},\n   \"storageProfile\": {\n    \"diskCSIDriver\": {\n     \"enabled\":
        true,\n     \"version\": \"v1\"\n    },\n    \"fileCSIDriver\": {\n     \"enabled\":
        true\n    },\n    \"snapshotController\": {\n     \"enabled\": true\n    }\n
        \  },\n   \"oidcIssuerProfile\": {\n    \"enabled\": false\n   }\n  },\n  \"identity\":
        {\n   \"type\": \"SystemAssigned\",\n   \"principalId\":\"00000000-0000-0000-0000-000000000001\",\n
        \  \"tenantId\": \"72f988bf-86f1-41af-91ab-2d7cd011db47\"\n  },\n  \"sku\":
        {\n   \"name\": \"Basic\",\n   \"tier\": \"Free\"\n  }\n }"
    headers:
      cache-control:
      - no-cache
      content-length:
      - '4049'
      content-type:
      - application/json
      date:
      - Tue, 19 Jul 2022 06:03:06 GMT
      expires:
      - '-1'
      pragma:
      - no-cache
      server:
      - nginx
      strict-transport-security:
      - max-age=31536000; includeSubDomains
      transfer-encoding:
      - chunked
      vary:
      - Accept-Encoding
      x-content-type-options:
      - nosniff
    status:
      code: 200
      message: OK
- request:
    body: '{"location": "westus2", "sku": {"name": "Basic", "tier": "Free"}, "identity":
      {"type": "SystemAssigned"}, "properties": {"kubernetesVersion": "1.22.11", "dnsPrefix":
      "cliakstest-clitesty4g2xlqy7-8ecadf", "agentPoolProfiles": [{"count": 1, "vmSize":
      "Standard_DS2_v2", "osDiskSizeGB": 128, "osDiskType": "Managed", "kubeletDiskType":
      "OS", "workloadRuntime": "OCIContainer", "maxPods": 110, "osType": "Linux",
      "osSKU": "Ubuntu", "enableAutoScaling": false, "type": "VirtualMachineScaleSets",
      "mode": "System", "orchestratorVersion": "1.22.11", "upgradeSettings": {}, "powerState":
      {"code": "Running"}, "enableNodePublicIP": false, "enableCustomCATrust": false,
      "enableEncryptionAtHost": false, "enableUltraSSD": false, "enableFIPS": false,
      "name": "nodepool1"}], "linuxProfile": {"adminUsername": "azureuser", "ssh":
      {"publicKeys": [{"keyData": "ssh-rsa AAAAB3NzaC1yc2EAAAADAQABAAABAQDBDU2v87Kb4/ZzK8RbuSkPMRF9IfTfY7Y/jeEede3uFf1lnR5Cix3oY6nmZz05uZKsDemHzTJdhUrNihiBljmK14os+4sjUGz8ffZCNop35eLpuZpNuPeU3Q9RX5IGMM9rK2URKKfPqDqFu6JuliFZL9y7ayNTu3OOEJhyXi9Mw/qo0vf/u04XD/mG0WDXWXkJyC0Lgp5/PNbJuI0XH+t+Fm1zYitVh5vAAKPDvGf5QufZlPPSjp729Bt0QBBsyIIq6XVZFxUrSaAPVXdgZKmL72vW3OCDaitsD1/a0Yx4g32n5ux1KICIBdAgpQ6TFCNS9A6i8krO57LiXnVAZneB
      azcli_aks_live_test@example.com\n"}]}}, "servicePrincipalProfile": {"clientId":"00000000-0000-0000-0000-000000000001"},
      "nodeResourceGroup": "MC_clitest000001_cliakstest000002_westus2", "enableRBAC":
      true, "enablePodSecurityPolicy": false, "networkProfile": {"networkPlugin":
      "kubenet", "podCidr": "10.244.0.0/16", "serviceCidr": "10.0.0.0/16", "dnsServiceIP":
      "10.0.0.10", "dockerBridgeCidr": "172.17.0.1/16", "outboundType": "managedNATGateway",
      "loadBalancerSku": "Standard", "loadBalancerProfile": {}, "natGatewayProfile":
      {"managedOutboundIPProfile": {"count": 2}, "effectiveOutboundIPs": [{"id": "/subscriptions/00000000-0000-0000-0000-000000000000/resourceGroups/MC_clitest000001_cliakstest000002_westus2/providers/Microsoft.Network/publicIPAddresses/722d97b7-91dd-4a09-b8b2-6461ec2a58ab"}],
      "idleTimeoutInMinutes": 30}, "podCidrs": ["10.244.0.0/16"], "serviceCidrs":
      ["10.0.0.0/16"], "ipFamilies": ["IPv4"]}, "identityProfile": {"kubeletidentity":
      {"resourceId": "/subscriptions/00000000-0000-0000-0000-000000000000/resourcegroups/MC_clitest000001_cliakstest000002_westus2/providers/Microsoft.ManagedIdentity/userAssignedIdentities/cliakstest000002-agentpool",
      "clientId":"00000000-0000-0000-0000-000000000001", "objectId":"00000000-0000-0000-0000-000000000001"}},
      "disableLocalAccounts": false, "securityProfile": {}, "storageProfile": {}}}'
    headers:
      Accept:
      - application/json
      Accept-Encoding:
      - gzip, deflate
      CommandName:
      - aks update
      Connection:
      - keep-alive
      Content-Length:
      - '2575'
      Content-Type:
      - application/json
      ParameterSetName:
      - --resource-group --name --nat-gateway-managed-outbound-ip-count --nat-gateway-idle-timeout
      User-Agent:
      - AZURECLI/2.38.0 azsdk-python-azure-mgmt-containerservice/20.0.0b Python/3.8.10
        (Linux-5.13.0-1031-azure-x86_64-with-glibc2.29)
    method: PUT
    uri: https://management.azure.com/subscriptions/00000000-0000-0000-0000-000000000000/resourceGroups/clitest000001/providers/Microsoft.ContainerService/managedClusters/cliakstest000002?api-version=2022-06-02-preview
  response:
    body:
      string: "{\n  \"id\": \"/subscriptions/00000000-0000-0000-0000-000000000000/resourcegroups/clitest000001/providers/Microsoft.ContainerService/managedClusters/cliakstest000002\",\n
        \ \"location\": \"westus2\",\n  \"name\": \"cliakstest000002\",\n  \"type\":
        \"Microsoft.ContainerService/ManagedClusters\",\n  \"properties\": {\n   \"provisioningState\":
        \"Updating\",\n   \"powerState\": {\n    \"code\": \"Running\"\n   },\n   \"kubernetesVersion\":
        \"1.22.11\",\n   \"currentKubernetesVersion\": \"1.22.11\",\n   \"dnsPrefix\":
        \"cliakstest-clitesty4g2xlqy7-8ecadf\",\n   \"fqdn\": \"cliakstest-clitesty4g2xlqy7-8ecadf-e5d458b6.hcp.westus2.azmk8s.io\",\n
        \  \"azurePortalFQDN\": \"cliakstest-clitesty4g2xlqy7-8ecadf-e5d458b6.portal.hcp.westus2.azmk8s.io\",\n
        \  \"agentPoolProfiles\": [\n    {\n     \"name\": \"nodepool1\",\n     \"count\":
        1,\n     \"vmSize\": \"Standard_DS2_v2\",\n     \"osDiskSizeGB\": 128,\n     \"osDiskType\":
        \"Managed\",\n     \"kubeletDiskType\": \"OS\",\n     \"workloadRuntime\":
        \"OCIContainer\",\n     \"maxPods\": 110,\n     \"type\": \"VirtualMachineScaleSets\",\n
        \    \"enableAutoScaling\": false,\n     \"provisioningState\": \"Updating\",\n
        \    \"powerState\": {\n      \"code\": \"Running\"\n     },\n     \"orchestratorVersion\":
        \"1.22.11\",\n     \"enableNodePublicIP\": false,\n     \"enableCustomCATrust\":
        false,\n     \"mode\": \"System\",\n     \"enableEncryptionAtHost\": false,\n
        \    \"enableUltraSSD\": false,\n     \"osType\": \"Linux\",\n     \"osSKU\":
        \"Ubuntu\",\n     \"nodeImageVersion\": \"AKSUbuntu-1804gen2containerd-2022.06.29\",\n
        \    \"upgradeSettings\": {},\n     \"enableFIPS\": false\n    }\n   ],\n
        \  \"linuxProfile\": {\n    \"adminUsername\": \"azureuser\",\n    \"ssh\":
        {\n     \"publicKeys\": [\n      {\n       \"keyData\": \"ssh-rsa AAAAB3NzaC1yc2EAAAADAQABAAABAQDBDU2v87Kb4/ZzK8RbuSkPMRF9IfTfY7Y/jeEede3uFf1lnR5Cix3oY6nmZz05uZKsDemHzTJdhUrNihiBljmK14os+4sjUGz8ffZCNop35eLpuZpNuPeU3Q9RX5IGMM9rK2URKKfPqDqFu6JuliFZL9y7ayNTu3OOEJhyXi9Mw/qo0vf/u04XD/mG0WDXWXkJyC0Lgp5/PNbJuI0XH+t+Fm1zYitVh5vAAKPDvGf5QufZlPPSjp729Bt0QBBsyIIq6XVZFxUrSaAPVXdgZKmL72vW3OCDaitsD1/a0Yx4g32n5ux1KICIBdAgpQ6TFCNS9A6i8krO57LiXnVAZneB
        azcli_aks_live_test@example.com\\n\"\n      }\n     ]\n    }\n   },\n   \"servicePrincipalProfile\":
        {\n    \"clientId\":\"00000000-0000-0000-0000-000000000001\"\n   },\n   \"nodeResourceGroup\":
        \"MC_clitest000001_cliakstest000002_westus2\",\n   \"enableRBAC\": true,\n
        \  \"enablePodSecurityPolicy\": false,\n   \"networkProfile\": {\n    \"networkPlugin\":
        \"kubenet\",\n    \"loadBalancerSku\": \"Standard\",\n    \"loadBalancerProfile\":
        {},\n    \"natGatewayProfile\": {\n     \"managedOutboundIPProfile\": {\n
        \     \"count\": 2\n     },\n     \"effectiveOutboundIPs\": [\n      {\n       \"id\":
        \"/subscriptions/00000000-0000-0000-0000-000000000000/resourceGroups/MC_clitest000001_cliakstest000002_westus2/providers/Microsoft.Network/publicIPAddresses/722d97b7-91dd-4a09-b8b2-6461ec2a58ab\"\n
        \     }\n     ],\n     \"idleTimeoutInMinutes\": 30\n    },\n    \"podCidr\":
        \"10.244.0.0/16\",\n    \"serviceCidr\": \"10.0.0.0/16\",\n    \"dnsServiceIP\":
        \"10.0.0.10\",\n    \"dockerBridgeCidr\": \"172.17.0.1/16\",\n    \"outboundType\":
        \"managedNATGateway\",\n    \"podCidrs\": [\n     \"10.244.0.0/16\"\n    ],\n
        \   \"serviceCidrs\": [\n     \"10.0.0.0/16\"\n    ],\n    \"ipFamilies\":
        [\n     \"IPv4\"\n    ]\n   },\n   \"maxAgentPools\": 100,\n   \"identityProfile\":
        {\n    \"kubeletidentity\": {\n     \"resourceId\": \"/subscriptions/00000000-0000-0000-0000-000000000000/resourcegroups/MC_clitest000001_cliakstest000002_westus2/providers/Microsoft.ManagedIdentity/userAssignedIdentities/cliakstest000002-agentpool\",\n
        \    \"clientId\":\"00000000-0000-0000-0000-000000000001\",\n     \"objectId\":\"00000000-0000-0000-0000-000000000001\"\n
        \   }\n   },\n   \"disableLocalAccounts\": false,\n   \"securityProfile\":
        {},\n   \"storageProfile\": {\n    \"diskCSIDriver\": {\n     \"enabled\":
        true,\n     \"version\": \"v1\"\n    },\n    \"fileCSIDriver\": {\n     \"enabled\":
        true\n    },\n    \"snapshotController\": {\n     \"enabled\": true\n    }\n
        \  },\n   \"oidcIssuerProfile\": {\n    \"enabled\": false\n   }\n  },\n  \"identity\":
        {\n   \"type\": \"SystemAssigned\",\n   \"principalId\":\"00000000-0000-0000-0000-000000000001\",\n
        \  \"tenantId\": \"72f988bf-86f1-41af-91ab-2d7cd011db47\"\n  },\n  \"sku\":
        {\n   \"name\": \"Basic\",\n   \"tier\": \"Free\"\n  }\n }"
    headers:
      azure-asyncoperation:
      - https://management.azure.com/subscriptions/00000000-0000-0000-0000-000000000000/providers/Microsoft.ContainerService/locations/westus2/operations/45f1152f-1009-44ac-bf27-8b319d94d067?api-version=2016-03-30
      cache-control:
      - no-cache
      content-length:
      - '4048'
      content-type:
      - application/json
      date:
      - Tue, 19 Jul 2022 06:03:08 GMT
      expires:
      - '-1'
      pragma:
      - no-cache
      server:
      - nginx
      strict-transport-security:
      - max-age=31536000; includeSubDomains
      transfer-encoding:
      - chunked
      vary:
      - Accept-Encoding
      x-content-type-options:
      - nosniff
      x-ms-ratelimit-remaining-subscription-writes:
      - '1195'
    status:
      code: 200
      message: OK
- request:
    body: null
    headers:
      Accept:
      - '*/*'
      Accept-Encoding:
      - gzip, deflate
      CommandName:
      - aks update
      Connection:
      - keep-alive
      ParameterSetName:
      - --resource-group --name --nat-gateway-managed-outbound-ip-count --nat-gateway-idle-timeout
      User-Agent:
      - AZURECLI/2.38.0 azsdk-python-azure-mgmt-containerservice/20.0.0b Python/3.8.10
        (Linux-5.13.0-1031-azure-x86_64-with-glibc2.29)
    method: GET
    uri: https://management.azure.com/subscriptions/00000000-0000-0000-0000-000000000000/providers/Microsoft.ContainerService/locations/westus2/operations/45f1152f-1009-44ac-bf27-8b319d94d067?api-version=2016-03-30
  response:
    body:
      string: "{\n  \"name\": \"2f15f145-0910-ac44-bf27-8b319d94d067\",\n  \"status\":
        \"InProgress\",\n  \"startTime\": \"2022-07-19T06:03:09.5866666Z\"\n }"
    headers:
      cache-control:
      - no-cache
      content-length:
      - '126'
      content-type:
      - application/json
      date:
      - Tue, 19 Jul 2022 06:03:38 GMT
      expires:
      - '-1'
      pragma:
      - no-cache
      server:
      - nginx
      strict-transport-security:
      - max-age=31536000; includeSubDomains
      transfer-encoding:
      - chunked
      vary:
      - Accept-Encoding
      x-content-type-options:
      - nosniff
    status:
      code: 200
      message: OK
- request:
    body: null
    headers:
      Accept:
      - '*/*'
      Accept-Encoding:
      - gzip, deflate
      CommandName:
      - aks update
      Connection:
      - keep-alive
      ParameterSetName:
      - --resource-group --name --nat-gateway-managed-outbound-ip-count --nat-gateway-idle-timeout
      User-Agent:
      - AZURECLI/2.38.0 azsdk-python-azure-mgmt-containerservice/20.0.0b Python/3.8.10
        (Linux-5.13.0-1031-azure-x86_64-with-glibc2.29)
    method: GET
    uri: https://management.azure.com/subscriptions/00000000-0000-0000-0000-000000000000/providers/Microsoft.ContainerService/locations/westus2/operations/45f1152f-1009-44ac-bf27-8b319d94d067?api-version=2016-03-30
  response:
    body:
      string: "{\n  \"name\": \"2f15f145-0910-ac44-bf27-8b319d94d067\",\n  \"status\":
        \"InProgress\",\n  \"startTime\": \"2022-07-19T06:03:09.5866666Z\"\n }"
    headers:
      cache-control:
      - no-cache
      content-length:
      - '126'
      content-type:
      - application/json
      date:
      - Tue, 19 Jul 2022 06:04:09 GMT
      expires:
      - '-1'
      pragma:
      - no-cache
      server:
      - nginx
      strict-transport-security:
      - max-age=31536000; includeSubDomains
      transfer-encoding:
      - chunked
      vary:
      - Accept-Encoding
      x-content-type-options:
      - nosniff
    status:
      code: 200
      message: OK
- request:
    body: null
    headers:
      Accept:
      - '*/*'
      Accept-Encoding:
      - gzip, deflate
      CommandName:
      - aks update
      Connection:
      - keep-alive
      ParameterSetName:
      - --resource-group --name --nat-gateway-managed-outbound-ip-count --nat-gateway-idle-timeout
      User-Agent:
      - AZURECLI/2.38.0 azsdk-python-azure-mgmt-containerservice/20.0.0b Python/3.8.10
        (Linux-5.13.0-1031-azure-x86_64-with-glibc2.29)
    method: GET
    uri: https://management.azure.com/subscriptions/00000000-0000-0000-0000-000000000000/providers/Microsoft.ContainerService/locations/westus2/operations/45f1152f-1009-44ac-bf27-8b319d94d067?api-version=2016-03-30
  response:
    body:
      string: "{\n  \"name\": \"2f15f145-0910-ac44-bf27-8b319d94d067\",\n  \"status\":
        \"InProgress\",\n  \"startTime\": \"2022-07-19T06:03:09.5866666Z\"\n }"
    headers:
      cache-control:
      - no-cache
      content-length:
      - '126'
      content-type:
      - application/json
      date:
      - Tue, 19 Jul 2022 06:04:39 GMT
      expires:
      - '-1'
      pragma:
      - no-cache
      server:
      - nginx
      strict-transport-security:
      - max-age=31536000; includeSubDomains
      transfer-encoding:
      - chunked
      vary:
      - Accept-Encoding
      x-content-type-options:
      - nosniff
    status:
      code: 200
      message: OK
- request:
    body: null
    headers:
      Accept:
      - '*/*'
      Accept-Encoding:
      - gzip, deflate
      CommandName:
      - aks update
      Connection:
      - keep-alive
      ParameterSetName:
      - --resource-group --name --nat-gateway-managed-outbound-ip-count --nat-gateway-idle-timeout
      User-Agent:
      - AZURECLI/2.38.0 azsdk-python-azure-mgmt-containerservice/20.0.0b Python/3.8.10
        (Linux-5.13.0-1031-azure-x86_64-with-glibc2.29)
    method: GET
    uri: https://management.azure.com/subscriptions/00000000-0000-0000-0000-000000000000/providers/Microsoft.ContainerService/locations/westus2/operations/45f1152f-1009-44ac-bf27-8b319d94d067?api-version=2016-03-30
  response:
    body:
      string: "{\n  \"name\": \"2f15f145-0910-ac44-bf27-8b319d94d067\",\n  \"status\":
        \"Succeeded\",\n  \"startTime\": \"2022-07-19T06:03:09.5866666Z\",\n  \"endTime\":
        \"2022-07-19T06:04:46.5360148Z\"\n }"
    headers:
      cache-control:
      - no-cache
      content-length:
      - '170'
      content-type:
      - application/json
      date:
      - Tue, 19 Jul 2022 06:05:09 GMT
      expires:
      - '-1'
      pragma:
      - no-cache
      server:
      - nginx
      strict-transport-security:
      - max-age=31536000; includeSubDomains
      transfer-encoding:
      - chunked
      vary:
      - Accept-Encoding
      x-content-type-options:
      - nosniff
    status:
      code: 200
      message: OK
- request:
    body: null
    headers:
      Accept:
      - '*/*'
      Accept-Encoding:
      - gzip, deflate
      CommandName:
      - aks update
      Connection:
      - keep-alive
      ParameterSetName:
      - --resource-group --name --nat-gateway-managed-outbound-ip-count --nat-gateway-idle-timeout
      User-Agent:
      - AZURECLI/2.38.0 azsdk-python-azure-mgmt-containerservice/20.0.0b Python/3.8.10
        (Linux-5.13.0-1031-azure-x86_64-with-glibc2.29)
    method: GET
    uri: https://management.azure.com/subscriptions/00000000-0000-0000-0000-000000000000/resourceGroups/clitest000001/providers/Microsoft.ContainerService/managedClusters/cliakstest000002?api-version=2022-06-02-preview
  response:
    body:
      string: "{\n  \"id\": \"/subscriptions/00000000-0000-0000-0000-000000000000/resourcegroups/clitest000001/providers/Microsoft.ContainerService/managedClusters/cliakstest000002\",\n
        \ \"location\": \"westus2\",\n  \"name\": \"cliakstest000002\",\n  \"type\":
        \"Microsoft.ContainerService/ManagedClusters\",\n  \"properties\": {\n   \"provisioningState\":
        \"Succeeded\",\n   \"powerState\": {\n    \"code\": \"Running\"\n   },\n   \"kubernetesVersion\":
        \"1.22.11\",\n   \"currentKubernetesVersion\": \"1.22.11\",\n   \"dnsPrefix\":
        \"cliakstest-clitesty4g2xlqy7-8ecadf\",\n   \"fqdn\": \"cliakstest-clitesty4g2xlqy7-8ecadf-e5d458b6.hcp.westus2.azmk8s.io\",\n
        \  \"azurePortalFQDN\": \"cliakstest-clitesty4g2xlqy7-8ecadf-e5d458b6.portal.hcp.westus2.azmk8s.io\",\n
        \  \"agentPoolProfiles\": [\n    {\n     \"name\": \"nodepool1\",\n     \"count\":
        1,\n     \"vmSize\": \"Standard_DS2_v2\",\n     \"osDiskSizeGB\": 128,\n     \"osDiskType\":
        \"Managed\",\n     \"kubeletDiskType\": \"OS\",\n     \"workloadRuntime\":
        \"OCIContainer\",\n     \"maxPods\": 110,\n     \"type\": \"VirtualMachineScaleSets\",\n
        \    \"enableAutoScaling\": false,\n     \"provisioningState\": \"Succeeded\",\n
        \    \"powerState\": {\n      \"code\": \"Running\"\n     },\n     \"orchestratorVersion\":
        \"1.22.11\",\n     \"enableNodePublicIP\": false,\n     \"enableCustomCATrust\":
        false,\n     \"mode\": \"System\",\n     \"enableEncryptionAtHost\": false,\n
        \    \"enableUltraSSD\": false,\n     \"osType\": \"Linux\",\n     \"osSKU\":
        \"Ubuntu\",\n     \"nodeImageVersion\": \"AKSUbuntu-1804gen2containerd-2022.06.29\",\n
        \    \"upgradeSettings\": {},\n     \"enableFIPS\": false\n    }\n   ],\n
        \  \"linuxProfile\": {\n    \"adminUsername\": \"azureuser\",\n    \"ssh\":
        {\n     \"publicKeys\": [\n      {\n       \"keyData\": \"ssh-rsa AAAAB3NzaC1yc2EAAAADAQABAAABAQDBDU2v87Kb4/ZzK8RbuSkPMRF9IfTfY7Y/jeEede3uFf1lnR5Cix3oY6nmZz05uZKsDemHzTJdhUrNihiBljmK14os+4sjUGz8ffZCNop35eLpuZpNuPeU3Q9RX5IGMM9rK2URKKfPqDqFu6JuliFZL9y7ayNTu3OOEJhyXi9Mw/qo0vf/u04XD/mG0WDXWXkJyC0Lgp5/PNbJuI0XH+t+Fm1zYitVh5vAAKPDvGf5QufZlPPSjp729Bt0QBBsyIIq6XVZFxUrSaAPVXdgZKmL72vW3OCDaitsD1/a0Yx4g32n5ux1KICIBdAgpQ6TFCNS9A6i8krO57LiXnVAZneB
        azcli_aks_live_test@example.com\\n\"\n      }\n     ]\n    }\n   },\n   \"servicePrincipalProfile\":
        {\n    \"clientId\":\"00000000-0000-0000-0000-000000000001\"\n   },\n   \"nodeResourceGroup\":
        \"MC_clitest000001_cliakstest000002_westus2\",\n   \"enableRBAC\": true,\n
        \  \"enablePodSecurityPolicy\": false,\n   \"networkProfile\": {\n    \"networkPlugin\":
        \"kubenet\",\n    \"loadBalancerSku\": \"Standard\",\n    \"loadBalancerProfile\":
        {},\n    \"natGatewayProfile\": {\n     \"managedOutboundIPProfile\": {\n
        \     \"count\": 2\n     },\n     \"effectiveOutboundIPs\": [\n      {\n       \"id\":
        \"/subscriptions/00000000-0000-0000-0000-000000000000/resourceGroups/MC_clitest000001_cliakstest000002_westus2/providers/Microsoft.Network/publicIPAddresses/722d97b7-91dd-4a09-b8b2-6461ec2a58ab\"\n
        \     },\n      {\n       \"id\": \"/subscriptions/00000000-0000-0000-0000-000000000000/resourceGroups/MC_clitest000001_cliakstest000002_westus2/providers/Microsoft.Network/publicIPAddresses/4843e465-97cf-4402-9835-95bb93081e8b\"\n
        \     }\n     ],\n     \"idleTimeoutInMinutes\": 30\n    },\n    \"podCidr\":
        \"10.244.0.0/16\",\n    \"serviceCidr\": \"10.0.0.0/16\",\n    \"dnsServiceIP\":
        \"10.0.0.10\",\n    \"dockerBridgeCidr\": \"172.17.0.1/16\",\n    \"outboundType\":
        \"managedNATGateway\",\n    \"podCidrs\": [\n     \"10.244.0.0/16\"\n    ],\n
        \   \"serviceCidrs\": [\n     \"10.0.0.0/16\"\n    ],\n    \"ipFamilies\":
        [\n     \"IPv4\"\n    ]\n   },\n   \"maxAgentPools\": 100,\n   \"identityProfile\":
        {\n    \"kubeletidentity\": {\n     \"resourceId\": \"/subscriptions/00000000-0000-0000-0000-000000000000/resourcegroups/MC_clitest000001_cliakstest000002_westus2/providers/Microsoft.ManagedIdentity/userAssignedIdentities/cliakstest000002-agentpool\",\n
        \    \"clientId\":\"00000000-0000-0000-0000-000000000001\",\n     \"objectId\":\"00000000-0000-0000-0000-000000000001\"\n
        \   }\n   },\n   \"disableLocalAccounts\": false,\n   \"securityProfile\":
        {},\n   \"storageProfile\": {\n    \"diskCSIDriver\": {\n     \"enabled\":
        true,\n     \"version\": \"v1\"\n    },\n    \"fileCSIDriver\": {\n     \"enabled\":
        true\n    },\n    \"snapshotController\": {\n     \"enabled\": true\n    }\n
        \  },\n   \"oidcIssuerProfile\": {\n    \"enabled\": false\n   }\n  },\n  \"identity\":
        {\n   \"type\": \"SystemAssigned\",\n   \"principalId\":\"00000000-0000-0000-0000-000000000001\",\n
        \  \"tenantId\": \"72f988bf-86f1-41af-91ab-2d7cd011db47\"\n  },\n  \"sku\":
        {\n   \"name\": \"Basic\",\n   \"tier\": \"Free\"\n  }\n }"
    headers:
      cache-control:
      - no-cache
      content-length:
      - '4274'
      content-type:
      - application/json
      date:
      - Tue, 19 Jul 2022 06:05:10 GMT
      expires:
      - '-1'
      pragma:
      - no-cache
      server:
      - nginx
      strict-transport-security:
      - max-age=31536000; includeSubDomains
      transfer-encoding:
      - chunked
      vary:
      - Accept-Encoding
      x-content-type-options:
      - nosniff
    status:
      code: 200
      message: OK
version: 1
