interactions:
- request:
    body: null
    headers:
      Accept:
      - application/json
      Accept-Encoding:
      - gzip, deflate
      CommandName:
      - aks get-versions
      Connection:
      - keep-alive
      ParameterSetName:
      - -l --query
      User-Agent:
      - AZURECLI/2.49.0 azsdk-python-azure-mgmt-containerservice/23.0.0 Python/3.8.10
        (Linux-5.15.0-1039-azure-x86_64-with-glibc2.29)
    method: GET
    uri: https://management.azure.com/subscriptions/00000000-0000-0000-0000-000000000000/providers/Microsoft.ContainerService/locations/westcentralus/kubernetesVersions?api-version=2023-10-02-preview
  response:
    body:
      string: "{\n  \"values\": [\n   {\n    \"version\": \"1.25\",\n    \"capabilities\":
        {\n     \"supportPlan\": [\n      \"KubernetesOfficial\"\n     ]\n    },\n
        \   \"patchVersions\": {\n     \"1.25.5\": {\n      \"upgrades\": [\n       \"1.25.6\",\n
        \      \"1.26.0\",\n       \"1.26.3\"\n      ]\n     },\n     \"1.25.6\":
        {\n      \"upgrades\": [\n       \"1.26.0\",\n       \"1.26.3\"\n      ]\n
        \    }\n    }\n   },\n   {\n    \"version\": \"1.26\",\n    \"capabilities\":
        {\n     \"supportPlan\": [\n      \"KubernetesOfficial\"\n     ]\n    },\n
        \   \"patchVersions\": {\n     \"1.26.0\": {\n      \"upgrades\": [\n       \"1.26.3\",\n
        \      \"1.27.1\"\n      ]\n     },\n     \"1.26.3\": {\n      \"upgrades\":
        [\n       \"1.27.1\"\n      ]\n     }\n    }\n   },\n   {\n    \"version\":
        \"1.27\",\n    \"capabilities\": {\n     \"supportPlan\": [\n      \"KubernetesOfficial\",\n
        \     \"AKSLongTermSupport\"\n     ]\n    },\n    \"patchVersions\": {\n     \"1.27.1\":
        {\n      \"upgrades\": []\n     }\n    }\n   },\n   {\n    \"version\": \"1.24\",\n
        \   \"capabilities\": {\n     \"supportPlan\": [\n      \"KubernetesOfficial\"\n
        \    ]\n    },\n    \"patchVersions\": {\n     \"1.24.10\": {\n      \"upgrades\":
        [\n       \"1.25.6\",\n       \"1.25.5\"\n      ]\n     },\n     \"1.24.9\":
        {\n      \"upgrades\": [\n       \"1.25.6\",\n       \"1.24.10\",\n       \"1.25.5\"\n
        \     ]\n     }\n    }\n   }\n  ]\n }"
    headers:
      cache-control:
      - no-cache
      content-length:
      - '1218'
      content-type:
      - application/json
      date:
      - Sun, 25 Jun 2023 03:15:21 GMT
      expires:
      - '-1'
      pragma:
      - no-cache
      server:
      - nginx
      strict-transport-security:
      - max-age=31536000; includeSubDomains
      transfer-encoding:
      - chunked
      vary:
      - Accept-Encoding
      x-content-type-options:
      - nosniff
    status:
      code: 200
      message: OK
- request:
    body: null
    headers:
      Accept:
      - application/json
      Accept-Encoding:
      - gzip, deflate
      CommandName:
      - aks create
      Connection:
      - keep-alive
      ParameterSetName:
      - --resource-group --name --location --nodepool-name --node-count -k --ssh-key-value
        -o
      User-Agent:
      - AZURECLI/2.49.0 azsdk-python-azure-mgmt-containerservice/23.0.0b Python/3.8.10
        (Linux-5.15.0-1039-azure-x86_64-with-glibc2.29)
    method: GET
    uri: https://management.azure.com/subscriptions/00000000-0000-0000-0000-000000000000/resourceGroups/clitest000001/providers/Microsoft.ContainerService/managedClusters/cliakstest000002?api-version=2023-10-02-preview
  response:
    body:
      string: '{"error":{"code":"ResourceNotFound","message":"The Resource ''Microsoft.ContainerService/managedClusters/cliakstest000002''
        under resource group ''clitest000001'' was not found. For more details please
        go to https://aka.ms/ARMResourceNotFoundFix"}}'
    headers:
      cache-control:
      - no-cache
      content-length:
      - '244'
      content-type:
      - application/json; charset=utf-8
      date:
      - Sun, 25 Jun 2023 03:15:21 GMT
      expires:
      - '-1'
      pragma:
      - no-cache
      strict-transport-security:
      - max-age=31536000; includeSubDomains
      x-content-type-options:
      - nosniff
      x-ms-failure-cause:
      - gateway
    status:
      code: 404
      message: Not Found
- request:
    body: '{"location": "westcentralus", "identity": {"type": "SystemAssigned"}, "properties":
      {"kubernetesVersion": "1.27.1", "dnsPrefix": "cliakstest-clitestm37iw2of4-79a739",
      "agentPoolProfiles": [{"count": 1, "vmSize": "Standard_DS2_v2", "osDiskSizeGB":
      0, "workloadRuntime": "OCIContainer", "osType": "Linux", "enableAutoScaling":
      false, "type": "VirtualMachineScaleSets", "mode": "System", "orchestratorVersion":
      "1.27.1", "upgradeSettings": {}, "enableNodePublicIP": false, "enableCustomCATrust":
      false, "scaleSetPriority": "Regular", "scaleSetEvictionPolicy": "Delete", "spotMaxPrice":
      -1.0, "nodeTaints": [], "enableEncryptionAtHost": false, "enableUltraSSD": false,
      "enableFIPS": false, "networkProfile": {}, "name": "c000004"}], "linuxProfile":
      {"adminUsername": "azureuser", "ssh": {"publicKeys": [{"keyData": "ssh-rsa AAAAB3NzaC1yc2EAAAADAQABAAABAQDIdFuT4kW9h0LYgYkCTZ8VoRfDIfqjZwZgqVkh8CLmpLRjJlhj2CPpwxuTp7cO5+JKSYONgRtmUuJeyenbpwbFHxR2NfozVNB58DC/TIFDYePcQbqehIWzgSYjSry4XFh53ftuCrfyKTv45UPTKKY5FPk6W+a5mqUrpfSN8cbW3mQq/oWm/AfYDuUyJbhuuDr56+JOY83k9mJAM7tgTi58GWQPLyRfWyFUv3VGdYO2wwoViTLVzpMRRspx1xzNK1pY7pDb9aLPMfB4+1F4orZRUcYNE3Q8RHUBH01M+ECLBvvBEFLfIJT8qDdQaljqMah53XgnGen0XurXJ+wfpsB5
      azcli_aks_live_test@example.com\n"}]}}, "addonProfiles": {}, "enableRBAC": true,
      "enablePodSecurityPolicy": false, "networkProfile": {"networkPlugin": "kubenet",
      "podCidr": "10.244.0.0/16", "serviceCidr": "10.0.0.0/16", "dnsServiceIP": "10.0.0.10",
      "outboundType": "loadBalancer", "loadBalancerSku": "standard"}, "disableLocalAccounts":
      false, "storageProfile": {}}}'
    headers:
      Accept:
      - application/json
      Accept-Encoding:
      - gzip, deflate
      CommandName:
      - aks create
      Connection:
      - keep-alive
      Content-Length:
      - '1559'
      Content-Type:
      - application/json
      ParameterSetName:
      - --resource-group --name --location --nodepool-name --node-count -k --ssh-key-value
        -o
      User-Agent:
      - AZURECLI/2.49.0 azsdk-python-azure-mgmt-containerservice/23.0.0b Python/3.8.10
        (Linux-5.15.0-1039-azure-x86_64-with-glibc2.29)
    method: PUT
    uri: https://management.azure.com/subscriptions/00000000-0000-0000-0000-000000000000/resourceGroups/clitest000001/providers/Microsoft.ContainerService/managedClusters/cliakstest000002?api-version=2023-10-02-preview
  response:
    body:
      string: "{\n  \"id\": \"/subscriptions/00000000-0000-0000-0000-000000000000/resourcegroups/clitest000001/providers/Microsoft.ContainerService/managedClusters/cliakstest000002\",\n
        \ \"location\": \"westcentralus\",\n  \"name\": \"cliakstest000002\",\n  \"type\":
        \"Microsoft.ContainerService/ManagedClusters\",\n  \"properties\": {\n   \"provisioningState\":
        \"Creating\",\n   \"powerState\": {\n    \"code\": \"Running\"\n   },\n   \"kubernetesVersion\":
        \"1.27.1\",\n   \"currentKubernetesVersion\": \"1.27.1\",\n   \"dnsPrefix\":
        \"cliakstest-clitestm37iw2of4-79a739\",\n   \"fqdn\": \"cliakstest-clitestm37iw2of4-79a739-s3r0glq6.hcp.westcentralus.azmk8s.io\",\n
        \  \"azurePortalFQDN\": \"cliakstest-clitestm37iw2of4-79a739-s3r0glq6.portal.hcp.westcentralus.azmk8s.io\",\n
        \  \"agentPoolProfiles\": [\n    {\n     \"name\": \"c000004\",\n     \"count\":
        1,\n     \"vmSize\": \"Standard_DS2_v2\",\n     \"osDiskSizeGB\": 128,\n     \"osDiskType\":
        \"Managed\",\n     \"kubeletDiskType\": \"OS\",\n     \"workloadRuntime\":
        \"OCIContainer\",\n     \"maxPods\": 110,\n     \"type\": \"VirtualMachineScaleSets\",\n
        \    \"enableAutoScaling\": false,\n     \"provisioningState\": \"Creating\",\n
        \    \"powerState\": {\n      \"code\": \"Running\"\n     },\n     \"orchestratorVersion\":
        \"1.27.1\",\n     \"currentOrchestratorVersion\": \"1.27.1\",\n     \"enableNodePublicIP\":
        false,\n     \"enableCustomCATrust\": false,\n     \"mode\": \"System\",\n
        \    \"enableEncryptionAtHost\": false,\n     \"enableUltraSSD\": false,\n
        \    \"osType\": \"Linux\",\n     \"osSKU\": \"Ubuntu\",\n     \"nodeImageVersion\":
        \"AKSUbuntu-2204gen2containerd-202306.19.0\",\n     \"upgradeSettings\": {},\n
        \    \"enableFIPS\": false,\n     \"networkProfile\": {}\n    }\n   ],\n   \"linuxProfile\":
        {\n    \"adminUsername\": \"azureuser\",\n    \"ssh\": {\n     \"publicKeys\":
        [\n      {\n       \"keyData\": \"ssh-rsa AAAAB3NzaC1yc2EAAAADAQABAAABAQDIdFuT4kW9h0LYgYkCTZ8VoRfDIfqjZwZgqVkh8CLmpLRjJlhj2CPpwxuTp7cO5+JKSYONgRtmUuJeyenbpwbFHxR2NfozVNB58DC/TIFDYePcQbqehIWzgSYjSry4XFh53ftuCrfyKTv45UPTKKY5FPk6W+a5mqUrpfSN8cbW3mQq/oWm/AfYDuUyJbhuuDr56+JOY83k9mJAM7tgTi58GWQPLyRfWyFUv3VGdYO2wwoViTLVzpMRRspx1xzNK1pY7pDb9aLPMfB4+1F4orZRUcYNE3Q8RHUBH01M+ECLBvvBEFLfIJT8qDdQaljqMah53XgnGen0XurXJ+wfpsB5
        azcli_aks_live_test@example.com\\n\"\n      }\n     ]\n    }\n   },\n   \"servicePrincipalProfile\":
        {\n    \"clientId\":\"00000000-0000-0000-0000-000000000001\"\n   },\n   \"nodeResourceGroup\":
        \"MC_clitest000001_cliakstest000002_westcentralus\",\n   \"enableRBAC\": true,\n
        \  \"enablePodSecurityPolicy\": false,\n   \"supportPlan\": \"KubernetesOfficial\",\n
        \  \"networkProfile\": {\n    \"networkPlugin\": \"kubenet\",\n    \"loadBalancerSku\":
        \"standard\",\n    \"loadBalancerProfile\": {\n     \"managedOutboundIPs\":
        {\n      \"count\": 1\n     },\n     \"backendPoolType\": \"nodeIPConfiguration\"\n
        \   },\n    \"podCidr\": \"10.244.0.0/16\",\n    \"serviceCidr\": \"10.0.0.0/16\",\n
        \   \"dnsServiceIP\": \"10.0.0.10\",\n    \"outboundType\": \"loadBalancer\",\n
        \   \"podCidrs\": [\n     \"10.244.0.0/16\"\n    ],\n    \"serviceCidrs\":
        [\n     \"10.0.0.0/16\"\n    ],\n    \"ipFamilies\": [\n     \"IPv4\"\n    ]\n
        \  },\n   \"maxAgentPools\": 100,\n   \"disableLocalAccounts\": false,\n   \"securityProfile\":
        {},\n   \"storageProfile\": {\n    \"diskCSIDriver\": {\n     \"enabled\":
        true,\n     \"version\": \"v1\"\n    },\n    \"fileCSIDriver\": {\n     \"enabled\":
        true\n    },\n    \"snapshotController\": {\n     \"enabled\": true\n    }\n
        \  },\n   \"oidcIssuerProfile\": {\n    \"enabled\": false\n   },\n   \"workloadAutoScalerProfile\":
        {}\n  },\n  \"identity\": {\n   \"type\": \"SystemAssigned\",\n   \"principalId\":\"00000000-0000-0000-0000-000000000001\",\n
        \  \"tenantId\": \"72f988bf-86f1-41af-91ab-2d7cd011db47\"\n  },\n  \"sku\":
        {\n   \"name\": \"Base\",\n   \"tier\": \"Free\"\n  }\n }"
    headers:
      azure-asyncoperation:
      - https://management.azure.com/subscriptions/00000000-0000-0000-0000-000000000000/providers/Microsoft.ContainerService/locations/westcentralus/operations/01aeb2de-7c5c-4cd8-94b4-6b8d528f3f91?api-version=2016-03-30
      cache-control:
      - no-cache
      content-length:
      - '3497'
      content-type:
      - application/json
      date:
      - Sun, 25 Jun 2023 03:15:28 GMT
      expires:
      - '-1'
      pragma:
      - no-cache
      server:
      - nginx
      strict-transport-security:
      - max-age=31536000; includeSubDomains
      x-content-type-options:
      - nosniff
      x-ms-ratelimit-remaining-subscription-writes:
      - '1199'
    status:
      code: 201
      message: Created
- request:
    body: null
    headers:
      Accept:
      - '*/*'
      Accept-Encoding:
      - gzip, deflate
      CommandName:
      - aks create
      Connection:
      - keep-alive
      ParameterSetName:
      - --resource-group --name --location --nodepool-name --node-count -k --ssh-key-value
        -o
      User-Agent:
      - AZURECLI/2.49.0 azsdk-python-azure-mgmt-containerservice/23.0.0b Python/3.8.10
        (Linux-5.15.0-1039-azure-x86_64-with-glibc2.29)
    method: GET
    uri: https://management.azure.com/subscriptions/00000000-0000-0000-0000-000000000000/providers/Microsoft.ContainerService/locations/westcentralus/operations/01aeb2de-7c5c-4cd8-94b4-6b8d528f3f91?api-version=2016-03-30
  response:
    body:
      string: "{\n  \"name\": \"deb2ae01-5c7c-d84c-94b4-6b8d528f3f91\",\n  \"status\":
        \"InProgress\",\n  \"startTime\": \"2023-06-25T03:15:27.7660603Z\"\n }"
    headers:
      cache-control:
      - no-cache
      content-length:
      - '126'
      content-type:
      - application/json
      date:
      - Sun, 25 Jun 2023 03:15:28 GMT
      expires:
      - '-1'
      pragma:
      - no-cache
      server:
      - nginx
      strict-transport-security:
      - max-age=31536000; includeSubDomains
      transfer-encoding:
      - chunked
      vary:
      - Accept-Encoding
      x-content-type-options:
      - nosniff
    status:
      code: 200
      message: OK
- request:
    body: null
    headers:
      Accept:
      - '*/*'
      Accept-Encoding:
      - gzip, deflate
      CommandName:
      - aks create
      Connection:
      - keep-alive
      ParameterSetName:
      - --resource-group --name --location --nodepool-name --node-count -k --ssh-key-value
        -o
      User-Agent:
      - AZURECLI/2.49.0 azsdk-python-azure-mgmt-containerservice/23.0.0b Python/3.8.10
        (Linux-5.15.0-1039-azure-x86_64-with-glibc2.29)
    method: GET
    uri: https://management.azure.com/subscriptions/00000000-0000-0000-0000-000000000000/providers/Microsoft.ContainerService/locations/westcentralus/operations/01aeb2de-7c5c-4cd8-94b4-6b8d528f3f91?api-version=2016-03-30
  response:
    body:
      string: "{\n  \"name\": \"deb2ae01-5c7c-d84c-94b4-6b8d528f3f91\",\n  \"status\":
        \"InProgress\",\n  \"startTime\": \"2023-06-25T03:15:27.7660603Z\"\n }"
    headers:
      cache-control:
      - no-cache
      content-length:
      - '126'
      content-type:
      - application/json
      date:
      - Sun, 25 Jun 2023 03:15:58 GMT
      expires:
      - '-1'
      pragma:
      - no-cache
      server:
      - nginx
      strict-transport-security:
      - max-age=31536000; includeSubDomains
      transfer-encoding:
      - chunked
      vary:
      - Accept-Encoding
      x-content-type-options:
      - nosniff
    status:
      code: 200
      message: OK
- request:
    body: null
    headers:
      Accept:
      - '*/*'
      Accept-Encoding:
      - gzip, deflate
      CommandName:
      - aks create
      Connection:
      - keep-alive
      ParameterSetName:
      - --resource-group --name --location --nodepool-name --node-count -k --ssh-key-value
        -o
      User-Agent:
      - AZURECLI/2.49.0 azsdk-python-azure-mgmt-containerservice/23.0.0b Python/3.8.10
        (Linux-5.15.0-1039-azure-x86_64-with-glibc2.29)
    method: GET
    uri: https://management.azure.com/subscriptions/00000000-0000-0000-0000-000000000000/providers/Microsoft.ContainerService/locations/westcentralus/operations/01aeb2de-7c5c-4cd8-94b4-6b8d528f3f91?api-version=2016-03-30
  response:
    body:
      string: "{\n  \"name\": \"deb2ae01-5c7c-d84c-94b4-6b8d528f3f91\",\n  \"status\":
        \"InProgress\",\n  \"startTime\": \"2023-06-25T03:15:27.7660603Z\"\n }"
    headers:
      cache-control:
      - no-cache
      content-length:
      - '126'
      content-type:
      - application/json
      date:
      - Sun, 25 Jun 2023 03:16:28 GMT
      expires:
      - '-1'
      pragma:
      - no-cache
      server:
      - nginx
      strict-transport-security:
      - max-age=31536000; includeSubDomains
      transfer-encoding:
      - chunked
      vary:
      - Accept-Encoding
      x-content-type-options:
      - nosniff
    status:
      code: 200
      message: OK
- request:
    body: null
    headers:
      Accept:
      - '*/*'
      Accept-Encoding:
      - gzip, deflate
      CommandName:
      - aks create
      Connection:
      - keep-alive
      ParameterSetName:
      - --resource-group --name --location --nodepool-name --node-count -k --ssh-key-value
        -o
      User-Agent:
      - AZURECLI/2.49.0 azsdk-python-azure-mgmt-containerservice/23.0.0b Python/3.8.10
        (Linux-5.15.0-1039-azure-x86_64-with-glibc2.29)
    method: GET
    uri: https://management.azure.com/subscriptions/00000000-0000-0000-0000-000000000000/providers/Microsoft.ContainerService/locations/westcentralus/operations/01aeb2de-7c5c-4cd8-94b4-6b8d528f3f91?api-version=2016-03-30
  response:
    body:
      string: "{\n  \"name\": \"deb2ae01-5c7c-d84c-94b4-6b8d528f3f91\",\n  \"status\":
        \"InProgress\",\n  \"startTime\": \"2023-06-25T03:15:27.7660603Z\"\n }"
    headers:
      cache-control:
      - no-cache
      content-length:
      - '126'
      content-type:
      - application/json
      date:
      - Sun, 25 Jun 2023 03:16:58 GMT
      expires:
      - '-1'
      pragma:
      - no-cache
      server:
      - nginx
      strict-transport-security:
      - max-age=31536000; includeSubDomains
      transfer-encoding:
      - chunked
      vary:
      - Accept-Encoding
      x-content-type-options:
      - nosniff
    status:
      code: 200
      message: OK
- request:
    body: null
    headers:
      Accept:
      - '*/*'
      Accept-Encoding:
      - gzip, deflate
      CommandName:
      - aks create
      Connection:
      - keep-alive
      ParameterSetName:
      - --resource-group --name --location --nodepool-name --node-count -k --ssh-key-value
        -o
      User-Agent:
      - AZURECLI/2.49.0 azsdk-python-azure-mgmt-containerservice/23.0.0b Python/3.8.10
        (Linux-5.15.0-1039-azure-x86_64-with-glibc2.29)
    method: GET
    uri: https://management.azure.com/subscriptions/00000000-0000-0000-0000-000000000000/providers/Microsoft.ContainerService/locations/westcentralus/operations/01aeb2de-7c5c-4cd8-94b4-6b8d528f3f91?api-version=2016-03-30
  response:
    body:
      string: "{\n  \"name\": \"deb2ae01-5c7c-d84c-94b4-6b8d528f3f91\",\n  \"status\":
        \"InProgress\",\n  \"startTime\": \"2023-06-25T03:15:27.7660603Z\"\n }"
    headers:
      cache-control:
      - no-cache
      content-length:
      - '126'
      content-type:
      - application/json
      date:
      - Sun, 25 Jun 2023 03:17:28 GMT
      expires:
      - '-1'
      pragma:
      - no-cache
      server:
      - nginx
      strict-transport-security:
      - max-age=31536000; includeSubDomains
      transfer-encoding:
      - chunked
      vary:
      - Accept-Encoding
      x-content-type-options:
      - nosniff
    status:
      code: 200
      message: OK
- request:
    body: null
    headers:
      Accept:
      - '*/*'
      Accept-Encoding:
      - gzip, deflate
      CommandName:
      - aks create
      Connection:
      - keep-alive
      ParameterSetName:
      - --resource-group --name --location --nodepool-name --node-count -k --ssh-key-value
        -o
      User-Agent:
      - AZURECLI/2.49.0 azsdk-python-azure-mgmt-containerservice/23.0.0b Python/3.8.10
        (Linux-5.15.0-1039-azure-x86_64-with-glibc2.29)
    method: GET
    uri: https://management.azure.com/subscriptions/00000000-0000-0000-0000-000000000000/providers/Microsoft.ContainerService/locations/westcentralus/operations/01aeb2de-7c5c-4cd8-94b4-6b8d528f3f91?api-version=2016-03-30
  response:
    body:
      string: "{\n  \"name\": \"deb2ae01-5c7c-d84c-94b4-6b8d528f3f91\",\n  \"status\":
        \"InProgress\",\n  \"startTime\": \"2023-06-25T03:15:27.7660603Z\"\n }"
    headers:
      cache-control:
      - no-cache
      content-length:
      - '126'
      content-type:
      - application/json
      date:
      - Sun, 25 Jun 2023 03:17:58 GMT
      expires:
      - '-1'
      pragma:
      - no-cache
      server:
      - nginx
      strict-transport-security:
      - max-age=31536000; includeSubDomains
      transfer-encoding:
      - chunked
      vary:
      - Accept-Encoding
      x-content-type-options:
      - nosniff
    status:
      code: 200
      message: OK
- request:
    body: null
    headers:
      Accept:
      - '*/*'
      Accept-Encoding:
      - gzip, deflate
      CommandName:
      - aks create
      Connection:
      - keep-alive
      ParameterSetName:
      - --resource-group --name --location --nodepool-name --node-count -k --ssh-key-value
        -o
      User-Agent:
      - AZURECLI/2.49.0 azsdk-python-azure-mgmt-containerservice/23.0.0b Python/3.8.10
        (Linux-5.15.0-1039-azure-x86_64-with-glibc2.29)
    method: GET
    uri: https://management.azure.com/subscriptions/00000000-0000-0000-0000-000000000000/providers/Microsoft.ContainerService/locations/westcentralus/operations/01aeb2de-7c5c-4cd8-94b4-6b8d528f3f91?api-version=2016-03-30
  response:
    body:
      string: "{\n  \"name\": \"deb2ae01-5c7c-d84c-94b4-6b8d528f3f91\",\n  \"status\":
        \"InProgress\",\n  \"startTime\": \"2023-06-25T03:15:27.7660603Z\"\n }"
    headers:
      cache-control:
      - no-cache
      content-length:
      - '126'
      content-type:
      - application/json
      date:
      - Sun, 25 Jun 2023 03:18:28 GMT
      expires:
      - '-1'
      pragma:
      - no-cache
      server:
      - nginx
      strict-transport-security:
      - max-age=31536000; includeSubDomains
      transfer-encoding:
      - chunked
      vary:
      - Accept-Encoding
      x-content-type-options:
      - nosniff
    status:
      code: 200
      message: OK
- request:
    body: null
    headers:
      Accept:
      - '*/*'
      Accept-Encoding:
      - gzip, deflate
      CommandName:
      - aks create
      Connection:
      - keep-alive
      ParameterSetName:
      - --resource-group --name --location --nodepool-name --node-count -k --ssh-key-value
        -o
      User-Agent:
      - AZURECLI/2.49.0 azsdk-python-azure-mgmt-containerservice/23.0.0b Python/3.8.10
        (Linux-5.15.0-1039-azure-x86_64-with-glibc2.29)
    method: GET
    uri: https://management.azure.com/subscriptions/00000000-0000-0000-0000-000000000000/providers/Microsoft.ContainerService/locations/westcentralus/operations/01aeb2de-7c5c-4cd8-94b4-6b8d528f3f91?api-version=2016-03-30
  response:
    body:
      string: "{\n  \"name\": \"deb2ae01-5c7c-d84c-94b4-6b8d528f3f91\",\n  \"status\":
        \"InProgress\",\n  \"startTime\": \"2023-06-25T03:15:27.7660603Z\"\n }"
    headers:
      cache-control:
      - no-cache
      content-length:
      - '126'
      content-type:
      - application/json
      date:
      - Sun, 25 Jun 2023 03:18:58 GMT
      expires:
      - '-1'
      pragma:
      - no-cache
      server:
      - nginx
      strict-transport-security:
      - max-age=31536000; includeSubDomains
      transfer-encoding:
      - chunked
      vary:
      - Accept-Encoding
      x-content-type-options:
      - nosniff
    status:
      code: 200
      message: OK
- request:
    body: null
    headers:
      Accept:
      - '*/*'
      Accept-Encoding:
      - gzip, deflate
      CommandName:
      - aks create
      Connection:
      - keep-alive
      ParameterSetName:
      - --resource-group --name --location --nodepool-name --node-count -k --ssh-key-value
        -o
      User-Agent:
      - AZURECLI/2.49.0 azsdk-python-azure-mgmt-containerservice/23.0.0b Python/3.8.10
        (Linux-5.15.0-1039-azure-x86_64-with-glibc2.29)
    method: GET
    uri: https://management.azure.com/subscriptions/00000000-0000-0000-0000-000000000000/providers/Microsoft.ContainerService/locations/westcentralus/operations/01aeb2de-7c5c-4cd8-94b4-6b8d528f3f91?api-version=2016-03-30
  response:
    body:
      string: "{\n  \"name\": \"deb2ae01-5c7c-d84c-94b4-6b8d528f3f91\",\n  \"status\":
        \"InProgress\",\n  \"startTime\": \"2023-06-25T03:15:27.7660603Z\"\n }"
    headers:
      cache-control:
      - no-cache
      content-length:
      - '126'
      content-type:
      - application/json
      date:
      - Sun, 25 Jun 2023 03:19:29 GMT
      expires:
      - '-1'
      pragma:
      - no-cache
      server:
      - nginx
      strict-transport-security:
      - max-age=31536000; includeSubDomains
      transfer-encoding:
      - chunked
      vary:
      - Accept-Encoding
      x-content-type-options:
      - nosniff
    status:
      code: 200
      message: OK
- request:
    body: null
    headers:
      Accept:
      - '*/*'
      Accept-Encoding:
      - gzip, deflate
      CommandName:
      - aks create
      Connection:
      - keep-alive
      ParameterSetName:
      - --resource-group --name --location --nodepool-name --node-count -k --ssh-key-value
        -o
      User-Agent:
      - AZURECLI/2.49.0 azsdk-python-azure-mgmt-containerservice/23.0.0b Python/3.8.10
        (Linux-5.15.0-1039-azure-x86_64-with-glibc2.29)
    method: GET
    uri: https://management.azure.com/subscriptions/00000000-0000-0000-0000-000000000000/providers/Microsoft.ContainerService/locations/westcentralus/operations/01aeb2de-7c5c-4cd8-94b4-6b8d528f3f91?api-version=2016-03-30
  response:
    body:
      string: "{\n  \"name\": \"deb2ae01-5c7c-d84c-94b4-6b8d528f3f91\",\n  \"status\":
        \"InProgress\",\n  \"startTime\": \"2023-06-25T03:15:27.7660603Z\"\n }"
    headers:
      cache-control:
      - no-cache
      content-length:
      - '126'
      content-type:
      - application/json
      date:
      - Sun, 25 Jun 2023 03:19:59 GMT
      expires:
      - '-1'
      pragma:
      - no-cache
      server:
      - nginx
      strict-transport-security:
      - max-age=31536000; includeSubDomains
      transfer-encoding:
      - chunked
      vary:
      - Accept-Encoding
      x-content-type-options:
      - nosniff
    status:
      code: 200
      message: OK
- request:
    body: null
    headers:
      Accept:
      - '*/*'
      Accept-Encoding:
      - gzip, deflate
      CommandName:
      - aks create
      Connection:
      - keep-alive
      ParameterSetName:
      - --resource-group --name --location --nodepool-name --node-count -k --ssh-key-value
        -o
      User-Agent:
      - AZURECLI/2.49.0 azsdk-python-azure-mgmt-containerservice/23.0.0b Python/3.8.10
        (Linux-5.15.0-1039-azure-x86_64-with-glibc2.29)
    method: GET
    uri: https://management.azure.com/subscriptions/00000000-0000-0000-0000-000000000000/providers/Microsoft.ContainerService/locations/westcentralus/operations/01aeb2de-7c5c-4cd8-94b4-6b8d528f3f91?api-version=2016-03-30
  response:
    body:
      string: "{\n  \"name\": \"deb2ae01-5c7c-d84c-94b4-6b8d528f3f91\",\n  \"status\":
        \"Succeeded\",\n  \"startTime\": \"2023-06-25T03:15:27.7660603Z\",\n  \"endTime\":
        \"2023-06-25T03:20:06.6771841Z\"\n }"
    headers:
      cache-control:
      - no-cache
      content-length:
      - '170'
      content-type:
      - application/json
      date:
      - Sun, 25 Jun 2023 03:20:29 GMT
      expires:
      - '-1'
      pragma:
      - no-cache
      server:
      - nginx
      strict-transport-security:
      - max-age=31536000; includeSubDomains
      transfer-encoding:
      - chunked
      vary:
      - Accept-Encoding
      x-content-type-options:
      - nosniff
    status:
      code: 200
      message: OK
- request:
    body: null
    headers:
      Accept:
      - '*/*'
      Accept-Encoding:
      - gzip, deflate
      CommandName:
      - aks create
      Connection:
      - keep-alive
      ParameterSetName:
      - --resource-group --name --location --nodepool-name --node-count -k --ssh-key-value
        -o
      User-Agent:
      - AZURECLI/2.49.0 azsdk-python-azure-mgmt-containerservice/23.0.0b Python/3.8.10
        (Linux-5.15.0-1039-azure-x86_64-with-glibc2.29)
    method: GET
    uri: https://management.azure.com/subscriptions/00000000-0000-0000-0000-000000000000/resourceGroups/clitest000001/providers/Microsoft.ContainerService/managedClusters/cliakstest000002?api-version=2023-10-02-preview
  response:
    body:
      string: "{\n  \"id\": \"/subscriptions/00000000-0000-0000-0000-000000000000/resourcegroups/clitest000001/providers/Microsoft.ContainerService/managedClusters/cliakstest000002\",\n
        \ \"location\": \"westcentralus\",\n  \"name\": \"cliakstest000002\",\n  \"type\":
        \"Microsoft.ContainerService/ManagedClusters\",\n  \"properties\": {\n   \"provisioningState\":
        \"Succeeded\",\n   \"powerState\": {\n    \"code\": \"Running\"\n   },\n   \"kubernetesVersion\":
        \"1.27.1\",\n   \"currentKubernetesVersion\": \"1.27.1\",\n   \"dnsPrefix\":
        \"cliakstest-clitestm37iw2of4-79a739\",\n   \"fqdn\": \"cliakstest-clitestm37iw2of4-79a739-s3r0glq6.hcp.westcentralus.azmk8s.io\",\n
        \  \"azurePortalFQDN\": \"cliakstest-clitestm37iw2of4-79a739-s3r0glq6.portal.hcp.westcentralus.azmk8s.io\",\n
        \  \"agentPoolProfiles\": [\n    {\n     \"name\": \"c000004\",\n     \"count\":
        1,\n     \"vmSize\": \"Standard_DS2_v2\",\n     \"osDiskSizeGB\": 128,\n     \"osDiskType\":
        \"Managed\",\n     \"kubeletDiskType\": \"OS\",\n     \"workloadRuntime\":
        \"OCIContainer\",\n     \"maxPods\": 110,\n     \"type\": \"VirtualMachineScaleSets\",\n
        \    \"enableAutoScaling\": false,\n     \"provisioningState\": \"Succeeded\",\n
        \    \"powerState\": {\n      \"code\": \"Running\"\n     },\n     \"orchestratorVersion\":
        \"1.27.1\",\n     \"currentOrchestratorVersion\": \"1.27.1\",\n     \"enableNodePublicIP\":
        false,\n     \"enableCustomCATrust\": false,\n     \"mode\": \"System\",\n
        \    \"enableEncryptionAtHost\": false,\n     \"enableUltraSSD\": false,\n
        \    \"osType\": \"Linux\",\n     \"osSKU\": \"Ubuntu\",\n     \"nodeImageVersion\":
        \"AKSUbuntu-2204gen2containerd-202306.19.0\",\n     \"upgradeSettings\": {},\n
        \    \"enableFIPS\": false,\n     \"networkProfile\": {}\n    }\n   ],\n   \"linuxProfile\":
        {\n    \"adminUsername\": \"azureuser\",\n    \"ssh\": {\n     \"publicKeys\":
        [\n      {\n       \"keyData\": \"ssh-rsa AAAAB3NzaC1yc2EAAAADAQABAAABAQDIdFuT4kW9h0LYgYkCTZ8VoRfDIfqjZwZgqVkh8CLmpLRjJlhj2CPpwxuTp7cO5+JKSYONgRtmUuJeyenbpwbFHxR2NfozVNB58DC/TIFDYePcQbqehIWzgSYjSry4XFh53ftuCrfyKTv45UPTKKY5FPk6W+a5mqUrpfSN8cbW3mQq/oWm/AfYDuUyJbhuuDr56+JOY83k9mJAM7tgTi58GWQPLyRfWyFUv3VGdYO2wwoViTLVzpMRRspx1xzNK1pY7pDb9aLPMfB4+1F4orZRUcYNE3Q8RHUBH01M+ECLBvvBEFLfIJT8qDdQaljqMah53XgnGen0XurXJ+wfpsB5
        azcli_aks_live_test@example.com\\n\"\n      }\n     ]\n    }\n   },\n   \"servicePrincipalProfile\":
        {\n    \"clientId\":\"00000000-0000-0000-0000-000000000001\"\n   },\n   \"nodeResourceGroup\":
        \"MC_clitest000001_cliakstest000002_westcentralus\",\n   \"enableRBAC\": true,\n
        \  \"enablePodSecurityPolicy\": false,\n   \"supportPlan\": \"KubernetesOfficial\",\n
        \  \"networkProfile\": {\n    \"networkPlugin\": \"kubenet\",\n    \"loadBalancerSku\":
        \"Standard\",\n    \"loadBalancerProfile\": {\n     \"managedOutboundIPs\":
        {\n      \"count\": 1\n     },\n     \"effectiveOutboundIPs\": [\n      {\n
        \      \"id\": \"/subscriptions/00000000-0000-0000-0000-000000000000/resourceGroups/MC_clitest000001_cliakstest000002_westcentralus/providers/Microsoft.Network/publicIPAddresses/1f5bf7fb-cf44-478e-bfc1-f525a0fac391\"\n
        \     }\n     ],\n     \"backendPoolType\": \"nodeIPConfiguration\"\n    },\n
        \   \"podCidr\": \"10.244.0.0/16\",\n    \"serviceCidr\": \"10.0.0.0/16\",\n
        \   \"dnsServiceIP\": \"10.0.0.10\",\n    \"outboundType\": \"loadBalancer\",\n
        \   \"podCidrs\": [\n     \"10.244.0.0/16\"\n    ],\n    \"serviceCidrs\":
        [\n     \"10.0.0.0/16\"\n    ],\n    \"ipFamilies\": [\n     \"IPv4\"\n    ]\n
        \  },\n   \"maxAgentPools\": 100,\n   \"identityProfile\": {\n    \"kubeletidentity\":
        {\n     \"resourceId\": \"/subscriptions/00000000-0000-0000-0000-000000000000/resourcegroups/MC_clitest000001_cliakstest000002_westcentralus/providers/Microsoft.ManagedIdentity/userAssignedIdentities/cliakstest000002-agentpool\",\n
        \    \"clientId\":\"00000000-0000-0000-0000-000000000001\",\n     \"objectId\":\"00000000-0000-0000-0000-000000000001\"\n
        \   }\n   },\n   \"disableLocalAccounts\": false,\n   \"securityProfile\":
        {},\n   \"storageProfile\": {\n    \"diskCSIDriver\": {\n     \"enabled\":
        true,\n     \"version\": \"v1\"\n    },\n    \"fileCSIDriver\": {\n     \"enabled\":
        true\n    },\n    \"snapshotController\": {\n     \"enabled\": true\n    }\n
        \  },\n   \"oidcIssuerProfile\": {\n    \"enabled\": false\n   },\n   \"workloadAutoScalerProfile\":
        {}\n  },\n  \"identity\": {\n   \"type\": \"SystemAssigned\",\n   \"principalId\":\"00000000-0000-0000-0000-000000000001\",\n
        \  \"tenantId\": \"72f988bf-86f1-41af-91ab-2d7cd011db47\"\n  },\n  \"sku\":
        {\n   \"name\": \"Base\",\n   \"tier\": \"Free\"\n  }\n }"
    headers:
      cache-control:
      - no-cache
      content-length:
      - '4162'
      content-type:
      - application/json
      date:
      - Sun, 25 Jun 2023 03:20:29 GMT
      expires:
      - '-1'
      pragma:
      - no-cache
      server:
      - nginx
      strict-transport-security:
      - max-age=31536000; includeSubDomains
      transfer-encoding:
      - chunked
      vary:
      - Accept-Encoding
      x-content-type-options:
      - nosniff
    status:
      code: 200
      message: OK
- request:
    body: null
    headers:
      Accept:
      - application/json
      Accept-Encoding:
      - gzip, deflate
      CommandName:
      - aks snapshot create
      Connection:
      - keep-alive
      ParameterSetName:
      - --resource-group --name --location --aks-custom-headers --cluster-id -o
      User-Agent:
      - AZURECLI/2.49.0 azsdk-python-azure-mgmt-resource/23.0.1 Python/3.8.10 (Linux-5.15.0-1039-azure-x86_64-with-glibc2.29)
    method: GET
    uri: https://management.azure.com/subscriptions/00000000-0000-0000-0000-000000000000/resourcegroups/clitest000001?api-version=2022-09-01
  response:
    body:
      string: '{"id":"/subscriptions/00000000-0000-0000-0000-000000000000/resourceGroups/clitest000001","name":"clitest000001","type":"Microsoft.Resources/resourceGroups","location":"westcentralus","tags":{"product":"azurecli","cause":"automation","test":"test_aks_snapshot_upgrade","date":"2023-06-25T03:15:20Z","module":"aks-preview"},"properties":{"provisioningState":"Succeeded"}}'
    headers:
      cache-control:
      - no-cache
      content-length:
      - '369'
      content-type:
      - application/json; charset=utf-8
      date:
      - Sun, 25 Jun 2023 03:20:29 GMT
      expires:
      - '-1'
      pragma:
      - no-cache
      strict-transport-security:
      - max-age=31536000; includeSubDomains
      vary:
      - Accept-Encoding
      x-content-type-options:
      - nosniff
    status:
      code: 200
      message: OK
- request:
    body: '{"location": "westcentralus", "properties": {"creationData": {"sourceResourceId":
      "/subscriptions/00000000-0000-0000-0000-000000000000/resourcegroups/clitest000001/providers/Microsoft.ContainerService/managedClusters/cliakstest000002"},
      "snapshotType": "ManagedCluster"}}'
    headers:
      AKSHTTPCustomFeatures:
      - Microsoft.ContainerService/ManagedClusterSnapshotPreview
      Accept:
      - application/json
      Accept-Encoding:
      - gzip, deflate
      CommandName:
      - aks snapshot create
      Connection:
      - keep-alive
      Content-Length:
      - '271'
      Content-Type:
      - application/json
      ParameterSetName:
      - --resource-group --name --location --aks-custom-headers --cluster-id -o
      User-Agent:
      - AZURECLI/2.49.0 azsdk-python-azure-mgmt-containerservice/23.0.0b Python/3.8.10
        (Linux-5.15.0-1039-azure-x86_64-with-glibc2.29)
    method: PUT
    uri: https://management.azure.com/subscriptions/00000000-0000-0000-0000-000000000000/resourceGroups/clitest000001/providers/Microsoft.ContainerService/managedclustersnapshots/s000005?api-version=2023-10-02-preview
  response:
    body:
      string: "{\n  \"name\": \"s000005\",\n  \"id\": \"/subscriptions/00000000-0000-0000-0000-000000000000/resourceGroups/clitest000001/providers/Microsoft.ContainerService/managedclustersnapshots/s000005\",\n
        \ \"type\": \"Microsoft.ContainerService/ManagedClusterSnapshots\",\n  \"location\":
        \"westcentralus\",\n  \"systemData\": {\n   \"createdBy\": \"3fac8b4e-cd90-4baa-a5d2-66d52bc8349d\",\n
        \  \"createdByType\": \"Application\",\n   \"createdAt\": \"2023-06-25T03:20:31.7417866Z\",\n
        \  \"lastModifiedBy\": \"3fac8b4e-cd90-4baa-a5d2-66d52bc8349d\",\n   \"lastModifiedByType\":
        \"Application\",\n   \"lastModifiedAt\": \"2023-06-25T03:20:31.7417866Z\"\n
        \ },\n  \"properties\": {\n   \"creationData\": {\n    \"sourceResourceId\":
        \"/subscriptions/00000000-0000-0000-0000-000000000000/resourcegroups/clitest000001/providers/Microsoft.ContainerService/managedClusters/cliakstest000002\"\n
        \  },\n   \"snapshotType\": \"ManagedCluster\",\n   \"managedClusterPropertiesReadOnly\":
        {\n    \"kubernetesVersion\": \"1.27.1\",\n    \"sku\": {\n     \"name\":
        \"Base\",\n     \"tier\": \"Free\"\n    },\n    \"enableRbac\": true,\n    \"networkProfile\":
        {\n     \"networkPlugin\": \"kubenet\",\n     \"loadBalancerSku\": \"Standard\"\n
        \   }\n   }\n  }\n }"
    headers:
      cache-control:
      - no-cache
      content-length:
      - '1123'
      content-type:
      - application/json
      date:
      - Sun, 25 Jun 2023 03:20:32 GMT
      expires:
      - '-1'
      pragma:
      - no-cache
      server:
      - nginx
      strict-transport-security:
      - max-age=31536000; includeSubDomains
      transfer-encoding:
      - chunked
      vary:
      - Accept-Encoding
      x-content-type-options:
      - nosniff
      x-ms-ratelimit-remaining-subscription-writes:
      - '1199'
    status:
      code: 200
      message: OK
- request:
    body: null
    headers:
      Accept:
      - application/json
      Accept-Encoding:
      - gzip, deflate
      CommandName:
      - aks delete
      Connection:
      - keep-alive
      Content-Length:
      - '0'
      ParameterSetName:
      - -g -n --yes --no-wait
      User-Agent:
      - AZURECLI/2.49.0 azsdk-python-azure-mgmt-containerservice/23.0.0b Python/3.8.10
        (Linux-5.15.0-1039-azure-x86_64-with-glibc2.29)
    method: DELETE
    uri: https://management.azure.com/subscriptions/00000000-0000-0000-0000-000000000000/resourceGroups/clitest000001/providers/Microsoft.ContainerService/managedClusters/cliakstest000002?api-version=2023-10-02-preview
  response:
    body:
      string: ''
    headers:
      azure-asyncoperation:
      - https://management.azure.com/subscriptions/00000000-0000-0000-0000-000000000000/providers/Microsoft.ContainerService/locations/westcentralus/operations/b8ba7a1e-32c1-49a9-a60d-deca4dea1b2c?api-version=2016-03-30
      cache-control:
      - no-cache
      content-length:
      - '0'
      date:
      - Sun, 25 Jun 2023 03:20:33 GMT
      expires:
      - '-1'
      location:
      - https://management.azure.com/subscriptions/00000000-0000-0000-0000-000000000000/providers/Microsoft.ContainerService/locations/westcentralus/operationresults/b8ba7a1e-32c1-49a9-a60d-deca4dea1b2c?api-version=2016-03-30
      pragma:
      - no-cache
      server:
      - nginx
      strict-transport-security:
      - max-age=31536000; includeSubDomains
      x-content-type-options:
      - nosniff
      x-ms-ratelimit-remaining-subscription-deletes:
      - '14999'
    status:
      code: 202
      message: Accepted
- request:
    body: null
    headers:
      Accept:
      - application/json
      Accept-Encoding:
      - gzip, deflate
      CommandName:
      - aks snapshot show
      Connection:
      - keep-alive
      ParameterSetName:
      - --resource-group --name -o
      User-Agent:
      - AZURECLI/2.49.0 azsdk-python-azure-mgmt-containerservice/23.0.0b Python/3.8.10
        (Linux-5.15.0-1039-azure-x86_64-with-glibc2.29)
    method: GET
    uri: https://management.azure.com/subscriptions/00000000-0000-0000-0000-000000000000/resourceGroups/clitest000001/providers/Microsoft.ContainerService/managedclustersnapshots/s000005?api-version=2023-10-02-preview
  response:
    body:
      string: "{\n  \"name\": \"s000005\",\n  \"id\": \"/subscriptions/00000000-0000-0000-0000-000000000000/resourceGroups/clitest000001/providers/Microsoft.ContainerService/managedclustersnapshots/s000005\",\n
        \ \"type\": \"Microsoft.ContainerService/ManagedClusterSnapshots\",\n  \"location\":
        \"westcentralus\",\n  \"systemData\": {\n   \"createdBy\": \"3fac8b4e-cd90-4baa-a5d2-66d52bc8349d\",\n
        \  \"createdByType\": \"Application\",\n   \"createdAt\": \"2023-06-25T03:20:31.7417866Z\",\n
        \  \"lastModifiedBy\": \"3fac8b4e-cd90-4baa-a5d2-66d52bc8349d\",\n   \"lastModifiedByType\":
        \"Application\",\n   \"lastModifiedAt\": \"2023-06-25T03:20:31.7417866Z\"\n
        \ },\n  \"properties\": {\n   \"creationData\": {\n    \"sourceResourceId\":
        \"/subscriptions/00000000-0000-0000-0000-000000000000/resourcegroups/clitest000001/providers/Microsoft.ContainerService/managedClusters/cliakstest000002\"\n
        \  },\n   \"snapshotType\": \"ManagedCluster\",\n   \"managedClusterPropertiesReadOnly\":
        {\n    \"kubernetesVersion\": \"1.27.1\",\n    \"sku\": {\n     \"name\":
        \"Base\",\n     \"tier\": \"Free\"\n    },\n    \"enableRbac\": true,\n    \"networkProfile\":
        {\n     \"networkPlugin\": \"kubenet\",\n     \"loadBalancerSku\": \"Standard\"\n
        \   }\n   }\n  }\n }"
    headers:
      cache-control:
      - no-cache
      content-length:
      - '1123'
      content-type:
      - application/json
      date:
      - Sun, 25 Jun 2023 03:20:34 GMT
      expires:
      - '-1'
      pragma:
      - no-cache
      server:
      - nginx
      strict-transport-security:
      - max-age=31536000; includeSubDomains
      transfer-encoding:
      - chunked
      vary:
      - Accept-Encoding
      x-content-type-options:
      - nosniff
    status:
      code: 200
      message: OK
- request:
    body: null
    headers:
      Accept:
      - application/json
      Accept-Encoding:
      - gzip, deflate
      CommandName:
      - aks snapshot list
      Connection:
      - keep-alive
      ParameterSetName:
      - --resource-group -o
      User-Agent:
      - AZURECLI/2.49.0 azsdk-python-azure-mgmt-containerservice/23.0.0b Python/3.8.10
        (Linux-5.15.0-1039-azure-x86_64-with-glibc2.29)
    method: GET
    uri: https://management.azure.com/subscriptions/00000000-0000-0000-0000-000000000000/resourceGroups/clitest000001/providers/Microsoft.ContainerService/managedclustersnapshots?api-version=2023-10-02-preview
  response:
    body:
      string: "{\n  \"value\": [\n   {\n    \"name\": \"s000005\",\n    \"id\": \"/subscriptions/00000000-0000-0000-0000-000000000000/resourceGroups/clitest000001/providers/Microsoft.ContainerService/managedclustersnapshots/s000005\",\n
        \   \"type\": \"Microsoft.ContainerService/ManagedClusterSnapshots\",\n    \"location\":
        \"westcentralus\",\n    \"systemData\": {\n     \"createdBy\": \"3fac8b4e-cd90-4baa-a5d2-66d52bc8349d\",\n
        \    \"createdByType\": \"Application\",\n     \"createdAt\": \"2023-06-25T03:20:31.7417866Z\",\n
        \    \"lastModifiedBy\": \"3fac8b4e-cd90-4baa-a5d2-66d52bc8349d\",\n     \"lastModifiedByType\":
        \"Application\",\n     \"lastModifiedAt\": \"2023-06-25T03:20:31.7417866Z\"\n
        \   },\n    \"properties\": {\n     \"creationData\": {\n      \"sourceResourceId\":
        \"/subscriptions/00000000-0000-0000-0000-000000000000/resourcegroups/clitest000001/providers/Microsoft.ContainerService/managedClusters/cliakstest000002\"\n
        \    },\n     \"snapshotType\": \"ManagedCluster\",\n     \"managedClusterPropertiesReadOnly\":
        {\n      \"kubernetesVersion\": \"1.27.1\",\n      \"sku\": {\n       \"name\":
        \"Base\",\n       \"tier\": \"Free\"\n      },\n      \"enableRbac\": true,\n
        \     \"networkProfile\": {\n       \"networkPlugin\": \"kubenet\",\n       \"loadBalancerSku\":
        \"Standard\"\n      }\n     }\n    }\n   }\n  ]\n }"
    headers:
      cache-control:
      - no-cache
      content-length:
      - '1210'
      content-type:
      - application/json
      date:
      - Sun, 25 Jun 2023 03:20:34 GMT
      expires:
      - '-1'
      pragma:
      - no-cache
      server:
      - nginx
      strict-transport-security:
      - max-age=31536000; includeSubDomains
      transfer-encoding:
      - chunked
      vary:
      - Accept-Encoding
      x-content-type-options:
      - nosniff
    status:
      code: 200
      message: OK
- request:
    body: null
    headers:
      Accept:
      - application/json
      Accept-Encoding:
      - gzip, deflate
      CommandName:
      - aks create
      Connection:
      - keep-alive
      ParameterSetName:
      - --resource-group --name --location --nodepool-name --node-count -k --ssh-key-value
        -o
      User-Agent:
      - AZURECLI/2.49.0 azsdk-python-azure-mgmt-containerservice/23.0.0b Python/3.8.10
        (Linux-5.15.0-1039-azure-x86_64-with-glibc2.29)
    method: GET
    uri: https://management.azure.com/subscriptions/00000000-0000-0000-0000-000000000000/resourceGroups/clitest000001/providers/Microsoft.ContainerService/managedClusters/cliakstest000003?api-version=2023-10-02-preview
  response:
    body:
      string: '{"error":{"code":"ResourceNotFound","message":"The Resource ''Microsoft.ContainerService/managedClusters/cliakstest000003''
        under resource group ''clitest000001'' was not found. For more details please
        go to https://aka.ms/ARMResourceNotFoundFix"}}'
    headers:
      cache-control:
      - no-cache
      content-length:
      - '244'
      content-type:
      - application/json; charset=utf-8
      date:
      - Sun, 25 Jun 2023 03:20:36 GMT
      expires:
      - '-1'
      pragma:
      - no-cache
      strict-transport-security:
      - max-age=31536000; includeSubDomains
      x-content-type-options:
      - nosniff
      x-ms-failure-cause:
      - gateway
    status:
      code: 404
      message: Not Found
- request:
    body: '{"location": "westcentralus", "identity": {"type": "SystemAssigned"}, "properties":
      {"kubernetesVersion": "1.26.3", "dnsPrefix": "cliakstest-clitestm37iw2of4-79a739",
      "agentPoolProfiles": [{"count": 1, "vmSize": "Standard_DS2_v2", "osDiskSizeGB":
      0, "workloadRuntime": "OCIContainer", "osType": "Linux", "enableAutoScaling":
      false, "type": "VirtualMachineScaleSets", "mode": "System", "orchestratorVersion":
      "1.26.3", "upgradeSettings": {}, "enableNodePublicIP": false, "enableCustomCATrust":
      false, "scaleSetPriority": "Regular", "scaleSetEvictionPolicy": "Delete", "spotMaxPrice":
      -1.0, "nodeTaints": [], "enableEncryptionAtHost": false, "enableUltraSSD": false,
      "enableFIPS": false, "networkProfile": {}, "name": "c000004"}], "linuxProfile":
      {"adminUsername": "azureuser", "ssh": {"publicKeys": [{"keyData": "ssh-rsa AAAAB3NzaC1yc2EAAAADAQABAAABAQDIdFuT4kW9h0LYgYkCTZ8VoRfDIfqjZwZgqVkh8CLmpLRjJlhj2CPpwxuTp7cO5+JKSYONgRtmUuJeyenbpwbFHxR2NfozVNB58DC/TIFDYePcQbqehIWzgSYjSry4XFh53ftuCrfyKTv45UPTKKY5FPk6W+a5mqUrpfSN8cbW3mQq/oWm/AfYDuUyJbhuuDr56+JOY83k9mJAM7tgTi58GWQPLyRfWyFUv3VGdYO2wwoViTLVzpMRRspx1xzNK1pY7pDb9aLPMfB4+1F4orZRUcYNE3Q8RHUBH01M+ECLBvvBEFLfIJT8qDdQaljqMah53XgnGen0XurXJ+wfpsB5
      azcli_aks_live_test@example.com\n"}]}}, "addonProfiles": {}, "enableRBAC": true,
      "enablePodSecurityPolicy": false, "networkProfile": {"networkPlugin": "kubenet",
      "podCidr": "10.244.0.0/16", "serviceCidr": "10.0.0.0/16", "dnsServiceIP": "10.0.0.10",
      "outboundType": "loadBalancer", "loadBalancerSku": "standard"}, "disableLocalAccounts":
      false, "storageProfile": {}}}'
    headers:
      Accept:
      - application/json
      Accept-Encoding:
      - gzip, deflate
      CommandName:
      - aks create
      Connection:
      - keep-alive
      Content-Length:
      - '1559'
      Content-Type:
      - application/json
      ParameterSetName:
      - --resource-group --name --location --nodepool-name --node-count -k --ssh-key-value
        -o
      User-Agent:
      - AZURECLI/2.49.0 azsdk-python-azure-mgmt-containerservice/23.0.0b Python/3.8.10
        (Linux-5.15.0-1039-azure-x86_64-with-glibc2.29)
    method: PUT
    uri: https://management.azure.com/subscriptions/00000000-0000-0000-0000-000000000000/resourceGroups/clitest000001/providers/Microsoft.ContainerService/managedClusters/cliakstest000003?api-version=2023-10-02-preview
  response:
    body:
      string: "{\n  \"id\": \"/subscriptions/00000000-0000-0000-0000-000000000000/resourcegroups/clitest000001/providers/Microsoft.ContainerService/managedClusters/cliakstest000003\",\n
        \ \"location\": \"westcentralus\",\n  \"name\": \"cliakstest000003\",\n  \"type\":
        \"Microsoft.ContainerService/ManagedClusters\",\n  \"properties\": {\n   \"provisioningState\":
        \"Creating\",\n   \"powerState\": {\n    \"code\": \"Running\"\n   },\n   \"kubernetesVersion\":
        \"1.26.3\",\n   \"currentKubernetesVersion\": \"1.26.3\",\n   \"dnsPrefix\":
        \"cliakstest-clitestm37iw2of4-79a739\",\n   \"fqdn\": \"cliakstest-clitestm37iw2of4-79a739-bh12wib0.hcp.westcentralus.azmk8s.io\",\n
        \  \"azurePortalFQDN\": \"cliakstest-clitestm37iw2of4-79a739-bh12wib0.portal.hcp.westcentralus.azmk8s.io\",\n
        \  \"agentPoolProfiles\": [\n    {\n     \"name\": \"c000004\",\n     \"count\":
        1,\n     \"vmSize\": \"Standard_DS2_v2\",\n     \"osDiskSizeGB\": 128,\n     \"osDiskType\":
        \"Managed\",\n     \"kubeletDiskType\": \"OS\",\n     \"workloadRuntime\":
        \"OCIContainer\",\n     \"maxPods\": 110,\n     \"type\": \"VirtualMachineScaleSets\",\n
        \    \"enableAutoScaling\": false,\n     \"provisioningState\": \"Creating\",\n
        \    \"powerState\": {\n      \"code\": \"Running\"\n     },\n     \"orchestratorVersion\":
        \"1.26.3\",\n     \"currentOrchestratorVersion\": \"1.26.3\",\n     \"enableNodePublicIP\":
        false,\n     \"enableCustomCATrust\": false,\n     \"mode\": \"System\",\n
        \    \"enableEncryptionAtHost\": false,\n     \"enableUltraSSD\": false,\n
        \    \"osType\": \"Linux\",\n     \"osSKU\": \"Ubuntu\",\n     \"nodeImageVersion\":
        \"AKSUbuntu-2204gen2containerd-202306.19.0\",\n     \"upgradeSettings\": {},\n
        \    \"enableFIPS\": false,\n     \"networkProfile\": {}\n    }\n   ],\n   \"linuxProfile\":
        {\n    \"adminUsername\": \"azureuser\",\n    \"ssh\": {\n     \"publicKeys\":
        [\n      {\n       \"keyData\": \"ssh-rsa AAAAB3NzaC1yc2EAAAADAQABAAABAQDIdFuT4kW9h0LYgYkCTZ8VoRfDIfqjZwZgqVkh8CLmpLRjJlhj2CPpwxuTp7cO5+JKSYONgRtmUuJeyenbpwbFHxR2NfozVNB58DC/TIFDYePcQbqehIWzgSYjSry4XFh53ftuCrfyKTv45UPTKKY5FPk6W+a5mqUrpfSN8cbW3mQq/oWm/AfYDuUyJbhuuDr56+JOY83k9mJAM7tgTi58GWQPLyRfWyFUv3VGdYO2wwoViTLVzpMRRspx1xzNK1pY7pDb9aLPMfB4+1F4orZRUcYNE3Q8RHUBH01M+ECLBvvBEFLfIJT8qDdQaljqMah53XgnGen0XurXJ+wfpsB5
        azcli_aks_live_test@example.com\\n\"\n      }\n     ]\n    }\n   },\n   \"servicePrincipalProfile\":
        {\n    \"clientId\":\"00000000-0000-0000-0000-000000000001\"\n   },\n   \"nodeResourceGroup\":
        \"MC_clitest000001_cliakstest000003_westcentralus\",\n   \"enableRBAC\": true,\n
        \  \"enablePodSecurityPolicy\": false,\n   \"supportPlan\": \"KubernetesOfficial\",\n
        \  \"networkProfile\": {\n    \"networkPlugin\": \"kubenet\",\n    \"loadBalancerSku\":
        \"standard\",\n    \"loadBalancerProfile\": {\n     \"managedOutboundIPs\":
        {\n      \"count\": 1\n     },\n     \"backendPoolType\": \"nodeIPConfiguration\"\n
        \   },\n    \"podCidr\": \"10.244.0.0/16\",\n    \"serviceCidr\": \"10.0.0.0/16\",\n
        \   \"dnsServiceIP\": \"10.0.0.10\",\n    \"outboundType\": \"loadBalancer\",\n
        \   \"podCidrs\": [\n     \"10.244.0.0/16\"\n    ],\n    \"serviceCidrs\":
        [\n     \"10.0.0.0/16\"\n    ],\n    \"ipFamilies\": [\n     \"IPv4\"\n    ]\n
        \  },\n   \"maxAgentPools\": 100,\n   \"disableLocalAccounts\": false,\n   \"securityProfile\":
        {},\n   \"storageProfile\": {\n    \"diskCSIDriver\": {\n     \"enabled\":
        true,\n     \"version\": \"v1\"\n    },\n    \"fileCSIDriver\": {\n     \"enabled\":
        true\n    },\n    \"snapshotController\": {\n     \"enabled\": true\n    }\n
        \  },\n   \"oidcIssuerProfile\": {\n    \"enabled\": false\n   },\n   \"workloadAutoScalerProfile\":
        {}\n  },\n  \"identity\": {\n   \"type\": \"SystemAssigned\",\n   \"principalId\":\"00000000-0000-0000-0000-000000000001\",\n
        \  \"tenantId\": \"72f988bf-86f1-41af-91ab-2d7cd011db47\"\n  },\n  \"sku\":
        {\n   \"name\": \"Base\",\n   \"tier\": \"Free\"\n  }\n }"
    headers:
      azure-asyncoperation:
      - https://management.azure.com/subscriptions/00000000-0000-0000-0000-000000000000/providers/Microsoft.ContainerService/locations/westcentralus/operations/4ea56b30-8884-4d4f-b2c3-d59678822cc9?api-version=2016-03-30
      cache-control:
      - no-cache
      content-length:
      - '3497'
      content-type:
      - application/json
      date:
      - Sun, 25 Jun 2023 03:20:42 GMT
      expires:
      - '-1'
      pragma:
      - no-cache
      server:
      - nginx
      strict-transport-security:
      - max-age=31536000; includeSubDomains
      x-content-type-options:
      - nosniff
      x-ms-ratelimit-remaining-subscription-writes:
      - '1199'
    status:
      code: 201
      message: Created
- request:
    body: null
    headers:
      Accept:
      - '*/*'
      Accept-Encoding:
      - gzip, deflate
      CommandName:
      - aks create
      Connection:
      - keep-alive
      ParameterSetName:
      - --resource-group --name --location --nodepool-name --node-count -k --ssh-key-value
        -o
      User-Agent:
      - AZURECLI/2.49.0 azsdk-python-azure-mgmt-containerservice/23.0.0b Python/3.8.10
        (Linux-5.15.0-1039-azure-x86_64-with-glibc2.29)
    method: GET
    uri: https://management.azure.com/subscriptions/00000000-0000-0000-0000-000000000000/providers/Microsoft.ContainerService/locations/westcentralus/operations/4ea56b30-8884-4d4f-b2c3-d59678822cc9?api-version=2016-03-30
  response:
    body:
      string: "{\n  \"name\": \"306ba54e-8488-4f4d-b2c3-d59678822cc9\",\n  \"status\":
        \"InProgress\",\n  \"startTime\": \"2023-06-25T03:20:41.5962774Z\"\n }"
    headers:
      cache-control:
      - no-cache
      content-length:
      - '126'
      content-type:
      - application/json
      date:
      - Sun, 25 Jun 2023 03:20:42 GMT
      expires:
      - '-1'
      pragma:
      - no-cache
      server:
      - nginx
      strict-transport-security:
      - max-age=31536000; includeSubDomains
      transfer-encoding:
      - chunked
      vary:
      - Accept-Encoding
      x-content-type-options:
      - nosniff
    status:
      code: 200
      message: OK
- request:
    body: null
    headers:
      Accept:
      - '*/*'
      Accept-Encoding:
      - gzip, deflate
      CommandName:
      - aks create
      Connection:
      - keep-alive
      ParameterSetName:
      - --resource-group --name --location --nodepool-name --node-count -k --ssh-key-value
        -o
      User-Agent:
      - AZURECLI/2.49.0 azsdk-python-azure-mgmt-containerservice/23.0.0b Python/3.8.10
        (Linux-5.15.0-1039-azure-x86_64-with-glibc2.29)
    method: GET
    uri: https://management.azure.com/subscriptions/00000000-0000-0000-0000-000000000000/providers/Microsoft.ContainerService/locations/westcentralus/operations/4ea56b30-8884-4d4f-b2c3-d59678822cc9?api-version=2016-03-30
  response:
    body:
      string: "{\n  \"name\": \"306ba54e-8488-4f4d-b2c3-d59678822cc9\",\n  \"status\":
        \"InProgress\",\n  \"startTime\": \"2023-06-25T03:20:41.5962774Z\"\n }"
    headers:
      cache-control:
      - no-cache
      content-length:
      - '126'
      content-type:
      - application/json
      date:
      - Sun, 25 Jun 2023 03:21:11 GMT
      expires:
      - '-1'
      pragma:
      - no-cache
      server:
      - nginx
      strict-transport-security:
      - max-age=31536000; includeSubDomains
      transfer-encoding:
      - chunked
      vary:
      - Accept-Encoding
      x-content-type-options:
      - nosniff
    status:
      code: 200
      message: OK
- request:
    body: null
    headers:
      Accept:
      - '*/*'
      Accept-Encoding:
      - gzip, deflate
      CommandName:
      - aks create
      Connection:
      - keep-alive
      ParameterSetName:
      - --resource-group --name --location --nodepool-name --node-count -k --ssh-key-value
        -o
      User-Agent:
      - AZURECLI/2.49.0 azsdk-python-azure-mgmt-containerservice/23.0.0b Python/3.8.10
        (Linux-5.15.0-1039-azure-x86_64-with-glibc2.29)
    method: GET
    uri: https://management.azure.com/subscriptions/00000000-0000-0000-0000-000000000000/providers/Microsoft.ContainerService/locations/westcentralus/operations/4ea56b30-8884-4d4f-b2c3-d59678822cc9?api-version=2016-03-30
  response:
    body:
      string: "{\n  \"name\": \"306ba54e-8488-4f4d-b2c3-d59678822cc9\",\n  \"status\":
        \"InProgress\",\n  \"startTime\": \"2023-06-25T03:20:41.5962774Z\"\n }"
    headers:
      cache-control:
      - no-cache
      content-length:
      - '126'
      content-type:
      - application/json
      date:
      - Sun, 25 Jun 2023 03:21:41 GMT
      expires:
      - '-1'
      pragma:
      - no-cache
      server:
      - nginx
      strict-transport-security:
      - max-age=31536000; includeSubDomains
      transfer-encoding:
      - chunked
      vary:
      - Accept-Encoding
      x-content-type-options:
      - nosniff
    status:
      code: 200
      message: OK
- request:
    body: null
    headers:
      Accept:
      - '*/*'
      Accept-Encoding:
      - gzip, deflate
      CommandName:
      - aks create
      Connection:
      - keep-alive
      ParameterSetName:
      - --resource-group --name --location --nodepool-name --node-count -k --ssh-key-value
        -o
      User-Agent:
      - AZURECLI/2.49.0 azsdk-python-azure-mgmt-containerservice/23.0.0b Python/3.8.10
        (Linux-5.15.0-1039-azure-x86_64-with-glibc2.29)
    method: GET
    uri: https://management.azure.com/subscriptions/00000000-0000-0000-0000-000000000000/providers/Microsoft.ContainerService/locations/westcentralus/operations/4ea56b30-8884-4d4f-b2c3-d59678822cc9?api-version=2016-03-30
  response:
    body:
      string: "{\n  \"name\": \"306ba54e-8488-4f4d-b2c3-d59678822cc9\",\n  \"status\":
        \"InProgress\",\n  \"startTime\": \"2023-06-25T03:20:41.5962774Z\"\n }"
    headers:
      cache-control:
      - no-cache
      content-length:
      - '126'
      content-type:
      - application/json
      date:
      - Sun, 25 Jun 2023 03:22:11 GMT
      expires:
      - '-1'
      pragma:
      - no-cache
      server:
      - nginx
      strict-transport-security:
      - max-age=31536000; includeSubDomains
      transfer-encoding:
      - chunked
      vary:
      - Accept-Encoding
      x-content-type-options:
      - nosniff
    status:
      code: 200
      message: OK
- request:
    body: null
    headers:
      Accept:
      - '*/*'
      Accept-Encoding:
      - gzip, deflate
      CommandName:
      - aks create
      Connection:
      - keep-alive
      ParameterSetName:
      - --resource-group --name --location --nodepool-name --node-count -k --ssh-key-value
        -o
      User-Agent:
      - AZURECLI/2.49.0 azsdk-python-azure-mgmt-containerservice/23.0.0b Python/3.8.10
        (Linux-5.15.0-1039-azure-x86_64-with-glibc2.29)
    method: GET
    uri: https://management.azure.com/subscriptions/00000000-0000-0000-0000-000000000000/providers/Microsoft.ContainerService/locations/westcentralus/operations/4ea56b30-8884-4d4f-b2c3-d59678822cc9?api-version=2016-03-30
  response:
    body:
      string: "{\n  \"name\": \"306ba54e-8488-4f4d-b2c3-d59678822cc9\",\n  \"status\":
        \"InProgress\",\n  \"startTime\": \"2023-06-25T03:20:41.5962774Z\"\n }"
    headers:
      cache-control:
      - no-cache
      content-length:
      - '126'
      content-type:
      - application/json
      date:
      - Sun, 25 Jun 2023 03:22:42 GMT
      expires:
      - '-1'
      pragma:
      - no-cache
      server:
      - nginx
      strict-transport-security:
      - max-age=31536000; includeSubDomains
      transfer-encoding:
      - chunked
      vary:
      - Accept-Encoding
      x-content-type-options:
      - nosniff
    status:
      code: 200
      message: OK
- request:
    body: null
    headers:
      Accept:
      - '*/*'
      Accept-Encoding:
      - gzip, deflate
      CommandName:
      - aks create
      Connection:
      - keep-alive
      ParameterSetName:
      - --resource-group --name --location --nodepool-name --node-count -k --ssh-key-value
        -o
      User-Agent:
      - AZURECLI/2.49.0 azsdk-python-azure-mgmt-containerservice/23.0.0b Python/3.8.10
        (Linux-5.15.0-1039-azure-x86_64-with-glibc2.29)
    method: GET
    uri: https://management.azure.com/subscriptions/00000000-0000-0000-0000-000000000000/providers/Microsoft.ContainerService/locations/westcentralus/operations/4ea56b30-8884-4d4f-b2c3-d59678822cc9?api-version=2016-03-30
  response:
    body:
      string: "{\n  \"name\": \"306ba54e-8488-4f4d-b2c3-d59678822cc9\",\n  \"status\":
        \"InProgress\",\n  \"startTime\": \"2023-06-25T03:20:41.5962774Z\"\n }"
    headers:
      cache-control:
      - no-cache
      content-length:
      - '126'
      content-type:
      - application/json
      date:
      - Sun, 25 Jun 2023 03:23:12 GMT
      expires:
      - '-1'
      pragma:
      - no-cache
      server:
      - nginx
      strict-transport-security:
      - max-age=31536000; includeSubDomains
      transfer-encoding:
      - chunked
      vary:
      - Accept-Encoding
      x-content-type-options:
      - nosniff
    status:
      code: 200
      message: OK
- request:
    body: null
    headers:
      Accept:
      - '*/*'
      Accept-Encoding:
      - gzip, deflate
      CommandName:
      - aks create
      Connection:
      - keep-alive
      ParameterSetName:
      - --resource-group --name --location --nodepool-name --node-count -k --ssh-key-value
        -o
      User-Agent:
      - AZURECLI/2.49.0 azsdk-python-azure-mgmt-containerservice/23.0.0b Python/3.8.10
        (Linux-5.15.0-1039-azure-x86_64-with-glibc2.29)
    method: GET
    uri: https://management.azure.com/subscriptions/00000000-0000-0000-0000-000000000000/providers/Microsoft.ContainerService/locations/westcentralus/operations/4ea56b30-8884-4d4f-b2c3-d59678822cc9?api-version=2016-03-30
  response:
    body:
      string: "{\n  \"name\": \"306ba54e-8488-4f4d-b2c3-d59678822cc9\",\n  \"status\":
        \"InProgress\",\n  \"startTime\": \"2023-06-25T03:20:41.5962774Z\"\n }"
    headers:
      cache-control:
      - no-cache
      content-length:
      - '126'
      content-type:
      - application/json
      date:
      - Sun, 25 Jun 2023 03:23:42 GMT
      expires:
      - '-1'
      pragma:
      - no-cache
      server:
      - nginx
      strict-transport-security:
      - max-age=31536000; includeSubDomains
      transfer-encoding:
      - chunked
      vary:
      - Accept-Encoding
      x-content-type-options:
      - nosniff
    status:
      code: 200
      message: OK
- request:
    body: null
    headers:
      Accept:
      - '*/*'
      Accept-Encoding:
      - gzip, deflate
      CommandName:
      - aks create
      Connection:
      - keep-alive
      ParameterSetName:
      - --resource-group --name --location --nodepool-name --node-count -k --ssh-key-value
        -o
      User-Agent:
      - AZURECLI/2.49.0 azsdk-python-azure-mgmt-containerservice/23.0.0b Python/3.8.10
        (Linux-5.15.0-1039-azure-x86_64-with-glibc2.29)
    method: GET
    uri: https://management.azure.com/subscriptions/00000000-0000-0000-0000-000000000000/providers/Microsoft.ContainerService/locations/westcentralus/operations/4ea56b30-8884-4d4f-b2c3-d59678822cc9?api-version=2016-03-30
  response:
    body:
      string: "{\n  \"name\": \"306ba54e-8488-4f4d-b2c3-d59678822cc9\",\n  \"status\":
        \"InProgress\",\n  \"startTime\": \"2023-06-25T03:20:41.5962774Z\"\n }"
    headers:
      cache-control:
      - no-cache
      content-length:
      - '126'
      content-type:
      - application/json
      date:
      - Sun, 25 Jun 2023 03:24:12 GMT
      expires:
      - '-1'
      pragma:
      - no-cache
      server:
      - nginx
      strict-transport-security:
      - max-age=31536000; includeSubDomains
      transfer-encoding:
      - chunked
      vary:
      - Accept-Encoding
      x-content-type-options:
      - nosniff
    status:
      code: 200
      message: OK
- request:
    body: null
    headers:
      Accept:
      - '*/*'
      Accept-Encoding:
      - gzip, deflate
      CommandName:
      - aks create
      Connection:
      - keep-alive
      ParameterSetName:
      - --resource-group --name --location --nodepool-name --node-count -k --ssh-key-value
        -o
      User-Agent:
      - AZURECLI/2.49.0 azsdk-python-azure-mgmt-containerservice/23.0.0b Python/3.8.10
        (Linux-5.15.0-1039-azure-x86_64-with-glibc2.29)
    method: GET
    uri: https://management.azure.com/subscriptions/00000000-0000-0000-0000-000000000000/providers/Microsoft.ContainerService/locations/westcentralus/operations/4ea56b30-8884-4d4f-b2c3-d59678822cc9?api-version=2016-03-30
  response:
    body:
      string: "{\n  \"name\": \"306ba54e-8488-4f4d-b2c3-d59678822cc9\",\n  \"status\":
        \"InProgress\",\n  \"startTime\": \"2023-06-25T03:20:41.5962774Z\"\n }"
    headers:
      cache-control:
      - no-cache
      content-length:
      - '126'
      content-type:
      - application/json
      date:
      - Sun, 25 Jun 2023 03:24:42 GMT
      expires:
      - '-1'
      pragma:
      - no-cache
      server:
      - nginx
      strict-transport-security:
      - max-age=31536000; includeSubDomains
      transfer-encoding:
      - chunked
      vary:
      - Accept-Encoding
      x-content-type-options:
      - nosniff
    status:
      code: 200
      message: OK
- request:
    body: null
    headers:
      Accept:
      - '*/*'
      Accept-Encoding:
      - gzip, deflate
      CommandName:
      - aks create
      Connection:
      - keep-alive
      ParameterSetName:
      - --resource-group --name --location --nodepool-name --node-count -k --ssh-key-value
        -o
      User-Agent:
      - AZURECLI/2.49.0 azsdk-python-azure-mgmt-containerservice/23.0.0b Python/3.8.10
        (Linux-5.15.0-1039-azure-x86_64-with-glibc2.29)
    method: GET
    uri: https://management.azure.com/subscriptions/00000000-0000-0000-0000-000000000000/providers/Microsoft.ContainerService/locations/westcentralus/operations/4ea56b30-8884-4d4f-b2c3-d59678822cc9?api-version=2016-03-30
  response:
    body:
      string: "{\n  \"name\": \"306ba54e-8488-4f4d-b2c3-d59678822cc9\",\n  \"status\":
        \"InProgress\",\n  \"startTime\": \"2023-06-25T03:20:41.5962774Z\"\n }"
    headers:
      cache-control:
      - no-cache
      content-length:
      - '126'
      content-type:
      - application/json
      date:
      - Sun, 25 Jun 2023 03:25:12 GMT
      expires:
      - '-1'
      pragma:
      - no-cache
      server:
      - nginx
      strict-transport-security:
      - max-age=31536000; includeSubDomains
      transfer-encoding:
      - chunked
      vary:
      - Accept-Encoding
      x-content-type-options:
      - nosniff
    status:
      code: 200
      message: OK
- request:
    body: null
    headers:
      Accept:
      - '*/*'
      Accept-Encoding:
      - gzip, deflate
      CommandName:
      - aks create
      Connection:
      - keep-alive
      ParameterSetName:
      - --resource-group --name --location --nodepool-name --node-count -k --ssh-key-value
        -o
      User-Agent:
      - AZURECLI/2.49.0 azsdk-python-azure-mgmt-containerservice/23.0.0b Python/3.8.10
        (Linux-5.15.0-1039-azure-x86_64-with-glibc2.29)
    method: GET
    uri: https://management.azure.com/subscriptions/00000000-0000-0000-0000-000000000000/providers/Microsoft.ContainerService/locations/westcentralus/operations/4ea56b30-8884-4d4f-b2c3-d59678822cc9?api-version=2016-03-30
  response:
    body:
      string: "{\n  \"name\": \"306ba54e-8488-4f4d-b2c3-d59678822cc9\",\n  \"status\":
        \"Succeeded\",\n  \"startTime\": \"2023-06-25T03:20:41.5962774Z\",\n  \"endTime\":
        \"2023-06-25T03:25:37.742277Z\"\n }"
    headers:
      cache-control:
      - no-cache
      content-length:
      - '169'
      content-type:
      - application/json
      date:
      - Sun, 25 Jun 2023 03:25:42 GMT
      expires:
      - '-1'
      pragma:
      - no-cache
      server:
      - nginx
      strict-transport-security:
      - max-age=31536000; includeSubDomains
      transfer-encoding:
      - chunked
      vary:
      - Accept-Encoding
      x-content-type-options:
      - nosniff
    status:
      code: 200
      message: OK
- request:
    body: null
    headers:
      Accept:
      - '*/*'
      Accept-Encoding:
      - gzip, deflate
      CommandName:
      - aks create
      Connection:
      - keep-alive
      ParameterSetName:
      - --resource-group --name --location --nodepool-name --node-count -k --ssh-key-value
        -o
      User-Agent:
      - AZURECLI/2.49.0 azsdk-python-azure-mgmt-containerservice/23.0.0b Python/3.8.10
        (Linux-5.15.0-1039-azure-x86_64-with-glibc2.29)
    method: GET
    uri: https://management.azure.com/subscriptions/00000000-0000-0000-0000-000000000000/resourceGroups/clitest000001/providers/Microsoft.ContainerService/managedClusters/cliakstest000003?api-version=2023-10-02-preview
  response:
    body:
      string: "{\n  \"id\": \"/subscriptions/00000000-0000-0000-0000-000000000000/resourcegroups/clitest000001/providers/Microsoft.ContainerService/managedClusters/cliakstest000003\",\n
        \ \"location\": \"westcentralus\",\n  \"name\": \"cliakstest000003\",\n  \"type\":
        \"Microsoft.ContainerService/ManagedClusters\",\n  \"properties\": {\n   \"provisioningState\":
        \"Succeeded\",\n   \"powerState\": {\n    \"code\": \"Running\"\n   },\n   \"kubernetesVersion\":
        \"1.26.3\",\n   \"currentKubernetesVersion\": \"1.26.3\",\n   \"dnsPrefix\":
        \"cliakstest-clitestm37iw2of4-79a739\",\n   \"fqdn\": \"cliakstest-clitestm37iw2of4-79a739-bh12wib0.hcp.westcentralus.azmk8s.io\",\n
        \  \"azurePortalFQDN\": \"cliakstest-clitestm37iw2of4-79a739-bh12wib0.portal.hcp.westcentralus.azmk8s.io\",\n
        \  \"agentPoolProfiles\": [\n    {\n     \"name\": \"c000004\",\n     \"count\":
        1,\n     \"vmSize\": \"Standard_DS2_v2\",\n     \"osDiskSizeGB\": 128,\n     \"osDiskType\":
        \"Managed\",\n     \"kubeletDiskType\": \"OS\",\n     \"workloadRuntime\":
        \"OCIContainer\",\n     \"maxPods\": 110,\n     \"type\": \"VirtualMachineScaleSets\",\n
        \    \"enableAutoScaling\": false,\n     \"provisioningState\": \"Succeeded\",\n
        \    \"powerState\": {\n      \"code\": \"Running\"\n     },\n     \"orchestratorVersion\":
        \"1.26.3\",\n     \"currentOrchestratorVersion\": \"1.26.3\",\n     \"enableNodePublicIP\":
        false,\n     \"enableCustomCATrust\": false,\n     \"mode\": \"System\",\n
        \    \"enableEncryptionAtHost\": false,\n     \"enableUltraSSD\": false,\n
        \    \"osType\": \"Linux\",\n     \"osSKU\": \"Ubuntu\",\n     \"nodeImageVersion\":
        \"AKSUbuntu-2204gen2containerd-202306.19.0\",\n     \"upgradeSettings\": {},\n
        \    \"enableFIPS\": false,\n     \"networkProfile\": {}\n    }\n   ],\n   \"linuxProfile\":
        {\n    \"adminUsername\": \"azureuser\",\n    \"ssh\": {\n     \"publicKeys\":
        [\n      {\n       \"keyData\": \"ssh-rsa AAAAB3NzaC1yc2EAAAADAQABAAABAQDIdFuT4kW9h0LYgYkCTZ8VoRfDIfqjZwZgqVkh8CLmpLRjJlhj2CPpwxuTp7cO5+JKSYONgRtmUuJeyenbpwbFHxR2NfozVNB58DC/TIFDYePcQbqehIWzgSYjSry4XFh53ftuCrfyKTv45UPTKKY5FPk6W+a5mqUrpfSN8cbW3mQq/oWm/AfYDuUyJbhuuDr56+JOY83k9mJAM7tgTi58GWQPLyRfWyFUv3VGdYO2wwoViTLVzpMRRspx1xzNK1pY7pDb9aLPMfB4+1F4orZRUcYNE3Q8RHUBH01M+ECLBvvBEFLfIJT8qDdQaljqMah53XgnGen0XurXJ+wfpsB5
        azcli_aks_live_test@example.com\\n\"\n      }\n     ]\n    }\n   },\n   \"servicePrincipalProfile\":
        {\n    \"clientId\":\"00000000-0000-0000-0000-000000000001\"\n   },\n   \"nodeResourceGroup\":
        \"MC_clitest000001_cliakstest000003_westcentralus\",\n   \"enableRBAC\": true,\n
        \  \"enablePodSecurityPolicy\": false,\n   \"supportPlan\": \"KubernetesOfficial\",\n
        \  \"networkProfile\": {\n    \"networkPlugin\": \"kubenet\",\n    \"loadBalancerSku\":
        \"Standard\",\n    \"loadBalancerProfile\": {\n     \"managedOutboundIPs\":
        {\n      \"count\": 1\n     },\n     \"effectiveOutboundIPs\": [\n      {\n
        \      \"id\": \"/subscriptions/00000000-0000-0000-0000-000000000000/resourceGroups/MC_clitest000001_cliakstest000003_westcentralus/providers/Microsoft.Network/publicIPAddresses/85cffecc-7ce7-44c9-ab9f-a0b9c8b38efa\"\n
        \     }\n     ],\n     \"backendPoolType\": \"nodeIPConfiguration\"\n    },\n
        \   \"podCidr\": \"10.244.0.0/16\",\n    \"serviceCidr\": \"10.0.0.0/16\",\n
        \   \"dnsServiceIP\": \"10.0.0.10\",\n    \"outboundType\": \"loadBalancer\",\n
        \   \"podCidrs\": [\n     \"10.244.0.0/16\"\n    ],\n    \"serviceCidrs\":
        [\n     \"10.0.0.0/16\"\n    ],\n    \"ipFamilies\": [\n     \"IPv4\"\n    ]\n
        \  },\n   \"maxAgentPools\": 100,\n   \"identityProfile\": {\n    \"kubeletidentity\":
        {\n     \"resourceId\": \"/subscriptions/00000000-0000-0000-0000-000000000000/resourcegroups/MC_clitest000001_cliakstest000003_westcentralus/providers/Microsoft.ManagedIdentity/userAssignedIdentities/cliakstest000003-agentpool\",\n
        \    \"clientId\":\"00000000-0000-0000-0000-000000000001\",\n     \"objectId\":\"00000000-0000-0000-0000-000000000001\"\n
        \   }\n   },\n   \"disableLocalAccounts\": false,\n   \"securityProfile\":
        {},\n   \"storageProfile\": {\n    \"diskCSIDriver\": {\n     \"enabled\":
        true,\n     \"version\": \"v1\"\n    },\n    \"fileCSIDriver\": {\n     \"enabled\":
        true\n    },\n    \"snapshotController\": {\n     \"enabled\": true\n    }\n
        \  },\n   \"oidcIssuerProfile\": {\n    \"enabled\": false\n   },\n   \"workloadAutoScalerProfile\":
        {}\n  },\n  \"identity\": {\n   \"type\": \"SystemAssigned\",\n   \"principalId\":\"00000000-0000-0000-0000-000000000001\",\n
        \  \"tenantId\": \"72f988bf-86f1-41af-91ab-2d7cd011db47\"\n  },\n  \"sku\":
        {\n   \"name\": \"Base\",\n   \"tier\": \"Free\"\n  }\n }"
    headers:
      cache-control:
      - no-cache
      content-length:
      - '4162'
      content-type:
      - application/json
      date:
      - Sun, 25 Jun 2023 03:25:43 GMT
      expires:
      - '-1'
      pragma:
      - no-cache
      server:
      - nginx
      strict-transport-security:
      - max-age=31536000; includeSubDomains
      transfer-encoding:
      - chunked
      vary:
      - Accept-Encoding
      x-content-type-options:
      - nosniff
    status:
      code: 200
      message: OK
- request:
    body: null
    headers:
      Accept:
      - application/json
      Accept-Encoding:
      - gzip, deflate
      CommandName:
      - aks upgrade
      Connection:
      - keep-alive
      ParameterSetName:
      - --resource-group --name --cluster-snapshot-id --aks-custom-headers --yes -o
      User-Agent:
      - AZURECLI/2.49.0 azsdk-python-azure-mgmt-containerservice/23.0.0b Python/3.8.10
        (Linux-5.15.0-1039-azure-x86_64-with-glibc2.29)
    method: GET
    uri: https://management.azure.com/subscriptions/00000000-0000-0000-0000-000000000000/resourceGroups/clitest000001/providers/Microsoft.ContainerService/managedClusters/cliakstest000003?api-version=2023-10-02-preview
  response:
    body:
      string: "{\n  \"id\": \"/subscriptions/00000000-0000-0000-0000-000000000000/resourcegroups/clitest000001/providers/Microsoft.ContainerService/managedClusters/cliakstest000003\",\n
        \ \"location\": \"westcentralus\",\n  \"name\": \"cliakstest000003\",\n  \"type\":
        \"Microsoft.ContainerService/ManagedClusters\",\n  \"properties\": {\n   \"provisioningState\":
        \"Succeeded\",\n   \"powerState\": {\n    \"code\": \"Running\"\n   },\n   \"kubernetesVersion\":
        \"1.26.3\",\n   \"currentKubernetesVersion\": \"1.26.3\",\n   \"dnsPrefix\":
        \"cliakstest-clitestm37iw2of4-79a739\",\n   \"fqdn\": \"cliakstest-clitestm37iw2of4-79a739-bh12wib0.hcp.westcentralus.azmk8s.io\",\n
        \  \"azurePortalFQDN\": \"cliakstest-clitestm37iw2of4-79a739-bh12wib0.portal.hcp.westcentralus.azmk8s.io\",\n
        \  \"agentPoolProfiles\": [\n    {\n     \"name\": \"c000004\",\n     \"count\":
        1,\n     \"vmSize\": \"Standard_DS2_v2\",\n     \"osDiskSizeGB\": 128,\n     \"osDiskType\":
        \"Managed\",\n     \"kubeletDiskType\": \"OS\",\n     \"workloadRuntime\":
        \"OCIContainer\",\n     \"maxPods\": 110,\n     \"type\": \"VirtualMachineScaleSets\",\n
        \    \"enableAutoScaling\": false,\n     \"provisioningState\": \"Succeeded\",\n
        \    \"powerState\": {\n      \"code\": \"Running\"\n     },\n     \"orchestratorVersion\":
        \"1.26.3\",\n     \"currentOrchestratorVersion\": \"1.26.3\",\n     \"enableNodePublicIP\":
        false,\n     \"enableCustomCATrust\": false,\n     \"mode\": \"System\",\n
        \    \"enableEncryptionAtHost\": false,\n     \"enableUltraSSD\": false,\n
        \    \"osType\": \"Linux\",\n     \"osSKU\": \"Ubuntu\",\n     \"nodeImageVersion\":
        \"AKSUbuntu-2204gen2containerd-202306.19.0\",\n     \"upgradeSettings\": {},\n
        \    \"enableFIPS\": false,\n     \"networkProfile\": {}\n    }\n   ],\n   \"linuxProfile\":
        {\n    \"adminUsername\": \"azureuser\",\n    \"ssh\": {\n     \"publicKeys\":
        [\n      {\n       \"keyData\": \"ssh-rsa AAAAB3NzaC1yc2EAAAADAQABAAABAQDIdFuT4kW9h0LYgYkCTZ8VoRfDIfqjZwZgqVkh8CLmpLRjJlhj2CPpwxuTp7cO5+JKSYONgRtmUuJeyenbpwbFHxR2NfozVNB58DC/TIFDYePcQbqehIWzgSYjSry4XFh53ftuCrfyKTv45UPTKKY5FPk6W+a5mqUrpfSN8cbW3mQq/oWm/AfYDuUyJbhuuDr56+JOY83k9mJAM7tgTi58GWQPLyRfWyFUv3VGdYO2wwoViTLVzpMRRspx1xzNK1pY7pDb9aLPMfB4+1F4orZRUcYNE3Q8RHUBH01M+ECLBvvBEFLfIJT8qDdQaljqMah53XgnGen0XurXJ+wfpsB5
        azcli_aks_live_test@example.com\\n\"\n      }\n     ]\n    }\n   },\n   \"servicePrincipalProfile\":
        {\n    \"clientId\":\"00000000-0000-0000-0000-000000000001\"\n   },\n   \"nodeResourceGroup\":
        \"MC_clitest000001_cliakstest000003_westcentralus\",\n   \"enableRBAC\": true,\n
        \  \"enablePodSecurityPolicy\": false,\n   \"supportPlan\": \"KubernetesOfficial\",\n
        \  \"networkProfile\": {\n    \"networkPlugin\": \"kubenet\",\n    \"loadBalancerSku\":
        \"Standard\",\n    \"loadBalancerProfile\": {\n     \"managedOutboundIPs\":
        {\n      \"count\": 1\n     },\n     \"effectiveOutboundIPs\": [\n      {\n
        \      \"id\": \"/subscriptions/00000000-0000-0000-0000-000000000000/resourceGroups/MC_clitest000001_cliakstest000003_westcentralus/providers/Microsoft.Network/publicIPAddresses/85cffecc-7ce7-44c9-ab9f-a0b9c8b38efa\"\n
        \     }\n     ],\n     \"backendPoolType\": \"nodeIPConfiguration\"\n    },\n
        \   \"podCidr\": \"10.244.0.0/16\",\n    \"serviceCidr\": \"10.0.0.0/16\",\n
        \   \"dnsServiceIP\": \"10.0.0.10\",\n    \"outboundType\": \"loadBalancer\",\n
        \   \"podCidrs\": [\n     \"10.244.0.0/16\"\n    ],\n    \"serviceCidrs\":
        [\n     \"10.0.0.0/16\"\n    ],\n    \"ipFamilies\": [\n     \"IPv4\"\n    ]\n
        \  },\n   \"maxAgentPools\": 100,\n   \"identityProfile\": {\n    \"kubeletidentity\":
        {\n     \"resourceId\": \"/subscriptions/00000000-0000-0000-0000-000000000000/resourcegroups/MC_clitest000001_cliakstest000003_westcentralus/providers/Microsoft.ManagedIdentity/userAssignedIdentities/cliakstest000003-agentpool\",\n
        \    \"clientId\":\"00000000-0000-0000-0000-000000000001\",\n     \"objectId\":\"00000000-0000-0000-0000-000000000001\"\n
        \   }\n   },\n   \"disableLocalAccounts\": false,\n   \"securityProfile\":
        {},\n   \"storageProfile\": {\n    \"diskCSIDriver\": {\n     \"enabled\":
        true,\n     \"version\": \"v1\"\n    },\n    \"fileCSIDriver\": {\n     \"enabled\":
        true\n    },\n    \"snapshotController\": {\n     \"enabled\": true\n    }\n
        \  },\n   \"oidcIssuerProfile\": {\n    \"enabled\": false\n   },\n   \"workloadAutoScalerProfile\":
        {}\n  },\n  \"identity\": {\n   \"type\": \"SystemAssigned\",\n   \"principalId\":\"00000000-0000-0000-0000-000000000001\",\n
        \  \"tenantId\": \"72f988bf-86f1-41af-91ab-2d7cd011db47\"\n  },\n  \"sku\":
        {\n   \"name\": \"Base\",\n   \"tier\": \"Free\"\n  }\n }"
    headers:
      cache-control:
      - no-cache
      content-length:
      - '4162'
      content-type:
      - application/json
      date:
      - Sun, 25 Jun 2023 03:25:44 GMT
      expires:
      - '-1'
      pragma:
      - no-cache
      server:
      - nginx
      strict-transport-security:
      - max-age=31536000; includeSubDomains
      transfer-encoding:
      - chunked
      vary:
      - Accept-Encoding
      x-content-type-options:
      - nosniff
    status:
      code: 200
      message: OK
- request:
    body: null
    headers:
      Accept:
      - application/json
      Accept-Encoding:
      - gzip, deflate
      CommandName:
      - aks upgrade
      Connection:
      - keep-alive
      ParameterSetName:
      - --resource-group --name --cluster-snapshot-id --aks-custom-headers --yes -o
      User-Agent:
      - AZURECLI/2.49.0 azsdk-python-azure-mgmt-containerservice/23.0.0b Python/3.8.10
        (Linux-5.15.0-1039-azure-x86_64-with-glibc2.29)
    method: GET
    uri: https://management.azure.com/subscriptions/00000000-0000-0000-0000-000000000000/resourceGroups/clitest000001/providers/Microsoft.ContainerService/managedclustersnapshots/s000005?api-version=2023-10-02-preview
  response:
    body:
      string: "{\n  \"name\": \"s000005\",\n  \"id\": \"/subscriptions/00000000-0000-0000-0000-000000000000/resourceGroups/clitest000001/providers/Microsoft.ContainerService/managedclustersnapshots/s000005\",\n
        \ \"type\": \"Microsoft.ContainerService/ManagedClusterSnapshots\",\n  \"location\":
        \"westcentralus\",\n  \"systemData\": {\n   \"createdBy\": \"3fac8b4e-cd90-4baa-a5d2-66d52bc8349d\",\n
        \  \"createdByType\": \"Application\",\n   \"createdAt\": \"2023-06-25T03:20:31.7417866Z\",\n
        \  \"lastModifiedBy\": \"3fac8b4e-cd90-4baa-a5d2-66d52bc8349d\",\n   \"lastModifiedByType\":
        \"Application\",\n   \"lastModifiedAt\": \"2023-06-25T03:20:31.7417866Z\"\n
        \ },\n  \"properties\": {\n   \"creationData\": {\n    \"sourceResourceId\":
        \"/subscriptions/00000000-0000-0000-0000-000000000000/resourcegroups/clitest000001/providers/Microsoft.ContainerService/managedClusters/cliakstest000002\"\n
        \  },\n   \"snapshotType\": \"ManagedCluster\",\n   \"managedClusterPropertiesReadOnly\":
        {\n    \"kubernetesVersion\": \"1.27.1\",\n    \"sku\": {\n     \"name\":
        \"Base\",\n     \"tier\": \"Free\"\n    },\n    \"enableRbac\": true,\n    \"networkProfile\":
        {\n     \"networkPlugin\": \"kubenet\",\n     \"loadBalancerSku\": \"Standard\"\n
        \   }\n   }\n  }\n }"
    headers:
      cache-control:
      - no-cache
      content-length:
      - '1123'
      content-type:
      - application/json
      date:
      - Sun, 25 Jun 2023 03:25:45 GMT
      expires:
      - '-1'
      pragma:
      - no-cache
      server:
      - nginx
      strict-transport-security:
      - max-age=31536000; includeSubDomains
      transfer-encoding:
      - chunked
      vary:
      - Accept-Encoding
      x-content-type-options:
      - nosniff
    status:
      code: 200
      message: OK
- request:
    body: '{"location": "westcentralus", "sku": {"name": "Base", "tier": "Free"},
      "identity": {"type": "SystemAssigned"}, "properties": {"creationData": {"sourceResourceId":
      "/subscriptions/00000000-0000-0000-0000-000000000000/resourceGroups/clitest000001/providers/Microsoft.ContainerService/managedclustersnapshots/s000005"},
      "kubernetesVersion": "1.27.1", "dnsPrefix": "cliakstest-clitestm37iw2of4-79a739",
      "agentPoolProfiles": [{"count": 1, "vmSize": "Standard_DS2_v2", "osDiskSizeGB":
      128, "osDiskType": "Managed", "kubeletDiskType": "OS", "workloadRuntime": "OCIContainer",
      "maxPods": 110, "osType": "Linux", "osSKU": "Ubuntu", "enableAutoScaling": false,
      "type": "VirtualMachineScaleSets", "mode": "System", "orchestratorVersion":
      "1.27.1", "upgradeSettings": {}, "powerState": {"code": "Running"}, "enableNodePublicIP":
      false, "enableCustomCATrust": false, "enableEncryptionAtHost": false, "enableUltraSSD":
      false, "enableFIPS": false, "networkProfile": {}, "name": "c000004"}], "linuxProfile":
      {"adminUsername": "azureuser", "ssh": {"publicKeys": [{"keyData": "ssh-rsa AAAAB3NzaC1yc2EAAAADAQABAAABAQDIdFuT4kW9h0LYgYkCTZ8VoRfDIfqjZwZgqVkh8CLmpLRjJlhj2CPpwxuTp7cO5+JKSYONgRtmUuJeyenbpwbFHxR2NfozVNB58DC/TIFDYePcQbqehIWzgSYjSry4XFh53ftuCrfyKTv45UPTKKY5FPk6W+a5mqUrpfSN8cbW3mQq/oWm/AfYDuUyJbhuuDr56+JOY83k9mJAM7tgTi58GWQPLyRfWyFUv3VGdYO2wwoViTLVzpMRRspx1xzNK1pY7pDb9aLPMfB4+1F4orZRUcYNE3Q8RHUBH01M+ECLBvvBEFLfIJT8qDdQaljqMah53XgnGen0XurXJ+wfpsB5
      azcli_aks_live_test@example.com\n"}]}}, "oidcIssuerProfile": {"enabled": false},
      "nodeResourceGroup": "MC_clitest000001_cliakstest000003_westcentralus", "enableRBAC":
      true, "supportPlan": "KubernetesOfficial", "enablePodSecurityPolicy": false,
      "networkProfile": {"networkPlugin": "kubenet", "podCidr": "10.244.0.0/16", "serviceCidr":
      "10.0.0.0/16", "dnsServiceIP": "10.0.0.10", "outboundType": "loadBalancer",
      "loadBalancerSku": "Standard", "loadBalancerProfile": {"managedOutboundIPs":
      {"count": 1}, "effectiveOutboundIPs": [{"id": "/subscriptions/00000000-0000-0000-0000-000000000000/resourceGroups/MC_clitest000001_cliakstest000003_westcentralus/providers/Microsoft.Network/publicIPAddresses/85cffecc-7ce7-44c9-ab9f-a0b9c8b38efa"}],
      "backendPoolType": "nodeIPConfiguration"}, "podCidrs": ["10.244.0.0/16"], "serviceCidrs":
      ["10.0.0.0/16"], "ipFamilies": ["IPv4"]}, "identityProfile": {"kubeletidentity":
      {"resourceId": "/subscriptions/00000000-0000-0000-0000-000000000000/resourcegroups/MC_clitest000001_cliakstest000003_westcentralus/providers/Microsoft.ManagedIdentity/userAssignedIdentities/cliakstest000003-agentpool",
      "clientId":"00000000-0000-0000-0000-000000000001", "objectId":"00000000-0000-0000-0000-000000000001"}},
      "disableLocalAccounts": false, "securityProfile": {}, "storageProfile": {"diskCSIDriver":
      {"enabled": true, "version": "v1"}, "fileCSIDriver": {"enabled": true}, "snapshotController":
      {"enabled": true}}, "workloadAutoScalerProfile": {}}}'
    headers:
      AKSHTTPCustomFeatures:
      - Microsoft.ContainerService/ManagedClusterSnapshotPreview
      Accept:
      - application/json
      Accept-Encoding:
      - gzip, deflate
      CommandName:
      - aks upgrade
      Connection:
      - keep-alive
      Content-Length:
      - '2907'
      Content-Type:
      - application/json
      ParameterSetName:
      - --resource-group --name --cluster-snapshot-id --aks-custom-headers --yes -o
      User-Agent:
      - AZURECLI/2.49.0 azsdk-python-azure-mgmt-containerservice/23.0.0b Python/3.8.10
        (Linux-5.15.0-1039-azure-x86_64-with-glibc2.29)
    method: PUT
    uri: https://management.azure.com/subscriptions/00000000-0000-0000-0000-000000000000/resourceGroups/clitest000001/providers/Microsoft.ContainerService/managedClusters/cliakstest000003?api-version=2023-10-02-preview
  response:
    body:
      string: "{\n  \"id\": \"/subscriptions/00000000-0000-0000-0000-000000000000/resourcegroups/clitest000001/providers/Microsoft.ContainerService/managedClusters/cliakstest000003\",\n
        \ \"location\": \"westcentralus\",\n  \"name\": \"cliakstest000003\",\n  \"type\":
        \"Microsoft.ContainerService/ManagedClusters\",\n  \"properties\": {\n   \"provisioningState\":
        \"Upgrading\",\n   \"powerState\": {\n    \"code\": \"Running\"\n   },\n   \"creationData\":
        {\n    \"sourceResourceId\": \"/subscriptions/00000000-0000-0000-0000-000000000000/resourceGroups/clitest000001/providers/Microsoft.ContainerService/managedclustersnapshots/s000005\"\n
        \  },\n   \"kubernetesVersion\": \"1.27.1\",\n   \"currentKubernetesVersion\":
        \"1.27.1\",\n   \"dnsPrefix\": \"cliakstest-clitestm37iw2of4-79a739\",\n   \"fqdn\":
        \"cliakstest-clitestm37iw2of4-79a739-bh12wib0.hcp.westcentralus.azmk8s.io\",\n
        \  \"azurePortalFQDN\": \"cliakstest-clitestm37iw2of4-79a739-bh12wib0.portal.hcp.westcentralus.azmk8s.io\",\n
        \  \"agentPoolProfiles\": [\n    {\n     \"name\": \"c000004\",\n     \"count\":
        1,\n     \"vmSize\": \"Standard_DS2_v2\",\n     \"osDiskSizeGB\": 128,\n     \"osDiskType\":
        \"Managed\",\n     \"kubeletDiskType\": \"OS\",\n     \"workloadRuntime\":
        \"OCIContainer\",\n     \"maxPods\": 110,\n     \"type\": \"VirtualMachineScaleSets\",\n
        \    \"enableAutoScaling\": false,\n     \"provisioningState\": \"Upgrading\",\n
        \    \"powerState\": {\n      \"code\": \"Running\"\n     },\n     \"orchestratorVersion\":
        \"1.27.1\",\n     \"currentOrchestratorVersion\": \"1.27.1\",\n     \"enableNodePublicIP\":
        false,\n     \"enableCustomCATrust\": false,\n     \"mode\": \"System\",\n
        \    \"enableEncryptionAtHost\": false,\n     \"enableUltraSSD\": false,\n
        \    \"osType\": \"Linux\",\n     \"osSKU\": \"Ubuntu\",\n     \"nodeImageVersion\":
        \"AKSUbuntu-2204gen2containerd-202306.19.0\",\n     \"upgradeSettings\": {},\n
        \    \"enableFIPS\": false,\n     \"networkProfile\": {}\n    }\n   ],\n   \"linuxProfile\":
        {\n    \"adminUsername\": \"azureuser\",\n    \"ssh\": {\n     \"publicKeys\":
        [\n      {\n       \"keyData\": \"ssh-rsa AAAAB3NzaC1yc2EAAAADAQABAAABAQDIdFuT4kW9h0LYgYkCTZ8VoRfDIfqjZwZgqVkh8CLmpLRjJlhj2CPpwxuTp7cO5+JKSYONgRtmUuJeyenbpwbFHxR2NfozVNB58DC/TIFDYePcQbqehIWzgSYjSry4XFh53ftuCrfyKTv45UPTKKY5FPk6W+a5mqUrpfSN8cbW3mQq/oWm/AfYDuUyJbhuuDr56+JOY83k9mJAM7tgTi58GWQPLyRfWyFUv3VGdYO2wwoViTLVzpMRRspx1xzNK1pY7pDb9aLPMfB4+1F4orZRUcYNE3Q8RHUBH01M+ECLBvvBEFLfIJT8qDdQaljqMah53XgnGen0XurXJ+wfpsB5
        azcli_aks_live_test@example.com\\n\"\n      }\n     ]\n    }\n   },\n   \"servicePrincipalProfile\":
        {\n    \"clientId\":\"00000000-0000-0000-0000-000000000001\"\n   },\n   \"nodeResourceGroup\":
        \"MC_clitest000001_cliakstest000003_westcentralus\",\n   \"enableRBAC\": true,\n
        \  \"enablePodSecurityPolicy\": false,\n   \"supportPlan\": \"KubernetesOfficial\",\n
        \  \"networkProfile\": {\n    \"networkPlugin\": \"kubenet\",\n    \"loadBalancerSku\":
        \"Standard\",\n    \"loadBalancerProfile\": {\n     \"managedOutboundIPs\":
        {\n      \"count\": 1\n     },\n     \"effectiveOutboundIPs\": [\n      {\n
        \      \"id\": \"/subscriptions/00000000-0000-0000-0000-000000000000/resourceGroups/MC_clitest000001_cliakstest000003_westcentralus/providers/Microsoft.Network/publicIPAddresses/85cffecc-7ce7-44c9-ab9f-a0b9c8b38efa\"\n
        \     }\n     ],\n     \"backendPoolType\": \"nodeIPConfiguration\"\n    },\n
        \   \"podCidr\": \"10.244.0.0/16\",\n    \"serviceCidr\": \"10.0.0.0/16\",\n
        \   \"dnsServiceIP\": \"10.0.0.10\",\n    \"outboundType\": \"loadBalancer\",\n
        \   \"podCidrs\": [\n     \"10.244.0.0/16\"\n    ],\n    \"serviceCidrs\":
        [\n     \"10.0.0.0/16\"\n    ],\n    \"ipFamilies\": [\n     \"IPv4\"\n    ]\n
        \  },\n   \"maxAgentPools\": 100,\n   \"identityProfile\": {\n    \"kubeletidentity\":
        {\n     \"resourceId\": \"/subscriptions/00000000-0000-0000-0000-000000000000/resourcegroups/MC_clitest000001_cliakstest000003_westcentralus/providers/Microsoft.ManagedIdentity/userAssignedIdentities/cliakstest000003-agentpool\",\n
        \    \"clientId\":\"00000000-0000-0000-0000-000000000001\",\n     \"objectId\":\"00000000-0000-0000-0000-000000000001\"\n
        \   }\n   },\n   \"disableLocalAccounts\": false,\n   \"securityProfile\":
        {},\n   \"storageProfile\": {\n    \"diskCSIDriver\": {\n     \"enabled\":
        true,\n     \"version\": \"v1\"\n    },\n    \"fileCSIDriver\": {\n     \"enabled\":
        true\n    },\n    \"snapshotController\": {\n     \"enabled\": true\n    }\n
        \  },\n   \"oidcIssuerProfile\": {\n    \"enabled\": false\n   },\n   \"workloadAutoScalerProfile\":
        {}\n  },\n  \"identity\": {\n   \"type\": \"SystemAssigned\",\n   \"principalId\":\"00000000-0000-0000-0000-000000000001\",\n
        \  \"tenantId\": \"72f988bf-86f1-41af-91ab-2d7cd011db47\"\n  },\n  \"sku\":
        {\n   \"name\": \"Base\",\n   \"tier\": \"Free\"\n  }\n }"
    headers:
      azure-asyncoperation:
      - https://management.azure.com/subscriptions/00000000-0000-0000-0000-000000000000/providers/Microsoft.ContainerService/locations/westcentralus/operations/d4894e1d-b599-4c1e-b943-988f349c7999?api-version=2016-03-30
      cache-control:
      - no-cache
      content-length:
      - '4365'
      content-type:
      - application/json
      date:
      - Sun, 25 Jun 2023 03:25:58 GMT
      expires:
      - '-1'
      pragma:
      - no-cache
      server:
      - nginx
      strict-transport-security:
      - max-age=31536000; includeSubDomains
      transfer-encoding:
      - chunked
      vary:
      - Accept-Encoding
      x-content-type-options:
      - nosniff
      x-ms-ratelimit-remaining-subscription-writes:
      - '1198'
    status:
      code: 200
      message: OK
- request:
    body: null
    headers:
      Accept:
      - '*/*'
      Accept-Encoding:
      - gzip, deflate
      CommandName:
      - aks upgrade
      Connection:
      - keep-alive
      ParameterSetName:
      - --resource-group --name --cluster-snapshot-id --aks-custom-headers --yes -o
      User-Agent:
      - AZURECLI/2.49.0 azsdk-python-azure-mgmt-containerservice/23.0.0b Python/3.8.10
        (Linux-5.15.0-1039-azure-x86_64-with-glibc2.29)
    method: GET
    uri: https://management.azure.com/subscriptions/00000000-0000-0000-0000-000000000000/providers/Microsoft.ContainerService/locations/westcentralus/operations/d4894e1d-b599-4c1e-b943-988f349c7999?api-version=2016-03-30
  response:
    body:
      string: "{\n  \"name\": \"1d4e89d4-99b5-1e4c-b943-988f349c7999\",\n  \"status\":
        \"InProgress\",\n  \"startTime\": \"2023-06-25T03:25:57.8793882Z\"\n }"
    headers:
      cache-control:
      - no-cache
      content-length:
      - '126'
      content-type:
      - application/json
      date:
      - Sun, 25 Jun 2023 03:25:58 GMT
      expires:
      - '-1'
      pragma:
      - no-cache
      server:
      - nginx
      strict-transport-security:
      - max-age=31536000; includeSubDomains
      transfer-encoding:
      - chunked
      vary:
      - Accept-Encoding
      x-content-type-options:
      - nosniff
    status:
      code: 200
      message: OK
- request:
    body: null
    headers:
      Accept:
      - '*/*'
      Accept-Encoding:
      - gzip, deflate
      CommandName:
      - aks upgrade
      Connection:
      - keep-alive
      ParameterSetName:
      - --resource-group --name --cluster-snapshot-id --aks-custom-headers --yes -o
      User-Agent:
      - AZURECLI/2.49.0 azsdk-python-azure-mgmt-containerservice/23.0.0b Python/3.8.10
        (Linux-5.15.0-1039-azure-x86_64-with-glibc2.29)
    method: GET
    uri: https://management.azure.com/subscriptions/00000000-0000-0000-0000-000000000000/providers/Microsoft.ContainerService/locations/westcentralus/operations/d4894e1d-b599-4c1e-b943-988f349c7999?api-version=2016-03-30
  response:
    body:
      string: "{\n  \"name\": \"1d4e89d4-99b5-1e4c-b943-988f349c7999\",\n  \"status\":
        \"InProgress\",\n  \"startTime\": \"2023-06-25T03:25:57.8793882Z\"\n }"
    headers:
      cache-control:
      - no-cache
      content-length:
      - '126'
      content-type:
      - application/json
      date:
      - Sun, 25 Jun 2023 03:26:28 GMT
      expires:
      - '-1'
      pragma:
      - no-cache
      server:
      - nginx
      strict-transport-security:
      - max-age=31536000; includeSubDomains
      transfer-encoding:
      - chunked
      vary:
      - Accept-Encoding
      x-content-type-options:
      - nosniff
    status:
      code: 200
      message: OK
- request:
    body: null
    headers:
      Accept:
      - '*/*'
      Accept-Encoding:
      - gzip, deflate
      CommandName:
      - aks upgrade
      Connection:
      - keep-alive
      ParameterSetName:
      - --resource-group --name --cluster-snapshot-id --aks-custom-headers --yes -o
      User-Agent:
      - AZURECLI/2.49.0 azsdk-python-azure-mgmt-containerservice/23.0.0b Python/3.8.10
        (Linux-5.15.0-1039-azure-x86_64-with-glibc2.29)
    method: GET
    uri: https://management.azure.com/subscriptions/00000000-0000-0000-0000-000000000000/providers/Microsoft.ContainerService/locations/westcentralus/operations/d4894e1d-b599-4c1e-b943-988f349c7999?api-version=2016-03-30
  response:
    body:
      string: "{\n  \"name\": \"1d4e89d4-99b5-1e4c-b943-988f349c7999\",\n  \"status\":
        \"InProgress\",\n  \"startTime\": \"2023-06-25T03:25:57.8793882Z\"\n }"
    headers:
      cache-control:
      - no-cache
      content-length:
      - '126'
      content-type:
      - application/json
      date:
      - Sun, 25 Jun 2023 03:26:58 GMT
      expires:
      - '-1'
      pragma:
      - no-cache
      server:
      - nginx
      strict-transport-security:
      - max-age=31536000; includeSubDomains
      transfer-encoding:
      - chunked
      vary:
      - Accept-Encoding
      x-content-type-options:
      - nosniff
    status:
      code: 200
      message: OK
- request:
    body: null
    headers:
      Accept:
      - '*/*'
      Accept-Encoding:
      - gzip, deflate
      CommandName:
      - aks upgrade
      Connection:
      - keep-alive
      ParameterSetName:
      - --resource-group --name --cluster-snapshot-id --aks-custom-headers --yes -o
      User-Agent:
      - AZURECLI/2.49.0 azsdk-python-azure-mgmt-containerservice/23.0.0b Python/3.8.10
        (Linux-5.15.0-1039-azure-x86_64-with-glibc2.29)
    method: GET
    uri: https://management.azure.com/subscriptions/00000000-0000-0000-0000-000000000000/providers/Microsoft.ContainerService/locations/westcentralus/operations/d4894e1d-b599-4c1e-b943-988f349c7999?api-version=2016-03-30
  response:
    body:
      string: "{\n  \"name\": \"1d4e89d4-99b5-1e4c-b943-988f349c7999\",\n  \"status\":
        \"InProgress\",\n  \"startTime\": \"2023-06-25T03:25:57.8793882Z\"\n }"
    headers:
      cache-control:
      - no-cache
      content-length:
      - '126'
      content-type:
      - application/json
      date:
      - Sun, 25 Jun 2023 03:27:29 GMT
      expires:
      - '-1'
      pragma:
      - no-cache
      server:
      - nginx
      strict-transport-security:
      - max-age=31536000; includeSubDomains
      transfer-encoding:
      - chunked
      vary:
      - Accept-Encoding
      x-content-type-options:
      - nosniff
    status:
      code: 200
      message: OK
- request:
    body: null
    headers:
      Accept:
      - '*/*'
      Accept-Encoding:
      - gzip, deflate
      CommandName:
      - aks upgrade
      Connection:
      - keep-alive
      ParameterSetName:
      - --resource-group --name --cluster-snapshot-id --aks-custom-headers --yes -o
      User-Agent:
      - AZURECLI/2.49.0 azsdk-python-azure-mgmt-containerservice/23.0.0b Python/3.8.10
        (Linux-5.15.0-1039-azure-x86_64-with-glibc2.29)
    method: GET
    uri: https://management.azure.com/subscriptions/00000000-0000-0000-0000-000000000000/providers/Microsoft.ContainerService/locations/westcentralus/operations/d4894e1d-b599-4c1e-b943-988f349c7999?api-version=2016-03-30
  response:
    body:
      string: "{\n  \"name\": \"1d4e89d4-99b5-1e4c-b943-988f349c7999\",\n  \"status\":
        \"InProgress\",\n  \"startTime\": \"2023-06-25T03:25:57.8793882Z\"\n }"
    headers:
      cache-control:
      - no-cache
      content-length:
      - '126'
      content-type:
      - application/json
      date:
      - Sun, 25 Jun 2023 03:27:58 GMT
      expires:
      - '-1'
      pragma:
      - no-cache
      server:
      - nginx
      strict-transport-security:
      - max-age=31536000; includeSubDomains
      transfer-encoding:
      - chunked
      vary:
      - Accept-Encoding
      x-content-type-options:
      - nosniff
    status:
      code: 200
      message: OK
- request:
    body: null
    headers:
      Accept:
      - '*/*'
      Accept-Encoding:
      - gzip, deflate
      CommandName:
      - aks upgrade
      Connection:
      - keep-alive
      ParameterSetName:
      - --resource-group --name --cluster-snapshot-id --aks-custom-headers --yes -o
      User-Agent:
      - AZURECLI/2.49.0 azsdk-python-azure-mgmt-containerservice/23.0.0b Python/3.8.10
        (Linux-5.15.0-1039-azure-x86_64-with-glibc2.29)
    method: GET
    uri: https://management.azure.com/subscriptions/00000000-0000-0000-0000-000000000000/providers/Microsoft.ContainerService/locations/westcentralus/operations/d4894e1d-b599-4c1e-b943-988f349c7999?api-version=2016-03-30
  response:
    body:
      string: "{\n  \"name\": \"1d4e89d4-99b5-1e4c-b943-988f349c7999\",\n  \"status\":
        \"InProgress\",\n  \"startTime\": \"2023-06-25T03:25:57.8793882Z\"\n }"
    headers:
      cache-control:
      - no-cache
      content-length:
      - '126'
      content-type:
      - application/json
      date:
      - Sun, 25 Jun 2023 03:28:28 GMT
      expires:
      - '-1'
      pragma:
      - no-cache
      server:
      - nginx
      strict-transport-security:
      - max-age=31536000; includeSubDomains
      transfer-encoding:
      - chunked
      vary:
      - Accept-Encoding
      x-content-type-options:
      - nosniff
    status:
      code: 200
      message: OK
- request:
    body: null
    headers:
      Accept:
      - '*/*'
      Accept-Encoding:
      - gzip, deflate
      CommandName:
      - aks upgrade
      Connection:
      - keep-alive
      ParameterSetName:
      - --resource-group --name --cluster-snapshot-id --aks-custom-headers --yes -o
      User-Agent:
      - AZURECLI/2.49.0 azsdk-python-azure-mgmt-containerservice/23.0.0b Python/3.8.10
        (Linux-5.15.0-1039-azure-x86_64-with-glibc2.29)
    method: GET
    uri: https://management.azure.com/subscriptions/00000000-0000-0000-0000-000000000000/providers/Microsoft.ContainerService/locations/westcentralus/operations/d4894e1d-b599-4c1e-b943-988f349c7999?api-version=2016-03-30
  response:
    body:
      string: "{\n  \"name\": \"1d4e89d4-99b5-1e4c-b943-988f349c7999\",\n  \"status\":
        \"InProgress\",\n  \"startTime\": \"2023-06-25T03:25:57.8793882Z\"\n }"
    headers:
      cache-control:
      - no-cache
      content-length:
      - '126'
      content-type:
      - application/json
      date:
      - Sun, 25 Jun 2023 03:28:58 GMT
      expires:
      - '-1'
      pragma:
      - no-cache
      server:
      - nginx
      strict-transport-security:
      - max-age=31536000; includeSubDomains
      transfer-encoding:
      - chunked
      vary:
      - Accept-Encoding
      x-content-type-options:
      - nosniff
    status:
      code: 200
      message: OK
- request:
    body: null
    headers:
      Accept:
      - '*/*'
      Accept-Encoding:
      - gzip, deflate
      CommandName:
      - aks upgrade
      Connection:
      - keep-alive
      ParameterSetName:
      - --resource-group --name --cluster-snapshot-id --aks-custom-headers --yes -o
      User-Agent:
      - AZURECLI/2.49.0 azsdk-python-azure-mgmt-containerservice/23.0.0b Python/3.8.10
        (Linux-5.15.0-1039-azure-x86_64-with-glibc2.29)
    method: GET
    uri: https://management.azure.com/subscriptions/00000000-0000-0000-0000-000000000000/providers/Microsoft.ContainerService/locations/westcentralus/operations/d4894e1d-b599-4c1e-b943-988f349c7999?api-version=2016-03-30
  response:
    body:
      string: "{\n  \"name\": \"1d4e89d4-99b5-1e4c-b943-988f349c7999\",\n  \"status\":
        \"InProgress\",\n  \"startTime\": \"2023-06-25T03:25:57.8793882Z\"\n }"
    headers:
      cache-control:
      - no-cache
      content-length:
      - '126'
      content-type:
      - application/json
      date:
      - Sun, 25 Jun 2023 03:29:28 GMT
      expires:
      - '-1'
      pragma:
      - no-cache
      server:
      - nginx
      strict-transport-security:
      - max-age=31536000; includeSubDomains
      transfer-encoding:
      - chunked
      vary:
      - Accept-Encoding
      x-content-type-options:
      - nosniff
    status:
      code: 200
      message: OK
- request:
    body: null
    headers:
      Accept:
      - '*/*'
      Accept-Encoding:
      - gzip, deflate
      CommandName:
      - aks upgrade
      Connection:
      - keep-alive
      ParameterSetName:
      - --resource-group --name --cluster-snapshot-id --aks-custom-headers --yes -o
      User-Agent:
      - AZURECLI/2.49.0 azsdk-python-azure-mgmt-containerservice/23.0.0b Python/3.8.10
        (Linux-5.15.0-1039-azure-x86_64-with-glibc2.29)
    method: GET
    uri: https://management.azure.com/subscriptions/00000000-0000-0000-0000-000000000000/providers/Microsoft.ContainerService/locations/westcentralus/operations/d4894e1d-b599-4c1e-b943-988f349c7999?api-version=2016-03-30
  response:
    body:
      string: "{\n  \"name\": \"1d4e89d4-99b5-1e4c-b943-988f349c7999\",\n  \"status\":
        \"InProgress\",\n  \"startTime\": \"2023-06-25T03:25:57.8793882Z\"\n }"
    headers:
      cache-control:
      - no-cache
      content-length:
      - '126'
      content-type:
      - application/json
      date:
      - Sun, 25 Jun 2023 03:29:58 GMT
      expires:
      - '-1'
      pragma:
      - no-cache
      server:
      - nginx
      strict-transport-security:
      - max-age=31536000; includeSubDomains
      transfer-encoding:
      - chunked
      vary:
      - Accept-Encoding
      x-content-type-options:
      - nosniff
    status:
      code: 200
      message: OK
- request:
    body: null
    headers:
      Accept:
      - '*/*'
      Accept-Encoding:
      - gzip, deflate
      CommandName:
      - aks upgrade
      Connection:
      - keep-alive
      ParameterSetName:
      - --resource-group --name --cluster-snapshot-id --aks-custom-headers --yes -o
      User-Agent:
      - AZURECLI/2.49.0 azsdk-python-azure-mgmt-containerservice/23.0.0b Python/3.8.10
        (Linux-5.15.0-1039-azure-x86_64-with-glibc2.29)
    method: GET
    uri: https://management.azure.com/subscriptions/00000000-0000-0000-0000-000000000000/providers/Microsoft.ContainerService/locations/westcentralus/operations/d4894e1d-b599-4c1e-b943-988f349c7999?api-version=2016-03-30
  response:
    body:
      string: "{\n  \"name\": \"1d4e89d4-99b5-1e4c-b943-988f349c7999\",\n  \"status\":
        \"InProgress\",\n  \"startTime\": \"2023-06-25T03:25:57.8793882Z\"\n }"
    headers:
      cache-control:
      - no-cache
      content-length:
      - '126'
      content-type:
      - application/json
      date:
      - Sun, 25 Jun 2023 03:30:29 GMT
      expires:
      - '-1'
      pragma:
      - no-cache
      server:
      - nginx
      strict-transport-security:
      - max-age=31536000; includeSubDomains
      transfer-encoding:
      - chunked
      vary:
      - Accept-Encoding
      x-content-type-options:
      - nosniff
    status:
      code: 200
      message: OK
- request:
    body: null
    headers:
      Accept:
      - '*/*'
      Accept-Encoding:
      - gzip, deflate
      CommandName:
      - aks upgrade
      Connection:
      - keep-alive
      ParameterSetName:
      - --resource-group --name --cluster-snapshot-id --aks-custom-headers --yes -o
      User-Agent:
      - AZURECLI/2.49.0 azsdk-python-azure-mgmt-containerservice/23.0.0b Python/3.8.10
        (Linux-5.15.0-1039-azure-x86_64-with-glibc2.29)
    method: GET
    uri: https://management.azure.com/subscriptions/00000000-0000-0000-0000-000000000000/providers/Microsoft.ContainerService/locations/westcentralus/operations/d4894e1d-b599-4c1e-b943-988f349c7999?api-version=2016-03-30
  response:
    body:
      string: "{\n  \"name\": \"1d4e89d4-99b5-1e4c-b943-988f349c7999\",\n  \"status\":
        \"InProgress\",\n  \"startTime\": \"2023-06-25T03:25:57.8793882Z\"\n }"
    headers:
      cache-control:
      - no-cache
      content-length:
      - '126'
      content-type:
      - application/json
      date:
      - Sun, 25 Jun 2023 03:30:59 GMT
      expires:
      - '-1'
      pragma:
      - no-cache
      server:
      - nginx
      strict-transport-security:
      - max-age=31536000; includeSubDomains
      transfer-encoding:
      - chunked
      vary:
      - Accept-Encoding
      x-content-type-options:
      - nosniff
    status:
      code: 200
      message: OK
- request:
    body: null
    headers:
      Accept:
      - '*/*'
      Accept-Encoding:
      - gzip, deflate
      CommandName:
      - aks upgrade
      Connection:
      - keep-alive
      ParameterSetName:
      - --resource-group --name --cluster-snapshot-id --aks-custom-headers --yes -o
      User-Agent:
      - AZURECLI/2.49.0 azsdk-python-azure-mgmt-containerservice/23.0.0b Python/3.8.10
        (Linux-5.15.0-1039-azure-x86_64-with-glibc2.29)
    method: GET
    uri: https://management.azure.com/subscriptions/00000000-0000-0000-0000-000000000000/providers/Microsoft.ContainerService/locations/westcentralus/operations/d4894e1d-b599-4c1e-b943-988f349c7999?api-version=2016-03-30
  response:
    body:
      string: "{\n  \"name\": \"1d4e89d4-99b5-1e4c-b943-988f349c7999\",\n  \"status\":
        \"InProgress\",\n  \"startTime\": \"2023-06-25T03:25:57.8793882Z\"\n }"
    headers:
      cache-control:
      - no-cache
      content-length:
      - '126'
      content-type:
      - application/json
      date:
      - Sun, 25 Jun 2023 03:31:29 GMT
      expires:
      - '-1'
      pragma:
      - no-cache
      server:
      - nginx
      strict-transport-security:
      - max-age=31536000; includeSubDomains
      transfer-encoding:
      - chunked
      vary:
      - Accept-Encoding
      x-content-type-options:
      - nosniff
    status:
      code: 200
      message: OK
- request:
    body: null
    headers:
      Accept:
      - '*/*'
      Accept-Encoding:
      - gzip, deflate
      CommandName:
      - aks upgrade
      Connection:
      - keep-alive
      ParameterSetName:
      - --resource-group --name --cluster-snapshot-id --aks-custom-headers --yes -o
      User-Agent:
      - AZURECLI/2.49.0 azsdk-python-azure-mgmt-containerservice/23.0.0b Python/3.8.10
        (Linux-5.15.0-1039-azure-x86_64-with-glibc2.29)
    method: GET
    uri: https://management.azure.com/subscriptions/00000000-0000-0000-0000-000000000000/providers/Microsoft.ContainerService/locations/westcentralus/operations/d4894e1d-b599-4c1e-b943-988f349c7999?api-version=2016-03-30
  response:
    body:
      string: "{\n  \"name\": \"1d4e89d4-99b5-1e4c-b943-988f349c7999\",\n  \"status\":
        \"InProgress\",\n  \"startTime\": \"2023-06-25T03:25:57.8793882Z\"\n }"
    headers:
      cache-control:
      - no-cache
      content-length:
      - '126'
      content-type:
      - application/json
      date:
      - Sun, 25 Jun 2023 03:31:59 GMT
      expires:
      - '-1'
      pragma:
      - no-cache
      server:
      - nginx
      strict-transport-security:
      - max-age=31536000; includeSubDomains
      transfer-encoding:
      - chunked
      vary:
      - Accept-Encoding
      x-content-type-options:
      - nosniff
    status:
      code: 200
      message: OK
- request:
    body: null
    headers:
      Accept:
      - '*/*'
      Accept-Encoding:
      - gzip, deflate
      CommandName:
      - aks upgrade
      Connection:
      - keep-alive
      ParameterSetName:
      - --resource-group --name --cluster-snapshot-id --aks-custom-headers --yes -o
      User-Agent:
      - AZURECLI/2.49.0 azsdk-python-azure-mgmt-containerservice/23.0.0b Python/3.8.10
        (Linux-5.15.0-1039-azure-x86_64-with-glibc2.29)
    method: GET
    uri: https://management.azure.com/subscriptions/00000000-0000-0000-0000-000000000000/providers/Microsoft.ContainerService/locations/westcentralus/operations/d4894e1d-b599-4c1e-b943-988f349c7999?api-version=2016-03-30
  response:
    body:
      string: "{\n  \"name\": \"1d4e89d4-99b5-1e4c-b943-988f349c7999\",\n  \"status\":
        \"InProgress\",\n  \"startTime\": \"2023-06-25T03:25:57.8793882Z\"\n }"
    headers:
      cache-control:
      - no-cache
      content-length:
      - '126'
      content-type:
      - application/json
      date:
      - Sun, 25 Jun 2023 03:32:29 GMT
      expires:
      - '-1'
      pragma:
      - no-cache
      server:
      - nginx
      strict-transport-security:
      - max-age=31536000; includeSubDomains
      transfer-encoding:
      - chunked
      vary:
      - Accept-Encoding
      x-content-type-options:
      - nosniff
    status:
      code: 200
      message: OK
- request:
    body: null
    headers:
      Accept:
      - '*/*'
      Accept-Encoding:
      - gzip, deflate
      CommandName:
      - aks upgrade
      Connection:
      - keep-alive
      ParameterSetName:
      - --resource-group --name --cluster-snapshot-id --aks-custom-headers --yes -o
      User-Agent:
      - AZURECLI/2.49.0 azsdk-python-azure-mgmt-containerservice/23.0.0b Python/3.8.10
        (Linux-5.15.0-1039-azure-x86_64-with-glibc2.29)
    method: GET
    uri: https://management.azure.com/subscriptions/00000000-0000-0000-0000-000000000000/providers/Microsoft.ContainerService/locations/westcentralus/operations/d4894e1d-b599-4c1e-b943-988f349c7999?api-version=2016-03-30
  response:
    body:
      string: "{\n  \"name\": \"1d4e89d4-99b5-1e4c-b943-988f349c7999\",\n  \"status\":
        \"InProgress\",\n  \"startTime\": \"2023-06-25T03:25:57.8793882Z\"\n }"
    headers:
      cache-control:
      - no-cache
      content-length:
      - '126'
      content-type:
      - application/json
      date:
      - Sun, 25 Jun 2023 03:32:59 GMT
      expires:
      - '-1'
      pragma:
      - no-cache
      server:
      - nginx
      strict-transport-security:
      - max-age=31536000; includeSubDomains
      transfer-encoding:
      - chunked
      vary:
      - Accept-Encoding
      x-content-type-options:
      - nosniff
    status:
      code: 200
      message: OK
- request:
    body: null
    headers:
      Accept:
      - '*/*'
      Accept-Encoding:
      - gzip, deflate
      CommandName:
      - aks upgrade
      Connection:
      - keep-alive
      ParameterSetName:
      - --resource-group --name --cluster-snapshot-id --aks-custom-headers --yes -o
      User-Agent:
      - AZURECLI/2.49.0 azsdk-python-azure-mgmt-containerservice/23.0.0b Python/3.8.10
        (Linux-5.15.0-1039-azure-x86_64-with-glibc2.29)
    method: GET
    uri: https://management.azure.com/subscriptions/00000000-0000-0000-0000-000000000000/providers/Microsoft.ContainerService/locations/westcentralus/operations/d4894e1d-b599-4c1e-b943-988f349c7999?api-version=2016-03-30
  response:
    body:
      string: "{\n  \"name\": \"1d4e89d4-99b5-1e4c-b943-988f349c7999\",\n  \"status\":
        \"InProgress\",\n  \"startTime\": \"2023-06-25T03:25:57.8793882Z\"\n }"
    headers:
      cache-control:
      - no-cache
      content-length:
      - '126'
      content-type:
      - application/json
      date:
      - Sun, 25 Jun 2023 03:33:29 GMT
      expires:
      - '-1'
      pragma:
      - no-cache
      server:
      - nginx
      strict-transport-security:
      - max-age=31536000; includeSubDomains
      transfer-encoding:
      - chunked
      vary:
      - Accept-Encoding
      x-content-type-options:
      - nosniff
    status:
      code: 200
      message: OK
- request:
    body: null
    headers:
      Accept:
      - '*/*'
      Accept-Encoding:
      - gzip, deflate
      CommandName:
      - aks upgrade
      Connection:
      - keep-alive
      ParameterSetName:
      - --resource-group --name --cluster-snapshot-id --aks-custom-headers --yes -o
      User-Agent:
      - AZURECLI/2.49.0 azsdk-python-azure-mgmt-containerservice/23.0.0b Python/3.8.10
        (Linux-5.15.0-1039-azure-x86_64-with-glibc2.29)
    method: GET
    uri: https://management.azure.com/subscriptions/00000000-0000-0000-0000-000000000000/providers/Microsoft.ContainerService/locations/westcentralus/operations/d4894e1d-b599-4c1e-b943-988f349c7999?api-version=2016-03-30
  response:
    body:
      string: "{\n  \"name\": \"1d4e89d4-99b5-1e4c-b943-988f349c7999\",\n  \"status\":
        \"InProgress\",\n  \"startTime\": \"2023-06-25T03:25:57.8793882Z\"\n }"
    headers:
      cache-control:
      - no-cache
      content-length:
      - '126'
      content-type:
      - application/json
      date:
      - Sun, 25 Jun 2023 03:34:00 GMT
      expires:
      - '-1'
      pragma:
      - no-cache
      server:
      - nginx
      strict-transport-security:
      - max-age=31536000; includeSubDomains
      transfer-encoding:
      - chunked
      vary:
      - Accept-Encoding
      x-content-type-options:
      - nosniff
    status:
      code: 200
      message: OK
- request:
    body: null
    headers:
      Accept:
      - '*/*'
      Accept-Encoding:
      - gzip, deflate
      CommandName:
      - aks upgrade
      Connection:
      - keep-alive
      ParameterSetName:
      - --resource-group --name --cluster-snapshot-id --aks-custom-headers --yes -o
      User-Agent:
      - AZURECLI/2.49.0 azsdk-python-azure-mgmt-containerservice/23.0.0b Python/3.8.10
        (Linux-5.15.0-1039-azure-x86_64-with-glibc2.29)
    method: GET
    uri: https://management.azure.com/subscriptions/00000000-0000-0000-0000-000000000000/providers/Microsoft.ContainerService/locations/westcentralus/operations/d4894e1d-b599-4c1e-b943-988f349c7999?api-version=2016-03-30
  response:
    body:
      string: "{\n  \"name\": \"1d4e89d4-99b5-1e4c-b943-988f349c7999\",\n  \"status\":
        \"InProgress\",\n  \"startTime\": \"2023-06-25T03:25:57.8793882Z\"\n }"
    headers:
      cache-control:
      - no-cache
      content-length:
      - '126'
      content-type:
      - application/json
      date:
      - Sun, 25 Jun 2023 03:34:30 GMT
      expires:
      - '-1'
      pragma:
      - no-cache
      server:
      - nginx
      strict-transport-security:
      - max-age=31536000; includeSubDomains
      transfer-encoding:
      - chunked
      vary:
      - Accept-Encoding
      x-content-type-options:
      - nosniff
    status:
      code: 200
      message: OK
- request:
    body: null
    headers:
      Accept:
      - '*/*'
      Accept-Encoding:
      - gzip, deflate
      CommandName:
      - aks upgrade
      Connection:
      - keep-alive
      ParameterSetName:
      - --resource-group --name --cluster-snapshot-id --aks-custom-headers --yes -o
      User-Agent:
      - AZURECLI/2.49.0 azsdk-python-azure-mgmt-containerservice/23.0.0b Python/3.8.10
        (Linux-5.15.0-1039-azure-x86_64-with-glibc2.29)
    method: GET
    uri: https://management.azure.com/subscriptions/00000000-0000-0000-0000-000000000000/providers/Microsoft.ContainerService/locations/westcentralus/operations/d4894e1d-b599-4c1e-b943-988f349c7999?api-version=2016-03-30
  response:
    body:
      string: "{\n  \"name\": \"1d4e89d4-99b5-1e4c-b943-988f349c7999\",\n  \"status\":
        \"InProgress\",\n  \"startTime\": \"2023-06-25T03:25:57.8793882Z\"\n }"
    headers:
      cache-control:
      - no-cache
      content-length:
      - '126'
      content-type:
      - application/json
      date:
      - Sun, 25 Jun 2023 03:35:00 GMT
      expires:
      - '-1'
      pragma:
      - no-cache
      server:
      - nginx
      strict-transport-security:
      - max-age=31536000; includeSubDomains
      transfer-encoding:
      - chunked
      vary:
      - Accept-Encoding
      x-content-type-options:
      - nosniff
    status:
      code: 200
      message: OK
- request:
    body: null
    headers:
      Accept:
      - '*/*'
      Accept-Encoding:
      - gzip, deflate
      CommandName:
      - aks upgrade
      Connection:
      - keep-alive
      ParameterSetName:
      - --resource-group --name --cluster-snapshot-id --aks-custom-headers --yes -o
      User-Agent:
      - AZURECLI/2.49.0 azsdk-python-azure-mgmt-containerservice/23.0.0b Python/3.8.10
        (Linux-5.15.0-1039-azure-x86_64-with-glibc2.29)
    method: GET
    uri: https://management.azure.com/subscriptions/00000000-0000-0000-0000-000000000000/providers/Microsoft.ContainerService/locations/westcentralus/operations/d4894e1d-b599-4c1e-b943-988f349c7999?api-version=2016-03-30
  response:
    body:
      string: "{\n  \"name\": \"1d4e89d4-99b5-1e4c-b943-988f349c7999\",\n  \"status\":
        \"InProgress\",\n  \"startTime\": \"2023-06-25T03:25:57.8793882Z\"\n }"
    headers:
      cache-control:
      - no-cache
      content-length:
      - '126'
      content-type:
      - application/json
      date:
      - Sun, 25 Jun 2023 03:35:30 GMT
      expires:
      - '-1'
      pragma:
      - no-cache
      server:
      - nginx
      strict-transport-security:
      - max-age=31536000; includeSubDomains
      transfer-encoding:
      - chunked
      vary:
      - Accept-Encoding
      x-content-type-options:
      - nosniff
    status:
      code: 200
      message: OK
- request:
    body: null
    headers:
      Accept:
      - '*/*'
      Accept-Encoding:
      - gzip, deflate
      CommandName:
      - aks upgrade
      Connection:
      - keep-alive
      ParameterSetName:
      - --resource-group --name --cluster-snapshot-id --aks-custom-headers --yes -o
      User-Agent:
      - AZURECLI/2.49.0 azsdk-python-azure-mgmt-containerservice/23.0.0b Python/3.8.10
        (Linux-5.15.0-1039-azure-x86_64-with-glibc2.29)
    method: GET
    uri: https://management.azure.com/subscriptions/00000000-0000-0000-0000-000000000000/providers/Microsoft.ContainerService/locations/westcentralus/operations/d4894e1d-b599-4c1e-b943-988f349c7999?api-version=2016-03-30
  response:
    body:
      string: "{\n  \"name\": \"1d4e89d4-99b5-1e4c-b943-988f349c7999\",\n  \"status\":
        \"InProgress\",\n  \"startTime\": \"2023-06-25T03:25:57.8793882Z\"\n }"
    headers:
      cache-control:
      - no-cache
      content-length:
      - '126'
      content-type:
      - application/json
      date:
      - Sun, 25 Jun 2023 03:36:00 GMT
      expires:
      - '-1'
      pragma:
      - no-cache
      server:
      - nginx
      strict-transport-security:
      - max-age=31536000; includeSubDomains
      transfer-encoding:
      - chunked
      vary:
      - Accept-Encoding
      x-content-type-options:
      - nosniff
    status:
      code: 200
      message: OK
- request:
    body: null
    headers:
      Accept:
      - '*/*'
      Accept-Encoding:
      - gzip, deflate
      CommandName:
      - aks upgrade
      Connection:
      - keep-alive
      ParameterSetName:
      - --resource-group --name --cluster-snapshot-id --aks-custom-headers --yes -o
      User-Agent:
      - AZURECLI/2.49.0 azsdk-python-azure-mgmt-containerservice/23.0.0b Python/3.8.10
        (Linux-5.15.0-1039-azure-x86_64-with-glibc2.29)
    method: GET
    uri: https://management.azure.com/subscriptions/00000000-0000-0000-0000-000000000000/providers/Microsoft.ContainerService/locations/westcentralus/operations/d4894e1d-b599-4c1e-b943-988f349c7999?api-version=2016-03-30
  response:
    body:
      string: "{\n  \"name\": \"1d4e89d4-99b5-1e4c-b943-988f349c7999\",\n  \"status\":
        \"InProgress\",\n  \"startTime\": \"2023-06-25T03:25:57.8793882Z\"\n }"
    headers:
      cache-control:
      - no-cache
      content-length:
      - '126'
      content-type:
      - application/json
      date:
      - Sun, 25 Jun 2023 03:36:30 GMT
      expires:
      - '-1'
      pragma:
      - no-cache
      server:
      - nginx
      strict-transport-security:
      - max-age=31536000; includeSubDomains
      transfer-encoding:
      - chunked
      vary:
      - Accept-Encoding
      x-content-type-options:
      - nosniff
    status:
      code: 200
      message: OK
- request:
    body: null
    headers:
      Accept:
      - '*/*'
      Accept-Encoding:
      - gzip, deflate
      CommandName:
      - aks upgrade
      Connection:
      - keep-alive
      ParameterSetName:
      - --resource-group --name --cluster-snapshot-id --aks-custom-headers --yes -o
      User-Agent:
      - AZURECLI/2.49.0 azsdk-python-azure-mgmt-containerservice/23.0.0b Python/3.8.10
        (Linux-5.15.0-1039-azure-x86_64-with-glibc2.29)
    method: GET
    uri: https://management.azure.com/subscriptions/00000000-0000-0000-0000-000000000000/providers/Microsoft.ContainerService/locations/westcentralus/operations/d4894e1d-b599-4c1e-b943-988f349c7999?api-version=2016-03-30
  response:
    body:
      string: "{\n  \"name\": \"1d4e89d4-99b5-1e4c-b943-988f349c7999\",\n  \"status\":
        \"InProgress\",\n  \"startTime\": \"2023-06-25T03:25:57.8793882Z\"\n }"
    headers:
      cache-control:
      - no-cache
      content-length:
      - '126'
      content-type:
      - application/json
      date:
      - Sun, 25 Jun 2023 03:37:01 GMT
      expires:
      - '-1'
      pragma:
      - no-cache
      server:
      - nginx
      strict-transport-security:
      - max-age=31536000; includeSubDomains
      transfer-encoding:
      - chunked
      vary:
      - Accept-Encoding
      x-content-type-options:
      - nosniff
    status:
      code: 200
      message: OK
- request:
    body: null
    headers:
      Accept:
      - '*/*'
      Accept-Encoding:
      - gzip, deflate
      CommandName:
      - aks upgrade
      Connection:
      - keep-alive
      ParameterSetName:
      - --resource-group --name --cluster-snapshot-id --aks-custom-headers --yes -o
      User-Agent:
      - AZURECLI/2.49.0 azsdk-python-azure-mgmt-containerservice/23.0.0b Python/3.8.10
        (Linux-5.15.0-1039-azure-x86_64-with-glibc2.29)
    method: GET
    uri: https://management.azure.com/subscriptions/00000000-0000-0000-0000-000000000000/providers/Microsoft.ContainerService/locations/westcentralus/operations/d4894e1d-b599-4c1e-b943-988f349c7999?api-version=2016-03-30
  response:
    body:
      string: "{\n  \"name\": \"1d4e89d4-99b5-1e4c-b943-988f349c7999\",\n  \"status\":
        \"InProgress\",\n  \"startTime\": \"2023-06-25T03:25:57.8793882Z\"\n }"
    headers:
      cache-control:
      - no-cache
      content-length:
      - '126'
      content-type:
      - application/json
      date:
      - Sun, 25 Jun 2023 03:37:31 GMT
      expires:
      - '-1'
      pragma:
      - no-cache
      server:
      - nginx
      strict-transport-security:
      - max-age=31536000; includeSubDomains
      transfer-encoding:
      - chunked
      vary:
      - Accept-Encoding
      x-content-type-options:
      - nosniff
    status:
      code: 200
      message: OK
- request:
    body: null
    headers:
      Accept:
      - '*/*'
      Accept-Encoding:
      - gzip, deflate
      CommandName:
      - aks upgrade
      Connection:
      - keep-alive
      ParameterSetName:
      - --resource-group --name --cluster-snapshot-id --aks-custom-headers --yes -o
      User-Agent:
      - AZURECLI/2.49.0 azsdk-python-azure-mgmt-containerservice/23.0.0b Python/3.8.10
        (Linux-5.15.0-1039-azure-x86_64-with-glibc2.29)
    method: GET
    uri: https://management.azure.com/subscriptions/00000000-0000-0000-0000-000000000000/providers/Microsoft.ContainerService/locations/westcentralus/operations/d4894e1d-b599-4c1e-b943-988f349c7999?api-version=2016-03-30
  response:
    body:
      string: "{\n  \"name\": \"1d4e89d4-99b5-1e4c-b943-988f349c7999\",\n  \"status\":
        \"InProgress\",\n  \"startTime\": \"2023-06-25T03:25:57.8793882Z\"\n }"
    headers:
      cache-control:
      - no-cache
      content-length:
      - '126'
      content-type:
      - application/json
      date:
      - Sun, 25 Jun 2023 03:38:01 GMT
      expires:
      - '-1'
      pragma:
      - no-cache
      server:
      - nginx
      strict-transport-security:
      - max-age=31536000; includeSubDomains
      transfer-encoding:
      - chunked
      vary:
      - Accept-Encoding
      x-content-type-options:
      - nosniff
    status:
      code: 200
      message: OK
- request:
    body: null
    headers:
      Accept:
      - '*/*'
      Accept-Encoding:
      - gzip, deflate
      CommandName:
      - aks upgrade
      Connection:
      - keep-alive
      ParameterSetName:
      - --resource-group --name --cluster-snapshot-id --aks-custom-headers --yes -o
      User-Agent:
      - AZURECLI/2.49.0 azsdk-python-azure-mgmt-containerservice/23.0.0b Python/3.8.10
        (Linux-5.15.0-1039-azure-x86_64-with-glibc2.29)
    method: GET
    uri: https://management.azure.com/subscriptions/00000000-0000-0000-0000-000000000000/providers/Microsoft.ContainerService/locations/westcentralus/operations/d4894e1d-b599-4c1e-b943-988f349c7999?api-version=2016-03-30
  response:
    body:
      string: "{\n  \"name\": \"1d4e89d4-99b5-1e4c-b943-988f349c7999\",\n  \"status\":
        \"InProgress\",\n  \"startTime\": \"2023-06-25T03:25:57.8793882Z\"\n }"
    headers:
      cache-control:
      - no-cache
      content-length:
      - '126'
      content-type:
      - application/json
      date:
      - Sun, 25 Jun 2023 03:38:31 GMT
      expires:
      - '-1'
      pragma:
      - no-cache
      server:
      - nginx
      strict-transport-security:
      - max-age=31536000; includeSubDomains
      transfer-encoding:
      - chunked
      vary:
      - Accept-Encoding
      x-content-type-options:
      - nosniff
    status:
      code: 200
      message: OK
- request:
    body: null
    headers:
      Accept:
      - '*/*'
      Accept-Encoding:
      - gzip, deflate
      CommandName:
      - aks upgrade
      Connection:
      - keep-alive
      ParameterSetName:
      - --resource-group --name --cluster-snapshot-id --aks-custom-headers --yes -o
      User-Agent:
      - AZURECLI/2.49.0 azsdk-python-azure-mgmt-containerservice/23.0.0b Python/3.8.10
        (Linux-5.15.0-1039-azure-x86_64-with-glibc2.29)
    method: GET
    uri: https://management.azure.com/subscriptions/00000000-0000-0000-0000-000000000000/providers/Microsoft.ContainerService/locations/westcentralus/operations/d4894e1d-b599-4c1e-b943-988f349c7999?api-version=2016-03-30
  response:
    body:
      string: "{\n  \"name\": \"1d4e89d4-99b5-1e4c-b943-988f349c7999\",\n  \"status\":
        \"InProgress\",\n  \"startTime\": \"2023-06-25T03:25:57.8793882Z\"\n }"
    headers:
      cache-control:
      - no-cache
      content-length:
      - '126'
      content-type:
      - application/json
      date:
      - Sun, 25 Jun 2023 03:39:01 GMT
      expires:
      - '-1'
      pragma:
      - no-cache
      server:
      - nginx
      strict-transport-security:
      - max-age=31536000; includeSubDomains
      transfer-encoding:
      - chunked
      vary:
      - Accept-Encoding
      x-content-type-options:
      - nosniff
    status:
      code: 200
      message: OK
- request:
    body: null
    headers:
      Accept:
      - '*/*'
      Accept-Encoding:
      - gzip, deflate
      CommandName:
      - aks upgrade
      Connection:
      - keep-alive
      ParameterSetName:
      - --resource-group --name --cluster-snapshot-id --aks-custom-headers --yes -o
      User-Agent:
      - AZURECLI/2.49.0 azsdk-python-azure-mgmt-containerservice/23.0.0b Python/3.8.10
        (Linux-5.15.0-1039-azure-x86_64-with-glibc2.29)
    method: GET
    uri: https://management.azure.com/subscriptions/00000000-0000-0000-0000-000000000000/providers/Microsoft.ContainerService/locations/westcentralus/operations/d4894e1d-b599-4c1e-b943-988f349c7999?api-version=2016-03-30
  response:
    body:
      string: "{\n  \"name\": \"1d4e89d4-99b5-1e4c-b943-988f349c7999\",\n  \"status\":
        \"InProgress\",\n  \"startTime\": \"2023-06-25T03:25:57.8793882Z\"\n }"
    headers:
      cache-control:
      - no-cache
      content-length:
      - '126'
      content-type:
      - application/json
      date:
      - Sun, 25 Jun 2023 03:39:32 GMT
      expires:
      - '-1'
      pragma:
      - no-cache
      server:
      - nginx
      strict-transport-security:
      - max-age=31536000; includeSubDomains
      transfer-encoding:
      - chunked
      vary:
      - Accept-Encoding
      x-content-type-options:
      - nosniff
    status:
      code: 200
      message: OK
- request:
    body: null
    headers:
      Accept:
      - '*/*'
      Accept-Encoding:
      - gzip, deflate
      CommandName:
      - aks upgrade
      Connection:
      - keep-alive
      ParameterSetName:
      - --resource-group --name --cluster-snapshot-id --aks-custom-headers --yes -o
      User-Agent:
      - AZURECLI/2.49.0 azsdk-python-azure-mgmt-containerservice/23.0.0b Python/3.8.10
        (Linux-5.15.0-1039-azure-x86_64-with-glibc2.29)
    method: GET
    uri: https://management.azure.com/subscriptions/00000000-0000-0000-0000-000000000000/providers/Microsoft.ContainerService/locations/westcentralus/operations/d4894e1d-b599-4c1e-b943-988f349c7999?api-version=2016-03-30
  response:
    body:
      string: "{\n  \"name\": \"1d4e89d4-99b5-1e4c-b943-988f349c7999\",\n  \"status\":
        \"InProgress\",\n  \"startTime\": \"2023-06-25T03:25:57.8793882Z\"\n }"
    headers:
      cache-control:
      - no-cache
      content-length:
      - '126'
      content-type:
      - application/json
      date:
      - Sun, 25 Jun 2023 03:40:02 GMT
      expires:
      - '-1'
      pragma:
      - no-cache
      server:
      - nginx
      strict-transport-security:
      - max-age=31536000; includeSubDomains
      transfer-encoding:
      - chunked
      vary:
      - Accept-Encoding
      x-content-type-options:
      - nosniff
    status:
      code: 200
      message: OK
- request:
    body: null
    headers:
      Accept:
      - '*/*'
      Accept-Encoding:
      - gzip, deflate
      CommandName:
      - aks upgrade
      Connection:
      - keep-alive
      ParameterSetName:
      - --resource-group --name --cluster-snapshot-id --aks-custom-headers --yes -o
      User-Agent:
      - AZURECLI/2.49.0 azsdk-python-azure-mgmt-containerservice/23.0.0b Python/3.8.10
        (Linux-5.15.0-1039-azure-x86_64-with-glibc2.29)
    method: GET
    uri: https://management.azure.com/subscriptions/00000000-0000-0000-0000-000000000000/providers/Microsoft.ContainerService/locations/westcentralus/operations/d4894e1d-b599-4c1e-b943-988f349c7999?api-version=2016-03-30
  response:
    body:
      string: "{\n  \"name\": \"1d4e89d4-99b5-1e4c-b943-988f349c7999\",\n  \"status\":
        \"Succeeded\",\n  \"startTime\": \"2023-06-25T03:25:57.8793882Z\",\n  \"endTime\":
        \"2023-06-25T03:40:25.252683Z\"\n }"
    headers:
      cache-control:
      - no-cache
      content-length:
      - '169'
      content-type:
      - application/json
      date:
      - Sun, 25 Jun 2023 03:40:32 GMT
      expires:
      - '-1'
      pragma:
      - no-cache
      server:
      - nginx
      strict-transport-security:
      - max-age=31536000; includeSubDomains
      transfer-encoding:
      - chunked
      vary:
      - Accept-Encoding
      x-content-type-options:
      - nosniff
    status:
      code: 200
      message: OK
- request:
    body: null
    headers:
      Accept:
      - '*/*'
      Accept-Encoding:
      - gzip, deflate
      CommandName:
      - aks upgrade
      Connection:
      - keep-alive
      ParameterSetName:
      - --resource-group --name --cluster-snapshot-id --aks-custom-headers --yes -o
      User-Agent:
      - AZURECLI/2.49.0 azsdk-python-azure-mgmt-containerservice/23.0.0b Python/3.8.10
        (Linux-5.15.0-1039-azure-x86_64-with-glibc2.29)
    method: GET
    uri: https://management.azure.com/subscriptions/00000000-0000-0000-0000-000000000000/resourceGroups/clitest000001/providers/Microsoft.ContainerService/managedClusters/cliakstest000003?api-version=2023-10-02-preview
  response:
    body:
      string: "{\n  \"id\": \"/subscriptions/00000000-0000-0000-0000-000000000000/resourcegroups/clitest000001/providers/Microsoft.ContainerService/managedClusters/cliakstest000003\",\n
        \ \"location\": \"westcentralus\",\n  \"name\": \"cliakstest000003\",\n  \"type\":
        \"Microsoft.ContainerService/ManagedClusters\",\n  \"properties\": {\n   \"provisioningState\":
        \"Succeeded\",\n   \"powerState\": {\n    \"code\": \"Running\"\n   },\n   \"creationData\":
        {\n    \"sourceResourceId\": \"/subscriptions/00000000-0000-0000-0000-000000000000/resourceGroups/clitest000001/providers/Microsoft.ContainerService/managedclustersnapshots/s000005\"\n
        \  },\n   \"kubernetesVersion\": \"1.27.1\",\n   \"currentKubernetesVersion\":
        \"1.27.1\",\n   \"dnsPrefix\": \"cliakstest-clitestm37iw2of4-79a739\",\n   \"fqdn\":
        \"cliakstest-clitestm37iw2of4-79a739-bh12wib0.hcp.westcentralus.azmk8s.io\",\n
        \  \"azurePortalFQDN\": \"cliakstest-clitestm37iw2of4-79a739-bh12wib0.portal.hcp.westcentralus.azmk8s.io\",\n
        \  \"agentPoolProfiles\": [\n    {\n     \"name\": \"c000004\",\n     \"count\":
        1,\n     \"vmSize\": \"Standard_DS2_v2\",\n     \"osDiskSizeGB\": 128,\n     \"osDiskType\":
        \"Managed\",\n     \"kubeletDiskType\": \"OS\",\n     \"workloadRuntime\":
        \"OCIContainer\",\n     \"maxPods\": 110,\n     \"type\": \"VirtualMachineScaleSets\",\n
        \    \"enableAutoScaling\": false,\n     \"provisioningState\": \"Succeeded\",\n
        \    \"powerState\": {\n      \"code\": \"Running\"\n     },\n     \"orchestratorVersion\":
        \"1.27.1\",\n     \"currentOrchestratorVersion\": \"1.27.1\",\n     \"enableNodePublicIP\":
        false,\n     \"enableCustomCATrust\": false,\n     \"mode\": \"System\",\n
        \    \"enableEncryptionAtHost\": false,\n     \"enableUltraSSD\": false,\n
        \    \"osType\": \"Linux\",\n     \"osSKU\": \"Ubuntu\",\n     \"nodeImageVersion\":
        \"AKSUbuntu-2204gen2containerd-202306.19.0\",\n     \"upgradeSettings\": {},\n
        \    \"enableFIPS\": false,\n     \"networkProfile\": {}\n    }\n   ],\n   \"linuxProfile\":
        {\n    \"adminUsername\": \"azureuser\",\n    \"ssh\": {\n     \"publicKeys\":
        [\n      {\n       \"keyData\": \"ssh-rsa AAAAB3NzaC1yc2EAAAADAQABAAABAQDIdFuT4kW9h0LYgYkCTZ8VoRfDIfqjZwZgqVkh8CLmpLRjJlhj2CPpwxuTp7cO5+JKSYONgRtmUuJeyenbpwbFHxR2NfozVNB58DC/TIFDYePcQbqehIWzgSYjSry4XFh53ftuCrfyKTv45UPTKKY5FPk6W+a5mqUrpfSN8cbW3mQq/oWm/AfYDuUyJbhuuDr56+JOY83k9mJAM7tgTi58GWQPLyRfWyFUv3VGdYO2wwoViTLVzpMRRspx1xzNK1pY7pDb9aLPMfB4+1F4orZRUcYNE3Q8RHUBH01M+ECLBvvBEFLfIJT8qDdQaljqMah53XgnGen0XurXJ+wfpsB5
        azcli_aks_live_test@example.com\\n\"\n      }\n     ]\n    }\n   },\n   \"servicePrincipalProfile\":
        {\n    \"clientId\":\"00000000-0000-0000-0000-000000000001\"\n   },\n   \"nodeResourceGroup\":
        \"MC_clitest000001_cliakstest000003_westcentralus\",\n   \"enableRBAC\": true,\n
        \  \"enablePodSecurityPolicy\": false,\n   \"supportPlan\": \"KubernetesOfficial\",\n
        \  \"networkProfile\": {\n    \"networkPlugin\": \"kubenet\",\n    \"loadBalancerSku\":
        \"Standard\",\n    \"loadBalancerProfile\": {\n     \"managedOutboundIPs\":
        {\n      \"count\": 1\n     },\n     \"effectiveOutboundIPs\": [\n      {\n
        \      \"id\": \"/subscriptions/00000000-0000-0000-0000-000000000000/resourceGroups/MC_clitest000001_cliakstest000003_westcentralus/providers/Microsoft.Network/publicIPAddresses/85cffecc-7ce7-44c9-ab9f-a0b9c8b38efa\"\n
        \     }\n     ],\n     \"backendPoolType\": \"nodeIPConfiguration\"\n    },\n
        \   \"podCidr\": \"10.244.0.0/16\",\n    \"serviceCidr\": \"10.0.0.0/16\",\n
        \   \"dnsServiceIP\": \"10.0.0.10\",\n    \"outboundType\": \"loadBalancer\",\n
        \   \"podCidrs\": [\n     \"10.244.0.0/16\"\n    ],\n    \"serviceCidrs\":
        [\n     \"10.0.0.0/16\"\n    ],\n    \"ipFamilies\": [\n     \"IPv4\"\n    ]\n
        \  },\n   \"maxAgentPools\": 100,\n   \"identityProfile\": {\n    \"kubeletidentity\":
        {\n     \"resourceId\": \"/subscriptions/00000000-0000-0000-0000-000000000000/resourcegroups/MC_clitest000001_cliakstest000003_westcentralus/providers/Microsoft.ManagedIdentity/userAssignedIdentities/cliakstest000003-agentpool\",\n
        \    \"clientId\":\"00000000-0000-0000-0000-000000000001\",\n     \"objectId\":\"00000000-0000-0000-0000-000000000001\"\n
        \   }\n   },\n   \"disableLocalAccounts\": false,\n   \"securityProfile\":
        {},\n   \"storageProfile\": {\n    \"diskCSIDriver\": {\n     \"enabled\":
        true,\n     \"version\": \"v1\"\n    },\n    \"fileCSIDriver\": {\n     \"enabled\":
        true\n    },\n    \"snapshotController\": {\n     \"enabled\": true\n    }\n
        \  },\n   \"oidcIssuerProfile\": {\n    \"enabled\": false\n   },\n   \"workloadAutoScalerProfile\":
        {}\n  },\n  \"identity\": {\n   \"type\": \"SystemAssigned\",\n   \"principalId\":\"00000000-0000-0000-0000-000000000001\",\n
        \  \"tenantId\": \"72f988bf-86f1-41af-91ab-2d7cd011db47\"\n  },\n  \"sku\":
        {\n   \"name\": \"Base\",\n   \"tier\": \"Free\"\n  }\n }"
    headers:
      cache-control:
      - no-cache
      content-length:
      - '4365'
      content-type:
      - application/json
      date:
      - Sun, 25 Jun 2023 03:40:32 GMT
      expires:
      - '-1'
      pragma:
      - no-cache
      server:
      - nginx
      strict-transport-security:
      - max-age=31536000; includeSubDomains
      transfer-encoding:
      - chunked
      vary:
      - Accept-Encoding
      x-content-type-options:
      - nosniff
    status:
      code: 200
      message: OK
- request:
    body: null
    headers:
      Accept:
      - application/json
      Accept-Encoding:
      - gzip, deflate
      CommandName:
      - aks delete
      Connection:
      - keep-alive
      Content-Length:
      - '0'
      ParameterSetName:
      - -g -n --yes --no-wait
      User-Agent:
      - AZURECLI/2.49.0 azsdk-python-azure-mgmt-containerservice/23.0.0b Python/3.8.10
        (Linux-5.15.0-1039-azure-x86_64-with-glibc2.29)
    method: DELETE
    uri: https://management.azure.com/subscriptions/00000000-0000-0000-0000-000000000000/resourceGroups/clitest000001/providers/Microsoft.ContainerService/managedClusters/cliakstest000003?api-version=2023-10-02-preview
  response:
    body:
      string: ''
    headers:
      azure-asyncoperation:
      - https://management.azure.com/subscriptions/00000000-0000-0000-0000-000000000000/providers/Microsoft.ContainerService/locations/westcentralus/operations/e9a15560-7efa-48bb-9544-58810edc5d67?api-version=2016-03-30
      cache-control:
      - no-cache
      content-length:
      - '0'
      date:
      - Sun, 25 Jun 2023 03:40:34 GMT
      expires:
      - '-1'
      location:
      - https://management.azure.com/subscriptions/00000000-0000-0000-0000-000000000000/providers/Microsoft.ContainerService/locations/westcentralus/operationresults/e9a15560-7efa-48bb-9544-58810edc5d67?api-version=2016-03-30
      pragma:
      - no-cache
      server:
      - nginx
      strict-transport-security:
      - max-age=31536000; includeSubDomains
      x-content-type-options:
      - nosniff
      x-ms-ratelimit-remaining-subscription-deletes:
      - '14999'
    status:
      code: 202
      message: Accepted
- request:
    body: null
    headers:
      Accept:
      - application/json
      Accept-Encoding:
      - gzip, deflate
      CommandName:
      - aks snapshot delete
      Connection:
      - keep-alive
      Content-Length:
      - '0'
      ParameterSetName:
      - --resource-group --name --yes --no-wait
      User-Agent:
      - AZURECLI/2.49.0 azsdk-python-azure-mgmt-containerservice/23.0.0b Python/3.8.10
        (Linux-5.15.0-1039-azure-x86_64-with-glibc2.29)
    method: DELETE
    uri: https://management.azure.com/subscriptions/00000000-0000-0000-0000-000000000000/resourceGroups/clitest000001/providers/Microsoft.ContainerService/managedclustersnapshots/s000005?api-version=2023-10-02-preview
  response:
    body:
      string: ''
    headers:
      cache-control:
      - no-cache
      content-length:
      - '0'
      date:
      - Sun, 25 Jun 2023 03:40:36 GMT
      expires:
      - '-1'
      pragma:
      - no-cache
      server:
      - nginx
      strict-transport-security:
      - max-age=31536000; includeSubDomains
      x-content-type-options:
      - nosniff
      x-ms-ratelimit-remaining-subscription-deletes:
      - '14999'
    status:
      code: 200
      message: OK
version: 1
