interactions:
- request:
    body: null
    headers:
      Accept:
      - application/json
      Accept-Encoding:
      - gzip, deflate
      CommandName:
      - aks create
      Connection:
      - keep-alive
      ParameterSetName:
      - --resource-group --name --ssh-key-value -o --enable-blob-driver --aks-custom-headers
      User-Agent:
      - AZURECLI/2.49.0 azsdk-python-azure-mgmt-containerservice/23.0.0b Python/3.8.10
        (Linux-5.15.0-1039-azure-x86_64-with-glibc2.29)
    method: GET
    uri: https://management.azure.com/subscriptions/00000000-0000-0000-0000-000000000000/resourceGroups/clitest000001/providers/Microsoft.ContainerService/managedClusters/cliakstest000002?api-version=2024-02-02-preview
  response:
    body:
      string: '{"error":{"code":"ResourceNotFound","message":"The Resource ''Microsoft.ContainerService/managedClusters/cliakstest000002''
        under resource group ''clitest000001'' was not found. For more details please
        go to https://aka.ms/ARMResourceNotFoundFix"}}'
    headers:
      cache-control:
      - no-cache
      content-length:
      - '244'
      content-type:
      - application/json; charset=utf-8
      date:
      - Wed, 21 Jun 2023 08:23:45 GMT
      expires:
      - '-1'
      pragma:
      - no-cache
      strict-transport-security:
      - max-age=31536000; includeSubDomains
      x-content-type-options:
      - nosniff
      x-ms-failure-cause:
      - gateway
    status:
      code: 404
      message: Not Found
- request:
    body: null
    headers:
      Accept:
      - application/json
      Accept-Encoding:
      - gzip, deflate
      CommandName:
      - aks create
      Connection:
      - keep-alive
      ParameterSetName:
      - --resource-group --name --ssh-key-value -o --enable-blob-driver --aks-custom-headers
      User-Agent:
      - AZURECLI/2.49.0 azsdk-python-azure-mgmt-resource/23.0.1 Python/3.8.10 (Linux-5.15.0-1039-azure-x86_64-with-glibc2.29)
    method: GET
    uri: https://management.azure.com/subscriptions/00000000-0000-0000-0000-000000000000/resourcegroups/clitest000001?api-version=2022-09-01
  response:
    body:
      string: '{"id":"/subscriptions/00000000-0000-0000-0000-000000000000/resourceGroups/clitest000001","name":"clitest000001","type":"Microsoft.Resources/resourceGroups","location":"centraluseuap","tags":{"product":"azurecli","cause":"automation","test":"test_aks_create_and_update_with_blob_csi_driver","date":"2023-06-21T08:23:45Z","module":"aks-preview"},"properties":{"provisioningState":"Succeeded"}}'
    headers:
      cache-control:
      - no-cache
      content-length:
      - '391'
      content-type:
      - application/json; charset=utf-8
      date:
      - Wed, 21 Jun 2023 08:23:45 GMT
      expires:
      - '-1'
      pragma:
      - no-cache
      strict-transport-security:
      - max-age=31536000; includeSubDomains
      vary:
      - Accept-Encoding
      x-content-type-options:
      - nosniff
    status:
      code: 200
      message: OK
- request:
    body: '{"location": "centraluseuap", "identity": {"type": "SystemAssigned"}, "properties":
      {"kubernetesVersion": "", "dnsPrefix": "cliakstest-clitestsrjxkf3h4-79a739",
      "agentPoolProfiles": [{"count": 3, "vmSize": "Standard_DS2_v2", "osDiskSizeGB":
      0, "workloadRuntime": "OCIContainer", "osType": "Linux", "enableAutoScaling":
      false, "type": "VirtualMachineScaleSets", "mode": "System", "orchestratorVersion":
      "", "upgradeSettings": {}, "enableNodePublicIP": false, "enableCustomCATrust":
      false, "scaleSetPriority": "Regular", "scaleSetEvictionPolicy": "Delete", "spotMaxPrice":
      -1.0, "nodeTaints": [], "enableEncryptionAtHost": false, "enableUltraSSD": false,
      "enableFIPS": false, "networkProfile": {}, "name": "nodepool1"}], "linuxProfile":
      {"adminUsername": "azureuser", "ssh": {"publicKeys": [{"keyData": "ssh-rsa AAAAB3NzaC1yc2EAAAADAQABAAABAQDb0x2R+gxDt9nnClKGb09PRKjhwllORkiL+Od4OMCGmPwZsY1iIi52E+yY/Gr5H0g+jiXj2pu5YhacgFmbFYwtCmxd2L7qVq3Xk+Km5ZL/Bso+zyVtboNA4bFD+lB16EOuRX3DlcvDO/7Udzj45GGfBBGwLQVZq3mZyKAEeRIOsUP+pOaDsaVQg8XErBATbdG2O8pDzamUXDHi6WW36SjvsrqeDezer1bNka3QITdhdPTfiyqweodKbsVxgqj3PU3OKY87fsQvy48JqZDrFVsseV1U6/N2cnDHFkbn8ZElh/gZVb+fb0iKu7OQUvRGnHHruP/HQ7pKe65qL82PbdlJ
      azcli_aks_live_test@example.com\n"}]}}, "addonProfiles": {}, "enableRBAC": true,
      "enablePodSecurityPolicy": false, "networkProfile": {"networkPlugin": "kubenet",
      "podCidr": "10.244.0.0/16", "serviceCidr": "10.0.0.0/16", "dnsServiceIP": "10.0.0.10",
      "outboundType": "loadBalancer", "loadBalancerSku": "standard"}, "disableLocalAccounts":
      false, "storageProfile": {"blobCSIDriver": {"enabled": true}}}}'
    headers:
      AKSHTTPCustomFeatures:
      - Microsoft.ContainerService/EnableBlobCSIDriver
      Accept:
      - application/json
      Accept-Encoding:
      - gzip, deflate
      CommandName:
      - aks create
      Connection:
      - keep-alive
      Content-Length:
      - '1583'
      Content-Type:
      - application/json
      ParameterSetName:
      - --resource-group --name --ssh-key-value -o --enable-blob-driver --aks-custom-headers
      User-Agent:
      - AZURECLI/2.49.0 azsdk-python-azure-mgmt-containerservice/23.0.0b Python/3.8.10
        (Linux-5.15.0-1039-azure-x86_64-with-glibc2.29)
    method: PUT
    uri: https://management.azure.com/subscriptions/00000000-0000-0000-0000-000000000000/resourceGroups/clitest000001/providers/Microsoft.ContainerService/managedClusters/cliakstest000002?api-version=2024-02-02-preview
  response:
    body:
      string: "{\n  \"id\": \"/subscriptions/00000000-0000-0000-0000-000000000000/resourcegroups/clitest000001/providers/Microsoft.ContainerService/managedClusters/cliakstest000002\",\n
        \ \"location\": \"centraluseuap\",\n  \"name\": \"cliakstest000002\",\n  \"type\":
        \"Microsoft.ContainerService/ManagedClusters\",\n  \"properties\": {\n   \"provisioningState\":
        \"Creating\",\n   \"powerState\": {\n    \"code\": \"Running\"\n   },\n   \"kubernetesVersion\":
        \"1.25.6\",\n   \"currentKubernetesVersion\": \"1.25.6\",\n   \"dnsPrefix\":
        \"cliakstest-clitestsrjxkf3h4-79a739\",\n   \"fqdn\": \"cliakstest-clitestsrjxkf3h4-79a739-4jwv5re7.hcp.centraluseuap.azmk8s.io\",\n
        \  \"azurePortalFQDN\": \"cliakstest-clitestsrjxkf3h4-79a739-4jwv5re7.portal.hcp.centraluseuap.azmk8s.io\",\n
        \  \"agentPoolProfiles\": [\n    {\n     \"name\": \"nodepool1\",\n     \"count\":
        3,\n     \"vmSize\": \"Standard_DS2_v2\",\n     \"osDiskSizeGB\": 128,\n     \"osDiskType\":
        \"Managed\",\n     \"kubeletDiskType\": \"OS\",\n     \"workloadRuntime\":
        \"OCIContainer\",\n     \"maxPods\": 110,\n     \"type\": \"VirtualMachineScaleSets\",\n
        \    \"enableAutoScaling\": false,\n     \"provisioningState\": \"Creating\",\n
        \    \"powerState\": {\n      \"code\": \"Running\"\n     },\n     \"orchestratorVersion\":
        \"1.25.6\",\n     \"currentOrchestratorVersion\": \"1.25.6\",\n     \"enableNodePublicIP\":
        false,\n     \"enableCustomCATrust\": false,\n     \"mode\": \"System\",\n
        \    \"enableEncryptionAtHost\": false,\n     \"enableUltraSSD\": false,\n
        \    \"osType\": \"Linux\",\n     \"osSKU\": \"Ubuntu\",\n     \"nodeImageVersion\":
        \"AKSUbuntu-2204gen2containerd-202306.13.0\",\n     \"upgradeSettings\": {},\n
        \    \"enableFIPS\": false,\n     \"networkProfile\": {}\n    }\n   ],\n   \"linuxProfile\":
        {\n    \"adminUsername\": \"azureuser\",\n    \"ssh\": {\n     \"publicKeys\":
        [\n      {\n       \"keyData\": \"ssh-rsa AAAAB3NzaC1yc2EAAAADAQABAAABAQDb0x2R+gxDt9nnClKGb09PRKjhwllORkiL+Od4OMCGmPwZsY1iIi52E+yY/Gr5H0g+jiXj2pu5YhacgFmbFYwtCmxd2L7qVq3Xk+Km5ZL/Bso+zyVtboNA4bFD+lB16EOuRX3DlcvDO/7Udzj45GGfBBGwLQVZq3mZyKAEeRIOsUP+pOaDsaVQg8XErBATbdG2O8pDzamUXDHi6WW36SjvsrqeDezer1bNka3QITdhdPTfiyqweodKbsVxgqj3PU3OKY87fsQvy48JqZDrFVsseV1U6/N2cnDHFkbn8ZElh/gZVb+fb0iKu7OQUvRGnHHruP/HQ7pKe65qL82PbdlJ
        azcli_aks_live_test@example.com\\n\"\n      }\n     ]\n    }\n   },\n   \"servicePrincipalProfile\":
        {\n    \"clientId\":\"00000000-0000-0000-0000-000000000001\"\n   },\n   \"nodeResourceGroup\":
        \"MC_clitest000001_cliakstest000002_centraluseuap\",\n   \"enableRBAC\": true,\n
        \  \"enablePodSecurityPolicy\": false,\n   \"supportPlan\": \"KubernetesOfficial\",\n
        \  \"networkProfile\": {\n    \"networkPlugin\": \"kubenet\",\n    \"loadBalancerSku\":
        \"standard\",\n    \"loadBalancerProfile\": {\n     \"managedOutboundIPs\":
        {\n      \"count\": 1\n     },\n     \"backendPoolType\": \"nodeIPConfiguration\"\n
        \   },\n    \"podCidr\": \"10.244.0.0/16\",\n    \"serviceCidr\": \"10.0.0.0/16\",\n
        \   \"dnsServiceIP\": \"10.0.0.10\",\n    \"outboundType\": \"loadBalancer\",\n
        \   \"podCidrs\": [\n     \"10.244.0.0/16\"\n    ],\n    \"serviceCidrs\":
        [\n     \"10.0.0.0/16\"\n    ],\n    \"ipFamilies\": [\n     \"IPv4\"\n    ]\n
        \  },\n   \"maxAgentPools\": 100,\n   \"disableLocalAccounts\": false,\n   \"securityProfile\":
        {},\n   \"storageProfile\": {\n    \"diskCSIDriver\": {\n     \"enabled\":
        true,\n     \"version\": \"v1\"\n    },\n    \"fileCSIDriver\": {\n     \"enabled\":
        true\n    },\n    \"snapshotController\": {\n     \"enabled\": true\n    },\n
        \   \"blobCSIDriver\": {\n     \"enabled\": true\n    }\n   },\n   \"oidcIssuerProfile\":
        {\n    \"enabled\": false\n   },\n   \"workloadAutoScalerProfile\": {}\n  },\n
        \ \"identity\": {\n   \"type\": \"SystemAssigned\",\n   \"principalId\":\"00000000-0000-0000-0000-000000000001\",\n
        \  \"tenantId\": \"72f988bf-86f1-41af-91ab-2d7cd011db47\"\n  },\n  \"sku\":
        {\n   \"name\": \"Base\",\n   \"tier\": \"Free\"\n  }\n }"
    headers:
      azure-asyncoperation:
      - https://management.azure.com/subscriptions/00000000-0000-0000-0000-000000000000/providers/Microsoft.ContainerService/locations/centraluseuap/operations/6ef67daf-ae09-4e01-80d9-fbdeecd1ba11?api-version=2016-03-30
      cache-control:
      - no-cache
      content-length:
      - '3550'
      content-type:
      - application/json
      date:
      - Wed, 21 Jun 2023 08:23:50 GMT
      expires:
      - '-1'
      pragma:
      - no-cache
      strict-transport-security:
      - max-age=31536000; includeSubDomains
      x-content-type-options:
      - nosniff
      x-ms-ratelimit-remaining-subscription-writes:
      - '1199'
    status:
      code: 201
      message: Created
- request:
    body: null
    headers:
      Accept:
      - '*/*'
      Accept-Encoding:
      - gzip, deflate
      CommandName:
      - aks create
      Connection:
      - keep-alive
      ParameterSetName:
      - --resource-group --name --ssh-key-value -o --enable-blob-driver --aks-custom-headers
      User-Agent:
      - AZURECLI/2.49.0 azsdk-python-azure-mgmt-containerservice/23.0.0b Python/3.8.10
        (Linux-5.15.0-1039-azure-x86_64-with-glibc2.29)
    method: GET
    uri: https://management.azure.com/subscriptions/00000000-0000-0000-0000-000000000000/providers/Microsoft.ContainerService/locations/centraluseuap/operations/6ef67daf-ae09-4e01-80d9-fbdeecd1ba11?api-version=2016-03-30
  response:
    body:
      string: "{\n  \"name\": \"af7df66e-09ae-014e-80d9-fbdeecd1ba11\",\n  \"status\":
        \"InProgress\",\n  \"startTime\": \"2023-06-21T08:23:50.9768061Z\"\n }"
    headers:
      cache-control:
      - no-cache
      content-length:
      - '126'
      content-type:
      - application/json
      date:
      - Wed, 21 Jun 2023 08:23:50 GMT
      expires:
      - '-1'
      pragma:
      - no-cache
      server:
      - nginx
      strict-transport-security:
      - max-age=31536000; includeSubDomains
      transfer-encoding:
      - chunked
      vary:
      - Accept-Encoding
      x-content-type-options:
      - nosniff
    status:
      code: 200
      message: OK
- request:
    body: null
    headers:
      Accept:
      - '*/*'
      Accept-Encoding:
      - gzip, deflate
      CommandName:
      - aks create
      Connection:
      - keep-alive
      ParameterSetName:
      - --resource-group --name --ssh-key-value -o --enable-blob-driver --aks-custom-headers
      User-Agent:
      - AZURECLI/2.49.0 azsdk-python-azure-mgmt-containerservice/23.0.0b Python/3.8.10
        (Linux-5.15.0-1039-azure-x86_64-with-glibc2.29)
    method: GET
    uri: https://management.azure.com/subscriptions/00000000-0000-0000-0000-000000000000/providers/Microsoft.ContainerService/locations/centraluseuap/operations/6ef67daf-ae09-4e01-80d9-fbdeecd1ba11?api-version=2016-03-30
  response:
    body:
      string: "{\n  \"name\": \"af7df66e-09ae-014e-80d9-fbdeecd1ba11\",\n  \"status\":
        \"InProgress\",\n  \"startTime\": \"2023-06-21T08:23:50.9768061Z\"\n }"
    headers:
      cache-control:
      - no-cache
      content-length:
      - '126'
      content-type:
      - application/json
      date:
      - Wed, 21 Jun 2023 08:24:21 GMT
      expires:
      - '-1'
      pragma:
      - no-cache
      server:
      - nginx
      strict-transport-security:
      - max-age=31536000; includeSubDomains
      transfer-encoding:
      - chunked
      vary:
      - Accept-Encoding
      x-content-type-options:
      - nosniff
    status:
      code: 200
      message: OK
- request:
    body: null
    headers:
      Accept:
      - '*/*'
      Accept-Encoding:
      - gzip, deflate
      CommandName:
      - aks create
      Connection:
      - keep-alive
      ParameterSetName:
      - --resource-group --name --ssh-key-value -o --enable-blob-driver --aks-custom-headers
      User-Agent:
      - AZURECLI/2.49.0 azsdk-python-azure-mgmt-containerservice/23.0.0b Python/3.8.10
        (Linux-5.15.0-1039-azure-x86_64-with-glibc2.29)
    method: GET
    uri: https://management.azure.com/subscriptions/00000000-0000-0000-0000-000000000000/providers/Microsoft.ContainerService/locations/centraluseuap/operations/6ef67daf-ae09-4e01-80d9-fbdeecd1ba11?api-version=2016-03-30
  response:
    body:
      string: "{\n  \"name\": \"af7df66e-09ae-014e-80d9-fbdeecd1ba11\",\n  \"status\":
        \"InProgress\",\n  \"startTime\": \"2023-06-21T08:23:50.9768061Z\"\n }"
    headers:
      cache-control:
      - no-cache
      content-length:
      - '126'
      content-type:
      - application/json
      date:
      - Wed, 21 Jun 2023 08:24:51 GMT
      expires:
      - '-1'
      pragma:
      - no-cache
      server:
      - nginx
      strict-transport-security:
      - max-age=31536000; includeSubDomains
      transfer-encoding:
      - chunked
      vary:
      - Accept-Encoding
      x-content-type-options:
      - nosniff
    status:
      code: 200
      message: OK
- request:
    body: null
    headers:
      Accept:
      - '*/*'
      Accept-Encoding:
      - gzip, deflate
      CommandName:
      - aks create
      Connection:
      - keep-alive
      ParameterSetName:
      - --resource-group --name --ssh-key-value -o --enable-blob-driver --aks-custom-headers
      User-Agent:
      - AZURECLI/2.49.0 azsdk-python-azure-mgmt-containerservice/23.0.0b Python/3.8.10
        (Linux-5.15.0-1039-azure-x86_64-with-glibc2.29)
    method: GET
    uri: https://management.azure.com/subscriptions/00000000-0000-0000-0000-000000000000/providers/Microsoft.ContainerService/locations/centraluseuap/operations/6ef67daf-ae09-4e01-80d9-fbdeecd1ba11?api-version=2016-03-30
  response:
    body:
      string: "{\n  \"name\": \"af7df66e-09ae-014e-80d9-fbdeecd1ba11\",\n  \"status\":
        \"InProgress\",\n  \"startTime\": \"2023-06-21T08:23:50.9768061Z\"\n }"
    headers:
      cache-control:
      - no-cache
      content-length:
      - '126'
      content-type:
      - application/json
      date:
      - Wed, 21 Jun 2023 08:25:21 GMT
      expires:
      - '-1'
      pragma:
      - no-cache
      server:
      - nginx
      strict-transport-security:
      - max-age=31536000; includeSubDomains
      transfer-encoding:
      - chunked
      vary:
      - Accept-Encoding
      x-content-type-options:
      - nosniff
    status:
      code: 200
      message: OK
- request:
    body: null
    headers:
      Accept:
      - '*/*'
      Accept-Encoding:
      - gzip, deflate
      CommandName:
      - aks create
      Connection:
      - keep-alive
      ParameterSetName:
      - --resource-group --name --ssh-key-value -o --enable-blob-driver --aks-custom-headers
      User-Agent:
      - AZURECLI/2.49.0 azsdk-python-azure-mgmt-containerservice/23.0.0b Python/3.8.10
        (Linux-5.15.0-1039-azure-x86_64-with-glibc2.29)
    method: GET
    uri: https://management.azure.com/subscriptions/00000000-0000-0000-0000-000000000000/providers/Microsoft.ContainerService/locations/centraluseuap/operations/6ef67daf-ae09-4e01-80d9-fbdeecd1ba11?api-version=2016-03-30
  response:
    body:
      string: "{\n  \"name\": \"af7df66e-09ae-014e-80d9-fbdeecd1ba11\",\n  \"status\":
        \"InProgress\",\n  \"startTime\": \"2023-06-21T08:23:50.9768061Z\"\n }"
    headers:
      cache-control:
      - no-cache
      content-length:
      - '126'
      content-type:
      - application/json
      date:
      - Wed, 21 Jun 2023 08:25:51 GMT
      expires:
      - '-1'
      pragma:
      - no-cache
      server:
      - nginx
      strict-transport-security:
      - max-age=31536000; includeSubDomains
      transfer-encoding:
      - chunked
      vary:
      - Accept-Encoding
      x-content-type-options:
      - nosniff
    status:
      code: 200
      message: OK
- request:
    body: null
    headers:
      Accept:
      - '*/*'
      Accept-Encoding:
      - gzip, deflate
      CommandName:
      - aks create
      Connection:
      - keep-alive
      ParameterSetName:
      - --resource-group --name --ssh-key-value -o --enable-blob-driver --aks-custom-headers
      User-Agent:
      - AZURECLI/2.49.0 azsdk-python-azure-mgmt-containerservice/23.0.0b Python/3.8.10
        (Linux-5.15.0-1039-azure-x86_64-with-glibc2.29)
    method: GET
    uri: https://management.azure.com/subscriptions/00000000-0000-0000-0000-000000000000/providers/Microsoft.ContainerService/locations/centraluseuap/operations/6ef67daf-ae09-4e01-80d9-fbdeecd1ba11?api-version=2016-03-30
  response:
    body:
      string: "{\n  \"name\": \"af7df66e-09ae-014e-80d9-fbdeecd1ba11\",\n  \"status\":
        \"InProgress\",\n  \"startTime\": \"2023-06-21T08:23:50.9768061Z\"\n }"
    headers:
      cache-control:
      - no-cache
      content-length:
      - '126'
      content-type:
      - application/json
      date:
      - Wed, 21 Jun 2023 08:26:21 GMT
      expires:
      - '-1'
      pragma:
      - no-cache
      server:
      - nginx
      strict-transport-security:
      - max-age=31536000; includeSubDomains
      transfer-encoding:
      - chunked
      vary:
      - Accept-Encoding
      x-content-type-options:
      - nosniff
    status:
      code: 200
      message: OK
- request:
    body: null
    headers:
      Accept:
      - '*/*'
      Accept-Encoding:
      - gzip, deflate
      CommandName:
      - aks create
      Connection:
      - keep-alive
      ParameterSetName:
      - --resource-group --name --ssh-key-value -o --enable-blob-driver --aks-custom-headers
      User-Agent:
      - AZURECLI/2.49.0 azsdk-python-azure-mgmt-containerservice/23.0.0b Python/3.8.10
        (Linux-5.15.0-1039-azure-x86_64-with-glibc2.29)
    method: GET
    uri: https://management.azure.com/subscriptions/00000000-0000-0000-0000-000000000000/providers/Microsoft.ContainerService/locations/centraluseuap/operations/6ef67daf-ae09-4e01-80d9-fbdeecd1ba11?api-version=2016-03-30
  response:
    body:
      string: "{\n  \"name\": \"af7df66e-09ae-014e-80d9-fbdeecd1ba11\",\n  \"status\":
        \"InProgress\",\n  \"startTime\": \"2023-06-21T08:23:50.9768061Z\"\n }"
    headers:
      cache-control:
      - no-cache
      content-length:
      - '126'
      content-type:
      - application/json
      date:
      - Wed, 21 Jun 2023 08:26:51 GMT
      expires:
      - '-1'
      pragma:
      - no-cache
      server:
      - nginx
      strict-transport-security:
      - max-age=31536000; includeSubDomains
      transfer-encoding:
      - chunked
      vary:
      - Accept-Encoding
      x-content-type-options:
      - nosniff
    status:
      code: 200
      message: OK
- request:
    body: null
    headers:
      Accept:
      - '*/*'
      Accept-Encoding:
      - gzip, deflate
      CommandName:
      - aks create
      Connection:
      - keep-alive
      ParameterSetName:
      - --resource-group --name --ssh-key-value -o --enable-blob-driver --aks-custom-headers
      User-Agent:
      - AZURECLI/2.49.0 azsdk-python-azure-mgmt-containerservice/23.0.0b Python/3.8.10
        (Linux-5.15.0-1039-azure-x86_64-with-glibc2.29)
    method: GET
    uri: https://management.azure.com/subscriptions/00000000-0000-0000-0000-000000000000/providers/Microsoft.ContainerService/locations/centraluseuap/operations/6ef67daf-ae09-4e01-80d9-fbdeecd1ba11?api-version=2016-03-30
  response:
    body:
      string: "{\n  \"name\": \"af7df66e-09ae-014e-80d9-fbdeecd1ba11\",\n  \"status\":
        \"InProgress\",\n  \"startTime\": \"2023-06-21T08:23:50.9768061Z\"\n }"
    headers:
      cache-control:
      - no-cache
      content-length:
      - '126'
      content-type:
      - application/json
      date:
      - Wed, 21 Jun 2023 08:27:21 GMT
      expires:
      - '-1'
      pragma:
      - no-cache
      server:
      - nginx
      strict-transport-security:
      - max-age=31536000; includeSubDomains
      transfer-encoding:
      - chunked
      vary:
      - Accept-Encoding
      x-content-type-options:
      - nosniff
    status:
      code: 200
      message: OK
- request:
    body: null
    headers:
      Accept:
      - '*/*'
      Accept-Encoding:
      - gzip, deflate
      CommandName:
      - aks create
      Connection:
      - keep-alive
      ParameterSetName:
      - --resource-group --name --ssh-key-value -o --enable-blob-driver --aks-custom-headers
      User-Agent:
      - AZURECLI/2.49.0 azsdk-python-azure-mgmt-containerservice/23.0.0b Python/3.8.10
        (Linux-5.15.0-1039-azure-x86_64-with-glibc2.29)
    method: GET
    uri: https://management.azure.com/subscriptions/00000000-0000-0000-0000-000000000000/providers/Microsoft.ContainerService/locations/centraluseuap/operations/6ef67daf-ae09-4e01-80d9-fbdeecd1ba11?api-version=2016-03-30
  response:
    body:
      string: "{\n  \"name\": \"af7df66e-09ae-014e-80d9-fbdeecd1ba11\",\n  \"status\":
        \"InProgress\",\n  \"startTime\": \"2023-06-21T08:23:50.9768061Z\"\n }"
    headers:
      cache-control:
      - no-cache
      content-length:
      - '126'
      content-type:
      - application/json
      date:
      - Wed, 21 Jun 2023 08:27:51 GMT
      expires:
      - '-1'
      pragma:
      - no-cache
      server:
      - nginx
      strict-transport-security:
      - max-age=31536000; includeSubDomains
      transfer-encoding:
      - chunked
      vary:
      - Accept-Encoding
      x-content-type-options:
      - nosniff
    status:
      code: 200
      message: OK
- request:
    body: null
    headers:
      Accept:
      - '*/*'
      Accept-Encoding:
      - gzip, deflate
      CommandName:
      - aks create
      Connection:
      - keep-alive
      ParameterSetName:
      - --resource-group --name --ssh-key-value -o --enable-blob-driver --aks-custom-headers
      User-Agent:
      - AZURECLI/2.49.0 azsdk-python-azure-mgmt-containerservice/23.0.0b Python/3.8.10
        (Linux-5.15.0-1039-azure-x86_64-with-glibc2.29)
    method: GET
    uri: https://management.azure.com/subscriptions/00000000-0000-0000-0000-000000000000/providers/Microsoft.ContainerService/locations/centraluseuap/operations/6ef67daf-ae09-4e01-80d9-fbdeecd1ba11?api-version=2016-03-30
  response:
    body:
      string: "{\n  \"name\": \"af7df66e-09ae-014e-80d9-fbdeecd1ba11\",\n  \"status\":
        \"InProgress\",\n  \"startTime\": \"2023-06-21T08:23:50.9768061Z\"\n }"
    headers:
      cache-control:
      - no-cache
      content-length:
      - '126'
      content-type:
      - application/json
      date:
      - Wed, 21 Jun 2023 08:28:21 GMT
      expires:
      - '-1'
      pragma:
      - no-cache
      server:
      - nginx
      strict-transport-security:
      - max-age=31536000; includeSubDomains
      transfer-encoding:
      - chunked
      vary:
      - Accept-Encoding
      x-content-type-options:
      - nosniff
    status:
      code: 200
      message: OK
- request:
    body: null
    headers:
      Accept:
      - '*/*'
      Accept-Encoding:
      - gzip, deflate
      CommandName:
      - aks create
      Connection:
      - keep-alive
      ParameterSetName:
      - --resource-group --name --ssh-key-value -o --enable-blob-driver --aks-custom-headers
      User-Agent:
      - AZURECLI/2.49.0 azsdk-python-azure-mgmt-containerservice/23.0.0b Python/3.8.10
        (Linux-5.15.0-1039-azure-x86_64-with-glibc2.29)
    method: GET
    uri: https://management.azure.com/subscriptions/00000000-0000-0000-0000-000000000000/providers/Microsoft.ContainerService/locations/centraluseuap/operations/6ef67daf-ae09-4e01-80d9-fbdeecd1ba11?api-version=2016-03-30
  response:
    body:
      string: "{\n  \"name\": \"af7df66e-09ae-014e-80d9-fbdeecd1ba11\",\n  \"status\":
        \"InProgress\",\n  \"startTime\": \"2023-06-21T08:23:50.9768061Z\"\n }"
    headers:
      cache-control:
      - no-cache
      content-length:
      - '126'
      content-type:
      - application/json
      date:
      - Wed, 21 Jun 2023 08:28:51 GMT
      expires:
      - '-1'
      pragma:
      - no-cache
      server:
      - nginx
      strict-transport-security:
      - max-age=31536000; includeSubDomains
      transfer-encoding:
      - chunked
      vary:
      - Accept-Encoding
      x-content-type-options:
      - nosniff
    status:
      code: 200
      message: OK
- request:
    body: null
    headers:
      Accept:
      - '*/*'
      Accept-Encoding:
      - gzip, deflate
      CommandName:
      - aks create
      Connection:
      - keep-alive
      ParameterSetName:
      - --resource-group --name --ssh-key-value -o --enable-blob-driver --aks-custom-headers
      User-Agent:
      - AZURECLI/2.49.0 azsdk-python-azure-mgmt-containerservice/23.0.0b Python/3.8.10
        (Linux-5.15.0-1039-azure-x86_64-with-glibc2.29)
    method: GET
    uri: https://management.azure.com/subscriptions/00000000-0000-0000-0000-000000000000/providers/Microsoft.ContainerService/locations/centraluseuap/operations/6ef67daf-ae09-4e01-80d9-fbdeecd1ba11?api-version=2016-03-30
  response:
    body:
      string: "{\n  \"name\": \"af7df66e-09ae-014e-80d9-fbdeecd1ba11\",\n  \"status\":
        \"InProgress\",\n  \"startTime\": \"2023-06-21T08:23:50.9768061Z\"\n }"
    headers:
      cache-control:
      - no-cache
      content-length:
      - '126'
      content-type:
      - application/json
      date:
      - Wed, 21 Jun 2023 08:29:21 GMT
      expires:
      - '-1'
      pragma:
      - no-cache
      server:
      - nginx
      strict-transport-security:
      - max-age=31536000; includeSubDomains
      transfer-encoding:
      - chunked
      vary:
      - Accept-Encoding
      x-content-type-options:
      - nosniff
    status:
      code: 200
      message: OK
- request:
    body: null
    headers:
      Accept:
      - '*/*'
      Accept-Encoding:
      - gzip, deflate
      CommandName:
      - aks create
      Connection:
      - keep-alive
      ParameterSetName:
      - --resource-group --name --ssh-key-value -o --enable-blob-driver --aks-custom-headers
      User-Agent:
      - AZURECLI/2.49.0 azsdk-python-azure-mgmt-containerservice/23.0.0b Python/3.8.10
        (Linux-5.15.0-1039-azure-x86_64-with-glibc2.29)
    method: GET
    uri: https://management.azure.com/subscriptions/00000000-0000-0000-0000-000000000000/providers/Microsoft.ContainerService/locations/centraluseuap/operations/6ef67daf-ae09-4e01-80d9-fbdeecd1ba11?api-version=2016-03-30
  response:
    body:
      string: "{\n  \"name\": \"af7df66e-09ae-014e-80d9-fbdeecd1ba11\",\n  \"status\":
        \"InProgress\",\n  \"startTime\": \"2023-06-21T08:23:50.9768061Z\"\n }"
    headers:
      cache-control:
      - no-cache
      content-length:
      - '126'
      content-type:
      - application/json
      date:
      - Wed, 21 Jun 2023 08:29:51 GMT
      expires:
      - '-1'
      pragma:
      - no-cache
      server:
      - nginx
      strict-transport-security:
      - max-age=31536000; includeSubDomains
      transfer-encoding:
      - chunked
      vary:
      - Accept-Encoding
      x-content-type-options:
      - nosniff
    status:
      code: 200
      message: OK
- request:
    body: null
    headers:
      Accept:
      - '*/*'
      Accept-Encoding:
      - gzip, deflate
      CommandName:
      - aks create
      Connection:
      - keep-alive
      ParameterSetName:
      - --resource-group --name --ssh-key-value -o --enable-blob-driver --aks-custom-headers
      User-Agent:
      - AZURECLI/2.49.0 azsdk-python-azure-mgmt-containerservice/23.0.0b Python/3.8.10
        (Linux-5.15.0-1039-azure-x86_64-with-glibc2.29)
    method: GET
    uri: https://management.azure.com/subscriptions/00000000-0000-0000-0000-000000000000/providers/Microsoft.ContainerService/locations/centraluseuap/operations/6ef67daf-ae09-4e01-80d9-fbdeecd1ba11?api-version=2016-03-30
  response:
    body:
      string: "{\n  \"name\": \"af7df66e-09ae-014e-80d9-fbdeecd1ba11\",\n  \"status\":
        \"InProgress\",\n  \"startTime\": \"2023-06-21T08:23:50.9768061Z\"\n }"
    headers:
      cache-control:
      - no-cache
      content-length:
      - '126'
      content-type:
      - application/json
      date:
      - Wed, 21 Jun 2023 08:30:21 GMT
      expires:
      - '-1'
      pragma:
      - no-cache
      server:
      - nginx
      strict-transport-security:
      - max-age=31536000; includeSubDomains
      transfer-encoding:
      - chunked
      vary:
      - Accept-Encoding
      x-content-type-options:
      - nosniff
    status:
      code: 200
      message: OK
- request:
    body: null
    headers:
      Accept:
      - '*/*'
      Accept-Encoding:
      - gzip, deflate
      CommandName:
      - aks create
      Connection:
      - keep-alive
      ParameterSetName:
      - --resource-group --name --ssh-key-value -o --enable-blob-driver --aks-custom-headers
      User-Agent:
      - AZURECLI/2.49.0 azsdk-python-azure-mgmt-containerservice/23.0.0b Python/3.8.10
        (Linux-5.15.0-1039-azure-x86_64-with-glibc2.29)
    method: GET
    uri: https://management.azure.com/subscriptions/00000000-0000-0000-0000-000000000000/providers/Microsoft.ContainerService/locations/centraluseuap/operations/6ef67daf-ae09-4e01-80d9-fbdeecd1ba11?api-version=2016-03-30
  response:
    body:
      string: "{\n  \"name\": \"af7df66e-09ae-014e-80d9-fbdeecd1ba11\",\n  \"status\":
        \"InProgress\",\n  \"startTime\": \"2023-06-21T08:23:50.9768061Z\"\n }"
    headers:
      cache-control:
      - no-cache
      content-length:
      - '126'
      content-type:
      - application/json
      date:
      - Wed, 21 Jun 2023 08:30:53 GMT
      expires:
      - '-1'
      pragma:
      - no-cache
      server:
      - nginx
      strict-transport-security:
      - max-age=31536000; includeSubDomains
      transfer-encoding:
      - chunked
      vary:
      - Accept-Encoding
      x-content-type-options:
      - nosniff
    status:
      code: 200
      message: OK
- request:
    body: null
    headers:
      Accept:
      - '*/*'
      Accept-Encoding:
      - gzip, deflate
      CommandName:
      - aks create
      Connection:
      - keep-alive
      ParameterSetName:
      - --resource-group --name --ssh-key-value -o --enable-blob-driver --aks-custom-headers
      User-Agent:
      - AZURECLI/2.49.0 azsdk-python-azure-mgmt-containerservice/23.0.0b Python/3.8.10
        (Linux-5.15.0-1039-azure-x86_64-with-glibc2.29)
    method: GET
    uri: https://management.azure.com/subscriptions/00000000-0000-0000-0000-000000000000/providers/Microsoft.ContainerService/locations/centraluseuap/operations/6ef67daf-ae09-4e01-80d9-fbdeecd1ba11?api-version=2016-03-30
  response:
    body:
      string: "{\n  \"name\": \"af7df66e-09ae-014e-80d9-fbdeecd1ba11\",\n  \"status\":
        \"InProgress\",\n  \"startTime\": \"2023-06-21T08:23:50.9768061Z\"\n }"
    headers:
      cache-control:
      - no-cache
      content-length:
      - '126'
      content-type:
      - application/json
      date:
      - Wed, 21 Jun 2023 08:31:23 GMT
      expires:
      - '-1'
      pragma:
      - no-cache
      server:
      - nginx
      strict-transport-security:
      - max-age=31536000; includeSubDomains
      transfer-encoding:
      - chunked
      vary:
      - Accept-Encoding
      x-content-type-options:
      - nosniff
    status:
      code: 200
      message: OK
- request:
    body: null
    headers:
      Accept:
      - '*/*'
      Accept-Encoding:
      - gzip, deflate
      CommandName:
      - aks create
      Connection:
      - keep-alive
      ParameterSetName:
      - --resource-group --name --ssh-key-value -o --enable-blob-driver --aks-custom-headers
      User-Agent:
      - AZURECLI/2.49.0 azsdk-python-azure-mgmt-containerservice/23.0.0b Python/3.8.10
        (Linux-5.15.0-1039-azure-x86_64-with-glibc2.29)
    method: GET
    uri: https://management.azure.com/subscriptions/00000000-0000-0000-0000-000000000000/providers/Microsoft.ContainerService/locations/centraluseuap/operations/6ef67daf-ae09-4e01-80d9-fbdeecd1ba11?api-version=2016-03-30
  response:
    body:
      string: "{\n  \"name\": \"af7df66e-09ae-014e-80d9-fbdeecd1ba11\",\n  \"status\":
        \"InProgress\",\n  \"startTime\": \"2023-06-21T08:23:50.9768061Z\"\n }"
    headers:
      cache-control:
      - no-cache
      content-length:
      - '126'
      content-type:
      - application/json
      date:
      - Wed, 21 Jun 2023 08:31:53 GMT
      expires:
      - '-1'
      pragma:
      - no-cache
      server:
      - nginx
      strict-transport-security:
      - max-age=31536000; includeSubDomains
      transfer-encoding:
      - chunked
      vary:
      - Accept-Encoding
      x-content-type-options:
      - nosniff
    status:
      code: 200
      message: OK
- request:
    body: null
    headers:
      Accept:
      - '*/*'
      Accept-Encoding:
      - gzip, deflate
      CommandName:
      - aks create
      Connection:
      - keep-alive
      ParameterSetName:
      - --resource-group --name --ssh-key-value -o --enable-blob-driver --aks-custom-headers
      User-Agent:
      - AZURECLI/2.49.0 azsdk-python-azure-mgmt-containerservice/23.0.0b Python/3.8.10
        (Linux-5.15.0-1039-azure-x86_64-with-glibc2.29)
    method: GET
    uri: https://management.azure.com/subscriptions/00000000-0000-0000-0000-000000000000/providers/Microsoft.ContainerService/locations/centraluseuap/operations/6ef67daf-ae09-4e01-80d9-fbdeecd1ba11?api-version=2016-03-30
  response:
    body:
      string: "{\n  \"name\": \"af7df66e-09ae-014e-80d9-fbdeecd1ba11\",\n  \"status\":
        \"InProgress\",\n  \"startTime\": \"2023-06-21T08:23:50.9768061Z\"\n }"
    headers:
      cache-control:
      - no-cache
      content-length:
      - '126'
      content-type:
      - application/json
      date:
      - Wed, 21 Jun 2023 08:32:23 GMT
      expires:
      - '-1'
      pragma:
      - no-cache
      server:
      - nginx
      strict-transport-security:
      - max-age=31536000; includeSubDomains
      transfer-encoding:
      - chunked
      vary:
      - Accept-Encoding
      x-content-type-options:
      - nosniff
    status:
      code: 200
      message: OK
- request:
    body: null
    headers:
      Accept:
      - '*/*'
      Accept-Encoding:
      - gzip, deflate
      CommandName:
      - aks create
      Connection:
      - keep-alive
      ParameterSetName:
      - --resource-group --name --ssh-key-value -o --enable-blob-driver --aks-custom-headers
      User-Agent:
      - AZURECLI/2.49.0 azsdk-python-azure-mgmt-containerservice/23.0.0b Python/3.8.10
        (Linux-5.15.0-1039-azure-x86_64-with-glibc2.29)
    method: GET
    uri: https://management.azure.com/subscriptions/00000000-0000-0000-0000-000000000000/providers/Microsoft.ContainerService/locations/centraluseuap/operations/6ef67daf-ae09-4e01-80d9-fbdeecd1ba11?api-version=2016-03-30
  response:
    body:
      string: "{\n  \"name\": \"af7df66e-09ae-014e-80d9-fbdeecd1ba11\",\n  \"status\":
        \"InProgress\",\n  \"startTime\": \"2023-06-21T08:23:50.9768061Z\"\n }"
    headers:
      cache-control:
      - no-cache
      content-length:
      - '126'
      content-type:
      - application/json
      date:
      - Wed, 21 Jun 2023 08:32:53 GMT
      expires:
      - '-1'
      pragma:
      - no-cache
      server:
      - nginx
      strict-transport-security:
      - max-age=31536000; includeSubDomains
      transfer-encoding:
      - chunked
      vary:
      - Accept-Encoding
      x-content-type-options:
      - nosniff
    status:
      code: 200
      message: OK
- request:
    body: null
    headers:
      Accept:
      - '*/*'
      Accept-Encoding:
      - gzip, deflate
      CommandName:
      - aks create
      Connection:
      - keep-alive
      ParameterSetName:
      - --resource-group --name --ssh-key-value -o --enable-blob-driver --aks-custom-headers
      User-Agent:
      - AZURECLI/2.49.0 azsdk-python-azure-mgmt-containerservice/23.0.0b Python/3.8.10
        (Linux-5.15.0-1039-azure-x86_64-with-glibc2.29)
    method: GET
    uri: https://management.azure.com/subscriptions/00000000-0000-0000-0000-000000000000/providers/Microsoft.ContainerService/locations/centraluseuap/operations/6ef67daf-ae09-4e01-80d9-fbdeecd1ba11?api-version=2016-03-30
  response:
    body:
      string: "{\n  \"name\": \"af7df66e-09ae-014e-80d9-fbdeecd1ba11\",\n  \"status\":
        \"InProgress\",\n  \"startTime\": \"2023-06-21T08:23:50.9768061Z\"\n }"
    headers:
      cache-control:
      - no-cache
      content-length:
      - '126'
      content-type:
      - application/json
      date:
      - Wed, 21 Jun 2023 08:33:23 GMT
      expires:
      - '-1'
      pragma:
      - no-cache
      server:
      - nginx
      strict-transport-security:
      - max-age=31536000; includeSubDomains
      transfer-encoding:
      - chunked
      vary:
      - Accept-Encoding
      x-content-type-options:
      - nosniff
    status:
      code: 200
      message: OK
- request:
    body: null
    headers:
      Accept:
      - '*/*'
      Accept-Encoding:
      - gzip, deflate
      CommandName:
      - aks create
      Connection:
      - keep-alive
      ParameterSetName:
      - --resource-group --name --ssh-key-value -o --enable-blob-driver --aks-custom-headers
      User-Agent:
      - AZURECLI/2.49.0 azsdk-python-azure-mgmt-containerservice/23.0.0b Python/3.8.10
        (Linux-5.15.0-1039-azure-x86_64-with-glibc2.29)
    method: GET
    uri: https://management.azure.com/subscriptions/00000000-0000-0000-0000-000000000000/providers/Microsoft.ContainerService/locations/centraluseuap/operations/6ef67daf-ae09-4e01-80d9-fbdeecd1ba11?api-version=2016-03-30
  response:
    body:
      string: "{\n  \"name\": \"af7df66e-09ae-014e-80d9-fbdeecd1ba11\",\n  \"status\":
        \"Succeeded\",\n  \"startTime\": \"2023-06-21T08:23:50.9768061Z\",\n  \"endTime\":
        \"2023-06-21T08:33:28.5404617Z\"\n }"
    headers:
      cache-control:
      - no-cache
      content-length:
      - '170'
      content-type:
      - application/json
      date:
      - Wed, 21 Jun 2023 08:33:53 GMT
      expires:
      - '-1'
      pragma:
      - no-cache
      server:
      - nginx
      strict-transport-security:
      - max-age=31536000; includeSubDomains
      transfer-encoding:
      - chunked
      vary:
      - Accept-Encoding
      x-content-type-options:
      - nosniff
    status:
      code: 200
      message: OK
- request:
    body: null
    headers:
      Accept:
      - '*/*'
      Accept-Encoding:
      - gzip, deflate
      CommandName:
      - aks create
      Connection:
      - keep-alive
      ParameterSetName:
      - --resource-group --name --ssh-key-value -o --enable-blob-driver --aks-custom-headers
      User-Agent:
      - AZURECLI/2.49.0 azsdk-python-azure-mgmt-containerservice/23.0.0b Python/3.8.10
        (Linux-5.15.0-1039-azure-x86_64-with-glibc2.29)
    method: GET
    uri: https://management.azure.com/subscriptions/00000000-0000-0000-0000-000000000000/resourceGroups/clitest000001/providers/Microsoft.ContainerService/managedClusters/cliakstest000002?api-version=2024-02-02-preview
  response:
    body:
      string: "{\n  \"id\": \"/subscriptions/00000000-0000-0000-0000-000000000000/resourcegroups/clitest000001/providers/Microsoft.ContainerService/managedClusters/cliakstest000002\",\n
        \ \"location\": \"centraluseuap\",\n  \"name\": \"cliakstest000002\",\n  \"type\":
        \"Microsoft.ContainerService/ManagedClusters\",\n  \"properties\": {\n   \"provisioningState\":
        \"Succeeded\",\n   \"powerState\": {\n    \"code\": \"Running\"\n   },\n   \"kubernetesVersion\":
        \"1.25.6\",\n   \"currentKubernetesVersion\": \"1.25.6\",\n   \"dnsPrefix\":
        \"cliakstest-clitestsrjxkf3h4-79a739\",\n   \"fqdn\": \"cliakstest-clitestsrjxkf3h4-79a739-4jwv5re7.hcp.centraluseuap.azmk8s.io\",\n
        \  \"azurePortalFQDN\": \"cliakstest-clitestsrjxkf3h4-79a739-4jwv5re7.portal.hcp.centraluseuap.azmk8s.io\",\n
        \  \"agentPoolProfiles\": [\n    {\n     \"name\": \"nodepool1\",\n     \"count\":
        3,\n     \"vmSize\": \"Standard_DS2_v2\",\n     \"osDiskSizeGB\": 128,\n     \"osDiskType\":
        \"Managed\",\n     \"kubeletDiskType\": \"OS\",\n     \"workloadRuntime\":
        \"OCIContainer\",\n     \"maxPods\": 110,\n     \"type\": \"VirtualMachineScaleSets\",\n
        \    \"enableAutoScaling\": false,\n     \"provisioningState\": \"Succeeded\",\n
        \    \"powerState\": {\n      \"code\": \"Running\"\n     },\n     \"orchestratorVersion\":
        \"1.25.6\",\n     \"currentOrchestratorVersion\": \"1.25.6\",\n     \"enableNodePublicIP\":
        false,\n     \"enableCustomCATrust\": false,\n     \"mode\": \"System\",\n
        \    \"enableEncryptionAtHost\": false,\n     \"enableUltraSSD\": false,\n
        \    \"osType\": \"Linux\",\n     \"osSKU\": \"Ubuntu\",\n     \"nodeImageVersion\":
        \"AKSUbuntu-2204gen2containerd-202306.13.0\",\n     \"upgradeSettings\": {},\n
        \    \"enableFIPS\": false,\n     \"networkProfile\": {}\n    }\n   ],\n   \"linuxProfile\":
        {\n    \"adminUsername\": \"azureuser\",\n    \"ssh\": {\n     \"publicKeys\":
        [\n      {\n       \"keyData\": \"ssh-rsa AAAAB3NzaC1yc2EAAAADAQABAAABAQDb0x2R+gxDt9nnClKGb09PRKjhwllORkiL+Od4OMCGmPwZsY1iIi52E+yY/Gr5H0g+jiXj2pu5YhacgFmbFYwtCmxd2L7qVq3Xk+Km5ZL/Bso+zyVtboNA4bFD+lB16EOuRX3DlcvDO/7Udzj45GGfBBGwLQVZq3mZyKAEeRIOsUP+pOaDsaVQg8XErBATbdG2O8pDzamUXDHi6WW36SjvsrqeDezer1bNka3QITdhdPTfiyqweodKbsVxgqj3PU3OKY87fsQvy48JqZDrFVsseV1U6/N2cnDHFkbn8ZElh/gZVb+fb0iKu7OQUvRGnHHruP/HQ7pKe65qL82PbdlJ
        azcli_aks_live_test@example.com\\n\"\n      }\n     ]\n    }\n   },\n   \"servicePrincipalProfile\":
        {\n    \"clientId\":\"00000000-0000-0000-0000-000000000001\"\n   },\n   \"nodeResourceGroup\":
        \"MC_clitest000001_cliakstest000002_centraluseuap\",\n   \"enableRBAC\": true,\n
        \  \"enablePodSecurityPolicy\": false,\n   \"supportPlan\": \"KubernetesOfficial\",\n
        \  \"networkProfile\": {\n    \"networkPlugin\": \"kubenet\",\n    \"loadBalancerSku\":
        \"Standard\",\n    \"loadBalancerProfile\": {\n     \"managedOutboundIPs\":
        {\n      \"count\": 1\n     },\n     \"effectiveOutboundIPs\": [\n      {\n
        \      \"id\": \"/subscriptions/00000000-0000-0000-0000-000000000000/resourceGroups/MC_clitest000001_cliakstest000002_centraluseuap/providers/Microsoft.Network/publicIPAddresses/10920461-c4e4-4650-a0ad-efae485ec135\"\n
        \     }\n     ],\n     \"backendPoolType\": \"nodeIPConfiguration\"\n    },\n
        \   \"podCidr\": \"10.244.0.0/16\",\n    \"serviceCidr\": \"10.0.0.0/16\",\n
        \   \"dnsServiceIP\": \"10.0.0.10\",\n    \"outboundType\": \"loadBalancer\",\n
        \   \"podCidrs\": [\n     \"10.244.0.0/16\"\n    ],\n    \"serviceCidrs\":
        [\n     \"10.0.0.0/16\"\n    ],\n    \"ipFamilies\": [\n     \"IPv4\"\n    ]\n
        \  },\n   \"maxAgentPools\": 100,\n   \"identityProfile\": {\n    \"kubeletidentity\":
        {\n     \"resourceId\": \"/subscriptions/00000000-0000-0000-0000-000000000000/resourcegroups/MC_clitest000001_cliakstest000002_centraluseuap/providers/Microsoft.ManagedIdentity/userAssignedIdentities/cliakstest000002-agentpool\",\n
        \    \"clientId\":\"00000000-0000-0000-0000-000000000001\",\n     \"objectId\":\"00000000-0000-0000-0000-000000000001\"\n
        \   }\n   },\n   \"disableLocalAccounts\": false,\n   \"securityProfile\":
        {},\n   \"storageProfile\": {\n    \"diskCSIDriver\": {\n     \"enabled\":
        true,\n     \"version\": \"v1\"\n    },\n    \"fileCSIDriver\": {\n     \"enabled\":
        true\n    },\n    \"snapshotController\": {\n     \"enabled\": true\n    },\n
        \   \"blobCSIDriver\": {\n     \"enabled\": true\n    }\n   },\n   \"oidcIssuerProfile\":
        {\n    \"enabled\": false\n   },\n   \"workloadAutoScalerProfile\": {}\n  },\n
        \ \"identity\": {\n   \"type\": \"SystemAssigned\",\n   \"principalId\":\"00000000-0000-0000-0000-000000000001\",\n
        \  \"tenantId\": \"72f988bf-86f1-41af-91ab-2d7cd011db47\"\n  },\n  \"sku\":
        {\n   \"name\": \"Base\",\n   \"tier\": \"Free\"\n  }\n }"
    headers:
      cache-control:
      - no-cache
      content-length:
      - '4215'
      content-type:
      - application/json
      date:
      - Wed, 21 Jun 2023 08:33:53 GMT
      expires:
      - '-1'
      pragma:
      - no-cache
      strict-transport-security:
      - max-age=31536000; includeSubDomains
      transfer-encoding:
      - chunked
      vary:
      - Accept-Encoding
      x-content-type-options:
      - nosniff
    status:
      code: 200
      message: OK
- request:
    body: null
    headers:
      Accept:
      - application/json
      Accept-Encoding:
      - gzip, deflate
      CommandName:
      - aks update
      Connection:
      - keep-alive
      ParameterSetName:
      - --resource-group --name -y -o --aks-custom-headers
      User-Agent:
      - AZURECLI/2.49.0 azsdk-python-azure-mgmt-containerservice/23.0.0b Python/3.8.10
        (Linux-5.15.0-1039-azure-x86_64-with-glibc2.29)
    method: GET
    uri: https://management.azure.com/subscriptions/00000000-0000-0000-0000-000000000000/resourceGroups/clitest000001/providers/Microsoft.ContainerService/managedClusters/cliakstest000002?api-version=2024-02-02-preview
  response:
    body:
      string: "{\n  \"id\": \"/subscriptions/00000000-0000-0000-0000-000000000000/resourcegroups/clitest000001/providers/Microsoft.ContainerService/managedClusters/cliakstest000002\",\n
        \ \"location\": \"centraluseuap\",\n  \"name\": \"cliakstest000002\",\n  \"type\":
        \"Microsoft.ContainerService/ManagedClusters\",\n  \"properties\": {\n   \"provisioningState\":
        \"Succeeded\",\n   \"powerState\": {\n    \"code\": \"Running\"\n   },\n   \"kubernetesVersion\":
        \"1.25.6\",\n   \"currentKubernetesVersion\": \"1.25.6\",\n   \"dnsPrefix\":
        \"cliakstest-clitestsrjxkf3h4-79a739\",\n   \"fqdn\": \"cliakstest-clitestsrjxkf3h4-79a739-4jwv5re7.hcp.centraluseuap.azmk8s.io\",\n
        \  \"azurePortalFQDN\": \"cliakstest-clitestsrjxkf3h4-79a739-4jwv5re7.portal.hcp.centraluseuap.azmk8s.io\",\n
        \  \"agentPoolProfiles\": [\n    {\n     \"name\": \"nodepool1\",\n     \"count\":
        3,\n     \"vmSize\": \"Standard_DS2_v2\",\n     \"osDiskSizeGB\": 128,\n     \"osDiskType\":
        \"Managed\",\n     \"kubeletDiskType\": \"OS\",\n     \"workloadRuntime\":
        \"OCIContainer\",\n     \"maxPods\": 110,\n     \"type\": \"VirtualMachineScaleSets\",\n
        \    \"enableAutoScaling\": false,\n     \"provisioningState\": \"Succeeded\",\n
        \    \"powerState\": {\n      \"code\": \"Running\"\n     },\n     \"orchestratorVersion\":
        \"1.25.6\",\n     \"currentOrchestratorVersion\": \"1.25.6\",\n     \"enableNodePublicIP\":
        false,\n     \"enableCustomCATrust\": false,\n     \"mode\": \"System\",\n
        \    \"enableEncryptionAtHost\": false,\n     \"enableUltraSSD\": false,\n
        \    \"osType\": \"Linux\",\n     \"osSKU\": \"Ubuntu\",\n     \"nodeImageVersion\":
        \"AKSUbuntu-2204gen2containerd-202306.13.0\",\n     \"upgradeSettings\": {},\n
        \    \"enableFIPS\": false,\n     \"networkProfile\": {}\n    }\n   ],\n   \"linuxProfile\":
        {\n    \"adminUsername\": \"azureuser\",\n    \"ssh\": {\n     \"publicKeys\":
        [\n      {\n       \"keyData\": \"ssh-rsa AAAAB3NzaC1yc2EAAAADAQABAAABAQDb0x2R+gxDt9nnClKGb09PRKjhwllORkiL+Od4OMCGmPwZsY1iIi52E+yY/Gr5H0g+jiXj2pu5YhacgFmbFYwtCmxd2L7qVq3Xk+Km5ZL/Bso+zyVtboNA4bFD+lB16EOuRX3DlcvDO/7Udzj45GGfBBGwLQVZq3mZyKAEeRIOsUP+pOaDsaVQg8XErBATbdG2O8pDzamUXDHi6WW36SjvsrqeDezer1bNka3QITdhdPTfiyqweodKbsVxgqj3PU3OKY87fsQvy48JqZDrFVsseV1U6/N2cnDHFkbn8ZElh/gZVb+fb0iKu7OQUvRGnHHruP/HQ7pKe65qL82PbdlJ
        azcli_aks_live_test@example.com\\n\"\n      }\n     ]\n    }\n   },\n   \"servicePrincipalProfile\":
        {\n    \"clientId\":\"00000000-0000-0000-0000-000000000001\"\n   },\n   \"nodeResourceGroup\":
        \"MC_clitest000001_cliakstest000002_centraluseuap\",\n   \"enableRBAC\": true,\n
        \  \"enablePodSecurityPolicy\": false,\n   \"supportPlan\": \"KubernetesOfficial\",\n
        \  \"networkProfile\": {\n    \"networkPlugin\": \"kubenet\",\n    \"loadBalancerSku\":
        \"Standard\",\n    \"loadBalancerProfile\": {\n     \"managedOutboundIPs\":
        {\n      \"count\": 1\n     },\n     \"effectiveOutboundIPs\": [\n      {\n
        \      \"id\": \"/subscriptions/00000000-0000-0000-0000-000000000000/resourceGroups/MC_clitest000001_cliakstest000002_centraluseuap/providers/Microsoft.Network/publicIPAddresses/10920461-c4e4-4650-a0ad-efae485ec135\"\n
        \     }\n     ],\n     \"backendPoolType\": \"nodeIPConfiguration\"\n    },\n
        \   \"podCidr\": \"10.244.0.0/16\",\n    \"serviceCidr\": \"10.0.0.0/16\",\n
        \   \"dnsServiceIP\": \"10.0.0.10\",\n    \"outboundType\": \"loadBalancer\",\n
        \   \"podCidrs\": [\n     \"10.244.0.0/16\"\n    ],\n    \"serviceCidrs\":
        [\n     \"10.0.0.0/16\"\n    ],\n    \"ipFamilies\": [\n     \"IPv4\"\n    ]\n
        \  },\n   \"maxAgentPools\": 100,\n   \"identityProfile\": {\n    \"kubeletidentity\":
        {\n     \"resourceId\": \"/subscriptions/00000000-0000-0000-0000-000000000000/resourcegroups/MC_clitest000001_cliakstest000002_centraluseuap/providers/Microsoft.ManagedIdentity/userAssignedIdentities/cliakstest000002-agentpool\",\n
        \    \"clientId\":\"00000000-0000-0000-0000-000000000001\",\n     \"objectId\":\"00000000-0000-0000-0000-000000000001\"\n
        \   }\n   },\n   \"disableLocalAccounts\": false,\n   \"securityProfile\":
        {},\n   \"storageProfile\": {\n    \"diskCSIDriver\": {\n     \"enabled\":
        true,\n     \"version\": \"v1\"\n    },\n    \"fileCSIDriver\": {\n     \"enabled\":
        true\n    },\n    \"snapshotController\": {\n     \"enabled\": true\n    },\n
        \   \"blobCSIDriver\": {\n     \"enabled\": true\n    }\n   },\n   \"oidcIssuerProfile\":
        {\n    \"enabled\": false\n   },\n   \"workloadAutoScalerProfile\": {}\n  },\n
        \ \"identity\": {\n   \"type\": \"SystemAssigned\",\n   \"principalId\":\"00000000-0000-0000-0000-000000000001\",\n
        \  \"tenantId\": \"72f988bf-86f1-41af-91ab-2d7cd011db47\"\n  },\n  \"sku\":
        {\n   \"name\": \"Base\",\n   \"tier\": \"Free\"\n  }\n }"
    headers:
      cache-control:
      - no-cache
      content-length:
      - '4215'
      content-type:
      - application/json
      date:
      - Wed, 21 Jun 2023 08:33:54 GMT
      expires:
      - '-1'
      pragma:
      - no-cache
      strict-transport-security:
      - max-age=31536000; includeSubDomains
      transfer-encoding:
      - chunked
      vary:
      - Accept-Encoding
      x-content-type-options:
      - nosniff
    status:
      code: 200
      message: OK
- request:
    body: '{"location": "centraluseuap", "sku": {"name": "Base", "tier": "Free"},
      "identity": {"type": "SystemAssigned"}, "properties": {"kubernetesVersion":
      "1.25.6", "dnsPrefix": "cliakstest-clitestsrjxkf3h4-79a739", "agentPoolProfiles":
      [{"count": 3, "vmSize": "Standard_DS2_v2", "osDiskSizeGB": 128, "osDiskType":
      "Managed", "kubeletDiskType": "OS", "workloadRuntime": "OCIContainer", "maxPods":
      110, "osType": "Linux", "osSKU": "Ubuntu", "enableAutoScaling": false, "type":
      "VirtualMachineScaleSets", "mode": "System", "orchestratorVersion": "1.25.6",
      "upgradeSettings": {}, "powerState": {"code": "Running"}, "enableNodePublicIP":
      false, "enableCustomCATrust": false, "enableEncryptionAtHost": false, "enableUltraSSD":
      false, "enableFIPS": false, "networkProfile": {}, "name": "nodepool1"}], "linuxProfile":
      {"adminUsername": "azureuser", "ssh": {"publicKeys": [{"keyData": "ssh-rsa AAAAB3NzaC1yc2EAAAADAQABAAABAQDb0x2R+gxDt9nnClKGb09PRKjhwllORkiL+Od4OMCGmPwZsY1iIi52E+yY/Gr5H0g+jiXj2pu5YhacgFmbFYwtCmxd2L7qVq3Xk+Km5ZL/Bso+zyVtboNA4bFD+lB16EOuRX3DlcvDO/7Udzj45GGfBBGwLQVZq3mZyKAEeRIOsUP+pOaDsaVQg8XErBATbdG2O8pDzamUXDHi6WW36SjvsrqeDezer1bNka3QITdhdPTfiyqweodKbsVxgqj3PU3OKY87fsQvy48JqZDrFVsseV1U6/N2cnDHFkbn8ZElh/gZVb+fb0iKu7OQUvRGnHHruP/HQ7pKe65qL82PbdlJ
      azcli_aks_live_test@example.com\n"}]}}, "servicePrincipalProfile": {"clientId":"00000000-0000-0000-0000-000000000001"},
      "oidcIssuerProfile": {"enabled": false}, "nodeResourceGroup": "MC_clitest000001_cliakstest000002_centraluseuap",
      "enableRBAC": true, "supportPlan": "KubernetesOfficial", "enablePodSecurityPolicy":
      false, "networkProfile": {"networkPlugin": "kubenet", "podCidr": "10.244.0.0/16",
      "serviceCidr": "10.0.0.0/16", "dnsServiceIP": "10.0.0.10", "outboundType": "loadBalancer",
      "loadBalancerSku": "Standard", "loadBalancerProfile": {"managedOutboundIPs":
      {"count": 1, "countIPv6": 0}, "effectiveOutboundIPs": [{"id": "/subscriptions/00000000-0000-0000-0000-000000000000/resourceGroups/MC_clitest000001_cliakstest000002_centraluseuap/providers/Microsoft.Network/publicIPAddresses/10920461-c4e4-4650-a0ad-efae485ec135"}],
      "backendPoolType": "nodeIPConfiguration"}, "podCidrs": ["10.244.0.0/16"], "serviceCidrs":
      ["10.0.0.0/16"], "ipFamilies": ["IPv4"]}, "identityProfile": {"kubeletidentity":
      {"resourceId": "/subscriptions/00000000-0000-0000-0000-000000000000/resourcegroups/MC_clitest000001_cliakstest000002_centraluseuap/providers/Microsoft.ManagedIdentity/userAssignedIdentities/cliakstest000002-agentpool",
      "clientId":"00000000-0000-0000-0000-000000000001", "objectId":"00000000-0000-0000-0000-000000000001"}},
      "disableLocalAccounts": false, "securityProfile": {}, "storageProfile": {},
      "workloadAutoScalerProfile": {}}}'
    headers:
      AKSHTTPCustomFeatures:
      - Microsoft.ContainerService/EnableBlobCSIDriver
      Accept:
      - application/json
      Accept-Encoding:
      - gzip, deflate
      CommandName:
      - aks update
      Connection:
      - keep-alive
      Content-Length:
      - '2686'
      Content-Type:
      - application/json
      ParameterSetName:
      - --resource-group --name -y -o --aks-custom-headers
      User-Agent:
      - AZURECLI/2.49.0 azsdk-python-azure-mgmt-containerservice/23.0.0b Python/3.8.10
        (Linux-5.15.0-1039-azure-x86_64-with-glibc2.29)
    method: PUT
    uri: https://management.azure.com/subscriptions/00000000-0000-0000-0000-000000000000/resourceGroups/clitest000001/providers/Microsoft.ContainerService/managedClusters/cliakstest000002?api-version=2024-02-02-preview
  response:
    body:
      string: "{\n  \"id\": \"/subscriptions/00000000-0000-0000-0000-000000000000/resourcegroups/clitest000001/providers/Microsoft.ContainerService/managedClusters/cliakstest000002\",\n
        \ \"location\": \"centraluseuap\",\n  \"name\": \"cliakstest000002\",\n  \"type\":
        \"Microsoft.ContainerService/ManagedClusters\",\n  \"properties\": {\n   \"provisioningState\":
        \"Updating\",\n   \"powerState\": {\n    \"code\": \"Running\"\n   },\n   \"kubernetesVersion\":
        \"1.25.6\",\n   \"currentKubernetesVersion\": \"1.25.6\",\n   \"dnsPrefix\":
        \"cliakstest-clitestsrjxkf3h4-79a739\",\n   \"fqdn\": \"cliakstest-clitestsrjxkf3h4-79a739-4jwv5re7.hcp.centraluseuap.azmk8s.io\",\n
        \  \"azurePortalFQDN\": \"cliakstest-clitestsrjxkf3h4-79a739-4jwv5re7.portal.hcp.centraluseuap.azmk8s.io\",\n
        \  \"agentPoolProfiles\": [\n    {\n     \"name\": \"nodepool1\",\n     \"count\":
        3,\n     \"vmSize\": \"Standard_DS2_v2\",\n     \"osDiskSizeGB\": 128,\n     \"osDiskType\":
        \"Managed\",\n     \"kubeletDiskType\": \"OS\",\n     \"workloadRuntime\":
        \"OCIContainer\",\n     \"maxPods\": 110,\n     \"type\": \"VirtualMachineScaleSets\",\n
        \    \"enableAutoScaling\": false,\n     \"provisioningState\": \"Updating\",\n
        \    \"powerState\": {\n      \"code\": \"Running\"\n     },\n     \"orchestratorVersion\":
        \"1.25.6\",\n     \"currentOrchestratorVersion\": \"1.25.6\",\n     \"enableNodePublicIP\":
        false,\n     \"enableCustomCATrust\": false,\n     \"mode\": \"System\",\n
        \    \"enableEncryptionAtHost\": false,\n     \"enableUltraSSD\": false,\n
        \    \"osType\": \"Linux\",\n     \"osSKU\": \"Ubuntu\",\n     \"nodeImageVersion\":
        \"AKSUbuntu-2204gen2containerd-202306.13.0\",\n     \"upgradeSettings\": {},\n
        \    \"enableFIPS\": false,\n     \"networkProfile\": {}\n    }\n   ],\n   \"linuxProfile\":
        {\n    \"adminUsername\": \"azureuser\",\n    \"ssh\": {\n     \"publicKeys\":
        [\n      {\n       \"keyData\": \"ssh-rsa AAAAB3NzaC1yc2EAAAADAQABAAABAQDb0x2R+gxDt9nnClKGb09PRKjhwllORkiL+Od4OMCGmPwZsY1iIi52E+yY/Gr5H0g+jiXj2pu5YhacgFmbFYwtCmxd2L7qVq3Xk+Km5ZL/Bso+zyVtboNA4bFD+lB16EOuRX3DlcvDO/7Udzj45GGfBBGwLQVZq3mZyKAEeRIOsUP+pOaDsaVQg8XErBATbdG2O8pDzamUXDHi6WW36SjvsrqeDezer1bNka3QITdhdPTfiyqweodKbsVxgqj3PU3OKY87fsQvy48JqZDrFVsseV1U6/N2cnDHFkbn8ZElh/gZVb+fb0iKu7OQUvRGnHHruP/HQ7pKe65qL82PbdlJ
        azcli_aks_live_test@example.com\\n\"\n      }\n     ]\n    }\n   },\n   \"servicePrincipalProfile\":
        {\n    \"clientId\":\"00000000-0000-0000-0000-000000000001\"\n   },\n   \"nodeResourceGroup\":
        \"MC_clitest000001_cliakstest000002_centraluseuap\",\n   \"enableRBAC\": true,\n
        \  \"enablePodSecurityPolicy\": false,\n   \"supportPlan\": \"KubernetesOfficial\",\n
        \  \"networkProfile\": {\n    \"networkPlugin\": \"kubenet\",\n    \"loadBalancerSku\":
        \"Standard\",\n    \"loadBalancerProfile\": {\n     \"managedOutboundIPs\":
        {\n      \"count\": 1\n     },\n     \"effectiveOutboundIPs\": [\n      {\n
        \      \"id\": \"/subscriptions/00000000-0000-0000-0000-000000000000/resourceGroups/MC_clitest000001_cliakstest000002_centraluseuap/providers/Microsoft.Network/publicIPAddresses/10920461-c4e4-4650-a0ad-efae485ec135\"\n
        \     }\n     ],\n     \"backendPoolType\": \"nodeIPConfiguration\"\n    },\n
        \   \"podCidr\": \"10.244.0.0/16\",\n    \"serviceCidr\": \"10.0.0.0/16\",\n
        \   \"dnsServiceIP\": \"10.0.0.10\",\n    \"outboundType\": \"loadBalancer\",\n
        \   \"podCidrs\": [\n     \"10.244.0.0/16\"\n    ],\n    \"serviceCidrs\":
        [\n     \"10.0.0.0/16\"\n    ],\n    \"ipFamilies\": [\n     \"IPv4\"\n    ]\n
        \  },\n   \"maxAgentPools\": 100,\n   \"identityProfile\": {\n    \"kubeletidentity\":
        {\n     \"resourceId\": \"/subscriptions/00000000-0000-0000-0000-000000000000/resourcegroups/MC_clitest000001_cliakstest000002_centraluseuap/providers/Microsoft.ManagedIdentity/userAssignedIdentities/cliakstest000002-agentpool\",\n
        \    \"clientId\":\"00000000-0000-0000-0000-000000000001\",\n     \"objectId\":\"00000000-0000-0000-0000-000000000001\"\n
        \   }\n   },\n   \"disableLocalAccounts\": false,\n   \"securityProfile\":
        {},\n   \"storageProfile\": {\n    \"diskCSIDriver\": {\n     \"enabled\":
        true,\n     \"version\": \"v1\"\n    },\n    \"fileCSIDriver\": {\n     \"enabled\":
        true\n    },\n    \"snapshotController\": {\n     \"enabled\": true\n    },\n
        \   \"blobCSIDriver\": {\n     \"enabled\": true\n    }\n   },\n   \"oidcIssuerProfile\":
        {\n    \"enabled\": false\n   },\n   \"workloadAutoScalerProfile\": {}\n  },\n
        \ \"identity\": {\n   \"type\": \"SystemAssigned\",\n   \"principalId\":\"00000000-0000-0000-0000-000000000001\",\n
        \  \"tenantId\": \"72f988bf-86f1-41af-91ab-2d7cd011db47\"\n  },\n  \"sku\":
        {\n   \"name\": \"Base\",\n   \"tier\": \"Free\"\n  }\n }"
    headers:
      azure-asyncoperation:
      - https://management.azure.com/subscriptions/00000000-0000-0000-0000-000000000000/providers/Microsoft.ContainerService/locations/centraluseuap/operations/25f46f53-b774-42b4-8328-0829e0cea4d0?api-version=2016-03-30
      cache-control:
      - no-cache
      content-length:
      - '4213'
      content-type:
      - application/json
      date:
      - Wed, 21 Jun 2023 08:33:57 GMT
      expires:
      - '-1'
      pragma:
      - no-cache
      strict-transport-security:
      - max-age=31536000; includeSubDomains
      transfer-encoding:
      - chunked
      vary:
      - Accept-Encoding
      x-content-type-options:
      - nosniff
      x-ms-ratelimit-remaining-subscription-writes:
      - '1194'
    status:
      code: 200
      message: OK
- request:
    body: null
    headers:
      Accept:
      - '*/*'
      Accept-Encoding:
      - gzip, deflate
      CommandName:
      - aks update
      Connection:
      - keep-alive
      ParameterSetName:
      - --resource-group --name -y -o --aks-custom-headers
      User-Agent:
      - AZURECLI/2.49.0 azsdk-python-azure-mgmt-containerservice/23.0.0b Python/3.8.10
        (Linux-5.15.0-1039-azure-x86_64-with-glibc2.29)
    method: GET
    uri: https://management.azure.com/subscriptions/00000000-0000-0000-0000-000000000000/providers/Microsoft.ContainerService/locations/centraluseuap/operations/25f46f53-b774-42b4-8328-0829e0cea4d0?api-version=2016-03-30
  response:
    body:
      string: "{\n  \"name\": \"536ff425-74b7-b442-8328-0829e0cea4d0\",\n  \"status\":
        \"InProgress\",\n  \"startTime\": \"2023-06-21T08:33:57.906262Z\"\n }"
    headers:
      cache-control:
      - no-cache
      content-length:
      - '125'
      content-type:
      - application/json
      date:
      - Wed, 21 Jun 2023 08:33:57 GMT
      expires:
      - '-1'
      pragma:
      - no-cache
      server:
      - nginx
      strict-transport-security:
      - max-age=31536000; includeSubDomains
      transfer-encoding:
      - chunked
      vary:
      - Accept-Encoding
      x-content-type-options:
      - nosniff
    status:
      code: 200
      message: OK
- request:
    body: null
    headers:
      Accept:
      - '*/*'
      Accept-Encoding:
      - gzip, deflate
      CommandName:
      - aks update
      Connection:
      - keep-alive
      ParameterSetName:
      - --resource-group --name -y -o --aks-custom-headers
      User-Agent:
      - AZURECLI/2.49.0 azsdk-python-azure-mgmt-containerservice/23.0.0b Python/3.8.10
        (Linux-5.15.0-1039-azure-x86_64-with-glibc2.29)
    method: GET
    uri: https://management.azure.com/subscriptions/00000000-0000-0000-0000-000000000000/providers/Microsoft.ContainerService/locations/centraluseuap/operations/25f46f53-b774-42b4-8328-0829e0cea4d0?api-version=2016-03-30
  response:
    body:
      string: "{\n  \"name\": \"536ff425-74b7-b442-8328-0829e0cea4d0\",\n  \"status\":
        \"InProgress\",\n  \"startTime\": \"2023-06-21T08:33:57.906262Z\"\n }"
    headers:
      cache-control:
      - no-cache
      content-length:
      - '125'
      content-type:
      - application/json
      date:
      - Wed, 21 Jun 2023 08:34:28 GMT
      expires:
      - '-1'
      pragma:
      - no-cache
      server:
      - nginx
      strict-transport-security:
      - max-age=31536000; includeSubDomains
      transfer-encoding:
      - chunked
      vary:
      - Accept-Encoding
      x-content-type-options:
      - nosniff
    status:
      code: 200
      message: OK
- request:
    body: null
    headers:
      Accept:
      - '*/*'
      Accept-Encoding:
      - gzip, deflate
      CommandName:
      - aks update
      Connection:
      - keep-alive
      ParameterSetName:
      - --resource-group --name -y -o --aks-custom-headers
      User-Agent:
      - AZURECLI/2.49.0 azsdk-python-azure-mgmt-containerservice/23.0.0b Python/3.8.10
        (Linux-5.15.0-1039-azure-x86_64-with-glibc2.29)
    method: GET
    uri: https://management.azure.com/subscriptions/00000000-0000-0000-0000-000000000000/providers/Microsoft.ContainerService/locations/centraluseuap/operations/25f46f53-b774-42b4-8328-0829e0cea4d0?api-version=2016-03-30
  response:
    body:
      string: "{\n  \"name\": \"536ff425-74b7-b442-8328-0829e0cea4d0\",\n  \"status\":
        \"InProgress\",\n  \"startTime\": \"2023-06-21T08:33:57.906262Z\"\n }"
    headers:
      cache-control:
      - no-cache
      content-length:
      - '125'
      content-type:
      - application/json
      date:
      - Wed, 21 Jun 2023 08:34:58 GMT
      expires:
      - '-1'
      pragma:
      - no-cache
      server:
      - nginx
      strict-transport-security:
      - max-age=31536000; includeSubDomains
      transfer-encoding:
      - chunked
      vary:
      - Accept-Encoding
      x-content-type-options:
      - nosniff
    status:
      code: 200
      message: OK
- request:
    body: null
    headers:
      Accept:
      - '*/*'
      Accept-Encoding:
      - gzip, deflate
      CommandName:
      - aks update
      Connection:
      - keep-alive
      ParameterSetName:
      - --resource-group --name -y -o --aks-custom-headers
      User-Agent:
      - AZURECLI/2.49.0 azsdk-python-azure-mgmt-containerservice/23.0.0b Python/3.8.10
        (Linux-5.15.0-1039-azure-x86_64-with-glibc2.29)
    method: GET
    uri: https://management.azure.com/subscriptions/00000000-0000-0000-0000-000000000000/providers/Microsoft.ContainerService/locations/centraluseuap/operations/25f46f53-b774-42b4-8328-0829e0cea4d0?api-version=2016-03-30
  response:
    body:
      string: "{\n  \"name\": \"536ff425-74b7-b442-8328-0829e0cea4d0\",\n  \"status\":
        \"InProgress\",\n  \"startTime\": \"2023-06-21T08:33:57.906262Z\"\n }"
    headers:
      cache-control:
      - no-cache
      content-length:
      - '125'
      content-type:
      - application/json
      date:
      - Wed, 21 Jun 2023 08:35:28 GMT
      expires:
      - '-1'
      pragma:
      - no-cache
      server:
      - nginx
      strict-transport-security:
      - max-age=31536000; includeSubDomains
      transfer-encoding:
      - chunked
      vary:
      - Accept-Encoding
      x-content-type-options:
      - nosniff
    status:
      code: 200
      message: OK
- request:
    body: null
    headers:
      Accept:
      - '*/*'
      Accept-Encoding:
      - gzip, deflate
      CommandName:
      - aks update
      Connection:
      - keep-alive
      ParameterSetName:
      - --resource-group --name -y -o --aks-custom-headers
      User-Agent:
      - AZURECLI/2.49.0 azsdk-python-azure-mgmt-containerservice/23.0.0b Python/3.8.10
        (Linux-5.15.0-1039-azure-x86_64-with-glibc2.29)
    method: GET
    uri: https://management.azure.com/subscriptions/00000000-0000-0000-0000-000000000000/providers/Microsoft.ContainerService/locations/centraluseuap/operations/25f46f53-b774-42b4-8328-0829e0cea4d0?api-version=2016-03-30
  response:
    body:
      string: "{\n  \"name\": \"536ff425-74b7-b442-8328-0829e0cea4d0\",\n  \"status\":
        \"Succeeded\",\n  \"startTime\": \"2023-06-21T08:33:57.906262Z\",\n  \"endTime\":
        \"2023-06-21T08:35:35.8612627Z\"\n }"
    headers:
      cache-control:
      - no-cache
      content-length:
      - '169'
      content-type:
      - application/json
      date:
      - Wed, 21 Jun 2023 08:35:58 GMT
      expires:
      - '-1'
      pragma:
      - no-cache
      server:
      - nginx
      strict-transport-security:
      - max-age=31536000; includeSubDomains
      transfer-encoding:
      - chunked
      vary:
      - Accept-Encoding
      x-content-type-options:
      - nosniff
    status:
      code: 200
      message: OK
- request:
    body: null
    headers:
      Accept:
      - '*/*'
      Accept-Encoding:
      - gzip, deflate
      CommandName:
      - aks update
      Connection:
      - keep-alive
      ParameterSetName:
      - --resource-group --name -y -o --aks-custom-headers
      User-Agent:
      - AZURECLI/2.49.0 azsdk-python-azure-mgmt-containerservice/23.0.0b Python/3.8.10
        (Linux-5.15.0-1039-azure-x86_64-with-glibc2.29)
    method: GET
    uri: https://management.azure.com/subscriptions/00000000-0000-0000-0000-000000000000/resourceGroups/clitest000001/providers/Microsoft.ContainerService/managedClusters/cliakstest000002?api-version=2024-02-02-preview
  response:
    body:
      string: "{\n  \"id\": \"/subscriptions/00000000-0000-0000-0000-000000000000/resourcegroups/clitest000001/providers/Microsoft.ContainerService/managedClusters/cliakstest000002\",\n
        \ \"location\": \"centraluseuap\",\n  \"name\": \"cliakstest000002\",\n  \"type\":
        \"Microsoft.ContainerService/ManagedClusters\",\n  \"properties\": {\n   \"provisioningState\":
        \"Succeeded\",\n   \"powerState\": {\n    \"code\": \"Running\"\n   },\n   \"kubernetesVersion\":
        \"1.25.6\",\n   \"currentKubernetesVersion\": \"1.25.6\",\n   \"dnsPrefix\":
        \"cliakstest-clitestsrjxkf3h4-79a739\",\n   \"fqdn\": \"cliakstest-clitestsrjxkf3h4-79a739-4jwv5re7.hcp.centraluseuap.azmk8s.io\",\n
        \  \"azurePortalFQDN\": \"cliakstest-clitestsrjxkf3h4-79a739-4jwv5re7.portal.hcp.centraluseuap.azmk8s.io\",\n
        \  \"agentPoolProfiles\": [\n    {\n     \"name\": \"nodepool1\",\n     \"count\":
        3,\n     \"vmSize\": \"Standard_DS2_v2\",\n     \"osDiskSizeGB\": 128,\n     \"osDiskType\":
        \"Managed\",\n     \"kubeletDiskType\": \"OS\",\n     \"workloadRuntime\":
        \"OCIContainer\",\n     \"maxPods\": 110,\n     \"type\": \"VirtualMachineScaleSets\",\n
        \    \"enableAutoScaling\": false,\n     \"provisioningState\": \"Succeeded\",\n
        \    \"powerState\": {\n      \"code\": \"Running\"\n     },\n     \"orchestratorVersion\":
        \"1.25.6\",\n     \"currentOrchestratorVersion\": \"1.25.6\",\n     \"enableNodePublicIP\":
        false,\n     \"enableCustomCATrust\": false,\n     \"mode\": \"System\",\n
        \    \"enableEncryptionAtHost\": false,\n     \"enableUltraSSD\": false,\n
        \    \"osType\": \"Linux\",\n     \"osSKU\": \"Ubuntu\",\n     \"nodeImageVersion\":
        \"AKSUbuntu-2204gen2containerd-202306.13.0\",\n     \"upgradeSettings\": {},\n
        \    \"enableFIPS\": false,\n     \"networkProfile\": {}\n    }\n   ],\n   \"linuxProfile\":
        {\n    \"adminUsername\": \"azureuser\",\n    \"ssh\": {\n     \"publicKeys\":
        [\n      {\n       \"keyData\": \"ssh-rsa AAAAB3NzaC1yc2EAAAADAQABAAABAQDb0x2R+gxDt9nnClKGb09PRKjhwllORkiL+Od4OMCGmPwZsY1iIi52E+yY/Gr5H0g+jiXj2pu5YhacgFmbFYwtCmxd2L7qVq3Xk+Km5ZL/Bso+zyVtboNA4bFD+lB16EOuRX3DlcvDO/7Udzj45GGfBBGwLQVZq3mZyKAEeRIOsUP+pOaDsaVQg8XErBATbdG2O8pDzamUXDHi6WW36SjvsrqeDezer1bNka3QITdhdPTfiyqweodKbsVxgqj3PU3OKY87fsQvy48JqZDrFVsseV1U6/N2cnDHFkbn8ZElh/gZVb+fb0iKu7OQUvRGnHHruP/HQ7pKe65qL82PbdlJ
        azcli_aks_live_test@example.com\\n\"\n      }\n     ]\n    }\n   },\n   \"servicePrincipalProfile\":
        {\n    \"clientId\":\"00000000-0000-0000-0000-000000000001\"\n   },\n   \"nodeResourceGroup\":
        \"MC_clitest000001_cliakstest000002_centraluseuap\",\n   \"enableRBAC\": true,\n
        \  \"enablePodSecurityPolicy\": false,\n   \"supportPlan\": \"KubernetesOfficial\",\n
        \  \"networkProfile\": {\n    \"networkPlugin\": \"kubenet\",\n    \"loadBalancerSku\":
        \"Standard\",\n    \"loadBalancerProfile\": {\n     \"managedOutboundIPs\":
        {\n      \"count\": 1\n     },\n     \"effectiveOutboundIPs\": [\n      {\n
        \      \"id\": \"/subscriptions/00000000-0000-0000-0000-000000000000/resourceGroups/MC_clitest000001_cliakstest000002_centraluseuap/providers/Microsoft.Network/publicIPAddresses/10920461-c4e4-4650-a0ad-efae485ec135\"\n
        \     }\n     ],\n     \"backendPoolType\": \"nodeIPConfiguration\"\n    },\n
        \   \"podCidr\": \"10.244.0.0/16\",\n    \"serviceCidr\": \"10.0.0.0/16\",\n
        \   \"dnsServiceIP\": \"10.0.0.10\",\n    \"outboundType\": \"loadBalancer\",\n
        \   \"podCidrs\": [\n     \"10.244.0.0/16\"\n    ],\n    \"serviceCidrs\":
        [\n     \"10.0.0.0/16\"\n    ],\n    \"ipFamilies\": [\n     \"IPv4\"\n    ]\n
        \  },\n   \"maxAgentPools\": 100,\n   \"identityProfile\": {\n    \"kubeletidentity\":
        {\n     \"resourceId\": \"/subscriptions/00000000-0000-0000-0000-000000000000/resourcegroups/MC_clitest000001_cliakstest000002_centraluseuap/providers/Microsoft.ManagedIdentity/userAssignedIdentities/cliakstest000002-agentpool\",\n
        \    \"clientId\":\"00000000-0000-0000-0000-000000000001\",\n     \"objectId\":\"00000000-0000-0000-0000-000000000001\"\n
        \   }\n   },\n   \"disableLocalAccounts\": false,\n   \"securityProfile\":
        {},\n   \"storageProfile\": {\n    \"diskCSIDriver\": {\n     \"enabled\":
        true,\n     \"version\": \"v1\"\n    },\n    \"fileCSIDriver\": {\n     \"enabled\":
        true\n    },\n    \"snapshotController\": {\n     \"enabled\": true\n    },\n
        \   \"blobCSIDriver\": {\n     \"enabled\": true\n    }\n   },\n   \"oidcIssuerProfile\":
        {\n    \"enabled\": false\n   },\n   \"workloadAutoScalerProfile\": {}\n  },\n
        \ \"identity\": {\n   \"type\": \"SystemAssigned\",\n   \"principalId\":\"00000000-0000-0000-0000-000000000001\",\n
        \  \"tenantId\": \"72f988bf-86f1-41af-91ab-2d7cd011db47\"\n  },\n  \"sku\":
        {\n   \"name\": \"Base\",\n   \"tier\": \"Free\"\n  }\n }"
    headers:
      cache-control:
      - no-cache
      content-length:
      - '4215'
      content-type:
      - application/json
      date:
      - Wed, 21 Jun 2023 08:35:59 GMT
      expires:
      - '-1'
      pragma:
      - no-cache
      strict-transport-security:
      - max-age=31536000; includeSubDomains
      transfer-encoding:
      - chunked
      vary:
      - Accept-Encoding
      x-content-type-options:
      - nosniff
    status:
      code: 200
      message: OK
- request:
    body: null
    headers:
      Accept:
      - application/json
      Accept-Encoding:
      - gzip, deflate
      CommandName:
      - aks update
      Connection:
      - keep-alive
      ParameterSetName:
      - --resource-group --name -o --disable-blob-driver -y --aks-custom-headers
      User-Agent:
      - AZURECLI/2.49.0 azsdk-python-azure-mgmt-containerservice/23.0.0b Python/3.8.10
        (Linux-5.15.0-1039-azure-x86_64-with-glibc2.29)
    method: GET
    uri: https://management.azure.com/subscriptions/00000000-0000-0000-0000-000000000000/resourceGroups/clitest000001/providers/Microsoft.ContainerService/managedClusters/cliakstest000002?api-version=2024-02-02-preview
  response:
    body:
      string: "{\n  \"id\": \"/subscriptions/00000000-0000-0000-0000-000000000000/resourcegroups/clitest000001/providers/Microsoft.ContainerService/managedClusters/cliakstest000002\",\n
        \ \"location\": \"centraluseuap\",\n  \"name\": \"cliakstest000002\",\n  \"type\":
        \"Microsoft.ContainerService/ManagedClusters\",\n  \"properties\": {\n   \"provisioningState\":
        \"Succeeded\",\n   \"powerState\": {\n    \"code\": \"Running\"\n   },\n   \"kubernetesVersion\":
        \"1.25.6\",\n   \"currentKubernetesVersion\": \"1.25.6\",\n   \"dnsPrefix\":
        \"cliakstest-clitestsrjxkf3h4-79a739\",\n   \"fqdn\": \"cliakstest-clitestsrjxkf3h4-79a739-4jwv5re7.hcp.centraluseuap.azmk8s.io\",\n
        \  \"azurePortalFQDN\": \"cliakstest-clitestsrjxkf3h4-79a739-4jwv5re7.portal.hcp.centraluseuap.azmk8s.io\",\n
        \  \"agentPoolProfiles\": [\n    {\n     \"name\": \"nodepool1\",\n     \"count\":
        3,\n     \"vmSize\": \"Standard_DS2_v2\",\n     \"osDiskSizeGB\": 128,\n     \"osDiskType\":
        \"Managed\",\n     \"kubeletDiskType\": \"OS\",\n     \"workloadRuntime\":
        \"OCIContainer\",\n     \"maxPods\": 110,\n     \"type\": \"VirtualMachineScaleSets\",\n
        \    \"enableAutoScaling\": false,\n     \"provisioningState\": \"Succeeded\",\n
        \    \"powerState\": {\n      \"code\": \"Running\"\n     },\n     \"orchestratorVersion\":
        \"1.25.6\",\n     \"currentOrchestratorVersion\": \"1.25.6\",\n     \"enableNodePublicIP\":
        false,\n     \"enableCustomCATrust\": false,\n     \"mode\": \"System\",\n
        \    \"enableEncryptionAtHost\": false,\n     \"enableUltraSSD\": false,\n
        \    \"osType\": \"Linux\",\n     \"osSKU\": \"Ubuntu\",\n     \"nodeImageVersion\":
        \"AKSUbuntu-2204gen2containerd-202306.13.0\",\n     \"upgradeSettings\": {},\n
        \    \"enableFIPS\": false,\n     \"networkProfile\": {}\n    }\n   ],\n   \"linuxProfile\":
        {\n    \"adminUsername\": \"azureuser\",\n    \"ssh\": {\n     \"publicKeys\":
        [\n      {\n       \"keyData\": \"ssh-rsa AAAAB3NzaC1yc2EAAAADAQABAAABAQDb0x2R+gxDt9nnClKGb09PRKjhwllORkiL+Od4OMCGmPwZsY1iIi52E+yY/Gr5H0g+jiXj2pu5YhacgFmbFYwtCmxd2L7qVq3Xk+Km5ZL/Bso+zyVtboNA4bFD+lB16EOuRX3DlcvDO/7Udzj45GGfBBGwLQVZq3mZyKAEeRIOsUP+pOaDsaVQg8XErBATbdG2O8pDzamUXDHi6WW36SjvsrqeDezer1bNka3QITdhdPTfiyqweodKbsVxgqj3PU3OKY87fsQvy48JqZDrFVsseV1U6/N2cnDHFkbn8ZElh/gZVb+fb0iKu7OQUvRGnHHruP/HQ7pKe65qL82PbdlJ
        azcli_aks_live_test@example.com\\n\"\n      }\n     ]\n    }\n   },\n   \"servicePrincipalProfile\":
        {\n    \"clientId\":\"00000000-0000-0000-0000-000000000001\"\n   },\n   \"nodeResourceGroup\":
        \"MC_clitest000001_cliakstest000002_centraluseuap\",\n   \"enableRBAC\": true,\n
        \  \"enablePodSecurityPolicy\": false,\n   \"supportPlan\": \"KubernetesOfficial\",\n
        \  \"networkProfile\": {\n    \"networkPlugin\": \"kubenet\",\n    \"loadBalancerSku\":
        \"Standard\",\n    \"loadBalancerProfile\": {\n     \"managedOutboundIPs\":
        {\n      \"count\": 1\n     },\n     \"effectiveOutboundIPs\": [\n      {\n
        \      \"id\": \"/subscriptions/00000000-0000-0000-0000-000000000000/resourceGroups/MC_clitest000001_cliakstest000002_centraluseuap/providers/Microsoft.Network/publicIPAddresses/10920461-c4e4-4650-a0ad-efae485ec135\"\n
        \     }\n     ],\n     \"backendPoolType\": \"nodeIPConfiguration\"\n    },\n
        \   \"podCidr\": \"10.244.0.0/16\",\n    \"serviceCidr\": \"10.0.0.0/16\",\n
        \   \"dnsServiceIP\": \"10.0.0.10\",\n    \"outboundType\": \"loadBalancer\",\n
        \   \"podCidrs\": [\n     \"10.244.0.0/16\"\n    ],\n    \"serviceCidrs\":
        [\n     \"10.0.0.0/16\"\n    ],\n    \"ipFamilies\": [\n     \"IPv4\"\n    ]\n
        \  },\n   \"maxAgentPools\": 100,\n   \"identityProfile\": {\n    \"kubeletidentity\":
        {\n     \"resourceId\": \"/subscriptions/00000000-0000-0000-0000-000000000000/resourcegroups/MC_clitest000001_cliakstest000002_centraluseuap/providers/Microsoft.ManagedIdentity/userAssignedIdentities/cliakstest000002-agentpool\",\n
        \    \"clientId\":\"00000000-0000-0000-0000-000000000001\",\n     \"objectId\":\"00000000-0000-0000-0000-000000000001\"\n
        \   }\n   },\n   \"disableLocalAccounts\": false,\n   \"securityProfile\":
        {},\n   \"storageProfile\": {\n    \"diskCSIDriver\": {\n     \"enabled\":
        true,\n     \"version\": \"v1\"\n    },\n    \"fileCSIDriver\": {\n     \"enabled\":
        true\n    },\n    \"snapshotController\": {\n     \"enabled\": true\n    },\n
        \   \"blobCSIDriver\": {\n     \"enabled\": true\n    }\n   },\n   \"oidcIssuerProfile\":
        {\n    \"enabled\": false\n   },\n   \"workloadAutoScalerProfile\": {}\n  },\n
        \ \"identity\": {\n   \"type\": \"SystemAssigned\",\n   \"principalId\":\"00000000-0000-0000-0000-000000000001\",\n
        \  \"tenantId\": \"72f988bf-86f1-41af-91ab-2d7cd011db47\"\n  },\n  \"sku\":
        {\n   \"name\": \"Base\",\n   \"tier\": \"Free\"\n  }\n }"
    headers:
      cache-control:
      - no-cache
      content-length:
      - '4215'
      content-type:
      - application/json
      date:
      - Wed, 21 Jun 2023 08:35:59 GMT
      expires:
      - '-1'
      pragma:
      - no-cache
      strict-transport-security:
      - max-age=31536000; includeSubDomains
      transfer-encoding:
      - chunked
      vary:
      - Accept-Encoding
      x-content-type-options:
      - nosniff
    status:
      code: 200
      message: OK
- request:
    body: '{"location": "centraluseuap", "sku": {"name": "Base", "tier": "Free"},
      "identity": {"type": "SystemAssigned"}, "properties": {"kubernetesVersion":
      "1.25.6", "dnsPrefix": "cliakstest-clitestsrjxkf3h4-79a739", "agentPoolProfiles":
      [{"count": 3, "vmSize": "Standard_DS2_v2", "osDiskSizeGB": 128, "osDiskType":
      "Managed", "kubeletDiskType": "OS", "workloadRuntime": "OCIContainer", "maxPods":
      110, "osType": "Linux", "osSKU": "Ubuntu", "enableAutoScaling": false, "type":
      "VirtualMachineScaleSets", "mode": "System", "orchestratorVersion": "1.25.6",
      "upgradeSettings": {}, "powerState": {"code": "Running"}, "enableNodePublicIP":
      false, "enableCustomCATrust": false, "enableEncryptionAtHost": false, "enableUltraSSD":
      false, "enableFIPS": false, "networkProfile": {}, "name": "nodepool1"}], "linuxProfile":
      {"adminUsername": "azureuser", "ssh": {"publicKeys": [{"keyData": "ssh-rsa AAAAB3NzaC1yc2EAAAADAQABAAABAQDb0x2R+gxDt9nnClKGb09PRKjhwllORkiL+Od4OMCGmPwZsY1iIi52E+yY/Gr5H0g+jiXj2pu5YhacgFmbFYwtCmxd2L7qVq3Xk+Km5ZL/Bso+zyVtboNA4bFD+lB16EOuRX3DlcvDO/7Udzj45GGfBBGwLQVZq3mZyKAEeRIOsUP+pOaDsaVQg8XErBATbdG2O8pDzamUXDHi6WW36SjvsrqeDezer1bNka3QITdhdPTfiyqweodKbsVxgqj3PU3OKY87fsQvy48JqZDrFVsseV1U6/N2cnDHFkbn8ZElh/gZVb+fb0iKu7OQUvRGnHHruP/HQ7pKe65qL82PbdlJ
      azcli_aks_live_test@example.com\n"}]}}, "servicePrincipalProfile": {"clientId":"00000000-0000-0000-0000-000000000001"},
      "oidcIssuerProfile": {"enabled": false}, "nodeResourceGroup": "MC_clitest000001_cliakstest000002_centraluseuap",
      "enableRBAC": true, "supportPlan": "KubernetesOfficial", "enablePodSecurityPolicy":
      false, "networkProfile": {"networkPlugin": "kubenet", "podCidr": "10.244.0.0/16",
      "serviceCidr": "10.0.0.0/16", "dnsServiceIP": "10.0.0.10", "outboundType": "loadBalancer",
      "loadBalancerSku": "Standard", "loadBalancerProfile": {"managedOutboundIPs":
      {"count": 1, "countIPv6": 0}, "effectiveOutboundIPs": [{"id": "/subscriptions/00000000-0000-0000-0000-000000000000/resourceGroups/MC_clitest000001_cliakstest000002_centraluseuap/providers/Microsoft.Network/publicIPAddresses/10920461-c4e4-4650-a0ad-efae485ec135"}],
      "backendPoolType": "nodeIPConfiguration"}, "podCidrs": ["10.244.0.0/16"], "serviceCidrs":
      ["10.0.0.0/16"], "ipFamilies": ["IPv4"]}, "identityProfile": {"kubeletidentity":
      {"resourceId": "/subscriptions/00000000-0000-0000-0000-000000000000/resourcegroups/MC_clitest000001_cliakstest000002_centraluseuap/providers/Microsoft.ManagedIdentity/userAssignedIdentities/cliakstest000002-agentpool",
      "clientId":"00000000-0000-0000-0000-000000000001", "objectId":"00000000-0000-0000-0000-000000000001"}},
      "disableLocalAccounts": false, "securityProfile": {}, "storageProfile": {"blobCSIDriver":
      {"enabled": false}}, "workloadAutoScalerProfile": {}}}'
    headers:
      AKSHTTPCustomFeatures:
      - Microsoft.ContainerService/EnableBlobCSIDriver
      Accept:
      - application/json
      Accept-Encoding:
      - gzip, deflate
      CommandName:
      - aks update
      Connection:
      - keep-alive
      Content-Length:
      - '2721'
      Content-Type:
      - application/json
      ParameterSetName:
      - --resource-group --name -o --disable-blob-driver -y --aks-custom-headers
      User-Agent:
      - AZURECLI/2.49.0 azsdk-python-azure-mgmt-containerservice/23.0.0b Python/3.8.10
        (Linux-5.15.0-1039-azure-x86_64-with-glibc2.29)
    method: PUT
    uri: https://management.azure.com/subscriptions/00000000-0000-0000-0000-000000000000/resourceGroups/clitest000001/providers/Microsoft.ContainerService/managedClusters/cliakstest000002?api-version=2024-02-02-preview
  response:
    body:
      string: "{\n  \"id\": \"/subscriptions/00000000-0000-0000-0000-000000000000/resourcegroups/clitest000001/providers/Microsoft.ContainerService/managedClusters/cliakstest000002\",\n
        \ \"location\": \"centraluseuap\",\n  \"name\": \"cliakstest000002\",\n  \"type\":
        \"Microsoft.ContainerService/ManagedClusters\",\n  \"properties\": {\n   \"provisioningState\":
        \"Updating\",\n   \"powerState\": {\n    \"code\": \"Running\"\n   },\n   \"kubernetesVersion\":
        \"1.25.6\",\n   \"currentKubernetesVersion\": \"1.25.6\",\n   \"dnsPrefix\":
        \"cliakstest-clitestsrjxkf3h4-79a739\",\n   \"fqdn\": \"cliakstest-clitestsrjxkf3h4-79a739-4jwv5re7.hcp.centraluseuap.azmk8s.io\",\n
        \  \"azurePortalFQDN\": \"cliakstest-clitestsrjxkf3h4-79a739-4jwv5re7.portal.hcp.centraluseuap.azmk8s.io\",\n
        \  \"agentPoolProfiles\": [\n    {\n     \"name\": \"nodepool1\",\n     \"count\":
        3,\n     \"vmSize\": \"Standard_DS2_v2\",\n     \"osDiskSizeGB\": 128,\n     \"osDiskType\":
        \"Managed\",\n     \"kubeletDiskType\": \"OS\",\n     \"workloadRuntime\":
        \"OCIContainer\",\n     \"maxPods\": 110,\n     \"type\": \"VirtualMachineScaleSets\",\n
        \    \"enableAutoScaling\": false,\n     \"provisioningState\": \"Updating\",\n
        \    \"powerState\": {\n      \"code\": \"Running\"\n     },\n     \"orchestratorVersion\":
        \"1.25.6\",\n     \"currentOrchestratorVersion\": \"1.25.6\",\n     \"enableNodePublicIP\":
        false,\n     \"enableCustomCATrust\": false,\n     \"mode\": \"System\",\n
        \    \"enableEncryptionAtHost\": false,\n     \"enableUltraSSD\": false,\n
        \    \"osType\": \"Linux\",\n     \"osSKU\": \"Ubuntu\",\n     \"nodeImageVersion\":
        \"AKSUbuntu-2204gen2containerd-202306.13.0\",\n     \"upgradeSettings\": {},\n
        \    \"enableFIPS\": false,\n     \"networkProfile\": {}\n    }\n   ],\n   \"linuxProfile\":
        {\n    \"adminUsername\": \"azureuser\",\n    \"ssh\": {\n     \"publicKeys\":
        [\n      {\n       \"keyData\": \"ssh-rsa AAAAB3NzaC1yc2EAAAADAQABAAABAQDb0x2R+gxDt9nnClKGb09PRKjhwllORkiL+Od4OMCGmPwZsY1iIi52E+yY/Gr5H0g+jiXj2pu5YhacgFmbFYwtCmxd2L7qVq3Xk+Km5ZL/Bso+zyVtboNA4bFD+lB16EOuRX3DlcvDO/7Udzj45GGfBBGwLQVZq3mZyKAEeRIOsUP+pOaDsaVQg8XErBATbdG2O8pDzamUXDHi6WW36SjvsrqeDezer1bNka3QITdhdPTfiyqweodKbsVxgqj3PU3OKY87fsQvy48JqZDrFVsseV1U6/N2cnDHFkbn8ZElh/gZVb+fb0iKu7OQUvRGnHHruP/HQ7pKe65qL82PbdlJ
        azcli_aks_live_test@example.com\\n\"\n      }\n     ]\n    }\n   },\n   \"servicePrincipalProfile\":
        {\n    \"clientId\":\"00000000-0000-0000-0000-000000000001\"\n   },\n   \"nodeResourceGroup\":
        \"MC_clitest000001_cliakstest000002_centraluseuap\",\n   \"enableRBAC\": true,\n
        \  \"enablePodSecurityPolicy\": false,\n   \"supportPlan\": \"KubernetesOfficial\",\n
        \  \"networkProfile\": {\n    \"networkPlugin\": \"kubenet\",\n    \"loadBalancerSku\":
        \"Standard\",\n    \"loadBalancerProfile\": {\n     \"managedOutboundIPs\":
        {\n      \"count\": 1\n     },\n     \"effectiveOutboundIPs\": [\n      {\n
        \      \"id\": \"/subscriptions/00000000-0000-0000-0000-000000000000/resourceGroups/MC_clitest000001_cliakstest000002_centraluseuap/providers/Microsoft.Network/publicIPAddresses/10920461-c4e4-4650-a0ad-efae485ec135\"\n
        \     }\n     ],\n     \"backendPoolType\": \"nodeIPConfiguration\"\n    },\n
        \   \"podCidr\": \"10.244.0.0/16\",\n    \"serviceCidr\": \"10.0.0.0/16\",\n
        \   \"dnsServiceIP\": \"10.0.0.10\",\n    \"outboundType\": \"loadBalancer\",\n
        \   \"podCidrs\": [\n     \"10.244.0.0/16\"\n    ],\n    \"serviceCidrs\":
        [\n     \"10.0.0.0/16\"\n    ],\n    \"ipFamilies\": [\n     \"IPv4\"\n    ]\n
        \  },\n   \"maxAgentPools\": 100,\n   \"identityProfile\": {\n    \"kubeletidentity\":
        {\n     \"resourceId\": \"/subscriptions/00000000-0000-0000-0000-000000000000/resourcegroups/MC_clitest000001_cliakstest000002_centraluseuap/providers/Microsoft.ManagedIdentity/userAssignedIdentities/cliakstest000002-agentpool\",\n
        \    \"clientId\":\"00000000-0000-0000-0000-000000000001\",\n     \"objectId\":\"00000000-0000-0000-0000-000000000001\"\n
        \   }\n   },\n   \"disableLocalAccounts\": false,\n   \"securityProfile\":
        {},\n   \"storageProfile\": {\n    \"diskCSIDriver\": {\n     \"enabled\":
        true,\n     \"version\": \"v1\"\n    },\n    \"fileCSIDriver\": {\n     \"enabled\":
        true\n    },\n    \"snapshotController\": {\n     \"enabled\": true\n    },\n
        \   \"blobCSIDriver\": {\n     \"enabled\": false\n    }\n   },\n   \"oidcIssuerProfile\":
        {\n    \"enabled\": false\n   },\n   \"workloadAutoScalerProfile\": {}\n  },\n
        \ \"identity\": {\n   \"type\": \"SystemAssigned\",\n   \"principalId\":\"00000000-0000-0000-0000-000000000001\",\n
        \  \"tenantId\": \"72f988bf-86f1-41af-91ab-2d7cd011db47\"\n  },\n  \"sku\":
        {\n   \"name\": \"Base\",\n   \"tier\": \"Free\"\n  }\n }"
    headers:
      azure-asyncoperation:
      - https://management.azure.com/subscriptions/00000000-0000-0000-0000-000000000000/providers/Microsoft.ContainerService/locations/centraluseuap/operations/e6bf9760-c556-4eb4-b608-9d9d8fd2548c?api-version=2016-03-30
      cache-control:
      - no-cache
      content-length:
      - '4214'
      content-type:
      - application/json
      date:
      - Wed, 21 Jun 2023 08:36:02 GMT
      expires:
      - '-1'
      pragma:
      - no-cache
      strict-transport-security:
      - max-age=31536000; includeSubDomains
      transfer-encoding:
      - chunked
      vary:
      - Accept-Encoding
      x-content-type-options:
      - nosniff
      x-ms-ratelimit-remaining-subscription-writes:
      - '1195'
    status:
      code: 200
      message: OK
- request:
    body: null
    headers:
      Accept:
      - '*/*'
      Accept-Encoding:
      - gzip, deflate
      CommandName:
      - aks update
      Connection:
      - keep-alive
      ParameterSetName:
      - --resource-group --name -o --disable-blob-driver -y --aks-custom-headers
      User-Agent:
      - AZURECLI/2.49.0 azsdk-python-azure-mgmt-containerservice/23.0.0b Python/3.8.10
        (Linux-5.15.0-1039-azure-x86_64-with-glibc2.29)
    method: GET
    uri: https://management.azure.com/subscriptions/00000000-0000-0000-0000-000000000000/providers/Microsoft.ContainerService/locations/centraluseuap/operations/e6bf9760-c556-4eb4-b608-9d9d8fd2548c?api-version=2016-03-30
  response:
    body:
      string: "{\n  \"name\": \"6097bfe6-56c5-b44e-b608-9d9d8fd2548c\",\n  \"status\":
        \"InProgress\",\n  \"startTime\": \"2023-06-21T08:36:03.2672022Z\"\n }"
    headers:
      cache-control:
      - no-cache
      content-length:
      - '126'
      content-type:
      - application/json
      date:
      - Wed, 21 Jun 2023 08:36:05 GMT
      expires:
      - '-1'
      pragma:
      - no-cache
      server:
      - nginx
      strict-transport-security:
      - max-age=31536000; includeSubDomains
      transfer-encoding:
      - chunked
      vary:
      - Accept-Encoding
      x-content-type-options:
      - nosniff
    status:
      code: 200
      message: OK
- request:
    body: null
    headers:
      Accept:
      - '*/*'
      Accept-Encoding:
      - gzip, deflate
      CommandName:
      - aks update
      Connection:
      - keep-alive
      ParameterSetName:
      - --resource-group --name -o --disable-blob-driver -y --aks-custom-headers
      User-Agent:
      - AZURECLI/2.49.0 azsdk-python-azure-mgmt-containerservice/23.0.0b Python/3.8.10
        (Linux-5.15.0-1039-azure-x86_64-with-glibc2.29)
    method: GET
    uri: https://management.azure.com/subscriptions/00000000-0000-0000-0000-000000000000/providers/Microsoft.ContainerService/locations/centraluseuap/operations/e6bf9760-c556-4eb4-b608-9d9d8fd2548c?api-version=2016-03-30
  response:
    body:
      string: "{\n  \"name\": \"6097bfe6-56c5-b44e-b608-9d9d8fd2548c\",\n  \"status\":
        \"InProgress\",\n  \"startTime\": \"2023-06-21T08:36:03.2672022Z\"\n }"
    headers:
      cache-control:
      - no-cache
      content-length:
      - '126'
      content-type:
      - application/json
      date:
      - Wed, 21 Jun 2023 08:36:36 GMT
      expires:
      - '-1'
      pragma:
      - no-cache
      server:
      - nginx
      strict-transport-security:
      - max-age=31536000; includeSubDomains
      transfer-encoding:
      - chunked
      vary:
      - Accept-Encoding
      x-content-type-options:
      - nosniff
    status:
      code: 200
      message: OK
- request:
    body: null
    headers:
      Accept:
      - '*/*'
      Accept-Encoding:
      - gzip, deflate
      CommandName:
      - aks update
      Connection:
      - keep-alive
      ParameterSetName:
      - --resource-group --name -o --disable-blob-driver -y --aks-custom-headers
      User-Agent:
      - AZURECLI/2.49.0 azsdk-python-azure-mgmt-containerservice/23.0.0b Python/3.8.10
        (Linux-5.15.0-1039-azure-x86_64-with-glibc2.29)
    method: GET
    uri: https://management.azure.com/subscriptions/00000000-0000-0000-0000-000000000000/providers/Microsoft.ContainerService/locations/centraluseuap/operations/e6bf9760-c556-4eb4-b608-9d9d8fd2548c?api-version=2016-03-30
  response:
    body:
      string: "{\n  \"name\": \"6097bfe6-56c5-b44e-b608-9d9d8fd2548c\",\n  \"status\":
        \"InProgress\",\n  \"startTime\": \"2023-06-21T08:36:03.2672022Z\"\n }"
    headers:
      cache-control:
      - no-cache
      content-length:
      - '126'
      content-type:
      - application/json
      date:
      - Wed, 21 Jun 2023 08:37:06 GMT
      expires:
      - '-1'
      pragma:
      - no-cache
      server:
      - nginx
      strict-transport-security:
      - max-age=31536000; includeSubDomains
      transfer-encoding:
      - chunked
      vary:
      - Accept-Encoding
      x-content-type-options:
      - nosniff
    status:
      code: 200
      message: OK
- request:
    body: null
    headers:
      Accept:
      - '*/*'
      Accept-Encoding:
      - gzip, deflate
      CommandName:
      - aks update
      Connection:
      - keep-alive
      ParameterSetName:
      - --resource-group --name -o --disable-blob-driver -y --aks-custom-headers
      User-Agent:
      - AZURECLI/2.49.0 azsdk-python-azure-mgmt-containerservice/23.0.0b Python/3.8.10
        (Linux-5.15.0-1039-azure-x86_64-with-glibc2.29)
    method: GET
    uri: https://management.azure.com/subscriptions/00000000-0000-0000-0000-000000000000/providers/Microsoft.ContainerService/locations/centraluseuap/operations/e6bf9760-c556-4eb4-b608-9d9d8fd2548c?api-version=2016-03-30
  response:
    body:
      string: "{\n  \"name\": \"6097bfe6-56c5-b44e-b608-9d9d8fd2548c\",\n  \"status\":
        \"InProgress\",\n  \"startTime\": \"2023-06-21T08:36:03.2672022Z\"\n }"
    headers:
      cache-control:
      - no-cache
      content-length:
      - '126'
      content-type:
      - application/json
      date:
      - Wed, 21 Jun 2023 08:37:36 GMT
      expires:
      - '-1'
      pragma:
      - no-cache
      server:
      - nginx
      strict-transport-security:
      - max-age=31536000; includeSubDomains
      transfer-encoding:
      - chunked
      vary:
      - Accept-Encoding
      x-content-type-options:
      - nosniff
    status:
      code: 200
      message: OK
- request:
    body: null
    headers:
      Accept:
      - '*/*'
      Accept-Encoding:
      - gzip, deflate
      CommandName:
      - aks update
      Connection:
      - keep-alive
      ParameterSetName:
      - --resource-group --name -o --disable-blob-driver -y --aks-custom-headers
      User-Agent:
      - AZURECLI/2.49.0 azsdk-python-azure-mgmt-containerservice/23.0.0b Python/3.8.10
        (Linux-5.15.0-1039-azure-x86_64-with-glibc2.29)
    method: GET
    uri: https://management.azure.com/subscriptions/00000000-0000-0000-0000-000000000000/providers/Microsoft.ContainerService/locations/centraluseuap/operations/e6bf9760-c556-4eb4-b608-9d9d8fd2548c?api-version=2016-03-30
  response:
    body:
      string: "{\n  \"name\": \"6097bfe6-56c5-b44e-b608-9d9d8fd2548c\",\n  \"status\":
        \"Succeeded\",\n  \"startTime\": \"2023-06-21T08:36:03.2672022Z\",\n  \"endTime\":
        \"2023-06-21T08:38:01.5154095Z\"\n }"
    headers:
      cache-control:
      - no-cache
      content-length:
      - '170'
      content-type:
      - application/json
      date:
      - Wed, 21 Jun 2023 08:38:06 GMT
      expires:
      - '-1'
      pragma:
      - no-cache
      server:
      - nginx
      strict-transport-security:
      - max-age=31536000; includeSubDomains
      transfer-encoding:
      - chunked
      vary:
      - Accept-Encoding
      x-content-type-options:
      - nosniff
    status:
      code: 200
      message: OK
- request:
    body: null
    headers:
      Accept:
      - '*/*'
      Accept-Encoding:
      - gzip, deflate
      CommandName:
      - aks update
      Connection:
      - keep-alive
      ParameterSetName:
      - --resource-group --name -o --disable-blob-driver -y --aks-custom-headers
      User-Agent:
      - AZURECLI/2.49.0 azsdk-python-azure-mgmt-containerservice/23.0.0b Python/3.8.10
        (Linux-5.15.0-1039-azure-x86_64-with-glibc2.29)
    method: GET
    uri: https://management.azure.com/subscriptions/00000000-0000-0000-0000-000000000000/resourceGroups/clitest000001/providers/Microsoft.ContainerService/managedClusters/cliakstest000002?api-version=2024-02-02-preview
  response:
    body:
      string: "{\n  \"id\": \"/subscriptions/00000000-0000-0000-0000-000000000000/resourcegroups/clitest000001/providers/Microsoft.ContainerService/managedClusters/cliakstest000002\",\n
        \ \"location\": \"centraluseuap\",\n  \"name\": \"cliakstest000002\",\n  \"type\":
        \"Microsoft.ContainerService/ManagedClusters\",\n  \"properties\": {\n   \"provisioningState\":
        \"Succeeded\",\n   \"powerState\": {\n    \"code\": \"Running\"\n   },\n   \"kubernetesVersion\":
        \"1.25.6\",\n   \"currentKubernetesVersion\": \"1.25.6\",\n   \"dnsPrefix\":
        \"cliakstest-clitestsrjxkf3h4-79a739\",\n   \"fqdn\": \"cliakstest-clitestsrjxkf3h4-79a739-4jwv5re7.hcp.centraluseuap.azmk8s.io\",\n
        \  \"azurePortalFQDN\": \"cliakstest-clitestsrjxkf3h4-79a739-4jwv5re7.portal.hcp.centraluseuap.azmk8s.io\",\n
        \  \"agentPoolProfiles\": [\n    {\n     \"name\": \"nodepool1\",\n     \"count\":
        3,\n     \"vmSize\": \"Standard_DS2_v2\",\n     \"osDiskSizeGB\": 128,\n     \"osDiskType\":
        \"Managed\",\n     \"kubeletDiskType\": \"OS\",\n     \"workloadRuntime\":
        \"OCIContainer\",\n     \"maxPods\": 110,\n     \"type\": \"VirtualMachineScaleSets\",\n
        \    \"enableAutoScaling\": false,\n     \"provisioningState\": \"Succeeded\",\n
        \    \"powerState\": {\n      \"code\": \"Running\"\n     },\n     \"orchestratorVersion\":
        \"1.25.6\",\n     \"currentOrchestratorVersion\": \"1.25.6\",\n     \"enableNodePublicIP\":
        false,\n     \"enableCustomCATrust\": false,\n     \"mode\": \"System\",\n
        \    \"enableEncryptionAtHost\": false,\n     \"enableUltraSSD\": false,\n
        \    \"osType\": \"Linux\",\n     \"osSKU\": \"Ubuntu\",\n     \"nodeImageVersion\":
        \"AKSUbuntu-2204gen2containerd-202306.13.0\",\n     \"upgradeSettings\": {},\n
        \    \"enableFIPS\": false,\n     \"networkProfile\": {}\n    }\n   ],\n   \"linuxProfile\":
        {\n    \"adminUsername\": \"azureuser\",\n    \"ssh\": {\n     \"publicKeys\":
        [\n      {\n       \"keyData\": \"ssh-rsa AAAAB3NzaC1yc2EAAAADAQABAAABAQDb0x2R+gxDt9nnClKGb09PRKjhwllORkiL+Od4OMCGmPwZsY1iIi52E+yY/Gr5H0g+jiXj2pu5YhacgFmbFYwtCmxd2L7qVq3Xk+Km5ZL/Bso+zyVtboNA4bFD+lB16EOuRX3DlcvDO/7Udzj45GGfBBGwLQVZq3mZyKAEeRIOsUP+pOaDsaVQg8XErBATbdG2O8pDzamUXDHi6WW36SjvsrqeDezer1bNka3QITdhdPTfiyqweodKbsVxgqj3PU3OKY87fsQvy48JqZDrFVsseV1U6/N2cnDHFkbn8ZElh/gZVb+fb0iKu7OQUvRGnHHruP/HQ7pKe65qL82PbdlJ
        azcli_aks_live_test@example.com\\n\"\n      }\n     ]\n    }\n   },\n   \"servicePrincipalProfile\":
        {\n    \"clientId\":\"00000000-0000-0000-0000-000000000001\"\n   },\n   \"nodeResourceGroup\":
        \"MC_clitest000001_cliakstest000002_centraluseuap\",\n   \"enableRBAC\": true,\n
        \  \"enablePodSecurityPolicy\": false,\n   \"supportPlan\": \"KubernetesOfficial\",\n
        \  \"networkProfile\": {\n    \"networkPlugin\": \"kubenet\",\n    \"loadBalancerSku\":
        \"Standard\",\n    \"loadBalancerProfile\": {\n     \"managedOutboundIPs\":
        {\n      \"count\": 1\n     },\n     \"effectiveOutboundIPs\": [\n      {\n
        \      \"id\": \"/subscriptions/00000000-0000-0000-0000-000000000000/resourceGroups/MC_clitest000001_cliakstest000002_centraluseuap/providers/Microsoft.Network/publicIPAddresses/10920461-c4e4-4650-a0ad-efae485ec135\"\n
        \     }\n     ],\n     \"backendPoolType\": \"nodeIPConfiguration\"\n    },\n
        \   \"podCidr\": \"10.244.0.0/16\",\n    \"serviceCidr\": \"10.0.0.0/16\",\n
        \   \"dnsServiceIP\": \"10.0.0.10\",\n    \"outboundType\": \"loadBalancer\",\n
        \   \"podCidrs\": [\n     \"10.244.0.0/16\"\n    ],\n    \"serviceCidrs\":
        [\n     \"10.0.0.0/16\"\n    ],\n    \"ipFamilies\": [\n     \"IPv4\"\n    ]\n
        \  },\n   \"maxAgentPools\": 100,\n   \"identityProfile\": {\n    \"kubeletidentity\":
        {\n     \"resourceId\": \"/subscriptions/00000000-0000-0000-0000-000000000000/resourcegroups/MC_clitest000001_cliakstest000002_centraluseuap/providers/Microsoft.ManagedIdentity/userAssignedIdentities/cliakstest000002-agentpool\",\n
        \    \"clientId\":\"00000000-0000-0000-0000-000000000001\",\n     \"objectId\":\"00000000-0000-0000-0000-000000000001\"\n
        \   }\n   },\n   \"disableLocalAccounts\": false,\n   \"securityProfile\":
        {},\n   \"storageProfile\": {\n    \"diskCSIDriver\": {\n     \"enabled\":
        true,\n     \"version\": \"v1\"\n    },\n    \"fileCSIDriver\": {\n     \"enabled\":
        true\n    },\n    \"snapshotController\": {\n     \"enabled\": true\n    },\n
        \   \"blobCSIDriver\": {\n     \"enabled\": false\n    }\n   },\n   \"oidcIssuerProfile\":
        {\n    \"enabled\": false\n   },\n   \"workloadAutoScalerProfile\": {}\n  },\n
        \ \"identity\": {\n   \"type\": \"SystemAssigned\",\n   \"principalId\":\"00000000-0000-0000-0000-000000000001\",\n
        \  \"tenantId\": \"72f988bf-86f1-41af-91ab-2d7cd011db47\"\n  },\n  \"sku\":
        {\n   \"name\": \"Base\",\n   \"tier\": \"Free\"\n  }\n }"
    headers:
      cache-control:
      - no-cache
      content-length:
      - '4216'
      content-type:
      - application/json
      date:
      - Wed, 21 Jun 2023 08:38:06 GMT
      expires:
      - '-1'
      pragma:
      - no-cache
      strict-transport-security:
      - max-age=31536000; includeSubDomains
      transfer-encoding:
      - chunked
      vary:
      - Accept-Encoding
      x-content-type-options:
      - nosniff
    status:
      code: 200
      message: OK
- request:
    body: null
    headers:
      Accept:
      - application/json
      Accept-Encoding:
      - gzip, deflate
      CommandName:
      - aks update
      Connection:
      - keep-alive
      ParameterSetName:
      - --resource-group --name -y -o --aks-custom-headers
      User-Agent:
      - AZURECLI/2.49.0 azsdk-python-azure-mgmt-containerservice/23.0.0b Python/3.8.10
        (Linux-5.15.0-1039-azure-x86_64-with-glibc2.29)
    method: GET
    uri: https://management.azure.com/subscriptions/00000000-0000-0000-0000-000000000000/resourceGroups/clitest000001/providers/Microsoft.ContainerService/managedClusters/cliakstest000002?api-version=2024-02-02-preview
  response:
    body:
      string: "{\n  \"id\": \"/subscriptions/00000000-0000-0000-0000-000000000000/resourcegroups/clitest000001/providers/Microsoft.ContainerService/managedClusters/cliakstest000002\",\n
        \ \"location\": \"centraluseuap\",\n  \"name\": \"cliakstest000002\",\n  \"type\":
        \"Microsoft.ContainerService/ManagedClusters\",\n  \"properties\": {\n   \"provisioningState\":
        \"Succeeded\",\n   \"powerState\": {\n    \"code\": \"Running\"\n   },\n   \"kubernetesVersion\":
        \"1.25.6\",\n   \"currentKubernetesVersion\": \"1.25.6\",\n   \"dnsPrefix\":
        \"cliakstest-clitestsrjxkf3h4-79a739\",\n   \"fqdn\": \"cliakstest-clitestsrjxkf3h4-79a739-4jwv5re7.hcp.centraluseuap.azmk8s.io\",\n
        \  \"azurePortalFQDN\": \"cliakstest-clitestsrjxkf3h4-79a739-4jwv5re7.portal.hcp.centraluseuap.azmk8s.io\",\n
        \  \"agentPoolProfiles\": [\n    {\n     \"name\": \"nodepool1\",\n     \"count\":
        3,\n     \"vmSize\": \"Standard_DS2_v2\",\n     \"osDiskSizeGB\": 128,\n     \"osDiskType\":
        \"Managed\",\n     \"kubeletDiskType\": \"OS\",\n     \"workloadRuntime\":
        \"OCIContainer\",\n     \"maxPods\": 110,\n     \"type\": \"VirtualMachineScaleSets\",\n
        \    \"enableAutoScaling\": false,\n     \"provisioningState\": \"Succeeded\",\n
        \    \"powerState\": {\n      \"code\": \"Running\"\n     },\n     \"orchestratorVersion\":
        \"1.25.6\",\n     \"currentOrchestratorVersion\": \"1.25.6\",\n     \"enableNodePublicIP\":
        false,\n     \"enableCustomCATrust\": false,\n     \"mode\": \"System\",\n
        \    \"enableEncryptionAtHost\": false,\n     \"enableUltraSSD\": false,\n
        \    \"osType\": \"Linux\",\n     \"osSKU\": \"Ubuntu\",\n     \"nodeImageVersion\":
        \"AKSUbuntu-2204gen2containerd-202306.13.0\",\n     \"upgradeSettings\": {},\n
        \    \"enableFIPS\": false,\n     \"networkProfile\": {}\n    }\n   ],\n   \"linuxProfile\":
        {\n    \"adminUsername\": \"azureuser\",\n    \"ssh\": {\n     \"publicKeys\":
        [\n      {\n       \"keyData\": \"ssh-rsa AAAAB3NzaC1yc2EAAAADAQABAAABAQDb0x2R+gxDt9nnClKGb09PRKjhwllORkiL+Od4OMCGmPwZsY1iIi52E+yY/Gr5H0g+jiXj2pu5YhacgFmbFYwtCmxd2L7qVq3Xk+Km5ZL/Bso+zyVtboNA4bFD+lB16EOuRX3DlcvDO/7Udzj45GGfBBGwLQVZq3mZyKAEeRIOsUP+pOaDsaVQg8XErBATbdG2O8pDzamUXDHi6WW36SjvsrqeDezer1bNka3QITdhdPTfiyqweodKbsVxgqj3PU3OKY87fsQvy48JqZDrFVsseV1U6/N2cnDHFkbn8ZElh/gZVb+fb0iKu7OQUvRGnHHruP/HQ7pKe65qL82PbdlJ
        azcli_aks_live_test@example.com\\n\"\n      }\n     ]\n    }\n   },\n   \"servicePrincipalProfile\":
        {\n    \"clientId\":\"00000000-0000-0000-0000-000000000001\"\n   },\n   \"nodeResourceGroup\":
        \"MC_clitest000001_cliakstest000002_centraluseuap\",\n   \"enableRBAC\": true,\n
        \  \"enablePodSecurityPolicy\": false,\n   \"supportPlan\": \"KubernetesOfficial\",\n
        \  \"networkProfile\": {\n    \"networkPlugin\": \"kubenet\",\n    \"loadBalancerSku\":
        \"Standard\",\n    \"loadBalancerProfile\": {\n     \"managedOutboundIPs\":
        {\n      \"count\": 1\n     },\n     \"effectiveOutboundIPs\": [\n      {\n
        \      \"id\": \"/subscriptions/00000000-0000-0000-0000-000000000000/resourceGroups/MC_clitest000001_cliakstest000002_centraluseuap/providers/Microsoft.Network/publicIPAddresses/10920461-c4e4-4650-a0ad-efae485ec135\"\n
        \     }\n     ],\n     \"backendPoolType\": \"nodeIPConfiguration\"\n    },\n
        \   \"podCidr\": \"10.244.0.0/16\",\n    \"serviceCidr\": \"10.0.0.0/16\",\n
        \   \"dnsServiceIP\": \"10.0.0.10\",\n    \"outboundType\": \"loadBalancer\",\n
        \   \"podCidrs\": [\n     \"10.244.0.0/16\"\n    ],\n    \"serviceCidrs\":
        [\n     \"10.0.0.0/16\"\n    ],\n    \"ipFamilies\": [\n     \"IPv4\"\n    ]\n
        \  },\n   \"maxAgentPools\": 100,\n   \"identityProfile\": {\n    \"kubeletidentity\":
        {\n     \"resourceId\": \"/subscriptions/00000000-0000-0000-0000-000000000000/resourcegroups/MC_clitest000001_cliakstest000002_centraluseuap/providers/Microsoft.ManagedIdentity/userAssignedIdentities/cliakstest000002-agentpool\",\n
        \    \"clientId\":\"00000000-0000-0000-0000-000000000001\",\n     \"objectId\":\"00000000-0000-0000-0000-000000000001\"\n
        \   }\n   },\n   \"disableLocalAccounts\": false,\n   \"securityProfile\":
        {},\n   \"storageProfile\": {\n    \"diskCSIDriver\": {\n     \"enabled\":
        true,\n     \"version\": \"v1\"\n    },\n    \"fileCSIDriver\": {\n     \"enabled\":
        true\n    },\n    \"snapshotController\": {\n     \"enabled\": true\n    },\n
        \   \"blobCSIDriver\": {\n     \"enabled\": false\n    }\n   },\n   \"oidcIssuerProfile\":
        {\n    \"enabled\": false\n   },\n   \"workloadAutoScalerProfile\": {}\n  },\n
        \ \"identity\": {\n   \"type\": \"SystemAssigned\",\n   \"principalId\":\"00000000-0000-0000-0000-000000000001\",\n
        \  \"tenantId\": \"72f988bf-86f1-41af-91ab-2d7cd011db47\"\n  },\n  \"sku\":
        {\n   \"name\": \"Base\",\n   \"tier\": \"Free\"\n  }\n }"
    headers:
      cache-control:
      - no-cache
      content-length:
      - '4216'
      content-type:
      - application/json
      date:
      - Wed, 21 Jun 2023 08:38:07 GMT
      expires:
      - '-1'
      pragma:
      - no-cache
      strict-transport-security:
      - max-age=31536000; includeSubDomains
      transfer-encoding:
      - chunked
      vary:
      - Accept-Encoding
      x-content-type-options:
      - nosniff
    status:
      code: 200
      message: OK
- request:
    body: '{"location": "centraluseuap", "sku": {"name": "Base", "tier": "Free"},
      "identity": {"type": "SystemAssigned"}, "properties": {"kubernetesVersion":
      "1.25.6", "dnsPrefix": "cliakstest-clitestsrjxkf3h4-79a739", "agentPoolProfiles":
      [{"count": 3, "vmSize": "Standard_DS2_v2", "osDiskSizeGB": 128, "osDiskType":
      "Managed", "kubeletDiskType": "OS", "workloadRuntime": "OCIContainer", "maxPods":
      110, "osType": "Linux", "osSKU": "Ubuntu", "enableAutoScaling": false, "type":
      "VirtualMachineScaleSets", "mode": "System", "orchestratorVersion": "1.25.6",
      "upgradeSettings": {}, "powerState": {"code": "Running"}, "enableNodePublicIP":
      false, "enableCustomCATrust": false, "enableEncryptionAtHost": false, "enableUltraSSD":
      false, "enableFIPS": false, "networkProfile": {}, "name": "nodepool1"}], "linuxProfile":
      {"adminUsername": "azureuser", "ssh": {"publicKeys": [{"keyData": "ssh-rsa AAAAB3NzaC1yc2EAAAADAQABAAABAQDb0x2R+gxDt9nnClKGb09PRKjhwllORkiL+Od4OMCGmPwZsY1iIi52E+yY/Gr5H0g+jiXj2pu5YhacgFmbFYwtCmxd2L7qVq3Xk+Km5ZL/Bso+zyVtboNA4bFD+lB16EOuRX3DlcvDO/7Udzj45GGfBBGwLQVZq3mZyKAEeRIOsUP+pOaDsaVQg8XErBATbdG2O8pDzamUXDHi6WW36SjvsrqeDezer1bNka3QITdhdPTfiyqweodKbsVxgqj3PU3OKY87fsQvy48JqZDrFVsseV1U6/N2cnDHFkbn8ZElh/gZVb+fb0iKu7OQUvRGnHHruP/HQ7pKe65qL82PbdlJ
      azcli_aks_live_test@example.com\n"}]}}, "servicePrincipalProfile": {"clientId":"00000000-0000-0000-0000-000000000001"},
      "oidcIssuerProfile": {"enabled": false}, "nodeResourceGroup": "MC_clitest000001_cliakstest000002_centraluseuap",
      "enableRBAC": true, "supportPlan": "KubernetesOfficial", "enablePodSecurityPolicy":
      false, "networkProfile": {"networkPlugin": "kubenet", "podCidr": "10.244.0.0/16",
      "serviceCidr": "10.0.0.0/16", "dnsServiceIP": "10.0.0.10", "outboundType": "loadBalancer",
      "loadBalancerSku": "Standard", "loadBalancerProfile": {"managedOutboundIPs":
      {"count": 1, "countIPv6": 0}, "effectiveOutboundIPs": [{"id": "/subscriptions/00000000-0000-0000-0000-000000000000/resourceGroups/MC_clitest000001_cliakstest000002_centraluseuap/providers/Microsoft.Network/publicIPAddresses/10920461-c4e4-4650-a0ad-efae485ec135"}],
      "backendPoolType": "nodeIPConfiguration"}, "podCidrs": ["10.244.0.0/16"], "serviceCidrs":
      ["10.0.0.0/16"], "ipFamilies": ["IPv4"]}, "identityProfile": {"kubeletidentity":
      {"resourceId": "/subscriptions/00000000-0000-0000-0000-000000000000/resourcegroups/MC_clitest000001_cliakstest000002_centraluseuap/providers/Microsoft.ManagedIdentity/userAssignedIdentities/cliakstest000002-agentpool",
      "clientId":"00000000-0000-0000-0000-000000000001", "objectId":"00000000-0000-0000-0000-000000000001"}},
      "disableLocalAccounts": false, "securityProfile": {}, "storageProfile": {},
      "workloadAutoScalerProfile": {}}}'
    headers:
      AKSHTTPCustomFeatures:
      - Microsoft.ContainerService/EnableBlobCSIDriver
      Accept:
      - application/json
      Accept-Encoding:
      - gzip, deflate
      CommandName:
      - aks update
      Connection:
      - keep-alive
      Content-Length:
      - '2686'
      Content-Type:
      - application/json
      ParameterSetName:
      - --resource-group --name -y -o --aks-custom-headers
      User-Agent:
      - AZURECLI/2.49.0 azsdk-python-azure-mgmt-containerservice/23.0.0b Python/3.8.10
        (Linux-5.15.0-1039-azure-x86_64-with-glibc2.29)
    method: PUT
    uri: https://management.azure.com/subscriptions/00000000-0000-0000-0000-000000000000/resourceGroups/clitest000001/providers/Microsoft.ContainerService/managedClusters/cliakstest000002?api-version=2024-02-02-preview
  response:
    body:
      string: "{\n  \"id\": \"/subscriptions/00000000-0000-0000-0000-000000000000/resourcegroups/clitest000001/providers/Microsoft.ContainerService/managedClusters/cliakstest000002\",\n
        \ \"location\": \"centraluseuap\",\n  \"name\": \"cliakstest000002\",\n  \"type\":
        \"Microsoft.ContainerService/ManagedClusters\",\n  \"properties\": {\n   \"provisioningState\":
        \"Updating\",\n   \"powerState\": {\n    \"code\": \"Running\"\n   },\n   \"kubernetesVersion\":
        \"1.25.6\",\n   \"currentKubernetesVersion\": \"1.25.6\",\n   \"dnsPrefix\":
        \"cliakstest-clitestsrjxkf3h4-79a739\",\n   \"fqdn\": \"cliakstest-clitestsrjxkf3h4-79a739-4jwv5re7.hcp.centraluseuap.azmk8s.io\",\n
        \  \"azurePortalFQDN\": \"cliakstest-clitestsrjxkf3h4-79a739-4jwv5re7.portal.hcp.centraluseuap.azmk8s.io\",\n
        \  \"agentPoolProfiles\": [\n    {\n     \"name\": \"nodepool1\",\n     \"count\":
        3,\n     \"vmSize\": \"Standard_DS2_v2\",\n     \"osDiskSizeGB\": 128,\n     \"osDiskType\":
        \"Managed\",\n     \"kubeletDiskType\": \"OS\",\n     \"workloadRuntime\":
        \"OCIContainer\",\n     \"maxPods\": 110,\n     \"type\": \"VirtualMachineScaleSets\",\n
        \    \"enableAutoScaling\": false,\n     \"provisioningState\": \"Updating\",\n
        \    \"powerState\": {\n      \"code\": \"Running\"\n     },\n     \"orchestratorVersion\":
        \"1.25.6\",\n     \"currentOrchestratorVersion\": \"1.25.6\",\n     \"enableNodePublicIP\":
        false,\n     \"enableCustomCATrust\": false,\n     \"mode\": \"System\",\n
        \    \"enableEncryptionAtHost\": false,\n     \"enableUltraSSD\": false,\n
        \    \"osType\": \"Linux\",\n     \"osSKU\": \"Ubuntu\",\n     \"nodeImageVersion\":
        \"AKSUbuntu-2204gen2containerd-202306.13.0\",\n     \"upgradeSettings\": {},\n
        \    \"enableFIPS\": false,\n     \"networkProfile\": {}\n    }\n   ],\n   \"linuxProfile\":
        {\n    \"adminUsername\": \"azureuser\",\n    \"ssh\": {\n     \"publicKeys\":
        [\n      {\n       \"keyData\": \"ssh-rsa AAAAB3NzaC1yc2EAAAADAQABAAABAQDb0x2R+gxDt9nnClKGb09PRKjhwllORkiL+Od4OMCGmPwZsY1iIi52E+yY/Gr5H0g+jiXj2pu5YhacgFmbFYwtCmxd2L7qVq3Xk+Km5ZL/Bso+zyVtboNA4bFD+lB16EOuRX3DlcvDO/7Udzj45GGfBBGwLQVZq3mZyKAEeRIOsUP+pOaDsaVQg8XErBATbdG2O8pDzamUXDHi6WW36SjvsrqeDezer1bNka3QITdhdPTfiyqweodKbsVxgqj3PU3OKY87fsQvy48JqZDrFVsseV1U6/N2cnDHFkbn8ZElh/gZVb+fb0iKu7OQUvRGnHHruP/HQ7pKe65qL82PbdlJ
        azcli_aks_live_test@example.com\\n\"\n      }\n     ]\n    }\n   },\n   \"servicePrincipalProfile\":
        {\n    \"clientId\":\"00000000-0000-0000-0000-000000000001\"\n   },\n   \"nodeResourceGroup\":
        \"MC_clitest000001_cliakstest000002_centraluseuap\",\n   \"enableRBAC\": true,\n
        \  \"enablePodSecurityPolicy\": false,\n   \"supportPlan\": \"KubernetesOfficial\",\n
        \  \"networkProfile\": {\n    \"networkPlugin\": \"kubenet\",\n    \"loadBalancerSku\":
        \"Standard\",\n    \"loadBalancerProfile\": {\n     \"managedOutboundIPs\":
        {\n      \"count\": 1\n     },\n     \"effectiveOutboundIPs\": [\n      {\n
        \      \"id\": \"/subscriptions/00000000-0000-0000-0000-000000000000/resourceGroups/MC_clitest000001_cliakstest000002_centraluseuap/providers/Microsoft.Network/publicIPAddresses/10920461-c4e4-4650-a0ad-efae485ec135\"\n
        \     }\n     ],\n     \"backendPoolType\": \"nodeIPConfiguration\"\n    },\n
        \   \"podCidr\": \"10.244.0.0/16\",\n    \"serviceCidr\": \"10.0.0.0/16\",\n
        \   \"dnsServiceIP\": \"10.0.0.10\",\n    \"outboundType\": \"loadBalancer\",\n
        \   \"podCidrs\": [\n     \"10.244.0.0/16\"\n    ],\n    \"serviceCidrs\":
        [\n     \"10.0.0.0/16\"\n    ],\n    \"ipFamilies\": [\n     \"IPv4\"\n    ]\n
        \  },\n   \"maxAgentPools\": 100,\n   \"identityProfile\": {\n    \"kubeletidentity\":
        {\n     \"resourceId\": \"/subscriptions/00000000-0000-0000-0000-000000000000/resourcegroups/MC_clitest000001_cliakstest000002_centraluseuap/providers/Microsoft.ManagedIdentity/userAssignedIdentities/cliakstest000002-agentpool\",\n
        \    \"clientId\":\"00000000-0000-0000-0000-000000000001\",\n     \"objectId\":\"00000000-0000-0000-0000-000000000001\"\n
        \   }\n   },\n   \"disableLocalAccounts\": false,\n   \"securityProfile\":
        {},\n   \"storageProfile\": {\n    \"diskCSIDriver\": {\n     \"enabled\":
        true,\n     \"version\": \"v1\"\n    },\n    \"fileCSIDriver\": {\n     \"enabled\":
        true\n    },\n    \"snapshotController\": {\n     \"enabled\": true\n    },\n
        \   \"blobCSIDriver\": {\n     \"enabled\": false\n    }\n   },\n   \"oidcIssuerProfile\":
        {\n    \"enabled\": false\n   },\n   \"workloadAutoScalerProfile\": {}\n  },\n
        \ \"identity\": {\n   \"type\": \"SystemAssigned\",\n   \"principalId\":\"00000000-0000-0000-0000-000000000001\",\n
        \  \"tenantId\": \"72f988bf-86f1-41af-91ab-2d7cd011db47\"\n  },\n  \"sku\":
        {\n   \"name\": \"Base\",\n   \"tier\": \"Free\"\n  }\n }"
    headers:
      azure-asyncoperation:
      - https://management.azure.com/subscriptions/00000000-0000-0000-0000-000000000000/providers/Microsoft.ContainerService/locations/centraluseuap/operations/ec0f461b-4c15-455a-a5d5-ce2d9bac347b?api-version=2016-03-30
      cache-control:
      - no-cache
      content-length:
      - '4214'
      content-type:
      - application/json
      date:
      - Wed, 21 Jun 2023 08:38:10 GMT
      expires:
      - '-1'
      pragma:
      - no-cache
      strict-transport-security:
      - max-age=31536000; includeSubDomains
      transfer-encoding:
      - chunked
      vary:
      - Accept-Encoding
      x-content-type-options:
      - nosniff
      x-ms-ratelimit-remaining-subscription-writes:
      - '1194'
    status:
      code: 200
      message: OK
- request:
    body: null
    headers:
      Accept:
      - '*/*'
      Accept-Encoding:
      - gzip, deflate
      CommandName:
      - aks update
      Connection:
      - keep-alive
      ParameterSetName:
      - --resource-group --name -y -o --aks-custom-headers
      User-Agent:
      - AZURECLI/2.49.0 azsdk-python-azure-mgmt-containerservice/23.0.0b Python/3.8.10
        (Linux-5.15.0-1039-azure-x86_64-with-glibc2.29)
    method: GET
    uri: https://management.azure.com/subscriptions/00000000-0000-0000-0000-000000000000/providers/Microsoft.ContainerService/locations/centraluseuap/operations/ec0f461b-4c15-455a-a5d5-ce2d9bac347b?api-version=2016-03-30
  response:
    body:
      string: "{\n  \"name\": \"1b460fec-154c-5a45-a5d5-ce2d9bac347b\",\n  \"status\":
        \"InProgress\",\n  \"startTime\": \"2023-06-21T08:38:10.6125213Z\"\n }"
    headers:
      cache-control:
      - no-cache
      content-length:
      - '126'
      content-type:
      - application/json
      date:
      - Wed, 21 Jun 2023 08:38:10 GMT
      expires:
      - '-1'
      pragma:
      - no-cache
      server:
      - nginx
      strict-transport-security:
      - max-age=31536000; includeSubDomains
      transfer-encoding:
      - chunked
      vary:
      - Accept-Encoding
      x-content-type-options:
      - nosniff
    status:
      code: 200
      message: OK
- request:
    body: null
    headers:
      Accept:
      - '*/*'
      Accept-Encoding:
      - gzip, deflate
      CommandName:
      - aks update
      Connection:
      - keep-alive
      ParameterSetName:
      - --resource-group --name -y -o --aks-custom-headers
      User-Agent:
      - AZURECLI/2.49.0 azsdk-python-azure-mgmt-containerservice/23.0.0b Python/3.8.10
        (Linux-5.15.0-1039-azure-x86_64-with-glibc2.29)
    method: GET
    uri: https://management.azure.com/subscriptions/00000000-0000-0000-0000-000000000000/providers/Microsoft.ContainerService/locations/centraluseuap/operations/ec0f461b-4c15-455a-a5d5-ce2d9bac347b?api-version=2016-03-30
  response:
    body:
      string: "{\n  \"name\": \"1b460fec-154c-5a45-a5d5-ce2d9bac347b\",\n  \"status\":
        \"InProgress\",\n  \"startTime\": \"2023-06-21T08:38:10.6125213Z\"\n }"
    headers:
      cache-control:
      - no-cache
      content-length:
      - '126'
      content-type:
      - application/json
      date:
      - Wed, 21 Jun 2023 08:38:41 GMT
      expires:
      - '-1'
      pragma:
      - no-cache
      server:
      - nginx
      strict-transport-security:
      - max-age=31536000; includeSubDomains
      transfer-encoding:
      - chunked
      vary:
      - Accept-Encoding
      x-content-type-options:
      - nosniff
    status:
      code: 200
      message: OK
- request:
    body: null
    headers:
      Accept:
      - '*/*'
      Accept-Encoding:
      - gzip, deflate
      CommandName:
      - aks update
      Connection:
      - keep-alive
      ParameterSetName:
      - --resource-group --name -y -o --aks-custom-headers
      User-Agent:
      - AZURECLI/2.49.0 azsdk-python-azure-mgmt-containerservice/23.0.0b Python/3.8.10
        (Linux-5.15.0-1039-azure-x86_64-with-glibc2.29)
    method: GET
    uri: https://management.azure.com/subscriptions/00000000-0000-0000-0000-000000000000/providers/Microsoft.ContainerService/locations/centraluseuap/operations/ec0f461b-4c15-455a-a5d5-ce2d9bac347b?api-version=2016-03-30
  response:
    body:
      string: "{\n  \"name\": \"1b460fec-154c-5a45-a5d5-ce2d9bac347b\",\n  \"status\":
        \"InProgress\",\n  \"startTime\": \"2023-06-21T08:38:10.6125213Z\"\n }"
    headers:
      cache-control:
      - no-cache
      content-length:
      - '126'
      content-type:
      - application/json
      date:
      - Wed, 21 Jun 2023 08:39:11 GMT
      expires:
      - '-1'
      pragma:
      - no-cache
      server:
      - nginx
      strict-transport-security:
      - max-age=31536000; includeSubDomains
      transfer-encoding:
      - chunked
      vary:
      - Accept-Encoding
      x-content-type-options:
      - nosniff
    status:
      code: 200
      message: OK
- request:
    body: null
    headers:
      Accept:
      - '*/*'
      Accept-Encoding:
      - gzip, deflate
      CommandName:
      - aks update
      Connection:
      - keep-alive
      ParameterSetName:
      - --resource-group --name -y -o --aks-custom-headers
      User-Agent:
      - AZURECLI/2.49.0 azsdk-python-azure-mgmt-containerservice/23.0.0b Python/3.8.10
        (Linux-5.15.0-1039-azure-x86_64-with-glibc2.29)
    method: GET
    uri: https://management.azure.com/subscriptions/00000000-0000-0000-0000-000000000000/providers/Microsoft.ContainerService/locations/centraluseuap/operations/ec0f461b-4c15-455a-a5d5-ce2d9bac347b?api-version=2016-03-30
  response:
    body:
      string: "{\n  \"name\": \"1b460fec-154c-5a45-a5d5-ce2d9bac347b\",\n  \"status\":
        \"InProgress\",\n  \"startTime\": \"2023-06-21T08:38:10.6125213Z\"\n }"
    headers:
      cache-control:
      - no-cache
      content-length:
      - '126'
      content-type:
      - application/json
      date:
      - Wed, 21 Jun 2023 08:39:41 GMT
      expires:
      - '-1'
      pragma:
      - no-cache
      server:
      - nginx
      strict-transport-security:
      - max-age=31536000; includeSubDomains
      transfer-encoding:
      - chunked
      vary:
      - Accept-Encoding
      x-content-type-options:
      - nosniff
    status:
      code: 200
      message: OK
- request:
    body: null
    headers:
      Accept:
      - '*/*'
      Accept-Encoding:
      - gzip, deflate
      CommandName:
      - aks update
      Connection:
      - keep-alive
      ParameterSetName:
      - --resource-group --name -y -o --aks-custom-headers
      User-Agent:
      - AZURECLI/2.49.0 azsdk-python-azure-mgmt-containerservice/23.0.0b Python/3.8.10
        (Linux-5.15.0-1039-azure-x86_64-with-glibc2.29)
    method: GET
    uri: https://management.azure.com/subscriptions/00000000-0000-0000-0000-000000000000/providers/Microsoft.ContainerService/locations/centraluseuap/operations/ec0f461b-4c15-455a-a5d5-ce2d9bac347b?api-version=2016-03-30
  response:
    body:
      string: "{\n  \"name\": \"1b460fec-154c-5a45-a5d5-ce2d9bac347b\",\n  \"status\":
        \"Succeeded\",\n  \"startTime\": \"2023-06-21T08:38:10.6125213Z\",\n  \"endTime\":
        \"2023-06-21T08:39:45.728002Z\"\n }"
    headers:
      cache-control:
      - no-cache
      content-length:
      - '169'
      content-type:
      - application/json
      date:
      - Wed, 21 Jun 2023 08:40:10 GMT
      expires:
      - '-1'
      pragma:
      - no-cache
      server:
      - nginx
      strict-transport-security:
      - max-age=31536000; includeSubDomains
      transfer-encoding:
      - chunked
      vary:
      - Accept-Encoding
      x-content-type-options:
      - nosniff
    status:
      code: 200
      message: OK
- request:
    body: null
    headers:
      Accept:
      - '*/*'
      Accept-Encoding:
      - gzip, deflate
      CommandName:
      - aks update
      Connection:
      - keep-alive
      ParameterSetName:
      - --resource-group --name -y -o --aks-custom-headers
      User-Agent:
      - AZURECLI/2.49.0 azsdk-python-azure-mgmt-containerservice/23.0.0b Python/3.8.10
        (Linux-5.15.0-1039-azure-x86_64-with-glibc2.29)
    method: GET
    uri: https://management.azure.com/subscriptions/00000000-0000-0000-0000-000000000000/resourceGroups/clitest000001/providers/Microsoft.ContainerService/managedClusters/cliakstest000002?api-version=2024-02-02-preview
  response:
    body:
      string: "{\n  \"id\": \"/subscriptions/00000000-0000-0000-0000-000000000000/resourcegroups/clitest000001/providers/Microsoft.ContainerService/managedClusters/cliakstest000002\",\n
        \ \"location\": \"centraluseuap\",\n  \"name\": \"cliakstest000002\",\n  \"type\":
        \"Microsoft.ContainerService/ManagedClusters\",\n  \"properties\": {\n   \"provisioningState\":
        \"Succeeded\",\n   \"powerState\": {\n    \"code\": \"Running\"\n   },\n   \"kubernetesVersion\":
        \"1.25.6\",\n   \"currentKubernetesVersion\": \"1.25.6\",\n   \"dnsPrefix\":
        \"cliakstest-clitestsrjxkf3h4-79a739\",\n   \"fqdn\": \"cliakstest-clitestsrjxkf3h4-79a739-4jwv5re7.hcp.centraluseuap.azmk8s.io\",\n
        \  \"azurePortalFQDN\": \"cliakstest-clitestsrjxkf3h4-79a739-4jwv5re7.portal.hcp.centraluseuap.azmk8s.io\",\n
        \  \"agentPoolProfiles\": [\n    {\n     \"name\": \"nodepool1\",\n     \"count\":
        3,\n     \"vmSize\": \"Standard_DS2_v2\",\n     \"osDiskSizeGB\": 128,\n     \"osDiskType\":
        \"Managed\",\n     \"kubeletDiskType\": \"OS\",\n     \"workloadRuntime\":
        \"OCIContainer\",\n     \"maxPods\": 110,\n     \"type\": \"VirtualMachineScaleSets\",\n
        \    \"enableAutoScaling\": false,\n     \"provisioningState\": \"Succeeded\",\n
        \    \"powerState\": {\n      \"code\": \"Running\"\n     },\n     \"orchestratorVersion\":
        \"1.25.6\",\n     \"currentOrchestratorVersion\": \"1.25.6\",\n     \"enableNodePublicIP\":
        false,\n     \"enableCustomCATrust\": false,\n     \"mode\": \"System\",\n
        \    \"enableEncryptionAtHost\": false,\n     \"enableUltraSSD\": false,\n
        \    \"osType\": \"Linux\",\n     \"osSKU\": \"Ubuntu\",\n     \"nodeImageVersion\":
        \"AKSUbuntu-2204gen2containerd-202306.13.0\",\n     \"upgradeSettings\": {},\n
        \    \"enableFIPS\": false,\n     \"networkProfile\": {}\n    }\n   ],\n   \"linuxProfile\":
        {\n    \"adminUsername\": \"azureuser\",\n    \"ssh\": {\n     \"publicKeys\":
        [\n      {\n       \"keyData\": \"ssh-rsa AAAAB3NzaC1yc2EAAAADAQABAAABAQDb0x2R+gxDt9nnClKGb09PRKjhwllORkiL+Od4OMCGmPwZsY1iIi52E+yY/Gr5H0g+jiXj2pu5YhacgFmbFYwtCmxd2L7qVq3Xk+Km5ZL/Bso+zyVtboNA4bFD+lB16EOuRX3DlcvDO/7Udzj45GGfBBGwLQVZq3mZyKAEeRIOsUP+pOaDsaVQg8XErBATbdG2O8pDzamUXDHi6WW36SjvsrqeDezer1bNka3QITdhdPTfiyqweodKbsVxgqj3PU3OKY87fsQvy48JqZDrFVsseV1U6/N2cnDHFkbn8ZElh/gZVb+fb0iKu7OQUvRGnHHruP/HQ7pKe65qL82PbdlJ
        azcli_aks_live_test@example.com\\n\"\n      }\n     ]\n    }\n   },\n   \"servicePrincipalProfile\":
        {\n    \"clientId\":\"00000000-0000-0000-0000-000000000001\"\n   },\n   \"nodeResourceGroup\":
        \"MC_clitest000001_cliakstest000002_centraluseuap\",\n   \"enableRBAC\": true,\n
        \  \"enablePodSecurityPolicy\": false,\n   \"supportPlan\": \"KubernetesOfficial\",\n
        \  \"networkProfile\": {\n    \"networkPlugin\": \"kubenet\",\n    \"loadBalancerSku\":
        \"Standard\",\n    \"loadBalancerProfile\": {\n     \"managedOutboundIPs\":
        {\n      \"count\": 1\n     },\n     \"effectiveOutboundIPs\": [\n      {\n
        \      \"id\": \"/subscriptions/00000000-0000-0000-0000-000000000000/resourceGroups/MC_clitest000001_cliakstest000002_centraluseuap/providers/Microsoft.Network/publicIPAddresses/10920461-c4e4-4650-a0ad-efae485ec135\"\n
        \     }\n     ],\n     \"backendPoolType\": \"nodeIPConfiguration\"\n    },\n
        \   \"podCidr\": \"10.244.0.0/16\",\n    \"serviceCidr\": \"10.0.0.0/16\",\n
        \   \"dnsServiceIP\": \"10.0.0.10\",\n    \"outboundType\": \"loadBalancer\",\n
        \   \"podCidrs\": [\n     \"10.244.0.0/16\"\n    ],\n    \"serviceCidrs\":
        [\n     \"10.0.0.0/16\"\n    ],\n    \"ipFamilies\": [\n     \"IPv4\"\n    ]\n
        \  },\n   \"maxAgentPools\": 100,\n   \"identityProfile\": {\n    \"kubeletidentity\":
        {\n     \"resourceId\": \"/subscriptions/00000000-0000-0000-0000-000000000000/resourcegroups/MC_clitest000001_cliakstest000002_centraluseuap/providers/Microsoft.ManagedIdentity/userAssignedIdentities/cliakstest000002-agentpool\",\n
        \    \"clientId\":\"00000000-0000-0000-0000-000000000001\",\n     \"objectId\":\"00000000-0000-0000-0000-000000000001\"\n
        \   }\n   },\n   \"disableLocalAccounts\": false,\n   \"securityProfile\":
        {},\n   \"storageProfile\": {\n    \"diskCSIDriver\": {\n     \"enabled\":
        true,\n     \"version\": \"v1\"\n    },\n    \"fileCSIDriver\": {\n     \"enabled\":
        true\n    },\n    \"snapshotController\": {\n     \"enabled\": true\n    },\n
        \   \"blobCSIDriver\": {\n     \"enabled\": false\n    }\n   },\n   \"oidcIssuerProfile\":
        {\n    \"enabled\": false\n   },\n   \"workloadAutoScalerProfile\": {}\n  },\n
        \ \"identity\": {\n   \"type\": \"SystemAssigned\",\n   \"principalId\":\"00000000-0000-0000-0000-000000000001\",\n
        \  \"tenantId\": \"72f988bf-86f1-41af-91ab-2d7cd011db47\"\n  },\n  \"sku\":
        {\n   \"name\": \"Base\",\n   \"tier\": \"Free\"\n  }\n }"
    headers:
      cache-control:
      - no-cache
      content-length:
      - '4216'
      content-type:
      - application/json
      date:
      - Wed, 21 Jun 2023 08:40:11 GMT
      expires:
      - '-1'
      pragma:
      - no-cache
      strict-transport-security:
      - max-age=31536000; includeSubDomains
      transfer-encoding:
      - chunked
      vary:
      - Accept-Encoding
      x-content-type-options:
      - nosniff
    status:
      code: 200
      message: OK
- request:
    body: null
    headers:
      Accept:
      - application/json
      Accept-Encoding:
      - gzip, deflate
      CommandName:
      - aks update
      Connection:
      - keep-alive
      ParameterSetName:
      - --resource-group --name -o --enable-blob-driver -y --aks-custom-headers
      User-Agent:
      - AZURECLI/2.49.0 azsdk-python-azure-mgmt-containerservice/23.0.0b Python/3.8.10
        (Linux-5.15.0-1039-azure-x86_64-with-glibc2.29)
    method: GET
    uri: https://management.azure.com/subscriptions/00000000-0000-0000-0000-000000000000/resourceGroups/clitest000001/providers/Microsoft.ContainerService/managedClusters/cliakstest000002?api-version=2024-02-02-preview
  response:
    body:
      string: "{\n  \"id\": \"/subscriptions/00000000-0000-0000-0000-000000000000/resourcegroups/clitest000001/providers/Microsoft.ContainerService/managedClusters/cliakstest000002\",\n
        \ \"location\": \"centraluseuap\",\n  \"name\": \"cliakstest000002\",\n  \"type\":
        \"Microsoft.ContainerService/ManagedClusters\",\n  \"properties\": {\n   \"provisioningState\":
        \"Succeeded\",\n   \"powerState\": {\n    \"code\": \"Running\"\n   },\n   \"kubernetesVersion\":
        \"1.25.6\",\n   \"currentKubernetesVersion\": \"1.25.6\",\n   \"dnsPrefix\":
        \"cliakstest-clitestsrjxkf3h4-79a739\",\n   \"fqdn\": \"cliakstest-clitestsrjxkf3h4-79a739-4jwv5re7.hcp.centraluseuap.azmk8s.io\",\n
        \  \"azurePortalFQDN\": \"cliakstest-clitestsrjxkf3h4-79a739-4jwv5re7.portal.hcp.centraluseuap.azmk8s.io\",\n
        \  \"agentPoolProfiles\": [\n    {\n     \"name\": \"nodepool1\",\n     \"count\":
        3,\n     \"vmSize\": \"Standard_DS2_v2\",\n     \"osDiskSizeGB\": 128,\n     \"osDiskType\":
        \"Managed\",\n     \"kubeletDiskType\": \"OS\",\n     \"workloadRuntime\":
        \"OCIContainer\",\n     \"maxPods\": 110,\n     \"type\": \"VirtualMachineScaleSets\",\n
        \    \"enableAutoScaling\": false,\n     \"provisioningState\": \"Succeeded\",\n
        \    \"powerState\": {\n      \"code\": \"Running\"\n     },\n     \"orchestratorVersion\":
        \"1.25.6\",\n     \"currentOrchestratorVersion\": \"1.25.6\",\n     \"enableNodePublicIP\":
        false,\n     \"enableCustomCATrust\": false,\n     \"mode\": \"System\",\n
        \    \"enableEncryptionAtHost\": false,\n     \"enableUltraSSD\": false,\n
        \    \"osType\": \"Linux\",\n     \"osSKU\": \"Ubuntu\",\n     \"nodeImageVersion\":
        \"AKSUbuntu-2204gen2containerd-202306.13.0\",\n     \"upgradeSettings\": {},\n
        \    \"enableFIPS\": false,\n     \"networkProfile\": {}\n    }\n   ],\n   \"linuxProfile\":
        {\n    \"adminUsername\": \"azureuser\",\n    \"ssh\": {\n     \"publicKeys\":
        [\n      {\n       \"keyData\": \"ssh-rsa AAAAB3NzaC1yc2EAAAADAQABAAABAQDb0x2R+gxDt9nnClKGb09PRKjhwllORkiL+Od4OMCGmPwZsY1iIi52E+yY/Gr5H0g+jiXj2pu5YhacgFmbFYwtCmxd2L7qVq3Xk+Km5ZL/Bso+zyVtboNA4bFD+lB16EOuRX3DlcvDO/7Udzj45GGfBBGwLQVZq3mZyKAEeRIOsUP+pOaDsaVQg8XErBATbdG2O8pDzamUXDHi6WW36SjvsrqeDezer1bNka3QITdhdPTfiyqweodKbsVxgqj3PU3OKY87fsQvy48JqZDrFVsseV1U6/N2cnDHFkbn8ZElh/gZVb+fb0iKu7OQUvRGnHHruP/HQ7pKe65qL82PbdlJ
        azcli_aks_live_test@example.com\\n\"\n      }\n     ]\n    }\n   },\n   \"servicePrincipalProfile\":
        {\n    \"clientId\":\"00000000-0000-0000-0000-000000000001\"\n   },\n   \"nodeResourceGroup\":
        \"MC_clitest000001_cliakstest000002_centraluseuap\",\n   \"enableRBAC\": true,\n
        \  \"enablePodSecurityPolicy\": false,\n   \"supportPlan\": \"KubernetesOfficial\",\n
        \  \"networkProfile\": {\n    \"networkPlugin\": \"kubenet\",\n    \"loadBalancerSku\":
        \"Standard\",\n    \"loadBalancerProfile\": {\n     \"managedOutboundIPs\":
        {\n      \"count\": 1\n     },\n     \"effectiveOutboundIPs\": [\n      {\n
        \      \"id\": \"/subscriptions/00000000-0000-0000-0000-000000000000/resourceGroups/MC_clitest000001_cliakstest000002_centraluseuap/providers/Microsoft.Network/publicIPAddresses/10920461-c4e4-4650-a0ad-efae485ec135\"\n
        \     }\n     ],\n     \"backendPoolType\": \"nodeIPConfiguration\"\n    },\n
        \   \"podCidr\": \"10.244.0.0/16\",\n    \"serviceCidr\": \"10.0.0.0/16\",\n
        \   \"dnsServiceIP\": \"10.0.0.10\",\n    \"outboundType\": \"loadBalancer\",\n
        \   \"podCidrs\": [\n     \"10.244.0.0/16\"\n    ],\n    \"serviceCidrs\":
        [\n     \"10.0.0.0/16\"\n    ],\n    \"ipFamilies\": [\n     \"IPv4\"\n    ]\n
        \  },\n   \"maxAgentPools\": 100,\n   \"identityProfile\": {\n    \"kubeletidentity\":
        {\n     \"resourceId\": \"/subscriptions/00000000-0000-0000-0000-000000000000/resourcegroups/MC_clitest000001_cliakstest000002_centraluseuap/providers/Microsoft.ManagedIdentity/userAssignedIdentities/cliakstest000002-agentpool\",\n
        \    \"clientId\":\"00000000-0000-0000-0000-000000000001\",\n     \"objectId\":\"00000000-0000-0000-0000-000000000001\"\n
        \   }\n   },\n   \"disableLocalAccounts\": false,\n   \"securityProfile\":
        {},\n   \"storageProfile\": {\n    \"diskCSIDriver\": {\n     \"enabled\":
        true,\n     \"version\": \"v1\"\n    },\n    \"fileCSIDriver\": {\n     \"enabled\":
        true\n    },\n    \"snapshotController\": {\n     \"enabled\": true\n    },\n
        \   \"blobCSIDriver\": {\n     \"enabled\": false\n    }\n   },\n   \"oidcIssuerProfile\":
        {\n    \"enabled\": false\n   },\n   \"workloadAutoScalerProfile\": {}\n  },\n
        \ \"identity\": {\n   \"type\": \"SystemAssigned\",\n   \"principalId\":\"00000000-0000-0000-0000-000000000001\",\n
        \  \"tenantId\": \"72f988bf-86f1-41af-91ab-2d7cd011db47\"\n  },\n  \"sku\":
        {\n   \"name\": \"Base\",\n   \"tier\": \"Free\"\n  }\n }"
    headers:
      cache-control:
      - no-cache
      content-length:
      - '4216'
      content-type:
      - application/json
      date:
      - Wed, 21 Jun 2023 08:40:12 GMT
      expires:
      - '-1'
      pragma:
      - no-cache
      strict-transport-security:
      - max-age=31536000; includeSubDomains
      transfer-encoding:
      - chunked
      vary:
      - Accept-Encoding
      x-content-type-options:
      - nosniff
    status:
      code: 200
      message: OK
- request:
    body: '{"location": "centraluseuap", "sku": {"name": "Base", "tier": "Free"},
      "identity": {"type": "SystemAssigned"}, "properties": {"kubernetesVersion":
      "1.25.6", "dnsPrefix": "cliakstest-clitestsrjxkf3h4-79a739", "agentPoolProfiles":
      [{"count": 3, "vmSize": "Standard_DS2_v2", "osDiskSizeGB": 128, "osDiskType":
      "Managed", "kubeletDiskType": "OS", "workloadRuntime": "OCIContainer", "maxPods":
      110, "osType": "Linux", "osSKU": "Ubuntu", "enableAutoScaling": false, "type":
      "VirtualMachineScaleSets", "mode": "System", "orchestratorVersion": "1.25.6",
      "upgradeSettings": {}, "powerState": {"code": "Running"}, "enableNodePublicIP":
      false, "enableCustomCATrust": false, "enableEncryptionAtHost": false, "enableUltraSSD":
      false, "enableFIPS": false, "networkProfile": {}, "name": "nodepool1"}], "linuxProfile":
      {"adminUsername": "azureuser", "ssh": {"publicKeys": [{"keyData": "ssh-rsa AAAAB3NzaC1yc2EAAAADAQABAAABAQDb0x2R+gxDt9nnClKGb09PRKjhwllORkiL+Od4OMCGmPwZsY1iIi52E+yY/Gr5H0g+jiXj2pu5YhacgFmbFYwtCmxd2L7qVq3Xk+Km5ZL/Bso+zyVtboNA4bFD+lB16EOuRX3DlcvDO/7Udzj45GGfBBGwLQVZq3mZyKAEeRIOsUP+pOaDsaVQg8XErBATbdG2O8pDzamUXDHi6WW36SjvsrqeDezer1bNka3QITdhdPTfiyqweodKbsVxgqj3PU3OKY87fsQvy48JqZDrFVsseV1U6/N2cnDHFkbn8ZElh/gZVb+fb0iKu7OQUvRGnHHruP/HQ7pKe65qL82PbdlJ
      azcli_aks_live_test@example.com\n"}]}}, "servicePrincipalProfile": {"clientId":"00000000-0000-0000-0000-000000000001"},
      "oidcIssuerProfile": {"enabled": false}, "nodeResourceGroup": "MC_clitest000001_cliakstest000002_centraluseuap",
      "enableRBAC": true, "supportPlan": "KubernetesOfficial", "enablePodSecurityPolicy":
      false, "networkProfile": {"networkPlugin": "kubenet", "podCidr": "10.244.0.0/16",
      "serviceCidr": "10.0.0.0/16", "dnsServiceIP": "10.0.0.10", "outboundType": "loadBalancer",
      "loadBalancerSku": "Standard", "loadBalancerProfile": {"managedOutboundIPs":
      {"count": 1, "countIPv6": 0}, "effectiveOutboundIPs": [{"id": "/subscriptions/00000000-0000-0000-0000-000000000000/resourceGroups/MC_clitest000001_cliakstest000002_centraluseuap/providers/Microsoft.Network/publicIPAddresses/10920461-c4e4-4650-a0ad-efae485ec135"}],
      "backendPoolType": "nodeIPConfiguration"}, "podCidrs": ["10.244.0.0/16"], "serviceCidrs":
      ["10.0.0.0/16"], "ipFamilies": ["IPv4"]}, "identityProfile": {"kubeletidentity":
      {"resourceId": "/subscriptions/00000000-0000-0000-0000-000000000000/resourcegroups/MC_clitest000001_cliakstest000002_centraluseuap/providers/Microsoft.ManagedIdentity/userAssignedIdentities/cliakstest000002-agentpool",
      "clientId":"00000000-0000-0000-0000-000000000001", "objectId":"00000000-0000-0000-0000-000000000001"}},
      "disableLocalAccounts": false, "securityProfile": {}, "storageProfile": {"blobCSIDriver":
      {"enabled": true}}, "workloadAutoScalerProfile": {}}}'
    headers:
      AKSHTTPCustomFeatures:
      - Microsoft.ContainerService/EnableBlobCSIDriver
      Accept:
      - application/json
      Accept-Encoding:
      - gzip, deflate
      CommandName:
      - aks update
      Connection:
      - keep-alive
      Content-Length:
      - '2720'
      Content-Type:
      - application/json
      ParameterSetName:
      - --resource-group --name -o --enable-blob-driver -y --aks-custom-headers
      User-Agent:
      - AZURECLI/2.49.0 azsdk-python-azure-mgmt-containerservice/23.0.0b Python/3.8.10
        (Linux-5.15.0-1039-azure-x86_64-with-glibc2.29)
    method: PUT
    uri: https://management.azure.com/subscriptions/00000000-0000-0000-0000-000000000000/resourceGroups/clitest000001/providers/Microsoft.ContainerService/managedClusters/cliakstest000002?api-version=2024-02-02-preview
  response:
    body:
      string: "{\n  \"id\": \"/subscriptions/00000000-0000-0000-0000-000000000000/resourcegroups/clitest000001/providers/Microsoft.ContainerService/managedClusters/cliakstest000002\",\n
        \ \"location\": \"centraluseuap\",\n  \"name\": \"cliakstest000002\",\n  \"type\":
        \"Microsoft.ContainerService/ManagedClusters\",\n  \"properties\": {\n   \"provisioningState\":
        \"Updating\",\n   \"powerState\": {\n    \"code\": \"Running\"\n   },\n   \"kubernetesVersion\":
        \"1.25.6\",\n   \"currentKubernetesVersion\": \"1.25.6\",\n   \"dnsPrefix\":
        \"cliakstest-clitestsrjxkf3h4-79a739\",\n   \"fqdn\": \"cliakstest-clitestsrjxkf3h4-79a739-4jwv5re7.hcp.centraluseuap.azmk8s.io\",\n
        \  \"azurePortalFQDN\": \"cliakstest-clitestsrjxkf3h4-79a739-4jwv5re7.portal.hcp.centraluseuap.azmk8s.io\",\n
        \  \"agentPoolProfiles\": [\n    {\n     \"name\": \"nodepool1\",\n     \"count\":
        3,\n     \"vmSize\": \"Standard_DS2_v2\",\n     \"osDiskSizeGB\": 128,\n     \"osDiskType\":
        \"Managed\",\n     \"kubeletDiskType\": \"OS\",\n     \"workloadRuntime\":
        \"OCIContainer\",\n     \"maxPods\": 110,\n     \"type\": \"VirtualMachineScaleSets\",\n
        \    \"enableAutoScaling\": false,\n     \"provisioningState\": \"Updating\",\n
        \    \"powerState\": {\n      \"code\": \"Running\"\n     },\n     \"orchestratorVersion\":
        \"1.25.6\",\n     \"currentOrchestratorVersion\": \"1.25.6\",\n     \"enableNodePublicIP\":
        false,\n     \"enableCustomCATrust\": false,\n     \"mode\": \"System\",\n
        \    \"enableEncryptionAtHost\": false,\n     \"enableUltraSSD\": false,\n
        \    \"osType\": \"Linux\",\n     \"osSKU\": \"Ubuntu\",\n     \"nodeImageVersion\":
        \"AKSUbuntu-2204gen2containerd-202306.13.0\",\n     \"upgradeSettings\": {},\n
        \    \"enableFIPS\": false,\n     \"networkProfile\": {}\n    }\n   ],\n   \"linuxProfile\":
        {\n    \"adminUsername\": \"azureuser\",\n    \"ssh\": {\n     \"publicKeys\":
        [\n      {\n       \"keyData\": \"ssh-rsa AAAAB3NzaC1yc2EAAAADAQABAAABAQDb0x2R+gxDt9nnClKGb09PRKjhwllORkiL+Od4OMCGmPwZsY1iIi52E+yY/Gr5H0g+jiXj2pu5YhacgFmbFYwtCmxd2L7qVq3Xk+Km5ZL/Bso+zyVtboNA4bFD+lB16EOuRX3DlcvDO/7Udzj45GGfBBGwLQVZq3mZyKAEeRIOsUP+pOaDsaVQg8XErBATbdG2O8pDzamUXDHi6WW36SjvsrqeDezer1bNka3QITdhdPTfiyqweodKbsVxgqj3PU3OKY87fsQvy48JqZDrFVsseV1U6/N2cnDHFkbn8ZElh/gZVb+fb0iKu7OQUvRGnHHruP/HQ7pKe65qL82PbdlJ
        azcli_aks_live_test@example.com\\n\"\n      }\n     ]\n    }\n   },\n   \"servicePrincipalProfile\":
        {\n    \"clientId\":\"00000000-0000-0000-0000-000000000001\"\n   },\n   \"nodeResourceGroup\":
        \"MC_clitest000001_cliakstest000002_centraluseuap\",\n   \"enableRBAC\": true,\n
        \  \"enablePodSecurityPolicy\": false,\n   \"supportPlan\": \"KubernetesOfficial\",\n
        \  \"networkProfile\": {\n    \"networkPlugin\": \"kubenet\",\n    \"loadBalancerSku\":
        \"Standard\",\n    \"loadBalancerProfile\": {\n     \"managedOutboundIPs\":
        {\n      \"count\": 1\n     },\n     \"effectiveOutboundIPs\": [\n      {\n
        \      \"id\": \"/subscriptions/00000000-0000-0000-0000-000000000000/resourceGroups/MC_clitest000001_cliakstest000002_centraluseuap/providers/Microsoft.Network/publicIPAddresses/10920461-c4e4-4650-a0ad-efae485ec135\"\n
        \     }\n     ],\n     \"backendPoolType\": \"nodeIPConfiguration\"\n    },\n
        \   \"podCidr\": \"10.244.0.0/16\",\n    \"serviceCidr\": \"10.0.0.0/16\",\n
        \   \"dnsServiceIP\": \"10.0.0.10\",\n    \"outboundType\": \"loadBalancer\",\n
        \   \"podCidrs\": [\n     \"10.244.0.0/16\"\n    ],\n    \"serviceCidrs\":
        [\n     \"10.0.0.0/16\"\n    ],\n    \"ipFamilies\": [\n     \"IPv4\"\n    ]\n
        \  },\n   \"maxAgentPools\": 100,\n   \"identityProfile\": {\n    \"kubeletidentity\":
        {\n     \"resourceId\": \"/subscriptions/00000000-0000-0000-0000-000000000000/resourcegroups/MC_clitest000001_cliakstest000002_centraluseuap/providers/Microsoft.ManagedIdentity/userAssignedIdentities/cliakstest000002-agentpool\",\n
        \    \"clientId\":\"00000000-0000-0000-0000-000000000001\",\n     \"objectId\":\"00000000-0000-0000-0000-000000000001\"\n
        \   }\n   },\n   \"disableLocalAccounts\": false,\n   \"securityProfile\":
        {},\n   \"storageProfile\": {\n    \"diskCSIDriver\": {\n     \"enabled\":
        true,\n     \"version\": \"v1\"\n    },\n    \"fileCSIDriver\": {\n     \"enabled\":
        true\n    },\n    \"snapshotController\": {\n     \"enabled\": true\n    },\n
        \   \"blobCSIDriver\": {\n     \"enabled\": true\n    }\n   },\n   \"oidcIssuerProfile\":
        {\n    \"enabled\": false\n   },\n   \"workloadAutoScalerProfile\": {}\n  },\n
        \ \"identity\": {\n   \"type\": \"SystemAssigned\",\n   \"principalId\":\"00000000-0000-0000-0000-000000000001\",\n
        \  \"tenantId\": \"72f988bf-86f1-41af-91ab-2d7cd011db47\"\n  },\n  \"sku\":
        {\n   \"name\": \"Base\",\n   \"tier\": \"Free\"\n  }\n }"
    headers:
      azure-asyncoperation:
      - https://management.azure.com/subscriptions/00000000-0000-0000-0000-000000000000/providers/Microsoft.ContainerService/locations/centraluseuap/operations/35fd788e-b8ab-4c10-a2f7-81be2112b244?api-version=2016-03-30
      cache-control:
      - no-cache
      content-length:
      - '4213'
      content-type:
      - application/json
      date:
      - Wed, 21 Jun 2023 08:40:18 GMT
      expires:
      - '-1'
      pragma:
      - no-cache
      strict-transport-security:
      - max-age=31536000; includeSubDomains
      transfer-encoding:
      - chunked
      vary:
      - Accept-Encoding
      x-content-type-options:
      - nosniff
      x-ms-ratelimit-remaining-subscription-writes:
      - '1194'
    status:
      code: 200
      message: OK
- request:
    body: null
    headers:
      Accept:
      - '*/*'
      Accept-Encoding:
      - gzip, deflate
      CommandName:
      - aks update
      Connection:
      - keep-alive
      ParameterSetName:
      - --resource-group --name -o --enable-blob-driver -y --aks-custom-headers
      User-Agent:
      - AZURECLI/2.49.0 azsdk-python-azure-mgmt-containerservice/23.0.0b Python/3.8.10
        (Linux-5.15.0-1039-azure-x86_64-with-glibc2.29)
    method: GET
    uri: https://management.azure.com/subscriptions/00000000-0000-0000-0000-000000000000/providers/Microsoft.ContainerService/locations/centraluseuap/operations/35fd788e-b8ab-4c10-a2f7-81be2112b244?api-version=2016-03-30
  response:
    body:
      string: "{\n  \"name\": \"8e78fd35-abb8-104c-a2f7-81be2112b244\",\n  \"status\":
        \"InProgress\",\n  \"startTime\": \"2023-06-21T08:40:15.2858265Z\"\n }"
    headers:
      cache-control:
      - no-cache
      content-length:
      - '126'
      content-type:
      - application/json
      date:
      - Wed, 21 Jun 2023 08:40:18 GMT
      expires:
      - '-1'
      pragma:
      - no-cache
      server:
      - nginx
      strict-transport-security:
      - max-age=31536000; includeSubDomains
      transfer-encoding:
      - chunked
      vary:
      - Accept-Encoding
      x-content-type-options:
      - nosniff
    status:
      code: 200
      message: OK
- request:
    body: null
    headers:
      Accept:
      - '*/*'
      Accept-Encoding:
      - gzip, deflate
      CommandName:
      - aks update
      Connection:
      - keep-alive
      ParameterSetName:
      - --resource-group --name -o --enable-blob-driver -y --aks-custom-headers
      User-Agent:
      - AZURECLI/2.49.0 azsdk-python-azure-mgmt-containerservice/23.0.0b Python/3.8.10
        (Linux-5.15.0-1039-azure-x86_64-with-glibc2.29)
    method: GET
    uri: https://management.azure.com/subscriptions/00000000-0000-0000-0000-000000000000/providers/Microsoft.ContainerService/locations/centraluseuap/operations/35fd788e-b8ab-4c10-a2f7-81be2112b244?api-version=2016-03-30
  response:
    body:
      string: "{\n  \"name\": \"8e78fd35-abb8-104c-a2f7-81be2112b244\",\n  \"status\":
        \"InProgress\",\n  \"startTime\": \"2023-06-21T08:40:15.2858265Z\"\n }"
    headers:
      cache-control:
      - no-cache
      content-length:
      - '126'
      content-type:
      - application/json
      date:
      - Wed, 21 Jun 2023 08:40:48 GMT
      expires:
      - '-1'
      pragma:
      - no-cache
      server:
      - nginx
      strict-transport-security:
      - max-age=31536000; includeSubDomains
      transfer-encoding:
      - chunked
      vary:
      - Accept-Encoding
      x-content-type-options:
      - nosniff
    status:
      code: 200
      message: OK
- request:
    body: null
    headers:
      Accept:
      - '*/*'
      Accept-Encoding:
      - gzip, deflate
      CommandName:
      - aks update
      Connection:
      - keep-alive
      ParameterSetName:
      - --resource-group --name -o --enable-blob-driver -y --aks-custom-headers
      User-Agent:
      - AZURECLI/2.49.0 azsdk-python-azure-mgmt-containerservice/23.0.0b Python/3.8.10
        (Linux-5.15.0-1039-azure-x86_64-with-glibc2.29)
    method: GET
    uri: https://management.azure.com/subscriptions/00000000-0000-0000-0000-000000000000/providers/Microsoft.ContainerService/locations/centraluseuap/operations/35fd788e-b8ab-4c10-a2f7-81be2112b244?api-version=2016-03-30
  response:
    body:
      string: "{\n  \"name\": \"8e78fd35-abb8-104c-a2f7-81be2112b244\",\n  \"status\":
        \"InProgress\",\n  \"startTime\": \"2023-06-21T08:40:15.2858265Z\"\n }"
    headers:
      cache-control:
      - no-cache
      content-length:
      - '126'
      content-type:
      - application/json
      date:
      - Wed, 21 Jun 2023 08:41:18 GMT
      expires:
      - '-1'
      pragma:
      - no-cache
      server:
      - nginx
      strict-transport-security:
      - max-age=31536000; includeSubDomains
      transfer-encoding:
      - chunked
      vary:
      - Accept-Encoding
      x-content-type-options:
      - nosniff
    status:
      code: 200
      message: OK
- request:
    body: null
    headers:
      Accept:
      - '*/*'
      Accept-Encoding:
      - gzip, deflate
      CommandName:
      - aks update
      Connection:
      - keep-alive
      ParameterSetName:
      - --resource-group --name -o --enable-blob-driver -y --aks-custom-headers
      User-Agent:
      - AZURECLI/2.49.0 azsdk-python-azure-mgmt-containerservice/23.0.0b Python/3.8.10
        (Linux-5.15.0-1039-azure-x86_64-with-glibc2.29)
    method: GET
    uri: https://management.azure.com/subscriptions/00000000-0000-0000-0000-000000000000/providers/Microsoft.ContainerService/locations/centraluseuap/operations/35fd788e-b8ab-4c10-a2f7-81be2112b244?api-version=2016-03-30
  response:
    body:
      string: "{\n  \"name\": \"8e78fd35-abb8-104c-a2f7-81be2112b244\",\n  \"status\":
        \"InProgress\",\n  \"startTime\": \"2023-06-21T08:40:15.2858265Z\"\n }"
    headers:
      cache-control:
      - no-cache
      content-length:
      - '126'
      content-type:
      - application/json
      date:
      - Wed, 21 Jun 2023 08:41:48 GMT
      expires:
      - '-1'
      pragma:
      - no-cache
      server:
      - nginx
      strict-transport-security:
      - max-age=31536000; includeSubDomains
      transfer-encoding:
      - chunked
      vary:
      - Accept-Encoding
      x-content-type-options:
      - nosniff
    status:
      code: 200
      message: OK
- request:
    body: null
    headers:
      Accept:
      - '*/*'
      Accept-Encoding:
      - gzip, deflate
      CommandName:
      - aks update
      Connection:
      - keep-alive
      ParameterSetName:
      - --resource-group --name -o --enable-blob-driver -y --aks-custom-headers
      User-Agent:
      - AZURECLI/2.49.0 azsdk-python-azure-mgmt-containerservice/23.0.0b Python/3.8.10
        (Linux-5.15.0-1039-azure-x86_64-with-glibc2.29)
    method: GET
    uri: https://management.azure.com/subscriptions/00000000-0000-0000-0000-000000000000/providers/Microsoft.ContainerService/locations/centraluseuap/operations/35fd788e-b8ab-4c10-a2f7-81be2112b244?api-version=2016-03-30
  response:
    body:
      string: "{\n  \"name\": \"8e78fd35-abb8-104c-a2f7-81be2112b244\",\n  \"status\":
        \"Succeeded\",\n  \"startTime\": \"2023-06-21T08:40:15.2858265Z\",\n  \"endTime\":
        \"2023-06-21T08:42:06.1024751Z\"\n }"
    headers:
      cache-control:
      - no-cache
      content-length:
      - '170'
      content-type:
      - application/json
      date:
      - Wed, 21 Jun 2023 08:42:18 GMT
      expires:
      - '-1'
      pragma:
      - no-cache
      server:
      - nginx
      strict-transport-security:
      - max-age=31536000; includeSubDomains
      transfer-encoding:
      - chunked
      vary:
      - Accept-Encoding
      x-content-type-options:
      - nosniff
    status:
      code: 200
      message: OK
- request:
    body: null
    headers:
      Accept:
      - '*/*'
      Accept-Encoding:
      - gzip, deflate
      CommandName:
      - aks update
      Connection:
      - keep-alive
      ParameterSetName:
      - --resource-group --name -o --enable-blob-driver -y --aks-custom-headers
      User-Agent:
      - AZURECLI/2.49.0 azsdk-python-azure-mgmt-containerservice/23.0.0b Python/3.8.10
        (Linux-5.15.0-1039-azure-x86_64-with-glibc2.29)
    method: GET
    uri: https://management.azure.com/subscriptions/00000000-0000-0000-0000-000000000000/resourceGroups/clitest000001/providers/Microsoft.ContainerService/managedClusters/cliakstest000002?api-version=2024-02-02-preview
  response:
    body:
      string: "{\n  \"id\": \"/subscriptions/00000000-0000-0000-0000-000000000000/resourcegroups/clitest000001/providers/Microsoft.ContainerService/managedClusters/cliakstest000002\",\n
        \ \"location\": \"centraluseuap\",\n  \"name\": \"cliakstest000002\",\n  \"type\":
        \"Microsoft.ContainerService/ManagedClusters\",\n  \"properties\": {\n   \"provisioningState\":
        \"Succeeded\",\n   \"powerState\": {\n    \"code\": \"Running\"\n   },\n   \"kubernetesVersion\":
        \"1.25.6\",\n   \"currentKubernetesVersion\": \"1.25.6\",\n   \"dnsPrefix\":
        \"cliakstest-clitestsrjxkf3h4-79a739\",\n   \"fqdn\": \"cliakstest-clitestsrjxkf3h4-79a739-4jwv5re7.hcp.centraluseuap.azmk8s.io\",\n
        \  \"azurePortalFQDN\": \"cliakstest-clitestsrjxkf3h4-79a739-4jwv5re7.portal.hcp.centraluseuap.azmk8s.io\",\n
        \  \"agentPoolProfiles\": [\n    {\n     \"name\": \"nodepool1\",\n     \"count\":
        3,\n     \"vmSize\": \"Standard_DS2_v2\",\n     \"osDiskSizeGB\": 128,\n     \"osDiskType\":
        \"Managed\",\n     \"kubeletDiskType\": \"OS\",\n     \"workloadRuntime\":
        \"OCIContainer\",\n     \"maxPods\": 110,\n     \"type\": \"VirtualMachineScaleSets\",\n
        \    \"enableAutoScaling\": false,\n     \"provisioningState\": \"Succeeded\",\n
        \    \"powerState\": {\n      \"code\": \"Running\"\n     },\n     \"orchestratorVersion\":
        \"1.25.6\",\n     \"currentOrchestratorVersion\": \"1.25.6\",\n     \"enableNodePublicIP\":
        false,\n     \"enableCustomCATrust\": false,\n     \"mode\": \"System\",\n
        \    \"enableEncryptionAtHost\": false,\n     \"enableUltraSSD\": false,\n
        \    \"osType\": \"Linux\",\n     \"osSKU\": \"Ubuntu\",\n     \"nodeImageVersion\":
        \"AKSUbuntu-2204gen2containerd-202306.13.0\",\n     \"upgradeSettings\": {},\n
        \    \"enableFIPS\": false,\n     \"networkProfile\": {}\n    }\n   ],\n   \"linuxProfile\":
        {\n    \"adminUsername\": \"azureuser\",\n    \"ssh\": {\n     \"publicKeys\":
        [\n      {\n       \"keyData\": \"ssh-rsa AAAAB3NzaC1yc2EAAAADAQABAAABAQDb0x2R+gxDt9nnClKGb09PRKjhwllORkiL+Od4OMCGmPwZsY1iIi52E+yY/Gr5H0g+jiXj2pu5YhacgFmbFYwtCmxd2L7qVq3Xk+Km5ZL/Bso+zyVtboNA4bFD+lB16EOuRX3DlcvDO/7Udzj45GGfBBGwLQVZq3mZyKAEeRIOsUP+pOaDsaVQg8XErBATbdG2O8pDzamUXDHi6WW36SjvsrqeDezer1bNka3QITdhdPTfiyqweodKbsVxgqj3PU3OKY87fsQvy48JqZDrFVsseV1U6/N2cnDHFkbn8ZElh/gZVb+fb0iKu7OQUvRGnHHruP/HQ7pKe65qL82PbdlJ
        azcli_aks_live_test@example.com\\n\"\n      }\n     ]\n    }\n   },\n   \"servicePrincipalProfile\":
        {\n    \"clientId\":\"00000000-0000-0000-0000-000000000001\"\n   },\n   \"nodeResourceGroup\":
        \"MC_clitest000001_cliakstest000002_centraluseuap\",\n   \"enableRBAC\": true,\n
        \  \"enablePodSecurityPolicy\": false,\n   \"supportPlan\": \"KubernetesOfficial\",\n
        \  \"networkProfile\": {\n    \"networkPlugin\": \"kubenet\",\n    \"loadBalancerSku\":
        \"Standard\",\n    \"loadBalancerProfile\": {\n     \"managedOutboundIPs\":
        {\n      \"count\": 1\n     },\n     \"effectiveOutboundIPs\": [\n      {\n
        \      \"id\": \"/subscriptions/00000000-0000-0000-0000-000000000000/resourceGroups/MC_clitest000001_cliakstest000002_centraluseuap/providers/Microsoft.Network/publicIPAddresses/10920461-c4e4-4650-a0ad-efae485ec135\"\n
        \     }\n     ],\n     \"backendPoolType\": \"nodeIPConfiguration\"\n    },\n
        \   \"podCidr\": \"10.244.0.0/16\",\n    \"serviceCidr\": \"10.0.0.0/16\",\n
        \   \"dnsServiceIP\": \"10.0.0.10\",\n    \"outboundType\": \"loadBalancer\",\n
        \   \"podCidrs\": [\n     \"10.244.0.0/16\"\n    ],\n    \"serviceCidrs\":
        [\n     \"10.0.0.0/16\"\n    ],\n    \"ipFamilies\": [\n     \"IPv4\"\n    ]\n
        \  },\n   \"maxAgentPools\": 100,\n   \"identityProfile\": {\n    \"kubeletidentity\":
        {\n     \"resourceId\": \"/subscriptions/00000000-0000-0000-0000-000000000000/resourcegroups/MC_clitest000001_cliakstest000002_centraluseuap/providers/Microsoft.ManagedIdentity/userAssignedIdentities/cliakstest000002-agentpool\",\n
        \    \"clientId\":\"00000000-0000-0000-0000-000000000001\",\n     \"objectId\":\"00000000-0000-0000-0000-000000000001\"\n
        \   }\n   },\n   \"disableLocalAccounts\": false,\n   \"securityProfile\":
        {},\n   \"storageProfile\": {\n    \"diskCSIDriver\": {\n     \"enabled\":
        true,\n     \"version\": \"v1\"\n    },\n    \"fileCSIDriver\": {\n     \"enabled\":
        true\n    },\n    \"snapshotController\": {\n     \"enabled\": true\n    },\n
        \   \"blobCSIDriver\": {\n     \"enabled\": true\n    }\n   },\n   \"oidcIssuerProfile\":
        {\n    \"enabled\": false\n   },\n   \"workloadAutoScalerProfile\": {}\n  },\n
        \ \"identity\": {\n   \"type\": \"SystemAssigned\",\n   \"principalId\":\"00000000-0000-0000-0000-000000000001\",\n
        \  \"tenantId\": \"72f988bf-86f1-41af-91ab-2d7cd011db47\"\n  },\n  \"sku\":
        {\n   \"name\": \"Base\",\n   \"tier\": \"Free\"\n  }\n }"
    headers:
      cache-control:
      - no-cache
      content-length:
      - '4215'
      content-type:
      - application/json
      date:
      - Wed, 21 Jun 2023 08:42:19 GMT
      expires:
      - '-1'
      pragma:
      - no-cache
      strict-transport-security:
      - max-age=31536000; includeSubDomains
      transfer-encoding:
      - chunked
      vary:
      - Accept-Encoding
      x-content-type-options:
      - nosniff
    status:
      code: 200
      message: OK
- request:
    body: null
    headers:
      Accept:
      - application/json
      Accept-Encoding:
      - gzip, deflate
      CommandName:
      - aks update
      Connection:
      - keep-alive
      ParameterSetName:
      - --resource-group --name -y -o --aks-custom-headers
      User-Agent:
      - AZURECLI/2.49.0 azsdk-python-azure-mgmt-containerservice/23.0.0b Python/3.8.10
        (Linux-5.15.0-1039-azure-x86_64-with-glibc2.29)
    method: GET
    uri: https://management.azure.com/subscriptions/00000000-0000-0000-0000-000000000000/resourceGroups/clitest000001/providers/Microsoft.ContainerService/managedClusters/cliakstest000002?api-version=2024-02-02-preview
  response:
    body:
      string: "{\n  \"id\": \"/subscriptions/00000000-0000-0000-0000-000000000000/resourcegroups/clitest000001/providers/Microsoft.ContainerService/managedClusters/cliakstest000002\",\n
        \ \"location\": \"centraluseuap\",\n  \"name\": \"cliakstest000002\",\n  \"type\":
        \"Microsoft.ContainerService/ManagedClusters\",\n  \"properties\": {\n   \"provisioningState\":
        \"Succeeded\",\n   \"powerState\": {\n    \"code\": \"Running\"\n   },\n   \"kubernetesVersion\":
        \"1.25.6\",\n   \"currentKubernetesVersion\": \"1.25.6\",\n   \"dnsPrefix\":
        \"cliakstest-clitestsrjxkf3h4-79a739\",\n   \"fqdn\": \"cliakstest-clitestsrjxkf3h4-79a739-4jwv5re7.hcp.centraluseuap.azmk8s.io\",\n
        \  \"azurePortalFQDN\": \"cliakstest-clitestsrjxkf3h4-79a739-4jwv5re7.portal.hcp.centraluseuap.azmk8s.io\",\n
        \  \"agentPoolProfiles\": [\n    {\n     \"name\": \"nodepool1\",\n     \"count\":
        3,\n     \"vmSize\": \"Standard_DS2_v2\",\n     \"osDiskSizeGB\": 128,\n     \"osDiskType\":
        \"Managed\",\n     \"kubeletDiskType\": \"OS\",\n     \"workloadRuntime\":
        \"OCIContainer\",\n     \"maxPods\": 110,\n     \"type\": \"VirtualMachineScaleSets\",\n
        \    \"enableAutoScaling\": false,\n     \"provisioningState\": \"Succeeded\",\n
        \    \"powerState\": {\n      \"code\": \"Running\"\n     },\n     \"orchestratorVersion\":
        \"1.25.6\",\n     \"currentOrchestratorVersion\": \"1.25.6\",\n     \"enableNodePublicIP\":
        false,\n     \"enableCustomCATrust\": false,\n     \"mode\": \"System\",\n
        \    \"enableEncryptionAtHost\": false,\n     \"enableUltraSSD\": false,\n
        \    \"osType\": \"Linux\",\n     \"osSKU\": \"Ubuntu\",\n     \"nodeImageVersion\":
        \"AKSUbuntu-2204gen2containerd-202306.13.0\",\n     \"upgradeSettings\": {},\n
        \    \"enableFIPS\": false,\n     \"networkProfile\": {}\n    }\n   ],\n   \"linuxProfile\":
        {\n    \"adminUsername\": \"azureuser\",\n    \"ssh\": {\n     \"publicKeys\":
        [\n      {\n       \"keyData\": \"ssh-rsa AAAAB3NzaC1yc2EAAAADAQABAAABAQDb0x2R+gxDt9nnClKGb09PRKjhwllORkiL+Od4OMCGmPwZsY1iIi52E+yY/Gr5H0g+jiXj2pu5YhacgFmbFYwtCmxd2L7qVq3Xk+Km5ZL/Bso+zyVtboNA4bFD+lB16EOuRX3DlcvDO/7Udzj45GGfBBGwLQVZq3mZyKAEeRIOsUP+pOaDsaVQg8XErBATbdG2O8pDzamUXDHi6WW36SjvsrqeDezer1bNka3QITdhdPTfiyqweodKbsVxgqj3PU3OKY87fsQvy48JqZDrFVsseV1U6/N2cnDHFkbn8ZElh/gZVb+fb0iKu7OQUvRGnHHruP/HQ7pKe65qL82PbdlJ
        azcli_aks_live_test@example.com\\n\"\n      }\n     ]\n    }\n   },\n   \"servicePrincipalProfile\":
        {\n    \"clientId\":\"00000000-0000-0000-0000-000000000001\"\n   },\n   \"nodeResourceGroup\":
        \"MC_clitest000001_cliakstest000002_centraluseuap\",\n   \"enableRBAC\": true,\n
        \  \"enablePodSecurityPolicy\": false,\n   \"supportPlan\": \"KubernetesOfficial\",\n
        \  \"networkProfile\": {\n    \"networkPlugin\": \"kubenet\",\n    \"loadBalancerSku\":
        \"Standard\",\n    \"loadBalancerProfile\": {\n     \"managedOutboundIPs\":
        {\n      \"count\": 1\n     },\n     \"effectiveOutboundIPs\": [\n      {\n
        \      \"id\": \"/subscriptions/00000000-0000-0000-0000-000000000000/resourceGroups/MC_clitest000001_cliakstest000002_centraluseuap/providers/Microsoft.Network/publicIPAddresses/10920461-c4e4-4650-a0ad-efae485ec135\"\n
        \     }\n     ],\n     \"backendPoolType\": \"nodeIPConfiguration\"\n    },\n
        \   \"podCidr\": \"10.244.0.0/16\",\n    \"serviceCidr\": \"10.0.0.0/16\",\n
        \   \"dnsServiceIP\": \"10.0.0.10\",\n    \"outboundType\": \"loadBalancer\",\n
        \   \"podCidrs\": [\n     \"10.244.0.0/16\"\n    ],\n    \"serviceCidrs\":
        [\n     \"10.0.0.0/16\"\n    ],\n    \"ipFamilies\": [\n     \"IPv4\"\n    ]\n
        \  },\n   \"maxAgentPools\": 100,\n   \"identityProfile\": {\n    \"kubeletidentity\":
        {\n     \"resourceId\": \"/subscriptions/00000000-0000-0000-0000-000000000000/resourcegroups/MC_clitest000001_cliakstest000002_centraluseuap/providers/Microsoft.ManagedIdentity/userAssignedIdentities/cliakstest000002-agentpool\",\n
        \    \"clientId\":\"00000000-0000-0000-0000-000000000001\",\n     \"objectId\":\"00000000-0000-0000-0000-000000000001\"\n
        \   }\n   },\n   \"disableLocalAccounts\": false,\n   \"securityProfile\":
        {},\n   \"storageProfile\": {\n    \"diskCSIDriver\": {\n     \"enabled\":
        true,\n     \"version\": \"v1\"\n    },\n    \"fileCSIDriver\": {\n     \"enabled\":
        true\n    },\n    \"snapshotController\": {\n     \"enabled\": true\n    },\n
        \   \"blobCSIDriver\": {\n     \"enabled\": true\n    }\n   },\n   \"oidcIssuerProfile\":
        {\n    \"enabled\": false\n   },\n   \"workloadAutoScalerProfile\": {}\n  },\n
        \ \"identity\": {\n   \"type\": \"SystemAssigned\",\n   \"principalId\":\"00000000-0000-0000-0000-000000000001\",\n
        \  \"tenantId\": \"72f988bf-86f1-41af-91ab-2d7cd011db47\"\n  },\n  \"sku\":
        {\n   \"name\": \"Base\",\n   \"tier\": \"Free\"\n  }\n }"
    headers:
      cache-control:
      - no-cache
      content-length:
      - '4215'
      content-type:
      - application/json
      date:
      - Wed, 21 Jun 2023 08:42:19 GMT
      expires:
      - '-1'
      pragma:
      - no-cache
      strict-transport-security:
      - max-age=31536000; includeSubDomains
      transfer-encoding:
      - chunked
      vary:
      - Accept-Encoding
      x-content-type-options:
      - nosniff
    status:
      code: 200
      message: OK
- request:
    body: '{"location": "centraluseuap", "sku": {"name": "Base", "tier": "Free"},
      "identity": {"type": "SystemAssigned"}, "properties": {"kubernetesVersion":
      "1.25.6", "dnsPrefix": "cliakstest-clitestsrjxkf3h4-79a739", "agentPoolProfiles":
      [{"count": 3, "vmSize": "Standard_DS2_v2", "osDiskSizeGB": 128, "osDiskType":
      "Managed", "kubeletDiskType": "OS", "workloadRuntime": "OCIContainer", "maxPods":
      110, "osType": "Linux", "osSKU": "Ubuntu", "enableAutoScaling": false, "type":
      "VirtualMachineScaleSets", "mode": "System", "orchestratorVersion": "1.25.6",
      "upgradeSettings": {}, "powerState": {"code": "Running"}, "enableNodePublicIP":
      false, "enableCustomCATrust": false, "enableEncryptionAtHost": false, "enableUltraSSD":
      false, "enableFIPS": false, "networkProfile": {}, "name": "nodepool1"}], "linuxProfile":
      {"adminUsername": "azureuser", "ssh": {"publicKeys": [{"keyData": "ssh-rsa AAAAB3NzaC1yc2EAAAADAQABAAABAQDb0x2R+gxDt9nnClKGb09PRKjhwllORkiL+Od4OMCGmPwZsY1iIi52E+yY/Gr5H0g+jiXj2pu5YhacgFmbFYwtCmxd2L7qVq3Xk+Km5ZL/Bso+zyVtboNA4bFD+lB16EOuRX3DlcvDO/7Udzj45GGfBBGwLQVZq3mZyKAEeRIOsUP+pOaDsaVQg8XErBATbdG2O8pDzamUXDHi6WW36SjvsrqeDezer1bNka3QITdhdPTfiyqweodKbsVxgqj3PU3OKY87fsQvy48JqZDrFVsseV1U6/N2cnDHFkbn8ZElh/gZVb+fb0iKu7OQUvRGnHHruP/HQ7pKe65qL82PbdlJ
      azcli_aks_live_test@example.com\n"}]}}, "servicePrincipalProfile": {"clientId":"00000000-0000-0000-0000-000000000001"},
      "oidcIssuerProfile": {"enabled": false}, "nodeResourceGroup": "MC_clitest000001_cliakstest000002_centraluseuap",
      "enableRBAC": true, "supportPlan": "KubernetesOfficial", "enablePodSecurityPolicy":
      false, "networkProfile": {"networkPlugin": "kubenet", "podCidr": "10.244.0.0/16",
      "serviceCidr": "10.0.0.0/16", "dnsServiceIP": "10.0.0.10", "outboundType": "loadBalancer",
      "loadBalancerSku": "Standard", "loadBalancerProfile": {"managedOutboundIPs":
      {"count": 1, "countIPv6": 0}, "effectiveOutboundIPs": [{"id": "/subscriptions/00000000-0000-0000-0000-000000000000/resourceGroups/MC_clitest000001_cliakstest000002_centraluseuap/providers/Microsoft.Network/publicIPAddresses/10920461-c4e4-4650-a0ad-efae485ec135"}],
      "backendPoolType": "nodeIPConfiguration"}, "podCidrs": ["10.244.0.0/16"], "serviceCidrs":
      ["10.0.0.0/16"], "ipFamilies": ["IPv4"]}, "identityProfile": {"kubeletidentity":
      {"resourceId": "/subscriptions/00000000-0000-0000-0000-000000000000/resourcegroups/MC_clitest000001_cliakstest000002_centraluseuap/providers/Microsoft.ManagedIdentity/userAssignedIdentities/cliakstest000002-agentpool",
      "clientId":"00000000-0000-0000-0000-000000000001", "objectId":"00000000-0000-0000-0000-000000000001"}},
      "disableLocalAccounts": false, "securityProfile": {}, "storageProfile": {},
      "workloadAutoScalerProfile": {}}}'
    headers:
      AKSHTTPCustomFeatures:
      - Microsoft.ContainerService/EnableBlobCSIDriver
      Accept:
      - application/json
      Accept-Encoding:
      - gzip, deflate
      CommandName:
      - aks update
      Connection:
      - keep-alive
      Content-Length:
      - '2686'
      Content-Type:
      - application/json
      ParameterSetName:
      - --resource-group --name -y -o --aks-custom-headers
      User-Agent:
      - AZURECLI/2.49.0 azsdk-python-azure-mgmt-containerservice/23.0.0b Python/3.8.10
        (Linux-5.15.0-1039-azure-x86_64-with-glibc2.29)
    method: PUT
    uri: https://management.azure.com/subscriptions/00000000-0000-0000-0000-000000000000/resourceGroups/clitest000001/providers/Microsoft.ContainerService/managedClusters/cliakstest000002?api-version=2024-02-02-preview
  response:
    body:
      string: "{\n  \"id\": \"/subscriptions/00000000-0000-0000-0000-000000000000/resourcegroups/clitest000001/providers/Microsoft.ContainerService/managedClusters/cliakstest000002\",\n
        \ \"location\": \"centraluseuap\",\n  \"name\": \"cliakstest000002\",\n  \"type\":
        \"Microsoft.ContainerService/ManagedClusters\",\n  \"properties\": {\n   \"provisioningState\":
        \"Updating\",\n   \"powerState\": {\n    \"code\": \"Running\"\n   },\n   \"kubernetesVersion\":
        \"1.25.6\",\n   \"currentKubernetesVersion\": \"1.25.6\",\n   \"dnsPrefix\":
        \"cliakstest-clitestsrjxkf3h4-79a739\",\n   \"fqdn\": \"cliakstest-clitestsrjxkf3h4-79a739-4jwv5re7.hcp.centraluseuap.azmk8s.io\",\n
        \  \"azurePortalFQDN\": \"cliakstest-clitestsrjxkf3h4-79a739-4jwv5re7.portal.hcp.centraluseuap.azmk8s.io\",\n
        \  \"agentPoolProfiles\": [\n    {\n     \"name\": \"nodepool1\",\n     \"count\":
        3,\n     \"vmSize\": \"Standard_DS2_v2\",\n     \"osDiskSizeGB\": 128,\n     \"osDiskType\":
        \"Managed\",\n     \"kubeletDiskType\": \"OS\",\n     \"workloadRuntime\":
        \"OCIContainer\",\n     \"maxPods\": 110,\n     \"type\": \"VirtualMachineScaleSets\",\n
        \    \"enableAutoScaling\": false,\n     \"provisioningState\": \"Updating\",\n
        \    \"powerState\": {\n      \"code\": \"Running\"\n     },\n     \"orchestratorVersion\":
        \"1.25.6\",\n     \"currentOrchestratorVersion\": \"1.25.6\",\n     \"enableNodePublicIP\":
        false,\n     \"enableCustomCATrust\": false,\n     \"mode\": \"System\",\n
        \    \"enableEncryptionAtHost\": false,\n     \"enableUltraSSD\": false,\n
        \    \"osType\": \"Linux\",\n     \"osSKU\": \"Ubuntu\",\n     \"nodeImageVersion\":
        \"AKSUbuntu-2204gen2containerd-202306.13.0\",\n     \"upgradeSettings\": {},\n
        \    \"enableFIPS\": false,\n     \"networkProfile\": {}\n    }\n   ],\n   \"linuxProfile\":
        {\n    \"adminUsername\": \"azureuser\",\n    \"ssh\": {\n     \"publicKeys\":
        [\n      {\n       \"keyData\": \"ssh-rsa AAAAB3NzaC1yc2EAAAADAQABAAABAQDb0x2R+gxDt9nnClKGb09PRKjhwllORkiL+Od4OMCGmPwZsY1iIi52E+yY/Gr5H0g+jiXj2pu5YhacgFmbFYwtCmxd2L7qVq3Xk+Km5ZL/Bso+zyVtboNA4bFD+lB16EOuRX3DlcvDO/7Udzj45GGfBBGwLQVZq3mZyKAEeRIOsUP+pOaDsaVQg8XErBATbdG2O8pDzamUXDHi6WW36SjvsrqeDezer1bNka3QITdhdPTfiyqweodKbsVxgqj3PU3OKY87fsQvy48JqZDrFVsseV1U6/N2cnDHFkbn8ZElh/gZVb+fb0iKu7OQUvRGnHHruP/HQ7pKe65qL82PbdlJ
        azcli_aks_live_test@example.com\\n\"\n      }\n     ]\n    }\n   },\n   \"servicePrincipalProfile\":
        {\n    \"clientId\":\"00000000-0000-0000-0000-000000000001\"\n   },\n   \"nodeResourceGroup\":
        \"MC_clitest000001_cliakstest000002_centraluseuap\",\n   \"enableRBAC\": true,\n
        \  \"enablePodSecurityPolicy\": false,\n   \"supportPlan\": \"KubernetesOfficial\",\n
        \  \"networkProfile\": {\n    \"networkPlugin\": \"kubenet\",\n    \"loadBalancerSku\":
        \"Standard\",\n    \"loadBalancerProfile\": {\n     \"managedOutboundIPs\":
        {\n      \"count\": 1\n     },\n     \"effectiveOutboundIPs\": [\n      {\n
        \      \"id\": \"/subscriptions/00000000-0000-0000-0000-000000000000/resourceGroups/MC_clitest000001_cliakstest000002_centraluseuap/providers/Microsoft.Network/publicIPAddresses/10920461-c4e4-4650-a0ad-efae485ec135\"\n
        \     }\n     ],\n     \"backendPoolType\": \"nodeIPConfiguration\"\n    },\n
        \   \"podCidr\": \"10.244.0.0/16\",\n    \"serviceCidr\": \"10.0.0.0/16\",\n
        \   \"dnsServiceIP\": \"10.0.0.10\",\n    \"outboundType\": \"loadBalancer\",\n
        \   \"podCidrs\": [\n     \"10.244.0.0/16\"\n    ],\n    \"serviceCidrs\":
        [\n     \"10.0.0.0/16\"\n    ],\n    \"ipFamilies\": [\n     \"IPv4\"\n    ]\n
        \  },\n   \"maxAgentPools\": 100,\n   \"identityProfile\": {\n    \"kubeletidentity\":
        {\n     \"resourceId\": \"/subscriptions/00000000-0000-0000-0000-000000000000/resourcegroups/MC_clitest000001_cliakstest000002_centraluseuap/providers/Microsoft.ManagedIdentity/userAssignedIdentities/cliakstest000002-agentpool\",\n
        \    \"clientId\":\"00000000-0000-0000-0000-000000000001\",\n     \"objectId\":\"00000000-0000-0000-0000-000000000001\"\n
        \   }\n   },\n   \"disableLocalAccounts\": false,\n   \"securityProfile\":
        {},\n   \"storageProfile\": {\n    \"diskCSIDriver\": {\n     \"enabled\":
        true,\n     \"version\": \"v1\"\n    },\n    \"fileCSIDriver\": {\n     \"enabled\":
        true\n    },\n    \"snapshotController\": {\n     \"enabled\": true\n    },\n
        \   \"blobCSIDriver\": {\n     \"enabled\": true\n    }\n   },\n   \"oidcIssuerProfile\":
        {\n    \"enabled\": false\n   },\n   \"workloadAutoScalerProfile\": {}\n  },\n
        \ \"identity\": {\n   \"type\": \"SystemAssigned\",\n   \"principalId\":\"00000000-0000-0000-0000-000000000001\",\n
        \  \"tenantId\": \"72f988bf-86f1-41af-91ab-2d7cd011db47\"\n  },\n  \"sku\":
        {\n   \"name\": \"Base\",\n   \"tier\": \"Free\"\n  }\n }"
    headers:
      azure-asyncoperation:
      - https://management.azure.com/subscriptions/00000000-0000-0000-0000-000000000000/providers/Microsoft.ContainerService/locations/centraluseuap/operations/1c20ad49-5333-4074-91ab-b80a77bf665c?api-version=2016-03-30
      cache-control:
      - no-cache
      content-length:
      - '4213'
      content-type:
      - application/json
      date:
      - Wed, 21 Jun 2023 08:42:22 GMT
      expires:
      - '-1'
      pragma:
      - no-cache
      strict-transport-security:
      - max-age=31536000; includeSubDomains
      transfer-encoding:
      - chunked
      vary:
      - Accept-Encoding
      x-content-type-options:
      - nosniff
      x-ms-ratelimit-remaining-subscription-writes:
      - '1193'
    status:
      code: 200
      message: OK
- request:
    body: null
    headers:
      Accept:
      - '*/*'
      Accept-Encoding:
      - gzip, deflate
      CommandName:
      - aks update
      Connection:
      - keep-alive
      ParameterSetName:
      - --resource-group --name -y -o --aks-custom-headers
      User-Agent:
      - AZURECLI/2.49.0 azsdk-python-azure-mgmt-containerservice/23.0.0b Python/3.8.10
        (Linux-5.15.0-1039-azure-x86_64-with-glibc2.29)
    method: GET
    uri: https://management.azure.com/subscriptions/00000000-0000-0000-0000-000000000000/providers/Microsoft.ContainerService/locations/centraluseuap/operations/1c20ad49-5333-4074-91ab-b80a77bf665c?api-version=2016-03-30
  response:
    body:
      string: "{\n  \"name\": \"49ad201c-3353-7440-91ab-b80a77bf665c\",\n  \"status\":
        \"InProgress\",\n  \"startTime\": \"2023-06-21T08:42:22.6779858Z\"\n }"
    headers:
      cache-control:
      - no-cache
      content-length:
      - '126'
      content-type:
      - application/json
      date:
      - Wed, 21 Jun 2023 08:42:22 GMT
      expires:
      - '-1'
      pragma:
      - no-cache
      server:
      - nginx
      strict-transport-security:
      - max-age=31536000; includeSubDomains
      transfer-encoding:
      - chunked
      vary:
      - Accept-Encoding
      x-content-type-options:
      - nosniff
    status:
      code: 200
      message: OK
- request:
    body: null
    headers:
      Accept:
      - '*/*'
      Accept-Encoding:
      - gzip, deflate
      CommandName:
      - aks update
      Connection:
      - keep-alive
      ParameterSetName:
      - --resource-group --name -y -o --aks-custom-headers
      User-Agent:
      - AZURECLI/2.49.0 azsdk-python-azure-mgmt-containerservice/23.0.0b Python/3.8.10
        (Linux-5.15.0-1039-azure-x86_64-with-glibc2.29)
    method: GET
    uri: https://management.azure.com/subscriptions/00000000-0000-0000-0000-000000000000/providers/Microsoft.ContainerService/locations/centraluseuap/operations/1c20ad49-5333-4074-91ab-b80a77bf665c?api-version=2016-03-30
  response:
    body:
      string: "{\n  \"name\": \"49ad201c-3353-7440-91ab-b80a77bf665c\",\n  \"status\":
        \"InProgress\",\n  \"startTime\": \"2023-06-21T08:42:22.6779858Z\"\n }"
    headers:
      cache-control:
      - no-cache
      content-length:
      - '126'
      content-type:
      - application/json
      date:
      - Wed, 21 Jun 2023 08:42:52 GMT
      expires:
      - '-1'
      pragma:
      - no-cache
      server:
      - nginx
      strict-transport-security:
      - max-age=31536000; includeSubDomains
      transfer-encoding:
      - chunked
      vary:
      - Accept-Encoding
      x-content-type-options:
      - nosniff
    status:
      code: 200
      message: OK
- request:
    body: null
    headers:
      Accept:
      - '*/*'
      Accept-Encoding:
      - gzip, deflate
      CommandName:
      - aks update
      Connection:
      - keep-alive
      ParameterSetName:
      - --resource-group --name -y -o --aks-custom-headers
      User-Agent:
      - AZURECLI/2.49.0 azsdk-python-azure-mgmt-containerservice/23.0.0b Python/3.8.10
        (Linux-5.15.0-1039-azure-x86_64-with-glibc2.29)
    method: GET
    uri: https://management.azure.com/subscriptions/00000000-0000-0000-0000-000000000000/providers/Microsoft.ContainerService/locations/centraluseuap/operations/1c20ad49-5333-4074-91ab-b80a77bf665c?api-version=2016-03-30
  response:
    body:
      string: "{\n  \"name\": \"49ad201c-3353-7440-91ab-b80a77bf665c\",\n  \"status\":
        \"InProgress\",\n  \"startTime\": \"2023-06-21T08:42:22.6779858Z\"\n }"
    headers:
      cache-control:
      - no-cache
      content-length:
      - '126'
      content-type:
      - application/json
      date:
      - Wed, 21 Jun 2023 08:43:22 GMT
      expires:
      - '-1'
      pragma:
      - no-cache
      server:
      - nginx
      strict-transport-security:
      - max-age=31536000; includeSubDomains
      transfer-encoding:
      - chunked
      vary:
      - Accept-Encoding
      x-content-type-options:
      - nosniff
    status:
      code: 200
      message: OK
- request:
    body: null
    headers:
      Accept:
      - '*/*'
      Accept-Encoding:
      - gzip, deflate
      CommandName:
      - aks update
      Connection:
      - keep-alive
      ParameterSetName:
      - --resource-group --name -y -o --aks-custom-headers
      User-Agent:
      - AZURECLI/2.49.0 azsdk-python-azure-mgmt-containerservice/23.0.0b Python/3.8.10
        (Linux-5.15.0-1039-azure-x86_64-with-glibc2.29)
    method: GET
    uri: https://management.azure.com/subscriptions/00000000-0000-0000-0000-000000000000/providers/Microsoft.ContainerService/locations/centraluseuap/operations/1c20ad49-5333-4074-91ab-b80a77bf665c?api-version=2016-03-30
  response:
    body:
      string: "{\n  \"name\": \"49ad201c-3353-7440-91ab-b80a77bf665c\",\n  \"status\":
        \"InProgress\",\n  \"startTime\": \"2023-06-21T08:42:22.6779858Z\"\n }"
    headers:
      cache-control:
      - no-cache
      content-length:
      - '126'
      content-type:
      - application/json
      date:
      - Wed, 21 Jun 2023 08:43:53 GMT
      expires:
      - '-1'
      pragma:
      - no-cache
      server:
      - nginx
      strict-transport-security:
      - max-age=31536000; includeSubDomains
      transfer-encoding:
      - chunked
      vary:
      - Accept-Encoding
      x-content-type-options:
      - nosniff
    status:
      code: 200
      message: OK
- request:
    body: null
    headers:
      Accept:
      - '*/*'
      Accept-Encoding:
      - gzip, deflate
      CommandName:
      - aks update
      Connection:
      - keep-alive
      ParameterSetName:
      - --resource-group --name -y -o --aks-custom-headers
      User-Agent:
      - AZURECLI/2.49.0 azsdk-python-azure-mgmt-containerservice/23.0.0b Python/3.8.10
        (Linux-5.15.0-1039-azure-x86_64-with-glibc2.29)
    method: GET
    uri: https://management.azure.com/subscriptions/00000000-0000-0000-0000-000000000000/providers/Microsoft.ContainerService/locations/centraluseuap/operations/1c20ad49-5333-4074-91ab-b80a77bf665c?api-version=2016-03-30
  response:
    body:
      string: "{\n  \"name\": \"49ad201c-3353-7440-91ab-b80a77bf665c\",\n  \"status\":
        \"Succeeded\",\n  \"startTime\": \"2023-06-21T08:42:22.6779858Z\",\n  \"endTime\":
        \"2023-06-21T08:44:13.8663858Z\"\n }"
    headers:
      cache-control:
      - no-cache
      content-length:
      - '170'
      content-type:
      - application/json
      date:
      - Wed, 21 Jun 2023 08:44:23 GMT
      expires:
      - '-1'
      pragma:
      - no-cache
      server:
      - nginx
      strict-transport-security:
      - max-age=31536000; includeSubDomains
      transfer-encoding:
      - chunked
      vary:
      - Accept-Encoding
      x-content-type-options:
      - nosniff
    status:
      code: 200
      message: OK
- request:
    body: null
    headers:
      Accept:
      - '*/*'
      Accept-Encoding:
      - gzip, deflate
      CommandName:
      - aks update
      Connection:
      - keep-alive
      ParameterSetName:
      - --resource-group --name -y -o --aks-custom-headers
      User-Agent:
      - AZURECLI/2.49.0 azsdk-python-azure-mgmt-containerservice/23.0.0b Python/3.8.10
        (Linux-5.15.0-1039-azure-x86_64-with-glibc2.29)
    method: GET
    uri: https://management.azure.com/subscriptions/00000000-0000-0000-0000-000000000000/resourceGroups/clitest000001/providers/Microsoft.ContainerService/managedClusters/cliakstest000002?api-version=2024-02-02-preview
  response:
    body:
      string: "{\n  \"id\": \"/subscriptions/00000000-0000-0000-0000-000000000000/resourcegroups/clitest000001/providers/Microsoft.ContainerService/managedClusters/cliakstest000002\",\n
        \ \"location\": \"centraluseuap\",\n  \"name\": \"cliakstest000002\",\n  \"type\":
        \"Microsoft.ContainerService/ManagedClusters\",\n  \"properties\": {\n   \"provisioningState\":
        \"Succeeded\",\n   \"powerState\": {\n    \"code\": \"Running\"\n   },\n   \"kubernetesVersion\":
        \"1.25.6\",\n   \"currentKubernetesVersion\": \"1.25.6\",\n   \"dnsPrefix\":
        \"cliakstest-clitestsrjxkf3h4-79a739\",\n   \"fqdn\": \"cliakstest-clitestsrjxkf3h4-79a739-4jwv5re7.hcp.centraluseuap.azmk8s.io\",\n
        \  \"azurePortalFQDN\": \"cliakstest-clitestsrjxkf3h4-79a739-4jwv5re7.portal.hcp.centraluseuap.azmk8s.io\",\n
        \  \"agentPoolProfiles\": [\n    {\n     \"name\": \"nodepool1\",\n     \"count\":
        3,\n     \"vmSize\": \"Standard_DS2_v2\",\n     \"osDiskSizeGB\": 128,\n     \"osDiskType\":
        \"Managed\",\n     \"kubeletDiskType\": \"OS\",\n     \"workloadRuntime\":
        \"OCIContainer\",\n     \"maxPods\": 110,\n     \"type\": \"VirtualMachineScaleSets\",\n
        \    \"enableAutoScaling\": false,\n     \"provisioningState\": \"Succeeded\",\n
        \    \"powerState\": {\n      \"code\": \"Running\"\n     },\n     \"orchestratorVersion\":
        \"1.25.6\",\n     \"currentOrchestratorVersion\": \"1.25.6\",\n     \"enableNodePublicIP\":
        false,\n     \"enableCustomCATrust\": false,\n     \"mode\": \"System\",\n
        \    \"enableEncryptionAtHost\": false,\n     \"enableUltraSSD\": false,\n
        \    \"osType\": \"Linux\",\n     \"osSKU\": \"Ubuntu\",\n     \"nodeImageVersion\":
        \"AKSUbuntu-2204gen2containerd-202306.13.0\",\n     \"upgradeSettings\": {},\n
        \    \"enableFIPS\": false,\n     \"networkProfile\": {}\n    }\n   ],\n   \"linuxProfile\":
        {\n    \"adminUsername\": \"azureuser\",\n    \"ssh\": {\n     \"publicKeys\":
        [\n      {\n       \"keyData\": \"ssh-rsa AAAAB3NzaC1yc2EAAAADAQABAAABAQDb0x2R+gxDt9nnClKGb09PRKjhwllORkiL+Od4OMCGmPwZsY1iIi52E+yY/Gr5H0g+jiXj2pu5YhacgFmbFYwtCmxd2L7qVq3Xk+Km5ZL/Bso+zyVtboNA4bFD+lB16EOuRX3DlcvDO/7Udzj45GGfBBGwLQVZq3mZyKAEeRIOsUP+pOaDsaVQg8XErBATbdG2O8pDzamUXDHi6WW36SjvsrqeDezer1bNka3QITdhdPTfiyqweodKbsVxgqj3PU3OKY87fsQvy48JqZDrFVsseV1U6/N2cnDHFkbn8ZElh/gZVb+fb0iKu7OQUvRGnHHruP/HQ7pKe65qL82PbdlJ
        azcli_aks_live_test@example.com\\n\"\n      }\n     ]\n    }\n   },\n   \"servicePrincipalProfile\":
        {\n    \"clientId\":\"00000000-0000-0000-0000-000000000001\"\n   },\n   \"nodeResourceGroup\":
        \"MC_clitest000001_cliakstest000002_centraluseuap\",\n   \"enableRBAC\": true,\n
        \  \"enablePodSecurityPolicy\": false,\n   \"supportPlan\": \"KubernetesOfficial\",\n
        \  \"networkProfile\": {\n    \"networkPlugin\": \"kubenet\",\n    \"loadBalancerSku\":
        \"Standard\",\n    \"loadBalancerProfile\": {\n     \"managedOutboundIPs\":
        {\n      \"count\": 1\n     },\n     \"effectiveOutboundIPs\": [\n      {\n
        \      \"id\": \"/subscriptions/00000000-0000-0000-0000-000000000000/resourceGroups/MC_clitest000001_cliakstest000002_centraluseuap/providers/Microsoft.Network/publicIPAddresses/10920461-c4e4-4650-a0ad-efae485ec135\"\n
        \     }\n     ],\n     \"backendPoolType\": \"nodeIPConfiguration\"\n    },\n
        \   \"podCidr\": \"10.244.0.0/16\",\n    \"serviceCidr\": \"10.0.0.0/16\",\n
        \   \"dnsServiceIP\": \"10.0.0.10\",\n    \"outboundType\": \"loadBalancer\",\n
        \   \"podCidrs\": [\n     \"10.244.0.0/16\"\n    ],\n    \"serviceCidrs\":
        [\n     \"10.0.0.0/16\"\n    ],\n    \"ipFamilies\": [\n     \"IPv4\"\n    ]\n
        \  },\n   \"maxAgentPools\": 100,\n   \"identityProfile\": {\n    \"kubeletidentity\":
        {\n     \"resourceId\": \"/subscriptions/00000000-0000-0000-0000-000000000000/resourcegroups/MC_clitest000001_cliakstest000002_centraluseuap/providers/Microsoft.ManagedIdentity/userAssignedIdentities/cliakstest000002-agentpool\",\n
        \    \"clientId\":\"00000000-0000-0000-0000-000000000001\",\n     \"objectId\":\"00000000-0000-0000-0000-000000000001\"\n
        \   }\n   },\n   \"disableLocalAccounts\": false,\n   \"securityProfile\":
        {},\n   \"storageProfile\": {\n    \"diskCSIDriver\": {\n     \"enabled\":
        true,\n     \"version\": \"v1\"\n    },\n    \"fileCSIDriver\": {\n     \"enabled\":
        true\n    },\n    \"snapshotController\": {\n     \"enabled\": true\n    },\n
        \   \"blobCSIDriver\": {\n     \"enabled\": true\n    }\n   },\n   \"oidcIssuerProfile\":
        {\n    \"enabled\": false\n   },\n   \"workloadAutoScalerProfile\": {}\n  },\n
        \ \"identity\": {\n   \"type\": \"SystemAssigned\",\n   \"principalId\":\"00000000-0000-0000-0000-000000000001\",\n
        \  \"tenantId\": \"72f988bf-86f1-41af-91ab-2d7cd011db47\"\n  },\n  \"sku\":
        {\n   \"name\": \"Base\",\n   \"tier\": \"Free\"\n  }\n }"
    headers:
      cache-control:
      - no-cache
      content-length:
      - '4215'
      content-type:
      - application/json
      date:
      - Wed, 21 Jun 2023 08:44:23 GMT
      expires:
      - '-1'
      pragma:
      - no-cache
      strict-transport-security:
      - max-age=31536000; includeSubDomains
      transfer-encoding:
      - chunked
      vary:
      - Accept-Encoding
      x-content-type-options:
      - nosniff
    status:
      code: 200
      message: OK
- request:
    body: null
    headers:
      Accept:
      - application/json
      Accept-Encoding:
      - gzip, deflate
      CommandName:
      - aks delete
      Connection:
      - keep-alive
      Content-Length:
      - '0'
      ParameterSetName:
      - --resource-group --name --yes --no-wait
      User-Agent:
      - AZURECLI/2.49.0 azsdk-python-azure-mgmt-containerservice/23.0.0b Python/3.8.10
        (Linux-5.15.0-1039-azure-x86_64-with-glibc2.29)
    method: DELETE
    uri: https://management.azure.com/subscriptions/00000000-0000-0000-0000-000000000000/resourceGroups/clitest000001/providers/Microsoft.ContainerService/managedClusters/cliakstest000002?api-version=2024-02-02-preview
  response:
    body:
      string: ''
    headers:
      azure-asyncoperation:
      - https://management.azure.com/subscriptions/00000000-0000-0000-0000-000000000000/providers/Microsoft.ContainerService/locations/centraluseuap/operations/b12fc3d0-181e-474a-8144-62f5865c6c11?api-version=2016-03-30
      cache-control:
      - no-cache
      content-length:
      - '0'
      date:
      - Wed, 21 Jun 2023 08:44:24 GMT
      expires:
      - '-1'
      location:
      - https://management.azure.com/subscriptions/00000000-0000-0000-0000-000000000000/providers/Microsoft.ContainerService/locations/centraluseuap/operationresults/b12fc3d0-181e-474a-8144-62f5865c6c11?api-version=2016-03-30
      pragma:
      - no-cache
      strict-transport-security:
      - max-age=31536000; includeSubDomains
      x-content-type-options:
      - nosniff
      x-ms-ratelimit-remaining-subscription-deletes:
      - '14998'
    status:
      code: 202
      message: Accepted
version: 1
