interactions:
- request:
    body: '{"location": "westus2", "identity": {"type": "SystemAssigned"}, "properties":
      {"kubernetesVersion": "", "dnsPrefix": "cliakstest-clitestmavua5rrr-8ecadf",
      "agentPoolProfiles": [{"count": 3, "vmSize": "Standard_DS2_v2", "workloadRuntime":
      "OCIContainer", "osType": "Linux", "enableAutoScaling": false, "type": "VirtualMachineScaleSets",
      "mode": "System", "enableNodePublicIP": false, "scaleSetPriority": "Regular",
      "scaleSetEvictionPolicy": "Delete", "spotMaxPrice": -1.0, "enableEncryptionAtHost":
      false, "enableUltraSSD": false, "enableFIPS": false, "name": "nodepool1"}],
      "linuxProfile": {"adminUsername": "azureuser", "ssh": {"publicKeys": [{"keyData":
      "ssh-rsa AAAAB3NzaC1yc2EAAAADAQABAAABAQCYjiOAmfMwVuIAE31nCYs7f3ygC/sIwuNTchhXbeuMgnBngX9/ytGfyDPtJcHeAWGAWJqXDvlQ1zKcqvkEcEbrRioF6s6KrihUEbZp/QqspPRMkCLxl+11LcUkxDiErzX3oc9Wa9YiKEZIq4E2nOASLya8SVFWl3rQWaHsXe07JiH7AE9Gf6GaJsjn+coQ3yE12u6kpbduPWLSTdEiAeFKvM/jrUtLWVyxli0jvgZjU+y/VJuQJlhqZcHKeK0xG8JD8lgryv2Fu4esrxw2YqSJGySoE4Fm+BMe3wsydbf3cbzj7mI6WAMbA0aFS6atge+Cn4tuOWa3BYa2XIKOYXhl
      azcli_aks_live_test@example.com\n"}]}}, "addonProfiles": {}, "enableRBAC": true,
      "enablePodSecurityPolicy": false, "networkProfile": {"networkPlugin": "kubenet",
      "podCidr": "172.126.0.0/16", "serviceCidr": "172.56.0.0/16", "dnsServiceIP":
      "172.56.0.10", "outboundType": "loadBalancer", "loadBalancerSku": "standard",
      "podCidrs": ["172.126.0.0/16"], "serviceCidrs": ["172.56.0.0/16"], "ipFamilies":
      ["IPv4"]}, "disableLocalAccounts": false}}'
    headers:
      Accept:
      - application/json
      Accept-Encoding:
      - gzip, deflate
      CommandName:
      - aks create
      Connection:
      - keep-alive
      Content-Length:
      - '1478'
      Content-Type:
      - application/json
      ParameterSetName:
      - --resource-group --name --location --pod-cidr --service-cidr --dns-service-ip
        --pod-cidrs --service-cidrs --ip-families --network-plugin --ssh-key-value
      User-Agent:
      - AZURECLI/2.31.0 azsdk-python-azure-mgmt-containerservice/16.5.0 Python/3.8.11
        (Linux-5.11.0-1022-azure-x86_64-with-glibc2.27)
    method: PUT
    uri: https://management.azure.com/subscriptions/00000000-0000-0000-0000-000000000000/resourceGroups/clitest000001/providers/Microsoft.ContainerService/managedClusters/cliakstest000001?api-version=2021-11-01-preview
  response:
    body:
      string: "{\n  \"id\": \"/subscriptions/00000000-0000-0000-0000-000000000000/resourcegroups/clitest000001/providers/Microsoft.ContainerService/managedClusters/cliakstest000001\",\n
        \ \"location\": \"westus2\",\n  \"name\": \"cliakstest000001\",\n  \"type\":
        \"Microsoft.ContainerService/ManagedClusters\",\n  \"properties\": {\n   \"provisioningState\":
        \"Creating\",\n   \"powerState\": {\n    \"code\": \"Running\"\n   },\n   \"kubernetesVersion\":
        \"1.21.7\",\n   \"currentKubernetesVersion\": \"1.21.7\",\n   \"dnsPrefix\":
        \"cliakstest-clitestmavua5rrr-8ecadf\",\n   \"fqdn\": \"cliakstest-clitestmavua5rrr-8ecadf-2355cc76.hcp.westus2.azmk8s.io\",\n
        \  \"azurePortalFQDN\": \"cliakstest-clitestmavua5rrr-8ecadf-2355cc76.portal.hcp.westus2.azmk8s.io\",\n
        \  \"agentPoolProfiles\": [\n    {\n     \"name\": \"nodepool1\",\n     \"count\":
        3,\n     \"vmSize\": \"Standard_DS2_v2\",\n     \"osDiskSizeGB\": 128,\n     \"osDiskType\":
        \"Managed\",\n     \"kubeletDiskType\": \"OS\",\n     \"workloadRuntime\":
        \"OCIContainer\",\n     \"maxPods\": 110,\n     \"type\": \"VirtualMachineScaleSets\",\n
        \    \"enableAutoScaling\": false,\n     \"provisioningState\": \"Creating\",\n
        \    \"powerState\": {\n      \"code\": \"Running\"\n     },\n     \"orchestratorVersion\":
        \"1.21.7\",\n     \"enableNodePublicIP\": false,\n     \"mode\": \"System\",\n
        \    \"enableEncryptionAtHost\": false,\n     \"enableUltraSSD\": false,\n
        \    \"osType\": \"Linux\",\n     \"osSKU\": \"Ubuntu\",\n     \"nodeImageVersion\":
        \"AKSUbuntu-1804gen2containerd-2021.12.07\",\n     \"enableFIPS\": false\n
        \   }\n   ],\n   \"linuxProfile\": {\n    \"adminUsername\": \"azureuser\",\n
        \   \"ssh\": {\n     \"publicKeys\": [\n      {\n       \"keyData\": \"ssh-rsa
        AAAAB3NzaC1yc2EAAAADAQABAAABAQCYjiOAmfMwVuIAE31nCYs7f3ygC/sIwuNTchhXbeuMgnBngX9/ytGfyDPtJcHeAWGAWJqXDvlQ1zKcqvkEcEbrRioF6s6KrihUEbZp/QqspPRMkCLxl+11LcUkxDiErzX3oc9Wa9YiKEZIq4E2nOASLya8SVFWl3rQWaHsXe07JiH7AE9Gf6GaJsjn+coQ3yE12u6kpbduPWLSTdEiAeFKvM/jrUtLWVyxli0jvgZjU+y/VJuQJlhqZcHKeK0xG8JD8lgryv2Fu4esrxw2YqSJGySoE4Fm+BMe3wsydbf3cbzj7mI6WAMbA0aFS6atge+Cn4tuOWa3BYa2XIKOYXhl
        azcli_aks_live_test@example.com\\n\"\n      }\n     ]\n    }\n   },\n   \"servicePrincipalProfile\":
        {\n    \"clientId\":\"00000000-0000-0000-0000-000000000001\"\n   },\n   \"nodeResourceGroup\":
        \"MC_clitest000001_cliakstest000001_westus2\",\n   \"enableRBAC\": true,\n
        \  \"enablePodSecurityPolicy\": false,\n   \"networkProfile\": {\n    \"networkPlugin\":
        \"kubenet\",\n    \"loadBalancerSku\": \"standard\",\n    \"loadBalancerProfile\":
        {\n     \"managedOutboundIPs\": {\n      \"count\": 1\n     }\n    },\n    \"podCidr\":
        \"172.126.0.0/16\",\n    \"serviceCidr\": \"172.56.0.0/16\",\n    \"dnsServiceIP\":
        \"172.56.0.10\",\n    \"dockerBridgeCidr\": \"172.17.0.1/16\",\n    \"outboundType\":
        \"loadBalancer\",\n    \"podCidrs\": [\n     \"172.126.0.0/16\"\n    ],\n
        \   \"serviceCidrs\": [\n     \"172.56.0.0/16\"\n    ],\n    \"ipFamilies\":
        [\n     \"IPv4\"\n    ]\n   },\n   \"maxAgentPools\": 100,\n   \"disableLocalAccounts\":
        false,\n   \"oidcIssuerProfile\": {\n    \"enabled\": false\n   }\n  },\n
        \ \"identity\": {\n   \"type\": \"SystemAssigned\",\n   \"principalId\":\"00000000-0000-0000-0000-000000000001\",\n
        \  \"tenantId\": \"72f988bf-86f1-41af-91ab-2d7cd011db47\"\n  },\n  \"sku\":
        {\n   \"name\": \"Basic\",\n   \"tier\": \"Free\"\n  }\n }"
    headers:
      azure-asyncoperation:
      - https://management.azure.com/subscriptions/00000000-0000-0000-0000-000000000000/providers/Microsoft.ContainerService/locations/westus2/operations/3099fb00-3a94-4480-99bb-5d4adda434d7?api-version=2016-03-30
      cache-control:
      - no-cache
      content-length:
      - '3032'
      content-type:
      - application/json
      date:
      - Tue, 28 Dec 2021 08:49:20 GMT
      expires:
      - '-1'
      pragma:
      - no-cache
      server:
      - nginx
      strict-transport-security:
      - max-age=31536000; includeSubDomains
      x-content-type-options:
      - nosniff
      x-ms-ratelimit-remaining-subscription-writes:
      - '1199'
    status:
      code: 201
      message: Created
- request:
    body: null
    headers:
      Accept:
      - '*/*'
      Accept-Encoding:
      - gzip, deflate
      CommandName:
      - aks create
      Connection:
      - keep-alive
      ParameterSetName:
      - --resource-group --name --location --pod-cidr --service-cidr --dns-service-ip
        --pod-cidrs --service-cidrs --ip-families --network-plugin --ssh-key-value
      User-Agent:
      - AZURECLI/2.31.0 azsdk-python-azure-mgmt-containerservice/16.5.0 Python/3.8.11
        (Linux-5.11.0-1022-azure-x86_64-with-glibc2.27)
    method: GET
    uri: https://management.azure.com/subscriptions/00000000-0000-0000-0000-000000000000/providers/Microsoft.ContainerService/locations/westus2/operations/3099fb00-3a94-4480-99bb-5d4adda434d7?api-version=2016-03-30
  response:
    body:
      string: "{\n  \"name\": \"00fb9930-943a-8044-99bb-5d4adda434d7\",\n  \"status\":
        \"InProgress\",\n  \"startTime\": \"2021-12-28T08:49:20.36Z\"\n }"
    headers:
      cache-control:
      - no-cache
      content-length:
      - '121'
      content-type:
      - application/json
      date:
      - Tue, 28 Dec 2021 08:49:50 GMT
      expires:
      - '-1'
      pragma:
      - no-cache
      server:
      - nginx
      strict-transport-security:
      - max-age=31536000; includeSubDomains
      transfer-encoding:
      - chunked
      vary:
      - Accept-Encoding
      x-content-type-options:
      - nosniff
    status:
      code: 200
      message: OK
- request:
    body: null
    headers:
      Accept:
      - '*/*'
      Accept-Encoding:
      - gzip, deflate
      CommandName:
      - aks create
      Connection:
      - keep-alive
      ParameterSetName:
      - --resource-group --name --location --pod-cidr --service-cidr --dns-service-ip
        --pod-cidrs --service-cidrs --ip-families --network-plugin --ssh-key-value
      User-Agent:
      - AZURECLI/2.31.0 azsdk-python-azure-mgmt-containerservice/16.5.0 Python/3.8.11
        (Linux-5.11.0-1022-azure-x86_64-with-glibc2.27)
    method: GET
    uri: https://management.azure.com/subscriptions/00000000-0000-0000-0000-000000000000/providers/Microsoft.ContainerService/locations/westus2/operations/3099fb00-3a94-4480-99bb-5d4adda434d7?api-version=2016-03-30
  response:
    body:
      string: "{\n  \"name\": \"00fb9930-943a-8044-99bb-5d4adda434d7\",\n  \"status\":
        \"InProgress\",\n  \"startTime\": \"2021-12-28T08:49:20.36Z\"\n }"
    headers:
      cache-control:
      - no-cache
      content-length:
      - '121'
      content-type:
      - application/json
      date:
      - Tue, 28 Dec 2021 08:50:20 GMT
      expires:
      - '-1'
      pragma:
      - no-cache
      server:
      - nginx
      strict-transport-security:
      - max-age=31536000; includeSubDomains
      transfer-encoding:
      - chunked
      vary:
      - Accept-Encoding
      x-content-type-options:
      - nosniff
    status:
      code: 200
      message: OK
- request:
    body: null
    headers:
      Accept:
      - '*/*'
      Accept-Encoding:
      - gzip, deflate
      CommandName:
      - aks create
      Connection:
      - keep-alive
      ParameterSetName:
      - --resource-group --name --location --pod-cidr --service-cidr --dns-service-ip
        --pod-cidrs --service-cidrs --ip-families --network-plugin --ssh-key-value
      User-Agent:
      - AZURECLI/2.31.0 azsdk-python-azure-mgmt-containerservice/16.5.0 Python/3.8.11
        (Linux-5.11.0-1022-azure-x86_64-with-glibc2.27)
    method: GET
    uri: https://management.azure.com/subscriptions/00000000-0000-0000-0000-000000000000/providers/Microsoft.ContainerService/locations/westus2/operations/3099fb00-3a94-4480-99bb-5d4adda434d7?api-version=2016-03-30
  response:
    body:
      string: "{\n  \"name\": \"00fb9930-943a-8044-99bb-5d4adda434d7\",\n  \"status\":
        \"InProgress\",\n  \"startTime\": \"2021-12-28T08:49:20.36Z\"\n }"
    headers:
      cache-control:
      - no-cache
      content-length:
      - '121'
      content-type:
      - application/json
      date:
      - Tue, 28 Dec 2021 08:50:49 GMT
      expires:
      - '-1'
      pragma:
      - no-cache
      server:
      - nginx
      strict-transport-security:
      - max-age=31536000; includeSubDomains
      transfer-encoding:
      - chunked
      vary:
      - Accept-Encoding
      x-content-type-options:
      - nosniff
    status:
      code: 200
      message: OK
- request:
    body: null
    headers:
      Accept:
      - '*/*'
      Accept-Encoding:
      - gzip, deflate
      CommandName:
      - aks create
      Connection:
      - keep-alive
      ParameterSetName:
      - --resource-group --name --location --pod-cidr --service-cidr --dns-service-ip
        --pod-cidrs --service-cidrs --ip-families --network-plugin --ssh-key-value
      User-Agent:
      - AZURECLI/2.31.0 azsdk-python-azure-mgmt-containerservice/16.5.0 Python/3.8.11
        (Linux-5.11.0-1022-azure-x86_64-with-glibc2.27)
    method: GET
    uri: https://management.azure.com/subscriptions/00000000-0000-0000-0000-000000000000/providers/Microsoft.ContainerService/locations/westus2/operations/3099fb00-3a94-4480-99bb-5d4adda434d7?api-version=2016-03-30
  response:
    body:
      string: "{\n  \"name\": \"00fb9930-943a-8044-99bb-5d4adda434d7\",\n  \"status\":
        \"InProgress\",\n  \"startTime\": \"2021-12-28T08:49:20.36Z\"\n }"
    headers:
      cache-control:
      - no-cache
      content-length:
      - '121'
      content-type:
      - application/json
      date:
      - Tue, 28 Dec 2021 08:51:20 GMT
      expires:
      - '-1'
      pragma:
      - no-cache
      server:
      - nginx
      strict-transport-security:
      - max-age=31536000; includeSubDomains
      transfer-encoding:
      - chunked
      vary:
      - Accept-Encoding
      x-content-type-options:
      - nosniff
    status:
      code: 200
      message: OK
- request:
    body: null
    headers:
      Accept:
      - '*/*'
      Accept-Encoding:
      - gzip, deflate
      CommandName:
      - aks create
      Connection:
      - keep-alive
      ParameterSetName:
      - --resource-group --name --location --pod-cidr --service-cidr --dns-service-ip
        --pod-cidrs --service-cidrs --ip-families --network-plugin --ssh-key-value
      User-Agent:
      - AZURECLI/2.31.0 azsdk-python-azure-mgmt-containerservice/16.5.0 Python/3.8.11
        (Linux-5.11.0-1022-azure-x86_64-with-glibc2.27)
    method: GET
    uri: https://management.azure.com/subscriptions/00000000-0000-0000-0000-000000000000/providers/Microsoft.ContainerService/locations/westus2/operations/3099fb00-3a94-4480-99bb-5d4adda434d7?api-version=2016-03-30
  response:
    body:
      string: "{\n  \"name\": \"00fb9930-943a-8044-99bb-5d4adda434d7\",\n  \"status\":
        \"InProgress\",\n  \"startTime\": \"2021-12-28T08:49:20.36Z\"\n }"
    headers:
      cache-control:
      - no-cache
      content-length:
      - '121'
      content-type:
      - application/json
      date:
      - Tue, 28 Dec 2021 08:51:50 GMT
      expires:
      - '-1'
      pragma:
      - no-cache
      server:
      - nginx
      strict-transport-security:
      - max-age=31536000; includeSubDomains
      transfer-encoding:
      - chunked
      vary:
      - Accept-Encoding
      x-content-type-options:
      - nosniff
    status:
      code: 200
      message: OK
- request:
    body: null
    headers:
      Accept:
      - '*/*'
      Accept-Encoding:
      - gzip, deflate
      CommandName:
      - aks create
      Connection:
      - keep-alive
      ParameterSetName:
      - --resource-group --name --location --pod-cidr --service-cidr --dns-service-ip
        --pod-cidrs --service-cidrs --ip-families --network-plugin --ssh-key-value
      User-Agent:
      - AZURECLI/2.31.0 azsdk-python-azure-mgmt-containerservice/16.5.0 Python/3.8.11
        (Linux-5.11.0-1022-azure-x86_64-with-glibc2.27)
    method: GET
    uri: https://management.azure.com/subscriptions/00000000-0000-0000-0000-000000000000/providers/Microsoft.ContainerService/locations/westus2/operations/3099fb00-3a94-4480-99bb-5d4adda434d7?api-version=2016-03-30
  response:
    body:
      string: "{\n  \"name\": \"00fb9930-943a-8044-99bb-5d4adda434d7\",\n  \"status\":
        \"InProgress\",\n  \"startTime\": \"2021-12-28T08:49:20.36Z\"\n }"
    headers:
      cache-control:
      - no-cache
      content-length:
      - '121'
      content-type:
      - application/json
      date:
      - Tue, 28 Dec 2021 08:52:20 GMT
      expires:
      - '-1'
      pragma:
      - no-cache
      server:
      - nginx
      strict-transport-security:
      - max-age=31536000; includeSubDomains
      transfer-encoding:
      - chunked
      vary:
      - Accept-Encoding
      x-content-type-options:
      - nosniff
    status:
      code: 200
      message: OK
- request:
    body: null
    headers:
      Accept:
      - '*/*'
      Accept-Encoding:
      - gzip, deflate
      CommandName:
      - aks create
      Connection:
      - keep-alive
      ParameterSetName:
      - --resource-group --name --location --pod-cidr --service-cidr --dns-service-ip
        --pod-cidrs --service-cidrs --ip-families --network-plugin --ssh-key-value
      User-Agent:
      - AZURECLI/2.31.0 azsdk-python-azure-mgmt-containerservice/16.5.0 Python/3.8.11
        (Linux-5.11.0-1022-azure-x86_64-with-glibc2.27)
    method: GET
    uri: https://management.azure.com/subscriptions/00000000-0000-0000-0000-000000000000/providers/Microsoft.ContainerService/locations/westus2/operations/3099fb00-3a94-4480-99bb-5d4adda434d7?api-version=2016-03-30
  response:
    body:
      string: "{\n  \"name\": \"00fb9930-943a-8044-99bb-5d4adda434d7\",\n  \"status\":
        \"InProgress\",\n  \"startTime\": \"2021-12-28T08:49:20.36Z\"\n }"
    headers:
      cache-control:
      - no-cache
      content-length:
      - '121'
      content-type:
      - application/json
      date:
      - Tue, 28 Dec 2021 08:52:50 GMT
      expires:
      - '-1'
      pragma:
      - no-cache
      server:
      - nginx
      strict-transport-security:
      - max-age=31536000; includeSubDomains
      transfer-encoding:
      - chunked
      vary:
      - Accept-Encoding
      x-content-type-options:
      - nosniff
    status:
      code: 200
      message: OK
- request:
    body: null
    headers:
      Accept:
      - '*/*'
      Accept-Encoding:
      - gzip, deflate
      CommandName:
      - aks create
      Connection:
      - keep-alive
      ParameterSetName:
      - --resource-group --name --location --pod-cidr --service-cidr --dns-service-ip
        --pod-cidrs --service-cidrs --ip-families --network-plugin --ssh-key-value
      User-Agent:
      - AZURECLI/2.31.0 azsdk-python-azure-mgmt-containerservice/16.5.0 Python/3.8.11
        (Linux-5.11.0-1022-azure-x86_64-with-glibc2.27)
    method: GET
    uri: https://management.azure.com/subscriptions/00000000-0000-0000-0000-000000000000/providers/Microsoft.ContainerService/locations/westus2/operations/3099fb00-3a94-4480-99bb-5d4adda434d7?api-version=2016-03-30
  response:
    body:
      string: "{\n  \"name\": \"00fb9930-943a-8044-99bb-5d4adda434d7\",\n  \"status\":
        \"Succeeded\",\n  \"startTime\": \"2021-12-28T08:49:20.36Z\",\n  \"endTime\":
        \"2021-12-28T08:53:12.8680381Z\"\n }"
    headers:
      cache-control:
      - no-cache
      content-length:
      - '165'
      content-type:
      - application/json
      date:
      - Tue, 28 Dec 2021 08:53:21 GMT
      expires:
      - '-1'
      pragma:
      - no-cache
      server:
      - nginx
      strict-transport-security:
      - max-age=31536000; includeSubDomains
      transfer-encoding:
      - chunked
      vary:
      - Accept-Encoding
      x-content-type-options:
      - nosniff
    status:
      code: 200
      message: OK
- request:
    body: null
    headers:
      Accept:
      - '*/*'
      Accept-Encoding:
      - gzip, deflate
      CommandName:
      - aks create
      Connection:
      - keep-alive
      ParameterSetName:
      - --resource-group --name --location --pod-cidr --service-cidr --dns-service-ip
        --pod-cidrs --service-cidrs --ip-families --network-plugin --ssh-key-value
      User-Agent:
      - AZURECLI/2.31.0 azsdk-python-azure-mgmt-containerservice/16.5.0 Python/3.8.11
        (Linux-5.11.0-1022-azure-x86_64-with-glibc2.27)
    method: GET
    uri: https://management.azure.com/subscriptions/00000000-0000-0000-0000-000000000000/resourceGroups/clitest000001/providers/Microsoft.ContainerService/managedClusters/cliakstest000001?api-version=2021-11-01-preview
  response:
    body:
      string: "{\n  \"id\": \"/subscriptions/00000000-0000-0000-0000-000000000000/resourcegroups/clitest000001/providers/Microsoft.ContainerService/managedClusters/cliakstest000001\",\n
        \ \"location\": \"westus2\",\n  \"name\": \"cliakstest000001\",\n  \"type\":
        \"Microsoft.ContainerService/ManagedClusters\",\n  \"properties\": {\n   \"provisioningState\":
        \"Succeeded\",\n   \"powerState\": {\n    \"code\": \"Running\"\n   },\n   \"kubernetesVersion\":
        \"1.21.7\",\n   \"currentKubernetesVersion\": \"1.21.7\",\n   \"dnsPrefix\":
        \"cliakstest-clitestmavua5rrr-8ecadf\",\n   \"fqdn\": \"cliakstest-clitestmavua5rrr-8ecadf-2355cc76.hcp.westus2.azmk8s.io\",\n
        \  \"azurePortalFQDN\": \"cliakstest-clitestmavua5rrr-8ecadf-2355cc76.portal.hcp.westus2.azmk8s.io\",\n
        \  \"agentPoolProfiles\": [\n    {\n     \"name\": \"nodepool1\",\n     \"count\":
        3,\n     \"vmSize\": \"Standard_DS2_v2\",\n     \"osDiskSizeGB\": 128,\n     \"osDiskType\":
        \"Managed\",\n     \"kubeletDiskType\": \"OS\",\n     \"workloadRuntime\":
        \"OCIContainer\",\n     \"maxPods\": 110,\n     \"type\": \"VirtualMachineScaleSets\",\n
        \    \"enableAutoScaling\": false,\n     \"provisioningState\": \"Succeeded\",\n
        \    \"powerState\": {\n      \"code\": \"Running\"\n     },\n     \"orchestratorVersion\":
        \"1.21.7\",\n     \"enableNodePublicIP\": false,\n     \"mode\": \"System\",\n
        \    \"enableEncryptionAtHost\": false,\n     \"enableUltraSSD\": false,\n
        \    \"osType\": \"Linux\",\n     \"osSKU\": \"Ubuntu\",\n     \"nodeImageVersion\":
        \"AKSUbuntu-1804gen2containerd-2021.12.07\",\n     \"enableFIPS\": false\n
        \   }\n   ],\n   \"linuxProfile\": {\n    \"adminUsername\": \"azureuser\",\n
        \   \"ssh\": {\n     \"publicKeys\": [\n      {\n       \"keyData\": \"ssh-rsa
        AAAAB3NzaC1yc2EAAAADAQABAAABAQCYjiOAmfMwVuIAE31nCYs7f3ygC/sIwuNTchhXbeuMgnBngX9/ytGfyDPtJcHeAWGAWJqXDvlQ1zKcqvkEcEbrRioF6s6KrihUEbZp/QqspPRMkCLxl+11LcUkxDiErzX3oc9Wa9YiKEZIq4E2nOASLya8SVFWl3rQWaHsXe07JiH7AE9Gf6GaJsjn+coQ3yE12u6kpbduPWLSTdEiAeFKvM/jrUtLWVyxli0jvgZjU+y/VJuQJlhqZcHKeK0xG8JD8lgryv2Fu4esrxw2YqSJGySoE4Fm+BMe3wsydbf3cbzj7mI6WAMbA0aFS6atge+Cn4tuOWa3BYa2XIKOYXhl
        azcli_aks_live_test@example.com\\n\"\n      }\n     ]\n    }\n   },\n   \"servicePrincipalProfile\":
        {\n    \"clientId\":\"00000000-0000-0000-0000-000000000001\"\n   },\n   \"nodeResourceGroup\":
        \"MC_clitest000001_cliakstest000001_westus2\",\n   \"enableRBAC\": true,\n
        \  \"enablePodSecurityPolicy\": false,\n   \"networkProfile\": {\n    \"networkPlugin\":
        \"kubenet\",\n    \"loadBalancerSku\": \"Standard\",\n    \"loadBalancerProfile\":
        {\n     \"managedOutboundIPs\": {\n      \"count\": 1\n     },\n     \"effectiveOutboundIPs\":
        [\n      {\n       \"id\": \"/subscriptions/00000000-0000-0000-0000-000000000000/resourceGroups/MC_clitest000001_cliakstest000001_westus2/providers/Microsoft.Network/publicIPAddresses/b5b5d60e-e9ab-4871-8ecf-0bcc8dd5637b\"\n
        \     }\n     ]\n    },\n    \"podCidr\": \"172.126.0.0/16\",\n    \"serviceCidr\":
        \"172.56.0.0/16\",\n    \"dnsServiceIP\": \"172.56.0.10\",\n    \"dockerBridgeCidr\":
        \"172.17.0.1/16\",\n    \"outboundType\": \"loadBalancer\",\n    \"podCidrs\":
        [\n     \"172.126.0.0/16\"\n    ],\n    \"serviceCidrs\": [\n     \"172.56.0.0/16\"\n
        \   ],\n    \"ipFamilies\": [\n     \"IPv4\"\n    ]\n   },\n   \"maxAgentPools\":
        100,\n   \"identityProfile\": {\n    \"kubeletidentity\": {\n     \"resourceId\":
        \"/subscriptions/00000000-0000-0000-0000-000000000000/resourcegroups/MC_clitest000001_cliakstest000001_westus2/providers/Microsoft.ManagedIdentity/userAssignedIdentities/cliakstest000001-agentpool\",\n
        \    \"clientId\":\"00000000-0000-0000-0000-000000000001\",\n     \"objectId\":\"00000000-0000-0000-0000-000000000001\"\n
        \   }\n   },\n   \"disableLocalAccounts\": false,\n   \"oidcIssuerProfile\":
        {\n    \"enabled\": false\n   }\n  },\n  \"identity\": {\n   \"type\": \"SystemAssigned\",\n
        \  \"principalId\":\"00000000-0000-0000-0000-000000000001\",\n   \"tenantId\":
        \"72f988bf-86f1-41af-91ab-2d7cd011db47\"\n  },\n  \"sku\": {\n   \"name\":
        \"Basic\",\n   \"tier\": \"Free\"\n  }\n }"
    headers:
      cache-control:
      - no-cache
      content-length:
      - '3685'
      content-type:
      - application/json
      date:
      - Tue, 28 Dec 2021 08:53:21 GMT
      expires:
      - '-1'
      pragma:
      - no-cache
      server:
      - nginx
      strict-transport-security:
      - max-age=31536000; includeSubDomains
      transfer-encoding:
      - chunked
      vary:
      - Accept-Encoding
      x-content-type-options:
      - nosniff
    status:
      code: 200
      message: OK
- request:
    body: null
    headers:
      Accept:
      - application/json
      Accept-Encoding:
      - gzip, deflate
      CommandName:
      - aks delete
      Connection:
      - keep-alive
      Content-Length:
      - '0'
      ParameterSetName:
      - -g -n --yes --no-wait
      User-Agent:
      - AZURECLI/2.31.0 azsdk-python-azure-mgmt-containerservice/16.1.0 Python/3.8.11
        (Linux-5.11.0-1022-azure-x86_64-with-glibc2.27)
    method: DELETE
    uri: https://management.azure.com/subscriptions/00000000-0000-0000-0000-000000000000/resourceGroups/clitest000001/providers/Microsoft.ContainerService/managedClusters/cliakstest000001?api-version=2021-07-01
  response:
    body:
      string: ''
    headers:
      azure-asyncoperation:
      - https://management.azure.com/subscriptions/00000000-0000-0000-0000-000000000000/providers/Microsoft.ContainerService/locations/westus2/operations/1cd8b55d-fe23-430c-8ec7-90ad506e0951?api-version=2016-03-30
      cache-control:
      - no-cache
      content-length:
      - '0'
      date:
      - Tue, 28 Dec 2021 08:53:22 GMT
      expires:
      - '-1'
      location:
      - https://management.azure.com/subscriptions/00000000-0000-0000-0000-000000000000/providers/Microsoft.ContainerService/locations/westus2/operationresults/1cd8b55d-fe23-430c-8ec7-90ad506e0951?api-version=2016-03-30
      pragma:
      - no-cache
      server:
      - nginx
      strict-transport-security:
      - max-age=31536000; includeSubDomains
      x-content-type-options:
      - nosniff
      x-ms-ratelimit-remaining-subscription-deletes:
      - '14998'
    status:
      code: 202
      message: Accepted
version: 1
