interactions:
- request:
    body: null
    headers:
      Accept:
      - application/json
      Accept-Encoding:
      - gzip, deflate
      CommandName:
      - aks create
      Connection:
      - keep-alive
      ParameterSetName:
      - --resource-group --name --kube-proxy-config --aks-custom-headers --ssh-key-value
        --enable-managed-identity --yes -o
      User-Agent:
      - AZURECLI/2.41.0 azsdk-python-azure-mgmt-resource/21.1.0b1 Python/3.8.10 (Linux-5.15.0-1020-azure-x86_64-with-glibc2.29)
    method: GET
    uri: https://management.azure.com/subscriptions/00000000-0000-0000-0000-000000000000/resourcegroups/clitest000001?api-version=2021-04-01
  response:
    body:
      string: '{"id":"/subscriptions/00000000-0000-0000-0000-000000000000/resourceGroups/clitest000001","name":"clitest000001","type":"Microsoft.Resources/resourceGroups","location":"westus2","tags":{"product":"azurecli","cause":"automation","date":"2022-10-17T08:38:05Z"},"properties":{"provisioningState":"Succeeded"}}'
    headers:
      cache-control:
      - no-cache
      content-length:
      - '305'
      content-type:
      - application/json; charset=utf-8
      date:
      - Mon, 17 Oct 2022 08:38:05 GMT
      expires:
      - '-1'
      pragma:
      - no-cache
      strict-transport-security:
      - max-age=31536000; includeSubDomains
      vary:
      - Accept-Encoding
      x-content-type-options:
      - nosniff
    status:
      code: 200
      message: OK
- request:
    body: '{"location": "westus2", "identity": {"type": "SystemAssigned"}, "properties":
      {"kubernetesVersion": "", "dnsPrefix": "cliakstest-clitesttvtgw3y36-79a739",
      "agentPoolProfiles": [{"count": 3, "vmSize": "Standard_DS2_v2", "osDiskSizeGB":
      0, "workloadRuntime": "OCIContainer", "osType": "Linux", "enableAutoScaling":
      false, "type": "VirtualMachineScaleSets", "mode": "System", "orchestratorVersion":
      "", "upgradeSettings": {}, "enableNodePublicIP": false, "enableCustomCATrust":
      false, "scaleSetPriority": "Regular", "scaleSetEvictionPolicy": "Delete", "spotMaxPrice":
      -1.0, "nodeTaints": [], "enableEncryptionAtHost": false, "enableUltraSSD": false,
      "enableFIPS": false, "name": "nodepool1"}], "linuxProfile": {"adminUsername":
      "azureuser", "ssh": {"publicKeys": [{"keyData": "ssh-rsa AAAAB3NzaC1yc2EAAAADAQABAAABAQDQ3QQF3b2JCZJxJtpKp/iJsnQUOhUoiLakn7cbilqism736bFvQMIDeYG2FaGm/Sh0dd3Kv7x/bqBJU30PBfID1RLNmmnIB9Pu/BpbI8nTEiOngwsCmMkKRPa7GWaolB29Jed8T8afwc+/i8frQSPOaKsE2DfOCbFnFn2EI3R8qnK7QjpaN6TSa26oADcF4g920wfInyLqf1NZIC+6AOe3Wbv+/PXtc+mcI1WgfjLB1I5OQfzRvyouexaqpIH7WQaHjF6K6bLvDO4LftA0clzbG5emqNwcaB/dM2ePeLxx8LzkXcPwoJwy8Sikxbrj4L+G40o5X+ddG8i5FmrdOEUJ
      azcli_aks_live_test@example.com\n"}]}}, "addonProfiles": {}, "enableRBAC": true,
      "enablePodSecurityPolicy": false, "networkProfile": {"networkPlugin": "kubenet",
      "podCidr": "10.244.0.0/16", "serviceCidr": "10.0.0.0/16", "dnsServiceIP": "10.0.0.10",
      "dockerBridgeCidr": "172.17.0.1/16", "outboundType": "loadBalancer", "loadBalancerSku":
      "standard", "kubeProxyConfig": {"enabled": true, "mode": "IPVS", "ipvsConfig":
      {"scheduler": "LeastConnection"}}}, "disableLocalAccounts": false, "storageProfile":
      {}}}'
    headers:
      AKSHTTPCustomFeatures:
      - Microsoft.ContainerService/KubeProxyConfigurationPreview
      Accept:
      - application/json
      Accept-Encoding:
      - gzip, deflate
      CommandName:
      - aks create
      Connection:
      - keep-alive
      Content-Length:
      - '1660'
      Content-Type:
      - application/json
      ParameterSetName:
      - --resource-group --name --kube-proxy-config --aks-custom-headers --ssh-key-value
        --enable-managed-identity --yes -o
      User-Agent:
      - AZURECLI/2.41.0 azsdk-python-azure-mgmt-containerservice/20.4.0b Python/3.8.10
        (Linux-5.15.0-1020-azure-x86_64-with-glibc2.29)
    method: PUT
    uri: https://management.azure.com/subscriptions/00000000-0000-0000-0000-000000000000/resourceGroups/clitest000001/providers/Microsoft.ContainerService/managedClusters/cliakstest000002?api-version=2022-09-02-preview
  response:
    body:
      string: "{\n  \"id\": \"/subscriptions/00000000-0000-0000-0000-000000000000/resourcegroups/clitest000001/providers/Microsoft.ContainerService/managedClusters/cliakstest000002\",\n
        \ \"location\": \"westus2\",\n  \"name\": \"cliakstest000002\",\n  \"type\":
        \"Microsoft.ContainerService/ManagedClusters\",\n  \"properties\": {\n   \"provisioningState\":
        \"Creating\",\n   \"powerState\": {\n    \"code\": \"Running\"\n   },\n   \"kubernetesVersion\":
        \"1.23.12\",\n   \"currentKubernetesVersion\": \"1.23.12\",\n   \"dnsPrefix\":
        \"cliakstest-clitesttvtgw3y36-79a739\",\n   \"fqdn\": \"cliakstest-clitesttvtgw3y36-79a739-9e63a064.hcp.westus2.azmk8s.io\",\n
        \  \"azurePortalFQDN\": \"cliakstest-clitesttvtgw3y36-79a739-9e63a064.portal.hcp.westus2.azmk8s.io\",\n
        \  \"agentPoolProfiles\": [\n    {\n     \"name\": \"nodepool1\",\n     \"count\":
        3,\n     \"vmSize\": \"Standard_DS2_v2\",\n     \"osDiskSizeGB\": 128,\n     \"osDiskType\":
        \"Managed\",\n     \"kubeletDiskType\": \"OS\",\n     \"workloadRuntime\":
        \"OCIContainer\",\n     \"maxPods\": 110,\n     \"type\": \"VirtualMachineScaleSets\",\n
        \    \"enableAutoScaling\": false,\n     \"provisioningState\": \"Creating\",\n
        \    \"powerState\": {\n      \"code\": \"Running\"\n     },\n     \"orchestratorVersion\":
        \"1.23.12\",\n     \"currentOrchestratorVersion\": \"1.23.12\",\n     \"enableNodePublicIP\":
        false,\n     \"enableCustomCATrust\": false,\n     \"mode\": \"System\",\n
        \    \"enableEncryptionAtHost\": false,\n     \"enableUltraSSD\": false,\n
        \    \"osType\": \"Linux\",\n     \"osSKU\": \"Ubuntu\",\n     \"nodeImageVersion\":
        \"AKSUbuntu-1804gen2containerd-2022.10.03\",\n     \"upgradeSettings\": {},\n
        \    \"enableFIPS\": false\n    }\n   ],\n   \"linuxProfile\": {\n    \"adminUsername\":
        \"azureuser\",\n    \"ssh\": {\n     \"publicKeys\": [\n      {\n       \"keyData\":
        \"ssh-rsa AAAAB3NzaC1yc2EAAAADAQABAAABAQDQ3QQF3b2JCZJxJtpKp/iJsnQUOhUoiLakn7cbilqism736bFvQMIDeYG2FaGm/Sh0dd3Kv7x/bqBJU30PBfID1RLNmmnIB9Pu/BpbI8nTEiOngwsCmMkKRPa7GWaolB29Jed8T8afwc+/i8frQSPOaKsE2DfOCbFnFn2EI3R8qnK7QjpaN6TSa26oADcF4g920wfInyLqf1NZIC+6AOe3Wbv+/PXtc+mcI1WgfjLB1I5OQfzRvyouexaqpIH7WQaHjF6K6bLvDO4LftA0clzbG5emqNwcaB/dM2ePeLxx8LzkXcPwoJwy8Sikxbrj4L+G40o5X+ddG8i5FmrdOEUJ
        azcli_aks_live_test@example.com\\n\"\n      }\n     ]\n    }\n   },\n   \"servicePrincipalProfile\":
        {\n    \"clientId\":\"00000000-0000-0000-0000-000000000001\"\n   },\n   \"nodeResourceGroup\":
        \"MC_clitest000001_cliakstest000002_westus2\",\n   \"enableRBAC\": true,\n
        \  \"enablePodSecurityPolicy\": false,\n   \"networkProfile\": {\n    \"networkPlugin\":
        \"kubenet\",\n    \"loadBalancerSku\": \"standard\",\n    \"loadBalancerProfile\":
        {\n     \"managedOutboundIPs\": {\n      \"count\": 1\n     },\n     \"backendPoolType\":
        \"nodeIPConfiguration\"\n    },\n    \"podCidr\": \"10.244.0.0/16\",\n    \"serviceCidr\":
        \"10.0.0.0/16\",\n    \"dnsServiceIP\": \"10.0.0.10\",\n    \"dockerBridgeCidr\":
        \"172.17.0.1/16\",\n    \"outboundType\": \"loadBalancer\",\n    \"podCidrs\":
        [\n     \"10.244.0.0/16\"\n    ],\n    \"serviceCidrs\": [\n     \"10.0.0.0/16\"\n
        \   ],\n    \"ipFamilies\": [\n     \"IPv4\"\n    ],\n    \"kubeProxyConfig\":
        {\n     \"enabled\": true,\n     \"mode\": \"IPVS\",\n     \"ipvsConfig\":
        {\n      \"scheduler\": \"LeastConnection\"\n     }\n    }\n   },\n   \"maxAgentPools\":
        100,\n   \"disableLocalAccounts\": false,\n   \"securityProfile\": {},\n   \"storageProfile\":
        {\n    \"diskCSIDriver\": {\n     \"enabled\": true,\n     \"version\": \"v1\"\n
        \   },\n    \"fileCSIDriver\": {\n     \"enabled\": true\n    },\n    \"snapshotController\":
        {\n     \"enabled\": true\n    }\n   },\n   \"oidcIssuerProfile\": {\n    \"enabled\":
        false\n   },\n   \"workloadAutoScalerProfile\": {}\n  },\n  \"identity\":
        {\n   \"type\": \"SystemAssigned\",\n   \"principalId\":\"00000000-0000-0000-0000-000000000001\",\n
        \  \"tenantId\": \"72f988bf-86f1-41af-91ab-2d7cd011db47\"\n  },\n  \"sku\":
        {\n   \"name\": \"Basic\",\n   \"tier\": \"Free\"\n  }\n }"
    headers:
      azure-asyncoperation:
      - https://management.azure.com/subscriptions/00000000-0000-0000-0000-000000000000/providers/Microsoft.ContainerService/locations/westus2/operations/3d2a75d4-c440-4ab2-b3d9-bdef8302c496?api-version=2016-03-30
      cache-control:
      - no-cache
      content-length:
      - '3593'
      content-type:
      - application/json
      date:
      - Mon, 17 Oct 2022 08:38:08 GMT
      expires:
      - '-1'
      pragma:
      - no-cache
      server:
      - nginx
      strict-transport-security:
      - max-age=31536000; includeSubDomains
      x-content-type-options:
      - nosniff
      x-ms-ratelimit-remaining-subscription-writes:
      - '1195'
    status:
      code: 201
      message: Created
- request:
    body: null
    headers:
      Accept:
      - '*/*'
      Accept-Encoding:
      - gzip, deflate
      CommandName:
      - aks create
      Connection:
      - keep-alive
      ParameterSetName:
      - --resource-group --name --kube-proxy-config --aks-custom-headers --ssh-key-value
        --enable-managed-identity --yes -o
      User-Agent:
      - AZURECLI/2.41.0 azsdk-python-azure-mgmt-containerservice/20.4.0b Python/3.8.10
        (Linux-5.15.0-1020-azure-x86_64-with-glibc2.29)
    method: GET
    uri: https://management.azure.com/subscriptions/00000000-0000-0000-0000-000000000000/providers/Microsoft.ContainerService/locations/westus2/operations/3d2a75d4-c440-4ab2-b3d9-bdef8302c496?api-version=2016-03-30
  response:
    body:
      string: "{\n  \"name\": \"d4752a3d-40c4-b24a-b3d9-bdef8302c496\",\n  \"status\":
        \"InProgress\",\n  \"startTime\": \"2022-10-17T08:38:09.6078981Z\"\n }"
    headers:
      cache-control:
      - no-cache
      content-length:
      - '126'
      content-type:
      - application/json
      date:
      - Mon, 17 Oct 2022 08:38:38 GMT
      expires:
      - '-1'
      pragma:
      - no-cache
      server:
      - nginx
      strict-transport-security:
      - max-age=31536000; includeSubDomains
      transfer-encoding:
      - chunked
      vary:
      - Accept-Encoding
      x-content-type-options:
      - nosniff
    status:
      code: 200
      message: OK
- request:
    body: null
    headers:
      Accept:
      - '*/*'
      Accept-Encoding:
      - gzip, deflate
      CommandName:
      - aks create
      Connection:
      - keep-alive
      ParameterSetName:
      - --resource-group --name --kube-proxy-config --aks-custom-headers --ssh-key-value
        --enable-managed-identity --yes -o
      User-Agent:
      - AZURECLI/2.41.0 azsdk-python-azure-mgmt-containerservice/20.4.0b Python/3.8.10
        (Linux-5.15.0-1020-azure-x86_64-with-glibc2.29)
    method: GET
    uri: https://management.azure.com/subscriptions/00000000-0000-0000-0000-000000000000/providers/Microsoft.ContainerService/locations/westus2/operations/3d2a75d4-c440-4ab2-b3d9-bdef8302c496?api-version=2016-03-30
  response:
    body:
      string: "{\n  \"name\": \"d4752a3d-40c4-b24a-b3d9-bdef8302c496\",\n  \"status\":
        \"InProgress\",\n  \"startTime\": \"2022-10-17T08:38:09.6078981Z\"\n }"
    headers:
      cache-control:
      - no-cache
      content-length:
      - '126'
      content-type:
      - application/json
      date:
      - Mon, 17 Oct 2022 08:39:09 GMT
      expires:
      - '-1'
      pragma:
      - no-cache
      server:
      - nginx
      strict-transport-security:
      - max-age=31536000; includeSubDomains
      transfer-encoding:
      - chunked
      vary:
      - Accept-Encoding
      x-content-type-options:
      - nosniff
    status:
      code: 200
      message: OK
- request:
    body: null
    headers:
      Accept:
      - '*/*'
      Accept-Encoding:
      - gzip, deflate
      CommandName:
      - aks create
      Connection:
      - keep-alive
      ParameterSetName:
      - --resource-group --name --kube-proxy-config --aks-custom-headers --ssh-key-value
        --enable-managed-identity --yes -o
      User-Agent:
      - AZURECLI/2.41.0 azsdk-python-azure-mgmt-containerservice/20.4.0b Python/3.8.10
        (Linux-5.15.0-1020-azure-x86_64-with-glibc2.29)
    method: GET
    uri: https://management.azure.com/subscriptions/00000000-0000-0000-0000-000000000000/providers/Microsoft.ContainerService/locations/westus2/operations/3d2a75d4-c440-4ab2-b3d9-bdef8302c496?api-version=2016-03-30
  response:
    body:
      string: "{\n  \"name\": \"d4752a3d-40c4-b24a-b3d9-bdef8302c496\",\n  \"status\":
        \"InProgress\",\n  \"startTime\": \"2022-10-17T08:38:09.6078981Z\"\n }"
    headers:
      cache-control:
      - no-cache
      content-length:
      - '126'
      content-type:
      - application/json
      date:
      - Mon, 17 Oct 2022 08:39:39 GMT
      expires:
      - '-1'
      pragma:
      - no-cache
      server:
      - nginx
      strict-transport-security:
      - max-age=31536000; includeSubDomains
      transfer-encoding:
      - chunked
      vary:
      - Accept-Encoding
      x-content-type-options:
      - nosniff
    status:
      code: 200
      message: OK
- request:
    body: null
    headers:
      Accept:
      - '*/*'
      Accept-Encoding:
      - gzip, deflate
      CommandName:
      - aks create
      Connection:
      - keep-alive
      ParameterSetName:
      - --resource-group --name --kube-proxy-config --aks-custom-headers --ssh-key-value
        --enable-managed-identity --yes -o
      User-Agent:
      - AZURECLI/2.41.0 azsdk-python-azure-mgmt-containerservice/20.4.0b Python/3.8.10
        (Linux-5.15.0-1020-azure-x86_64-with-glibc2.29)
    method: GET
    uri: https://management.azure.com/subscriptions/00000000-0000-0000-0000-000000000000/providers/Microsoft.ContainerService/locations/westus2/operations/3d2a75d4-c440-4ab2-b3d9-bdef8302c496?api-version=2016-03-30
  response:
    body:
      string: "{\n  \"name\": \"d4752a3d-40c4-b24a-b3d9-bdef8302c496\",\n  \"status\":
        \"InProgress\",\n  \"startTime\": \"2022-10-17T08:38:09.6078981Z\"\n }"
    headers:
      cache-control:
      - no-cache
      content-length:
      - '126'
      content-type:
      - application/json
      date:
      - Mon, 17 Oct 2022 08:40:09 GMT
      expires:
      - '-1'
      pragma:
      - no-cache
      server:
      - nginx
      strict-transport-security:
      - max-age=31536000; includeSubDomains
      transfer-encoding:
      - chunked
      vary:
      - Accept-Encoding
      x-content-type-options:
      - nosniff
    status:
      code: 200
      message: OK
- request:
    body: null
    headers:
      Accept:
      - '*/*'
      Accept-Encoding:
      - gzip, deflate
      CommandName:
      - aks create
      Connection:
      - keep-alive
      ParameterSetName:
      - --resource-group --name --kube-proxy-config --aks-custom-headers --ssh-key-value
        --enable-managed-identity --yes -o
      User-Agent:
      - AZURECLI/2.41.0 azsdk-python-azure-mgmt-containerservice/20.4.0b Python/3.8.10
        (Linux-5.15.0-1020-azure-x86_64-with-glibc2.29)
    method: GET
    uri: https://management.azure.com/subscriptions/00000000-0000-0000-0000-000000000000/providers/Microsoft.ContainerService/locations/westus2/operations/3d2a75d4-c440-4ab2-b3d9-bdef8302c496?api-version=2016-03-30
  response:
    body:
      string: "{\n  \"name\": \"d4752a3d-40c4-b24a-b3d9-bdef8302c496\",\n  \"status\":
        \"InProgress\",\n  \"startTime\": \"2022-10-17T08:38:09.6078981Z\"\n }"
    headers:
      cache-control:
      - no-cache
      content-length:
      - '126'
      content-type:
      - application/json
      date:
      - Mon, 17 Oct 2022 08:40:39 GMT
      expires:
      - '-1'
      pragma:
      - no-cache
      server:
      - nginx
      strict-transport-security:
      - max-age=31536000; includeSubDomains
      transfer-encoding:
      - chunked
      vary:
      - Accept-Encoding
      x-content-type-options:
      - nosniff
    status:
      code: 200
      message: OK
- request:
    body: null
    headers:
      Accept:
      - '*/*'
      Accept-Encoding:
      - gzip, deflate
      CommandName:
      - aks create
      Connection:
      - keep-alive
      ParameterSetName:
      - --resource-group --name --kube-proxy-config --aks-custom-headers --ssh-key-value
        --enable-managed-identity --yes -o
      User-Agent:
      - AZURECLI/2.41.0 azsdk-python-azure-mgmt-containerservice/20.4.0b Python/3.8.10
        (Linux-5.15.0-1020-azure-x86_64-with-glibc2.29)
    method: GET
    uri: https://management.azure.com/subscriptions/00000000-0000-0000-0000-000000000000/providers/Microsoft.ContainerService/locations/westus2/operations/3d2a75d4-c440-4ab2-b3d9-bdef8302c496?api-version=2016-03-30
  response:
    body:
      string: "{\n  \"name\": \"d4752a3d-40c4-b24a-b3d9-bdef8302c496\",\n  \"status\":
        \"InProgress\",\n  \"startTime\": \"2022-10-17T08:38:09.6078981Z\"\n }"
    headers:
      cache-control:
      - no-cache
      content-length:
      - '126'
      content-type:
      - application/json
      date:
      - Mon, 17 Oct 2022 08:41:09 GMT
      expires:
      - '-1'
      pragma:
      - no-cache
      server:
      - nginx
      strict-transport-security:
      - max-age=31536000; includeSubDomains
      transfer-encoding:
      - chunked
      vary:
      - Accept-Encoding
      x-content-type-options:
      - nosniff
    status:
      code: 200
      message: OK
- request:
    body: null
    headers:
      Accept:
      - '*/*'
      Accept-Encoding:
      - gzip, deflate
      CommandName:
      - aks create
      Connection:
      - keep-alive
      ParameterSetName:
      - --resource-group --name --kube-proxy-config --aks-custom-headers --ssh-key-value
        --enable-managed-identity --yes -o
      User-Agent:
      - AZURECLI/2.41.0 azsdk-python-azure-mgmt-containerservice/20.4.0b Python/3.8.10
        (Linux-5.15.0-1020-azure-x86_64-with-glibc2.29)
    method: GET
    uri: https://management.azure.com/subscriptions/00000000-0000-0000-0000-000000000000/providers/Microsoft.ContainerService/locations/westus2/operations/3d2a75d4-c440-4ab2-b3d9-bdef8302c496?api-version=2016-03-30
  response:
    body:
      string: "{\n  \"name\": \"d4752a3d-40c4-b24a-b3d9-bdef8302c496\",\n  \"status\":
        \"InProgress\",\n  \"startTime\": \"2022-10-17T08:38:09.6078981Z\"\n }"
    headers:
      cache-control:
      - no-cache
      content-length:
      - '126'
      content-type:
      - application/json
      date:
      - Mon, 17 Oct 2022 08:41:39 GMT
      expires:
      - '-1'
      pragma:
      - no-cache
      server:
      - nginx
      strict-transport-security:
      - max-age=31536000; includeSubDomains
      transfer-encoding:
      - chunked
      vary:
      - Accept-Encoding
      x-content-type-options:
      - nosniff
    status:
      code: 200
      message: OK
- request:
    body: null
    headers:
      Accept:
      - '*/*'
      Accept-Encoding:
      - gzip, deflate
      CommandName:
      - aks create
      Connection:
      - keep-alive
      ParameterSetName:
      - --resource-group --name --kube-proxy-config --aks-custom-headers --ssh-key-value
        --enable-managed-identity --yes -o
      User-Agent:
      - AZURECLI/2.41.0 azsdk-python-azure-mgmt-containerservice/20.4.0b Python/3.8.10
        (Linux-5.15.0-1020-azure-x86_64-with-glibc2.29)
    method: GET
    uri: https://management.azure.com/subscriptions/00000000-0000-0000-0000-000000000000/providers/Microsoft.ContainerService/locations/westus2/operations/3d2a75d4-c440-4ab2-b3d9-bdef8302c496?api-version=2016-03-30
  response:
    body:
      string: "{\n  \"name\": \"d4752a3d-40c4-b24a-b3d9-bdef8302c496\",\n  \"status\":
        \"InProgress\",\n  \"startTime\": \"2022-10-17T08:38:09.6078981Z\"\n }"
    headers:
      cache-control:
      - no-cache
      content-length:
      - '126'
      content-type:
      - application/json
      date:
      - Mon, 17 Oct 2022 08:42:09 GMT
      expires:
      - '-1'
      pragma:
      - no-cache
      server:
      - nginx
      strict-transport-security:
      - max-age=31536000; includeSubDomains
      transfer-encoding:
      - chunked
      vary:
      - Accept-Encoding
      x-content-type-options:
      - nosniff
    status:
      code: 200
      message: OK
- request:
    body: null
    headers:
      Accept:
      - '*/*'
      Accept-Encoding:
      - gzip, deflate
      CommandName:
      - aks create
      Connection:
      - keep-alive
      ParameterSetName:
      - --resource-group --name --kube-proxy-config --aks-custom-headers --ssh-key-value
        --enable-managed-identity --yes -o
      User-Agent:
      - AZURECLI/2.41.0 azsdk-python-azure-mgmt-containerservice/20.4.0b Python/3.8.10
        (Linux-5.15.0-1020-azure-x86_64-with-glibc2.29)
    method: GET
    uri: https://management.azure.com/subscriptions/00000000-0000-0000-0000-000000000000/providers/Microsoft.ContainerService/locations/westus2/operations/3d2a75d4-c440-4ab2-b3d9-bdef8302c496?api-version=2016-03-30
  response:
    body:
      string: "{\n  \"name\": \"d4752a3d-40c4-b24a-b3d9-bdef8302c496\",\n  \"status\":
        \"InProgress\",\n  \"startTime\": \"2022-10-17T08:38:09.6078981Z\"\n }"
    headers:
      cache-control:
      - no-cache
      content-length:
      - '126'
      content-type:
      - application/json
      date:
      - Mon, 17 Oct 2022 08:42:40 GMT
      expires:
      - '-1'
      pragma:
      - no-cache
      server:
      - nginx
      strict-transport-security:
      - max-age=31536000; includeSubDomains
      transfer-encoding:
      - chunked
      vary:
      - Accept-Encoding
      x-content-type-options:
      - nosniff
    status:
      code: 200
      message: OK
- request:
    body: null
    headers:
      Accept:
      - '*/*'
      Accept-Encoding:
      - gzip, deflate
      CommandName:
      - aks create
      Connection:
      - keep-alive
      ParameterSetName:
      - --resource-group --name --kube-proxy-config --aks-custom-headers --ssh-key-value
        --enable-managed-identity --yes -o
      User-Agent:
      - AZURECLI/2.41.0 azsdk-python-azure-mgmt-containerservice/20.4.0b Python/3.8.10
        (Linux-5.15.0-1020-azure-x86_64-with-glibc2.29)
    method: GET
    uri: https://management.azure.com/subscriptions/00000000-0000-0000-0000-000000000000/providers/Microsoft.ContainerService/locations/westus2/operations/3d2a75d4-c440-4ab2-b3d9-bdef8302c496?api-version=2016-03-30
  response:
    body:
      string: "{\n  \"name\": \"d4752a3d-40c4-b24a-b3d9-bdef8302c496\",\n  \"status\":
        \"InProgress\",\n  \"startTime\": \"2022-10-17T08:38:09.6078981Z\"\n }"
    headers:
      cache-control:
      - no-cache
      content-length:
      - '126'
      content-type:
      - application/json
      date:
      - Mon, 17 Oct 2022 08:43:10 GMT
      expires:
      - '-1'
      pragma:
      - no-cache
      server:
      - nginx
      strict-transport-security:
      - max-age=31536000; includeSubDomains
      transfer-encoding:
      - chunked
      vary:
      - Accept-Encoding
      x-content-type-options:
      - nosniff
    status:
      code: 200
      message: OK
- request:
    body: null
    headers:
      Accept:
      - '*/*'
      Accept-Encoding:
      - gzip, deflate
      CommandName:
      - aks create
      Connection:
      - keep-alive
      ParameterSetName:
      - --resource-group --name --kube-proxy-config --aks-custom-headers --ssh-key-value
        --enable-managed-identity --yes -o
      User-Agent:
      - AZURECLI/2.41.0 azsdk-python-azure-mgmt-containerservice/20.4.0b Python/3.8.10
        (Linux-5.15.0-1020-azure-x86_64-with-glibc2.29)
    method: GET
    uri: https://management.azure.com/subscriptions/00000000-0000-0000-0000-000000000000/providers/Microsoft.ContainerService/locations/westus2/operations/3d2a75d4-c440-4ab2-b3d9-bdef8302c496?api-version=2016-03-30
  response:
    body:
      string: "{\n  \"name\": \"d4752a3d-40c4-b24a-b3d9-bdef8302c496\",\n  \"status\":
        \"InProgress\",\n  \"startTime\": \"2022-10-17T08:38:09.6078981Z\"\n }"
    headers:
      cache-control:
      - no-cache
      content-length:
      - '126'
      content-type:
      - application/json
      date:
      - Mon, 17 Oct 2022 08:43:40 GMT
      expires:
      - '-1'
      pragma:
      - no-cache
      server:
      - nginx
      strict-transport-security:
      - max-age=31536000; includeSubDomains
      transfer-encoding:
      - chunked
      vary:
      - Accept-Encoding
      x-content-type-options:
      - nosniff
    status:
      code: 200
      message: OK
- request:
    body: null
    headers:
      Accept:
      - '*/*'
      Accept-Encoding:
      - gzip, deflate
      CommandName:
      - aks create
      Connection:
      - keep-alive
      ParameterSetName:
      - --resource-group --name --kube-proxy-config --aks-custom-headers --ssh-key-value
        --enable-managed-identity --yes -o
      User-Agent:
      - AZURECLI/2.41.0 azsdk-python-azure-mgmt-containerservice/20.4.0b Python/3.8.10
        (Linux-5.15.0-1020-azure-x86_64-with-glibc2.29)
    method: GET
    uri: https://management.azure.com/subscriptions/00000000-0000-0000-0000-000000000000/providers/Microsoft.ContainerService/locations/westus2/operations/3d2a75d4-c440-4ab2-b3d9-bdef8302c496?api-version=2016-03-30
  response:
    body:
      string: "{\n  \"name\": \"d4752a3d-40c4-b24a-b3d9-bdef8302c496\",\n  \"status\":
        \"InProgress\",\n  \"startTime\": \"2022-10-17T08:38:09.6078981Z\"\n }"
    headers:
      cache-control:
      - no-cache
      content-length:
      - '126'
      content-type:
      - application/json
      date:
      - Mon, 17 Oct 2022 08:44:10 GMT
      expires:
      - '-1'
      pragma:
      - no-cache
      server:
      - nginx
      strict-transport-security:
      - max-age=31536000; includeSubDomains
      transfer-encoding:
      - chunked
      vary:
      - Accept-Encoding
      x-content-type-options:
      - nosniff
    status:
      code: 200
      message: OK
- request:
    body: null
    headers:
      Accept:
      - '*/*'
      Accept-Encoding:
      - gzip, deflate
      CommandName:
      - aks create
      Connection:
      - keep-alive
      ParameterSetName:
      - --resource-group --name --kube-proxy-config --aks-custom-headers --ssh-key-value
        --enable-managed-identity --yes -o
      User-Agent:
      - AZURECLI/2.41.0 azsdk-python-azure-mgmt-containerservice/20.4.0b Python/3.8.10
        (Linux-5.15.0-1020-azure-x86_64-with-glibc2.29)
    method: GET
    uri: https://management.azure.com/subscriptions/00000000-0000-0000-0000-000000000000/providers/Microsoft.ContainerService/locations/westus2/operations/3d2a75d4-c440-4ab2-b3d9-bdef8302c496?api-version=2016-03-30
  response:
    body:
      string: "{\n  \"name\": \"d4752a3d-40c4-b24a-b3d9-bdef8302c496\",\n  \"status\":
        \"InProgress\",\n  \"startTime\": \"2022-10-17T08:38:09.6078981Z\"\n }"
    headers:
      cache-control:
      - no-cache
      content-length:
      - '126'
      content-type:
      - application/json
      date:
      - Mon, 17 Oct 2022 08:44:40 GMT
      expires:
      - '-1'
      pragma:
      - no-cache
      server:
      - nginx
      strict-transport-security:
      - max-age=31536000; includeSubDomains
      transfer-encoding:
      - chunked
      vary:
      - Accept-Encoding
      x-content-type-options:
      - nosniff
    status:
      code: 200
      message: OK
- request:
    body: null
    headers:
      Accept:
      - '*/*'
      Accept-Encoding:
      - gzip, deflate
      CommandName:
      - aks create
      Connection:
      - keep-alive
      ParameterSetName:
      - --resource-group --name --kube-proxy-config --aks-custom-headers --ssh-key-value
        --enable-managed-identity --yes -o
      User-Agent:
      - AZURECLI/2.41.0 azsdk-python-azure-mgmt-containerservice/20.4.0b Python/3.8.10
        (Linux-5.15.0-1020-azure-x86_64-with-glibc2.29)
    method: GET
    uri: https://management.azure.com/subscriptions/00000000-0000-0000-0000-000000000000/providers/Microsoft.ContainerService/locations/westus2/operations/3d2a75d4-c440-4ab2-b3d9-bdef8302c496?api-version=2016-03-30
  response:
    body:
      string: "{\n  \"name\": \"d4752a3d-40c4-b24a-b3d9-bdef8302c496\",\n  \"status\":
        \"InProgress\",\n  \"startTime\": \"2022-10-17T08:38:09.6078981Z\"\n }"
    headers:
      cache-control:
      - no-cache
      content-length:
      - '126'
      content-type:
      - application/json
      date:
      - Mon, 17 Oct 2022 08:45:10 GMT
      expires:
      - '-1'
      pragma:
      - no-cache
      server:
      - nginx
      strict-transport-security:
      - max-age=31536000; includeSubDomains
      transfer-encoding:
      - chunked
      vary:
      - Accept-Encoding
      x-content-type-options:
      - nosniff
    status:
      code: 200
      message: OK
- request:
    body: null
    headers:
      Accept:
      - '*/*'
      Accept-Encoding:
      - gzip, deflate
      CommandName:
      - aks create
      Connection:
      - keep-alive
      ParameterSetName:
      - --resource-group --name --kube-proxy-config --aks-custom-headers --ssh-key-value
        --enable-managed-identity --yes -o
      User-Agent:
      - AZURECLI/2.41.0 azsdk-python-azure-mgmt-containerservice/20.4.0b Python/3.8.10
        (Linux-5.15.0-1020-azure-x86_64-with-glibc2.29)
    method: GET
    uri: https://management.azure.com/subscriptions/00000000-0000-0000-0000-000000000000/providers/Microsoft.ContainerService/locations/westus2/operations/3d2a75d4-c440-4ab2-b3d9-bdef8302c496?api-version=2016-03-30
  response:
    body:
      string: "{\n  \"name\": \"d4752a3d-40c4-b24a-b3d9-bdef8302c496\",\n  \"status\":
        \"InProgress\",\n  \"startTime\": \"2022-10-17T08:38:09.6078981Z\"\n }"
    headers:
      cache-control:
      - no-cache
      content-length:
      - '126'
      content-type:
      - application/json
      date:
      - Mon, 17 Oct 2022 08:45:40 GMT
      expires:
      - '-1'
      pragma:
      - no-cache
      server:
      - nginx
      strict-transport-security:
      - max-age=31536000; includeSubDomains
      transfer-encoding:
      - chunked
      vary:
      - Accept-Encoding
      x-content-type-options:
      - nosniff
    status:
      code: 200
      message: OK
- request:
    body: null
    headers:
      Accept:
      - '*/*'
      Accept-Encoding:
      - gzip, deflate
      CommandName:
      - aks create
      Connection:
      - keep-alive
      ParameterSetName:
      - --resource-group --name --kube-proxy-config --aks-custom-headers --ssh-key-value
        --enable-managed-identity --yes -o
      User-Agent:
      - AZURECLI/2.41.0 azsdk-python-azure-mgmt-containerservice/20.4.0b Python/3.8.10
        (Linux-5.15.0-1020-azure-x86_64-with-glibc2.29)
    method: GET
    uri: https://management.azure.com/subscriptions/00000000-0000-0000-0000-000000000000/providers/Microsoft.ContainerService/locations/westus2/operations/3d2a75d4-c440-4ab2-b3d9-bdef8302c496?api-version=2016-03-30
  response:
    body:
      string: "{\n  \"name\": \"d4752a3d-40c4-b24a-b3d9-bdef8302c496\",\n  \"status\":
        \"InProgress\",\n  \"startTime\": \"2022-10-17T08:38:09.6078981Z\"\n }"
    headers:
      cache-control:
      - no-cache
      content-length:
      - '126'
      content-type:
      - application/json
      date:
      - Mon, 17 Oct 2022 08:46:11 GMT
      expires:
      - '-1'
      pragma:
      - no-cache
      server:
      - nginx
      strict-transport-security:
      - max-age=31536000; includeSubDomains
      transfer-encoding:
      - chunked
      vary:
      - Accept-Encoding
      x-content-type-options:
      - nosniff
    status:
      code: 200
      message: OK
- request:
    body: null
    headers:
      Accept:
      - '*/*'
      Accept-Encoding:
      - gzip, deflate
      CommandName:
      - aks create
      Connection:
      - keep-alive
      ParameterSetName:
      - --resource-group --name --kube-proxy-config --aks-custom-headers --ssh-key-value
        --enable-managed-identity --yes -o
      User-Agent:
      - AZURECLI/2.41.0 azsdk-python-azure-mgmt-containerservice/20.4.0b Python/3.8.10
        (Linux-5.15.0-1020-azure-x86_64-with-glibc2.29)
    method: GET
    uri: https://management.azure.com/subscriptions/00000000-0000-0000-0000-000000000000/providers/Microsoft.ContainerService/locations/westus2/operations/3d2a75d4-c440-4ab2-b3d9-bdef8302c496?api-version=2016-03-30
  response:
    body:
      string: "{\n  \"name\": \"d4752a3d-40c4-b24a-b3d9-bdef8302c496\",\n  \"status\":
        \"Succeeded\",\n  \"startTime\": \"2022-10-17T08:38:09.6078981Z\",\n  \"endTime\":
        \"2022-10-17T08:46:16.0814531Z\"\n }"
    headers:
      cache-control:
      - no-cache
      content-length:
      - '170'
      content-type:
      - application/json
      date:
      - Mon, 17 Oct 2022 08:46:41 GMT
      expires:
      - '-1'
      pragma:
      - no-cache
      server:
      - nginx
      strict-transport-security:
      - max-age=31536000; includeSubDomains
      transfer-encoding:
      - chunked
      vary:
      - Accept-Encoding
      x-content-type-options:
      - nosniff
    status:
      code: 200
      message: OK
- request:
    body: null
    headers:
      Accept:
      - '*/*'
      Accept-Encoding:
      - gzip, deflate
      CommandName:
      - aks create
      Connection:
      - keep-alive
      ParameterSetName:
      - --resource-group --name --kube-proxy-config --aks-custom-headers --ssh-key-value
        --enable-managed-identity --yes -o
      User-Agent:
      - AZURECLI/2.41.0 azsdk-python-azure-mgmt-containerservice/20.4.0b Python/3.8.10
        (Linux-5.15.0-1020-azure-x86_64-with-glibc2.29)
    method: GET
    uri: https://management.azure.com/subscriptions/00000000-0000-0000-0000-000000000000/resourceGroups/clitest000001/providers/Microsoft.ContainerService/managedClusters/cliakstest000002?api-version=2022-09-02-preview
  response:
    body:
      string: "{\n  \"id\": \"/subscriptions/00000000-0000-0000-0000-000000000000/resourcegroups/clitest000001/providers/Microsoft.ContainerService/managedClusters/cliakstest000002\",\n
        \ \"location\": \"westus2\",\n  \"name\": \"cliakstest000002\",\n  \"type\":
        \"Microsoft.ContainerService/ManagedClusters\",\n  \"properties\": {\n   \"provisioningState\":
        \"Succeeded\",\n   \"powerState\": {\n    \"code\": \"Running\"\n   },\n   \"kubernetesVersion\":
        \"1.23.12\",\n   \"currentKubernetesVersion\": \"1.23.12\",\n   \"dnsPrefix\":
        \"cliakstest-clitesttvtgw3y36-79a739\",\n   \"fqdn\": \"cliakstest-clitesttvtgw3y36-79a739-9e63a064.hcp.westus2.azmk8s.io\",\n
        \  \"azurePortalFQDN\": \"cliakstest-clitesttvtgw3y36-79a739-9e63a064.portal.hcp.westus2.azmk8s.io\",\n
        \  \"agentPoolProfiles\": [\n    {\n     \"name\": \"nodepool1\",\n     \"count\":
        3,\n     \"vmSize\": \"Standard_DS2_v2\",\n     \"osDiskSizeGB\": 128,\n     \"osDiskType\":
        \"Managed\",\n     \"kubeletDiskType\": \"OS\",\n     \"workloadRuntime\":
        \"OCIContainer\",\n     \"maxPods\": 110,\n     \"type\": \"VirtualMachineScaleSets\",\n
        \    \"enableAutoScaling\": false,\n     \"provisioningState\": \"Succeeded\",\n
        \    \"powerState\": {\n      \"code\": \"Running\"\n     },\n     \"orchestratorVersion\":
        \"1.23.12\",\n     \"currentOrchestratorVersion\": \"1.23.12\",\n     \"enableNodePublicIP\":
        false,\n     \"enableCustomCATrust\": false,\n     \"mode\": \"System\",\n
        \    \"enableEncryptionAtHost\": false,\n     \"enableUltraSSD\": false,\n
        \    \"osType\": \"Linux\",\n     \"osSKU\": \"Ubuntu\",\n     \"nodeImageVersion\":
        \"AKSUbuntu-1804gen2containerd-2022.10.03\",\n     \"upgradeSettings\": {},\n
        \    \"enableFIPS\": false\n    }\n   ],\n   \"linuxProfile\": {\n    \"adminUsername\":
        \"azureuser\",\n    \"ssh\": {\n     \"publicKeys\": [\n      {\n       \"keyData\":
        \"ssh-rsa AAAAB3NzaC1yc2EAAAADAQABAAABAQDQ3QQF3b2JCZJxJtpKp/iJsnQUOhUoiLakn7cbilqism736bFvQMIDeYG2FaGm/Sh0dd3Kv7x/bqBJU30PBfID1RLNmmnIB9Pu/BpbI8nTEiOngwsCmMkKRPa7GWaolB29Jed8T8afwc+/i8frQSPOaKsE2DfOCbFnFn2EI3R8qnK7QjpaN6TSa26oADcF4g920wfInyLqf1NZIC+6AOe3Wbv+/PXtc+mcI1WgfjLB1I5OQfzRvyouexaqpIH7WQaHjF6K6bLvDO4LftA0clzbG5emqNwcaB/dM2ePeLxx8LzkXcPwoJwy8Sikxbrj4L+G40o5X+ddG8i5FmrdOEUJ
        azcli_aks_live_test@example.com\\n\"\n      }\n     ]\n    }\n   },\n   \"servicePrincipalProfile\":
        {\n    \"clientId\":\"00000000-0000-0000-0000-000000000001\"\n   },\n   \"nodeResourceGroup\":
        \"MC_clitest000001_cliakstest000002_westus2\",\n   \"enableRBAC\": true,\n
        \  \"enablePodSecurityPolicy\": false,\n   \"networkProfile\": {\n    \"networkPlugin\":
        \"kubenet\",\n    \"loadBalancerSku\": \"Standard\",\n    \"loadBalancerProfile\":
        {\n     \"managedOutboundIPs\": {\n      \"count\": 1\n     },\n     \"effectiveOutboundIPs\":
        [\n      {\n       \"id\": \"/subscriptions/00000000-0000-0000-0000-000000000000/resourceGroups/MC_clitest000001_cliakstest000002_westus2/providers/Microsoft.Network/publicIPAddresses/309a8be1-29ba-4d4b-8b8b-c0943158ac97\"\n
        \     }\n     ],\n     \"backendPoolType\": \"nodeIPConfiguration\"\n    },\n
        \   \"podCidr\": \"10.244.0.0/16\",\n    \"serviceCidr\": \"10.0.0.0/16\",\n
        \   \"dnsServiceIP\": \"10.0.0.10\",\n    \"dockerBridgeCidr\": \"172.17.0.1/16\",\n
        \   \"outboundType\": \"loadBalancer\",\n    \"podCidrs\": [\n     \"10.244.0.0/16\"\n
        \   ],\n    \"serviceCidrs\": [\n     \"10.0.0.0/16\"\n    ],\n    \"ipFamilies\":
        [\n     \"IPv4\"\n    ],\n    \"kubeProxyConfig\": {\n     \"enabled\": true,\n
        \    \"mode\": \"IPVS\",\n     \"ipvsConfig\": {\n      \"scheduler\": \"LeastConnection\"\n
        \    }\n    }\n   },\n   \"maxAgentPools\": 100,\n   \"identityProfile\":
        {\n    \"kubeletidentity\": {\n     \"resourceId\": \"/subscriptions/00000000-0000-0000-0000-000000000000/resourcegroups/MC_clitest000001_cliakstest000002_westus2/providers/Microsoft.ManagedIdentity/userAssignedIdentities/cliakstest000002-agentpool\",\n
        \    \"clientId\":\"00000000-0000-0000-0000-000000000001\",\n     \"objectId\":\"00000000-0000-0000-0000-000000000001\"\n
        \   }\n   },\n   \"disableLocalAccounts\": false,\n   \"securityProfile\":
        {},\n   \"storageProfile\": {\n    \"diskCSIDriver\": {\n     \"enabled\":
        true,\n     \"version\": \"v1\"\n    },\n    \"fileCSIDriver\": {\n     \"enabled\":
        true\n    },\n    \"snapshotController\": {\n     \"enabled\": true\n    }\n
        \  },\n   \"oidcIssuerProfile\": {\n    \"enabled\": false\n   },\n   \"workloadAutoScalerProfile\":
        {}\n  },\n  \"identity\": {\n   \"type\": \"SystemAssigned\",\n   \"principalId\":\"00000000-0000-0000-0000-000000000001\",\n
        \  \"tenantId\": \"72f988bf-86f1-41af-91ab-2d7cd011db47\"\n  },\n  \"sku\":
        {\n   \"name\": \"Basic\",\n   \"tier\": \"Free\"\n  }\n }"
    headers:
      cache-control:
      - no-cache
      content-length:
      - '4246'
      content-type:
      - application/json
      date:
      - Mon, 17 Oct 2022 08:46:41 GMT
      expires:
      - '-1'
      pragma:
      - no-cache
      server:
      - nginx
      strict-transport-security:
      - max-age=31536000; includeSubDomains
      transfer-encoding:
      - chunked
      vary:
      - Accept-Encoding
      x-content-type-options:
      - nosniff
    status:
      code: 200
      message: OK
- request:
    body: null
    headers:
      Accept:
      - application/json
      Accept-Encoding:
      - gzip, deflate
      CommandName:
      - aks delete
      Connection:
      - keep-alive
      Content-Length:
      - '0'
      ParameterSetName:
      - -g -n --yes --no-wait
      User-Agent:
      - AZURECLI/2.41.0 azsdk-python-azure-mgmt-containerservice/20.4.0b Python/3.8.10
        (Linux-5.15.0-1020-azure-x86_64-with-glibc2.29)
    method: DELETE
    uri: https://management.azure.com/subscriptions/00000000-0000-0000-0000-000000000000/resourceGroups/clitest000001/providers/Microsoft.ContainerService/managedClusters/cliakstest000002?api-version=2022-09-02-preview
  response:
    body:
      string: ''
    headers:
      azure-asyncoperation:
      - https://management.azure.com/subscriptions/00000000-0000-0000-0000-000000000000/providers/Microsoft.ContainerService/locations/westus2/operations/69915038-6170-478f-b5eb-e7d5de940c79?api-version=2016-03-30
      cache-control:
      - no-cache
      content-length:
      - '0'
      date:
      - Mon, 17 Oct 2022 08:46:42 GMT
      expires:
      - '-1'
      location:
      - https://management.azure.com/subscriptions/00000000-0000-0000-0000-000000000000/providers/Microsoft.ContainerService/locations/westus2/operationresults/69915038-6170-478f-b5eb-e7d5de940c79?api-version=2016-03-30
      pragma:
      - no-cache
      server:
      - nginx
      strict-transport-security:
      - max-age=31536000; includeSubDomains
      x-content-type-options:
      - nosniff
      x-ms-ratelimit-remaining-subscription-deletes:
      - '14992'
    status:
      code: 202
      message: Accepted
version: 1
