interactions:
- request:
    body: null
    headers:
      Accept:
      - application/json
      Accept-Encoding:
      - gzip, deflate
      CommandName:
      - aks create
      Connection:
      - keep-alive
      ParameterSetName:
      - --resource-group --name --vm-set-type -c --enable-aad --aad-admin-group-object-ids
        --ssh-key-value -o
      User-Agent:
      - AZURECLI/2.35.0 azsdk-python-azure-mgmt-resource/20.0.0 Python/3.8.10 (Linux-5.13.0-1021-azure-x86_64-with-glibc2.29)
    method: GET
    uri: https://management.azure.com/subscriptions/00000000-0000-0000-0000-000000000000/resourcegroups/clitest000001?api-version=2021-04-01
  response:
    body:
      string: '{"id":"/subscriptions/00000000-0000-0000-0000-000000000000/resourceGroups/clitest000001","name":"clitest000001","type":"Microsoft.Resources/resourceGroups","location":"westus2","tags":{"product":"azurecli","cause":"automation","date":"2022-04-14T04:45:40Z"},"properties":{"provisioningState":"Succeeded"}}'
    headers:
      cache-control:
      - no-cache
      content-length:
      - '305'
      content-type:
      - application/json; charset=utf-8
      date:
      - Thu, 14 Apr 2022 04:45:40 GMT
      expires:
      - '-1'
      pragma:
      - no-cache
      strict-transport-security:
      - max-age=31536000; includeSubDomains
      vary:
      - Accept-Encoding
      x-content-type-options:
      - nosniff
    status:
      code: 200
      message: OK
- request:
    body: '{"location": "westus2", "identity": {"type": "SystemAssigned"}, "properties":
      {"kubernetesVersion": "", "dnsPrefix": "cliakstest-clitesty2vjyhcmh-8ecadf",
      "agentPoolProfiles": [{"count": 1, "vmSize": "Standard_DS2_v2", "workloadRuntime":
      "OCIContainer", "osType": "Linux", "enableAutoScaling": false, "type": "VirtualMachineScaleSets",
      "mode": "System", "enableNodePublicIP": false, "scaleSetPriority": "Regular",
      "scaleSetEvictionPolicy": "Delete", "spotMaxPrice": -1.0, "enableEncryptionAtHost":
      false, "enableUltraSSD": false, "enableFIPS": false, "name": "nodepool1"}],
      "linuxProfile": {"adminUsername": "azureuser", "ssh": {"publicKeys": [{"keyData":
      "ssh-rsa AAAAB3NzaC1yc2EAAAADAQABAAABAQDLdaun1GPmELROrLmG67+ItXDLcnRD7OCuaXCGdWFneMgqftElrhf0x0zlYjq1XzzDbHsgggcknCg2wwmaJYfqfbyicLixda+M2CxxVNu4ghKIaJ93xsimEgfD+hFdqogwKuB2C7tJr73sgFQhppae0OcbBCETCp3Sp0xmtozdpke0f0YOU8Xqf9J2nOv97+Ot8XOWjowLbQXQm63SrlGS+UkvxHX30UnJzLo6pVSYVVjL+Qu1a6qGMaMIyTSCRpm8aUaixl0xv71eHLH8LkWqDQFFB7Yp4+reIIJIArrdWb6t6zfZ8YKw+xNnafngbUboJUxRYP+lzeiRmVC3zN0L
      azcli_aks_live_test@example.com\n"}]}}, "addonProfiles": {}, "enableRBAC": true,
      "enablePodSecurityPolicy": false, "networkProfile": {"networkPlugin": "kubenet",
      "podCidr": "10.244.0.0/16", "serviceCidr": "10.0.0.0/16", "dnsServiceIP": "10.0.0.10",
      "dockerBridgeCidr": "172.17.0.1/16", "outboundType": "loadBalancer", "loadBalancerSku":
      "standard"}, "aadProfile": {"managed": true, "enableAzureRBAC": false, "adminGroupObjectIDs":
      ["00000000-0000-0000-0000-000000000001"]}, "disableLocalAccounts": false}}'
    headers:
      Accept:
      - application/json
      Accept-Encoding:
      - gzip, deflate
      CommandName:
      - aks create
      Connection:
      - keep-alive
      Content-Length:
      - '1543'
      Content-Type:
      - application/json
      ParameterSetName:
      - --resource-group --name --vm-set-type -c --enable-aad --aad-admin-group-object-ids
        --ssh-key-value -o
      User-Agent:
      - AZURECLI/2.35.0 azsdk-python-azure-mgmt-containerservice/18.0.0b Python/3.8.10
        (Linux-5.13.0-1021-azure-x86_64-with-glibc2.29)
    method: PUT
    uri: https://management.azure.com/subscriptions/00000000-0000-0000-0000-000000000000/resourceGroups/clitest000001/providers/Microsoft.ContainerService/managedClusters/cliakstest000002?api-version=2022-03-02-preview
  response:
    body:
      string: "{\n  \"id\": \"/subscriptions/00000000-0000-0000-0000-000000000000/resourcegroups/clitest000001/providers/Microsoft.ContainerService/managedClusters/cliakstest000002\",\n
        \ \"location\": \"westus2\",\n  \"name\": \"cliakstest000002\",\n  \"type\":
        \"Microsoft.ContainerService/ManagedClusters\",\n  \"properties\": {\n   \"provisioningState\":
        \"Creating\",\n   \"powerState\": {\n    \"code\": \"Running\"\n   },\n   \"kubernetesVersion\":
        \"1.21.9\",\n   \"currentKubernetesVersion\": \"1.21.9\",\n   \"dnsPrefix\":
        \"cliakstest-clitesty2vjyhcmh-8ecadf\",\n   \"fqdn\": \"cliakstest-clitesty2vjyhcmh-8ecadf-05c6eabf.hcp.westus2.azmk8s.io\",\n
        \  \"azurePortalFQDN\": \"cliakstest-clitesty2vjyhcmh-8ecadf-05c6eabf.portal.hcp.westus2.azmk8s.io\",\n
        \  \"agentPoolProfiles\": [\n    {\n     \"name\": \"nodepool1\",\n     \"count\":
        1,\n     \"vmSize\": \"Standard_DS2_v2\",\n     \"osDiskSizeGB\": 128,\n     \"osDiskType\":
        \"Managed\",\n     \"kubeletDiskType\": \"OS\",\n     \"workloadRuntime\":
        \"OCIContainer\",\n     \"maxPods\": 110,\n     \"type\": \"VirtualMachineScaleSets\",\n
        \    \"enableAutoScaling\": false,\n     \"provisioningState\": \"Creating\",\n
        \    \"powerState\": {\n      \"code\": \"Running\"\n     },\n     \"currentOrchestratorVersion\":
        \"1.21.9\",\n     \"enableNodePublicIP\": false,\n     \"mode\": \"System\",\n
        \    \"enableEncryptionAtHost\": false,\n     \"enableUltraSSD\": false,\n
        \    \"osType\": \"Linux\",\n     \"osSKU\": \"Ubuntu\",\n     \"nodeImageVersion\":
        \"AKSUbuntu-1804gen2containerd-2022.03.29\",\n     \"enableFIPS\": false\n
        \   }\n   ],\n   \"linuxProfile\": {\n    \"adminUsername\": \"azureuser\",\n
        \   \"ssh\": {\n     \"publicKeys\": [\n      {\n       \"keyData\": \"ssh-rsa
        AAAAB3NzaC1yc2EAAAADAQABAAABAQDLdaun1GPmELROrLmG67+ItXDLcnRD7OCuaXCGdWFneMgqftElrhf0x0zlYjq1XzzDbHsgggcknCg2wwmaJYfqfbyicLixda+M2CxxVNu4ghKIaJ93xsimEgfD+hFdqogwKuB2C7tJr73sgFQhppae0OcbBCETCp3Sp0xmtozdpke0f0YOU8Xqf9J2nOv97+Ot8XOWjowLbQXQm63SrlGS+UkvxHX30UnJzLo6pVSYVVjL+Qu1a6qGMaMIyTSCRpm8aUaixl0xv71eHLH8LkWqDQFFB7Yp4+reIIJIArrdWb6t6zfZ8YKw+xNnafngbUboJUxRYP+lzeiRmVC3zN0L
        azcli_aks_live_test@example.com\\n\"\n      }\n     ]\n    }\n   },\n   \"servicePrincipalProfile\":
        {\n    \"clientId\":\"00000000-0000-0000-0000-000000000001\"\n   },\n   \"nodeResourceGroup\":
        \"MC_clitest000001_cliakstest000002_westus2\",\n   \"enableRBAC\": true,\n
        \  \"enablePodSecurityPolicy\": false,\n   \"networkProfile\": {\n    \"networkPlugin\":
        \"kubenet\",\n    \"loadBalancerSku\": \"standard\",\n    \"loadBalancerProfile\":
        {\n     \"managedOutboundIPs\": {\n      \"count\": 1\n     }\n    },\n    \"podCidr\":
        \"10.244.0.0/16\",\n    \"serviceCidr\": \"10.0.0.0/16\",\n    \"dnsServiceIP\":
        \"10.0.0.10\",\n    \"dockerBridgeCidr\": \"172.17.0.1/16\",\n    \"outboundType\":
        \"loadBalancer\",\n    \"podCidrs\": [\n     \"10.244.0.0/16\"\n    ],\n    \"serviceCidrs\":
        [\n     \"10.0.0.0/16\"\n    ],\n    \"ipFamilies\": [\n     \"IPv4\"\n    ]\n
        \  },\n   \"aadProfile\": {\n    \"managed\": true,\n    \"adminGroupObjectIDs\":
        [\n     \"00000000-0000-0000-0000-000000000001\"\n    ],\n    \"adminUsers\":
        null,\n    \"enableAzureRBAC\": false,\n    \"tenantID\": \"72f988bf-86f1-41af-91ab-2d7cd011db47\"\n
        \  },\n   \"maxAgentPools\": 100,\n   \"disableLocalAccounts\": false,\n   \"securityProfile\":
        {},\n   \"oidcIssuerProfile\": {\n    \"enabled\": false\n   }\n  },\n  \"identity\":
        {\n   \"type\": \"SystemAssigned\",\n   \"principalId\":\"00000000-0000-0000-0000-000000000001\",\n
        \  \"tenantId\": \"72f988bf-86f1-41af-91ab-2d7cd011db47\"\n  },\n  \"sku\":
        {\n   \"name\": \"Basic\",\n   \"tier\": \"Free\"\n  }\n }"
    headers:
      azure-asyncoperation:
      - https://management.azure.com/subscriptions/00000000-0000-0000-0000-000000000000/providers/Microsoft.ContainerService/locations/westus2/operations/2504b8bc-c33d-461c-8c6e-8f7af44a70c0?api-version=2016-03-30
      cache-control:
      - no-cache
      content-length:
      - '3292'
      content-type:
      - application/json
      date:
      - Thu, 14 Apr 2022 04:45:43 GMT
      expires:
      - '-1'
      pragma:
      - no-cache
      server:
      - nginx
      strict-transport-security:
      - max-age=31536000; includeSubDomains
      x-content-type-options:
      - nosniff
      x-ms-ratelimit-remaining-subscription-writes:
      - '1197'
    status:
      code: 201
      message: Created
- request:
    body: null
    headers:
      Accept:
      - '*/*'
      Accept-Encoding:
      - gzip, deflate
      CommandName:
      - aks create
      Connection:
      - keep-alive
      ParameterSetName:
      - --resource-group --name --vm-set-type -c --enable-aad --aad-admin-group-object-ids
        --ssh-key-value -o
      User-Agent:
      - AZURECLI/2.35.0 azsdk-python-azure-mgmt-containerservice/18.0.0b Python/3.8.10
        (Linux-5.13.0-1021-azure-x86_64-with-glibc2.29)
    method: GET
    uri: https://management.azure.com/subscriptions/00000000-0000-0000-0000-000000000000/providers/Microsoft.ContainerService/locations/westus2/operations/2504b8bc-c33d-461c-8c6e-8f7af44a70c0?api-version=2016-03-30
  response:
    body:
      string: "{\n  \"name\": \"bcb80425-3dc3-1c46-8c6e-8f7af44a70c0\",\n  \"status\":
        \"InProgress\",\n  \"startTime\": \"2022-04-14T04:45:43.6566666Z\"\n }"
    headers:
      cache-control:
      - no-cache
      content-length:
      - '126'
      content-type:
      - application/json
      date:
      - Thu, 14 Apr 2022 04:46:13 GMT
      expires:
      - '-1'
      pragma:
      - no-cache
      server:
      - nginx
      strict-transport-security:
      - max-age=31536000; includeSubDomains
      transfer-encoding:
      - chunked
      vary:
      - Accept-Encoding
      x-content-type-options:
      - nosniff
    status:
      code: 200
      message: OK
- request:
    body: null
    headers:
      Accept:
      - '*/*'
      Accept-Encoding:
      - gzip, deflate
      CommandName:
      - aks create
      Connection:
      - keep-alive
      ParameterSetName:
      - --resource-group --name --vm-set-type -c --enable-aad --aad-admin-group-object-ids
        --ssh-key-value -o
      User-Agent:
      - AZURECLI/2.35.0 azsdk-python-azure-mgmt-containerservice/18.0.0b Python/3.8.10
        (Linux-5.13.0-1021-azure-x86_64-with-glibc2.29)
    method: GET
    uri: https://management.azure.com/subscriptions/00000000-0000-0000-0000-000000000000/providers/Microsoft.ContainerService/locations/westus2/operations/2504b8bc-c33d-461c-8c6e-8f7af44a70c0?api-version=2016-03-30
  response:
    body:
      string: "{\n  \"name\": \"bcb80425-3dc3-1c46-8c6e-8f7af44a70c0\",\n  \"status\":
        \"InProgress\",\n  \"startTime\": \"2022-04-14T04:45:43.6566666Z\"\n }"
    headers:
      cache-control:
      - no-cache
      content-length:
      - '126'
      content-type:
      - application/json
      date:
      - Thu, 14 Apr 2022 04:46:43 GMT
      expires:
      - '-1'
      pragma:
      - no-cache
      server:
      - nginx
      strict-transport-security:
      - max-age=31536000; includeSubDomains
      transfer-encoding:
      - chunked
      vary:
      - Accept-Encoding
      x-content-type-options:
      - nosniff
    status:
      code: 200
      message: OK
- request:
    body: null
    headers:
      Accept:
      - '*/*'
      Accept-Encoding:
      - gzip, deflate
      CommandName:
      - aks create
      Connection:
      - keep-alive
      ParameterSetName:
      - --resource-group --name --vm-set-type -c --enable-aad --aad-admin-group-object-ids
        --ssh-key-value -o
      User-Agent:
      - AZURECLI/2.35.0 azsdk-python-azure-mgmt-containerservice/18.0.0b Python/3.8.10
        (Linux-5.13.0-1021-azure-x86_64-with-glibc2.29)
    method: GET
    uri: https://management.azure.com/subscriptions/00000000-0000-0000-0000-000000000000/providers/Microsoft.ContainerService/locations/westus2/operations/2504b8bc-c33d-461c-8c6e-8f7af44a70c0?api-version=2016-03-30
  response:
    body:
      string: "{\n  \"name\": \"bcb80425-3dc3-1c46-8c6e-8f7af44a70c0\",\n  \"status\":
        \"InProgress\",\n  \"startTime\": \"2022-04-14T04:45:43.6566666Z\"\n }"
    headers:
      cache-control:
      - no-cache
      content-length:
      - '126'
      content-type:
      - application/json
      date:
      - Thu, 14 Apr 2022 04:47:13 GMT
      expires:
      - '-1'
      pragma:
      - no-cache
      server:
      - nginx
      strict-transport-security:
      - max-age=31536000; includeSubDomains
      transfer-encoding:
      - chunked
      vary:
      - Accept-Encoding
      x-content-type-options:
      - nosniff
    status:
      code: 200
      message: OK
- request:
    body: null
    headers:
      Accept:
      - '*/*'
      Accept-Encoding:
      - gzip, deflate
      CommandName:
      - aks create
      Connection:
      - keep-alive
      ParameterSetName:
      - --resource-group --name --vm-set-type -c --enable-aad --aad-admin-group-object-ids
        --ssh-key-value -o
      User-Agent:
      - AZURECLI/2.35.0 azsdk-python-azure-mgmt-containerservice/18.0.0b Python/3.8.10
        (Linux-5.13.0-1021-azure-x86_64-with-glibc2.29)
    method: GET
    uri: https://management.azure.com/subscriptions/00000000-0000-0000-0000-000000000000/providers/Microsoft.ContainerService/locations/westus2/operations/2504b8bc-c33d-461c-8c6e-8f7af44a70c0?api-version=2016-03-30
  response:
    body:
      string: "{\n  \"name\": \"bcb80425-3dc3-1c46-8c6e-8f7af44a70c0\",\n  \"status\":
        \"InProgress\",\n  \"startTime\": \"2022-04-14T04:45:43.6566666Z\"\n }"
    headers:
      cache-control:
      - no-cache
      content-length:
      - '126'
      content-type:
      - application/json
      date:
      - Thu, 14 Apr 2022 04:47:43 GMT
      expires:
      - '-1'
      pragma:
      - no-cache
      server:
      - nginx
      strict-transport-security:
      - max-age=31536000; includeSubDomains
      transfer-encoding:
      - chunked
      vary:
      - Accept-Encoding
      x-content-type-options:
      - nosniff
    status:
      code: 200
      message: OK
- request:
    body: null
    headers:
      Accept:
      - '*/*'
      Accept-Encoding:
      - gzip, deflate
      CommandName:
      - aks create
      Connection:
      - keep-alive
      ParameterSetName:
      - --resource-group --name --vm-set-type -c --enable-aad --aad-admin-group-object-ids
        --ssh-key-value -o
      User-Agent:
      - AZURECLI/2.35.0 azsdk-python-azure-mgmt-containerservice/18.0.0b Python/3.8.10
        (Linux-5.13.0-1021-azure-x86_64-with-glibc2.29)
    method: GET
    uri: https://management.azure.com/subscriptions/00000000-0000-0000-0000-000000000000/providers/Microsoft.ContainerService/locations/westus2/operations/2504b8bc-c33d-461c-8c6e-8f7af44a70c0?api-version=2016-03-30
  response:
    body:
      string: "{\n  \"name\": \"bcb80425-3dc3-1c46-8c6e-8f7af44a70c0\",\n  \"status\":
        \"InProgress\",\n  \"startTime\": \"2022-04-14T04:45:43.6566666Z\"\n }"
    headers:
      cache-control:
      - no-cache
      content-length:
      - '126'
      content-type:
      - application/json
      date:
      - Thu, 14 Apr 2022 04:48:14 GMT
      expires:
      - '-1'
      pragma:
      - no-cache
      server:
      - nginx
      strict-transport-security:
      - max-age=31536000; includeSubDomains
      transfer-encoding:
      - chunked
      vary:
      - Accept-Encoding
      x-content-type-options:
      - nosniff
    status:
      code: 200
      message: OK
- request:
    body: null
    headers:
      Accept:
      - '*/*'
      Accept-Encoding:
      - gzip, deflate
      CommandName:
      - aks create
      Connection:
      - keep-alive
      ParameterSetName:
      - --resource-group --name --vm-set-type -c --enable-aad --aad-admin-group-object-ids
        --ssh-key-value -o
      User-Agent:
      - AZURECLI/2.35.0 azsdk-python-azure-mgmt-containerservice/18.0.0b Python/3.8.10
        (Linux-5.13.0-1021-azure-x86_64-with-glibc2.29)
    method: GET
    uri: https://management.azure.com/subscriptions/00000000-0000-0000-0000-000000000000/providers/Microsoft.ContainerService/locations/westus2/operations/2504b8bc-c33d-461c-8c6e-8f7af44a70c0?api-version=2016-03-30
  response:
    body:
      string: "{\n  \"name\": \"bcb80425-3dc3-1c46-8c6e-8f7af44a70c0\",\n  \"status\":
        \"Succeeded\",\n  \"startTime\": \"2022-04-14T04:45:43.6566666Z\",\n  \"endTime\":
        \"2022-04-14T04:48:38.9677253Z\"\n }"
    headers:
      cache-control:
      - no-cache
      content-length:
      - '170'
      content-type:
      - application/json
      date:
      - Thu, 14 Apr 2022 04:48:43 GMT
      expires:
      - '-1'
      pragma:
      - no-cache
      server:
      - nginx
      strict-transport-security:
      - max-age=31536000; includeSubDomains
      transfer-encoding:
      - chunked
      vary:
      - Accept-Encoding
      x-content-type-options:
      - nosniff
    status:
      code: 200
      message: OK
- request:
    body: null
    headers:
      Accept:
      - '*/*'
      Accept-Encoding:
      - gzip, deflate
      CommandName:
      - aks create
      Connection:
      - keep-alive
      ParameterSetName:
      - --resource-group --name --vm-set-type -c --enable-aad --aad-admin-group-object-ids
        --ssh-key-value -o
      User-Agent:
      - AZURECLI/2.35.0 azsdk-python-azure-mgmt-containerservice/18.0.0b Python/3.8.10
        (Linux-5.13.0-1021-azure-x86_64-with-glibc2.29)
    method: GET
    uri: https://management.azure.com/subscriptions/00000000-0000-0000-0000-000000000000/resourceGroups/clitest000001/providers/Microsoft.ContainerService/managedClusters/cliakstest000002?api-version=2022-03-02-preview
  response:
    body:
      string: "{\n  \"id\": \"/subscriptions/00000000-0000-0000-0000-000000000000/resourcegroups/clitest000001/providers/Microsoft.ContainerService/managedClusters/cliakstest000002\",\n
        \ \"location\": \"westus2\",\n  \"name\": \"cliakstest000002\",\n  \"type\":
        \"Microsoft.ContainerService/ManagedClusters\",\n  \"properties\": {\n   \"provisioningState\":
        \"Succeeded\",\n   \"powerState\": {\n    \"code\": \"Running\"\n   },\n   \"kubernetesVersion\":
        \"1.21.9\",\n   \"currentKubernetesVersion\": \"1.21.9\",\n   \"dnsPrefix\":
        \"cliakstest-clitesty2vjyhcmh-8ecadf\",\n   \"fqdn\": \"cliakstest-clitesty2vjyhcmh-8ecadf-05c6eabf.hcp.westus2.azmk8s.io\",\n
        \  \"azurePortalFQDN\": \"cliakstest-clitesty2vjyhcmh-8ecadf-05c6eabf.portal.hcp.westus2.azmk8s.io\",\n
        \  \"agentPoolProfiles\": [\n    {\n     \"name\": \"nodepool1\",\n     \"count\":
        1,\n     \"vmSize\": \"Standard_DS2_v2\",\n     \"osDiskSizeGB\": 128,\n     \"osDiskType\":
        \"Managed\",\n     \"kubeletDiskType\": \"OS\",\n     \"workloadRuntime\":
        \"OCIContainer\",\n     \"maxPods\": 110,\n     \"type\": \"VirtualMachineScaleSets\",\n
        \    \"enableAutoScaling\": false,\n     \"provisioningState\": \"Succeeded\",\n
        \    \"powerState\": {\n      \"code\": \"Running\"\n     },\n     \"currentOrchestratorVersion\":
        \"1.21.9\",\n     \"enableNodePublicIP\": false,\n     \"mode\": \"System\",\n
        \    \"enableEncryptionAtHost\": false,\n     \"enableUltraSSD\": false,\n
        \    \"osType\": \"Linux\",\n     \"osSKU\": \"Ubuntu\",\n     \"nodeImageVersion\":
        \"AKSUbuntu-1804gen2containerd-2022.03.29\",\n     \"enableFIPS\": false\n
        \   }\n   ],\n   \"linuxProfile\": {\n    \"adminUsername\": \"azureuser\",\n
        \   \"ssh\": {\n     \"publicKeys\": [\n      {\n       \"keyData\": \"ssh-rsa
        AAAAB3NzaC1yc2EAAAADAQABAAABAQDLdaun1GPmELROrLmG67+ItXDLcnRD7OCuaXCGdWFneMgqftElrhf0x0zlYjq1XzzDbHsgggcknCg2wwmaJYfqfbyicLixda+M2CxxVNu4ghKIaJ93xsimEgfD+hFdqogwKuB2C7tJr73sgFQhppae0OcbBCETCp3Sp0xmtozdpke0f0YOU8Xqf9J2nOv97+Ot8XOWjowLbQXQm63SrlGS+UkvxHX30UnJzLo6pVSYVVjL+Qu1a6qGMaMIyTSCRpm8aUaixl0xv71eHLH8LkWqDQFFB7Yp4+reIIJIArrdWb6t6zfZ8YKw+xNnafngbUboJUxRYP+lzeiRmVC3zN0L
        azcli_aks_live_test@example.com\\n\"\n      }\n     ]\n    }\n   },\n   \"servicePrincipalProfile\":
        {\n    \"clientId\":\"00000000-0000-0000-0000-000000000001\"\n   },\n   \"nodeResourceGroup\":
        \"MC_clitest000001_cliakstest000002_westus2\",\n   \"enableRBAC\": true,\n
        \  \"enablePodSecurityPolicy\": false,\n   \"networkProfile\": {\n    \"networkPlugin\":
        \"kubenet\",\n    \"loadBalancerSku\": \"Standard\",\n    \"loadBalancerProfile\":
        {\n     \"managedOutboundIPs\": {\n      \"count\": 1\n     },\n     \"effectiveOutboundIPs\":
        [\n      {\n       \"id\": \"/subscriptions/00000000-0000-0000-0000-000000000000/resourceGroups/MC_clitest000001_cliakstest000002_westus2/providers/Microsoft.Network/publicIPAddresses/0bdbf32e-756f-483a-bc66-2faa73d5641c\"\n
        \     }\n     ]\n    },\n    \"podCidr\": \"10.244.0.0/16\",\n    \"serviceCidr\":
        \"10.0.0.0/16\",\n    \"dnsServiceIP\": \"10.0.0.10\",\n    \"dockerBridgeCidr\":
        \"172.17.0.1/16\",\n    \"outboundType\": \"loadBalancer\",\n    \"podCidrs\":
        [\n     \"10.244.0.0/16\"\n    ],\n    \"serviceCidrs\": [\n     \"10.0.0.0/16\"\n
        \   ],\n    \"ipFamilies\": [\n     \"IPv4\"\n    ]\n   },\n   \"aadProfile\":
        {\n    \"managed\": true,\n    \"adminGroupObjectIDs\": [\n     \"00000000-0000-0000-0000-000000000001\"\n
        \   ],\n    \"adminUsers\": null,\n    \"enableAzureRBAC\": false,\n    \"tenantID\":
        \"72f988bf-86f1-41af-91ab-2d7cd011db47\"\n   },\n   \"maxAgentPools\": 100,\n
        \  \"identityProfile\": {\n    \"kubeletidentity\": {\n     \"resourceId\":
        \"/subscriptions/00000000-0000-0000-0000-000000000000/resourcegroups/MC_clitest000001_cliakstest000002_westus2/providers/Microsoft.ManagedIdentity/userAssignedIdentities/cliakstest000002-agentpool\",\n
        \    \"clientId\":\"00000000-0000-0000-0000-000000000001\",\n     \"objectId\":\"00000000-0000-0000-0000-000000000001\"\n
        \   }\n   },\n   \"disableLocalAccounts\": false,\n   \"securityProfile\":
        {},\n   \"oidcIssuerProfile\": {\n    \"enabled\": false\n   }\n  },\n  \"identity\":
        {\n   \"type\": \"SystemAssigned\",\n   \"principalId\":\"00000000-0000-0000-0000-000000000001\",\n
        \  \"tenantId\": \"72f988bf-86f1-41af-91ab-2d7cd011db47\"\n  },\n  \"sku\":
        {\n   \"name\": \"Basic\",\n   \"tier\": \"Free\"\n  }\n }"
    headers:
      cache-control:
      - no-cache
      content-length:
      - '3945'
      content-type:
      - application/json
      date:
      - Thu, 14 Apr 2022 04:48:44 GMT
      expires:
      - '-1'
      pragma:
      - no-cache
      server:
      - nginx
      strict-transport-security:
      - max-age=31536000; includeSubDomains
      transfer-encoding:
      - chunked
      vary:
      - Accept-Encoding
      x-content-type-options:
      - nosniff
    status:
      code: 200
      message: OK
- request:
    body: null
    headers:
      Accept:
      - application/json
      Accept-Encoding:
      - gzip, deflate
      CommandName:
      - aks update
      Connection:
      - keep-alive
      ParameterSetName:
      - --resource-group --name --enable-azure-rbac -o
      User-Agent:
      - AZURECLI/2.35.0 azsdk-python-azure-mgmt-containerservice/18.0.0b Python/3.8.10
        (Linux-5.13.0-1021-azure-x86_64-with-glibc2.29)
    method: GET
    uri: https://management.azure.com/subscriptions/00000000-0000-0000-0000-000000000000/resourceGroups/clitest000001/providers/Microsoft.ContainerService/managedClusters/cliakstest000002?api-version=2022-03-02-preview
  response:
    body:
      string: "{\n  \"id\": \"/subscriptions/00000000-0000-0000-0000-000000000000/resourcegroups/clitest000001/providers/Microsoft.ContainerService/managedClusters/cliakstest000002\",\n
        \ \"location\": \"westus2\",\n  \"name\": \"cliakstest000002\",\n  \"type\":
        \"Microsoft.ContainerService/ManagedClusters\",\n  \"properties\": {\n   \"provisioningState\":
        \"Succeeded\",\n   \"powerState\": {\n    \"code\": \"Running\"\n   },\n   \"kubernetesVersion\":
        \"1.21.9\",\n   \"currentKubernetesVersion\": \"1.21.9\",\n   \"dnsPrefix\":
        \"cliakstest-clitesty2vjyhcmh-8ecadf\",\n   \"fqdn\": \"cliakstest-clitesty2vjyhcmh-8ecadf-05c6eabf.hcp.westus2.azmk8s.io\",\n
        \  \"azurePortalFQDN\": \"cliakstest-clitesty2vjyhcmh-8ecadf-05c6eabf.portal.hcp.westus2.azmk8s.io\",\n
        \  \"agentPoolProfiles\": [\n    {\n     \"name\": \"nodepool1\",\n     \"count\":
        1,\n     \"vmSize\": \"Standard_DS2_v2\",\n     \"osDiskSizeGB\": 128,\n     \"osDiskType\":
        \"Managed\",\n     \"kubeletDiskType\": \"OS\",\n     \"workloadRuntime\":
        \"OCIContainer\",\n     \"maxPods\": 110,\n     \"type\": \"VirtualMachineScaleSets\",\n
        \    \"enableAutoScaling\": false,\n     \"provisioningState\": \"Succeeded\",\n
        \    \"powerState\": {\n      \"code\": \"Running\"\n     },\n     \"currentOrchestratorVersion\":
        \"1.21.9\",\n     \"enableNodePublicIP\": false,\n     \"mode\": \"System\",\n
        \    \"enableEncryptionAtHost\": false,\n     \"enableUltraSSD\": false,\n
        \    \"osType\": \"Linux\",\n     \"osSKU\": \"Ubuntu\",\n     \"nodeImageVersion\":
        \"AKSUbuntu-1804gen2containerd-2022.03.29\",\n     \"enableFIPS\": false\n
        \   }\n   ],\n   \"linuxProfile\": {\n    \"adminUsername\": \"azureuser\",\n
        \   \"ssh\": {\n     \"publicKeys\": [\n      {\n       \"keyData\": \"ssh-rsa
        AAAAB3NzaC1yc2EAAAADAQABAAABAQDLdaun1GPmELROrLmG67+ItXDLcnRD7OCuaXCGdWFneMgqftElrhf0x0zlYjq1XzzDbHsgggcknCg2wwmaJYfqfbyicLixda+M2CxxVNu4ghKIaJ93xsimEgfD+hFdqogwKuB2C7tJr73sgFQhppae0OcbBCETCp3Sp0xmtozdpke0f0YOU8Xqf9J2nOv97+Ot8XOWjowLbQXQm63SrlGS+UkvxHX30UnJzLo6pVSYVVjL+Qu1a6qGMaMIyTSCRpm8aUaixl0xv71eHLH8LkWqDQFFB7Yp4+reIIJIArrdWb6t6zfZ8YKw+xNnafngbUboJUxRYP+lzeiRmVC3zN0L
        azcli_aks_live_test@example.com\\n\"\n      }\n     ]\n    }\n   },\n   \"servicePrincipalProfile\":
        {\n    \"clientId\":\"00000000-0000-0000-0000-000000000001\"\n   },\n   \"nodeResourceGroup\":
        \"MC_clitest000001_cliakstest000002_westus2\",\n   \"enableRBAC\": true,\n
        \  \"enablePodSecurityPolicy\": false,\n   \"networkProfile\": {\n    \"networkPlugin\":
        \"kubenet\",\n    \"loadBalancerSku\": \"Standard\",\n    \"loadBalancerProfile\":
        {\n     \"managedOutboundIPs\": {\n      \"count\": 1\n     },\n     \"effectiveOutboundIPs\":
        [\n      {\n       \"id\": \"/subscriptions/00000000-0000-0000-0000-000000000000/resourceGroups/MC_clitest000001_cliakstest000002_westus2/providers/Microsoft.Network/publicIPAddresses/0bdbf32e-756f-483a-bc66-2faa73d5641c\"\n
        \     }\n     ]\n    },\n    \"podCidr\": \"10.244.0.0/16\",\n    \"serviceCidr\":
        \"10.0.0.0/16\",\n    \"dnsServiceIP\": \"10.0.0.10\",\n    \"dockerBridgeCidr\":
        \"172.17.0.1/16\",\n    \"outboundType\": \"loadBalancer\",\n    \"podCidrs\":
        [\n     \"10.244.0.0/16\"\n    ],\n    \"serviceCidrs\": [\n     \"10.0.0.0/16\"\n
        \   ],\n    \"ipFamilies\": [\n     \"IPv4\"\n    ]\n   },\n   \"aadProfile\":
        {\n    \"managed\": true,\n    \"adminGroupObjectIDs\": [\n     \"00000000-0000-0000-0000-000000000001\"\n
        \   ],\n    \"adminUsers\": null,\n    \"enableAzureRBAC\": false,\n    \"tenantID\":
        \"72f988bf-86f1-41af-91ab-2d7cd011db47\"\n   },\n   \"maxAgentPools\": 100,\n
        \  \"identityProfile\": {\n    \"kubeletidentity\": {\n     \"resourceId\":
        \"/subscriptions/00000000-0000-0000-0000-000000000000/resourcegroups/MC_clitest000001_cliakstest000002_westus2/providers/Microsoft.ManagedIdentity/userAssignedIdentities/cliakstest000002-agentpool\",\n
        \    \"clientId\":\"00000000-0000-0000-0000-000000000001\",\n     \"objectId\":\"00000000-0000-0000-0000-000000000001\"\n
        \   }\n   },\n   \"disableLocalAccounts\": false,\n   \"securityProfile\":
        {},\n   \"oidcIssuerProfile\": {\n    \"enabled\": false\n   }\n  },\n  \"identity\":
        {\n   \"type\": \"SystemAssigned\",\n   \"principalId\":\"00000000-0000-0000-0000-000000000001\",\n
        \  \"tenantId\": \"72f988bf-86f1-41af-91ab-2d7cd011db47\"\n  },\n  \"sku\":
        {\n   \"name\": \"Basic\",\n   \"tier\": \"Free\"\n  }\n }"
    headers:
      cache-control:
      - no-cache
      content-length:
      - '3945'
      content-type:
      - application/json
      date:
      - Thu, 14 Apr 2022 04:48:45 GMT
      expires:
      - '-1'
      pragma:
      - no-cache
      server:
      - nginx
      strict-transport-security:
      - max-age=31536000; includeSubDomains
      transfer-encoding:
      - chunked
      vary:
      - Accept-Encoding
      x-content-type-options:
      - nosniff
    status:
      code: 200
      message: OK
- request:
    body: '{"location": "westus2", "sku": {"name": "Basic", "tier": "Free"}, "identity":
      {"type": "SystemAssigned"}, "properties": {"kubernetesVersion": "1.21.9", "dnsPrefix":
      "cliakstest-clitesty2vjyhcmh-8ecadf", "agentPoolProfiles": [{"count": 1, "vmSize":
      "Standard_DS2_v2", "osDiskSizeGB": 128, "osDiskType": "Managed", "kubeletDiskType":
      "OS", "workloadRuntime": "OCIContainer", "maxPods": 110, "osType": "Linux",
      "osSKU": "Ubuntu", "enableAutoScaling": false, "type": "VirtualMachineScaleSets",
      "mode": "System", "currentOrchestratorVersion": "1.21.9", "powerState": {"code":
      "Running"}, "enableNodePublicIP": false, "enableEncryptionAtHost": false, "enableUltraSSD":
      false, "enableFIPS": false, "name": "nodepool1"}], "linuxProfile": {"adminUsername":
      "azureuser", "ssh": {"publicKeys": [{"keyData": "ssh-rsa AAAAB3NzaC1yc2EAAAADAQABAAABAQDLdaun1GPmELROrLmG67+ItXDLcnRD7OCuaXCGdWFneMgqftElrhf0x0zlYjq1XzzDbHsgggcknCg2wwmaJYfqfbyicLixda+M2CxxVNu4ghKIaJ93xsimEgfD+hFdqogwKuB2C7tJr73sgFQhppae0OcbBCETCp3Sp0xmtozdpke0f0YOU8Xqf9J2nOv97+Ot8XOWjowLbQXQm63SrlGS+UkvxHX30UnJzLo6pVSYVVjL+Qu1a6qGMaMIyTSCRpm8aUaixl0xv71eHLH8LkWqDQFFB7Yp4+reIIJIArrdWb6t6zfZ8YKw+xNnafngbUboJUxRYP+lzeiRmVC3zN0L
      azcli_aks_live_test@example.com\n"}]}}, "servicePrincipalProfile": {"clientId":"00000000-0000-0000-0000-000000000001"},
      "nodeResourceGroup": "MC_clitest000001_cliakstest000002_westus2", "enableRBAC":
      true, "enablePodSecurityPolicy": false, "networkProfile": {"networkPlugin":
      "kubenet", "podCidr": "10.244.0.0/16", "serviceCidr": "10.0.0.0/16", "dnsServiceIP":
      "10.0.0.10", "dockerBridgeCidr": "172.17.0.1/16", "outboundType": "loadBalancer",
      "loadBalancerSku": "Standard", "loadBalancerProfile": {"managedOutboundIPs":
      {"count": 1, "countIPv6": 0}, "effectiveOutboundIPs": [{"id": "/subscriptions/00000000-0000-0000-0000-000000000000/resourceGroups/MC_clitest000001_cliakstest000002_westus2/providers/Microsoft.Network/publicIPAddresses/0bdbf32e-756f-483a-bc66-2faa73d5641c"}]},
      "podCidrs": ["10.244.0.0/16"], "serviceCidrs": ["10.0.0.0/16"], "ipFamilies":
      ["IPv4"]}, "aadProfile": {"managed": true, "enableAzureRBAC": true, "adminGroupObjectIDs":
      ["00000000-0000-0000-0000-000000000001"], "tenantID": "72f988bf-86f1-41af-91ab-2d7cd011db47"},
      "identityProfile": {"kubeletidentity": {"resourceId": "/subscriptions/00000000-0000-0000-0000-000000000000/resourcegroups/MC_clitest000001_cliakstest000002_westus2/providers/Microsoft.ManagedIdentity/userAssignedIdentities/cliakstest000002-agentpool",
      "clientId":"00000000-0000-0000-0000-000000000001", "objectId":"00000000-0000-0000-0000-000000000001"}},
      "disableLocalAccounts": false, "securityProfile": {}}}'
    headers:
      Accept:
      - application/json
      Accept-Encoding:
      - gzip, deflate
      CommandName:
      - aks update
      Connection:
      - keep-alive
      Content-Length:
      - '2632'
      Content-Type:
      - application/json
      ParameterSetName:
      - --resource-group --name --enable-azure-rbac -o
      User-Agent:
      - AZURECLI/2.35.0 azsdk-python-azure-mgmt-containerservice/18.0.0b Python/3.8.10
        (Linux-5.13.0-1021-azure-x86_64-with-glibc2.29)
    method: PUT
    uri: https://management.azure.com/subscriptions/00000000-0000-0000-0000-000000000000/resourceGroups/clitest000001/providers/Microsoft.ContainerService/managedClusters/cliakstest000002?api-version=2022-03-02-preview
  response:
    body:
      string: "{\n  \"id\": \"/subscriptions/00000000-0000-0000-0000-000000000000/resourcegroups/clitest000001/providers/Microsoft.ContainerService/managedClusters/cliakstest000002\",\n
        \ \"location\": \"westus2\",\n  \"name\": \"cliakstest000002\",\n  \"type\":
        \"Microsoft.ContainerService/ManagedClusters\",\n  \"properties\": {\n   \"provisioningState\":
        \"Updating\",\n   \"powerState\": {\n    \"code\": \"Running\"\n   },\n   \"kubernetesVersion\":
        \"1.21.9\",\n   \"currentKubernetesVersion\": \"1.21.9\",\n   \"dnsPrefix\":
        \"cliakstest-clitesty2vjyhcmh-8ecadf\",\n   \"fqdn\": \"cliakstest-clitesty2vjyhcmh-8ecadf-05c6eabf.hcp.westus2.azmk8s.io\",\n
        \  \"azurePortalFQDN\": \"cliakstest-clitesty2vjyhcmh-8ecadf-05c6eabf.portal.hcp.westus2.azmk8s.io\",\n
        \  \"agentPoolProfiles\": [\n    {\n     \"name\": \"nodepool1\",\n     \"count\":
        1,\n     \"vmSize\": \"Standard_DS2_v2\",\n     \"osDiskSizeGB\": 128,\n     \"osDiskType\":
        \"Managed\",\n     \"kubeletDiskType\": \"OS\",\n     \"workloadRuntime\":
        \"OCIContainer\",\n     \"maxPods\": 110,\n     \"type\": \"VirtualMachineScaleSets\",\n
        \    \"enableAutoScaling\": false,\n     \"provisioningState\": \"Updating\",\n
        \    \"powerState\": {\n      \"code\": \"Running\"\n     },\n     \"currentOrchestratorVersion\":
        \"1.21.9\",\n     \"enableNodePublicIP\": false,\n     \"mode\": \"System\",\n
        \    \"enableEncryptionAtHost\": false,\n     \"enableUltraSSD\": false,\n
        \    \"osType\": \"Linux\",\n     \"osSKU\": \"Ubuntu\",\n     \"nodeImageVersion\":
        \"AKSUbuntu-1804gen2containerd-2022.03.29\",\n     \"enableFIPS\": false\n
        \   }\n   ],\n   \"linuxProfile\": {\n    \"adminUsername\": \"azureuser\",\n
        \   \"ssh\": {\n     \"publicKeys\": [\n      {\n       \"keyData\": \"ssh-rsa
        AAAAB3NzaC1yc2EAAAADAQABAAABAQDLdaun1GPmELROrLmG67+ItXDLcnRD7OCuaXCGdWFneMgqftElrhf0x0zlYjq1XzzDbHsgggcknCg2wwmaJYfqfbyicLixda+M2CxxVNu4ghKIaJ93xsimEgfD+hFdqogwKuB2C7tJr73sgFQhppae0OcbBCETCp3Sp0xmtozdpke0f0YOU8Xqf9J2nOv97+Ot8XOWjowLbQXQm63SrlGS+UkvxHX30UnJzLo6pVSYVVjL+Qu1a6qGMaMIyTSCRpm8aUaixl0xv71eHLH8LkWqDQFFB7Yp4+reIIJIArrdWb6t6zfZ8YKw+xNnafngbUboJUxRYP+lzeiRmVC3zN0L
        azcli_aks_live_test@example.com\\n\"\n      }\n     ]\n    }\n   },\n   \"servicePrincipalProfile\":
        {\n    \"clientId\":\"00000000-0000-0000-0000-000000000001\"\n   },\n   \"nodeResourceGroup\":
        \"MC_clitest000001_cliakstest000002_westus2\",\n   \"enableRBAC\": true,\n
        \  \"enablePodSecurityPolicy\": false,\n   \"networkProfile\": {\n    \"networkPlugin\":
        \"kubenet\",\n    \"loadBalancerSku\": \"Standard\",\n    \"loadBalancerProfile\":
        {\n     \"managedOutboundIPs\": {\n      \"count\": 1\n     },\n     \"effectiveOutboundIPs\":
        [\n      {\n       \"id\": \"/subscriptions/00000000-0000-0000-0000-000000000000/resourceGroups/MC_clitest000001_cliakstest000002_westus2/providers/Microsoft.Network/publicIPAddresses/0bdbf32e-756f-483a-bc66-2faa73d5641c\"\n
        \     }\n     ]\n    },\n    \"podCidr\": \"10.244.0.0/16\",\n    \"serviceCidr\":
        \"10.0.0.0/16\",\n    \"dnsServiceIP\": \"10.0.0.10\",\n    \"dockerBridgeCidr\":
        \"172.17.0.1/16\",\n    \"outboundType\": \"loadBalancer\",\n    \"podCidrs\":
        [\n     \"10.244.0.0/16\"\n    ],\n    \"serviceCidrs\": [\n     \"10.0.0.0/16\"\n
        \   ],\n    \"ipFamilies\": [\n     \"IPv4\"\n    ]\n   },\n   \"aadProfile\":
        {\n    \"managed\": true,\n    \"adminGroupObjectIDs\": [\n     \"00000000-0000-0000-0000-000000000001\"\n
        \   ],\n    \"adminUsers\": null,\n    \"enableAzureRBAC\": true,\n    \"tenantID\":
        \"72f988bf-86f1-41af-91ab-2d7cd011db47\"\n   },\n   \"maxAgentPools\": 100,\n
        \  \"identityProfile\": {\n    \"kubeletidentity\": {\n     \"resourceId\":
        \"/subscriptions/00000000-0000-0000-0000-000000000000/resourcegroups/MC_clitest000001_cliakstest000002_westus2/providers/Microsoft.ManagedIdentity/userAssignedIdentities/cliakstest000002-agentpool\",\n
        \    \"clientId\":\"00000000-0000-0000-0000-000000000001\",\n     \"objectId\":\"00000000-0000-0000-0000-000000000001\"\n
        \   }\n   },\n   \"disableLocalAccounts\": false,\n   \"securityProfile\":
        {},\n   \"oidcIssuerProfile\": {\n    \"enabled\": false\n   }\n  },\n  \"identity\":
        {\n   \"type\": \"SystemAssigned\",\n   \"principalId\":\"00000000-0000-0000-0000-000000000001\",\n
        \  \"tenantId\": \"72f988bf-86f1-41af-91ab-2d7cd011db47\"\n  },\n  \"sku\":
        {\n   \"name\": \"Basic\",\n   \"tier\": \"Free\"\n  }\n }"
    headers:
      azure-asyncoperation:
      - https://management.azure.com/subscriptions/00000000-0000-0000-0000-000000000000/providers/Microsoft.ContainerService/locations/westus2/operations/d82fbd67-2204-40d2-9d34-bf0110f24f11?api-version=2016-03-30
      cache-control:
      - no-cache
      content-length:
      - '3942'
      content-type:
      - application/json
      date:
      - Thu, 14 Apr 2022 04:48:47 GMT
      expires:
      - '-1'
      pragma:
      - no-cache
      server:
      - nginx
      strict-transport-security:
      - max-age=31536000; includeSubDomains
      transfer-encoding:
      - chunked
      vary:
      - Accept-Encoding
      x-content-type-options:
      - nosniff
      x-ms-ratelimit-remaining-subscription-writes:
      - '1196'
    status:
      code: 200
      message: OK
- request:
    body: null
    headers:
      Accept:
      - '*/*'
      Accept-Encoding:
      - gzip, deflate
      CommandName:
      - aks update
      Connection:
      - keep-alive
      ParameterSetName:
      - --resource-group --name --enable-azure-rbac -o
      User-Agent:
      - AZURECLI/2.35.0 azsdk-python-azure-mgmt-containerservice/18.0.0b Python/3.8.10
        (Linux-5.13.0-1021-azure-x86_64-with-glibc2.29)
    method: GET
    uri: https://management.azure.com/subscriptions/00000000-0000-0000-0000-000000000000/providers/Microsoft.ContainerService/locations/westus2/operations/d82fbd67-2204-40d2-9d34-bf0110f24f11?api-version=2016-03-30
  response:
    body:
      string: "{\n  \"name\": \"67bd2fd8-0422-d240-9d34-bf0110f24f11\",\n  \"status\":
        \"InProgress\",\n  \"startTime\": \"2022-04-14T04:48:47.1166666Z\"\n }"
    headers:
      cache-control:
      - no-cache
      content-length:
      - '126'
      content-type:
      - application/json
      date:
      - Thu, 14 Apr 2022 04:49:16 GMT
      expires:
      - '-1'
      pragma:
      - no-cache
      server:
      - nginx
      strict-transport-security:
      - max-age=31536000; includeSubDomains
      transfer-encoding:
      - chunked
      vary:
      - Accept-Encoding
      x-content-type-options:
      - nosniff
    status:
      code: 200
      message: OK
- request:
    body: null
    headers:
      Accept:
      - '*/*'
      Accept-Encoding:
      - gzip, deflate
      CommandName:
      - aks update
      Connection:
      - keep-alive
      ParameterSetName:
      - --resource-group --name --enable-azure-rbac -o
      User-Agent:
      - AZURECLI/2.35.0 azsdk-python-azure-mgmt-containerservice/18.0.0b Python/3.8.10
        (Linux-5.13.0-1021-azure-x86_64-with-glibc2.29)
    method: GET
    uri: https://management.azure.com/subscriptions/00000000-0000-0000-0000-000000000000/providers/Microsoft.ContainerService/locations/westus2/operations/d82fbd67-2204-40d2-9d34-bf0110f24f11?api-version=2016-03-30
  response:
    body:
      string: "{\n  \"name\": \"67bd2fd8-0422-d240-9d34-bf0110f24f11\",\n  \"status\":
        \"InProgress\",\n  \"startTime\": \"2022-04-14T04:48:47.1166666Z\"\n }"
    headers:
      cache-control:
      - no-cache
      content-length:
      - '126'
      content-type:
      - application/json
      date:
      - Thu, 14 Apr 2022 04:49:46 GMT
      expires:
      - '-1'
      pragma:
      - no-cache
      server:
      - nginx
      strict-transport-security:
      - max-age=31536000; includeSubDomains
      transfer-encoding:
      - chunked
      vary:
      - Accept-Encoding
      x-content-type-options:
      - nosniff
    status:
      code: 200
      message: OK
- request:
    body: null
    headers:
      Accept:
      - '*/*'
      Accept-Encoding:
      - gzip, deflate
      CommandName:
      - aks update
      Connection:
      - keep-alive
      ParameterSetName:
      - --resource-group --name --enable-azure-rbac -o
      User-Agent:
      - AZURECLI/2.35.0 azsdk-python-azure-mgmt-containerservice/18.0.0b Python/3.8.10
        (Linux-5.13.0-1021-azure-x86_64-with-glibc2.29)
    method: GET
    uri: https://management.azure.com/subscriptions/00000000-0000-0000-0000-000000000000/providers/Microsoft.ContainerService/locations/westus2/operations/d82fbd67-2204-40d2-9d34-bf0110f24f11?api-version=2016-03-30
  response:
    body:
      string: "{\n  \"name\": \"67bd2fd8-0422-d240-9d34-bf0110f24f11\",\n  \"status\":
        \"InProgress\",\n  \"startTime\": \"2022-04-14T04:48:47.1166666Z\"\n }"
    headers:
      cache-control:
      - no-cache
      content-length:
      - '126'
      content-type:
      - application/json
      date:
      - Thu, 14 Apr 2022 04:50:17 GMT
      expires:
      - '-1'
      pragma:
      - no-cache
      server:
      - nginx
      strict-transport-security:
      - max-age=31536000; includeSubDomains
      transfer-encoding:
      - chunked
      vary:
      - Accept-Encoding
      x-content-type-options:
      - nosniff
    status:
      code: 200
      message: OK
- request:
    body: null
    headers:
      Accept:
      - '*/*'
      Accept-Encoding:
      - gzip, deflate
      CommandName:
      - aks update
      Connection:
      - keep-alive
      ParameterSetName:
      - --resource-group --name --enable-azure-rbac -o
      User-Agent:
      - AZURECLI/2.35.0 azsdk-python-azure-mgmt-containerservice/18.0.0b Python/3.8.10
        (Linux-5.13.0-1021-azure-x86_64-with-glibc2.29)
    method: GET
    uri: https://management.azure.com/subscriptions/00000000-0000-0000-0000-000000000000/providers/Microsoft.ContainerService/locations/westus2/operations/d82fbd67-2204-40d2-9d34-bf0110f24f11?api-version=2016-03-30
  response:
    body:
      string: "{\n  \"name\": \"67bd2fd8-0422-d240-9d34-bf0110f24f11\",\n  \"status\":
        \"InProgress\",\n  \"startTime\": \"2022-04-14T04:48:47.1166666Z\"\n }"
    headers:
      cache-control:
      - no-cache
      content-length:
      - '126'
      content-type:
      - application/json
      date:
      - Thu, 14 Apr 2022 04:50:46 GMT
      expires:
      - '-1'
      pragma:
      - no-cache
      server:
      - nginx
      strict-transport-security:
      - max-age=31536000; includeSubDomains
      transfer-encoding:
      - chunked
      vary:
      - Accept-Encoding
      x-content-type-options:
      - nosniff
    status:
      code: 200
      message: OK
- request:
    body: null
    headers:
      Accept:
      - '*/*'
      Accept-Encoding:
      - gzip, deflate
      CommandName:
      - aks update
      Connection:
      - keep-alive
      ParameterSetName:
      - --resource-group --name --enable-azure-rbac -o
      User-Agent:
      - AZURECLI/2.35.0 azsdk-python-azure-mgmt-containerservice/18.0.0b Python/3.8.10
        (Linux-5.13.0-1021-azure-x86_64-with-glibc2.29)
    method: GET
    uri: https://management.azure.com/subscriptions/00000000-0000-0000-0000-000000000000/providers/Microsoft.ContainerService/locations/westus2/operations/d82fbd67-2204-40d2-9d34-bf0110f24f11?api-version=2016-03-30
  response:
    body:
      string: "{\n  \"name\": \"67bd2fd8-0422-d240-9d34-bf0110f24f11\",\n  \"status\":
        \"Succeeded\",\n  \"startTime\": \"2022-04-14T04:48:47.1166666Z\",\n  \"endTime\":
        \"2022-04-14T04:51:05.2566467Z\"\n }"
    headers:
      cache-control:
      - no-cache
      content-length:
      - '170'
      content-type:
      - application/json
      date:
      - Thu, 14 Apr 2022 04:51:17 GMT
      expires:
      - '-1'
      pragma:
      - no-cache
      server:
      - nginx
      strict-transport-security:
      - max-age=31536000; includeSubDomains
      transfer-encoding:
      - chunked
      vary:
      - Accept-Encoding
      x-content-type-options:
      - nosniff
    status:
      code: 200
      message: OK
- request:
    body: null
    headers:
      Accept:
      - '*/*'
      Accept-Encoding:
      - gzip, deflate
      CommandName:
      - aks update
      Connection:
      - keep-alive
      ParameterSetName:
      - --resource-group --name --enable-azure-rbac -o
      User-Agent:
      - AZURECLI/2.35.0 azsdk-python-azure-mgmt-containerservice/18.0.0b Python/3.8.10
        (Linux-5.13.0-1021-azure-x86_64-with-glibc2.29)
    method: GET
    uri: https://management.azure.com/subscriptions/00000000-0000-0000-0000-000000000000/resourceGroups/clitest000001/providers/Microsoft.ContainerService/managedClusters/cliakstest000002?api-version=2022-03-02-preview
  response:
    body:
      string: "{\n  \"id\": \"/subscriptions/00000000-0000-0000-0000-000000000000/resourcegroups/clitest000001/providers/Microsoft.ContainerService/managedClusters/cliakstest000002\",\n
        \ \"location\": \"westus2\",\n  \"name\": \"cliakstest000002\",\n  \"type\":
        \"Microsoft.ContainerService/ManagedClusters\",\n  \"properties\": {\n   \"provisioningState\":
        \"Succeeded\",\n   \"powerState\": {\n    \"code\": \"Running\"\n   },\n   \"kubernetesVersion\":
        \"1.21.9\",\n   \"currentKubernetesVersion\": \"1.21.9\",\n   \"dnsPrefix\":
        \"cliakstest-clitesty2vjyhcmh-8ecadf\",\n   \"fqdn\": \"cliakstest-clitesty2vjyhcmh-8ecadf-05c6eabf.hcp.westus2.azmk8s.io\",\n
        \  \"azurePortalFQDN\": \"cliakstest-clitesty2vjyhcmh-8ecadf-05c6eabf.portal.hcp.westus2.azmk8s.io\",\n
        \  \"agentPoolProfiles\": [\n    {\n     \"name\": \"nodepool1\",\n     \"count\":
        1,\n     \"vmSize\": \"Standard_DS2_v2\",\n     \"osDiskSizeGB\": 128,\n     \"osDiskType\":
        \"Managed\",\n     \"kubeletDiskType\": \"OS\",\n     \"workloadRuntime\":
        \"OCIContainer\",\n     \"maxPods\": 110,\n     \"type\": \"VirtualMachineScaleSets\",\n
        \    \"enableAutoScaling\": false,\n     \"provisioningState\": \"Succeeded\",\n
        \    \"powerState\": {\n      \"code\": \"Running\"\n     },\n     \"currentOrchestratorVersion\":
        \"1.21.9\",\n     \"enableNodePublicIP\": false,\n     \"mode\": \"System\",\n
        \    \"enableEncryptionAtHost\": false,\n     \"enableUltraSSD\": false,\n
        \    \"osType\": \"Linux\",\n     \"osSKU\": \"Ubuntu\",\n     \"nodeImageVersion\":
        \"AKSUbuntu-1804gen2containerd-2022.03.29\",\n     \"enableFIPS\": false\n
        \   }\n   ],\n   \"linuxProfile\": {\n    \"adminUsername\": \"azureuser\",\n
        \   \"ssh\": {\n     \"publicKeys\": [\n      {\n       \"keyData\": \"ssh-rsa
        AAAAB3NzaC1yc2EAAAADAQABAAABAQDLdaun1GPmELROrLmG67+ItXDLcnRD7OCuaXCGdWFneMgqftElrhf0x0zlYjq1XzzDbHsgggcknCg2wwmaJYfqfbyicLixda+M2CxxVNu4ghKIaJ93xsimEgfD+hFdqogwKuB2C7tJr73sgFQhppae0OcbBCETCp3Sp0xmtozdpke0f0YOU8Xqf9J2nOv97+Ot8XOWjowLbQXQm63SrlGS+UkvxHX30UnJzLo6pVSYVVjL+Qu1a6qGMaMIyTSCRpm8aUaixl0xv71eHLH8LkWqDQFFB7Yp4+reIIJIArrdWb6t6zfZ8YKw+xNnafngbUboJUxRYP+lzeiRmVC3zN0L
        azcli_aks_live_test@example.com\\n\"\n      }\n     ]\n    }\n   },\n   \"servicePrincipalProfile\":
        {\n    \"clientId\":\"00000000-0000-0000-0000-000000000001\"\n   },\n   \"nodeResourceGroup\":
        \"MC_clitest000001_cliakstest000002_westus2\",\n   \"enableRBAC\": true,\n
        \  \"enablePodSecurityPolicy\": false,\n   \"networkProfile\": {\n    \"networkPlugin\":
        \"kubenet\",\n    \"loadBalancerSku\": \"Standard\",\n    \"loadBalancerProfile\":
        {\n     \"managedOutboundIPs\": {\n      \"count\": 1\n     },\n     \"effectiveOutboundIPs\":
        [\n      {\n       \"id\": \"/subscriptions/00000000-0000-0000-0000-000000000000/resourceGroups/MC_clitest000001_cliakstest000002_westus2/providers/Microsoft.Network/publicIPAddresses/0bdbf32e-756f-483a-bc66-2faa73d5641c\"\n
        \     }\n     ]\n    },\n    \"podCidr\": \"10.244.0.0/16\",\n    \"serviceCidr\":
        \"10.0.0.0/16\",\n    \"dnsServiceIP\": \"10.0.0.10\",\n    \"dockerBridgeCidr\":
        \"172.17.0.1/16\",\n    \"outboundType\": \"loadBalancer\",\n    \"podCidrs\":
        [\n     \"10.244.0.0/16\"\n    ],\n    \"serviceCidrs\": [\n     \"10.0.0.0/16\"\n
        \   ],\n    \"ipFamilies\": [\n     \"IPv4\"\n    ]\n   },\n   \"aadProfile\":
        {\n    \"managed\": true,\n    \"adminGroupObjectIDs\": [\n     \"00000000-0000-0000-0000-000000000001\"\n
        \   ],\n    \"adminUsers\": null,\n    \"enableAzureRBAC\": true,\n    \"tenantID\":
        \"72f988bf-86f1-41af-91ab-2d7cd011db47\"\n   },\n   \"maxAgentPools\": 100,\n
        \  \"identityProfile\": {\n    \"kubeletidentity\": {\n     \"resourceId\":
        \"/subscriptions/00000000-0000-0000-0000-000000000000/resourcegroups/MC_clitest000001_cliakstest000002_westus2/providers/Microsoft.ManagedIdentity/userAssignedIdentities/cliakstest000002-agentpool\",\n
        \    \"clientId\":\"00000000-0000-0000-0000-000000000001\",\n     \"objectId\":\"00000000-0000-0000-0000-000000000001\"\n
        \   }\n   },\n   \"disableLocalAccounts\": false,\n   \"securityProfile\":
        {},\n   \"oidcIssuerProfile\": {\n    \"enabled\": false\n   }\n  },\n  \"identity\":
        {\n   \"type\": \"SystemAssigned\",\n   \"principalId\":\"00000000-0000-0000-0000-000000000001\",\n
        \  \"tenantId\": \"72f988bf-86f1-41af-91ab-2d7cd011db47\"\n  },\n  \"sku\":
        {\n   \"name\": \"Basic\",\n   \"tier\": \"Free\"\n  }\n }"
    headers:
      cache-control:
      - no-cache
      content-length:
      - '3944'
      content-type:
      - application/json
      date:
      - Thu, 14 Apr 2022 04:51:17 GMT
      expires:
      - '-1'
      pragma:
      - no-cache
      server:
      - nginx
      strict-transport-security:
      - max-age=31536000; includeSubDomains
      transfer-encoding:
      - chunked
      vary:
      - Accept-Encoding
      x-content-type-options:
      - nosniff
    status:
      code: 200
      message: OK
- request:
    body: null
    headers:
      Accept:
      - application/json
      Accept-Encoding:
      - gzip, deflate
      CommandName:
      - aks update
      Connection:
      - keep-alive
      ParameterSetName:
      - --resource-group --name --disable-azure-rbac -o
      User-Agent:
      - AZURECLI/2.35.0 azsdk-python-azure-mgmt-containerservice/18.0.0b Python/3.8.10
        (Linux-5.13.0-1021-azure-x86_64-with-glibc2.29)
    method: GET
    uri: https://management.azure.com/subscriptions/00000000-0000-0000-0000-000000000000/resourceGroups/clitest000001/providers/Microsoft.ContainerService/managedClusters/cliakstest000002?api-version=2022-03-02-preview
  response:
    body:
      string: "{\n  \"id\": \"/subscriptions/00000000-0000-0000-0000-000000000000/resourcegroups/clitest000001/providers/Microsoft.ContainerService/managedClusters/cliakstest000002\",\n
        \ \"location\": \"westus2\",\n  \"name\": \"cliakstest000002\",\n  \"type\":
        \"Microsoft.ContainerService/ManagedClusters\",\n  \"properties\": {\n   \"provisioningState\":
        \"Succeeded\",\n   \"powerState\": {\n    \"code\": \"Running\"\n   },\n   \"kubernetesVersion\":
        \"1.21.9\",\n   \"currentKubernetesVersion\": \"1.21.9\",\n   \"dnsPrefix\":
        \"cliakstest-clitesty2vjyhcmh-8ecadf\",\n   \"fqdn\": \"cliakstest-clitesty2vjyhcmh-8ecadf-05c6eabf.hcp.westus2.azmk8s.io\",\n
        \  \"azurePortalFQDN\": \"cliakstest-clitesty2vjyhcmh-8ecadf-05c6eabf.portal.hcp.westus2.azmk8s.io\",\n
        \  \"agentPoolProfiles\": [\n    {\n     \"name\": \"nodepool1\",\n     \"count\":
        1,\n     \"vmSize\": \"Standard_DS2_v2\",\n     \"osDiskSizeGB\": 128,\n     \"osDiskType\":
        \"Managed\",\n     \"kubeletDiskType\": \"OS\",\n     \"workloadRuntime\":
        \"OCIContainer\",\n     \"maxPods\": 110,\n     \"type\": \"VirtualMachineScaleSets\",\n
        \    \"enableAutoScaling\": false,\n     \"provisioningState\": \"Succeeded\",\n
        \    \"powerState\": {\n      \"code\": \"Running\"\n     },\n     \"currentOrchestratorVersion\":
        \"1.21.9\",\n     \"enableNodePublicIP\": false,\n     \"mode\": \"System\",\n
        \    \"enableEncryptionAtHost\": false,\n     \"enableUltraSSD\": false,\n
        \    \"osType\": \"Linux\",\n     \"osSKU\": \"Ubuntu\",\n     \"nodeImageVersion\":
        \"AKSUbuntu-1804gen2containerd-2022.03.29\",\n     \"enableFIPS\": false\n
        \   }\n   ],\n   \"linuxProfile\": {\n    \"adminUsername\": \"azureuser\",\n
        \   \"ssh\": {\n     \"publicKeys\": [\n      {\n       \"keyData\": \"ssh-rsa
        AAAAB3NzaC1yc2EAAAADAQABAAABAQDLdaun1GPmELROrLmG67+ItXDLcnRD7OCuaXCGdWFneMgqftElrhf0x0zlYjq1XzzDbHsgggcknCg2wwmaJYfqfbyicLixda+M2CxxVNu4ghKIaJ93xsimEgfD+hFdqogwKuB2C7tJr73sgFQhppae0OcbBCETCp3Sp0xmtozdpke0f0YOU8Xqf9J2nOv97+Ot8XOWjowLbQXQm63SrlGS+UkvxHX30UnJzLo6pVSYVVjL+Qu1a6qGMaMIyTSCRpm8aUaixl0xv71eHLH8LkWqDQFFB7Yp4+reIIJIArrdWb6t6zfZ8YKw+xNnafngbUboJUxRYP+lzeiRmVC3zN0L
        azcli_aks_live_test@example.com\\n\"\n      }\n     ]\n    }\n   },\n   \"servicePrincipalProfile\":
        {\n    \"clientId\":\"00000000-0000-0000-0000-000000000001\"\n   },\n   \"nodeResourceGroup\":
        \"MC_clitest000001_cliakstest000002_westus2\",\n   \"enableRBAC\": true,\n
        \  \"enablePodSecurityPolicy\": false,\n   \"networkProfile\": {\n    \"networkPlugin\":
        \"kubenet\",\n    \"loadBalancerSku\": \"Standard\",\n    \"loadBalancerProfile\":
        {\n     \"managedOutboundIPs\": {\n      \"count\": 1\n     },\n     \"effectiveOutboundIPs\":
        [\n      {\n       \"id\": \"/subscriptions/00000000-0000-0000-0000-000000000000/resourceGroups/MC_clitest000001_cliakstest000002_westus2/providers/Microsoft.Network/publicIPAddresses/0bdbf32e-756f-483a-bc66-2faa73d5641c\"\n
        \     }\n     ]\n    },\n    \"podCidr\": \"10.244.0.0/16\",\n    \"serviceCidr\":
        \"10.0.0.0/16\",\n    \"dnsServiceIP\": \"10.0.0.10\",\n    \"dockerBridgeCidr\":
        \"172.17.0.1/16\",\n    \"outboundType\": \"loadBalancer\",\n    \"podCidrs\":
        [\n     \"10.244.0.0/16\"\n    ],\n    \"serviceCidrs\": [\n     \"10.0.0.0/16\"\n
        \   ],\n    \"ipFamilies\": [\n     \"IPv4\"\n    ]\n   },\n   \"aadProfile\":
        {\n    \"managed\": true,\n    \"adminGroupObjectIDs\": [\n     \"00000000-0000-0000-0000-000000000001\"\n
        \   ],\n    \"adminUsers\": null,\n    \"enableAzureRBAC\": true,\n    \"tenantID\":
        \"72f988bf-86f1-41af-91ab-2d7cd011db47\"\n   },\n   \"maxAgentPools\": 100,\n
        \  \"identityProfile\": {\n    \"kubeletidentity\": {\n     \"resourceId\":
        \"/subscriptions/00000000-0000-0000-0000-000000000000/resourcegroups/MC_clitest000001_cliakstest000002_westus2/providers/Microsoft.ManagedIdentity/userAssignedIdentities/cliakstest000002-agentpool\",\n
        \    \"clientId\":\"00000000-0000-0000-0000-000000000001\",\n     \"objectId\":\"00000000-0000-0000-0000-000000000001\"\n
        \   }\n   },\n   \"disableLocalAccounts\": false,\n   \"securityProfile\":
        {},\n   \"oidcIssuerProfile\": {\n    \"enabled\": false\n   }\n  },\n  \"identity\":
        {\n   \"type\": \"SystemAssigned\",\n   \"principalId\":\"00000000-0000-0000-0000-000000000001\",\n
        \  \"tenantId\": \"72f988bf-86f1-41af-91ab-2d7cd011db47\"\n  },\n  \"sku\":
        {\n   \"name\": \"Basic\",\n   \"tier\": \"Free\"\n  }\n }"
    headers:
      cache-control:
      - no-cache
      content-length:
      - '3944'
      content-type:
      - application/json
      date:
      - Thu, 14 Apr 2022 04:51:17 GMT
      expires:
      - '-1'
      pragma:
      - no-cache
      server:
      - nginx
      strict-transport-security:
      - max-age=31536000; includeSubDomains
      transfer-encoding:
      - chunked
      vary:
      - Accept-Encoding
      x-content-type-options:
      - nosniff
    status:
      code: 200
      message: OK
- request:
    body: '{"location": "westus2", "sku": {"name": "Basic", "tier": "Free"}, "identity":
      {"type": "SystemAssigned"}, "properties": {"kubernetesVersion": "1.21.9", "dnsPrefix":
      "cliakstest-clitesty2vjyhcmh-8ecadf", "agentPoolProfiles": [{"count": 1, "vmSize":
      "Standard_DS2_v2", "osDiskSizeGB": 128, "osDiskType": "Managed", "kubeletDiskType":
      "OS", "workloadRuntime": "OCIContainer", "maxPods": 110, "osType": "Linux",
      "osSKU": "Ubuntu", "enableAutoScaling": false, "type": "VirtualMachineScaleSets",
      "mode": "System", "currentOrchestratorVersion": "1.21.9", "powerState": {"code":
      "Running"}, "enableNodePublicIP": false, "enableEncryptionAtHost": false, "enableUltraSSD":
      false, "enableFIPS": false, "name": "nodepool1"}], "linuxProfile": {"adminUsername":
      "azureuser", "ssh": {"publicKeys": [{"keyData": "ssh-rsa AAAAB3NzaC1yc2EAAAADAQABAAABAQDLdaun1GPmELROrLmG67+ItXDLcnRD7OCuaXCGdWFneMgqftElrhf0x0zlYjq1XzzDbHsgggcknCg2wwmaJYfqfbyicLixda+M2CxxVNu4ghKIaJ93xsimEgfD+hFdqogwKuB2C7tJr73sgFQhppae0OcbBCETCp3Sp0xmtozdpke0f0YOU8Xqf9J2nOv97+Ot8XOWjowLbQXQm63SrlGS+UkvxHX30UnJzLo6pVSYVVjL+Qu1a6qGMaMIyTSCRpm8aUaixl0xv71eHLH8LkWqDQFFB7Yp4+reIIJIArrdWb6t6zfZ8YKw+xNnafngbUboJUxRYP+lzeiRmVC3zN0L
      azcli_aks_live_test@example.com\n"}]}}, "servicePrincipalProfile": {"clientId":"00000000-0000-0000-0000-000000000001"},
      "nodeResourceGroup": "MC_clitest000001_cliakstest000002_westus2", "enableRBAC":
      true, "enablePodSecurityPolicy": false, "networkProfile": {"networkPlugin":
      "kubenet", "podCidr": "10.244.0.0/16", "serviceCidr": "10.0.0.0/16", "dnsServiceIP":
      "10.0.0.10", "dockerBridgeCidr": "172.17.0.1/16", "outboundType": "loadBalancer",
      "loadBalancerSku": "Standard", "loadBalancerProfile": {"managedOutboundIPs":
      {"count": 1, "countIPv6": 0}, "effectiveOutboundIPs": [{"id": "/subscriptions/00000000-0000-0000-0000-000000000000/resourceGroups/MC_clitest000001_cliakstest000002_westus2/providers/Microsoft.Network/publicIPAddresses/0bdbf32e-756f-483a-bc66-2faa73d5641c"}]},
      "podCidrs": ["10.244.0.0/16"], "serviceCidrs": ["10.0.0.0/16"], "ipFamilies":
      ["IPv4"]}, "aadProfile": {"managed": true, "enableAzureRBAC": false, "adminGroupObjectIDs":
      ["00000000-0000-0000-0000-000000000001"], "tenantID": "72f988bf-86f1-41af-91ab-2d7cd011db47"},
      "identityProfile": {"kubeletidentity": {"resourceId": "/subscriptions/00000000-0000-0000-0000-000000000000/resourcegroups/MC_clitest000001_cliakstest000002_westus2/providers/Microsoft.ManagedIdentity/userAssignedIdentities/cliakstest000002-agentpool",
      "clientId":"00000000-0000-0000-0000-000000000001", "objectId":"00000000-0000-0000-0000-000000000001"}},
      "disableLocalAccounts": false, "securityProfile": {}}}'
    headers:
      Accept:
      - application/json
      Accept-Encoding:
      - gzip, deflate
      CommandName:
      - aks update
      Connection:
      - keep-alive
      Content-Length:
      - '2633'
      Content-Type:
      - application/json
      ParameterSetName:
      - --resource-group --name --disable-azure-rbac -o
      User-Agent:
      - AZURECLI/2.35.0 azsdk-python-azure-mgmt-containerservice/18.0.0b Python/3.8.10
        (Linux-5.13.0-1021-azure-x86_64-with-glibc2.29)
    method: PUT
    uri: https://management.azure.com/subscriptions/00000000-0000-0000-0000-000000000000/resourceGroups/clitest000001/providers/Microsoft.ContainerService/managedClusters/cliakstest000002?api-version=2022-03-02-preview
  response:
    body:
      string: "{\n  \"id\": \"/subscriptions/00000000-0000-0000-0000-000000000000/resourcegroups/clitest000001/providers/Microsoft.ContainerService/managedClusters/cliakstest000002\",\n
        \ \"location\": \"westus2\",\n  \"name\": \"cliakstest000002\",\n  \"type\":
        \"Microsoft.ContainerService/ManagedClusters\",\n  \"properties\": {\n   \"provisioningState\":
        \"Updating\",\n   \"powerState\": {\n    \"code\": \"Running\"\n   },\n   \"kubernetesVersion\":
        \"1.21.9\",\n   \"currentKubernetesVersion\": \"1.21.9\",\n   \"dnsPrefix\":
        \"cliakstest-clitesty2vjyhcmh-8ecadf\",\n   \"fqdn\": \"cliakstest-clitesty2vjyhcmh-8ecadf-05c6eabf.hcp.westus2.azmk8s.io\",\n
        \  \"azurePortalFQDN\": \"cliakstest-clitesty2vjyhcmh-8ecadf-05c6eabf.portal.hcp.westus2.azmk8s.io\",\n
        \  \"agentPoolProfiles\": [\n    {\n     \"name\": \"nodepool1\",\n     \"count\":
        1,\n     \"vmSize\": \"Standard_DS2_v2\",\n     \"osDiskSizeGB\": 128,\n     \"osDiskType\":
        \"Managed\",\n     \"kubeletDiskType\": \"OS\",\n     \"workloadRuntime\":
        \"OCIContainer\",\n     \"maxPods\": 110,\n     \"type\": \"VirtualMachineScaleSets\",\n
        \    \"enableAutoScaling\": false,\n     \"provisioningState\": \"Updating\",\n
        \    \"powerState\": {\n      \"code\": \"Running\"\n     },\n     \"currentOrchestratorVersion\":
        \"1.21.9\",\n     \"enableNodePublicIP\": false,\n     \"mode\": \"System\",\n
        \    \"enableEncryptionAtHost\": false,\n     \"enableUltraSSD\": false,\n
        \    \"osType\": \"Linux\",\n     \"osSKU\": \"Ubuntu\",\n     \"nodeImageVersion\":
        \"AKSUbuntu-1804gen2containerd-2022.03.29\",\n     \"enableFIPS\": false\n
        \   }\n   ],\n   \"linuxProfile\": {\n    \"adminUsername\": \"azureuser\",\n
        \   \"ssh\": {\n     \"publicKeys\": [\n      {\n       \"keyData\": \"ssh-rsa
        AAAAB3NzaC1yc2EAAAADAQABAAABAQDLdaun1GPmELROrLmG67+ItXDLcnRD7OCuaXCGdWFneMgqftElrhf0x0zlYjq1XzzDbHsgggcknCg2wwmaJYfqfbyicLixda+M2CxxVNu4ghKIaJ93xsimEgfD+hFdqogwKuB2C7tJr73sgFQhppae0OcbBCETCp3Sp0xmtozdpke0f0YOU8Xqf9J2nOv97+Ot8XOWjowLbQXQm63SrlGS+UkvxHX30UnJzLo6pVSYVVjL+Qu1a6qGMaMIyTSCRpm8aUaixl0xv71eHLH8LkWqDQFFB7Yp4+reIIJIArrdWb6t6zfZ8YKw+xNnafngbUboJUxRYP+lzeiRmVC3zN0L
        azcli_aks_live_test@example.com\\n\"\n      }\n     ]\n    }\n   },\n   \"servicePrincipalProfile\":
        {\n    \"clientId\":\"00000000-0000-0000-0000-000000000001\"\n   },\n   \"nodeResourceGroup\":
        \"MC_clitest000001_cliakstest000002_westus2\",\n   \"enableRBAC\": true,\n
        \  \"enablePodSecurityPolicy\": false,\n   \"networkProfile\": {\n    \"networkPlugin\":
        \"kubenet\",\n    \"loadBalancerSku\": \"Standard\",\n    \"loadBalancerProfile\":
        {\n     \"managedOutboundIPs\": {\n      \"count\": 1\n     },\n     \"effectiveOutboundIPs\":
        [\n      {\n       \"id\": \"/subscriptions/00000000-0000-0000-0000-000000000000/resourceGroups/MC_clitest000001_cliakstest000002_westus2/providers/Microsoft.Network/publicIPAddresses/0bdbf32e-756f-483a-bc66-2faa73d5641c\"\n
        \     }\n     ]\n    },\n    \"podCidr\": \"10.244.0.0/16\",\n    \"serviceCidr\":
        \"10.0.0.0/16\",\n    \"dnsServiceIP\": \"10.0.0.10\",\n    \"dockerBridgeCidr\":
        \"172.17.0.1/16\",\n    \"outboundType\": \"loadBalancer\",\n    \"podCidrs\":
        [\n     \"10.244.0.0/16\"\n    ],\n    \"serviceCidrs\": [\n     \"10.0.0.0/16\"\n
        \   ],\n    \"ipFamilies\": [\n     \"IPv4\"\n    ]\n   },\n   \"aadProfile\":
        {\n    \"managed\": true,\n    \"adminGroupObjectIDs\": [\n     \"00000000-0000-0000-0000-000000000001\"\n
        \   ],\n    \"adminUsers\": null,\n    \"enableAzureRBAC\": false,\n    \"tenantID\":
        \"72f988bf-86f1-41af-91ab-2d7cd011db47\"\n   },\n   \"maxAgentPools\": 100,\n
        \  \"identityProfile\": {\n    \"kubeletidentity\": {\n     \"resourceId\":
        \"/subscriptions/00000000-0000-0000-0000-000000000000/resourcegroups/MC_clitest000001_cliakstest000002_westus2/providers/Microsoft.ManagedIdentity/userAssignedIdentities/cliakstest000002-agentpool\",\n
        \    \"clientId\":\"00000000-0000-0000-0000-000000000001\",\n     \"objectId\":\"00000000-0000-0000-0000-000000000001\"\n
        \   }\n   },\n   \"disableLocalAccounts\": false,\n   \"securityProfile\":
        {},\n   \"oidcIssuerProfile\": {\n    \"enabled\": false\n   }\n  },\n  \"identity\":
        {\n   \"type\": \"SystemAssigned\",\n   \"principalId\":\"00000000-0000-0000-0000-000000000001\",\n
        \  \"tenantId\": \"72f988bf-86f1-41af-91ab-2d7cd011db47\"\n  },\n  \"sku\":
        {\n   \"name\": \"Basic\",\n   \"tier\": \"Free\"\n  }\n }"
    headers:
      azure-asyncoperation:
      - https://management.azure.com/subscriptions/00000000-0000-0000-0000-000000000000/providers/Microsoft.ContainerService/locations/westus2/operations/35da83ec-cda5-45f2-85eb-c2df0a3eb48a?api-version=2016-03-30
      cache-control:
      - no-cache
      content-length:
      - '3943'
      content-type:
      - application/json
      date:
      - Thu, 14 Apr 2022 04:51:19 GMT
      expires:
      - '-1'
      pragma:
      - no-cache
      server:
      - nginx
      strict-transport-security:
      - max-age=31536000; includeSubDomains
      transfer-encoding:
      - chunked
      vary:
      - Accept-Encoding
      x-content-type-options:
      - nosniff
      x-ms-ratelimit-remaining-subscription-writes:
      - '1193'
    status:
      code: 200
      message: OK
- request:
    body: null
    headers:
      Accept:
      - '*/*'
      Accept-Encoding:
      - gzip, deflate
      CommandName:
      - aks update
      Connection:
      - keep-alive
      ParameterSetName:
      - --resource-group --name --disable-azure-rbac -o
      User-Agent:
      - AZURECLI/2.35.0 azsdk-python-azure-mgmt-containerservice/18.0.0b Python/3.8.10
        (Linux-5.13.0-1021-azure-x86_64-with-glibc2.29)
    method: GET
    uri: https://management.azure.com/subscriptions/00000000-0000-0000-0000-000000000000/providers/Microsoft.ContainerService/locations/westus2/operations/35da83ec-cda5-45f2-85eb-c2df0a3eb48a?api-version=2016-03-30
  response:
    body:
      string: "{\n  \"name\": \"ec83da35-a5cd-f245-85eb-c2df0a3eb48a\",\n  \"status\":
        \"InProgress\",\n  \"startTime\": \"2022-04-14T04:51:19.98Z\"\n }"
    headers:
      cache-control:
      - no-cache
      content-length:
      - '121'
      content-type:
      - application/json
      date:
      - Thu, 14 Apr 2022 04:51:50 GMT
      expires:
      - '-1'
      pragma:
      - no-cache
      server:
      - nginx
      strict-transport-security:
      - max-age=31536000; includeSubDomains
      transfer-encoding:
      - chunked
      vary:
      - Accept-Encoding
      x-content-type-options:
      - nosniff
    status:
      code: 200
      message: OK
- request:
    body: null
    headers:
      Accept:
      - '*/*'
      Accept-Encoding:
      - gzip, deflate
      CommandName:
      - aks update
      Connection:
      - keep-alive
      ParameterSetName:
      - --resource-group --name --disable-azure-rbac -o
      User-Agent:
      - AZURECLI/2.35.0 azsdk-python-azure-mgmt-containerservice/18.0.0b Python/3.8.10
        (Linux-5.13.0-1021-azure-x86_64-with-glibc2.29)
    method: GET
    uri: https://management.azure.com/subscriptions/00000000-0000-0000-0000-000000000000/providers/Microsoft.ContainerService/locations/westus2/operations/35da83ec-cda5-45f2-85eb-c2df0a3eb48a?api-version=2016-03-30
  response:
    body:
      string: "{\n  \"name\": \"ec83da35-a5cd-f245-85eb-c2df0a3eb48a\",\n  \"status\":
        \"InProgress\",\n  \"startTime\": \"2022-04-14T04:51:19.98Z\"\n }"
    headers:
      cache-control:
      - no-cache
      content-length:
      - '121'
      content-type:
      - application/json
      date:
      - Thu, 14 Apr 2022 04:52:19 GMT
      expires:
      - '-1'
      pragma:
      - no-cache
      server:
      - nginx
      strict-transport-security:
      - max-age=31536000; includeSubDomains
      transfer-encoding:
      - chunked
      vary:
      - Accept-Encoding
      x-content-type-options:
      - nosniff
    status:
      code: 200
      message: OK
- request:
    body: null
    headers:
      Accept:
      - '*/*'
      Accept-Encoding:
      - gzip, deflate
      CommandName:
      - aks update
      Connection:
      - keep-alive
      ParameterSetName:
      - --resource-group --name --disable-azure-rbac -o
      User-Agent:
      - AZURECLI/2.35.0 azsdk-python-azure-mgmt-containerservice/18.0.0b Python/3.8.10
        (Linux-5.13.0-1021-azure-x86_64-with-glibc2.29)
    method: GET
    uri: https://management.azure.com/subscriptions/00000000-0000-0000-0000-000000000000/providers/Microsoft.ContainerService/locations/westus2/operations/35da83ec-cda5-45f2-85eb-c2df0a3eb48a?api-version=2016-03-30
  response:
    body:
      string: "{\n  \"name\": \"ec83da35-a5cd-f245-85eb-c2df0a3eb48a\",\n  \"status\":
        \"InProgress\",\n  \"startTime\": \"2022-04-14T04:51:19.98Z\"\n }"
    headers:
      cache-control:
      - no-cache
      content-length:
      - '121'
      content-type:
      - application/json
      date:
      - Thu, 14 Apr 2022 04:52:50 GMT
      expires:
      - '-1'
      pragma:
      - no-cache
      server:
      - nginx
      strict-transport-security:
      - max-age=31536000; includeSubDomains
      transfer-encoding:
      - chunked
      vary:
      - Accept-Encoding
      x-content-type-options:
      - nosniff
    status:
      code: 200
      message: OK
- request:
    body: null
    headers:
      Accept:
      - '*/*'
      Accept-Encoding:
      - gzip, deflate
      CommandName:
      - aks update
      Connection:
      - keep-alive
      ParameterSetName:
      - --resource-group --name --disable-azure-rbac -o
      User-Agent:
      - AZURECLI/2.35.0 azsdk-python-azure-mgmt-containerservice/18.0.0b Python/3.8.10
        (Linux-5.13.0-1021-azure-x86_64-with-glibc2.29)
    method: GET
    uri: https://management.azure.com/subscriptions/00000000-0000-0000-0000-000000000000/providers/Microsoft.ContainerService/locations/westus2/operations/35da83ec-cda5-45f2-85eb-c2df0a3eb48a?api-version=2016-03-30
  response:
    body:
      string: "{\n  \"name\": \"ec83da35-a5cd-f245-85eb-c2df0a3eb48a\",\n  \"status\":
        \"InProgress\",\n  \"startTime\": \"2022-04-14T04:51:19.98Z\"\n }"
    headers:
      cache-control:
      - no-cache
      content-length:
      - '121'
      content-type:
      - application/json
      date:
      - Thu, 14 Apr 2022 04:53:20 GMT
      expires:
      - '-1'
      pragma:
      - no-cache
      server:
      - nginx
      strict-transport-security:
      - max-age=31536000; includeSubDomains
      transfer-encoding:
      - chunked
      vary:
      - Accept-Encoding
      x-content-type-options:
      - nosniff
    status:
      code: 200
      message: OK
- request:
    body: null
    headers:
      Accept:
      - '*/*'
      Accept-Encoding:
      - gzip, deflate
      CommandName:
      - aks update
      Connection:
      - keep-alive
      ParameterSetName:
      - --resource-group --name --disable-azure-rbac -o
      User-Agent:
      - AZURECLI/2.35.0 azsdk-python-azure-mgmt-containerservice/18.0.0b Python/3.8.10
        (Linux-5.13.0-1021-azure-x86_64-with-glibc2.29)
    method: GET
    uri: https://management.azure.com/subscriptions/00000000-0000-0000-0000-000000000000/providers/Microsoft.ContainerService/locations/westus2/operations/35da83ec-cda5-45f2-85eb-c2df0a3eb48a?api-version=2016-03-30
  response:
    body:
      string: "{\n  \"name\": \"ec83da35-a5cd-f245-85eb-c2df0a3eb48a\",\n  \"status\":
        \"Succeeded\",\n  \"startTime\": \"2022-04-14T04:51:19.98Z\",\n  \"endTime\":
        \"2022-04-14T04:53:30.7735259Z\"\n }"
    headers:
      cache-control:
      - no-cache
      content-length:
      - '165'
      content-type:
      - application/json
      date:
      - Thu, 14 Apr 2022 04:53:49 GMT
      expires:
      - '-1'
      pragma:
      - no-cache
      server:
      - nginx
      strict-transport-security:
      - max-age=31536000; includeSubDomains
      transfer-encoding:
      - chunked
      vary:
      - Accept-Encoding
      x-content-type-options:
      - nosniff
    status:
      code: 200
      message: OK
- request:
    body: null
    headers:
      Accept:
      - '*/*'
      Accept-Encoding:
      - gzip, deflate
      CommandName:
      - aks update
      Connection:
      - keep-alive
      ParameterSetName:
      - --resource-group --name --disable-azure-rbac -o
      User-Agent:
      - AZURECLI/2.35.0 azsdk-python-azure-mgmt-containerservice/18.0.0b Python/3.8.10
        (Linux-5.13.0-1021-azure-x86_64-with-glibc2.29)
    method: GET
    uri: https://management.azure.com/subscriptions/00000000-0000-0000-0000-000000000000/resourceGroups/clitest000001/providers/Microsoft.ContainerService/managedClusters/cliakstest000002?api-version=2022-03-02-preview
  response:
    body:
      string: "{\n  \"id\": \"/subscriptions/00000000-0000-0000-0000-000000000000/resourcegroups/clitest000001/providers/Microsoft.ContainerService/managedClusters/cliakstest000002\",\n
        \ \"location\": \"westus2\",\n  \"name\": \"cliakstest000002\",\n  \"type\":
        \"Microsoft.ContainerService/ManagedClusters\",\n  \"properties\": {\n   \"provisioningState\":
        \"Succeeded\",\n   \"powerState\": {\n    \"code\": \"Running\"\n   },\n   \"kubernetesVersion\":
        \"1.21.9\",\n   \"currentKubernetesVersion\": \"1.21.9\",\n   \"dnsPrefix\":
        \"cliakstest-clitesty2vjyhcmh-8ecadf\",\n   \"fqdn\": \"cliakstest-clitesty2vjyhcmh-8ecadf-05c6eabf.hcp.westus2.azmk8s.io\",\n
        \  \"azurePortalFQDN\": \"cliakstest-clitesty2vjyhcmh-8ecadf-05c6eabf.portal.hcp.westus2.azmk8s.io\",\n
        \  \"agentPoolProfiles\": [\n    {\n     \"name\": \"nodepool1\",\n     \"count\":
        1,\n     \"vmSize\": \"Standard_DS2_v2\",\n     \"osDiskSizeGB\": 128,\n     \"osDiskType\":
        \"Managed\",\n     \"kubeletDiskType\": \"OS\",\n     \"workloadRuntime\":
        \"OCIContainer\",\n     \"maxPods\": 110,\n     \"type\": \"VirtualMachineScaleSets\",\n
        \    \"enableAutoScaling\": false,\n     \"provisioningState\": \"Succeeded\",\n
        \    \"powerState\": {\n      \"code\": \"Running\"\n     },\n     \"currentOrchestratorVersion\":
        \"1.21.9\",\n     \"enableNodePublicIP\": false,\n     \"mode\": \"System\",\n
        \    \"enableEncryptionAtHost\": false,\n     \"enableUltraSSD\": false,\n
        \    \"osType\": \"Linux\",\n     \"osSKU\": \"Ubuntu\",\n     \"nodeImageVersion\":
        \"AKSUbuntu-1804gen2containerd-2022.03.29\",\n     \"enableFIPS\": false\n
        \   }\n   ],\n   \"linuxProfile\": {\n    \"adminUsername\": \"azureuser\",\n
        \   \"ssh\": {\n     \"publicKeys\": [\n      {\n       \"keyData\": \"ssh-rsa
        AAAAB3NzaC1yc2EAAAADAQABAAABAQDLdaun1GPmELROrLmG67+ItXDLcnRD7OCuaXCGdWFneMgqftElrhf0x0zlYjq1XzzDbHsgggcknCg2wwmaJYfqfbyicLixda+M2CxxVNu4ghKIaJ93xsimEgfD+hFdqogwKuB2C7tJr73sgFQhppae0OcbBCETCp3Sp0xmtozdpke0f0YOU8Xqf9J2nOv97+Ot8XOWjowLbQXQm63SrlGS+UkvxHX30UnJzLo6pVSYVVjL+Qu1a6qGMaMIyTSCRpm8aUaixl0xv71eHLH8LkWqDQFFB7Yp4+reIIJIArrdWb6t6zfZ8YKw+xNnafngbUboJUxRYP+lzeiRmVC3zN0L
        azcli_aks_live_test@example.com\\n\"\n      }\n     ]\n    }\n   },\n   \"servicePrincipalProfile\":
        {\n    \"clientId\":\"00000000-0000-0000-0000-000000000001\"\n   },\n   \"nodeResourceGroup\":
        \"MC_clitest000001_cliakstest000002_westus2\",\n   \"enableRBAC\": true,\n
        \  \"enablePodSecurityPolicy\": false,\n   \"networkProfile\": {\n    \"networkPlugin\":
        \"kubenet\",\n    \"loadBalancerSku\": \"Standard\",\n    \"loadBalancerProfile\":
        {\n     \"managedOutboundIPs\": {\n      \"count\": 1\n     },\n     \"effectiveOutboundIPs\":
        [\n      {\n       \"id\": \"/subscriptions/00000000-0000-0000-0000-000000000000/resourceGroups/MC_clitest000001_cliakstest000002_westus2/providers/Microsoft.Network/publicIPAddresses/0bdbf32e-756f-483a-bc66-2faa73d5641c\"\n
        \     }\n     ]\n    },\n    \"podCidr\": \"10.244.0.0/16\",\n    \"serviceCidr\":
        \"10.0.0.0/16\",\n    \"dnsServiceIP\": \"10.0.0.10\",\n    \"dockerBridgeCidr\":
        \"172.17.0.1/16\",\n    \"outboundType\": \"loadBalancer\",\n    \"podCidrs\":
        [\n     \"10.244.0.0/16\"\n    ],\n    \"serviceCidrs\": [\n     \"10.0.0.0/16\"\n
        \   ],\n    \"ipFamilies\": [\n     \"IPv4\"\n    ]\n   },\n   \"aadProfile\":
        {\n    \"managed\": true,\n    \"adminGroupObjectIDs\": [\n     \"00000000-0000-0000-0000-000000000001\"\n
        \   ],\n    \"adminUsers\": null,\n    \"enableAzureRBAC\": false,\n    \"tenantID\":
        \"72f988bf-86f1-41af-91ab-2d7cd011db47\"\n   },\n   \"maxAgentPools\": 100,\n
        \  \"identityProfile\": {\n    \"kubeletidentity\": {\n     \"resourceId\":
        \"/subscriptions/00000000-0000-0000-0000-000000000000/resourcegroups/MC_clitest000001_cliakstest000002_westus2/providers/Microsoft.ManagedIdentity/userAssignedIdentities/cliakstest000002-agentpool\",\n
        \    \"clientId\":\"00000000-0000-0000-0000-000000000001\",\n     \"objectId\":\"00000000-0000-0000-0000-000000000001\"\n
        \   }\n   },\n   \"disableLocalAccounts\": false,\n   \"securityProfile\":
        {},\n   \"oidcIssuerProfile\": {\n    \"enabled\": false\n   }\n  },\n  \"identity\":
        {\n   \"type\": \"SystemAssigned\",\n   \"principalId\":\"00000000-0000-0000-0000-000000000001\",\n
        \  \"tenantId\": \"72f988bf-86f1-41af-91ab-2d7cd011db47\"\n  },\n  \"sku\":
        {\n   \"name\": \"Basic\",\n   \"tier\": \"Free\"\n  }\n }"
    headers:
      cache-control:
      - no-cache
      content-length:
      - '3945'
      content-type:
      - application/json
      date:
      - Thu, 14 Apr 2022 04:53:50 GMT
      expires:
      - '-1'
      pragma:
      - no-cache
      server:
      - nginx
      strict-transport-security:
      - max-age=31536000; includeSubDomains
      transfer-encoding:
      - chunked
      vary:
      - Accept-Encoding
      x-content-type-options:
      - nosniff
    status:
      code: 200
      message: OK
version: 1
