interactions:
- request:
    body: '{"location": "westus2", "identity": {"type": "SystemAssigned"}, "properties":
      {"kubernetesVersion": "", "dnsPrefix": "cliaksdns000002", "agentPoolProfiles":
      [{"count": 1, "vmSize": "Standard_DS2_v2", "workloadRuntime": "OCIContainer",
      "osType": "Linux", "enableAutoScaling": false, "type": "VirtualMachineScaleSets",
      "mode": "System", "enableNodePublicIP": false, "scaleSetPriority": "Regular",
      "scaleSetEvictionPolicy": "Delete", "spotMaxPrice": -1.0, "enableEncryptionAtHost":
      false, "enableUltraSSD": false, "enableFIPS": false, "name": "nodepool1"}],
      "linuxProfile": {"adminUsername": "azureuser", "ssh": {"publicKeys": [{"keyData":
      "ssh-rsa AAAAB3NzaC1yc2EAAAADAQABAAABAQCl5mpv51nDwg63jdXOCZTU8bqiGzaJ8s/qwDudJbAVTi+TKDiVC/x6GG5cDjzSzKKPRtlumnYoAC3U35T/qV0wEznRZ9WL3mk46r96gIqJt1JyQiAPk6ImovK89USm6hFLji7mEJRF8tJkGjgR+N5blbtU0hCytxM2VGZfW5u8oLNdlQSGsy9QKq8TItUy1ra8i02maSZHQFdEuHwxbjimi5IgUWXug+IwCqInTMiMBYaoSnmnQ8tZPPmxAfMDQKcHiHYO6YuNJSrvNfTgszdmUiZ8V8APMIFfkcOtKsicjOj6AzKjb+Zo1WFqQSFcoyJFXNTYgPPRCfEzYPhNa1hD
      azcli_aks_live_test@example.com\n"}]}}, "windowsProfile": {"adminUsername":
      "azureuser1", "adminPassword": "replace-Password1234$"}, "addonProfiles": {},
      "enableRBAC": true, "enablePodSecurityPolicy": false, "networkProfile": {"networkPlugin":
      "azure", "outboundType": "loadBalancer", "loadBalancerSku": "standard"}, "disableLocalAccounts":
      false, "storageProfile": {"diskCSIDriver": {"enabled": true}, "fileCSIDriver":
      {"enabled": true}, "snapshotController": {"enabled": true}}}}'
    headers:
      Accept:
      - application/json
      Accept-Encoding:
      - gzip, deflate
      CommandName:
      - aks create
      Connection:
      - keep-alive
      Content-Length:
      - '1500'
      Content-Type:
      - application/json
      ParameterSetName:
      - --resource-group --name --location --dns-name-prefix --node-count --windows-admin-username
        --windows-admin-password --load-balancer-sku --vm-set-type --network-plugin
        --ssh-key-value
      User-Agent:
      - AZURECLI/2.36.0 azsdk-python-azure-mgmt-containerservice/19.0.0b Python/3.8.10
        (Linux-5.13.0-1022-azure-x86_64-with-glibc2.29)
    method: PUT
    uri: https://management.azure.com/subscriptions/00000000-0000-0000-0000-000000000000/resourceGroups/clitest000001/providers/Microsoft.ContainerService/managedClusters/cliakstest000001?api-version=2022-04-02-preview
  response:
    body:
      string: "{\n  \"id\": \"/subscriptions/00000000-0000-0000-0000-000000000000/resourcegroups/clitest000001/providers/Microsoft.ContainerService/managedClusters/cliakstest000001\",\n
        \ \"location\": \"westus2\",\n  \"name\": \"cliakstest000001\",\n  \"type\":
        \"Microsoft.ContainerService/ManagedClusters\",\n  \"properties\": {\n   \"provisioningState\":
        \"Creating\",\n   \"powerState\": {\n    \"code\": \"Running\"\n   },\n   \"kubernetesVersion\":
        \"1.22.6\",\n   \"currentKubernetesVersion\": \"1.22.6\",\n   \"dnsPrefix\":
        \"cliaksdns000002\",\n   \"fqdn\": \"cliaksdns000002-16e8133c.hcp.westus2.azmk8s.io\",\n
        \  \"azurePortalFQDN\": \"cliaksdns000002-16e8133c.portal.hcp.westus2.azmk8s.io\",\n
        \  \"agentPoolProfiles\": [\n    {\n     \"name\": \"nodepool1\",\n     \"count\":
        1,\n     \"vmSize\": \"Standard_DS2_v2\",\n     \"osDiskSizeGB\": 128,\n     \"osDiskType\":
        \"Managed\",\n     \"kubeletDiskType\": \"OS\",\n     \"workloadRuntime\":
        \"OCIContainer\",\n     \"maxPods\": 30,\n     \"type\": \"VirtualMachineScaleSets\",\n
        \    \"enableAutoScaling\": false,\n     \"provisioningState\": \"Creating\",\n
        \    \"powerState\": {\n      \"code\": \"Running\"\n     },\n     \"orchestratorVersion\":
        \"1.22.6\",\n     \"enableNodePublicIP\": false,\n     \"mode\": \"System\",\n
        \    \"enableEncryptionAtHost\": false,\n     \"enableUltraSSD\": false,\n
        \    \"osType\": \"Linux\",\n     \"osSKU\": \"Ubuntu\",\n     \"nodeImageVersion\":
        \"AKSUbuntu-1804gen2containerd-2022.04.19\",\n     \"enableFIPS\": false\n
        \   }\n   ],\n   \"linuxProfile\": {\n    \"adminUsername\": \"azureuser\",\n
        \   \"ssh\": {\n     \"publicKeys\": [\n      {\n       \"keyData\": \"ssh-rsa
        AAAAB3NzaC1yc2EAAAADAQABAAABAQCl5mpv51nDwg63jdXOCZTU8bqiGzaJ8s/qwDudJbAVTi+TKDiVC/x6GG5cDjzSzKKPRtlumnYoAC3U35T/qV0wEznRZ9WL3mk46r96gIqJt1JyQiAPk6ImovK89USm6hFLji7mEJRF8tJkGjgR+N5blbtU0hCytxM2VGZfW5u8oLNdlQSGsy9QKq8TItUy1ra8i02maSZHQFdEuHwxbjimi5IgUWXug+IwCqInTMiMBYaoSnmnQ8tZPPmxAfMDQKcHiHYO6YuNJSrvNfTgszdmUiZ8V8APMIFfkcOtKsicjOj6AzKjb+Zo1WFqQSFcoyJFXNTYgPPRCfEzYPhNa1hD
        azcli_aks_live_test@example.com\\n\"\n      }\n     ]\n    }\n   },\n   \"windowsProfile\":
        {\n    \"adminUsername\": \"azureuser1\",\n    \"enableCSIProxy\": true\n
        \  },\n   \"servicePrincipalProfile\": {\n    \"clientId\":\"00000000-0000-0000-0000-000000000001\"\n
        \  },\n   \"nodeResourceGroup\": \"MC_clitest000001_cliakstest000001_westus2\",\n
        \  \"enableRBAC\": true,\n   \"enablePodSecurityPolicy\": false,\n   \"networkProfile\":
        {\n    \"networkPlugin\": \"azure\",\n    \"loadBalancerSku\": \"standard\",\n
        \   \"loadBalancerProfile\": {\n     \"managedOutboundIPs\": {\n      \"count\":
        1\n     }\n    },\n    \"serviceCidr\": \"10.0.0.0/16\",\n    \"dnsServiceIP\":
        \"10.0.0.10\",\n    \"dockerBridgeCidr\": \"172.17.0.1/16\",\n    \"outboundType\":
        \"loadBalancer\",\n    \"serviceCidrs\": [\n     \"10.0.0.0/16\"\n    ],\n
        \   \"ipFamilies\": [\n     \"IPv4\"\n    ]\n   },\n   \"maxAgentPools\":
        100,\n   \"disableLocalAccounts\": false,\n   \"securityProfile\": {},\n   \"storageProfile\":
        {\n    \"diskCSIDriver\": {\n     \"enabled\": true\n    },\n    \"fileCSIDriver\":
        {\n     \"enabled\": true\n    },\n    \"snapshotController\": {\n     \"enabled\":
        true\n    }\n   },\n   \"oidcIssuerProfile\": {\n    \"enabled\": false\n
        \  }\n  },\n  \"identity\": {\n   \"type\": \"SystemAssigned\",\n   \"principalId\":\"00000000-0000-0000-0000-000000000001\",\n
        \  \"tenantId\": \"72f988bf-86f1-41af-91ab-2d7cd011db47\"\n  },\n  \"sku\":
        {\n   \"name\": \"Basic\",\n   \"tier\": \"Free\"\n  }\n }"
    headers:
      azure-asyncoperation:
      - https://management.azure.com/subscriptions/00000000-0000-0000-0000-000000000000/providers/Microsoft.ContainerService/locations/westus2/operations/d034894e-641f-4e54-8f2d-a404ada01987?api-version=2016-03-30
      cache-control:
      - no-cache
      content-length:
      - '3189'
      content-type:
      - application/json
      date:
      - Tue, 10 May 2022 04:39:05 GMT
      expires:
      - '-1'
      pragma:
      - no-cache
      server:
      - nginx
      strict-transport-security:
      - max-age=31536000; includeSubDomains
      x-content-type-options:
      - nosniff
      x-ms-ratelimit-remaining-subscription-writes:
      - '1193'
    status:
      code: 201
      message: Created
- request:
    body: null
    headers:
      Accept:
      - '*/*'
      Accept-Encoding:
      - gzip, deflate
      CommandName:
      - aks create
      Connection:
      - keep-alive
      ParameterSetName:
      - --resource-group --name --location --dns-name-prefix --node-count --windows-admin-username
        --windows-admin-password --load-balancer-sku --vm-set-type --network-plugin
        --ssh-key-value
      User-Agent:
      - AZURECLI/2.36.0 azsdk-python-azure-mgmt-containerservice/19.0.0b Python/3.8.10
        (Linux-5.13.0-1022-azure-x86_64-with-glibc2.29)
    method: GET
    uri: https://management.azure.com/subscriptions/00000000-0000-0000-0000-000000000000/providers/Microsoft.ContainerService/locations/westus2/operations/d034894e-641f-4e54-8f2d-a404ada01987?api-version=2016-03-30
  response:
    body:
      string: "{\n  \"name\": \"4e8934d0-1f64-544e-8f2d-a404ada01987\",\n  \"status\":
        \"InProgress\",\n  \"startTime\": \"2022-05-10T04:39:05.0133333Z\"\n }"
    headers:
      cache-control:
      - no-cache
      content-length:
      - '126'
      content-type:
      - application/json
      date:
      - Tue, 10 May 2022 04:39:34 GMT
      expires:
      - '-1'
      pragma:
      - no-cache
      server:
      - nginx
      strict-transport-security:
      - max-age=31536000; includeSubDomains
      transfer-encoding:
      - chunked
      vary:
      - Accept-Encoding
      x-content-type-options:
      - nosniff
    status:
      code: 200
      message: OK
- request:
    body: null
    headers:
      Accept:
      - '*/*'
      Accept-Encoding:
      - gzip, deflate
      CommandName:
      - aks create
      Connection:
      - keep-alive
      ParameterSetName:
      - --resource-group --name --location --dns-name-prefix --node-count --windows-admin-username
        --windows-admin-password --load-balancer-sku --vm-set-type --network-plugin
        --ssh-key-value
      User-Agent:
      - AZURECLI/2.36.0 azsdk-python-azure-mgmt-containerservice/19.0.0b Python/3.8.10
        (Linux-5.13.0-1022-azure-x86_64-with-glibc2.29)
    method: GET
    uri: https://management.azure.com/subscriptions/00000000-0000-0000-0000-000000000000/providers/Microsoft.ContainerService/locations/westus2/operations/d034894e-641f-4e54-8f2d-a404ada01987?api-version=2016-03-30
  response:
    body:
      string: "{\n  \"name\": \"4e8934d0-1f64-544e-8f2d-a404ada01987\",\n  \"status\":
        \"InProgress\",\n  \"startTime\": \"2022-05-10T04:39:05.0133333Z\"\n }"
    headers:
      cache-control:
      - no-cache
      content-length:
      - '126'
      content-type:
      - application/json
      date:
      - Tue, 10 May 2022 04:40:04 GMT
      expires:
      - '-1'
      pragma:
      - no-cache
      server:
      - nginx
      strict-transport-security:
      - max-age=31536000; includeSubDomains
      transfer-encoding:
      - chunked
      vary:
      - Accept-Encoding
      x-content-type-options:
      - nosniff
    status:
      code: 200
      message: OK
- request:
    body: null
    headers:
      Accept:
      - '*/*'
      Accept-Encoding:
      - gzip, deflate
      CommandName:
      - aks create
      Connection:
      - keep-alive
      ParameterSetName:
      - --resource-group --name --location --dns-name-prefix --node-count --windows-admin-username
        --windows-admin-password --load-balancer-sku --vm-set-type --network-plugin
        --ssh-key-value
      User-Agent:
      - AZURECLI/2.36.0 azsdk-python-azure-mgmt-containerservice/19.0.0b Python/3.8.10
        (Linux-5.13.0-1022-azure-x86_64-with-glibc2.29)
    method: GET
    uri: https://management.azure.com/subscriptions/00000000-0000-0000-0000-000000000000/providers/Microsoft.ContainerService/locations/westus2/operations/d034894e-641f-4e54-8f2d-a404ada01987?api-version=2016-03-30
  response:
    body:
      string: "{\n  \"name\": \"4e8934d0-1f64-544e-8f2d-a404ada01987\",\n  \"status\":
        \"InProgress\",\n  \"startTime\": \"2022-05-10T04:39:05.0133333Z\"\n }"
    headers:
      cache-control:
      - no-cache
      content-length:
      - '126'
      content-type:
      - application/json
      date:
      - Tue, 10 May 2022 04:40:34 GMT
      expires:
      - '-1'
      pragma:
      - no-cache
      server:
      - nginx
      strict-transport-security:
      - max-age=31536000; includeSubDomains
      transfer-encoding:
      - chunked
      vary:
      - Accept-Encoding
      x-content-type-options:
      - nosniff
    status:
      code: 200
      message: OK
- request:
    body: null
    headers:
      Accept:
      - '*/*'
      Accept-Encoding:
      - gzip, deflate
      CommandName:
      - aks create
      Connection:
      - keep-alive
      ParameterSetName:
      - --resource-group --name --location --dns-name-prefix --node-count --windows-admin-username
        --windows-admin-password --load-balancer-sku --vm-set-type --network-plugin
        --ssh-key-value
      User-Agent:
      - AZURECLI/2.36.0 azsdk-python-azure-mgmt-containerservice/19.0.0b Python/3.8.10
        (Linux-5.13.0-1022-azure-x86_64-with-glibc2.29)
    method: GET
    uri: https://management.azure.com/subscriptions/00000000-0000-0000-0000-000000000000/providers/Microsoft.ContainerService/locations/westus2/operations/d034894e-641f-4e54-8f2d-a404ada01987?api-version=2016-03-30
  response:
    body:
      string: "{\n  \"name\": \"4e8934d0-1f64-544e-8f2d-a404ada01987\",\n  \"status\":
        \"InProgress\",\n  \"startTime\": \"2022-05-10T04:39:05.0133333Z\"\n }"
    headers:
      cache-control:
      - no-cache
      content-length:
      - '126'
      content-type:
      - application/json
      date:
      - Tue, 10 May 2022 04:41:04 GMT
      expires:
      - '-1'
      pragma:
      - no-cache
      server:
      - nginx
      strict-transport-security:
      - max-age=31536000; includeSubDomains
      transfer-encoding:
      - chunked
      vary:
      - Accept-Encoding
      x-content-type-options:
      - nosniff
    status:
      code: 200
      message: OK
- request:
    body: null
    headers:
      Accept:
      - '*/*'
      Accept-Encoding:
      - gzip, deflate
      CommandName:
      - aks create
      Connection:
      - keep-alive
      ParameterSetName:
      - --resource-group --name --location --dns-name-prefix --node-count --windows-admin-username
        --windows-admin-password --load-balancer-sku --vm-set-type --network-plugin
        --ssh-key-value
      User-Agent:
      - AZURECLI/2.36.0 azsdk-python-azure-mgmt-containerservice/19.0.0b Python/3.8.10
        (Linux-5.13.0-1022-azure-x86_64-with-glibc2.29)
    method: GET
    uri: https://management.azure.com/subscriptions/00000000-0000-0000-0000-000000000000/providers/Microsoft.ContainerService/locations/westus2/operations/d034894e-641f-4e54-8f2d-a404ada01987?api-version=2016-03-30
  response:
    body:
      string: "{\n  \"name\": \"4e8934d0-1f64-544e-8f2d-a404ada01987\",\n  \"status\":
        \"InProgress\",\n  \"startTime\": \"2022-05-10T04:39:05.0133333Z\"\n }"
    headers:
      cache-control:
      - no-cache
      content-length:
      - '126'
      content-type:
      - application/json
      date:
      - Tue, 10 May 2022 04:41:35 GMT
      expires:
      - '-1'
      pragma:
      - no-cache
      server:
      - nginx
      strict-transport-security:
      - max-age=31536000; includeSubDomains
      transfer-encoding:
      - chunked
      vary:
      - Accept-Encoding
      x-content-type-options:
      - nosniff
    status:
      code: 200
      message: OK
- request:
    body: null
    headers:
      Accept:
      - '*/*'
      Accept-Encoding:
      - gzip, deflate
      CommandName:
      - aks create
      Connection:
      - keep-alive
      ParameterSetName:
      - --resource-group --name --location --dns-name-prefix --node-count --windows-admin-username
        --windows-admin-password --load-balancer-sku --vm-set-type --network-plugin
        --ssh-key-value
      User-Agent:
      - AZURECLI/2.36.0 azsdk-python-azure-mgmt-containerservice/19.0.0b Python/3.8.10
        (Linux-5.13.0-1022-azure-x86_64-with-glibc2.29)
    method: GET
    uri: https://management.azure.com/subscriptions/00000000-0000-0000-0000-000000000000/providers/Microsoft.ContainerService/locations/westus2/operations/d034894e-641f-4e54-8f2d-a404ada01987?api-version=2016-03-30
  response:
    body:
      string: "{\n  \"name\": \"4e8934d0-1f64-544e-8f2d-a404ada01987\",\n  \"status\":
        \"Succeeded\",\n  \"startTime\": \"2022-05-10T04:39:05.0133333Z\",\n  \"endTime\":
        \"2022-05-10T04:41:55.2626104Z\"\n }"
    headers:
      cache-control:
      - no-cache
      content-length:
      - '170'
      content-type:
      - application/json
      date:
      - Tue, 10 May 2022 04:42:05 GMT
      expires:
      - '-1'
      pragma:
      - no-cache
      server:
      - nginx
      strict-transport-security:
      - max-age=31536000; includeSubDomains
      transfer-encoding:
      - chunked
      vary:
      - Accept-Encoding
      x-content-type-options:
      - nosniff
    status:
      code: 200
      message: OK
- request:
    body: null
    headers:
      Accept:
      - '*/*'
      Accept-Encoding:
      - gzip, deflate
      CommandName:
      - aks create
      Connection:
      - keep-alive
      ParameterSetName:
      - --resource-group --name --location --dns-name-prefix --node-count --windows-admin-username
        --windows-admin-password --load-balancer-sku --vm-set-type --network-plugin
        --ssh-key-value
      User-Agent:
      - AZURECLI/2.36.0 azsdk-python-azure-mgmt-containerservice/19.0.0b Python/3.8.10
        (Linux-5.13.0-1022-azure-x86_64-with-glibc2.29)
    method: GET
    uri: https://management.azure.com/subscriptions/00000000-0000-0000-0000-000000000000/resourceGroups/clitest000001/providers/Microsoft.ContainerService/managedClusters/cliakstest000001?api-version=2022-04-02-preview
  response:
    body:
      string: "{\n  \"id\": \"/subscriptions/00000000-0000-0000-0000-000000000000/resourcegroups/clitest000001/providers/Microsoft.ContainerService/managedClusters/cliakstest000001\",\n
        \ \"location\": \"westus2\",\n  \"name\": \"cliakstest000001\",\n  \"type\":
        \"Microsoft.ContainerService/ManagedClusters\",\n  \"properties\": {\n   \"provisioningState\":
        \"Succeeded\",\n   \"powerState\": {\n    \"code\": \"Running\"\n   },\n   \"kubernetesVersion\":
        \"1.22.6\",\n   \"currentKubernetesVersion\": \"1.22.6\",\n   \"dnsPrefix\":
        \"cliaksdns000002\",\n   \"fqdn\": \"cliaksdns000002-16e8133c.hcp.westus2.azmk8s.io\",\n
        \  \"azurePortalFQDN\": \"cliaksdns000002-16e8133c.portal.hcp.westus2.azmk8s.io\",\n
        \  \"agentPoolProfiles\": [\n    {\n     \"name\": \"nodepool1\",\n     \"count\":
        1,\n     \"vmSize\": \"Standard_DS2_v2\",\n     \"osDiskSizeGB\": 128,\n     \"osDiskType\":
        \"Managed\",\n     \"kubeletDiskType\": \"OS\",\n     \"workloadRuntime\":
        \"OCIContainer\",\n     \"maxPods\": 30,\n     \"type\": \"VirtualMachineScaleSets\",\n
        \    \"enableAutoScaling\": false,\n     \"provisioningState\": \"Succeeded\",\n
        \    \"powerState\": {\n      \"code\": \"Running\"\n     },\n     \"orchestratorVersion\":
        \"1.22.6\",\n     \"enableNodePublicIP\": false,\n     \"mode\": \"System\",\n
        \    \"enableEncryptionAtHost\": false,\n     \"enableUltraSSD\": false,\n
        \    \"osType\": \"Linux\",\n     \"osSKU\": \"Ubuntu\",\n     \"nodeImageVersion\":
        \"AKSUbuntu-1804gen2containerd-2022.04.19\",\n     \"enableFIPS\": false\n
        \   }\n   ],\n   \"linuxProfile\": {\n    \"adminUsername\": \"azureuser\",\n
        \   \"ssh\": {\n     \"publicKeys\": [\n      {\n       \"keyData\": \"ssh-rsa
        AAAAB3NzaC1yc2EAAAADAQABAAABAQCl5mpv51nDwg63jdXOCZTU8bqiGzaJ8s/qwDudJbAVTi+TKDiVC/x6GG5cDjzSzKKPRtlumnYoAC3U35T/qV0wEznRZ9WL3mk46r96gIqJt1JyQiAPk6ImovK89USm6hFLji7mEJRF8tJkGjgR+N5blbtU0hCytxM2VGZfW5u8oLNdlQSGsy9QKq8TItUy1ra8i02maSZHQFdEuHwxbjimi5IgUWXug+IwCqInTMiMBYaoSnmnQ8tZPPmxAfMDQKcHiHYO6YuNJSrvNfTgszdmUiZ8V8APMIFfkcOtKsicjOj6AzKjb+Zo1WFqQSFcoyJFXNTYgPPRCfEzYPhNa1hD
        azcli_aks_live_test@example.com\\n\"\n      }\n     ]\n    }\n   },\n   \"windowsProfile\":
        {\n    \"adminUsername\": \"azureuser1\",\n    \"enableCSIProxy\": true\n
        \  },\n   \"servicePrincipalProfile\": {\n    \"clientId\":\"00000000-0000-0000-0000-000000000001\"\n
        \  },\n   \"nodeResourceGroup\": \"MC_clitest000001_cliakstest000001_westus2\",\n
        \  \"enableRBAC\": true,\n   \"enablePodSecurityPolicy\": false,\n   \"networkProfile\":
        {\n    \"networkPlugin\": \"azure\",\n    \"loadBalancerSku\": \"Standard\",\n
        \   \"loadBalancerProfile\": {\n     \"managedOutboundIPs\": {\n      \"count\":
        1\n     },\n     \"effectiveOutboundIPs\": [\n      {\n       \"id\": \"/subscriptions/00000000-0000-0000-0000-000000000000/resourceGroups/MC_clitest000001_cliakstest000001_westus2/providers/Microsoft.Network/publicIPAddresses/0fab33df-6e4e-475a-8ba3-39600f5fd1d9\"\n
        \     }\n     ]\n    },\n    \"serviceCidr\": \"10.0.0.0/16\",\n    \"dnsServiceIP\":
        \"10.0.0.10\",\n    \"dockerBridgeCidr\": \"172.17.0.1/16\",\n    \"outboundType\":
        \"loadBalancer\",\n    \"serviceCidrs\": [\n     \"10.0.0.0/16\"\n    ],\n
        \   \"ipFamilies\": [\n     \"IPv4\"\n    ]\n   },\n   \"maxAgentPools\":
        100,\n   \"identityProfile\": {\n    \"kubeletidentity\": {\n     \"resourceId\":
        \"/subscriptions/00000000-0000-0000-0000-000000000000/resourcegroups/MC_clitest000001_cliakstest000001_westus2/providers/Microsoft.ManagedIdentity/userAssignedIdentities/cliakstest000001-agentpool\",\n
        \    \"clientId\":\"00000000-0000-0000-0000-000000000001\",\n     \"objectId\":\"00000000-0000-0000-0000-000000000001\"\n
        \   }\n   },\n   \"disableLocalAccounts\": false,\n   \"securityProfile\":
        {},\n   \"oidcIssuerProfile\": {\n    \"enabled\": false\n   }\n  },\n  \"identity\":
        {\n   \"type\": \"SystemAssigned\",\n   \"principalId\":\"00000000-0000-0000-0000-000000000001\",\n
        \  \"tenantId\": \"72f988bf-86f1-41af-91ab-2d7cd011db47\"\n  },\n  \"sku\":
        {\n   \"name\": \"Basic\",\n   \"tier\": \"Free\"\n  }\n }"
    headers:
      cache-control:
      - no-cache
      content-length:
      - '3656'
      content-type:
      - application/json
      date:
      - Tue, 10 May 2022 04:42:05 GMT
      expires:
      - '-1'
      pragma:
      - no-cache
      server:
      - nginx
      strict-transport-security:
      - max-age=31536000; includeSubDomains
      transfer-encoding:
      - chunked
      vary:
      - Accept-Encoding
      x-content-type-options:
      - nosniff
    status:
      code: 200
      message: OK
- request:
    body: null
    headers:
      Accept:
      - application/json
      Accept-Encoding:
      - gzip, deflate
      CommandName:
      - aks nodepool add
      Connection:
      - keep-alive
      ParameterSetName:
      - --resource-group --cluster-name --name --os-type --node-count
      User-Agent:
      - AZURECLI/2.36.0 azsdk-python-azure-mgmt-containerservice/19.0.0b Python/3.8.10
        (Linux-5.13.0-1022-azure-x86_64-with-glibc2.29)
    method: GET
    uri: https://management.azure.com/subscriptions/00000000-0000-0000-0000-000000000000/resourceGroups/clitest000001/providers/Microsoft.ContainerService/managedClusters/cliakstest000001/agentPools?api-version=2022-04-02-preview
  response:
    body:
      string: "{\n  \"value\": [\n   {\n    \"id\": \"/subscriptions/00000000-0000-0000-0000-000000000000/resourcegroups/clitest000001/providers/Microsoft.ContainerService/managedClusters/cliakstest000001/agentPools/nodepool1\",\n
        \   \"name\": \"nodepool1\",\n    \"type\": \"Microsoft.ContainerService/managedClusters/agentPools\",\n
        \   \"properties\": {\n     \"count\": 1,\n     \"vmSize\": \"Standard_DS2_v2\",\n
        \    \"osDiskSizeGB\": 128,\n     \"osDiskType\": \"Managed\",\n     \"kubeletDiskType\":
        \"OS\",\n     \"workloadRuntime\": \"OCIContainer\",\n     \"maxPods\": 30,\n
        \    \"type\": \"VirtualMachineScaleSets\",\n     \"enableAutoScaling\": false,\n
        \    \"provisioningState\": \"Succeeded\",\n     \"powerState\": {\n      \"code\":
        \"Running\"\n     },\n     \"orchestratorVersion\": \"1.22.6\",\n     \"enableNodePublicIP\":
        false,\n     \"mode\": \"System\",\n     \"enableEncryptionAtHost\": false,\n
        \    \"enableUltraSSD\": false,\n     \"osType\": \"Linux\",\n     \"osSKU\":
        \"Ubuntu\",\n     \"nodeImageVersion\": \"AKSUbuntu-1804gen2containerd-2022.04.19\",\n
        \    \"enableFIPS\": false\n    }\n   }\n  ]\n }"
    headers:
      cache-control:
      - no-cache
      content-length:
      - '1002'
      content-type:
      - application/json
      date:
      - Tue, 10 May 2022 04:42:06 GMT
      expires:
      - '-1'
      pragma:
      - no-cache
      server:
      - nginx
      strict-transport-security:
      - max-age=31536000; includeSubDomains
      transfer-encoding:
      - chunked
      vary:
      - Accept-Encoding
      x-content-type-options:
      - nosniff
    status:
      code: 200
      message: OK
- request:
    body: '{"properties": {"count": 1, "vmSize": "Standard_D2s_v3", "workloadRuntime":
      "OCIContainer", "osType": "Windows", "scaleDownMode": "Delete", "mode": "User",
      "upgradeSettings": {}, "enableNodePublicIP": false, "scaleSetPriority": "Regular",
      "scaleSetEvictionPolicy": "Delete", "spotMaxPrice": -1.0, "nodeTaints": [],
      "enableEncryptionAtHost": false, "enableUltraSSD": false, "enableFIPS": false}}'
    headers:
      Accept:
      - application/json
      Accept-Encoding:
      - gzip, deflate
      CommandName:
      - aks nodepool add
      Connection:
      - keep-alive
      Content-Length:
      - '394'
      Content-Type:
      - application/json
      ParameterSetName:
      - --resource-group --cluster-name --name --os-type --node-count
      User-Agent:
      - AZURECLI/2.36.0 azsdk-python-azure-mgmt-containerservice/19.0.0b Python/3.8.10
        (Linux-5.13.0-1022-azure-x86_64-with-glibc2.29)
    method: PUT
    uri: https://management.azure.com/subscriptions/00000000-0000-0000-0000-000000000000/resourceGroups/clitest000001/providers/Microsoft.ContainerService/managedClusters/cliakstest000001/agentPools/npwin?api-version=2022-04-02-preview
  response:
    body:
      string: "{\n  \"id\": \"/subscriptions/00000000-0000-0000-0000-000000000000/resourcegroups/clitest000001/providers/Microsoft.ContainerService/managedClusters/cliakstest000001/agentPools/npwin\",\n
        \ \"name\": \"npwin\",\n  \"type\": \"Microsoft.ContainerService/managedClusters/agentPools\",\n
        \ \"properties\": {\n   \"count\": 1,\n   \"vmSize\": \"Standard_D2s_v3\",\n
        \  \"osDiskSizeGB\": 128,\n   \"osDiskType\": \"Managed\",\n   \"kubeletDiskType\":
        \"OS\",\n   \"workloadRuntime\": \"OCIContainer\",\n   \"maxPods\": 30,\n
        \  \"type\": \"VirtualMachineScaleSets\",\n   \"scaleDownMode\": \"Delete\",\n
        \  \"provisioningState\": \"Creating\",\n   \"powerState\": {\n    \"code\":
        \"Running\"\n   },\n   \"orchestratorVersion\": \"1.22.6\",\n   \"enableNodePublicIP\":
        false,\n   \"mode\": \"User\",\n   \"enableEncryptionAtHost\": false,\n   \"enableUltraSSD\":
        false,\n   \"osType\": \"Windows\",\n   \"nodeImageVersion\": \"AKSWindows-2019-17763.2803.220428\",\n
        \  \"upgradeSettings\": {},\n   \"enableFIPS\": false\n  }\n }"
    headers:
      azure-asyncoperation:
      - https://management.azure.com/subscriptions/00000000-0000-0000-0000-000000000000/providers/Microsoft.ContainerService/locations/westus2/operations/83c532ec-9b4e-4c09-ab04-c6374f575f3b?api-version=2016-03-30
      cache-control:
      - no-cache
      content-length:
      - '909'
      content-type:
      - application/json
      date:
      - Tue, 10 May 2022 04:42:09 GMT
      expires:
      - '-1'
      pragma:
      - no-cache
      server:
      - nginx
      strict-transport-security:
      - max-age=31536000; includeSubDomains
      x-content-type-options:
      - nosniff
      x-ms-ratelimit-remaining-subscription-writes:
      - '1193'
    status:
      code: 201
      message: Created
- request:
    body: null
    headers:
      Accept:
      - '*/*'
      Accept-Encoding:
      - gzip, deflate
      CommandName:
      - aks nodepool add
      Connection:
      - keep-alive
      ParameterSetName:
      - --resource-group --cluster-name --name --os-type --node-count
      User-Agent:
      - AZURECLI/2.36.0 azsdk-python-azure-mgmt-containerservice/19.0.0b Python/3.8.10
        (Linux-5.13.0-1022-azure-x86_64-with-glibc2.29)
    method: GET
    uri: https://management.azure.com/subscriptions/00000000-0000-0000-0000-000000000000/providers/Microsoft.ContainerService/locations/westus2/operations/83c532ec-9b4e-4c09-ab04-c6374f575f3b?api-version=2016-03-30
  response:
    body:
      string: "{\n  \"name\": \"ec32c583-4e9b-094c-ab04-c6374f575f3b\",\n  \"status\":
        \"InProgress\",\n  \"startTime\": \"2022-05-10T04:42:09.6733333Z\"\n }"
    headers:
      cache-control:
      - no-cache
      content-length:
      - '126'
      content-type:
      - application/json
      date:
      - Tue, 10 May 2022 04:42:38 GMT
      expires:
      - '-1'
      pragma:
      - no-cache
      server:
      - nginx
      strict-transport-security:
      - max-age=31536000; includeSubDomains
      transfer-encoding:
      - chunked
      vary:
      - Accept-Encoding
      x-content-type-options:
      - nosniff
    status:
      code: 200
      message: OK
- request:
    body: null
    headers:
      Accept:
      - '*/*'
      Accept-Encoding:
      - gzip, deflate
      CommandName:
      - aks nodepool add
      Connection:
      - keep-alive
      ParameterSetName:
      - --resource-group --cluster-name --name --os-type --node-count
      User-Agent:
      - AZURECLI/2.36.0 azsdk-python-azure-mgmt-containerservice/19.0.0b Python/3.8.10
        (Linux-5.13.0-1022-azure-x86_64-with-glibc2.29)
    method: GET
    uri: https://management.azure.com/subscriptions/00000000-0000-0000-0000-000000000000/providers/Microsoft.ContainerService/locations/westus2/operations/83c532ec-9b4e-4c09-ab04-c6374f575f3b?api-version=2016-03-30
  response:
    body:
      string: "{\n  \"name\": \"ec32c583-4e9b-094c-ab04-c6374f575f3b\",\n  \"status\":
        \"InProgress\",\n  \"startTime\": \"2022-05-10T04:42:09.6733333Z\"\n }"
    headers:
      cache-control:
      - no-cache
      content-length:
      - '126'
      content-type:
      - application/json
      date:
      - Tue, 10 May 2022 04:43:09 GMT
      expires:
      - '-1'
      pragma:
      - no-cache
      server:
      - nginx
      strict-transport-security:
      - max-age=31536000; includeSubDomains
      transfer-encoding:
      - chunked
      vary:
      - Accept-Encoding
      x-content-type-options:
      - nosniff
    status:
      code: 200
      message: OK
- request:
    body: null
    headers:
      Accept:
      - '*/*'
      Accept-Encoding:
      - gzip, deflate
      CommandName:
      - aks nodepool add
      Connection:
      - keep-alive
      ParameterSetName:
      - --resource-group --cluster-name --name --os-type --node-count
      User-Agent:
      - AZURECLI/2.36.0 azsdk-python-azure-mgmt-containerservice/19.0.0b Python/3.8.10
        (Linux-5.13.0-1022-azure-x86_64-with-glibc2.29)
    method: GET
    uri: https://management.azure.com/subscriptions/00000000-0000-0000-0000-000000000000/providers/Microsoft.ContainerService/locations/westus2/operations/83c532ec-9b4e-4c09-ab04-c6374f575f3b?api-version=2016-03-30
  response:
    body:
      string: "{\n  \"name\": \"ec32c583-4e9b-094c-ab04-c6374f575f3b\",\n  \"status\":
        \"InProgress\",\n  \"startTime\": \"2022-05-10T04:42:09.6733333Z\"\n }"
    headers:
      cache-control:
      - no-cache
      content-length:
      - '126'
      content-type:
      - application/json
      date:
      - Tue, 10 May 2022 04:43:39 GMT
      expires:
      - '-1'
      pragma:
      - no-cache
      server:
      - nginx
      strict-transport-security:
      - max-age=31536000; includeSubDomains
      transfer-encoding:
      - chunked
      vary:
      - Accept-Encoding
      x-content-type-options:
      - nosniff
    status:
      code: 200
      message: OK
- request:
    body: null
    headers:
      Accept:
      - '*/*'
      Accept-Encoding:
      - gzip, deflate
      CommandName:
      - aks nodepool add
      Connection:
      - keep-alive
      ParameterSetName:
      - --resource-group --cluster-name --name --os-type --node-count
      User-Agent:
      - AZURECLI/2.36.0 azsdk-python-azure-mgmt-containerservice/19.0.0b Python/3.8.10
        (Linux-5.13.0-1022-azure-x86_64-with-glibc2.29)
    method: GET
    uri: https://management.azure.com/subscriptions/00000000-0000-0000-0000-000000000000/providers/Microsoft.ContainerService/locations/westus2/operations/83c532ec-9b4e-4c09-ab04-c6374f575f3b?api-version=2016-03-30
  response:
    body:
      string: "{\n  \"name\": \"ec32c583-4e9b-094c-ab04-c6374f575f3b\",\n  \"status\":
        \"InProgress\",\n  \"startTime\": \"2022-05-10T04:42:09.6733333Z\"\n }"
    headers:
      cache-control:
      - no-cache
      content-length:
      - '126'
      content-type:
      - application/json
      date:
      - Tue, 10 May 2022 04:44:09 GMT
      expires:
      - '-1'
      pragma:
      - no-cache
      server:
      - nginx
      strict-transport-security:
      - max-age=31536000; includeSubDomains
      transfer-encoding:
      - chunked
      vary:
      - Accept-Encoding
      x-content-type-options:
      - nosniff
    status:
      code: 200
      message: OK
- request:
    body: null
    headers:
      Accept:
      - '*/*'
      Accept-Encoding:
      - gzip, deflate
      CommandName:
      - aks nodepool add
      Connection:
      - keep-alive
      ParameterSetName:
      - --resource-group --cluster-name --name --os-type --node-count
      User-Agent:
      - AZURECLI/2.36.0 azsdk-python-azure-mgmt-containerservice/19.0.0b Python/3.8.10
        (Linux-5.13.0-1022-azure-x86_64-with-glibc2.29)
    method: GET
    uri: https://management.azure.com/subscriptions/00000000-0000-0000-0000-000000000000/providers/Microsoft.ContainerService/locations/westus2/operations/83c532ec-9b4e-4c09-ab04-c6374f575f3b?api-version=2016-03-30
  response:
    body:
      string: "{\n  \"name\": \"ec32c583-4e9b-094c-ab04-c6374f575f3b\",\n  \"status\":
        \"InProgress\",\n  \"startTime\": \"2022-05-10T04:42:09.6733333Z\"\n }"
    headers:
      cache-control:
      - no-cache
      content-length:
      - '126'
      content-type:
      - application/json
      date:
      - Tue, 10 May 2022 04:44:39 GMT
      expires:
      - '-1'
      pragma:
      - no-cache
      server:
      - nginx
      strict-transport-security:
      - max-age=31536000; includeSubDomains
      transfer-encoding:
      - chunked
      vary:
      - Accept-Encoding
      x-content-type-options:
      - nosniff
    status:
      code: 200
      message: OK
- request:
    body: null
    headers:
      Accept:
      - '*/*'
      Accept-Encoding:
      - gzip, deflate
      CommandName:
      - aks nodepool add
      Connection:
      - keep-alive
      ParameterSetName:
      - --resource-group --cluster-name --name --os-type --node-count
      User-Agent:
      - AZURECLI/2.36.0 azsdk-python-azure-mgmt-containerservice/19.0.0b Python/3.8.10
        (Linux-5.13.0-1022-azure-x86_64-with-glibc2.29)
    method: GET
    uri: https://management.azure.com/subscriptions/00000000-0000-0000-0000-000000000000/providers/Microsoft.ContainerService/locations/westus2/operations/83c532ec-9b4e-4c09-ab04-c6374f575f3b?api-version=2016-03-30
  response:
    body:
      string: "{\n  \"name\": \"ec32c583-4e9b-094c-ab04-c6374f575f3b\",\n  \"status\":
        \"InProgress\",\n  \"startTime\": \"2022-05-10T04:42:09.6733333Z\"\n }"
    headers:
      cache-control:
      - no-cache
      content-length:
      - '126'
      content-type:
      - application/json
      date:
      - Tue, 10 May 2022 04:45:10 GMT
      expires:
      - '-1'
      pragma:
      - no-cache
      server:
      - nginx
      strict-transport-security:
      - max-age=31536000; includeSubDomains
      transfer-encoding:
      - chunked
      vary:
      - Accept-Encoding
      x-content-type-options:
      - nosniff
    status:
      code: 200
      message: OK
- request:
    body: null
    headers:
      Accept:
      - '*/*'
      Accept-Encoding:
      - gzip, deflate
      CommandName:
      - aks nodepool add
      Connection:
      - keep-alive
      ParameterSetName:
      - --resource-group --cluster-name --name --os-type --node-count
      User-Agent:
      - AZURECLI/2.36.0 azsdk-python-azure-mgmt-containerservice/19.0.0b Python/3.8.10
        (Linux-5.13.0-1022-azure-x86_64-with-glibc2.29)
    method: GET
    uri: https://management.azure.com/subscriptions/00000000-0000-0000-0000-000000000000/providers/Microsoft.ContainerService/locations/westus2/operations/83c532ec-9b4e-4c09-ab04-c6374f575f3b?api-version=2016-03-30
  response:
    body:
      string: "{\n  \"name\": \"ec32c583-4e9b-094c-ab04-c6374f575f3b\",\n  \"status\":
        \"InProgress\",\n  \"startTime\": \"2022-05-10T04:42:09.6733333Z\"\n }"
    headers:
      cache-control:
      - no-cache
      content-length:
      - '126'
      content-type:
      - application/json
      date:
      - Tue, 10 May 2022 04:45:39 GMT
      expires:
      - '-1'
      pragma:
      - no-cache
      server:
      - nginx
      strict-transport-security:
      - max-age=31536000; includeSubDomains
      transfer-encoding:
      - chunked
      vary:
      - Accept-Encoding
      x-content-type-options:
      - nosniff
    status:
      code: 200
      message: OK
- request:
    body: null
    headers:
      Accept:
      - '*/*'
      Accept-Encoding:
      - gzip, deflate
      CommandName:
      - aks nodepool add
      Connection:
      - keep-alive
      ParameterSetName:
      - --resource-group --cluster-name --name --os-type --node-count
      User-Agent:
      - AZURECLI/2.36.0 azsdk-python-azure-mgmt-containerservice/19.0.0b Python/3.8.10
        (Linux-5.13.0-1022-azure-x86_64-with-glibc2.29)
    method: GET
    uri: https://management.azure.com/subscriptions/00000000-0000-0000-0000-000000000000/providers/Microsoft.ContainerService/locations/westus2/operations/83c532ec-9b4e-4c09-ab04-c6374f575f3b?api-version=2016-03-30
  response:
    body:
      string: "{\n  \"name\": \"ec32c583-4e9b-094c-ab04-c6374f575f3b\",\n  \"status\":
        \"InProgress\",\n  \"startTime\": \"2022-05-10T04:42:09.6733333Z\"\n }"
    headers:
      cache-control:
      - no-cache
      content-length:
      - '126'
      content-type:
      - application/json
      date:
      - Tue, 10 May 2022 04:46:09 GMT
      expires:
      - '-1'
      pragma:
      - no-cache
      server:
      - nginx
      strict-transport-security:
      - max-age=31536000; includeSubDomains
      transfer-encoding:
      - chunked
      vary:
      - Accept-Encoding
      x-content-type-options:
      - nosniff
    status:
      code: 200
      message: OK
- request:
    body: null
    headers:
      Accept:
      - '*/*'
      Accept-Encoding:
      - gzip, deflate
      CommandName:
      - aks nodepool add
      Connection:
      - keep-alive
      ParameterSetName:
      - --resource-group --cluster-name --name --os-type --node-count
      User-Agent:
      - AZURECLI/2.36.0 azsdk-python-azure-mgmt-containerservice/19.0.0b Python/3.8.10
        (Linux-5.13.0-1022-azure-x86_64-with-glibc2.29)
    method: GET
    uri: https://management.azure.com/subscriptions/00000000-0000-0000-0000-000000000000/providers/Microsoft.ContainerService/locations/westus2/operations/83c532ec-9b4e-4c09-ab04-c6374f575f3b?api-version=2016-03-30
  response:
    body:
      string: "{\n  \"name\": \"ec32c583-4e9b-094c-ab04-c6374f575f3b\",\n  \"status\":
        \"InProgress\",\n  \"startTime\": \"2022-05-10T04:42:09.6733333Z\"\n }"
    headers:
      cache-control:
      - no-cache
      content-length:
      - '126'
      content-type:
      - application/json
      date:
      - Tue, 10 May 2022 04:46:40 GMT
      expires:
      - '-1'
      pragma:
      - no-cache
      server:
      - nginx
      strict-transport-security:
      - max-age=31536000; includeSubDomains
      transfer-encoding:
      - chunked
      vary:
      - Accept-Encoding
      x-content-type-options:
      - nosniff
    status:
      code: 200
      message: OK
- request:
    body: null
    headers:
      Accept:
      - '*/*'
      Accept-Encoding:
      - gzip, deflate
      CommandName:
      - aks nodepool add
      Connection:
      - keep-alive
      ParameterSetName:
      - --resource-group --cluster-name --name --os-type --node-count
      User-Agent:
      - AZURECLI/2.36.0 azsdk-python-azure-mgmt-containerservice/19.0.0b Python/3.8.10
        (Linux-5.13.0-1022-azure-x86_64-with-glibc2.29)
    method: GET
    uri: https://management.azure.com/subscriptions/00000000-0000-0000-0000-000000000000/providers/Microsoft.ContainerService/locations/westus2/operations/83c532ec-9b4e-4c09-ab04-c6374f575f3b?api-version=2016-03-30
  response:
    body:
      string: "{\n  \"name\": \"ec32c583-4e9b-094c-ab04-c6374f575f3b\",\n  \"status\":
        \"InProgress\",\n  \"startTime\": \"2022-05-10T04:42:09.6733333Z\"\n }"
    headers:
      cache-control:
      - no-cache
      content-length:
      - '126'
      content-type:
      - application/json
      date:
      - Tue, 10 May 2022 04:47:09 GMT
      expires:
      - '-1'
      pragma:
      - no-cache
      server:
      - nginx
      strict-transport-security:
      - max-age=31536000; includeSubDomains
      transfer-encoding:
      - chunked
      vary:
      - Accept-Encoding
      x-content-type-options:
      - nosniff
    status:
      code: 200
      message: OK
- request:
    body: null
    headers:
      Accept:
      - '*/*'
      Accept-Encoding:
      - gzip, deflate
      CommandName:
      - aks nodepool add
      Connection:
      - keep-alive
      ParameterSetName:
      - --resource-group --cluster-name --name --os-type --node-count
      User-Agent:
      - AZURECLI/2.36.0 azsdk-python-azure-mgmt-containerservice/19.0.0b Python/3.8.10
        (Linux-5.13.0-1022-azure-x86_64-with-glibc2.29)
    method: GET
    uri: https://management.azure.com/subscriptions/00000000-0000-0000-0000-000000000000/providers/Microsoft.ContainerService/locations/westus2/operations/83c532ec-9b4e-4c09-ab04-c6374f575f3b?api-version=2016-03-30
  response:
    body:
      string: "{\n  \"name\": \"ec32c583-4e9b-094c-ab04-c6374f575f3b\",\n  \"status\":
        \"InProgress\",\n  \"startTime\": \"2022-05-10T04:42:09.6733333Z\"\n }"
    headers:
      cache-control:
      - no-cache
      content-length:
      - '126'
      content-type:
      - application/json
      date:
      - Tue, 10 May 2022 04:47:40 GMT
      expires:
      - '-1'
      pragma:
      - no-cache
      server:
      - nginx
      strict-transport-security:
      - max-age=31536000; includeSubDomains
      transfer-encoding:
      - chunked
      vary:
      - Accept-Encoding
      x-content-type-options:
      - nosniff
    status:
      code: 200
      message: OK
- request:
    body: null
    headers:
      Accept:
      - '*/*'
      Accept-Encoding:
      - gzip, deflate
      CommandName:
      - aks nodepool add
      Connection:
      - keep-alive
      ParameterSetName:
      - --resource-group --cluster-name --name --os-type --node-count
      User-Agent:
      - AZURECLI/2.36.0 azsdk-python-azure-mgmt-containerservice/19.0.0b Python/3.8.10
        (Linux-5.13.0-1022-azure-x86_64-with-glibc2.29)
    method: GET
    uri: https://management.azure.com/subscriptions/00000000-0000-0000-0000-000000000000/providers/Microsoft.ContainerService/locations/westus2/operations/83c532ec-9b4e-4c09-ab04-c6374f575f3b?api-version=2016-03-30
  response:
    body:
      string: "{\n  \"name\": \"ec32c583-4e9b-094c-ab04-c6374f575f3b\",\n  \"status\":
        \"Succeeded\",\n  \"startTime\": \"2022-05-10T04:42:09.6733333Z\",\n  \"endTime\":
        \"2022-05-10T04:48:08.730642Z\"\n }"
    headers:
      cache-control:
      - no-cache
      content-length:
      - '169'
      content-type:
      - application/json
      date:
      - Tue, 10 May 2022 04:48:10 GMT
      expires:
      - '-1'
      pragma:
      - no-cache
      server:
      - nginx
      strict-transport-security:
      - max-age=31536000; includeSubDomains
      transfer-encoding:
      - chunked
      vary:
      - Accept-Encoding
      x-content-type-options:
      - nosniff
    status:
      code: 200
      message: OK
- request:
    body: null
    headers:
      Accept:
      - '*/*'
      Accept-Encoding:
      - gzip, deflate
      CommandName:
      - aks nodepool add
      Connection:
      - keep-alive
      ParameterSetName:
      - --resource-group --cluster-name --name --os-type --node-count
      User-Agent:
      - AZURECLI/2.36.0 azsdk-python-azure-mgmt-containerservice/19.0.0b Python/3.8.10
        (Linux-5.13.0-1022-azure-x86_64-with-glibc2.29)
    method: GET
    uri: https://management.azure.com/subscriptions/00000000-0000-0000-0000-000000000000/resourceGroups/clitest000001/providers/Microsoft.ContainerService/managedClusters/cliakstest000001/agentPools/npwin?api-version=2022-04-02-preview
  response:
    body:
      string: "{\n  \"id\": \"/subscriptions/00000000-0000-0000-0000-000000000000/resourcegroups/clitest000001/providers/Microsoft.ContainerService/managedClusters/cliakstest000001/agentPools/npwin\",\n
        \ \"name\": \"npwin\",\n  \"type\": \"Microsoft.ContainerService/managedClusters/agentPools\",\n
        \ \"properties\": {\n   \"count\": 1,\n   \"vmSize\": \"Standard_D2s_v3\",\n
        \  \"osDiskSizeGB\": 128,\n   \"osDiskType\": \"Managed\",\n   \"kubeletDiskType\":
        \"OS\",\n   \"workloadRuntime\": \"OCIContainer\",\n   \"maxPods\": 30,\n
        \  \"type\": \"VirtualMachineScaleSets\",\n   \"scaleDownMode\": \"Delete\",\n
        \  \"provisioningState\": \"Succeeded\",\n   \"powerState\": {\n    \"code\":
        \"Running\"\n   },\n   \"orchestratorVersion\": \"1.22.6\",\n   \"enableNodePublicIP\":
        false,\n   \"mode\": \"User\",\n   \"enableEncryptionAtHost\": false,\n   \"enableUltraSSD\":
        false,\n   \"osType\": \"Windows\",\n   \"nodeImageVersion\": \"AKSWindows-2019-17763.2803.220428\",\n
        \  \"upgradeSettings\": {},\n   \"enableFIPS\": false\n  }\n }"
    headers:
      cache-control:
      - no-cache
      content-length:
      - '910'
      content-type:
      - application/json
      date:
      - Tue, 10 May 2022 04:48:10 GMT
      expires:
      - '-1'
      pragma:
      - no-cache
      server:
      - nginx
      strict-transport-security:
      - max-age=31536000; includeSubDomains
      transfer-encoding:
      - chunked
      vary:
      - Accept-Encoding
      x-content-type-options:
      - nosniff
    status:
      code: 200
      message: OK
- request:
    body: null
    headers:
      Accept:
      - application/json
      Accept-Encoding:
      - gzip, deflate
      CommandName:
      - aks update
      Connection:
      - keep-alive
      ParameterSetName:
      - --resource-group --name --enable-windows-gmsa --yes --aks-custom-headers
      User-Agent:
      - AZURECLI/2.36.0 azsdk-python-azure-mgmt-containerservice/19.0.0b Python/3.8.10
        (Linux-5.13.0-1022-azure-x86_64-with-glibc2.29)
    method: GET
    uri: https://management.azure.com/subscriptions/00000000-0000-0000-0000-000000000000/resourceGroups/clitest000001/providers/Microsoft.ContainerService/managedClusters/cliakstest000001?api-version=2022-04-02-preview
  response:
    body:
      string: "{\n  \"id\": \"/subscriptions/00000000-0000-0000-0000-000000000000/resourcegroups/clitest000001/providers/Microsoft.ContainerService/managedClusters/cliakstest000001\",\n
        \ \"location\": \"westus2\",\n  \"name\": \"cliakstest000001\",\n  \"type\":
        \"Microsoft.ContainerService/ManagedClusters\",\n  \"properties\": {\n   \"provisioningState\":
        \"Succeeded\",\n   \"powerState\": {\n    \"code\": \"Running\"\n   },\n   \"kubernetesVersion\":
        \"1.22.6\",\n   \"currentKubernetesVersion\": \"1.22.6\",\n   \"dnsPrefix\":
        \"cliaksdns000002\",\n   \"fqdn\": \"cliaksdns000002-16e8133c.hcp.westus2.azmk8s.io\",\n
        \  \"azurePortalFQDN\": \"cliaksdns000002-16e8133c.portal.hcp.westus2.azmk8s.io\",\n
        \  \"agentPoolProfiles\": [\n    {\n     \"name\": \"nodepool1\",\n     \"count\":
        1,\n     \"vmSize\": \"Standard_DS2_v2\",\n     \"osDiskSizeGB\": 128,\n     \"osDiskType\":
        \"Managed\",\n     \"kubeletDiskType\": \"OS\",\n     \"workloadRuntime\":
        \"OCIContainer\",\n     \"maxPods\": 30,\n     \"type\": \"VirtualMachineScaleSets\",\n
        \    \"enableAutoScaling\": false,\n     \"provisioningState\": \"Succeeded\",\n
        \    \"powerState\": {\n      \"code\": \"Running\"\n     },\n     \"orchestratorVersion\":
        \"1.22.6\",\n     \"enableNodePublicIP\": false,\n     \"mode\": \"System\",\n
        \    \"enableEncryptionAtHost\": false,\n     \"enableUltraSSD\": false,\n
        \    \"osType\": \"Linux\",\n     \"osSKU\": \"Ubuntu\",\n     \"nodeImageVersion\":
        \"AKSUbuntu-1804gen2containerd-2022.04.19\",\n     \"enableFIPS\": false\n
        \   },\n    {\n     \"name\": \"npwin\",\n     \"count\": 1,\n     \"vmSize\":
        \"Standard_D2s_v3\",\n     \"osDiskSizeGB\": 128,\n     \"osDiskType\": \"Managed\",\n
        \    \"kubeletDiskType\": \"OS\",\n     \"workloadRuntime\": \"OCIContainer\",\n
        \    \"maxPods\": 30,\n     \"type\": \"VirtualMachineScaleSets\",\n     \"scaleDownMode\":
        \"Delete\",\n     \"provisioningState\": \"Succeeded\",\n     \"powerState\":
        {\n      \"code\": \"Running\"\n     },\n     \"orchestratorVersion\": \"1.22.6\",\n
        \    \"enableNodePublicIP\": false,\n     \"mode\": \"User\",\n     \"enableEncryptionAtHost\":
        false,\n     \"enableUltraSSD\": false,\n     \"osType\": \"Windows\",\n     \"nodeImageVersion\":
        \"AKSWindows-2019-17763.2803.220428\",\n     \"upgradeSettings\": {},\n     \"enableFIPS\":
        false\n    }\n   ],\n   \"linuxProfile\": {\n    \"adminUsername\": \"azureuser\",\n
        \   \"ssh\": {\n     \"publicKeys\": [\n      {\n       \"keyData\": \"ssh-rsa
        AAAAB3NzaC1yc2EAAAADAQABAAABAQCl5mpv51nDwg63jdXOCZTU8bqiGzaJ8s/qwDudJbAVTi+TKDiVC/x6GG5cDjzSzKKPRtlumnYoAC3U35T/qV0wEznRZ9WL3mk46r96gIqJt1JyQiAPk6ImovK89USm6hFLji7mEJRF8tJkGjgR+N5blbtU0hCytxM2VGZfW5u8oLNdlQSGsy9QKq8TItUy1ra8i02maSZHQFdEuHwxbjimi5IgUWXug+IwCqInTMiMBYaoSnmnQ8tZPPmxAfMDQKcHiHYO6YuNJSrvNfTgszdmUiZ8V8APMIFfkcOtKsicjOj6AzKjb+Zo1WFqQSFcoyJFXNTYgPPRCfEzYPhNa1hD
        azcli_aks_live_test@example.com\\n\"\n      }\n     ]\n    }\n   },\n   \"windowsProfile\":
        {\n    \"adminUsername\": \"azureuser1\",\n    \"enableCSIProxy\": true\n
        \  },\n   \"servicePrincipalProfile\": {\n    \"clientId\":\"00000000-0000-0000-0000-000000000001\"\n
        \  },\n   \"nodeResourceGroup\": \"MC_clitest000001_cliakstest000001_westus2\",\n
        \  \"enableRBAC\": true,\n   \"enablePodSecurityPolicy\": false,\n   \"networkProfile\":
        {\n    \"networkPlugin\": \"azure\",\n    \"loadBalancerSku\": \"Standard\",\n
        \   \"loadBalancerProfile\": {\n     \"managedOutboundIPs\": {\n      \"count\":
        1\n     },\n     \"effectiveOutboundIPs\": [\n      {\n       \"id\": \"/subscriptions/00000000-0000-0000-0000-000000000000/resourceGroups/MC_clitest000001_cliakstest000001_westus2/providers/Microsoft.Network/publicIPAddresses/0fab33df-6e4e-475a-8ba3-39600f5fd1d9\"\n
        \     }\n     ]\n    },\n    \"serviceCidr\": \"10.0.0.0/16\",\n    \"dnsServiceIP\":
        \"10.0.0.10\",\n    \"dockerBridgeCidr\": \"172.17.0.1/16\",\n    \"outboundType\":
        \"loadBalancer\",\n    \"serviceCidrs\": [\n     \"10.0.0.0/16\"\n    ],\n
        \   \"ipFamilies\": [\n     \"IPv4\"\n    ]\n   },\n   \"maxAgentPools\":
        100,\n   \"identityProfile\": {\n    \"kubeletidentity\": {\n     \"resourceId\":
        \"/subscriptions/00000000-0000-0000-0000-000000000000/resourcegroups/MC_clitest000001_cliakstest000001_westus2/providers/Microsoft.ManagedIdentity/userAssignedIdentities/cliakstest000001-agentpool\",\n
        \    \"clientId\":\"00000000-0000-0000-0000-000000000001\",\n     \"objectId\":\"00000000-0000-0000-0000-000000000001\"\n
        \   }\n   },\n   \"disableLocalAccounts\": false,\n   \"securityProfile\":
        {},\n   \"oidcIssuerProfile\": {\n    \"enabled\": false\n   }\n  },\n  \"identity\":
        {\n   \"type\": \"SystemAssigned\",\n   \"principalId\":\"00000000-0000-0000-0000-000000000001\",\n
        \  \"tenantId\": \"72f988bf-86f1-41af-91ab-2d7cd011db47\"\n  },\n  \"sku\":
        {\n   \"name\": \"Basic\",\n   \"tier\": \"Free\"\n  }\n }"
    headers:
      cache-control:
      - no-cache
      content-length:
      - '4354'
      content-type:
      - application/json
      date:
      - Tue, 10 May 2022 04:48:10 GMT
      expires:
      - '-1'
      pragma:
      - no-cache
      server:
      - nginx
      strict-transport-security:
      - max-age=31536000; includeSubDomains
      transfer-encoding:
      - chunked
      vary:
      - Accept-Encoding
      x-content-type-options:
      - nosniff
    status:
      code: 200
      message: OK
- request:
    body: '{"location": "westus2", "sku": {"name": "Basic", "tier": "Free"}, "identity":
      {"type": "SystemAssigned"}, "properties": {"kubernetesVersion": "1.22.6", "dnsPrefix":
      "cliaksdns000002", "agentPoolProfiles": [{"count": 1, "vmSize": "Standard_DS2_v2",
      "osDiskSizeGB": 128, "osDiskType": "Managed", "kubeletDiskType": "OS", "workloadRuntime":
      "OCIContainer", "maxPods": 30, "osType": "Linux", "osSKU": "Ubuntu", "enableAutoScaling":
      false, "type": "VirtualMachineScaleSets", "mode": "System", "orchestratorVersion":
      "1.22.6", "powerState": {"code": "Running"}, "enableNodePublicIP": false, "enableEncryptionAtHost":
      false, "enableUltraSSD": false, "enableFIPS": false, "name": "nodepool1"}, {"count":
      1, "vmSize": "Standard_D2s_v3", "osDiskSizeGB": 128, "osDiskType": "Managed",
      "kubeletDiskType": "OS", "workloadRuntime": "OCIContainer", "maxPods": 30, "osType":
      "Windows", "scaleDownMode": "Delete", "type": "VirtualMachineScaleSets", "mode":
      "User", "orchestratorVersion": "1.22.6", "upgradeSettings": {}, "powerState":
      {"code": "Running"}, "enableNodePublicIP": false, "enableEncryptionAtHost":
      false, "enableUltraSSD": false, "enableFIPS": false, "name": "npwin"}], "linuxProfile":
      {"adminUsername": "azureuser", "ssh": {"publicKeys": [{"keyData": "ssh-rsa AAAAB3NzaC1yc2EAAAADAQABAAABAQCl5mpv51nDwg63jdXOCZTU8bqiGzaJ8s/qwDudJbAVTi+TKDiVC/x6GG5cDjzSzKKPRtlumnYoAC3U35T/qV0wEznRZ9WL3mk46r96gIqJt1JyQiAPk6ImovK89USm6hFLji7mEJRF8tJkGjgR+N5blbtU0hCytxM2VGZfW5u8oLNdlQSGsy9QKq8TItUy1ra8i02maSZHQFdEuHwxbjimi5IgUWXug+IwCqInTMiMBYaoSnmnQ8tZPPmxAfMDQKcHiHYO6YuNJSrvNfTgszdmUiZ8V8APMIFfkcOtKsicjOj6AzKjb+Zo1WFqQSFcoyJFXNTYgPPRCfEzYPhNa1hD
      azcli_aks_live_test@example.com\n"}]}}, "windowsProfile": {"adminUsername":
      "azureuser1", "enableCSIProxy": true, "gmsaProfile": {"enabled": true}}, "servicePrincipalProfile":
      {"clientId":"00000000-0000-0000-0000-000000000001"}, "nodeResourceGroup": "MC_clitest000001_cliakstest000001_westus2",
      "enableRBAC": true, "enablePodSecurityPolicy": false, "networkProfile": {"networkPlugin":
      "azure", "serviceCidr": "10.0.0.0/16", "dnsServiceIP": "10.0.0.10", "dockerBridgeCidr":
      "172.17.0.1/16", "outboundType": "loadBalancer", "loadBalancerSku": "Standard",
      "loadBalancerProfile": {"managedOutboundIPs": {"count": 1, "countIPv6": 0},
      "effectiveOutboundIPs": [{"id": "/subscriptions/00000000-0000-0000-0000-000000000000/resourceGroups/MC_clitest000001_cliakstest000001_westus2/providers/Microsoft.Network/publicIPAddresses/0fab33df-6e4e-475a-8ba3-39600f5fd1d9"}]},
      "serviceCidrs": ["10.0.0.0/16"], "ipFamilies": ["IPv4"]}, "identityProfile":
      {"kubeletidentity": {"resourceId": "/subscriptions/00000000-0000-0000-0000-000000000000/resourcegroups/MC_clitest000001_cliakstest000001_westus2/providers/Microsoft.ManagedIdentity/userAssignedIdentities/cliakstest000001-agentpool",
      "clientId":"00000000-0000-0000-0000-000000000001", "objectId":"00000000-0000-0000-0000-000000000001"}},
      "disableLocalAccounts": false, "securityProfile": {}, "storageProfile": {"diskCSIDriver":
      {}, "fileCSIDriver": {}, "snapshotController": {}}}}'
    headers:
      AKSHTTPCustomFeatures:
      - Microsoft.ContainerService/AKSWindowsGmsaPreview
      Accept:
      - application/json
      Accept-Encoding:
      - gzip, deflate
      CommandName:
      - aks update
      Connection:
      - keep-alive
      Content-Length:
      - '3045'
      Content-Type:
      - application/json
      ParameterSetName:
      - --resource-group --name --enable-windows-gmsa --yes --aks-custom-headers
      User-Agent:
      - AZURECLI/2.36.0 azsdk-python-azure-mgmt-containerservice/19.0.0b Python/3.8.10
        (Linux-5.13.0-1022-azure-x86_64-with-glibc2.29)
    method: PUT
    uri: https://management.azure.com/subscriptions/00000000-0000-0000-0000-000000000000/resourceGroups/clitest000001/providers/Microsoft.ContainerService/managedClusters/cliakstest000001?api-version=2022-04-02-preview
  response:
    body:
      string: "{\n  \"id\": \"/subscriptions/00000000-0000-0000-0000-000000000000/resourcegroups/clitest000001/providers/Microsoft.ContainerService/managedClusters/cliakstest000001\",\n
        \ \"location\": \"westus2\",\n  \"name\": \"cliakstest000001\",\n  \"type\":
        \"Microsoft.ContainerService/ManagedClusters\",\n  \"properties\": {\n   \"provisioningState\":
        \"Upgrading\",\n   \"powerState\": {\n    \"code\": \"Running\"\n   },\n   \"kubernetesVersion\":
        \"1.22.6\",\n   \"currentKubernetesVersion\": \"1.22.6\",\n   \"dnsPrefix\":
        \"cliaksdns000002\",\n   \"fqdn\": \"cliaksdns000002-16e8133c.hcp.westus2.azmk8s.io\",\n
        \  \"azurePortalFQDN\": \"cliaksdns000002-16e8133c.portal.hcp.westus2.azmk8s.io\",\n
        \  \"agentPoolProfiles\": [\n    {\n     \"name\": \"nodepool1\",\n     \"count\":
        1,\n     \"vmSize\": \"Standard_DS2_v2\",\n     \"osDiskSizeGB\": 128,\n     \"osDiskType\":
        \"Managed\",\n     \"kubeletDiskType\": \"OS\",\n     \"workloadRuntime\":
        \"OCIContainer\",\n     \"maxPods\": 30,\n     \"type\": \"VirtualMachineScaleSets\",\n
        \    \"enableAutoScaling\": false,\n     \"provisioningState\": \"Upgrading\",\n
        \    \"powerState\": {\n      \"code\": \"Running\"\n     },\n     \"orchestratorVersion\":
        \"1.22.6\",\n     \"enableNodePublicIP\": false,\n     \"mode\": \"System\",\n
        \    \"enableEncryptionAtHost\": false,\n     \"enableUltraSSD\": false,\n
        \    \"osType\": \"Linux\",\n     \"osSKU\": \"Ubuntu\",\n     \"nodeImageVersion\":
        \"AKSUbuntu-1804gen2containerd-2022.04.19\",\n     \"enableFIPS\": false\n
        \   },\n    {\n     \"name\": \"npwin\",\n     \"count\": 1,\n     \"vmSize\":
        \"Standard_D2s_v3\",\n     \"osDiskSizeGB\": 128,\n     \"osDiskType\": \"Managed\",\n
        \    \"kubeletDiskType\": \"OS\",\n     \"workloadRuntime\": \"OCIContainer\",\n
        \    \"maxPods\": 30,\n     \"type\": \"VirtualMachineScaleSets\",\n     \"scaleDownMode\":
        \"Delete\",\n     \"provisioningState\": \"Upgrading\",\n     \"powerState\":
        {\n      \"code\": \"Running\"\n     },\n     \"orchestratorVersion\": \"1.22.6\",\n
        \    \"enableNodePublicIP\": false,\n     \"mode\": \"User\",\n     \"enableEncryptionAtHost\":
        false,\n     \"enableUltraSSD\": false,\n     \"osType\": \"Windows\",\n     \"nodeImageVersion\":
        \"AKSWindows-2019-17763.2803.220428\",\n     \"upgradeSettings\": {},\n     \"enableFIPS\":
        false\n    }\n   ],\n   \"linuxProfile\": {\n    \"adminUsername\": \"azureuser\",\n
        \   \"ssh\": {\n     \"publicKeys\": [\n      {\n       \"keyData\": \"ssh-rsa
        AAAAB3NzaC1yc2EAAAADAQABAAABAQCl5mpv51nDwg63jdXOCZTU8bqiGzaJ8s/qwDudJbAVTi+TKDiVC/x6GG5cDjzSzKKPRtlumnYoAC3U35T/qV0wEznRZ9WL3mk46r96gIqJt1JyQiAPk6ImovK89USm6hFLji7mEJRF8tJkGjgR+N5blbtU0hCytxM2VGZfW5u8oLNdlQSGsy9QKq8TItUy1ra8i02maSZHQFdEuHwxbjimi5IgUWXug+IwCqInTMiMBYaoSnmnQ8tZPPmxAfMDQKcHiHYO6YuNJSrvNfTgszdmUiZ8V8APMIFfkcOtKsicjOj6AzKjb+Zo1WFqQSFcoyJFXNTYgPPRCfEzYPhNa1hD
        azcli_aks_live_test@example.com\\n\"\n      }\n     ]\n    }\n   },\n   \"windowsProfile\":
        {\n    \"adminUsername\": \"azureuser1\",\n    \"enableCSIProxy\": true,\n
        \   \"gmsaProfile\": {\n     \"enabled\": true,\n     \"dnsServer\": \"\",\n
        \    \"rootDomainName\": \"\"\n    }\n   },\n   \"servicePrincipalProfile\":
        {\n    \"clientId\":\"00000000-0000-0000-0000-000000000001\"\n   },\n   \"nodeResourceGroup\":
        \"MC_clitest000001_cliakstest000001_westus2\",\n   \"enableRBAC\": true,\n
        \  \"enablePodSecurityPolicy\": false,\n   \"networkProfile\": {\n    \"networkPlugin\":
        \"azure\",\n    \"loadBalancerSku\": \"Standard\",\n    \"loadBalancerProfile\":
        {\n     \"managedOutboundIPs\": {\n      \"count\": 1\n     },\n     \"effectiveOutboundIPs\":
        [\n      {\n       \"id\": \"/subscriptions/00000000-0000-0000-0000-000000000000/resourceGroups/MC_clitest000001_cliakstest000001_westus2/providers/Microsoft.Network/publicIPAddresses/0fab33df-6e4e-475a-8ba3-39600f5fd1d9\"\n
        \     }\n     ]\n    },\n    \"serviceCidr\": \"10.0.0.0/16\",\n    \"dnsServiceIP\":
        \"10.0.0.10\",\n    \"dockerBridgeCidr\": \"172.17.0.1/16\",\n    \"outboundType\":
        \"loadBalancer\",\n    \"serviceCidrs\": [\n     \"10.0.0.0/16\"\n    ],\n
        \   \"ipFamilies\": [\n     \"IPv4\"\n    ]\n   },\n   \"maxAgentPools\":
        100,\n   \"identityProfile\": {\n    \"kubeletidentity\": {\n     \"resourceId\":
        \"/subscriptions/00000000-0000-0000-0000-000000000000/resourcegroups/MC_clitest000001_cliakstest000001_westus2/providers/Microsoft.ManagedIdentity/userAssignedIdentities/cliakstest000001-agentpool\",\n
        \    \"clientId\":\"00000000-0000-0000-0000-000000000001\",\n     \"objectId\":\"00000000-0000-0000-0000-000000000001\"\n
        \   }\n   },\n   \"disableLocalAccounts\": false,\n   \"securityProfile\":
        {},\n   \"storageProfile\": {\n    \"diskCSIDriver\": {\n     \"enabled\":
        false\n    },\n    \"fileCSIDriver\": {\n     \"enabled\": false\n    },\n
        \   \"snapshotController\": {\n     \"enabled\": false\n    }\n   },\n   \"oidcIssuerProfile\":
        {\n    \"enabled\": false\n   }\n  },\n  \"identity\": {\n   \"type\": \"SystemAssigned\",\n
        \  \"principalId\":\"00000000-0000-0000-0000-000000000001\",\n   \"tenantId\":
        \"72f988bf-86f1-41af-91ab-2d7cd011db47\"\n  },\n  \"sku\": {\n   \"name\":
        \"Basic\",\n   \"tier\": \"Free\"\n  }\n }"
    headers:
      azure-asyncoperation:
      - https://management.azure.com/subscriptions/00000000-0000-0000-0000-000000000000/providers/Microsoft.ContainerService/locations/westus2/operations/a8de3b0e-15f3-4354-bebe-f1c018197081?api-version=2016-03-30
      cache-control:
      - no-cache
      content-length:
      - '4641'
      content-type:
      - application/json
      date:
      - Tue, 10 May 2022 04:48:13 GMT
      expires:
      - '-1'
      pragma:
      - no-cache
      server:
      - nginx
      strict-transport-security:
      - max-age=31536000; includeSubDomains
      transfer-encoding:
      - chunked
      vary:
      - Accept-Encoding
      x-content-type-options:
      - nosniff
      x-ms-ratelimit-remaining-subscription-writes:
      - '1193'
    status:
      code: 200
      message: OK
- request:
    body: null
    headers:
      AKSHTTPCustomFeatures:
      - Microsoft.ContainerService/AKSWindowsGmsaPreview
      Accept:
      - '*/*'
      Accept-Encoding:
      - gzip, deflate
      CommandName:
      - aks update
      Connection:
      - keep-alive
      ParameterSetName:
      - --resource-group --name --enable-windows-gmsa --yes --aks-custom-headers
      User-Agent:
      - AZURECLI/2.36.0 azsdk-python-azure-mgmt-containerservice/19.0.0b Python/3.8.10
        (Linux-5.13.0-1022-azure-x86_64-with-glibc2.29)
    method: GET
    uri: https://management.azure.com/subscriptions/00000000-0000-0000-0000-000000000000/providers/Microsoft.ContainerService/locations/westus2/operations/a8de3b0e-15f3-4354-bebe-f1c018197081?api-version=2016-03-30
  response:
    body:
      string: "{\n  \"name\": \"0e3bdea8-f315-5443-bebe-f1c018197081\",\n  \"status\":
        \"InProgress\",\n  \"startTime\": \"2022-05-10T04:48:13.85Z\"\n }"
    headers:
      cache-control:
      - no-cache
      content-length:
      - '121'
      content-type:
      - application/json
      date:
      - Tue, 10 May 2022 04:48:43 GMT
      expires:
      - '-1'
      pragma:
      - no-cache
      server:
      - nginx
      strict-transport-security:
      - max-age=31536000; includeSubDomains
      transfer-encoding:
      - chunked
      vary:
      - Accept-Encoding
      x-content-type-options:
      - nosniff
    status:
      code: 200
      message: OK
- request:
    body: null
    headers:
      AKSHTTPCustomFeatures:
      - Microsoft.ContainerService/AKSWindowsGmsaPreview
      Accept:
      - '*/*'
      Accept-Encoding:
      - gzip, deflate
      CommandName:
      - aks update
      Connection:
      - keep-alive
      ParameterSetName:
      - --resource-group --name --enable-windows-gmsa --yes --aks-custom-headers
      User-Agent:
      - AZURECLI/2.36.0 azsdk-python-azure-mgmt-containerservice/19.0.0b Python/3.8.10
        (Linux-5.13.0-1022-azure-x86_64-with-glibc2.29)
    method: GET
    uri: https://management.azure.com/subscriptions/00000000-0000-0000-0000-000000000000/providers/Microsoft.ContainerService/locations/westus2/operations/a8de3b0e-15f3-4354-bebe-f1c018197081?api-version=2016-03-30
  response:
    body:
      string: "{\n  \"name\": \"0e3bdea8-f315-5443-bebe-f1c018197081\",\n  \"status\":
        \"InProgress\",\n  \"startTime\": \"2022-05-10T04:48:13.85Z\"\n }"
    headers:
      cache-control:
      - no-cache
      content-length:
      - '121'
      content-type:
      - application/json
      date:
      - Tue, 10 May 2022 04:49:14 GMT
      expires:
      - '-1'
      pragma:
      - no-cache
      server:
      - nginx
      strict-transport-security:
      - max-age=31536000; includeSubDomains
      transfer-encoding:
      - chunked
      vary:
      - Accept-Encoding
      x-content-type-options:
      - nosniff
    status:
      code: 200
      message: OK
- request:
    body: null
    headers:
      AKSHTTPCustomFeatures:
      - Microsoft.ContainerService/AKSWindowsGmsaPreview
      Accept:
      - '*/*'
      Accept-Encoding:
      - gzip, deflate
      CommandName:
      - aks update
      Connection:
      - keep-alive
      ParameterSetName:
      - --resource-group --name --enable-windows-gmsa --yes --aks-custom-headers
      User-Agent:
      - AZURECLI/2.36.0 azsdk-python-azure-mgmt-containerservice/19.0.0b Python/3.8.10
        (Linux-5.13.0-1022-azure-x86_64-with-glibc2.29)
    method: GET
    uri: https://management.azure.com/subscriptions/00000000-0000-0000-0000-000000000000/providers/Microsoft.ContainerService/locations/westus2/operations/a8de3b0e-15f3-4354-bebe-f1c018197081?api-version=2016-03-30
  response:
    body:
      string: "{\n  \"name\": \"0e3bdea8-f315-5443-bebe-f1c018197081\",\n  \"status\":
        \"InProgress\",\n  \"startTime\": \"2022-05-10T04:48:13.85Z\"\n }"
    headers:
      cache-control:
      - no-cache
      content-length:
      - '121'
      content-type:
      - application/json
      date:
      - Tue, 10 May 2022 04:49:43 GMT
      expires:
      - '-1'
      pragma:
      - no-cache
      server:
      - nginx
      strict-transport-security:
      - max-age=31536000; includeSubDomains
      transfer-encoding:
      - chunked
      vary:
      - Accept-Encoding
      x-content-type-options:
      - nosniff
    status:
      code: 200
      message: OK
- request:
    body: null
    headers:
      AKSHTTPCustomFeatures:
      - Microsoft.ContainerService/AKSWindowsGmsaPreview
      Accept:
      - '*/*'
      Accept-Encoding:
      - gzip, deflate
      CommandName:
      - aks update
      Connection:
      - keep-alive
      ParameterSetName:
      - --resource-group --name --enable-windows-gmsa --yes --aks-custom-headers
      User-Agent:
      - AZURECLI/2.36.0 azsdk-python-azure-mgmt-containerservice/19.0.0b Python/3.8.10
        (Linux-5.13.0-1022-azure-x86_64-with-glibc2.29)
    method: GET
    uri: https://management.azure.com/subscriptions/00000000-0000-0000-0000-000000000000/providers/Microsoft.ContainerService/locations/westus2/operations/a8de3b0e-15f3-4354-bebe-f1c018197081?api-version=2016-03-30
  response:
    body:
      string: "{\n  \"name\": \"0e3bdea8-f315-5443-bebe-f1c018197081\",\n  \"status\":
        \"InProgress\",\n  \"startTime\": \"2022-05-10T04:48:13.85Z\"\n }"
    headers:
      cache-control:
      - no-cache
      content-length:
      - '121'
      content-type:
      - application/json
      date:
      - Tue, 10 May 2022 04:50:13 GMT
      expires:
      - '-1'
      pragma:
      - no-cache
      server:
      - nginx
      strict-transport-security:
      - max-age=31536000; includeSubDomains
      transfer-encoding:
      - chunked
      vary:
      - Accept-Encoding
      x-content-type-options:
      - nosniff
    status:
      code: 200
      message: OK
- request:
    body: null
    headers:
      AKSHTTPCustomFeatures:
      - Microsoft.ContainerService/AKSWindowsGmsaPreview
      Accept:
      - '*/*'
      Accept-Encoding:
      - gzip, deflate
      CommandName:
      - aks update
      Connection:
      - keep-alive
      ParameterSetName:
      - --resource-group --name --enable-windows-gmsa --yes --aks-custom-headers
      User-Agent:
      - AZURECLI/2.36.0 azsdk-python-azure-mgmt-containerservice/19.0.0b Python/3.8.10
        (Linux-5.13.0-1022-azure-x86_64-with-glibc2.29)
    method: GET
    uri: https://management.azure.com/subscriptions/00000000-0000-0000-0000-000000000000/providers/Microsoft.ContainerService/locations/westus2/operations/a8de3b0e-15f3-4354-bebe-f1c018197081?api-version=2016-03-30
  response:
    body:
      string: "{\n  \"name\": \"0e3bdea8-f315-5443-bebe-f1c018197081\",\n  \"status\":
        \"InProgress\",\n  \"startTime\": \"2022-05-10T04:48:13.85Z\"\n }"
    headers:
      cache-control:
      - no-cache
      content-length:
      - '121'
      content-type:
      - application/json
      date:
      - Tue, 10 May 2022 04:50:43 GMT
      expires:
      - '-1'
      pragma:
      - no-cache
      server:
      - nginx
      strict-transport-security:
      - max-age=31536000; includeSubDomains
      transfer-encoding:
      - chunked
      vary:
      - Accept-Encoding
      x-content-type-options:
      - nosniff
    status:
      code: 200
      message: OK
- request:
    body: null
    headers:
      AKSHTTPCustomFeatures:
      - Microsoft.ContainerService/AKSWindowsGmsaPreview
      Accept:
      - '*/*'
      Accept-Encoding:
      - gzip, deflate
      CommandName:
      - aks update
      Connection:
      - keep-alive
      ParameterSetName:
      - --resource-group --name --enable-windows-gmsa --yes --aks-custom-headers
      User-Agent:
      - AZURECLI/2.36.0 azsdk-python-azure-mgmt-containerservice/19.0.0b Python/3.8.10
        (Linux-5.13.0-1022-azure-x86_64-with-glibc2.29)
    method: GET
    uri: https://management.azure.com/subscriptions/00000000-0000-0000-0000-000000000000/providers/Microsoft.ContainerService/locations/westus2/operations/a8de3b0e-15f3-4354-bebe-f1c018197081?api-version=2016-03-30
  response:
    body:
      string: "{\n  \"name\": \"0e3bdea8-f315-5443-bebe-f1c018197081\",\n  \"status\":
        \"InProgress\",\n  \"startTime\": \"2022-05-10T04:48:13.85Z\"\n }"
    headers:
      cache-control:
      - no-cache
      content-length:
      - '121'
      content-type:
      - application/json
      date:
      - Tue, 10 May 2022 04:51:13 GMT
      expires:
      - '-1'
      pragma:
      - no-cache
      server:
      - nginx
      strict-transport-security:
      - max-age=31536000; includeSubDomains
      transfer-encoding:
      - chunked
      vary:
      - Accept-Encoding
      x-content-type-options:
      - nosniff
    status:
      code: 200
      message: OK
- request:
    body: null
    headers:
      AKSHTTPCustomFeatures:
      - Microsoft.ContainerService/AKSWindowsGmsaPreview
      Accept:
      - '*/*'
      Accept-Encoding:
      - gzip, deflate
      CommandName:
      - aks update
      Connection:
      - keep-alive
      ParameterSetName:
      - --resource-group --name --enable-windows-gmsa --yes --aks-custom-headers
      User-Agent:
      - AZURECLI/2.36.0 azsdk-python-azure-mgmt-containerservice/19.0.0b Python/3.8.10
        (Linux-5.13.0-1022-azure-x86_64-with-glibc2.29)
    method: GET
    uri: https://management.azure.com/subscriptions/00000000-0000-0000-0000-000000000000/providers/Microsoft.ContainerService/locations/westus2/operations/a8de3b0e-15f3-4354-bebe-f1c018197081?api-version=2016-03-30
  response:
    body:
      string: "{\n  \"name\": \"0e3bdea8-f315-5443-bebe-f1c018197081\",\n  \"status\":
        \"InProgress\",\n  \"startTime\": \"2022-05-10T04:48:13.85Z\"\n }"
    headers:
      cache-control:
      - no-cache
      content-length:
      - '121'
      content-type:
      - application/json
      date:
      - Tue, 10 May 2022 04:51:44 GMT
      expires:
      - '-1'
      pragma:
      - no-cache
      server:
      - nginx
      strict-transport-security:
      - max-age=31536000; includeSubDomains
      transfer-encoding:
      - chunked
      vary:
      - Accept-Encoding
      x-content-type-options:
      - nosniff
    status:
      code: 200
      message: OK
- request:
    body: null
    headers:
      AKSHTTPCustomFeatures:
      - Microsoft.ContainerService/AKSWindowsGmsaPreview
      Accept:
      - '*/*'
      Accept-Encoding:
      - gzip, deflate
      CommandName:
      - aks update
      Connection:
      - keep-alive
      ParameterSetName:
      - --resource-group --name --enable-windows-gmsa --yes --aks-custom-headers
      User-Agent:
      - AZURECLI/2.36.0 azsdk-python-azure-mgmt-containerservice/19.0.0b Python/3.8.10
        (Linux-5.13.0-1022-azure-x86_64-with-glibc2.29)
    method: GET
    uri: https://management.azure.com/subscriptions/00000000-0000-0000-0000-000000000000/providers/Microsoft.ContainerService/locations/westus2/operations/a8de3b0e-15f3-4354-bebe-f1c018197081?api-version=2016-03-30
  response:
    body:
      string: "{\n  \"name\": \"0e3bdea8-f315-5443-bebe-f1c018197081\",\n  \"status\":
        \"InProgress\",\n  \"startTime\": \"2022-05-10T04:48:13.85Z\"\n }"
    headers:
      cache-control:
      - no-cache
      content-length:
      - '121'
      content-type:
      - application/json
      date:
      - Tue, 10 May 2022 04:52:14 GMT
      expires:
      - '-1'
      pragma:
      - no-cache
      server:
      - nginx
      strict-transport-security:
      - max-age=31536000; includeSubDomains
      transfer-encoding:
      - chunked
      vary:
      - Accept-Encoding
      x-content-type-options:
      - nosniff
    status:
      code: 200
      message: OK
- request:
    body: null
    headers:
      AKSHTTPCustomFeatures:
      - Microsoft.ContainerService/AKSWindowsGmsaPreview
      Accept:
      - '*/*'
      Accept-Encoding:
      - gzip, deflate
      CommandName:
      - aks update
      Connection:
      - keep-alive
      ParameterSetName:
      - --resource-group --name --enable-windows-gmsa --yes --aks-custom-headers
      User-Agent:
      - AZURECLI/2.36.0 azsdk-python-azure-mgmt-containerservice/19.0.0b Python/3.8.10
        (Linux-5.13.0-1022-azure-x86_64-with-glibc2.29)
    method: GET
    uri: https://management.azure.com/subscriptions/00000000-0000-0000-0000-000000000000/providers/Microsoft.ContainerService/locations/westus2/operations/a8de3b0e-15f3-4354-bebe-f1c018197081?api-version=2016-03-30
  response:
    body:
      string: "{\n  \"name\": \"0e3bdea8-f315-5443-bebe-f1c018197081\",\n  \"status\":
        \"InProgress\",\n  \"startTime\": \"2022-05-10T04:48:13.85Z\"\n }"
    headers:
      cache-control:
      - no-cache
      content-length:
      - '121'
      content-type:
      - application/json
      date:
      - Tue, 10 May 2022 04:52:44 GMT
      expires:
      - '-1'
      pragma:
      - no-cache
      server:
      - nginx
      strict-transport-security:
      - max-age=31536000; includeSubDomains
      transfer-encoding:
      - chunked
      vary:
      - Accept-Encoding
      x-content-type-options:
      - nosniff
    status:
      code: 200
      message: OK
- request:
    body: null
    headers:
      AKSHTTPCustomFeatures:
      - Microsoft.ContainerService/AKSWindowsGmsaPreview
      Accept:
      - '*/*'
      Accept-Encoding:
      - gzip, deflate
      CommandName:
      - aks update
      Connection:
      - keep-alive
      ParameterSetName:
      - --resource-group --name --enable-windows-gmsa --yes --aks-custom-headers
      User-Agent:
      - AZURECLI/2.36.0 azsdk-python-azure-mgmt-containerservice/19.0.0b Python/3.8.10
        (Linux-5.13.0-1022-azure-x86_64-with-glibc2.29)
    method: GET
    uri: https://management.azure.com/subscriptions/00000000-0000-0000-0000-000000000000/providers/Microsoft.ContainerService/locations/westus2/operations/a8de3b0e-15f3-4354-bebe-f1c018197081?api-version=2016-03-30
  response:
    body:
      string: "{\n  \"name\": \"0e3bdea8-f315-5443-bebe-f1c018197081\",\n  \"status\":
        \"InProgress\",\n  \"startTime\": \"2022-05-10T04:48:13.85Z\"\n }"
    headers:
      cache-control:
      - no-cache
      content-length:
      - '121'
      content-type:
      - application/json
      date:
      - Tue, 10 May 2022 04:53:14 GMT
      expires:
      - '-1'
      pragma:
      - no-cache
      server:
      - nginx
      strict-transport-security:
      - max-age=31536000; includeSubDomains
      transfer-encoding:
      - chunked
      vary:
      - Accept-Encoding
      x-content-type-options:
      - nosniff
    status:
      code: 200
      message: OK
- request:
    body: null
    headers:
      AKSHTTPCustomFeatures:
      - Microsoft.ContainerService/AKSWindowsGmsaPreview
      Accept:
      - '*/*'
      Accept-Encoding:
      - gzip, deflate
      CommandName:
      - aks update
      Connection:
      - keep-alive
      ParameterSetName:
      - --resource-group --name --enable-windows-gmsa --yes --aks-custom-headers
      User-Agent:
      - AZURECLI/2.36.0 azsdk-python-azure-mgmt-containerservice/19.0.0b Python/3.8.10
        (Linux-5.13.0-1022-azure-x86_64-with-glibc2.29)
    method: GET
    uri: https://management.azure.com/subscriptions/00000000-0000-0000-0000-000000000000/providers/Microsoft.ContainerService/locations/westus2/operations/a8de3b0e-15f3-4354-bebe-f1c018197081?api-version=2016-03-30
  response:
    body:
      string: "{\n  \"name\": \"0e3bdea8-f315-5443-bebe-f1c018197081\",\n  \"status\":
        \"InProgress\",\n  \"startTime\": \"2022-05-10T04:48:13.85Z\"\n }"
    headers:
      cache-control:
      - no-cache
      content-length:
      - '121'
      content-type:
      - application/json
      date:
      - Tue, 10 May 2022 04:53:43 GMT
      expires:
      - '-1'
      pragma:
      - no-cache
      server:
      - nginx
      strict-transport-security:
      - max-age=31536000; includeSubDomains
      transfer-encoding:
      - chunked
      vary:
      - Accept-Encoding
      x-content-type-options:
      - nosniff
    status:
      code: 200
      message: OK
- request:
    body: null
    headers:
      AKSHTTPCustomFeatures:
      - Microsoft.ContainerService/AKSWindowsGmsaPreview
      Accept:
      - '*/*'
      Accept-Encoding:
      - gzip, deflate
      CommandName:
      - aks update
      Connection:
      - keep-alive
      ParameterSetName:
      - --resource-group --name --enable-windows-gmsa --yes --aks-custom-headers
      User-Agent:
      - AZURECLI/2.36.0 azsdk-python-azure-mgmt-containerservice/19.0.0b Python/3.8.10
        (Linux-5.13.0-1022-azure-x86_64-with-glibc2.29)
    method: GET
    uri: https://management.azure.com/subscriptions/00000000-0000-0000-0000-000000000000/providers/Microsoft.ContainerService/locations/westus2/operations/a8de3b0e-15f3-4354-bebe-f1c018197081?api-version=2016-03-30
  response:
    body:
      string: "{\n  \"name\": \"0e3bdea8-f315-5443-bebe-f1c018197081\",\n  \"status\":
        \"InProgress\",\n  \"startTime\": \"2022-05-10T04:48:13.85Z\"\n }"
    headers:
      cache-control:
      - no-cache
      content-length:
      - '121'
      content-type:
      - application/json
      date:
      - Tue, 10 May 2022 04:54:14 GMT
      expires:
      - '-1'
      pragma:
      - no-cache
      server:
      - nginx
      strict-transport-security:
      - max-age=31536000; includeSubDomains
      transfer-encoding:
      - chunked
      vary:
      - Accept-Encoding
      x-content-type-options:
      - nosniff
    status:
      code: 200
      message: OK
- request:
    body: null
    headers:
      AKSHTTPCustomFeatures:
      - Microsoft.ContainerService/AKSWindowsGmsaPreview
      Accept:
      - '*/*'
      Accept-Encoding:
      - gzip, deflate
      CommandName:
      - aks update
      Connection:
      - keep-alive
      ParameterSetName:
      - --resource-group --name --enable-windows-gmsa --yes --aks-custom-headers
      User-Agent:
      - AZURECLI/2.36.0 azsdk-python-azure-mgmt-containerservice/19.0.0b Python/3.8.10
        (Linux-5.13.0-1022-azure-x86_64-with-glibc2.29)
    method: GET
    uri: https://management.azure.com/subscriptions/00000000-0000-0000-0000-000000000000/providers/Microsoft.ContainerService/locations/westus2/operations/a8de3b0e-15f3-4354-bebe-f1c018197081?api-version=2016-03-30
  response:
    body:
      string: "{\n  \"name\": \"0e3bdea8-f315-5443-bebe-f1c018197081\",\n  \"status\":
        \"InProgress\",\n  \"startTime\": \"2022-05-10T04:48:13.85Z\"\n }"
    headers:
      cache-control:
      - no-cache
      content-length:
      - '121'
      content-type:
      - application/json
      date:
      - Tue, 10 May 2022 04:54:44 GMT
      expires:
      - '-1'
      pragma:
      - no-cache
      server:
      - nginx
      strict-transport-security:
      - max-age=31536000; includeSubDomains
      transfer-encoding:
      - chunked
      vary:
      - Accept-Encoding
      x-content-type-options:
      - nosniff
    status:
      code: 200
      message: OK
- request:
    body: null
    headers:
      AKSHTTPCustomFeatures:
      - Microsoft.ContainerService/AKSWindowsGmsaPreview
      Accept:
      - '*/*'
      Accept-Encoding:
      - gzip, deflate
      CommandName:
      - aks update
      Connection:
      - keep-alive
      ParameterSetName:
      - --resource-group --name --enable-windows-gmsa --yes --aks-custom-headers
      User-Agent:
      - AZURECLI/2.36.0 azsdk-python-azure-mgmt-containerservice/19.0.0b Python/3.8.10
        (Linux-5.13.0-1022-azure-x86_64-with-glibc2.29)
    method: GET
    uri: https://management.azure.com/subscriptions/00000000-0000-0000-0000-000000000000/providers/Microsoft.ContainerService/locations/westus2/operations/a8de3b0e-15f3-4354-bebe-f1c018197081?api-version=2016-03-30
  response:
    body:
      string: "{\n  \"name\": \"0e3bdea8-f315-5443-bebe-f1c018197081\",\n  \"status\":
        \"InProgress\",\n  \"startTime\": \"2022-05-10T04:48:13.85Z\"\n }"
    headers:
      cache-control:
      - no-cache
      content-length:
      - '121'
      content-type:
      - application/json
      date:
      - Tue, 10 May 2022 04:55:14 GMT
      expires:
      - '-1'
      pragma:
      - no-cache
      server:
      - nginx
      strict-transport-security:
      - max-age=31536000; includeSubDomains
      transfer-encoding:
      - chunked
      vary:
      - Accept-Encoding
      x-content-type-options:
      - nosniff
    status:
      code: 200
      message: OK
- request:
    body: null
    headers:
      AKSHTTPCustomFeatures:
      - Microsoft.ContainerService/AKSWindowsGmsaPreview
      Accept:
      - '*/*'
      Accept-Encoding:
      - gzip, deflate
      CommandName:
      - aks update
      Connection:
      - keep-alive
      ParameterSetName:
      - --resource-group --name --enable-windows-gmsa --yes --aks-custom-headers
      User-Agent:
      - AZURECLI/2.36.0 azsdk-python-azure-mgmt-containerservice/19.0.0b Python/3.8.10
        (Linux-5.13.0-1022-azure-x86_64-with-glibc2.29)
    method: GET
    uri: https://management.azure.com/subscriptions/00000000-0000-0000-0000-000000000000/providers/Microsoft.ContainerService/locations/westus2/operations/a8de3b0e-15f3-4354-bebe-f1c018197081?api-version=2016-03-30
  response:
    body:
      string: "{\n  \"name\": \"0e3bdea8-f315-5443-bebe-f1c018197081\",\n  \"status\":
        \"InProgress\",\n  \"startTime\": \"2022-05-10T04:48:13.85Z\"\n }"
    headers:
      cache-control:
      - no-cache
      content-length:
      - '121'
      content-type:
      - application/json
      date:
      - Tue, 10 May 2022 04:55:44 GMT
      expires:
      - '-1'
      pragma:
      - no-cache
      server:
      - nginx
      strict-transport-security:
      - max-age=31536000; includeSubDomains
      transfer-encoding:
      - chunked
      vary:
      - Accept-Encoding
      x-content-type-options:
      - nosniff
    status:
      code: 200
      message: OK
- request:
    body: null
    headers:
      AKSHTTPCustomFeatures:
      - Microsoft.ContainerService/AKSWindowsGmsaPreview
      Accept:
      - '*/*'
      Accept-Encoding:
      - gzip, deflate
      CommandName:
      - aks update
      Connection:
      - keep-alive
      ParameterSetName:
      - --resource-group --name --enable-windows-gmsa --yes --aks-custom-headers
      User-Agent:
      - AZURECLI/2.36.0 azsdk-python-azure-mgmt-containerservice/19.0.0b Python/3.8.10
        (Linux-5.13.0-1022-azure-x86_64-with-glibc2.29)
    method: GET
    uri: https://management.azure.com/subscriptions/00000000-0000-0000-0000-000000000000/providers/Microsoft.ContainerService/locations/westus2/operations/a8de3b0e-15f3-4354-bebe-f1c018197081?api-version=2016-03-30
  response:
    body:
      string: "{\n  \"name\": \"0e3bdea8-f315-5443-bebe-f1c018197081\",\n  \"status\":
        \"InProgress\",\n  \"startTime\": \"2022-05-10T04:48:13.85Z\"\n }"
    headers:
      cache-control:
      - no-cache
      content-length:
      - '121'
      content-type:
      - application/json
      date:
      - Tue, 10 May 2022 04:56:15 GMT
      expires:
      - '-1'
      pragma:
      - no-cache
      server:
      - nginx
      strict-transport-security:
      - max-age=31536000; includeSubDomains
      transfer-encoding:
      - chunked
      vary:
      - Accept-Encoding
      x-content-type-options:
      - nosniff
    status:
      code: 200
      message: OK
- request:
    body: null
    headers:
      AKSHTTPCustomFeatures:
      - Microsoft.ContainerService/AKSWindowsGmsaPreview
      Accept:
      - '*/*'
      Accept-Encoding:
      - gzip, deflate
      CommandName:
      - aks update
      Connection:
      - keep-alive
      ParameterSetName:
      - --resource-group --name --enable-windows-gmsa --yes --aks-custom-headers
      User-Agent:
      - AZURECLI/2.36.0 azsdk-python-azure-mgmt-containerservice/19.0.0b Python/3.8.10
        (Linux-5.13.0-1022-azure-x86_64-with-glibc2.29)
    method: GET
    uri: https://management.azure.com/subscriptions/00000000-0000-0000-0000-000000000000/providers/Microsoft.ContainerService/locations/westus2/operations/a8de3b0e-15f3-4354-bebe-f1c018197081?api-version=2016-03-30
  response:
    body:
      string: "{\n  \"name\": \"0e3bdea8-f315-5443-bebe-f1c018197081\",\n  \"status\":
        \"InProgress\",\n  \"startTime\": \"2022-05-10T04:48:13.85Z\"\n }"
    headers:
      cache-control:
      - no-cache
      content-length:
      - '121'
      content-type:
      - application/json
      date:
      - Tue, 10 May 2022 04:56:44 GMT
      expires:
      - '-1'
      pragma:
      - no-cache
      server:
      - nginx
      strict-transport-security:
      - max-age=31536000; includeSubDomains
      transfer-encoding:
      - chunked
      vary:
      - Accept-Encoding
      x-content-type-options:
      - nosniff
    status:
      code: 200
      message: OK
- request:
    body: null
    headers:
      AKSHTTPCustomFeatures:
      - Microsoft.ContainerService/AKSWindowsGmsaPreview
      Accept:
      - '*/*'
      Accept-Encoding:
      - gzip, deflate
      CommandName:
      - aks update
      Connection:
      - keep-alive
      ParameterSetName:
      - --resource-group --name --enable-windows-gmsa --yes --aks-custom-headers
      User-Agent:
      - AZURECLI/2.36.0 azsdk-python-azure-mgmt-containerservice/19.0.0b Python/3.8.10
        (Linux-5.13.0-1022-azure-x86_64-with-glibc2.29)
    method: GET
    uri: https://management.azure.com/subscriptions/00000000-0000-0000-0000-000000000000/providers/Microsoft.ContainerService/locations/westus2/operations/a8de3b0e-15f3-4354-bebe-f1c018197081?api-version=2016-03-30
  response:
    body:
      string: "{\n  \"name\": \"0e3bdea8-f315-5443-bebe-f1c018197081\",\n  \"status\":
        \"InProgress\",\n  \"startTime\": \"2022-05-10T04:48:13.85Z\"\n }"
    headers:
      cache-control:
      - no-cache
      content-length:
      - '121'
      content-type:
      - application/json
      date:
      - Tue, 10 May 2022 04:57:14 GMT
      expires:
      - '-1'
      pragma:
      - no-cache
      server:
      - nginx
      strict-transport-security:
      - max-age=31536000; includeSubDomains
      transfer-encoding:
      - chunked
      vary:
      - Accept-Encoding
      x-content-type-options:
      - nosniff
    status:
      code: 200
      message: OK
- request:
    body: null
    headers:
      AKSHTTPCustomFeatures:
      - Microsoft.ContainerService/AKSWindowsGmsaPreview
      Accept:
      - '*/*'
      Accept-Encoding:
      - gzip, deflate
      CommandName:
      - aks update
      Connection:
      - keep-alive
      ParameterSetName:
      - --resource-group --name --enable-windows-gmsa --yes --aks-custom-headers
      User-Agent:
      - AZURECLI/2.36.0 azsdk-python-azure-mgmt-containerservice/19.0.0b Python/3.8.10
        (Linux-5.13.0-1022-azure-x86_64-with-glibc2.29)
    method: GET
    uri: https://management.azure.com/subscriptions/00000000-0000-0000-0000-000000000000/providers/Microsoft.ContainerService/locations/westus2/operations/a8de3b0e-15f3-4354-bebe-f1c018197081?api-version=2016-03-30
  response:
    body:
      string: "{\n  \"name\": \"0e3bdea8-f315-5443-bebe-f1c018197081\",\n  \"status\":
        \"InProgress\",\n  \"startTime\": \"2022-05-10T04:48:13.85Z\"\n }"
    headers:
      cache-control:
      - no-cache
      content-length:
      - '121'
      content-type:
      - application/json
      date:
      - Tue, 10 May 2022 04:57:44 GMT
      expires:
      - '-1'
      pragma:
      - no-cache
      server:
      - nginx
      strict-transport-security:
      - max-age=31536000; includeSubDomains
      transfer-encoding:
      - chunked
      vary:
      - Accept-Encoding
      x-content-type-options:
      - nosniff
    status:
      code: 200
      message: OK
- request:
    body: null
    headers:
      AKSHTTPCustomFeatures:
      - Microsoft.ContainerService/AKSWindowsGmsaPreview
      Accept:
      - '*/*'
      Accept-Encoding:
      - gzip, deflate
      CommandName:
      - aks update
      Connection:
      - keep-alive
      ParameterSetName:
      - --resource-group --name --enable-windows-gmsa --yes --aks-custom-headers
      User-Agent:
      - AZURECLI/2.36.0 azsdk-python-azure-mgmt-containerservice/19.0.0b Python/3.8.10
        (Linux-5.13.0-1022-azure-x86_64-with-glibc2.29)
    method: GET
    uri: https://management.azure.com/subscriptions/00000000-0000-0000-0000-000000000000/providers/Microsoft.ContainerService/locations/westus2/operations/a8de3b0e-15f3-4354-bebe-f1c018197081?api-version=2016-03-30
  response:
    body:
      string: "{\n  \"name\": \"0e3bdea8-f315-5443-bebe-f1c018197081\",\n  \"status\":
        \"InProgress\",\n  \"startTime\": \"2022-05-10T04:48:13.85Z\"\n }"
    headers:
      cache-control:
      - no-cache
      content-length:
      - '121'
      content-type:
      - application/json
      date:
      - Tue, 10 May 2022 04:58:15 GMT
      expires:
      - '-1'
      pragma:
      - no-cache
      server:
      - nginx
      strict-transport-security:
      - max-age=31536000; includeSubDomains
      transfer-encoding:
      - chunked
      vary:
      - Accept-Encoding
      x-content-type-options:
      - nosniff
    status:
      code: 200
      message: OK
- request:
    body: null
    headers:
      AKSHTTPCustomFeatures:
      - Microsoft.ContainerService/AKSWindowsGmsaPreview
      Accept:
      - '*/*'
      Accept-Encoding:
      - gzip, deflate
      CommandName:
      - aks update
      Connection:
      - keep-alive
      ParameterSetName:
      - --resource-group --name --enable-windows-gmsa --yes --aks-custom-headers
      User-Agent:
      - AZURECLI/2.36.0 azsdk-python-azure-mgmt-containerservice/19.0.0b Python/3.8.10
        (Linux-5.13.0-1022-azure-x86_64-with-glibc2.29)
    method: GET
    uri: https://management.azure.com/subscriptions/00000000-0000-0000-0000-000000000000/providers/Microsoft.ContainerService/locations/westus2/operations/a8de3b0e-15f3-4354-bebe-f1c018197081?api-version=2016-03-30
  response:
    body:
      string: "{\n  \"name\": \"0e3bdea8-f315-5443-bebe-f1c018197081\",\n  \"status\":
        \"InProgress\",\n  \"startTime\": \"2022-05-10T04:48:13.85Z\"\n }"
    headers:
      cache-control:
      - no-cache
      content-length:
      - '121'
      content-type:
      - application/json
      date:
      - Tue, 10 May 2022 04:58:45 GMT
      expires:
      - '-1'
      pragma:
      - no-cache
      server:
      - nginx
      strict-transport-security:
      - max-age=31536000; includeSubDomains
      transfer-encoding:
      - chunked
      vary:
      - Accept-Encoding
      x-content-type-options:
      - nosniff
    status:
      code: 200
      message: OK
- request:
    body: null
    headers:
      AKSHTTPCustomFeatures:
      - Microsoft.ContainerService/AKSWindowsGmsaPreview
      Accept:
      - '*/*'
      Accept-Encoding:
      - gzip, deflate
      CommandName:
      - aks update
      Connection:
      - keep-alive
      ParameterSetName:
      - --resource-group --name --enable-windows-gmsa --yes --aks-custom-headers
      User-Agent:
      - AZURECLI/2.36.0 azsdk-python-azure-mgmt-containerservice/19.0.0b Python/3.8.10
        (Linux-5.13.0-1022-azure-x86_64-with-glibc2.29)
    method: GET
    uri: https://management.azure.com/subscriptions/00000000-0000-0000-0000-000000000000/providers/Microsoft.ContainerService/locations/westus2/operations/a8de3b0e-15f3-4354-bebe-f1c018197081?api-version=2016-03-30
  response:
    body:
      string: "{\n  \"name\": \"0e3bdea8-f315-5443-bebe-f1c018197081\",\n  \"status\":
        \"InProgress\",\n  \"startTime\": \"2022-05-10T04:48:13.85Z\"\n }"
    headers:
      cache-control:
      - no-cache
      content-length:
      - '121'
      content-type:
      - application/json
      date:
      - Tue, 10 May 2022 04:59:14 GMT
      expires:
      - '-1'
      pragma:
      - no-cache
      server:
      - nginx
      strict-transport-security:
      - max-age=31536000; includeSubDomains
      transfer-encoding:
      - chunked
      vary:
      - Accept-Encoding
      x-content-type-options:
      - nosniff
    status:
      code: 200
      message: OK
- request:
    body: null
    headers:
      AKSHTTPCustomFeatures:
      - Microsoft.ContainerService/AKSWindowsGmsaPreview
      Accept:
      - '*/*'
      Accept-Encoding:
      - gzip, deflate
      CommandName:
      - aks update
      Connection:
      - keep-alive
      ParameterSetName:
      - --resource-group --name --enable-windows-gmsa --yes --aks-custom-headers
      User-Agent:
      - AZURECLI/2.36.0 azsdk-python-azure-mgmt-containerservice/19.0.0b Python/3.8.10
        (Linux-5.13.0-1022-azure-x86_64-with-glibc2.29)
    method: GET
    uri: https://management.azure.com/subscriptions/00000000-0000-0000-0000-000000000000/providers/Microsoft.ContainerService/locations/westus2/operations/a8de3b0e-15f3-4354-bebe-f1c018197081?api-version=2016-03-30
  response:
    body:
      string: "{\n  \"name\": \"0e3bdea8-f315-5443-bebe-f1c018197081\",\n  \"status\":
        \"InProgress\",\n  \"startTime\": \"2022-05-10T04:48:13.85Z\"\n }"
    headers:
      cache-control:
      - no-cache
      content-length:
      - '121'
      content-type:
      - application/json
      date:
      - Tue, 10 May 2022 04:59:45 GMT
      expires:
      - '-1'
      pragma:
      - no-cache
      server:
      - nginx
      strict-transport-security:
      - max-age=31536000; includeSubDomains
      transfer-encoding:
      - chunked
      vary:
      - Accept-Encoding
      x-content-type-options:
      - nosniff
    status:
      code: 200
      message: OK
- request:
    body: null
    headers:
      AKSHTTPCustomFeatures:
      - Microsoft.ContainerService/AKSWindowsGmsaPreview
      Accept:
      - '*/*'
      Accept-Encoding:
      - gzip, deflate
      CommandName:
      - aks update
      Connection:
      - keep-alive
      ParameterSetName:
      - --resource-group --name --enable-windows-gmsa --yes --aks-custom-headers
      User-Agent:
      - AZURECLI/2.36.0 azsdk-python-azure-mgmt-containerservice/19.0.0b Python/3.8.10
        (Linux-5.13.0-1022-azure-x86_64-with-glibc2.29)
    method: GET
    uri: https://management.azure.com/subscriptions/00000000-0000-0000-0000-000000000000/providers/Microsoft.ContainerService/locations/westus2/operations/a8de3b0e-15f3-4354-bebe-f1c018197081?api-version=2016-03-30
  response:
    body:
      string: "{\n  \"name\": \"0e3bdea8-f315-5443-bebe-f1c018197081\",\n  \"status\":
        \"InProgress\",\n  \"startTime\": \"2022-05-10T04:48:13.85Z\"\n }"
    headers:
      cache-control:
      - no-cache
      content-length:
      - '121'
      content-type:
      - application/json
      date:
      - Tue, 10 May 2022 05:00:15 GMT
      expires:
      - '-1'
      pragma:
      - no-cache
      server:
      - nginx
      strict-transport-security:
      - max-age=31536000; includeSubDomains
      transfer-encoding:
      - chunked
      vary:
      - Accept-Encoding
      x-content-type-options:
      - nosniff
    status:
      code: 200
      message: OK
- request:
    body: null
    headers:
      AKSHTTPCustomFeatures:
      - Microsoft.ContainerService/AKSWindowsGmsaPreview
      Accept:
      - '*/*'
      Accept-Encoding:
      - gzip, deflate
      CommandName:
      - aks update
      Connection:
      - keep-alive
      ParameterSetName:
      - --resource-group --name --enable-windows-gmsa --yes --aks-custom-headers
      User-Agent:
      - AZURECLI/2.36.0 azsdk-python-azure-mgmt-containerservice/19.0.0b Python/3.8.10
        (Linux-5.13.0-1022-azure-x86_64-with-glibc2.29)
    method: GET
    uri: https://management.azure.com/subscriptions/00000000-0000-0000-0000-000000000000/providers/Microsoft.ContainerService/locations/westus2/operations/a8de3b0e-15f3-4354-bebe-f1c018197081?api-version=2016-03-30
  response:
    body:
      string: "{\n  \"name\": \"0e3bdea8-f315-5443-bebe-f1c018197081\",\n  \"status\":
        \"InProgress\",\n  \"startTime\": \"2022-05-10T04:48:13.85Z\"\n }"
    headers:
      cache-control:
      - no-cache
      content-length:
      - '121'
      content-type:
      - application/json
      date:
      - Tue, 10 May 2022 05:00:45 GMT
      expires:
      - '-1'
      pragma:
      - no-cache
      server:
      - nginx
      strict-transport-security:
      - max-age=31536000; includeSubDomains
      transfer-encoding:
      - chunked
      vary:
      - Accept-Encoding
      x-content-type-options:
      - nosniff
    status:
      code: 200
      message: OK
- request:
    body: null
    headers:
      AKSHTTPCustomFeatures:
      - Microsoft.ContainerService/AKSWindowsGmsaPreview
      Accept:
      - '*/*'
      Accept-Encoding:
      - gzip, deflate
      CommandName:
      - aks update
      Connection:
      - keep-alive
      ParameterSetName:
      - --resource-group --name --enable-windows-gmsa --yes --aks-custom-headers
      User-Agent:
      - AZURECLI/2.36.0 azsdk-python-azure-mgmt-containerservice/19.0.0b Python/3.8.10
        (Linux-5.13.0-1022-azure-x86_64-with-glibc2.29)
    method: GET
    uri: https://management.azure.com/subscriptions/00000000-0000-0000-0000-000000000000/providers/Microsoft.ContainerService/locations/westus2/operations/a8de3b0e-15f3-4354-bebe-f1c018197081?api-version=2016-03-30
  response:
    body:
      string: "{\n  \"name\": \"0e3bdea8-f315-5443-bebe-f1c018197081\",\n  \"status\":
        \"InProgress\",\n  \"startTime\": \"2022-05-10T04:48:13.85Z\"\n }"
    headers:
      cache-control:
      - no-cache
      content-length:
      - '121'
      content-type:
      - application/json
      date:
      - Tue, 10 May 2022 05:01:15 GMT
      expires:
      - '-1'
      pragma:
      - no-cache
      server:
      - nginx
      strict-transport-security:
      - max-age=31536000; includeSubDomains
      transfer-encoding:
      - chunked
      vary:
      - Accept-Encoding
      x-content-type-options:
      - nosniff
    status:
      code: 200
      message: OK
- request:
    body: null
    headers:
      AKSHTTPCustomFeatures:
      - Microsoft.ContainerService/AKSWindowsGmsaPreview
      Accept:
      - '*/*'
      Accept-Encoding:
      - gzip, deflate
      CommandName:
      - aks update
      Connection:
      - keep-alive
      ParameterSetName:
      - --resource-group --name --enable-windows-gmsa --yes --aks-custom-headers
      User-Agent:
      - AZURECLI/2.36.0 azsdk-python-azure-mgmt-containerservice/19.0.0b Python/3.8.10
        (Linux-5.13.0-1022-azure-x86_64-with-glibc2.29)
    method: GET
    uri: https://management.azure.com/subscriptions/00000000-0000-0000-0000-000000000000/providers/Microsoft.ContainerService/locations/westus2/operations/a8de3b0e-15f3-4354-bebe-f1c018197081?api-version=2016-03-30
  response:
    body:
      string: "{\n  \"name\": \"0e3bdea8-f315-5443-bebe-f1c018197081\",\n  \"status\":
        \"InProgress\",\n  \"startTime\": \"2022-05-10T04:48:13.85Z\"\n }"
    headers:
      cache-control:
      - no-cache
      content-length:
      - '121'
      content-type:
      - application/json
      date:
      - Tue, 10 May 2022 05:01:45 GMT
      expires:
      - '-1'
      pragma:
      - no-cache
      server:
      - nginx
      strict-transport-security:
      - max-age=31536000; includeSubDomains
      transfer-encoding:
      - chunked
      vary:
      - Accept-Encoding
      x-content-type-options:
      - nosniff
    status:
      code: 200
      message: OK
- request:
    body: null
    headers:
      AKSHTTPCustomFeatures:
      - Microsoft.ContainerService/AKSWindowsGmsaPreview
      Accept:
      - '*/*'
      Accept-Encoding:
      - gzip, deflate
      CommandName:
      - aks update
      Connection:
      - keep-alive
      ParameterSetName:
      - --resource-group --name --enable-windows-gmsa --yes --aks-custom-headers
      User-Agent:
      - AZURECLI/2.36.0 azsdk-python-azure-mgmt-containerservice/19.0.0b Python/3.8.10
        (Linux-5.13.0-1022-azure-x86_64-with-glibc2.29)
    method: GET
    uri: https://management.azure.com/subscriptions/00000000-0000-0000-0000-000000000000/providers/Microsoft.ContainerService/locations/westus2/operations/a8de3b0e-15f3-4354-bebe-f1c018197081?api-version=2016-03-30
  response:
    body:
      string: "{\n  \"name\": \"0e3bdea8-f315-5443-bebe-f1c018197081\",\n  \"status\":
        \"Succeeded\",\n  \"startTime\": \"2022-05-10T04:48:13.85Z\",\n  \"endTime\":
        \"2022-05-10T05:01:57.4221314Z\"\n }"
    headers:
      cache-control:
      - no-cache
      content-length:
      - '165'
      content-type:
      - application/json
      date:
      - Tue, 10 May 2022 05:02:15 GMT
      expires:
      - '-1'
      pragma:
      - no-cache
      server:
      - nginx
      strict-transport-security:
      - max-age=31536000; includeSubDomains
      transfer-encoding:
      - chunked
      vary:
      - Accept-Encoding
      x-content-type-options:
      - nosniff
    status:
      code: 200
      message: OK
- request:
    body: null
    headers:
      AKSHTTPCustomFeatures:
      - Microsoft.ContainerService/AKSWindowsGmsaPreview
      Accept:
      - '*/*'
      Accept-Encoding:
      - gzip, deflate
      CommandName:
      - aks update
      Connection:
      - keep-alive
      ParameterSetName:
      - --resource-group --name --enable-windows-gmsa --yes --aks-custom-headers
      User-Agent:
      - AZURECLI/2.36.0 azsdk-python-azure-mgmt-containerservice/19.0.0b Python/3.8.10
        (Linux-5.13.0-1022-azure-x86_64-with-glibc2.29)
    method: GET
    uri: https://management.azure.com/subscriptions/00000000-0000-0000-0000-000000000000/resourceGroups/clitest000001/providers/Microsoft.ContainerService/managedClusters/cliakstest000001?api-version=2022-04-02-preview
  response:
    body:
      string: "{\n  \"id\": \"/subscriptions/00000000-0000-0000-0000-000000000000/resourcegroups/clitest000001/providers/Microsoft.ContainerService/managedClusters/cliakstest000001\",\n
        \ \"location\": \"westus2\",\n  \"name\": \"cliakstest000001\",\n  \"type\":
        \"Microsoft.ContainerService/ManagedClusters\",\n  \"properties\": {\n   \"provisioningState\":
        \"Succeeded\",\n   \"powerState\": {\n    \"code\": \"Running\"\n   },\n   \"kubernetesVersion\":
        \"1.22.6\",\n   \"currentKubernetesVersion\": \"1.22.6\",\n   \"dnsPrefix\":
        \"cliaksdns000002\",\n   \"fqdn\": \"cliaksdns000002-16e8133c.hcp.westus2.azmk8s.io\",\n
        \  \"azurePortalFQDN\": \"cliaksdns000002-16e8133c.portal.hcp.westus2.azmk8s.io\",\n
        \  \"agentPoolProfiles\": [\n    {\n     \"name\": \"nodepool1\",\n     \"count\":
        1,\n     \"vmSize\": \"Standard_DS2_v2\",\n     \"osDiskSizeGB\": 128,\n     \"osDiskType\":
        \"Managed\",\n     \"kubeletDiskType\": \"OS\",\n     \"workloadRuntime\":
        \"OCIContainer\",\n     \"maxPods\": 30,\n     \"type\": \"VirtualMachineScaleSets\",\n
        \    \"enableAutoScaling\": false,\n     \"provisioningState\": \"Succeeded\",\n
        \    \"powerState\": {\n      \"code\": \"Running\"\n     },\n     \"orchestratorVersion\":
        \"1.22.6\",\n     \"enableNodePublicIP\": false,\n     \"mode\": \"System\",\n
        \    \"enableEncryptionAtHost\": false,\n     \"enableUltraSSD\": false,\n
        \    \"osType\": \"Linux\",\n     \"osSKU\": \"Ubuntu\",\n     \"nodeImageVersion\":
        \"AKSUbuntu-1804gen2containerd-2022.04.19\",\n     \"enableFIPS\": false\n
        \   },\n    {\n     \"name\": \"npwin\",\n     \"count\": 1,\n     \"vmSize\":
        \"Standard_D2s_v3\",\n     \"osDiskSizeGB\": 128,\n     \"osDiskType\": \"Managed\",\n
        \    \"kubeletDiskType\": \"OS\",\n     \"workloadRuntime\": \"OCIContainer\",\n
        \    \"maxPods\": 30,\n     \"type\": \"VirtualMachineScaleSets\",\n     \"scaleDownMode\":
        \"Delete\",\n     \"provisioningState\": \"Succeeded\",\n     \"powerState\":
        {\n      \"code\": \"Running\"\n     },\n     \"orchestratorVersion\": \"1.22.6\",\n
        \    \"enableNodePublicIP\": false,\n     \"mode\": \"User\",\n     \"enableEncryptionAtHost\":
        false,\n     \"enableUltraSSD\": false,\n     \"osType\": \"Windows\",\n     \"nodeImageVersion\":
        \"AKSWindows-2019-17763.2803.220428\",\n     \"upgradeSettings\": {},\n     \"enableFIPS\":
        false\n    }\n   ],\n   \"linuxProfile\": {\n    \"adminUsername\": \"azureuser\",\n
        \   \"ssh\": {\n     \"publicKeys\": [\n      {\n       \"keyData\": \"ssh-rsa
        AAAAB3NzaC1yc2EAAAADAQABAAABAQCl5mpv51nDwg63jdXOCZTU8bqiGzaJ8s/qwDudJbAVTi+TKDiVC/x6GG5cDjzSzKKPRtlumnYoAC3U35T/qV0wEznRZ9WL3mk46r96gIqJt1JyQiAPk6ImovK89USm6hFLji7mEJRF8tJkGjgR+N5blbtU0hCytxM2VGZfW5u8oLNdlQSGsy9QKq8TItUy1ra8i02maSZHQFdEuHwxbjimi5IgUWXug+IwCqInTMiMBYaoSnmnQ8tZPPmxAfMDQKcHiHYO6YuNJSrvNfTgszdmUiZ8V8APMIFfkcOtKsicjOj6AzKjb+Zo1WFqQSFcoyJFXNTYgPPRCfEzYPhNa1hD
        azcli_aks_live_test@example.com\\n\"\n      }\n     ]\n    }\n   },\n   \"windowsProfile\":
        {\n    \"adminUsername\": \"azureuser1\",\n    \"enableCSIProxy\": true,\n
        \   \"gmsaProfile\": {\n     \"enabled\": true,\n     \"dnsServer\": \"\",\n
        \    \"rootDomainName\": \"\"\n    }\n   },\n   \"servicePrincipalProfile\":
        {\n    \"clientId\":\"00000000-0000-0000-0000-000000000001\"\n   },\n   \"nodeResourceGroup\":
        \"MC_clitest000001_cliakstest000001_westus2\",\n   \"enableRBAC\": true,\n
        \  \"enablePodSecurityPolicy\": false,\n   \"networkProfile\": {\n    \"networkPlugin\":
        \"azure\",\n    \"loadBalancerSku\": \"Standard\",\n    \"loadBalancerProfile\":
        {\n     \"managedOutboundIPs\": {\n      \"count\": 1\n     },\n     \"effectiveOutboundIPs\":
        [\n      {\n       \"id\": \"/subscriptions/00000000-0000-0000-0000-000000000000/resourceGroups/MC_clitest000001_cliakstest000001_westus2/providers/Microsoft.Network/publicIPAddresses/0fab33df-6e4e-475a-8ba3-39600f5fd1d9\"\n
        \     }\n     ]\n    },\n    \"serviceCidr\": \"10.0.0.0/16\",\n    \"dnsServiceIP\":
        \"10.0.0.10\",\n    \"dockerBridgeCidr\": \"172.17.0.1/16\",\n    \"outboundType\":
        \"loadBalancer\",\n    \"serviceCidrs\": [\n     \"10.0.0.0/16\"\n    ],\n
        \   \"ipFamilies\": [\n     \"IPv4\"\n    ]\n   },\n   \"maxAgentPools\":
        100,\n   \"identityProfile\": {\n    \"kubeletidentity\": {\n     \"resourceId\":
        \"/subscriptions/00000000-0000-0000-0000-000000000000/resourcegroups/MC_clitest000001_cliakstest000001_westus2/providers/Microsoft.ManagedIdentity/userAssignedIdentities/cliakstest000001-agentpool\",\n
        \    \"clientId\":\"00000000-0000-0000-0000-000000000001\",\n     \"objectId\":\"00000000-0000-0000-0000-000000000001\"\n
        \   }\n   },\n   \"disableLocalAccounts\": false,\n   \"securityProfile\":
        {},\n   \"oidcIssuerProfile\": {\n    \"enabled\": false\n   }\n  },\n  \"identity\":
        {\n   \"type\": \"SystemAssigned\",\n   \"principalId\":\"00000000-0000-0000-0000-000000000001\",\n
        \  \"tenantId\": \"72f988bf-86f1-41af-91ab-2d7cd011db47\"\n  },\n  \"sku\":
        {\n   \"name\": \"Basic\",\n   \"tier\": \"Free\"\n  }\n }"
    headers:
      cache-control:
      - no-cache
      content-length:
      - '4452'
      content-type:
      - application/json
      date:
      - Tue, 10 May 2022 05:02:16 GMT
      expires:
      - '-1'
      pragma:
      - no-cache
      server:
      - nginx
      strict-transport-security:
      - max-age=31536000; includeSubDomains
      transfer-encoding:
      - chunked
      vary:
      - Accept-Encoding
      x-content-type-options:
      - nosniff
    status:
      code: 200
      message: OK
- request:
    body: null
    headers:
      Accept:
      - application/json
      Accept-Encoding:
      - gzip, deflate
      CommandName:
      - aks nodepool delete
      Connection:
      - keep-alive
      ParameterSetName:
      - --resource-group --cluster-name --name --no-wait
      User-Agent:
      - AZURECLI/2.36.0 azsdk-python-azure-mgmt-containerservice/19.0.0b Python/3.8.10
        (Linux-5.13.0-1022-azure-x86_64-with-glibc2.29)
    method: GET
    uri: https://management.azure.com/subscriptions/00000000-0000-0000-0000-000000000000/resourceGroups/clitest000001/providers/Microsoft.ContainerService/managedClusters/cliakstest000001/agentPools?api-version=2022-04-02-preview
  response:
    body:
      string: "{\n  \"value\": [\n   {\n    \"id\": \"/subscriptions/00000000-0000-0000-0000-000000000000/resourcegroups/clitest000001/providers/Microsoft.ContainerService/managedClusters/cliakstest000001/agentPools/nodepool1\",\n
        \   \"name\": \"nodepool1\",\n    \"type\": \"Microsoft.ContainerService/managedClusters/agentPools\",\n
        \   \"properties\": {\n     \"count\": 1,\n     \"vmSize\": \"Standard_DS2_v2\",\n
        \    \"osDiskSizeGB\": 128,\n     \"osDiskType\": \"Managed\",\n     \"kubeletDiskType\":
        \"OS\",\n     \"workloadRuntime\": \"OCIContainer\",\n     \"maxPods\": 30,\n
        \    \"type\": \"VirtualMachineScaleSets\",\n     \"enableAutoScaling\": false,\n
        \    \"provisioningState\": \"Succeeded\",\n     \"powerState\": {\n      \"code\":
        \"Running\"\n     },\n     \"orchestratorVersion\": \"1.22.6\",\n     \"enableNodePublicIP\":
        false,\n     \"mode\": \"System\",\n     \"enableEncryptionAtHost\": false,\n
        \    \"enableUltraSSD\": false,\n     \"osType\": \"Linux\",\n     \"osSKU\":
        \"Ubuntu\",\n     \"nodeImageVersion\": \"AKSUbuntu-1804gen2containerd-2022.04.19\",\n
        \    \"enableFIPS\": false\n    }\n   },\n   {\n    \"id\": \"/subscriptions/00000000-0000-0000-0000-000000000000/resourcegroups/clitest000001/providers/Microsoft.ContainerService/managedClusters/cliakstest000001/agentPools/npwin\",\n
        \   \"name\": \"npwin\",\n    \"type\": \"Microsoft.ContainerService/managedClusters/agentPools\",\n
        \   \"properties\": {\n     \"count\": 1,\n     \"vmSize\": \"Standard_D2s_v3\",\n
        \    \"osDiskSizeGB\": 128,\n     \"osDiskType\": \"Managed\",\n     \"kubeletDiskType\":
        \"OS\",\n     \"workloadRuntime\": \"OCIContainer\",\n     \"maxPods\": 30,\n
        \    \"type\": \"VirtualMachineScaleSets\",\n     \"scaleDownMode\": \"Delete\",\n
        \    \"provisioningState\": \"Succeeded\",\n     \"powerState\": {\n      \"code\":
        \"Running\"\n     },\n     \"orchestratorVersion\": \"1.22.6\",\n     \"enableNodePublicIP\":
        false,\n     \"mode\": \"User\",\n     \"enableEncryptionAtHost\": false,\n
        \    \"enableUltraSSD\": false,\n     \"osType\": \"Windows\",\n     \"nodeImageVersion\":
        \"AKSWindows-2019-17763.2803.220428\",\n     \"upgradeSettings\": {},\n     \"enableFIPS\":
        false\n    }\n   }\n  ]\n }"
    headers:
      cache-control:
      - no-cache
      content-length:
      - '1973'
      content-type:
      - application/json
      date:
      - Tue, 10 May 2022 05:02:17 GMT
      expires:
      - '-1'
      pragma:
      - no-cache
      server:
      - nginx
      strict-transport-security:
      - max-age=31536000; includeSubDomains
      transfer-encoding:
      - chunked
      vary:
      - Accept-Encoding
      x-content-type-options:
      - nosniff
    status:
      code: 200
      message: OK
- request:
    body: null
    headers:
      Accept:
      - application/json
      Accept-Encoding:
      - gzip, deflate
      CommandName:
      - aks nodepool delete
      Connection:
      - keep-alive
      Content-Length:
      - '0'
      ParameterSetName:
      - --resource-group --cluster-name --name --no-wait
      User-Agent:
      - AZURECLI/2.36.0 azsdk-python-azure-mgmt-containerservice/19.0.0b Python/3.8.10
        (Linux-5.13.0-1022-azure-x86_64-with-glibc2.29)
    method: DELETE
    uri: https://management.azure.com/subscriptions/00000000-0000-0000-0000-000000000000/resourceGroups/clitest000001/providers/Microsoft.ContainerService/managedClusters/cliakstest000001/agentPools/npwin?api-version=2022-04-02-preview
  response:
    body:
      string: ''
    headers:
      azure-asyncoperation:
      - https://management.azure.com/subscriptions/00000000-0000-0000-0000-000000000000/providers/Microsoft.ContainerService/locations/westus2/operations/b83ee2b2-a106-48ff-92c4-0eb6c1fb74d0?api-version=2016-03-30
      cache-control:
      - no-cache
      content-length:
      - '0'
      date:
      - Tue, 10 May 2022 05:02:17 GMT
      expires:
      - '-1'
      location:
      - https://management.azure.com/subscriptions/00000000-0000-0000-0000-000000000000/providers/Microsoft.ContainerService/locations/westus2/operationresults/b83ee2b2-a106-48ff-92c4-0eb6c1fb74d0?api-version=2016-03-30
      pragma:
      - no-cache
      server:
      - nginx
      strict-transport-security:
      - max-age=31536000; includeSubDomains
      x-content-type-options:
      - nosniff
      x-ms-ratelimit-remaining-subscription-deletes:
      - '14996'
    status:
      code: 202
      message: Accepted
- request:
    body: null
    headers:
      Accept:
      - application/json
      Accept-Encoding:
      - gzip, deflate
      CommandName:
      - aks delete
      Connection:
      - keep-alive
      Content-Length:
      - '0'
      ParameterSetName:
      - -g -n --yes --no-wait
      User-Agent:
      - AZURECLI/2.36.0 azsdk-python-azure-mgmt-containerservice/19.0.0b Python/3.8.10
        (Linux-5.13.0-1022-azure-x86_64-with-glibc2.29)
    method: DELETE
    uri: https://management.azure.com/subscriptions/00000000-0000-0000-0000-000000000000/resourceGroups/clitest000001/providers/Microsoft.ContainerService/managedClusters/cliakstest000001?api-version=2022-04-02-preview
  response:
    body:
      string: ''
    headers:
      azure-asyncoperation:
      - https://management.azure.com/subscriptions/00000000-0000-0000-0000-000000000000/providers/Microsoft.ContainerService/locations/westus2/operations/edbdd1f3-85ff-4ea1-be9b-69ae0fd17ca4?api-version=2016-03-30
      cache-control:
      - no-cache
      content-length:
      - '0'
      date:
      - Tue, 10 May 2022 05:02:18 GMT
      expires:
      - '-1'
      location:
      - https://management.azure.com/subscriptions/00000000-0000-0000-0000-000000000000/providers/Microsoft.ContainerService/locations/westus2/operationresults/edbdd1f3-85ff-4ea1-be9b-69ae0fd17ca4?api-version=2016-03-30
      pragma:
      - no-cache
      server:
      - nginx
      strict-transport-security:
      - max-age=31536000; includeSubDomains
      x-content-type-options:
      - nosniff
      x-ms-ratelimit-remaining-subscription-deletes:
      - '14996'
    status:
      code: 202
      message: Accepted
version: 1
