interactions:
- request:
    body: null
    headers:
      Accept:
      - application/json
      Accept-Encoding:
      - gzip, deflate
      CommandName:
      - aks create
      Connection:
      - keep-alive
      ParameterSetName:
      - --resource-group --name --enable-fips-image --generate-ssh-keys
      User-Agent:
      - AZURECLI/2.25.0 azsdk-python-azure-mgmt-resource/18.0.0 Python/3.6.9 (Linux-5.4.72-microsoft-standard-WSL2-x86_64-with-Ubuntu-18.04-bionic)
    method: GET
    uri: https://management.azure.com/subscriptions/00000000-0000-0000-0000-000000000000/resourcegroups/clitest000001?api-version=2020-10-01
  response:
    body:
      string: '{"id":"/subscriptions/00000000-0000-0000-0000-000000000000/resourceGroups/clitest000001","name":"clitest000001","type":"Microsoft.Resources/resourceGroups","location":"westus2","tags":{"product":"azurecli","cause":"automation","date":"2021-06-23T10:16:37Z"},"properties":{"provisioningState":"Succeeded"}}'
    headers:
      cache-control:
      - no-cache
      content-length:
      - '313'
      content-type:
      - application/json; charset=utf-8
      date:
      - Wed, 23 Jun 2021 10:16:39 GMT
      expires:
      - '-1'
      pragma:
      - no-cache
      strict-transport-security:
      - max-age=31536000; includeSubDomains
      vary:
      - Accept-Encoding
      x-content-type-options:
      - nosniff
    status:
      code: 200
      message: OK
- request:
    body: '{"location": "westus2", "properties": {"kubernetesVersion": "", "dnsPrefix":
      "cliakstest-clitestfrp52wq5z-79a739", "agentPoolProfiles": [{"count": 3, "vmSize":
      "Standard_DS2_v2", "osType": "Linux", "type": "VirtualMachineScaleSets", "mode":
      "System", "enableNodePublicIP": false, "scaleSetPriority": "Regular", "scaleSetEvictionPolicy":
      "Delete", "enableEncryptionAtHost": false, "enableUltraSSD": false, "enableFIPS":
      true, "name": "nodepool1"}], "linuxProfile": {"adminUsername": "azureuser",
      "ssh": {"publicKeys": [{"keyData": "ssh-rsa AAAAB3NzaC1yc2EAAAADAQABAAABAQDDa7B9UAcZjiNXFbAWabU3ZJQsZv4CgsZK8jq+ZRCaJsErW/Lbi/pURsGaLmwn2Hn+zSHj5i4yhNmi3/l89lkvBuv6+sENFnrG5QzUr/9B3UaiwOGCKX6Z/SlC62fz+lAerbtB0ntHs0cTgdLCwAzNanpGqVUpTNkFrnDO2OjJF1SwqTVdyFRY7fCOvrXVXxcdrmMKGxDgihRCkEztaGjiyE5Rc5nHuti8CrfWl6V8tgG9oaRBJOJ4WkM7TT+S7B+XCUUWh8JUXH/KU6wIP47gvZ98KxL0WRFY/Dt+YnlknpvxS7u3fcP+RozpaZ1MIwibjec3ch8Evx8Z7RgaFwav
      fumingzhang@microsoft.com\n"}]}}, "addonProfiles": {}, "enableRBAC": true, "enablePodSecurityPolicy":
      false, "networkProfile": {"networkPlugin": "kubenet", "podCidr": "10.244.0.0/16",
      "serviceCidr": "10.0.0.0/16", "dnsServiceIP": "10.0.0.10", "dockerBridgeCidr":
      "172.17.0.1/16", "outboundType": "loadBalancer", "loadBalancerSku": "standard"},
      "disableLocalAccounts": false}, "identity": {"type": "SystemAssigned"}}'
    headers:
      Accept:
      - application/json
      Accept-Encoding:
      - gzip, deflate
      CommandName:
      - aks create
      Connection:
      - keep-alive
      Content-Length:
      - '1327'
      Content-Type:
      - application/json; charset=utf-8
      ParameterSetName:
      - --resource-group --name --enable-fips-image --generate-ssh-keys
      User-Agent:
      - python/3.6.9 (Linux-5.4.72-microsoft-standard-WSL2-x86_64-with-Ubuntu-18.04-bionic)
        msrest/0.6.21 msrest_azure/0.6.3 azure-mgmt-containerservice/11.0.0 Azure-SDK-For-Python
        AZURECLI/2.25.0
      accept-language:
      - en-US
    method: PUT
    uri: https://management.azure.com/subscriptions/00000000-0000-0000-0000-000000000000/resourceGroups/clitest000001/providers/Microsoft.ContainerService/managedClusters/cliakstest000001?api-version=2021-05-01
  response:
    body:
      string: "{\n  \"id\": \"/subscriptions/00000000-0000-0000-0000-000000000000/resourcegroups/clitest000001/providers/Microsoft.ContainerService/managedClusters/cliakstest000001\",\n
        \ \"location\": \"westus2\",\n  \"name\": \"cliakstest000001\",\n  \"type\":
        \"Microsoft.ContainerService/ManagedClusters\",\n  \"properties\": {\n   \"provisioningState\":
        \"Creating\",\n   \"powerState\": {\n    \"code\": \"Running\"\n   },\n   \"kubernetesVersion\":
        \"1.19.11\",\n   \"dnsPrefix\": \"cliakstest-clitestfrp52wq5z-79a739\",\n
        \  \"fqdn\": \"cliakstest-clitestfrp52wq5z-79a739-78b32646.hcp.westus2.azmk8s.io\",\n
        \  \"azurePortalFQDN\": \"cliakstest-clitestfrp52wq5z-79a739-78b32646.portal.hcp.westus2.azmk8s.io\",\n
        \  \"agentPoolProfiles\": [\n    {\n     \"name\": \"nodepool1\",\n     \"count\":
        3,\n     \"vmSize\": \"Standard_DS2_v2\",\n     \"osDiskSizeGB\": 128,\n     \"osDiskType\":
        \"Managed\",\n     \"kubeletDiskType\": \"OS\",\n     \"maxPods\": 110,\n
        \    \"type\": \"VirtualMachineScaleSets\",\n     \"provisioningState\": \"Creating\",\n
        \    \"powerState\": {\n      \"code\": \"Running\"\n     },\n     \"orchestratorVersion\":
        \"1.19.11\",\n     \"enableNodePublicIP\": false,\n     \"nodeLabels\": {},\n
        \    \"mode\": \"System\",\n     \"enableEncryptionAtHost\": false,\n     \"enableUltraSSD\":
        false,\n     \"osType\": \"Linux\",\n     \"osSKU\": \"Ubuntu\",\n     \"nodeImageVersion\":
        \"AKSUbuntu-1804gen2fipscontainerd-2021.06.02\",\n     \"enableFIPS\": true\n
        \   }\n   ],\n   \"linuxProfile\": {\n    \"adminUsername\": \"azureuser\",\n
        \   \"ssh\": {\n     \"publicKeys\": [\n      {\n       \"keyData\": \"ssh-rsa
        AAAAB3NzaC1yc2EAAAADAQABAAABAQDDa7B9UAcZjiNXFbAWabU3ZJQsZv4CgsZK8jq+ZRCaJsErW/Lbi/pURsGaLmwn2Hn+zSHj5i4yhNmi3/l89lkvBuv6+sENFnrG5QzUr/9B3UaiwOGCKX6Z/SlC62fz+lAerbtB0ntHs0cTgdLCwAzNanpGqVUpTNkFrnDO2OjJF1SwqTVdyFRY7fCOvrXVXxcdrmMKGxDgihRCkEztaGjiyE5Rc5nHuti8CrfWl6V8tgG9oaRBJOJ4WkM7TT+S7B+XCUUWh8JUXH/KU6wIP47gvZ98KxL0WRFY/Dt+YnlknpvxS7u3fcP+RozpaZ1MIwibjec3ch8Evx8Z7RgaFwav
        fumingzhang@microsoft.com\\n\"\n      }\n     ]\n    }\n   },\n   \"servicePrincipalProfile\":
        {\n    \"clientId\":\"00000000-0000-0000-0000-000000000001\"\n   },\n   \"nodeResourceGroup\":
        \"MC_clitest000001_cliakstest000001_westus2\",\n   \"enableRBAC\": true,\n
        \  \"enablePodSecurityPolicy\": false,\n   \"networkProfile\": {\n    \"networkPlugin\":
        \"kubenet\",\n    \"loadBalancerSku\": \"standard\",\n    \"loadBalancerProfile\":
        {\n     \"managedOutboundIPs\": {\n      \"count\": 1\n     }\n    },\n    \"podCidr\":
        \"10.244.0.0/16\",\n    \"serviceCidr\": \"10.0.0.0/16\",\n    \"dnsServiceIP\":
        \"10.0.0.10\",\n    \"dockerBridgeCidr\": \"172.17.0.1/16\",\n    \"outboundType\":
        \"loadBalancer\"\n   },\n   \"maxAgentPools\": 100,\n   \"disableLocalAccounts\":
        false\n  },\n  \"identity\": {\n   \"type\": \"SystemAssigned\",\n   \"principalId\":\"00000000-0000-0000-0000-000000000001\",\n
        \  \"tenantId\": \"72f988bf-86f1-41af-91ab-2d7cd011db47\"\n  },\n  \"sku\":
        {\n   \"name\": \"Basic\",\n   \"tier\": \"Free\"\n  }\n }"
    headers:
      azure-asyncoperation:
      - https://management.azure.com/subscriptions/00000000-0000-0000-0000-000000000000/providers/Microsoft.ContainerService/locations/westus2/operations/643f2cfb-51bb-4c25-a2d0-fd710181cb14?api-version=2016-03-30
      cache-control:
      - no-cache
      content-length:
      - '2723'
      content-type:
      - application/json
      date:
      - Wed, 23 Jun 2021 10:16:55 GMT
      expires:
      - '-1'
      pragma:
      - no-cache
      server:
      - nginx
      strict-transport-security:
      - max-age=31536000; includeSubDomains
      x-content-type-options:
      - nosniff
      x-ms-ratelimit-remaining-subscription-writes:
      - '1199'
    status:
      code: 201
      message: Created
- request:
    body: null
    headers:
      Accept:
      - application/json
      Accept-Encoding:
      - gzip, deflate
      CommandName:
      - aks create
      Connection:
      - keep-alive
      ParameterSetName:
      - --resource-group --name --enable-fips-image --generate-ssh-keys
      User-Agent:
      - python/3.6.9 (Linux-5.4.72-microsoft-standard-WSL2-x86_64-with-Ubuntu-18.04-bionic)
        msrest/0.6.21 msrest_azure/0.6.3 azure-mgmt-containerservice/11.0.0 Azure-SDK-For-Python
        AZURECLI/2.25.0
    method: GET
    uri: https://management.azure.com/subscriptions/00000000-0000-0000-0000-000000000000/providers/Microsoft.ContainerService/locations/westus2/operations/643f2cfb-51bb-4c25-a2d0-fd710181cb14?api-version=2016-03-30
  response:
    body:
      string: "{\n  \"name\": \"fb2c3f64-bb51-254c-a2d0-fd710181cb14\",\n  \"status\":
        \"InProgress\",\n  \"startTime\": \"2021-06-23T10:16:54.17Z\"\n }"
    headers:
      cache-control:
      - no-cache
      content-length:
      - '121'
      content-type:
      - application/json
      date:
      - Wed, 23 Jun 2021 10:17:27 GMT
      expires:
      - '-1'
      pragma:
      - no-cache
      server:
      - nginx
      strict-transport-security:
      - max-age=31536000; includeSubDomains
      transfer-encoding:
      - chunked
      vary:
      - Accept-Encoding
      x-content-type-options:
      - nosniff
    status:
      code: 200
      message: OK
- request:
    body: null
    headers:
      Accept:
      - application/json
      Accept-Encoding:
      - gzip, deflate
      CommandName:
      - aks create
      Connection:
      - keep-alive
      ParameterSetName:
      - --resource-group --name --enable-fips-image --generate-ssh-keys
      User-Agent:
      - python/3.6.9 (Linux-5.4.72-microsoft-standard-WSL2-x86_64-with-Ubuntu-18.04-bionic)
        msrest/0.6.21 msrest_azure/0.6.3 azure-mgmt-containerservice/11.0.0 Azure-SDK-For-Python
        AZURECLI/2.25.0
    method: GET
    uri: https://management.azure.com/subscriptions/00000000-0000-0000-0000-000000000000/providers/Microsoft.ContainerService/locations/westus2/operations/643f2cfb-51bb-4c25-a2d0-fd710181cb14?api-version=2016-03-30
  response:
    body:
      string: "{\n  \"name\": \"fb2c3f64-bb51-254c-a2d0-fd710181cb14\",\n  \"status\":
        \"InProgress\",\n  \"startTime\": \"2021-06-23T10:16:54.17Z\"\n }"
    headers:
      cache-control:
      - no-cache
      content-length:
      - '121'
      content-type:
      - application/json
      date:
      - Wed, 23 Jun 2021 10:17:58 GMT
      expires:
      - '-1'
      pragma:
      - no-cache
      server:
      - nginx
      strict-transport-security:
      - max-age=31536000; includeSubDomains
      transfer-encoding:
      - chunked
      vary:
      - Accept-Encoding
      x-content-type-options:
      - nosniff
    status:
      code: 200
      message: OK
- request:
    body: null
    headers:
      Accept:
      - application/json
      Accept-Encoding:
      - gzip, deflate
      CommandName:
      - aks create
      Connection:
      - keep-alive
      ParameterSetName:
      - --resource-group --name --enable-fips-image --generate-ssh-keys
      User-Agent:
      - python/3.6.9 (Linux-5.4.72-microsoft-standard-WSL2-x86_64-with-Ubuntu-18.04-bionic)
        msrest/0.6.21 msrest_azure/0.6.3 azure-mgmt-containerservice/11.0.0 Azure-SDK-For-Python
        AZURECLI/2.25.0
    method: GET
    uri: https://management.azure.com/subscriptions/00000000-0000-0000-0000-000000000000/providers/Microsoft.ContainerService/locations/westus2/operations/643f2cfb-51bb-4c25-a2d0-fd710181cb14?api-version=2016-03-30
  response:
    body:
      string: "{\n  \"name\": \"fb2c3f64-bb51-254c-a2d0-fd710181cb14\",\n  \"status\":
        \"InProgress\",\n  \"startTime\": \"2021-06-23T10:16:54.17Z\"\n }"
    headers:
      cache-control:
      - no-cache
      content-length:
      - '121'
      content-type:
      - application/json
      date:
      - Wed, 23 Jun 2021 10:18:30 GMT
      expires:
      - '-1'
      pragma:
      - no-cache
      server:
      - nginx
      strict-transport-security:
      - max-age=31536000; includeSubDomains
      transfer-encoding:
      - chunked
      vary:
      - Accept-Encoding
      x-content-type-options:
      - nosniff
    status:
      code: 200
      message: OK
- request:
    body: null
    headers:
      Accept:
      - application/json
      Accept-Encoding:
      - gzip, deflate
      CommandName:
      - aks create
      Connection:
      - keep-alive
      ParameterSetName:
      - --resource-group --name --enable-fips-image --generate-ssh-keys
      User-Agent:
      - python/3.6.9 (Linux-5.4.72-microsoft-standard-WSL2-x86_64-with-Ubuntu-18.04-bionic)
        msrest/0.6.21 msrest_azure/0.6.3 azure-mgmt-containerservice/11.0.0 Azure-SDK-For-Python
        AZURECLI/2.25.0
    method: GET
    uri: https://management.azure.com/subscriptions/00000000-0000-0000-0000-000000000000/providers/Microsoft.ContainerService/locations/westus2/operations/643f2cfb-51bb-4c25-a2d0-fd710181cb14?api-version=2016-03-30
  response:
    body:
      string: "{\n  \"name\": \"fb2c3f64-bb51-254c-a2d0-fd710181cb14\",\n  \"status\":
        \"InProgress\",\n  \"startTime\": \"2021-06-23T10:16:54.17Z\"\n }"
    headers:
      cache-control:
      - no-cache
      content-length:
      - '121'
      content-type:
      - application/json
      date:
      - Wed, 23 Jun 2021 10:19:01 GMT
      expires:
      - '-1'
      pragma:
      - no-cache
      server:
      - nginx
      strict-transport-security:
      - max-age=31536000; includeSubDomains
      transfer-encoding:
      - chunked
      vary:
      - Accept-Encoding
      x-content-type-options:
      - nosniff
    status:
      code: 200
      message: OK
- request:
    body: null
    headers:
      Accept:
      - application/json
      Accept-Encoding:
      - gzip, deflate
      CommandName:
      - aks create
      Connection:
      - keep-alive
      ParameterSetName:
      - --resource-group --name --enable-fips-image --generate-ssh-keys
      User-Agent:
      - python/3.6.9 (Linux-5.4.72-microsoft-standard-WSL2-x86_64-with-Ubuntu-18.04-bionic)
        msrest/0.6.21 msrest_azure/0.6.3 azure-mgmt-containerservice/11.0.0 Azure-SDK-For-Python
        AZURECLI/2.25.0
    method: GET
    uri: https://management.azure.com/subscriptions/00000000-0000-0000-0000-000000000000/providers/Microsoft.ContainerService/locations/westus2/operations/643f2cfb-51bb-4c25-a2d0-fd710181cb14?api-version=2016-03-30
  response:
    body:
      string: "{\n  \"name\": \"fb2c3f64-bb51-254c-a2d0-fd710181cb14\",\n  \"status\":
        \"InProgress\",\n  \"startTime\": \"2021-06-23T10:16:54.17Z\"\n }"
    headers:
      cache-control:
      - no-cache
      content-length:
      - '121'
      content-type:
      - application/json
      date:
      - Wed, 23 Jun 2021 10:19:32 GMT
      expires:
      - '-1'
      pragma:
      - no-cache
      server:
      - nginx
      strict-transport-security:
      - max-age=31536000; includeSubDomains
      transfer-encoding:
      - chunked
      vary:
      - Accept-Encoding
      x-content-type-options:
      - nosniff
    status:
      code: 200
      message: OK
- request:
    body: null
    headers:
      Accept:
      - application/json
      Accept-Encoding:
      - gzip, deflate
      CommandName:
      - aks create
      Connection:
      - keep-alive
      ParameterSetName:
      - --resource-group --name --enable-fips-image --generate-ssh-keys
      User-Agent:
      - python/3.6.9 (Linux-5.4.72-microsoft-standard-WSL2-x86_64-with-Ubuntu-18.04-bionic)
        msrest/0.6.21 msrest_azure/0.6.3 azure-mgmt-containerservice/11.0.0 Azure-SDK-For-Python
        AZURECLI/2.25.0
    method: GET
    uri: https://management.azure.com/subscriptions/00000000-0000-0000-0000-000000000000/providers/Microsoft.ContainerService/locations/westus2/operations/643f2cfb-51bb-4c25-a2d0-fd710181cb14?api-version=2016-03-30
  response:
    body:
      string: "{\n  \"name\": \"fb2c3f64-bb51-254c-a2d0-fd710181cb14\",\n  \"status\":
        \"InProgress\",\n  \"startTime\": \"2021-06-23T10:16:54.17Z\"\n }"
    headers:
      cache-control:
      - no-cache
      content-length:
      - '121'
      content-type:
      - application/json
      date:
      - Wed, 23 Jun 2021 10:20:04 GMT
      expires:
      - '-1'
      pragma:
      - no-cache
      server:
      - nginx
      strict-transport-security:
      - max-age=31536000; includeSubDomains
      transfer-encoding:
      - chunked
      vary:
      - Accept-Encoding
      x-content-type-options:
      - nosniff
    status:
      code: 200
      message: OK
- request:
    body: null
    headers:
      Accept:
      - application/json
      Accept-Encoding:
      - gzip, deflate
      CommandName:
      - aks create
      Connection:
      - keep-alive
      ParameterSetName:
      - --resource-group --name --enable-fips-image --generate-ssh-keys
      User-Agent:
      - python/3.6.9 (Linux-5.4.72-microsoft-standard-WSL2-x86_64-with-Ubuntu-18.04-bionic)
        msrest/0.6.21 msrest_azure/0.6.3 azure-mgmt-containerservice/11.0.0 Azure-SDK-For-Python
        AZURECLI/2.25.0
    method: GET
    uri: https://management.azure.com/subscriptions/00000000-0000-0000-0000-000000000000/providers/Microsoft.ContainerService/locations/westus2/operations/643f2cfb-51bb-4c25-a2d0-fd710181cb14?api-version=2016-03-30
  response:
    body:
      string: "{\n  \"name\": \"fb2c3f64-bb51-254c-a2d0-fd710181cb14\",\n  \"status\":
        \"Succeeded\",\n  \"startTime\": \"2021-06-23T10:16:54.17Z\",\n  \"endTime\":
        \"2021-06-23T10:20:24.1963881Z\"\n }"
    headers:
      cache-control:
      - no-cache
      content-length:
      - '165'
      content-type:
      - application/json
      date:
      - Wed, 23 Jun 2021 10:20:36 GMT
      expires:
      - '-1'
      pragma:
      - no-cache
      server:
      - nginx
      strict-transport-security:
      - max-age=31536000; includeSubDomains
      transfer-encoding:
      - chunked
      vary:
      - Accept-Encoding
      x-content-type-options:
      - nosniff
    status:
      code: 200
      message: OK
- request:
    body: null
    headers:
      Accept:
      - application/json
      Accept-Encoding:
      - gzip, deflate
      CommandName:
      - aks create
      Connection:
      - keep-alive
      ParameterSetName:
      - --resource-group --name --enable-fips-image --generate-ssh-keys
      User-Agent:
      - python/3.6.9 (Linux-5.4.72-microsoft-standard-WSL2-x86_64-with-Ubuntu-18.04-bionic)
        msrest/0.6.21 msrest_azure/0.6.3 azure-mgmt-containerservice/11.0.0 Azure-SDK-For-Python
        AZURECLI/2.25.0
    method: GET
    uri: https://management.azure.com/subscriptions/00000000-0000-0000-0000-000000000000/resourceGroups/clitest000001/providers/Microsoft.ContainerService/managedClusters/cliakstest000001?api-version=2021-05-01
  response:
    body:
      string: "{\n  \"id\": \"/subscriptions/00000000-0000-0000-0000-000000000000/resourcegroups/clitest000001/providers/Microsoft.ContainerService/managedClusters/cliakstest000001\",\n
        \ \"location\": \"westus2\",\n  \"name\": \"cliakstest000001\",\n  \"type\":
        \"Microsoft.ContainerService/ManagedClusters\",\n  \"properties\": {\n   \"provisioningState\":
        \"Succeeded\",\n   \"powerState\": {\n    \"code\": \"Running\"\n   },\n   \"kubernetesVersion\":
        \"1.19.11\",\n   \"dnsPrefix\": \"cliakstest-clitestfrp52wq5z-79a739\",\n
        \  \"fqdn\": \"cliakstest-clitestfrp52wq5z-79a739-78b32646.hcp.westus2.azmk8s.io\",\n
        \  \"azurePortalFQDN\": \"cliakstest-clitestfrp52wq5z-79a739-78b32646.portal.hcp.westus2.azmk8s.io\",\n
        \  \"agentPoolProfiles\": [\n    {\n     \"name\": \"nodepool1\",\n     \"count\":
        3,\n     \"vmSize\": \"Standard_DS2_v2\",\n     \"osDiskSizeGB\": 128,\n     \"osDiskType\":
        \"Managed\",\n     \"kubeletDiskType\": \"OS\",\n     \"maxPods\": 110,\n
        \    \"type\": \"VirtualMachineScaleSets\",\n     \"provisioningState\": \"Succeeded\",\n
        \    \"powerState\": {\n      \"code\": \"Running\"\n     },\n     \"orchestratorVersion\":
        \"1.19.11\",\n     \"enableNodePublicIP\": false,\n     \"nodeLabels\": {},\n
        \    \"mode\": \"System\",\n     \"enableEncryptionAtHost\": false,\n     \"enableUltraSSD\":
        false,\n     \"osType\": \"Linux\",\n     \"osSKU\": \"Ubuntu\",\n     \"nodeImageVersion\":
        \"AKSUbuntu-1804gen2fipscontainerd-2021.06.02\",\n     \"enableFIPS\": true\n
        \   }\n   ],\n   \"linuxProfile\": {\n    \"adminUsername\": \"azureuser\",\n
        \   \"ssh\": {\n     \"publicKeys\": [\n      {\n       \"keyData\": \"ssh-rsa
        AAAAB3NzaC1yc2EAAAADAQABAAABAQDDa7B9UAcZjiNXFbAWabU3ZJQsZv4CgsZK8jq+ZRCaJsErW/Lbi/pURsGaLmwn2Hn+zSHj5i4yhNmi3/l89lkvBuv6+sENFnrG5QzUr/9B3UaiwOGCKX6Z/SlC62fz+lAerbtB0ntHs0cTgdLCwAzNanpGqVUpTNkFrnDO2OjJF1SwqTVdyFRY7fCOvrXVXxcdrmMKGxDgihRCkEztaGjiyE5Rc5nHuti8CrfWl6V8tgG9oaRBJOJ4WkM7TT+S7B+XCUUWh8JUXH/KU6wIP47gvZ98KxL0WRFY/Dt+YnlknpvxS7u3fcP+RozpaZ1MIwibjec3ch8Evx8Z7RgaFwav
        fumingzhang@microsoft.com\\n\"\n      }\n     ]\n    }\n   },\n   \"servicePrincipalProfile\":
        {\n    \"clientId\":\"00000000-0000-0000-0000-000000000001\"\n   },\n   \"nodeResourceGroup\":
        \"MC_clitest000001_cliakstest000001_westus2\",\n   \"enableRBAC\": true,\n
        \  \"enablePodSecurityPolicy\": false,\n   \"networkProfile\": {\n    \"networkPlugin\":
        \"kubenet\",\n    \"loadBalancerSku\": \"Standard\",\n    \"loadBalancerProfile\":
        {\n     \"managedOutboundIPs\": {\n      \"count\": 1\n     },\n     \"effectiveOutboundIPs\":
        [\n      {\n       \"id\": \"/subscriptions/00000000-0000-0000-0000-000000000000/resourceGroups/MC_clitest000001_cliakstest000001_westus2/providers/Microsoft.Network/publicIPAddresses/24187056-732a-4c57-8404-b7cf61f222a3\"\n
        \     }\n     ]\n    },\n    \"podCidr\": \"10.244.0.0/16\",\n    \"serviceCidr\":
        \"10.0.0.0/16\",\n    \"dnsServiceIP\": \"10.0.0.10\",\n    \"dockerBridgeCidr\":
        \"172.17.0.1/16\",\n    \"outboundType\": \"loadBalancer\"\n   },\n   \"maxAgentPools\":
        100,\n   \"identityProfile\": {\n    \"kubeletidentity\": {\n     \"resourceId\":
        \"/subscriptions/00000000-0000-0000-0000-000000000000/resourcegroups/MC_clitest000001_cliakstest000001_westus2/providers/Microsoft.ManagedIdentity/userAssignedIdentities/cliakstest000001-agentpool\",\n
        \    \"clientId\":\"00000000-0000-0000-0000-000000000001\",\n     \"objectId\":\"00000000-0000-0000-0000-000000000001\"\n
        \   }\n   },\n   \"disableLocalAccounts\": false\n  },\n  \"identity\": {\n
        \  \"type\": \"SystemAssigned\",\n   \"principalId\":\"00000000-0000-0000-0000-000000000001\",\n
        \  \"tenantId\": \"72f988bf-86f1-41af-91ab-2d7cd011db47\"\n  },\n  \"sku\":
        {\n   \"name\": \"Basic\",\n   \"tier\": \"Free\"\n  }\n }"
    headers:
      cache-control:
      - no-cache
      content-length:
      - '3386'
      content-type:
      - application/json
      date:
      - Wed, 23 Jun 2021 10:20:36 GMT
      expires:
      - '-1'
      pragma:
      - no-cache
      server:
      - nginx
      strict-transport-security:
      - max-age=31536000; includeSubDomains
      transfer-encoding:
      - chunked
      vary:
      - Accept-Encoding
      x-content-type-options:
      - nosniff
    status:
      code: 200
      message: OK
- request:
    body: null
    headers:
      Accept:
      - application/json
      Accept-Encoding:
      - gzip, deflate
      CommandName:
      - aks nodepool add
      Connection:
      - keep-alive
      ParameterSetName:
      - --resource-group --cluster-name --name --enable-fips-image
      User-Agent:
      - python/3.6.9 (Linux-5.4.72-microsoft-standard-WSL2-x86_64-with-Ubuntu-18.04-bionic)
        msrest/0.6.21 msrest_azure/0.6.3 azure-mgmt-containerservice/11.0.0 Azure-SDK-For-Python
        AZURECLI/2.25.0
      accept-language:
      - en-US
    method: GET
    uri: https://management.azure.com/subscriptions/00000000-0000-0000-0000-000000000000/resourceGroups/clitest000001/providers/Microsoft.ContainerService/managedClusters/cliakstest000001/agentPools?api-version=2021-05-01
  response:
    body:
      string: "{\n  \"value\": [\n   {\n    \"id\": \"/subscriptions/00000000-0000-0000-0000-000000000000/resourcegroups/clitest000001/providers/Microsoft.ContainerService/managedClusters/cliakstest000001/agentPools/nodepool1\",\n
        \   \"name\": \"nodepool1\",\n    \"type\": \"Microsoft.ContainerService/managedClusters/agentPools\",\n
        \   \"properties\": {\n     \"count\": 3,\n     \"vmSize\": \"Standard_DS2_v2\",\n
        \    \"osDiskSizeGB\": 128,\n     \"osDiskType\": \"Managed\",\n     \"kubeletDiskType\":
        \"OS\",\n     \"maxPods\": 110,\n     \"type\": \"VirtualMachineScaleSets\",\n
        \    \"provisioningState\": \"Succeeded\",\n     \"powerState\": {\n      \"code\":
        \"Running\"\n     },\n     \"orchestratorVersion\": \"1.19.11\",\n     \"enableNodePublicIP\":
        false,\n     \"nodeLabels\": {},\n     \"mode\": \"System\",\n     \"enableEncryptionAtHost\":
        false,\n     \"enableUltraSSD\": false,\n     \"osType\": \"Linux\",\n     \"osSKU\":
        \"Ubuntu\",\n     \"nodeImageVersion\": \"AKSUbuntu-1804gen2fipscontainerd-2021.06.02\",\n
        \    \"enableFIPS\": true\n    }\n   }\n  ]\n }"
    headers:
      cache-control:
      - no-cache
      content-length:
      - '961'
      content-type:
      - application/json
      date:
      - Wed, 23 Jun 2021 10:20:39 GMT
      expires:
      - '-1'
      pragma:
      - no-cache
      server:
      - nginx
      strict-transport-security:
      - max-age=31536000; includeSubDomains
      transfer-encoding:
      - chunked
      vary:
      - Accept-Encoding
      x-content-type-options:
      - nosniff
    status:
      code: 200
      message: OK
- request:
    body: '{"properties": {"count": 3, "vmSize": "Standard_DS2_v2", "osType": "Linux",
      "type": "VirtualMachineScaleSets", "mode": "User", "upgradeSettings": {}, "enableNodePublicIP":
      false, "scaleSetPriority": "Regular", "scaleSetEvictionPolicy": "Delete", "nodeTaints":
      [], "enableEncryptionAtHost": false, "enableUltraSSD": false, "enableFIPS":
      true}}'
    headers:
      Accept:
      - application/json
      Accept-Encoding:
      - gzip, deflate
      CommandName:
      - aks nodepool add
      Connection:
      - keep-alive
      Content-Length:
      - '342'
      Content-Type:
      - application/json; charset=utf-8
      ParameterSetName:
      - --resource-group --cluster-name --name --enable-fips-image
      User-Agent:
      - python/3.6.9 (Linux-5.4.72-microsoft-standard-WSL2-x86_64-with-Ubuntu-18.04-bionic)
        msrest/0.6.21 msrest_azure/0.6.3 azure-mgmt-containerservice/11.0.0 Azure-SDK-For-Python
        AZURECLI/2.25.0
      accept-language:
      - en-US
    method: PUT
    uri: https://management.azure.com/subscriptions/00000000-0000-0000-0000-000000000000/resourceGroups/clitest000001/providers/Microsoft.ContainerService/managedClusters/cliakstest000001/agentPools/np2?api-version=2021-05-01
  response:
    body:
      string: "{\n  \"id\": \"/subscriptions/00000000-0000-0000-0000-000000000000/resourcegroups/clitest000001/providers/Microsoft.ContainerService/managedClusters/cliakstest000001/agentPools/np2\",\n
        \ \"name\": \"np2\",\n  \"type\": \"Microsoft.ContainerService/managedClusters/agentPools\",\n
        \ \"properties\": {\n   \"count\": 3,\n   \"vmSize\": \"Standard_DS2_v2\",\n
        \  \"osDiskSizeGB\": 128,\n   \"osDiskType\": \"Managed\",\n   \"kubeletDiskType\":
        \"OS\",\n   \"maxPods\": 110,\n   \"type\": \"VirtualMachineScaleSets\",\n
        \  \"provisioningState\": \"Creating\",\n   \"powerState\": {\n    \"code\":
        \"Running\"\n   },\n   \"orchestratorVersion\": \"1.19.11\",\n   \"enableNodePublicIP\":
        false,\n   \"mode\": \"User\",\n   \"enableEncryptionAtHost\": false,\n   \"enableUltraSSD\":
        false,\n   \"osType\": \"Linux\",\n   \"osSKU\": \"Ubuntu\",\n   \"nodeImageVersion\":
        \"AKSUbuntu-1804gen2fipscontainerd-2021.06.02\",\n   \"upgradeSettings\":
        {},\n   \"enableFIPS\": true\n  }\n }"
    headers:
      azure-asyncoperation:
      - https://management.azure.com/subscriptions/00000000-0000-0000-0000-000000000000/providers/Microsoft.ContainerService/locations/westus2/operations/2083572f-d54f-4b3f-becf-da89ea3b3ca4?api-version=2016-03-30
      cache-control:
      - no-cache
      content-length:
      - '872'
      content-type:
      - application/json
      date:
      - Wed, 23 Jun 2021 10:20:44 GMT
      expires:
      - '-1'
      pragma:
      - no-cache
      server:
      - nginx
      strict-transport-security:
      - max-age=31536000; includeSubDomains
      x-content-type-options:
      - nosniff
      x-ms-ratelimit-remaining-subscription-writes:
      - '1199'
    status:
      code: 201
      message: Created
- request:
    body: null
    headers:
      Accept:
      - application/json
      Accept-Encoding:
      - gzip, deflate
      CommandName:
      - aks nodepool add
      Connection:
      - keep-alive
      ParameterSetName:
      - --resource-group --cluster-name --name --enable-fips-image
      User-Agent:
      - python/3.6.9 (Linux-5.4.72-microsoft-standard-WSL2-x86_64-with-Ubuntu-18.04-bionic)
        msrest/0.6.21 msrest_azure/0.6.3 azure-mgmt-containerservice/11.0.0 Azure-SDK-For-Python
        AZURECLI/2.25.0
    method: GET
    uri: https://management.azure.com/subscriptions/00000000-0000-0000-0000-000000000000/providers/Microsoft.ContainerService/locations/westus2/operations/2083572f-d54f-4b3f-becf-da89ea3b3ca4?api-version=2016-03-30
  response:
    body:
      string: "{\n  \"name\": \"2f578320-4fd5-3f4b-becf-da89ea3b3ca4\",\n  \"status\":
        \"InProgress\",\n  \"startTime\": \"2021-06-23T10:20:44.8466666Z\"\n }"
    headers:
      cache-control:
      - no-cache
      content-length:
      - '126'
      content-type:
      - application/json
      date:
      - Wed, 23 Jun 2021 10:21:16 GMT
      expires:
      - '-1'
      pragma:
      - no-cache
      server:
      - nginx
      strict-transport-security:
      - max-age=31536000; includeSubDomains
      transfer-encoding:
      - chunked
      vary:
      - Accept-Encoding
      x-content-type-options:
      - nosniff
    status:
      code: 200
      message: OK
- request:
    body: null
    headers:
      Accept:
      - application/json
      Accept-Encoding:
      - gzip, deflate
      CommandName:
      - aks nodepool add
      Connection:
      - keep-alive
      ParameterSetName:
      - --resource-group --cluster-name --name --enable-fips-image
      User-Agent:
      - python/3.6.9 (Linux-5.4.72-microsoft-standard-WSL2-x86_64-with-Ubuntu-18.04-bionic)
        msrest/0.6.21 msrest_azure/0.6.3 azure-mgmt-containerservice/11.0.0 Azure-SDK-For-Python
        AZURECLI/2.25.0
    method: GET
    uri: https://management.azure.com/subscriptions/00000000-0000-0000-0000-000000000000/providers/Microsoft.ContainerService/locations/westus2/operations/2083572f-d54f-4b3f-becf-da89ea3b3ca4?api-version=2016-03-30
  response:
    body:
      string: "{\n  \"name\": \"2f578320-4fd5-3f4b-becf-da89ea3b3ca4\",\n  \"status\":
        \"InProgress\",\n  \"startTime\": \"2021-06-23T10:20:44.8466666Z\"\n }"
    headers:
      cache-control:
      - no-cache
      content-length:
      - '126'
      content-type:
      - application/json
      date:
      - Wed, 23 Jun 2021 10:21:47 GMT
      expires:
      - '-1'
      pragma:
      - no-cache
      server:
      - nginx
      strict-transport-security:
      - max-age=31536000; includeSubDomains
      transfer-encoding:
      - chunked
      vary:
      - Accept-Encoding
      x-content-type-options:
      - nosniff
    status:
      code: 200
      message: OK
- request:
    body: null
    headers:
      Accept:
      - application/json
      Accept-Encoding:
      - gzip, deflate
      CommandName:
      - aks nodepool add
      Connection:
      - keep-alive
      ParameterSetName:
      - --resource-group --cluster-name --name --enable-fips-image
      User-Agent:
      - python/3.6.9 (Linux-5.4.72-microsoft-standard-WSL2-x86_64-with-Ubuntu-18.04-bionic)
        msrest/0.6.21 msrest_azure/0.6.3 azure-mgmt-containerservice/11.0.0 Azure-SDK-For-Python
        AZURECLI/2.25.0
    method: GET
    uri: https://management.azure.com/subscriptions/00000000-0000-0000-0000-000000000000/providers/Microsoft.ContainerService/locations/westus2/operations/2083572f-d54f-4b3f-becf-da89ea3b3ca4?api-version=2016-03-30
  response:
    body:
      string: "{\n  \"name\": \"2f578320-4fd5-3f4b-becf-da89ea3b3ca4\",\n  \"status\":
        \"InProgress\",\n  \"startTime\": \"2021-06-23T10:20:44.8466666Z\"\n }"
    headers:
      cache-control:
      - no-cache
      content-length:
      - '126'
      content-type:
      - application/json
      date:
      - Wed, 23 Jun 2021 10:22:18 GMT
      expires:
      - '-1'
      pragma:
      - no-cache
      server:
      - nginx
      strict-transport-security:
      - max-age=31536000; includeSubDomains
      transfer-encoding:
      - chunked
      vary:
      - Accept-Encoding
      x-content-type-options:
      - nosniff
    status:
      code: 200
      message: OK
- request:
    body: null
    headers:
      Accept:
      - application/json
      Accept-Encoding:
      - gzip, deflate
      CommandName:
      - aks nodepool add
      Connection:
      - keep-alive
      ParameterSetName:
      - --resource-group --cluster-name --name --enable-fips-image
      User-Agent:
      - python/3.6.9 (Linux-5.4.72-microsoft-standard-WSL2-x86_64-with-Ubuntu-18.04-bionic)
        msrest/0.6.21 msrest_azure/0.6.3 azure-mgmt-containerservice/11.0.0 Azure-SDK-For-Python
        AZURECLI/2.25.0
    method: GET
    uri: https://management.azure.com/subscriptions/00000000-0000-0000-0000-000000000000/providers/Microsoft.ContainerService/locations/westus2/operations/2083572f-d54f-4b3f-becf-da89ea3b3ca4?api-version=2016-03-30
  response:
    body:
      string: "{\n  \"name\": \"2f578320-4fd5-3f4b-becf-da89ea3b3ca4\",\n  \"status\":
        \"InProgress\",\n  \"startTime\": \"2021-06-23T10:20:44.8466666Z\"\n }"
    headers:
      cache-control:
      - no-cache
      content-length:
      - '126'
      content-type:
      - application/json
      date:
      - Wed, 23 Jun 2021 10:22:50 GMT
      expires:
      - '-1'
      pragma:
      - no-cache
      server:
      - nginx
      strict-transport-security:
      - max-age=31536000; includeSubDomains
      transfer-encoding:
      - chunked
      vary:
      - Accept-Encoding
      x-content-type-options:
      - nosniff
    status:
      code: 200
      message: OK
- request:
    body: null
    headers:
      Accept:
      - application/json
      Accept-Encoding:
      - gzip, deflate
      CommandName:
      - aks nodepool add
      Connection:
      - keep-alive
      ParameterSetName:
      - --resource-group --cluster-name --name --enable-fips-image
      User-Agent:
      - python/3.6.9 (Linux-5.4.72-microsoft-standard-WSL2-x86_64-with-Ubuntu-18.04-bionic)
        msrest/0.6.21 msrest_azure/0.6.3 azure-mgmt-containerservice/11.0.0 Azure-SDK-For-Python
        AZURECLI/2.25.0
    method: GET
    uri: https://management.azure.com/subscriptions/00000000-0000-0000-0000-000000000000/providers/Microsoft.ContainerService/locations/westus2/operations/2083572f-d54f-4b3f-becf-da89ea3b3ca4?api-version=2016-03-30
  response:
    body:
      string: "{\n  \"name\": \"2f578320-4fd5-3f4b-becf-da89ea3b3ca4\",\n  \"status\":
        \"InProgress\",\n  \"startTime\": \"2021-06-23T10:20:44.8466666Z\"\n }"
    headers:
      cache-control:
      - no-cache
      content-length:
      - '126'
      content-type:
      - application/json
      date:
      - Wed, 23 Jun 2021 10:23:22 GMT
      expires:
      - '-1'
      pragma:
      - no-cache
      server:
      - nginx
      strict-transport-security:
      - max-age=31536000; includeSubDomains
      transfer-encoding:
      - chunked
      vary:
      - Accept-Encoding
      x-content-type-options:
      - nosniff
    status:
      code: 200
      message: OK
- request:
    body: null
    headers:
      Accept:
      - application/json
      Accept-Encoding:
      - gzip, deflate
      CommandName:
      - aks nodepool add
      Connection:
      - keep-alive
      ParameterSetName:
      - --resource-group --cluster-name --name --enable-fips-image
      User-Agent:
      - python/3.6.9 (Linux-5.4.72-microsoft-standard-WSL2-x86_64-with-Ubuntu-18.04-bionic)
        msrest/0.6.21 msrest_azure/0.6.3 azure-mgmt-containerservice/11.0.0 Azure-SDK-For-Python
        AZURECLI/2.25.0
    method: GET
    uri: https://management.azure.com/subscriptions/00000000-0000-0000-0000-000000000000/providers/Microsoft.ContainerService/locations/westus2/operations/2083572f-d54f-4b3f-becf-da89ea3b3ca4?api-version=2016-03-30
  response:
    body:
      string: "{\n  \"name\": \"2f578320-4fd5-3f4b-becf-da89ea3b3ca4\",\n  \"status\":
        \"InProgress\",\n  \"startTime\": \"2021-06-23T10:20:44.8466666Z\"\n }"
    headers:
      cache-control:
      - no-cache
      content-length:
      - '126'
      content-type:
      - application/json
      date:
      - Wed, 23 Jun 2021 10:23:53 GMT
      expires:
      - '-1'
      pragma:
      - no-cache
      server:
      - nginx
      strict-transport-security:
      - max-age=31536000; includeSubDomains
      transfer-encoding:
      - chunked
      vary:
      - Accept-Encoding
      x-content-type-options:
      - nosniff
    status:
      code: 200
      message: OK
- request:
    body: null
    headers:
      Accept:
      - application/json
      Accept-Encoding:
      - gzip, deflate
      CommandName:
      - aks nodepool add
      Connection:
      - keep-alive
      ParameterSetName:
      - --resource-group --cluster-name --name --enable-fips-image
      User-Agent:
      - python/3.6.9 (Linux-5.4.72-microsoft-standard-WSL2-x86_64-with-Ubuntu-18.04-bionic)
        msrest/0.6.21 msrest_azure/0.6.3 azure-mgmt-containerservice/11.0.0 Azure-SDK-For-Python
        AZURECLI/2.25.0
    method: GET
    uri: https://management.azure.com/subscriptions/00000000-0000-0000-0000-000000000000/providers/Microsoft.ContainerService/locations/westus2/operations/2083572f-d54f-4b3f-becf-da89ea3b3ca4?api-version=2016-03-30
  response:
    body:
      string: "{\n  \"name\": \"2f578320-4fd5-3f4b-becf-da89ea3b3ca4\",\n  \"status\":
        \"InProgress\",\n  \"startTime\": \"2021-06-23T10:20:44.8466666Z\"\n }"
    headers:
      cache-control:
      - no-cache
      content-length:
      - '126'
      content-type:
      - application/json
      date:
      - Wed, 23 Jun 2021 10:24:25 GMT
      expires:
      - '-1'
      pragma:
      - no-cache
      server:
      - nginx
      strict-transport-security:
      - max-age=31536000; includeSubDomains
      transfer-encoding:
      - chunked
      vary:
      - Accept-Encoding
      x-content-type-options:
      - nosniff
    status:
      code: 200
      message: OK
- request:
    body: null
    headers:
      Accept:
      - application/json
      Accept-Encoding:
      - gzip, deflate
      CommandName:
      - aks nodepool add
      Connection:
      - keep-alive
      ParameterSetName:
      - --resource-group --cluster-name --name --enable-fips-image
      User-Agent:
      - python/3.6.9 (Linux-5.4.72-microsoft-standard-WSL2-x86_64-with-Ubuntu-18.04-bionic)
        msrest/0.6.21 msrest_azure/0.6.3 azure-mgmt-containerservice/11.0.0 Azure-SDK-For-Python
        AZURECLI/2.25.0
    method: GET
    uri: https://management.azure.com/subscriptions/00000000-0000-0000-0000-000000000000/providers/Microsoft.ContainerService/locations/westus2/operations/2083572f-d54f-4b3f-becf-da89ea3b3ca4?api-version=2016-03-30
  response:
    body:
      string: "{\n  \"name\": \"2f578320-4fd5-3f4b-becf-da89ea3b3ca4\",\n  \"status\":
        \"InProgress\",\n  \"startTime\": \"2021-06-23T10:20:44.8466666Z\"\n }"
    headers:
      cache-control:
      - no-cache
      content-length:
      - '126'
      content-type:
      - application/json
      date:
      - Wed, 23 Jun 2021 10:24:57 GMT
      expires:
      - '-1'
      pragma:
      - no-cache
      server:
      - nginx
      strict-transport-security:
      - max-age=31536000; includeSubDomains
      transfer-encoding:
      - chunked
      vary:
      - Accept-Encoding
      x-content-type-options:
      - nosniff
    status:
      code: 200
      message: OK
- request:
    body: null
    headers:
      Accept:
      - application/json
      Accept-Encoding:
      - gzip, deflate
      CommandName:
      - aks nodepool add
      Connection:
      - keep-alive
      ParameterSetName:
      - --resource-group --cluster-name --name --enable-fips-image
      User-Agent:
      - python/3.6.9 (Linux-5.4.72-microsoft-standard-WSL2-x86_64-with-Ubuntu-18.04-bionic)
        msrest/0.6.21 msrest_azure/0.6.3 azure-mgmt-containerservice/11.0.0 Azure-SDK-For-Python
        AZURECLI/2.25.0
    method: GET
    uri: https://management.azure.com/subscriptions/00000000-0000-0000-0000-000000000000/providers/Microsoft.ContainerService/locations/westus2/operations/2083572f-d54f-4b3f-becf-da89ea3b3ca4?api-version=2016-03-30
  response:
    body:
      string: "{\n  \"name\": \"2f578320-4fd5-3f4b-becf-da89ea3b3ca4\",\n  \"status\":
        \"Succeeded\",\n  \"startTime\": \"2021-06-23T10:20:44.8466666Z\",\n  \"endTime\":
        \"2021-06-23T10:25:06.5605125Z\"\n }"
    headers:
      cache-control:
      - no-cache
      content-length:
      - '170'
      content-type:
      - application/json
      date:
      - Wed, 23 Jun 2021 10:25:29 GMT
      expires:
      - '-1'
      pragma:
      - no-cache
      server:
      - nginx
      strict-transport-security:
      - max-age=31536000; includeSubDomains
      transfer-encoding:
      - chunked
      vary:
      - Accept-Encoding
      x-content-type-options:
      - nosniff
    status:
      code: 200
      message: OK
- request:
    body: null
    headers:
      Accept:
      - application/json
      Accept-Encoding:
      - gzip, deflate
      CommandName:
      - aks nodepool add
      Connection:
      - keep-alive
      ParameterSetName:
      - --resource-group --cluster-name --name --enable-fips-image
      User-Agent:
      - python/3.6.9 (Linux-5.4.72-microsoft-standard-WSL2-x86_64-with-Ubuntu-18.04-bionic)
        msrest/0.6.21 msrest_azure/0.6.3 azure-mgmt-containerservice/11.0.0 Azure-SDK-For-Python
        AZURECLI/2.25.0
    method: GET
    uri: https://management.azure.com/subscriptions/00000000-0000-0000-0000-000000000000/resourceGroups/clitest000001/providers/Microsoft.ContainerService/managedClusters/cliakstest000001/agentPools/np2?api-version=2021-05-01
  response:
    body:
      string: "{\n  \"id\": \"/subscriptions/00000000-0000-0000-0000-000000000000/resourcegroups/clitest000001/providers/Microsoft.ContainerService/managedClusters/cliakstest000001/agentPools/np2\",\n
        \ \"name\": \"np2\",\n  \"type\": \"Microsoft.ContainerService/managedClusters/agentPools\",\n
        \ \"properties\": {\n   \"count\": 3,\n   \"vmSize\": \"Standard_DS2_v2\",\n
        \  \"osDiskSizeGB\": 128,\n   \"osDiskType\": \"Managed\",\n   \"kubeletDiskType\":
        \"OS\",\n   \"maxPods\": 110,\n   \"type\": \"VirtualMachineScaleSets\",\n
        \  \"provisioningState\": \"Succeeded\",\n   \"powerState\": {\n    \"code\":
        \"Running\"\n   },\n   \"orchestratorVersion\": \"1.19.11\",\n   \"enableNodePublicIP\":
        false,\n   \"mode\": \"User\",\n   \"enableEncryptionAtHost\": false,\n   \"enableUltraSSD\":
        false,\n   \"osType\": \"Linux\",\n   \"osSKU\": \"Ubuntu\",\n   \"nodeImageVersion\":
        \"AKSUbuntu-1804gen2fipscontainerd-2021.06.02\",\n   \"upgradeSettings\":
        {},\n   \"enableFIPS\": true\n  }\n }"
    headers:
      cache-control:
      - no-cache
      content-length:
      - '873'
      content-type:
      - application/json
      date:
      - Wed, 23 Jun 2021 10:25:30 GMT
      expires:
      - '-1'
      pragma:
      - no-cache
      server:
      - nginx
      strict-transport-security:
      - max-age=31536000; includeSubDomains
      transfer-encoding:
      - chunked
      vary:
      - Accept-Encoding
      x-content-type-options:
      - nosniff
    status:
      code: 200
      message: OK
- request:
    body: null
    headers:
      Accept:
      - application/json
      Accept-Encoding:
      - gzip, deflate
      CommandName:
      - aks delete
      Connection:
      - keep-alive
      Content-Length:
      - '0'
      ParameterSetName:
      - -g -n --yes --no-wait
      User-Agent:
      - AZURECLI/2.25.0 azsdk-python-azure-mgmt-containerservice/16.0.0 Python/3.6.9
        (Linux-5.4.72-microsoft-standard-WSL2-x86_64-with-Ubuntu-18.04-bionic)
    method: DELETE
    uri: https://management.azure.com/subscriptions/00000000-0000-0000-0000-000000000000/resourceGroups/clitest000001/providers/Microsoft.ContainerService/managedClusters/cliakstest000001?api-version=2021-05-01
  response:
    body:
      string: ''
    headers:
      azure-asyncoperation:
      - https://management.azure.com/subscriptions/00000000-0000-0000-0000-000000000000/providers/Microsoft.ContainerService/locations/westus2/operations/7a5a0efb-9b24-4413-998a-1859538cec6b?api-version=2016-03-30
      cache-control:
      - no-cache
      content-length:
      - '0'
      date:
      - Wed, 23 Jun 2021 10:25:34 GMT
      expires:
      - '-1'
      location:
      - https://management.azure.com/subscriptions/00000000-0000-0000-0000-000000000000/providers/Microsoft.ContainerService/locations/westus2/operationresults/7a5a0efb-9b24-4413-998a-1859538cec6b?api-version=2016-03-30
      pragma:
      - no-cache
      server:
      - nginx
      strict-transport-security:
      - max-age=31536000; includeSubDomains
      x-content-type-options:
      - nosniff
      x-ms-ratelimit-remaining-subscription-deletes:
      - '14999'
    status:
      code: 202
      message: Accepted
version: 1
