interactions:
- request:
    body: null
    headers:
      Accept:
      - application/json
      Accept-Encoding:
      - gzip, deflate
      CommandName:
      - aks create
      Connection:
      - keep-alive
      ParameterSetName:
      - --resource-group --name --enable-managed-identity --generate-ssh-keys -o
      User-Agent:
      - python/3.6.10 (Linux-4.19.76-linuxkit-x86_64-with) msrest/0.6.18 msrest_azure/0.6.3
        azure-mgmt-resource/10.2.0 Azure-SDK-For-Python AZURECLI/2.15.0 (DOCKER)
      accept-language:
      - en-US
    method: GET
    uri: https://management.azure.com/subscriptions/00000000-0000-0000-0000-000000000000/resourcegroups/clitest000001?api-version=2020-06-01
  response:
    body:
      string: '{"id":"/subscriptions/00000000-0000-0000-0000-000000000000/resourceGroups/clitest000001","name":"clitest000001","type":"Microsoft.Resources/resourceGroups","location":"westus2","tags":{"product":"azurecli","cause":"automation","date":"2020-11-17T23:24:01Z"},"properties":{"provisioningState":"Succeeded"}}'
    headers:
      cache-control:
      - no-cache
      content-length:
      - '313'
      content-type:
      - application/json; charset=utf-8
      date:
      - Tue, 17 Nov 2020 23:24:06 GMT
      expires:
      - '-1'
      pragma:
      - no-cache
      strict-transport-security:
      - max-age=31536000; includeSubDomains
      vary:
      - Accept-Encoding
      x-content-type-options:
      - nosniff
    status:
      code: 200
      message: OK
- request:
    body: '{"location": "westus2", "properties": {"kubernetesVersion": "", "dnsPrefix":
      "cliakstest-clitesteusdijsjs-8ecadf", "agentPoolProfiles": [{"count": 3, "vmSize":
      "Standard_DS2_v2", "osType": "Linux", "type": "VirtualMachineScaleSets", "mode":
      "System", "enableNodePublicIP": false, "scaleSetPriority": "Regular", "scaleSetEvictionPolicy":
      "Delete", "name": "nodepool1"}], "linuxProfile": {"adminUsername": "azureuser",
      "ssh": {"publicKeys": [{"keyData": "ssh-rsa AAAAB3NzaC1yc2EAAAADAQABAAABAQDEvZOAiQi79CLB3LPrw6shgUuJAsmvPckoiDewIwdaFEFImMCn8UOc87QtruXAHLx6XQz3r6SH3STEobWw7I1aPVD1KuQBqUQwzqfL223UyA3BOm/mdpc77apIT1Pw4hDHtMwDwO01HMir/sRIcoavXphbcUh+H1bZ5WQQJwgS0jVptOhUjeuE9uiOVA+FzauAb91/QdE6zMfvq03bynVJja4Y81n2PlqlzMmIUUVUYnSoeFIYkUToZ07d0m76VY1ci91WrUFXKCv2iM5IPvyE2RTSlm7GKrR9fUJCa4YTqPNRNwGov5GpbeZqHQzvLnjRq3hl06WX5fG8ZXaU/Xbr"}]}},
      "servicePrincipalProfile": {"clientId": "xxxx", "secret": "yyyy"}, "addonProfiles":
      {}, "enableRBAC": true, "enablePodSecurityPolicy": false, "networkProfile":
      {"networkPlugin": "kubenet", "podCidr": "10.244.0.0/16", "serviceCidr": "10.0.0.0/16",
      "dnsServiceIP": "10.0.0.10", "dockerBridgeCidr": "172.17.0.1/16", "outboundType":
      "loadBalancer", "loadBalancerSku": "standard"}}, "identity": {"type": "SystemAssigned"}}'
    headers:
      Accept:
      - application/json
      Accept-Encoding:
      - gzip, deflate
      CommandName:
      - aks create
      Connection:
      - keep-alive
      Content-Length:
      - '1257'
      Content-Type:
      - application/json; charset=utf-8
      ParameterSetName:
      - --resource-group --name --enable-managed-identity --generate-ssh-keys -o
      User-Agent:
      - python/3.6.10 (Linux-4.19.76-linuxkit-x86_64-with) msrest/0.6.18 msrest_azure/0.6.3
        azure-mgmt-containerservice/4.4.6 Azure-SDK-For-Python AZURECLI/2.15.0 (DOCKER)
      accept-language:
      - en-US
    method: PUT
    uri: https://management.azure.com/subscriptions/00000000-0000-0000-0000-000000000000/resourceGroups/clitest000001/providers/Microsoft.ContainerService/managedClusters/cliakstest000002?api-version=2020-11-01
  response:
    body:
      string: "{\n  \"id\": \"/subscriptions/00000000-0000-0000-0000-000000000000/resourcegroups/clitest000001/providers/Microsoft.ContainerService/managedClusters/cliakstest000002\"\
        ,\n  \"location\": \"westus2\",\n  \"name\": \"cliakstest000002\",\n  \"type\"\
        : \"Microsoft.ContainerService/ManagedClusters\",\n  \"properties\": {\n \
        \  \"provisioningState\": \"Creating\",\n   \"powerState\": {\n    \"code\"\
        : \"Running\"\n   },\n   \"kubernetesVersion\": \"1.17.13\",\n   \"dnsPrefix\"\
        : \"cliakstest-clitesteusdijsjs-8ecadf\",\n   \"fqdn\": \"cliakstest-clitesteusdijsjs-8ecadf-38bc1811.hcp.westus2.azmk8s.io\"\
        ,\n   \"agentPoolProfiles\": [\n    {\n     \"name\": \"nodepool1\",\n   \
        \  \"count\": 3,\n     \"vmSize\": \"Standard_DS2_v2\",\n     \"osDiskSizeGB\"\
        : 128,\n     \"osDiskType\": \"Managed\",\n     \"maxPods\": 110,\n     \"\
        type\": \"VirtualMachineScaleSets\",\n     \"provisioningState\": \"Creating\"\
        ,\n     \"powerState\": {\n      \"code\": \"Running\"\n     },\n     \"orchestratorVersion\"\
        : \"1.17.13\",\n     \"enableNodePublicIP\": false,\n     \"nodeLabels\":\
        \ {},\n     \"mode\": \"System\",\n     \"osType\": \"Linux\",\n     \"nodeImageVersion\"\
        : \"AKSUbuntu-1604-2020.10.28\"\n    }\n   ],\n   \"linuxProfile\": {\n  \
        \  \"adminUsername\": \"azureuser\",\n    \"ssh\": {\n     \"publicKeys\"\
        : [\n      {\n       \"keyData\": \"ssh-rsa AAAAB3NzaC1yc2EAAAADAQABAAABAQDEvZOAiQi79CLB3LPrw6shgUuJAsmvPckoiDewIwdaFEFImMCn8UOc87QtruXAHLx6XQz3r6SH3STEobWw7I1aPVD1KuQBqUQwzqfL223UyA3BOm/mdpc77apIT1Pw4hDHtMwDwO01HMir/sRIcoavXphbcUh+H1bZ5WQQJwgS0jVptOhUjeuE9uiOVA+FzauAb91/QdE6zMfvq03bynVJja4Y81n2PlqlzMmIUUVUYnSoeFIYkUToZ07d0m76VY1ci91WrUFXKCv2iM5IPvyE2RTSlm7GKrR9fUJCa4YTqPNRNwGov5GpbeZqHQzvLnjRq3hl06WX5fG8ZXaU/Xbr\"\
        \n      }\n     ]\n    }\n   },\n   \"servicePrincipalProfile\": {\n    \"\
        clientId\": \"msi\"\n   },\n   \"addonProfiles\": {\n    \"KubeDashboard\"\
        : {\n     \"enabled\": true,\n     \"config\": null\n    }\n   },\n   \"nodeResourceGroup\"\
        : \"MC_clitest000001_cliakstest000002_westus2\",\n   \"enableRBAC\": true,\n\
        \   \"enablePodSecurityPolicy\": false,\n   \"networkProfile\": {\n    \"\
        networkPlugin\": \"kubenet\",\n    \"loadBalancerSku\": \"standard\",\n  \
        \  \"loadBalancerProfile\": {\n     \"managedOutboundIPs\": {\n      \"count\"\
        : 1\n     }\n    },\n    \"podCidr\": \"10.244.0.0/16\",\n    \"serviceCidr\"\
        : \"10.0.0.0/16\",\n    \"dnsServiceIP\": \"10.0.0.10\",\n    \"dockerBridgeCidr\"\
        : \"172.17.0.1/16\",\n    \"outboundType\": \"loadBalancer\"\n   },\n   \"\
        maxAgentPools\": 100\n  },\n  \"identity\": {\n   \"type\": \"SystemAssigned\"\
        ,\n   \"principalId\": \"4334506b-b9b5-497a-a5a7-b799596e1fbb\",\n   \"tenantId\"\
        : \"72f988bf-86f1-41af-91ab-2d7cd011db47\"\n  },\n  \"sku\": {\n   \"name\"\
        : \"Basic\",\n   \"tier\": \"Free\"\n  }\n }"
    headers:
      azure-asyncoperation:
      - https://management.azure.com/subscriptions/00000000-0000-0000-0000-000000000000/providers/Microsoft.ContainerService/locations/westus2/operations/fa5f0786-2a26-4414-87cc-ba22404e1100?api-version=2016-03-30
      cache-control:
      - no-cache
      content-length:
      - '2497'
      content-type:
      - application/json
      date:
      - Tue, 17 Nov 2020 23:24:11 GMT
      expires:
      - '-1'
      pragma:
      - no-cache
      server:
      - nginx
      strict-transport-security:
      - max-age=31536000; includeSubDomains
      x-content-type-options:
      - nosniff
      x-ms-ratelimit-remaining-subscription-writes:
      - '1199'
    status:
      code: 201
      message: Created
- request:
    body: null
    headers:
      Accept:
      - application/json
      Accept-Encoding:
      - gzip, deflate
      CommandName:
      - aks create
      Connection:
      - keep-alive
      ParameterSetName:
      - --resource-group --name --enable-managed-identity --generate-ssh-keys -o
      User-Agent:
      - python/3.6.10 (Linux-4.19.76-linuxkit-x86_64-with) msrest/0.6.18 msrest_azure/0.6.3
        azure-mgmt-containerservice/4.4.6 Azure-SDK-For-Python AZURECLI/2.15.0 (DOCKER)
    method: GET
    uri: https://management.azure.com/subscriptions/00000000-0000-0000-0000-000000000000/providers/Microsoft.ContainerService/locations/westus2/operations/fa5f0786-2a26-4414-87cc-ba22404e1100?api-version=2016-03-30
  response:
    body:
      string: "{\n  \"name\": \"86075ffa-262a-1444-87cc-ba22404e1100\",\n  \"status\"\
        : \"InProgress\",\n  \"startTime\": \"2020-11-17T23:24:12.473534Z\"\n }"
    headers:
      cache-control:
      - no-cache
      content-length:
      - '125'
      content-type:
      - application/json
      date:
      - Tue, 17 Nov 2020 23:24:43 GMT
      expires:
      - '-1'
      pragma:
      - no-cache
      server:
      - nginx
      strict-transport-security:
      - max-age=31536000; includeSubDomains
      transfer-encoding:
      - chunked
      vary:
      - Accept-Encoding
      x-content-type-options:
      - nosniff
    status:
      code: 200
      message: OK
- request:
    body: null
    headers:
      Accept:
      - application/json
      Accept-Encoding:
      - gzip, deflate
      CommandName:
      - aks create
      Connection:
      - keep-alive
      ParameterSetName:
      - --resource-group --name --enable-managed-identity --generate-ssh-keys -o
      User-Agent:
      - python/3.6.10 (Linux-4.19.76-linuxkit-x86_64-with) msrest/0.6.18 msrest_azure/0.6.3
        azure-mgmt-containerservice/4.4.6 Azure-SDK-For-Python AZURECLI/2.15.0 (DOCKER)
    method: GET
    uri: https://management.azure.com/subscriptions/00000000-0000-0000-0000-000000000000/providers/Microsoft.ContainerService/locations/westus2/operations/fa5f0786-2a26-4414-87cc-ba22404e1100?api-version=2016-03-30
  response:
    body:
      string: "{\n  \"name\": \"86075ffa-262a-1444-87cc-ba22404e1100\",\n  \"status\"\
        : \"InProgress\",\n  \"startTime\": \"2020-11-17T23:24:12.473534Z\"\n }"
    headers:
      cache-control:
      - no-cache
      content-length:
      - '125'
      content-type:
      - application/json
      date:
      - Tue, 17 Nov 2020 23:25:13 GMT
      expires:
      - '-1'
      pragma:
      - no-cache
      server:
      - nginx
      strict-transport-security:
      - max-age=31536000; includeSubDomains
      transfer-encoding:
      - chunked
      vary:
      - Accept-Encoding
      x-content-type-options:
      - nosniff
    status:
      code: 200
      message: OK
- request:
    body: null
    headers:
      Accept:
      - application/json
      Accept-Encoding:
      - gzip, deflate
      CommandName:
      - aks create
      Connection:
      - keep-alive
      ParameterSetName:
      - --resource-group --name --enable-managed-identity --generate-ssh-keys -o
      User-Agent:
      - python/3.6.10 (Linux-4.19.76-linuxkit-x86_64-with) msrest/0.6.18 msrest_azure/0.6.3
        azure-mgmt-containerservice/4.4.6 Azure-SDK-For-Python AZURECLI/2.15.0 (DOCKER)
    method: GET
    uri: https://management.azure.com/subscriptions/00000000-0000-0000-0000-000000000000/providers/Microsoft.ContainerService/locations/westus2/operations/fa5f0786-2a26-4414-87cc-ba22404e1100?api-version=2016-03-30
  response:
    body:
      string: "{\n  \"name\": \"86075ffa-262a-1444-87cc-ba22404e1100\",\n  \"status\"\
        : \"InProgress\",\n  \"startTime\": \"2020-11-17T23:24:12.473534Z\"\n }"
    headers:
      cache-control:
      - no-cache
      content-length:
      - '125'
      content-type:
      - application/json
      date:
      - Tue, 17 Nov 2020 23:25:43 GMT
      expires:
      - '-1'
      pragma:
      - no-cache
      server:
      - nginx
      strict-transport-security:
      - max-age=31536000; includeSubDomains
      transfer-encoding:
      - chunked
      vary:
      - Accept-Encoding
      x-content-type-options:
      - nosniff
    status:
      code: 200
      message: OK
- request:
    body: null
    headers:
      Accept:
      - application/json
      Accept-Encoding:
      - gzip, deflate
      CommandName:
      - aks create
      Connection:
      - keep-alive
      ParameterSetName:
      - --resource-group --name --enable-managed-identity --generate-ssh-keys -o
      User-Agent:
      - python/3.6.10 (Linux-4.19.76-linuxkit-x86_64-with) msrest/0.6.18 msrest_azure/0.6.3
        azure-mgmt-containerservice/4.4.6 Azure-SDK-For-Python AZURECLI/2.15.0 (DOCKER)
    method: GET
    uri: https://management.azure.com/subscriptions/00000000-0000-0000-0000-000000000000/providers/Microsoft.ContainerService/locations/westus2/operations/fa5f0786-2a26-4414-87cc-ba22404e1100?api-version=2016-03-30
  response:
    body:
      string: "{\n  \"name\": \"86075ffa-262a-1444-87cc-ba22404e1100\",\n  \"status\"\
        : \"InProgress\",\n  \"startTime\": \"2020-11-17T23:24:12.473534Z\"\n }"
    headers:
      cache-control:
      - no-cache
      content-length:
      - '125'
      content-type:
      - application/json
      date:
      - Tue, 17 Nov 2020 23:26:14 GMT
      expires:
      - '-1'
      pragma:
      - no-cache
      server:
      - nginx
      strict-transport-security:
      - max-age=31536000; includeSubDomains
      transfer-encoding:
      - chunked
      vary:
      - Accept-Encoding
      x-content-type-options:
      - nosniff
    status:
      code: 200
      message: OK
- request:
    body: null
    headers:
      Accept:
      - application/json
      Accept-Encoding:
      - gzip, deflate
      CommandName:
      - aks create
      Connection:
      - keep-alive
      ParameterSetName:
      - --resource-group --name --enable-managed-identity --generate-ssh-keys -o
      User-Agent:
      - python/3.6.10 (Linux-4.19.76-linuxkit-x86_64-with) msrest/0.6.18 msrest_azure/0.6.3
        azure-mgmt-containerservice/4.4.6 Azure-SDK-For-Python AZURECLI/2.15.0 (DOCKER)
    method: GET
    uri: https://management.azure.com/subscriptions/00000000-0000-0000-0000-000000000000/providers/Microsoft.ContainerService/locations/westus2/operations/fa5f0786-2a26-4414-87cc-ba22404e1100?api-version=2016-03-30
  response:
    body:
      string: "{\n  \"name\": \"86075ffa-262a-1444-87cc-ba22404e1100\",\n  \"status\"\
        : \"InProgress\",\n  \"startTime\": \"2020-11-17T23:24:12.473534Z\"\n }"
    headers:
      cache-control:
      - no-cache
      content-length:
      - '125'
      content-type:
      - application/json
      date:
      - Tue, 17 Nov 2020 23:26:44 GMT
      expires:
      - '-1'
      pragma:
      - no-cache
      server:
      - nginx
      strict-transport-security:
      - max-age=31536000; includeSubDomains
      transfer-encoding:
      - chunked
      vary:
      - Accept-Encoding
      x-content-type-options:
      - nosniff
    status:
      code: 200
      message: OK
- request:
    body: null
    headers:
      Accept:
      - application/json
      Accept-Encoding:
      - gzip, deflate
      CommandName:
      - aks create
      Connection:
      - keep-alive
      ParameterSetName:
      - --resource-group --name --enable-managed-identity --generate-ssh-keys -o
      User-Agent:
      - python/3.6.10 (Linux-4.19.76-linuxkit-x86_64-with) msrest/0.6.18 msrest_azure/0.6.3
        azure-mgmt-containerservice/4.4.6 Azure-SDK-For-Python AZURECLI/2.15.0 (DOCKER)
    method: GET
    uri: https://management.azure.com/subscriptions/00000000-0000-0000-0000-000000000000/providers/Microsoft.ContainerService/locations/westus2/operations/fa5f0786-2a26-4414-87cc-ba22404e1100?api-version=2016-03-30
  response:
    body:
      string: "{\n  \"name\": \"86075ffa-262a-1444-87cc-ba22404e1100\",\n  \"status\"\
        : \"Succeeded\",\n  \"startTime\": \"2020-11-17T23:24:12.473534Z\",\n  \"\
        endTime\": \"2020-11-17T23:27:12.1055094Z\"\n }"
    headers:
      cache-control:
      - no-cache
      content-length:
      - '169'
      content-type:
      - application/json
      date:
      - Tue, 17 Nov 2020 23:27:15 GMT
      expires:
      - '-1'
      pragma:
      - no-cache
      server:
      - nginx
      strict-transport-security:
      - max-age=31536000; includeSubDomains
      transfer-encoding:
      - chunked
      vary:
      - Accept-Encoding
      x-content-type-options:
      - nosniff
    status:
      code: 200
      message: OK
- request:
    body: null
    headers:
      Accept:
      - application/json
      Accept-Encoding:
      - gzip, deflate
      CommandName:
      - aks create
      Connection:
      - keep-alive
      ParameterSetName:
      - --resource-group --name --enable-managed-identity --generate-ssh-keys -o
      User-Agent:
      - python/3.6.10 (Linux-4.19.76-linuxkit-x86_64-with) msrest/0.6.18 msrest_azure/0.6.3
        azure-mgmt-containerservice/4.4.6 Azure-SDK-For-Python AZURECLI/2.15.0 (DOCKER)
    method: GET
    uri: https://management.azure.com/subscriptions/00000000-0000-0000-0000-000000000000/resourceGroups/clitest000001/providers/Microsoft.ContainerService/managedClusters/cliakstest000002?api-version=2020-11-01
  response:
    body:
      string: "{\n  \"id\": \"/subscriptions/00000000-0000-0000-0000-000000000000/resourcegroups/clitest000001/providers/Microsoft.ContainerService/managedClusters/cliakstest000002\"\
        ,\n  \"location\": \"westus2\",\n  \"name\": \"cliakstest000002\",\n  \"type\"\
        : \"Microsoft.ContainerService/ManagedClusters\",\n  \"properties\": {\n \
        \  \"provisioningState\": \"Succeeded\",\n   \"powerState\": {\n    \"code\"\
        : \"Running\"\n   },\n   \"kubernetesVersion\": \"1.17.13\",\n   \"dnsPrefix\"\
        : \"cliakstest-clitesteusdijsjs-8ecadf\",\n   \"fqdn\": \"cliakstest-clitesteusdijsjs-8ecadf-38bc1811.hcp.westus2.azmk8s.io\"\
        ,\n   \"agentPoolProfiles\": [\n    {\n     \"name\": \"nodepool1\",\n   \
        \  \"count\": 3,\n     \"vmSize\": \"Standard_DS2_v2\",\n     \"osDiskSizeGB\"\
        : 128,\n     \"osDiskType\": \"Managed\",\n     \"maxPods\": 110,\n     \"\
        type\": \"VirtualMachineScaleSets\",\n     \"provisioningState\": \"Succeeded\"\
        ,\n     \"powerState\": {\n      \"code\": \"Running\"\n     },\n     \"orchestratorVersion\"\
        : \"1.17.13\",\n     \"enableNodePublicIP\": false,\n     \"nodeLabels\":\
        \ {},\n     \"mode\": \"System\",\n     \"osType\": \"Linux\",\n     \"nodeImageVersion\"\
        : \"AKSUbuntu-1604-2020.10.28\"\n    }\n   ],\n   \"linuxProfile\": {\n  \
        \  \"adminUsername\": \"azureuser\",\n    \"ssh\": {\n     \"publicKeys\"\
        : [\n      {\n       \"keyData\": \"ssh-rsa AAAAB3NzaC1yc2EAAAADAQABAAABAQDEvZOAiQi79CLB3LPrw6shgUuJAsmvPckoiDewIwdaFEFImMCn8UOc87QtruXAHLx6XQz3r6SH3STEobWw7I1aPVD1KuQBqUQwzqfL223UyA3BOm/mdpc77apIT1Pw4hDHtMwDwO01HMir/sRIcoavXphbcUh+H1bZ5WQQJwgS0jVptOhUjeuE9uiOVA+FzauAb91/QdE6zMfvq03bynVJja4Y81n2PlqlzMmIUUVUYnSoeFIYkUToZ07d0m76VY1ci91WrUFXKCv2iM5IPvyE2RTSlm7GKrR9fUJCa4YTqPNRNwGov5GpbeZqHQzvLnjRq3hl06WX5fG8ZXaU/Xbr\"\
        \n      }\n     ]\n    }\n   },\n   \"servicePrincipalProfile\": {\n    \"\
        clientId\": \"msi\"\n   },\n   \"addonProfiles\": {\n    \"KubeDashboard\"\
        : {\n     \"enabled\": true,\n     \"config\": null,\n     \"identity\": {\n\
        \      \"resourceId\": \"/subscriptions/00000000-0000-0000-0000-000000000000/resourcegroups/MC_clitest000001_cliakstest000002_westus2/providers/Microsoft.ManagedIdentity/userAssignedIdentities/kubedashboard-cliakstest000002\"\
        ,\n      \"clientId\": \"6c4577af-8e04-48b0-87ce-45716916eab4\",\n      \"\
        objectId\": \"fdf9d6cb-ff1d-445d-825a-18969f00c8b8\"\n     }\n    }\n   },\n\
        \   \"nodeResourceGroup\": \"MC_clitest000001_cliakstest000002_westus2\",\n\
        \   \"enableRBAC\": true,\n   \"enablePodSecurityPolicy\": false,\n   \"networkProfile\"\
        : {\n    \"networkPlugin\": \"kubenet\",\n    \"loadBalancerSku\": \"Standard\"\
        ,\n    \"loadBalancerProfile\": {\n     \"managedOutboundIPs\": {\n      \"\
        count\": 1\n     },\n     \"effectiveOutboundIPs\": [\n      {\n       \"\
        id\": \"/subscriptions/00000000-0000-0000-0000-000000000000/resourceGroups/MC_clitest000001_cliakstest000002_westus2/providers/Microsoft.Network/publicIPAddresses/eaa07a23-72e9-4472-931b-5d1c4ec21fdb\"\
        \n      }\n     ]\n    },\n    \"podCidr\": \"10.244.0.0/16\",\n    \"serviceCidr\"\
        : \"10.0.0.0/16\",\n    \"dnsServiceIP\": \"10.0.0.10\",\n    \"dockerBridgeCidr\"\
        : \"172.17.0.1/16\",\n    \"outboundType\": \"loadBalancer\"\n   },\n   \"\
        maxAgentPools\": 100,\n   \"identityProfile\": {\n    \"kubeletidentity\"\
        : {\n     \"resourceId\": \"/subscriptions/00000000-0000-0000-0000-000000000000/resourcegroups/MC_clitest000001_cliakstest000002_westus2/providers/Microsoft.ManagedIdentity/userAssignedIdentities/cliakstest000002-agentpool\"\
        ,\n     \"clientId\": \"6b25d15f-aedf-47e8-acfe-f9f3a4ea123a\",\n     \"objectId\"\
        : \"1561d3bb-b839-4b46-b214-bc995b907897\"\n    }\n   }\n  },\n  \"identity\"\
        : {\n   \"type\": \"SystemAssigned\",\n   \"principalId\": \"4334506b-b9b5-497a-a5a7-b799596e1fbb\"\
        ,\n   \"tenantId\": \"72f988bf-86f1-41af-91ab-2d7cd011db47\"\n  },\n  \"sku\"\
        : {\n   \"name\": \"Basic\",\n   \"tier\": \"Free\"\n  }\n }"
    headers:
      cache-control:
      - no-cache
      content-length:
      - '3528'
      content-type:
      - application/json
      date:
      - Tue, 17 Nov 2020 23:27:16 GMT
      expires:
      - '-1'
      pragma:
      - no-cache
      server:
      - nginx
      strict-transport-security:
      - max-age=31536000; includeSubDomains
      transfer-encoding:
      - chunked
      vary:
      - Accept-Encoding
      x-content-type-options:
      - nosniff
    status:
      code: 200
      message: OK
- request:
    body: null
    headers:
      Accept:
      - application/json
      Accept-Encoding:
      - gzip, deflate
      CommandName:
      - aks enable-addons
      Connection:
      - keep-alive
      ParameterSetName:
      - --addons --resource-group --name -o
      User-Agent:
      - python/3.6.10 (Linux-4.19.76-linuxkit-x86_64-with) msrest/0.6.18 msrest_azure/0.6.3
        azure-mgmt-containerservice/4.4.6 Azure-SDK-For-Python AZURECLI/2.15.0 (DOCKER)
      accept-language:
      - en-US
    method: GET
    uri: https://management.azure.com/subscriptions/00000000-0000-0000-0000-000000000000/resourceGroups/clitest000001/providers/Microsoft.ContainerService/managedClusters/cliakstest000002?api-version=2020-11-01
  response:
    body:
      string: "{\n  \"id\": \"/subscriptions/00000000-0000-0000-0000-000000000000/resourcegroups/clitest000001/providers/Microsoft.ContainerService/managedClusters/cliakstest000002\"\
        ,\n  \"location\": \"westus2\",\n  \"name\": \"cliakstest000002\",\n  \"type\"\
        : \"Microsoft.ContainerService/ManagedClusters\",\n  \"properties\": {\n \
        \  \"provisioningState\": \"Succeeded\",\n   \"powerState\": {\n    \"code\"\
        : \"Running\"\n   },\n   \"kubernetesVersion\": \"1.17.13\",\n   \"dnsPrefix\"\
        : \"cliakstest-clitesteusdijsjs-8ecadf\",\n   \"fqdn\": \"cliakstest-clitesteusdijsjs-8ecadf-38bc1811.hcp.westus2.azmk8s.io\"\
        ,\n   \"agentPoolProfiles\": [\n    {\n     \"name\": \"nodepool1\",\n   \
        \  \"count\": 3,\n     \"vmSize\": \"Standard_DS2_v2\",\n     \"osDiskSizeGB\"\
        : 128,\n     \"osDiskType\": \"Managed\",\n     \"maxPods\": 110,\n     \"\
        type\": \"VirtualMachineScaleSets\",\n     \"provisioningState\": \"Succeeded\"\
        ,\n     \"powerState\": {\n      \"code\": \"Running\"\n     },\n     \"orchestratorVersion\"\
        : \"1.17.13\",\n     \"enableNodePublicIP\": false,\n     \"nodeLabels\":\
        \ {},\n     \"mode\": \"System\",\n     \"osType\": \"Linux\",\n     \"nodeImageVersion\"\
        : \"AKSUbuntu-1604-2020.10.28\"\n    }\n   ],\n   \"linuxProfile\": {\n  \
        \  \"adminUsername\": \"azureuser\",\n    \"ssh\": {\n     \"publicKeys\"\
        : [\n      {\n       \"keyData\": \"ssh-rsa AAAAB3NzaC1yc2EAAAADAQABAAABAQDEvZOAiQi79CLB3LPrw6shgUuJAsmvPckoiDewIwdaFEFImMCn8UOc87QtruXAHLx6XQz3r6SH3STEobWw7I1aPVD1KuQBqUQwzqfL223UyA3BOm/mdpc77apIT1Pw4hDHtMwDwO01HMir/sRIcoavXphbcUh+H1bZ5WQQJwgS0jVptOhUjeuE9uiOVA+FzauAb91/QdE6zMfvq03bynVJja4Y81n2PlqlzMmIUUVUYnSoeFIYkUToZ07d0m76VY1ci91WrUFXKCv2iM5IPvyE2RTSlm7GKrR9fUJCa4YTqPNRNwGov5GpbeZqHQzvLnjRq3hl06WX5fG8ZXaU/Xbr\"\
        \n      }\n     ]\n    }\n   },\n   \"servicePrincipalProfile\": {\n    \"\
        clientId\": \"msi\"\n   },\n   \"addonProfiles\": {\n    \"KubeDashboard\"\
        : {\n     \"enabled\": true,\n     \"config\": null,\n     \"identity\": {\n\
        \      \"resourceId\": \"/subscriptions/00000000-0000-0000-0000-000000000000/resourcegroups/MC_clitest000001_cliakstest000002_westus2/providers/Microsoft.ManagedIdentity/userAssignedIdentities/kubedashboard-cliakstest000002\"\
        ,\n      \"clientId\": \"6c4577af-8e04-48b0-87ce-45716916eab4\",\n      \"\
        objectId\": \"fdf9d6cb-ff1d-445d-825a-18969f00c8b8\"\n     }\n    }\n   },\n\
        \   \"nodeResourceGroup\": \"MC_clitest000001_cliakstest000002_westus2\",\n\
        \   \"enableRBAC\": true,\n   \"enablePodSecurityPolicy\": false,\n   \"networkProfile\"\
        : {\n    \"networkPlugin\": \"kubenet\",\n    \"loadBalancerSku\": \"Standard\"\
        ,\n    \"loadBalancerProfile\": {\n     \"managedOutboundIPs\": {\n      \"\
        count\": 1\n     },\n     \"effectiveOutboundIPs\": [\n      {\n       \"\
        id\": \"/subscriptions/00000000-0000-0000-0000-000000000000/resourceGroups/MC_clitest000001_cliakstest000002_westus2/providers/Microsoft.Network/publicIPAddresses/eaa07a23-72e9-4472-931b-5d1c4ec21fdb\"\
        \n      }\n     ]\n    },\n    \"podCidr\": \"10.244.0.0/16\",\n    \"serviceCidr\"\
        : \"10.0.0.0/16\",\n    \"dnsServiceIP\": \"10.0.0.10\",\n    \"dockerBridgeCidr\"\
        : \"172.17.0.1/16\",\n    \"outboundType\": \"loadBalancer\"\n   },\n   \"\
        maxAgentPools\": 100,\n   \"identityProfile\": {\n    \"kubeletidentity\"\
        : {\n     \"resourceId\": \"/subscriptions/00000000-0000-0000-0000-000000000000/resourcegroups/MC_clitest000001_cliakstest000002_westus2/providers/Microsoft.ManagedIdentity/userAssignedIdentities/cliakstest000002-agentpool\"\
        ,\n     \"clientId\": \"6b25d15f-aedf-47e8-acfe-f9f3a4ea123a\",\n     \"objectId\"\
        : \"1561d3bb-b839-4b46-b214-bc995b907897\"\n    }\n   }\n  },\n  \"identity\"\
        : {\n   \"type\": \"SystemAssigned\",\n   \"principalId\": \"4334506b-b9b5-497a-a5a7-b799596e1fbb\"\
        ,\n   \"tenantId\": \"72f988bf-86f1-41af-91ab-2d7cd011db47\"\n  },\n  \"sku\"\
        : {\n   \"name\": \"Basic\",\n   \"tier\": \"Free\"\n  }\n }"
    headers:
      cache-control:
      - no-cache
      content-length:
      - '3528'
      content-type:
      - application/json
      date:
      - Tue, 17 Nov 2020 23:27:18 GMT
      expires:
      - '-1'
      pragma:
      - no-cache
      server:
      - nginx
      strict-transport-security:
      - max-age=31536000; includeSubDomains
      transfer-encoding:
      - chunked
      vary:
      - Accept-Encoding
      x-content-type-options:
      - nosniff
    status:
      code: 200
      message: OK
- request:
    body: '{"location": "westus2", "properties": {"kubernetesVersion": "1.17.13",
      "dnsPrefix": "cliakstest-clitesteusdijsjs-8ecadf", "agentPoolProfiles": [{"count":
      3, "vmSize": "Standard_DS2_v2", "osDiskSizeGB": 128, "osDiskType": "Managed",
      "maxPods": 110, "osType": "Linux", "type": "VirtualMachineScaleSets", "mode":
      "System", "orchestratorVersion": "1.17.13", "enableNodePublicIP": false, "nodeLabels":
      {}, "name": "nodepool1"}], "linuxProfile": {"adminUsername": "azureuser", "ssh":
      {"publicKeys": [{"keyData": "ssh-rsa AAAAB3NzaC1yc2EAAAADAQABAAABAQDEvZOAiQi79CLB3LPrw6shgUuJAsmvPckoiDewIwdaFEFImMCn8UOc87QtruXAHLx6XQz3r6SH3STEobWw7I1aPVD1KuQBqUQwzqfL223UyA3BOm/mdpc77apIT1Pw4hDHtMwDwO01HMir/sRIcoavXphbcUh+H1bZ5WQQJwgS0jVptOhUjeuE9uiOVA+FzauAb91/QdE6zMfvq03bynVJja4Y81n2PlqlzMmIUUVUYnSoeFIYkUToZ07d0m76VY1ci91WrUFXKCv2iM5IPvyE2RTSlm7GKrR9fUJCa4YTqPNRNwGov5GpbeZqHQzvLnjRq3hl06WX5fG8ZXaU/Xbr"}]}},
      "addonProfiles": {"KubeDashboard": {"enabled": true}, "ACCSGXDevicePlugin":
      {"enabled": true, "config": {"ACCSGXQuoteHelperEnabled": "true"}}}, "nodeResourceGroup":
      "MC_clitest000001_cliakstest000002_westus2", "enableRBAC": true, "enablePodSecurityPolicy":
      false, "networkProfile": {"networkPlugin": "kubenet", "podCidr": "10.244.0.0/16",
      "serviceCidr": "10.0.0.0/16", "dnsServiceIP": "10.0.0.10", "dockerBridgeCidr":
      "172.17.0.1/16", "outboundType": "loadBalancer", "loadBalancerSku": "Standard",
      "loadBalancerProfile": {"managedOutboundIPs": {"count": 1}, "effectiveOutboundIPs":
      [{"id": "/subscriptions/00000000-0000-0000-0000-000000000000/resourceGroups/MC_clitest000001_cliakstest000002_westus2/providers/Microsoft.Network/publicIPAddresses/eaa07a23-72e9-4472-931b-5d1c4ec21fdb"}]}},
      "identityProfile": {"kubeletidentity": {"resourceId": "/subscriptions/00000000-0000-0000-0000-000000000000/resourcegroups/MC_clitest000001_cliakstest000002_westus2/providers/Microsoft.ManagedIdentity/userAssignedIdentities/cliakstest000002-agentpool",
      "clientId": "6b25d15f-aedf-47e8-acfe-f9f3a4ea123a", "objectId": "1561d3bb-b839-4b46-b214-bc995b907897"}}},
      "identity": {"type": "SystemAssigned"}, "sku": {"name": "Basic", "tier": "Free"}}'
    headers:
      Accept:
      - application/json
      Accept-Encoding:
      - gzip, deflate
      CommandName:
      - aks enable-addons
      Connection:
      - keep-alive
      Content-Length:
      - '2135'
      Content-Type:
      - application/json; charset=utf-8
      ParameterSetName:
      - --addons --resource-group --name -o
      User-Agent:
      - python/3.6.10 (Linux-4.19.76-linuxkit-x86_64-with) msrest/0.6.18 msrest_azure/0.6.3
        azure-mgmt-containerservice/4.4.6 Azure-SDK-For-Python AZURECLI/2.15.0 (DOCKER)
      accept-language:
      - en-US
    method: PUT
    uri: https://management.azure.com/subscriptions/00000000-0000-0000-0000-000000000000/resourceGroups/clitest000001/providers/Microsoft.ContainerService/managedClusters/cliakstest000002?api-version=2020-11-01
  response:
    body:
      string: "{\n  \"id\": \"/subscriptions/00000000-0000-0000-0000-000000000000/resourcegroups/clitest000001/providers/Microsoft.ContainerService/managedClusters/cliakstest000002\"\
        ,\n  \"location\": \"westus2\",\n  \"name\": \"cliakstest000002\",\n  \"type\"\
        : \"Microsoft.ContainerService/ManagedClusters\",\n  \"properties\": {\n \
        \  \"provisioningState\": \"Updating\",\n   \"powerState\": {\n    \"code\"\
        : \"Running\"\n   },\n   \"kubernetesVersion\": \"1.17.13\",\n   \"dnsPrefix\"\
        : \"cliakstest-clitesteusdijsjs-8ecadf\",\n   \"fqdn\": \"cliakstest-clitesteusdijsjs-8ecadf-38bc1811.hcp.westus2.azmk8s.io\"\
        ,\n   \"agentPoolProfiles\": [\n    {\n     \"name\": \"nodepool1\",\n   \
        \  \"count\": 3,\n     \"vmSize\": \"Standard_DS2_v2\",\n     \"osDiskSizeGB\"\
        : 128,\n     \"osDiskType\": \"Managed\",\n     \"maxPods\": 110,\n     \"\
        type\": \"VirtualMachineScaleSets\",\n     \"provisioningState\": \"Updating\"\
        ,\n     \"powerState\": {\n      \"code\": \"Running\"\n     },\n     \"orchestratorVersion\"\
        : \"1.17.13\",\n     \"enableNodePublicIP\": false,\n     \"nodeLabels\":\
        \ {},\n     \"mode\": \"System\",\n     \"osType\": \"Linux\",\n     \"nodeImageVersion\"\
        : \"AKSUbuntu-1604-2020.10.28\"\n    }\n   ],\n   \"linuxProfile\": {\n  \
        \  \"adminUsername\": \"azureuser\",\n    \"ssh\": {\n     \"publicKeys\"\
        : [\n      {\n       \"keyData\": \"ssh-rsa AAAAB3NzaC1yc2EAAAADAQABAAABAQDEvZOAiQi79CLB3LPrw6shgUuJAsmvPckoiDewIwdaFEFImMCn8UOc87QtruXAHLx6XQz3r6SH3STEobWw7I1aPVD1KuQBqUQwzqfL223UyA3BOm/mdpc77apIT1Pw4hDHtMwDwO01HMir/sRIcoavXphbcUh+H1bZ5WQQJwgS0jVptOhUjeuE9uiOVA+FzauAb91/QdE6zMfvq03bynVJja4Y81n2PlqlzMmIUUVUYnSoeFIYkUToZ07d0m76VY1ci91WrUFXKCv2iM5IPvyE2RTSlm7GKrR9fUJCa4YTqPNRNwGov5GpbeZqHQzvLnjRq3hl06WX5fG8ZXaU/Xbr\"\
        \n      }\n     ]\n    }\n   },\n   \"servicePrincipalProfile\": {\n    \"\
        clientId\": \"msi\"\n   },\n   \"addonProfiles\": {\n    \"ACCSGXDevicePlugin\"\
        : {\n     \"enabled\": true,\n     \"config\": {\n      \"ACCSGXQuoteHelperEnabled\"\
        : \"true\"\n     }\n    },\n    \"KubeDashboard\": {\n     \"enabled\": true,\n\
        \     \"config\": null\n    }\n   },\n   \"nodeResourceGroup\": \"MC_clitest000001_cliakstest000002_westus2\"\
        ,\n   \"enableRBAC\": true,\n   \"enablePodSecurityPolicy\": false,\n   \"\
        networkProfile\": {\n    \"networkPlugin\": \"kubenet\",\n    \"loadBalancerSku\"\
        : \"Standard\",\n    \"loadBalancerProfile\": {\n     \"managedOutboundIPs\"\
        : {\n      \"count\": 1\n     },\n     \"effectiveOutboundIPs\": [\n     \
        \ {\n       \"id\": \"/subscriptions/00000000-0000-0000-0000-000000000000/resourceGroups/MC_clitest000001_cliakstest000002_westus2/providers/Microsoft.Network/publicIPAddresses/eaa07a23-72e9-4472-931b-5d1c4ec21fdb\"\
        \n      }\n     ]\n    },\n    \"podCidr\": \"10.244.0.0/16\",\n    \"serviceCidr\"\
        : \"10.0.0.0/16\",\n    \"dnsServiceIP\": \"10.0.0.10\",\n    \"dockerBridgeCidr\"\
        : \"172.17.0.1/16\",\n    \"outboundType\": \"loadBalancer\"\n   },\n   \"\
        maxAgentPools\": 100,\n   \"identityProfile\": {\n    \"kubeletidentity\"\
        : {\n     \"resourceId\": \"/subscriptions/00000000-0000-0000-0000-000000000000/resourcegroups/MC_clitest000001_cliakstest000002_westus2/providers/Microsoft.ManagedIdentity/userAssignedIdentities/cliakstest000002-agentpool\"\
        ,\n     \"clientId\": \"6b25d15f-aedf-47e8-acfe-f9f3a4ea123a\",\n     \"objectId\"\
        : \"1561d3bb-b839-4b46-b214-bc995b907897\"\n    }\n   }\n  },\n  \"identity\"\
        : {\n   \"type\": \"SystemAssigned\",\n   \"principalId\": \"4334506b-b9b5-497a-a5a7-b799596e1fbb\"\
        ,\n   \"tenantId\": \"72f988bf-86f1-41af-91ab-2d7cd011db47\"\n  },\n  \"sku\"\
        : {\n   \"name\": \"Basic\",\n   \"tier\": \"Free\"\n  }\n }"
    headers:
      azure-asyncoperation:
      - https://management.azure.com/subscriptions/00000000-0000-0000-0000-000000000000/providers/Microsoft.ContainerService/locations/westus2/operations/3adc0ba7-297f-44e8-8602-40583742f7c4?api-version=2016-03-30
      cache-control:
      - no-cache
      content-length:
      - '3280'
      content-type:
      - application/json
      date:
      - Tue, 17 Nov 2020 23:27:21 GMT
      expires:
      - '-1'
      pragma:
      - no-cache
      server:
      - nginx
      strict-transport-security:
      - max-age=31536000; includeSubDomains
      transfer-encoding:
      - chunked
      vary:
      - Accept-Encoding
      x-content-type-options:
      - nosniff
      x-ms-ratelimit-remaining-subscription-writes:
      - '1199'
    status:
      code: 200
      message: OK
- request:
    body: null
    headers:
      Accept:
      - application/json
      Accept-Encoding:
      - gzip, deflate
      CommandName:
      - aks enable-addons
      Connection:
      - keep-alive
      ParameterSetName:
      - --addons --resource-group --name -o
      User-Agent:
      - python/3.6.10 (Linux-4.19.76-linuxkit-x86_64-with) msrest/0.6.18 msrest_azure/0.6.3
        azure-mgmt-containerservice/4.4.6 Azure-SDK-For-Python AZURECLI/2.15.0 (DOCKER)
    method: GET
    uri: https://management.azure.com/subscriptions/00000000-0000-0000-0000-000000000000/providers/Microsoft.ContainerService/locations/westus2/operations/3adc0ba7-297f-44e8-8602-40583742f7c4?api-version=2016-03-30
  response:
    body:
      string: "{\n  \"name\": \"a70bdc3a-7f29-e844-8602-40583742f7c4\",\n  \"status\"\
        : \"InProgress\",\n  \"startTime\": \"2020-11-17T23:27:20.7138606Z\"\n }"
    headers:
      cache-control:
      - no-cache
      content-length:
      - '126'
      content-type:
      - application/json
      date:
      - Tue, 17 Nov 2020 23:27:51 GMT
      expires:
      - '-1'
      pragma:
      - no-cache
      server:
      - nginx
      strict-transport-security:
      - max-age=31536000; includeSubDomains
      transfer-encoding:
      - chunked
      vary:
      - Accept-Encoding
      x-content-type-options:
      - nosniff
    status:
      code: 200
      message: OK
- request:
    body: null
    headers:
      Accept:
      - application/json
      Accept-Encoding:
      - gzip, deflate
      CommandName:
      - aks enable-addons
      Connection:
      - keep-alive
      ParameterSetName:
      - --addons --resource-group --name -o
      User-Agent:
      - python/3.6.10 (Linux-4.19.76-linuxkit-x86_64-with) msrest/0.6.18 msrest_azure/0.6.3
        azure-mgmt-containerservice/4.4.6 Azure-SDK-For-Python AZURECLI/2.15.0 (DOCKER)
    method: GET
    uri: https://management.azure.com/subscriptions/00000000-0000-0000-0000-000000000000/providers/Microsoft.ContainerService/locations/westus2/operations/3adc0ba7-297f-44e8-8602-40583742f7c4?api-version=2016-03-30
  response:
    body:
      string: "{\n  \"name\": \"a70bdc3a-7f29-e844-8602-40583742f7c4\",\n  \"status\"\
        : \"InProgress\",\n  \"startTime\": \"2020-11-17T23:27:20.7138606Z\"\n }"
    headers:
      cache-control:
      - no-cache
      content-length:
      - '126'
      content-type:
      - application/json
      date:
      - Tue, 17 Nov 2020 23:28:21 GMT
      expires:
      - '-1'
      pragma:
      - no-cache
      server:
      - nginx
      strict-transport-security:
      - max-age=31536000; includeSubDomains
      transfer-encoding:
      - chunked
      vary:
      - Accept-Encoding
      x-content-type-options:
      - nosniff
    status:
      code: 200
      message: OK
- request:
    body: null
    headers:
      Accept:
      - application/json
      Accept-Encoding:
      - gzip, deflate
      CommandName:
      - aks enable-addons
      Connection:
      - keep-alive
      ParameterSetName:
      - --addons --resource-group --name -o
      User-Agent:
      - python/3.6.10 (Linux-4.19.76-linuxkit-x86_64-with) msrest/0.6.18 msrest_azure/0.6.3
        azure-mgmt-containerservice/4.4.6 Azure-SDK-For-Python AZURECLI/2.15.0 (DOCKER)
    method: GET
    uri: https://management.azure.com/subscriptions/00000000-0000-0000-0000-000000000000/providers/Microsoft.ContainerService/locations/westus2/operations/3adc0ba7-297f-44e8-8602-40583742f7c4?api-version=2016-03-30
  response:
    body:
      string: "{\n  \"name\": \"a70bdc3a-7f29-e844-8602-40583742f7c4\",\n  \"status\"\
        : \"InProgress\",\n  \"startTime\": \"2020-11-17T23:27:20.7138606Z\"\n }"
    headers:
      cache-control:
      - no-cache
      content-length:
      - '126'
      content-type:
      - application/json
      date:
      - Tue, 17 Nov 2020 23:28:51 GMT
      expires:
      - '-1'
      pragma:
      - no-cache
      server:
      - nginx
      strict-transport-security:
      - max-age=31536000; includeSubDomains
      transfer-encoding:
      - chunked
      vary:
      - Accept-Encoding
      x-content-type-options:
      - nosniff
    status:
      code: 200
      message: OK
- request:
    body: null
    headers:
      Accept:
      - application/json
      Accept-Encoding:
      - gzip, deflate
      CommandName:
      - aks enable-addons
      Connection:
      - keep-alive
      ParameterSetName:
      - --addons --resource-group --name -o
      User-Agent:
      - python/3.6.10 (Linux-4.19.76-linuxkit-x86_64-with) msrest/0.6.18 msrest_azure/0.6.3
        azure-mgmt-containerservice/4.4.6 Azure-SDK-For-Python AZURECLI/2.15.0 (DOCKER)
    method: GET
    uri: https://management.azure.com/subscriptions/00000000-0000-0000-0000-000000000000/providers/Microsoft.ContainerService/locations/westus2/operations/3adc0ba7-297f-44e8-8602-40583742f7c4?api-version=2016-03-30
  response:
    body:
      string: "{\n  \"name\": \"a70bdc3a-7f29-e844-8602-40583742f7c4\",\n  \"status\"\
        : \"InProgress\",\n  \"startTime\": \"2020-11-17T23:27:20.7138606Z\"\n }"
    headers:
      cache-control:
      - no-cache
      content-length:
      - '126'
      content-type:
      - application/json
      date:
      - Tue, 17 Nov 2020 23:29:22 GMT
      expires:
      - '-1'
      pragma:
      - no-cache
      server:
      - nginx
      strict-transport-security:
      - max-age=31536000; includeSubDomains
      transfer-encoding:
      - chunked
      vary:
      - Accept-Encoding
      x-content-type-options:
      - nosniff
    status:
      code: 200
      message: OK
- request:
    body: null
    headers:
      Accept:
      - application/json
      Accept-Encoding:
      - gzip, deflate
      CommandName:
      - aks enable-addons
      Connection:
      - keep-alive
      ParameterSetName:
      - --addons --resource-group --name -o
      User-Agent:
      - python/3.6.10 (Linux-4.19.76-linuxkit-x86_64-with) msrest/0.6.18 msrest_azure/0.6.3
        azure-mgmt-containerservice/4.4.6 Azure-SDK-For-Python AZURECLI/2.15.0 (DOCKER)
    method: GET
    uri: https://management.azure.com/subscriptions/00000000-0000-0000-0000-000000000000/providers/Microsoft.ContainerService/locations/westus2/operations/3adc0ba7-297f-44e8-8602-40583742f7c4?api-version=2016-03-30
  response:
    body:
      string: "{\n  \"name\": \"a70bdc3a-7f29-e844-8602-40583742f7c4\",\n  \"status\"\
        : \"Succeeded\",\n  \"startTime\": \"2020-11-17T23:27:20.7138606Z\",\n  \"\
        endTime\": \"2020-11-17T23:29:28.1340332Z\"\n }"
    headers:
      cache-control:
      - no-cache
      content-length:
      - '170'
      content-type:
      - application/json
      date:
      - Tue, 17 Nov 2020 23:29:52 GMT
      expires:
      - '-1'
      pragma:
      - no-cache
      server:
      - nginx
      strict-transport-security:
      - max-age=31536000; includeSubDomains
      transfer-encoding:
      - chunked
      vary:
      - Accept-Encoding
      x-content-type-options:
      - nosniff
    status:
      code: 200
      message: OK
- request:
    body: null
    headers:
      Accept:
      - application/json
      Accept-Encoding:
      - gzip, deflate
      CommandName:
      - aks enable-addons
      Connection:
      - keep-alive
      ParameterSetName:
      - --addons --resource-group --name -o
      User-Agent:
      - python/3.6.10 (Linux-4.19.76-linuxkit-x86_64-with) msrest/0.6.18 msrest_azure/0.6.3
        azure-mgmt-containerservice/4.4.6 Azure-SDK-For-Python AZURECLI/2.15.0 (DOCKER)
    method: GET
    uri: https://management.azure.com/subscriptions/00000000-0000-0000-0000-000000000000/resourceGroups/clitest000001/providers/Microsoft.ContainerService/managedClusters/cliakstest000002?api-version=2020-11-01
  response:
    body:
      string: "{\n  \"id\": \"/subscriptions/00000000-0000-0000-0000-000000000000/resourcegroups/clitest000001/providers/Microsoft.ContainerService/managedClusters/cliakstest000002\"\
        ,\n  \"location\": \"westus2\",\n  \"name\": \"cliakstest000002\",\n  \"type\"\
        : \"Microsoft.ContainerService/ManagedClusters\",\n  \"properties\": {\n \
        \  \"provisioningState\": \"Succeeded\",\n   \"powerState\": {\n    \"code\"\
        : \"Running\"\n   },\n   \"kubernetesVersion\": \"1.17.13\",\n   \"dnsPrefix\"\
        : \"cliakstest-clitesteusdijsjs-8ecadf\",\n   \"fqdn\": \"cliakstest-clitesteusdijsjs-8ecadf-38bc1811.hcp.westus2.azmk8s.io\"\
        ,\n   \"agentPoolProfiles\": [\n    {\n     \"name\": \"nodepool1\",\n   \
        \  \"count\": 3,\n     \"vmSize\": \"Standard_DS2_v2\",\n     \"osDiskSizeGB\"\
        : 128,\n     \"osDiskType\": \"Managed\",\n     \"maxPods\": 110,\n     \"\
        type\": \"VirtualMachineScaleSets\",\n     \"provisioningState\": \"Succeeded\"\
        ,\n     \"powerState\": {\n      \"code\": \"Running\"\n     },\n     \"orchestratorVersion\"\
        : \"1.17.13\",\n     \"enableNodePublicIP\": false,\n     \"nodeLabels\":\
        \ {},\n     \"mode\": \"System\",\n     \"osType\": \"Linux\",\n     \"nodeImageVersion\"\
        : \"AKSUbuntu-1604-2020.10.28\"\n    }\n   ],\n   \"linuxProfile\": {\n  \
        \  \"adminUsername\": \"azureuser\",\n    \"ssh\": {\n     \"publicKeys\"\
        : [\n      {\n       \"keyData\": \"ssh-rsa AAAAB3NzaC1yc2EAAAADAQABAAABAQDEvZOAiQi79CLB3LPrw6shgUuJAsmvPckoiDewIwdaFEFImMCn8UOc87QtruXAHLx6XQz3r6SH3STEobWw7I1aPVD1KuQBqUQwzqfL223UyA3BOm/mdpc77apIT1Pw4hDHtMwDwO01HMir/sRIcoavXphbcUh+H1bZ5WQQJwgS0jVptOhUjeuE9uiOVA+FzauAb91/QdE6zMfvq03bynVJja4Y81n2PlqlzMmIUUVUYnSoeFIYkUToZ07d0m76VY1ci91WrUFXKCv2iM5IPvyE2RTSlm7GKrR9fUJCa4YTqPNRNwGov5GpbeZqHQzvLnjRq3hl06WX5fG8ZXaU/Xbr\"\
        \n      }\n     ]\n    }\n   },\n   \"servicePrincipalProfile\": {\n    \"\
        clientId\": \"msi\"\n   },\n   \"addonProfiles\": {\n    \"ACCSGXDevicePlugin\"\
        : {\n     \"enabled\": true,\n     \"config\": {\n      \"ACCSGXQuoteHelperEnabled\"\
        : \"true\"\n     },\n     \"identity\": {\n      \"resourceId\": \"/subscriptions/00000000-0000-0000-0000-000000000000/resourcegroups/MC_clitest000001_cliakstest000002_westus2/providers/Microsoft.ManagedIdentity/userAssignedIdentities/accsgxdeviceplugin-cliakstest000002\"\
        ,\n      \"clientId\": \"2bdb5b17-942f-4219-a225-887cfaf5f80b\",\n      \"\
        objectId\": \"a77d5888-8469-4415-ab56-488869ddd67c\"\n     }\n    },\n   \
        \ \"KubeDashboard\": {\n     \"enabled\": true,\n     \"config\": null,\n\
        \     \"identity\": {\n      \"resourceId\": \"/subscriptions/00000000-0000-0000-0000-000000000000/resourcegroups/MC_clitest000001_cliakstest000002_westus2/providers/Microsoft.ManagedIdentity/userAssignedIdentities/kubedashboard-cliakstest000002\"\
        ,\n      \"clientId\": \"6c4577af-8e04-48b0-87ce-45716916eab4\",\n      \"\
        objectId\": \"fdf9d6cb-ff1d-445d-825a-18969f00c8b8\"\n     }\n    }\n   },\n\
        \   \"nodeResourceGroup\": \"MC_clitest000001_cliakstest000002_westus2\",\n\
        \   \"enableRBAC\": true,\n   \"enablePodSecurityPolicy\": false,\n   \"networkProfile\"\
        : {\n    \"networkPlugin\": \"kubenet\",\n    \"loadBalancerSku\": \"Standard\"\
        ,\n    \"loadBalancerProfile\": {\n     \"managedOutboundIPs\": {\n      \"\
        count\": 1\n     },\n     \"effectiveOutboundIPs\": [\n      {\n       \"\
        id\": \"/subscriptions/00000000-0000-0000-0000-000000000000/resourceGroups/MC_clitest000001_cliakstest000002_westus2/providers/Microsoft.Network/publicIPAddresses/eaa07a23-72e9-4472-931b-5d1c4ec21fdb\"\
        \n      }\n     ]\n    },\n    \"podCidr\": \"10.244.0.0/16\",\n    \"serviceCidr\"\
        : \"10.0.0.0/16\",\n    \"dnsServiceIP\": \"10.0.0.10\",\n    \"dockerBridgeCidr\"\
        : \"172.17.0.1/16\",\n    \"outboundType\": \"loadBalancer\"\n   },\n   \"\
        maxAgentPools\": 100,\n   \"identityProfile\": {\n    \"kubeletidentity\"\
        : {\n     \"resourceId\": \"/subscriptions/00000000-0000-0000-0000-000000000000/resourcegroups/MC_clitest000001_cliakstest000002_westus2/providers/Microsoft.ManagedIdentity/userAssignedIdentities/cliakstest000002-agentpool\"\
        ,\n     \"clientId\": \"6b25d15f-aedf-47e8-acfe-f9f3a4ea123a\",\n     \"objectId\"\
        : \"1561d3bb-b839-4b46-b214-bc995b907897\"\n    }\n   }\n  },\n  \"identity\"\
        : {\n   \"type\": \"SystemAssigned\",\n   \"principalId\": \"4334506b-b9b5-497a-a5a7-b799596e1fbb\"\
        ,\n   \"tenantId\": \"72f988bf-86f1-41af-91ab-2d7cd011db47\"\n  },\n  \"sku\"\
        : {\n   \"name\": \"Basic\",\n   \"tier\": \"Free\"\n  }\n }"
    headers:
      cache-control:
      - no-cache
      content-length:
      - '4023'
      content-type:
      - application/json
      date:
      - Tue, 17 Nov 2020 23:29:53 GMT
      expires:
      - '-1'
      pragma:
      - no-cache
      server:
      - nginx
      strict-transport-security:
      - max-age=31536000; includeSubDomains
      transfer-encoding:
      - chunked
      vary:
      - Accept-Encoding
      x-content-type-options:
      - nosniff
    status:
      code: 200
      message: OK
version: 1
