interactions:
- request:
    body: null
    headers:
      Accept:
      - application/json
      Accept-Encoding:
      - gzip, deflate
      CommandName:
      - aks create
      Connection:
      - keep-alive
      ParameterSetName:
      - --resource-group --name --generate-ssh-keys
      User-Agent:
      - python/3.6.9 (Linux-5.0.0-1035-azure-x86_64-with-Ubuntu-18.04-bionic) msrest/0.6.11
        msrest_azure/0.6.3 azure-mgmt-resource/10.2.0 Azure-SDK-For-Python AZURECLI/2.14.2
      accept-language:
      - en-US
    method: GET
    uri: https://management.azure.com/subscriptions/00000000-0000-0000-0000-000000000000/resourcegroups/clitest000001?api-version=2020-06-01
  response:
    body:
      string: '{"id":"/subscriptions/00000000-0000-0000-0000-000000000000/resourceGroups/clitest000001","name":"clitest000001","type":"Microsoft.Resources/resourceGroups","location":"westeurope","tags":{"product":"azurecli","cause":"automation","date":"2020-11-10T10:56:14Z"},"properties":{"provisioningState":"Succeeded"}}'
    headers:
      cache-control:
      - no-cache
      content-length:
      - '316'
      content-type:
      - application/json; charset=utf-8
      date:
      - Tue, 10 Nov 2020 10:56:15 GMT
      expires:
      - '-1'
      pragma:
      - no-cache
      strict-transport-security:
      - max-age=31536000; includeSubDomains
      vary:
      - Accept-Encoding
      x-content-type-options:
      - nosniff
    status:
      code: 200
      message: OK
- request:
    body: '{"location": "westeurope", "properties": {"kubernetesVersion": "", "dnsPrefix":
      "cliakstest-clitestaiij3t3zl-8ecadf", "agentPoolProfiles": [{"count": 3, "vmSize":
      "Standard_DS2_v2", "osType": "Linux", "type": "VirtualMachineScaleSets", "mode":
      "System", "enableNodePublicIP": false, "scaleSetPriority": "Regular", "scaleSetEvictionPolicy":
      "Delete", "name": "nodepool1"}], "linuxProfile": {"adminUsername": "azureuser",
      "ssh": {"publicKeys": [{"keyData": "ssh-rsa AAAAB3NzaC1yc2EAAAADAQABAAABAQDSlNNOwMw6aHvdkhUaMmfkjt19xPFa162alrqWaTFan0f864FGHVcSvXUvRBLeRj+x2RMlqr1TR6y73x07vqbaVApfssn52ROE3eKoX2cmez+EMaM19n2BzQLhr1lR/LkixeCM03/hYb3j16uaYeZ+zY060RdnVmPWVhslRRXmst+8cD3EXUkxdzmUa+J03nLyO8nqfCTKUltePz0FQ4IymD8ewa+sWgUlRKBwgoUBh35BFRAGq//OXuHFw6sowEIxwb5KSar4c2SHcewbSbuVFpWR7uhpYLXPJoISeASejQ4nfg+DlIbIf6mNwnLcqrHy6bwmwYeS36TUMHoxbCa7"}]}},
      "servicePrincipalProfile": {"clientId": "2906d251-a2c2-44cc-ad82-c2575bd21a47",
      "secret": "7090759e9a18edda4b80$"}, "addonProfiles": {}, "enableRBAC": true,
      "enablePodSecurityPolicy": false, "networkProfile": {"networkPlugin": "kubenet",
      "podCidr": "10.244.0.0/16", "serviceCidr": "10.0.0.0/16", "dnsServiceIP": "10.0.0.10",
      "dockerBridgeCidr": "172.17.0.1/16", "outboundType": "loadBalancer", "loadBalancerSku":
      "standard"}}}'
    headers:
      Accept:
      - application/json
      Accept-Encoding:
      - gzip, deflate
      CommandName:
      - aks create
      Connection:
      - keep-alive
      Content-Length:
      - '1269'
      Content-Type:
      - application/json; charset=utf-8
      ParameterSetName:
      - --resource-group --name --generate-ssh-keys
      User-Agent:
      - python/3.6.9 (Linux-5.0.0-1035-azure-x86_64-with-Ubuntu-18.04-bionic) msrest/0.6.11
        msrest_azure/0.6.3 azure-mgmt-containerservice/4.4.5 Azure-SDK-For-Python
        AZURECLI/2.14.2
      accept-language:
      - en-US
    method: PUT
    uri: https://management.azure.com/subscriptions/00000000-0000-0000-0000-000000000000/resourceGroups/clitest000001/providers/Microsoft.ContainerService/managedClusters/cliakstest000002?api-version=2020-09-01
  response:
    body:
      string: "{\n  \"id\": \"/subscriptions/00000000-0000-0000-0000-000000000000/resourcegroups/clitest000001/providers/Microsoft.ContainerService/managedClusters/cliakstest000002\"\
        ,\n  \"location\": \"westeurope\",\n  \"name\": \"cliakstest000002\",\n  \"\
        type\": \"Microsoft.ContainerService/ManagedClusters\",\n  \"properties\"\
        : {\n   \"provisioningState\": \"Creating\",\n   \"powerState\": {\n    \"\
        code\": \"Running\"\n   },\n   \"kubernetesVersion\": \"1.17.13\",\n   \"\
        dnsPrefix\": \"cliakstest-clitestaiij3t3zl-8ecadf\",\n   \"fqdn\": \"cliakstest-clitestaiij3t3zl-8ecadf-41ea7141.hcp.westeurope.azmk8s.io\"\
        ,\n   \"agentPoolProfiles\": [\n    {\n     \"name\": \"nodepool1\",\n   \
        \  \"count\": 3,\n     \"vmSize\": \"Standard_DS2_v2\",\n     \"osDiskSizeGB\"\
        : 128,\n     \"osDiskType\": \"Managed\",\n     \"maxPods\": 110,\n     \"\
        type\": \"VirtualMachineScaleSets\",\n     \"provisioningState\": \"Creating\"\
        ,\n     \"powerState\": {\n      \"code\": \"Running\"\n     },\n     \"orchestratorVersion\"\
        : \"1.17.13\",\n     \"enableNodePublicIP\": false,\n     \"nodeLabels\":\
        \ {},\n     \"mode\": \"System\",\n     \"osType\": \"Linux\",\n     \"nodeImageVersion\"\
        : \"AKSUbuntu-1604-2020.10.28\"\n    }\n   ],\n   \"linuxProfile\": {\n  \
        \  \"adminUsername\": \"azureuser\",\n    \"ssh\": {\n     \"publicKeys\"\
        : [\n      {\n       \"keyData\": \"ssh-rsa AAAAB3NzaC1yc2EAAAADAQABAAABAQDSlNNOwMw6aHvdkhUaMmfkjt19xPFa162alrqWaTFan0f864FGHVcSvXUvRBLeRj+x2RMlqr1TR6y73x07vqbaVApfssn52ROE3eKoX2cmez+EMaM19n2BzQLhr1lR/LkixeCM03/hYb3j16uaYeZ+zY060RdnVmPWVhslRRXmst+8cD3EXUkxdzmUa+J03nLyO8nqfCTKUltePz0FQ4IymD8ewa+sWgUlRKBwgoUBh35BFRAGq//OXuHFw6sowEIxwb5KSar4c2SHcewbSbuVFpWR7uhpYLXPJoISeASejQ4nfg+DlIbIf6mNwnLcqrHy6bwmwYeS36TUMHoxbCa7\"\
        \n      }\n     ]\n    }\n   },\n   \"servicePrincipalProfile\": {\n    \"\
        clientId\": \"2906d251-a2c2-44cc-ad82-c2575bd21a47\"\n   },\n   \"addonProfiles\"\
        : {\n    \"KubeDashboard\": {\n     \"enabled\": true,\n     \"config\": null\n\
        \    }\n   },\n   \"nodeResourceGroup\": \"MC_clitest000001_cliakstest000002_westeurope\"\
        ,\n   \"enableRBAC\": true,\n   \"enablePodSecurityPolicy\": false,\n   \"\
        networkProfile\": {\n    \"networkPlugin\": \"kubenet\",\n    \"loadBalancerSku\"\
        : \"standard\",\n    \"loadBalancerProfile\": {\n     \"managedOutboundIPs\"\
        : {\n      \"count\": 1\n     }\n    },\n    \"podCidr\": \"10.244.0.0/16\"\
        ,\n    \"serviceCidr\": \"10.0.0.0/16\",\n    \"dnsServiceIP\": \"10.0.0.10\"\
        ,\n    \"dockerBridgeCidr\": \"172.17.0.1/16\",\n    \"outboundType\": \"\
        loadBalancer\"\n   },\n   \"maxAgentPools\": 100\n  },\n  \"sku\": {\n   \"\
        name\": \"Basic\",\n   \"tier\": \"Free\"\n  }\n }"
    headers:
      azure-asyncoperation:
      - https://management.azure.com/subscriptions/00000000-0000-0000-0000-000000000000/providers/Microsoft.ContainerService/locations/westeurope/operations/d5e82d11-0cb8-49a5-9bfb-994af459040d?api-version=2017-08-31
      cache-control:
      - no-cache
      content-length:
      - '2377'
      content-type:
      - application/json
      date:
      - Tue, 10 Nov 2020 10:56:23 GMT
      expires:
      - '-1'
      pragma:
      - no-cache
      server:
      - nginx
      strict-transport-security:
      - max-age=31536000; includeSubDomains
      x-content-type-options:
      - nosniff
      x-ms-ratelimit-remaining-subscription-writes:
      - '1199'
    status:
      code: 201
      message: Created
- request:
    body: null
    headers:
      Accept:
      - application/json
      Accept-Encoding:
      - gzip, deflate
      CommandName:
      - aks create
      Connection:
      - keep-alive
      ParameterSetName:
      - --resource-group --name --generate-ssh-keys
      User-Agent:
      - python/3.6.9 (Linux-5.0.0-1035-azure-x86_64-with-Ubuntu-18.04-bionic) msrest/0.6.11
        msrest_azure/0.6.3 azure-mgmt-containerservice/4.4.5 Azure-SDK-For-Python
        AZURECLI/2.14.2
    method: GET
    uri: https://management.azure.com/subscriptions/00000000-0000-0000-0000-000000000000/providers/Microsoft.ContainerService/locations/westeurope/operations/d5e82d11-0cb8-49a5-9bfb-994af459040d?api-version=2017-08-31
  response:
    body:
      string: "{\n  \"name\": \"112de8d5-b80c-a549-9bfb-994af459040d\",\n  \"status\"\
        : \"InProgress\",\n  \"startTime\": \"2020-11-10T10:56:22.418245Z\"\n }"
    headers:
      cache-control:
      - no-cache
      content-length:
      - '125'
      content-type:
      - application/json
      date:
      - Tue, 10 Nov 2020 10:56:55 GMT
      expires:
      - '-1'
      pragma:
      - no-cache
      server:
      - nginx
      strict-transport-security:
      - max-age=31536000; includeSubDomains
      transfer-encoding:
      - chunked
      vary:
      - Accept-Encoding
      x-content-type-options:
      - nosniff
    status:
      code: 200
      message: OK
- request:
    body: null
    headers:
      Accept:
      - application/json
      Accept-Encoding:
      - gzip, deflate
      CommandName:
      - aks create
      Connection:
      - keep-alive
      ParameterSetName:
      - --resource-group --name --generate-ssh-keys
      User-Agent:
      - python/3.6.9 (Linux-5.0.0-1035-azure-x86_64-with-Ubuntu-18.04-bionic) msrest/0.6.11
        msrest_azure/0.6.3 azure-mgmt-containerservice/4.4.5 Azure-SDK-For-Python
        AZURECLI/2.14.2
    method: GET
    uri: https://management.azure.com/subscriptions/00000000-0000-0000-0000-000000000000/providers/Microsoft.ContainerService/locations/westeurope/operations/d5e82d11-0cb8-49a5-9bfb-994af459040d?api-version=2017-08-31
  response:
    body:
      string: "{\n  \"name\": \"112de8d5-b80c-a549-9bfb-994af459040d\",\n  \"status\"\
        : \"InProgress\",\n  \"startTime\": \"2020-11-10T10:56:22.418245Z\"\n }"
    headers:
      cache-control:
      - no-cache
      content-length:
      - '125'
      content-type:
      - application/json
      date:
      - Tue, 10 Nov 2020 10:57:25 GMT
      expires:
      - '-1'
      pragma:
      - no-cache
      server:
      - nginx
      strict-transport-security:
      - max-age=31536000; includeSubDomains
      transfer-encoding:
      - chunked
      vary:
      - Accept-Encoding
      x-content-type-options:
      - nosniff
    status:
      code: 200
      message: OK
- request:
    body: null
    headers:
      Accept:
      - application/json
      Accept-Encoding:
      - gzip, deflate
      CommandName:
      - aks create
      Connection:
      - keep-alive
      ParameterSetName:
      - --resource-group --name --generate-ssh-keys
      User-Agent:
      - python/3.6.9 (Linux-5.0.0-1035-azure-x86_64-with-Ubuntu-18.04-bionic) msrest/0.6.11
        msrest_azure/0.6.3 azure-mgmt-containerservice/4.4.5 Azure-SDK-For-Python
        AZURECLI/2.14.2
    method: GET
    uri: https://management.azure.com/subscriptions/00000000-0000-0000-0000-000000000000/providers/Microsoft.ContainerService/locations/westeurope/operations/d5e82d11-0cb8-49a5-9bfb-994af459040d?api-version=2017-08-31
  response:
    body:
      string: "{\n  \"name\": \"112de8d5-b80c-a549-9bfb-994af459040d\",\n  \"status\"\
        : \"InProgress\",\n  \"startTime\": \"2020-11-10T10:56:22.418245Z\"\n }"
    headers:
      cache-control:
      - no-cache
      content-length:
      - '125'
      content-type:
      - application/json
      date:
      - Tue, 10 Nov 2020 10:57:56 GMT
      expires:
      - '-1'
      pragma:
      - no-cache
      server:
      - nginx
      strict-transport-security:
      - max-age=31536000; includeSubDomains
      transfer-encoding:
      - chunked
      vary:
      - Accept-Encoding
      x-content-type-options:
      - nosniff
    status:
      code: 200
      message: OK
- request:
    body: null
    headers:
      Accept:
      - application/json
      Accept-Encoding:
      - gzip, deflate
      CommandName:
      - aks create
      Connection:
      - keep-alive
      ParameterSetName:
      - --resource-group --name --generate-ssh-keys
      User-Agent:
      - python/3.6.9 (Linux-5.0.0-1035-azure-x86_64-with-Ubuntu-18.04-bionic) msrest/0.6.11
        msrest_azure/0.6.3 azure-mgmt-containerservice/4.4.5 Azure-SDK-For-Python
        AZURECLI/2.14.2
    method: GET
    uri: https://management.azure.com/subscriptions/00000000-0000-0000-0000-000000000000/providers/Microsoft.ContainerService/locations/westeurope/operations/d5e82d11-0cb8-49a5-9bfb-994af459040d?api-version=2017-08-31
  response:
    body:
      string: "{\n  \"name\": \"112de8d5-b80c-a549-9bfb-994af459040d\",\n  \"status\"\
        : \"InProgress\",\n  \"startTime\": \"2020-11-10T10:56:22.418245Z\"\n }"
    headers:
      cache-control:
      - no-cache
      content-length:
      - '125'
      content-type:
      - application/json
      date:
      - Tue, 10 Nov 2020 10:58:26 GMT
      expires:
      - '-1'
      pragma:
      - no-cache
      server:
      - nginx
      strict-transport-security:
      - max-age=31536000; includeSubDomains
      transfer-encoding:
      - chunked
      vary:
      - Accept-Encoding
      x-content-type-options:
      - nosniff
    status:
      code: 200
      message: OK
- request:
    body: null
    headers:
      Accept:
      - application/json
      Accept-Encoding:
      - gzip, deflate
      CommandName:
      - aks create
      Connection:
      - keep-alive
      ParameterSetName:
      - --resource-group --name --generate-ssh-keys
      User-Agent:
      - python/3.6.9 (Linux-5.0.0-1035-azure-x86_64-with-Ubuntu-18.04-bionic) msrest/0.6.11
        msrest_azure/0.6.3 azure-mgmt-containerservice/4.4.5 Azure-SDK-For-Python
        AZURECLI/2.14.2
    method: GET
    uri: https://management.azure.com/subscriptions/00000000-0000-0000-0000-000000000000/providers/Microsoft.ContainerService/locations/westeurope/operations/d5e82d11-0cb8-49a5-9bfb-994af459040d?api-version=2017-08-31
  response:
    body:
      string: "{\n  \"name\": \"112de8d5-b80c-a549-9bfb-994af459040d\",\n  \"status\"\
        : \"InProgress\",\n  \"startTime\": \"2020-11-10T10:56:22.418245Z\"\n }"
    headers:
      cache-control:
      - no-cache
      content-length:
      - '125'
      content-type:
      - application/json
      date:
      - Tue, 10 Nov 2020 10:58:57 GMT
      expires:
      - '-1'
      pragma:
      - no-cache
      server:
      - nginx
      strict-transport-security:
      - max-age=31536000; includeSubDomains
      transfer-encoding:
      - chunked
      vary:
      - Accept-Encoding
      x-content-type-options:
      - nosniff
    status:
      code: 200
      message: OK
- request:
    body: null
    headers:
      Accept:
      - application/json
      Accept-Encoding:
      - gzip, deflate
      CommandName:
      - aks create
      Connection:
      - keep-alive
      ParameterSetName:
      - --resource-group --name --generate-ssh-keys
      User-Agent:
      - python/3.6.9 (Linux-5.0.0-1035-azure-x86_64-with-Ubuntu-18.04-bionic) msrest/0.6.11
        msrest_azure/0.6.3 azure-mgmt-containerservice/4.4.5 Azure-SDK-For-Python
        AZURECLI/2.14.2
    method: GET
    uri: https://management.azure.com/subscriptions/00000000-0000-0000-0000-000000000000/providers/Microsoft.ContainerService/locations/westeurope/operations/d5e82d11-0cb8-49a5-9bfb-994af459040d?api-version=2017-08-31
  response:
    body:
      string: "{\n  \"name\": \"112de8d5-b80c-a549-9bfb-994af459040d\",\n  \"status\"\
        : \"InProgress\",\n  \"startTime\": \"2020-11-10T10:56:22.418245Z\"\n }"
    headers:
      cache-control:
      - no-cache
      content-length:
      - '125'
      content-type:
      - application/json
      date:
      - Tue, 10 Nov 2020 10:59:27 GMT
      expires:
      - '-1'
      pragma:
      - no-cache
      server:
      - nginx
      strict-transport-security:
      - max-age=31536000; includeSubDomains
      transfer-encoding:
      - chunked
      vary:
      - Accept-Encoding
      x-content-type-options:
      - nosniff
    status:
      code: 200
      message: OK
- request:
    body: null
    headers:
      Accept:
      - application/json
      Accept-Encoding:
      - gzip, deflate
      CommandName:
      - aks create
      Connection:
      - keep-alive
      ParameterSetName:
      - --resource-group --name --generate-ssh-keys
      User-Agent:
      - python/3.6.9 (Linux-5.0.0-1035-azure-x86_64-with-Ubuntu-18.04-bionic) msrest/0.6.11
        msrest_azure/0.6.3 azure-mgmt-containerservice/4.4.5 Azure-SDK-For-Python
        AZURECLI/2.14.2
    method: GET
    uri: https://management.azure.com/subscriptions/00000000-0000-0000-0000-000000000000/providers/Microsoft.ContainerService/locations/westeurope/operations/d5e82d11-0cb8-49a5-9bfb-994af459040d?api-version=2017-08-31
  response:
    body:
      string: "{\n  \"name\": \"112de8d5-b80c-a549-9bfb-994af459040d\",\n  \"status\"\
        : \"Succeeded\",\n  \"startTime\": \"2020-11-10T10:56:22.418245Z\",\n  \"\
        endTime\": \"2020-11-10T10:59:47.9351319Z\"\n }"
    headers:
      cache-control:
      - no-cache
      content-length:
      - '169'
      content-type:
      - application/json
      date:
      - Tue, 10 Nov 2020 10:59:58 GMT
      expires:
      - '-1'
      pragma:
      - no-cache
      server:
      - nginx
      strict-transport-security:
      - max-age=31536000; includeSubDomains
      transfer-encoding:
      - chunked
      vary:
      - Accept-Encoding
      x-content-type-options:
      - nosniff
    status:
      code: 200
      message: OK
- request:
    body: null
    headers:
      Accept:
      - application/json
      Accept-Encoding:
      - gzip, deflate
      CommandName:
      - aks create
      Connection:
      - keep-alive
      ParameterSetName:
      - --resource-group --name --generate-ssh-keys
      User-Agent:
      - python/3.6.9 (Linux-5.0.0-1035-azure-x86_64-with-Ubuntu-18.04-bionic) msrest/0.6.11
        msrest_azure/0.6.3 azure-mgmt-containerservice/4.4.5 Azure-SDK-For-Python
        AZURECLI/2.14.2
    method: GET
    uri: https://management.azure.com/subscriptions/00000000-0000-0000-0000-000000000000/resourceGroups/clitest000001/providers/Microsoft.ContainerService/managedClusters/cliakstest000002?api-version=2020-09-01
  response:
    body:
      string: "{\n  \"id\": \"/subscriptions/00000000-0000-0000-0000-000000000000/resourcegroups/clitest000001/providers/Microsoft.ContainerService/managedClusters/cliakstest000002\"\
        ,\n  \"location\": \"westeurope\",\n  \"name\": \"cliakstest000002\",\n  \"\
        type\": \"Microsoft.ContainerService/ManagedClusters\",\n  \"properties\"\
        : {\n   \"provisioningState\": \"Succeeded\",\n   \"powerState\": {\n    \"\
        code\": \"Running\"\n   },\n   \"kubernetesVersion\": \"1.17.13\",\n   \"\
        dnsPrefix\": \"cliakstest-clitestaiij3t3zl-8ecadf\",\n   \"fqdn\": \"cliakstest-clitestaiij3t3zl-8ecadf-41ea7141.hcp.westeurope.azmk8s.io\"\
        ,\n   \"agentPoolProfiles\": [\n    {\n     \"name\": \"nodepool1\",\n   \
        \  \"count\": 3,\n     \"vmSize\": \"Standard_DS2_v2\",\n     \"osDiskSizeGB\"\
        : 128,\n     \"osDiskType\": \"Managed\",\n     \"maxPods\": 110,\n     \"\
        type\": \"VirtualMachineScaleSets\",\n     \"provisioningState\": \"Succeeded\"\
        ,\n     \"powerState\": {\n      \"code\": \"Running\"\n     },\n     \"orchestratorVersion\"\
        : \"1.17.13\",\n     \"enableNodePublicIP\": false,\n     \"nodeLabels\":\
        \ {},\n     \"mode\": \"System\",\n     \"osType\": \"Linux\",\n     \"nodeImageVersion\"\
        : \"AKSUbuntu-1604-2020.10.28\"\n    }\n   ],\n   \"linuxProfile\": {\n  \
        \  \"adminUsername\": \"azureuser\",\n    \"ssh\": {\n     \"publicKeys\"\
        : [\n      {\n       \"keyData\": \"ssh-rsa AAAAB3NzaC1yc2EAAAADAQABAAABAQDSlNNOwMw6aHvdkhUaMmfkjt19xPFa162alrqWaTFan0f864FGHVcSvXUvRBLeRj+x2RMlqr1TR6y73x07vqbaVApfssn52ROE3eKoX2cmez+EMaM19n2BzQLhr1lR/LkixeCM03/hYb3j16uaYeZ+zY060RdnVmPWVhslRRXmst+8cD3EXUkxdzmUa+J03nLyO8nqfCTKUltePz0FQ4IymD8ewa+sWgUlRKBwgoUBh35BFRAGq//OXuHFw6sowEIxwb5KSar4c2SHcewbSbuVFpWR7uhpYLXPJoISeASejQ4nfg+DlIbIf6mNwnLcqrHy6bwmwYeS36TUMHoxbCa7\"\
        \n      }\n     ]\n    }\n   },\n   \"servicePrincipalProfile\": {\n    \"\
        clientId\": \"2906d251-a2c2-44cc-ad82-c2575bd21a47\"\n   },\n   \"addonProfiles\"\
        : {\n    \"KubeDashboard\": {\n     \"enabled\": true,\n     \"config\": null\n\
        \    }\n   },\n   \"nodeResourceGroup\": \"MC_clitest000001_cliakstest000002_westeurope\"\
        ,\n   \"enableRBAC\": true,\n   \"enablePodSecurityPolicy\": false,\n   \"\
        networkProfile\": {\n    \"networkPlugin\": \"kubenet\",\n    \"loadBalancerSku\"\
        : \"Standard\",\n    \"loadBalancerProfile\": {\n     \"managedOutboundIPs\"\
        : {\n      \"count\": 1\n     },\n     \"effectiveOutboundIPs\": [\n     \
        \ {\n       \"id\": \"/subscriptions/00000000-0000-0000-0000-000000000000/resourceGroups/MC_clitest000001_cliakstest000002_westeurope/providers/Microsoft.Network/publicIPAddresses/84e2a8f1-8580-4b62-8df1-93e923283b7c\"\
        \n      }\n     ]\n    },\n    \"podCidr\": \"10.244.0.0/16\",\n    \"serviceCidr\"\
        : \"10.0.0.0/16\",\n    \"dnsServiceIP\": \"10.0.0.10\",\n    \"dockerBridgeCidr\"\
        : \"172.17.0.1/16\",\n    \"outboundType\": \"loadBalancer\"\n   },\n   \"\
        maxAgentPools\": 100\n  },\n  \"sku\": {\n   \"name\": \"Basic\",\n   \"tier\"\
        : \"Free\"\n  }\n }"
    headers:
      cache-control:
      - no-cache
      content-length:
      - '2648'
      content-type:
      - application/json
      date:
      - Tue, 10 Nov 2020 10:59:58 GMT
      expires:
      - '-1'
      pragma:
      - no-cache
      server:
      - nginx
      strict-transport-security:
      - max-age=31536000; includeSubDomains
      transfer-encoding:
      - chunked
      vary:
      - Accept-Encoding
      x-content-type-options:
      - nosniff
    status:
      code: 200
      message: OK
- request:
    body: null
    headers:
      Accept:
      - application/json
      Accept-Encoding:
      - gzip, deflate
      CommandName:
      - aks update
      Connection:
      - keep-alive
      ParameterSetName:
      - --resource-group --name --enable-managed-identity --yes
      User-Agent:
      - python/3.6.9 (Linux-5.0.0-1035-azure-x86_64-with-Ubuntu-18.04-bionic) msrest/0.6.11
        msrest_azure/0.6.3 azure-mgmt-containerservice/4.4.5 Azure-SDK-For-Python
        AZURECLI/2.14.2
      accept-language:
      - en-US
    method: GET
    uri: https://management.azure.com/subscriptions/00000000-0000-0000-0000-000000000000/resourceGroups/clitest000001/providers/Microsoft.ContainerService/managedClusters/cliakstest000002?api-version=2020-09-01
  response:
    body:
      string: "{\n  \"id\": \"/subscriptions/00000000-0000-0000-0000-000000000000/resourcegroups/clitest000001/providers/Microsoft.ContainerService/managedClusters/cliakstest000002\"\
        ,\n  \"location\": \"westeurope\",\n  \"name\": \"cliakstest000002\",\n  \"\
        type\": \"Microsoft.ContainerService/ManagedClusters\",\n  \"properties\"\
        : {\n   \"provisioningState\": \"Succeeded\",\n   \"powerState\": {\n    \"\
        code\": \"Running\"\n   },\n   \"kubernetesVersion\": \"1.17.13\",\n   \"\
        dnsPrefix\": \"cliakstest-clitestaiij3t3zl-8ecadf\",\n   \"fqdn\": \"cliakstest-clitestaiij3t3zl-8ecadf-41ea7141.hcp.westeurope.azmk8s.io\"\
        ,\n   \"agentPoolProfiles\": [\n    {\n     \"name\": \"nodepool1\",\n   \
        \  \"count\": 3,\n     \"vmSize\": \"Standard_DS2_v2\",\n     \"osDiskSizeGB\"\
        : 128,\n     \"osDiskType\": \"Managed\",\n     \"maxPods\": 110,\n     \"\
        type\": \"VirtualMachineScaleSets\",\n     \"provisioningState\": \"Succeeded\"\
        ,\n     \"powerState\": {\n      \"code\": \"Running\"\n     },\n     \"orchestratorVersion\"\
        : \"1.17.13\",\n     \"enableNodePublicIP\": false,\n     \"nodeLabels\":\
        \ {},\n     \"mode\": \"System\",\n     \"osType\": \"Linux\",\n     \"nodeImageVersion\"\
        : \"AKSUbuntu-1604-2020.10.28\"\n    }\n   ],\n   \"linuxProfile\": {\n  \
        \  \"adminUsername\": \"azureuser\",\n    \"ssh\": {\n     \"publicKeys\"\
        : [\n      {\n       \"keyData\": \"ssh-rsa AAAAB3NzaC1yc2EAAAADAQABAAABAQDSlNNOwMw6aHvdkhUaMmfkjt19xPFa162alrqWaTFan0f864FGHVcSvXUvRBLeRj+x2RMlqr1TR6y73x07vqbaVApfssn52ROE3eKoX2cmez+EMaM19n2BzQLhr1lR/LkixeCM03/hYb3j16uaYeZ+zY060RdnVmPWVhslRRXmst+8cD3EXUkxdzmUa+J03nLyO8nqfCTKUltePz0FQ4IymD8ewa+sWgUlRKBwgoUBh35BFRAGq//OXuHFw6sowEIxwb5KSar4c2SHcewbSbuVFpWR7uhpYLXPJoISeASejQ4nfg+DlIbIf6mNwnLcqrHy6bwmwYeS36TUMHoxbCa7\"\
        \n      }\n     ]\n    }\n   },\n   \"servicePrincipalProfile\": {\n    \"\
        clientId\": \"2906d251-a2c2-44cc-ad82-c2575bd21a47\"\n   },\n   \"addonProfiles\"\
        : {\n    \"KubeDashboard\": {\n     \"enabled\": true,\n     \"config\": null\n\
        \    }\n   },\n   \"nodeResourceGroup\": \"MC_clitest000001_cliakstest000002_westeurope\"\
        ,\n   \"enableRBAC\": true,\n   \"enablePodSecurityPolicy\": false,\n   \"\
        networkProfile\": {\n    \"networkPlugin\": \"kubenet\",\n    \"loadBalancerSku\"\
        : \"Standard\",\n    \"loadBalancerProfile\": {\n     \"managedOutboundIPs\"\
        : {\n      \"count\": 1\n     },\n     \"effectiveOutboundIPs\": [\n     \
        \ {\n       \"id\": \"/subscriptions/00000000-0000-0000-0000-000000000000/resourceGroups/MC_clitest000001_cliakstest000002_westeurope/providers/Microsoft.Network/publicIPAddresses/84e2a8f1-8580-4b62-8df1-93e923283b7c\"\
        \n      }\n     ]\n    },\n    \"podCidr\": \"10.244.0.0/16\",\n    \"serviceCidr\"\
        : \"10.0.0.0/16\",\n    \"dnsServiceIP\": \"10.0.0.10\",\n    \"dockerBridgeCidr\"\
        : \"172.17.0.1/16\",\n    \"outboundType\": \"loadBalancer\"\n   },\n   \"\
        maxAgentPools\": 100\n  },\n  \"sku\": {\n   \"name\": \"Basic\",\n   \"tier\"\
        : \"Free\"\n  }\n }"
    headers:
      cache-control:
      - no-cache
      content-length:
      - '2648'
      content-type:
      - application/json
      date:
      - Tue, 10 Nov 2020 11:00:00 GMT
      expires:
      - '-1'
      pragma:
      - no-cache
      server:
      - nginx
      strict-transport-security:
      - max-age=31536000; includeSubDomains
      transfer-encoding:
      - chunked
      vary:
      - Accept-Encoding
      x-content-type-options:
      - nosniff
    status:
      code: 200
      message: OK
- request:
    body: '{"location": "westeurope", "properties": {"kubernetesVersion": "1.17.13",
      "dnsPrefix": "cliakstest-clitestaiij3t3zl-8ecadf", "agentPoolProfiles": [{"count":
      3, "vmSize": "Standard_DS2_v2", "osDiskSizeGB": 128, "osDiskType": "Managed",
      "maxPods": 110, "osType": "Linux", "type": "VirtualMachineScaleSets", "mode":
      "System", "orchestratorVersion": "1.17.13", "enableNodePublicIP": false, "nodeLabels":
      {}, "name": "nodepool1"}], "linuxProfile": {"adminUsername": "azureuser", "ssh":
      {"publicKeys": [{"keyData": "ssh-rsa AAAAB3NzaC1yc2EAAAADAQABAAABAQDSlNNOwMw6aHvdkhUaMmfkjt19xPFa162alrqWaTFan0f864FGHVcSvXUvRBLeRj+x2RMlqr1TR6y73x07vqbaVApfssn52ROE3eKoX2cmez+EMaM19n2BzQLhr1lR/LkixeCM03/hYb3j16uaYeZ+zY060RdnVmPWVhslRRXmst+8cD3EXUkxdzmUa+J03nLyO8nqfCTKUltePz0FQ4IymD8ewa+sWgUlRKBwgoUBh35BFRAGq//OXuHFw6sowEIxwb5KSar4c2SHcewbSbuVFpWR7uhpYLXPJoISeASejQ4nfg+DlIbIf6mNwnLcqrHy6bwmwYeS36TUMHoxbCa7"}]}},
      "servicePrincipalProfile": {"clientId": "2906d251-a2c2-44cc-ad82-c2575bd21a47"},
      "addonProfiles": {"KubeDashboard": {"enabled": true}}, "nodeResourceGroup":
      "MC_clitest000001_cliakstest000002_westeurope", "enableRBAC": true, "enablePodSecurityPolicy":
      false, "networkProfile": {"networkPlugin": "kubenet", "podCidr": "10.244.0.0/16",
      "serviceCidr": "10.0.0.0/16", "dnsServiceIP": "10.0.0.10", "dockerBridgeCidr":
      "172.17.0.1/16", "outboundType": "loadBalancer", "loadBalancerSku": "Standard",
      "loadBalancerProfile": {"managedOutboundIPs": {"count": 1}, "effectiveOutboundIPs":
      [{"id": "/subscriptions/00000000-0000-0000-0000-000000000000/resourceGroups/MC_clitest000001_cliakstest000002_westeurope/providers/Microsoft.Network/publicIPAddresses/84e2a8f1-8580-4b62-8df1-93e923283b7c"}]}}},
      "identity": {"type": "SystemAssigned"}, "sku": {"name": "Basic", "tier": "Free"}}'
    headers:
      Accept:
      - application/json
      Accept-Encoding:
      - gzip, deflate
      CommandName:
      - aks update
      Connection:
      - keep-alive
      Content-Length:
      - '1774'
      Content-Type:
      - application/json; charset=utf-8
      ParameterSetName:
      - --resource-group --name --enable-managed-identity --yes
      User-Agent:
      - python/3.6.9 (Linux-5.0.0-1035-azure-x86_64-with-Ubuntu-18.04-bionic) msrest/0.6.11
        msrest_azure/0.6.3 azure-mgmt-containerservice/4.4.5 Azure-SDK-For-Python
        AZURECLI/2.14.2
      accept-language:
      - en-US
    method: PUT
    uri: https://management.azure.com/subscriptions/00000000-0000-0000-0000-000000000000/resourceGroups/clitest000001/providers/Microsoft.ContainerService/managedClusters/cliakstest000002?api-version=2020-09-01
  response:
    body:
      string: "{\n  \"id\": \"/subscriptions/00000000-0000-0000-0000-000000000000/resourcegroups/clitest000001/providers/Microsoft.ContainerService/managedClusters/cliakstest000002\"\
        ,\n  \"location\": \"westeurope\",\n  \"name\": \"cliakstest000002\",\n  \"\
        type\": \"Microsoft.ContainerService/ManagedClusters\",\n  \"properties\"\
        : {\n   \"provisioningState\": \"Updating\",\n   \"powerState\": {\n    \"\
        code\": \"Running\"\n   },\n   \"kubernetesVersion\": \"1.17.13\",\n   \"\
        dnsPrefix\": \"cliakstest-clitestaiij3t3zl-8ecadf\",\n   \"fqdn\": \"cliakstest-clitestaiij3t3zl-8ecadf-41ea7141.hcp.westeurope.azmk8s.io\"\
        ,\n   \"agentPoolProfiles\": [\n    {\n     \"name\": \"nodepool1\",\n   \
        \  \"count\": 3,\n     \"vmSize\": \"Standard_DS2_v2\",\n     \"osDiskSizeGB\"\
        : 128,\n     \"osDiskType\": \"Managed\",\n     \"maxPods\": 110,\n     \"\
        type\": \"VirtualMachineScaleSets\",\n     \"provisioningState\": \"Updating\"\
        ,\n     \"powerState\": {\n      \"code\": \"Running\"\n     },\n     \"orchestratorVersion\"\
        : \"1.17.13\",\n     \"enableNodePublicIP\": false,\n     \"nodeLabels\":\
        \ {},\n     \"mode\": \"System\",\n     \"osType\": \"Linux\",\n     \"nodeImageVersion\"\
        : \"AKSUbuntu-1604-2020.10.28\"\n    }\n   ],\n   \"linuxProfile\": {\n  \
        \  \"adminUsername\": \"azureuser\",\n    \"ssh\": {\n     \"publicKeys\"\
        : [\n      {\n       \"keyData\": \"ssh-rsa AAAAB3NzaC1yc2EAAAADAQABAAABAQDSlNNOwMw6aHvdkhUaMmfkjt19xPFa162alrqWaTFan0f864FGHVcSvXUvRBLeRj+x2RMlqr1TR6y73x07vqbaVApfssn52ROE3eKoX2cmez+EMaM19n2BzQLhr1lR/LkixeCM03/hYb3j16uaYeZ+zY060RdnVmPWVhslRRXmst+8cD3EXUkxdzmUa+J03nLyO8nqfCTKUltePz0FQ4IymD8ewa+sWgUlRKBwgoUBh35BFRAGq//OXuHFw6sowEIxwb5KSar4c2SHcewbSbuVFpWR7uhpYLXPJoISeASejQ4nfg+DlIbIf6mNwnLcqrHy6bwmwYeS36TUMHoxbCa7\"\
        \n      }\n     ]\n    }\n   },\n   \"servicePrincipalProfile\": {\n    \"\
        clientId\": \"msi\"\n   },\n   \"addonProfiles\": {\n    \"KubeDashboard\"\
        : {\n     \"enabled\": true,\n     \"config\": null\n    }\n   },\n   \"nodeResourceGroup\"\
        : \"MC_clitest000001_cliakstest000002_westeurope\",\n   \"enableRBAC\": true,\n\
        \   \"enablePodSecurityPolicy\": false,\n   \"networkProfile\": {\n    \"\
        networkPlugin\": \"kubenet\",\n    \"loadBalancerSku\": \"Standard\",\n  \
        \  \"loadBalancerProfile\": {\n     \"managedOutboundIPs\": {\n      \"count\"\
        : 1\n     },\n     \"effectiveOutboundIPs\": [\n      {\n       \"id\": \"\
        /subscriptions/00000000-0000-0000-0000-000000000000/resourceGroups/MC_clitest000001_cliakstest000002_westeurope/providers/Microsoft.Network/publicIPAddresses/84e2a8f1-8580-4b62-8df1-93e923283b7c\"\
        \n      }\n     ]\n    },\n    \"podCidr\": \"10.244.0.0/16\",\n    \"serviceCidr\"\
        : \"10.0.0.0/16\",\n    \"dnsServiceIP\": \"10.0.0.10\",\n    \"dockerBridgeCidr\"\
        : \"172.17.0.1/16\",\n    \"outboundType\": \"loadBalancer\"\n   },\n   \"\
        maxAgentPools\": 100\n  },\n  \"identity\": {\n   \"type\": \"SystemAssigned\"\
        ,\n   \"principalId\": \"c274d261-0bd3-422e-b4eb-1d63e3c86107\",\n   \"tenantId\"\
        : \"72f988bf-86f1-41af-91ab-2d7cd011db47\"\n  },\n  \"sku\": {\n   \"name\"\
        : \"Basic\",\n   \"tier\": \"Free\"\n  }\n }"
    headers:
      azure-asyncoperation:
      - https://management.azure.com/subscriptions/00000000-0000-0000-0000-000000000000/providers/Microsoft.ContainerService/locations/westeurope/operations/2e9d179f-8954-4995-b28e-e5c44a1532bb?api-version=2017-08-31
      cache-control:
      - no-cache
      content-length:
      - '2775'
      content-type:
      - application/json
      date:
      - Tue, 10 Nov 2020 11:00:07 GMT
      expires:
      - '-1'
      pragma:
      - no-cache
      server:
      - nginx
      strict-transport-security:
      - max-age=31536000; includeSubDomains
      transfer-encoding:
      - chunked
      vary:
      - Accept-Encoding
      x-content-type-options:
      - nosniff
      x-ms-ratelimit-remaining-subscription-writes:
      - '1199'
    status:
      code: 200
      message: OK
- request:
    body: null
    headers:
      Accept:
      - application/json
      Accept-Encoding:
      - gzip, deflate
      CommandName:
      - aks update
      Connection:
      - keep-alive
      ParameterSetName:
      - --resource-group --name --enable-managed-identity --yes
      User-Agent:
      - python/3.6.9 (Linux-5.0.0-1035-azure-x86_64-with-Ubuntu-18.04-bionic) msrest/0.6.11
        msrest_azure/0.6.3 azure-mgmt-containerservice/4.4.5 Azure-SDK-For-Python
        AZURECLI/2.14.2
    method: GET
    uri: https://management.azure.com/subscriptions/00000000-0000-0000-0000-000000000000/providers/Microsoft.ContainerService/locations/westeurope/operations/2e9d179f-8954-4995-b28e-e5c44a1532bb?api-version=2017-08-31
  response:
    body:
      string: "{\n  \"name\": \"9f179d2e-5489-9549-b28e-e5c44a1532bb\",\n  \"status\"\
        : \"InProgress\",\n  \"startTime\": \"2020-11-10T11:00:05.4813941Z\"\n }"
    headers:
      cache-control:
      - no-cache
      content-length:
      - '126'
      content-type:
      - application/json
      date:
      - Tue, 10 Nov 2020 11:00:37 GMT
      expires:
      - '-1'
      pragma:
      - no-cache
      server:
      - nginx
      strict-transport-security:
      - max-age=31536000; includeSubDomains
      transfer-encoding:
      - chunked
      vary:
      - Accept-Encoding
      x-content-type-options:
      - nosniff
    status:
      code: 200
      message: OK
- request:
    body: null
    headers:
      Accept:
      - application/json
      Accept-Encoding:
      - gzip, deflate
      CommandName:
      - aks update
      Connection:
      - keep-alive
      ParameterSetName:
      - --resource-group --name --enable-managed-identity --yes
      User-Agent:
      - python/3.6.9 (Linux-5.0.0-1035-azure-x86_64-with-Ubuntu-18.04-bionic) msrest/0.6.11
        msrest_azure/0.6.3 azure-mgmt-containerservice/4.4.5 Azure-SDK-For-Python
        AZURECLI/2.14.2
    method: GET
    uri: https://management.azure.com/subscriptions/00000000-0000-0000-0000-000000000000/providers/Microsoft.ContainerService/locations/westeurope/operations/2e9d179f-8954-4995-b28e-e5c44a1532bb?api-version=2017-08-31
  response:
    body:
      string: "{\n  \"name\": \"9f179d2e-5489-9549-b28e-e5c44a1532bb\",\n  \"status\"\
        : \"InProgress\",\n  \"startTime\": \"2020-11-10T11:00:05.4813941Z\"\n }"
    headers:
      cache-control:
      - no-cache
      content-length:
      - '126'
      content-type:
      - application/json
      date:
      - Tue, 10 Nov 2020 11:01:08 GMT
      expires:
      - '-1'
      pragma:
      - no-cache
      server:
      - nginx
      strict-transport-security:
      - max-age=31536000; includeSubDomains
      transfer-encoding:
      - chunked
      vary:
      - Accept-Encoding
      x-content-type-options:
      - nosniff
    status:
      code: 200
      message: OK
- request:
    body: null
    headers:
      Accept:
      - application/json
      Accept-Encoding:
      - gzip, deflate
      CommandName:
      - aks update
      Connection:
      - keep-alive
      ParameterSetName:
      - --resource-group --name --enable-managed-identity --yes
      User-Agent:
      - python/3.6.9 (Linux-5.0.0-1035-azure-x86_64-with-Ubuntu-18.04-bionic) msrest/0.6.11
        msrest_azure/0.6.3 azure-mgmt-containerservice/4.4.5 Azure-SDK-For-Python
        AZURECLI/2.14.2
    method: GET
    uri: https://management.azure.com/subscriptions/00000000-0000-0000-0000-000000000000/providers/Microsoft.ContainerService/locations/westeurope/operations/2e9d179f-8954-4995-b28e-e5c44a1532bb?api-version=2017-08-31
  response:
    body:
      string: "{\n  \"name\": \"9f179d2e-5489-9549-b28e-e5c44a1532bb\",\n  \"status\"\
        : \"Succeeded\",\n  \"startTime\": \"2020-11-10T11:00:05.4813941Z\",\n  \"\
        endTime\": \"2020-11-10T11:01:20.8832719Z\"\n }"
    headers:
      cache-control:
      - no-cache
      content-length:
      - '170'
      content-type:
      - application/json
      date:
      - Tue, 10 Nov 2020 11:01:39 GMT
      expires:
      - '-1'
      pragma:
      - no-cache
      server:
      - nginx
      strict-transport-security:
      - max-age=31536000; includeSubDomains
      transfer-encoding:
      - chunked
      vary:
      - Accept-Encoding
      x-content-type-options:
      - nosniff
    status:
      code: 200
      message: OK
- request:
    body: null
    headers:
      Accept:
      - application/json
      Accept-Encoding:
      - gzip, deflate
      CommandName:
      - aks update
      Connection:
      - keep-alive
      ParameterSetName:
      - --resource-group --name --enable-managed-identity --yes
      User-Agent:
      - python/3.6.9 (Linux-5.0.0-1035-azure-x86_64-with-Ubuntu-18.04-bionic) msrest/0.6.11
        msrest_azure/0.6.3 azure-mgmt-containerservice/4.4.5 Azure-SDK-For-Python
        AZURECLI/2.14.2
    method: GET
    uri: https://management.azure.com/subscriptions/00000000-0000-0000-0000-000000000000/resourceGroups/clitest000001/providers/Microsoft.ContainerService/managedClusters/cliakstest000002?api-version=2020-09-01
  response:
    body:
      string: "{\n  \"id\": \"/subscriptions/00000000-0000-0000-0000-000000000000/resourcegroups/clitest000001/providers/Microsoft.ContainerService/managedClusters/cliakstest000002\"\
        ,\n  \"location\": \"westeurope\",\n  \"name\": \"cliakstest000002\",\n  \"\
        type\": \"Microsoft.ContainerService/ManagedClusters\",\n  \"properties\"\
        : {\n   \"provisioningState\": \"Succeeded\",\n   \"powerState\": {\n    \"\
        code\": \"Running\"\n   },\n   \"kubernetesVersion\": \"1.17.13\",\n   \"\
        dnsPrefix\": \"cliakstest-clitestaiij3t3zl-8ecadf\",\n   \"fqdn\": \"cliakstest-clitestaiij3t3zl-8ecadf-41ea7141.hcp.westeurope.azmk8s.io\"\
        ,\n   \"agentPoolProfiles\": [\n    {\n     \"name\": \"nodepool1\",\n   \
        \  \"count\": 3,\n     \"vmSize\": \"Standard_DS2_v2\",\n     \"osDiskSizeGB\"\
        : 128,\n     \"osDiskType\": \"Managed\",\n     \"maxPods\": 110,\n     \"\
        type\": \"VirtualMachineScaleSets\",\n     \"provisioningState\": \"Succeeded\"\
        ,\n     \"powerState\": {\n      \"code\": \"Running\"\n     },\n     \"orchestratorVersion\"\
        : \"1.17.13\",\n     \"enableNodePublicIP\": false,\n     \"nodeLabels\":\
        \ {},\n     \"mode\": \"System\",\n     \"osType\": \"Linux\",\n     \"nodeImageVersion\"\
        : \"AKSUbuntu-1604-2020.10.28\"\n    }\n   ],\n   \"linuxProfile\": {\n  \
        \  \"adminUsername\": \"azureuser\",\n    \"ssh\": {\n     \"publicKeys\"\
        : [\n      {\n       \"keyData\": \"ssh-rsa AAAAB3NzaC1yc2EAAAADAQABAAABAQDSlNNOwMw6aHvdkhUaMmfkjt19xPFa162alrqWaTFan0f864FGHVcSvXUvRBLeRj+x2RMlqr1TR6y73x07vqbaVApfssn52ROE3eKoX2cmez+EMaM19n2BzQLhr1lR/LkixeCM03/hYb3j16uaYeZ+zY060RdnVmPWVhslRRXmst+8cD3EXUkxdzmUa+J03nLyO8nqfCTKUltePz0FQ4IymD8ewa+sWgUlRKBwgoUBh35BFRAGq//OXuHFw6sowEIxwb5KSar4c2SHcewbSbuVFpWR7uhpYLXPJoISeASejQ4nfg+DlIbIf6mNwnLcqrHy6bwmwYeS36TUMHoxbCa7\"\
        \n      }\n     ]\n    }\n   },\n   \"servicePrincipalProfile\": {\n    \"\
        clientId\": \"msi\"\n   },\n   \"addonProfiles\": {\n    \"KubeDashboard\"\
        : {\n     \"enabled\": true,\n     \"config\": null,\n     \"identity\": {\n\
        \      \"resourceId\": \"/subscriptions/00000000-0000-0000-0000-000000000000/resourcegroups/MC_clitest000001_cliakstest000002_westeurope/providers/Microsoft.ManagedIdentity/userAssignedIdentities/kubedashboard-cliakstest000002\"\
        ,\n      \"clientId\": \"80017832-5094-48d0-a825-4e02ce8764ae\",\n      \"\
        objectId\": \"e52f575f-4802-4561-ada0-c1b57484947b\"\n     }\n    }\n   },\n\
        \   \"nodeResourceGroup\": \"MC_clitest000001_cliakstest000002_westeurope\"\
        ,\n   \"enableRBAC\": true,\n   \"enablePodSecurityPolicy\": false,\n   \"\
        networkProfile\": {\n    \"networkPlugin\": \"kubenet\",\n    \"loadBalancerSku\"\
        : \"Standard\",\n    \"loadBalancerProfile\": {\n     \"managedOutboundIPs\"\
        : {\n      \"count\": 1\n     },\n     \"effectiveOutboundIPs\": [\n     \
        \ {\n       \"id\": \"/subscriptions/00000000-0000-0000-0000-000000000000/resourceGroups/MC_clitest000001_cliakstest000002_westeurope/providers/Microsoft.Network/publicIPAddresses/84e2a8f1-8580-4b62-8df1-93e923283b7c\"\
        \n      }\n     ]\n    },\n    \"podCidr\": \"10.244.0.0/16\",\n    \"serviceCidr\"\
        : \"10.0.0.0/16\",\n    \"dnsServiceIP\": \"10.0.0.10\",\n    \"dockerBridgeCidr\"\
        : \"172.17.0.1/16\",\n    \"outboundType\": \"loadBalancer\"\n   },\n   \"\
        maxAgentPools\": 100,\n   \"identityProfile\": {\n    \"kubeletidentity\"\
        : {\n     \"resourceId\": \"/subscriptions/00000000-0000-0000-0000-000000000000/resourcegroups/MC_clitest000001_cliakstest000002_westeurope/providers/Microsoft.ManagedIdentity/userAssignedIdentities/cliakstest000002-agentpool\"\
        ,\n     \"clientId\": \"39abaa79-76c3-4140-a87d-b7041422fbe4\",\n     \"objectId\"\
        : \"fe0c31f2-80eb-4b45-881d-43283d28dc47\"\n    }\n   }\n  },\n  \"identity\"\
        : {\n   \"type\": \"SystemAssigned\",\n   \"principalId\": \"c274d261-0bd3-422e-b4eb-1d63e3c86107\"\
        ,\n   \"tenantId\": \"72f988bf-86f1-41af-91ab-2d7cd011db47\"\n  },\n  \"sku\"\
        : {\n   \"name\": \"Basic\",\n   \"tier\": \"Free\"\n  }\n }"
    headers:
      cache-control:
      - no-cache
      content-length:
      - '3546'
      content-type:
      - application/json
      date:
      - Tue, 10 Nov 2020 11:01:40 GMT
      expires:
      - '-1'
      pragma:
      - no-cache
      server:
      - nginx
      strict-transport-security:
      - max-age=31536000; includeSubDomains
      transfer-encoding:
      - chunked
      vary:
      - Accept-Encoding
      x-content-type-options:
      - nosniff
    status:
      code: 200
      message: OK
- request:
    body: null
    headers:
      Accept:
      - application/json
      Accept-Encoding:
      - gzip, deflate
      CommandName:
      - aks delete
      Connection:
      - keep-alive
      Content-Length:
      - '0'
      ParameterSetName:
      - -g -n --yes --no-wait
      User-Agent:
      - python/3.6.9 (Linux-5.0.0-1035-azure-x86_64-with-Ubuntu-18.04-bionic) msrest/0.6.11
        msrest_azure/0.6.3 azure-mgmt-containerservice/9.4.0 Azure-SDK-For-Python
        AZURECLI/2.14.2
      accept-language:
      - en-US
    method: DELETE
    uri: https://management.azure.com/subscriptions/00000000-0000-0000-0000-000000000000/resourceGroups/clitest000001/providers/Microsoft.ContainerService/managedClusters/cliakstest000002?api-version=2020-09-01
  response:
    body:
      string: ''
    headers:
      azure-asyncoperation:
      - https://management.azure.com/subscriptions/00000000-0000-0000-0000-000000000000/providers/Microsoft.ContainerService/locations/westeurope/operations/e2a6e8d9-3916-4a26-a757-8b1440aff3b1?api-version=2017-08-31
      cache-control:
      - no-cache
      content-length:
      - '0'
      date:
      - Tue, 10 Nov 2020 11:01:41 GMT
      expires:
      - '-1'
      location:
      - https://management.azure.com/subscriptions/00000000-0000-0000-0000-000000000000/providers/Microsoft.ContainerService/locations/westeurope/operationresults/e2a6e8d9-3916-4a26-a757-8b1440aff3b1?api-version=2017-08-31
      pragma:
      - no-cache
      server:
      - nginx
      strict-transport-security:
      - max-age=31536000; includeSubDomains
      x-content-type-options:
      - nosniff
      x-ms-ratelimit-remaining-subscription-deletes:
      - '14999'
    status:
      code: 202
      message: Accepted
version: 1
