interactions:
- request:
    body: '{"location": "westus2"}'
    headers:
      Accept:
      - application/json
      Accept-Encoding:
      - gzip, deflate
      CommandName:
      - identity create
      Connection:
      - keep-alive
      Content-Length:
      - '23'
      Content-Type:
      - application/json
      ParameterSetName:
      - --resource-group --name --location
      User-Agent:
      - AZURECLI/2.35.0 azsdk-python-azure-mgmt-msi/6.0.0 Python/3.8.10 (Linux-5.13.0-1021-azure-x86_64-with-glibc2.29)
    method: PUT
    uri: https://management.azure.com/subscriptions/00000000-0000-0000-0000-000000000000/resourceGroups/clitest000001/providers/Microsoft.ManagedIdentity/userAssignedIdentities/id000003?api-version=2018-11-30
  response:
    body:
      string: '{"id":"/subscriptions/00000000-0000-0000-0000-000000000000/resourcegroups/clitest000001/providers/Microsoft.ManagedIdentity/userAssignedIdentities/id000003","name":"id000003","type":"Microsoft.ManagedIdentity/userAssignedIdentities","location":"westus2","tags":{},"properties":{"tenantId":"72f988bf-86f1-41af-91ab-2d7cd011db47","principalId":"00000000-0000-0000-0000-000000000001","clientId":"00000000-0000-0000-0000-000000000001"}}'
    headers:
      cache-control:
      - no-cache
      content-length:
      - '432'
      content-type:
      - application/json; charset=utf-8
      date:
      - Thu, 14 Apr 2022 05:23:17 GMT
      expires:
      - '-1'
      location:
      - /subscriptions/00000000-0000-0000-0000-000000000000/resourcegroups/clitest000001/providers/Microsoft.ManagedIdentity/userAssignedIdentities/id000003
      pragma:
      - no-cache
      strict-transport-security:
      - max-age=31536000; includeSubDomains
      x-content-type-options:
      - nosniff
      x-ms-ratelimit-remaining-subscription-writes:
      - '1193'
    status:
      code: 201
      message: Created
- request:
    body: '{"location": "westus2", "identity": {"type": "SystemAssigned"}, "properties":
      {"kubernetesVersion": "", "dnsPrefix": "cliakstest-clitestwzddcfwki-8ecadf",
      "agentPoolProfiles": [{"count": 3, "vmSize": "Standard_DS2_v2", "workloadRuntime":
      "OCIContainer", "osType": "Linux", "enableAutoScaling": false, "type": "VirtualMachineScaleSets",
      "mode": "System", "enableNodePublicIP": false, "scaleSetPriority": "Regular",
      "scaleSetEvictionPolicy": "Delete", "spotMaxPrice": -1.0, "enableEncryptionAtHost":
      false, "enableUltraSSD": false, "enableFIPS": false, "name": "nodepool1"}],
      "linuxProfile": {"adminUsername": "azureuser", "ssh": {"publicKeys": [{"keyData":
      "ssh-rsa AAAAB3NzaC1yc2EAAAADAQABAAABAQDLdaun1GPmELROrLmG67+ItXDLcnRD7OCuaXCGdWFneMgqftElrhf0x0zlYjq1XzzDbHsgggcknCg2wwmaJYfqfbyicLixda+M2CxxVNu4ghKIaJ93xsimEgfD+hFdqogwKuB2C7tJr73sgFQhppae0OcbBCETCp3Sp0xmtozdpke0f0YOU8Xqf9J2nOv97+Ot8XOWjowLbQXQm63SrlGS+UkvxHX30UnJzLo6pVSYVVjL+Qu1a6qGMaMIyTSCRpm8aUaixl0xv71eHLH8LkWqDQFFB7Yp4+reIIJIArrdWb6t6zfZ8YKw+xNnafngbUboJUxRYP+lzeiRmVC3zN0L
      azcli_aks_live_test@example.com\n"}]}}, "addonProfiles": {}, "podIdentityProfile":
      {"enabled": true, "allowNetworkPluginKubenet": true}, "enableRBAC": true, "enablePodSecurityPolicy":
      false, "networkProfile": {"networkPlugin": "kubenet", "podCidr": "10.244.0.0/16",
      "serviceCidr": "10.0.0.0/16", "dnsServiceIP": "10.0.0.10", "dockerBridgeCidr":
      "172.17.0.1/16", "outboundType": "loadBalancer", "loadBalancerSku": "standard"},
      "disableLocalAccounts": false}}'
    headers:
      Accept:
      - application/json
      Accept-Encoding:
      - gzip, deflate
      CommandName:
      - aks create
      Connection:
      - keep-alive
      Content-Length:
      - '1495'
      Content-Type:
      - application/json
      ParameterSetName:
      - --resource-group --name --location --enable-managed-identity --enable-pod-identity
        --enable-pod-identity-with-kubenet --ssh-key-value
      User-Agent:
      - AZURECLI/2.35.0 azsdk-python-azure-mgmt-containerservice/18.0.0b Python/3.8.10
        (Linux-5.13.0-1021-azure-x86_64-with-glibc2.29)
    method: PUT
    uri: https://management.azure.com/subscriptions/00000000-0000-0000-0000-000000000000/resourceGroups/clitest000001/providers/Microsoft.ContainerService/managedClusters/cliakstest000002?api-version=2022-03-02-preview
  response:
    body:
      string: "{\n  \"id\": \"/subscriptions/00000000-0000-0000-0000-000000000000/resourcegroups/clitest000001/providers/Microsoft.ContainerService/managedClusters/cliakstest000002\",\n
        \ \"location\": \"westus2\",\n  \"name\": \"cliakstest000002\",\n  \"type\":
        \"Microsoft.ContainerService/ManagedClusters\",\n  \"properties\": {\n   \"provisioningState\":
        \"Creating\",\n   \"powerState\": {\n    \"code\": \"Running\"\n   },\n   \"kubernetesVersion\":
        \"1.21.9\",\n   \"currentKubernetesVersion\": \"1.21.9\",\n   \"dnsPrefix\":
        \"cliakstest-clitestwzddcfwki-8ecadf\",\n   \"fqdn\": \"cliakstest-clitestwzddcfwki-8ecadf-2353a4cb.hcp.westus2.azmk8s.io\",\n
        \  \"azurePortalFQDN\": \"cliakstest-clitestwzddcfwki-8ecadf-2353a4cb.portal.hcp.westus2.azmk8s.io\",\n
        \  \"agentPoolProfiles\": [\n    {\n     \"name\": \"nodepool1\",\n     \"count\":
        3,\n     \"vmSize\": \"Standard_DS2_v2\",\n     \"osDiskSizeGB\": 128,\n     \"osDiskType\":
        \"Managed\",\n     \"kubeletDiskType\": \"OS\",\n     \"workloadRuntime\":
        \"OCIContainer\",\n     \"maxPods\": 110,\n     \"type\": \"VirtualMachineScaleSets\",\n
        \    \"enableAutoScaling\": false,\n     \"provisioningState\": \"Creating\",\n
        \    \"powerState\": {\n      \"code\": \"Running\"\n     },\n     \"currentOrchestratorVersion\":
        \"1.21.9\",\n     \"enableNodePublicIP\": false,\n     \"mode\": \"System\",\n
        \    \"enableEncryptionAtHost\": false,\n     \"enableUltraSSD\": false,\n
        \    \"osType\": \"Linux\",\n     \"osSKU\": \"Ubuntu\",\n     \"nodeImageVersion\":
        \"AKSUbuntu-1804gen2containerd-2022.03.29\",\n     \"enableFIPS\": false\n
        \   }\n   ],\n   \"linuxProfile\": {\n    \"adminUsername\": \"azureuser\",\n
        \   \"ssh\": {\n     \"publicKeys\": [\n      {\n       \"keyData\": \"ssh-rsa
        AAAAB3NzaC1yc2EAAAADAQABAAABAQDLdaun1GPmELROrLmG67+ItXDLcnRD7OCuaXCGdWFneMgqftElrhf0x0zlYjq1XzzDbHsgggcknCg2wwmaJYfqfbyicLixda+M2CxxVNu4ghKIaJ93xsimEgfD+hFdqogwKuB2C7tJr73sgFQhppae0OcbBCETCp3Sp0xmtozdpke0f0YOU8Xqf9J2nOv97+Ot8XOWjowLbQXQm63SrlGS+UkvxHX30UnJzLo6pVSYVVjL+Qu1a6qGMaMIyTSCRpm8aUaixl0xv71eHLH8LkWqDQFFB7Yp4+reIIJIArrdWb6t6zfZ8YKw+xNnafngbUboJUxRYP+lzeiRmVC3zN0L
        azcli_aks_live_test@example.com\\n\"\n      }\n     ]\n    }\n   },\n   \"servicePrincipalProfile\":
        {\n    \"clientId\":\"00000000-0000-0000-0000-000000000001\"\n   },\n   \"nodeResourceGroup\":
        \"MC_clitest000001_cliakstest000002_westus2\",\n   \"enableRBAC\": true,\n
        \  \"enablePodSecurityPolicy\": false,\n   \"networkProfile\": {\n    \"networkPlugin\":
        \"kubenet\",\n    \"loadBalancerSku\": \"standard\",\n    \"loadBalancerProfile\":
        {\n     \"managedOutboundIPs\": {\n      \"count\": 1\n     }\n    },\n    \"podCidr\":
        \"10.244.0.0/16\",\n    \"serviceCidr\": \"10.0.0.0/16\",\n    \"dnsServiceIP\":
        \"10.0.0.10\",\n    \"dockerBridgeCidr\": \"172.17.0.1/16\",\n    \"outboundType\":
        \"loadBalancer\",\n    \"podCidrs\": [\n     \"10.244.0.0/16\"\n    ],\n    \"serviceCidrs\":
        [\n     \"10.0.0.0/16\"\n    ],\n    \"ipFamilies\": [\n     \"IPv4\"\n    ]\n
        \  },\n   \"maxAgentPools\": 100,\n   \"podIdentityProfile\": {\n    \"enabled\":
        true,\n    \"allowNetworkPluginKubenet\": true\n   },\n   \"disableLocalAccounts\":
        false,\n   \"securityProfile\": {},\n   \"oidcIssuerProfile\": {\n    \"enabled\":
        false\n   }\n  },\n  \"identity\": {\n   \"type\": \"SystemAssigned\",\n   \"principalId\":\"00000000-0000-0000-0000-000000000001\",\n
        \  \"tenantId\": \"72f988bf-86f1-41af-91ab-2d7cd011db47\"\n  },\n  \"sku\":
        {\n   \"name\": \"Basic\",\n   \"tier\": \"Free\"\n  }\n }"
    headers:
      azure-asyncoperation:
      - https://management.azure.com/subscriptions/00000000-0000-0000-0000-000000000000/providers/Microsoft.ContainerService/locations/westus2/operations/1968e23c-fbcb-416b-9fd9-cfffcb12f3e1?api-version=2016-03-30
      cache-control:
      - no-cache
      content-length:
      - '3149'
      content-type:
      - application/json
      date:
      - Thu, 14 Apr 2022 05:23:21 GMT
      expires:
      - '-1'
      pragma:
      - no-cache
      server:
      - nginx
      strict-transport-security:
      - max-age=31536000; includeSubDomains
      x-content-type-options:
      - nosniff
      x-ms-ratelimit-remaining-subscription-writes:
      - '1193'
    status:
      code: 201
      message: Created
- request:
    body: null
    headers:
      Accept:
      - '*/*'
      Accept-Encoding:
      - gzip, deflate
      CommandName:
      - aks create
      Connection:
      - keep-alive
      ParameterSetName:
      - --resource-group --name --location --enable-managed-identity --enable-pod-identity
        --enable-pod-identity-with-kubenet --ssh-key-value
      User-Agent:
      - AZURECLI/2.35.0 azsdk-python-azure-mgmt-containerservice/18.0.0b Python/3.8.10
        (Linux-5.13.0-1021-azure-x86_64-with-glibc2.29)
    method: GET
    uri: https://management.azure.com/subscriptions/00000000-0000-0000-0000-000000000000/providers/Microsoft.ContainerService/locations/westus2/operations/1968e23c-fbcb-416b-9fd9-cfffcb12f3e1?api-version=2016-03-30
  response:
    body:
      string: "{\n  \"name\": \"3ce26819-cbfb-6b41-9fd9-cfffcb12f3e1\",\n  \"status\":
        \"InProgress\",\n  \"startTime\": \"2022-04-14T05:23:21.1333333Z\"\n }"
    headers:
      cache-control:
      - no-cache
      content-length:
      - '126'
      content-type:
      - application/json
      date:
      - Thu, 14 Apr 2022 05:23:51 GMT
      expires:
      - '-1'
      pragma:
      - no-cache
      server:
      - nginx
      strict-transport-security:
      - max-age=31536000; includeSubDomains
      transfer-encoding:
      - chunked
      vary:
      - Accept-Encoding
      x-content-type-options:
      - nosniff
    status:
      code: 200
      message: OK
- request:
    body: null
    headers:
      Accept:
      - '*/*'
      Accept-Encoding:
      - gzip, deflate
      CommandName:
      - aks create
      Connection:
      - keep-alive
      ParameterSetName:
      - --resource-group --name --location --enable-managed-identity --enable-pod-identity
        --enable-pod-identity-with-kubenet --ssh-key-value
      User-Agent:
      - AZURECLI/2.35.0 azsdk-python-azure-mgmt-containerservice/18.0.0b Python/3.8.10
        (Linux-5.13.0-1021-azure-x86_64-with-glibc2.29)
    method: GET
    uri: https://management.azure.com/subscriptions/00000000-0000-0000-0000-000000000000/providers/Microsoft.ContainerService/locations/westus2/operations/1968e23c-fbcb-416b-9fd9-cfffcb12f3e1?api-version=2016-03-30
  response:
    body:
      string: "{\n  \"name\": \"3ce26819-cbfb-6b41-9fd9-cfffcb12f3e1\",\n  \"status\":
        \"InProgress\",\n  \"startTime\": \"2022-04-14T05:23:21.1333333Z\"\n }"
    headers:
      cache-control:
      - no-cache
      content-length:
      - '126'
      content-type:
      - application/json
      date:
      - Thu, 14 Apr 2022 05:24:21 GMT
      expires:
      - '-1'
      pragma:
      - no-cache
      server:
      - nginx
      strict-transport-security:
      - max-age=31536000; includeSubDomains
      transfer-encoding:
      - chunked
      vary:
      - Accept-Encoding
      x-content-type-options:
      - nosniff
    status:
      code: 200
      message: OK
- request:
    body: null
    headers:
      Accept:
      - '*/*'
      Accept-Encoding:
      - gzip, deflate
      CommandName:
      - aks create
      Connection:
      - keep-alive
      ParameterSetName:
      - --resource-group --name --location --enable-managed-identity --enable-pod-identity
        --enable-pod-identity-with-kubenet --ssh-key-value
      User-Agent:
      - AZURECLI/2.35.0 azsdk-python-azure-mgmt-containerservice/18.0.0b Python/3.8.10
        (Linux-5.13.0-1021-azure-x86_64-with-glibc2.29)
    method: GET
    uri: https://management.azure.com/subscriptions/00000000-0000-0000-0000-000000000000/providers/Microsoft.ContainerService/locations/westus2/operations/1968e23c-fbcb-416b-9fd9-cfffcb12f3e1?api-version=2016-03-30
  response:
    body:
      string: "{\n  \"name\": \"3ce26819-cbfb-6b41-9fd9-cfffcb12f3e1\",\n  \"status\":
        \"InProgress\",\n  \"startTime\": \"2022-04-14T05:23:21.1333333Z\"\n }"
    headers:
      cache-control:
      - no-cache
      content-length:
      - '126'
      content-type:
      - application/json
      date:
      - Thu, 14 Apr 2022 05:24:50 GMT
      expires:
      - '-1'
      pragma:
      - no-cache
      server:
      - nginx
      strict-transport-security:
      - max-age=31536000; includeSubDomains
      transfer-encoding:
      - chunked
      vary:
      - Accept-Encoding
      x-content-type-options:
      - nosniff
    status:
      code: 200
      message: OK
- request:
    body: null
    headers:
      Accept:
      - '*/*'
      Accept-Encoding:
      - gzip, deflate
      CommandName:
      - aks create
      Connection:
      - keep-alive
      ParameterSetName:
      - --resource-group --name --location --enable-managed-identity --enable-pod-identity
        --enable-pod-identity-with-kubenet --ssh-key-value
      User-Agent:
      - AZURECLI/2.35.0 azsdk-python-azure-mgmt-containerservice/18.0.0b Python/3.8.10
        (Linux-5.13.0-1021-azure-x86_64-with-glibc2.29)
    method: GET
    uri: https://management.azure.com/subscriptions/00000000-0000-0000-0000-000000000000/providers/Microsoft.ContainerService/locations/westus2/operations/1968e23c-fbcb-416b-9fd9-cfffcb12f3e1?api-version=2016-03-30
  response:
    body:
      string: "{\n  \"name\": \"3ce26819-cbfb-6b41-9fd9-cfffcb12f3e1\",\n  \"status\":
        \"InProgress\",\n  \"startTime\": \"2022-04-14T05:23:21.1333333Z\"\n }"
    headers:
      cache-control:
      - no-cache
      content-length:
      - '126'
      content-type:
      - application/json
      date:
      - Thu, 14 Apr 2022 05:25:20 GMT
      expires:
      - '-1'
      pragma:
      - no-cache
      server:
      - nginx
      strict-transport-security:
      - max-age=31536000; includeSubDomains
      transfer-encoding:
      - chunked
      vary:
      - Accept-Encoding
      x-content-type-options:
      - nosniff
    status:
      code: 200
      message: OK
- request:
    body: null
    headers:
      Accept:
      - '*/*'
      Accept-Encoding:
      - gzip, deflate
      CommandName:
      - aks create
      Connection:
      - keep-alive
      ParameterSetName:
      - --resource-group --name --location --enable-managed-identity --enable-pod-identity
        --enable-pod-identity-with-kubenet --ssh-key-value
      User-Agent:
      - AZURECLI/2.35.0 azsdk-python-azure-mgmt-containerservice/18.0.0b Python/3.8.10
        (Linux-5.13.0-1021-azure-x86_64-with-glibc2.29)
    method: GET
    uri: https://management.azure.com/subscriptions/00000000-0000-0000-0000-000000000000/providers/Microsoft.ContainerService/locations/westus2/operations/1968e23c-fbcb-416b-9fd9-cfffcb12f3e1?api-version=2016-03-30
  response:
    body:
      string: "{\n  \"name\": \"3ce26819-cbfb-6b41-9fd9-cfffcb12f3e1\",\n  \"status\":
        \"InProgress\",\n  \"startTime\": \"2022-04-14T05:23:21.1333333Z\"\n }"
    headers:
      cache-control:
      - no-cache
      content-length:
      - '126'
      content-type:
      - application/json
      date:
      - Thu, 14 Apr 2022 05:25:51 GMT
      expires:
      - '-1'
      pragma:
      - no-cache
      server:
      - nginx
      strict-transport-security:
      - max-age=31536000; includeSubDomains
      transfer-encoding:
      - chunked
      vary:
      - Accept-Encoding
      x-content-type-options:
      - nosniff
    status:
      code: 200
      message: OK
- request:
    body: null
    headers:
      Accept:
      - '*/*'
      Accept-Encoding:
      - gzip, deflate
      CommandName:
      - aks create
      Connection:
      - keep-alive
      ParameterSetName:
      - --resource-group --name --location --enable-managed-identity --enable-pod-identity
        --enable-pod-identity-with-kubenet --ssh-key-value
      User-Agent:
      - AZURECLI/2.35.0 azsdk-python-azure-mgmt-containerservice/18.0.0b Python/3.8.10
        (Linux-5.13.0-1021-azure-x86_64-with-glibc2.29)
    method: GET
    uri: https://management.azure.com/subscriptions/00000000-0000-0000-0000-000000000000/providers/Microsoft.ContainerService/locations/westus2/operations/1968e23c-fbcb-416b-9fd9-cfffcb12f3e1?api-version=2016-03-30
  response:
    body:
      string: "{\n  \"name\": \"3ce26819-cbfb-6b41-9fd9-cfffcb12f3e1\",\n  \"status\":
        \"Succeeded\",\n  \"startTime\": \"2022-04-14T05:23:21.1333333Z\",\n  \"endTime\":
        \"2022-04-14T05:26:13.8945894Z\"\n }"
    headers:
      cache-control:
      - no-cache
      content-length:
      - '170'
      content-type:
      - application/json
      date:
      - Thu, 14 Apr 2022 05:26:21 GMT
      expires:
      - '-1'
      pragma:
      - no-cache
      server:
      - nginx
      strict-transport-security:
      - max-age=31536000; includeSubDomains
      transfer-encoding:
      - chunked
      vary:
      - Accept-Encoding
      x-content-type-options:
      - nosniff
    status:
      code: 200
      message: OK
- request:
    body: null
    headers:
      Accept:
      - '*/*'
      Accept-Encoding:
      - gzip, deflate
      CommandName:
      - aks create
      Connection:
      - keep-alive
      ParameterSetName:
      - --resource-group --name --location --enable-managed-identity --enable-pod-identity
        --enable-pod-identity-with-kubenet --ssh-key-value
      User-Agent:
      - AZURECLI/2.35.0 azsdk-python-azure-mgmt-containerservice/18.0.0b Python/3.8.10
        (Linux-5.13.0-1021-azure-x86_64-with-glibc2.29)
    method: GET
    uri: https://management.azure.com/subscriptions/00000000-0000-0000-0000-000000000000/resourceGroups/clitest000001/providers/Microsoft.ContainerService/managedClusters/cliakstest000002?api-version=2022-03-02-preview
  response:
    body:
      string: "{\n  \"id\": \"/subscriptions/00000000-0000-0000-0000-000000000000/resourcegroups/clitest000001/providers/Microsoft.ContainerService/managedClusters/cliakstest000002\",\n
        \ \"location\": \"westus2\",\n  \"name\": \"cliakstest000002\",\n  \"type\":
        \"Microsoft.ContainerService/ManagedClusters\",\n  \"properties\": {\n   \"provisioningState\":
        \"Succeeded\",\n   \"powerState\": {\n    \"code\": \"Running\"\n   },\n   \"kubernetesVersion\":
        \"1.21.9\",\n   \"currentKubernetesVersion\": \"1.21.9\",\n   \"dnsPrefix\":
        \"cliakstest-clitestwzddcfwki-8ecadf\",\n   \"fqdn\": \"cliakstest-clitestwzddcfwki-8ecadf-2353a4cb.hcp.westus2.azmk8s.io\",\n
        \  \"azurePortalFQDN\": \"cliakstest-clitestwzddcfwki-8ecadf-2353a4cb.portal.hcp.westus2.azmk8s.io\",\n
        \  \"agentPoolProfiles\": [\n    {\n     \"name\": \"nodepool1\",\n     \"count\":
        3,\n     \"vmSize\": \"Standard_DS2_v2\",\n     \"osDiskSizeGB\": 128,\n     \"osDiskType\":
        \"Managed\",\n     \"kubeletDiskType\": \"OS\",\n     \"workloadRuntime\":
        \"OCIContainer\",\n     \"maxPods\": 110,\n     \"type\": \"VirtualMachineScaleSets\",\n
        \    \"enableAutoScaling\": false,\n     \"provisioningState\": \"Succeeded\",\n
        \    \"powerState\": {\n      \"code\": \"Running\"\n     },\n     \"currentOrchestratorVersion\":
        \"1.21.9\",\n     \"enableNodePublicIP\": false,\n     \"mode\": \"System\",\n
        \    \"enableEncryptionAtHost\": false,\n     \"enableUltraSSD\": false,\n
        \    \"osType\": \"Linux\",\n     \"osSKU\": \"Ubuntu\",\n     \"nodeImageVersion\":
        \"AKSUbuntu-1804gen2containerd-2022.03.29\",\n     \"enableFIPS\": false\n
        \   }\n   ],\n   \"linuxProfile\": {\n    \"adminUsername\": \"azureuser\",\n
        \   \"ssh\": {\n     \"publicKeys\": [\n      {\n       \"keyData\": \"ssh-rsa
        AAAAB3NzaC1yc2EAAAADAQABAAABAQDLdaun1GPmELROrLmG67+ItXDLcnRD7OCuaXCGdWFneMgqftElrhf0x0zlYjq1XzzDbHsgggcknCg2wwmaJYfqfbyicLixda+M2CxxVNu4ghKIaJ93xsimEgfD+hFdqogwKuB2C7tJr73sgFQhppae0OcbBCETCp3Sp0xmtozdpke0f0YOU8Xqf9J2nOv97+Ot8XOWjowLbQXQm63SrlGS+UkvxHX30UnJzLo6pVSYVVjL+Qu1a6qGMaMIyTSCRpm8aUaixl0xv71eHLH8LkWqDQFFB7Yp4+reIIJIArrdWb6t6zfZ8YKw+xNnafngbUboJUxRYP+lzeiRmVC3zN0L
        azcli_aks_live_test@example.com\\n\"\n      }\n     ]\n    }\n   },\n   \"servicePrincipalProfile\":
        {\n    \"clientId\":\"00000000-0000-0000-0000-000000000001\"\n   },\n   \"nodeResourceGroup\":
        \"MC_clitest000001_cliakstest000002_westus2\",\n   \"enableRBAC\": true,\n
        \  \"enablePodSecurityPolicy\": false,\n   \"networkProfile\": {\n    \"networkPlugin\":
        \"kubenet\",\n    \"loadBalancerSku\": \"Standard\",\n    \"loadBalancerProfile\":
        {\n     \"managedOutboundIPs\": {\n      \"count\": 1\n     },\n     \"effectiveOutboundIPs\":
        [\n      {\n       \"id\": \"/subscriptions/00000000-0000-0000-0000-000000000000/resourceGroups/MC_clitest000001_cliakstest000002_westus2/providers/Microsoft.Network/publicIPAddresses/f5021213-a65a-452f-93f8-a0343bde0945\"\n
        \     }\n     ]\n    },\n    \"podCidr\": \"10.244.0.0/16\",\n    \"serviceCidr\":
        \"10.0.0.0/16\",\n    \"dnsServiceIP\": \"10.0.0.10\",\n    \"dockerBridgeCidr\":
        \"172.17.0.1/16\",\n    \"outboundType\": \"loadBalancer\",\n    \"podCidrs\":
        [\n     \"10.244.0.0/16\"\n    ],\n    \"serviceCidrs\": [\n     \"10.0.0.0/16\"\n
        \   ],\n    \"ipFamilies\": [\n     \"IPv4\"\n    ]\n   },\n   \"maxAgentPools\":
        100,\n   \"identityProfile\": {\n    \"kubeletidentity\": {\n     \"resourceId\":
        \"/subscriptions/00000000-0000-0000-0000-000000000000/resourcegroups/MC_clitest000001_cliakstest000002_westus2/providers/Microsoft.ManagedIdentity/userAssignedIdentities/cliakstest000002-agentpool\",\n
        \    \"clientId\":\"00000000-0000-0000-0000-000000000001\",\n     \"objectId\":\"00000000-0000-0000-0000-000000000001\"\n
        \   }\n   },\n   \"podIdentityProfile\": {\n    \"enabled\": true,\n    \"allowNetworkPluginKubenet\":
        true\n   },\n   \"disableLocalAccounts\": false,\n   \"securityProfile\":
        {},\n   \"oidcIssuerProfile\": {\n    \"enabled\": false\n   }\n  },\n  \"identity\":
        {\n   \"type\": \"SystemAssigned\",\n   \"principalId\":\"00000000-0000-0000-0000-000000000001\",\n
        \  \"tenantId\": \"72f988bf-86f1-41af-91ab-2d7cd011db47\"\n  },\n  \"sku\":
        {\n   \"name\": \"Basic\",\n   \"tier\": \"Free\"\n  }\n }"
    headers:
      cache-control:
      - no-cache
      content-length:
      - '3802'
      content-type:
      - application/json
      date:
      - Thu, 14 Apr 2022 05:26:22 GMT
      expires:
      - '-1'
      pragma:
      - no-cache
      server:
      - nginx
      strict-transport-security:
      - max-age=31536000; includeSubDomains
      transfer-encoding:
      - chunked
      vary:
      - Accept-Encoding
      x-content-type-options:
      - nosniff
    status:
      code: 200
      message: OK
- request:
    body: null
    headers:
      Accept:
      - application/json
      Accept-Encoding:
      - gzip, deflate
      CommandName:
      - aks pod-identity add
      Connection:
      - keep-alive
      ParameterSetName:
      - --cluster-name --resource-group --namespace --name --identity-resource-id
      User-Agent:
      - AZURECLI/2.35.0 azsdk-python-azure-mgmt-containerservice/18.0.0b Python/3.8.10
        (Linux-5.13.0-1021-azure-x86_64-with-glibc2.29)
    method: GET
    uri: https://management.azure.com/subscriptions/00000000-0000-0000-0000-000000000000/resourceGroups/clitest000001/providers/Microsoft.ContainerService/managedClusters/cliakstest000002?api-version=2022-03-02-preview
  response:
    body:
      string: "{\n  \"id\": \"/subscriptions/00000000-0000-0000-0000-000000000000/resourcegroups/clitest000001/providers/Microsoft.ContainerService/managedClusters/cliakstest000002\",\n
        \ \"location\": \"westus2\",\n  \"name\": \"cliakstest000002\",\n  \"type\":
        \"Microsoft.ContainerService/ManagedClusters\",\n  \"properties\": {\n   \"provisioningState\":
        \"Succeeded\",\n   \"powerState\": {\n    \"code\": \"Running\"\n   },\n   \"kubernetesVersion\":
        \"1.21.9\",\n   \"currentKubernetesVersion\": \"1.21.9\",\n   \"dnsPrefix\":
        \"cliakstest-clitestwzddcfwki-8ecadf\",\n   \"fqdn\": \"cliakstest-clitestwzddcfwki-8ecadf-2353a4cb.hcp.westus2.azmk8s.io\",\n
        \  \"azurePortalFQDN\": \"cliakstest-clitestwzddcfwki-8ecadf-2353a4cb.portal.hcp.westus2.azmk8s.io\",\n
        \  \"agentPoolProfiles\": [\n    {\n     \"name\": \"nodepool1\",\n     \"count\":
        3,\n     \"vmSize\": \"Standard_DS2_v2\",\n     \"osDiskSizeGB\": 128,\n     \"osDiskType\":
        \"Managed\",\n     \"kubeletDiskType\": \"OS\",\n     \"workloadRuntime\":
        \"OCIContainer\",\n     \"maxPods\": 110,\n     \"type\": \"VirtualMachineScaleSets\",\n
        \    \"enableAutoScaling\": false,\n     \"provisioningState\": \"Succeeded\",\n
        \    \"powerState\": {\n      \"code\": \"Running\"\n     },\n     \"currentOrchestratorVersion\":
        \"1.21.9\",\n     \"enableNodePublicIP\": false,\n     \"mode\": \"System\",\n
        \    \"enableEncryptionAtHost\": false,\n     \"enableUltraSSD\": false,\n
        \    \"osType\": \"Linux\",\n     \"osSKU\": \"Ubuntu\",\n     \"nodeImageVersion\":
        \"AKSUbuntu-1804gen2containerd-2022.03.29\",\n     \"enableFIPS\": false\n
        \   }\n   ],\n   \"linuxProfile\": {\n    \"adminUsername\": \"azureuser\",\n
        \   \"ssh\": {\n     \"publicKeys\": [\n      {\n       \"keyData\": \"ssh-rsa
        AAAAB3NzaC1yc2EAAAADAQABAAABAQDLdaun1GPmELROrLmG67+ItXDLcnRD7OCuaXCGdWFneMgqftElrhf0x0zlYjq1XzzDbHsgggcknCg2wwmaJYfqfbyicLixda+M2CxxVNu4ghKIaJ93xsimEgfD+hFdqogwKuB2C7tJr73sgFQhppae0OcbBCETCp3Sp0xmtozdpke0f0YOU8Xqf9J2nOv97+Ot8XOWjowLbQXQm63SrlGS+UkvxHX30UnJzLo6pVSYVVjL+Qu1a6qGMaMIyTSCRpm8aUaixl0xv71eHLH8LkWqDQFFB7Yp4+reIIJIArrdWb6t6zfZ8YKw+xNnafngbUboJUxRYP+lzeiRmVC3zN0L
        azcli_aks_live_test@example.com\\n\"\n      }\n     ]\n    }\n   },\n   \"servicePrincipalProfile\":
        {\n    \"clientId\":\"00000000-0000-0000-0000-000000000001\"\n   },\n   \"nodeResourceGroup\":
        \"MC_clitest000001_cliakstest000002_westus2\",\n   \"enableRBAC\": true,\n
        \  \"enablePodSecurityPolicy\": false,\n   \"networkProfile\": {\n    \"networkPlugin\":
        \"kubenet\",\n    \"loadBalancerSku\": \"Standard\",\n    \"loadBalancerProfile\":
        {\n     \"managedOutboundIPs\": {\n      \"count\": 1\n     },\n     \"effectiveOutboundIPs\":
        [\n      {\n       \"id\": \"/subscriptions/00000000-0000-0000-0000-000000000000/resourceGroups/MC_clitest000001_cliakstest000002_westus2/providers/Microsoft.Network/publicIPAddresses/f5021213-a65a-452f-93f8-a0343bde0945\"\n
        \     }\n     ]\n    },\n    \"podCidr\": \"10.244.0.0/16\",\n    \"serviceCidr\":
        \"10.0.0.0/16\",\n    \"dnsServiceIP\": \"10.0.0.10\",\n    \"dockerBridgeCidr\":
        \"172.17.0.1/16\",\n    \"outboundType\": \"loadBalancer\",\n    \"podCidrs\":
        [\n     \"10.244.0.0/16\"\n    ],\n    \"serviceCidrs\": [\n     \"10.0.0.0/16\"\n
        \   ],\n    \"ipFamilies\": [\n     \"IPv4\"\n    ]\n   },\n   \"maxAgentPools\":
        100,\n   \"identityProfile\": {\n    \"kubeletidentity\": {\n     \"resourceId\":
        \"/subscriptions/00000000-0000-0000-0000-000000000000/resourcegroups/MC_clitest000001_cliakstest000002_westus2/providers/Microsoft.ManagedIdentity/userAssignedIdentities/cliakstest000002-agentpool\",\n
        \    \"clientId\":\"00000000-0000-0000-0000-000000000001\",\n     \"objectId\":\"00000000-0000-0000-0000-000000000001\"\n
        \   }\n   },\n   \"podIdentityProfile\": {\n    \"enabled\": true,\n    \"allowNetworkPluginKubenet\":
        true\n   },\n   \"disableLocalAccounts\": false,\n   \"securityProfile\":
        {},\n   \"oidcIssuerProfile\": {\n    \"enabled\": false\n   }\n  },\n  \"identity\":
        {\n   \"type\": \"SystemAssigned\",\n   \"principalId\":\"00000000-0000-0000-0000-000000000001\",\n
        \  \"tenantId\": \"72f988bf-86f1-41af-91ab-2d7cd011db47\"\n  },\n  \"sku\":
        {\n   \"name\": \"Basic\",\n   \"tier\": \"Free\"\n  }\n }"
    headers:
      cache-control:
      - no-cache
      content-length:
      - '3802'
      content-type:
      - application/json
      date:
      - Thu, 14 Apr 2022 05:26:22 GMT
      expires:
      - '-1'
      pragma:
      - no-cache
      server:
      - nginx
      strict-transport-security:
      - max-age=31536000; includeSubDomains
      transfer-encoding:
      - chunked
      vary:
      - Accept-Encoding
      x-content-type-options:
      - nosniff
    status:
      code: 200
      message: OK
- request:
    body: null
    headers:
      Accept:
      - application/json
      Accept-Encoding:
      - gzip, deflate
      CommandName:
      - aks pod-identity add
      Connection:
      - keep-alive
      ParameterSetName:
      - --cluster-name --resource-group --namespace --name --identity-resource-id
      User-Agent:
      - AZURECLI/2.35.0 azsdk-python-azure-mgmt-msi/6.0.0 Python/3.8.10 (Linux-5.13.0-1021-azure-x86_64-with-glibc2.29)
    method: GET
    uri: https://management.azure.com/subscriptions/00000000-0000-0000-0000-000000000000/resourceGroups/clitest000001/providers/Microsoft.ManagedIdentity/userAssignedIdentities/id000003?api-version=2018-11-30
  response:
    body:
      string: '{"id":"/subscriptions/00000000-0000-0000-0000-000000000000/resourcegroups/clitest000001/providers/Microsoft.ManagedIdentity/userAssignedIdentities/id000003","name":"id000003","type":"Microsoft.ManagedIdentity/userAssignedIdentities","location":"westus2","tags":{},"properties":{"tenantId":"72f988bf-86f1-41af-91ab-2d7cd011db47","principalId":"00000000-0000-0000-0000-000000000001","clientId":"00000000-0000-0000-0000-000000000001"}}'
    headers:
      cache-control:
      - no-cache
      content-length:
      - '432'
      content-type:
      - application/json; charset=utf-8
      date:
      - Thu, 14 Apr 2022 05:26:22 GMT
      expires:
      - '-1'
      pragma:
      - no-cache
      strict-transport-security:
      - max-age=31536000; includeSubDomains
      transfer-encoding:
      - chunked
      vary:
      - Accept-Encoding
      x-content-type-options:
      - nosniff
    status:
      code: 200
      message: OK
- request:
    body: null
    headers:
      Accept:
      - application/json
      Accept-Encoding:
      - gzip, deflate
      CommandName:
      - aks pod-identity add
      Connection:
      - keep-alive
      ParameterSetName:
      - --cluster-name --resource-group --namespace --name --identity-resource-id
      User-Agent:
      - python/3.8.10 (Linux-5.13.0-1021-azure-x86_64-with-glibc2.29) msrest/0.6.21
        msrest_azure/0.6.4 azure-mgmt-authorization/0.61.0 Azure-SDK-For-Python AZURECLI/2.35.0
      accept-language:
      - en-US
    method: GET
    uri: https://management.azure.com/subscriptions/00000000-0000-0000-0000-000000000000/resourcegroups/clitest000001/providers/microsoft.managedidentity/userassignedidentities/id000003/providers/Microsoft.Authorization/roleAssignments?$filter=atScope%28%29%20and%20assignedTo%28%27c0c73c80-28d5-4cbd-8c99-85e76ff2a13f%27%29&api-version=2020-04-01-preview
  response:
    body:
      string: '{"value":[]}'
    headers:
      cache-control:
      - no-cache
      content-length:
      - '12'
      content-type:
      - application/json; charset=utf-8
      date:
      - Thu, 14 Apr 2022 05:26:22 GMT
      expires:
      - '-1'
      pragma:
      - no-cache
      set-cookie:
      - x-ms-gateway-slice=Production; path=/; secure; samesite=none; httponly
      strict-transport-security:
      - max-age=31536000; includeSubDomains
      transfer-encoding:
      - chunked
      vary:
      - Accept-Encoding
      x-content-type-options:
      - nosniff
    status:
      code: 200
      message: OK
- request:
    body: null
    headers:
      Accept:
      - application/json
      Accept-Encoding:
      - gzip, deflate
      CommandName:
      - aks pod-identity add
      Connection:
      - keep-alive
      ParameterSetName:
      - --cluster-name --resource-group --namespace --name --identity-resource-id
      User-Agent:
      - python/3.8.10 (Linux-5.13.0-1021-azure-x86_64-with-glibc2.29) msrest/0.6.21
        msrest_azure/0.6.4 azure-mgmt-authorization/0.61.0 Azure-SDK-For-Python AZURECLI/2.35.0
      accept-language:
      - en-US
    method: GET
    uri: https://management.azure.com/subscriptions/00000000-0000-0000-0000-000000000000/resourcegroups/clitest000001/providers/microsoft.managedidentity/userassignedidentities/id000003/providers/Microsoft.Authorization/roleDefinitions?$filter=roleName%20eq%20%27Managed%20Identity%20Operator%27&api-version=2018-01-01-preview
  response:
    body:
      string: '{"value":[{"properties":{"roleName":"Managed Identity Operator","type":"BuiltInRole","description":"Read
        and Assign User Assigned Identity","assignableScopes":["/"],"permissions":[{"actions":["Microsoft.ManagedIdentity/userAssignedIdentities/*/read","Microsoft.ManagedIdentity/userAssignedIdentities/*/assign/action","Microsoft.Authorization/*/read","Microsoft.Insights/alertRules/*","Microsoft.Resources/subscriptions/resourceGroups/read","Microsoft.Resources/deployments/*","Microsoft.Support/*"],"notActions":[],"dataActions":[],"notDataActions":[]}],"createdOn":"2017-12-14T19:52:04.3924594Z","updatedOn":"2021-11-11T20:13:38.9523759Z","createdBy":null,"updatedBy":null},"id":"/subscriptions/00000000-0000-0000-0000-000000000000/providers/Microsoft.Authorization/roleDefinitions/f1a07417-d97a-45cb-824c-7a7467783830","type":"Microsoft.Authorization/roleDefinitions","name":"f1a07417-d97a-45cb-824c-7a7467783830"}]}'
    headers:
      cache-control:
      - no-cache
      content-length:
      - '918'
      content-type:
      - application/json; charset=utf-8
      date:
      - Thu, 14 Apr 2022 05:26:22 GMT
      expires:
      - '-1'
      pragma:
      - no-cache
      set-cookie:
      - x-ms-gateway-slice=Production; path=/; secure; samesite=none; httponly
      strict-transport-security:
      - max-age=31536000; includeSubDomains
      transfer-encoding:
      - chunked
      vary:
      - Accept-Encoding
      x-content-type-options:
      - nosniff
    status:
      code: 200
      message: OK
- request:
    body: '{"properties": {"roleDefinitionId": "/subscriptions/00000000-0000-0000-0000-000000000000/providers/Microsoft.Authorization/roleDefinitions/f1a07417-d97a-45cb-824c-7a7467783830",
      "principalId":"00000000-0000-0000-0000-000000000001"}}'
    headers:
      Accept:
      - application/json
      Accept-Encoding:
      - gzip, deflate
      CommandName:
      - aks pod-identity add
      Connection:
      - keep-alive
      Content-Length:
      - '232'
      Content-Type:
      - application/json; charset=utf-8
      Cookie:
      - x-ms-gateway-slice=Production
      ParameterSetName:
      - --cluster-name --resource-group --namespace --name --identity-resource-id
      User-Agent:
      - python/3.8.10 (Linux-5.13.0-1021-azure-x86_64-with-glibc2.29) msrest/0.6.21
        msrest_azure/0.6.4 azure-mgmt-authorization/0.61.0 Azure-SDK-For-Python AZURECLI/2.35.0
      accept-language:
      - en-US
    method: PUT
    uri: https://management.azure.com/subscriptions/00000000-0000-0000-0000-000000000000/resourcegroups/clitest000001/providers/microsoft.managedidentity/userassignedidentities/id000003/providers/Microsoft.Authorization/roleAssignments/2463d889-9306-461f-9d61-10b0b2388ccb?api-version=2020-04-01-preview
  response:
    body:
      string: '{"properties":{"roleDefinitionId":"/subscriptions/00000000-0000-0000-0000-000000000000/providers/Microsoft.Authorization/roleDefinitions/f1a07417-d97a-45cb-824c-7a7467783830","principalId":"00000000-0000-0000-0000-000000000001","principalType":"ServicePrincipal","scope":"/subscriptions/00000000-0000-0000-0000-000000000000/resourcegroups/clitest000001/providers/microsoft.managedidentity/userassignedidentities/id000003","condition":null,"conditionVersion":null,"createdOn":"2022-04-14T05:26:23.7231514Z","updatedOn":"2022-04-14T05:26:24.0200232Z","createdBy":null,"updatedBy":"119e1aeb-4592-42d6-9507-c66df857924f","delegatedManagedIdentityResourceId":null,"description":null},"id":"/subscriptions/00000000-0000-0000-0000-000000000000/resourcegroups/clitest000001/providers/microsoft.managedidentity/userassignedidentities/id000003/providers/Microsoft.Authorization/roleAssignments/2463d889-9306-461f-9d61-10b0b2388ccb","type":"Microsoft.Authorization/roleAssignments","name":"2463d889-9306-461f-9d61-10b0b2388ccb"}'
    headers:
      cache-control:
      - no-cache
      content-length:
      - '1017'
      content-type:
      - application/json; charset=utf-8
      date:
      - Thu, 14 Apr 2022 05:26:25 GMT
      expires:
      - '-1'
      pragma:
      - no-cache
      set-cookie:
      - x-ms-gateway-slice=Production; path=/; secure; samesite=none; httponly
      strict-transport-security:
      - max-age=31536000; includeSubDomains
      x-content-type-options:
      - nosniff
      x-ms-ratelimit-remaining-subscription-writes:
      - '1196'
    status:
      code: 201
      message: Created
- request:
    body: '{"location": "westus2", "sku": {"name": "Basic", "tier": "Free"}, "identity":
      {"type": "SystemAssigned"}, "properties": {"kubernetesVersion": "1.21.9", "dnsPrefix":
      "cliakstest-clitestwzddcfwki-8ecadf", "agentPoolProfiles": [{"count": 3, "vmSize":
      "Standard_DS2_v2", "osDiskSizeGB": 128, "osDiskType": "Managed", "kubeletDiskType":
      "OS", "workloadRuntime": "OCIContainer", "maxPods": 110, "osType": "Linux",
      "osSKU": "Ubuntu", "enableAutoScaling": false, "type": "VirtualMachineScaleSets",
      "mode": "System", "currentOrchestratorVersion": "1.21.9", "powerState": {"code":
      "Running"}, "enableNodePublicIP": false, "enableEncryptionAtHost": false, "enableUltraSSD":
      false, "enableFIPS": false, "name": "nodepool1"}], "linuxProfile": {"adminUsername":
      "azureuser", "ssh": {"publicKeys": [{"keyData": "ssh-rsa AAAAB3NzaC1yc2EAAAADAQABAAABAQDLdaun1GPmELROrLmG67+ItXDLcnRD7OCuaXCGdWFneMgqftElrhf0x0zlYjq1XzzDbHsgggcknCg2wwmaJYfqfbyicLixda+M2CxxVNu4ghKIaJ93xsimEgfD+hFdqogwKuB2C7tJr73sgFQhppae0OcbBCETCp3Sp0xmtozdpke0f0YOU8Xqf9J2nOv97+Ot8XOWjowLbQXQm63SrlGS+UkvxHX30UnJzLo6pVSYVVjL+Qu1a6qGMaMIyTSCRpm8aUaixl0xv71eHLH8LkWqDQFFB7Yp4+reIIJIArrdWb6t6zfZ8YKw+xNnafngbUboJUxRYP+lzeiRmVC3zN0L
      azcli_aks_live_test@example.com\n"}]}}, "servicePrincipalProfile": {"clientId":"00000000-0000-0000-0000-000000000001"},
      "podIdentityProfile": {"enabled": true, "allowNetworkPluginKubenet": true, "userAssignedIdentities":
      [{"name": "test-name", "namespace": "test-namespace", "identity": {"resourceId":
      "/subscriptions/00000000-0000-0000-0000-000000000000/resourcegroups/clitest000001/providers/Microsoft.ManagedIdentity/userAssignedIdentities/id000003",
      "clientId":"00000000-0000-0000-0000-000000000001", "objectId":"00000000-0000-0000-0000-000000000001"}}],
      "userAssignedIdentityExceptions": []}, "oidcIssuerProfile": {"enabled": false},
      "nodeResourceGroup": "MC_clitest000001_cliakstest000002_westus2", "enableRBAC":
      true, "enablePodSecurityPolicy": false, "networkProfile": {"networkPlugin":
      "kubenet", "podCidr": "10.244.0.0/16", "serviceCidr": "10.0.0.0/16", "dnsServiceIP":
      "10.0.0.10", "dockerBridgeCidr": "172.17.0.1/16", "outboundType": "loadBalancer",
      "loadBalancerSku": "Standard", "loadBalancerProfile": {"managedOutboundIPs":
      {"count": 1}, "effectiveOutboundIPs": [{"id": "/subscriptions/00000000-0000-0000-0000-000000000000/resourceGroups/MC_clitest000001_cliakstest000002_westus2/providers/Microsoft.Network/publicIPAddresses/f5021213-a65a-452f-93f8-a0343bde0945"}]},
      "podCidrs": ["10.244.0.0/16"], "serviceCidrs": ["10.0.0.0/16"], "ipFamilies":
      ["IPv4"]}, "identityProfile": {"kubeletidentity": {"resourceId": "/subscriptions/00000000-0000-0000-0000-000000000000/resourcegroups/MC_clitest000001_cliakstest000002_westus2/providers/Microsoft.ManagedIdentity/userAssignedIdentities/cliakstest000002-agentpool",
      "clientId":"00000000-0000-0000-0000-000000000001", "objectId":"00000000-0000-0000-0000-000000000001"}},
      "disableLocalAccounts": false, "securityProfile": {}}}'
    headers:
      Accept:
      - application/json
      Accept-Encoding:
      - gzip, deflate
      CommandName:
      - aks pod-identity add
      Connection:
      - keep-alive
      Content-Length:
      - '2960'
      Content-Type:
      - application/json
      ParameterSetName:
      - --cluster-name --resource-group --namespace --name --identity-resource-id
      User-Agent:
      - AZURECLI/2.35.0 azsdk-python-azure-mgmt-containerservice/18.0.0b Python/3.8.10
        (Linux-5.13.0-1021-azure-x86_64-with-glibc2.29)
    method: PUT
    uri: https://management.azure.com/subscriptions/00000000-0000-0000-0000-000000000000/resourceGroups/clitest000001/providers/Microsoft.ContainerService/managedClusters/cliakstest000002?api-version=2022-03-02-preview
  response:
    body:
      string: "{\n  \"id\": \"/subscriptions/00000000-0000-0000-0000-000000000000/resourcegroups/clitest000001/providers/Microsoft.ContainerService/managedClusters/cliakstest000002\",\n
        \ \"location\": \"westus2\",\n  \"name\": \"cliakstest000002\",\n  \"type\":
        \"Microsoft.ContainerService/ManagedClusters\",\n  \"properties\": {\n   \"provisioningState\":
        \"Updating\",\n   \"powerState\": {\n    \"code\": \"Running\"\n   },\n   \"kubernetesVersion\":
        \"1.21.9\",\n   \"currentKubernetesVersion\": \"1.21.9\",\n   \"dnsPrefix\":
        \"cliakstest-clitestwzddcfwki-8ecadf\",\n   \"fqdn\": \"cliakstest-clitestwzddcfwki-8ecadf-2353a4cb.hcp.westus2.azmk8s.io\",\n
        \  \"azurePortalFQDN\": \"cliakstest-clitestwzddcfwki-8ecadf-2353a4cb.portal.hcp.westus2.azmk8s.io\",\n
        \  \"agentPoolProfiles\": [\n    {\n     \"name\": \"nodepool1\",\n     \"count\":
        3,\n     \"vmSize\": \"Standard_DS2_v2\",\n     \"osDiskSizeGB\": 128,\n     \"osDiskType\":
        \"Managed\",\n     \"kubeletDiskType\": \"OS\",\n     \"workloadRuntime\":
        \"OCIContainer\",\n     \"maxPods\": 110,\n     \"type\": \"VirtualMachineScaleSets\",\n
        \    \"enableAutoScaling\": false,\n     \"provisioningState\": \"Updating\",\n
        \    \"powerState\": {\n      \"code\": \"Running\"\n     },\n     \"currentOrchestratorVersion\":
        \"1.21.9\",\n     \"enableNodePublicIP\": false,\n     \"mode\": \"System\",\n
        \    \"enableEncryptionAtHost\": false,\n     \"enableUltraSSD\": false,\n
        \    \"osType\": \"Linux\",\n     \"osSKU\": \"Ubuntu\",\n     \"nodeImageVersion\":
        \"AKSUbuntu-1804gen2containerd-2022.03.29\",\n     \"enableFIPS\": false\n
        \   }\n   ],\n   \"linuxProfile\": {\n    \"adminUsername\": \"azureuser\",\n
        \   \"ssh\": {\n     \"publicKeys\": [\n      {\n       \"keyData\": \"ssh-rsa
        AAAAB3NzaC1yc2EAAAADAQABAAABAQDLdaun1GPmELROrLmG67+ItXDLcnRD7OCuaXCGdWFneMgqftElrhf0x0zlYjq1XzzDbHsgggcknCg2wwmaJYfqfbyicLixda+M2CxxVNu4ghKIaJ93xsimEgfD+hFdqogwKuB2C7tJr73sgFQhppae0OcbBCETCp3Sp0xmtozdpke0f0YOU8Xqf9J2nOv97+Ot8XOWjowLbQXQm63SrlGS+UkvxHX30UnJzLo6pVSYVVjL+Qu1a6qGMaMIyTSCRpm8aUaixl0xv71eHLH8LkWqDQFFB7Yp4+reIIJIArrdWb6t6zfZ8YKw+xNnafngbUboJUxRYP+lzeiRmVC3zN0L
        azcli_aks_live_test@example.com\\n\"\n      }\n     ]\n    }\n   },\n   \"servicePrincipalProfile\":
        {\n    \"clientId\":\"00000000-0000-0000-0000-000000000001\"\n   },\n   \"nodeResourceGroup\":
        \"MC_clitest000001_cliakstest000002_westus2\",\n   \"enableRBAC\": true,\n
        \  \"enablePodSecurityPolicy\": false,\n   \"networkProfile\": {\n    \"networkPlugin\":
        \"kubenet\",\n    \"loadBalancerSku\": \"Standard\",\n    \"loadBalancerProfile\":
        {\n     \"managedOutboundIPs\": {\n      \"count\": 1\n     },\n     \"effectiveOutboundIPs\":
        [\n      {\n       \"id\": \"/subscriptions/00000000-0000-0000-0000-000000000000/resourceGroups/MC_clitest000001_cliakstest000002_westus2/providers/Microsoft.Network/publicIPAddresses/f5021213-a65a-452f-93f8-a0343bde0945\"\n
        \     }\n     ]\n    },\n    \"podCidr\": \"10.244.0.0/16\",\n    \"serviceCidr\":
        \"10.0.0.0/16\",\n    \"dnsServiceIP\": \"10.0.0.10\",\n    \"dockerBridgeCidr\":
        \"172.17.0.1/16\",\n    \"outboundType\": \"loadBalancer\",\n    \"podCidrs\":
        [\n     \"10.244.0.0/16\"\n    ],\n    \"serviceCidrs\": [\n     \"10.0.0.0/16\"\n
        \   ],\n    \"ipFamilies\": [\n     \"IPv4\"\n    ]\n   },\n   \"maxAgentPools\":
        100,\n   \"identityProfile\": {\n    \"kubeletidentity\": {\n     \"resourceId\":
        \"/subscriptions/00000000-0000-0000-0000-000000000000/resourcegroups/MC_clitest000001_cliakstest000002_westus2/providers/Microsoft.ManagedIdentity/userAssignedIdentities/cliakstest000002-agentpool\",\n
        \    \"clientId\":\"00000000-0000-0000-0000-000000000001\",\n     \"objectId\":\"00000000-0000-0000-0000-000000000001\"\n
        \   }\n   },\n   \"podIdentityProfile\": {\n    \"enabled\": true,\n    \"allowNetworkPluginKubenet\":
        true,\n    \"userAssignedIdentities\": [\n     {\n      \"name\": \"test-name\",\n
        \     \"namespace\": \"test-namespace\",\n      \"identity\": {\n       \"resourceId\":
        \"/subscriptions/00000000-0000-0000-0000-000000000000/resourcegroups/clitest000001/providers/Microsoft.ManagedIdentity/userAssignedIdentities/id000003\",\n
        \      \"clientId\":\"00000000-0000-0000-0000-000000000001\",\n       \"objectId\":\"00000000-0000-0000-0000-000000000001\"\n
        \     },\n      \"provisioningState\": \"Updating\"\n     }\n    ]\n   },\n
        \  \"disableLocalAccounts\": false,\n   \"securityProfile\": {},\n   \"oidcIssuerProfile\":
        {\n    \"enabled\": false\n   }\n  },\n  \"identity\": {\n   \"type\": \"SystemAssigned\",\n
        \  \"principalId\":\"00000000-0000-0000-0000-000000000001\",\n   \"tenantId\":
        \"72f988bf-86f1-41af-91ab-2d7cd011db47\"\n  },\n  \"sku\": {\n   \"name\":
        \"Basic\",\n   \"tier\": \"Free\"\n  }\n }"
    headers:
      azure-asyncoperation:
      - https://management.azure.com/subscriptions/00000000-0000-0000-0000-000000000000/providers/Microsoft.ContainerService/locations/westus2/operations/d959c91c-cd04-4719-9cc2-9628f648c561?api-version=2016-03-30
      cache-control:
      - no-cache
      content-length:
      - '4272'
      content-type:
      - application/json
      date:
      - Thu, 14 Apr 2022 05:26:58 GMT
      expires:
      - '-1'
      pragma:
      - no-cache
      server:
      - nginx
      strict-transport-security:
      - max-age=31536000; includeSubDomains
      transfer-encoding:
      - chunked
      vary:
      - Accept-Encoding
      x-content-type-options:
      - nosniff
      x-ms-ratelimit-remaining-subscription-writes:
      - '1194'
    status:
      code: 200
      message: OK
- request:
    body: null
    headers:
      Accept:
      - '*/*'
      Accept-Encoding:
      - gzip, deflate
      CommandName:
      - aks pod-identity add
      Connection:
      - keep-alive
      ParameterSetName:
      - --cluster-name --resource-group --namespace --name --identity-resource-id
      User-Agent:
      - AZURECLI/2.35.0 azsdk-python-azure-mgmt-containerservice/18.0.0b Python/3.8.10
        (Linux-5.13.0-1021-azure-x86_64-with-glibc2.29)
    method: GET
    uri: https://management.azure.com/subscriptions/00000000-0000-0000-0000-000000000000/providers/Microsoft.ContainerService/locations/westus2/operations/d959c91c-cd04-4719-9cc2-9628f648c561?api-version=2016-03-30
  response:
    body:
      string: "{\n  \"name\": \"1cc959d9-04cd-1947-9cc2-9628f648c561\",\n  \"status\":
        \"InProgress\",\n  \"startTime\": \"2022-04-14T05:26:58.47Z\"\n }"
    headers:
      cache-control:
      - no-cache
      content-length:
      - '121'
      content-type:
      - application/json
      date:
      - Thu, 14 Apr 2022 05:27:28 GMT
      expires:
      - '-1'
      pragma:
      - no-cache
      server:
      - nginx
      strict-transport-security:
      - max-age=31536000; includeSubDomains
      transfer-encoding:
      - chunked
      vary:
      - Accept-Encoding
      x-content-type-options:
      - nosniff
    status:
      code: 200
      message: OK
- request:
    body: null
    headers:
      Accept:
      - '*/*'
      Accept-Encoding:
      - gzip, deflate
      CommandName:
      - aks pod-identity add
      Connection:
      - keep-alive
      ParameterSetName:
      - --cluster-name --resource-group --namespace --name --identity-resource-id
      User-Agent:
      - AZURECLI/2.35.0 azsdk-python-azure-mgmt-containerservice/18.0.0b Python/3.8.10
        (Linux-5.13.0-1021-azure-x86_64-with-glibc2.29)
    method: GET
    uri: https://management.azure.com/subscriptions/00000000-0000-0000-0000-000000000000/providers/Microsoft.ContainerService/locations/westus2/operations/d959c91c-cd04-4719-9cc2-9628f648c561?api-version=2016-03-30
  response:
    body:
      string: "{\n  \"name\": \"1cc959d9-04cd-1947-9cc2-9628f648c561\",\n  \"status\":
        \"InProgress\",\n  \"startTime\": \"2022-04-14T05:26:58.47Z\"\n }"
    headers:
      cache-control:
      - no-cache
      content-length:
      - '121'
      content-type:
      - application/json
      date:
      - Thu, 14 Apr 2022 05:27:58 GMT
      expires:
      - '-1'
      pragma:
      - no-cache
      server:
      - nginx
      strict-transport-security:
      - max-age=31536000; includeSubDomains
      transfer-encoding:
      - chunked
      vary:
      - Accept-Encoding
      x-content-type-options:
      - nosniff
    status:
      code: 200
      message: OK
- request:
    body: null
    headers:
      Accept:
      - '*/*'
      Accept-Encoding:
      - gzip, deflate
      CommandName:
      - aks pod-identity add
      Connection:
      - keep-alive
      ParameterSetName:
      - --cluster-name --resource-group --namespace --name --identity-resource-id
      User-Agent:
      - AZURECLI/2.35.0 azsdk-python-azure-mgmt-containerservice/18.0.0b Python/3.8.10
        (Linux-5.13.0-1021-azure-x86_64-with-glibc2.29)
    method: GET
    uri: https://management.azure.com/subscriptions/00000000-0000-0000-0000-000000000000/providers/Microsoft.ContainerService/locations/westus2/operations/d959c91c-cd04-4719-9cc2-9628f648c561?api-version=2016-03-30
  response:
    body:
      string: "{\n  \"name\": \"1cc959d9-04cd-1947-9cc2-9628f648c561\",\n  \"status\":
        \"Succeeded\",\n  \"startTime\": \"2022-04-14T05:26:58.47Z\",\n  \"endTime\":
        \"2022-04-14T05:28:11.2356783Z\"\n }"
    headers:
      cache-control:
      - no-cache
      content-length:
      - '165'
      content-type:
      - application/json
      date:
      - Thu, 14 Apr 2022 05:28:29 GMT
      expires:
      - '-1'
      pragma:
      - no-cache
      server:
      - nginx
      strict-transport-security:
      - max-age=31536000; includeSubDomains
      transfer-encoding:
      - chunked
      vary:
      - Accept-Encoding
      x-content-type-options:
      - nosniff
    status:
      code: 200
      message: OK
- request:
    body: null
    headers:
      Accept:
      - '*/*'
      Accept-Encoding:
      - gzip, deflate
      CommandName:
      - aks pod-identity add
      Connection:
      - keep-alive
      ParameterSetName:
      - --cluster-name --resource-group --namespace --name --identity-resource-id
      User-Agent:
      - AZURECLI/2.35.0 azsdk-python-azure-mgmt-containerservice/18.0.0b Python/3.8.10
        (Linux-5.13.0-1021-azure-x86_64-with-glibc2.29)
    method: GET
    uri: https://management.azure.com/subscriptions/00000000-0000-0000-0000-000000000000/resourceGroups/clitest000001/providers/Microsoft.ContainerService/managedClusters/cliakstest000002?api-version=2022-03-02-preview
  response:
    body:
      string: "{\n  \"id\": \"/subscriptions/00000000-0000-0000-0000-000000000000/resourcegroups/clitest000001/providers/Microsoft.ContainerService/managedClusters/cliakstest000002\",\n
        \ \"location\": \"westus2\",\n  \"name\": \"cliakstest000002\",\n  \"type\":
        \"Microsoft.ContainerService/ManagedClusters\",\n  \"properties\": {\n   \"provisioningState\":
        \"Succeeded\",\n   \"powerState\": {\n    \"code\": \"Running\"\n   },\n   \"kubernetesVersion\":
        \"1.21.9\",\n   \"currentKubernetesVersion\": \"1.21.9\",\n   \"dnsPrefix\":
        \"cliakstest-clitestwzddcfwki-8ecadf\",\n   \"fqdn\": \"cliakstest-clitestwzddcfwki-8ecadf-2353a4cb.hcp.westus2.azmk8s.io\",\n
        \  \"azurePortalFQDN\": \"cliakstest-clitestwzddcfwki-8ecadf-2353a4cb.portal.hcp.westus2.azmk8s.io\",\n
        \  \"agentPoolProfiles\": [\n    {\n     \"name\": \"nodepool1\",\n     \"count\":
        3,\n     \"vmSize\": \"Standard_DS2_v2\",\n     \"osDiskSizeGB\": 128,\n     \"osDiskType\":
        \"Managed\",\n     \"kubeletDiskType\": \"OS\",\n     \"workloadRuntime\":
        \"OCIContainer\",\n     \"maxPods\": 110,\n     \"type\": \"VirtualMachineScaleSets\",\n
        \    \"enableAutoScaling\": false,\n     \"provisioningState\": \"Succeeded\",\n
        \    \"powerState\": {\n      \"code\": \"Running\"\n     },\n     \"currentOrchestratorVersion\":
        \"1.21.9\",\n     \"enableNodePublicIP\": false,\n     \"mode\": \"System\",\n
        \    \"enableEncryptionAtHost\": false,\n     \"enableUltraSSD\": false,\n
        \    \"osType\": \"Linux\",\n     \"osSKU\": \"Ubuntu\",\n     \"nodeImageVersion\":
        \"AKSUbuntu-1804gen2containerd-2022.03.29\",\n     \"enableFIPS\": false\n
        \   }\n   ],\n   \"linuxProfile\": {\n    \"adminUsername\": \"azureuser\",\n
        \   \"ssh\": {\n     \"publicKeys\": [\n      {\n       \"keyData\": \"ssh-rsa
        AAAAB3NzaC1yc2EAAAADAQABAAABAQDLdaun1GPmELROrLmG67+ItXDLcnRD7OCuaXCGdWFneMgqftElrhf0x0zlYjq1XzzDbHsgggcknCg2wwmaJYfqfbyicLixda+M2CxxVNu4ghKIaJ93xsimEgfD+hFdqogwKuB2C7tJr73sgFQhppae0OcbBCETCp3Sp0xmtozdpke0f0YOU8Xqf9J2nOv97+Ot8XOWjowLbQXQm63SrlGS+UkvxHX30UnJzLo6pVSYVVjL+Qu1a6qGMaMIyTSCRpm8aUaixl0xv71eHLH8LkWqDQFFB7Yp4+reIIJIArrdWb6t6zfZ8YKw+xNnafngbUboJUxRYP+lzeiRmVC3zN0L
        azcli_aks_live_test@example.com\\n\"\n      }\n     ]\n    }\n   },\n   \"servicePrincipalProfile\":
        {\n    \"clientId\":\"00000000-0000-0000-0000-000000000001\"\n   },\n   \"nodeResourceGroup\":
        \"MC_clitest000001_cliakstest000002_westus2\",\n   \"enableRBAC\": true,\n
        \  \"enablePodSecurityPolicy\": false,\n   \"networkProfile\": {\n    \"networkPlugin\":
        \"kubenet\",\n    \"loadBalancerSku\": \"Standard\",\n    \"loadBalancerProfile\":
        {\n     \"managedOutboundIPs\": {\n      \"count\": 1\n     },\n     \"effectiveOutboundIPs\":
        [\n      {\n       \"id\": \"/subscriptions/00000000-0000-0000-0000-000000000000/resourceGroups/MC_clitest000001_cliakstest000002_westus2/providers/Microsoft.Network/publicIPAddresses/f5021213-a65a-452f-93f8-a0343bde0945\"\n
        \     }\n     ]\n    },\n    \"podCidr\": \"10.244.0.0/16\",\n    \"serviceCidr\":
        \"10.0.0.0/16\",\n    \"dnsServiceIP\": \"10.0.0.10\",\n    \"dockerBridgeCidr\":
        \"172.17.0.1/16\",\n    \"outboundType\": \"loadBalancer\",\n    \"podCidrs\":
        [\n     \"10.244.0.0/16\"\n    ],\n    \"serviceCidrs\": [\n     \"10.0.0.0/16\"\n
        \   ],\n    \"ipFamilies\": [\n     \"IPv4\"\n    ]\n   },\n   \"maxAgentPools\":
        100,\n   \"identityProfile\": {\n    \"kubeletidentity\": {\n     \"resourceId\":
        \"/subscriptions/00000000-0000-0000-0000-000000000000/resourcegroups/MC_clitest000001_cliakstest000002_westus2/providers/Microsoft.ManagedIdentity/userAssignedIdentities/cliakstest000002-agentpool\",\n
        \    \"clientId\":\"00000000-0000-0000-0000-000000000001\",\n     \"objectId\":\"00000000-0000-0000-0000-000000000001\"\n
        \   }\n   },\n   \"podIdentityProfile\": {\n    \"enabled\": true,\n    \"allowNetworkPluginKubenet\":
        true,\n    \"userAssignedIdentities\": [\n     {\n      \"name\": \"test-name\",\n
        \     \"namespace\": \"test-namespace\",\n      \"identity\": {\n       \"resourceId\":
        \"/subscriptions/00000000-0000-0000-0000-000000000000/resourcegroups/clitest000001/providers/Microsoft.ManagedIdentity/userAssignedIdentities/id000003\",\n
        \      \"clientId\":\"00000000-0000-0000-0000-000000000001\",\n       \"objectId\":\"00000000-0000-0000-0000-000000000001\"\n
        \     },\n      \"provisioningState\": \"Assigned\"\n     }\n    ]\n   },\n
        \  \"disableLocalAccounts\": false,\n   \"securityProfile\": {},\n   \"oidcIssuerProfile\":
        {\n    \"enabled\": false\n   }\n  },\n  \"identity\": {\n   \"type\": \"SystemAssigned\",\n
        \  \"principalId\":\"00000000-0000-0000-0000-000000000001\",\n   \"tenantId\":
        \"72f988bf-86f1-41af-91ab-2d7cd011db47\"\n  },\n  \"sku\": {\n   \"name\":
        \"Basic\",\n   \"tier\": \"Free\"\n  }\n }"
    headers:
      cache-control:
      - no-cache
      content-length:
      - '4274'
      content-type:
      - application/json
      date:
      - Thu, 14 Apr 2022 05:28:29 GMT
      expires:
      - '-1'
      pragma:
      - no-cache
      server:
      - nginx
      strict-transport-security:
      - max-age=31536000; includeSubDomains
      transfer-encoding:
      - chunked
      vary:
      - Accept-Encoding
      x-content-type-options:
      - nosniff
    status:
      code: 200
      message: OK
- request:
    body: null
    headers:
      Accept:
      - application/json
      Accept-Encoding:
      - gzip, deflate
      CommandName:
      - aks pod-identity delete
      Connection:
      - keep-alive
      ParameterSetName:
      - --cluster-name --resource-group --namespace --name
      User-Agent:
      - AZURECLI/2.35.0 azsdk-python-azure-mgmt-containerservice/18.0.0b Python/3.8.10
        (Linux-5.13.0-1021-azure-x86_64-with-glibc2.29)
    method: GET
    uri: https://management.azure.com/subscriptions/00000000-0000-0000-0000-000000000000/resourceGroups/clitest000001/providers/Microsoft.ContainerService/managedClusters/cliakstest000002?api-version=2022-03-02-preview
  response:
    body:
      string: "{\n  \"id\": \"/subscriptions/00000000-0000-0000-0000-000000000000/resourcegroups/clitest000001/providers/Microsoft.ContainerService/managedClusters/cliakstest000002\",\n
        \ \"location\": \"westus2\",\n  \"name\": \"cliakstest000002\",\n  \"type\":
        \"Microsoft.ContainerService/ManagedClusters\",\n  \"properties\": {\n   \"provisioningState\":
        \"Succeeded\",\n   \"powerState\": {\n    \"code\": \"Running\"\n   },\n   \"kubernetesVersion\":
        \"1.21.9\",\n   \"currentKubernetesVersion\": \"1.21.9\",\n   \"dnsPrefix\":
        \"cliakstest-clitestwzddcfwki-8ecadf\",\n   \"fqdn\": \"cliakstest-clitestwzddcfwki-8ecadf-2353a4cb.hcp.westus2.azmk8s.io\",\n
        \  \"azurePortalFQDN\": \"cliakstest-clitestwzddcfwki-8ecadf-2353a4cb.portal.hcp.westus2.azmk8s.io\",\n
        \  \"agentPoolProfiles\": [\n    {\n     \"name\": \"nodepool1\",\n     \"count\":
        3,\n     \"vmSize\": \"Standard_DS2_v2\",\n     \"osDiskSizeGB\": 128,\n     \"osDiskType\":
        \"Managed\",\n     \"kubeletDiskType\": \"OS\",\n     \"workloadRuntime\":
        \"OCIContainer\",\n     \"maxPods\": 110,\n     \"type\": \"VirtualMachineScaleSets\",\n
        \    \"enableAutoScaling\": false,\n     \"provisioningState\": \"Succeeded\",\n
        \    \"powerState\": {\n      \"code\": \"Running\"\n     },\n     \"currentOrchestratorVersion\":
        \"1.21.9\",\n     \"enableNodePublicIP\": false,\n     \"mode\": \"System\",\n
        \    \"enableEncryptionAtHost\": false,\n     \"enableUltraSSD\": false,\n
        \    \"osType\": \"Linux\",\n     \"osSKU\": \"Ubuntu\",\n     \"nodeImageVersion\":
        \"AKSUbuntu-1804gen2containerd-2022.03.29\",\n     \"enableFIPS\": false\n
        \   }\n   ],\n   \"linuxProfile\": {\n    \"adminUsername\": \"azureuser\",\n
        \   \"ssh\": {\n     \"publicKeys\": [\n      {\n       \"keyData\": \"ssh-rsa
        AAAAB3NzaC1yc2EAAAADAQABAAABAQDLdaun1GPmELROrLmG67+ItXDLcnRD7OCuaXCGdWFneMgqftElrhf0x0zlYjq1XzzDbHsgggcknCg2wwmaJYfqfbyicLixda+M2CxxVNu4ghKIaJ93xsimEgfD+hFdqogwKuB2C7tJr73sgFQhppae0OcbBCETCp3Sp0xmtozdpke0f0YOU8Xqf9J2nOv97+Ot8XOWjowLbQXQm63SrlGS+UkvxHX30UnJzLo6pVSYVVjL+Qu1a6qGMaMIyTSCRpm8aUaixl0xv71eHLH8LkWqDQFFB7Yp4+reIIJIArrdWb6t6zfZ8YKw+xNnafngbUboJUxRYP+lzeiRmVC3zN0L
        azcli_aks_live_test@example.com\\n\"\n      }\n     ]\n    }\n   },\n   \"servicePrincipalProfile\":
        {\n    \"clientId\":\"00000000-0000-0000-0000-000000000001\"\n   },\n   \"nodeResourceGroup\":
        \"MC_clitest000001_cliakstest000002_westus2\",\n   \"enableRBAC\": true,\n
        \  \"enablePodSecurityPolicy\": false,\n   \"networkProfile\": {\n    \"networkPlugin\":
        \"kubenet\",\n    \"loadBalancerSku\": \"Standard\",\n    \"loadBalancerProfile\":
        {\n     \"managedOutboundIPs\": {\n      \"count\": 1\n     },\n     \"effectiveOutboundIPs\":
        [\n      {\n       \"id\": \"/subscriptions/00000000-0000-0000-0000-000000000000/resourceGroups/MC_clitest000001_cliakstest000002_westus2/providers/Microsoft.Network/publicIPAddresses/f5021213-a65a-452f-93f8-a0343bde0945\"\n
        \     }\n     ]\n    },\n    \"podCidr\": \"10.244.0.0/16\",\n    \"serviceCidr\":
        \"10.0.0.0/16\",\n    \"dnsServiceIP\": \"10.0.0.10\",\n    \"dockerBridgeCidr\":
        \"172.17.0.1/16\",\n    \"outboundType\": \"loadBalancer\",\n    \"podCidrs\":
        [\n     \"10.244.0.0/16\"\n    ],\n    \"serviceCidrs\": [\n     \"10.0.0.0/16\"\n
        \   ],\n    \"ipFamilies\": [\n     \"IPv4\"\n    ]\n   },\n   \"maxAgentPools\":
        100,\n   \"identityProfile\": {\n    \"kubeletidentity\": {\n     \"resourceId\":
        \"/subscriptions/00000000-0000-0000-0000-000000000000/resourcegroups/MC_clitest000001_cliakstest000002_westus2/providers/Microsoft.ManagedIdentity/userAssignedIdentities/cliakstest000002-agentpool\",\n
        \    \"clientId\":\"00000000-0000-0000-0000-000000000001\",\n     \"objectId\":\"00000000-0000-0000-0000-000000000001\"\n
        \   }\n   },\n   \"podIdentityProfile\": {\n    \"enabled\": true,\n    \"allowNetworkPluginKubenet\":
        true,\n    \"userAssignedIdentities\": [\n     {\n      \"name\": \"test-name\",\n
        \     \"namespace\": \"test-namespace\",\n      \"identity\": {\n       \"resourceId\":
        \"/subscriptions/00000000-0000-0000-0000-000000000000/resourcegroups/clitest000001/providers/Microsoft.ManagedIdentity/userAssignedIdentities/id000003\",\n
        \      \"clientId\":\"00000000-0000-0000-0000-000000000001\",\n       \"objectId\":\"00000000-0000-0000-0000-000000000001\"\n
        \     },\n      \"provisioningState\": \"Assigned\"\n     }\n    ]\n   },\n
        \  \"disableLocalAccounts\": false,\n   \"securityProfile\": {},\n   \"oidcIssuerProfile\":
        {\n    \"enabled\": false\n   }\n  },\n  \"identity\": {\n   \"type\": \"SystemAssigned\",\n
        \  \"principalId\":\"00000000-0000-0000-0000-000000000001\",\n   \"tenantId\":
        \"72f988bf-86f1-41af-91ab-2d7cd011db47\"\n  },\n  \"sku\": {\n   \"name\":
        \"Basic\",\n   \"tier\": \"Free\"\n  }\n }"
    headers:
      cache-control:
      - no-cache
      content-length:
      - '4274'
      content-type:
      - application/json
      date:
      - Thu, 14 Apr 2022 05:28:29 GMT
      expires:
      - '-1'
      pragma:
      - no-cache
      server:
      - nginx
      strict-transport-security:
      - max-age=31536000; includeSubDomains
      transfer-encoding:
      - chunked
      vary:
      - Accept-Encoding
      x-content-type-options:
      - nosniff
    status:
      code: 200
      message: OK
- request:
    body: '{"location": "westus2", "sku": {"name": "Basic", "tier": "Free"}, "identity":
      {"type": "SystemAssigned"}, "properties": {"kubernetesVersion": "1.21.9", "dnsPrefix":
      "cliakstest-clitestwzddcfwki-8ecadf", "agentPoolProfiles": [{"count": 3, "vmSize":
      "Standard_DS2_v2", "osDiskSizeGB": 128, "osDiskType": "Managed", "kubeletDiskType":
      "OS", "workloadRuntime": "OCIContainer", "maxPods": 110, "osType": "Linux",
      "osSKU": "Ubuntu", "enableAutoScaling": false, "type": "VirtualMachineScaleSets",
      "mode": "System", "currentOrchestratorVersion": "1.21.9", "powerState": {"code":
      "Running"}, "enableNodePublicIP": false, "enableEncryptionAtHost": false, "enableUltraSSD":
      false, "enableFIPS": false, "name": "nodepool1"}], "linuxProfile": {"adminUsername":
      "azureuser", "ssh": {"publicKeys": [{"keyData": "ssh-rsa AAAAB3NzaC1yc2EAAAADAQABAAABAQDLdaun1GPmELROrLmG67+ItXDLcnRD7OCuaXCGdWFneMgqftElrhf0x0zlYjq1XzzDbHsgggcknCg2wwmaJYfqfbyicLixda+M2CxxVNu4ghKIaJ93xsimEgfD+hFdqogwKuB2C7tJr73sgFQhppae0OcbBCETCp3Sp0xmtozdpke0f0YOU8Xqf9J2nOv97+Ot8XOWjowLbQXQm63SrlGS+UkvxHX30UnJzLo6pVSYVVjL+Qu1a6qGMaMIyTSCRpm8aUaixl0xv71eHLH8LkWqDQFFB7Yp4+reIIJIArrdWb6t6zfZ8YKw+xNnafngbUboJUxRYP+lzeiRmVC3zN0L
      azcli_aks_live_test@example.com\n"}]}}, "servicePrincipalProfile": {"clientId":"00000000-0000-0000-0000-000000000001"},
      "podIdentityProfile": {"enabled": true, "allowNetworkPluginKubenet": true, "userAssignedIdentities":
      [], "userAssignedIdentityExceptions": []}, "oidcIssuerProfile": {"enabled":
      false}, "nodeResourceGroup": "MC_clitest000001_cliakstest000002_westus2", "enableRBAC":
      true, "enablePodSecurityPolicy": false, "networkProfile": {"networkPlugin":
      "kubenet", "podCidr": "10.244.0.0/16", "serviceCidr": "10.0.0.0/16", "dnsServiceIP":
      "10.0.0.10", "dockerBridgeCidr": "172.17.0.1/16", "outboundType": "loadBalancer",
      "loadBalancerSku": "Standard", "loadBalancerProfile": {"managedOutboundIPs":
      {"count": 1}, "effectiveOutboundIPs": [{"id": "/subscriptions/00000000-0000-0000-0000-000000000000/resourceGroups/MC_clitest000001_cliakstest000002_westus2/providers/Microsoft.Network/publicIPAddresses/f5021213-a65a-452f-93f8-a0343bde0945"}]},
      "podCidrs": ["10.244.0.0/16"], "serviceCidrs": ["10.0.0.0/16"], "ipFamilies":
      ["IPv4"]}, "identityProfile": {"kubeletidentity": {"resourceId": "/subscriptions/00000000-0000-0000-0000-000000000000/resourcegroups/MC_clitest000001_cliakstest000002_westus2/providers/Microsoft.ManagedIdentity/userAssignedIdentities/cliakstest000002-agentpool",
      "clientId":"00000000-0000-0000-0000-000000000001", "objectId":"00000000-0000-0000-0000-000000000001"}},
      "disableLocalAccounts": false, "securityProfile": {}}}'
    headers:
      Accept:
      - application/json
      Accept-Encoding:
      - gzip, deflate
      CommandName:
      - aks pod-identity delete
      Connection:
      - keep-alive
      Content-Length:
      - '2626'
      Content-Type:
      - application/json
      ParameterSetName:
      - --cluster-name --resource-group --namespace --name
      User-Agent:
      - AZURECLI/2.35.0 azsdk-python-azure-mgmt-containerservice/18.0.0b Python/3.8.10
        (Linux-5.13.0-1021-azure-x86_64-with-glibc2.29)
    method: PUT
    uri: https://management.azure.com/subscriptions/00000000-0000-0000-0000-000000000000/resourceGroups/clitest000001/providers/Microsoft.ContainerService/managedClusters/cliakstest000002?api-version=2022-03-02-preview
  response:
    body:
      string: "{\n  \"id\": \"/subscriptions/00000000-0000-0000-0000-000000000000/resourcegroups/clitest000001/providers/Microsoft.ContainerService/managedClusters/cliakstest000002\",\n
        \ \"location\": \"westus2\",\n  \"name\": \"cliakstest000002\",\n  \"type\":
        \"Microsoft.ContainerService/ManagedClusters\",\n  \"properties\": {\n   \"provisioningState\":
        \"Updating\",\n   \"powerState\": {\n    \"code\": \"Running\"\n   },\n   \"kubernetesVersion\":
        \"1.21.9\",\n   \"currentKubernetesVersion\": \"1.21.9\",\n   \"dnsPrefix\":
        \"cliakstest-clitestwzddcfwki-8ecadf\",\n   \"fqdn\": \"cliakstest-clitestwzddcfwki-8ecadf-2353a4cb.hcp.westus2.azmk8s.io\",\n
        \  \"azurePortalFQDN\": \"cliakstest-clitestwzddcfwki-8ecadf-2353a4cb.portal.hcp.westus2.azmk8s.io\",\n
        \  \"agentPoolProfiles\": [\n    {\n     \"name\": \"nodepool1\",\n     \"count\":
        3,\n     \"vmSize\": \"Standard_DS2_v2\",\n     \"osDiskSizeGB\": 128,\n     \"osDiskType\":
        \"Managed\",\n     \"kubeletDiskType\": \"OS\",\n     \"workloadRuntime\":
        \"OCIContainer\",\n     \"maxPods\": 110,\n     \"type\": \"VirtualMachineScaleSets\",\n
        \    \"enableAutoScaling\": false,\n     \"provisioningState\": \"Updating\",\n
        \    \"powerState\": {\n      \"code\": \"Running\"\n     },\n     \"currentOrchestratorVersion\":
        \"1.21.9\",\n     \"enableNodePublicIP\": false,\n     \"mode\": \"System\",\n
        \    \"enableEncryptionAtHost\": false,\n     \"enableUltraSSD\": false,\n
        \    \"osType\": \"Linux\",\n     \"osSKU\": \"Ubuntu\",\n     \"nodeImageVersion\":
        \"AKSUbuntu-1804gen2containerd-2022.03.29\",\n     \"enableFIPS\": false\n
        \   }\n   ],\n   \"linuxProfile\": {\n    \"adminUsername\": \"azureuser\",\n
        \   \"ssh\": {\n     \"publicKeys\": [\n      {\n       \"keyData\": \"ssh-rsa
        AAAAB3NzaC1yc2EAAAADAQABAAABAQDLdaun1GPmELROrLmG67+ItXDLcnRD7OCuaXCGdWFneMgqftElrhf0x0zlYjq1XzzDbHsgggcknCg2wwmaJYfqfbyicLixda+M2CxxVNu4ghKIaJ93xsimEgfD+hFdqogwKuB2C7tJr73sgFQhppae0OcbBCETCp3Sp0xmtozdpke0f0YOU8Xqf9J2nOv97+Ot8XOWjowLbQXQm63SrlGS+UkvxHX30UnJzLo6pVSYVVjL+Qu1a6qGMaMIyTSCRpm8aUaixl0xv71eHLH8LkWqDQFFB7Yp4+reIIJIArrdWb6t6zfZ8YKw+xNnafngbUboJUxRYP+lzeiRmVC3zN0L
        azcli_aks_live_test@example.com\\n\"\n      }\n     ]\n    }\n   },\n   \"servicePrincipalProfile\":
        {\n    \"clientId\":\"00000000-0000-0000-0000-000000000001\"\n   },\n   \"nodeResourceGroup\":
        \"MC_clitest000001_cliakstest000002_westus2\",\n   \"enableRBAC\": true,\n
        \  \"enablePodSecurityPolicy\": false,\n   \"networkProfile\": {\n    \"networkPlugin\":
        \"kubenet\",\n    \"loadBalancerSku\": \"Standard\",\n    \"loadBalancerProfile\":
        {\n     \"managedOutboundIPs\": {\n      \"count\": 1\n     },\n     \"effectiveOutboundIPs\":
        [\n      {\n       \"id\": \"/subscriptions/00000000-0000-0000-0000-000000000000/resourceGroups/MC_clitest000001_cliakstest000002_westus2/providers/Microsoft.Network/publicIPAddresses/f5021213-a65a-452f-93f8-a0343bde0945\"\n
        \     }\n     ]\n    },\n    \"podCidr\": \"10.244.0.0/16\",\n    \"serviceCidr\":
        \"10.0.0.0/16\",\n    \"dnsServiceIP\": \"10.0.0.10\",\n    \"dockerBridgeCidr\":
        \"172.17.0.1/16\",\n    \"outboundType\": \"loadBalancer\",\n    \"podCidrs\":
        [\n     \"10.244.0.0/16\"\n    ],\n    \"serviceCidrs\": [\n     \"10.0.0.0/16\"\n
        \   ],\n    \"ipFamilies\": [\n     \"IPv4\"\n    ]\n   },\n   \"maxAgentPools\":
        100,\n   \"identityProfile\": {\n    \"kubeletidentity\": {\n     \"resourceId\":
        \"/subscriptions/00000000-0000-0000-0000-000000000000/resourcegroups/MC_clitest000001_cliakstest000002_westus2/providers/Microsoft.ManagedIdentity/userAssignedIdentities/cliakstest000002-agentpool\",\n
        \    \"clientId\":\"00000000-0000-0000-0000-000000000001\",\n     \"objectId\":\"00000000-0000-0000-0000-000000000001\"\n
        \   }\n   },\n   \"podIdentityProfile\": {\n    \"enabled\": true,\n    \"allowNetworkPluginKubenet\":
        true,\n    \"userAssignedIdentities\": [\n     {\n      \"name\": \"test-name\",\n
        \     \"namespace\": \"test-namespace\",\n      \"identity\": {\n       \"resourceId\":
        \"/subscriptions/00000000-0000-0000-0000-000000000000/resourcegroups/clitest000001/providers/Microsoft.ManagedIdentity/userAssignedIdentities/id000003\",\n
        \      \"clientId\":\"00000000-0000-0000-0000-000000000001\",\n       \"objectId\":\"00000000-0000-0000-0000-000000000001\"\n
        \     },\n      \"provisioningState\": \"Deleting\"\n     }\n    ]\n   },\n
        \  \"disableLocalAccounts\": false,\n   \"securityProfile\": {},\n   \"oidcIssuerProfile\":
        {\n    \"enabled\": false\n   }\n  },\n  \"identity\": {\n   \"type\": \"SystemAssigned\",\n
        \  \"principalId\":\"00000000-0000-0000-0000-000000000001\",\n   \"tenantId\":
        \"72f988bf-86f1-41af-91ab-2d7cd011db47\"\n  },\n  \"sku\": {\n   \"name\":
        \"Basic\",\n   \"tier\": \"Free\"\n  }\n }"
    headers:
      azure-asyncoperation:
      - https://management.azure.com/subscriptions/00000000-0000-0000-0000-000000000000/providers/Microsoft.ContainerService/locations/westus2/operations/1f7313b0-ede5-4081-9efd-bc6ba023f1df?api-version=2016-03-30
      cache-control:
      - no-cache
      content-length:
      - '4272'
      content-type:
      - application/json
      date:
      - Thu, 14 Apr 2022 05:28:31 GMT
      expires:
      - '-1'
      pragma:
      - no-cache
      server:
      - nginx
      strict-transport-security:
      - max-age=31536000; includeSubDomains
      transfer-encoding:
      - chunked
      vary:
      - Accept-Encoding
      x-content-type-options:
      - nosniff
      x-ms-ratelimit-remaining-subscription-writes:
      - '1191'
    status:
      code: 200
      message: OK
- request:
    body: null
    headers:
      Accept:
      - '*/*'
      Accept-Encoding:
      - gzip, deflate
      CommandName:
      - aks pod-identity delete
      Connection:
      - keep-alive
      ParameterSetName:
      - --cluster-name --resource-group --namespace --name
      User-Agent:
      - AZURECLI/2.35.0 azsdk-python-azure-mgmt-containerservice/18.0.0b Python/3.8.10
        (Linux-5.13.0-1021-azure-x86_64-with-glibc2.29)
    method: GET
    uri: https://management.azure.com/subscriptions/00000000-0000-0000-0000-000000000000/providers/Microsoft.ContainerService/locations/westus2/operations/1f7313b0-ede5-4081-9efd-bc6ba023f1df?api-version=2016-03-30
  response:
    body:
      string: "{\n  \"name\": \"b013731f-e5ed-8140-9efd-bc6ba023f1df\",\n  \"status\":
        \"InProgress\",\n  \"startTime\": \"2022-04-14T05:28:31.5466666Z\"\n }"
    headers:
      cache-control:
      - no-cache
      content-length:
      - '126'
      content-type:
      - application/json
      date:
      - Thu, 14 Apr 2022 05:29:01 GMT
      expires:
      - '-1'
      pragma:
      - no-cache
      server:
      - nginx
      strict-transport-security:
      - max-age=31536000; includeSubDomains
      transfer-encoding:
      - chunked
      vary:
      - Accept-Encoding
      x-content-type-options:
      - nosniff
    status:
      code: 200
      message: OK
- request:
    body: null
    headers:
      Accept:
      - '*/*'
      Accept-Encoding:
      - gzip, deflate
      CommandName:
      - aks pod-identity delete
      Connection:
      - keep-alive
      ParameterSetName:
      - --cluster-name --resource-group --namespace --name
      User-Agent:
      - AZURECLI/2.35.0 azsdk-python-azure-mgmt-containerservice/18.0.0b Python/3.8.10
        (Linux-5.13.0-1021-azure-x86_64-with-glibc2.29)
    method: GET
    uri: https://management.azure.com/subscriptions/00000000-0000-0000-0000-000000000000/providers/Microsoft.ContainerService/locations/westus2/operations/1f7313b0-ede5-4081-9efd-bc6ba023f1df?api-version=2016-03-30
  response:
    body:
      string: "{\n  \"name\": \"b013731f-e5ed-8140-9efd-bc6ba023f1df\",\n  \"status\":
        \"InProgress\",\n  \"startTime\": \"2022-04-14T05:28:31.5466666Z\"\n }"
    headers:
      cache-control:
      - no-cache
      content-length:
      - '126'
      content-type:
      - application/json
      date:
      - Thu, 14 Apr 2022 05:29:31 GMT
      expires:
      - '-1'
      pragma:
      - no-cache
      server:
      - nginx
      strict-transport-security:
      - max-age=31536000; includeSubDomains
      transfer-encoding:
      - chunked
      vary:
      - Accept-Encoding
      x-content-type-options:
      - nosniff
    status:
      code: 200
      message: OK
- request:
    body: null
    headers:
      Accept:
      - '*/*'
      Accept-Encoding:
      - gzip, deflate
      CommandName:
      - aks pod-identity delete
      Connection:
      - keep-alive
      ParameterSetName:
      - --cluster-name --resource-group --namespace --name
      User-Agent:
      - AZURECLI/2.35.0 azsdk-python-azure-mgmt-containerservice/18.0.0b Python/3.8.10
        (Linux-5.13.0-1021-azure-x86_64-with-glibc2.29)
    method: GET
    uri: https://management.azure.com/subscriptions/00000000-0000-0000-0000-000000000000/providers/Microsoft.ContainerService/locations/westus2/operations/1f7313b0-ede5-4081-9efd-bc6ba023f1df?api-version=2016-03-30
  response:
    body:
      string: "{\n  \"name\": \"b013731f-e5ed-8140-9efd-bc6ba023f1df\",\n  \"status\":
        \"Succeeded\",\n  \"startTime\": \"2022-04-14T05:28:31.5466666Z\",\n  \"endTime\":
        \"2022-04-14T05:29:45.1901305Z\"\n }"
    headers:
      cache-control:
      - no-cache
      content-length:
      - '170'
      content-type:
      - application/json
      date:
      - Thu, 14 Apr 2022 05:30:01 GMT
      expires:
      - '-1'
      pragma:
      - no-cache
      server:
      - nginx
      strict-transport-security:
      - max-age=31536000; includeSubDomains
      transfer-encoding:
      - chunked
      vary:
      - Accept-Encoding
      x-content-type-options:
      - nosniff
    status:
      code: 200
      message: OK
- request:
    body: null
    headers:
      Accept:
      - '*/*'
      Accept-Encoding:
      - gzip, deflate
      CommandName:
      - aks pod-identity delete
      Connection:
      - keep-alive
      ParameterSetName:
      - --cluster-name --resource-group --namespace --name
      User-Agent:
      - AZURECLI/2.35.0 azsdk-python-azure-mgmt-containerservice/18.0.0b Python/3.8.10
        (Linux-5.13.0-1021-azure-x86_64-with-glibc2.29)
    method: GET
    uri: https://management.azure.com/subscriptions/00000000-0000-0000-0000-000000000000/resourceGroups/clitest000001/providers/Microsoft.ContainerService/managedClusters/cliakstest000002?api-version=2022-03-02-preview
  response:
    body:
      string: "{\n  \"id\": \"/subscriptions/00000000-0000-0000-0000-000000000000/resourcegroups/clitest000001/providers/Microsoft.ContainerService/managedClusters/cliakstest000002\",\n
        \ \"location\": \"westus2\",\n  \"name\": \"cliakstest000002\",\n  \"type\":
        \"Microsoft.ContainerService/ManagedClusters\",\n  \"properties\": {\n   \"provisioningState\":
        \"Succeeded\",\n   \"powerState\": {\n    \"code\": \"Running\"\n   },\n   \"kubernetesVersion\":
        \"1.21.9\",\n   \"currentKubernetesVersion\": \"1.21.9\",\n   \"dnsPrefix\":
        \"cliakstest-clitestwzddcfwki-8ecadf\",\n   \"fqdn\": \"cliakstest-clitestwzddcfwki-8ecadf-2353a4cb.hcp.westus2.azmk8s.io\",\n
        \  \"azurePortalFQDN\": \"cliakstest-clitestwzddcfwki-8ecadf-2353a4cb.portal.hcp.westus2.azmk8s.io\",\n
        \  \"agentPoolProfiles\": [\n    {\n     \"name\": \"nodepool1\",\n     \"count\":
        3,\n     \"vmSize\": \"Standard_DS2_v2\",\n     \"osDiskSizeGB\": 128,\n     \"osDiskType\":
        \"Managed\",\n     \"kubeletDiskType\": \"OS\",\n     \"workloadRuntime\":
        \"OCIContainer\",\n     \"maxPods\": 110,\n     \"type\": \"VirtualMachineScaleSets\",\n
        \    \"enableAutoScaling\": false,\n     \"provisioningState\": \"Succeeded\",\n
        \    \"powerState\": {\n      \"code\": \"Running\"\n     },\n     \"currentOrchestratorVersion\":
        \"1.21.9\",\n     \"enableNodePublicIP\": false,\n     \"mode\": \"System\",\n
        \    \"enableEncryptionAtHost\": false,\n     \"enableUltraSSD\": false,\n
        \    \"osType\": \"Linux\",\n     \"osSKU\": \"Ubuntu\",\n     \"nodeImageVersion\":
        \"AKSUbuntu-1804gen2containerd-2022.03.29\",\n     \"enableFIPS\": false\n
        \   }\n   ],\n   \"linuxProfile\": {\n    \"adminUsername\": \"azureuser\",\n
        \   \"ssh\": {\n     \"publicKeys\": [\n      {\n       \"keyData\": \"ssh-rsa
        AAAAB3NzaC1yc2EAAAADAQABAAABAQDLdaun1GPmELROrLmG67+ItXDLcnRD7OCuaXCGdWFneMgqftElrhf0x0zlYjq1XzzDbHsgggcknCg2wwmaJYfqfbyicLixda+M2CxxVNu4ghKIaJ93xsimEgfD+hFdqogwKuB2C7tJr73sgFQhppae0OcbBCETCp3Sp0xmtozdpke0f0YOU8Xqf9J2nOv97+Ot8XOWjowLbQXQm63SrlGS+UkvxHX30UnJzLo6pVSYVVjL+Qu1a6qGMaMIyTSCRpm8aUaixl0xv71eHLH8LkWqDQFFB7Yp4+reIIJIArrdWb6t6zfZ8YKw+xNnafngbUboJUxRYP+lzeiRmVC3zN0L
        azcli_aks_live_test@example.com\\n\"\n      }\n     ]\n    }\n   },\n   \"servicePrincipalProfile\":
        {\n    \"clientId\":\"00000000-0000-0000-0000-000000000001\"\n   },\n   \"nodeResourceGroup\":
        \"MC_clitest000001_cliakstest000002_westus2\",\n   \"enableRBAC\": true,\n
        \  \"enablePodSecurityPolicy\": false,\n   \"networkProfile\": {\n    \"networkPlugin\":
        \"kubenet\",\n    \"loadBalancerSku\": \"Standard\",\n    \"loadBalancerProfile\":
        {\n     \"managedOutboundIPs\": {\n      \"count\": 1\n     },\n     \"effectiveOutboundIPs\":
        [\n      {\n       \"id\": \"/subscriptions/00000000-0000-0000-0000-000000000000/resourceGroups/MC_clitest000001_cliakstest000002_westus2/providers/Microsoft.Network/publicIPAddresses/f5021213-a65a-452f-93f8-a0343bde0945\"\n
        \     }\n     ]\n    },\n    \"podCidr\": \"10.244.0.0/16\",\n    \"serviceCidr\":
        \"10.0.0.0/16\",\n    \"dnsServiceIP\": \"10.0.0.10\",\n    \"dockerBridgeCidr\":
        \"172.17.0.1/16\",\n    \"outboundType\": \"loadBalancer\",\n    \"podCidrs\":
        [\n     \"10.244.0.0/16\"\n    ],\n    \"serviceCidrs\": [\n     \"10.0.0.0/16\"\n
        \   ],\n    \"ipFamilies\": [\n     \"IPv4\"\n    ]\n   },\n   \"maxAgentPools\":
        100,\n   \"identityProfile\": {\n    \"kubeletidentity\": {\n     \"resourceId\":
        \"/subscriptions/00000000-0000-0000-0000-000000000000/resourcegroups/MC_clitest000001_cliakstest000002_westus2/providers/Microsoft.ManagedIdentity/userAssignedIdentities/cliakstest000002-agentpool\",\n
        \    \"clientId\":\"00000000-0000-0000-0000-000000000001\",\n     \"objectId\":\"00000000-0000-0000-0000-000000000001\"\n
        \   }\n   },\n   \"podIdentityProfile\": {\n    \"enabled\": true,\n    \"allowNetworkPluginKubenet\":
        true\n   },\n   \"disableLocalAccounts\": false,\n   \"securityProfile\":
        {},\n   \"oidcIssuerProfile\": {\n    \"enabled\": false\n   }\n  },\n  \"identity\":
        {\n   \"type\": \"SystemAssigned\",\n   \"principalId\":\"00000000-0000-0000-0000-000000000001\",\n
        \  \"tenantId\": \"72f988bf-86f1-41af-91ab-2d7cd011db47\"\n  },\n  \"sku\":
        {\n   \"name\": \"Basic\",\n   \"tier\": \"Free\"\n  }\n }"
    headers:
      cache-control:
      - no-cache
      content-length:
      - '3802'
      content-type:
      - application/json
      date:
      - Thu, 14 Apr 2022 05:30:01 GMT
      expires:
      - '-1'
      pragma:
      - no-cache
      server:
      - nginx
      strict-transport-security:
      - max-age=31536000; includeSubDomains
      transfer-encoding:
      - chunked
      vary:
      - Accept-Encoding
      x-content-type-options:
      - nosniff
    status:
      code: 200
      message: OK
- request:
    body: null
    headers:
      Accept:
      - application/json
      Accept-Encoding:
      - gzip, deflate
      CommandName:
      - aks pod-identity add
      Connection:
      - keep-alive
      ParameterSetName:
      - --cluster-name --resource-group --namespace --name --identity-resource-id
        --binding-selector
      User-Agent:
      - AZURECLI/2.35.0 azsdk-python-azure-mgmt-containerservice/18.0.0b Python/3.8.10
        (Linux-5.13.0-1021-azure-x86_64-with-glibc2.29)
    method: GET
    uri: https://management.azure.com/subscriptions/00000000-0000-0000-0000-000000000000/resourceGroups/clitest000001/providers/Microsoft.ContainerService/managedClusters/cliakstest000002?api-version=2022-03-02-preview
  response:
    body:
      string: "{\n  \"id\": \"/subscriptions/00000000-0000-0000-0000-000000000000/resourcegroups/clitest000001/providers/Microsoft.ContainerService/managedClusters/cliakstest000002\",\n
        \ \"location\": \"westus2\",\n  \"name\": \"cliakstest000002\",\n  \"type\":
        \"Microsoft.ContainerService/ManagedClusters\",\n  \"properties\": {\n   \"provisioningState\":
        \"Succeeded\",\n   \"powerState\": {\n    \"code\": \"Running\"\n   },\n   \"kubernetesVersion\":
        \"1.21.9\",\n   \"currentKubernetesVersion\": \"1.21.9\",\n   \"dnsPrefix\":
        \"cliakstest-clitestwzddcfwki-8ecadf\",\n   \"fqdn\": \"cliakstest-clitestwzddcfwki-8ecadf-2353a4cb.hcp.westus2.azmk8s.io\",\n
        \  \"azurePortalFQDN\": \"cliakstest-clitestwzddcfwki-8ecadf-2353a4cb.portal.hcp.westus2.azmk8s.io\",\n
        \  \"agentPoolProfiles\": [\n    {\n     \"name\": \"nodepool1\",\n     \"count\":
        3,\n     \"vmSize\": \"Standard_DS2_v2\",\n     \"osDiskSizeGB\": 128,\n     \"osDiskType\":
        \"Managed\",\n     \"kubeletDiskType\": \"OS\",\n     \"workloadRuntime\":
        \"OCIContainer\",\n     \"maxPods\": 110,\n     \"type\": \"VirtualMachineScaleSets\",\n
        \    \"enableAutoScaling\": false,\n     \"provisioningState\": \"Succeeded\",\n
        \    \"powerState\": {\n      \"code\": \"Running\"\n     },\n     \"currentOrchestratorVersion\":
        \"1.21.9\",\n     \"enableNodePublicIP\": false,\n     \"mode\": \"System\",\n
        \    \"enableEncryptionAtHost\": false,\n     \"enableUltraSSD\": false,\n
        \    \"osType\": \"Linux\",\n     \"osSKU\": \"Ubuntu\",\n     \"nodeImageVersion\":
        \"AKSUbuntu-1804gen2containerd-2022.03.29\",\n     \"enableFIPS\": false\n
        \   }\n   ],\n   \"linuxProfile\": {\n    \"adminUsername\": \"azureuser\",\n
        \   \"ssh\": {\n     \"publicKeys\": [\n      {\n       \"keyData\": \"ssh-rsa
        AAAAB3NzaC1yc2EAAAADAQABAAABAQDLdaun1GPmELROrLmG67+ItXDLcnRD7OCuaXCGdWFneMgqftElrhf0x0zlYjq1XzzDbHsgggcknCg2wwmaJYfqfbyicLixda+M2CxxVNu4ghKIaJ93xsimEgfD+hFdqogwKuB2C7tJr73sgFQhppae0OcbBCETCp3Sp0xmtozdpke0f0YOU8Xqf9J2nOv97+Ot8XOWjowLbQXQm63SrlGS+UkvxHX30UnJzLo6pVSYVVjL+Qu1a6qGMaMIyTSCRpm8aUaixl0xv71eHLH8LkWqDQFFB7Yp4+reIIJIArrdWb6t6zfZ8YKw+xNnafngbUboJUxRYP+lzeiRmVC3zN0L
        azcli_aks_live_test@example.com\\n\"\n      }\n     ]\n    }\n   },\n   \"servicePrincipalProfile\":
        {\n    \"clientId\":\"00000000-0000-0000-0000-000000000001\"\n   },\n   \"nodeResourceGroup\":
        \"MC_clitest000001_cliakstest000002_westus2\",\n   \"enableRBAC\": true,\n
        \  \"enablePodSecurityPolicy\": false,\n   \"networkProfile\": {\n    \"networkPlugin\":
        \"kubenet\",\n    \"loadBalancerSku\": \"Standard\",\n    \"loadBalancerProfile\":
        {\n     \"managedOutboundIPs\": {\n      \"count\": 1\n     },\n     \"effectiveOutboundIPs\":
        [\n      {\n       \"id\": \"/subscriptions/00000000-0000-0000-0000-000000000000/resourceGroups/MC_clitest000001_cliakstest000002_westus2/providers/Microsoft.Network/publicIPAddresses/f5021213-a65a-452f-93f8-a0343bde0945\"\n
        \     }\n     ]\n    },\n    \"podCidr\": \"10.244.0.0/16\",\n    \"serviceCidr\":
        \"10.0.0.0/16\",\n    \"dnsServiceIP\": \"10.0.0.10\",\n    \"dockerBridgeCidr\":
        \"172.17.0.1/16\",\n    \"outboundType\": \"loadBalancer\",\n    \"podCidrs\":
        [\n     \"10.244.0.0/16\"\n    ],\n    \"serviceCidrs\": [\n     \"10.0.0.0/16\"\n
        \   ],\n    \"ipFamilies\": [\n     \"IPv4\"\n    ]\n   },\n   \"maxAgentPools\":
        100,\n   \"identityProfile\": {\n    \"kubeletidentity\": {\n     \"resourceId\":
        \"/subscriptions/00000000-0000-0000-0000-000000000000/resourcegroups/MC_clitest000001_cliakstest000002_westus2/providers/Microsoft.ManagedIdentity/userAssignedIdentities/cliakstest000002-agentpool\",\n
        \    \"clientId\":\"00000000-0000-0000-0000-000000000001\",\n     \"objectId\":\"00000000-0000-0000-0000-000000000001\"\n
        \   }\n   },\n   \"podIdentityProfile\": {\n    \"enabled\": true,\n    \"allowNetworkPluginKubenet\":
        true\n   },\n   \"disableLocalAccounts\": false,\n   \"securityProfile\":
        {},\n   \"oidcIssuerProfile\": {\n    \"enabled\": false\n   }\n  },\n  \"identity\":
        {\n   \"type\": \"SystemAssigned\",\n   \"principalId\":\"00000000-0000-0000-0000-000000000001\",\n
        \  \"tenantId\": \"72f988bf-86f1-41af-91ab-2d7cd011db47\"\n  },\n  \"sku\":
        {\n   \"name\": \"Basic\",\n   \"tier\": \"Free\"\n  }\n }"
    headers:
      cache-control:
      - no-cache
      content-length:
      - '3802'
      content-type:
      - application/json
      date:
      - Thu, 14 Apr 2022 05:30:02 GMT
      expires:
      - '-1'
      pragma:
      - no-cache
      server:
      - nginx
      strict-transport-security:
      - max-age=31536000; includeSubDomains
      transfer-encoding:
      - chunked
      vary:
      - Accept-Encoding
      x-content-type-options:
      - nosniff
    status:
      code: 200
      message: OK
- request:
    body: null
    headers:
      Accept:
      - application/json
      Accept-Encoding:
      - gzip, deflate
      CommandName:
      - aks pod-identity add
      Connection:
      - keep-alive
      ParameterSetName:
      - --cluster-name --resource-group --namespace --name --identity-resource-id
        --binding-selector
      User-Agent:
      - AZURECLI/2.35.0 azsdk-python-azure-mgmt-msi/6.0.0 Python/3.8.10 (Linux-5.13.0-1021-azure-x86_64-with-glibc2.29)
    method: GET
    uri: https://management.azure.com/subscriptions/00000000-0000-0000-0000-000000000000/resourceGroups/clitest000001/providers/Microsoft.ManagedIdentity/userAssignedIdentities/id000003?api-version=2018-11-30
  response:
    body:
      string: '{"id":"/subscriptions/00000000-0000-0000-0000-000000000000/resourcegroups/clitest000001/providers/Microsoft.ManagedIdentity/userAssignedIdentities/id000003","name":"id000003","type":"Microsoft.ManagedIdentity/userAssignedIdentities","location":"westus2","tags":{},"properties":{"tenantId":"72f988bf-86f1-41af-91ab-2d7cd011db47","principalId":"00000000-0000-0000-0000-000000000001","clientId":"00000000-0000-0000-0000-000000000001"}}'
    headers:
      cache-control:
      - no-cache
      content-length:
      - '432'
      content-type:
      - application/json; charset=utf-8
      date:
      - Thu, 14 Apr 2022 05:30:02 GMT
      expires:
      - '-1'
      pragma:
      - no-cache
      strict-transport-security:
      - max-age=31536000; includeSubDomains
      transfer-encoding:
      - chunked
      vary:
      - Accept-Encoding
      x-content-type-options:
      - nosniff
    status:
      code: 200
      message: OK
- request:
    body: null
    headers:
      Accept:
      - application/json
      Accept-Encoding:
      - gzip, deflate
      CommandName:
      - aks pod-identity add
      Connection:
      - keep-alive
      ParameterSetName:
      - --cluster-name --resource-group --namespace --name --identity-resource-id
        --binding-selector
      User-Agent:
      - python/3.8.10 (Linux-5.13.0-1021-azure-x86_64-with-glibc2.29) msrest/0.6.21
        msrest_azure/0.6.4 azure-mgmt-authorization/0.61.0 Azure-SDK-For-Python AZURECLI/2.35.0
      accept-language:
      - en-US
    method: GET
    uri: https://management.azure.com/subscriptions/00000000-0000-0000-0000-000000000000/resourcegroups/clitest000001/providers/microsoft.managedidentity/userassignedidentities/id000003/providers/Microsoft.Authorization/roleAssignments?$filter=atScope%28%29%20and%20assignedTo%28%27c0c73c80-28d5-4cbd-8c99-85e76ff2a13f%27%29&api-version=2020-04-01-preview
  response:
    body:
      string: '{"value":[{"properties":{"roleDefinitionId":"/subscriptions/00000000-0000-0000-0000-000000000000/providers/Microsoft.Authorization/roleDefinitions/f1a07417-d97a-45cb-824c-7a7467783830","principalId":"00000000-0000-0000-0000-000000000001","principalType":"ServicePrincipal","scope":"/subscriptions/00000000-0000-0000-0000-000000000000/resourcegroups/clitest000001/providers/microsoft.managedidentity/userassignedidentities/id000003","condition":null,"conditionVersion":null,"createdOn":"2022-04-14T05:26:24.2700291Z","updatedOn":"2022-04-14T05:26:24.2700291Z","createdBy":"119e1aeb-4592-42d6-9507-c66df857924f","updatedBy":"119e1aeb-4592-42d6-9507-c66df857924f","delegatedManagedIdentityResourceId":null,"description":null},"id":"/subscriptions/00000000-0000-0000-0000-000000000000/resourcegroups/clitest000001/providers/microsoft.managedidentity/userassignedidentities/id000003/providers/Microsoft.Authorization/roleAssignments/2463d889-9306-461f-9d61-10b0b2388ccb","type":"Microsoft.Authorization/roleAssignments","name":"2463d889-9306-461f-9d61-10b0b2388ccb"}]}'
    headers:
      cache-control:
      - no-cache
      content-length:
      - '1063'
      content-type:
      - application/json; charset=utf-8
      date:
      - Thu, 14 Apr 2022 05:30:02 GMT
      expires:
      - '-1'
      pragma:
      - no-cache
      set-cookie:
      - x-ms-gateway-slice=Production; path=/; secure; samesite=none; httponly
      strict-transport-security:
      - max-age=31536000; includeSubDomains
      transfer-encoding:
      - chunked
      vary:
      - Accept-Encoding
      x-content-type-options:
      - nosniff
    status:
      code: 200
      message: OK
- request:
    body: '{"location": "westus2", "sku": {"name": "Basic", "tier": "Free"}, "identity":
      {"type": "SystemAssigned"}, "properties": {"kubernetesVersion": "1.21.9", "dnsPrefix":
      "cliakstest-clitestwzddcfwki-8ecadf", "agentPoolProfiles": [{"count": 3, "vmSize":
      "Standard_DS2_v2", "osDiskSizeGB": 128, "osDiskType": "Managed", "kubeletDiskType":
      "OS", "workloadRuntime": "OCIContainer", "maxPods": 110, "osType": "Linux",
      "osSKU": "Ubuntu", "enableAutoScaling": false, "type": "VirtualMachineScaleSets",
      "mode": "System", "currentOrchestratorVersion": "1.21.9", "powerState": {"code":
      "Running"}, "enableNodePublicIP": false, "enableEncryptionAtHost": false, "enableUltraSSD":
      false, "enableFIPS": false, "name": "nodepool1"}], "linuxProfile": {"adminUsername":
      "azureuser", "ssh": {"publicKeys": [{"keyData": "ssh-rsa AAAAB3NzaC1yc2EAAAADAQABAAABAQDLdaun1GPmELROrLmG67+ItXDLcnRD7OCuaXCGdWFneMgqftElrhf0x0zlYjq1XzzDbHsgggcknCg2wwmaJYfqfbyicLixda+M2CxxVNu4ghKIaJ93xsimEgfD+hFdqogwKuB2C7tJr73sgFQhppae0OcbBCETCp3Sp0xmtozdpke0f0YOU8Xqf9J2nOv97+Ot8XOWjowLbQXQm63SrlGS+UkvxHX30UnJzLo6pVSYVVjL+Qu1a6qGMaMIyTSCRpm8aUaixl0xv71eHLH8LkWqDQFFB7Yp4+reIIJIArrdWb6t6zfZ8YKw+xNnafngbUboJUxRYP+lzeiRmVC3zN0L
      azcli_aks_live_test@example.com\n"}]}}, "servicePrincipalProfile": {"clientId":"00000000-0000-0000-0000-000000000001"},
      "podIdentityProfile": {"enabled": true, "allowNetworkPluginKubenet": true, "userAssignedIdentities":
      [{"name": "test-name-binding-selector", "namespace": "test-namespace-binding-selector",
      "bindingSelector": "binding_test", "identity": {"resourceId": "/subscriptions/00000000-0000-0000-0000-000000000000/resourcegroups/clitest000001/providers/Microsoft.ManagedIdentity/userAssignedIdentities/id000003",
      "clientId":"00000000-0000-0000-0000-000000000001", "objectId":"00000000-0000-0000-0000-000000000001"}}],
      "userAssignedIdentityExceptions": []}, "oidcIssuerProfile": {"enabled": false},
      "nodeResourceGroup": "MC_clitest000001_cliakstest000002_westus2", "enableRBAC":
      true, "enablePodSecurityPolicy": false, "networkProfile": {"networkPlugin":
      "kubenet", "podCidr": "10.244.0.0/16", "serviceCidr": "10.0.0.0/16", "dnsServiceIP":
      "10.0.0.10", "dockerBridgeCidr": "172.17.0.1/16", "outboundType": "loadBalancer",
      "loadBalancerSku": "Standard", "loadBalancerProfile": {"managedOutboundIPs":
      {"count": 1}, "effectiveOutboundIPs": [{"id": "/subscriptions/00000000-0000-0000-0000-000000000000/resourceGroups/MC_clitest000001_cliakstest000002_westus2/providers/Microsoft.Network/publicIPAddresses/f5021213-a65a-452f-93f8-a0343bde0945"}]},
      "podCidrs": ["10.244.0.0/16"], "serviceCidrs": ["10.0.0.0/16"], "ipFamilies":
      ["IPv4"]}, "identityProfile": {"kubeletidentity": {"resourceId": "/subscriptions/00000000-0000-0000-0000-000000000000/resourcegroups/MC_clitest000001_cliakstest000002_westus2/providers/Microsoft.ManagedIdentity/userAssignedIdentities/cliakstest000002-agentpool",
      "clientId":"00000000-0000-0000-0000-000000000001", "objectId":"00000000-0000-0000-0000-000000000001"}},
      "disableLocalAccounts": false, "securityProfile": {}}}'
    headers:
      Accept:
      - application/json
      Accept-Encoding:
      - gzip, deflate
      CommandName:
      - aks pod-identity add
      Connection:
      - keep-alive
      Content-Length:
      - '3029'
      Content-Type:
      - application/json
      ParameterSetName:
      - --cluster-name --resource-group --namespace --name --identity-resource-id
        --binding-selector
      User-Agent:
      - AZURECLI/2.35.0 azsdk-python-azure-mgmt-containerservice/18.0.0b Python/3.8.10
        (Linux-5.13.0-1021-azure-x86_64-with-glibc2.29)
    method: PUT
    uri: https://management.azure.com/subscriptions/00000000-0000-0000-0000-000000000000/resourceGroups/clitest000001/providers/Microsoft.ContainerService/managedClusters/cliakstest000002?api-version=2022-03-02-preview
  response:
    body:
      string: "{\n  \"id\": \"/subscriptions/00000000-0000-0000-0000-000000000000/resourcegroups/clitest000001/providers/Microsoft.ContainerService/managedClusters/cliakstest000002\",\n
        \ \"location\": \"westus2\",\n  \"name\": \"cliakstest000002\",\n  \"type\":
        \"Microsoft.ContainerService/ManagedClusters\",\n  \"properties\": {\n   \"provisioningState\":
        \"Updating\",\n   \"powerState\": {\n    \"code\": \"Running\"\n   },\n   \"kubernetesVersion\":
        \"1.21.9\",\n   \"currentKubernetesVersion\": \"1.21.9\",\n   \"dnsPrefix\":
        \"cliakstest-clitestwzddcfwki-8ecadf\",\n   \"fqdn\": \"cliakstest-clitestwzddcfwki-8ecadf-2353a4cb.hcp.westus2.azmk8s.io\",\n
        \  \"azurePortalFQDN\": \"cliakstest-clitestwzddcfwki-8ecadf-2353a4cb.portal.hcp.westus2.azmk8s.io\",\n
        \  \"agentPoolProfiles\": [\n    {\n     \"name\": \"nodepool1\",\n     \"count\":
        3,\n     \"vmSize\": \"Standard_DS2_v2\",\n     \"osDiskSizeGB\": 128,\n     \"osDiskType\":
        \"Managed\",\n     \"kubeletDiskType\": \"OS\",\n     \"workloadRuntime\":
        \"OCIContainer\",\n     \"maxPods\": 110,\n     \"type\": \"VirtualMachineScaleSets\",\n
        \    \"enableAutoScaling\": false,\n     \"provisioningState\": \"Updating\",\n
        \    \"powerState\": {\n      \"code\": \"Running\"\n     },\n     \"currentOrchestratorVersion\":
        \"1.21.9\",\n     \"enableNodePublicIP\": false,\n     \"mode\": \"System\",\n
        \    \"enableEncryptionAtHost\": false,\n     \"enableUltraSSD\": false,\n
        \    \"osType\": \"Linux\",\n     \"osSKU\": \"Ubuntu\",\n     \"nodeImageVersion\":
        \"AKSUbuntu-1804gen2containerd-2022.03.29\",\n     \"enableFIPS\": false\n
        \   }\n   ],\n   \"linuxProfile\": {\n    \"adminUsername\": \"azureuser\",\n
        \   \"ssh\": {\n     \"publicKeys\": [\n      {\n       \"keyData\": \"ssh-rsa
        AAAAB3NzaC1yc2EAAAADAQABAAABAQDLdaun1GPmELROrLmG67+ItXDLcnRD7OCuaXCGdWFneMgqftElrhf0x0zlYjq1XzzDbHsgggcknCg2wwmaJYfqfbyicLixda+M2CxxVNu4ghKIaJ93xsimEgfD+hFdqogwKuB2C7tJr73sgFQhppae0OcbBCETCp3Sp0xmtozdpke0f0YOU8Xqf9J2nOv97+Ot8XOWjowLbQXQm63SrlGS+UkvxHX30UnJzLo6pVSYVVjL+Qu1a6qGMaMIyTSCRpm8aUaixl0xv71eHLH8LkWqDQFFB7Yp4+reIIJIArrdWb6t6zfZ8YKw+xNnafngbUboJUxRYP+lzeiRmVC3zN0L
        azcli_aks_live_test@example.com\\n\"\n      }\n     ]\n    }\n   },\n   \"servicePrincipalProfile\":
        {\n    \"clientId\":\"00000000-0000-0000-0000-000000000001\"\n   },\n   \"nodeResourceGroup\":
        \"MC_clitest000001_cliakstest000002_westus2\",\n   \"enableRBAC\": true,\n
        \  \"enablePodSecurityPolicy\": false,\n   \"networkProfile\": {\n    \"networkPlugin\":
        \"kubenet\",\n    \"loadBalancerSku\": \"Standard\",\n    \"loadBalancerProfile\":
        {\n     \"managedOutboundIPs\": {\n      \"count\": 1\n     },\n     \"effectiveOutboundIPs\":
        [\n      {\n       \"id\": \"/subscriptions/00000000-0000-0000-0000-000000000000/resourceGroups/MC_clitest000001_cliakstest000002_westus2/providers/Microsoft.Network/publicIPAddresses/f5021213-a65a-452f-93f8-a0343bde0945\"\n
        \     }\n     ]\n    },\n    \"podCidr\": \"10.244.0.0/16\",\n    \"serviceCidr\":
        \"10.0.0.0/16\",\n    \"dnsServiceIP\": \"10.0.0.10\",\n    \"dockerBridgeCidr\":
        \"172.17.0.1/16\",\n    \"outboundType\": \"loadBalancer\",\n    \"podCidrs\":
        [\n     \"10.244.0.0/16\"\n    ],\n    \"serviceCidrs\": [\n     \"10.0.0.0/16\"\n
        \   ],\n    \"ipFamilies\": [\n     \"IPv4\"\n    ]\n   },\n   \"maxAgentPools\":
        100,\n   \"identityProfile\": {\n    \"kubeletidentity\": {\n     \"resourceId\":
        \"/subscriptions/00000000-0000-0000-0000-000000000000/resourcegroups/MC_clitest000001_cliakstest000002_westus2/providers/Microsoft.ManagedIdentity/userAssignedIdentities/cliakstest000002-agentpool\",\n
        \    \"clientId\":\"00000000-0000-0000-0000-000000000001\",\n     \"objectId\":\"00000000-0000-0000-0000-000000000001\"\n
        \   }\n   },\n   \"podIdentityProfile\": {\n    \"enabled\": true,\n    \"allowNetworkPluginKubenet\":
        true,\n    \"userAssignedIdentities\": [\n     {\n      \"name\": \"test-name-binding-selector\",\n
        \     \"namespace\": \"test-namespace-binding-selector\",\n      \"identity\":
        {\n       \"resourceId\": \"/subscriptions/00000000-0000-0000-0000-000000000000/resourcegroups/clitest000001/providers/Microsoft.ManagedIdentity/userAssignedIdentities/id000003\",\n
        \      \"clientId\":\"00000000-0000-0000-0000-000000000001\",\n       \"objectId\":\"00000000-0000-0000-0000-000000000001\"\n
        \     },\n      \"bindingSelector\": \"binding_test\",\n      \"provisioningState\":
        \"Updating\"\n     }\n    ]\n   },\n   \"disableLocalAccounts\": false,\n
        \  \"securityProfile\": {},\n   \"oidcIssuerProfile\": {\n    \"enabled\":
        false\n   }\n  },\n  \"identity\": {\n   \"type\": \"SystemAssigned\",\n   \"principalId\":\"00000000-0000-0000-0000-000000000001\",\n
        \  \"tenantId\": \"72f988bf-86f1-41af-91ab-2d7cd011db47\"\n  },\n  \"sku\":
        {\n   \"name\": \"Basic\",\n   \"tier\": \"Free\"\n  }\n }"
    headers:
      azure-asyncoperation:
      - https://management.azure.com/subscriptions/00000000-0000-0000-0000-000000000000/providers/Microsoft.ContainerService/locations/westus2/operations/4fbbc4d8-522c-4853-bcb5-d48f6c953108?api-version=2016-03-30
      cache-control:
      - no-cache
      content-length:
      - '4347'
      content-type:
      - application/json
      date:
      - Thu, 14 Apr 2022 05:30:05 GMT
      expires:
      - '-1'
      pragma:
      - no-cache
      server:
      - nginx
      strict-transport-security:
      - max-age=31536000; includeSubDomains
      transfer-encoding:
      - chunked
      vary:
      - Accept-Encoding
      x-content-type-options:
      - nosniff
      x-ms-ratelimit-remaining-subscription-writes:
      - '1184'
    status:
      code: 200
      message: OK
- request:
    body: null
    headers:
      Accept:
      - '*/*'
      Accept-Encoding:
      - gzip, deflate
      CommandName:
      - aks pod-identity add
      Connection:
      - keep-alive
      ParameterSetName:
      - --cluster-name --resource-group --namespace --name --identity-resource-id
        --binding-selector
      User-Agent:
      - AZURECLI/2.35.0 azsdk-python-azure-mgmt-containerservice/18.0.0b Python/3.8.10
        (Linux-5.13.0-1021-azure-x86_64-with-glibc2.29)
    method: GET
    uri: https://management.azure.com/subscriptions/00000000-0000-0000-0000-000000000000/providers/Microsoft.ContainerService/locations/westus2/operations/4fbbc4d8-522c-4853-bcb5-d48f6c953108?api-version=2016-03-30
  response:
    body:
      string: "{\n  \"name\": \"d8c4bb4f-2c52-5348-bcb5-d48f6c953108\",\n  \"status\":
        \"InProgress\",\n  \"startTime\": \"2022-04-14T05:30:05.2666666Z\"\n }"
    headers:
      cache-control:
      - no-cache
      content-length:
      - '126'
      content-type:
      - application/json
      date:
      - Thu, 14 Apr 2022 05:30:34 GMT
      expires:
      - '-1'
      pragma:
      - no-cache
      server:
      - nginx
      strict-transport-security:
      - max-age=31536000; includeSubDomains
      transfer-encoding:
      - chunked
      vary:
      - Accept-Encoding
      x-content-type-options:
      - nosniff
    status:
      code: 200
      message: OK
- request:
    body: null
    headers:
      Accept:
      - '*/*'
      Accept-Encoding:
      - gzip, deflate
      CommandName:
      - aks pod-identity add
      Connection:
      - keep-alive
      ParameterSetName:
      - --cluster-name --resource-group --namespace --name --identity-resource-id
        --binding-selector
      User-Agent:
      - AZURECLI/2.35.0 azsdk-python-azure-mgmt-containerservice/18.0.0b Python/3.8.10
        (Linux-5.13.0-1021-azure-x86_64-with-glibc2.29)
    method: GET
    uri: https://management.azure.com/subscriptions/00000000-0000-0000-0000-000000000000/providers/Microsoft.ContainerService/locations/westus2/operations/4fbbc4d8-522c-4853-bcb5-d48f6c953108?api-version=2016-03-30
  response:
    body:
      string: "{\n  \"name\": \"d8c4bb4f-2c52-5348-bcb5-d48f6c953108\",\n  \"status\":
        \"InProgress\",\n  \"startTime\": \"2022-04-14T05:30:05.2666666Z\"\n }"
    headers:
      cache-control:
      - no-cache
      content-length:
      - '126'
      content-type:
      - application/json
      date:
      - Thu, 14 Apr 2022 05:31:05 GMT
      expires:
      - '-1'
      pragma:
      - no-cache
      server:
      - nginx
      strict-transport-security:
      - max-age=31536000; includeSubDomains
      transfer-encoding:
      - chunked
      vary:
      - Accept-Encoding
      x-content-type-options:
      - nosniff
    status:
      code: 200
      message: OK
- request:
    body: null
    headers:
      Accept:
      - '*/*'
      Accept-Encoding:
      - gzip, deflate
      CommandName:
      - aks pod-identity add
      Connection:
      - keep-alive
      ParameterSetName:
      - --cluster-name --resource-group --namespace --name --identity-resource-id
        --binding-selector
      User-Agent:
      - AZURECLI/2.35.0 azsdk-python-azure-mgmt-containerservice/18.0.0b Python/3.8.10
        (Linux-5.13.0-1021-azure-x86_64-with-glibc2.29)
    method: GET
    uri: https://management.azure.com/subscriptions/00000000-0000-0000-0000-000000000000/providers/Microsoft.ContainerService/locations/westus2/operations/4fbbc4d8-522c-4853-bcb5-d48f6c953108?api-version=2016-03-30
  response:
    body:
      string: "{\n  \"name\": \"d8c4bb4f-2c52-5348-bcb5-d48f6c953108\",\n  \"status\":
        \"Succeeded\",\n  \"startTime\": \"2022-04-14T05:30:05.2666666Z\",\n  \"endTime\":
        \"2022-04-14T05:31:30.462588Z\"\n }"
    headers:
      cache-control:
      - no-cache
      content-length:
      - '169'
      content-type:
      - application/json
      date:
      - Thu, 14 Apr 2022 05:31:35 GMT
      expires:
      - '-1'
      pragma:
      - no-cache
      server:
      - nginx
      strict-transport-security:
      - max-age=31536000; includeSubDomains
      transfer-encoding:
      - chunked
      vary:
      - Accept-Encoding
      x-content-type-options:
      - nosniff
    status:
      code: 200
      message: OK
- request:
    body: null
    headers:
      Accept:
      - '*/*'
      Accept-Encoding:
      - gzip, deflate
      CommandName:
      - aks pod-identity add
      Connection:
      - keep-alive
      ParameterSetName:
      - --cluster-name --resource-group --namespace --name --identity-resource-id
        --binding-selector
      User-Agent:
      - AZURECLI/2.35.0 azsdk-python-azure-mgmt-containerservice/18.0.0b Python/3.8.10
        (Linux-5.13.0-1021-azure-x86_64-with-glibc2.29)
    method: GET
    uri: https://management.azure.com/subscriptions/00000000-0000-0000-0000-000000000000/resourceGroups/clitest000001/providers/Microsoft.ContainerService/managedClusters/cliakstest000002?api-version=2022-03-02-preview
  response:
    body:
      string: "{\n  \"id\": \"/subscriptions/00000000-0000-0000-0000-000000000000/resourcegroups/clitest000001/providers/Microsoft.ContainerService/managedClusters/cliakstest000002\",\n
        \ \"location\": \"westus2\",\n  \"name\": \"cliakstest000002\",\n  \"type\":
        \"Microsoft.ContainerService/ManagedClusters\",\n  \"properties\": {\n   \"provisioningState\":
        \"Succeeded\",\n   \"powerState\": {\n    \"code\": \"Running\"\n   },\n   \"kubernetesVersion\":
        \"1.21.9\",\n   \"currentKubernetesVersion\": \"1.21.9\",\n   \"dnsPrefix\":
        \"cliakstest-clitestwzddcfwki-8ecadf\",\n   \"fqdn\": \"cliakstest-clitestwzddcfwki-8ecadf-2353a4cb.hcp.westus2.azmk8s.io\",\n
        \  \"azurePortalFQDN\": \"cliakstest-clitestwzddcfwki-8ecadf-2353a4cb.portal.hcp.westus2.azmk8s.io\",\n
        \  \"agentPoolProfiles\": [\n    {\n     \"name\": \"nodepool1\",\n     \"count\":
        3,\n     \"vmSize\": \"Standard_DS2_v2\",\n     \"osDiskSizeGB\": 128,\n     \"osDiskType\":
        \"Managed\",\n     \"kubeletDiskType\": \"OS\",\n     \"workloadRuntime\":
        \"OCIContainer\",\n     \"maxPods\": 110,\n     \"type\": \"VirtualMachineScaleSets\",\n
        \    \"enableAutoScaling\": false,\n     \"provisioningState\": \"Succeeded\",\n
        \    \"powerState\": {\n      \"code\": \"Running\"\n     },\n     \"currentOrchestratorVersion\":
        \"1.21.9\",\n     \"enableNodePublicIP\": false,\n     \"mode\": \"System\",\n
        \    \"enableEncryptionAtHost\": false,\n     \"enableUltraSSD\": false,\n
        \    \"osType\": \"Linux\",\n     \"osSKU\": \"Ubuntu\",\n     \"nodeImageVersion\":
        \"AKSUbuntu-1804gen2containerd-2022.03.29\",\n     \"enableFIPS\": false\n
        \   }\n   ],\n   \"linuxProfile\": {\n    \"adminUsername\": \"azureuser\",\n
        \   \"ssh\": {\n     \"publicKeys\": [\n      {\n       \"keyData\": \"ssh-rsa
        AAAAB3NzaC1yc2EAAAADAQABAAABAQDLdaun1GPmELROrLmG67+ItXDLcnRD7OCuaXCGdWFneMgqftElrhf0x0zlYjq1XzzDbHsgggcknCg2wwmaJYfqfbyicLixda+M2CxxVNu4ghKIaJ93xsimEgfD+hFdqogwKuB2C7tJr73sgFQhppae0OcbBCETCp3Sp0xmtozdpke0f0YOU8Xqf9J2nOv97+Ot8XOWjowLbQXQm63SrlGS+UkvxHX30UnJzLo6pVSYVVjL+Qu1a6qGMaMIyTSCRpm8aUaixl0xv71eHLH8LkWqDQFFB7Yp4+reIIJIArrdWb6t6zfZ8YKw+xNnafngbUboJUxRYP+lzeiRmVC3zN0L
        azcli_aks_live_test@example.com\\n\"\n      }\n     ]\n    }\n   },\n   \"servicePrincipalProfile\":
        {\n    \"clientId\":\"00000000-0000-0000-0000-000000000001\"\n   },\n   \"nodeResourceGroup\":
        \"MC_clitest000001_cliakstest000002_westus2\",\n   \"enableRBAC\": true,\n
        \  \"enablePodSecurityPolicy\": false,\n   \"networkProfile\": {\n    \"networkPlugin\":
        \"kubenet\",\n    \"loadBalancerSku\": \"Standard\",\n    \"loadBalancerProfile\":
        {\n     \"managedOutboundIPs\": {\n      \"count\": 1\n     },\n     \"effectiveOutboundIPs\":
        [\n      {\n       \"id\": \"/subscriptions/00000000-0000-0000-0000-000000000000/resourceGroups/MC_clitest000001_cliakstest000002_westus2/providers/Microsoft.Network/publicIPAddresses/f5021213-a65a-452f-93f8-a0343bde0945\"\n
        \     }\n     ]\n    },\n    \"podCidr\": \"10.244.0.0/16\",\n    \"serviceCidr\":
        \"10.0.0.0/16\",\n    \"dnsServiceIP\": \"10.0.0.10\",\n    \"dockerBridgeCidr\":
        \"172.17.0.1/16\",\n    \"outboundType\": \"loadBalancer\",\n    \"podCidrs\":
        [\n     \"10.244.0.0/16\"\n    ],\n    \"serviceCidrs\": [\n     \"10.0.0.0/16\"\n
        \   ],\n    \"ipFamilies\": [\n     \"IPv4\"\n    ]\n   },\n   \"maxAgentPools\":
        100,\n   \"identityProfile\": {\n    \"kubeletidentity\": {\n     \"resourceId\":
        \"/subscriptions/00000000-0000-0000-0000-000000000000/resourcegroups/MC_clitest000001_cliakstest000002_westus2/providers/Microsoft.ManagedIdentity/userAssignedIdentities/cliakstest000002-agentpool\",\n
        \    \"clientId\":\"00000000-0000-0000-0000-000000000001\",\n     \"objectId\":\"00000000-0000-0000-0000-000000000001\"\n
        \   }\n   },\n   \"podIdentityProfile\": {\n    \"enabled\": true,\n    \"allowNetworkPluginKubenet\":
        true,\n    \"userAssignedIdentities\": [\n     {\n      \"name\": \"test-name-binding-selector\",\n
        \     \"namespace\": \"test-namespace-binding-selector\",\n      \"identity\":
        {\n       \"resourceId\": \"/subscriptions/00000000-0000-0000-0000-000000000000/resourcegroups/clitest000001/providers/Microsoft.ManagedIdentity/userAssignedIdentities/id000003\",\n
        \      \"clientId\":\"00000000-0000-0000-0000-000000000001\",\n       \"objectId\":\"00000000-0000-0000-0000-000000000001\"\n
        \     },\n      \"bindingSelector\": \"binding_test\",\n      \"provisioningState\":
        \"Assigned\"\n     }\n    ]\n   },\n   \"disableLocalAccounts\": false,\n
        \  \"securityProfile\": {},\n   \"oidcIssuerProfile\": {\n    \"enabled\":
        false\n   }\n  },\n  \"identity\": {\n   \"type\": \"SystemAssigned\",\n   \"principalId\":\"00000000-0000-0000-0000-000000000001\",\n
        \  \"tenantId\": \"72f988bf-86f1-41af-91ab-2d7cd011db47\"\n  },\n  \"sku\":
        {\n   \"name\": \"Basic\",\n   \"tier\": \"Free\"\n  }\n }"
    headers:
      cache-control:
      - no-cache
      content-length:
      - '4349'
      content-type:
      - application/json
      date:
      - Thu, 14 Apr 2022 05:31:35 GMT
      expires:
      - '-1'
      pragma:
      - no-cache
      server:
      - nginx
      strict-transport-security:
      - max-age=31536000; includeSubDomains
      transfer-encoding:
      - chunked
      vary:
      - Accept-Encoding
      x-content-type-options:
      - nosniff
    status:
      code: 200
      message: OK
- request:
    body: null
    headers:
      Accept:
      - application/json
      Accept-Encoding:
      - gzip, deflate
      CommandName:
      - aks delete
      Connection:
      - keep-alive
      Content-Length:
      - '0'
      ParameterSetName:
      - --resource-group --name --yes --no-wait
      User-Agent:
      - AZURECLI/2.35.0 azsdk-python-azure-mgmt-containerservice/18.0.0b Python/3.8.10
        (Linux-5.13.0-1021-azure-x86_64-with-glibc2.29)
    method: DELETE
    uri: https://management.azure.com/subscriptions/00000000-0000-0000-0000-000000000000/resourceGroups/clitest000001/providers/Microsoft.ContainerService/managedClusters/cliakstest000002?api-version=2022-03-02-preview
  response:
    body:
      string: ''
    headers:
      azure-asyncoperation:
      - https://management.azure.com/subscriptions/00000000-0000-0000-0000-000000000000/providers/Microsoft.ContainerService/locations/westus2/operations/3681e4ec-f4f8-40b2-ada0-a80762dfadd3?api-version=2016-03-30
      cache-control:
      - no-cache
      content-length:
      - '0'
      date:
      - Thu, 14 Apr 2022 05:31:36 GMT
      expires:
      - '-1'
      location:
      - https://management.azure.com/subscriptions/00000000-0000-0000-0000-000000000000/providers/Microsoft.ContainerService/locations/westus2/operationresults/3681e4ec-f4f8-40b2-ada0-a80762dfadd3?api-version=2016-03-30
      pragma:
      - no-cache
      server:
      - nginx
      strict-transport-security:
      - max-age=31536000; includeSubDomains
      x-content-type-options:
      - nosniff
      x-ms-ratelimit-remaining-subscription-deletes:
      - '14997'
    status:
      code: 202
      message: Accepted
version: 1
