interactions:
- request:
    body: null
    headers:
      Accept:
      - application/json
      Accept-Encoding:
      - gzip, deflate
      CommandName:
      - aks get-versions
      Connection:
      - keep-alive
      ParameterSetName:
      - -l --query
      User-Agent:
      - AZURECLI/2.34.1 (DOCKER) azsdk-python-azure-mgmt-containerservice/18.0.0 Python/3.10.2
        (Linux-5.10.25-linuxkit-x86_64-with)
    method: GET
    uri: https://management.azure.com/subscriptions/00000000-0000-0000-0000-000000000000/providers/Microsoft.ContainerService/locations/westus2/orchestrators?api-version=2019-04-01&resource-type=managedClusters
  response:
    body:
      string: "{\n  \"id\": \"/subscriptions/00000000-0000-0000-0000-000000000000/providers/Microsoft.ContainerService/locations/westus2/orchestrators\"\
        ,\n  \"name\": \"default\",\n  \"type\": \"Microsoft.ContainerService/locations/orchestrators\"\
        ,\n  \"properties\": {\n   \"orchestrators\": [\n    {\n     \"orchestratorType\"\
        : \"Kubernetes\",\n     \"orchestratorVersion\": \"1.20.13\",\n     \"upgrades\"\
        : [\n      {\n       \"orchestratorType\": \"Kubernetes\",\n       \"orchestratorVersion\"\
        : \"1.20.15\"\n      },\n      {\n       \"orchestratorType\": \"Kubernetes\"\
        ,\n       \"orchestratorVersion\": \"1.21.7\"\n      },\n      {\n       \"\
        orchestratorType\": \"Kubernetes\",\n       \"orchestratorVersion\": \"1.21.9\"\
        \n      }\n     ]\n    },\n    {\n     \"orchestratorType\": \"Kubernetes\"\
        ,\n     \"orchestratorVersion\": \"1.20.15\",\n     \"upgrades\": [\n    \
        \  {\n       \"orchestratorType\": \"Kubernetes\",\n       \"orchestratorVersion\"\
        : \"1.21.7\"\n      },\n      {\n       \"orchestratorType\": \"Kubernetes\"\
        ,\n       \"orchestratorVersion\": \"1.21.9\"\n      }\n     ]\n    },\n \
        \   {\n     \"orchestratorType\": \"Kubernetes\",\n     \"orchestratorVersion\"\
        : \"1.21.7\",\n     \"upgrades\": [\n      {\n       \"orchestratorType\"\
        : \"Kubernetes\",\n       \"orchestratorVersion\": \"1.21.9\"\n      },\n\
        \      {\n       \"orchestratorType\": \"Kubernetes\",\n       \"orchestratorVersion\"\
        : \"1.22.4\"\n      },\n      {\n       \"orchestratorType\": \"Kubernetes\"\
        ,\n       \"orchestratorVersion\": \"1.22.6\"\n      }\n     ]\n    },\n \
        \   {\n     \"orchestratorType\": \"Kubernetes\",\n     \"orchestratorVersion\"\
        : \"1.21.9\",\n     \"default\": true,\n     \"upgrades\": [\n      {\n  \
        \     \"orchestratorType\": \"Kubernetes\",\n       \"orchestratorVersion\"\
        : \"1.22.4\"\n      },\n      {\n       \"orchestratorType\": \"Kubernetes\"\
        ,\n       \"orchestratorVersion\": \"1.22.6\"\n      }\n     ]\n    },\n \
        \   {\n     \"orchestratorType\": \"Kubernetes\",\n     \"orchestratorVersion\"\
        : \"1.22.4\",\n     \"upgrades\": [\n      {\n       \"orchestratorType\"\
        : \"Kubernetes\",\n       \"orchestratorVersion\": \"1.22.6\"\n      },\n\
        \      {\n       \"orchestratorType\": \"Kubernetes\",\n       \"orchestratorVersion\"\
        : \"1.23.3\",\n       \"isPreview\": true\n      }\n     ]\n    },\n    {\n\
        \     \"orchestratorType\": \"Kubernetes\",\n     \"orchestratorVersion\"\
        : \"1.22.6\",\n     \"upgrades\": [\n      {\n       \"orchestratorType\"\
        : \"Kubernetes\",\n       \"orchestratorVersion\": \"1.23.3\",\n       \"\
        isPreview\": true\n      }\n     ]\n    },\n    {\n     \"orchestratorType\"\
        : \"Kubernetes\",\n     \"orchestratorVersion\": \"1.23.3\",\n     \"isPreview\"\
        : true\n    }\n   ]\n  }\n }"
    headers:
      cache-control:
      - no-cache
      content-length:
      - '2410'
      content-type:
      - application/json
      date:
      - Mon, 18 Apr 2022 19:41:08 GMT
      expires:
      - '-1'
      pragma:
      - no-cache
      server:
      - nginx
      strict-transport-security:
      - max-age=31536000; includeSubDomains
      transfer-encoding:
      - chunked
      vary:
      - Accept-Encoding
      x-content-type-options:
      - nosniff
    status:
      code: 200
      message: OK
- request:
    body: '{"location": "westus2", "identity": {"type": "SystemAssigned"}, "properties":
      {"kubernetesVersion": "1.23.3", "dnsPrefix": "cliakstest-clitest7ck6kvljr-8ecadf",
      "agentPoolProfiles": [{"count": 1, "vmSize": "Standard_DS2_v2", "workloadRuntime":
      "OCIContainer", "osType": "Linux", "enableAutoScaling": false, "type": "VirtualMachineScaleSets",
      "mode": "System", "enableNodePublicIP": false, "scaleSetPriority": "Regular",
      "scaleSetEvictionPolicy": "Delete", "spotMaxPrice": -1.0, "enableEncryptionAtHost":
      false, "enableUltraSSD": false, "enableFIPS": false, "name": "c000004"}], "linuxProfile":
      {"adminUsername": "azureuser", "ssh": {"publicKeys": [{"keyData": "ssh-rsa AAAAB3NzaC1yc2EAAAADAQABAAACAQCbIg1guRHbI0lV11wWDt1r2cUdcNd27CJsg+SfgC7miZeubtwUhbsPdhMQsfDyhOWHq1+ZL0M+nJZV63d/1dhmhtgyOqejUwrPlzKhydsbrsdUor+JmNJDdW01v7BXHyuymT8G4s09jCasNOwiufbP/qp72ruu0bIA1nySsvlf9pCQAuFkAnVnf/rFhUlOkhtRpwcq8SUNY2zRHR/EKb/4NWY1JzR4sa3q2fWIJdrrX0DvLoa5g9bIEd4Df79ba7v+yiUBOS0zT2ll+z4g9izHK3EO5d8hL4jYxcjKs+wcslSYRWrascfscLgMlMGh0CdKeNTDjHpGPncaf3Z+FwwwjWeuiNBxv7bJo13/8B/098KlVDl4GZqsoBCEjPyJfV6hO0y/LkRGkk7oHWKgeWAfKtfLItRp00eZ4fcJNK9kCaSMmEugoZWcI7NGbZXzqFWqbpRI7NcDP9+WIQ+i9U5vqWsqd/zng4kbuAJ6UuKqIzB0upYrLShfQE3SAck8oaLhJqqq56VfDuASNpJKidV+zq27HfSBmbXnkR/5AK337dc3MXKJypoK/QPMLKUAP5XLPbs+NddJQV7EZXd29DLgp+fRIg3edpKdO7ZErWhv7d+3Kws+e1Y+ypmR2WIVSwVyBEUfgv2C8Ts9gnTF4pNcEY/S2aBicz5Ew2+jdyGNQQ==
      test@example.com\n"}]}}, "addonProfiles": {}, "enableRBAC": true, "enablePodSecurityPolicy":
      false, "networkProfile": {"networkPlugin": "kubenet", "podCidr": "10.244.0.0/16",
      "serviceCidr": "10.0.0.0/16", "dnsServiceIP": "10.0.0.10", "dockerBridgeCidr":
      "172.17.0.1/16", "outboundType": "loadBalancer", "loadBalancerSku": "standard"},
      "disableLocalAccounts": false}}'
    headers:
      Accept:
      - application/json
      Accept-Encoding:
      - gzip, deflate
      CommandName:
      - aks create
      Connection:
      - keep-alive
      Content-Length:
      - '1752'
      Content-Type:
      - application/json
      ParameterSetName:
      - --resource-group --name --location --nodepool-name --node-count -k --ssh-key-value
        -o
      User-Agent:
      - AZURECLI/2.34.1 (DOCKER) azsdk-python-azure-mgmt-containerservice/18.0.0b
        Python/3.10.2 (Linux-5.10.25-linuxkit-x86_64-with)
    method: PUT
    uri: https://management.azure.com/subscriptions/00000000-0000-0000-0000-000000000000/resourceGroups/clitest000001/providers/Microsoft.ContainerService/managedClusters/cliakstest000002?api-version=2022-03-02-preview
  response:
    body:
      string: "{\n  \"id\": \"/subscriptions/00000000-0000-0000-0000-000000000000/resourcegroups/clitest000001/providers/Microsoft.ContainerService/managedClusters/cliakstest000002\"\
        ,\n  \"location\": \"westus2\",\n  \"name\": \"cliakstest000002\",\n  \"type\"\
        : \"Microsoft.ContainerService/ManagedClusters\",\n  \"properties\": {\n \
        \  \"provisioningState\": \"Creating\",\n   \"powerState\": {\n    \"code\"\
        : \"Running\"\n   },\n   \"kubernetesVersion\": \"1.23.3\",\n   \"currentKubernetesVersion\"\
        : \"1.23.3\",\n   \"dnsPrefix\": \"cliakstest-clitest7ck6kvljr-8ecadf\",\n\
        \   \"fqdn\": \"cliakstest-clitest7ck6kvljr-8ecadf-79e1bfc8.hcp.westus2.azmk8s.io\"\
        ,\n   \"azurePortalFQDN\": \"cliakstest-clitest7ck6kvljr-8ecadf-79e1bfc8.portal.hcp.westus2.azmk8s.io\"\
        ,\n   \"agentPoolProfiles\": [\n    {\n     \"name\": \"c000004\",\n     \"\
        count\": 1,\n     \"vmSize\": \"Standard_DS2_v2\",\n     \"osDiskSizeGB\"\
        : 128,\n     \"osDiskType\": \"Managed\",\n     \"kubeletDiskType\": \"OS\"\
        ,\n     \"workloadRuntime\": \"OCIContainer\",\n     \"maxPods\": 110,\n \
        \    \"type\": \"VirtualMachineScaleSets\",\n     \"enableAutoScaling\": false,\n\
        \     \"provisioningState\": \"Creating\",\n     \"powerState\": {\n     \
        \ \"code\": \"Running\"\n     },\n     \"currentOrchestratorVersion\": \"\
        1.23.3\",\n     \"enableNodePublicIP\": false,\n     \"mode\": \"System\"\
        ,\n     \"enableEncryptionAtHost\": false,\n     \"enableUltraSSD\": false,\n\
        \     \"osType\": \"Linux\",\n     \"osSKU\": \"Ubuntu\",\n     \"nodeImageVersion\"\
        : \"AKSUbuntu-1804gen2containerd-2022.03.29\",\n     \"enableFIPS\": false\n\
        \    }\n   ],\n   \"linuxProfile\": {\n    \"adminUsername\": \"azureuser\"\
        ,\n    \"ssh\": {\n     \"publicKeys\": [\n      {\n       \"keyData\": \"\
        ssh-rsa AAAAB3NzaC1yc2EAAAADAQABAAACAQCbIg1guRHbI0lV11wWDt1r2cUdcNd27CJsg+SfgC7miZeubtwUhbsPdhMQsfDyhOWHq1+ZL0M+nJZV63d/1dhmhtgyOqejUwrPlzKhydsbrsdUor+JmNJDdW01v7BXHyuymT8G4s09jCasNOwiufbP/qp72ruu0bIA1nySsvlf9pCQAuFkAnVnf/rFhUlOkhtRpwcq8SUNY2zRHR/EKb/4NWY1JzR4sa3q2fWIJdrrX0DvLoa5g9bIEd4Df79ba7v+yiUBOS0zT2ll+z4g9izHK3EO5d8hL4jYxcjKs+wcslSYRWrascfscLgMlMGh0CdKeNTDjHpGPncaf3Z+FwwwjWeuiNBxv7bJo13/8B/098KlVDl4GZqsoBCEjPyJfV6hO0y/LkRGkk7oHWKgeWAfKtfLItRp00eZ4fcJNK9kCaSMmEugoZWcI7NGbZXzqFWqbpRI7NcDP9+WIQ+i9U5vqWsqd/zng4kbuAJ6UuKqIzB0upYrLShfQE3SAck8oaLhJqqq56VfDuASNpJKidV+zq27HfSBmbXnkR/5AK337dc3MXKJypoK/QPMLKUAP5XLPbs+NddJQV7EZXd29DLgp+fRIg3edpKdO7ZErWhv7d+3Kws+e1Y+ypmR2WIVSwVyBEUfgv2C8Ts9gnTF4pNcEY/S2aBicz5Ew2+jdyGNQQ==\
        \ test@example.com\\n\"\n      }\n     ]\n    }\n   },\n   \"servicePrincipalProfile\"\
        : {\n    \"clientId\":\"00000000-0000-0000-0000-000000000001\"\n   },\n  \
        \ \"nodeResourceGroup\": \"MC_clitest000001_cliakstest000002_westus2\",\n\
        \   \"enableRBAC\": true,\n   \"enablePodSecurityPolicy\": false,\n   \"networkProfile\"\
        : {\n    \"networkPlugin\": \"kubenet\",\n    \"loadBalancerSku\": \"standard\"\
        ,\n    \"loadBalancerProfile\": {\n     \"managedOutboundIPs\": {\n      \"\
        count\": 1\n     }\n    },\n    \"podCidr\": \"10.244.0.0/16\",\n    \"serviceCidr\"\
        : \"10.0.0.0/16\",\n    \"dnsServiceIP\": \"10.0.0.10\",\n    \"dockerBridgeCidr\"\
        : \"172.17.0.1/16\",\n    \"outboundType\": \"loadBalancer\",\n    \"podCidrs\"\
        : [\n     \"10.244.0.0/16\"\n    ],\n    \"serviceCidrs\": [\n     \"10.0.0.0/16\"\
        \n    ],\n    \"ipFamilies\": [\n     \"IPv4\"\n    ]\n   },\n   \"maxAgentPools\"\
        : 100,\n   \"disableLocalAccounts\": false,\n   \"securityProfile\": {},\n\
        \   \"oidcIssuerProfile\": {\n    \"enabled\": false\n   }\n  },\n  \"identity\"\
        : {\n   \"type\": \"SystemAssigned\",\n   \"principalId\":\"00000000-0000-0000-0000-000000000001\"\
        ,\n   \"tenantId\": \"72f988bf-86f1-41af-91ab-2d7cd011db47\"\n  },\n  \"sku\"\
        : {\n   \"name\": \"Basic\",\n   \"tier\": \"Free\"\n  }\n }"
    headers:
      azure-asyncoperation:
      - https://management.azure.com/subscriptions/00000000-0000-0000-0000-000000000000/providers/Microsoft.ContainerService/locations/westus2/operations/8031d346-1044-4e55-b46b-9560b0276755?api-version=2016-03-30
      cache-control:
      - no-cache
      content-length:
      - '3384'
      content-type:
      - application/json
      date:
      - Mon, 18 Apr 2022 19:41:14 GMT
      expires:
      - '-1'
      pragma:
      - no-cache
      server:
      - nginx
      strict-transport-security:
      - max-age=31536000; includeSubDomains
      x-content-type-options:
      - nosniff
      x-ms-ratelimit-remaining-subscription-writes:
      - '1199'
    status:
      code: 201
      message: Created
- request:
    body: null
    headers:
      Accept:
      - '*/*'
      Accept-Encoding:
      - gzip, deflate
      CommandName:
      - aks create
      Connection:
      - keep-alive
      ParameterSetName:
      - --resource-group --name --location --nodepool-name --node-count -k --ssh-key-value
        -o
      User-Agent:
      - AZURECLI/2.34.1 (DOCKER) azsdk-python-azure-mgmt-containerservice/18.0.0b
        Python/3.10.2 (Linux-5.10.25-linuxkit-x86_64-with)
    method: GET
    uri: https://management.azure.com/subscriptions/00000000-0000-0000-0000-000000000000/providers/Microsoft.ContainerService/locations/westus2/operations/8031d346-1044-4e55-b46b-9560b0276755?api-version=2016-03-30
  response:
    body:
      string: "{\n  \"name\": \"46d33180-4410-554e-b46b-9560b0276755\",\n  \"status\"\
        : \"InProgress\",\n  \"startTime\": \"2022-04-18T19:41:14.2533333Z\"\n }"
    headers:
      cache-control:
      - no-cache
      content-length:
      - '126'
      content-type:
      - application/json
      date:
      - Mon, 18 Apr 2022 19:41:44 GMT
      expires:
      - '-1'
      pragma:
      - no-cache
      server:
      - nginx
      strict-transport-security:
      - max-age=31536000; includeSubDomains
      transfer-encoding:
      - chunked
      vary:
      - Accept-Encoding
      x-content-type-options:
      - nosniff
    status:
      code: 200
      message: OK
- request:
    body: null
    headers:
      Accept:
      - '*/*'
      Accept-Encoding:
      - gzip, deflate
      CommandName:
      - aks create
      Connection:
      - keep-alive
      ParameterSetName:
      - --resource-group --name --location --nodepool-name --node-count -k --ssh-key-value
        -o
      User-Agent:
      - AZURECLI/2.34.1 (DOCKER) azsdk-python-azure-mgmt-containerservice/18.0.0b
        Python/3.10.2 (Linux-5.10.25-linuxkit-x86_64-with)
    method: GET
    uri: https://management.azure.com/subscriptions/00000000-0000-0000-0000-000000000000/providers/Microsoft.ContainerService/locations/westus2/operations/8031d346-1044-4e55-b46b-9560b0276755?api-version=2016-03-30
  response:
    body:
      string: "{\n  \"name\": \"46d33180-4410-554e-b46b-9560b0276755\",\n  \"status\"\
        : \"InProgress\",\n  \"startTime\": \"2022-04-18T19:41:14.2533333Z\"\n }"
    headers:
      cache-control:
      - no-cache
      content-length:
      - '126'
      content-type:
      - application/json
      date:
      - Mon, 18 Apr 2022 19:42:14 GMT
      expires:
      - '-1'
      pragma:
      - no-cache
      server:
      - nginx
      strict-transport-security:
      - max-age=31536000; includeSubDomains
      transfer-encoding:
      - chunked
      vary:
      - Accept-Encoding
      x-content-type-options:
      - nosniff
    status:
      code: 200
      message: OK
- request:
    body: null
    headers:
      Accept:
      - '*/*'
      Accept-Encoding:
      - gzip, deflate
      CommandName:
      - aks create
      Connection:
      - keep-alive
      ParameterSetName:
      - --resource-group --name --location --nodepool-name --node-count -k --ssh-key-value
        -o
      User-Agent:
      - AZURECLI/2.34.1 (DOCKER) azsdk-python-azure-mgmt-containerservice/18.0.0b
        Python/3.10.2 (Linux-5.10.25-linuxkit-x86_64-with)
    method: GET
    uri: https://management.azure.com/subscriptions/00000000-0000-0000-0000-000000000000/providers/Microsoft.ContainerService/locations/westus2/operations/8031d346-1044-4e55-b46b-9560b0276755?api-version=2016-03-30
  response:
    body:
      string: "{\n  \"name\": \"46d33180-4410-554e-b46b-9560b0276755\",\n  \"status\"\
        : \"InProgress\",\n  \"startTime\": \"2022-04-18T19:41:14.2533333Z\"\n }"
    headers:
      cache-control:
      - no-cache
      content-length:
      - '126'
      content-type:
      - application/json
      date:
      - Mon, 18 Apr 2022 19:42:44 GMT
      expires:
      - '-1'
      pragma:
      - no-cache
      server:
      - nginx
      strict-transport-security:
      - max-age=31536000; includeSubDomains
      transfer-encoding:
      - chunked
      vary:
      - Accept-Encoding
      x-content-type-options:
      - nosniff
    status:
      code: 200
      message: OK
- request:
    body: null
    headers:
      Accept:
      - '*/*'
      Accept-Encoding:
      - gzip, deflate
      CommandName:
      - aks create
      Connection:
      - keep-alive
      ParameterSetName:
      - --resource-group --name --location --nodepool-name --node-count -k --ssh-key-value
        -o
      User-Agent:
      - AZURECLI/2.34.1 (DOCKER) azsdk-python-azure-mgmt-containerservice/18.0.0b
        Python/3.10.2 (Linux-5.10.25-linuxkit-x86_64-with)
    method: GET
    uri: https://management.azure.com/subscriptions/00000000-0000-0000-0000-000000000000/providers/Microsoft.ContainerService/locations/westus2/operations/8031d346-1044-4e55-b46b-9560b0276755?api-version=2016-03-30
  response:
    body:
      string: "{\n  \"name\": \"46d33180-4410-554e-b46b-9560b0276755\",\n  \"status\"\
        : \"InProgress\",\n  \"startTime\": \"2022-04-18T19:41:14.2533333Z\"\n }"
    headers:
      cache-control:
      - no-cache
      content-length:
      - '126'
      content-type:
      - application/json
      date:
      - Mon, 18 Apr 2022 19:43:15 GMT
      expires:
      - '-1'
      pragma:
      - no-cache
      server:
      - nginx
      strict-transport-security:
      - max-age=31536000; includeSubDomains
      transfer-encoding:
      - chunked
      vary:
      - Accept-Encoding
      x-content-type-options:
      - nosniff
    status:
      code: 200
      message: OK
- request:
    body: null
    headers:
      Accept:
      - '*/*'
      Accept-Encoding:
      - gzip, deflate
      CommandName:
      - aks create
      Connection:
      - keep-alive
      ParameterSetName:
      - --resource-group --name --location --nodepool-name --node-count -k --ssh-key-value
        -o
      User-Agent:
      - AZURECLI/2.34.1 (DOCKER) azsdk-python-azure-mgmt-containerservice/18.0.0b
        Python/3.10.2 (Linux-5.10.25-linuxkit-x86_64-with)
    method: GET
    uri: https://management.azure.com/subscriptions/00000000-0000-0000-0000-000000000000/providers/Microsoft.ContainerService/locations/westus2/operations/8031d346-1044-4e55-b46b-9560b0276755?api-version=2016-03-30
  response:
    body:
      string: "{\n  \"name\": \"46d33180-4410-554e-b46b-9560b0276755\",\n  \"status\"\
        : \"InProgress\",\n  \"startTime\": \"2022-04-18T19:41:14.2533333Z\"\n }"
    headers:
      cache-control:
      - no-cache
      content-length:
      - '126'
      content-type:
      - application/json
      date:
      - Mon, 18 Apr 2022 19:43:44 GMT
      expires:
      - '-1'
      pragma:
      - no-cache
      server:
      - nginx
      strict-transport-security:
      - max-age=31536000; includeSubDomains
      transfer-encoding:
      - chunked
      vary:
      - Accept-Encoding
      x-content-type-options:
      - nosniff
    status:
      code: 200
      message: OK
- request:
    body: null
    headers:
      Accept:
      - '*/*'
      Accept-Encoding:
      - gzip, deflate
      CommandName:
      - aks create
      Connection:
      - keep-alive
      ParameterSetName:
      - --resource-group --name --location --nodepool-name --node-count -k --ssh-key-value
        -o
      User-Agent:
      - AZURECLI/2.34.1 (DOCKER) azsdk-python-azure-mgmt-containerservice/18.0.0b
        Python/3.10.2 (Linux-5.10.25-linuxkit-x86_64-with)
    method: GET
    uri: https://management.azure.com/subscriptions/00000000-0000-0000-0000-000000000000/providers/Microsoft.ContainerService/locations/westus2/operations/8031d346-1044-4e55-b46b-9560b0276755?api-version=2016-03-30
  response:
    body:
      string: "{\n  \"name\": \"46d33180-4410-554e-b46b-9560b0276755\",\n  \"status\"\
        : \"InProgress\",\n  \"startTime\": \"2022-04-18T19:41:14.2533333Z\"\n }"
    headers:
      cache-control:
      - no-cache
      content-length:
      - '126'
      content-type:
      - application/json
      date:
      - Mon, 18 Apr 2022 19:44:15 GMT
      expires:
      - '-1'
      pragma:
      - no-cache
      server:
      - nginx
      strict-transport-security:
      - max-age=31536000; includeSubDomains
      transfer-encoding:
      - chunked
      vary:
      - Accept-Encoding
      x-content-type-options:
      - nosniff
    status:
      code: 200
      message: OK
- request:
    body: null
    headers:
      Accept:
      - '*/*'
      Accept-Encoding:
      - gzip, deflate
      CommandName:
      - aks create
      Connection:
      - keep-alive
      ParameterSetName:
      - --resource-group --name --location --nodepool-name --node-count -k --ssh-key-value
        -o
      User-Agent:
      - AZURECLI/2.34.1 (DOCKER) azsdk-python-azure-mgmt-containerservice/18.0.0b
        Python/3.10.2 (Linux-5.10.25-linuxkit-x86_64-with)
    method: GET
    uri: https://management.azure.com/subscriptions/00000000-0000-0000-0000-000000000000/providers/Microsoft.ContainerService/locations/westus2/operations/8031d346-1044-4e55-b46b-9560b0276755?api-version=2016-03-30
  response:
    body:
      string: "{\n  \"name\": \"46d33180-4410-554e-b46b-9560b0276755\",\n  \"status\"\
        : \"InProgress\",\n  \"startTime\": \"2022-04-18T19:41:14.2533333Z\"\n }"
    headers:
      cache-control:
      - no-cache
      content-length:
      - '126'
      content-type:
      - application/json
      date:
      - Mon, 18 Apr 2022 19:44:45 GMT
      expires:
      - '-1'
      pragma:
      - no-cache
      server:
      - nginx
      strict-transport-security:
      - max-age=31536000; includeSubDomains
      transfer-encoding:
      - chunked
      vary:
      - Accept-Encoding
      x-content-type-options:
      - nosniff
    status:
      code: 200
      message: OK
- request:
    body: null
    headers:
      Accept:
      - '*/*'
      Accept-Encoding:
      - gzip, deflate
      CommandName:
      - aks create
      Connection:
      - keep-alive
      ParameterSetName:
      - --resource-group --name --location --nodepool-name --node-count -k --ssh-key-value
        -o
      User-Agent:
      - AZURECLI/2.34.1 (DOCKER) azsdk-python-azure-mgmt-containerservice/18.0.0b
        Python/3.10.2 (Linux-5.10.25-linuxkit-x86_64-with)
    method: GET
    uri: https://management.azure.com/subscriptions/00000000-0000-0000-0000-000000000000/providers/Microsoft.ContainerService/locations/westus2/operations/8031d346-1044-4e55-b46b-9560b0276755?api-version=2016-03-30
  response:
    body:
      string: "{\n  \"name\": \"46d33180-4410-554e-b46b-9560b0276755\",\n  \"status\"\
        : \"InProgress\",\n  \"startTime\": \"2022-04-18T19:41:14.2533333Z\"\n }"
    headers:
      cache-control:
      - no-cache
      content-length:
      - '126'
      content-type:
      - application/json
      date:
      - Mon, 18 Apr 2022 19:45:15 GMT
      expires:
      - '-1'
      pragma:
      - no-cache
      server:
      - nginx
      strict-transport-security:
      - max-age=31536000; includeSubDomains
      transfer-encoding:
      - chunked
      vary:
      - Accept-Encoding
      x-content-type-options:
      - nosniff
    status:
      code: 200
      message: OK
- request:
    body: null
    headers:
      Accept:
      - '*/*'
      Accept-Encoding:
      - gzip, deflate
      CommandName:
      - aks create
      Connection:
      - keep-alive
      ParameterSetName:
      - --resource-group --name --location --nodepool-name --node-count -k --ssh-key-value
        -o
      User-Agent:
      - AZURECLI/2.34.1 (DOCKER) azsdk-python-azure-mgmt-containerservice/18.0.0b
        Python/3.10.2 (Linux-5.10.25-linuxkit-x86_64-with)
    method: GET
    uri: https://management.azure.com/subscriptions/00000000-0000-0000-0000-000000000000/providers/Microsoft.ContainerService/locations/westus2/operations/8031d346-1044-4e55-b46b-9560b0276755?api-version=2016-03-30
  response:
    body:
      string: "{\n  \"name\": \"46d33180-4410-554e-b46b-9560b0276755\",\n  \"status\"\
        : \"Succeeded\",\n  \"startTime\": \"2022-04-18T19:41:14.2533333Z\",\n  \"\
        endTime\": \"2022-04-18T19:45:40.8552652Z\"\n }"
    headers:
      cache-control:
      - no-cache
      content-length:
      - '170'
      content-type:
      - application/json
      date:
      - Mon, 18 Apr 2022 19:45:45 GMT
      expires:
      - '-1'
      pragma:
      - no-cache
      server:
      - nginx
      strict-transport-security:
      - max-age=31536000; includeSubDomains
      transfer-encoding:
      - chunked
      vary:
      - Accept-Encoding
      x-content-type-options:
      - nosniff
    status:
      code: 200
      message: OK
- request:
    body: null
    headers:
      Accept:
      - '*/*'
      Accept-Encoding:
      - gzip, deflate
      CommandName:
      - aks create
      Connection:
      - keep-alive
      ParameterSetName:
      - --resource-group --name --location --nodepool-name --node-count -k --ssh-key-value
        -o
      User-Agent:
      - AZURECLI/2.34.1 (DOCKER) azsdk-python-azure-mgmt-containerservice/18.0.0b
        Python/3.10.2 (Linux-5.10.25-linuxkit-x86_64-with)
    method: GET
    uri: https://management.azure.com/subscriptions/00000000-0000-0000-0000-000000000000/resourceGroups/clitest000001/providers/Microsoft.ContainerService/managedClusters/cliakstest000002?api-version=2022-03-02-preview
  response:
    body:
      string: "{\n  \"id\": \"/subscriptions/00000000-0000-0000-0000-000000000000/resourcegroups/clitest000001/providers/Microsoft.ContainerService/managedClusters/cliakstest000002\"\
        ,\n  \"location\": \"westus2\",\n  \"name\": \"cliakstest000002\",\n  \"type\"\
        : \"Microsoft.ContainerService/ManagedClusters\",\n  \"properties\": {\n \
        \  \"provisioningState\": \"Succeeded\",\n   \"powerState\": {\n    \"code\"\
        : \"Running\"\n   },\n   \"kubernetesVersion\": \"1.23.3\",\n   \"currentKubernetesVersion\"\
        : \"1.23.3\",\n   \"dnsPrefix\": \"cliakstest-clitest7ck6kvljr-8ecadf\",\n\
        \   \"fqdn\": \"cliakstest-clitest7ck6kvljr-8ecadf-79e1bfc8.hcp.westus2.azmk8s.io\"\
        ,\n   \"azurePortalFQDN\": \"cliakstest-clitest7ck6kvljr-8ecadf-79e1bfc8.portal.hcp.westus2.azmk8s.io\"\
        ,\n   \"agentPoolProfiles\": [\n    {\n     \"name\": \"c000004\",\n     \"\
        count\": 1,\n     \"vmSize\": \"Standard_DS2_v2\",\n     \"osDiskSizeGB\"\
        : 128,\n     \"osDiskType\": \"Managed\",\n     \"kubeletDiskType\": \"OS\"\
        ,\n     \"workloadRuntime\": \"OCIContainer\",\n     \"maxPods\": 110,\n \
        \    \"type\": \"VirtualMachineScaleSets\",\n     \"enableAutoScaling\": false,\n\
        \     \"provisioningState\": \"Succeeded\",\n     \"powerState\": {\n    \
        \  \"code\": \"Running\"\n     },\n     \"currentOrchestratorVersion\": \"\
        1.23.3\",\n     \"enableNodePublicIP\": false,\n     \"mode\": \"System\"\
        ,\n     \"enableEncryptionAtHost\": false,\n     \"enableUltraSSD\": false,\n\
        \     \"osType\": \"Linux\",\n     \"osSKU\": \"Ubuntu\",\n     \"nodeImageVersion\"\
        : \"AKSUbuntu-1804gen2containerd-2022.03.29\",\n     \"enableFIPS\": false\n\
        \    }\n   ],\n   \"linuxProfile\": {\n    \"adminUsername\": \"azureuser\"\
        ,\n    \"ssh\": {\n     \"publicKeys\": [\n      {\n       \"keyData\": \"\
        ssh-rsa AAAAB3NzaC1yc2EAAAADAQABAAACAQCbIg1guRHbI0lV11wWDt1r2cUdcNd27CJsg+SfgC7miZeubtwUhbsPdhMQsfDyhOWHq1+ZL0M+nJZV63d/1dhmhtgyOqejUwrPlzKhydsbrsdUor+JmNJDdW01v7BXHyuymT8G4s09jCasNOwiufbP/qp72ruu0bIA1nySsvlf9pCQAuFkAnVnf/rFhUlOkhtRpwcq8SUNY2zRHR/EKb/4NWY1JzR4sa3q2fWIJdrrX0DvLoa5g9bIEd4Df79ba7v+yiUBOS0zT2ll+z4g9izHK3EO5d8hL4jYxcjKs+wcslSYRWrascfscLgMlMGh0CdKeNTDjHpGPncaf3Z+FwwwjWeuiNBxv7bJo13/8B/098KlVDl4GZqsoBCEjPyJfV6hO0y/LkRGkk7oHWKgeWAfKtfLItRp00eZ4fcJNK9kCaSMmEugoZWcI7NGbZXzqFWqbpRI7NcDP9+WIQ+i9U5vqWsqd/zng4kbuAJ6UuKqIzB0upYrLShfQE3SAck8oaLhJqqq56VfDuASNpJKidV+zq27HfSBmbXnkR/5AK337dc3MXKJypoK/QPMLKUAP5XLPbs+NddJQV7EZXd29DLgp+fRIg3edpKdO7ZErWhv7d+3Kws+e1Y+ypmR2WIVSwVyBEUfgv2C8Ts9gnTF4pNcEY/S2aBicz5Ew2+jdyGNQQ==\
        \ test@example.com\\n\"\n      }\n     ]\n    }\n   },\n   \"servicePrincipalProfile\"\
        : {\n    \"clientId\":\"00000000-0000-0000-0000-000000000001\"\n   },\n  \
        \ \"nodeResourceGroup\": \"MC_clitest000001_cliakstest000002_westus2\",\n\
        \   \"enableRBAC\": true,\n   \"enablePodSecurityPolicy\": false,\n   \"networkProfile\"\
        : {\n    \"networkPlugin\": \"kubenet\",\n    \"loadBalancerSku\": \"Standard\"\
        ,\n    \"loadBalancerProfile\": {\n     \"managedOutboundIPs\": {\n      \"\
        count\": 1\n     },\n     \"effectiveOutboundIPs\": [\n      {\n       \"\
        id\": \"/subscriptions/00000000-0000-0000-0000-000000000000/resourceGroups/MC_clitest000001_cliakstest000002_westus2/providers/Microsoft.Network/publicIPAddresses/db2e0a67-9c33-4d1a-84ae-68d5f13787d7\"\
        \n      }\n     ]\n    },\n    \"podCidr\": \"10.244.0.0/16\",\n    \"serviceCidr\"\
        : \"10.0.0.0/16\",\n    \"dnsServiceIP\": \"10.0.0.10\",\n    \"dockerBridgeCidr\"\
        : \"172.17.0.1/16\",\n    \"outboundType\": \"loadBalancer\",\n    \"podCidrs\"\
        : [\n     \"10.244.0.0/16\"\n    ],\n    \"serviceCidrs\": [\n     \"10.0.0.0/16\"\
        \n    ],\n    \"ipFamilies\": [\n     \"IPv4\"\n    ]\n   },\n   \"maxAgentPools\"\
        : 100,\n   \"identityProfile\": {\n    \"kubeletidentity\": {\n     \"resourceId\"\
        : \"/subscriptions/00000000-0000-0000-0000-000000000000/resourcegroups/MC_clitest000001_cliakstest000002_westus2/providers/Microsoft.ManagedIdentity/userAssignedIdentities/cliakstest000002-agentpool\"\
        ,\n     \"clientId\":\"00000000-0000-0000-0000-000000000001\",\n     \"objectId\"\
        :\"00000000-0000-0000-0000-000000000001\"\n    }\n   },\n   \"disableLocalAccounts\"\
        : false,\n   \"securityProfile\": {},\n   \"oidcIssuerProfile\": {\n    \"\
        enabled\": false\n   }\n  },\n  \"identity\": {\n   \"type\": \"SystemAssigned\"\
        ,\n   \"principalId\":\"00000000-0000-0000-0000-000000000001\",\n   \"tenantId\"\
        : \"72f988bf-86f1-41af-91ab-2d7cd011db47\"\n  },\n  \"sku\": {\n   \"name\"\
        : \"Basic\",\n   \"tier\": \"Free\"\n  }\n }"
    headers:
      cache-control:
      - no-cache
      content-length:
      - '4037'
      content-type:
      - application/json
      date:
      - Mon, 18 Apr 2022 19:45:46 GMT
      expires:
      - '-1'
      pragma:
      - no-cache
      server:
      - nginx
      strict-transport-security:
      - max-age=31536000; includeSubDomains
      transfer-encoding:
      - chunked
      vary:
      - Accept-Encoding
      x-content-type-options:
      - nosniff
    status:
      code: 200
      message: OK
- request:
    body: null
    headers:
      Accept:
      - application/json
      Accept-Encoding:
      - gzip, deflate
      CommandName:
      - aks snapshot create
      Connection:
      - keep-alive
      ParameterSetName:
      - --resource-group --name --location --aks-custom-headers --cluster-id -o
      User-Agent:
      - AZURECLI/2.34.1 (DOCKER) azsdk-python-azure-mgmt-resource/20.0.0 Python/3.10.2
        (Linux-5.10.25-linuxkit-x86_64-with)
    method: GET
    uri: https://management.azure.com/subscriptions/00000000-0000-0000-0000-000000000000/resourcegroups/clitest000001?api-version=2021-04-01
  response:
    body:
      string: '{"id":"/subscriptions/00000000-0000-0000-0000-000000000000/resourceGroups/clitest000001","name":"clitest000001","type":"Microsoft.Resources/resourceGroups","location":"westus2","tags":{"cause":"automation","date":"2022-04-18T19:41:04Z","deletion_due_time":"1650570072","deletion_marked_by":"gc","product":"azurecli"},"properties":{"provisioningState":"Succeeded"}}'
    headers:
      cache-control:
      - no-cache
      content-length:
      - '364'
      content-type:
      - application/json; charset=utf-8
      date:
      - Mon, 18 Apr 2022 19:45:47 GMT
      expires:
      - '-1'
      pragma:
      - no-cache
      strict-transport-security:
      - max-age=31536000; includeSubDomains
      vary:
      - Accept-Encoding
      x-content-type-options:
      - nosniff
    status:
      code: 200
      message: OK
- request:
    body: '{"location": "westus2", "properties": {"creationData": {"sourceResourceId":
      "/subscriptions/00000000-0000-0000-0000-000000000000/resourcegroups/clitest000001/providers/Microsoft.ContainerService/managedClusters/cliakstest000002"},
      "snapshotType": "ManagedCluster"}}'
    headers:
      AKSHTTPCustomFeatures:
      - Microsoft.ContainerService/ManagedClusterSnapshotPreview
      Accept:
      - application/json
      Accept-Encoding:
      - gzip, deflate
      CommandName:
      - aks snapshot create
      Connection:
      - keep-alive
      Content-Length:
      - '265'
      Content-Type:
      - application/json
      ParameterSetName:
      - --resource-group --name --location --aks-custom-headers --cluster-id -o
      User-Agent:
      - AZURECLI/2.34.1 (DOCKER) azsdk-python-azure-mgmt-containerservice/18.0.0b
        Python/3.10.2 (Linux-5.10.25-linuxkit-x86_64-with)
    method: PUT
    uri: https://management.azure.com/subscriptions/00000000-0000-0000-0000-000000000000/resourceGroups/clitest000001/providers/Microsoft.ContainerService/managedclustersnapshots/s000005?api-version=2022-03-02-preview
  response:
    body:
      string: "{\n  \"name\": \"s000005\",\n  \"id\": \"/subscriptions/00000000-0000-0000-0000-000000000000/resourceGroups/clitest000001/providers/Microsoft.ContainerService/managedclustersnapshots/s000005\"\
        ,\n  \"type\": \"Microsoft.ContainerService/ManagedClusterSnapshots\",\n \
        \ \"location\": \"westus2\",\n  \"systemData\": {\n   \"createdBy\": \"qizhe@microsoft.com\"\
        ,\n   \"createdByType\": \"User\",\n   \"createdAt\": \"2022-04-18T19:45:49.0530129Z\"\
        ,\n   \"lastModifiedBy\": \"qizhe@microsoft.com\",\n   \"lastModifiedByType\"\
        : \"User\",\n   \"lastModifiedAt\": \"2022-04-18T19:45:49.0530129Z\"\n  },\n\
        \  \"properties\": {\n   \"creationData\": {\n    \"sourceResourceId\": \"\
        /subscriptions/00000000-0000-0000-0000-000000000000/resourcegroups/clitest000001/providers/Microsoft.ContainerService/managedClusters/cliakstest000002\"\
        \n   },\n   \"snapshotType\": \"ManagedCluster\",\n   \"managedClusterPropertiesReadOnly\"\
        : {\n    \"kubernetesVersion\": \"1.23.3\",\n    \"sku\": {\n     \"name\"\
        : \"Basic\",\n     \"tier\": \"Free\"\n    },\n    \"enableRbac\": true,\n\
        \    \"networkProfile\": {\n     \"networkPlugin\": \"kubenet\",\n     \"\
        loadBalancerSku\": \"Standard\"\n    }\n   }\n  }\n }"
    headers:
      cache-control:
      - no-cache
      content-length:
      - '1070'
      content-type:
      - application/json
      date:
      - Mon, 18 Apr 2022 19:45:49 GMT
      expires:
      - '-1'
      pragma:
      - no-cache
      server:
      - nginx
      strict-transport-security:
      - max-age=31536000; includeSubDomains
      transfer-encoding:
      - chunked
      vary:
      - Accept-Encoding
      x-content-type-options:
      - nosniff
      x-ms-ratelimit-remaining-subscription-writes:
      - '1199'
    status:
      code: 200
      message: OK
- request:
    body: null
    headers:
      Accept:
      - application/json
      Accept-Encoding:
      - gzip, deflate
      CommandName:
      - aks delete
      Connection:
      - keep-alive
      Content-Length:
      - '0'
      ParameterSetName:
      - -g -n --yes --no-wait
      User-Agent:
      - AZURECLI/2.34.1 (DOCKER) azsdk-python-azure-mgmt-containerservice/18.0.0b
        Python/3.10.2 (Linux-5.10.25-linuxkit-x86_64-with)
    method: DELETE
    uri: https://management.azure.com/subscriptions/00000000-0000-0000-0000-000000000000/resourceGroups/clitest000001/providers/Microsoft.ContainerService/managedClusters/cliakstest000002?api-version=2022-03-02-preview
  response:
    body:
      string: ''
    headers:
      azure-asyncoperation:
      - https://management.azure.com/subscriptions/00000000-0000-0000-0000-000000000000/providers/Microsoft.ContainerService/locations/westus2/operations/41a9ccdd-1749-4f11-a0f3-8f676e230b7c?api-version=2016-03-30
      cache-control:
      - no-cache
      content-length:
      - '0'
      date:
      - Mon, 18 Apr 2022 19:45:51 GMT
      expires:
      - '-1'
      location:
      - https://management.azure.com/subscriptions/00000000-0000-0000-0000-000000000000/providers/Microsoft.ContainerService/locations/westus2/operationresults/41a9ccdd-1749-4f11-a0f3-8f676e230b7c?api-version=2016-03-30
      pragma:
      - no-cache
      server:
      - nginx
      strict-transport-security:
      - max-age=31536000; includeSubDomains
      x-content-type-options:
      - nosniff
      x-ms-ratelimit-remaining-subscription-deletes:
      - '14999'
    status:
      code: 202
      message: Accepted
- request:
    body: null
    headers:
      Accept:
      - application/json
      Accept-Encoding:
      - gzip, deflate
      CommandName:
      - aks snapshot show
      Connection:
      - keep-alive
      ParameterSetName:
      - --resource-group --name -o
      User-Agent:
      - AZURECLI/2.34.1 (DOCKER) azsdk-python-azure-mgmt-containerservice/18.0.0b
        Python/3.10.2 (Linux-5.10.25-linuxkit-x86_64-with)
    method: GET
    uri: https://management.azure.com/subscriptions/00000000-0000-0000-0000-000000000000/resourceGroups/clitest000001/providers/Microsoft.ContainerService/managedclustersnapshots/s000005?api-version=2022-03-02-preview
  response:
    body:
      string: "{\n  \"name\": \"s000005\",\n  \"id\": \"/subscriptions/00000000-0000-0000-0000-000000000000/resourceGroups/clitest000001/providers/Microsoft.ContainerService/managedclustersnapshots/s000005\"\
        ,\n  \"type\": \"Microsoft.ContainerService/ManagedClusterSnapshots\",\n \
        \ \"location\": \"westus2\",\n  \"systemData\": {\n   \"createdBy\": \"qizhe@microsoft.com\"\
        ,\n   \"createdByType\": \"User\",\n   \"createdAt\": \"2022-04-18T19:45:49.0530129Z\"\
        ,\n   \"lastModifiedBy\": \"qizhe@microsoft.com\",\n   \"lastModifiedByType\"\
        : \"User\",\n   \"lastModifiedAt\": \"2022-04-18T19:45:49.0530129Z\"\n  },\n\
        \  \"properties\": {\n   \"creationData\": {\n    \"sourceResourceId\": \"\
        /subscriptions/00000000-0000-0000-0000-000000000000/resourcegroups/clitest000001/providers/Microsoft.ContainerService/managedClusters/cliakstest000002\"\
        \n   },\n   \"snapshotType\": \"ManagedCluster\",\n   \"managedClusterPropertiesReadOnly\"\
        : {\n    \"kubernetesVersion\": \"1.23.3\",\n    \"sku\": {\n     \"name\"\
        : \"Basic\",\n     \"tier\": \"Free\"\n    },\n    \"enableRbac\": true,\n\
        \    \"networkProfile\": {\n     \"networkPlugin\": \"kubenet\",\n     \"\
        loadBalancerSku\": \"Standard\"\n    }\n   }\n  }\n }"
    headers:
      cache-control:
      - no-cache
      content-length:
      - '1070'
      content-type:
      - application/json
      date:
      - Mon, 18 Apr 2022 19:45:51 GMT
      expires:
      - '-1'
      pragma:
      - no-cache
      server:
      - nginx
      strict-transport-security:
      - max-age=31536000; includeSubDomains
      transfer-encoding:
      - chunked
      vary:
      - Accept-Encoding
      x-content-type-options:
      - nosniff
    status:
      code: 200
      message: OK
- request:
    body: null
    headers:
      Accept:
      - application/json
      Accept-Encoding:
      - gzip, deflate
      CommandName:
      - aks snapshot list
      Connection:
      - keep-alive
      ParameterSetName:
      - --resource-group -o
      User-Agent:
      - AZURECLI/2.34.1 (DOCKER) azsdk-python-azure-mgmt-containerservice/18.0.0b
        Python/3.10.2 (Linux-5.10.25-linuxkit-x86_64-with)
    method: GET
    uri: https://management.azure.com/subscriptions/00000000-0000-0000-0000-000000000000/resourceGroups/clitest000001/providers/Microsoft.ContainerService/managedclustersnapshots?api-version=2022-03-02-preview
  response:
    body:
      string: "{\n  \"value\": [\n   {\n    \"name\": \"s000005\",\n    \"id\": \"\
        /subscriptions/00000000-0000-0000-0000-000000000000/resourceGroups/clitest000001/providers/Microsoft.ContainerService/managedclustersnapshots/s000005\"\
        ,\n    \"type\": \"Microsoft.ContainerService/ManagedClusterSnapshots\",\n\
        \    \"location\": \"westus2\",\n    \"systemData\": {\n     \"createdBy\"\
        : \"qizhe@microsoft.com\",\n     \"createdByType\": \"User\",\n     \"createdAt\"\
        : \"2022-04-18T19:45:49.0530129Z\",\n     \"lastModifiedBy\": \"qizhe@microsoft.com\"\
        ,\n     \"lastModifiedByType\": \"User\",\n     \"lastModifiedAt\": \"2022-04-18T19:45:49.0530129Z\"\
        \n    },\n    \"properties\": {\n     \"creationData\": {\n      \"sourceResourceId\"\
        : \"/subscriptions/00000000-0000-0000-0000-000000000000/resourcegroups/clitest000001/providers/Microsoft.ContainerService/managedClusters/cliakstest000002\"\
        \n     },\n     \"snapshotType\": \"ManagedCluster\",\n     \"managedClusterPropertiesReadOnly\"\
        : {\n      \"kubernetesVersion\": \"1.23.3\",\n      \"sku\": {\n       \"\
        name\": \"Basic\",\n       \"tier\": \"Free\"\n      },\n      \"enableRbac\"\
        : true,\n      \"networkProfile\": {\n       \"networkPlugin\": \"kubenet\"\
        ,\n       \"loadBalancerSku\": \"Standard\"\n      }\n     }\n    }\n   }\n\
        \  ]\n }"
    headers:
      cache-control:
      - no-cache
      content-length:
      - '1157'
      content-type:
      - application/json
      date:
      - Mon, 18 Apr 2022 19:45:51 GMT
      expires:
      - '-1'
      pragma:
      - no-cache
      server:
      - nginx
      strict-transport-security:
      - max-age=31536000; includeSubDomains
      transfer-encoding:
      - chunked
      vary:
      - Accept-Encoding
      x-content-type-options:
      - nosniff
    status:
      code: 200
      message: OK
- request:
    body: null
    headers:
      Accept:
      - application/json
      Accept-Encoding:
      - gzip, deflate
      CommandName:
      - aks create
      Connection:
      - keep-alive
      ParameterSetName:
      - --resource-group --name --location --nodepool-name --node-count --cluster-snapshot-id
        --aks-custom-headers --ssh-key-value -o
      User-Agent:
      - AZURECLI/2.34.1 (DOCKER) azsdk-python-azure-mgmt-containerservice/18.0.0b
        Python/3.10.2 (Linux-5.10.25-linuxkit-x86_64-with)
    method: GET
    uri: https://management.azure.com/subscriptions/00000000-0000-0000-0000-000000000000/resourceGroups/clitest000001/providers/Microsoft.ContainerService/managedclustersnapshots/s000005?api-version=2022-03-02-preview
  response:
    body:
      string: "{\n  \"name\": \"s000005\",\n  \"id\": \"/subscriptions/00000000-0000-0000-0000-000000000000/resourceGroups/clitest000001/providers/Microsoft.ContainerService/managedclustersnapshots/s000005\"\
        ,\n  \"type\": \"Microsoft.ContainerService/ManagedClusterSnapshots\",\n \
        \ \"location\": \"westus2\",\n  \"systemData\": {\n   \"createdBy\": \"qizhe@microsoft.com\"\
        ,\n   \"createdByType\": \"User\",\n   \"createdAt\": \"2022-04-18T19:45:49.0530129Z\"\
        ,\n   \"lastModifiedBy\": \"qizhe@microsoft.com\",\n   \"lastModifiedByType\"\
        : \"User\",\n   \"lastModifiedAt\": \"2022-04-18T19:45:49.0530129Z\"\n  },\n\
        \  \"properties\": {\n   \"creationData\": {\n    \"sourceResourceId\": \"\
        /subscriptions/00000000-0000-0000-0000-000000000000/resourcegroups/clitest000001/providers/Microsoft.ContainerService/managedClusters/cliakstest000002\"\
        \n   },\n   \"snapshotType\": \"ManagedCluster\",\n   \"managedClusterPropertiesReadOnly\"\
        : {\n    \"kubernetesVersion\": \"1.23.3\",\n    \"sku\": {\n     \"name\"\
        : \"Basic\",\n     \"tier\": \"Free\"\n    },\n    \"enableRbac\": true,\n\
        \    \"networkProfile\": {\n     \"networkPlugin\": \"kubenet\",\n     \"\
        loadBalancerSku\": \"Standard\"\n    }\n   }\n  }\n }"
    headers:
      cache-control:
      - no-cache
      content-length:
      - '1070'
      content-type:
      - application/json
      date:
      - Mon, 18 Apr 2022 19:45:53 GMT
      expires:
      - '-1'
      pragma:
      - no-cache
      server:
      - nginx
      strict-transport-security:
      - max-age=31536000; includeSubDomains
      transfer-encoding:
      - chunked
      vary:
      - Accept-Encoding
      x-content-type-options:
      - nosniff
    status:
      code: 200
      message: OK
- request:
    body: '{"location": "westus2", "identity": {"type": "SystemAssigned"}, "properties":
      {"creationData": {"sourceResourceId": "/subscriptions/00000000-0000-0000-0000-000000000000/resourceGroups/clitest000001/providers/Microsoft.ContainerService/managedclustersnapshots/s000005"},
      "kubernetesVersion": "1.23.3", "dnsPrefix": "cliakstest-clitest7ck6kvljr-8ecadf",
      "agentPoolProfiles": [{"count": 1, "vmSize": "Standard_DS2_v2", "workloadRuntime":
      "OCIContainer", "osType": "Linux", "enableAutoScaling": false, "type": "VirtualMachineScaleSets",
      "mode": "System", "enableNodePublicIP": false, "scaleSetPriority": "Regular",
      "scaleSetEvictionPolicy": "Delete", "spotMaxPrice": -1.0, "enableEncryptionAtHost":
      false, "enableUltraSSD": false, "enableFIPS": false, "name": "c000004"}], "linuxProfile":
      {"adminUsername": "azureuser", "ssh": {"publicKeys": [{"keyData": "ssh-rsa AAAAB3NzaC1yc2EAAAADAQABAAACAQCbIg1guRHbI0lV11wWDt1r2cUdcNd27CJsg+SfgC7miZeubtwUhbsPdhMQsfDyhOWHq1+ZL0M+nJZV63d/1dhmhtgyOqejUwrPlzKhydsbrsdUor+JmNJDdW01v7BXHyuymT8G4s09jCasNOwiufbP/qp72ruu0bIA1nySsvlf9pCQAuFkAnVnf/rFhUlOkhtRpwcq8SUNY2zRHR/EKb/4NWY1JzR4sa3q2fWIJdrrX0DvLoa5g9bIEd4Df79ba7v+yiUBOS0zT2ll+z4g9izHK3EO5d8hL4jYxcjKs+wcslSYRWrascfscLgMlMGh0CdKeNTDjHpGPncaf3Z+FwwwjWeuiNBxv7bJo13/8B/098KlVDl4GZqsoBCEjPyJfV6hO0y/LkRGkk7oHWKgeWAfKtfLItRp00eZ4fcJNK9kCaSMmEugoZWcI7NGbZXzqFWqbpRI7NcDP9+WIQ+i9U5vqWsqd/zng4kbuAJ6UuKqIzB0upYrLShfQE3SAck8oaLhJqqq56VfDuASNpJKidV+zq27HfSBmbXnkR/5AK337dc3MXKJypoK/QPMLKUAP5XLPbs+NddJQV7EZXd29DLgp+fRIg3edpKdO7ZErWhv7d+3Kws+e1Y+ypmR2WIVSwVyBEUfgv2C8Ts9gnTF4pNcEY/S2aBicz5Ew2+jdyGNQQ==
      test@example.com\n"}]}}, "addonProfiles": {}, "enableRBAC": true, "enablePodSecurityPolicy":
      false, "networkProfile": {"networkPlugin": "kubenet", "podCidr": "10.244.0.0/16",
      "serviceCidr": "10.0.0.0/16", "dnsServiceIP": "10.0.0.10", "dockerBridgeCidr":
      "172.17.0.1/16", "outboundType": "loadBalancer", "loadBalancerSku": "standard"},
      "disableLocalAccounts": false}}'
    headers:
      AKSHTTPCustomFeatures:
      - Microsoft.ContainerService/ManagedClusterSnapshotPreview
      Accept:
      - application/json
      Accept-Encoding:
      - gzip, deflate
      CommandName:
      - aks create
      Connection:
      - keep-alive
      Content-Length:
      - '1943'
      Content-Type:
      - application/json
      ParameterSetName:
      - --resource-group --name --location --nodepool-name --node-count --cluster-snapshot-id
        --aks-custom-headers --ssh-key-value -o
      User-Agent:
      - AZURECLI/2.34.1 (DOCKER) azsdk-python-azure-mgmt-containerservice/18.0.0b
        Python/3.10.2 (Linux-5.10.25-linuxkit-x86_64-with)
    method: PUT
    uri: https://management.azure.com/subscriptions/00000000-0000-0000-0000-000000000000/resourceGroups/clitest000001/providers/Microsoft.ContainerService/managedClusters/cliakstest000003?api-version=2022-03-02-preview
  response:
    body:
      string: "{\n  \"id\": \"/subscriptions/00000000-0000-0000-0000-000000000000/resourcegroups/clitest000001/providers/Microsoft.ContainerService/managedClusters/cliakstest000003\"\
        ,\n  \"location\": \"westus2\",\n  \"name\": \"cliakstest000003\",\n  \"type\"\
        : \"Microsoft.ContainerService/ManagedClusters\",\n  \"properties\": {\n \
        \  \"provisioningState\": \"Creating\",\n   \"powerState\": {\n    \"code\"\
        : \"Running\"\n   },\n   \"creationData\": {\n    \"sourceResourceId\": \"\
        /subscriptions/00000000-0000-0000-0000-000000000000/resourceGroups/clitest000001/providers/Microsoft.ContainerService/managedclustersnapshots/s000005\"\
        \n   },\n   \"kubernetesVersion\": \"1.23.3\",\n   \"currentKubernetesVersion\"\
        : \"1.23.3\",\n   \"dnsPrefix\": \"cliakstest-clitest7ck6kvljr-8ecadf\",\n\
        \   \"fqdn\": \"cliakstest-clitest7ck6kvljr-8ecadf-f684a1d1.hcp.westus2.azmk8s.io\"\
        ,\n   \"azurePortalFQDN\": \"cliakstest-clitest7ck6kvljr-8ecadf-f684a1d1.portal.hcp.westus2.azmk8s.io\"\
        ,\n   \"agentPoolProfiles\": [\n    {\n     \"name\": \"c000004\",\n     \"\
        count\": 1,\n     \"vmSize\": \"Standard_DS2_v2\",\n     \"osDiskSizeGB\"\
        : 128,\n     \"osDiskType\": \"Managed\",\n     \"kubeletDiskType\": \"OS\"\
        ,\n     \"workloadRuntime\": \"OCIContainer\",\n     \"maxPods\": 110,\n \
        \    \"type\": \"VirtualMachineScaleSets\",\n     \"enableAutoScaling\": false,\n\
        \     \"provisioningState\": \"Creating\",\n     \"powerState\": {\n     \
        \ \"code\": \"Running\"\n     },\n     \"currentOrchestratorVersion\": \"\
        1.23.3\",\n     \"enableNodePublicIP\": false,\n     \"mode\": \"System\"\
        ,\n     \"enableEncryptionAtHost\": false,\n     \"enableUltraSSD\": false,\n\
        \     \"osType\": \"Linux\",\n     \"osSKU\": \"Ubuntu\",\n     \"nodeImageVersion\"\
        : \"AKSUbuntu-1804gen2containerd-2022.03.29\",\n     \"enableFIPS\": false\n\
        \    }\n   ],\n   \"linuxProfile\": {\n    \"adminUsername\": \"azureuser\"\
        ,\n    \"ssh\": {\n     \"publicKeys\": [\n      {\n       \"keyData\": \"\
        ssh-rsa AAAAB3NzaC1yc2EAAAADAQABAAACAQCbIg1guRHbI0lV11wWDt1r2cUdcNd27CJsg+SfgC7miZeubtwUhbsPdhMQsfDyhOWHq1+ZL0M+nJZV63d/1dhmhtgyOqejUwrPlzKhydsbrsdUor+JmNJDdW01v7BXHyuymT8G4s09jCasNOwiufbP/qp72ruu0bIA1nySsvlf9pCQAuFkAnVnf/rFhUlOkhtRpwcq8SUNY2zRHR/EKb/4NWY1JzR4sa3q2fWIJdrrX0DvLoa5g9bIEd4Df79ba7v+yiUBOS0zT2ll+z4g9izHK3EO5d8hL4jYxcjKs+wcslSYRWrascfscLgMlMGh0CdKeNTDjHpGPncaf3Z+FwwwjWeuiNBxv7bJo13/8B/098KlVDl4GZqsoBCEjPyJfV6hO0y/LkRGkk7oHWKgeWAfKtfLItRp00eZ4fcJNK9kCaSMmEugoZWcI7NGbZXzqFWqbpRI7NcDP9+WIQ+i9U5vqWsqd/zng4kbuAJ6UuKqIzB0upYrLShfQE3SAck8oaLhJqqq56VfDuASNpJKidV+zq27HfSBmbXnkR/5AK337dc3MXKJypoK/QPMLKUAP5XLPbs+NddJQV7EZXd29DLgp+fRIg3edpKdO7ZErWhv7d+3Kws+e1Y+ypmR2WIVSwVyBEUfgv2C8Ts9gnTF4pNcEY/S2aBicz5Ew2+jdyGNQQ==\
        \ test@example.com\\n\"\n      }\n     ]\n    }\n   },\n   \"servicePrincipalProfile\"\
        : {\n    \"clientId\":\"00000000-0000-0000-0000-000000000001\"\n   },\n  \
        \ \"nodeResourceGroup\": \"MC_clitest000001_cliakstest000003_westus2\",\n\
        \   \"enableRBAC\": true,\n   \"enablePodSecurityPolicy\": false,\n   \"networkProfile\"\
        : {\n    \"networkPlugin\": \"kubenet\",\n    \"loadBalancerSku\": \"Standard\"\
        ,\n    \"loadBalancerProfile\": {\n     \"managedOutboundIPs\": {\n      \"\
        count\": 1\n     }\n    },\n    \"podCidr\": \"10.244.0.0/16\",\n    \"serviceCidr\"\
        : \"10.0.0.0/16\",\n    \"dnsServiceIP\": \"10.0.0.10\",\n    \"dockerBridgeCidr\"\
        : \"172.17.0.1/16\",\n    \"outboundType\": \"loadBalancer\",\n    \"podCidrs\"\
        : [\n     \"10.244.0.0/16\"\n    ],\n    \"serviceCidrs\": [\n     \"10.0.0.0/16\"\
        \n    ],\n    \"ipFamilies\": [\n     \"IPv4\"\n    ]\n   },\n   \"maxAgentPools\"\
        : 100,\n   \"disableLocalAccounts\": false,\n   \"securityProfile\": {},\n\
        \   \"oidcIssuerProfile\": {\n    \"enabled\": false\n   }\n  },\n  \"identity\"\
        : {\n   \"type\": \"SystemAssigned\",\n   \"principalId\":\"00000000-0000-0000-0000-000000000001\"\
        ,\n   \"tenantId\": \"72f988bf-86f1-41af-91ab-2d7cd011db47\"\n  },\n  \"sku\"\
        : {\n   \"name\": \"Basic\",\n   \"tier\": \"Free\"\n  }\n }"
    headers:
      azure-asyncoperation:
      - https://management.azure.com/subscriptions/00000000-0000-0000-0000-000000000000/providers/Microsoft.ContainerService/locations/westus2/operations/fdf541ad-96c2-4ff8-990f-d2f7c4f43774?api-version=2016-03-30
      cache-control:
      - no-cache
      content-length:
      - '3587'
      content-type:
      - application/json
      date:
      - Mon, 18 Apr 2022 19:45:57 GMT
      expires:
      - '-1'
      pragma:
      - no-cache
      server:
      - nginx
      strict-transport-security:
      - max-age=31536000; includeSubDomains
      x-content-type-options:
      - nosniff
      x-ms-ratelimit-remaining-subscription-writes:
      - '1199'
    status:
      code: 201
      message: Created
- request:
    body: null
    headers:
      AKSHTTPCustomFeatures:
      - Microsoft.ContainerService/ManagedClusterSnapshotPreview
      Accept:
      - '*/*'
      Accept-Encoding:
      - gzip, deflate
      CommandName:
      - aks create
      Connection:
      - keep-alive
      ParameterSetName:
      - --resource-group --name --location --nodepool-name --node-count --cluster-snapshot-id
        --aks-custom-headers --ssh-key-value -o
      User-Agent:
      - AZURECLI/2.34.1 (DOCKER) azsdk-python-azure-mgmt-containerservice/18.0.0b
        Python/3.10.2 (Linux-5.10.25-linuxkit-x86_64-with)
    method: GET
    uri: https://management.azure.com/subscriptions/00000000-0000-0000-0000-000000000000/providers/Microsoft.ContainerService/locations/westus2/operations/fdf541ad-96c2-4ff8-990f-d2f7c4f43774?api-version=2016-03-30
  response:
    body:
      string: "{\n  \"name\": \"ad41f5fd-c296-f84f-990f-d2f7c4f43774\",\n  \"status\"\
        : \"InProgress\",\n  \"startTime\": \"2022-04-18T19:45:57.6Z\"\n }"
    headers:
      cache-control:
      - no-cache
      content-length:
      - '120'
      content-type:
      - application/json
      date:
      - Mon, 18 Apr 2022 19:46:27 GMT
      expires:
      - '-1'
      pragma:
      - no-cache
      server:
      - nginx
      strict-transport-security:
      - max-age=31536000; includeSubDomains
      transfer-encoding:
      - chunked
      vary:
      - Accept-Encoding
      x-content-type-options:
      - nosniff
    status:
      code: 200
      message: OK
- request:
    body: null
    headers:
      AKSHTTPCustomFeatures:
      - Microsoft.ContainerService/ManagedClusterSnapshotPreview
      Accept:
      - '*/*'
      Accept-Encoding:
      - gzip, deflate
      CommandName:
      - aks create
      Connection:
      - keep-alive
      ParameterSetName:
      - --resource-group --name --location --nodepool-name --node-count --cluster-snapshot-id
        --aks-custom-headers --ssh-key-value -o
      User-Agent:
      - AZURECLI/2.34.1 (DOCKER) azsdk-python-azure-mgmt-containerservice/18.0.0b
        Python/3.10.2 (Linux-5.10.25-linuxkit-x86_64-with)
    method: GET
    uri: https://management.azure.com/subscriptions/00000000-0000-0000-0000-000000000000/providers/Microsoft.ContainerService/locations/westus2/operations/fdf541ad-96c2-4ff8-990f-d2f7c4f43774?api-version=2016-03-30
  response:
    body:
      string: "{\n  \"name\": \"ad41f5fd-c296-f84f-990f-d2f7c4f43774\",\n  \"status\"\
        : \"InProgress\",\n  \"startTime\": \"2022-04-18T19:45:57.6Z\"\n }"
    headers:
      cache-control:
      - no-cache
      content-length:
      - '120'
      content-type:
      - application/json
      date:
      - Mon, 18 Apr 2022 19:46:57 GMT
      expires:
      - '-1'
      pragma:
      - no-cache
      server:
      - nginx
      strict-transport-security:
      - max-age=31536000; includeSubDomains
      transfer-encoding:
      - chunked
      vary:
      - Accept-Encoding
      x-content-type-options:
      - nosniff
    status:
      code: 200
      message: OK
- request:
    body: null
    headers:
      AKSHTTPCustomFeatures:
      - Microsoft.ContainerService/ManagedClusterSnapshotPreview
      Accept:
      - '*/*'
      Accept-Encoding:
      - gzip, deflate
      CommandName:
      - aks create
      Connection:
      - keep-alive
      ParameterSetName:
      - --resource-group --name --location --nodepool-name --node-count --cluster-snapshot-id
        --aks-custom-headers --ssh-key-value -o
      User-Agent:
      - AZURECLI/2.34.1 (DOCKER) azsdk-python-azure-mgmt-containerservice/18.0.0b
        Python/3.10.2 (Linux-5.10.25-linuxkit-x86_64-with)
    method: GET
    uri: https://management.azure.com/subscriptions/00000000-0000-0000-0000-000000000000/providers/Microsoft.ContainerService/locations/westus2/operations/fdf541ad-96c2-4ff8-990f-d2f7c4f43774?api-version=2016-03-30
  response:
    body:
      string: "{\n  \"name\": \"ad41f5fd-c296-f84f-990f-d2f7c4f43774\",\n  \"status\"\
        : \"InProgress\",\n  \"startTime\": \"2022-04-18T19:45:57.6Z\"\n }"
    headers:
      cache-control:
      - no-cache
      content-length:
      - '120'
      content-type:
      - application/json
      date:
      - Mon, 18 Apr 2022 19:47:28 GMT
      expires:
      - '-1'
      pragma:
      - no-cache
      server:
      - nginx
      strict-transport-security:
      - max-age=31536000; includeSubDomains
      transfer-encoding:
      - chunked
      vary:
      - Accept-Encoding
      x-content-type-options:
      - nosniff
    status:
      code: 200
      message: OK
- request:
    body: null
    headers:
      AKSHTTPCustomFeatures:
      - Microsoft.ContainerService/ManagedClusterSnapshotPreview
      Accept:
      - '*/*'
      Accept-Encoding:
      - gzip, deflate
      CommandName:
      - aks create
      Connection:
      - keep-alive
      ParameterSetName:
      - --resource-group --name --location --nodepool-name --node-count --cluster-snapshot-id
        --aks-custom-headers --ssh-key-value -o
      User-Agent:
      - AZURECLI/2.34.1 (DOCKER) azsdk-python-azure-mgmt-containerservice/18.0.0b
        Python/3.10.2 (Linux-5.10.25-linuxkit-x86_64-with)
    method: GET
    uri: https://management.azure.com/subscriptions/00000000-0000-0000-0000-000000000000/providers/Microsoft.ContainerService/locations/westus2/operations/fdf541ad-96c2-4ff8-990f-d2f7c4f43774?api-version=2016-03-30
  response:
    body:
      string: "{\n  \"name\": \"ad41f5fd-c296-f84f-990f-d2f7c4f43774\",\n  \"status\"\
        : \"InProgress\",\n  \"startTime\": \"2022-04-18T19:45:57.6Z\"\n }"
    headers:
      cache-control:
      - no-cache
      content-length:
      - '120'
      content-type:
      - application/json
      date:
      - Mon, 18 Apr 2022 19:47:58 GMT
      expires:
      - '-1'
      pragma:
      - no-cache
      server:
      - nginx
      strict-transport-security:
      - max-age=31536000; includeSubDomains
      transfer-encoding:
      - chunked
      vary:
      - Accept-Encoding
      x-content-type-options:
      - nosniff
    status:
      code: 200
      message: OK
- request:
    body: null
    headers:
      AKSHTTPCustomFeatures:
      - Microsoft.ContainerService/ManagedClusterSnapshotPreview
      Accept:
      - '*/*'
      Accept-Encoding:
      - gzip, deflate
      CommandName:
      - aks create
      Connection:
      - keep-alive
      ParameterSetName:
      - --resource-group --name --location --nodepool-name --node-count --cluster-snapshot-id
        --aks-custom-headers --ssh-key-value -o
      User-Agent:
      - AZURECLI/2.34.1 (DOCKER) azsdk-python-azure-mgmt-containerservice/18.0.0b
        Python/3.10.2 (Linux-5.10.25-linuxkit-x86_64-with)
    method: GET
    uri: https://management.azure.com/subscriptions/00000000-0000-0000-0000-000000000000/providers/Microsoft.ContainerService/locations/westus2/operations/fdf541ad-96c2-4ff8-990f-d2f7c4f43774?api-version=2016-03-30
  response:
    body:
      string: "{\n  \"name\": \"ad41f5fd-c296-f84f-990f-d2f7c4f43774\",\n  \"status\"\
        : \"InProgress\",\n  \"startTime\": \"2022-04-18T19:45:57.6Z\"\n }"
    headers:
      cache-control:
      - no-cache
      content-length:
      - '120'
      content-type:
      - application/json
      date:
      - Mon, 18 Apr 2022 19:48:28 GMT
      expires:
      - '-1'
      pragma:
      - no-cache
      server:
      - nginx
      strict-transport-security:
      - max-age=31536000; includeSubDomains
      transfer-encoding:
      - chunked
      vary:
      - Accept-Encoding
      x-content-type-options:
      - nosniff
    status:
      code: 200
      message: OK
- request:
    body: null
    headers:
      AKSHTTPCustomFeatures:
      - Microsoft.ContainerService/ManagedClusterSnapshotPreview
      Accept:
      - '*/*'
      Accept-Encoding:
      - gzip, deflate
      CommandName:
      - aks create
      Connection:
      - keep-alive
      ParameterSetName:
      - --resource-group --name --location --nodepool-name --node-count --cluster-snapshot-id
        --aks-custom-headers --ssh-key-value -o
      User-Agent:
      - AZURECLI/2.34.1 (DOCKER) azsdk-python-azure-mgmt-containerservice/18.0.0b
        Python/3.10.2 (Linux-5.10.25-linuxkit-x86_64-with)
    method: GET
    uri: https://management.azure.com/subscriptions/00000000-0000-0000-0000-000000000000/providers/Microsoft.ContainerService/locations/westus2/operations/fdf541ad-96c2-4ff8-990f-d2f7c4f43774?api-version=2016-03-30
  response:
    body:
      string: "{\n  \"name\": \"ad41f5fd-c296-f84f-990f-d2f7c4f43774\",\n  \"status\"\
        : \"InProgress\",\n  \"startTime\": \"2022-04-18T19:45:57.6Z\"\n }"
    headers:
      cache-control:
      - no-cache
      content-length:
      - '120'
      content-type:
      - application/json
      date:
      - Mon, 18 Apr 2022 19:48:58 GMT
      expires:
      - '-1'
      pragma:
      - no-cache
      server:
      - nginx
      strict-transport-security:
      - max-age=31536000; includeSubDomains
      transfer-encoding:
      - chunked
      vary:
      - Accept-Encoding
      x-content-type-options:
      - nosniff
    status:
      code: 200
      message: OK
- request:
    body: null
    headers:
      AKSHTTPCustomFeatures:
      - Microsoft.ContainerService/ManagedClusterSnapshotPreview
      Accept:
      - '*/*'
      Accept-Encoding:
      - gzip, deflate
      CommandName:
      - aks create
      Connection:
      - keep-alive
      ParameterSetName:
      - --resource-group --name --location --nodepool-name --node-count --cluster-snapshot-id
        --aks-custom-headers --ssh-key-value -o
      User-Agent:
      - AZURECLI/2.34.1 (DOCKER) azsdk-python-azure-mgmt-containerservice/18.0.0b
        Python/3.10.2 (Linux-5.10.25-linuxkit-x86_64-with)
    method: GET
    uri: https://management.azure.com/subscriptions/00000000-0000-0000-0000-000000000000/providers/Microsoft.ContainerService/locations/westus2/operations/fdf541ad-96c2-4ff8-990f-d2f7c4f43774?api-version=2016-03-30
  response:
    body:
      string: "{\n  \"name\": \"ad41f5fd-c296-f84f-990f-d2f7c4f43774\",\n  \"status\"\
        : \"InProgress\",\n  \"startTime\": \"2022-04-18T19:45:57.6Z\"\n }"
    headers:
      cache-control:
      - no-cache
      content-length:
      - '120'
      content-type:
      - application/json
      date:
      - Mon, 18 Apr 2022 19:49:28 GMT
      expires:
      - '-1'
      pragma:
      - no-cache
      server:
      - nginx
      strict-transport-security:
      - max-age=31536000; includeSubDomains
      transfer-encoding:
      - chunked
      vary:
      - Accept-Encoding
      x-content-type-options:
      - nosniff
    status:
      code: 200
      message: OK
- request:
    body: null
    headers:
      AKSHTTPCustomFeatures:
      - Microsoft.ContainerService/ManagedClusterSnapshotPreview
      Accept:
      - '*/*'
      Accept-Encoding:
      - gzip, deflate
      CommandName:
      - aks create
      Connection:
      - keep-alive
      ParameterSetName:
      - --resource-group --name --location --nodepool-name --node-count --cluster-snapshot-id
        --aks-custom-headers --ssh-key-value -o
      User-Agent:
      - AZURECLI/2.34.1 (DOCKER) azsdk-python-azure-mgmt-containerservice/18.0.0b
        Python/3.10.2 (Linux-5.10.25-linuxkit-x86_64-with)
    method: GET
    uri: https://management.azure.com/subscriptions/00000000-0000-0000-0000-000000000000/providers/Microsoft.ContainerService/locations/westus2/operations/fdf541ad-96c2-4ff8-990f-d2f7c4f43774?api-version=2016-03-30
  response:
    body:
      string: "{\n  \"name\": \"ad41f5fd-c296-f84f-990f-d2f7c4f43774\",\n  \"status\"\
        : \"InProgress\",\n  \"startTime\": \"2022-04-18T19:45:57.6Z\"\n }"
    headers:
      cache-control:
      - no-cache
      content-length:
      - '120'
      content-type:
      - application/json
      date:
      - Mon, 18 Apr 2022 19:49:58 GMT
      expires:
      - '-1'
      pragma:
      - no-cache
      server:
      - nginx
      strict-transport-security:
      - max-age=31536000; includeSubDomains
      transfer-encoding:
      - chunked
      vary:
      - Accept-Encoding
      x-content-type-options:
      - nosniff
    status:
      code: 200
      message: OK
- request:
    body: null
    headers:
      AKSHTTPCustomFeatures:
      - Microsoft.ContainerService/ManagedClusterSnapshotPreview
      Accept:
      - '*/*'
      Accept-Encoding:
      - gzip, deflate
      CommandName:
      - aks create
      Connection:
      - keep-alive
      ParameterSetName:
      - --resource-group --name --location --nodepool-name --node-count --cluster-snapshot-id
        --aks-custom-headers --ssh-key-value -o
      User-Agent:
      - AZURECLI/2.34.1 (DOCKER) azsdk-python-azure-mgmt-containerservice/18.0.0b
        Python/3.10.2 (Linux-5.10.25-linuxkit-x86_64-with)
    method: GET
    uri: https://management.azure.com/subscriptions/00000000-0000-0000-0000-000000000000/providers/Microsoft.ContainerService/locations/westus2/operations/fdf541ad-96c2-4ff8-990f-d2f7c4f43774?api-version=2016-03-30
  response:
    body:
      string: "{\n  \"name\": \"ad41f5fd-c296-f84f-990f-d2f7c4f43774\",\n  \"status\"\
        : \"Succeeded\",\n  \"startTime\": \"2022-04-18T19:45:57.6Z\",\n  \"endTime\"\
        : \"2022-04-18T19:50:05.1239131Z\"\n }"
    headers:
      cache-control:
      - no-cache
      content-length:
      - '164'
      content-type:
      - application/json
      date:
      - Mon, 18 Apr 2022 19:50:29 GMT
      expires:
      - '-1'
      pragma:
      - no-cache
      server:
      - nginx
      strict-transport-security:
      - max-age=31536000; includeSubDomains
      transfer-encoding:
      - chunked
      vary:
      - Accept-Encoding
      x-content-type-options:
      - nosniff
    status:
      code: 200
      message: OK
- request:
    body: null
    headers:
      AKSHTTPCustomFeatures:
      - Microsoft.ContainerService/ManagedClusterSnapshotPreview
      Accept:
      - '*/*'
      Accept-Encoding:
      - gzip, deflate
      CommandName:
      - aks create
      Connection:
      - keep-alive
      ParameterSetName:
      - --resource-group --name --location --nodepool-name --node-count --cluster-snapshot-id
        --aks-custom-headers --ssh-key-value -o
      User-Agent:
      - AZURECLI/2.34.1 (DOCKER) azsdk-python-azure-mgmt-containerservice/18.0.0b
        Python/3.10.2 (Linux-5.10.25-linuxkit-x86_64-with)
    method: GET
    uri: https://management.azure.com/subscriptions/00000000-0000-0000-0000-000000000000/resourceGroups/clitest000001/providers/Microsoft.ContainerService/managedClusters/cliakstest000003?api-version=2022-03-02-preview
  response:
    body:
      string: "{\n  \"id\": \"/subscriptions/00000000-0000-0000-0000-000000000000/resourcegroups/clitest000001/providers/Microsoft.ContainerService/managedClusters/cliakstest000003\"\
        ,\n  \"location\": \"westus2\",\n  \"name\": \"cliakstest000003\",\n  \"type\"\
        : \"Microsoft.ContainerService/ManagedClusters\",\n  \"properties\": {\n \
        \  \"provisioningState\": \"Succeeded\",\n   \"powerState\": {\n    \"code\"\
        : \"Running\"\n   },\n   \"creationData\": {\n    \"sourceResourceId\": \"\
        /subscriptions/00000000-0000-0000-0000-000000000000/resourceGroups/clitest000001/providers/Microsoft.ContainerService/managedclustersnapshots/s000005\"\
        \n   },\n   \"kubernetesVersion\": \"1.23.3\",\n   \"currentKubernetesVersion\"\
        : \"1.23.3\",\n   \"dnsPrefix\": \"cliakstest-clitest7ck6kvljr-8ecadf\",\n\
        \   \"fqdn\": \"cliakstest-clitest7ck6kvljr-8ecadf-f684a1d1.hcp.westus2.azmk8s.io\"\
        ,\n   \"azurePortalFQDN\": \"cliakstest-clitest7ck6kvljr-8ecadf-f684a1d1.portal.hcp.westus2.azmk8s.io\"\
        ,\n   \"agentPoolProfiles\": [\n    {\n     \"name\": \"c000004\",\n     \"\
        count\": 1,\n     \"vmSize\": \"Standard_DS2_v2\",\n     \"osDiskSizeGB\"\
        : 128,\n     \"osDiskType\": \"Managed\",\n     \"kubeletDiskType\": \"OS\"\
        ,\n     \"workloadRuntime\": \"OCIContainer\",\n     \"maxPods\": 110,\n \
        \    \"type\": \"VirtualMachineScaleSets\",\n     \"enableAutoScaling\": false,\n\
        \     \"provisioningState\": \"Succeeded\",\n     \"powerState\": {\n    \
        \  \"code\": \"Running\"\n     },\n     \"currentOrchestratorVersion\": \"\
        1.23.3\",\n     \"enableNodePublicIP\": false,\n     \"mode\": \"System\"\
        ,\n     \"enableEncryptionAtHost\": false,\n     \"enableUltraSSD\": false,\n\
        \     \"osType\": \"Linux\",\n     \"osSKU\": \"Ubuntu\",\n     \"nodeImageVersion\"\
        : \"AKSUbuntu-1804gen2containerd-2022.03.29\",\n     \"enableFIPS\": false\n\
        \    }\n   ],\n   \"linuxProfile\": {\n    \"adminUsername\": \"azureuser\"\
        ,\n    \"ssh\": {\n     \"publicKeys\": [\n      {\n       \"keyData\": \"\
        ssh-rsa AAAAB3NzaC1yc2EAAAADAQABAAACAQCbIg1guRHbI0lV11wWDt1r2cUdcNd27CJsg+SfgC7miZeubtwUhbsPdhMQsfDyhOWHq1+ZL0M+nJZV63d/1dhmhtgyOqejUwrPlzKhydsbrsdUor+JmNJDdW01v7BXHyuymT8G4s09jCasNOwiufbP/qp72ruu0bIA1nySsvlf9pCQAuFkAnVnf/rFhUlOkhtRpwcq8SUNY2zRHR/EKb/4NWY1JzR4sa3q2fWIJdrrX0DvLoa5g9bIEd4Df79ba7v+yiUBOS0zT2ll+z4g9izHK3EO5d8hL4jYxcjKs+wcslSYRWrascfscLgMlMGh0CdKeNTDjHpGPncaf3Z+FwwwjWeuiNBxv7bJo13/8B/098KlVDl4GZqsoBCEjPyJfV6hO0y/LkRGkk7oHWKgeWAfKtfLItRp00eZ4fcJNK9kCaSMmEugoZWcI7NGbZXzqFWqbpRI7NcDP9+WIQ+i9U5vqWsqd/zng4kbuAJ6UuKqIzB0upYrLShfQE3SAck8oaLhJqqq56VfDuASNpJKidV+zq27HfSBmbXnkR/5AK337dc3MXKJypoK/QPMLKUAP5XLPbs+NddJQV7EZXd29DLgp+fRIg3edpKdO7ZErWhv7d+3Kws+e1Y+ypmR2WIVSwVyBEUfgv2C8Ts9gnTF4pNcEY/S2aBicz5Ew2+jdyGNQQ==\
        \ test@example.com\\n\"\n      }\n     ]\n    }\n   },\n   \"servicePrincipalProfile\"\
        : {\n    \"clientId\":\"00000000-0000-0000-0000-000000000001\"\n   },\n  \
        \ \"nodeResourceGroup\": \"MC_clitest000001_cliakstest000003_westus2\",\n\
        \   \"enableRBAC\": true,\n   \"enablePodSecurityPolicy\": false,\n   \"networkProfile\"\
        : {\n    \"networkPlugin\": \"kubenet\",\n    \"loadBalancerSku\": \"Standard\"\
        ,\n    \"loadBalancerProfile\": {\n     \"managedOutboundIPs\": {\n      \"\
        count\": 1\n     },\n     \"effectiveOutboundIPs\": [\n      {\n       \"\
        id\": \"/subscriptions/00000000-0000-0000-0000-000000000000/resourceGroups/MC_clitest000001_cliakstest000003_westus2/providers/Microsoft.Network/publicIPAddresses/984967e0-919a-4608-80a5-d890bba33799\"\
        \n      }\n     ]\n    },\n    \"podCidr\": \"10.244.0.0/16\",\n    \"serviceCidr\"\
        : \"10.0.0.0/16\",\n    \"dnsServiceIP\": \"10.0.0.10\",\n    \"dockerBridgeCidr\"\
        : \"172.17.0.1/16\",\n    \"outboundType\": \"loadBalancer\",\n    \"podCidrs\"\
        : [\n     \"10.244.0.0/16\"\n    ],\n    \"serviceCidrs\": [\n     \"10.0.0.0/16\"\
        \n    ],\n    \"ipFamilies\": [\n     \"IPv4\"\n    ]\n   },\n   \"maxAgentPools\"\
        : 100,\n   \"identityProfile\": {\n    \"kubeletidentity\": {\n     \"resourceId\"\
        : \"/subscriptions/00000000-0000-0000-0000-000000000000/resourcegroups/MC_clitest000001_cliakstest000003_westus2/providers/Microsoft.ManagedIdentity/userAssignedIdentities/cliakstest000003-agentpool\"\
        ,\n     \"clientId\":\"00000000-0000-0000-0000-000000000001\",\n     \"objectId\"\
        :\"00000000-0000-0000-0000-000000000001\"\n    }\n   },\n   \"disableLocalAccounts\"\
        : false,\n   \"securityProfile\": {},\n   \"oidcIssuerProfile\": {\n    \"\
        enabled\": false\n   }\n  },\n  \"identity\": {\n   \"type\": \"SystemAssigned\"\
        ,\n   \"principalId\":\"00000000-0000-0000-0000-000000000001\",\n   \"tenantId\"\
        : \"72f988bf-86f1-41af-91ab-2d7cd011db47\"\n  },\n  \"sku\": {\n   \"name\"\
        : \"Basic\",\n   \"tier\": \"Free\"\n  }\n }"
    headers:
      cache-control:
      - no-cache
      content-length:
      - '4240'
      content-type:
      - application/json
      date:
      - Mon, 18 Apr 2022 19:50:29 GMT
      expires:
      - '-1'
      pragma:
      - no-cache
      server:
      - nginx
      strict-transport-security:
      - max-age=31536000; includeSubDomains
      transfer-encoding:
      - chunked
      vary:
      - Accept-Encoding
      x-content-type-options:
      - nosniff
    status:
      code: 200
      message: OK
- request:
    body: null
    headers:
      Accept:
      - application/json
      Accept-Encoding:
      - gzip, deflate
      CommandName:
      - aks delete
      Connection:
      - keep-alive
      Content-Length:
      - '0'
      ParameterSetName:
      - -g -n --yes --no-wait
      User-Agent:
      - AZURECLI/2.34.1 (DOCKER) azsdk-python-azure-mgmt-containerservice/18.0.0b
        Python/3.10.2 (Linux-5.10.25-linuxkit-x86_64-with)
    method: DELETE
    uri: https://management.azure.com/subscriptions/00000000-0000-0000-0000-000000000000/resourceGroups/clitest000001/providers/Microsoft.ContainerService/managedClusters/cliakstest000003?api-version=2022-03-02-preview
  response:
    body:
      string: ''
    headers:
      azure-asyncoperation:
      - https://management.azure.com/subscriptions/00000000-0000-0000-0000-000000000000/providers/Microsoft.ContainerService/locations/westus2/operations/f2c76b67-2219-419d-add4-81ba64d6c6df?api-version=2016-03-30
      cache-control:
      - no-cache
      content-length:
      - '0'
      date:
      - Mon, 18 Apr 2022 19:50:30 GMT
      expires:
      - '-1'
      location:
      - https://management.azure.com/subscriptions/00000000-0000-0000-0000-000000000000/providers/Microsoft.ContainerService/locations/westus2/operationresults/f2c76b67-2219-419d-add4-81ba64d6c6df?api-version=2016-03-30
      pragma:
      - no-cache
      server:
      - nginx
      strict-transport-security:
      - max-age=31536000; includeSubDomains
      x-content-type-options:
      - nosniff
      x-ms-ratelimit-remaining-subscription-deletes:
      - '14998'
    status:
      code: 202
      message: Accepted
- request:
    body: null
    headers:
      Accept:
      - application/json
      Accept-Encoding:
      - gzip, deflate
      CommandName:
      - aks snapshot delete
      Connection:
      - keep-alive
      Content-Length:
      - '0'
      ParameterSetName:
      - --resource-group --name --yes --no-wait
      User-Agent:
      - AZURECLI/2.34.1 (DOCKER) azsdk-python-azure-mgmt-containerservice/18.0.0b
        Python/3.10.2 (Linux-5.10.25-linuxkit-x86_64-with)
    method: DELETE
    uri: https://management.azure.com/subscriptions/00000000-0000-0000-0000-000000000000/resourceGroups/clitest000001/providers/Microsoft.ContainerService/managedclustersnapshots/s000005?api-version=2022-03-02-preview
  response:
    body:
      string: ''
    headers:
      cache-control:
      - no-cache
      content-length:
      - '0'
      date:
      - Mon, 18 Apr 2022 19:50:34 GMT
      expires:
      - '-1'
      pragma:
      - no-cache
      server:
      - nginx
      strict-transport-security:
      - max-age=31536000; includeSubDomains
      x-content-type-options:
      - nosniff
      x-ms-ratelimit-remaining-subscription-deletes:
      - '14999'
    status:
      code: 200
      message: OK
version: 1
