interactions:
- request:
    body: null
    headers:
      Accept:
      - application/json
      Accept-Encoding:
      - gzip, deflate
      CommandName:
      - aks create
      Connection:
      - keep-alive
      ParameterSetName:
      - --resource-group --name --ssh-key-value -o --disk-driver-version --disable-file-driver
        --disable-snapshot-controller
      User-Agent:
      - AZURECLI/2.37.0 azsdk-python-azure-mgmt-resource/21.1.0b1 Python/3.8.10 (Linux-5.13.0-1025-azure-x86_64-with-glibc2.29)
    method: GET
    uri: https://management.azure.com/subscriptions/00000000-0000-0000-0000-000000000000/resourcegroups/clitest000001?api-version=2021-04-01
  response:
    body:
      string: '{"id":"/subscriptions/00000000-0000-0000-0000-000000000000/resourceGroups/clitest000001","name":"clitest000001","type":"Microsoft.Resources/resourceGroups","location":"eastus2euap","tags":{"product":"azurecli","cause":"automation","date":"2022-06-02T09:00:45Z"},"properties":{"provisioningState":"Succeeded"}}'
    headers:
      cache-control:
      - no-cache
      content-length:
      - '309'
      content-type:
      - application/json; charset=utf-8
      date:
      - Thu, 02 Jun 2022 09:00:46 GMT
      expires:
      - '-1'
      pragma:
      - no-cache
      strict-transport-security:
      - max-age=31536000; includeSubDomains
      vary:
      - Accept-Encoding
      x-content-type-options:
      - nosniff
    status:
      code: 200
      message: OK
- request:
    body: '{"location": "eastus2euap", "identity": {"type": "SystemAssigned"}, "properties":
      {"kubernetesVersion": "", "dnsPrefix": "cliakstest-clitestyjbynntcn-8ecadf",
      "agentPoolProfiles": [{"count": 3, "vmSize": "Standard_DS2_v2", "workloadRuntime":
      "OCIContainer", "osType": "Linux", "enableAutoScaling": false, "type": "VirtualMachineScaleSets",
      "mode": "System", "enableNodePublicIP": false, "enableCustomCATrust": false,
      "scaleSetPriority": "Regular", "scaleSetEvictionPolicy": "Delete", "spotMaxPrice":
      -1.0, "enableEncryptionAtHost": false, "enableUltraSSD": false, "enableFIPS":
      false, "name": "nodepool1"}], "linuxProfile": {"adminUsername": "azureuser",
      "ssh": {"publicKeys": [{"keyData": "ssh-rsa AAAAB3NzaC1yc2EAAAADAQABAAABAQC6Mbs7swMd3pDXOrGT18LhObKxmQ1FsACI6tSB+kNern9O01nWF6DbO0PRCU1krgv4zcuSpie6/ksUGy6UnNmOksq0aRZYx8xWpVQKxYmbkKlZk3CWcK1/CRApgILMRA/zOydVWIyn6J4PcOZVY6i7ey2o5NdbTYRv/HErJKMQC1uf68REcnQkr8qK0d+KV6fvK3N/s2Zf3DEY1oSg6R+CmG8xLOxn2ZtVplBqXaut3w/LxO+ltJGqd3sXMM5PtqItO0fvTCzzbaHZxn/6/L9cky/vdtuzmSlY2c72d2XM2AZUV5OWiwuVzS4ZVlS2a5KvX+b6cmFAGpx4EZAtvHkN
      azcli_aks_live_test@example.com\n"}]}}, "addonProfiles": {}, "enableRBAC": true,
      "enablePodSecurityPolicy": false, "networkProfile": {"networkPlugin": "kubenet",
      "podCidr": "10.244.0.0/16", "serviceCidr": "10.0.0.0/16", "dnsServiceIP": "10.0.0.10",
      "dockerBridgeCidr": "172.17.0.1/16", "outboundType": "loadBalancer", "loadBalancerSku":
      "standard"}, "disableLocalAccounts": false, "storageProfile": {"diskCSIDriver":
      {"enabled": true, "version": "v2"}, "fileCSIDriver": {"enabled": false}, "snapshotController":
      {"enabled": false}}}}'
    headers:
      Accept:
      - application/json
      Accept-Encoding:
      - gzip, deflate
      CommandName:
      - aks create
      Connection:
      - keep-alive
      Content-Length:
      - '1605'
      Content-Type:
      - application/json
      ParameterSetName:
      - --resource-group --name --ssh-key-value -o --disk-driver-version --disable-file-driver
        --disable-snapshot-controller
      User-Agent:
      - AZURECLI/2.37.0 azsdk-python-azure-mgmt-containerservice/19.1.0b Python/3.8.10
        (Linux-5.13.0-1025-azure-x86_64-with-glibc2.29)
    method: PUT
    uri: https://management.azure.com/subscriptions/00000000-0000-0000-0000-000000000000/resourceGroups/clitest000001/providers/Microsoft.ContainerService/managedClusters/cliakstest000002?api-version=2022-05-02-preview
  response:
    body:
      string: "{\n  \"id\": \"/subscriptions/00000000-0000-0000-0000-000000000000/resourcegroups/clitest000001/providers/Microsoft.ContainerService/managedClusters/cliakstest000002\",\n
        \ \"location\": \"eastus2euap\",\n  \"name\": \"cliakstest000002\",\n  \"type\":
        \"Microsoft.ContainerService/ManagedClusters\",\n  \"properties\": {\n   \"provisioningState\":
        \"Creating\",\n   \"powerState\": {\n    \"code\": \"Running\"\n   },\n   \"kubernetesVersion\":
        \"1.22.6\",\n   \"currentKubernetesVersion\": \"1.22.6\",\n   \"dnsPrefix\":
        \"cliakstest-clitestyjbynntcn-8ecadf\",\n   \"fqdn\": \"cliakstest-clitestyjbynntcn-8ecadf-0b2697ed.hcp.eastus2euap.azmk8s.io\",\n
        \  \"azurePortalFQDN\": \"cliakstest-clitestyjbynntcn-8ecadf-0b2697ed.portal.hcp.eastus2euap.azmk8s.io\",\n
        \  \"agentPoolProfiles\": [\n    {\n     \"name\": \"nodepool1\",\n     \"count\":
        3,\n     \"vmSize\": \"Standard_DS2_v2\",\n     \"osDiskSizeGB\": 128,\n     \"osDiskType\":
        \"Managed\",\n     \"kubeletDiskType\": \"OS\",\n     \"workloadRuntime\":
        \"OCIContainer\",\n     \"maxPods\": 110,\n     \"type\": \"VirtualMachineScaleSets\",\n
        \    \"enableAutoScaling\": false,\n     \"provisioningState\": \"Creating\",\n
        \    \"powerState\": {\n      \"code\": \"Running\"\n     },\n     \"orchestratorVersion\":
        \"1.22.6\",\n     \"currentOrchestratorVersion\": \"1.22.6\",\n     \"enableNodePublicIP\":
        false,\n     \"enableCustomCATrust\": false,\n     \"mode\": \"System\",\n
        \    \"enableEncryptionAtHost\": false,\n     \"enableUltraSSD\": false,\n
        \    \"osType\": \"Linux\",\n     \"osSKU\": \"Ubuntu\",\n     \"nodeImageVersion\":
        \"AKSUbuntu-1804gen2containerd-2022.05.24\",\n     \"enableFIPS\": false\n
        \   }\n   ],\n   \"linuxProfile\": {\n    \"adminUsername\": \"azureuser\",\n
        \   \"ssh\": {\n     \"publicKeys\": [\n      {\n       \"keyData\": \"ssh-rsa
        AAAAB3NzaC1yc2EAAAADAQABAAABAQC6Mbs7swMd3pDXOrGT18LhObKxmQ1FsACI6tSB+kNern9O01nWF6DbO0PRCU1krgv4zcuSpie6/ksUGy6UnNmOksq0aRZYx8xWpVQKxYmbkKlZk3CWcK1/CRApgILMRA/zOydVWIyn6J4PcOZVY6i7ey2o5NdbTYRv/HErJKMQC1uf68REcnQkr8qK0d+KV6fvK3N/s2Zf3DEY1oSg6R+CmG8xLOxn2ZtVplBqXaut3w/LxO+ltJGqd3sXMM5PtqItO0fvTCzzbaHZxn/6/L9cky/vdtuzmSlY2c72d2XM2AZUV5OWiwuVzS4ZVlS2a5KvX+b6cmFAGpx4EZAtvHkN
        azcli_aks_live_test@example.com\\n\"\n      }\n     ]\n    }\n   },\n   \"servicePrincipalProfile\":
        {\n    \"clientId\":\"00000000-0000-0000-0000-000000000001\"\n   },\n   \"nodeResourceGroup\":
        \"MC_clitest000001_cliakstest000002_eastus2euap\",\n   \"enableRBAC\": true,\n
        \  \"enablePodSecurityPolicy\": false,\n   \"networkProfile\": {\n    \"networkPlugin\":
        \"kubenet\",\n    \"loadBalancerSku\": \"standard\",\n    \"loadBalancerProfile\":
        {\n     \"managedOutboundIPs\": {\n      \"count\": 1\n     }\n    },\n    \"podCidr\":
        \"10.244.0.0/16\",\n    \"serviceCidr\": \"10.0.0.0/16\",\n    \"dnsServiceIP\":
        \"10.0.0.10\",\n    \"dockerBridgeCidr\": \"172.17.0.1/16\",\n    \"outboundType\":
        \"loadBalancer\",\n    \"podCidrs\": [\n     \"10.244.0.0/16\"\n    ],\n    \"serviceCidrs\":
        [\n     \"10.0.0.0/16\"\n    ],\n    \"ipFamilies\": [\n     \"IPv4\"\n    ]\n
        \  },\n   \"maxAgentPools\": 100,\n   \"disableLocalAccounts\": false,\n   \"securityProfile\":
        {},\n   \"storageProfile\": {\n    \"diskCSIDriver\": {\n     \"enabled\":
        true,\n     \"version\": \"v2\"\n    },\n    \"fileCSIDriver\": {\n     \"enabled\":
        false\n    },\n    \"snapshotController\": {\n     \"enabled\": false\n    }\n
        \  },\n   \"oidcIssuerProfile\": {\n    \"enabled\": false\n   }\n  },\n  \"identity\":
        {\n   \"type\": \"SystemAssigned\",\n   \"principalId\":\"00000000-0000-0000-0000-000000000001\",\n
        \  \"tenantId\": \"72f988bf-86f1-41af-91ab-2d7cd011db47\"\n  },\n  \"sku\":
        {\n   \"name\": \"Basic\",\n   \"tier\": \"Free\"\n  }\n }"
    headers:
      azure-asyncoperation:
      - https://management.azure.com/subscriptions/00000000-0000-0000-0000-000000000000/providers/Microsoft.ContainerService/locations/eastus2euap/operations/4a43af5b-d98b-415e-a97b-040f4f072cc8?api-version=2016-03-30
      cache-control:
      - no-cache
      content-length:
      - '3356'
      content-type:
      - application/json
      date:
      - Thu, 02 Jun 2022 09:00:55 GMT
      expires:
      - '-1'
      pragma:
      - no-cache
      server:
      - nginx
      strict-transport-security:
      - max-age=31536000; includeSubDomains
      x-content-type-options:
      - nosniff
      x-ms-ratelimit-remaining-subscription-writes:
      - '1199'
    status:
      code: 201
      message: Created
- request:
    body: null
    headers:
      Accept:
      - '*/*'
      Accept-Encoding:
      - gzip, deflate
      CommandName:
      - aks create
      Connection:
      - keep-alive
      ParameterSetName:
      - --resource-group --name --ssh-key-value -o --disk-driver-version --disable-file-driver
        --disable-snapshot-controller
      User-Agent:
      - AZURECLI/2.37.0 azsdk-python-azure-mgmt-containerservice/19.1.0b Python/3.8.10
        (Linux-5.13.0-1025-azure-x86_64-with-glibc2.29)
    method: GET
    uri: https://management.azure.com/subscriptions/00000000-0000-0000-0000-000000000000/providers/Microsoft.ContainerService/locations/eastus2euap/operations/4a43af5b-d98b-415e-a97b-040f4f072cc8?api-version=2016-03-30
  response:
    body:
      string: "{\n  \"name\": \"5baf434a-8bd9-5e41-a97b-040f4f072cc8\",\n  \"status\":
        \"InProgress\",\n  \"startTime\": \"2022-06-02T09:00:53.9166666Z\"\n }"
    headers:
      cache-control:
      - no-cache
      content-length:
      - '126'
      content-type:
      - application/json
      date:
      - Thu, 02 Jun 2022 09:01:25 GMT
      expires:
      - '-1'
      pragma:
      - no-cache
      server:
      - nginx
      strict-transport-security:
      - max-age=31536000; includeSubDomains
      transfer-encoding:
      - chunked
      vary:
      - Accept-Encoding
      x-content-type-options:
      - nosniff
    status:
      code: 200
      message: OK
- request:
    body: null
    headers:
      Accept:
      - '*/*'
      Accept-Encoding:
      - gzip, deflate
      CommandName:
      - aks create
      Connection:
      - keep-alive
      ParameterSetName:
      - --resource-group --name --ssh-key-value -o --disk-driver-version --disable-file-driver
        --disable-snapshot-controller
      User-Agent:
      - AZURECLI/2.37.0 azsdk-python-azure-mgmt-containerservice/19.1.0b Python/3.8.10
        (Linux-5.13.0-1025-azure-x86_64-with-glibc2.29)
    method: GET
    uri: https://management.azure.com/subscriptions/00000000-0000-0000-0000-000000000000/providers/Microsoft.ContainerService/locations/eastus2euap/operations/4a43af5b-d98b-415e-a97b-040f4f072cc8?api-version=2016-03-30
  response:
    body:
      string: "{\n  \"name\": \"5baf434a-8bd9-5e41-a97b-040f4f072cc8\",\n  \"status\":
        \"InProgress\",\n  \"startTime\": \"2022-06-02T09:00:53.9166666Z\"\n }"
    headers:
      cache-control:
      - no-cache
      content-length:
      - '126'
      content-type:
      - application/json
      date:
      - Thu, 02 Jun 2022 09:01:55 GMT
      expires:
      - '-1'
      pragma:
      - no-cache
      server:
      - nginx
      strict-transport-security:
      - max-age=31536000; includeSubDomains
      transfer-encoding:
      - chunked
      vary:
      - Accept-Encoding
      x-content-type-options:
      - nosniff
    status:
      code: 200
      message: OK
- request:
    body: null
    headers:
      Accept:
      - '*/*'
      Accept-Encoding:
      - gzip, deflate
      CommandName:
      - aks create
      Connection:
      - keep-alive
      ParameterSetName:
      - --resource-group --name --ssh-key-value -o --disk-driver-version --disable-file-driver
        --disable-snapshot-controller
      User-Agent:
      - AZURECLI/2.37.0 azsdk-python-azure-mgmt-containerservice/19.1.0b Python/3.8.10
        (Linux-5.13.0-1025-azure-x86_64-with-glibc2.29)
    method: GET
    uri: https://management.azure.com/subscriptions/00000000-0000-0000-0000-000000000000/providers/Microsoft.ContainerService/locations/eastus2euap/operations/4a43af5b-d98b-415e-a97b-040f4f072cc8?api-version=2016-03-30
  response:
    body:
      string: "{\n  \"name\": \"5baf434a-8bd9-5e41-a97b-040f4f072cc8\",\n  \"status\":
        \"InProgress\",\n  \"startTime\": \"2022-06-02T09:00:53.9166666Z\"\n }"
    headers:
      cache-control:
      - no-cache
      content-length:
      - '126'
      content-type:
      - application/json
      date:
      - Thu, 02 Jun 2022 09:02:26 GMT
      expires:
      - '-1'
      pragma:
      - no-cache
      server:
      - nginx
      strict-transport-security:
      - max-age=31536000; includeSubDomains
      transfer-encoding:
      - chunked
      vary:
      - Accept-Encoding
      x-content-type-options:
      - nosniff
    status:
      code: 200
      message: OK
- request:
    body: null
    headers:
      Accept:
      - '*/*'
      Accept-Encoding:
      - gzip, deflate
      CommandName:
      - aks create
      Connection:
      - keep-alive
      ParameterSetName:
      - --resource-group --name --ssh-key-value -o --disk-driver-version --disable-file-driver
        --disable-snapshot-controller
      User-Agent:
      - AZURECLI/2.37.0 azsdk-python-azure-mgmt-containerservice/19.1.0b Python/3.8.10
        (Linux-5.13.0-1025-azure-x86_64-with-glibc2.29)
    method: GET
    uri: https://management.azure.com/subscriptions/00000000-0000-0000-0000-000000000000/providers/Microsoft.ContainerService/locations/eastus2euap/operations/4a43af5b-d98b-415e-a97b-040f4f072cc8?api-version=2016-03-30
  response:
    body:
      string: "{\n  \"name\": \"5baf434a-8bd9-5e41-a97b-040f4f072cc8\",\n  \"status\":
        \"InProgress\",\n  \"startTime\": \"2022-06-02T09:00:53.9166666Z\"\n }"
    headers:
      cache-control:
      - no-cache
      content-length:
      - '126'
      content-type:
      - application/json
      date:
      - Thu, 02 Jun 2022 09:02:56 GMT
      expires:
      - '-1'
      pragma:
      - no-cache
      server:
      - nginx
      strict-transport-security:
      - max-age=31536000; includeSubDomains
      transfer-encoding:
      - chunked
      vary:
      - Accept-Encoding
      x-content-type-options:
      - nosniff
    status:
      code: 200
      message: OK
- request:
    body: null
    headers:
      Accept:
      - '*/*'
      Accept-Encoding:
      - gzip, deflate
      CommandName:
      - aks create
      Connection:
      - keep-alive
      ParameterSetName:
      - --resource-group --name --ssh-key-value -o --disk-driver-version --disable-file-driver
        --disable-snapshot-controller
      User-Agent:
      - AZURECLI/2.37.0 azsdk-python-azure-mgmt-containerservice/19.1.0b Python/3.8.10
        (Linux-5.13.0-1025-azure-x86_64-with-glibc2.29)
    method: GET
    uri: https://management.azure.com/subscriptions/00000000-0000-0000-0000-000000000000/providers/Microsoft.ContainerService/locations/eastus2euap/operations/4a43af5b-d98b-415e-a97b-040f4f072cc8?api-version=2016-03-30
  response:
    body:
      string: "{\n  \"name\": \"5baf434a-8bd9-5e41-a97b-040f4f072cc8\",\n  \"status\":
        \"InProgress\",\n  \"startTime\": \"2022-06-02T09:00:53.9166666Z\"\n }"
    headers:
      cache-control:
      - no-cache
      content-length:
      - '126'
      content-type:
      - application/json
      date:
      - Thu, 02 Jun 2022 09:03:26 GMT
      expires:
      - '-1'
      pragma:
      - no-cache
      server:
      - nginx
      strict-transport-security:
      - max-age=31536000; includeSubDomains
      transfer-encoding:
      - chunked
      vary:
      - Accept-Encoding
      x-content-type-options:
      - nosniff
    status:
      code: 200
      message: OK
- request:
    body: null
    headers:
      Accept:
      - '*/*'
      Accept-Encoding:
      - gzip, deflate
      CommandName:
      - aks create
      Connection:
      - keep-alive
      ParameterSetName:
      - --resource-group --name --ssh-key-value -o --disk-driver-version --disable-file-driver
        --disable-snapshot-controller
      User-Agent:
      - AZURECLI/2.37.0 azsdk-python-azure-mgmt-containerservice/19.1.0b Python/3.8.10
        (Linux-5.13.0-1025-azure-x86_64-with-glibc2.29)
    method: GET
    uri: https://management.azure.com/subscriptions/00000000-0000-0000-0000-000000000000/providers/Microsoft.ContainerService/locations/eastus2euap/operations/4a43af5b-d98b-415e-a97b-040f4f072cc8?api-version=2016-03-30
  response:
    body:
      string: "{\n  \"name\": \"5baf434a-8bd9-5e41-a97b-040f4f072cc8\",\n  \"status\":
        \"InProgress\",\n  \"startTime\": \"2022-06-02T09:00:53.9166666Z\"\n }"
    headers:
      cache-control:
      - no-cache
      content-length:
      - '126'
      content-type:
      - application/json
      date:
      - Thu, 02 Jun 2022 09:03:57 GMT
      expires:
      - '-1'
      pragma:
      - no-cache
      server:
      - nginx
      strict-transport-security:
      - max-age=31536000; includeSubDomains
      transfer-encoding:
      - chunked
      vary:
      - Accept-Encoding
      x-content-type-options:
      - nosniff
    status:
      code: 200
      message: OK
- request:
    body: null
    headers:
      Accept:
      - '*/*'
      Accept-Encoding:
      - gzip, deflate
      CommandName:
      - aks create
      Connection:
      - keep-alive
      ParameterSetName:
      - --resource-group --name --ssh-key-value -o --disk-driver-version --disable-file-driver
        --disable-snapshot-controller
      User-Agent:
      - AZURECLI/2.37.0 azsdk-python-azure-mgmt-containerservice/19.1.0b Python/3.8.10
        (Linux-5.13.0-1025-azure-x86_64-with-glibc2.29)
    method: GET
    uri: https://management.azure.com/subscriptions/00000000-0000-0000-0000-000000000000/providers/Microsoft.ContainerService/locations/eastus2euap/operations/4a43af5b-d98b-415e-a97b-040f4f072cc8?api-version=2016-03-30
  response:
    body:
      string: "{\n  \"name\": \"5baf434a-8bd9-5e41-a97b-040f4f072cc8\",\n  \"status\":
        \"InProgress\",\n  \"startTime\": \"2022-06-02T09:00:53.9166666Z\"\n }"
    headers:
      cache-control:
      - no-cache
      content-length:
      - '126'
      content-type:
      - application/json
      date:
      - Thu, 02 Jun 2022 09:04:27 GMT
      expires:
      - '-1'
      pragma:
      - no-cache
      server:
      - nginx
      strict-transport-security:
      - max-age=31536000; includeSubDomains
      transfer-encoding:
      - chunked
      vary:
      - Accept-Encoding
      x-content-type-options:
      - nosniff
    status:
      code: 200
      message: OK
- request:
    body: null
    headers:
      Accept:
      - '*/*'
      Accept-Encoding:
      - gzip, deflate
      CommandName:
      - aks create
      Connection:
      - keep-alive
      ParameterSetName:
      - --resource-group --name --ssh-key-value -o --disk-driver-version --disable-file-driver
        --disable-snapshot-controller
      User-Agent:
      - AZURECLI/2.37.0 azsdk-python-azure-mgmt-containerservice/19.1.0b Python/3.8.10
        (Linux-5.13.0-1025-azure-x86_64-with-glibc2.29)
    method: GET
    uri: https://management.azure.com/subscriptions/00000000-0000-0000-0000-000000000000/providers/Microsoft.ContainerService/locations/eastus2euap/operations/4a43af5b-d98b-415e-a97b-040f4f072cc8?api-version=2016-03-30
  response:
    body:
      string: "{\n  \"name\": \"5baf434a-8bd9-5e41-a97b-040f4f072cc8\",\n  \"status\":
        \"InProgress\",\n  \"startTime\": \"2022-06-02T09:00:53.9166666Z\"\n }"
    headers:
      cache-control:
      - no-cache
      content-length:
      - '126'
      content-type:
      - application/json
      date:
      - Thu, 02 Jun 2022 09:04:57 GMT
      expires:
      - '-1'
      pragma:
      - no-cache
      server:
      - nginx
      strict-transport-security:
      - max-age=31536000; includeSubDomains
      transfer-encoding:
      - chunked
      vary:
      - Accept-Encoding
      x-content-type-options:
      - nosniff
    status:
      code: 200
      message: OK
- request:
    body: null
    headers:
      Accept:
      - '*/*'
      Accept-Encoding:
      - gzip, deflate
      CommandName:
      - aks create
      Connection:
      - keep-alive
      ParameterSetName:
      - --resource-group --name --ssh-key-value -o --disk-driver-version --disable-file-driver
        --disable-snapshot-controller
      User-Agent:
      - AZURECLI/2.37.0 azsdk-python-azure-mgmt-containerservice/19.1.0b Python/3.8.10
        (Linux-5.13.0-1025-azure-x86_64-with-glibc2.29)
    method: GET
    uri: https://management.azure.com/subscriptions/00000000-0000-0000-0000-000000000000/providers/Microsoft.ContainerService/locations/eastus2euap/operations/4a43af5b-d98b-415e-a97b-040f4f072cc8?api-version=2016-03-30
  response:
    body:
      string: "{\n  \"name\": \"5baf434a-8bd9-5e41-a97b-040f4f072cc8\",\n  \"status\":
        \"InProgress\",\n  \"startTime\": \"2022-06-02T09:00:53.9166666Z\"\n }"
    headers:
      cache-control:
      - no-cache
      content-length:
      - '126'
      content-type:
      - application/json
      date:
      - Thu, 02 Jun 2022 09:05:28 GMT
      expires:
      - '-1'
      pragma:
      - no-cache
      server:
      - nginx
      strict-transport-security:
      - max-age=31536000; includeSubDomains
      transfer-encoding:
      - chunked
      vary:
      - Accept-Encoding
      x-content-type-options:
      - nosniff
    status:
      code: 200
      message: OK
- request:
    body: null
    headers:
      Accept:
      - '*/*'
      Accept-Encoding:
      - gzip, deflate
      CommandName:
      - aks create
      Connection:
      - keep-alive
      ParameterSetName:
      - --resource-group --name --ssh-key-value -o --disk-driver-version --disable-file-driver
        --disable-snapshot-controller
      User-Agent:
      - AZURECLI/2.37.0 azsdk-python-azure-mgmt-containerservice/19.1.0b Python/3.8.10
        (Linux-5.13.0-1025-azure-x86_64-with-glibc2.29)
    method: GET
    uri: https://management.azure.com/subscriptions/00000000-0000-0000-0000-000000000000/providers/Microsoft.ContainerService/locations/eastus2euap/operations/4a43af5b-d98b-415e-a97b-040f4f072cc8?api-version=2016-03-30
  response:
    body:
      string: "{\n  \"name\": \"5baf434a-8bd9-5e41-a97b-040f4f072cc8\",\n  \"status\":
        \"InProgress\",\n  \"startTime\": \"2022-06-02T09:00:53.9166666Z\"\n }"
    headers:
      cache-control:
      - no-cache
      content-length:
      - '126'
      content-type:
      - application/json
      date:
      - Thu, 02 Jun 2022 09:05:58 GMT
      expires:
      - '-1'
      pragma:
      - no-cache
      server:
      - nginx
      strict-transport-security:
      - max-age=31536000; includeSubDomains
      transfer-encoding:
      - chunked
      vary:
      - Accept-Encoding
      x-content-type-options:
      - nosniff
    status:
      code: 200
      message: OK
- request:
    body: null
    headers:
      Accept:
      - '*/*'
      Accept-Encoding:
      - gzip, deflate
      CommandName:
      - aks create
      Connection:
      - keep-alive
      ParameterSetName:
      - --resource-group --name --ssh-key-value -o --disk-driver-version --disable-file-driver
        --disable-snapshot-controller
      User-Agent:
      - AZURECLI/2.37.0 azsdk-python-azure-mgmt-containerservice/19.1.0b Python/3.8.10
        (Linux-5.13.0-1025-azure-x86_64-with-glibc2.29)
    method: GET
    uri: https://management.azure.com/subscriptions/00000000-0000-0000-0000-000000000000/providers/Microsoft.ContainerService/locations/eastus2euap/operations/4a43af5b-d98b-415e-a97b-040f4f072cc8?api-version=2016-03-30
  response:
    body:
      string: "{\n  \"name\": \"5baf434a-8bd9-5e41-a97b-040f4f072cc8\",\n  \"status\":
        \"Succeeded\",\n  \"startTime\": \"2022-06-02T09:00:53.9166666Z\",\n  \"endTime\":
        \"2022-06-02T09:06:13.7429755Z\"\n }"
    headers:
      cache-control:
      - no-cache
      content-length:
      - '170'
      content-type:
      - application/json
      date:
      - Thu, 02 Jun 2022 09:06:29 GMT
      expires:
      - '-1'
      pragma:
      - no-cache
      server:
      - nginx
      strict-transport-security:
      - max-age=31536000; includeSubDomains
      transfer-encoding:
      - chunked
      vary:
      - Accept-Encoding
      x-content-type-options:
      - nosniff
    status:
      code: 200
      message: OK
- request:
    body: null
    headers:
      Accept:
      - '*/*'
      Accept-Encoding:
      - gzip, deflate
      CommandName:
      - aks create
      Connection:
      - keep-alive
      ParameterSetName:
      - --resource-group --name --ssh-key-value -o --disk-driver-version --disable-file-driver
        --disable-snapshot-controller
      User-Agent:
      - AZURECLI/2.37.0 azsdk-python-azure-mgmt-containerservice/19.1.0b Python/3.8.10
        (Linux-5.13.0-1025-azure-x86_64-with-glibc2.29)
    method: GET
    uri: https://management.azure.com/subscriptions/00000000-0000-0000-0000-000000000000/resourceGroups/clitest000001/providers/Microsoft.ContainerService/managedClusters/cliakstest000002?api-version=2022-05-02-preview
  response:
    body:
      string: "{\n  \"id\": \"/subscriptions/00000000-0000-0000-0000-000000000000/resourcegroups/clitest000001/providers/Microsoft.ContainerService/managedClusters/cliakstest000002\",\n
        \ \"location\": \"eastus2euap\",\n  \"name\": \"cliakstest000002\",\n  \"type\":
        \"Microsoft.ContainerService/ManagedClusters\",\n  \"properties\": {\n   \"provisioningState\":
        \"Succeeded\",\n   \"powerState\": {\n    \"code\": \"Running\"\n   },\n   \"kubernetesVersion\":
        \"1.22.6\",\n   \"currentKubernetesVersion\": \"1.22.6\",\n   \"dnsPrefix\":
        \"cliakstest-clitestyjbynntcn-8ecadf\",\n   \"fqdn\": \"cliakstest-clitestyjbynntcn-8ecadf-0b2697ed.hcp.eastus2euap.azmk8s.io\",\n
        \  \"azurePortalFQDN\": \"cliakstest-clitestyjbynntcn-8ecadf-0b2697ed.portal.hcp.eastus2euap.azmk8s.io\",\n
        \  \"agentPoolProfiles\": [\n    {\n     \"name\": \"nodepool1\",\n     \"count\":
        3,\n     \"vmSize\": \"Standard_DS2_v2\",\n     \"osDiskSizeGB\": 128,\n     \"osDiskType\":
        \"Managed\",\n     \"kubeletDiskType\": \"OS\",\n     \"workloadRuntime\":
        \"OCIContainer\",\n     \"maxPods\": 110,\n     \"type\": \"VirtualMachineScaleSets\",\n
        \    \"enableAutoScaling\": false,\n     \"provisioningState\": \"Succeeded\",\n
        \    \"powerState\": {\n      \"code\": \"Running\"\n     },\n     \"orchestratorVersion\":
        \"1.22.6\",\n     \"currentOrchestratorVersion\": \"1.22.6\",\n     \"enableNodePublicIP\":
        false,\n     \"enableCustomCATrust\": false,\n     \"mode\": \"System\",\n
        \    \"enableEncryptionAtHost\": false,\n     \"enableUltraSSD\": false,\n
        \    \"osType\": \"Linux\",\n     \"osSKU\": \"Ubuntu\",\n     \"nodeImageVersion\":
        \"AKSUbuntu-1804gen2containerd-2022.05.24\",\n     \"enableFIPS\": false\n
        \   }\n   ],\n   \"linuxProfile\": {\n    \"adminUsername\": \"azureuser\",\n
        \   \"ssh\": {\n     \"publicKeys\": [\n      {\n       \"keyData\": \"ssh-rsa
        AAAAB3NzaC1yc2EAAAADAQABAAABAQC6Mbs7swMd3pDXOrGT18LhObKxmQ1FsACI6tSB+kNern9O01nWF6DbO0PRCU1krgv4zcuSpie6/ksUGy6UnNmOksq0aRZYx8xWpVQKxYmbkKlZk3CWcK1/CRApgILMRA/zOydVWIyn6J4PcOZVY6i7ey2o5NdbTYRv/HErJKMQC1uf68REcnQkr8qK0d+KV6fvK3N/s2Zf3DEY1oSg6R+CmG8xLOxn2ZtVplBqXaut3w/LxO+ltJGqd3sXMM5PtqItO0fvTCzzbaHZxn/6/L9cky/vdtuzmSlY2c72d2XM2AZUV5OWiwuVzS4ZVlS2a5KvX+b6cmFAGpx4EZAtvHkN
        azcli_aks_live_test@example.com\\n\"\n      }\n     ]\n    }\n   },\n   \"servicePrincipalProfile\":
        {\n    \"clientId\":\"00000000-0000-0000-0000-000000000001\"\n   },\n   \"nodeResourceGroup\":
        \"MC_clitest000001_cliakstest000002_eastus2euap\",\n   \"enableRBAC\": true,\n
        \  \"enablePodSecurityPolicy\": false,\n   \"networkProfile\": {\n    \"networkPlugin\":
        \"kubenet\",\n    \"loadBalancerSku\": \"Standard\",\n    \"loadBalancerProfile\":
        {\n     \"managedOutboundIPs\": {\n      \"count\": 1\n     },\n     \"effectiveOutboundIPs\":
        [\n      {\n       \"id\": \"/subscriptions/00000000-0000-0000-0000-000000000000/resourceGroups/MC_clitest000001_cliakstest000002_eastus2euap/providers/Microsoft.Network/publicIPAddresses/bddf273f-3b64-4dbe-85fa-27054efc8789\"\n
        \     }\n     ]\n    },\n    \"podCidr\": \"10.244.0.0/16\",\n    \"serviceCidr\":
        \"10.0.0.0/16\",\n    \"dnsServiceIP\": \"10.0.0.10\",\n    \"dockerBridgeCidr\":
        \"172.17.0.1/16\",\n    \"outboundType\": \"loadBalancer\",\n    \"podCidrs\":
        [\n     \"10.244.0.0/16\"\n    ],\n    \"serviceCidrs\": [\n     \"10.0.0.0/16\"\n
        \   ],\n    \"ipFamilies\": [\n     \"IPv4\"\n    ]\n   },\n   \"maxAgentPools\":
        100,\n   \"identityProfile\": {\n    \"kubeletidentity\": {\n     \"resourceId\":
        \"/subscriptions/00000000-0000-0000-0000-000000000000/resourcegroups/MC_clitest000001_cliakstest000002_eastus2euap/providers/Microsoft.ManagedIdentity/userAssignedIdentities/cliakstest000002-agentpool\",\n
        \    \"clientId\":\"00000000-0000-0000-0000-000000000001\",\n     \"objectId\":\"00000000-0000-0000-0000-000000000001\"\n
        \   }\n   },\n   \"disableLocalAccounts\": false,\n   \"securityProfile\":
        {},\n   \"storageProfile\": {\n    \"diskCSIDriver\": {\n     \"enabled\":
        true,\n     \"version\": \"v2\"\n    },\n    \"fileCSIDriver\": {\n     \"enabled\":
        false\n    },\n    \"snapshotController\": {\n     \"enabled\": false\n    }\n
        \  },\n   \"oidcIssuerProfile\": {\n    \"enabled\": false\n   }\n  },\n  \"identity\":
        {\n   \"type\": \"SystemAssigned\",\n   \"principalId\":\"00000000-0000-0000-0000-000000000001\",\n
        \  \"tenantId\": \"72f988bf-86f1-41af-91ab-2d7cd011db47\"\n  },\n  \"sku\":
        {\n   \"name\": \"Basic\",\n   \"tier\": \"Free\"\n  }\n }"
    headers:
      cache-control:
      - no-cache
      content-length:
      - '4017'
      content-type:
      - application/json
      date:
      - Thu, 02 Jun 2022 09:06:30 GMT
      expires:
      - '-1'
      pragma:
      - no-cache
      server:
      - nginx
      strict-transport-security:
      - max-age=31536000; includeSubDomains
      transfer-encoding:
      - chunked
      vary:
      - Accept-Encoding
      x-content-type-options:
      - nosniff
    status:
      code: 200
      message: OK
- request:
    body: null
    headers:
      Accept:
      - application/json
      Accept-Encoding:
      - gzip, deflate
      CommandName:
      - aks delete
      Connection:
      - keep-alive
      Content-Length:
      - '0'
      ParameterSetName:
      - --resource-group --name --yes --no-wait
      User-Agent:
      - AZURECLI/2.37.0 azsdk-python-azure-mgmt-containerservice/19.1.0b Python/3.8.10
        (Linux-5.13.0-1025-azure-x86_64-with-glibc2.29)
    method: DELETE
    uri: https://management.azure.com/subscriptions/00000000-0000-0000-0000-000000000000/resourceGroups/clitest000001/providers/Microsoft.ContainerService/managedClusters/cliakstest000002?api-version=2022-05-02-preview
  response:
    body:
      string: ''
    headers:
      azure-asyncoperation:
      - https://management.azure.com/subscriptions/00000000-0000-0000-0000-000000000000/providers/Microsoft.ContainerService/locations/eastus2euap/operations/19bca7f7-51bd-46fb-ab33-7f7cda022b0f?api-version=2016-03-30
      cache-control:
      - no-cache
      content-length:
      - '0'
      date:
      - Thu, 02 Jun 2022 09:06:33 GMT
      expires:
      - '-1'
      location:
      - https://management.azure.com/subscriptions/00000000-0000-0000-0000-000000000000/providers/Microsoft.ContainerService/locations/eastus2euap/operationresults/19bca7f7-51bd-46fb-ab33-7f7cda022b0f?api-version=2016-03-30
      pragma:
      - no-cache
      server:
      - nginx
      strict-transport-security:
      - max-age=31536000; includeSubDomains
      x-content-type-options:
      - nosniff
      x-ms-ratelimit-remaining-subscription-deletes:
      - '14999'
    status:
      code: 202
      message: Accepted
version: 1
