interactions:
- request:
    body: null
    headers:
      Accept:
      - application/json
      Accept-Encoding:
      - gzip, deflate
      CommandName:
      - aks create
      Connection:
      - keep-alive
      ParameterSetName:
      - --resource-group --name --enable-fips-image --generate-ssh-keys
      User-Agent:
      - AZURECLI/2.23.0 (DOCKER) azsdk-python-azure-mgmt-resource/16.1.0 Python/3.6.10
        (Linux-5.10.25-linuxkit-x86_64-with)
    method: GET
    uri: https://management.azure.com/subscriptions/00000000-0000-0000-0000-000000000000/resourcegroups/clitest000001?api-version=2020-10-01
  response:
    body:
      string: '{"id":"/subscriptions/00000000-0000-0000-0000-000000000000/resourceGroups/clitest000001","name":"clitest000001","type":"Microsoft.Resources/resourceGroups","location":"eastus2euap","tags":{"product":"azurecli","cause":"automation","date":"2021-05-14T08:56:46Z"},"properties":{"provisioningState":"Succeeded"}}'
    headers:
      cache-control:
      - no-cache
      content-length:
      - '317'
      content-type:
      - application/json; charset=utf-8
      date:
      - Fri, 14 May 2021 08:56:52 GMT
      expires:
      - '-1'
      pragma:
      - no-cache
      strict-transport-security:
      - max-age=31536000; includeSubDomains
      vary:
      - Accept-Encoding
      x-content-type-options:
      - nosniff
    status:
      code: 200
      message: OK
- request:
    body: '{"location": "eastus2euap", "properties": {"kubernetesVersion": "", "dnsPrefix":
      "cliakstest-clitestso4dggrt2-c10894", "agentPoolProfiles": [{"count": 3, "vmSize":
      "Standard_DS2_v2", "osType": "Linux", "type": "VirtualMachineScaleSets", "mode":
      "System", "enableNodePublicIP": false, "scaleSetPriority": "Regular", "scaleSetEvictionPolicy":
      "Delete", "enableEncryptionAtHost": false, "enableFIPS": true, "name": "nodepool1"}],
      "linuxProfile": {"adminUsername": "azureuser", "ssh": {"publicKeys": [{"keyData":
      "ssh-rsa AAAAB3NzaC1yc2EAAAADAQABAAABAQDhSzGqT9yOjxYAge38/y9Z//u0JQ+FEQu1GO7d9sVuzspsjSgCwE7qMNzNDrPHOiUMIs74OooUJvv2nq/k+CMddvSc3cfTxHgKNqwWjgkHEpwGpEuJtQjjNybcusPU9JMDa6dch9vZIdSmOtVLn3Y5cfVuRaLASNLUg1iXLmBaEH0muWXQcp8/x6ZHS1QSrzr6u07+UP2ykbX9EiD60Aq72wJY41wnsR0AEcY7b9lljbIUodaxaTzrKonMODxe2zDunmlH6rPs+iAVvOtHRnhrcYhxZePWYR516Dr+nnCbmUcIFRjZOz3N5zGGQnj2WTd76kZqxNCLNU6bfXvTKksd"}]}},
      "addonProfiles": {}, "enableRBAC": true, "enablePodSecurityPolicy": false, "networkProfile":
      {"networkPlugin": "kubenet", "podCidr": "10.244.0.0/16", "serviceCidr": "10.0.0.0/16",
      "dnsServiceIP": "10.0.0.10", "dockerBridgeCidr": "172.17.0.1/16", "outboundType":
      "loadBalancer", "loadBalancerSku": "standard"}, "disableLocalAccounts": false},
      "identity": {"type": "SystemAssigned"}}'
    headers:
      Accept:
      - application/json
      Accept-Encoding:
      - gzip, deflate
      CommandName:
      - aks create
      Connection:
      - keep-alive
      Content-Length:
      - '1278'
      Content-Type:
      - application/json; charset=utf-8
      ParameterSetName:
      - --resource-group --name --enable-fips-image --generate-ssh-keys
      User-Agent:
      - python/3.6.10 (Linux-5.10.25-linuxkit-x86_64-with) msrest/0.6.21 msrest_azure/0.6.3
        azure-mgmt-containerservice/11.0.0 Azure-SDK-For-Python AZURECLI/2.23.0 (DOCKER)
      accept-language:
      - en-US
    method: PUT
    uri: https://management.azure.com/subscriptions/00000000-0000-0000-0000-000000000000/resourceGroups/clitest000001/providers/Microsoft.ContainerService/managedClusters/cliakstest000001?api-version=2021-03-01
  response:
    body:
      string: "{\n  \"id\": \"/subscriptions/00000000-0000-0000-0000-000000000000/resourcegroups/clitest000001/providers/Microsoft.ContainerService/managedClusters/cliakstest000001\"\
        ,\n  \"location\": \"eastus2euap\",\n  \"name\": \"cliakstest000001\",\n \
        \ \"type\": \"Microsoft.ContainerService/ManagedClusters\",\n  \"properties\"\
        : {\n   \"provisioningState\": \"Creating\",\n   \"powerState\": {\n    \"\
        code\": \"Running\"\n   },\n   \"kubernetesVersion\": \"1.19.9\",\n   \"dnsPrefix\"\
        : \"cliakstest-clitestso4dggrt2-c10894\",\n   \"fqdn\": \"cliakstest-clitestso4dggrt2-c10894-a0b8abb1.hcp.eastus2euap.azmk8s.io\"\
        ,\n   \"azurePortalFQDN\": \"cliakstest-clitestso4dggrt2-c10894-a0b8abb1.portal.hcp.eastus2euap.azmk8s.io\"\
        ,\n   \"agentPoolProfiles\": [\n    {\n     \"name\": \"nodepool1\",\n   \
        \  \"count\": 3,\n     \"vmSize\": \"Standard_DS2_v2\",\n     \"osDiskSizeGB\"\
        : 128,\n     \"osDiskType\": \"Managed\",\n     \"kubeletDiskType\": \"OS\"\
        ,\n     \"maxPods\": 110,\n     \"type\": \"VirtualMachineScaleSets\",\n \
        \    \"provisioningState\": \"Creating\",\n     \"powerState\": {\n      \"\
        code\": \"Running\"\n     },\n     \"orchestratorVersion\": \"1.19.9\",\n\
        \     \"enableNodePublicIP\": false,\n     \"nodeLabels\": {},\n     \"mode\"\
        : \"System\",\n     \"enableEncryptionAtHost\": false,\n     \"osType\": \"\
        Linux\",\n     \"osSKU\": \"Ubuntu\",\n     \"nodeImageVersion\": \"AKSUbuntu-1804gen2fipscontainerd-2021.05.01\"\
        ,\n     \"enableFIPS\": true\n    }\n   ],\n   \"linuxProfile\": {\n    \"\
        adminUsername\": \"azureuser\",\n    \"ssh\": {\n     \"publicKeys\": [\n\
        \      {\n       \"keyData\": \"ssh-rsa AAAAB3NzaC1yc2EAAAADAQABAAABAQDhSzGqT9yOjxYAge38/y9Z//u0JQ+FEQu1GO7d9sVuzspsjSgCwE7qMNzNDrPHOiUMIs74OooUJvv2nq/k+CMddvSc3cfTxHgKNqwWjgkHEpwGpEuJtQjjNybcusPU9JMDa6dch9vZIdSmOtVLn3Y5cfVuRaLASNLUg1iXLmBaEH0muWXQcp8/x6ZHS1QSrzr6u07+UP2ykbX9EiD60Aq72wJY41wnsR0AEcY7b9lljbIUodaxaTzrKonMODxe2zDunmlH6rPs+iAVvOtHRnhrcYhxZePWYR516Dr+nnCbmUcIFRjZOz3N5zGGQnj2WTd76kZqxNCLNU6bfXvTKksd\"\
        \n      }\n     ]\n    }\n   },\n   \"servicePrincipalProfile\": {\n    \"\
        clientId\":\"00000000-0000-0000-0000-000000000001\"\n   },\n   \"nodeResourceGroup\"\
        : \"MC_clitest000001_cliakstest000001_eastus2euap\",\n   \"enableRBAC\": true,\n\
        \   \"enablePodSecurityPolicy\": false,\n   \"networkProfile\": {\n    \"\
        networkPlugin\": \"kubenet\",\n    \"loadBalancerSku\": \"standard\",\n  \
        \  \"loadBalancerProfile\": {\n     \"managedOutboundIPs\": {\n      \"count\"\
        : 1\n     }\n    },\n    \"podCidr\": \"10.244.0.0/16\",\n    \"serviceCidr\"\
        : \"10.0.0.0/16\",\n    \"dnsServiceIP\": \"10.0.0.10\",\n    \"dockerBridgeCidr\"\
        : \"172.17.0.1/16\",\n    \"outboundType\": \"loadBalancer\"\n   },\n   \"\
        maxAgentPools\": 100,\n   \"disableLocalAccounts\": false\n  },\n  \"identity\"\
        : {\n   \"type\": \"SystemAssigned\",\n   \"principalId\":\"00000000-0000-0000-0000-000000000001\"\
        ,\n   \"tenantId\": \"72f988bf-86f1-41af-91ab-2d7cd011db47\"\n  },\n  \"sku\"\
        : {\n   \"name\": \"Basic\",\n   \"tier\": \"Free\"\n  }\n }"
    headers:
      azure-asyncoperation:
      - https://management.azure.com/subscriptions/00000000-0000-0000-0000-000000000000/providers/Microsoft.ContainerService/locations/eastus2euap/operations/b9bef31a-b9ff-48c3-b6f0-38083fe2ddca?api-version=2016-03-30
      cache-control:
      - no-cache
      content-length:
      - '2679'
      content-type:
      - application/json
      date:
      - Fri, 14 May 2021 08:57:01 GMT
      expires:
      - '-1'
      pragma:
      - no-cache
      server:
      - nginx
      strict-transport-security:
      - max-age=31536000; includeSubDomains
      x-content-type-options:
      - nosniff
      x-ms-ratelimit-remaining-subscription-writes:
      - '1199'
    status:
      code: 201
      message: Created
- request:
    body: null
    headers:
      Accept:
      - application/json
      Accept-Encoding:
      - gzip, deflate
      CommandName:
      - aks create
      Connection:
      - keep-alive
      ParameterSetName:
      - --resource-group --name --enable-fips-image --generate-ssh-keys
      User-Agent:
      - python/3.6.10 (Linux-5.10.25-linuxkit-x86_64-with) msrest/0.6.21 msrest_azure/0.6.3
        azure-mgmt-containerservice/11.0.0 Azure-SDK-For-Python AZURECLI/2.23.0 (DOCKER)
    method: GET
    uri: https://management.azure.com/subscriptions/00000000-0000-0000-0000-000000000000/providers/Microsoft.ContainerService/locations/eastus2euap/operations/b9bef31a-b9ff-48c3-b6f0-38083fe2ddca?api-version=2016-03-30
  response:
    body:
      string: "{\n  \"name\": \"1af3beb9-ffb9-c348-b6f0-38083fe2ddca\",\n  \"status\"\
        : \"InProgress\",\n  \"startTime\": \"2021-05-14T08:56:59.8233333Z\"\n }"
    headers:
      cache-control:
      - no-cache
      content-length:
      - '126'
      content-type:
      - application/json
      date:
      - Fri, 14 May 2021 08:57:32 GMT
      expires:
      - '-1'
      pragma:
      - no-cache
      server:
      - nginx
      strict-transport-security:
      - max-age=31536000; includeSubDomains
      transfer-encoding:
      - chunked
      vary:
      - Accept-Encoding
      x-content-type-options:
      - nosniff
    status:
      code: 200
      message: OK
- request:
    body: null
    headers:
      Accept:
      - application/json
      Accept-Encoding:
      - gzip, deflate
      CommandName:
      - aks create
      Connection:
      - keep-alive
      ParameterSetName:
      - --resource-group --name --enable-fips-image --generate-ssh-keys
      User-Agent:
      - python/3.6.10 (Linux-5.10.25-linuxkit-x86_64-with) msrest/0.6.21 msrest_azure/0.6.3
        azure-mgmt-containerservice/11.0.0 Azure-SDK-For-Python AZURECLI/2.23.0 (DOCKER)
    method: GET
    uri: https://management.azure.com/subscriptions/00000000-0000-0000-0000-000000000000/providers/Microsoft.ContainerService/locations/eastus2euap/operations/b9bef31a-b9ff-48c3-b6f0-38083fe2ddca?api-version=2016-03-30
  response:
    body:
      string: "{\n  \"name\": \"1af3beb9-ffb9-c348-b6f0-38083fe2ddca\",\n  \"status\"\
        : \"InProgress\",\n  \"startTime\": \"2021-05-14T08:56:59.8233333Z\"\n }"
    headers:
      cache-control:
      - no-cache
      content-length:
      - '126'
      content-type:
      - application/json
      date:
      - Fri, 14 May 2021 08:58:03 GMT
      expires:
      - '-1'
      pragma:
      - no-cache
      server:
      - nginx
      strict-transport-security:
      - max-age=31536000; includeSubDomains
      transfer-encoding:
      - chunked
      vary:
      - Accept-Encoding
      x-content-type-options:
      - nosniff
    status:
      code: 200
      message: OK
- request:
    body: null
    headers:
      Accept:
      - application/json
      Accept-Encoding:
      - gzip, deflate
      CommandName:
      - aks create
      Connection:
      - keep-alive
      ParameterSetName:
      - --resource-group --name --enable-fips-image --generate-ssh-keys
      User-Agent:
      - python/3.6.10 (Linux-5.10.25-linuxkit-x86_64-with) msrest/0.6.21 msrest_azure/0.6.3
        azure-mgmt-containerservice/11.0.0 Azure-SDK-For-Python AZURECLI/2.23.0 (DOCKER)
    method: GET
    uri: https://management.azure.com/subscriptions/00000000-0000-0000-0000-000000000000/providers/Microsoft.ContainerService/locations/eastus2euap/operations/b9bef31a-b9ff-48c3-b6f0-38083fe2ddca?api-version=2016-03-30
  response:
    body:
      string: "{\n  \"name\": \"1af3beb9-ffb9-c348-b6f0-38083fe2ddca\",\n  \"status\"\
        : \"InProgress\",\n  \"startTime\": \"2021-05-14T08:56:59.8233333Z\"\n }"
    headers:
      cache-control:
      - no-cache
      content-length:
      - '126'
      content-type:
      - application/json
      date:
      - Fri, 14 May 2021 08:58:34 GMT
      expires:
      - '-1'
      pragma:
      - no-cache
      server:
      - nginx
      strict-transport-security:
      - max-age=31536000; includeSubDomains
      transfer-encoding:
      - chunked
      vary:
      - Accept-Encoding
      x-content-type-options:
      - nosniff
    status:
      code: 200
      message: OK
- request:
    body: null
    headers:
      Accept:
      - application/json
      Accept-Encoding:
      - gzip, deflate
      CommandName:
      - aks create
      Connection:
      - keep-alive
      ParameterSetName:
      - --resource-group --name --enable-fips-image --generate-ssh-keys
      User-Agent:
      - python/3.6.10 (Linux-5.10.25-linuxkit-x86_64-with) msrest/0.6.21 msrest_azure/0.6.3
        azure-mgmt-containerservice/11.0.0 Azure-SDK-For-Python AZURECLI/2.23.0 (DOCKER)
    method: GET
    uri: https://management.azure.com/subscriptions/00000000-0000-0000-0000-000000000000/providers/Microsoft.ContainerService/locations/eastus2euap/operations/b9bef31a-b9ff-48c3-b6f0-38083fe2ddca?api-version=2016-03-30
  response:
    body:
      string: "{\n  \"name\": \"1af3beb9-ffb9-c348-b6f0-38083fe2ddca\",\n  \"status\"\
        : \"InProgress\",\n  \"startTime\": \"2021-05-14T08:56:59.8233333Z\"\n }"
    headers:
      cache-control:
      - no-cache
      content-length:
      - '126'
      content-type:
      - application/json
      date:
      - Fri, 14 May 2021 08:59:05 GMT
      expires:
      - '-1'
      pragma:
      - no-cache
      server:
      - nginx
      strict-transport-security:
      - max-age=31536000; includeSubDomains
      transfer-encoding:
      - chunked
      vary:
      - Accept-Encoding
      x-content-type-options:
      - nosniff
    status:
      code: 200
      message: OK
- request:
    body: null
    headers:
      Accept:
      - application/json
      Accept-Encoding:
      - gzip, deflate
      CommandName:
      - aks create
      Connection:
      - keep-alive
      ParameterSetName:
      - --resource-group --name --enable-fips-image --generate-ssh-keys
      User-Agent:
      - python/3.6.10 (Linux-5.10.25-linuxkit-x86_64-with) msrest/0.6.21 msrest_azure/0.6.3
        azure-mgmt-containerservice/11.0.0 Azure-SDK-For-Python AZURECLI/2.23.0 (DOCKER)
    method: GET
    uri: https://management.azure.com/subscriptions/00000000-0000-0000-0000-000000000000/providers/Microsoft.ContainerService/locations/eastus2euap/operations/b9bef31a-b9ff-48c3-b6f0-38083fe2ddca?api-version=2016-03-30
  response:
    body:
      string: "{\n  \"name\": \"1af3beb9-ffb9-c348-b6f0-38083fe2ddca\",\n  \"status\"\
        : \"InProgress\",\n  \"startTime\": \"2021-05-14T08:56:59.8233333Z\"\n }"
    headers:
      cache-control:
      - no-cache
      content-length:
      - '126'
      content-type:
      - application/json
      date:
      - Fri, 14 May 2021 08:59:36 GMT
      expires:
      - '-1'
      pragma:
      - no-cache
      server:
      - nginx
      strict-transport-security:
      - max-age=31536000; includeSubDomains
      transfer-encoding:
      - chunked
      vary:
      - Accept-Encoding
      x-content-type-options:
      - nosniff
    status:
      code: 200
      message: OK
- request:
    body: null
    headers:
      Accept:
      - application/json
      Accept-Encoding:
      - gzip, deflate
      CommandName:
      - aks create
      Connection:
      - keep-alive
      ParameterSetName:
      - --resource-group --name --enable-fips-image --generate-ssh-keys
      User-Agent:
      - python/3.6.10 (Linux-5.10.25-linuxkit-x86_64-with) msrest/0.6.21 msrest_azure/0.6.3
        azure-mgmt-containerservice/11.0.0 Azure-SDK-For-Python AZURECLI/2.23.0 (DOCKER)
    method: GET
    uri: https://management.azure.com/subscriptions/00000000-0000-0000-0000-000000000000/providers/Microsoft.ContainerService/locations/eastus2euap/operations/b9bef31a-b9ff-48c3-b6f0-38083fe2ddca?api-version=2016-03-30
  response:
    body:
      string: "{\n  \"name\": \"1af3beb9-ffb9-c348-b6f0-38083fe2ddca\",\n  \"status\"\
        : \"InProgress\",\n  \"startTime\": \"2021-05-14T08:56:59.8233333Z\"\n }"
    headers:
      cache-control:
      - no-cache
      content-length:
      - '126'
      content-type:
      - application/json
      date:
      - Fri, 14 May 2021 09:00:07 GMT
      expires:
      - '-1'
      pragma:
      - no-cache
      server:
      - nginx
      strict-transport-security:
      - max-age=31536000; includeSubDomains
      transfer-encoding:
      - chunked
      vary:
      - Accept-Encoding
      x-content-type-options:
      - nosniff
    status:
      code: 200
      message: OK
- request:
    body: null
    headers:
      Accept:
      - application/json
      Accept-Encoding:
      - gzip, deflate
      CommandName:
      - aks create
      Connection:
      - keep-alive
      ParameterSetName:
      - --resource-group --name --enable-fips-image --generate-ssh-keys
      User-Agent:
      - python/3.6.10 (Linux-5.10.25-linuxkit-x86_64-with) msrest/0.6.21 msrest_azure/0.6.3
        azure-mgmt-containerservice/11.0.0 Azure-SDK-For-Python AZURECLI/2.23.0 (DOCKER)
    method: GET
    uri: https://management.azure.com/subscriptions/00000000-0000-0000-0000-000000000000/providers/Microsoft.ContainerService/locations/eastus2euap/operations/b9bef31a-b9ff-48c3-b6f0-38083fe2ddca?api-version=2016-03-30
  response:
    body:
      string: "{\n  \"name\": \"1af3beb9-ffb9-c348-b6f0-38083fe2ddca\",\n  \"status\"\
        : \"Succeeded\",\n  \"startTime\": \"2021-05-14T08:56:59.8233333Z\",\n  \"\
        endTime\": \"2021-05-14T09:00:21.200117Z\"\n }"
    headers:
      cache-control:
      - no-cache
      content-length:
      - '169'
      content-type:
      - application/json
      date:
      - Fri, 14 May 2021 09:00:37 GMT
      expires:
      - '-1'
      pragma:
      - no-cache
      server:
      - nginx
      strict-transport-security:
      - max-age=31536000; includeSubDomains
      transfer-encoding:
      - chunked
      vary:
      - Accept-Encoding
      x-content-type-options:
      - nosniff
    status:
      code: 200
      message: OK
- request:
    body: null
    headers:
      Accept:
      - application/json
      Accept-Encoding:
      - gzip, deflate
      CommandName:
      - aks create
      Connection:
      - keep-alive
      ParameterSetName:
      - --resource-group --name --enable-fips-image --generate-ssh-keys
      User-Agent:
      - python/3.6.10 (Linux-5.10.25-linuxkit-x86_64-with) msrest/0.6.21 msrest_azure/0.6.3
        azure-mgmt-containerservice/11.0.0 Azure-SDK-For-Python AZURECLI/2.23.0 (DOCKER)
    method: GET
    uri: https://management.azure.com/subscriptions/00000000-0000-0000-0000-000000000000/resourceGroups/clitest000001/providers/Microsoft.ContainerService/managedClusters/cliakstest000001?api-version=2021-03-01
  response:
    body:
      string: "{\n  \"id\": \"/subscriptions/00000000-0000-0000-0000-000000000000/resourcegroups/clitest000001/providers/Microsoft.ContainerService/managedClusters/cliakstest000001\"\
        ,\n  \"location\": \"eastus2euap\",\n  \"name\": \"cliakstest000001\",\n \
        \ \"type\": \"Microsoft.ContainerService/ManagedClusters\",\n  \"properties\"\
        : {\n   \"provisioningState\": \"Succeeded\",\n   \"powerState\": {\n    \"\
        code\": \"Running\"\n   },\n   \"kubernetesVersion\": \"1.19.9\",\n   \"dnsPrefix\"\
        : \"cliakstest-clitestso4dggrt2-c10894\",\n   \"fqdn\": \"cliakstest-clitestso4dggrt2-c10894-a0b8abb1.hcp.eastus2euap.azmk8s.io\"\
        ,\n   \"azurePortalFQDN\": \"cliakstest-clitestso4dggrt2-c10894-a0b8abb1.portal.hcp.eastus2euap.azmk8s.io\"\
        ,\n   \"agentPoolProfiles\": [\n    {\n     \"name\": \"nodepool1\",\n   \
        \  \"count\": 3,\n     \"vmSize\": \"Standard_DS2_v2\",\n     \"osDiskSizeGB\"\
        : 128,\n     \"osDiskType\": \"Managed\",\n     \"kubeletDiskType\": \"OS\"\
        ,\n     \"maxPods\": 110,\n     \"type\": \"VirtualMachineScaleSets\",\n \
        \    \"provisioningState\": \"Succeeded\",\n     \"powerState\": {\n     \
        \ \"code\": \"Running\"\n     },\n     \"orchestratorVersion\": \"1.19.9\"\
        ,\n     \"enableNodePublicIP\": false,\n     \"nodeLabels\": {},\n     \"\
        mode\": \"System\",\n     \"enableEncryptionAtHost\": false,\n     \"osType\"\
        : \"Linux\",\n     \"osSKU\": \"Ubuntu\",\n     \"nodeImageVersion\": \"AKSUbuntu-1804gen2fipscontainerd-2021.05.01\"\
        ,\n     \"enableFIPS\": true\n    }\n   ],\n   \"linuxProfile\": {\n    \"\
        adminUsername\": \"azureuser\",\n    \"ssh\": {\n     \"publicKeys\": [\n\
        \      {\n       \"keyData\": \"ssh-rsa AAAAB3NzaC1yc2EAAAADAQABAAABAQDhSzGqT9yOjxYAge38/y9Z//u0JQ+FEQu1GO7d9sVuzspsjSgCwE7qMNzNDrPHOiUMIs74OooUJvv2nq/k+CMddvSc3cfTxHgKNqwWjgkHEpwGpEuJtQjjNybcusPU9JMDa6dch9vZIdSmOtVLn3Y5cfVuRaLASNLUg1iXLmBaEH0muWXQcp8/x6ZHS1QSrzr6u07+UP2ykbX9EiD60Aq72wJY41wnsR0AEcY7b9lljbIUodaxaTzrKonMODxe2zDunmlH6rPs+iAVvOtHRnhrcYhxZePWYR516Dr+nnCbmUcIFRjZOz3N5zGGQnj2WTd76kZqxNCLNU6bfXvTKksd\"\
        \n      }\n     ]\n    }\n   },\n   \"servicePrincipalProfile\": {\n    \"\
        clientId\":\"00000000-0000-0000-0000-000000000001\"\n   },\n   \"nodeResourceGroup\"\
        : \"MC_clitest000001_cliakstest000001_eastus2euap\",\n   \"enableRBAC\": true,\n\
        \   \"enablePodSecurityPolicy\": false,\n   \"networkProfile\": {\n    \"\
        networkPlugin\": \"kubenet\",\n    \"loadBalancerSku\": \"Standard\",\n  \
        \  \"loadBalancerProfile\": {\n     \"managedOutboundIPs\": {\n      \"count\"\
        : 1\n     },\n     \"effectiveOutboundIPs\": [\n      {\n       \"id\": \"\
        /subscriptions/00000000-0000-0000-0000-000000000000/resourceGroups/MC_clitest000001_cliakstest000001_eastus2euap/providers/Microsoft.Network/publicIPAddresses/5cc5b94a-4804-4f4a-bf16-e01135c8ef0d\"\
        \n      }\n     ]\n    },\n    \"podCidr\": \"10.244.0.0/16\",\n    \"serviceCidr\"\
        : \"10.0.0.0/16\",\n    \"dnsServiceIP\": \"10.0.0.10\",\n    \"dockerBridgeCidr\"\
        : \"172.17.0.1/16\",\n    \"outboundType\": \"loadBalancer\"\n   },\n   \"\
        maxAgentPools\": 100,\n   \"identityProfile\": {\n    \"kubeletidentity\"\
        : {\n     \"resourceId\": \"/subscriptions/00000000-0000-0000-0000-000000000000/resourcegroups/MC_clitest000001_cliakstest000001_eastus2euap/providers/Microsoft.ManagedIdentity/userAssignedIdentities/cliakstest000001-agentpool\"\
        ,\n     \"clientId\":\"00000000-0000-0000-0000-000000000001\",\n     \"objectId\"\
        :\"00000000-0000-0000-0000-000000000001\"\n    }\n   },\n   \"disableLocalAccounts\"\
        : false\n  },\n  \"identity\": {\n   \"type\": \"SystemAssigned\",\n   \"\
        principalId\":\"00000000-0000-0000-0000-000000000001\",\n   \"tenantId\":\
        \ \"72f988bf-86f1-41af-91ab-2d7cd011db47\"\n  },\n  \"sku\": {\n   \"name\"\
        : \"Basic\",\n   \"tier\": \"Free\"\n  }\n }"
    headers:
      cache-control:
      - no-cache
      content-length:
      - '3350'
      content-type:
      - application/json
      date:
      - Fri, 14 May 2021 09:00:39 GMT
      expires:
      - '-1'
      pragma:
      - no-cache
      server:
      - nginx
      strict-transport-security:
      - max-age=31536000; includeSubDomains
      transfer-encoding:
      - chunked
      vary:
      - Accept-Encoding
      x-content-type-options:
      - nosniff
    status:
      code: 200
      message: OK
- request:
    body: null
    headers:
      Accept:
      - application/json
      Accept-Encoding:
      - gzip, deflate
      CommandName:
      - aks nodepool add
      Connection:
      - keep-alive
      ParameterSetName:
      - --resource-group --cluster-name --name --enable-fips-image
      User-Agent:
      - python/3.6.10 (Linux-5.10.25-linuxkit-x86_64-with) msrest/0.6.21 msrest_azure/0.6.3
        azure-mgmt-containerservice/11.0.0 Azure-SDK-For-Python AZURECLI/2.23.0 (DOCKER)
      accept-language:
      - en-US
    method: GET
    uri: https://management.azure.com/subscriptions/00000000-0000-0000-0000-000000000000/resourceGroups/clitest000001/providers/Microsoft.ContainerService/managedClusters/cliakstest000001/agentPools?api-version=2021-03-01
  response:
    body:
      string: "{\n  \"value\": [\n   {\n    \"id\": \"/subscriptions/00000000-0000-0000-0000-000000000000/resourcegroups/clitest000001/providers/Microsoft.ContainerService/managedClusters/cliakstest000001/agentPools/nodepool1\"\
        ,\n    \"name\": \"nodepool1\",\n    \"type\": \"Microsoft.ContainerService/managedClusters/agentPools\"\
        ,\n    \"properties\": {\n     \"count\": 3,\n     \"vmSize\": \"Standard_DS2_v2\"\
        ,\n     \"osDiskSizeGB\": 128,\n     \"osDiskType\": \"Managed\",\n     \"\
        kubeletDiskType\": \"OS\",\n     \"maxPods\": 110,\n     \"type\": \"VirtualMachineScaleSets\"\
        ,\n     \"provisioningState\": \"Succeeded\",\n     \"powerState\": {\n  \
        \    \"code\": \"Running\"\n     },\n     \"orchestratorVersion\": \"1.19.9\"\
        ,\n     \"enableNodePublicIP\": false,\n     \"nodeLabels\": {},\n     \"\
        mode\": \"System\",\n     \"enableEncryptionAtHost\": false,\n     \"osType\"\
        : \"Linux\",\n     \"osSKU\": \"Ubuntu\",\n     \"nodeImageVersion\": \"AKSUbuntu-1804gen2fipscontainerd-2021.05.01\"\
        ,\n     \"enableFIPS\": true\n    }\n   }\n  ]\n }"
    headers:
      cache-control:
      - no-cache
      content-length:
      - '930'
      content-type:
      - application/json
      date:
      - Fri, 14 May 2021 09:00:41 GMT
      expires:
      - '-1'
      pragma:
      - no-cache
      server:
      - nginx
      strict-transport-security:
      - max-age=31536000; includeSubDomains
      transfer-encoding:
      - chunked
      vary:
      - Accept-Encoding
      x-content-type-options:
      - nosniff
    status:
      code: 200
      message: OK
- request:
    body: '{"properties": {"count": 3, "vmSize": "Standard_DS2_v2", "osType": "Linux",
      "type": "VirtualMachineScaleSets", "mode": "User", "upgradeSettings": {}, "enableNodePublicIP":
      false, "scaleSetPriority": "Regular", "scaleSetEvictionPolicy": "Delete", "nodeTaints":
      [], "enableEncryptionAtHost": false, "enableFIPS": true}}'
    headers:
      Accept:
      - application/json
      Accept-Encoding:
      - gzip, deflate
      CommandName:
      - aks nodepool add
      Connection:
      - keep-alive
      Content-Length:
      - '317'
      Content-Type:
      - application/json; charset=utf-8
      ParameterSetName:
      - --resource-group --cluster-name --name --enable-fips-image
      User-Agent:
      - python/3.6.10 (Linux-5.10.25-linuxkit-x86_64-with) msrest/0.6.21 msrest_azure/0.6.3
        azure-mgmt-containerservice/11.0.0 Azure-SDK-For-Python AZURECLI/2.23.0 (DOCKER)
      accept-language:
      - en-US
    method: PUT
    uri: https://management.azure.com/subscriptions/00000000-0000-0000-0000-000000000000/resourceGroups/clitest000001/providers/Microsoft.ContainerService/managedClusters/cliakstest000001/agentPools/np2?api-version=2021-03-01
  response:
    body:
      string: "{\n  \"id\": \"/subscriptions/00000000-0000-0000-0000-000000000000/resourcegroups/clitest000001/providers/Microsoft.ContainerService/managedClusters/cliakstest000001/agentPools/np2\"\
        ,\n  \"name\": \"np2\",\n  \"type\": \"Microsoft.ContainerService/managedClusters/agentPools\"\
        ,\n  \"properties\": {\n   \"count\": 3,\n   \"vmSize\": \"Standard_DS2_v2\"\
        ,\n   \"osDiskSizeGB\": 128,\n   \"osDiskType\": \"Managed\",\n   \"kubeletDiskType\"\
        : \"OS\",\n   \"maxPods\": 110,\n   \"type\": \"VirtualMachineScaleSets\"\
        ,\n   \"provisioningState\": \"Creating\",\n   \"powerState\": {\n    \"code\"\
        : \"Running\"\n   },\n   \"orchestratorVersion\": \"1.19.9\",\n   \"enableNodePublicIP\"\
        : false,\n   \"mode\": \"User\",\n   \"enableEncryptionAtHost\": false,\n\
        \   \"osType\": \"Linux\",\n   \"osSKU\": \"Ubuntu\",\n   \"nodeImageVersion\"\
        : \"AKSUbuntu-1804gen2fipscontainerd-2021.05.01\",\n   \"upgradeSettings\"\
        : {},\n   \"enableFIPS\": true\n  }\n }"
    headers:
      azure-asyncoperation:
      - https://management.azure.com/subscriptions/00000000-0000-0000-0000-000000000000/providers/Microsoft.ContainerService/locations/eastus2euap/operations/2f1f5ae6-3091-4e4b-844d-e1510021b709?api-version=2016-03-30
      cache-control:
      - no-cache
      content-length:
      - '843'
      content-type:
      - application/json
      date:
      - Fri, 14 May 2021 09:00:46 GMT
      expires:
      - '-1'
      pragma:
      - no-cache
      server:
      - nginx
      strict-transport-security:
      - max-age=31536000; includeSubDomains
      x-content-type-options:
      - nosniff
      x-ms-ratelimit-remaining-subscription-writes:
      - '1199'
    status:
      code: 201
      message: Created
- request:
    body: null
    headers:
      Accept:
      - application/json
      Accept-Encoding:
      - gzip, deflate
      CommandName:
      - aks nodepool add
      Connection:
      - keep-alive
      ParameterSetName:
      - --resource-group --cluster-name --name --enable-fips-image
      User-Agent:
      - python/3.6.10 (Linux-5.10.25-linuxkit-x86_64-with) msrest/0.6.21 msrest_azure/0.6.3
        azure-mgmt-containerservice/11.0.0 Azure-SDK-For-Python AZURECLI/2.23.0 (DOCKER)
    method: GET
    uri: https://management.azure.com/subscriptions/00000000-0000-0000-0000-000000000000/providers/Microsoft.ContainerService/locations/eastus2euap/operations/2f1f5ae6-3091-4e4b-844d-e1510021b709?api-version=2016-03-30
  response:
    body:
      string: "{\n  \"name\": \"e65a1f2f-9130-4b4e-844d-e1510021b709\",\n  \"status\"\
        : \"InProgress\",\n  \"startTime\": \"2021-05-14T09:00:45.4766666Z\"\n }"
    headers:
      cache-control:
      - no-cache
      content-length:
      - '126'
      content-type:
      - application/json
      date:
      - Fri, 14 May 2021 09:01:16 GMT
      expires:
      - '-1'
      pragma:
      - no-cache
      server:
      - nginx
      strict-transport-security:
      - max-age=31536000; includeSubDomains
      transfer-encoding:
      - chunked
      vary:
      - Accept-Encoding
      x-content-type-options:
      - nosniff
    status:
      code: 200
      message: OK
- request:
    body: null
    headers:
      Accept:
      - application/json
      Accept-Encoding:
      - gzip, deflate
      CommandName:
      - aks nodepool add
      Connection:
      - keep-alive
      ParameterSetName:
      - --resource-group --cluster-name --name --enable-fips-image
      User-Agent:
      - python/3.6.10 (Linux-5.10.25-linuxkit-x86_64-with) msrest/0.6.21 msrest_azure/0.6.3
        azure-mgmt-containerservice/11.0.0 Azure-SDK-For-Python AZURECLI/2.23.0 (DOCKER)
    method: GET
    uri: https://management.azure.com/subscriptions/00000000-0000-0000-0000-000000000000/providers/Microsoft.ContainerService/locations/eastus2euap/operations/2f1f5ae6-3091-4e4b-844d-e1510021b709?api-version=2016-03-30
  response:
    body:
      string: "{\n  \"name\": \"e65a1f2f-9130-4b4e-844d-e1510021b709\",\n  \"status\"\
        : \"InProgress\",\n  \"startTime\": \"2021-05-14T09:00:45.4766666Z\"\n }"
    headers:
      cache-control:
      - no-cache
      content-length:
      - '126'
      content-type:
      - application/json
      date:
      - Fri, 14 May 2021 09:01:47 GMT
      expires:
      - '-1'
      pragma:
      - no-cache
      server:
      - nginx
      strict-transport-security:
      - max-age=31536000; includeSubDomains
      transfer-encoding:
      - chunked
      vary:
      - Accept-Encoding
      x-content-type-options:
      - nosniff
    status:
      code: 200
      message: OK
- request:
    body: null
    headers:
      Accept:
      - application/json
      Accept-Encoding:
      - gzip, deflate
      CommandName:
      - aks nodepool add
      Connection:
      - keep-alive
      ParameterSetName:
      - --resource-group --cluster-name --name --enable-fips-image
      User-Agent:
      - python/3.6.10 (Linux-5.10.25-linuxkit-x86_64-with) msrest/0.6.21 msrest_azure/0.6.3
        azure-mgmt-containerservice/11.0.0 Azure-SDK-For-Python AZURECLI/2.23.0 (DOCKER)
    method: GET
    uri: https://management.azure.com/subscriptions/00000000-0000-0000-0000-000000000000/providers/Microsoft.ContainerService/locations/eastus2euap/operations/2f1f5ae6-3091-4e4b-844d-e1510021b709?api-version=2016-03-30
  response:
    body:
      string: "{\n  \"name\": \"e65a1f2f-9130-4b4e-844d-e1510021b709\",\n  \"status\"\
        : \"InProgress\",\n  \"startTime\": \"2021-05-14T09:00:45.4766666Z\"\n }"
    headers:
      cache-control:
      - no-cache
      content-length:
      - '126'
      content-type:
      - application/json
      date:
      - Fri, 14 May 2021 09:02:18 GMT
      expires:
      - '-1'
      pragma:
      - no-cache
      server:
      - nginx
      strict-transport-security:
      - max-age=31536000; includeSubDomains
      transfer-encoding:
      - chunked
      vary:
      - Accept-Encoding
      x-content-type-options:
      - nosniff
    status:
      code: 200
      message: OK
- request:
    body: null
    headers:
      Accept:
      - application/json
      Accept-Encoding:
      - gzip, deflate
      CommandName:
      - aks nodepool add
      Connection:
      - keep-alive
      ParameterSetName:
      - --resource-group --cluster-name --name --enable-fips-image
      User-Agent:
      - python/3.6.10 (Linux-5.10.25-linuxkit-x86_64-with) msrest/0.6.21 msrest_azure/0.6.3
        azure-mgmt-containerservice/11.0.0 Azure-SDK-For-Python AZURECLI/2.23.0 (DOCKER)
    method: GET
    uri: https://management.azure.com/subscriptions/00000000-0000-0000-0000-000000000000/providers/Microsoft.ContainerService/locations/eastus2euap/operations/2f1f5ae6-3091-4e4b-844d-e1510021b709?api-version=2016-03-30
  response:
    body:
      string: "{\n  \"name\": \"e65a1f2f-9130-4b4e-844d-e1510021b709\",\n  \"status\"\
        : \"InProgress\",\n  \"startTime\": \"2021-05-14T09:00:45.4766666Z\"\n }"
    headers:
      cache-control:
      - no-cache
      content-length:
      - '126'
      content-type:
      - application/json
      date:
      - Fri, 14 May 2021 09:02:49 GMT
      expires:
      - '-1'
      pragma:
      - no-cache
      server:
      - nginx
      strict-transport-security:
      - max-age=31536000; includeSubDomains
      transfer-encoding:
      - chunked
      vary:
      - Accept-Encoding
      x-content-type-options:
      - nosniff
    status:
      code: 200
      message: OK
- request:
    body: null
    headers:
      Accept:
      - application/json
      Accept-Encoding:
      - gzip, deflate
      CommandName:
      - aks nodepool add
      Connection:
      - keep-alive
      ParameterSetName:
      - --resource-group --cluster-name --name --enable-fips-image
      User-Agent:
      - python/3.6.10 (Linux-5.10.25-linuxkit-x86_64-with) msrest/0.6.21 msrest_azure/0.6.3
        azure-mgmt-containerservice/11.0.0 Azure-SDK-For-Python AZURECLI/2.23.0 (DOCKER)
    method: GET
    uri: https://management.azure.com/subscriptions/00000000-0000-0000-0000-000000000000/providers/Microsoft.ContainerService/locations/eastus2euap/operations/2f1f5ae6-3091-4e4b-844d-e1510021b709?api-version=2016-03-30
  response:
    body:
      string: "{\n  \"name\": \"e65a1f2f-9130-4b4e-844d-e1510021b709\",\n  \"status\"\
        : \"InProgress\",\n  \"startTime\": \"2021-05-14T09:00:45.4766666Z\"\n }"
    headers:
      cache-control:
      - no-cache
      content-length:
      - '126'
      content-type:
      - application/json
      date:
      - Fri, 14 May 2021 09:03:20 GMT
      expires:
      - '-1'
      pragma:
      - no-cache
      server:
      - nginx
      strict-transport-security:
      - max-age=31536000; includeSubDomains
      transfer-encoding:
      - chunked
      vary:
      - Accept-Encoding
      x-content-type-options:
      - nosniff
    status:
      code: 200
      message: OK
- request:
    body: null
    headers:
      Accept:
      - application/json
      Accept-Encoding:
      - gzip, deflate
      CommandName:
      - aks nodepool add
      Connection:
      - keep-alive
      ParameterSetName:
      - --resource-group --cluster-name --name --enable-fips-image
      User-Agent:
      - python/3.6.10 (Linux-5.10.25-linuxkit-x86_64-with) msrest/0.6.21 msrest_azure/0.6.3
        azure-mgmt-containerservice/11.0.0 Azure-SDK-For-Python AZURECLI/2.23.0 (DOCKER)
    method: GET
    uri: https://management.azure.com/subscriptions/00000000-0000-0000-0000-000000000000/providers/Microsoft.ContainerService/locations/eastus2euap/operations/2f1f5ae6-3091-4e4b-844d-e1510021b709?api-version=2016-03-30
  response:
    body:
      string: "{\n  \"name\": \"e65a1f2f-9130-4b4e-844d-e1510021b709\",\n  \"status\"\
        : \"InProgress\",\n  \"startTime\": \"2021-05-14T09:00:45.4766666Z\"\n }"
    headers:
      cache-control:
      - no-cache
      content-length:
      - '126'
      content-type:
      - application/json
      date:
      - Fri, 14 May 2021 09:03:51 GMT
      expires:
      - '-1'
      pragma:
      - no-cache
      server:
      - nginx
      strict-transport-security:
      - max-age=31536000; includeSubDomains
      transfer-encoding:
      - chunked
      vary:
      - Accept-Encoding
      x-content-type-options:
      - nosniff
    status:
      code: 200
      message: OK
- request:
    body: null
    headers:
      Accept:
      - application/json
      Accept-Encoding:
      - gzip, deflate
      CommandName:
      - aks nodepool add
      Connection:
      - keep-alive
      ParameterSetName:
      - --resource-group --cluster-name --name --enable-fips-image
      User-Agent:
      - python/3.6.10 (Linux-5.10.25-linuxkit-x86_64-with) msrest/0.6.21 msrest_azure/0.6.3
        azure-mgmt-containerservice/11.0.0 Azure-SDK-For-Python AZURECLI/2.23.0 (DOCKER)
    method: GET
    uri: https://management.azure.com/subscriptions/00000000-0000-0000-0000-000000000000/providers/Microsoft.ContainerService/locations/eastus2euap/operations/2f1f5ae6-3091-4e4b-844d-e1510021b709?api-version=2016-03-30
  response:
    body:
      string: "{\n  \"name\": \"e65a1f2f-9130-4b4e-844d-e1510021b709\",\n  \"status\"\
        : \"InProgress\",\n  \"startTime\": \"2021-05-14T09:00:45.4766666Z\"\n }"
    headers:
      cache-control:
      - no-cache
      content-length:
      - '126'
      content-type:
      - application/json
      date:
      - Fri, 14 May 2021 09:04:22 GMT
      expires:
      - '-1'
      pragma:
      - no-cache
      server:
      - nginx
      strict-transport-security:
      - max-age=31536000; includeSubDomains
      transfer-encoding:
      - chunked
      vary:
      - Accept-Encoding
      x-content-type-options:
      - nosniff
    status:
      code: 200
      message: OK
- request:
    body: null
    headers:
      Accept:
      - application/json
      Accept-Encoding:
      - gzip, deflate
      CommandName:
      - aks nodepool add
      Connection:
      - keep-alive
      ParameterSetName:
      - --resource-group --cluster-name --name --enable-fips-image
      User-Agent:
      - python/3.6.10 (Linux-5.10.25-linuxkit-x86_64-with) msrest/0.6.21 msrest_azure/0.6.3
        azure-mgmt-containerservice/11.0.0 Azure-SDK-For-Python AZURECLI/2.23.0 (DOCKER)
    method: GET
    uri: https://management.azure.com/subscriptions/00000000-0000-0000-0000-000000000000/providers/Microsoft.ContainerService/locations/eastus2euap/operations/2f1f5ae6-3091-4e4b-844d-e1510021b709?api-version=2016-03-30
  response:
    body:
      string: "{\n  \"name\": \"e65a1f2f-9130-4b4e-844d-e1510021b709\",\n  \"status\"\
        : \"Succeeded\",\n  \"startTime\": \"2021-05-14T09:00:45.4766666Z\",\n  \"\
        endTime\": \"2021-05-14T09:04:47.3107996Z\"\n }"
    headers:
      cache-control:
      - no-cache
      content-length:
      - '170'
      content-type:
      - application/json
      date:
      - Fri, 14 May 2021 09:04:52 GMT
      expires:
      - '-1'
      pragma:
      - no-cache
      server:
      - nginx
      strict-transport-security:
      - max-age=31536000; includeSubDomains
      transfer-encoding:
      - chunked
      vary:
      - Accept-Encoding
      x-content-type-options:
      - nosniff
    status:
      code: 200
      message: OK
- request:
    body: null
    headers:
      Accept:
      - application/json
      Accept-Encoding:
      - gzip, deflate
      CommandName:
      - aks nodepool add
      Connection:
      - keep-alive
      ParameterSetName:
      - --resource-group --cluster-name --name --enable-fips-image
      User-Agent:
      - python/3.6.10 (Linux-5.10.25-linuxkit-x86_64-with) msrest/0.6.21 msrest_azure/0.6.3
        azure-mgmt-containerservice/11.0.0 Azure-SDK-For-Python AZURECLI/2.23.0 (DOCKER)
    method: GET
    uri: https://management.azure.com/subscriptions/00000000-0000-0000-0000-000000000000/resourceGroups/clitest000001/providers/Microsoft.ContainerService/managedClusters/cliakstest000001/agentPools/np2?api-version=2021-03-01
  response:
    body:
      string: "{\n  \"id\": \"/subscriptions/00000000-0000-0000-0000-000000000000/resourcegroups/clitest000001/providers/Microsoft.ContainerService/managedClusters/cliakstest000001/agentPools/np2\"\
        ,\n  \"name\": \"np2\",\n  \"type\": \"Microsoft.ContainerService/managedClusters/agentPools\"\
        ,\n  \"properties\": {\n   \"count\": 3,\n   \"vmSize\": \"Standard_DS2_v2\"\
        ,\n   \"osDiskSizeGB\": 128,\n   \"osDiskType\": \"Managed\",\n   \"kubeletDiskType\"\
        : \"OS\",\n   \"maxPods\": 110,\n   \"type\": \"VirtualMachineScaleSets\"\
        ,\n   \"provisioningState\": \"Succeeded\",\n   \"powerState\": {\n    \"\
        code\": \"Running\"\n   },\n   \"orchestratorVersion\": \"1.19.9\",\n   \"\
        enableNodePublicIP\": false,\n   \"mode\": \"User\",\n   \"enableEncryptionAtHost\"\
        : false,\n   \"osType\": \"Linux\",\n   \"osSKU\": \"Ubuntu\",\n   \"nodeImageVersion\"\
        : \"AKSUbuntu-1804gen2fipscontainerd-2021.05.01\",\n   \"upgradeSettings\"\
        : {},\n   \"enableFIPS\": true\n  }\n }"
    headers:
      cache-control:
      - no-cache
      content-length:
      - '844'
      content-type:
      - application/json
      date:
      - Fri, 14 May 2021 09:04:54 GMT
      expires:
      - '-1'
      pragma:
      - no-cache
      server:
      - nginx
      strict-transport-security:
      - max-age=31536000; includeSubDomains
      transfer-encoding:
      - chunked
      vary:
      - Accept-Encoding
      x-content-type-options:
      - nosniff
    status:
      code: 200
      message: OK
- request:
    body: null
    headers:
      Accept:
      - application/json
      Accept-Encoding:
      - gzip, deflate
      CommandName:
      - aks delete
      Connection:
      - keep-alive
      Content-Length:
      - '0'
      ParameterSetName:
      - -g -n --yes --no-wait
      User-Agent:
      - python/3.6.10 (Linux-5.10.25-linuxkit-x86_64-with) msrest/0.6.21 msrest_azure/0.6.3
        azure-mgmt-containerservice/11.2.0 Azure-SDK-For-Python AZURECLI/2.23.0 (DOCKER)
      accept-language:
      - en-US
    method: DELETE
    uri: https://management.azure.com/subscriptions/00000000-0000-0000-0000-000000000000/resourceGroups/clitest000001/providers/Microsoft.ContainerService/managedClusters/cliakstest000001?api-version=2021-03-01
  response:
    body:
      string: ''
    headers:
      azure-asyncoperation:
      - https://management.azure.com/subscriptions/00000000-0000-0000-0000-000000000000/providers/Microsoft.ContainerService/locations/eastus2euap/operations/34711a6a-f097-45b6-9143-26bbde9e98cc?api-version=2016-03-30
      cache-control:
      - no-cache
      content-length:
      - '0'
      date:
      - Fri, 14 May 2021 09:04:59 GMT
      expires:
      - '-1'
      location:
      - https://management.azure.com/subscriptions/00000000-0000-0000-0000-000000000000/providers/Microsoft.ContainerService/locations/eastus2euap/operationresults/34711a6a-f097-45b6-9143-26bbde9e98cc?api-version=2016-03-30
      pragma:
      - no-cache
      server:
      - nginx
      strict-transport-security:
      - max-age=31536000; includeSubDomains
      x-content-type-options:
      - nosniff
      x-ms-ratelimit-remaining-subscription-deletes:
      - '14999'
    status:
      code: 202
      message: Accepted
version: 1
