interactions:
- request:
    body: '{"location": "westus2", "identity": {"type": "SystemAssigned"}, "properties":
      {"kubernetesVersion": "", "dnsPrefix": "cliakstest-clitestowjfziq4n-8ecadf",
      "agentPoolProfiles": [{"count": 3, "vmSize": "Standard_DS2_v2", "osDiskSizeGB":
      0, "workloadRuntime": "OCIContainer", "osType": "Linux", "enableAutoScaling":
      false, "type": "VirtualMachineScaleSets", "mode": "System", "orchestratorVersion":
      "", "upgradeSettings": {}, "enableNodePublicIP": false, "enableCustomCATrust":
      false, "scaleSetPriority": "Regular", "scaleSetEvictionPolicy": "Delete", "spotMaxPrice":
      -1.0, "nodeTaints": [], "enableEncryptionAtHost": false, "enableUltraSSD": false,
      "enableFIPS": false, "name": "nodepool1"}], "linuxProfile": {"adminUsername":
      "azureuser", "ssh": {"publicKeys": [{"keyData": "ssh-rsa AAAAB3NzaC1yc2EAAAADAQABAAABAQDVt7qYfUlZP3JUy9lguIXjt8N1qtBC8yktmu7E83C+A1pYFjRdVc/WU4vTbERHemLl28PpLNLg2EdVMVDXRPLEkSVOtNV02lh0Jyuw6s3mf/UYvgRKNo6rOSH3+Hvv+9IswiBnq7oOnzIz7wQaQZ47pDl2VbOO1JYjM+X2iNK8XrnXTm5+nE3ZSmwUweY6vSElhFhsogoJf8VRBH8hCxwhb+6h+XtAhH+OWGCy3l9YVS7pJxXGbd1G3zYem94lzIKuzKq1lCXQ1qrryfa1eX9U4H+d1IKCz8hnnns46kzSMM7Eh0robU9dLoJhNlh94vB6mvPpM2XJbMzf+mRC3FUv
      azcli_aks_live_test@example.com\n"}]}}, "addonProfiles": {}, "oidcIssuerProfile":
      {"enabled": true}, "enableRBAC": true, "enablePodSecurityPolicy": false, "networkProfile":
      {"networkPlugin": "kubenet", "podCidr": "10.244.0.0/16", "serviceCidr": "10.0.0.0/16",
      "dnsServiceIP": "10.0.0.10", "dockerBridgeCidr": "172.17.0.1/16", "outboundType":
      "loadBalancer", "loadBalancerSku": "standard"}, "disableLocalAccounts": false,
      "storageProfile": {}}}'
    headers:
      AKSHTTPCustomFeatures:
      - Microsoft.ContainerService/EnableOIDCIssuerPreview
      Accept:
      - application/json
      Accept-Encoding:
      - gzip, deflate
      CommandName:
      - aks create
      Connection:
      - keep-alive
      Content-Length:
      - '1598'
      Content-Type:
      - application/json
      ParameterSetName:
      - --resource-group --name --location --enable-managed-identity --enable-oidc-issuer
        --aks-custom-headers --ssh-key-value
      User-Agent:
      - AZURECLI/2.40.0 azsdk-python-azure-mgmt-containerservice/20.3.0b2 Python/3.8.10
        (Linux-5.15.0-1020-azure-x86_64-with-glibc2.29)
    method: PUT
    uri: https://management.azure.com/subscriptions/00000000-0000-0000-0000-000000000000/resourceGroups/clitest000001/providers/Microsoft.ContainerService/managedClusters/cliakstest000001?api-version=2022-08-03-preview
  response:
    body:
      string: "{\n  \"id\": \"/subscriptions/00000000-0000-0000-0000-000000000000/resourcegroups/clitest000001/providers/Microsoft.ContainerService/managedClusters/cliakstest000001\",\n
        \ \"location\": \"westus2\",\n  \"name\": \"cliakstest000001\",\n  \"type\":
        \"Microsoft.ContainerService/ManagedClusters\",\n  \"properties\": {\n   \"provisioningState\":
        \"Creating\",\n   \"powerState\": {\n    \"code\": \"Running\"\n   },\n   \"kubernetesVersion\":
        \"1.23.8\",\n   \"currentKubernetesVersion\": \"1.23.8\",\n   \"dnsPrefix\":
        \"cliakstest-clitestowjfziq4n-8ecadf\",\n   \"fqdn\": \"cliakstest-clitestowjfziq4n-8ecadf-faf1b2de.hcp.westus2.azmk8s.io\",\n
        \  \"azurePortalFQDN\": \"cliakstest-clitestowjfziq4n-8ecadf-faf1b2de.portal.hcp.westus2.azmk8s.io\",\n
        \  \"agentPoolProfiles\": [\n    {\n     \"name\": \"nodepool1\",\n     \"count\":
        3,\n     \"vmSize\": \"Standard_DS2_v2\",\n     \"osDiskSizeGB\": 128,\n     \"osDiskType\":
        \"Managed\",\n     \"kubeletDiskType\": \"OS\",\n     \"workloadRuntime\":
        \"OCIContainer\",\n     \"maxPods\": 110,\n     \"type\": \"VirtualMachineScaleSets\",\n
        \    \"enableAutoScaling\": false,\n     \"provisioningState\": \"Creating\",\n
        \    \"powerState\": {\n      \"code\": \"Running\"\n     },\n     \"orchestratorVersion\":
        \"1.23.8\",\n     \"enableNodePublicIP\": false,\n     \"enableCustomCATrust\":
        false,\n     \"mode\": \"System\",\n     \"enableEncryptionAtHost\": false,\n
        \    \"enableUltraSSD\": false,\n     \"osType\": \"Linux\",\n     \"osSKU\":
        \"Ubuntu\",\n     \"nodeImageVersion\": \"AKSUbuntu-1804gen2containerd-2022.09.13\",\n
        \    \"upgradeSettings\": {},\n     \"enableFIPS\": false\n    }\n   ],\n
        \  \"linuxProfile\": {\n    \"adminUsername\": \"azureuser\",\n    \"ssh\":
        {\n     \"publicKeys\": [\n      {\n       \"keyData\": \"ssh-rsa AAAAB3NzaC1yc2EAAAADAQABAAABAQDVt7qYfUlZP3JUy9lguIXjt8N1qtBC8yktmu7E83C+A1pYFjRdVc/WU4vTbERHemLl28PpLNLg2EdVMVDXRPLEkSVOtNV02lh0Jyuw6s3mf/UYvgRKNo6rOSH3+Hvv+9IswiBnq7oOnzIz7wQaQZ47pDl2VbOO1JYjM+X2iNK8XrnXTm5+nE3ZSmwUweY6vSElhFhsogoJf8VRBH8hCxwhb+6h+XtAhH+OWGCy3l9YVS7pJxXGbd1G3zYem94lzIKuzKq1lCXQ1qrryfa1eX9U4H+d1IKCz8hnnns46kzSMM7Eh0robU9dLoJhNlh94vB6mvPpM2XJbMzf+mRC3FUv
        azcli_aks_live_test@example.com\\n\"\n      }\n     ]\n    }\n   },\n   \"servicePrincipalProfile\":
        {\n    \"clientId\":\"00000000-0000-0000-0000-000000000001\"\n   },\n   \"nodeResourceGroup\":
        \"MC_clitest000001_cliakstest000001_westus2\",\n   \"enableRBAC\": true,\n
        \  \"enablePodSecurityPolicy\": false,\n   \"networkProfile\": {\n    \"networkPlugin\":
        \"kubenet\",\n    \"loadBalancerSku\": \"standard\",\n    \"loadBalancerProfile\":
        {\n     \"managedOutboundIPs\": {\n      \"count\": 1\n     },\n     \"backendPoolType\":
        \"nodeIPConfiguration\"\n    },\n    \"podCidr\": \"10.244.0.0/16\",\n    \"serviceCidr\":
        \"10.0.0.0/16\",\n    \"dnsServiceIP\": \"10.0.0.10\",\n    \"dockerBridgeCidr\":
        \"172.17.0.1/16\",\n    \"outboundType\": \"loadBalancer\",\n    \"podCidrs\":
        [\n     \"10.244.0.0/16\"\n    ],\n    \"serviceCidrs\": [\n     \"10.0.0.0/16\"\n
        \   ],\n    \"ipFamilies\": [\n     \"IPv4\"\n    ]\n   },\n   \"maxAgentPools\":
        100,\n   \"disableLocalAccounts\": false,\n   \"securityProfile\": {},\n   \"storageProfile\":
        {\n    \"diskCSIDriver\": {\n     \"enabled\": true,\n     \"version\": \"v1\"\n
        \   },\n    \"fileCSIDriver\": {\n     \"enabled\": true\n    },\n    \"snapshotController\":
        {\n     \"enabled\": true\n    }\n   },\n   \"oidcIssuerProfile\": {\n    \"enabled\":
        true,\n    \"issuerURL\": \"https://oidc.prod-aks.azure.com/bdf13a5b-5f00-4fb8-8568-aad26ef967b0/\"\n
        \  },\n   \"workloadAutoScalerProfile\": {}\n  },\n  \"identity\": {\n   \"type\":
        \"SystemAssigned\",\n   \"principalId\":\"00000000-0000-0000-0000-000000000001\",\n
        \  \"tenantId\": \"72f988bf-86f1-41af-91ab-2d7cd011db47\"\n  },\n  \"sku\":
        {\n   \"name\": \"Basic\",\n   \"tier\": \"Free\"\n  }\n }"
    headers:
      azure-asyncoperation:
      - https://management.azure.com/subscriptions/00000000-0000-0000-0000-000000000000/providers/Microsoft.ContainerService/locations/westus2/operations/b1339591-d5e7-4269-9eba-406024002117?api-version=2016-03-30
      cache-control:
      - no-cache
      content-length:
      - '3493'
      content-type:
      - application/json
      date:
      - Wed, 28 Sep 2022 10:30:04 GMT
      expires:
      - '-1'
      pragma:
      - no-cache
      server:
      - nginx
      strict-transport-security:
      - max-age=31536000; includeSubDomains
      x-content-type-options:
      - nosniff
      x-ms-ratelimit-remaining-subscription-writes:
      - '1196'
    status:
      code: 201
      message: Created
- request:
    body: null
    headers:
      Accept:
      - '*/*'
      Accept-Encoding:
      - gzip, deflate
      CommandName:
      - aks create
      Connection:
      - keep-alive
      ParameterSetName:
      - --resource-group --name --location --enable-managed-identity --enable-oidc-issuer
        --aks-custom-headers --ssh-key-value
      User-Agent:
      - AZURECLI/2.40.0 azsdk-python-azure-mgmt-containerservice/20.3.0b2 Python/3.8.10
        (Linux-5.15.0-1020-azure-x86_64-with-glibc2.29)
    method: GET
    uri: https://management.azure.com/subscriptions/00000000-0000-0000-0000-000000000000/providers/Microsoft.ContainerService/locations/westus2/operations/b1339591-d5e7-4269-9eba-406024002117?api-version=2016-03-30
  response:
    body:
      string: "{\n  \"name\": \"919533b1-e7d5-6942-9eba-406024002117\",\n  \"status\":
        \"InProgress\",\n  \"startTime\": \"2022-09-28T10:30:04.65274Z\"\n }"
    headers:
      cache-control:
      - no-cache
      content-length:
      - '124'
      content-type:
      - application/json
      date:
      - Wed, 28 Sep 2022 10:30:34 GMT
      expires:
      - '-1'
      pragma:
      - no-cache
      server:
      - nginx
      strict-transport-security:
      - max-age=31536000; includeSubDomains
      transfer-encoding:
      - chunked
      vary:
      - Accept-Encoding
      x-content-type-options:
      - nosniff
    status:
      code: 200
      message: OK
- request:
    body: null
    headers:
      Accept:
      - '*/*'
      Accept-Encoding:
      - gzip, deflate
      CommandName:
      - aks create
      Connection:
      - keep-alive
      ParameterSetName:
      - --resource-group --name --location --enable-managed-identity --enable-oidc-issuer
        --aks-custom-headers --ssh-key-value
      User-Agent:
      - AZURECLI/2.40.0 azsdk-python-azure-mgmt-containerservice/20.3.0b2 Python/3.8.10
        (Linux-5.15.0-1020-azure-x86_64-with-glibc2.29)
    method: GET
    uri: https://management.azure.com/subscriptions/00000000-0000-0000-0000-000000000000/providers/Microsoft.ContainerService/locations/westus2/operations/b1339591-d5e7-4269-9eba-406024002117?api-version=2016-03-30
  response:
    body:
      string: "{\n  \"name\": \"919533b1-e7d5-6942-9eba-406024002117\",\n  \"status\":
        \"InProgress\",\n  \"startTime\": \"2022-09-28T10:30:04.65274Z\"\n }"
    headers:
      cache-control:
      - no-cache
      content-length:
      - '124'
      content-type:
      - application/json
      date:
      - Wed, 28 Sep 2022 10:31:03 GMT
      expires:
      - '-1'
      pragma:
      - no-cache
      server:
      - nginx
      strict-transport-security:
      - max-age=31536000; includeSubDomains
      transfer-encoding:
      - chunked
      vary:
      - Accept-Encoding
      x-content-type-options:
      - nosniff
    status:
      code: 200
      message: OK
- request:
    body: null
    headers:
      Accept:
      - '*/*'
      Accept-Encoding:
      - gzip, deflate
      CommandName:
      - aks create
      Connection:
      - keep-alive
      ParameterSetName:
      - --resource-group --name --location --enable-managed-identity --enable-oidc-issuer
        --aks-custom-headers --ssh-key-value
      User-Agent:
      - AZURECLI/2.40.0 azsdk-python-azure-mgmt-containerservice/20.3.0b2 Python/3.8.10
        (Linux-5.15.0-1020-azure-x86_64-with-glibc2.29)
    method: GET
    uri: https://management.azure.com/subscriptions/00000000-0000-0000-0000-000000000000/providers/Microsoft.ContainerService/locations/westus2/operations/b1339591-d5e7-4269-9eba-406024002117?api-version=2016-03-30
  response:
    body:
      string: "{\n  \"name\": \"919533b1-e7d5-6942-9eba-406024002117\",\n  \"status\":
        \"InProgress\",\n  \"startTime\": \"2022-09-28T10:30:04.65274Z\"\n }"
    headers:
      cache-control:
      - no-cache
      content-length:
      - '124'
      content-type:
      - application/json
      date:
      - Wed, 28 Sep 2022 10:31:34 GMT
      expires:
      - '-1'
      pragma:
      - no-cache
      server:
      - nginx
      strict-transport-security:
      - max-age=31536000; includeSubDomains
      transfer-encoding:
      - chunked
      vary:
      - Accept-Encoding
      x-content-type-options:
      - nosniff
    status:
      code: 200
      message: OK
- request:
    body: null
    headers:
      Accept:
      - '*/*'
      Accept-Encoding:
      - gzip, deflate
      CommandName:
      - aks create
      Connection:
      - keep-alive
      ParameterSetName:
      - --resource-group --name --location --enable-managed-identity --enable-oidc-issuer
        --aks-custom-headers --ssh-key-value
      User-Agent:
      - AZURECLI/2.40.0 azsdk-python-azure-mgmt-containerservice/20.3.0b2 Python/3.8.10
        (Linux-5.15.0-1020-azure-x86_64-with-glibc2.29)
    method: GET
    uri: https://management.azure.com/subscriptions/00000000-0000-0000-0000-000000000000/providers/Microsoft.ContainerService/locations/westus2/operations/b1339591-d5e7-4269-9eba-406024002117?api-version=2016-03-30
  response:
    body:
      string: "{\n  \"name\": \"919533b1-e7d5-6942-9eba-406024002117\",\n  \"status\":
        \"InProgress\",\n  \"startTime\": \"2022-09-28T10:30:04.65274Z\"\n }"
    headers:
      cache-control:
      - no-cache
      content-length:
      - '124'
      content-type:
      - application/json
      date:
      - Wed, 28 Sep 2022 10:32:04 GMT
      expires:
      - '-1'
      pragma:
      - no-cache
      server:
      - nginx
      strict-transport-security:
      - max-age=31536000; includeSubDomains
      transfer-encoding:
      - chunked
      vary:
      - Accept-Encoding
      x-content-type-options:
      - nosniff
    status:
      code: 200
      message: OK
- request:
    body: null
    headers:
      Accept:
      - '*/*'
      Accept-Encoding:
      - gzip, deflate
      CommandName:
      - aks create
      Connection:
      - keep-alive
      ParameterSetName:
      - --resource-group --name --location --enable-managed-identity --enable-oidc-issuer
        --aks-custom-headers --ssh-key-value
      User-Agent:
      - AZURECLI/2.40.0 azsdk-python-azure-mgmt-containerservice/20.3.0b2 Python/3.8.10
        (Linux-5.15.0-1020-azure-x86_64-with-glibc2.29)
    method: GET
    uri: https://management.azure.com/subscriptions/00000000-0000-0000-0000-000000000000/providers/Microsoft.ContainerService/locations/westus2/operations/b1339591-d5e7-4269-9eba-406024002117?api-version=2016-03-30
  response:
    body:
      string: "{\n  \"name\": \"919533b1-e7d5-6942-9eba-406024002117\",\n  \"status\":
        \"InProgress\",\n  \"startTime\": \"2022-09-28T10:30:04.65274Z\"\n }"
    headers:
      cache-control:
      - no-cache
      content-length:
      - '124'
      content-type:
      - application/json
      date:
      - Wed, 28 Sep 2022 10:32:34 GMT
      expires:
      - '-1'
      pragma:
      - no-cache
      server:
      - nginx
      strict-transport-security:
      - max-age=31536000; includeSubDomains
      transfer-encoding:
      - chunked
      vary:
      - Accept-Encoding
      x-content-type-options:
      - nosniff
    status:
      code: 200
      message: OK
- request:
    body: null
    headers:
      Accept:
      - '*/*'
      Accept-Encoding:
      - gzip, deflate
      CommandName:
      - aks create
      Connection:
      - keep-alive
      ParameterSetName:
      - --resource-group --name --location --enable-managed-identity --enable-oidc-issuer
        --aks-custom-headers --ssh-key-value
      User-Agent:
      - AZURECLI/2.40.0 azsdk-python-azure-mgmt-containerservice/20.3.0b2 Python/3.8.10
        (Linux-5.15.0-1020-azure-x86_64-with-glibc2.29)
    method: GET
    uri: https://management.azure.com/subscriptions/00000000-0000-0000-0000-000000000000/providers/Microsoft.ContainerService/locations/westus2/operations/b1339591-d5e7-4269-9eba-406024002117?api-version=2016-03-30
  response:
    body:
      string: "{\n  \"name\": \"919533b1-e7d5-6942-9eba-406024002117\",\n  \"status\":
        \"InProgress\",\n  \"startTime\": \"2022-09-28T10:30:04.65274Z\"\n }"
    headers:
      cache-control:
      - no-cache
      content-length:
      - '124'
      content-type:
      - application/json
      date:
      - Wed, 28 Sep 2022 10:33:04 GMT
      expires:
      - '-1'
      pragma:
      - no-cache
      server:
      - nginx
      strict-transport-security:
      - max-age=31536000; includeSubDomains
      transfer-encoding:
      - chunked
      vary:
      - Accept-Encoding
      x-content-type-options:
      - nosniff
    status:
      code: 200
      message: OK
- request:
    body: null
    headers:
      Accept:
      - '*/*'
      Accept-Encoding:
      - gzip, deflate
      CommandName:
      - aks create
      Connection:
      - keep-alive
      ParameterSetName:
      - --resource-group --name --location --enable-managed-identity --enable-oidc-issuer
        --aks-custom-headers --ssh-key-value
      User-Agent:
      - AZURECLI/2.40.0 azsdk-python-azure-mgmt-containerservice/20.3.0b2 Python/3.8.10
        (Linux-5.15.0-1020-azure-x86_64-with-glibc2.29)
    method: GET
    uri: https://management.azure.com/subscriptions/00000000-0000-0000-0000-000000000000/providers/Microsoft.ContainerService/locations/westus2/operations/b1339591-d5e7-4269-9eba-406024002117?api-version=2016-03-30
  response:
    body:
      string: "{\n  \"name\": \"919533b1-e7d5-6942-9eba-406024002117\",\n  \"status\":
        \"Succeeded\",\n  \"startTime\": \"2022-09-28T10:30:04.65274Z\",\n  \"endTime\":
        \"2022-09-28T10:33:32.6909951Z\"\n }"
    headers:
      cache-control:
      - no-cache
      content-length:
      - '168'
      content-type:
      - application/json
      date:
      - Wed, 28 Sep 2022 10:33:34 GMT
      expires:
      - '-1'
      pragma:
      - no-cache
      server:
      - nginx
      strict-transport-security:
      - max-age=31536000; includeSubDomains
      transfer-encoding:
      - chunked
      vary:
      - Accept-Encoding
      x-content-type-options:
      - nosniff
    status:
      code: 200
      message: OK
- request:
    body: null
    headers:
      Accept:
      - '*/*'
      Accept-Encoding:
      - gzip, deflate
      CommandName:
      - aks create
      Connection:
      - keep-alive
      ParameterSetName:
      - --resource-group --name --location --enable-managed-identity --enable-oidc-issuer
        --aks-custom-headers --ssh-key-value
      User-Agent:
      - AZURECLI/2.40.0 azsdk-python-azure-mgmt-containerservice/20.3.0b2 Python/3.8.10
        (Linux-5.15.0-1020-azure-x86_64-with-glibc2.29)
    method: GET
    uri: https://management.azure.com/subscriptions/00000000-0000-0000-0000-000000000000/resourceGroups/clitest000001/providers/Microsoft.ContainerService/managedClusters/cliakstest000001?api-version=2022-08-03-preview
  response:
    body:
      string: "{\n  \"id\": \"/subscriptions/00000000-0000-0000-0000-000000000000/resourcegroups/clitest000001/providers/Microsoft.ContainerService/managedClusters/cliakstest000001\",\n
        \ \"location\": \"westus2\",\n  \"name\": \"cliakstest000001\",\n  \"type\":
        \"Microsoft.ContainerService/ManagedClusters\",\n  \"properties\": {\n   \"provisioningState\":
        \"Succeeded\",\n   \"powerState\": {\n    \"code\": \"Running\"\n   },\n   \"kubernetesVersion\":
        \"1.23.8\",\n   \"currentKubernetesVersion\": \"1.23.8\",\n   \"dnsPrefix\":
        \"cliakstest-clitestowjfziq4n-8ecadf\",\n   \"fqdn\": \"cliakstest-clitestowjfziq4n-8ecadf-faf1b2de.hcp.westus2.azmk8s.io\",\n
        \  \"azurePortalFQDN\": \"cliakstest-clitestowjfziq4n-8ecadf-faf1b2de.portal.hcp.westus2.azmk8s.io\",\n
        \  \"agentPoolProfiles\": [\n    {\n     \"name\": \"nodepool1\",\n     \"count\":
        3,\n     \"vmSize\": \"Standard_DS2_v2\",\n     \"osDiskSizeGB\": 128,\n     \"osDiskType\":
        \"Managed\",\n     \"kubeletDiskType\": \"OS\",\n     \"workloadRuntime\":
        \"OCIContainer\",\n     \"maxPods\": 110,\n     \"type\": \"VirtualMachineScaleSets\",\n
        \    \"enableAutoScaling\": false,\n     \"provisioningState\": \"Succeeded\",\n
        \    \"powerState\": {\n      \"code\": \"Running\"\n     },\n     \"orchestratorVersion\":
        \"1.23.8\",\n     \"enableNodePublicIP\": false,\n     \"enableCustomCATrust\":
        false,\n     \"mode\": \"System\",\n     \"enableEncryptionAtHost\": false,\n
        \    \"enableUltraSSD\": false,\n     \"osType\": \"Linux\",\n     \"osSKU\":
        \"Ubuntu\",\n     \"nodeImageVersion\": \"AKSUbuntu-1804gen2containerd-2022.09.13\",\n
        \    \"upgradeSettings\": {},\n     \"enableFIPS\": false\n    }\n   ],\n
        \  \"linuxProfile\": {\n    \"adminUsername\": \"azureuser\",\n    \"ssh\":
        {\n     \"publicKeys\": [\n      {\n       \"keyData\": \"ssh-rsa AAAAB3NzaC1yc2EAAAADAQABAAABAQDVt7qYfUlZP3JUy9lguIXjt8N1qtBC8yktmu7E83C+A1pYFjRdVc/WU4vTbERHemLl28PpLNLg2EdVMVDXRPLEkSVOtNV02lh0Jyuw6s3mf/UYvgRKNo6rOSH3+Hvv+9IswiBnq7oOnzIz7wQaQZ47pDl2VbOO1JYjM+X2iNK8XrnXTm5+nE3ZSmwUweY6vSElhFhsogoJf8VRBH8hCxwhb+6h+XtAhH+OWGCy3l9YVS7pJxXGbd1G3zYem94lzIKuzKq1lCXQ1qrryfa1eX9U4H+d1IKCz8hnnns46kzSMM7Eh0robU9dLoJhNlh94vB6mvPpM2XJbMzf+mRC3FUv
        azcli_aks_live_test@example.com\\n\"\n      }\n     ]\n    }\n   },\n   \"servicePrincipalProfile\":
        {\n    \"clientId\":\"00000000-0000-0000-0000-000000000001\"\n   },\n   \"nodeResourceGroup\":
        \"MC_clitest000001_cliakstest000001_westus2\",\n   \"enableRBAC\": true,\n
        \  \"enablePodSecurityPolicy\": false,\n   \"networkProfile\": {\n    \"networkPlugin\":
        \"kubenet\",\n    \"loadBalancerSku\": \"Standard\",\n    \"loadBalancerProfile\":
        {\n     \"managedOutboundIPs\": {\n      \"count\": 1\n     },\n     \"effectiveOutboundIPs\":
        [\n      {\n       \"id\": \"/subscriptions/00000000-0000-0000-0000-000000000000/resourceGroups/MC_clitest000001_cliakstest000001_westus2/providers/Microsoft.Network/publicIPAddresses/14d9e5c0-5299-4064-9409-0290292f401a\"\n
        \     }\n     ],\n     \"backendPoolType\": \"nodeIPConfiguration\"\n    },\n
        \   \"podCidr\": \"10.244.0.0/16\",\n    \"serviceCidr\": \"10.0.0.0/16\",\n
        \   \"dnsServiceIP\": \"10.0.0.10\",\n    \"dockerBridgeCidr\": \"172.17.0.1/16\",\n
        \   \"outboundType\": \"loadBalancer\",\n    \"podCidrs\": [\n     \"10.244.0.0/16\"\n
        \   ],\n    \"serviceCidrs\": [\n     \"10.0.0.0/16\"\n    ],\n    \"ipFamilies\":
        [\n     \"IPv4\"\n    ]\n   },\n   \"maxAgentPools\": 100,\n   \"identityProfile\":
        {\n    \"kubeletidentity\": {\n     \"resourceId\": \"/subscriptions/00000000-0000-0000-0000-000000000000/resourcegroups/MC_clitest000001_cliakstest000001_westus2/providers/Microsoft.ManagedIdentity/userAssignedIdentities/cliakstest000001-agentpool\",\n
        \    \"clientId\":\"00000000-0000-0000-0000-000000000001\",\n     \"objectId\":\"00000000-0000-0000-0000-000000000001\"\n
        \   }\n   },\n   \"disableLocalAccounts\": false,\n   \"securityProfile\":
        {},\n   \"storageProfile\": {\n    \"diskCSIDriver\": {\n     \"enabled\":
        true,\n     \"version\": \"v1\"\n    },\n    \"fileCSIDriver\": {\n     \"enabled\":
        true\n    },\n    \"snapshotController\": {\n     \"enabled\": true\n    }\n
        \  },\n   \"oidcIssuerProfile\": {\n    \"enabled\": true,\n    \"issuerURL\":
        \"https://oidc.prod-aks.azure.com/bdf13a5b-5f00-4fb8-8568-aad26ef967b0/\"\n
        \  },\n   \"workloadAutoScalerProfile\": {}\n  },\n  \"identity\": {\n   \"type\":
        \"SystemAssigned\",\n   \"principalId\":\"00000000-0000-0000-0000-000000000001\",\n
        \  \"tenantId\": \"72f988bf-86f1-41af-91ab-2d7cd011db47\"\n  },\n  \"sku\":
        {\n   \"name\": \"Basic\",\n   \"tier\": \"Free\"\n  }\n }"
    headers:
      cache-control:
      - no-cache
      content-length:
      - '4146'
      content-type:
      - application/json
      date:
      - Wed, 28 Sep 2022 10:33:34 GMT
      expires:
      - '-1'
      pragma:
      - no-cache
      server:
      - nginx
      strict-transport-security:
      - max-age=31536000; includeSubDomains
      transfer-encoding:
      - chunked
      vary:
      - Accept-Encoding
      x-content-type-options:
      - nosniff
    status:
      code: 200
      message: OK
version: 1
