interactions:
- request:
    body: null
    headers:
      Accept:
      - application/json
      Accept-Encoding:
      - gzip, deflate
      CommandName:
      - aks create
      Connection:
      - keep-alive
      ParameterSetName:
      - --resource-group --name --generate-ssh-keys --http-proxy-config -o
      User-Agent:
      - AZURECLI/2.26.1 azsdk-python-azure-mgmt-resource/18.0.0 Python/3.8.10 (Linux-5.4.0-1051-azure-x86_64-with-glibc2.27)
    method: GET
    uri: https://management.azure.com/subscriptions/00000000-0000-0000-0000-000000000000/resourcegroups/clitest000001?api-version=2021-04-01
  response:
    body:
      string: '{"id":"/subscriptions/00000000-0000-0000-0000-000000000000/resourceGroups/clitest000001","name":"clitest000001","type":"Microsoft.Resources/resourceGroups","location":"westus2","tags":{"product":"azurecli","cause":"automation","date":"2021-07-27T06:19:55Z"},"properties":{"provisioningState":"Succeeded"}}'
    headers:
      cache-control:
      - no-cache
      content-length:
      - '313'
      content-type:
      - application/json; charset=utf-8
      date:
      - Tue, 27 Jul 2021 06:19:58 GMT
      expires:
      - '-1'
      pragma:
      - no-cache
      strict-transport-security:
      - max-age=31536000; includeSubDomains
      vary:
      - Accept-Encoding
      x-content-type-options:
      - nosniff
    status:
      code: 200
      message: OK
- request:
    body: '{"identity": {"type": "SystemAssigned"}, "properties": {"kubernetesVersion":
      "", "dnsPrefix": "cliakstest-clitestrkdbiydyj-79a739", "agentPoolProfiles":
      [{"count": 3, "vmSize": "Standard_DS2_v2", "osType": "Linux", "type": "VirtualMachineScaleSets",
      "mode": "System", "enableNodePublicIP": false, "scaleSetPriority": "Regular",
      "scaleSetEvictionPolicy": "Delete", "spotMaxPrice": -1.0, "enableEncryptionAtHost":
      false, "enableUltraSSD": false, "enableFIPS": false, "name": "nodepool1"}],
      "linuxProfile": {"adminUsername": "azureuser", "ssh": {"publicKeys": [{"keyData":
      "ssh-rsa AAAAB3NzaC1yc2EAAAADAQABAAABAQC70C36R8eJPTA7kUX9fStjBqeeegOgRw8T0/q7gkSUO48SX1Fr2VpQqfVOUOc//xZgPMPQY6mavzWxD62It87Lp+6ZgDCAJISoDQAo0USRq6Q0tWfPwe2mZTB0QMVNKYKLyaHoGEEGSgJ+HpY/L6f+DSuX+j45dwt7NETOvhRWi5xTf1cDGSnBdS5UZbmcdmx8uuvSILI3dQeeZySU/3ilYzequF+G+L3uteOTdQLfxjRYHNZFpFyJwZWcodjkABLwKwqX2ZfVfjLfopvIz8uJfPnsjyoxSW7A42t+ZJtSmX5o/dlm1Hv0LlUsLIfusxw/V/qKbZrNz///wfJSJGuf"}]}},
      "addonProfiles": {}, "enableRBAC": true, "enablePodSecurityPolicy": false, "networkProfile":
      {"networkPlugin": "kubenet", "podCidr": "10.244.0.0/16", "serviceCidr": "10.0.0.0/16",
      "dnsServiceIP": "10.0.0.10", "dockerBridgeCidr": "172.17.0.1/16", "outboundType":
      "loadBalancer", "loadBalancerSku": "standard"}, "disableLocalAccounts": false,
      "httpProxyConfig": {"httpProxy": "http://myproxy.server.com:8080/", "httpsProxy":
      "https://myproxy.server.com:8080/", "noProxy": ["localhost", "127.0.0.1"], "trustedCa":
      "G9yR2xrQ29NRjNURHg4cm1wOURCaUIvCi0tLS0tRU5EIENFUlRJRklDQVRFLS0tLS0="}}, "location":
      "westus2"}'
    headers:
      Accept:
      - application/json
      Accept-Encoding:
      - gzip, deflate
      CommandName:
      - aks create
      Connection:
      - keep-alive
      Content-Length:
      - '1564'
      Content-Type:
      - application/json
      ParameterSetName:
      - --resource-group --name --generate-ssh-keys --http-proxy-config -o
      User-Agent:
      - AZURECLI/2.26.1 azsdk-python-azure-mgmt-containerservice/16.0.0 Python/3.8.10
        (Linux-5.4.0-1051-azure-x86_64-with-glibc2.27)
    method: PUT
    uri: https://management.azure.com/subscriptions/00000000-0000-0000-0000-000000000000/resourceGroups/clitest000001/providers/Microsoft.ContainerService/managedClusters/cliakstest000002?api-version=2021-05-01
  response:
    body:
      string: "{\n  \"id\": \"/subscriptions/00000000-0000-0000-0000-000000000000/resourcegroups/clitest000001/providers/Microsoft.ContainerService/managedClusters/cliakstest000002\",\n
        \ \"location\": \"westus2\",\n  \"name\": \"cliakstest000002\",\n  \"type\":
        \"Microsoft.ContainerService/ManagedClusters\",\n  \"properties\": {\n   \"provisioningState\":
        \"Creating\",\n   \"powerState\": {\n    \"code\": \"Running\"\n   },\n   \"kubernetesVersion\":
        \"1.19.11\",\n   \"dnsPrefix\": \"cliakstest-clitestrkdbiydyj-79a739\",\n
        \  \"fqdn\": \"cliakstest-clitestrkdbiydyj-79a739-8dc03140.hcp.westus2.azmk8s.io\",\n
        \  \"azurePortalFQDN\": \"cliakstest-clitestrkdbiydyj-79a739-8dc03140.portal.hcp.westus2.azmk8s.io\",\n
        \  \"agentPoolProfiles\": [\n    {\n     \"name\": \"nodepool1\",\n     \"count\":
        3,\n     \"vmSize\": \"Standard_DS2_v2\",\n     \"osDiskSizeGB\": 128,\n     \"osDiskType\":
        \"Managed\",\n     \"kubeletDiskType\": \"OS\",\n     \"maxPods\": 110,\n
        \    \"type\": \"VirtualMachineScaleSets\",\n     \"provisioningState\": \"Creating\",\n
        \    \"powerState\": {\n      \"code\": \"Running\"\n     },\n     \"orchestratorVersion\":
        \"1.19.11\",\n     \"enableNodePublicIP\": false,\n     \"nodeLabels\": {},\n
        \    \"mode\": \"System\",\n     \"enableEncryptionAtHost\": false,\n     \"enableUltraSSD\":
        false,\n     \"osType\": \"Linux\",\n     \"osSKU\": \"Ubuntu\",\n     \"nodeImageVersion\":
        \"AKSUbuntu-1804gen2containerd-2021.07.03\",\n     \"enableFIPS\": false\n
        \   }\n   ],\n   \"linuxProfile\": {\n    \"adminUsername\": \"azureuser\",\n
        \   \"ssh\": {\n     \"publicKeys\": [\n      {\n       \"keyData\": \"ssh-rsa
        AAAAB3NzaC1yc2EAAAADAQABAAABAQC70C36R8eJPTA7kUX9fStjBqeeegOgRw8T0/q7gkSUO48SX1Fr2VpQqfVOUOc//xZgPMPQY6mavzWxD62It87Lp+6ZgDCAJISoDQAo0USRq6Q0tWfPwe2mZTB0QMVNKYKLyaHoGEEGSgJ+HpY/L6f+DSuX+j45dwt7NETOvhRWi5xTf1cDGSnBdS5UZbmcdmx8uuvSILI3dQeeZySU/3ilYzequF+G+L3uteOTdQLfxjRYHNZFpFyJwZWcodjkABLwKwqX2ZfVfjLfopvIz8uJfPnsjyoxSW7A42t+ZJtSmX5o/dlm1Hv0LlUsLIfusxw/V/qKbZrNz///wfJSJGuf\"\n
        \     }\n     ]\n    }\n   },\n   \"servicePrincipalProfile\": {\n    \"clientId\":\"00000000-0000-0000-0000-000000000001\"\n
        \  },\n   \"nodeResourceGroup\": \"MC_clitest000001_cliakstest000002_westus2\",\n
        \  \"enableRBAC\": true,\n   \"enablePodSecurityPolicy\": false,\n   \"networkProfile\":
        {\n    \"networkPlugin\": \"kubenet\",\n    \"loadBalancerSku\": \"standard\",\n
        \   \"loadBalancerProfile\": {\n     \"managedOutboundIPs\": {\n      \"count\":
        1\n     }\n    },\n    \"podCidr\": \"10.244.0.0/16\",\n    \"serviceCidr\":
        \"10.0.0.0/16\",\n    \"dnsServiceIP\": \"10.0.0.10\",\n    \"dockerBridgeCidr\":
        \"172.17.0.1/16\",\n    \"outboundType\": \"loadBalancer\"\n   },\n   \"maxAgentPools\":
        100,\n   \"disableLocalAccounts\": false\n  },\n  \"identity\": {\n   \"type\":
        \"SystemAssigned\",\n   \"principalId\":\"00000000-0000-0000-0000-000000000001\",\n
        \  \"tenantId\": \"72f988bf-86f1-41af-91ab-2d7cd011db47\"\n  },\n  \"sku\":
        {\n   \"name\": \"Basic\",\n   \"tier\": \"Free\"\n  }\n }"
    headers:
      azure-asyncoperation:
      - https://management.azure.com/subscriptions/00000000-0000-0000-0000-000000000000/providers/Microsoft.ContainerService/locations/westus2/operations/1300dbd1-3b6b-41ee-9ebf-0acc50735e9b?api-version=2016-03-30
      cache-control:
      - no-cache
      content-length:
      - '2692'
      content-type:
      - application/json
      date:
      - Tue, 27 Jul 2021 06:20:03 GMT
      expires:
      - '-1'
      pragma:
      - no-cache
      server:
      - nginx
      strict-transport-security:
      - max-age=31536000; includeSubDomains
      x-content-type-options:
      - nosniff
      x-ms-ratelimit-remaining-subscription-writes:
      - '1199'
    status:
      code: 201
      message: Created
- request:
    body: null
    headers:
      Accept:
      - '*/*'
      Accept-Encoding:
      - gzip, deflate
      CommandName:
      - aks create
      Connection:
      - keep-alive
      ParameterSetName:
      - --resource-group --name --generate-ssh-keys --http-proxy-config -o
      User-Agent:
      - AZURECLI/2.26.1 azsdk-python-azure-mgmt-containerservice/16.0.0 Python/3.8.10
        (Linux-5.4.0-1051-azure-x86_64-with-glibc2.27)
    method: GET
    uri: https://management.azure.com/subscriptions/00000000-0000-0000-0000-000000000000/providers/Microsoft.ContainerService/locations/westus2/operations/1300dbd1-3b6b-41ee-9ebf-0acc50735e9b?api-version=2016-03-30
  response:
    body:
      string: "{\n  \"name\": \"d1db0013-6b3b-ee41-9ebf-0acc50735e9b\",\n  \"status\":
        \"InProgress\",\n  \"startTime\": \"2021-07-27T06:20:02.9Z\"\n }"
    headers:
      cache-control:
      - no-cache
      content-length:
      - '120'
      content-type:
      - application/json
      date:
      - Tue, 27 Jul 2021 06:20:32 GMT
      expires:
      - '-1'
      pragma:
      - no-cache
      server:
      - nginx
      strict-transport-security:
      - max-age=31536000; includeSubDomains
      transfer-encoding:
      - chunked
      vary:
      - Accept-Encoding
      x-content-type-options:
      - nosniff
    status:
      code: 200
      message: OK
- request:
    body: null
    headers:
      Accept:
      - '*/*'
      Accept-Encoding:
      - gzip, deflate
      CommandName:
      - aks create
      Connection:
      - keep-alive
      ParameterSetName:
      - --resource-group --name --generate-ssh-keys --http-proxy-config -o
      User-Agent:
      - AZURECLI/2.26.1 azsdk-python-azure-mgmt-containerservice/16.0.0 Python/3.8.10
        (Linux-5.4.0-1051-azure-x86_64-with-glibc2.27)
    method: GET
    uri: https://management.azure.com/subscriptions/00000000-0000-0000-0000-000000000000/providers/Microsoft.ContainerService/locations/westus2/operations/1300dbd1-3b6b-41ee-9ebf-0acc50735e9b?api-version=2016-03-30
  response:
    body:
      string: "{\n  \"name\": \"d1db0013-6b3b-ee41-9ebf-0acc50735e9b\",\n  \"status\":
        \"InProgress\",\n  \"startTime\": \"2021-07-27T06:20:02.9Z\"\n }"
    headers:
      cache-control:
      - no-cache
      content-length:
      - '120'
      content-type:
      - application/json
      date:
      - Tue, 27 Jul 2021 06:21:03 GMT
      expires:
      - '-1'
      pragma:
      - no-cache
      server:
      - nginx
      strict-transport-security:
      - max-age=31536000; includeSubDomains
      transfer-encoding:
      - chunked
      vary:
      - Accept-Encoding
      x-content-type-options:
      - nosniff
    status:
      code: 200
      message: OK
- request:
    body: null
    headers:
      Accept:
      - '*/*'
      Accept-Encoding:
      - gzip, deflate
      CommandName:
      - aks create
      Connection:
      - keep-alive
      ParameterSetName:
      - --resource-group --name --generate-ssh-keys --http-proxy-config -o
      User-Agent:
      - AZURECLI/2.26.1 azsdk-python-azure-mgmt-containerservice/16.0.0 Python/3.8.10
        (Linux-5.4.0-1051-azure-x86_64-with-glibc2.27)
    method: GET
    uri: https://management.azure.com/subscriptions/00000000-0000-0000-0000-000000000000/providers/Microsoft.ContainerService/locations/westus2/operations/1300dbd1-3b6b-41ee-9ebf-0acc50735e9b?api-version=2016-03-30
  response:
    body:
      string: "{\n  \"name\": \"d1db0013-6b3b-ee41-9ebf-0acc50735e9b\",\n  \"status\":
        \"InProgress\",\n  \"startTime\": \"2021-07-27T06:20:02.9Z\"\n }"
    headers:
      cache-control:
      - no-cache
      content-length:
      - '120'
      content-type:
      - application/json
      date:
      - Tue, 27 Jul 2021 06:21:33 GMT
      expires:
      - '-1'
      pragma:
      - no-cache
      server:
      - nginx
      strict-transport-security:
      - max-age=31536000; includeSubDomains
      transfer-encoding:
      - chunked
      vary:
      - Accept-Encoding
      x-content-type-options:
      - nosniff
    status:
      code: 200
      message: OK
- request:
    body: null
    headers:
      Accept:
      - '*/*'
      Accept-Encoding:
      - gzip, deflate
      CommandName:
      - aks create
      Connection:
      - keep-alive
      ParameterSetName:
      - --resource-group --name --generate-ssh-keys --http-proxy-config -o
      User-Agent:
      - AZURECLI/2.26.1 azsdk-python-azure-mgmt-containerservice/16.0.0 Python/3.8.10
        (Linux-5.4.0-1051-azure-x86_64-with-glibc2.27)
    method: GET
    uri: https://management.azure.com/subscriptions/00000000-0000-0000-0000-000000000000/providers/Microsoft.ContainerService/locations/westus2/operations/1300dbd1-3b6b-41ee-9ebf-0acc50735e9b?api-version=2016-03-30
  response:
    body:
      string: "{\n  \"name\": \"d1db0013-6b3b-ee41-9ebf-0acc50735e9b\",\n  \"status\":
        \"InProgress\",\n  \"startTime\": \"2021-07-27T06:20:02.9Z\"\n }"
    headers:
      cache-control:
      - no-cache
      content-length:
      - '120'
      content-type:
      - application/json
      date:
      - Tue, 27 Jul 2021 06:22:03 GMT
      expires:
      - '-1'
      pragma:
      - no-cache
      server:
      - nginx
      strict-transport-security:
      - max-age=31536000; includeSubDomains
      transfer-encoding:
      - chunked
      vary:
      - Accept-Encoding
      x-content-type-options:
      - nosniff
    status:
      code: 200
      message: OK
- request:
    body: null
    headers:
      Accept:
      - '*/*'
      Accept-Encoding:
      - gzip, deflate
      CommandName:
      - aks create
      Connection:
      - keep-alive
      ParameterSetName:
      - --resource-group --name --generate-ssh-keys --http-proxy-config -o
      User-Agent:
      - AZURECLI/2.26.1 azsdk-python-azure-mgmt-containerservice/16.0.0 Python/3.8.10
        (Linux-5.4.0-1051-azure-x86_64-with-glibc2.27)
    method: GET
    uri: https://management.azure.com/subscriptions/00000000-0000-0000-0000-000000000000/providers/Microsoft.ContainerService/locations/westus2/operations/1300dbd1-3b6b-41ee-9ebf-0acc50735e9b?api-version=2016-03-30
  response:
    body:
      string: "{\n  \"name\": \"d1db0013-6b3b-ee41-9ebf-0acc50735e9b\",\n  \"status\":
        \"InProgress\",\n  \"startTime\": \"2021-07-27T06:20:02.9Z\"\n }"
    headers:
      cache-control:
      - no-cache
      content-length:
      - '120'
      content-type:
      - application/json
      date:
      - Tue, 27 Jul 2021 06:22:33 GMT
      expires:
      - '-1'
      pragma:
      - no-cache
      server:
      - nginx
      strict-transport-security:
      - max-age=31536000; includeSubDomains
      transfer-encoding:
      - chunked
      vary:
      - Accept-Encoding
      x-content-type-options:
      - nosniff
    status:
      code: 200
      message: OK
- request:
    body: null
    headers:
      Accept:
      - '*/*'
      Accept-Encoding:
      - gzip, deflate
      CommandName:
      - aks create
      Connection:
      - keep-alive
      ParameterSetName:
      - --resource-group --name --generate-ssh-keys --http-proxy-config -o
      User-Agent:
      - AZURECLI/2.26.1 azsdk-python-azure-mgmt-containerservice/16.0.0 Python/3.8.10
        (Linux-5.4.0-1051-azure-x86_64-with-glibc2.27)
    method: GET
    uri: https://management.azure.com/subscriptions/00000000-0000-0000-0000-000000000000/providers/Microsoft.ContainerService/locations/westus2/operations/1300dbd1-3b6b-41ee-9ebf-0acc50735e9b?api-version=2016-03-30
  response:
    body:
      string: "{\n  \"name\": \"d1db0013-6b3b-ee41-9ebf-0acc50735e9b\",\n  \"status\":
        \"InProgress\",\n  \"startTime\": \"2021-07-27T06:20:02.9Z\"\n }"
    headers:
      cache-control:
      - no-cache
      content-length:
      - '120'
      content-type:
      - application/json
      date:
      - Tue, 27 Jul 2021 06:23:03 GMT
      expires:
      - '-1'
      pragma:
      - no-cache
      server:
      - nginx
      strict-transport-security:
      - max-age=31536000; includeSubDomains
      transfer-encoding:
      - chunked
      vary:
      - Accept-Encoding
      x-content-type-options:
      - nosniff
    status:
      code: 200
      message: OK
- request:
    body: null
    headers:
      Accept:
      - '*/*'
      Accept-Encoding:
      - gzip, deflate
      CommandName:
      - aks create
      Connection:
      - keep-alive
      ParameterSetName:
      - --resource-group --name --generate-ssh-keys --http-proxy-config -o
      User-Agent:
      - AZURECLI/2.26.1 azsdk-python-azure-mgmt-containerservice/16.0.0 Python/3.8.10
        (Linux-5.4.0-1051-azure-x86_64-with-glibc2.27)
    method: GET
    uri: https://management.azure.com/subscriptions/00000000-0000-0000-0000-000000000000/providers/Microsoft.ContainerService/locations/westus2/operations/1300dbd1-3b6b-41ee-9ebf-0acc50735e9b?api-version=2016-03-30
  response:
    body:
      string: "{\n  \"name\": \"d1db0013-6b3b-ee41-9ebf-0acc50735e9b\",\n  \"status\":
        \"InProgress\",\n  \"startTime\": \"2021-07-27T06:20:02.9Z\"\n }"
    headers:
      cache-control:
      - no-cache
      content-length:
      - '120'
      content-type:
      - application/json
      date:
      - Tue, 27 Jul 2021 06:23:33 GMT
      expires:
      - '-1'
      pragma:
      - no-cache
      server:
      - nginx
      strict-transport-security:
      - max-age=31536000; includeSubDomains
      transfer-encoding:
      - chunked
      vary:
      - Accept-Encoding
      x-content-type-options:
      - nosniff
    status:
      code: 200
      message: OK
- request:
    body: null
    headers:
      Accept:
      - '*/*'
      Accept-Encoding:
      - gzip, deflate
      CommandName:
      - aks create
      Connection:
      - keep-alive
      ParameterSetName:
      - --resource-group --name --generate-ssh-keys --http-proxy-config -o
      User-Agent:
      - AZURECLI/2.26.1 azsdk-python-azure-mgmt-containerservice/16.0.0 Python/3.8.10
        (Linux-5.4.0-1051-azure-x86_64-with-glibc2.27)
    method: GET
    uri: https://management.azure.com/subscriptions/00000000-0000-0000-0000-000000000000/providers/Microsoft.ContainerService/locations/westus2/operations/1300dbd1-3b6b-41ee-9ebf-0acc50735e9b?api-version=2016-03-30
  response:
    body:
      string: "{\n  \"name\": \"d1db0013-6b3b-ee41-9ebf-0acc50735e9b\",\n  \"status\":
        \"Succeeded\",\n  \"startTime\": \"2021-07-27T06:20:02.9Z\",\n  \"endTime\":
        \"2021-07-27T06:23:40.39994Z\"\n }"
    headers:
      cache-control:
      - no-cache
      content-length:
      - '162'
      content-type:
      - application/json
      date:
      - Tue, 27 Jul 2021 06:24:03 GMT
      expires:
      - '-1'
      pragma:
      - no-cache
      server:
      - nginx
      strict-transport-security:
      - max-age=31536000; includeSubDomains
      transfer-encoding:
      - chunked
      vary:
      - Accept-Encoding
      x-content-type-options:
      - nosniff
    status:
      code: 200
      message: OK
- request:
    body: null
    headers:
      Accept:
      - '*/*'
      Accept-Encoding:
      - gzip, deflate
      CommandName:
      - aks create
      Connection:
      - keep-alive
      ParameterSetName:
      - --resource-group --name --generate-ssh-keys --http-proxy-config -o
      User-Agent:
      - AZURECLI/2.26.1 azsdk-python-azure-mgmt-containerservice/16.0.0 Python/3.8.10
        (Linux-5.4.0-1051-azure-x86_64-with-glibc2.27)
    method: GET
    uri: https://management.azure.com/subscriptions/00000000-0000-0000-0000-000000000000/resourceGroups/clitest000001/providers/Microsoft.ContainerService/managedClusters/cliakstest000002?api-version=2021-05-01
  response:
    body:
      string: "{\n  \"id\": \"/subscriptions/00000000-0000-0000-0000-000000000000/resourcegroups/clitest000001/providers/Microsoft.ContainerService/managedClusters/cliakstest000002\",\n
        \ \"location\": \"westus2\",\n  \"name\": \"cliakstest000002\",\n  \"type\":
        \"Microsoft.ContainerService/ManagedClusters\",\n  \"properties\": {\n   \"provisioningState\":
        \"Succeeded\",\n   \"powerState\": {\n    \"code\": \"Running\"\n   },\n   \"kubernetesVersion\":
        \"1.19.11\",\n   \"dnsPrefix\": \"cliakstest-clitestrkdbiydyj-79a739\",\n
        \  \"fqdn\": \"cliakstest-clitestrkdbiydyj-79a739-8dc03140.hcp.westus2.azmk8s.io\",\n
        \  \"azurePortalFQDN\": \"cliakstest-clitestrkdbiydyj-79a739-8dc03140.portal.hcp.westus2.azmk8s.io\",\n
        \  \"agentPoolProfiles\": [\n    {\n     \"name\": \"nodepool1\",\n     \"count\":
        3,\n     \"vmSize\": \"Standard_DS2_v2\",\n     \"osDiskSizeGB\": 128,\n     \"osDiskType\":
        \"Managed\",\n     \"kubeletDiskType\": \"OS\",\n     \"maxPods\": 110,\n
        \    \"type\": \"VirtualMachineScaleSets\",\n     \"provisioningState\": \"Succeeded\",\n
        \    \"powerState\": {\n      \"code\": \"Running\"\n     },\n     \"orchestratorVersion\":
        \"1.19.11\",\n     \"enableNodePublicIP\": false,\n     \"nodeLabels\": {},\n
        \    \"mode\": \"System\",\n     \"enableEncryptionAtHost\": false,\n     \"enableUltraSSD\":
        false,\n     \"osType\": \"Linux\",\n     \"osSKU\": \"Ubuntu\",\n     \"nodeImageVersion\":
        \"AKSUbuntu-1804gen2containerd-2021.07.03\",\n     \"enableFIPS\": false\n
        \   }\n   ],\n   \"linuxProfile\": {\n    \"adminUsername\": \"azureuser\",\n
        \   \"ssh\": {\n     \"publicKeys\": [\n      {\n       \"keyData\": \"ssh-rsa
        AAAAB3NzaC1yc2EAAAADAQABAAABAQC70C36R8eJPTA7kUX9fStjBqeeegOgRw8T0/q7gkSUO48SX1Fr2VpQqfVOUOc//xZgPMPQY6mavzWxD62It87Lp+6ZgDCAJISoDQAo0USRq6Q0tWfPwe2mZTB0QMVNKYKLyaHoGEEGSgJ+HpY/L6f+DSuX+j45dwt7NETOvhRWi5xTf1cDGSnBdS5UZbmcdmx8uuvSILI3dQeeZySU/3ilYzequF+G+L3uteOTdQLfxjRYHNZFpFyJwZWcodjkABLwKwqX2ZfVfjLfopvIz8uJfPnsjyoxSW7A42t+ZJtSmX5o/dlm1Hv0LlUsLIfusxw/V/qKbZrNz///wfJSJGuf\"\n
        \     }\n     ]\n    }\n   },\n   \"servicePrincipalProfile\": {\n    \"clientId\":\"00000000-0000-0000-0000-000000000001\"\n
        \  },\n   \"nodeResourceGroup\": \"MC_clitest000001_cliakstest000002_westus2\",\n
        \  \"enableRBAC\": true,\n   \"enablePodSecurityPolicy\": false,\n   \"networkProfile\":
        {\n    \"networkPlugin\": \"kubenet\",\n    \"loadBalancerSku\": \"Standard\",\n
        \   \"loadBalancerProfile\": {\n     \"managedOutboundIPs\": {\n      \"count\":
        1\n     },\n     \"effectiveOutboundIPs\": [\n      {\n       \"id\": \"/subscriptions/00000000-0000-0000-0000-000000000000/resourceGroups/MC_clitest000001_cliakstest000002_westus2/providers/Microsoft.Network/publicIPAddresses/ec304099-56c8-4381-9321-f7e676355de2\"\n
        \     }\n     ]\n    },\n    \"podCidr\": \"10.244.0.0/16\",\n    \"serviceCidr\":
        \"10.0.0.0/16\",\n    \"dnsServiceIP\": \"10.0.0.10\",\n    \"dockerBridgeCidr\":
        \"172.17.0.1/16\",\n    \"outboundType\": \"loadBalancer\"\n   },\n   \"maxAgentPools\":
        100,\n   \"identityProfile\": {\n    \"kubeletidentity\": {\n     \"resourceId\":
        \"/subscriptions/00000000-0000-0000-0000-000000000000/resourcegroups/MC_clitest000001_cliakstest000002_westus2/providers/Microsoft.ManagedIdentity/userAssignedIdentities/cliakstest000002-agentpool\",\n
        \    \"clientId\":\"00000000-0000-0000-0000-000000000001\",\n     \"objectId\":\"00000000-0000-0000-0000-000000000001\"\n
        \   }\n   },\n   \"disableLocalAccounts\": false\n  },\n  \"identity\": {\n
        \  \"type\": \"SystemAssigned\",\n   \"principalId\":\"00000000-0000-0000-0000-000000000001\",\n
        \  \"tenantId\": \"72f988bf-86f1-41af-91ab-2d7cd011db47\"\n  },\n  \"sku\":
        {\n   \"name\": \"Basic\",\n   \"tier\": \"Free\"\n  }\n }"
    headers:
      cache-control:
      - no-cache
      content-length:
      - '3355'
      content-type:
      - application/json
      date:
      - Tue, 27 Jul 2021 06:24:04 GMT
      expires:
      - '-1'
      pragma:
      - no-cache
      server:
      - nginx
      strict-transport-security:
      - max-age=31536000; includeSubDomains
      transfer-encoding:
      - chunked
      vary:
      - Accept-Encoding
      x-content-type-options:
      - nosniff
    status:
      code: 200
      message: OK
version: 1
