interactions:
- request:
    body: '{"location": "westus2", "identity": {"type": "SystemAssigned"}, "properties":
      {"kubernetesVersion": "", "dnsPrefix": "cliaksdns000002", "agentPoolProfiles":
      [{"count": 1, "vmSize": "Standard_DS2_v2", "osDiskSizeGB": 0, "workloadRuntime":
      "OCIContainer", "osType": "Linux", "enableAutoScaling": false, "type": "VirtualMachineScaleSets",
      "mode": "System", "orchestratorVersion": "", "upgradeSettings": {}, "enableNodePublicIP":
      false, "enableCustomCATrust": false, "scaleSetPriority": "Regular", "scaleSetEvictionPolicy":
      "Delete", "spotMaxPrice": -1.0, "nodeTaints": [], "enableEncryptionAtHost":
      false, "enableUltraSSD": false, "enableFIPS": false, "networkProfile": {}, "name":
      "nodepool1"}], "linuxProfile": {"adminUsername": "azureuser", "ssh": {"publicKeys":
      [{"keyData": "ssh-rsa AAAAB3NzaC1yc2EAAAADAQABAAACAQCbIg1guRHbI0lV11wWDt1r2cUdcNd27CJsg+SfgC7miZeubtwUhbsPdhMQsfDyhOWHq1+ZL0M+nJZV63d/1dhmhtgyOqejUwrPlzKhydsbrsdUor+JmNJDdW01v7BXHyuymT8G4s09jCasNOwiufbP/qp72ruu0bIA1nySsvlf9pCQAuFkAnVnf/rFhUlOkhtRpwcq8SUNY2zRHR/EKb/4NWY1JzR4sa3q2fWIJdrrX0DvLoa5g9bIEd4Df79ba7v+yiUBOS0zT2ll+z4g9izHK3EO5d8hL4jYxcjKs+wcslSYRWrascfscLgMlMGh0CdKeNTDjHpGPncaf3Z+FwwwjWeuiNBxv7bJo13/8B/098KlVDl4GZqsoBCEjPyJfV6hO0y/LkRGkk7oHWKgeWAfKtfLItRp00eZ4fcJNK9kCaSMmEugoZWcI7NGbZXzqFWqbpRI7NcDP9+WIQ+i9U5vqWsqd/zng4kbuAJ6UuKqIzB0upYrLShfQE3SAck8oaLhJqqq56VfDuASNpJKidV+zq27HfSBmbXnkR/5AK337dc3MXKJypoK/QPMLKUAP5XLPbs+NddJQV7EZXd29DLgp+fRIg3edpKdO7ZErWhv7d+3Kws+e1Y+ypmR2WIVSwVyBEUfgv2C8Ts9gnTF4pNcEY/S2aBicz5Ew2+jdyGNQQ==
      test@example.com\n"}]}}, "windowsProfile": {"adminUsername": "azureuser1", "adminPassword":
      "p@0A000003"}, "addonProfiles": {}, "enableRBAC": true, "enablePodSecurityPolicy":
      false, "networkProfile": {"networkPlugin": "azure", "outboundType": "loadBalancer",
      "loadBalancerSku": "standard"}, "disableLocalAccounts": false, "storageProfile":
      {}}}'
    headers:
      Accept:
      - application/json
      Accept-Encoding:
      - gzip, deflate
      CommandName:
      - aks create
      Connection:
      - keep-alive
      Content-Length:
      - '1846'
      Content-Type:
      - application/json
      ParameterSetName:
      - --resource-group --name --location --dns-name-prefix --node-count --windows-admin-username
        --windows-admin-password --load-balancer-sku --vm-set-type --network-plugin
        --ssh-key-value
      User-Agent:
      - AZURECLI/2.43.0 azsdk-python-azure-mgmt-containerservice/20.7.0b Python/3.10.8
        (Linux-5.15.0-1023-azure-x86_64-with-glibc2.31) VSTS_7b238909-6802-4b65-b90d-184bca47f458_build_261_0
    method: PUT
    uri: https://management.azure.com/subscriptions/00000000-0000-0000-0000-000000000000/resourceGroups/clitest000001/providers/Microsoft.ContainerService/managedClusters/cliakstest000001?api-version=2022-10-02-preview
  response:
    body:
      string: "{\n  \"id\": \"/subscriptions/00000000-0000-0000-0000-000000000000/resourcegroups/clitest000001/providers/Microsoft.ContainerService/managedClusters/cliakstest000001\",\n
        \ \"location\": \"westus2\",\n  \"name\": \"cliakstest000001\",\n  \"type\":
        \"Microsoft.ContainerService/ManagedClusters\",\n  \"properties\": {\n   \"provisioningState\":
        \"Creating\",\n   \"powerState\": {\n    \"code\": \"Running\"\n   },\n   \"kubernetesVersion\":
        \"1.23.12\",\n   \"currentKubernetesVersion\": \"1.23.12\",\n   \"dnsPrefix\":
        \"cliaksdns000002\",\n   \"fqdn\": \"cliaksdns000002-774d49b4.hcp.westus2.azmk8s.io\",\n
        \  \"azurePortalFQDN\": \"cliaksdns000002-774d49b4.portal.hcp.westus2.azmk8s.io\",\n
        \  \"agentPoolProfiles\": [\n    {\n     \"name\": \"nodepool1\",\n     \"count\":
        1,\n     \"vmSize\": \"Standard_DS2_v2\",\n     \"osDiskSizeGB\": 128,\n     \"osDiskType\":
        \"Managed\",\n     \"kubeletDiskType\": \"OS\",\n     \"workloadRuntime\":
        \"OCIContainer\",\n     \"maxPods\": 30,\n     \"type\": \"VirtualMachineScaleSets\",\n
        \    \"enableAutoScaling\": false,\n     \"provisioningState\": \"Creating\",\n
        \    \"powerState\": {\n      \"code\": \"Running\"\n     },\n     \"orchestratorVersion\":
        \"1.23.12\",\n     \"currentOrchestratorVersion\": \"1.23.12\",\n     \"enableNodePublicIP\":
        false,\n     \"enableCustomCATrust\": false,\n     \"mode\": \"System\",\n
        \    \"enableEncryptionAtHost\": false,\n     \"enableUltraSSD\": false,\n
        \    \"osType\": \"Linux\",\n     \"osSKU\": \"Ubuntu\",\n     \"nodeImageVersion\":
        \"AKSUbuntu-1804gen2containerd-2022.12.06\",\n     \"upgradeSettings\": {},\n
        \    \"enableFIPS\": false,\n     \"networkProfile\": {}\n    }\n   ],\n   \"linuxProfile\":
        {\n    \"adminUsername\": \"azureuser\",\n    \"ssh\": {\n     \"publicKeys\":
        [\n      {\n       \"keyData\": \"ssh-rsa AAAAB3NzaC1yc2EAAAADAQABAAACAQCbIg1guRHbI0lV11wWDt1r2cUdcNd27CJsg+SfgC7miZeubtwUhbsPdhMQsfDyhOWHq1+ZL0M+nJZV63d/1dhmhtgyOqejUwrPlzKhydsbrsdUor+JmNJDdW01v7BXHyuymT8G4s09jCasNOwiufbP/qp72ruu0bIA1nySsvlf9pCQAuFkAnVnf/rFhUlOkhtRpwcq8SUNY2zRHR/EKb/4NWY1JzR4sa3q2fWIJdrrX0DvLoa5g9bIEd4Df79ba7v+yiUBOS0zT2ll+z4g9izHK3EO5d8hL4jYxcjKs+wcslSYRWrascfscLgMlMGh0CdKeNTDjHpGPncaf3Z+FwwwjWeuiNBxv7bJo13/8B/098KlVDl4GZqsoBCEjPyJfV6hO0y/LkRGkk7oHWKgeWAfKtfLItRp00eZ4fcJNK9kCaSMmEugoZWcI7NGbZXzqFWqbpRI7NcDP9+WIQ+i9U5vqWsqd/zng4kbuAJ6UuKqIzB0upYrLShfQE3SAck8oaLhJqqq56VfDuASNpJKidV+zq27HfSBmbXnkR/5AK337dc3MXKJypoK/QPMLKUAP5XLPbs+NddJQV7EZXd29DLgp+fRIg3edpKdO7ZErWhv7d+3Kws+e1Y+ypmR2WIVSwVyBEUfgv2C8Ts9gnTF4pNcEY/S2aBicz5Ew2+jdyGNQQ==
        test@example.com\\n\"\n      }\n     ]\n    }\n   },\n   \"windowsProfile\":
        {\n    \"adminUsername\": \"azureuser1\",\n    \"enableCSIProxy\": true\n
        \  },\n   \"servicePrincipalProfile\": {\n    \"clientId\":\"00000000-0000-0000-0000-000000000001\"\n
        \  },\n   \"nodeResourceGroup\": \"MC_clitest000001_cliakstest000001_westus2\",\n
        \  \"enableRBAC\": true,\n   \"enablePodSecurityPolicy\": false,\n   \"networkProfile\":
        {\n    \"networkPlugin\": \"azure\",\n    \"loadBalancerSku\": \"standard\",\n
        \   \"loadBalancerProfile\": {\n     \"managedOutboundIPs\": {\n      \"count\":
        1\n     },\n     \"backendPoolType\": \"nodeIPConfiguration\"\n    },\n    \"serviceCidr\":
        \"10.0.0.0/16\",\n    \"dnsServiceIP\": \"10.0.0.10\",\n    \"dockerBridgeCidr\":
        \"172.17.0.1/16\",\n    \"outboundType\": \"loadBalancer\",\n    \"serviceCidrs\":
        [\n     \"10.0.0.0/16\"\n    ],\n    \"ipFamilies\": [\n     \"IPv4\"\n    ]\n
        \  },\n   \"maxAgentPools\": 100,\n   \"disableLocalAccounts\": false,\n   \"securityProfile\":
        {},\n   \"storageProfile\": {\n    \"diskCSIDriver\": {\n     \"enabled\":
        true,\n     \"version\": \"v1\"\n    },\n    \"fileCSIDriver\": {\n     \"enabled\":
        true\n    },\n    \"snapshotController\": {\n     \"enabled\": true\n    }\n
        \  },\n   \"oidcIssuerProfile\": {\n    \"enabled\": false\n   },\n   \"workloadAutoScalerProfile\":
        {}\n  },\n  \"identity\": {\n   \"type\": \"SystemAssigned\",\n   \"principalId\":\"00000000-0000-0000-0000-000000000001\",\n
        \  \"tenantId\": \"54826b22-38d6-4fb2-bad9-b7b93a3e9c5a\"\n  },\n  \"sku\":
        {\n   \"name\": \"Basic\",\n   \"tier\": \"Free\"\n  }\n }"
    headers:
      azure-asyncoperation:
      - https://management.azure.com/subscriptions/00000000-0000-0000-0000-000000000000/providers/Microsoft.ContainerService/locations/westus2/operations/f8fbaa27-49d1-4286-922a-4aeb5982fd1a?api-version=2016-03-30
      cache-control:
      - no-cache
      content-length:
      - '3762'
      content-type:
      - application/json
      date:
      - Tue, 20 Dec 2022 18:47:23 GMT
      expires:
      - '-1'
      pragma:
      - no-cache
      server:
      - nginx
      strict-transport-security:
      - max-age=31536000; includeSubDomains
      x-content-type-options:
      - nosniff
      x-ms-ratelimit-remaining-subscription-writes:
      - '1199'
    status:
      code: 201
      message: Created
- request:
    body: null
    headers:
      Accept:
      - '*/*'
      Accept-Encoding:
      - gzip, deflate
      CommandName:
      - aks create
      Connection:
      - keep-alive
      ParameterSetName:
      - --resource-group --name --location --dns-name-prefix --node-count --windows-admin-username
        --windows-admin-password --load-balancer-sku --vm-set-type --network-plugin
        --ssh-key-value
      User-Agent:
      - AZURECLI/2.43.0 azsdk-python-azure-mgmt-containerservice/20.7.0b Python/3.10.8
        (Linux-5.15.0-1023-azure-x86_64-with-glibc2.31) VSTS_7b238909-6802-4b65-b90d-184bca47f458_build_261_0
    method: GET
    uri: https://management.azure.com/subscriptions/00000000-0000-0000-0000-000000000000/providers/Microsoft.ContainerService/locations/westus2/operations/f8fbaa27-49d1-4286-922a-4aeb5982fd1a?api-version=2016-03-30
  response:
    body:
      string: "{\n  \"name\": \"27aafbf8-d149-8642-922a-4aeb5982fd1a\",\n  \"status\":
        \"InProgress\",\n  \"startTime\": \"2022-12-20T18:47:23.2966192Z\"\n }"
    headers:
      cache-control:
      - no-cache
      content-length:
      - '126'
      content-type:
      - application/json
      date:
      - Tue, 20 Dec 2022 18:47:53 GMT
      expires:
      - '-1'
      pragma:
      - no-cache
      server:
      - nginx
      strict-transport-security:
      - max-age=31536000; includeSubDomains
      transfer-encoding:
      - chunked
      vary:
      - Accept-Encoding
      x-content-type-options:
      - nosniff
    status:
      code: 200
      message: OK
- request:
    body: null
    headers:
      Accept:
      - '*/*'
      Accept-Encoding:
      - gzip, deflate
      CommandName:
      - aks create
      Connection:
      - keep-alive
      ParameterSetName:
      - --resource-group --name --location --dns-name-prefix --node-count --windows-admin-username
        --windows-admin-password --load-balancer-sku --vm-set-type --network-plugin
        --ssh-key-value
      User-Agent:
      - AZURECLI/2.43.0 azsdk-python-azure-mgmt-containerservice/20.7.0b Python/3.10.8
        (Linux-5.15.0-1023-azure-x86_64-with-glibc2.31) VSTS_7b238909-6802-4b65-b90d-184bca47f458_build_261_0
    method: GET
    uri: https://management.azure.com/subscriptions/00000000-0000-0000-0000-000000000000/providers/Microsoft.ContainerService/locations/westus2/operations/f8fbaa27-49d1-4286-922a-4aeb5982fd1a?api-version=2016-03-30
  response:
    body:
      string: "{\n  \"name\": \"27aafbf8-d149-8642-922a-4aeb5982fd1a\",\n  \"status\":
        \"InProgress\",\n  \"startTime\": \"2022-12-20T18:47:23.2966192Z\"\n }"
    headers:
      cache-control:
      - no-cache
      content-length:
      - '126'
      content-type:
      - application/json
      date:
      - Tue, 20 Dec 2022 18:48:23 GMT
      expires:
      - '-1'
      pragma:
      - no-cache
      server:
      - nginx
      strict-transport-security:
      - max-age=31536000; includeSubDomains
      transfer-encoding:
      - chunked
      vary:
      - Accept-Encoding
      x-content-type-options:
      - nosniff
    status:
      code: 200
      message: OK
- request:
    body: null
    headers:
      Accept:
      - '*/*'
      Accept-Encoding:
      - gzip, deflate
      CommandName:
      - aks create
      Connection:
      - keep-alive
      ParameterSetName:
      - --resource-group --name --location --dns-name-prefix --node-count --windows-admin-username
        --windows-admin-password --load-balancer-sku --vm-set-type --network-plugin
        --ssh-key-value
      User-Agent:
      - AZURECLI/2.43.0 azsdk-python-azure-mgmt-containerservice/20.7.0b Python/3.10.8
        (Linux-5.15.0-1023-azure-x86_64-with-glibc2.31) VSTS_7b238909-6802-4b65-b90d-184bca47f458_build_261_0
    method: GET
    uri: https://management.azure.com/subscriptions/00000000-0000-0000-0000-000000000000/providers/Microsoft.ContainerService/locations/westus2/operations/f8fbaa27-49d1-4286-922a-4aeb5982fd1a?api-version=2016-03-30
  response:
    body:
      string: "{\n  \"name\": \"27aafbf8-d149-8642-922a-4aeb5982fd1a\",\n  \"status\":
        \"InProgress\",\n  \"startTime\": \"2022-12-20T18:47:23.2966192Z\"\n }"
    headers:
      cache-control:
      - no-cache
      content-length:
      - '126'
      content-type:
      - application/json
      date:
      - Tue, 20 Dec 2022 18:48:53 GMT
      expires:
      - '-1'
      pragma:
      - no-cache
      server:
      - nginx
      strict-transport-security:
      - max-age=31536000; includeSubDomains
      transfer-encoding:
      - chunked
      vary:
      - Accept-Encoding
      x-content-type-options:
      - nosniff
    status:
      code: 200
      message: OK
- request:
    body: null
    headers:
      Accept:
      - '*/*'
      Accept-Encoding:
      - gzip, deflate
      CommandName:
      - aks create
      Connection:
      - keep-alive
      ParameterSetName:
      - --resource-group --name --location --dns-name-prefix --node-count --windows-admin-username
        --windows-admin-password --load-balancer-sku --vm-set-type --network-plugin
        --ssh-key-value
      User-Agent:
      - AZURECLI/2.43.0 azsdk-python-azure-mgmt-containerservice/20.7.0b Python/3.10.8
        (Linux-5.15.0-1023-azure-x86_64-with-glibc2.31) VSTS_7b238909-6802-4b65-b90d-184bca47f458_build_261_0
    method: GET
    uri: https://management.azure.com/subscriptions/00000000-0000-0000-0000-000000000000/providers/Microsoft.ContainerService/locations/westus2/operations/f8fbaa27-49d1-4286-922a-4aeb5982fd1a?api-version=2016-03-30
  response:
    body:
      string: "{\n  \"name\": \"27aafbf8-d149-8642-922a-4aeb5982fd1a\",\n  \"status\":
        \"InProgress\",\n  \"startTime\": \"2022-12-20T18:47:23.2966192Z\"\n }"
    headers:
      cache-control:
      - no-cache
      content-length:
      - '126'
      content-type:
      - application/json
      date:
      - Tue, 20 Dec 2022 18:49:24 GMT
      expires:
      - '-1'
      pragma:
      - no-cache
      server:
      - nginx
      strict-transport-security:
      - max-age=31536000; includeSubDomains
      transfer-encoding:
      - chunked
      vary:
      - Accept-Encoding
      x-content-type-options:
      - nosniff
    status:
      code: 200
      message: OK
- request:
    body: null
    headers:
      Accept:
      - '*/*'
      Accept-Encoding:
      - gzip, deflate
      CommandName:
      - aks create
      Connection:
      - keep-alive
      ParameterSetName:
      - --resource-group --name --location --dns-name-prefix --node-count --windows-admin-username
        --windows-admin-password --load-balancer-sku --vm-set-type --network-plugin
        --ssh-key-value
      User-Agent:
      - AZURECLI/2.43.0 azsdk-python-azure-mgmt-containerservice/20.7.0b Python/3.10.8
        (Linux-5.15.0-1023-azure-x86_64-with-glibc2.31) VSTS_7b238909-6802-4b65-b90d-184bca47f458_build_261_0
    method: GET
    uri: https://management.azure.com/subscriptions/00000000-0000-0000-0000-000000000000/providers/Microsoft.ContainerService/locations/westus2/operations/f8fbaa27-49d1-4286-922a-4aeb5982fd1a?api-version=2016-03-30
  response:
    body:
      string: "{\n  \"name\": \"27aafbf8-d149-8642-922a-4aeb5982fd1a\",\n  \"status\":
        \"InProgress\",\n  \"startTime\": \"2022-12-20T18:47:23.2966192Z\"\n }"
    headers:
      cache-control:
      - no-cache
      content-length:
      - '126'
      content-type:
      - application/json
      date:
      - Tue, 20 Dec 2022 18:49:54 GMT
      expires:
      - '-1'
      pragma:
      - no-cache
      server:
      - nginx
      strict-transport-security:
      - max-age=31536000; includeSubDomains
      transfer-encoding:
      - chunked
      vary:
      - Accept-Encoding
      x-content-type-options:
      - nosniff
    status:
      code: 200
      message: OK
- request:
    body: null
    headers:
      Accept:
      - '*/*'
      Accept-Encoding:
      - gzip, deflate
      CommandName:
      - aks create
      Connection:
      - keep-alive
      ParameterSetName:
      - --resource-group --name --location --dns-name-prefix --node-count --windows-admin-username
        --windows-admin-password --load-balancer-sku --vm-set-type --network-plugin
        --ssh-key-value
      User-Agent:
      - AZURECLI/2.43.0 azsdk-python-azure-mgmt-containerservice/20.7.0b Python/3.10.8
        (Linux-5.15.0-1023-azure-x86_64-with-glibc2.31) VSTS_7b238909-6802-4b65-b90d-184bca47f458_build_261_0
    method: GET
    uri: https://management.azure.com/subscriptions/00000000-0000-0000-0000-000000000000/providers/Microsoft.ContainerService/locations/westus2/operations/f8fbaa27-49d1-4286-922a-4aeb5982fd1a?api-version=2016-03-30
  response:
    body:
      string: "{\n  \"name\": \"27aafbf8-d149-8642-922a-4aeb5982fd1a\",\n  \"status\":
        \"InProgress\",\n  \"startTime\": \"2022-12-20T18:47:23.2966192Z\"\n }"
    headers:
      cache-control:
      - no-cache
      content-length:
      - '126'
      content-type:
      - application/json
      date:
      - Tue, 20 Dec 2022 18:50:24 GMT
      expires:
      - '-1'
      pragma:
      - no-cache
      server:
      - nginx
      strict-transport-security:
      - max-age=31536000; includeSubDomains
      transfer-encoding:
      - chunked
      vary:
      - Accept-Encoding
      x-content-type-options:
      - nosniff
    status:
      code: 200
      message: OK
- request:
    body: null
    headers:
      Accept:
      - '*/*'
      Accept-Encoding:
      - gzip, deflate
      CommandName:
      - aks create
      Connection:
      - keep-alive
      ParameterSetName:
      - --resource-group --name --location --dns-name-prefix --node-count --windows-admin-username
        --windows-admin-password --load-balancer-sku --vm-set-type --network-plugin
        --ssh-key-value
      User-Agent:
      - AZURECLI/2.43.0 azsdk-python-azure-mgmt-containerservice/20.7.0b Python/3.10.8
        (Linux-5.15.0-1023-azure-x86_64-with-glibc2.31) VSTS_7b238909-6802-4b65-b90d-184bca47f458_build_261_0
    method: GET
    uri: https://management.azure.com/subscriptions/00000000-0000-0000-0000-000000000000/providers/Microsoft.ContainerService/locations/westus2/operations/f8fbaa27-49d1-4286-922a-4aeb5982fd1a?api-version=2016-03-30
  response:
    body:
      string: "{\n  \"name\": \"27aafbf8-d149-8642-922a-4aeb5982fd1a\",\n  \"status\":
        \"Succeeded\",\n  \"startTime\": \"2022-12-20T18:47:23.2966192Z\",\n  \"endTime\":
        \"2022-12-20T18:50:42.6045061Z\"\n }"
    headers:
      cache-control:
      - no-cache
      content-length:
      - '170'
      content-type:
      - application/json
      date:
      - Tue, 20 Dec 2022 18:50:54 GMT
      expires:
      - '-1'
      pragma:
      - no-cache
      server:
      - nginx
      strict-transport-security:
      - max-age=31536000; includeSubDomains
      transfer-encoding:
      - chunked
      vary:
      - Accept-Encoding
      x-content-type-options:
      - nosniff
    status:
      code: 200
      message: OK
- request:
    body: null
    headers:
      Accept:
      - '*/*'
      Accept-Encoding:
      - gzip, deflate
      CommandName:
      - aks create
      Connection:
      - keep-alive
      ParameterSetName:
      - --resource-group --name --location --dns-name-prefix --node-count --windows-admin-username
        --windows-admin-password --load-balancer-sku --vm-set-type --network-plugin
        --ssh-key-value
      User-Agent:
      - AZURECLI/2.43.0 azsdk-python-azure-mgmt-containerservice/20.7.0b Python/3.10.8
        (Linux-5.15.0-1023-azure-x86_64-with-glibc2.31) VSTS_7b238909-6802-4b65-b90d-184bca47f458_build_261_0
    method: GET
    uri: https://management.azure.com/subscriptions/00000000-0000-0000-0000-000000000000/resourceGroups/clitest000001/providers/Microsoft.ContainerService/managedClusters/cliakstest000001?api-version=2022-10-02-preview
  response:
    body:
      string: "{\n  \"id\": \"/subscriptions/00000000-0000-0000-0000-000000000000/resourcegroups/clitest000001/providers/Microsoft.ContainerService/managedClusters/cliakstest000001\",\n
        \ \"location\": \"westus2\",\n  \"name\": \"cliakstest000001\",\n  \"type\":
        \"Microsoft.ContainerService/ManagedClusters\",\n  \"properties\": {\n   \"provisioningState\":
        \"Succeeded\",\n   \"powerState\": {\n    \"code\": \"Running\"\n   },\n   \"kubernetesVersion\":
        \"1.23.12\",\n   \"currentKubernetesVersion\": \"1.23.12\",\n   \"dnsPrefix\":
        \"cliaksdns000002\",\n   \"fqdn\": \"cliaksdns000002-774d49b4.hcp.westus2.azmk8s.io\",\n
        \  \"azurePortalFQDN\": \"cliaksdns000002-774d49b4.portal.hcp.westus2.azmk8s.io\",\n
        \  \"agentPoolProfiles\": [\n    {\n     \"name\": \"nodepool1\",\n     \"count\":
        1,\n     \"vmSize\": \"Standard_DS2_v2\",\n     \"osDiskSizeGB\": 128,\n     \"osDiskType\":
        \"Managed\",\n     \"kubeletDiskType\": \"OS\",\n     \"workloadRuntime\":
        \"OCIContainer\",\n     \"maxPods\": 30,\n     \"type\": \"VirtualMachineScaleSets\",\n
        \    \"enableAutoScaling\": false,\n     \"provisioningState\": \"Succeeded\",\n
        \    \"powerState\": {\n      \"code\": \"Running\"\n     },\n     \"orchestratorVersion\":
        \"1.23.12\",\n     \"currentOrchestratorVersion\": \"1.23.12\",\n     \"enableNodePublicIP\":
        false,\n     \"enableCustomCATrust\": false,\n     \"mode\": \"System\",\n
        \    \"enableEncryptionAtHost\": false,\n     \"enableUltraSSD\": false,\n
        \    \"osType\": \"Linux\",\n     \"osSKU\": \"Ubuntu\",\n     \"nodeImageVersion\":
        \"AKSUbuntu-1804gen2containerd-2022.12.06\",\n     \"upgradeSettings\": {},\n
        \    \"enableFIPS\": false,\n     \"networkProfile\": {}\n    }\n   ],\n   \"linuxProfile\":
        {\n    \"adminUsername\": \"azureuser\",\n    \"ssh\": {\n     \"publicKeys\":
        [\n      {\n       \"keyData\": \"ssh-rsa AAAAB3NzaC1yc2EAAAADAQABAAACAQCbIg1guRHbI0lV11wWDt1r2cUdcNd27CJsg+SfgC7miZeubtwUhbsPdhMQsfDyhOWHq1+ZL0M+nJZV63d/1dhmhtgyOqejUwrPlzKhydsbrsdUor+JmNJDdW01v7BXHyuymT8G4s09jCasNOwiufbP/qp72ruu0bIA1nySsvlf9pCQAuFkAnVnf/rFhUlOkhtRpwcq8SUNY2zRHR/EKb/4NWY1JzR4sa3q2fWIJdrrX0DvLoa5g9bIEd4Df79ba7v+yiUBOS0zT2ll+z4g9izHK3EO5d8hL4jYxcjKs+wcslSYRWrascfscLgMlMGh0CdKeNTDjHpGPncaf3Z+FwwwjWeuiNBxv7bJo13/8B/098KlVDl4GZqsoBCEjPyJfV6hO0y/LkRGkk7oHWKgeWAfKtfLItRp00eZ4fcJNK9kCaSMmEugoZWcI7NGbZXzqFWqbpRI7NcDP9+WIQ+i9U5vqWsqd/zng4kbuAJ6UuKqIzB0upYrLShfQE3SAck8oaLhJqqq56VfDuASNpJKidV+zq27HfSBmbXnkR/5AK337dc3MXKJypoK/QPMLKUAP5XLPbs+NddJQV7EZXd29DLgp+fRIg3edpKdO7ZErWhv7d+3Kws+e1Y+ypmR2WIVSwVyBEUfgv2C8Ts9gnTF4pNcEY/S2aBicz5Ew2+jdyGNQQ==
        test@example.com\\n\"\n      }\n     ]\n    }\n   },\n   \"windowsProfile\":
        {\n    \"adminUsername\": \"azureuser1\",\n    \"enableCSIProxy\": true\n
        \  },\n   \"servicePrincipalProfile\": {\n    \"clientId\":\"00000000-0000-0000-0000-000000000001\"\n
        \  },\n   \"nodeResourceGroup\": \"MC_clitest000001_cliakstest000001_westus2\",\n
        \  \"enableRBAC\": true,\n   \"enablePodSecurityPolicy\": false,\n   \"networkProfile\":
        {\n    \"networkPlugin\": \"azure\",\n    \"loadBalancerSku\": \"Standard\",\n
        \   \"loadBalancerProfile\": {\n     \"managedOutboundIPs\": {\n      \"count\":
        1\n     },\n     \"effectiveOutboundIPs\": [\n      {\n       \"id\": \"/subscriptions/00000000-0000-0000-0000-000000000000/resourceGroups/MC_clitest000001_cliakstest000001_westus2/providers/Microsoft.Network/publicIPAddresses/c4679b0f-38a4-4687-8280-28658dda6d76\"\n
        \     }\n     ],\n     \"backendPoolType\": \"nodeIPConfiguration\"\n    },\n
        \   \"serviceCidr\": \"10.0.0.0/16\",\n    \"dnsServiceIP\": \"10.0.0.10\",\n
        \   \"dockerBridgeCidr\": \"172.17.0.1/16\",\n    \"outboundType\": \"loadBalancer\",\n
        \   \"serviceCidrs\": [\n     \"10.0.0.0/16\"\n    ],\n    \"ipFamilies\":
        [\n     \"IPv4\"\n    ]\n   },\n   \"maxAgentPools\": 100,\n   \"identityProfile\":
        {\n    \"kubeletidentity\": {\n     \"resourceId\": \"/subscriptions/00000000-0000-0000-0000-000000000000/resourcegroups/MC_clitest000001_cliakstest000001_westus2/providers/Microsoft.ManagedIdentity/userAssignedIdentities/cliakstest000001-agentpool\",\n
        \    \"clientId\":\"00000000-0000-0000-0000-000000000001\",\n     \"objectId\":\"00000000-0000-0000-0000-000000000001\"\n
        \   }\n   },\n   \"disableLocalAccounts\": false,\n   \"securityProfile\":
        {},\n   \"storageProfile\": {\n    \"diskCSIDriver\": {\n     \"enabled\":
        true,\n     \"version\": \"v1\"\n    },\n    \"fileCSIDriver\": {\n     \"enabled\":
        true\n    },\n    \"snapshotController\": {\n     \"enabled\": true\n    }\n
        \  },\n   \"oidcIssuerProfile\": {\n    \"enabled\": false\n   },\n   \"workloadAutoScalerProfile\":
        {}\n  },\n  \"identity\": {\n   \"type\": \"SystemAssigned\",\n   \"principalId\":\"00000000-0000-0000-0000-000000000001\",\n
        \  \"tenantId\": \"54826b22-38d6-4fb2-bad9-b7b93a3e9c5a\"\n  },\n  \"sku\":
        {\n   \"name\": \"Basic\",\n   \"tier\": \"Free\"\n  }\n }"
    headers:
      cache-control:
      - no-cache
      content-length:
      - '4415'
      content-type:
      - application/json
      date:
      - Tue, 20 Dec 2022 18:50:54 GMT
      expires:
      - '-1'
      pragma:
      - no-cache
      server:
      - nginx
      strict-transport-security:
      - max-age=31536000; includeSubDomains
      transfer-encoding:
      - chunked
      vary:
      - Accept-Encoding
      x-content-type-options:
      - nosniff
    status:
      code: 200
      message: OK
- request:
    body: null
    headers:
      Accept:
      - application/json
      Accept-Encoding:
      - gzip, deflate
      CommandName:
      - aks nodepool add
      Connection:
      - keep-alive
      ParameterSetName:
      - --resource-group --cluster-name --name --os-type --node-count
      User-Agent:
      - AZURECLI/2.43.0 azsdk-python-azure-mgmt-containerservice/20.7.0b Python/3.10.8
        (Linux-5.15.0-1023-azure-x86_64-with-glibc2.31) VSTS_7b238909-6802-4b65-b90d-184bca47f458_build_261_0
    method: GET
    uri: https://management.azure.com/subscriptions/00000000-0000-0000-0000-000000000000/resourceGroups/clitest000001/providers/Microsoft.ContainerService/managedClusters/cliakstest000001/agentPools?api-version=2022-10-02-preview
  response:
    body:
      string: "{\n  \"value\": [\n   {\n    \"id\": \"/subscriptions/00000000-0000-0000-0000-000000000000/resourcegroups/clitest000001/providers/Microsoft.ContainerService/managedClusters/cliakstest000001/agentPools/nodepool1\",\n
        \   \"name\": \"nodepool1\",\n    \"type\": \"Microsoft.ContainerService/managedClusters/agentPools\",\n
        \   \"properties\": {\n     \"count\": 1,\n     \"vmSize\": \"Standard_DS2_v2\",\n
        \    \"osDiskSizeGB\": 128,\n     \"osDiskType\": \"Managed\",\n     \"kubeletDiskType\":
        \"OS\",\n     \"workloadRuntime\": \"OCIContainer\",\n     \"maxPods\": 30,\n
        \    \"type\": \"VirtualMachineScaleSets\",\n     \"enableAutoScaling\": false,\n
        \    \"provisioningState\": \"Succeeded\",\n     \"powerState\": {\n      \"code\":
        \"Running\"\n     },\n     \"orchestratorVersion\": \"1.23.12\",\n     \"currentOrchestratorVersion\":
        \"1.23.12\",\n     \"enableNodePublicIP\": false,\n     \"enableCustomCATrust\":
        false,\n     \"mode\": \"System\",\n     \"enableEncryptionAtHost\": false,\n
        \    \"enableUltraSSD\": false,\n     \"osType\": \"Linux\",\n     \"osSKU\":
        \"Ubuntu\",\n     \"nodeImageVersion\": \"AKSUbuntu-1804gen2containerd-2022.12.06\",\n
        \    \"upgradeSettings\": {},\n     \"enableFIPS\": false,\n     \"networkProfile\":
        {}\n    }\n   }\n  ]\n }"
    headers:
      cache-control:
      - no-cache
      content-length:
      - '1139'
      content-type:
      - application/json
      date:
      - Tue, 20 Dec 2022 18:50:55 GMT
      expires:
      - '-1'
      pragma:
      - no-cache
      server:
      - nginx
      strict-transport-security:
      - max-age=31536000; includeSubDomains
      transfer-encoding:
      - chunked
      vary:
      - Accept-Encoding
      x-content-type-options:
      - nosniff
    status:
      code: 200
      message: OK
- request:
    body: '{"properties": {"count": 1, "vmSize": "Standard_D2s_v3", "osDiskSizeGB":
      0, "workloadRuntime": "OCIContainer", "osType": "Windows", "enableAutoScaling":
      false, "scaleDownMode": "Delete", "type": "VirtualMachineScaleSets", "mode":
      "User", "upgradeSettings": {}, "enableNodePublicIP": false, "enableCustomCATrust":
      false, "scaleSetPriority": "Regular", "scaleSetEvictionPolicy": "Delete", "spotMaxPrice":
      -1.0, "nodeTaints": [], "enableEncryptionAtHost": false, "enableUltraSSD": false,
      "enableFIPS": false, "networkProfile": {}}}'
    headers:
      Accept:
      - application/json
      Accept-Encoding:
      - gzip, deflate
      CommandName:
      - aks nodepool add
      Connection:
      - keep-alive
      Content-Length:
      - '528'
      Content-Type:
      - application/json
      ParameterSetName:
      - --resource-group --cluster-name --name --os-type --node-count
      User-Agent:
      - AZURECLI/2.43.0 azsdk-python-azure-mgmt-containerservice/20.7.0b Python/3.10.8
        (Linux-5.15.0-1023-azure-x86_64-with-glibc2.31) VSTS_7b238909-6802-4b65-b90d-184bca47f458_build_261_0
    method: PUT
    uri: https://management.azure.com/subscriptions/00000000-0000-0000-0000-000000000000/resourceGroups/clitest000001/providers/Microsoft.ContainerService/managedClusters/cliakstest000001/agentPools/npwin?api-version=2022-10-02-preview
  response:
    body:
      string: "{\n  \"id\": \"/subscriptions/00000000-0000-0000-0000-000000000000/resourcegroups/clitest000001/providers/Microsoft.ContainerService/managedClusters/cliakstest000001/agentPools/npwin\",\n
        \ \"name\": \"npwin\",\n  \"type\": \"Microsoft.ContainerService/managedClusters/agentPools\",\n
        \ \"properties\": {\n   \"count\": 1,\n   \"vmSize\": \"Standard_D2s_v3\",\n
        \  \"osDiskSizeGB\": 128,\n   \"osDiskType\": \"Managed\",\n   \"kubeletDiskType\":
        \"OS\",\n   \"workloadRuntime\": \"OCIContainer\",\n   \"maxPods\": 30,\n
        \  \"type\": \"VirtualMachineScaleSets\",\n   \"enableAutoScaling\": false,\n
        \  \"scaleDownMode\": \"Delete\",\n   \"provisioningState\": \"Creating\",\n
        \  \"powerState\": {\n    \"code\": \"Running\"\n   },\n   \"orchestratorVersion\":
        \"1.23.12\",\n   \"currentOrchestratorVersion\": \"1.23.12\",\n   \"enableNodePublicIP\":
        false,\n   \"enableCustomCATrust\": false,\n   \"mode\": \"User\",\n   \"enableEncryptionAtHost\":
        false,\n   \"enableUltraSSD\": false,\n   \"osType\": \"Windows\",\n   \"osSKU\":
        \"Windows2019\",\n   \"nodeImageVersion\": \"AKSWindows-2019-containerd-17763.3770.221214\",\n
        \  \"upgradeSettings\": {},\n   \"enableFIPS\": false,\n   \"networkProfile\":
        {}\n  }\n }"
    headers:
      azure-asyncoperation:
      - https://management.azure.com/subscriptions/00000000-0000-0000-0000-000000000000/providers/Microsoft.ContainerService/locations/westus2/operations/e2d9e086-6f97-4b29-9bb9-c71af15e11cc?api-version=2016-03-30
      cache-control:
      - no-cache
      content-length:
      - '1081'
      content-type:
      - application/json
      date:
      - Tue, 20 Dec 2022 18:51:04 GMT
      expires:
      - '-1'
      pragma:
      - no-cache
      server:
      - nginx
      strict-transport-security:
      - max-age=31536000; includeSubDomains
      x-content-type-options:
      - nosniff
      x-ms-ratelimit-remaining-subscription-writes:
      - '1199'
    status:
      code: 201
      message: Created
- request:
    body: null
    headers:
      Accept:
      - '*/*'
      Accept-Encoding:
      - gzip, deflate
      CommandName:
      - aks nodepool add
      Connection:
      - keep-alive
      ParameterSetName:
      - --resource-group --cluster-name --name --os-type --node-count
      User-Agent:
      - AZURECLI/2.43.0 azsdk-python-azure-mgmt-containerservice/20.7.0b Python/3.10.8
        (Linux-5.15.0-1023-azure-x86_64-with-glibc2.31) VSTS_7b238909-6802-4b65-b90d-184bca47f458_build_261_0
    method: GET
    uri: https://management.azure.com/subscriptions/00000000-0000-0000-0000-000000000000/providers/Microsoft.ContainerService/locations/westus2/operations/e2d9e086-6f97-4b29-9bb9-c71af15e11cc?api-version=2016-03-30
  response:
    body:
      string: "{\n  \"name\": \"86e0d9e2-976f-294b-9bb9-c71af15e11cc\",\n  \"status\":
        \"InProgress\",\n  \"startTime\": \"2022-12-20T18:51:00.5296202Z\"\n }"
    headers:
      cache-control:
      - no-cache
      content-length:
      - '126'
      content-type:
      - application/json
      date:
      - Tue, 20 Dec 2022 18:51:34 GMT
      expires:
      - '-1'
      pragma:
      - no-cache
      server:
      - nginx
      strict-transport-security:
      - max-age=31536000; includeSubDomains
      transfer-encoding:
      - chunked
      vary:
      - Accept-Encoding
      x-content-type-options:
      - nosniff
    status:
      code: 200
      message: OK
- request:
    body: null
    headers:
      Accept:
      - '*/*'
      Accept-Encoding:
      - gzip, deflate
      CommandName:
      - aks nodepool add
      Connection:
      - keep-alive
      ParameterSetName:
      - --resource-group --cluster-name --name --os-type --node-count
      User-Agent:
      - AZURECLI/2.43.0 azsdk-python-azure-mgmt-containerservice/20.7.0b Python/3.10.8
        (Linux-5.15.0-1023-azure-x86_64-with-glibc2.31) VSTS_7b238909-6802-4b65-b90d-184bca47f458_build_261_0
    method: GET
    uri: https://management.azure.com/subscriptions/00000000-0000-0000-0000-000000000000/providers/Microsoft.ContainerService/locations/westus2/operations/e2d9e086-6f97-4b29-9bb9-c71af15e11cc?api-version=2016-03-30
  response:
    body:
      string: "{\n  \"name\": \"86e0d9e2-976f-294b-9bb9-c71af15e11cc\",\n  \"status\":
        \"InProgress\",\n  \"startTime\": \"2022-12-20T18:51:00.5296202Z\"\n }"
    headers:
      cache-control:
      - no-cache
      content-length:
      - '126'
      content-type:
      - application/json
      date:
      - Tue, 20 Dec 2022 18:52:04 GMT
      expires:
      - '-1'
      pragma:
      - no-cache
      server:
      - nginx
      strict-transport-security:
      - max-age=31536000; includeSubDomains
      transfer-encoding:
      - chunked
      vary:
      - Accept-Encoding
      x-content-type-options:
      - nosniff
    status:
      code: 200
      message: OK
- request:
    body: null
    headers:
      Accept:
      - '*/*'
      Accept-Encoding:
      - gzip, deflate
      CommandName:
      - aks nodepool add
      Connection:
      - keep-alive
      ParameterSetName:
      - --resource-group --cluster-name --name --os-type --node-count
      User-Agent:
      - AZURECLI/2.43.0 azsdk-python-azure-mgmt-containerservice/20.7.0b Python/3.10.8
        (Linux-5.15.0-1023-azure-x86_64-with-glibc2.31) VSTS_7b238909-6802-4b65-b90d-184bca47f458_build_261_0
    method: GET
    uri: https://management.azure.com/subscriptions/00000000-0000-0000-0000-000000000000/providers/Microsoft.ContainerService/locations/westus2/operations/e2d9e086-6f97-4b29-9bb9-c71af15e11cc?api-version=2016-03-30
  response:
    body:
      string: "{\n  \"name\": \"86e0d9e2-976f-294b-9bb9-c71af15e11cc\",\n  \"status\":
        \"InProgress\",\n  \"startTime\": \"2022-12-20T18:51:00.5296202Z\"\n }"
    headers:
      cache-control:
      - no-cache
      content-length:
      - '126'
      content-type:
      - application/json
      date:
      - Tue, 20 Dec 2022 18:52:34 GMT
      expires:
      - '-1'
      pragma:
      - no-cache
      server:
      - nginx
      strict-transport-security:
      - max-age=31536000; includeSubDomains
      transfer-encoding:
      - chunked
      vary:
      - Accept-Encoding
      x-content-type-options:
      - nosniff
    status:
      code: 200
      message: OK
- request:
    body: null
    headers:
      Accept:
      - '*/*'
      Accept-Encoding:
      - gzip, deflate
      CommandName:
      - aks nodepool add
      Connection:
      - keep-alive
      ParameterSetName:
      - --resource-group --cluster-name --name --os-type --node-count
      User-Agent:
      - AZURECLI/2.43.0 azsdk-python-azure-mgmt-containerservice/20.7.0b Python/3.10.8
        (Linux-5.15.0-1023-azure-x86_64-with-glibc2.31) VSTS_7b238909-6802-4b65-b90d-184bca47f458_build_261_0
    method: GET
    uri: https://management.azure.com/subscriptions/00000000-0000-0000-0000-000000000000/providers/Microsoft.ContainerService/locations/westus2/operations/e2d9e086-6f97-4b29-9bb9-c71af15e11cc?api-version=2016-03-30
  response:
    body:
      string: "{\n  \"name\": \"86e0d9e2-976f-294b-9bb9-c71af15e11cc\",\n  \"status\":
        \"InProgress\",\n  \"startTime\": \"2022-12-20T18:51:00.5296202Z\"\n }"
    headers:
      cache-control:
      - no-cache
      content-length:
      - '126'
      content-type:
      - application/json
      date:
      - Tue, 20 Dec 2022 18:53:04 GMT
      expires:
      - '-1'
      pragma:
      - no-cache
      server:
      - nginx
      strict-transport-security:
      - max-age=31536000; includeSubDomains
      transfer-encoding:
      - chunked
      vary:
      - Accept-Encoding
      x-content-type-options:
      - nosniff
    status:
      code: 200
      message: OK
- request:
    body: null
    headers:
      Accept:
      - '*/*'
      Accept-Encoding:
      - gzip, deflate
      CommandName:
      - aks nodepool add
      Connection:
      - keep-alive
      ParameterSetName:
      - --resource-group --cluster-name --name --os-type --node-count
      User-Agent:
      - AZURECLI/2.43.0 azsdk-python-azure-mgmt-containerservice/20.7.0b Python/3.10.8
        (Linux-5.15.0-1023-azure-x86_64-with-glibc2.31) VSTS_7b238909-6802-4b65-b90d-184bca47f458_build_261_0
    method: GET
    uri: https://management.azure.com/subscriptions/00000000-0000-0000-0000-000000000000/providers/Microsoft.ContainerService/locations/westus2/operations/e2d9e086-6f97-4b29-9bb9-c71af15e11cc?api-version=2016-03-30
  response:
    body:
      string: "{\n  \"name\": \"86e0d9e2-976f-294b-9bb9-c71af15e11cc\",\n  \"status\":
        \"InProgress\",\n  \"startTime\": \"2022-12-20T18:51:00.5296202Z\"\n }"
    headers:
      cache-control:
      - no-cache
      content-length:
      - '126'
      content-type:
      - application/json
      date:
      - Tue, 20 Dec 2022 18:53:34 GMT
      expires:
      - '-1'
      pragma:
      - no-cache
      server:
      - nginx
      strict-transport-security:
      - max-age=31536000; includeSubDomains
      transfer-encoding:
      - chunked
      vary:
      - Accept-Encoding
      x-content-type-options:
      - nosniff
    status:
      code: 200
      message: OK
- request:
    body: null
    headers:
      Accept:
      - '*/*'
      Accept-Encoding:
      - gzip, deflate
      CommandName:
      - aks nodepool add
      Connection:
      - keep-alive
      ParameterSetName:
      - --resource-group --cluster-name --name --os-type --node-count
      User-Agent:
      - AZURECLI/2.43.0 azsdk-python-azure-mgmt-containerservice/20.7.0b Python/3.10.8
        (Linux-5.15.0-1023-azure-x86_64-with-glibc2.31) VSTS_7b238909-6802-4b65-b90d-184bca47f458_build_261_0
    method: GET
    uri: https://management.azure.com/subscriptions/00000000-0000-0000-0000-000000000000/providers/Microsoft.ContainerService/locations/westus2/operations/e2d9e086-6f97-4b29-9bb9-c71af15e11cc?api-version=2016-03-30
  response:
    body:
      string: "{\n  \"name\": \"86e0d9e2-976f-294b-9bb9-c71af15e11cc\",\n  \"status\":
        \"InProgress\",\n  \"startTime\": \"2022-12-20T18:51:00.5296202Z\"\n }"
    headers:
      cache-control:
      - no-cache
      content-length:
      - '126'
      content-type:
      - application/json
      date:
      - Tue, 20 Dec 2022 18:54:04 GMT
      expires:
      - '-1'
      pragma:
      - no-cache
      server:
      - nginx
      strict-transport-security:
      - max-age=31536000; includeSubDomains
      transfer-encoding:
      - chunked
      vary:
      - Accept-Encoding
      x-content-type-options:
      - nosniff
    status:
      code: 200
      message: OK
- request:
    body: null
    headers:
      Accept:
      - '*/*'
      Accept-Encoding:
      - gzip, deflate
      CommandName:
      - aks nodepool add
      Connection:
      - keep-alive
      ParameterSetName:
      - --resource-group --cluster-name --name --os-type --node-count
      User-Agent:
      - AZURECLI/2.43.0 azsdk-python-azure-mgmt-containerservice/20.7.0b Python/3.10.8
        (Linux-5.15.0-1023-azure-x86_64-with-glibc2.31) VSTS_7b238909-6802-4b65-b90d-184bca47f458_build_261_0
    method: GET
    uri: https://management.azure.com/subscriptions/00000000-0000-0000-0000-000000000000/providers/Microsoft.ContainerService/locations/westus2/operations/e2d9e086-6f97-4b29-9bb9-c71af15e11cc?api-version=2016-03-30
  response:
    body:
      string: "{\n  \"name\": \"86e0d9e2-976f-294b-9bb9-c71af15e11cc\",\n  \"status\":
        \"InProgress\",\n  \"startTime\": \"2022-12-20T18:51:00.5296202Z\"\n }"
    headers:
      cache-control:
      - no-cache
      content-length:
      - '126'
      content-type:
      - application/json
      date:
      - Tue, 20 Dec 2022 18:54:34 GMT
      expires:
      - '-1'
      pragma:
      - no-cache
      server:
      - nginx
      strict-transport-security:
      - max-age=31536000; includeSubDomains
      transfer-encoding:
      - chunked
      vary:
      - Accept-Encoding
      x-content-type-options:
      - nosniff
    status:
      code: 200
      message: OK
- request:
    body: null
    headers:
      Accept:
      - '*/*'
      Accept-Encoding:
      - gzip, deflate
      CommandName:
      - aks nodepool add
      Connection:
      - keep-alive
      ParameterSetName:
      - --resource-group --cluster-name --name --os-type --node-count
      User-Agent:
      - AZURECLI/2.43.0 azsdk-python-azure-mgmt-containerservice/20.7.0b Python/3.10.8
        (Linux-5.15.0-1023-azure-x86_64-with-glibc2.31) VSTS_7b238909-6802-4b65-b90d-184bca47f458_build_261_0
    method: GET
    uri: https://management.azure.com/subscriptions/00000000-0000-0000-0000-000000000000/providers/Microsoft.ContainerService/locations/westus2/operations/e2d9e086-6f97-4b29-9bb9-c71af15e11cc?api-version=2016-03-30
  response:
    body:
      string: "{\n  \"name\": \"86e0d9e2-976f-294b-9bb9-c71af15e11cc\",\n  \"status\":
        \"InProgress\",\n  \"startTime\": \"2022-12-20T18:51:00.5296202Z\"\n }"
    headers:
      cache-control:
      - no-cache
      content-length:
      - '126'
      content-type:
      - application/json
      date:
      - Tue, 20 Dec 2022 18:55:05 GMT
      expires:
      - '-1'
      pragma:
      - no-cache
      server:
      - nginx
      strict-transport-security:
      - max-age=31536000; includeSubDomains
      transfer-encoding:
      - chunked
      vary:
      - Accept-Encoding
      x-content-type-options:
      - nosniff
    status:
      code: 200
      message: OK
- request:
    body: null
    headers:
      Accept:
      - '*/*'
      Accept-Encoding:
      - gzip, deflate
      CommandName:
      - aks nodepool add
      Connection:
      - keep-alive
      ParameterSetName:
      - --resource-group --cluster-name --name --os-type --node-count
      User-Agent:
      - AZURECLI/2.43.0 azsdk-python-azure-mgmt-containerservice/20.7.0b Python/3.10.8
        (Linux-5.15.0-1023-azure-x86_64-with-glibc2.31) VSTS_7b238909-6802-4b65-b90d-184bca47f458_build_261_0
    method: GET
    uri: https://management.azure.com/subscriptions/00000000-0000-0000-0000-000000000000/providers/Microsoft.ContainerService/locations/westus2/operations/e2d9e086-6f97-4b29-9bb9-c71af15e11cc?api-version=2016-03-30
  response:
    body:
      string: "{\n  \"name\": \"86e0d9e2-976f-294b-9bb9-c71af15e11cc\",\n  \"status\":
        \"Succeeded\",\n  \"startTime\": \"2022-12-20T18:51:00.5296202Z\",\n  \"endTime\":
        \"2022-12-20T18:55:07.0812762Z\"\n }"
    headers:
      cache-control:
      - no-cache
      content-length:
      - '170'
      content-type:
      - application/json
      date:
      - Tue, 20 Dec 2022 18:55:35 GMT
      expires:
      - '-1'
      pragma:
      - no-cache
      server:
      - nginx
      strict-transport-security:
      - max-age=31536000; includeSubDomains
      transfer-encoding:
      - chunked
      vary:
      - Accept-Encoding
      x-content-type-options:
      - nosniff
    status:
      code: 200
      message: OK
- request:
    body: null
    headers:
      Accept:
      - '*/*'
      Accept-Encoding:
      - gzip, deflate
      CommandName:
      - aks nodepool add
      Connection:
      - keep-alive
      ParameterSetName:
      - --resource-group --cluster-name --name --os-type --node-count
      User-Agent:
      - AZURECLI/2.43.0 azsdk-python-azure-mgmt-containerservice/20.7.0b Python/3.10.8
        (Linux-5.15.0-1023-azure-x86_64-with-glibc2.31) VSTS_7b238909-6802-4b65-b90d-184bca47f458_build_261_0
    method: GET
    uri: https://management.azure.com/subscriptions/00000000-0000-0000-0000-000000000000/resourceGroups/clitest000001/providers/Microsoft.ContainerService/managedClusters/cliakstest000001/agentPools/npwin?api-version=2022-10-02-preview
  response:
    body:
      string: "{\n  \"id\": \"/subscriptions/00000000-0000-0000-0000-000000000000/resourcegroups/clitest000001/providers/Microsoft.ContainerService/managedClusters/cliakstest000001/agentPools/npwin\",\n
        \ \"name\": \"npwin\",\n  \"type\": \"Microsoft.ContainerService/managedClusters/agentPools\",\n
        \ \"properties\": {\n   \"count\": 1,\n   \"vmSize\": \"Standard_D2s_v3\",\n
        \  \"osDiskSizeGB\": 128,\n   \"osDiskType\": \"Managed\",\n   \"kubeletDiskType\":
        \"OS\",\n   \"workloadRuntime\": \"OCIContainer\",\n   \"maxPods\": 30,\n
        \  \"type\": \"VirtualMachineScaleSets\",\n   \"enableAutoScaling\": false,\n
        \  \"scaleDownMode\": \"Delete\",\n   \"provisioningState\": \"Succeeded\",\n
        \  \"powerState\": {\n    \"code\": \"Running\"\n   },\n   \"orchestratorVersion\":
        \"1.23.12\",\n   \"currentOrchestratorVersion\": \"1.23.12\",\n   \"enableNodePublicIP\":
        false,\n   \"enableCustomCATrust\": false,\n   \"mode\": \"User\",\n   \"enableEncryptionAtHost\":
        false,\n   \"enableUltraSSD\": false,\n   \"osType\": \"Windows\",\n   \"osSKU\":
        \"Windows2019\",\n   \"nodeImageVersion\": \"AKSWindows-2019-containerd-17763.3770.221214\",\n
        \  \"upgradeSettings\": {},\n   \"enableFIPS\": false,\n   \"networkProfile\":
        {}\n  }\n }"
    headers:
      cache-control:
      - no-cache
      content-length:
      - '1082'
      content-type:
      - application/json
      date:
      - Tue, 20 Dec 2022 18:55:36 GMT
      expires:
      - '-1'
      pragma:
      - no-cache
      server:
      - nginx
      strict-transport-security:
      - max-age=31536000; includeSubDomains
      transfer-encoding:
      - chunked
      vary:
      - Accept-Encoding
      x-content-type-options:
      - nosniff
    status:
      code: 200
      message: OK
- request:
    body: null
    headers:
      Accept:
      - application/json
      Accept-Encoding:
      - gzip, deflate
      CommandName:
      - aks update
      Connection:
      - keep-alive
      ParameterSetName:
      - --resource-group --name --windows-admin-password
      User-Agent:
      - AZURECLI/2.43.0 azsdk-python-azure-mgmt-containerservice/20.7.0b Python/3.10.8
        (Linux-5.15.0-1023-azure-x86_64-with-glibc2.31) VSTS_7b238909-6802-4b65-b90d-184bca47f458_build_261_0
    method: GET
    uri: https://management.azure.com/subscriptions/00000000-0000-0000-0000-000000000000/resourceGroups/clitest000001/providers/Microsoft.ContainerService/managedClusters/cliakstest000001?api-version=2022-10-02-preview
  response:
    body:
      string: "{\n  \"id\": \"/subscriptions/00000000-0000-0000-0000-000000000000/resourcegroups/clitest000001/providers/Microsoft.ContainerService/managedClusters/cliakstest000001\",\n
        \ \"location\": \"westus2\",\n  \"name\": \"cliakstest000001\",\n  \"type\":
        \"Microsoft.ContainerService/ManagedClusters\",\n  \"properties\": {\n   \"provisioningState\":
        \"Succeeded\",\n   \"powerState\": {\n    \"code\": \"Running\"\n   },\n   \"kubernetesVersion\":
        \"1.23.12\",\n   \"currentKubernetesVersion\": \"1.23.12\",\n   \"dnsPrefix\":
        \"cliaksdns000002\",\n   \"fqdn\": \"cliaksdns000002-774d49b4.hcp.westus2.azmk8s.io\",\n
        \  \"azurePortalFQDN\": \"cliaksdns000002-774d49b4.portal.hcp.westus2.azmk8s.io\",\n
        \  \"agentPoolProfiles\": [\n    {\n     \"name\": \"nodepool1\",\n     \"count\":
        1,\n     \"vmSize\": \"Standard_DS2_v2\",\n     \"osDiskSizeGB\": 128,\n     \"osDiskType\":
        \"Managed\",\n     \"kubeletDiskType\": \"OS\",\n     \"workloadRuntime\":
        \"OCIContainer\",\n     \"maxPods\": 30,\n     \"type\": \"VirtualMachineScaleSets\",\n
        \    \"enableAutoScaling\": false,\n     \"provisioningState\": \"Succeeded\",\n
        \    \"powerState\": {\n      \"code\": \"Running\"\n     },\n     \"orchestratorVersion\":
        \"1.23.12\",\n     \"currentOrchestratorVersion\": \"1.23.12\",\n     \"enableNodePublicIP\":
        false,\n     \"enableCustomCATrust\": false,\n     \"mode\": \"System\",\n
        \    \"enableEncryptionAtHost\": false,\n     \"enableUltraSSD\": false,\n
        \    \"osType\": \"Linux\",\n     \"osSKU\": \"Ubuntu\",\n     \"nodeImageVersion\":
        \"AKSUbuntu-1804gen2containerd-2022.12.06\",\n     \"upgradeSettings\": {},\n
        \    \"enableFIPS\": false,\n     \"networkProfile\": {}\n    },\n    {\n
        \    \"name\": \"npwin\",\n     \"count\": 1,\n     \"vmSize\": \"Standard_D2s_v3\",\n
        \    \"osDiskSizeGB\": 128,\n     \"osDiskType\": \"Managed\",\n     \"kubeletDiskType\":
        \"OS\",\n     \"workloadRuntime\": \"OCIContainer\",\n     \"maxPods\": 30,\n
        \    \"type\": \"VirtualMachineScaleSets\",\n     \"enableAutoScaling\": false,\n
        \    \"scaleDownMode\": \"Delete\",\n     \"provisioningState\": \"Succeeded\",\n
        \    \"powerState\": {\n      \"code\": \"Running\"\n     },\n     \"orchestratorVersion\":
        \"1.23.12\",\n     \"currentOrchestratorVersion\": \"1.23.12\",\n     \"enableNodePublicIP\":
        false,\n     \"enableCustomCATrust\": false,\n     \"mode\": \"User\",\n     \"enableEncryptionAtHost\":
        false,\n     \"enableUltraSSD\": false,\n     \"osType\": \"Windows\",\n     \"osSKU\":
        \"Windows2019\",\n     \"nodeImageVersion\": \"AKSWindows-2019-containerd-17763.3770.221214\",\n
        \    \"upgradeSettings\": {},\n     \"enableFIPS\": false,\n     \"networkProfile\":
        {}\n    }\n   ],\n   \"linuxProfile\": {\n    \"adminUsername\": \"azureuser\",\n
        \   \"ssh\": {\n     \"publicKeys\": [\n      {\n       \"keyData\": \"ssh-rsa
        AAAAB3NzaC1yc2EAAAADAQABAAACAQCbIg1guRHbI0lV11wWDt1r2cUdcNd27CJsg+SfgC7miZeubtwUhbsPdhMQsfDyhOWHq1+ZL0M+nJZV63d/1dhmhtgyOqejUwrPlzKhydsbrsdUor+JmNJDdW01v7BXHyuymT8G4s09jCasNOwiufbP/qp72ruu0bIA1nySsvlf9pCQAuFkAnVnf/rFhUlOkhtRpwcq8SUNY2zRHR/EKb/4NWY1JzR4sa3q2fWIJdrrX0DvLoa5g9bIEd4Df79ba7v+yiUBOS0zT2ll+z4g9izHK3EO5d8hL4jYxcjKs+wcslSYRWrascfscLgMlMGh0CdKeNTDjHpGPncaf3Z+FwwwjWeuiNBxv7bJo13/8B/098KlVDl4GZqsoBCEjPyJfV6hO0y/LkRGkk7oHWKgeWAfKtfLItRp00eZ4fcJNK9kCaSMmEugoZWcI7NGbZXzqFWqbpRI7NcDP9+WIQ+i9U5vqWsqd/zng4kbuAJ6UuKqIzB0upYrLShfQE3SAck8oaLhJqqq56VfDuASNpJKidV+zq27HfSBmbXnkR/5AK337dc3MXKJypoK/QPMLKUAP5XLPbs+NddJQV7EZXd29DLgp+fRIg3edpKdO7ZErWhv7d+3Kws+e1Y+ypmR2WIVSwVyBEUfgv2C8Ts9gnTF4pNcEY/S2aBicz5Ew2+jdyGNQQ==
        test@example.com\\n\"\n      }\n     ]\n    }\n   },\n   \"windowsProfile\":
        {\n    \"adminUsername\": \"azureuser1\",\n    \"enableCSIProxy\": true\n
        \  },\n   \"servicePrincipalProfile\": {\n    \"clientId\":\"00000000-0000-0000-0000-000000000001\"\n
        \  },\n   \"nodeResourceGroup\": \"MC_clitest000001_cliakstest000001_westus2\",\n
        \  \"enableRBAC\": true,\n   \"enablePodSecurityPolicy\": false,\n   \"networkProfile\":
        {\n    \"networkPlugin\": \"azure\",\n    \"loadBalancerSku\": \"Standard\",\n
        \   \"loadBalancerProfile\": {\n     \"managedOutboundIPs\": {\n      \"count\":
        1\n     },\n     \"effectiveOutboundIPs\": [\n      {\n       \"id\": \"/subscriptions/00000000-0000-0000-0000-000000000000/resourceGroups/MC_clitest000001_cliakstest000001_westus2/providers/Microsoft.Network/publicIPAddresses/c4679b0f-38a4-4687-8280-28658dda6d76\"\n
        \     }\n     ],\n     \"backendPoolType\": \"nodeIPConfiguration\"\n    },\n
        \   \"serviceCidr\": \"10.0.0.0/16\",\n    \"dnsServiceIP\": \"10.0.0.10\",\n
        \   \"dockerBridgeCidr\": \"172.17.0.1/16\",\n    \"outboundType\": \"loadBalancer\",\n
        \   \"serviceCidrs\": [\n     \"10.0.0.0/16\"\n    ],\n    \"ipFamilies\":
        [\n     \"IPv4\"\n    ]\n   },\n   \"maxAgentPools\": 100,\n   \"identityProfile\":
        {\n    \"kubeletidentity\": {\n     \"resourceId\": \"/subscriptions/00000000-0000-0000-0000-000000000000/resourcegroups/MC_clitest000001_cliakstest000001_westus2/providers/Microsoft.ManagedIdentity/userAssignedIdentities/cliakstest000001-agentpool\",\n
        \    \"clientId\":\"00000000-0000-0000-0000-000000000001\",\n     \"objectId\":\"00000000-0000-0000-0000-000000000001\"\n
        \   }\n   },\n   \"disableLocalAccounts\": false,\n   \"securityProfile\":
        {},\n   \"storageProfile\": {\n    \"diskCSIDriver\": {\n     \"enabled\":
        true,\n     \"version\": \"v1\"\n    },\n    \"fileCSIDriver\": {\n     \"enabled\":
        true\n    },\n    \"snapshotController\": {\n     \"enabled\": true\n    }\n
        \  },\n   \"oidcIssuerProfile\": {\n    \"enabled\": false\n   },\n   \"workloadAutoScalerProfile\":
        {}\n  },\n  \"identity\": {\n   \"type\": \"SystemAssigned\",\n   \"principalId\":\"00000000-0000-0000-0000-000000000001\",\n
        \  \"tenantId\": \"54826b22-38d6-4fb2-bad9-b7b93a3e9c5a\"\n  },\n  \"sku\":
        {\n   \"name\": \"Basic\",\n   \"tier\": \"Free\"\n  }\n }"
    headers:
      cache-control:
      - no-cache
      content-length:
      - '5295'
      content-type:
      - application/json
      date:
      - Tue, 20 Dec 2022 18:55:37 GMT
      expires:
      - '-1'
      pragma:
      - no-cache
      server:
      - nginx
      strict-transport-security:
      - max-age=31536000; includeSubDomains
      transfer-encoding:
      - chunked
      vary:
      - Accept-Encoding
      x-content-type-options:
      - nosniff
    status:
      code: 200
      message: OK
- request:
    body: '{"location": "westus2", "sku": {"name": "Basic", "tier": "Free"}, "identity":
      {"type": "SystemAssigned"}, "properties": {"kubernetesVersion": "1.23.12", "dnsPrefix":
      "cliaksdns000002", "agentPoolProfiles": [{"count": 1, "vmSize": "Standard_DS2_v2",
      "osDiskSizeGB": 128, "osDiskType": "Managed", "kubeletDiskType": "OS", "workloadRuntime":
      "OCIContainer", "maxPods": 30, "osType": "Linux", "osSKU": "Ubuntu", "enableAutoScaling":
      false, "type": "VirtualMachineScaleSets", "mode": "System", "orchestratorVersion":
      "1.23.12", "upgradeSettings": {}, "powerState": {"code": "Running"}, "enableNodePublicIP":
      false, "enableCustomCATrust": false, "enableEncryptionAtHost": false, "enableUltraSSD":
      false, "enableFIPS": false, "networkProfile": {}, "name": "nodepool1"}, {"count":
      1, "vmSize": "Standard_D2s_v3", "osDiskSizeGB": 128, "osDiskType": "Managed",
      "kubeletDiskType": "OS", "workloadRuntime": "OCIContainer", "maxPods": 30, "osType":
      "Windows", "osSKU": "Windows2019", "enableAutoScaling": false, "scaleDownMode":
      "Delete", "type": "VirtualMachineScaleSets", "mode": "User", "orchestratorVersion":
      "1.23.12", "upgradeSettings": {}, "powerState": {"code": "Running"}, "enableNodePublicIP":
      false, "enableCustomCATrust": false, "enableEncryptionAtHost": false, "enableUltraSSD":
      false, "enableFIPS": false, "networkProfile": {}, "name": "npwin"}], "linuxProfile":
      {"adminUsername": "azureuser", "ssh": {"publicKeys": [{"keyData": "ssh-rsa AAAAB3NzaC1yc2EAAAADAQABAAACAQCbIg1guRHbI0lV11wWDt1r2cUdcNd27CJsg+SfgC7miZeubtwUhbsPdhMQsfDyhOWHq1+ZL0M+nJZV63d/1dhmhtgyOqejUwrPlzKhydsbrsdUor+JmNJDdW01v7BXHyuymT8G4s09jCasNOwiufbP/qp72ruu0bIA1nySsvlf9pCQAuFkAnVnf/rFhUlOkhtRpwcq8SUNY2zRHR/EKb/4NWY1JzR4sa3q2fWIJdrrX0DvLoa5g9bIEd4Df79ba7v+yiUBOS0zT2ll+z4g9izHK3EO5d8hL4jYxcjKs+wcslSYRWrascfscLgMlMGh0CdKeNTDjHpGPncaf3Z+FwwwjWeuiNBxv7bJo13/8B/098KlVDl4GZqsoBCEjPyJfV6hO0y/LkRGkk7oHWKgeWAfKtfLItRp00eZ4fcJNK9kCaSMmEugoZWcI7NGbZXzqFWqbpRI7NcDP9+WIQ+i9U5vqWsqd/zng4kbuAJ6UuKqIzB0upYrLShfQE3SAck8oaLhJqqq56VfDuASNpJKidV+zq27HfSBmbXnkR/5AK337dc3MXKJypoK/QPMLKUAP5XLPbs+NddJQV7EZXd29DLgp+fRIg3edpKdO7ZErWhv7d+3Kws+e1Y+ypmR2WIVSwVyBEUfgv2C8Ts9gnTF4pNcEY/S2aBicz5Ew2+jdyGNQQ==
      test@example.com\n"}]}}, "windowsProfile": {"adminUsername": "azureuser1", "adminPassword":
      "n!C3000004", "enableCSIProxy": true}, "servicePrincipalProfile": {"clientId":"00000000-0000-0000-0000-000000000001"},
      "oidcIssuerProfile": {"enabled": false}, "nodeResourceGroup": "MC_clitest000001_cliakstest000001_westus2",
      "enableRBAC": true, "enablePodSecurityPolicy": false, "networkProfile": {"networkPlugin":
      "azure", "serviceCidr": "10.0.0.0/16", "dnsServiceIP": "10.0.0.10", "dockerBridgeCidr":
      "172.17.0.1/16", "outboundType": "loadBalancer", "loadBalancerSku": "Standard",
      "loadBalancerProfile": {"managedOutboundIPs": {"count": 1, "countIPv6": 0},
      "effectiveOutboundIPs": [{"id": "/subscriptions/00000000-0000-0000-0000-000000000000/resourceGroups/MC_clitest000001_cliakstest000001_westus2/providers/Microsoft.Network/publicIPAddresses/c4679b0f-38a4-4687-8280-28658dda6d76"}],
      "backendPoolType": "nodeIPConfiguration"}, "serviceCidrs": ["10.0.0.0/16"],
      "ipFamilies": ["IPv4"]}, "identityProfile": {"kubeletidentity": {"resourceId":
      "/subscriptions/00000000-0000-0000-0000-000000000000/resourcegroups/MC_clitest000001_cliakstest000001_westus2/providers/Microsoft.ManagedIdentity/userAssignedIdentities/cliakstest000001-agentpool",
      "clientId":"00000000-0000-0000-0000-000000000001", "objectId":"00000000-0000-0000-0000-000000000001"}},
      "disableLocalAccounts": false, "securityProfile": {}, "storageProfile": {},
      "workloadAutoScalerProfile": {}}}'
    headers:
      Accept:
      - application/json
      Accept-Encoding:
      - gzip, deflate
      CommandName:
      - aks update
      Connection:
      - keep-alive
      Content-Length:
      - '3603'
      Content-Type:
      - application/json
      ParameterSetName:
      - --resource-group --name --windows-admin-password
      User-Agent:
      - AZURECLI/2.43.0 azsdk-python-azure-mgmt-containerservice/20.7.0b Python/3.10.8
        (Linux-5.15.0-1023-azure-x86_64-with-glibc2.31) VSTS_7b238909-6802-4b65-b90d-184bca47f458_build_261_0
    method: PUT
    uri: https://management.azure.com/subscriptions/00000000-0000-0000-0000-000000000000/resourceGroups/clitest000001/providers/Microsoft.ContainerService/managedClusters/cliakstest000001?api-version=2022-10-02-preview
  response:
    body:
      string: "{\n  \"id\": \"/subscriptions/00000000-0000-0000-0000-000000000000/resourcegroups/clitest000001/providers/Microsoft.ContainerService/managedClusters/cliakstest000001\",\n
        \ \"location\": \"westus2\",\n  \"name\": \"cliakstest000001\",\n  \"type\":
        \"Microsoft.ContainerService/ManagedClusters\",\n  \"properties\": {\n   \"provisioningState\":
        \"Updating\",\n   \"powerState\": {\n    \"code\": \"Running\"\n   },\n   \"kubernetesVersion\":
        \"1.23.12\",\n   \"currentKubernetesVersion\": \"1.23.12\",\n   \"dnsPrefix\":
        \"cliaksdns000002\",\n   \"fqdn\": \"cliaksdns000002-774d49b4.hcp.westus2.azmk8s.io\",\n
        \  \"azurePortalFQDN\": \"cliaksdns000002-774d49b4.portal.hcp.westus2.azmk8s.io\",\n
        \  \"agentPoolProfiles\": [\n    {\n     \"name\": \"nodepool1\",\n     \"count\":
        1,\n     \"vmSize\": \"Standard_DS2_v2\",\n     \"osDiskSizeGB\": 128,\n     \"osDiskType\":
        \"Managed\",\n     \"kubeletDiskType\": \"OS\",\n     \"workloadRuntime\":
        \"OCIContainer\",\n     \"maxPods\": 30,\n     \"type\": \"VirtualMachineScaleSets\",\n
        \    \"enableAutoScaling\": false,\n     \"provisioningState\": \"Updating\",\n
        \    \"powerState\": {\n      \"code\": \"Running\"\n     },\n     \"orchestratorVersion\":
        \"1.23.12\",\n     \"currentOrchestratorVersion\": \"1.23.12\",\n     \"enableNodePublicIP\":
        false,\n     \"enableCustomCATrust\": false,\n     \"mode\": \"System\",\n
        \    \"enableEncryptionAtHost\": false,\n     \"enableUltraSSD\": false,\n
        \    \"osType\": \"Linux\",\n     \"osSKU\": \"Ubuntu\",\n     \"nodeImageVersion\":
        \"AKSUbuntu-1804gen2containerd-2022.12.06\",\n     \"upgradeSettings\": {},\n
        \    \"enableFIPS\": false,\n     \"networkProfile\": {}\n    },\n    {\n
        \    \"name\": \"npwin\",\n     \"count\": 1,\n     \"vmSize\": \"Standard_D2s_v3\",\n
        \    \"osDiskSizeGB\": 128,\n     \"osDiskType\": \"Managed\",\n     \"kubeletDiskType\":
        \"OS\",\n     \"workloadRuntime\": \"OCIContainer\",\n     \"maxPods\": 30,\n
        \    \"type\": \"VirtualMachineScaleSets\",\n     \"enableAutoScaling\": false,\n
        \    \"scaleDownMode\": \"Delete\",\n     \"provisioningState\": \"Updating\",\n
        \    \"powerState\": {\n      \"code\": \"Running\"\n     },\n     \"orchestratorVersion\":
        \"1.23.12\",\n     \"currentOrchestratorVersion\": \"1.23.12\",\n     \"enableNodePublicIP\":
        false,\n     \"enableCustomCATrust\": false,\n     \"mode\": \"User\",\n     \"enableEncryptionAtHost\":
        false,\n     \"enableUltraSSD\": false,\n     \"osType\": \"Windows\",\n     \"osSKU\":
        \"Windows2019\",\n     \"nodeImageVersion\": \"AKSWindows-2019-containerd-17763.3770.221214\",\n
        \    \"upgradeSettings\": {},\n     \"enableFIPS\": false,\n     \"networkProfile\":
        {}\n    }\n   ],\n   \"linuxProfile\": {\n    \"adminUsername\": \"azureuser\",\n
        \   \"ssh\": {\n     \"publicKeys\": [\n      {\n       \"keyData\": \"ssh-rsa
        AAAAB3NzaC1yc2EAAAADAQABAAACAQCbIg1guRHbI0lV11wWDt1r2cUdcNd27CJsg+SfgC7miZeubtwUhbsPdhMQsfDyhOWHq1+ZL0M+nJZV63d/1dhmhtgyOqejUwrPlzKhydsbrsdUor+JmNJDdW01v7BXHyuymT8G4s09jCasNOwiufbP/qp72ruu0bIA1nySsvlf9pCQAuFkAnVnf/rFhUlOkhtRpwcq8SUNY2zRHR/EKb/4NWY1JzR4sa3q2fWIJdrrX0DvLoa5g9bIEd4Df79ba7v+yiUBOS0zT2ll+z4g9izHK3EO5d8hL4jYxcjKs+wcslSYRWrascfscLgMlMGh0CdKeNTDjHpGPncaf3Z+FwwwjWeuiNBxv7bJo13/8B/098KlVDl4GZqsoBCEjPyJfV6hO0y/LkRGkk7oHWKgeWAfKtfLItRp00eZ4fcJNK9kCaSMmEugoZWcI7NGbZXzqFWqbpRI7NcDP9+WIQ+i9U5vqWsqd/zng4kbuAJ6UuKqIzB0upYrLShfQE3SAck8oaLhJqqq56VfDuASNpJKidV+zq27HfSBmbXnkR/5AK337dc3MXKJypoK/QPMLKUAP5XLPbs+NddJQV7EZXd29DLgp+fRIg3edpKdO7ZErWhv7d+3Kws+e1Y+ypmR2WIVSwVyBEUfgv2C8Ts9gnTF4pNcEY/S2aBicz5Ew2+jdyGNQQ==
        test@example.com\\n\"\n      }\n     ]\n    }\n   },\n   \"windowsProfile\":
        {\n    \"adminUsername\": \"azureuser1\",\n    \"enableCSIProxy\": true\n
        \  },\n   \"servicePrincipalProfile\": {\n    \"clientId\":\"00000000-0000-0000-0000-000000000001\"\n
        \  },\n   \"nodeResourceGroup\": \"MC_clitest000001_cliakstest000001_westus2\",\n
        \  \"enableRBAC\": true,\n   \"enablePodSecurityPolicy\": false,\n   \"networkProfile\":
        {\n    \"networkPlugin\": \"azure\",\n    \"loadBalancerSku\": \"Standard\",\n
        \   \"loadBalancerProfile\": {\n     \"managedOutboundIPs\": {\n      \"count\":
        1\n     },\n     \"effectiveOutboundIPs\": [\n      {\n       \"id\": \"/subscriptions/00000000-0000-0000-0000-000000000000/resourceGroups/MC_clitest000001_cliakstest000001_westus2/providers/Microsoft.Network/publicIPAddresses/c4679b0f-38a4-4687-8280-28658dda6d76\"\n
        \     }\n     ],\n     \"backendPoolType\": \"nodeIPConfiguration\"\n    },\n
        \   \"serviceCidr\": \"10.0.0.0/16\",\n    \"dnsServiceIP\": \"10.0.0.10\",\n
        \   \"dockerBridgeCidr\": \"172.17.0.1/16\",\n    \"outboundType\": \"loadBalancer\",\n
        \   \"serviceCidrs\": [\n     \"10.0.0.0/16\"\n    ],\n    \"ipFamilies\":
        [\n     \"IPv4\"\n    ]\n   },\n   \"maxAgentPools\": 100,\n   \"identityProfile\":
        {\n    \"kubeletidentity\": {\n     \"resourceId\": \"/subscriptions/00000000-0000-0000-0000-000000000000/resourcegroups/MC_clitest000001_cliakstest000001_westus2/providers/Microsoft.ManagedIdentity/userAssignedIdentities/cliakstest000001-agentpool\",\n
        \    \"clientId\":\"00000000-0000-0000-0000-000000000001\",\n     \"objectId\":\"00000000-0000-0000-0000-000000000001\"\n
        \   }\n   },\n   \"disableLocalAccounts\": false,\n   \"securityProfile\":
        {},\n   \"storageProfile\": {\n    \"diskCSIDriver\": {\n     \"enabled\":
        true,\n     \"version\": \"v1\"\n    },\n    \"fileCSIDriver\": {\n     \"enabled\":
        true\n    },\n    \"snapshotController\": {\n     \"enabled\": true\n    }\n
        \  },\n   \"oidcIssuerProfile\": {\n    \"enabled\": false\n   },\n   \"workloadAutoScalerProfile\":
        {}\n  },\n  \"identity\": {\n   \"type\": \"SystemAssigned\",\n   \"principalId\":\"00000000-0000-0000-0000-000000000001\",\n
        \  \"tenantId\": \"54826b22-38d6-4fb2-bad9-b7b93a3e9c5a\"\n  },\n  \"sku\":
        {\n   \"name\": \"Basic\",\n   \"tier\": \"Free\"\n  }\n }"
    headers:
      azure-asyncoperation:
      - https://management.azure.com/subscriptions/00000000-0000-0000-0000-000000000000/providers/Microsoft.ContainerService/locations/westus2/operations/ef063d57-2f50-4eb6-ab9f-bdd4e1c562cf?api-version=2016-03-30
      cache-control:
      - no-cache
      content-length:
      - '5292'
      content-type:
      - application/json
      date:
      - Tue, 20 Dec 2022 18:55:41 GMT
      expires:
      - '-1'
      pragma:
      - no-cache
      server:
      - nginx
      strict-transport-security:
      - max-age=31536000; includeSubDomains
      transfer-encoding:
      - chunked
      vary:
      - Accept-Encoding
      x-content-type-options:
      - nosniff
      x-ms-ratelimit-remaining-subscription-writes:
      - '1199'
    status:
      code: 200
      message: OK
- request:
    body: null
    headers:
      Accept:
      - '*/*'
      Accept-Encoding:
      - gzip, deflate
      CommandName:
      - aks update
      Connection:
      - keep-alive
      ParameterSetName:
      - --resource-group --name --windows-admin-password
      User-Agent:
      - AZURECLI/2.43.0 azsdk-python-azure-mgmt-containerservice/20.7.0b Python/3.10.8
        (Linux-5.15.0-1023-azure-x86_64-with-glibc2.31) VSTS_7b238909-6802-4b65-b90d-184bca47f458_build_261_0
    method: GET
    uri: https://management.azure.com/subscriptions/00000000-0000-0000-0000-000000000000/providers/Microsoft.ContainerService/locations/westus2/operations/ef063d57-2f50-4eb6-ab9f-bdd4e1c562cf?api-version=2016-03-30
  response:
    body:
      string: "{\n  \"name\": \"573d06ef-502f-b64e-ab9f-bdd4e1c562cf\",\n  \"status\":
        \"InProgress\",\n  \"startTime\": \"2022-12-20T18:55:41.3138577Z\"\n }"
    headers:
      cache-control:
      - no-cache
      content-length:
      - '126'
      content-type:
      - application/json
      date:
      - Tue, 20 Dec 2022 18:56:11 GMT
      expires:
      - '-1'
      pragma:
      - no-cache
      server:
      - nginx
      strict-transport-security:
      - max-age=31536000; includeSubDomains
      transfer-encoding:
      - chunked
      vary:
      - Accept-Encoding
      x-content-type-options:
      - nosniff
    status:
      code: 200
      message: OK
- request:
    body: null
    headers:
      Accept:
      - '*/*'
      Accept-Encoding:
      - gzip, deflate
      CommandName:
      - aks update
      Connection:
      - keep-alive
      ParameterSetName:
      - --resource-group --name --windows-admin-password
      User-Agent:
      - AZURECLI/2.43.0 azsdk-python-azure-mgmt-containerservice/20.7.0b Python/3.10.8
        (Linux-5.15.0-1023-azure-x86_64-with-glibc2.31) VSTS_7b238909-6802-4b65-b90d-184bca47f458_build_261_0
    method: GET
    uri: https://management.azure.com/subscriptions/00000000-0000-0000-0000-000000000000/providers/Microsoft.ContainerService/locations/westus2/operations/ef063d57-2f50-4eb6-ab9f-bdd4e1c562cf?api-version=2016-03-30
  response:
    body:
      string: "{\n  \"name\": \"573d06ef-502f-b64e-ab9f-bdd4e1c562cf\",\n  \"status\":
        \"InProgress\",\n  \"startTime\": \"2022-12-20T18:55:41.3138577Z\"\n }"
    headers:
      cache-control:
      - no-cache
      content-length:
      - '126'
      content-type:
      - application/json
      date:
      - Tue, 20 Dec 2022 18:56:41 GMT
      expires:
      - '-1'
      pragma:
      - no-cache
      server:
      - nginx
      strict-transport-security:
      - max-age=31536000; includeSubDomains
      transfer-encoding:
      - chunked
      vary:
      - Accept-Encoding
      x-content-type-options:
      - nosniff
    status:
      code: 200
      message: OK
- request:
    body: null
    headers:
      Accept:
      - '*/*'
      Accept-Encoding:
      - gzip, deflate
      CommandName:
      - aks update
      Connection:
      - keep-alive
      ParameterSetName:
      - --resource-group --name --windows-admin-password
      User-Agent:
      - AZURECLI/2.43.0 azsdk-python-azure-mgmt-containerservice/20.7.0b Python/3.10.8
        (Linux-5.15.0-1023-azure-x86_64-with-glibc2.31) VSTS_7b238909-6802-4b65-b90d-184bca47f458_build_261_0
    method: GET
    uri: https://management.azure.com/subscriptions/00000000-0000-0000-0000-000000000000/providers/Microsoft.ContainerService/locations/westus2/operations/ef063d57-2f50-4eb6-ab9f-bdd4e1c562cf?api-version=2016-03-30
  response:
    body:
      string: "{\n  \"name\": \"573d06ef-502f-b64e-ab9f-bdd4e1c562cf\",\n  \"status\":
        \"InProgress\",\n  \"startTime\": \"2022-12-20T18:55:41.3138577Z\"\n }"
    headers:
      cache-control:
      - no-cache
      content-length:
      - '126'
      content-type:
      - application/json
      date:
      - Tue, 20 Dec 2022 18:57:12 GMT
      expires:
      - '-1'
      pragma:
      - no-cache
      server:
      - nginx
      strict-transport-security:
      - max-age=31536000; includeSubDomains
      transfer-encoding:
      - chunked
      vary:
      - Accept-Encoding
      x-content-type-options:
      - nosniff
    status:
      code: 200
      message: OK
- request:
    body: null
    headers:
      Accept:
      - '*/*'
      Accept-Encoding:
      - gzip, deflate
      CommandName:
      - aks update
      Connection:
      - keep-alive
      ParameterSetName:
      - --resource-group --name --windows-admin-password
      User-Agent:
      - AZURECLI/2.43.0 azsdk-python-azure-mgmt-containerservice/20.7.0b Python/3.10.8
        (Linux-5.15.0-1023-azure-x86_64-with-glibc2.31) VSTS_7b238909-6802-4b65-b90d-184bca47f458_build_261_0
    method: GET
    uri: https://management.azure.com/subscriptions/00000000-0000-0000-0000-000000000000/providers/Microsoft.ContainerService/locations/westus2/operations/ef063d57-2f50-4eb6-ab9f-bdd4e1c562cf?api-version=2016-03-30
  response:
    body:
      string: "{\n  \"name\": \"573d06ef-502f-b64e-ab9f-bdd4e1c562cf\",\n  \"status\":
        \"InProgress\",\n  \"startTime\": \"2022-12-20T18:55:41.3138577Z\"\n }"
    headers:
      cache-control:
      - no-cache
      content-length:
      - '126'
      content-type:
      - application/json
      date:
      - Tue, 20 Dec 2022 18:57:42 GMT
      expires:
      - '-1'
      pragma:
      - no-cache
      server:
      - nginx
      strict-transport-security:
      - max-age=31536000; includeSubDomains
      transfer-encoding:
      - chunked
      vary:
      - Accept-Encoding
      x-content-type-options:
      - nosniff
    status:
      code: 200
      message: OK
- request:
    body: null
    headers:
      Accept:
      - '*/*'
      Accept-Encoding:
      - gzip, deflate
      CommandName:
      - aks update
      Connection:
      - keep-alive
      ParameterSetName:
      - --resource-group --name --windows-admin-password
      User-Agent:
      - AZURECLI/2.43.0 azsdk-python-azure-mgmt-containerservice/20.7.0b Python/3.10.8
        (Linux-5.15.0-1023-azure-x86_64-with-glibc2.31) VSTS_7b238909-6802-4b65-b90d-184bca47f458_build_261_0
    method: GET
    uri: https://management.azure.com/subscriptions/00000000-0000-0000-0000-000000000000/providers/Microsoft.ContainerService/locations/westus2/operations/ef063d57-2f50-4eb6-ab9f-bdd4e1c562cf?api-version=2016-03-30
  response:
    body:
      string: "{\n  \"name\": \"573d06ef-502f-b64e-ab9f-bdd4e1c562cf\",\n  \"status\":
        \"InProgress\",\n  \"startTime\": \"2022-12-20T18:55:41.3138577Z\"\n }"
    headers:
      cache-control:
      - no-cache
      content-length:
      - '126'
      content-type:
      - application/json
      date:
      - Tue, 20 Dec 2022 18:58:12 GMT
      expires:
      - '-1'
      pragma:
      - no-cache
      server:
      - nginx
      strict-transport-security:
      - max-age=31536000; includeSubDomains
      transfer-encoding:
      - chunked
      vary:
      - Accept-Encoding
      x-content-type-options:
      - nosniff
    status:
      code: 200
      message: OK
- request:
    body: null
    headers:
      Accept:
      - '*/*'
      Accept-Encoding:
      - gzip, deflate
      CommandName:
      - aks update
      Connection:
      - keep-alive
      ParameterSetName:
      - --resource-group --name --windows-admin-password
      User-Agent:
      - AZURECLI/2.43.0 azsdk-python-azure-mgmt-containerservice/20.7.0b Python/3.10.8
        (Linux-5.15.0-1023-azure-x86_64-with-glibc2.31) VSTS_7b238909-6802-4b65-b90d-184bca47f458_build_261_0
    method: GET
    uri: https://management.azure.com/subscriptions/00000000-0000-0000-0000-000000000000/providers/Microsoft.ContainerService/locations/westus2/operations/ef063d57-2f50-4eb6-ab9f-bdd4e1c562cf?api-version=2016-03-30
  response:
    body:
      string: "{\n  \"name\": \"573d06ef-502f-b64e-ab9f-bdd4e1c562cf\",\n  \"status\":
        \"InProgress\",\n  \"startTime\": \"2022-12-20T18:55:41.3138577Z\"\n }"
    headers:
      cache-control:
      - no-cache
      content-length:
      - '126'
      content-type:
      - application/json
      date:
      - Tue, 20 Dec 2022 18:58:42 GMT
      expires:
      - '-1'
      pragma:
      - no-cache
      server:
      - nginx
      strict-transport-security:
      - max-age=31536000; includeSubDomains
      transfer-encoding:
      - chunked
      vary:
      - Accept-Encoding
      x-content-type-options:
      - nosniff
    status:
      code: 200
      message: OK
- request:
    body: null
    headers:
      Accept:
      - '*/*'
      Accept-Encoding:
      - gzip, deflate
      CommandName:
      - aks update
      Connection:
      - keep-alive
      ParameterSetName:
      - --resource-group --name --windows-admin-password
      User-Agent:
      - AZURECLI/2.43.0 azsdk-python-azure-mgmt-containerservice/20.7.0b Python/3.10.8
        (Linux-5.15.0-1023-azure-x86_64-with-glibc2.31) VSTS_7b238909-6802-4b65-b90d-184bca47f458_build_261_0
    method: GET
    uri: https://management.azure.com/subscriptions/00000000-0000-0000-0000-000000000000/providers/Microsoft.ContainerService/locations/westus2/operations/ef063d57-2f50-4eb6-ab9f-bdd4e1c562cf?api-version=2016-03-30
  response:
    body:
      string: "{\n  \"name\": \"573d06ef-502f-b64e-ab9f-bdd4e1c562cf\",\n  \"status\":
        \"InProgress\",\n  \"startTime\": \"2022-12-20T18:55:41.3138577Z\"\n }"
    headers:
      cache-control:
      - no-cache
      content-length:
      - '126'
      content-type:
      - application/json
      date:
      - Tue, 20 Dec 2022 18:59:13 GMT
      expires:
      - '-1'
      pragma:
      - no-cache
      server:
      - nginx
      strict-transport-security:
      - max-age=31536000; includeSubDomains
      transfer-encoding:
      - chunked
      vary:
      - Accept-Encoding
      x-content-type-options:
      - nosniff
    status:
      code: 200
      message: OK
- request:
    body: null
    headers:
      Accept:
      - '*/*'
      Accept-Encoding:
      - gzip, deflate
      CommandName:
      - aks update
      Connection:
      - keep-alive
      ParameterSetName:
      - --resource-group --name --windows-admin-password
      User-Agent:
      - AZURECLI/2.43.0 azsdk-python-azure-mgmt-containerservice/20.7.0b Python/3.10.8
        (Linux-5.15.0-1023-azure-x86_64-with-glibc2.31) VSTS_7b238909-6802-4b65-b90d-184bca47f458_build_261_0
    method: GET
    uri: https://management.azure.com/subscriptions/00000000-0000-0000-0000-000000000000/providers/Microsoft.ContainerService/locations/westus2/operations/ef063d57-2f50-4eb6-ab9f-bdd4e1c562cf?api-version=2016-03-30
  response:
    body:
      string: "{\n  \"name\": \"573d06ef-502f-b64e-ab9f-bdd4e1c562cf\",\n  \"status\":
        \"InProgress\",\n  \"startTime\": \"2022-12-20T18:55:41.3138577Z\"\n }"
    headers:
      cache-control:
      - no-cache
      content-length:
      - '126'
      content-type:
      - application/json
      date:
      - Tue, 20 Dec 2022 18:59:43 GMT
      expires:
      - '-1'
      pragma:
      - no-cache
      server:
      - nginx
      strict-transport-security:
      - max-age=31536000; includeSubDomains
      transfer-encoding:
      - chunked
      vary:
      - Accept-Encoding
      x-content-type-options:
      - nosniff
    status:
      code: 200
      message: OK
- request:
    body: null
    headers:
      Accept:
      - '*/*'
      Accept-Encoding:
      - gzip, deflate
      CommandName:
      - aks update
      Connection:
      - keep-alive
      ParameterSetName:
      - --resource-group --name --windows-admin-password
      User-Agent:
      - AZURECLI/2.43.0 azsdk-python-azure-mgmt-containerservice/20.7.0b Python/3.10.8
        (Linux-5.15.0-1023-azure-x86_64-with-glibc2.31) VSTS_7b238909-6802-4b65-b90d-184bca47f458_build_261_0
    method: GET
    uri: https://management.azure.com/subscriptions/00000000-0000-0000-0000-000000000000/providers/Microsoft.ContainerService/locations/westus2/operations/ef063d57-2f50-4eb6-ab9f-bdd4e1c562cf?api-version=2016-03-30
  response:
    body:
      string: "{\n  \"name\": \"573d06ef-502f-b64e-ab9f-bdd4e1c562cf\",\n  \"status\":
        \"InProgress\",\n  \"startTime\": \"2022-12-20T18:55:41.3138577Z\"\n }"
    headers:
      cache-control:
      - no-cache
      content-length:
      - '126'
      content-type:
      - application/json
      date:
      - Tue, 20 Dec 2022 19:00:13 GMT
      expires:
      - '-1'
      pragma:
      - no-cache
      server:
      - nginx
      strict-transport-security:
      - max-age=31536000; includeSubDomains
      transfer-encoding:
      - chunked
      vary:
      - Accept-Encoding
      x-content-type-options:
      - nosniff
    status:
      code: 200
      message: OK
- request:
    body: null
    headers:
      Accept:
      - '*/*'
      Accept-Encoding:
      - gzip, deflate
      CommandName:
      - aks update
      Connection:
      - keep-alive
      ParameterSetName:
      - --resource-group --name --windows-admin-password
      User-Agent:
      - AZURECLI/2.43.0 azsdk-python-azure-mgmt-containerservice/20.7.0b Python/3.10.8
        (Linux-5.15.0-1023-azure-x86_64-with-glibc2.31) VSTS_7b238909-6802-4b65-b90d-184bca47f458_build_261_0
    method: GET
    uri: https://management.azure.com/subscriptions/00000000-0000-0000-0000-000000000000/providers/Microsoft.ContainerService/locations/westus2/operations/ef063d57-2f50-4eb6-ab9f-bdd4e1c562cf?api-version=2016-03-30
  response:
    body:
      string: "{\n  \"name\": \"573d06ef-502f-b64e-ab9f-bdd4e1c562cf\",\n  \"status\":
        \"InProgress\",\n  \"startTime\": \"2022-12-20T18:55:41.3138577Z\"\n }"
    headers:
      cache-control:
      - no-cache
      content-length:
      - '126'
      content-type:
      - application/json
      date:
      - Tue, 20 Dec 2022 19:00:43 GMT
      expires:
      - '-1'
      pragma:
      - no-cache
      server:
      - nginx
      strict-transport-security:
      - max-age=31536000; includeSubDomains
      transfer-encoding:
      - chunked
      vary:
      - Accept-Encoding
      x-content-type-options:
      - nosniff
    status:
      code: 200
      message: OK
- request:
    body: null
    headers:
      Accept:
      - '*/*'
      Accept-Encoding:
      - gzip, deflate
      CommandName:
      - aks update
      Connection:
      - keep-alive
      ParameterSetName:
      - --resource-group --name --windows-admin-password
      User-Agent:
      - AZURECLI/2.43.0 azsdk-python-azure-mgmt-containerservice/20.7.0b Python/3.10.8
        (Linux-5.15.0-1023-azure-x86_64-with-glibc2.31) VSTS_7b238909-6802-4b65-b90d-184bca47f458_build_261_0
    method: GET
    uri: https://management.azure.com/subscriptions/00000000-0000-0000-0000-000000000000/providers/Microsoft.ContainerService/locations/westus2/operations/ef063d57-2f50-4eb6-ab9f-bdd4e1c562cf?api-version=2016-03-30
  response:
    body:
      string: "{\n  \"name\": \"573d06ef-502f-b64e-ab9f-bdd4e1c562cf\",\n  \"status\":
        \"InProgress\",\n  \"startTime\": \"2022-12-20T18:55:41.3138577Z\"\n }"
    headers:
      cache-control:
      - no-cache
      content-length:
      - '126'
      content-type:
      - application/json
      date:
      - Tue, 20 Dec 2022 19:01:14 GMT
      expires:
      - '-1'
      pragma:
      - no-cache
      server:
      - nginx
      strict-transport-security:
      - max-age=31536000; includeSubDomains
      transfer-encoding:
      - chunked
      vary:
      - Accept-Encoding
      x-content-type-options:
      - nosniff
    status:
      code: 200
      message: OK
- request:
    body: null
    headers:
      Accept:
      - '*/*'
      Accept-Encoding:
      - gzip, deflate
      CommandName:
      - aks update
      Connection:
      - keep-alive
      ParameterSetName:
      - --resource-group --name --windows-admin-password
      User-Agent:
      - AZURECLI/2.43.0 azsdk-python-azure-mgmt-containerservice/20.7.0b Python/3.10.8
        (Linux-5.15.0-1023-azure-x86_64-with-glibc2.31) VSTS_7b238909-6802-4b65-b90d-184bca47f458_build_261_0
    method: GET
    uri: https://management.azure.com/subscriptions/00000000-0000-0000-0000-000000000000/providers/Microsoft.ContainerService/locations/westus2/operations/ef063d57-2f50-4eb6-ab9f-bdd4e1c562cf?api-version=2016-03-30
  response:
    body:
      string: "{\n  \"name\": \"573d06ef-502f-b64e-ab9f-bdd4e1c562cf\",\n  \"status\":
        \"InProgress\",\n  \"startTime\": \"2022-12-20T18:55:41.3138577Z\"\n }"
    headers:
      cache-control:
      - no-cache
      content-length:
      - '126'
      content-type:
      - application/json
      date:
      - Tue, 20 Dec 2022 19:01:43 GMT
      expires:
      - '-1'
      pragma:
      - no-cache
      server:
      - nginx
      strict-transport-security:
      - max-age=31536000; includeSubDomains
      transfer-encoding:
      - chunked
      vary:
      - Accept-Encoding
      x-content-type-options:
      - nosniff
    status:
      code: 200
      message: OK
- request:
    body: null
    headers:
      Accept:
      - '*/*'
      Accept-Encoding:
      - gzip, deflate
      CommandName:
      - aks update
      Connection:
      - keep-alive
      ParameterSetName:
      - --resource-group --name --windows-admin-password
      User-Agent:
      - AZURECLI/2.43.0 azsdk-python-azure-mgmt-containerservice/20.7.0b Python/3.10.8
        (Linux-5.15.0-1023-azure-x86_64-with-glibc2.31) VSTS_7b238909-6802-4b65-b90d-184bca47f458_build_261_0
    method: GET
    uri: https://management.azure.com/subscriptions/00000000-0000-0000-0000-000000000000/providers/Microsoft.ContainerService/locations/westus2/operations/ef063d57-2f50-4eb6-ab9f-bdd4e1c562cf?api-version=2016-03-30
  response:
    body:
      string: "{\n  \"name\": \"573d06ef-502f-b64e-ab9f-bdd4e1c562cf\",\n  \"status\":
        \"InProgress\",\n  \"startTime\": \"2022-12-20T18:55:41.3138577Z\"\n }"
    headers:
      cache-control:
      - no-cache
      content-length:
      - '126'
      content-type:
      - application/json
      date:
      - Tue, 20 Dec 2022 19:02:13 GMT
      expires:
      - '-1'
      pragma:
      - no-cache
      server:
      - nginx
      strict-transport-security:
      - max-age=31536000; includeSubDomains
      transfer-encoding:
      - chunked
      vary:
      - Accept-Encoding
      x-content-type-options:
      - nosniff
    status:
      code: 200
      message: OK
- request:
    body: null
    headers:
      Accept:
      - '*/*'
      Accept-Encoding:
      - gzip, deflate
      CommandName:
      - aks update
      Connection:
      - keep-alive
      ParameterSetName:
      - --resource-group --name --windows-admin-password
      User-Agent:
      - AZURECLI/2.43.0 azsdk-python-azure-mgmt-containerservice/20.7.0b Python/3.10.8
        (Linux-5.15.0-1023-azure-x86_64-with-glibc2.31) VSTS_7b238909-6802-4b65-b90d-184bca47f458_build_261_0
    method: GET
    uri: https://management.azure.com/subscriptions/00000000-0000-0000-0000-000000000000/providers/Microsoft.ContainerService/locations/westus2/operations/ef063d57-2f50-4eb6-ab9f-bdd4e1c562cf?api-version=2016-03-30
  response:
    body:
      string: "{\n  \"name\": \"573d06ef-502f-b64e-ab9f-bdd4e1c562cf\",\n  \"status\":
        \"InProgress\",\n  \"startTime\": \"2022-12-20T18:55:41.3138577Z\"\n }"
    headers:
      cache-control:
      - no-cache
      content-length:
      - '126'
      content-type:
      - application/json
      date:
      - Tue, 20 Dec 2022 19:02:43 GMT
      expires:
      - '-1'
      pragma:
      - no-cache
      server:
      - nginx
      strict-transport-security:
      - max-age=31536000; includeSubDomains
      transfer-encoding:
      - chunked
      vary:
      - Accept-Encoding
      x-content-type-options:
      - nosniff
    status:
      code: 200
      message: OK
- request:
    body: null
    headers:
      Accept:
      - '*/*'
      Accept-Encoding:
      - gzip, deflate
      CommandName:
      - aks update
      Connection:
      - keep-alive
      ParameterSetName:
      - --resource-group --name --windows-admin-password
      User-Agent:
      - AZURECLI/2.43.0 azsdk-python-azure-mgmt-containerservice/20.7.0b Python/3.10.8
        (Linux-5.15.0-1023-azure-x86_64-with-glibc2.31) VSTS_7b238909-6802-4b65-b90d-184bca47f458_build_261_0
    method: GET
    uri: https://management.azure.com/subscriptions/00000000-0000-0000-0000-000000000000/providers/Microsoft.ContainerService/locations/westus2/operations/ef063d57-2f50-4eb6-ab9f-bdd4e1c562cf?api-version=2016-03-30
  response:
    body:
      string: "{\n  \"name\": \"573d06ef-502f-b64e-ab9f-bdd4e1c562cf\",\n  \"status\":
        \"InProgress\",\n  \"startTime\": \"2022-12-20T18:55:41.3138577Z\"\n }"
    headers:
      cache-control:
      - no-cache
      content-length:
      - '126'
      content-type:
      - application/json
      date:
      - Tue, 20 Dec 2022 19:03:14 GMT
      expires:
      - '-1'
      pragma:
      - no-cache
      server:
      - nginx
      strict-transport-security:
      - max-age=31536000; includeSubDomains
      transfer-encoding:
      - chunked
      vary:
      - Accept-Encoding
      x-content-type-options:
      - nosniff
    status:
      code: 200
      message: OK
- request:
    body: null
    headers:
      Accept:
      - '*/*'
      Accept-Encoding:
      - gzip, deflate
      CommandName:
      - aks update
      Connection:
      - keep-alive
      ParameterSetName:
      - --resource-group --name --windows-admin-password
      User-Agent:
      - AZURECLI/2.43.0 azsdk-python-azure-mgmt-containerservice/20.7.0b Python/3.10.8
        (Linux-5.15.0-1023-azure-x86_64-with-glibc2.31) VSTS_7b238909-6802-4b65-b90d-184bca47f458_build_261_0
    method: GET
    uri: https://management.azure.com/subscriptions/00000000-0000-0000-0000-000000000000/providers/Microsoft.ContainerService/locations/westus2/operations/ef063d57-2f50-4eb6-ab9f-bdd4e1c562cf?api-version=2016-03-30
  response:
    body:
      string: "{\n  \"name\": \"573d06ef-502f-b64e-ab9f-bdd4e1c562cf\",\n  \"status\":
        \"InProgress\",\n  \"startTime\": \"2022-12-20T18:55:41.3138577Z\"\n }"
    headers:
      cache-control:
      - no-cache
      content-length:
      - '126'
      content-type:
      - application/json
      date:
      - Tue, 20 Dec 2022 19:03:44 GMT
      expires:
      - '-1'
      pragma:
      - no-cache
      server:
      - nginx
      strict-transport-security:
      - max-age=31536000; includeSubDomains
      transfer-encoding:
      - chunked
      vary:
      - Accept-Encoding
      x-content-type-options:
      - nosniff
    status:
      code: 200
      message: OK
- request:
    body: null
    headers:
      Accept:
      - '*/*'
      Accept-Encoding:
      - gzip, deflate
      CommandName:
      - aks update
      Connection:
      - keep-alive
      ParameterSetName:
      - --resource-group --name --windows-admin-password
      User-Agent:
      - AZURECLI/2.43.0 azsdk-python-azure-mgmt-containerservice/20.7.0b Python/3.10.8
        (Linux-5.15.0-1023-azure-x86_64-with-glibc2.31) VSTS_7b238909-6802-4b65-b90d-184bca47f458_build_261_0
    method: GET
    uri: https://management.azure.com/subscriptions/00000000-0000-0000-0000-000000000000/providers/Microsoft.ContainerService/locations/westus2/operations/ef063d57-2f50-4eb6-ab9f-bdd4e1c562cf?api-version=2016-03-30
  response:
    body:
      string: "{\n  \"name\": \"573d06ef-502f-b64e-ab9f-bdd4e1c562cf\",\n  \"status\":
        \"InProgress\",\n  \"startTime\": \"2022-12-20T18:55:41.3138577Z\"\n }"
    headers:
      cache-control:
      - no-cache
      content-length:
      - '126'
      content-type:
      - application/json
      date:
      - Tue, 20 Dec 2022 19:04:14 GMT
      expires:
      - '-1'
      pragma:
      - no-cache
      server:
      - nginx
      strict-transport-security:
      - max-age=31536000; includeSubDomains
      transfer-encoding:
      - chunked
      vary:
      - Accept-Encoding
      x-content-type-options:
      - nosniff
    status:
      code: 200
      message: OK
- request:
    body: null
    headers:
      Accept:
      - '*/*'
      Accept-Encoding:
      - gzip, deflate
      CommandName:
      - aks update
      Connection:
      - keep-alive
      ParameterSetName:
      - --resource-group --name --windows-admin-password
      User-Agent:
      - AZURECLI/2.43.0 azsdk-python-azure-mgmt-containerservice/20.7.0b Python/3.10.8
        (Linux-5.15.0-1023-azure-x86_64-with-glibc2.31) VSTS_7b238909-6802-4b65-b90d-184bca47f458_build_261_0
    method: GET
    uri: https://management.azure.com/subscriptions/00000000-0000-0000-0000-000000000000/providers/Microsoft.ContainerService/locations/westus2/operations/ef063d57-2f50-4eb6-ab9f-bdd4e1c562cf?api-version=2016-03-30
  response:
    body:
      string: "{\n  \"name\": \"573d06ef-502f-b64e-ab9f-bdd4e1c562cf\",\n  \"status\":
        \"InProgress\",\n  \"startTime\": \"2022-12-20T18:55:41.3138577Z\"\n }"
    headers:
      cache-control:
      - no-cache
      content-length:
      - '126'
      content-type:
      - application/json
      date:
      - Tue, 20 Dec 2022 19:04:44 GMT
      expires:
      - '-1'
      pragma:
      - no-cache
      server:
      - nginx
      strict-transport-security:
      - max-age=31536000; includeSubDomains
      transfer-encoding:
      - chunked
      vary:
      - Accept-Encoding
      x-content-type-options:
      - nosniff
    status:
      code: 200
      message: OK
- request:
    body: null
    headers:
      Accept:
      - '*/*'
      Accept-Encoding:
      - gzip, deflate
      CommandName:
      - aks update
      Connection:
      - keep-alive
      ParameterSetName:
      - --resource-group --name --windows-admin-password
      User-Agent:
      - AZURECLI/2.43.0 azsdk-python-azure-mgmt-containerservice/20.7.0b Python/3.10.8
        (Linux-5.15.0-1023-azure-x86_64-with-glibc2.31) VSTS_7b238909-6802-4b65-b90d-184bca47f458_build_261_0
    method: GET
    uri: https://management.azure.com/subscriptions/00000000-0000-0000-0000-000000000000/providers/Microsoft.ContainerService/locations/westus2/operations/ef063d57-2f50-4eb6-ab9f-bdd4e1c562cf?api-version=2016-03-30
  response:
    body:
      string: "{\n  \"name\": \"573d06ef-502f-b64e-ab9f-bdd4e1c562cf\",\n  \"status\":
        \"InProgress\",\n  \"startTime\": \"2022-12-20T18:55:41.3138577Z\"\n }"
    headers:
      cache-control:
      - no-cache
      content-length:
      - '126'
      content-type:
      - application/json
      date:
      - Tue, 20 Dec 2022 19:05:15 GMT
      expires:
      - '-1'
      pragma:
      - no-cache
      server:
      - nginx
      strict-transport-security:
      - max-age=31536000; includeSubDomains
      transfer-encoding:
      - chunked
      vary:
      - Accept-Encoding
      x-content-type-options:
      - nosniff
    status:
      code: 200
      message: OK
- request:
    body: null
    headers:
      Accept:
      - '*/*'
      Accept-Encoding:
      - gzip, deflate
      CommandName:
      - aks update
      Connection:
      - keep-alive
      ParameterSetName:
      - --resource-group --name --windows-admin-password
      User-Agent:
      - AZURECLI/2.43.0 azsdk-python-azure-mgmt-containerservice/20.7.0b Python/3.10.8
        (Linux-5.15.0-1023-azure-x86_64-with-glibc2.31) VSTS_7b238909-6802-4b65-b90d-184bca47f458_build_261_0
    method: GET
    uri: https://management.azure.com/subscriptions/00000000-0000-0000-0000-000000000000/providers/Microsoft.ContainerService/locations/westus2/operations/ef063d57-2f50-4eb6-ab9f-bdd4e1c562cf?api-version=2016-03-30
  response:
    body:
      string: "{\n  \"name\": \"573d06ef-502f-b64e-ab9f-bdd4e1c562cf\",\n  \"status\":
        \"Succeeded\",\n  \"startTime\": \"2022-12-20T18:55:41.3138577Z\",\n  \"endTime\":
        \"2022-12-20T19:05:17.0995581Z\"\n }"
    headers:
      cache-control:
      - no-cache
      content-length:
      - '170'
      content-type:
      - application/json
      date:
      - Tue, 20 Dec 2022 19:05:45 GMT
      expires:
      - '-1'
      pragma:
      - no-cache
      server:
      - nginx
      strict-transport-security:
      - max-age=31536000; includeSubDomains
      transfer-encoding:
      - chunked
      vary:
      - Accept-Encoding
      x-content-type-options:
      - nosniff
    status:
      code: 200
      message: OK
- request:
    body: null
    headers:
      Accept:
      - '*/*'
      Accept-Encoding:
      - gzip, deflate
      CommandName:
      - aks update
      Connection:
      - keep-alive
      ParameterSetName:
      - --resource-group --name --windows-admin-password
      User-Agent:
      - AZURECLI/2.43.0 azsdk-python-azure-mgmt-containerservice/20.7.0b Python/3.10.8
        (Linux-5.15.0-1023-azure-x86_64-with-glibc2.31) VSTS_7b238909-6802-4b65-b90d-184bca47f458_build_261_0
    method: GET
    uri: https://management.azure.com/subscriptions/00000000-0000-0000-0000-000000000000/resourceGroups/clitest000001/providers/Microsoft.ContainerService/managedClusters/cliakstest000001?api-version=2022-10-02-preview
  response:
    body:
      string: "{\n  \"id\": \"/subscriptions/00000000-0000-0000-0000-000000000000/resourcegroups/clitest000001/providers/Microsoft.ContainerService/managedClusters/cliakstest000001\",\n
        \ \"location\": \"westus2\",\n  \"name\": \"cliakstest000001\",\n  \"type\":
        \"Microsoft.ContainerService/ManagedClusters\",\n  \"properties\": {\n   \"provisioningState\":
        \"Succeeded\",\n   \"powerState\": {\n    \"code\": \"Running\"\n   },\n   \"kubernetesVersion\":
        \"1.23.12\",\n   \"currentKubernetesVersion\": \"1.23.12\",\n   \"dnsPrefix\":
        \"cliaksdns000002\",\n   \"fqdn\": \"cliaksdns000002-774d49b4.hcp.westus2.azmk8s.io\",\n
        \  \"azurePortalFQDN\": \"cliaksdns000002-774d49b4.portal.hcp.westus2.azmk8s.io\",\n
        \  \"agentPoolProfiles\": [\n    {\n     \"name\": \"nodepool1\",\n     \"count\":
        1,\n     \"vmSize\": \"Standard_DS2_v2\",\n     \"osDiskSizeGB\": 128,\n     \"osDiskType\":
        \"Managed\",\n     \"kubeletDiskType\": \"OS\",\n     \"workloadRuntime\":
        \"OCIContainer\",\n     \"maxPods\": 30,\n     \"type\": \"VirtualMachineScaleSets\",\n
        \    \"enableAutoScaling\": false,\n     \"provisioningState\": \"Succeeded\",\n
        \    \"powerState\": {\n      \"code\": \"Running\"\n     },\n     \"orchestratorVersion\":
        \"1.23.12\",\n     \"currentOrchestratorVersion\": \"1.23.12\",\n     \"enableNodePublicIP\":
        false,\n     \"enableCustomCATrust\": false,\n     \"mode\": \"System\",\n
        \    \"enableEncryptionAtHost\": false,\n     \"enableUltraSSD\": false,\n
        \    \"osType\": \"Linux\",\n     \"osSKU\": \"Ubuntu\",\n     \"nodeImageVersion\":
        \"AKSUbuntu-1804gen2containerd-2022.12.06\",\n     \"upgradeSettings\": {},\n
        \    \"enableFIPS\": false,\n     \"networkProfile\": {}\n    },\n    {\n
        \    \"name\": \"npwin\",\n     \"count\": 1,\n     \"vmSize\": \"Standard_D2s_v3\",\n
        \    \"osDiskSizeGB\": 128,\n     \"osDiskType\": \"Managed\",\n     \"kubeletDiskType\":
        \"OS\",\n     \"workloadRuntime\": \"OCIContainer\",\n     \"maxPods\": 30,\n
        \    \"type\": \"VirtualMachineScaleSets\",\n     \"enableAutoScaling\": false,\n
        \    \"scaleDownMode\": \"Delete\",\n     \"provisioningState\": \"Succeeded\",\n
        \    \"powerState\": {\n      \"code\": \"Running\"\n     },\n     \"orchestratorVersion\":
        \"1.23.12\",\n     \"currentOrchestratorVersion\": \"1.23.12\",\n     \"enableNodePublicIP\":
        false,\n     \"enableCustomCATrust\": false,\n     \"mode\": \"User\",\n     \"enableEncryptionAtHost\":
        false,\n     \"enableUltraSSD\": false,\n     \"osType\": \"Windows\",\n     \"osSKU\":
        \"Windows2019\",\n     \"nodeImageVersion\": \"AKSWindows-2019-containerd-17763.3770.221214\",\n
        \    \"upgradeSettings\": {},\n     \"enableFIPS\": false,\n     \"networkProfile\":
        {}\n    }\n   ],\n   \"linuxProfile\": {\n    \"adminUsername\": \"azureuser\",\n
        \   \"ssh\": {\n     \"publicKeys\": [\n      {\n       \"keyData\": \"ssh-rsa
        AAAAB3NzaC1yc2EAAAADAQABAAACAQCbIg1guRHbI0lV11wWDt1r2cUdcNd27CJsg+SfgC7miZeubtwUhbsPdhMQsfDyhOWHq1+ZL0M+nJZV63d/1dhmhtgyOqejUwrPlzKhydsbrsdUor+JmNJDdW01v7BXHyuymT8G4s09jCasNOwiufbP/qp72ruu0bIA1nySsvlf9pCQAuFkAnVnf/rFhUlOkhtRpwcq8SUNY2zRHR/EKb/4NWY1JzR4sa3q2fWIJdrrX0DvLoa5g9bIEd4Df79ba7v+yiUBOS0zT2ll+z4g9izHK3EO5d8hL4jYxcjKs+wcslSYRWrascfscLgMlMGh0CdKeNTDjHpGPncaf3Z+FwwwjWeuiNBxv7bJo13/8B/098KlVDl4GZqsoBCEjPyJfV6hO0y/LkRGkk7oHWKgeWAfKtfLItRp00eZ4fcJNK9kCaSMmEugoZWcI7NGbZXzqFWqbpRI7NcDP9+WIQ+i9U5vqWsqd/zng4kbuAJ6UuKqIzB0upYrLShfQE3SAck8oaLhJqqq56VfDuASNpJKidV+zq27HfSBmbXnkR/5AK337dc3MXKJypoK/QPMLKUAP5XLPbs+NddJQV7EZXd29DLgp+fRIg3edpKdO7ZErWhv7d+3Kws+e1Y+ypmR2WIVSwVyBEUfgv2C8Ts9gnTF4pNcEY/S2aBicz5Ew2+jdyGNQQ==
        test@example.com\\n\"\n      }\n     ]\n    }\n   },\n   \"windowsProfile\":
        {\n    \"adminUsername\": \"azureuser1\",\n    \"enableCSIProxy\": true\n
        \  },\n   \"servicePrincipalProfile\": {\n    \"clientId\":\"00000000-0000-0000-0000-000000000001\"\n
        \  },\n   \"nodeResourceGroup\": \"MC_clitest000001_cliakstest000001_westus2\",\n
        \  \"enableRBAC\": true,\n   \"enablePodSecurityPolicy\": false,\n   \"networkProfile\":
        {\n    \"networkPlugin\": \"azure\",\n    \"loadBalancerSku\": \"Standard\",\n
        \   \"loadBalancerProfile\": {\n     \"managedOutboundIPs\": {\n      \"count\":
        1\n     },\n     \"effectiveOutboundIPs\": [\n      {\n       \"id\": \"/subscriptions/00000000-0000-0000-0000-000000000000/resourceGroups/MC_clitest000001_cliakstest000001_westus2/providers/Microsoft.Network/publicIPAddresses/c4679b0f-38a4-4687-8280-28658dda6d76\"\n
        \     }\n     ],\n     \"backendPoolType\": \"nodeIPConfiguration\"\n    },\n
        \   \"serviceCidr\": \"10.0.0.0/16\",\n    \"dnsServiceIP\": \"10.0.0.10\",\n
        \   \"dockerBridgeCidr\": \"172.17.0.1/16\",\n    \"outboundType\": \"loadBalancer\",\n
        \   \"serviceCidrs\": [\n     \"10.0.0.0/16\"\n    ],\n    \"ipFamilies\":
        [\n     \"IPv4\"\n    ]\n   },\n   \"maxAgentPools\": 100,\n   \"identityProfile\":
        {\n    \"kubeletidentity\": {\n     \"resourceId\": \"/subscriptions/00000000-0000-0000-0000-000000000000/resourcegroups/MC_clitest000001_cliakstest000001_westus2/providers/Microsoft.ManagedIdentity/userAssignedIdentities/cliakstest000001-agentpool\",\n
        \    \"clientId\":\"00000000-0000-0000-0000-000000000001\",\n     \"objectId\":\"00000000-0000-0000-0000-000000000001\"\n
        \   }\n   },\n   \"disableLocalAccounts\": false,\n   \"securityProfile\":
        {},\n   \"storageProfile\": {\n    \"diskCSIDriver\": {\n     \"enabled\":
        true,\n     \"version\": \"v1\"\n    },\n    \"fileCSIDriver\": {\n     \"enabled\":
        true\n    },\n    \"snapshotController\": {\n     \"enabled\": true\n    }\n
        \  },\n   \"oidcIssuerProfile\": {\n    \"enabled\": false\n   },\n   \"workloadAutoScalerProfile\":
        {}\n  },\n  \"identity\": {\n   \"type\": \"SystemAssigned\",\n   \"principalId\":\"00000000-0000-0000-0000-000000000001\",\n
        \  \"tenantId\": \"54826b22-38d6-4fb2-bad9-b7b93a3e9c5a\"\n  },\n  \"sku\":
        {\n   \"name\": \"Basic\",\n   \"tier\": \"Free\"\n  }\n }"
    headers:
      cache-control:
      - no-cache
      content-length:
      - '5295'
      content-type:
      - application/json
      date:
      - Tue, 20 Dec 2022 19:05:45 GMT
      expires:
      - '-1'
      pragma:
      - no-cache
      server:
      - nginx
      strict-transport-security:
      - max-age=31536000; includeSubDomains
      transfer-encoding:
      - chunked
      vary:
      - Accept-Encoding
      x-content-type-options:
      - nosniff
    status:
      code: 200
      message: OK
- request:
    body: null
    headers:
      Accept:
      - application/json
      Accept-Encoding:
      - gzip, deflate
      CommandName:
      - aks nodepool delete
      Connection:
      - keep-alive
      ParameterSetName:
      - --resource-group --cluster-name --name --no-wait
      User-Agent:
      - AZURECLI/2.43.0 azsdk-python-azure-mgmt-containerservice/20.7.0b Python/3.10.8
        (Linux-5.15.0-1023-azure-x86_64-with-glibc2.31) VSTS_7b238909-6802-4b65-b90d-184bca47f458_build_261_0
    method: GET
    uri: https://management.azure.com/subscriptions/00000000-0000-0000-0000-000000000000/resourceGroups/clitest000001/providers/Microsoft.ContainerService/managedClusters/cliakstest000001/agentPools?api-version=2022-10-02-preview
  response:
    body:
      string: "{\n  \"value\": [\n   {\n    \"id\": \"/subscriptions/00000000-0000-0000-0000-000000000000/resourcegroups/clitest000001/providers/Microsoft.ContainerService/managedClusters/cliakstest000001/agentPools/nodepool1\",\n
        \   \"name\": \"nodepool1\",\n    \"type\": \"Microsoft.ContainerService/managedClusters/agentPools\",\n
        \   \"properties\": {\n     \"count\": 1,\n     \"vmSize\": \"Standard_DS2_v2\",\n
        \    \"osDiskSizeGB\": 128,\n     \"osDiskType\": \"Managed\",\n     \"kubeletDiskType\":
        \"OS\",\n     \"workloadRuntime\": \"OCIContainer\",\n     \"maxPods\": 30,\n
        \    \"type\": \"VirtualMachineScaleSets\",\n     \"enableAutoScaling\": false,\n
        \    \"provisioningState\": \"Succeeded\",\n     \"powerState\": {\n      \"code\":
        \"Running\"\n     },\n     \"orchestratorVersion\": \"1.23.12\",\n     \"currentOrchestratorVersion\":
        \"1.23.12\",\n     \"enableNodePublicIP\": false,\n     \"enableCustomCATrust\":
        false,\n     \"mode\": \"System\",\n     \"enableEncryptionAtHost\": false,\n
        \    \"enableUltraSSD\": false,\n     \"osType\": \"Linux\",\n     \"osSKU\":
        \"Ubuntu\",\n     \"nodeImageVersion\": \"AKSUbuntu-1804gen2containerd-2022.12.06\",\n
        \    \"upgradeSettings\": {},\n     \"enableFIPS\": false,\n     \"networkProfile\":
        {}\n    }\n   },\n   {\n    \"id\": \"/subscriptions/00000000-0000-0000-0000-000000000000/resourcegroups/clitest000001/providers/Microsoft.ContainerService/managedClusters/cliakstest000001/agentPools/npwin\",\n
        \   \"name\": \"npwin\",\n    \"type\": \"Microsoft.ContainerService/managedClusters/agentPools\",\n
        \   \"properties\": {\n     \"count\": 1,\n     \"vmSize\": \"Standard_D2s_v3\",\n
        \    \"osDiskSizeGB\": 128,\n     \"osDiskType\": \"Managed\",\n     \"kubeletDiskType\":
        \"OS\",\n     \"workloadRuntime\": \"OCIContainer\",\n     \"maxPods\": 30,\n
        \    \"type\": \"VirtualMachineScaleSets\",\n     \"enableAutoScaling\": false,\n
        \    \"scaleDownMode\": \"Delete\",\n     \"provisioningState\": \"Succeeded\",\n
        \    \"powerState\": {\n      \"code\": \"Running\"\n     },\n     \"orchestratorVersion\":
        \"1.23.12\",\n     \"currentOrchestratorVersion\": \"1.23.12\",\n     \"enableNodePublicIP\":
        false,\n     \"enableCustomCATrust\": false,\n     \"mode\": \"User\",\n     \"enableEncryptionAtHost\":
        false,\n     \"enableUltraSSD\": false,\n     \"osType\": \"Windows\",\n     \"osSKU\":
        \"Windows2019\",\n     \"nodeImageVersion\": \"AKSWindows-2019-containerd-17763.3770.221214\",\n
        \    \"upgradeSettings\": {},\n     \"enableFIPS\": false,\n     \"networkProfile\":
        {}\n    }\n   }\n  ]\n }"
    headers:
      cache-control:
      - no-cache
      content-length:
      - '2292'
      content-type:
      - application/json
      date:
      - Tue, 20 Dec 2022 19:05:47 GMT
      expires:
      - '-1'
      pragma:
      - no-cache
      server:
      - nginx
      strict-transport-security:
      - max-age=31536000; includeSubDomains
      transfer-encoding:
      - chunked
      vary:
      - Accept-Encoding
      x-content-type-options:
      - nosniff
    status:
      code: 200
      message: OK
- request:
    body: null
    headers:
      Accept:
      - application/json
      Accept-Encoding:
      - gzip, deflate
      CommandName:
      - aks nodepool delete
      Connection:
      - keep-alive
      Content-Length:
      - '0'
      ParameterSetName:
      - --resource-group --cluster-name --name --no-wait
      User-Agent:
      - AZURECLI/2.43.0 azsdk-python-azure-mgmt-containerservice/20.7.0b Python/3.10.8
        (Linux-5.15.0-1023-azure-x86_64-with-glibc2.31) VSTS_7b238909-6802-4b65-b90d-184bca47f458_build_261_0
    method: DELETE
    uri: https://management.azure.com/subscriptions/00000000-0000-0000-0000-000000000000/resourceGroups/clitest000001/providers/Microsoft.ContainerService/managedClusters/cliakstest000001/agentPools/npwin?api-version=2022-10-02-preview
  response:
    body:
      string: ''
    headers:
      azure-asyncoperation:
      - https://management.azure.com/subscriptions/00000000-0000-0000-0000-000000000000/providers/Microsoft.ContainerService/locations/westus2/operations/af7eeaed-f12a-42a0-ae2c-afca38f129a9?api-version=2016-03-30
      cache-control:
      - no-cache
      content-length:
      - '0'
      date:
      - Tue, 20 Dec 2022 19:05:48 GMT
      expires:
      - '-1'
      location:
      - https://management.azure.com/subscriptions/00000000-0000-0000-0000-000000000000/providers/Microsoft.ContainerService/locations/westus2/operationresults/af7eeaed-f12a-42a0-ae2c-afca38f129a9?api-version=2016-03-30
      pragma:
      - no-cache
      server:
      - nginx
      strict-transport-security:
      - max-age=31536000; includeSubDomains
      x-content-type-options:
      - nosniff
      x-ms-ratelimit-remaining-subscription-deletes:
      - '14999'
    status:
      code: 202
      message: Accepted
version: 1
