interactions:
- request:
    body: null
    headers:
      Accept:
      - application/json
      Accept-Encoding:
      - gzip, deflate
      CommandName:
      - aks create
      Connection:
      - keep-alive
      ParameterSetName:
      - --resource-group --name --ssh-key-value
      User-Agent:
      - AZURECLI/2.46.0 azsdk-python-azure-mgmt-containerservice/21.2.0b Python/3.10.10
        (Linux-5.15.0-1034-azure-x86_64-with-glibc2.31) VSTS_7b238909-6802-4b65-b90d-184bca47f458_build_261_0
    method: GET
    uri: https://management.azure.com/subscriptions/00000000-0000-0000-0000-000000000000/resourceGroups/clitest000001/providers/Microsoft.ContainerService/managedClusters/cliakstest000002?api-version=2023-04-02-preview
  response:
    body:
      string: '{"error":{"code":"ResourceNotFound","message":"The Resource ''Microsoft.ContainerService/managedClusters/cliakstest000002''
        under resource group ''clitest000001'' was not found. For more details please
        go to https://aka.ms/ARMResourceNotFoundFix"}}'
    headers:
      cache-control:
      - no-cache
      content-length:
      - '244'
      content-type:
      - application/json; charset=utf-8
      date:
      - Tue, 28 Mar 2023 20:32:33 GMT
      expires:
      - '-1'
      pragma:
      - no-cache
      strict-transport-security:
      - max-age=31536000; includeSubDomains
      x-content-type-options:
      - nosniff
      x-ms-failure-cause:
      - gateway
    status:
      code: 404
      message: Not Found
- request:
    body: null
    headers:
      Accept:
      - application/json
      Accept-Encoding:
      - gzip, deflate
      CommandName:
      - aks create
      Connection:
      - keep-alive
      ParameterSetName:
      - --resource-group --name --ssh-key-value
      User-Agent:
      - AZURECLI/2.46.0 azsdk-python-azure-mgmt-resource/22.0.0 Python/3.10.10 (Linux-5.15.0-1034-azure-x86_64-with-glibc2.31)
        VSTS_7b238909-6802-4b65-b90d-184bca47f458_build_261_0
    method: GET
    uri: https://management.azure.com/subscriptions/00000000-0000-0000-0000-000000000000/resourcegroups/clitest000001?api-version=2022-09-01
  response:
    body:
      string: '{"id":"/subscriptions/00000000-0000-0000-0000-000000000000/resourceGroups/clitest000001","name":"clitest000001","type":"Microsoft.Resources/resourceGroups","location":"centraluseuap","tags":{"product":"azurecli","cause":"automation","date":"2023-03-28T20:32:32Z","StorageType":"Standard_LRS","type":"test"},"properties":{"provisioningState":"Succeeded"}}'
    headers:
      cache-control:
      - no-cache
      content-length:
      - '354'
      content-type:
      - application/json; charset=utf-8
      date:
      - Tue, 28 Mar 2023 20:32:33 GMT
      expires:
      - '-1'
      pragma:
      - no-cache
      strict-transport-security:
      - max-age=31536000; includeSubDomains
      vary:
      - Accept-Encoding
      x-content-type-options:
      - nosniff
    status:
      code: 200
      message: OK
- request:
    body: '{"location": "centraluseuap", "identity": {"type": "SystemAssigned"}, "properties":
      {"kubernetesVersion": "", "dnsPrefix": "cliakstest-clitestahukllg6r-0b1f64",
      "agentPoolProfiles": [{"count": 3, "vmSize": "Standard_DS2_v2", "osDiskSizeGB":
      0, "workloadRuntime": "OCIContainer", "osType": "Linux", "enableAutoScaling":
      false, "type": "VirtualMachineScaleSets", "mode": "System", "orchestratorVersion":
      "", "upgradeSettings": {}, "enableNodePublicIP": false, "enableCustomCATrust":
      false, "scaleSetPriority": "Regular", "scaleSetEvictionPolicy": "Delete", "spotMaxPrice":
      -1.0, "nodeTaints": [], "enableEncryptionAtHost": false, "enableUltraSSD": false,
      "enableFIPS": false, "networkProfile": {}, "name": "nodepool1"}], "linuxProfile":
      {"adminUsername": "azureuser", "ssh": {"publicKeys": [{"keyData": "ssh-rsa AAAAB3NzaC1yc2EAAAADAQABAAACAQCbIg1guRHbI0lV11wWDt1r2cUdcNd27CJsg+SfgC7miZeubtwUhbsPdhMQsfDyhOWHq1+ZL0M+nJZV63d/1dhmhtgyOqejUwrPlzKhydsbrsdUor+JmNJDdW01v7BXHyuymT8G4s09jCasNOwiufbP/qp72ruu0bIA1nySsvlf9pCQAuFkAnVnf/rFhUlOkhtRpwcq8SUNY2zRHR/EKb/4NWY1JzR4sa3q2fWIJdrrX0DvLoa5g9bIEd4Df79ba7v+yiUBOS0zT2ll+z4g9izHK3EO5d8hL4jYxcjKs+wcslSYRWrascfscLgMlMGh0CdKeNTDjHpGPncaf3Z+FwwwjWeuiNBxv7bJo13/8B/098KlVDl4GZqsoBCEjPyJfV6hO0y/LkRGkk7oHWKgeWAfKtfLItRp00eZ4fcJNK9kCaSMmEugoZWcI7NGbZXzqFWqbpRI7NcDP9+WIQ+i9U5vqWsqd/zng4kbuAJ6UuKqIzB0upYrLShfQE3SAck8oaLhJqqq56VfDuASNpJKidV+zq27HfSBmbXnkR/5AK337dc3MXKJypoK/QPMLKUAP5XLPbs+NddJQV7EZXd29DLgp+fRIg3edpKdO7ZErWhv7d+3Kws+e1Y+ypmR2WIVSwVyBEUfgv2C8Ts9gnTF4pNcEY/S2aBicz5Ew2+jdyGNQQ==
      test@example.com\n"}]}}, "addonProfiles": {}, "enableRBAC": true, "enablePodSecurityPolicy":
      false, "networkProfile": {"networkPlugin": "kubenet", "podCidr": "10.244.0.0/16",
      "serviceCidr": "10.0.0.0/16", "dnsServiceIP": "10.0.0.10", "dockerBridgeCidr":
      "172.17.0.1/16", "outboundType": "loadBalancer", "loadBalancerSku": "standard"},
      "disableLocalAccounts": false, "storageProfile": {}}}'
    headers:
      Accept:
      - application/json
      Accept-Encoding:
      - gzip, deflate
      CommandName:
      - aks create
      Connection:
      - keep-alive
      Content-Length:
      - '1915'
      Content-Type:
      - application/json
      ParameterSetName:
      - --resource-group --name --ssh-key-value
      User-Agent:
      - AZURECLI/2.46.0 azsdk-python-azure-mgmt-containerservice/21.2.0b Python/3.10.10
        (Linux-5.15.0-1034-azure-x86_64-with-glibc2.31) VSTS_7b238909-6802-4b65-b90d-184bca47f458_build_261_0
    method: PUT
    uri: https://management.azure.com/subscriptions/00000000-0000-0000-0000-000000000000/resourceGroups/clitest000001/providers/Microsoft.ContainerService/managedClusters/cliakstest000002?api-version=2023-04-02-preview
  response:
    body:
      string: "{\n  \"id\": \"/subscriptions/00000000-0000-0000-0000-000000000000/resourcegroups/clitest000001/providers/Microsoft.ContainerService/managedClusters/cliakstest000002\",\n
        \ \"location\": \"centraluseuap\",\n  \"name\": \"cliakstest000002\",\n  \"type\":
        \"Microsoft.ContainerService/ManagedClusters\",\n  \"properties\": {\n   \"provisioningState\":
        \"Creating\",\n   \"powerState\": {\n    \"code\": \"Running\"\n   },\n   \"kubernetesVersion\":
        \"1.24.10\",\n   \"currentKubernetesVersion\": \"1.24.10\",\n   \"dnsPrefix\":
        \"cliakstest-clitestahukllg6r-0b1f64\",\n   \"fqdn\": \"cliakstest-clitestahukllg6r-0b1f64-pkbhvuy5.hcp.centraluseuap.azmk8s.io\",\n
        \  \"azurePortalFQDN\": \"cliakstest-clitestahukllg6r-0b1f64-pkbhvuy5.portal.hcp.centraluseuap.azmk8s.io\",\n
        \  \"agentPoolProfiles\": [\n    {\n     \"name\": \"nodepool1\",\n     \"count\":
        3,\n     \"vmSize\": \"Standard_DS2_v2\",\n     \"osDiskSizeGB\": 128,\n     \"osDiskType\":
        \"Managed\",\n     \"kubeletDiskType\": \"OS\",\n     \"workloadRuntime\":
        \"OCIContainer\",\n     \"maxPods\": 110,\n     \"type\": \"VirtualMachineScaleSets\",\n
        \    \"enableAutoScaling\": false,\n     \"provisioningState\": \"Creating\",\n
        \    \"powerState\": {\n      \"code\": \"Running\"\n     },\n     \"orchestratorVersion\":
        \"1.24.10\",\n     \"currentOrchestratorVersion\": \"1.24.10\",\n     \"enableNodePublicIP\":
        false,\n     \"enableCustomCATrust\": false,\n     \"mode\": \"System\",\n
        \    \"enableEncryptionAtHost\": false,\n     \"enableUltraSSD\": false,\n
        \    \"osType\": \"Linux\",\n     \"osSKU\": \"Ubuntu\",\n     \"nodeImageVersion\":
        \"AKSUbuntu-1804gen2containerd-202303.22.0\",\n     \"upgradeSettings\": {},\n
        \    \"enableFIPS\": false,\n     \"networkProfile\": {}\n    }\n   ],\n   \"linuxProfile\":
        {\n    \"adminUsername\": \"azureuser\",\n    \"ssh\": {\n     \"publicKeys\":
        [\n      {\n       \"keyData\": \"ssh-rsa AAAAB3NzaC1yc2EAAAADAQABAAACAQCbIg1guRHbI0lV11wWDt1r2cUdcNd27CJsg+SfgC7miZeubtwUhbsPdhMQsfDyhOWHq1+ZL0M+nJZV63d/1dhmhtgyOqejUwrPlzKhydsbrsdUor+JmNJDdW01v7BXHyuymT8G4s09jCasNOwiufbP/qp72ruu0bIA1nySsvlf9pCQAuFkAnVnf/rFhUlOkhtRpwcq8SUNY2zRHR/EKb/4NWY1JzR4sa3q2fWIJdrrX0DvLoa5g9bIEd4Df79ba7v+yiUBOS0zT2ll+z4g9izHK3EO5d8hL4jYxcjKs+wcslSYRWrascfscLgMlMGh0CdKeNTDjHpGPncaf3Z+FwwwjWeuiNBxv7bJo13/8B/098KlVDl4GZqsoBCEjPyJfV6hO0y/LkRGkk7oHWKgeWAfKtfLItRp00eZ4fcJNK9kCaSMmEugoZWcI7NGbZXzqFWqbpRI7NcDP9+WIQ+i9U5vqWsqd/zng4kbuAJ6UuKqIzB0upYrLShfQE3SAck8oaLhJqqq56VfDuASNpJKidV+zq27HfSBmbXnkR/5AK337dc3MXKJypoK/QPMLKUAP5XLPbs+NddJQV7EZXd29DLgp+fRIg3edpKdO7ZErWhv7d+3Kws+e1Y+ypmR2WIVSwVyBEUfgv2C8Ts9gnTF4pNcEY/S2aBicz5Ew2+jdyGNQQ==
        test@example.com\\n\"\n      }\n     ]\n    }\n   },\n   \"servicePrincipalProfile\":
        {\n    \"clientId\":\"00000000-0000-0000-0000-000000000001\"\n   },\n   \"nodeResourceGroup\":
        \"MC_clitest000001_cliakstest000002_centraluseuap\",\n   \"enableRBAC\": true,\n
        \  \"enablePodSecurityPolicy\": false,\n   \"networkProfile\": {\n    \"networkPlugin\":
        \"kubenet\",\n    \"loadBalancerSku\": \"standard\",\n    \"loadBalancerProfile\":
        {\n     \"managedOutboundIPs\": {\n      \"count\": 1\n     },\n     \"backendPoolType\":
        \"nodeIPConfiguration\"\n    },\n    \"podCidr\": \"10.244.0.0/16\",\n    \"serviceCidr\":
        \"10.0.0.0/16\",\n    \"dnsServiceIP\": \"10.0.0.10\",\n    \"dockerBridgeCidr\":
        \"172.17.0.1/16\",\n    \"outboundType\": \"loadBalancer\",\n    \"podCidrs\":
        [\n     \"10.244.0.0/16\"\n    ],\n    \"serviceCidrs\": [\n     \"10.0.0.0/16\"\n
        \   ],\n    \"ipFamilies\": [\n     \"IPv4\"\n    ]\n   },\n   \"maxAgentPools\":
        100,\n   \"disableLocalAccounts\": false,\n   \"securityProfile\": {},\n   \"storageProfile\":
        {\n    \"diskCSIDriver\": {\n     \"enabled\": true,\n     \"version\": \"v1\"\n
        \   },\n    \"fileCSIDriver\": {\n     \"enabled\": true\n    },\n    \"snapshotController\":
        {\n     \"enabled\": true\n    }\n   },\n   \"oidcIssuerProfile\": {\n    \"enabled\":
        false\n   },\n   \"workloadAutoScalerProfile\": {}\n  },\n  \"identity\":
        {\n   \"type\": \"SystemAssigned\",\n   \"principalId\":\"00000000-0000-0000-0000-000000000001\",\n
        \  \"tenantId\": \"54826b22-38d6-4fb2-bad9-b7b93a3e9c5a\"\n  },\n  \"sku\":
        {\n   \"name\": \"Base\",\n   \"tier\": \"Free\"\n  }\n }"
    headers:
      azure-asyncoperation:
      - https://management.azure.com/subscriptions/00000000-0000-0000-0000-000000000000/providers/Microsoft.ContainerService/locations/centraluseuap/operations/82cf5928-b203-4978-b817-c681b4521728?api-version=2016-03-30
      cache-control:
      - no-cache
      content-length:
      - '3833'
      content-type:
      - application/json
      date:
      - Tue, 28 Mar 2023 20:32:37 GMT
      expires:
      - '-1'
      pragma:
      - no-cache
      server:
      - nginx
      strict-transport-security:
      - max-age=31536000; includeSubDomains
      x-content-type-options:
      - nosniff
      x-ms-ratelimit-remaining-subscription-writes:
      - '1199'
    status:
      code: 201
      message: Created
- request:
    body: null
    headers:
      Accept:
      - '*/*'
      Accept-Encoding:
      - gzip, deflate
      CommandName:
      - aks create
      Connection:
      - keep-alive
      ParameterSetName:
      - --resource-group --name --ssh-key-value
      User-Agent:
      - AZURECLI/2.46.0 azsdk-python-azure-mgmt-containerservice/21.2.0b Python/3.10.10
        (Linux-5.15.0-1034-azure-x86_64-with-glibc2.31) VSTS_7b238909-6802-4b65-b90d-184bca47f458_build_261_0
    method: GET
    uri: https://management.azure.com/subscriptions/00000000-0000-0000-0000-000000000000/providers/Microsoft.ContainerService/locations/centraluseuap/operations/82cf5928-b203-4978-b817-c681b4521728?api-version=2016-03-30
  response:
    body:
      string: "{\n  \"name\": \"2859cf82-03b2-7849-b817-c681b4521728\",\n  \"status\":
        \"InProgress\",\n  \"startTime\": \"2023-03-28T20:32:37.5985671Z\"\n }"
    headers:
      cache-control:
      - no-cache
      content-length:
      - '126'
      content-type:
      - application/json
      date:
      - Tue, 28 Mar 2023 20:33:07 GMT
      expires:
      - '-1'
      pragma:
      - no-cache
      server:
      - nginx
      strict-transport-security:
      - max-age=31536000; includeSubDomains
      transfer-encoding:
      - chunked
      vary:
      - Accept-Encoding
      x-content-type-options:
      - nosniff
    status:
      code: 200
      message: OK
- request:
    body: null
    headers:
      Accept:
      - '*/*'
      Accept-Encoding:
      - gzip, deflate
      CommandName:
      - aks create
      Connection:
      - keep-alive
      ParameterSetName:
      - --resource-group --name --ssh-key-value
      User-Agent:
      - AZURECLI/2.46.0 azsdk-python-azure-mgmt-containerservice/21.2.0b Python/3.10.10
        (Linux-5.15.0-1034-azure-x86_64-with-glibc2.31) VSTS_7b238909-6802-4b65-b90d-184bca47f458_build_261_0
    method: GET
    uri: https://management.azure.com/subscriptions/00000000-0000-0000-0000-000000000000/providers/Microsoft.ContainerService/locations/centraluseuap/operations/82cf5928-b203-4978-b817-c681b4521728?api-version=2016-03-30
  response:
    body:
      string: "{\n  \"name\": \"2859cf82-03b2-7849-b817-c681b4521728\",\n  \"status\":
        \"InProgress\",\n  \"startTime\": \"2023-03-28T20:32:37.5985671Z\"\n }"
    headers:
      cache-control:
      - no-cache
      content-length:
      - '126'
      content-type:
      - application/json
      date:
      - Tue, 28 Mar 2023 20:33:37 GMT
      expires:
      - '-1'
      pragma:
      - no-cache
      server:
      - nginx
      strict-transport-security:
      - max-age=31536000; includeSubDomains
      transfer-encoding:
      - chunked
      vary:
      - Accept-Encoding
      x-content-type-options:
      - nosniff
    status:
      code: 200
      message: OK
- request:
    body: null
    headers:
      Accept:
      - '*/*'
      Accept-Encoding:
      - gzip, deflate
      CommandName:
      - aks create
      Connection:
      - keep-alive
      ParameterSetName:
      - --resource-group --name --ssh-key-value
      User-Agent:
      - AZURECLI/2.46.0 azsdk-python-azure-mgmt-containerservice/21.2.0b Python/3.10.10
        (Linux-5.15.0-1034-azure-x86_64-with-glibc2.31) VSTS_7b238909-6802-4b65-b90d-184bca47f458_build_261_0
    method: GET
    uri: https://management.azure.com/subscriptions/00000000-0000-0000-0000-000000000000/providers/Microsoft.ContainerService/locations/centraluseuap/operations/82cf5928-b203-4978-b817-c681b4521728?api-version=2016-03-30
  response:
    body:
      string: "{\n  \"name\": \"2859cf82-03b2-7849-b817-c681b4521728\",\n  \"status\":
        \"InProgress\",\n  \"startTime\": \"2023-03-28T20:32:37.5985671Z\"\n }"
    headers:
      cache-control:
      - no-cache
      content-length:
      - '126'
      content-type:
      - application/json
      date:
      - Tue, 28 Mar 2023 20:34:07 GMT
      expires:
      - '-1'
      pragma:
      - no-cache
      server:
      - nginx
      strict-transport-security:
      - max-age=31536000; includeSubDomains
      transfer-encoding:
      - chunked
      vary:
      - Accept-Encoding
      x-content-type-options:
      - nosniff
    status:
      code: 200
      message: OK
- request:
    body: null
    headers:
      Accept:
      - '*/*'
      Accept-Encoding:
      - gzip, deflate
      CommandName:
      - aks create
      Connection:
      - keep-alive
      ParameterSetName:
      - --resource-group --name --ssh-key-value
      User-Agent:
      - AZURECLI/2.46.0 azsdk-python-azure-mgmt-containerservice/21.2.0b Python/3.10.10
        (Linux-5.15.0-1034-azure-x86_64-with-glibc2.31) VSTS_7b238909-6802-4b65-b90d-184bca47f458_build_261_0
    method: GET
    uri: https://management.azure.com/subscriptions/00000000-0000-0000-0000-000000000000/providers/Microsoft.ContainerService/locations/centraluseuap/operations/82cf5928-b203-4978-b817-c681b4521728?api-version=2016-03-30
  response:
    body:
      string: "{\n  \"name\": \"2859cf82-03b2-7849-b817-c681b4521728\",\n  \"status\":
        \"InProgress\",\n  \"startTime\": \"2023-03-28T20:32:37.5985671Z\"\n }"
    headers:
      cache-control:
      - no-cache
      content-length:
      - '126'
      content-type:
      - application/json
      date:
      - Tue, 28 Mar 2023 20:34:38 GMT
      expires:
      - '-1'
      pragma:
      - no-cache
      server:
      - nginx
      strict-transport-security:
      - max-age=31536000; includeSubDomains
      transfer-encoding:
      - chunked
      vary:
      - Accept-Encoding
      x-content-type-options:
      - nosniff
    status:
      code: 200
      message: OK
- request:
    body: null
    headers:
      Accept:
      - '*/*'
      Accept-Encoding:
      - gzip, deflate
      CommandName:
      - aks create
      Connection:
      - keep-alive
      ParameterSetName:
      - --resource-group --name --ssh-key-value
      User-Agent:
      - AZURECLI/2.46.0 azsdk-python-azure-mgmt-containerservice/21.2.0b Python/3.10.10
        (Linux-5.15.0-1034-azure-x86_64-with-glibc2.31) VSTS_7b238909-6802-4b65-b90d-184bca47f458_build_261_0
    method: GET
    uri: https://management.azure.com/subscriptions/00000000-0000-0000-0000-000000000000/providers/Microsoft.ContainerService/locations/centraluseuap/operations/82cf5928-b203-4978-b817-c681b4521728?api-version=2016-03-30
  response:
    body:
      string: "{\n  \"name\": \"2859cf82-03b2-7849-b817-c681b4521728\",\n  \"status\":
        \"InProgress\",\n  \"startTime\": \"2023-03-28T20:32:37.5985671Z\"\n }"
    headers:
      cache-control:
      - no-cache
      content-length:
      - '126'
      content-type:
      - application/json
      date:
      - Tue, 28 Mar 2023 20:35:08 GMT
      expires:
      - '-1'
      pragma:
      - no-cache
      server:
      - nginx
      strict-transport-security:
      - max-age=31536000; includeSubDomains
      transfer-encoding:
      - chunked
      vary:
      - Accept-Encoding
      x-content-type-options:
      - nosniff
    status:
      code: 200
      message: OK
- request:
    body: null
    headers:
      Accept:
      - '*/*'
      Accept-Encoding:
      - gzip, deflate
      CommandName:
      - aks create
      Connection:
      - keep-alive
      ParameterSetName:
      - --resource-group --name --ssh-key-value
      User-Agent:
      - AZURECLI/2.46.0 azsdk-python-azure-mgmt-containerservice/21.2.0b Python/3.10.10
        (Linux-5.15.0-1034-azure-x86_64-with-glibc2.31) VSTS_7b238909-6802-4b65-b90d-184bca47f458_build_261_0
    method: GET
    uri: https://management.azure.com/subscriptions/00000000-0000-0000-0000-000000000000/providers/Microsoft.ContainerService/locations/centraluseuap/operations/82cf5928-b203-4978-b817-c681b4521728?api-version=2016-03-30
  response:
    body:
      string: "{\n  \"name\": \"2859cf82-03b2-7849-b817-c681b4521728\",\n  \"status\":
        \"Succeeded\",\n  \"startTime\": \"2023-03-28T20:32:37.5985671Z\",\n  \"endTime\":
        \"2023-03-28T20:35:18.2339505Z\"\n }"
    headers:
      cache-control:
      - no-cache
      content-length:
      - '170'
      content-type:
      - application/json
      date:
      - Tue, 28 Mar 2023 20:35:38 GMT
      expires:
      - '-1'
      pragma:
      - no-cache
      server:
      - nginx
      strict-transport-security:
      - max-age=31536000; includeSubDomains
      transfer-encoding:
      - chunked
      vary:
      - Accept-Encoding
      x-content-type-options:
      - nosniff
    status:
      code: 200
      message: OK
- request:
    body: null
    headers:
      Accept:
      - '*/*'
      Accept-Encoding:
      - gzip, deflate
      CommandName:
      - aks create
      Connection:
      - keep-alive
      ParameterSetName:
      - --resource-group --name --ssh-key-value
      User-Agent:
      - AZURECLI/2.46.0 azsdk-python-azure-mgmt-containerservice/21.2.0b Python/3.10.10
        (Linux-5.15.0-1034-azure-x86_64-with-glibc2.31) VSTS_7b238909-6802-4b65-b90d-184bca47f458_build_261_0
    method: GET
    uri: https://management.azure.com/subscriptions/00000000-0000-0000-0000-000000000000/resourceGroups/clitest000001/providers/Microsoft.ContainerService/managedClusters/cliakstest000002?api-version=2023-04-02-preview
  response:
    body:
      string: "{\n  \"id\": \"/subscriptions/00000000-0000-0000-0000-000000000000/resourcegroups/clitest000001/providers/Microsoft.ContainerService/managedClusters/cliakstest000002\",\n
        \ \"location\": \"centraluseuap\",\n  \"name\": \"cliakstest000002\",\n  \"type\":
        \"Microsoft.ContainerService/ManagedClusters\",\n  \"properties\": {\n   \"provisioningState\":
        \"Succeeded\",\n   \"powerState\": {\n    \"code\": \"Running\"\n   },\n   \"kubernetesVersion\":
        \"1.24.10\",\n   \"currentKubernetesVersion\": \"1.24.10\",\n   \"dnsPrefix\":
        \"cliakstest-clitestahukllg6r-0b1f64\",\n   \"fqdn\": \"cliakstest-clitestahukllg6r-0b1f64-pkbhvuy5.hcp.centraluseuap.azmk8s.io\",\n
        \  \"azurePortalFQDN\": \"cliakstest-clitestahukllg6r-0b1f64-pkbhvuy5.portal.hcp.centraluseuap.azmk8s.io\",\n
        \  \"agentPoolProfiles\": [\n    {\n     \"name\": \"nodepool1\",\n     \"count\":
        3,\n     \"vmSize\": \"Standard_DS2_v2\",\n     \"osDiskSizeGB\": 128,\n     \"osDiskType\":
        \"Managed\",\n     \"kubeletDiskType\": \"OS\",\n     \"workloadRuntime\":
        \"OCIContainer\",\n     \"maxPods\": 110,\n     \"type\": \"VirtualMachineScaleSets\",\n
        \    \"enableAutoScaling\": false,\n     \"provisioningState\": \"Succeeded\",\n
        \    \"powerState\": {\n      \"code\": \"Running\"\n     },\n     \"orchestratorVersion\":
        \"1.24.10\",\n     \"currentOrchestratorVersion\": \"1.24.10\",\n     \"enableNodePublicIP\":
        false,\n     \"enableCustomCATrust\": false,\n     \"mode\": \"System\",\n
        \    \"enableEncryptionAtHost\": false,\n     \"enableUltraSSD\": false,\n
        \    \"osType\": \"Linux\",\n     \"osSKU\": \"Ubuntu\",\n     \"nodeImageVersion\":
        \"AKSUbuntu-1804gen2containerd-202303.22.0\",\n     \"upgradeSettings\": {},\n
        \    \"enableFIPS\": false,\n     \"networkProfile\": {}\n    }\n   ],\n   \"linuxProfile\":
        {\n    \"adminUsername\": \"azureuser\",\n    \"ssh\": {\n     \"publicKeys\":
        [\n      {\n       \"keyData\": \"ssh-rsa AAAAB3NzaC1yc2EAAAADAQABAAACAQCbIg1guRHbI0lV11wWDt1r2cUdcNd27CJsg+SfgC7miZeubtwUhbsPdhMQsfDyhOWHq1+ZL0M+nJZV63d/1dhmhtgyOqejUwrPlzKhydsbrsdUor+JmNJDdW01v7BXHyuymT8G4s09jCasNOwiufbP/qp72ruu0bIA1nySsvlf9pCQAuFkAnVnf/rFhUlOkhtRpwcq8SUNY2zRHR/EKb/4NWY1JzR4sa3q2fWIJdrrX0DvLoa5g9bIEd4Df79ba7v+yiUBOS0zT2ll+z4g9izHK3EO5d8hL4jYxcjKs+wcslSYRWrascfscLgMlMGh0CdKeNTDjHpGPncaf3Z+FwwwjWeuiNBxv7bJo13/8B/098KlVDl4GZqsoBCEjPyJfV6hO0y/LkRGkk7oHWKgeWAfKtfLItRp00eZ4fcJNK9kCaSMmEugoZWcI7NGbZXzqFWqbpRI7NcDP9+WIQ+i9U5vqWsqd/zng4kbuAJ6UuKqIzB0upYrLShfQE3SAck8oaLhJqqq56VfDuASNpJKidV+zq27HfSBmbXnkR/5AK337dc3MXKJypoK/QPMLKUAP5XLPbs+NddJQV7EZXd29DLgp+fRIg3edpKdO7ZErWhv7d+3Kws+e1Y+ypmR2WIVSwVyBEUfgv2C8Ts9gnTF4pNcEY/S2aBicz5Ew2+jdyGNQQ==
        test@example.com\\n\"\n      }\n     ]\n    }\n   },\n   \"servicePrincipalProfile\":
        {\n    \"clientId\":\"00000000-0000-0000-0000-000000000001\"\n   },\n   \"nodeResourceGroup\":
        \"MC_clitest000001_cliakstest000002_centraluseuap\",\n   \"enableRBAC\": true,\n
        \  \"enablePodSecurityPolicy\": false,\n   \"networkProfile\": {\n    \"networkPlugin\":
        \"kubenet\",\n    \"loadBalancerSku\": \"Standard\",\n    \"loadBalancerProfile\":
        {\n     \"managedOutboundIPs\": {\n      \"count\": 1\n     },\n     \"effectiveOutboundIPs\":
        [\n      {\n       \"id\": \"/subscriptions/00000000-0000-0000-0000-000000000000/resourceGroups/MC_clitest000001_cliakstest000002_centraluseuap/providers/Microsoft.Network/publicIPAddresses/ae91d46b-43d7-4c9b-b7e6-0247a9dddf15\"\n
        \     }\n     ],\n     \"backendPoolType\": \"nodeIPConfiguration\"\n    },\n
        \   \"podCidr\": \"10.244.0.0/16\",\n    \"serviceCidr\": \"10.0.0.0/16\",\n
        \   \"dnsServiceIP\": \"10.0.0.10\",\n    \"dockerBridgeCidr\": \"172.17.0.1/16\",\n
        \   \"outboundType\": \"loadBalancer\",\n    \"podCidrs\": [\n     \"10.244.0.0/16\"\n
        \   ],\n    \"serviceCidrs\": [\n     \"10.0.0.0/16\"\n    ],\n    \"ipFamilies\":
        [\n     \"IPv4\"\n    ]\n   },\n   \"maxAgentPools\": 100,\n   \"identityProfile\":
        {\n    \"kubeletidentity\": {\n     \"resourceId\": \"/subscriptions/00000000-0000-0000-0000-000000000000/resourcegroups/MC_clitest000001_cliakstest000002_centraluseuap/providers/Microsoft.ManagedIdentity/userAssignedIdentities/cliakstest000002-agentpool\",\n
        \    \"clientId\":\"00000000-0000-0000-0000-000000000001\",\n     \"objectId\":\"00000000-0000-0000-0000-000000000001\"\n
        \   }\n   },\n   \"disableLocalAccounts\": false,\n   \"securityProfile\":
        {},\n   \"storageProfile\": {\n    \"diskCSIDriver\": {\n     \"enabled\":
        true,\n     \"version\": \"v1\"\n    },\n    \"fileCSIDriver\": {\n     \"enabled\":
        true\n    },\n    \"snapshotController\": {\n     \"enabled\": true\n    }\n
        \  },\n   \"oidcIssuerProfile\": {\n    \"enabled\": false\n   },\n   \"workloadAutoScalerProfile\":
        {}\n  },\n  \"identity\": {\n   \"type\": \"SystemAssigned\",\n   \"principalId\":\"00000000-0000-0000-0000-000000000001\",\n
        \  \"tenantId\": \"54826b22-38d6-4fb2-bad9-b7b93a3e9c5a\"\n  },\n  \"sku\":
        {\n   \"name\": \"Base\",\n   \"tier\": \"Free\"\n  }\n }"
    headers:
      cache-control:
      - no-cache
      content-length:
      - '4498'
      content-type:
      - application/json
      date:
      - Tue, 28 Mar 2023 20:35:38 GMT
      expires:
      - '-1'
      pragma:
      - no-cache
      server:
      - nginx
      strict-transport-security:
      - max-age=31536000; includeSubDomains
      transfer-encoding:
      - chunked
      vary:
      - Accept-Encoding
      x-content-type-options:
      - nosniff
    status:
      code: 200
      message: OK
- request:
    body: null
    headers:
      Accept:
      - application/json
      Accept-Encoding:
      - gzip, deflate
      CommandName:
      - aks nodepool add
      Connection:
      - keep-alive
      ParameterSetName:
      - --resource-group --cluster-name --name --node-count
      User-Agent:
      - AZURECLI/2.46.0 azsdk-python-azure-mgmt-containerservice/21.2.0b Python/3.10.10
        (Linux-5.15.0-1034-azure-x86_64-with-glibc2.31) VSTS_7b238909-6802-4b65-b90d-184bca47f458_build_261_0
    method: GET
    uri: https://management.azure.com/subscriptions/00000000-0000-0000-0000-000000000000/resourceGroups/clitest000001/providers/Microsoft.ContainerService/managedClusters/cliakstest000002/agentPools?api-version=2023-04-02-preview
  response:
    body:
      string: "{\n  \"value\": [\n   {\n    \"id\": \"/subscriptions/00000000-0000-0000-0000-000000000000/resourcegroups/clitest000001/providers/Microsoft.ContainerService/managedClusters/cliakstest000002/agentPools/nodepool1\",\n
        \   \"name\": \"nodepool1\",\n    \"type\": \"Microsoft.ContainerService/managedClusters/agentPools\",\n
        \   \"properties\": {\n     \"count\": 3,\n     \"vmSize\": \"Standard_DS2_v2\",\n
        \    \"osDiskSizeGB\": 128,\n     \"osDiskType\": \"Managed\",\n     \"kubeletDiskType\":
        \"OS\",\n     \"workloadRuntime\": \"OCIContainer\",\n     \"maxPods\": 110,\n
        \    \"type\": \"VirtualMachineScaleSets\",\n     \"enableAutoScaling\": false,\n
        \    \"provisioningState\": \"Succeeded\",\n     \"powerState\": {\n      \"code\":
        \"Running\"\n     },\n     \"orchestratorVersion\": \"1.24.10\",\n     \"currentOrchestratorVersion\":
        \"1.24.10\",\n     \"enableNodePublicIP\": false,\n     \"enableCustomCATrust\":
        false,\n     \"mode\": \"System\",\n     \"enableEncryptionAtHost\": false,\n
        \    \"enableUltraSSD\": false,\n     \"osType\": \"Linux\",\n     \"osSKU\":
        \"Ubuntu\",\n     \"nodeImageVersion\": \"AKSUbuntu-1804gen2containerd-202303.22.0\",\n
        \    \"upgradeSettings\": {},\n     \"enableFIPS\": false,\n     \"networkProfile\":
        {}\n    }\n   }\n  ]\n }"
    headers:
      cache-control:
      - no-cache
      content-length:
      - '1141'
      content-type:
      - application/json
      date:
      - Tue, 28 Mar 2023 20:35:39 GMT
      expires:
      - '-1'
      pragma:
      - no-cache
      server:
      - nginx
      strict-transport-security:
      - max-age=31536000; includeSubDomains
      transfer-encoding:
      - chunked
      vary:
      - Accept-Encoding
      x-content-type-options:
      - nosniff
    status:
      code: 200
      message: OK
- request:
    body: '{"properties": {"count": 2, "vmSize": "Standard_DS2_v2", "osDiskSizeGB":
      0, "workloadRuntime": "OCIContainer", "osType": "Linux", "enableAutoScaling":
      false, "scaleDownMode": "Delete", "type": "VirtualMachineScaleSets", "mode":
      "User", "upgradeSettings": {}, "enableNodePublicIP": false, "enableCustomCATrust":
      false, "scaleSetPriority": "Regular", "scaleSetEvictionPolicy": "Delete", "spotMaxPrice":
      -1.0, "nodeTaints": [], "enableEncryptionAtHost": false, "enableUltraSSD": false,
      "enableFIPS": false, "networkProfile": {}}}'
    headers:
      Accept:
      - application/json
      Accept-Encoding:
      - gzip, deflate
      CommandName:
      - aks nodepool add
      Connection:
      - keep-alive
      Content-Length:
      - '526'
      Content-Type:
      - application/json
      ParameterSetName:
      - --resource-group --cluster-name --name --node-count
      User-Agent:
      - AZURECLI/2.46.0 azsdk-python-azure-mgmt-containerservice/21.2.0b Python/3.10.10
        (Linux-5.15.0-1034-azure-x86_64-with-glibc2.31) VSTS_7b238909-6802-4b65-b90d-184bca47f458_build_261_0
    method: PUT
    uri: https://management.azure.com/subscriptions/00000000-0000-0000-0000-000000000000/resourceGroups/clitest000001/providers/Microsoft.ContainerService/managedClusters/cliakstest000002/agentPools/c000003?api-version=2023-04-02-preview
  response:
    body:
      string: "{\n  \"id\": \"/subscriptions/00000000-0000-0000-0000-000000000000/resourcegroups/clitest000001/providers/Microsoft.ContainerService/managedClusters/cliakstest000002/agentPools/c000003\",\n
        \ \"name\": \"c000003\",\n  \"type\": \"Microsoft.ContainerService/managedClusters/agentPools\",\n
        \ \"properties\": {\n   \"count\": 2,\n   \"vmSize\": \"Standard_DS2_v2\",\n
        \  \"osDiskSizeGB\": 128,\n   \"osDiskType\": \"Managed\",\n   \"kubeletDiskType\":
        \"OS\",\n   \"workloadRuntime\": \"OCIContainer\",\n   \"maxPods\": 110,\n
        \  \"type\": \"VirtualMachineScaleSets\",\n   \"enableAutoScaling\": false,\n
        \  \"scaleDownMode\": \"Delete\",\n   \"provisioningState\": \"Creating\",\n
        \  \"powerState\": {\n    \"code\": \"Running\"\n   },\n   \"orchestratorVersion\":
        \"1.24.10\",\n   \"currentOrchestratorVersion\": \"1.24.10\",\n   \"enableNodePublicIP\":
        false,\n   \"enableCustomCATrust\": false,\n   \"mode\": \"User\",\n   \"enableEncryptionAtHost\":
        false,\n   \"enableUltraSSD\": false,\n   \"osType\": \"Linux\",\n   \"osSKU\":
        \"Ubuntu\",\n   \"nodeImageVersion\": \"AKSUbuntu-1804gen2containerd-202303.22.0\",\n
        \  \"upgradeSettings\": {},\n   \"enableFIPS\": false,\n   \"networkProfile\":
        {}\n  }\n }"
    headers:
      azure-asyncoperation:
      - https://management.azure.com/subscriptions/00000000-0000-0000-0000-000000000000/providers/Microsoft.ContainerService/locations/centraluseuap/operations/1e113b4d-528b-4b8d-8b17-01bab8a8095e?api-version=2016-03-30
      cache-control:
      - no-cache
      content-length:
      - '1075'
      content-type:
      - application/json
      date:
      - Tue, 28 Mar 2023 20:35:43 GMT
      expires:
      - '-1'
      pragma:
      - no-cache
      server:
      - nginx
      strict-transport-security:
      - max-age=31536000; includeSubDomains
      x-content-type-options:
      - nosniff
      x-ms-ratelimit-remaining-subscription-writes:
      - '1196'
    status:
      code: 201
      message: Created
- request:
    body: null
    headers:
      Accept:
      - '*/*'
      Accept-Encoding:
      - gzip, deflate
      CommandName:
      - aks nodepool add
      Connection:
      - keep-alive
      ParameterSetName:
      - --resource-group --cluster-name --name --node-count
      User-Agent:
      - AZURECLI/2.46.0 azsdk-python-azure-mgmt-containerservice/21.2.0b Python/3.10.10
        (Linux-5.15.0-1034-azure-x86_64-with-glibc2.31) VSTS_7b238909-6802-4b65-b90d-184bca47f458_build_261_0
    method: GET
    uri: https://management.azure.com/subscriptions/00000000-0000-0000-0000-000000000000/providers/Microsoft.ContainerService/locations/centraluseuap/operations/1e113b4d-528b-4b8d-8b17-01bab8a8095e?api-version=2016-03-30
  response:
    body:
      string: "{\n  \"name\": \"4d3b111e-8b52-8d4b-8b17-01bab8a8095e\",\n  \"status\":
        \"InProgress\",\n  \"startTime\": \"2023-03-28T20:35:43.8045058Z\"\n }"
    headers:
      cache-control:
      - no-cache
      content-length:
      - '126'
      content-type:
      - application/json
      date:
      - Tue, 28 Mar 2023 20:36:13 GMT
      expires:
      - '-1'
      pragma:
      - no-cache
      server:
      - nginx
      strict-transport-security:
      - max-age=31536000; includeSubDomains
      transfer-encoding:
      - chunked
      vary:
      - Accept-Encoding
      x-content-type-options:
      - nosniff
    status:
      code: 200
      message: OK
- request:
    body: null
    headers:
      Accept:
      - '*/*'
      Accept-Encoding:
      - gzip, deflate
      CommandName:
      - aks nodepool add
      Connection:
      - keep-alive
      ParameterSetName:
      - --resource-group --cluster-name --name --node-count
      User-Agent:
      - AZURECLI/2.46.0 azsdk-python-azure-mgmt-containerservice/21.2.0b Python/3.10.10
        (Linux-5.15.0-1034-azure-x86_64-with-glibc2.31) VSTS_7b238909-6802-4b65-b90d-184bca47f458_build_261_0
    method: GET
    uri: https://management.azure.com/subscriptions/00000000-0000-0000-0000-000000000000/providers/Microsoft.ContainerService/locations/centraluseuap/operations/1e113b4d-528b-4b8d-8b17-01bab8a8095e?api-version=2016-03-30
  response:
    body:
      string: "{\n  \"name\": \"4d3b111e-8b52-8d4b-8b17-01bab8a8095e\",\n  \"status\":
        \"InProgress\",\n  \"startTime\": \"2023-03-28T20:35:43.8045058Z\"\n }"
    headers:
      cache-control:
      - no-cache
      content-length:
      - '126'
      content-type:
      - application/json
      date:
      - Tue, 28 Mar 2023 20:36:43 GMT
      expires:
      - '-1'
      pragma:
      - no-cache
      server:
      - nginx
      strict-transport-security:
      - max-age=31536000; includeSubDomains
      transfer-encoding:
      - chunked
      vary:
      - Accept-Encoding
      x-content-type-options:
      - nosniff
    status:
      code: 200
      message: OK
- request:
    body: null
    headers:
      Accept:
      - '*/*'
      Accept-Encoding:
      - gzip, deflate
      CommandName:
      - aks nodepool add
      Connection:
      - keep-alive
      ParameterSetName:
      - --resource-group --cluster-name --name --node-count
      User-Agent:
      - AZURECLI/2.46.0 azsdk-python-azure-mgmt-containerservice/21.2.0b Python/3.10.10
        (Linux-5.15.0-1034-azure-x86_64-with-glibc2.31) VSTS_7b238909-6802-4b65-b90d-184bca47f458_build_261_0
    method: GET
    uri: https://management.azure.com/subscriptions/00000000-0000-0000-0000-000000000000/providers/Microsoft.ContainerService/locations/centraluseuap/operations/1e113b4d-528b-4b8d-8b17-01bab8a8095e?api-version=2016-03-30
  response:
    body:
      string: "{\n  \"name\": \"4d3b111e-8b52-8d4b-8b17-01bab8a8095e\",\n  \"status\":
        \"Succeeded\",\n  \"startTime\": \"2023-03-28T20:35:43.8045058Z\",\n  \"endTime\":
        \"2023-03-28T20:37:12.4235281Z\"\n }"
    headers:
      cache-control:
      - no-cache
      content-length:
      - '170'
      content-type:
      - application/json
      date:
      - Tue, 28 Mar 2023 20:37:13 GMT
      expires:
      - '-1'
      pragma:
      - no-cache
      server:
      - nginx
      strict-transport-security:
      - max-age=31536000; includeSubDomains
      transfer-encoding:
      - chunked
      vary:
      - Accept-Encoding
      x-content-type-options:
      - nosniff
    status:
      code: 200
      message: OK
- request:
    body: null
    headers:
      Accept:
      - '*/*'
      Accept-Encoding:
      - gzip, deflate
      CommandName:
      - aks nodepool add
      Connection:
      - keep-alive
      ParameterSetName:
      - --resource-group --cluster-name --name --node-count
      User-Agent:
      - AZURECLI/2.46.0 azsdk-python-azure-mgmt-containerservice/21.2.0b Python/3.10.10
        (Linux-5.15.0-1034-azure-x86_64-with-glibc2.31) VSTS_7b238909-6802-4b65-b90d-184bca47f458_build_261_0
    method: GET
    uri: https://management.azure.com/subscriptions/00000000-0000-0000-0000-000000000000/resourceGroups/clitest000001/providers/Microsoft.ContainerService/managedClusters/cliakstest000002/agentPools/c000003?api-version=2023-04-02-preview
  response:
    body:
      string: "{\n  \"id\": \"/subscriptions/00000000-0000-0000-0000-000000000000/resourcegroups/clitest000001/providers/Microsoft.ContainerService/managedClusters/cliakstest000002/agentPools/c000003\",\n
        \ \"name\": \"c000003\",\n  \"type\": \"Microsoft.ContainerService/managedClusters/agentPools\",\n
        \ \"properties\": {\n   \"count\": 2,\n   \"vmSize\": \"Standard_DS2_v2\",\n
        \  \"osDiskSizeGB\": 128,\n   \"osDiskType\": \"Managed\",\n   \"kubeletDiskType\":
        \"OS\",\n   \"workloadRuntime\": \"OCIContainer\",\n   \"maxPods\": 110,\n
        \  \"type\": \"VirtualMachineScaleSets\",\n   \"enableAutoScaling\": false,\n
        \  \"scaleDownMode\": \"Delete\",\n   \"provisioningState\": \"Succeeded\",\n
        \  \"powerState\": {\n    \"code\": \"Running\"\n   },\n   \"orchestratorVersion\":
        \"1.24.10\",\n   \"currentOrchestratorVersion\": \"1.24.10\",\n   \"enableNodePublicIP\":
        false,\n   \"enableCustomCATrust\": false,\n   \"mode\": \"User\",\n   \"enableEncryptionAtHost\":
        false,\n   \"enableUltraSSD\": false,\n   \"osType\": \"Linux\",\n   \"osSKU\":
        \"Ubuntu\",\n   \"nodeImageVersion\": \"AKSUbuntu-1804gen2containerd-202303.22.0\",\n
        \  \"upgradeSettings\": {},\n   \"enableFIPS\": false,\n   \"networkProfile\":
        {}\n  }\n }"
    headers:
      cache-control:
      - no-cache
      content-length:
      - '1076'
      content-type:
      - application/json
      date:
      - Tue, 28 Mar 2023 20:37:13 GMT
      expires:
      - '-1'
      pragma:
      - no-cache
      server:
      - nginx
      strict-transport-security:
      - max-age=31536000; includeSubDomains
      transfer-encoding:
      - chunked
      vary:
      - Accept-Encoding
      x-content-type-options:
      - nosniff
    status:
      code: 200
      message: OK
- request:
    body: null
    headers:
      Accept:
      - application/json
      Accept-Encoding:
      - gzip, deflate
      CommandName:
      - aks nodepool stop
      Connection:
      - keep-alive
      ParameterSetName:
      - --resource-group --cluster-name --nodepool-name --aks-custom-headers
      User-Agent:
      - AZURECLI/2.46.0 azsdk-python-azure-mgmt-containerservice/21.2.0b Python/3.10.10
        (Linux-5.15.0-1034-azure-x86_64-with-glibc2.31) VSTS_7b238909-6802-4b65-b90d-184bca47f458_build_261_0
    method: GET
    uri: https://management.azure.com/subscriptions/00000000-0000-0000-0000-000000000000/resourceGroups/clitest000001/providers/Microsoft.ContainerService/managedClusters/cliakstest000002/agentPools?api-version=2023-04-02-preview
  response:
    body:
      string: "{\n  \"value\": [\n   {\n    \"id\": \"/subscriptions/00000000-0000-0000-0000-000000000000/resourcegroups/clitest000001/providers/Microsoft.ContainerService/managedClusters/cliakstest000002/agentPools/c000003\",\n
        \   \"name\": \"c000003\",\n    \"type\": \"Microsoft.ContainerService/managedClusters/agentPools\",\n
        \   \"properties\": {\n     \"count\": 2,\n     \"vmSize\": \"Standard_DS2_v2\",\n
        \    \"osDiskSizeGB\": 128,\n     \"osDiskType\": \"Managed\",\n     \"kubeletDiskType\":
        \"OS\",\n     \"workloadRuntime\": \"OCIContainer\",\n     \"maxPods\": 110,\n
        \    \"type\": \"VirtualMachineScaleSets\",\n     \"enableAutoScaling\": false,\n
        \    \"scaleDownMode\": \"Delete\",\n     \"provisioningState\": \"Succeeded\",\n
        \    \"powerState\": {\n      \"code\": \"Running\"\n     },\n     \"orchestratorVersion\":
        \"1.24.10\",\n     \"currentOrchestratorVersion\": \"1.24.10\",\n     \"enableNodePublicIP\":
        false,\n     \"enableCustomCATrust\": false,\n     \"mode\": \"User\",\n     \"enableEncryptionAtHost\":
        false,\n     \"enableUltraSSD\": false,\n     \"osType\": \"Linux\",\n     \"osSKU\":
        \"Ubuntu\",\n     \"nodeImageVersion\": \"AKSUbuntu-1804gen2containerd-202303.22.0\",\n
        \    \"upgradeSettings\": {},\n     \"enableFIPS\": false,\n     \"networkProfile\":
        {}\n    }\n   },\n   {\n    \"id\": \"/subscriptions/00000000-0000-0000-0000-000000000000/resourcegroups/clitest000001/providers/Microsoft.ContainerService/managedClusters/cliakstest000002/agentPools/nodepool1\",\n
        \   \"name\": \"nodepool1\",\n    \"type\": \"Microsoft.ContainerService/managedClusters/agentPools\",\n
        \   \"properties\": {\n     \"count\": 3,\n     \"vmSize\": \"Standard_DS2_v2\",\n
        \    \"osDiskSizeGB\": 128,\n     \"osDiskType\": \"Managed\",\n     \"kubeletDiskType\":
        \"OS\",\n     \"workloadRuntime\": \"OCIContainer\",\n     \"maxPods\": 110,\n
        \    \"type\": \"VirtualMachineScaleSets\",\n     \"enableAutoScaling\": false,\n
        \    \"provisioningState\": \"Succeeded\",\n     \"powerState\": {\n      \"code\":
        \"Running\"\n     },\n     \"orchestratorVersion\": \"1.24.10\",\n     \"currentOrchestratorVersion\":
        \"1.24.10\",\n     \"enableNodePublicIP\": false,\n     \"enableCustomCATrust\":
        false,\n     \"mode\": \"System\",\n     \"enableEncryptionAtHost\": false,\n
        \    \"enableUltraSSD\": false,\n     \"osType\": \"Linux\",\n     \"osSKU\":
        \"Ubuntu\",\n     \"nodeImageVersion\": \"AKSUbuntu-1804gen2containerd-202303.22.0\",\n
        \    \"upgradeSettings\": {},\n     \"enableFIPS\": false,\n     \"networkProfile\":
        {}\n    }\n   }\n  ]\n }"
    headers:
      cache-control:
      - no-cache
      content-length:
      - '2288'
      content-type:
      - application/json
      date:
      - Tue, 28 Mar 2023 20:37:15 GMT
      expires:
      - '-1'
      pragma:
      - no-cache
      server:
      - nginx
      strict-transport-security:
      - max-age=31536000; includeSubDomains
      transfer-encoding:
      - chunked
      vary:
      - Accept-Encoding
      x-content-type-options:
      - nosniff
    status:
      code: 200
      message: OK
- request:
    body: null
    headers:
      Accept:
      - application/json
      Accept-Encoding:
      - gzip, deflate
      CommandName:
      - aks nodepool stop
      Connection:
      - keep-alive
      ParameterSetName:
      - --resource-group --cluster-name --nodepool-name --aks-custom-headers
      User-Agent:
      - AZURECLI/2.46.0 azsdk-python-azure-mgmt-containerservice/21.2.0b Python/3.10.10
        (Linux-5.15.0-1034-azure-x86_64-with-glibc2.31) VSTS_7b238909-6802-4b65-b90d-184bca47f458_build_261_0
    method: GET
    uri: https://management.azure.com/subscriptions/00000000-0000-0000-0000-000000000000/resourceGroups/clitest000001/providers/Microsoft.ContainerService/managedClusters/cliakstest000002/agentPools/c000003?api-version=2023-04-02-preview
  response:
    body:
      string: "{\n  \"id\": \"/subscriptions/00000000-0000-0000-0000-000000000000/resourcegroups/clitest000001/providers/Microsoft.ContainerService/managedClusters/cliakstest000002/agentPools/c000003\",\n
        \ \"name\": \"c000003\",\n  \"type\": \"Microsoft.ContainerService/managedClusters/agentPools\",\n
        \ \"properties\": {\n   \"count\": 2,\n   \"vmSize\": \"Standard_DS2_v2\",\n
        \  \"osDiskSizeGB\": 128,\n   \"osDiskType\": \"Managed\",\n   \"kubeletDiskType\":
        \"OS\",\n   \"workloadRuntime\": \"OCIContainer\",\n   \"maxPods\": 110,\n
        \  \"type\": \"VirtualMachineScaleSets\",\n   \"enableAutoScaling\": false,\n
        \  \"scaleDownMode\": \"Delete\",\n   \"provisioningState\": \"Succeeded\",\n
        \  \"powerState\": {\n    \"code\": \"Running\"\n   },\n   \"orchestratorVersion\":
        \"1.24.10\",\n   \"currentOrchestratorVersion\": \"1.24.10\",\n   \"enableNodePublicIP\":
        false,\n   \"enableCustomCATrust\": false,\n   \"mode\": \"User\",\n   \"enableEncryptionAtHost\":
        false,\n   \"enableUltraSSD\": false,\n   \"osType\": \"Linux\",\n   \"osSKU\":
        \"Ubuntu\",\n   \"nodeImageVersion\": \"AKSUbuntu-1804gen2containerd-202303.22.0\",\n
        \  \"upgradeSettings\": {},\n   \"enableFIPS\": false,\n   \"networkProfile\":
        {}\n  }\n }"
    headers:
      cache-control:
      - no-cache
      content-length:
      - '1076'
      content-type:
      - application/json
      date:
      - Tue, 28 Mar 2023 20:37:15 GMT
      expires:
      - '-1'
      pragma:
      - no-cache
      server:
      - nginx
      strict-transport-security:
      - max-age=31536000; includeSubDomains
      transfer-encoding:
      - chunked
      vary:
      - Accept-Encoding
      x-content-type-options:
      - nosniff
    status:
      code: 200
      message: OK
- request:
    body: '{"properties": {"count": 2, "vmSize": "Standard_DS2_v2", "osDiskSizeGB":
      128, "osDiskType": "Managed", "kubeletDiskType": "OS", "workloadRuntime": "OCIContainer",
      "maxPods": 110, "osType": "Linux", "osSKU": "Ubuntu", "enableAutoScaling": false,
      "scaleDownMode": "Delete", "type": "VirtualMachineScaleSets", "mode": "User",
      "orchestratorVersion": "1.24.10", "upgradeSettings": {}, "powerState": {"code":
      "Stopped"}, "enableNodePublicIP": false, "enableCustomCATrust": false, "enableEncryptionAtHost":
      false, "enableUltraSSD": false, "enableFIPS": false, "networkProfile": {}}}'
    headers:
      AKSHTTPCustomFeatures:
      - Microsoft.ContainerService/PreviewStartStopAgentPool
      Accept:
      - application/json
      Accept-Encoding:
      - gzip, deflate
      CommandName:
      - aks nodepool stop
      Connection:
      - keep-alive
      Content-Length:
      - '575'
      Content-Type:
      - application/json
      ParameterSetName:
      - --resource-group --cluster-name --nodepool-name --aks-custom-headers
      User-Agent:
      - AZURECLI/2.46.0 azsdk-python-azure-mgmt-containerservice/21.2.0b Python/3.10.10
        (Linux-5.15.0-1034-azure-x86_64-with-glibc2.31) VSTS_7b238909-6802-4b65-b90d-184bca47f458_build_261_0
    method: PUT
    uri: https://management.azure.com/subscriptions/00000000-0000-0000-0000-000000000000/resourceGroups/clitest000001/providers/Microsoft.ContainerService/managedClusters/cliakstest000002/agentPools/c000003?api-version=2023-04-02-preview
  response:
    body:
      string: "{\n  \"id\": \"/subscriptions/00000000-0000-0000-0000-000000000000/resourcegroups/clitest000001/providers/Microsoft.ContainerService/managedClusters/cliakstest000002/agentPools/c000003\",\n
        \ \"name\": \"c000003\",\n  \"type\": \"Microsoft.ContainerService/managedClusters/agentPools\",\n
        \ \"properties\": {\n   \"count\": 0,\n   \"vmSize\": \"Standard_DS2_v2\",\n
        \  \"osDiskSizeGB\": 128,\n   \"osDiskType\": \"Managed\",\n   \"kubeletDiskType\":
        \"OS\",\n   \"workloadRuntime\": \"OCIContainer\",\n   \"maxPods\": 110,\n
        \  \"type\": \"VirtualMachineScaleSets\",\n   \"enableAutoScaling\": false,\n
        \  \"scaleDownMode\": \"Delete\",\n   \"provisioningState\": \"Stopping\",\n
        \  \"powerState\": {\n    \"code\": \"Stopped\"\n   },\n   \"orchestratorVersion\":
        \"1.24.10\",\n   \"currentOrchestratorVersion\": \"1.24.10\",\n   \"enableNodePublicIP\":
        false,\n   \"enableCustomCATrust\": false,\n   \"mode\": \"User\",\n   \"enableEncryptionAtHost\":
        false,\n   \"enableUltraSSD\": false,\n   \"osType\": \"Linux\",\n   \"osSKU\":
        \"Ubuntu\",\n   \"nodeImageVersion\": \"AKSUbuntu-1804gen2containerd-202303.22.0\",\n
        \  \"upgradeSettings\": {},\n   \"enableFIPS\": false,\n   \"networkProfile\":
        {}\n  }\n }"
    headers:
      azure-asyncoperation:
      - https://management.azure.com/subscriptions/00000000-0000-0000-0000-000000000000/providers/Microsoft.ContainerService/locations/centraluseuap/operations/3089fc22-03d0-4a44-85d8-4070f07dfcca?api-version=2016-03-30
      cache-control:
      - no-cache
      content-length:
      - '1075'
      content-type:
      - application/json
      date:
      - Tue, 28 Mar 2023 20:37:18 GMT
      expires:
      - '-1'
      pragma:
      - no-cache
      server:
      - nginx
      strict-transport-security:
      - max-age=31536000; includeSubDomains
      transfer-encoding:
      - chunked
      vary:
      - Accept-Encoding
      x-content-type-options:
      - nosniff
      x-ms-ratelimit-remaining-subscription-writes:
      - '1196'
    status:
      code: 200
      message: OK
- request:
    body: null
    headers:
      Accept:
      - '*/*'
      Accept-Encoding:
      - gzip, deflate
      CommandName:
      - aks nodepool stop
      Connection:
      - keep-alive
      ParameterSetName:
      - --resource-group --cluster-name --nodepool-name --aks-custom-headers
      User-Agent:
      - AZURECLI/2.46.0 azsdk-python-azure-mgmt-containerservice/21.2.0b Python/3.10.10
        (Linux-5.15.0-1034-azure-x86_64-with-glibc2.31) VSTS_7b238909-6802-4b65-b90d-184bca47f458_build_261_0
    method: GET
    uri: https://management.azure.com/subscriptions/00000000-0000-0000-0000-000000000000/providers/Microsoft.ContainerService/locations/centraluseuap/operations/3089fc22-03d0-4a44-85d8-4070f07dfcca?api-version=2016-03-30
  response:
    body:
      string: "{\n  \"name\": \"22fc8930-d003-444a-85d8-4070f07dfcca\",\n  \"status\":
        \"InProgress\",\n  \"startTime\": \"2023-03-28T20:37:18.3839935Z\"\n }"
    headers:
      cache-control:
      - no-cache
      content-length:
      - '126'
      content-type:
      - application/json
      date:
      - Tue, 28 Mar 2023 20:37:48 GMT
      expires:
      - '-1'
      pragma:
      - no-cache
      server:
      - nginx
      strict-transport-security:
      - max-age=31536000; includeSubDomains
      transfer-encoding:
      - chunked
      vary:
      - Accept-Encoding
      x-content-type-options:
      - nosniff
    status:
      code: 200
      message: OK
- request:
    body: null
    headers:
      Accept:
      - '*/*'
      Accept-Encoding:
      - gzip, deflate
      CommandName:
      - aks nodepool stop
      Connection:
      - keep-alive
      ParameterSetName:
      - --resource-group --cluster-name --nodepool-name --aks-custom-headers
      User-Agent:
      - AZURECLI/2.46.0 azsdk-python-azure-mgmt-containerservice/21.2.0b Python/3.10.10
        (Linux-5.15.0-1034-azure-x86_64-with-glibc2.31) VSTS_7b238909-6802-4b65-b90d-184bca47f458_build_261_0
    method: GET
    uri: https://management.azure.com/subscriptions/00000000-0000-0000-0000-000000000000/providers/Microsoft.ContainerService/locations/centraluseuap/operations/3089fc22-03d0-4a44-85d8-4070f07dfcca?api-version=2016-03-30
  response:
    body:
      string: "{\n  \"name\": \"22fc8930-d003-444a-85d8-4070f07dfcca\",\n  \"status\":
        \"Succeeded\",\n  \"startTime\": \"2023-03-28T20:37:18.3839935Z\",\n  \"endTime\":
        \"2023-03-28T20:37:56.7518131Z\"\n }"
    headers:
      cache-control:
      - no-cache
      content-length:
      - '170'
      content-type:
      - application/json
      date:
      - Tue, 28 Mar 2023 20:38:18 GMT
      expires:
      - '-1'
      pragma:
      - no-cache
      server:
      - nginx
      strict-transport-security:
      - max-age=31536000; includeSubDomains
      transfer-encoding:
      - chunked
      vary:
      - Accept-Encoding
      x-content-type-options:
      - nosniff
    status:
      code: 200
      message: OK
- request:
    body: null
    headers:
      Accept:
      - '*/*'
      Accept-Encoding:
      - gzip, deflate
      CommandName:
      - aks nodepool stop
      Connection:
      - keep-alive
      ParameterSetName:
      - --resource-group --cluster-name --nodepool-name --aks-custom-headers
      User-Agent:
      - AZURECLI/2.46.0 azsdk-python-azure-mgmt-containerservice/21.2.0b Python/3.10.10
        (Linux-5.15.0-1034-azure-x86_64-with-glibc2.31) VSTS_7b238909-6802-4b65-b90d-184bca47f458_build_261_0
    method: GET
    uri: https://management.azure.com/subscriptions/00000000-0000-0000-0000-000000000000/resourceGroups/clitest000001/providers/Microsoft.ContainerService/managedClusters/cliakstest000002/agentPools/c000003?api-version=2023-04-02-preview
  response:
    body:
      string: "{\n  \"id\": \"/subscriptions/00000000-0000-0000-0000-000000000000/resourcegroups/clitest000001/providers/Microsoft.ContainerService/managedClusters/cliakstest000002/agentPools/c000003\",\n
        \ \"name\": \"c000003\",\n  \"type\": \"Microsoft.ContainerService/managedClusters/agentPools\",\n
        \ \"properties\": {\n   \"count\": 0,\n   \"vmSize\": \"Standard_DS2_v2\",\n
        \  \"osDiskSizeGB\": 128,\n   \"osDiskType\": \"Managed\",\n   \"kubeletDiskType\":
        \"OS\",\n   \"workloadRuntime\": \"OCIContainer\",\n   \"maxPods\": 110,\n
        \  \"type\": \"VirtualMachineScaleSets\",\n   \"enableAutoScaling\": false,\n
        \  \"scaleDownMode\": \"Delete\",\n   \"provisioningState\": \"Succeeded\",\n
        \  \"powerState\": {\n    \"code\": \"Stopped\"\n   },\n   \"orchestratorVersion\":
        \"1.24.10\",\n   \"currentOrchestratorVersion\": \"1.24.10\",\n   \"enableNodePublicIP\":
        false,\n   \"enableCustomCATrust\": false,\n   \"mode\": \"User\",\n   \"enableEncryptionAtHost\":
        false,\n   \"enableUltraSSD\": false,\n   \"osType\": \"Linux\",\n   \"osSKU\":
        \"Ubuntu\",\n   \"nodeImageVersion\": \"AKSUbuntu-1804gen2containerd-202303.22.0\",\n
        \  \"upgradeSettings\": {},\n   \"enableFIPS\": false,\n   \"networkProfile\":
        {}\n  }\n }"
    headers:
      cache-control:
      - no-cache
      content-length:
      - '1076'
      content-type:
      - application/json
      date:
      - Tue, 28 Mar 2023 20:38:18 GMT
      expires:
      - '-1'
      pragma:
      - no-cache
      server:
      - nginx
      strict-transport-security:
      - max-age=31536000; includeSubDomains
      transfer-encoding:
      - chunked
      vary:
      - Accept-Encoding
      x-content-type-options:
      - nosniff
    status:
      code: 200
      message: OK
- request:
    body: null
    headers:
      Accept:
      - application/json
      Accept-Encoding:
      - gzip, deflate
      CommandName:
      - aks nodepool start
      Connection:
      - keep-alive
      ParameterSetName:
      - --resource-group --cluster-name --nodepool-name --aks-custom-headers
      User-Agent:
      - AZURECLI/2.46.0 azsdk-python-azure-mgmt-containerservice/21.2.0b Python/3.10.10
        (Linux-5.15.0-1034-azure-x86_64-with-glibc2.31) VSTS_7b238909-6802-4b65-b90d-184bca47f458_build_261_0
    method: GET
    uri: https://management.azure.com/subscriptions/00000000-0000-0000-0000-000000000000/resourceGroups/clitest000001/providers/Microsoft.ContainerService/managedClusters/cliakstest000002/agentPools?api-version=2023-04-02-preview
  response:
    body:
      string: "{\n  \"value\": [\n   {\n    \"id\": \"/subscriptions/00000000-0000-0000-0000-000000000000/resourcegroups/clitest000001/providers/Microsoft.ContainerService/managedClusters/cliakstest000002/agentPools/c000003\",\n
        \   \"name\": \"c000003\",\n    \"type\": \"Microsoft.ContainerService/managedClusters/agentPools\",\n
        \   \"properties\": {\n     \"count\": 0,\n     \"vmSize\": \"Standard_DS2_v2\",\n
        \    \"osDiskSizeGB\": 128,\n     \"osDiskType\": \"Managed\",\n     \"kubeletDiskType\":
        \"OS\",\n     \"workloadRuntime\": \"OCIContainer\",\n     \"maxPods\": 110,\n
        \    \"type\": \"VirtualMachineScaleSets\",\n     \"enableAutoScaling\": false,\n
        \    \"scaleDownMode\": \"Delete\",\n     \"provisioningState\": \"Succeeded\",\n
        \    \"powerState\": {\n      \"code\": \"Stopped\"\n     },\n     \"orchestratorVersion\":
        \"1.24.10\",\n     \"currentOrchestratorVersion\": \"1.24.10\",\n     \"enableNodePublicIP\":
        false,\n     \"enableCustomCATrust\": false,\n     \"mode\": \"User\",\n     \"enableEncryptionAtHost\":
        false,\n     \"enableUltraSSD\": false,\n     \"osType\": \"Linux\",\n     \"osSKU\":
        \"Ubuntu\",\n     \"nodeImageVersion\": \"AKSUbuntu-1804gen2containerd-202303.22.0\",\n
        \    \"upgradeSettings\": {},\n     \"enableFIPS\": false,\n     \"networkProfile\":
        {}\n    }\n   },\n   {\n    \"id\": \"/subscriptions/00000000-0000-0000-0000-000000000000/resourcegroups/clitest000001/providers/Microsoft.ContainerService/managedClusters/cliakstest000002/agentPools/nodepool1\",\n
        \   \"name\": \"nodepool1\",\n    \"type\": \"Microsoft.ContainerService/managedClusters/agentPools\",\n
        \   \"properties\": {\n     \"count\": 3,\n     \"vmSize\": \"Standard_DS2_v2\",\n
        \    \"osDiskSizeGB\": 128,\n     \"osDiskType\": \"Managed\",\n     \"kubeletDiskType\":
        \"OS\",\n     \"workloadRuntime\": \"OCIContainer\",\n     \"maxPods\": 110,\n
        \    \"type\": \"VirtualMachineScaleSets\",\n     \"enableAutoScaling\": false,\n
        \    \"provisioningState\": \"Succeeded\",\n     \"powerState\": {\n      \"code\":
        \"Running\"\n     },\n     \"orchestratorVersion\": \"1.24.10\",\n     \"currentOrchestratorVersion\":
        \"1.24.10\",\n     \"enableNodePublicIP\": false,\n     \"enableCustomCATrust\":
        false,\n     \"mode\": \"System\",\n     \"enableEncryptionAtHost\": false,\n
        \    \"enableUltraSSD\": false,\n     \"osType\": \"Linux\",\n     \"osSKU\":
        \"Ubuntu\",\n     \"nodeImageVersion\": \"AKSUbuntu-1804gen2containerd-202303.22.0\",\n
        \    \"upgradeSettings\": {},\n     \"enableFIPS\": false,\n     \"networkProfile\":
        {}\n    }\n   }\n  ]\n }"
    headers:
      cache-control:
      - no-cache
      content-length:
      - '2288'
      content-type:
      - application/json
      date:
      - Tue, 28 Mar 2023 20:38:19 GMT
      expires:
      - '-1'
      pragma:
      - no-cache
      server:
      - nginx
      strict-transport-security:
      - max-age=31536000; includeSubDomains
      transfer-encoding:
      - chunked
      vary:
      - Accept-Encoding
      x-content-type-options:
      - nosniff
    status:
      code: 200
      message: OK
- request:
    body: null
    headers:
      Accept:
      - application/json
      Accept-Encoding:
      - gzip, deflate
      CommandName:
      - aks nodepool start
      Connection:
      - keep-alive
      ParameterSetName:
      - --resource-group --cluster-name --nodepool-name --aks-custom-headers
      User-Agent:
      - AZURECLI/2.46.0 azsdk-python-azure-mgmt-containerservice/21.2.0b Python/3.10.10
        (Linux-5.15.0-1034-azure-x86_64-with-glibc2.31) VSTS_7b238909-6802-4b65-b90d-184bca47f458_build_261_0
    method: GET
    uri: https://management.azure.com/subscriptions/00000000-0000-0000-0000-000000000000/resourceGroups/clitest000001/providers/Microsoft.ContainerService/managedClusters/cliakstest000002/agentPools/c000003?api-version=2023-04-02-preview
  response:
    body:
      string: "{\n  \"id\": \"/subscriptions/00000000-0000-0000-0000-000000000000/resourcegroups/clitest000001/providers/Microsoft.ContainerService/managedClusters/cliakstest000002/agentPools/c000003\",\n
        \ \"name\": \"c000003\",\n  \"type\": \"Microsoft.ContainerService/managedClusters/agentPools\",\n
        \ \"properties\": {\n   \"count\": 0,\n   \"vmSize\": \"Standard_DS2_v2\",\n
        \  \"osDiskSizeGB\": 128,\n   \"osDiskType\": \"Managed\",\n   \"kubeletDiskType\":
        \"OS\",\n   \"workloadRuntime\": \"OCIContainer\",\n   \"maxPods\": 110,\n
        \  \"type\": \"VirtualMachineScaleSets\",\n   \"enableAutoScaling\": false,\n
        \  \"scaleDownMode\": \"Delete\",\n   \"provisioningState\": \"Succeeded\",\n
        \  \"powerState\": {\n    \"code\": \"Stopped\"\n   },\n   \"orchestratorVersion\":
        \"1.24.10\",\n   \"currentOrchestratorVersion\": \"1.24.10\",\n   \"enableNodePublicIP\":
        false,\n   \"enableCustomCATrust\": false,\n   \"mode\": \"User\",\n   \"enableEncryptionAtHost\":
        false,\n   \"enableUltraSSD\": false,\n   \"osType\": \"Linux\",\n   \"osSKU\":
        \"Ubuntu\",\n   \"nodeImageVersion\": \"AKSUbuntu-1804gen2containerd-202303.22.0\",\n
        \  \"upgradeSettings\": {},\n   \"enableFIPS\": false,\n   \"networkProfile\":
        {}\n  }\n }"
    headers:
      cache-control:
      - no-cache
      content-length:
      - '1076'
      content-type:
      - application/json
      date:
      - Tue, 28 Mar 2023 20:38:20 GMT
      expires:
      - '-1'
      pragma:
      - no-cache
      server:
      - nginx
      strict-transport-security:
      - max-age=31536000; includeSubDomains
      transfer-encoding:
      - chunked
      vary:
      - Accept-Encoding
      x-content-type-options:
      - nosniff
    status:
      code: 200
      message: OK
- request:
    body: '{"properties": {"count": 0, "vmSize": "Standard_DS2_v2", "osDiskSizeGB":
      128, "osDiskType": "Managed", "kubeletDiskType": "OS", "workloadRuntime": "OCIContainer",
      "maxPods": 110, "osType": "Linux", "osSKU": "Ubuntu", "enableAutoScaling": false,
      "scaleDownMode": "Delete", "type": "VirtualMachineScaleSets", "mode": "User",
      "orchestratorVersion": "1.24.10", "upgradeSettings": {}, "powerState": {"code":
      "Running"}, "enableNodePublicIP": false, "enableCustomCATrust": false, "enableEncryptionAtHost":
      false, "enableUltraSSD": false, "enableFIPS": false, "networkProfile": {}}}'
    headers:
      AKSHTTPCustomFeatures:
      - Microsoft.ContainerService/PreviewStartStopAgentPool
      Accept:
      - application/json
      Accept-Encoding:
      - gzip, deflate
      CommandName:
      - aks nodepool start
      Connection:
      - keep-alive
      Content-Length:
      - '575'
      Content-Type:
      - application/json
      ParameterSetName:
      - --resource-group --cluster-name --nodepool-name --aks-custom-headers
      User-Agent:
      - AZURECLI/2.46.0 azsdk-python-azure-mgmt-containerservice/21.2.0b Python/3.10.10
        (Linux-5.15.0-1034-azure-x86_64-with-glibc2.31) VSTS_7b238909-6802-4b65-b90d-184bca47f458_build_261_0
    method: PUT
    uri: https://management.azure.com/subscriptions/00000000-0000-0000-0000-000000000000/resourceGroups/clitest000001/providers/Microsoft.ContainerService/managedClusters/cliakstest000002/agentPools/c000003?api-version=2023-04-02-preview
  response:
    body:
      string: "{\n  \"id\": \"/subscriptions/00000000-0000-0000-0000-000000000000/resourcegroups/clitest000001/providers/Microsoft.ContainerService/managedClusters/cliakstest000002/agentPools/c000003\",\n
        \ \"name\": \"c000003\",\n  \"type\": \"Microsoft.ContainerService/managedClusters/agentPools\",\n
        \ \"properties\": {\n   \"count\": 2,\n   \"vmSize\": \"Standard_DS2_v2\",\n
        \  \"osDiskSizeGB\": 128,\n   \"osDiskType\": \"Managed\",\n   \"kubeletDiskType\":
        \"OS\",\n   \"workloadRuntime\": \"OCIContainer\",\n   \"maxPods\": 110,\n
        \  \"type\": \"VirtualMachineScaleSets\",\n   \"enableAutoScaling\": false,\n
        \  \"scaleDownMode\": \"Delete\",\n   \"provisioningState\": \"Starting\",\n
        \  \"powerState\": {\n    \"code\": \"Running\"\n   },\n   \"orchestratorVersion\":
        \"1.24.10\",\n   \"currentOrchestratorVersion\": \"1.24.10\",\n   \"enableNodePublicIP\":
        false,\n   \"enableCustomCATrust\": false,\n   \"mode\": \"User\",\n   \"enableEncryptionAtHost\":
        false,\n   \"enableUltraSSD\": false,\n   \"osType\": \"Linux\",\n   \"osSKU\":
        \"Ubuntu\",\n   \"nodeImageVersion\": \"AKSUbuntu-1804gen2containerd-202303.22.0\",\n
        \  \"upgradeSettings\": {},\n   \"enableFIPS\": false,\n   \"networkProfile\":
        {}\n  }\n }"
    headers:
      azure-asyncoperation:
      - https://management.azure.com/subscriptions/00000000-0000-0000-0000-000000000000/providers/Microsoft.ContainerService/locations/centraluseuap/operations/8cd76818-8a7e-4432-a455-ac5fd8240b72?api-version=2016-03-30
      cache-control:
      - no-cache
      content-length:
      - '1075'
      content-type:
      - application/json
      date:
      - Tue, 28 Mar 2023 20:38:23 GMT
      expires:
      - '-1'
      pragma:
      - no-cache
      server:
      - nginx
      strict-transport-security:
      - max-age=31536000; includeSubDomains
      transfer-encoding:
      - chunked
      vary:
      - Accept-Encoding
      x-content-type-options:
      - nosniff
      x-ms-ratelimit-remaining-subscription-writes:
      - '1199'
    status:
      code: 200
      message: OK
- request:
    body: null
    headers:
      Accept:
      - '*/*'
      Accept-Encoding:
      - gzip, deflate
      CommandName:
      - aks nodepool start
      Connection:
      - keep-alive
      ParameterSetName:
      - --resource-group --cluster-name --nodepool-name --aks-custom-headers
      User-Agent:
      - AZURECLI/2.46.0 azsdk-python-azure-mgmt-containerservice/21.2.0b Python/3.10.10
        (Linux-5.15.0-1034-azure-x86_64-with-glibc2.31) VSTS_7b238909-6802-4b65-b90d-184bca47f458_build_261_0
    method: GET
    uri: https://management.azure.com/subscriptions/00000000-0000-0000-0000-000000000000/providers/Microsoft.ContainerService/locations/centraluseuap/operations/8cd76818-8a7e-4432-a455-ac5fd8240b72?api-version=2016-03-30
  response:
    body:
      string: "{\n  \"name\": \"1868d78c-7e8a-3244-a455-ac5fd8240b72\",\n  \"status\":
        \"InProgress\",\n  \"startTime\": \"2023-03-28T20:38:24.0880248Z\"\n }"
    headers:
      cache-control:
      - no-cache
      content-length:
      - '126'
      content-type:
      - application/json
      date:
      - Tue, 28 Mar 2023 20:38:53 GMT
      expires:
      - '-1'
      pragma:
      - no-cache
      server:
      - nginx
      strict-transport-security:
      - max-age=31536000; includeSubDomains
      transfer-encoding:
      - chunked
      vary:
      - Accept-Encoding
      x-content-type-options:
      - nosniff
    status:
      code: 200
      message: OK
- request:
    body: null
    headers:
      Accept:
      - '*/*'
      Accept-Encoding:
      - gzip, deflate
      CommandName:
      - aks nodepool start
      Connection:
      - keep-alive
      ParameterSetName:
      - --resource-group --cluster-name --nodepool-name --aks-custom-headers
      User-Agent:
      - AZURECLI/2.46.0 azsdk-python-azure-mgmt-containerservice/21.2.0b Python/3.10.10
        (Linux-5.15.0-1034-azure-x86_64-with-glibc2.31) VSTS_7b238909-6802-4b65-b90d-184bca47f458_build_261_0
    method: GET
    uri: https://management.azure.com/subscriptions/00000000-0000-0000-0000-000000000000/providers/Microsoft.ContainerService/locations/centraluseuap/operations/8cd76818-8a7e-4432-a455-ac5fd8240b72?api-version=2016-03-30
  response:
    body:
      string: "{\n  \"name\": \"1868d78c-7e8a-3244-a455-ac5fd8240b72\",\n  \"status\":
        \"InProgress\",\n  \"startTime\": \"2023-03-28T20:38:24.0880248Z\"\n }"
    headers:
      cache-control:
      - no-cache
      content-length:
      - '126'
      content-type:
      - application/json
      date:
      - Tue, 28 Mar 2023 20:39:23 GMT
      expires:
      - '-1'
      pragma:
      - no-cache
      server:
      - nginx
      strict-transport-security:
      - max-age=31536000; includeSubDomains
      transfer-encoding:
      - chunked
      vary:
      - Accept-Encoding
      x-content-type-options:
      - nosniff
    status:
      code: 200
      message: OK
- request:
    body: null
    headers:
      Accept:
      - '*/*'
      Accept-Encoding:
      - gzip, deflate
      CommandName:
      - aks nodepool start
      Connection:
      - keep-alive
      ParameterSetName:
      - --resource-group --cluster-name --nodepool-name --aks-custom-headers
      User-Agent:
      - AZURECLI/2.46.0 azsdk-python-azure-mgmt-containerservice/21.2.0b Python/3.10.10
        (Linux-5.15.0-1034-azure-x86_64-with-glibc2.31) VSTS_7b238909-6802-4b65-b90d-184bca47f458_build_261_0
    method: GET
    uri: https://management.azure.com/subscriptions/00000000-0000-0000-0000-000000000000/providers/Microsoft.ContainerService/locations/centraluseuap/operations/8cd76818-8a7e-4432-a455-ac5fd8240b72?api-version=2016-03-30
  response:
    body:
      string: "{\n  \"name\": \"1868d78c-7e8a-3244-a455-ac5fd8240b72\",\n  \"status\":
        \"InProgress\",\n  \"startTime\": \"2023-03-28T20:38:24.0880248Z\"\n }"
    headers:
      cache-control:
      - no-cache
      content-length:
      - '126'
      content-type:
      - application/json
      date:
      - Tue, 28 Mar 2023 20:39:54 GMT
      expires:
      - '-1'
      pragma:
      - no-cache
      server:
      - nginx
      strict-transport-security:
      - max-age=31536000; includeSubDomains
      transfer-encoding:
      - chunked
      vary:
      - Accept-Encoding
      x-content-type-options:
      - nosniff
    status:
      code: 200
      message: OK
- request:
    body: null
    headers:
      Accept:
      - '*/*'
      Accept-Encoding:
      - gzip, deflate
      CommandName:
      - aks nodepool start
      Connection:
      - keep-alive
      ParameterSetName:
      - --resource-group --cluster-name --nodepool-name --aks-custom-headers
      User-Agent:
      - AZURECLI/2.46.0 azsdk-python-azure-mgmt-containerservice/21.2.0b Python/3.10.10
        (Linux-5.15.0-1034-azure-x86_64-with-glibc2.31) VSTS_7b238909-6802-4b65-b90d-184bca47f458_build_261_0
    method: GET
    uri: https://management.azure.com/subscriptions/00000000-0000-0000-0000-000000000000/providers/Microsoft.ContainerService/locations/centraluseuap/operations/8cd76818-8a7e-4432-a455-ac5fd8240b72?api-version=2016-03-30
  response:
    body:
      string: "{\n  \"name\": \"1868d78c-7e8a-3244-a455-ac5fd8240b72\",\n  \"status\":
        \"InProgress\",\n  \"startTime\": \"2023-03-28T20:38:24.0880248Z\"\n }"
    headers:
      cache-control:
      - no-cache
      content-length:
      - '126'
      content-type:
      - application/json
      date:
      - Tue, 28 Mar 2023 20:40:24 GMT
      expires:
      - '-1'
      pragma:
      - no-cache
      server:
      - nginx
      strict-transport-security:
      - max-age=31536000; includeSubDomains
      transfer-encoding:
      - chunked
      vary:
      - Accept-Encoding
      x-content-type-options:
      - nosniff
    status:
      code: 200
      message: OK
- request:
    body: null
    headers:
      Accept:
      - '*/*'
      Accept-Encoding:
      - gzip, deflate
      CommandName:
      - aks nodepool start
      Connection:
      - keep-alive
      ParameterSetName:
      - --resource-group --cluster-name --nodepool-name --aks-custom-headers
      User-Agent:
      - AZURECLI/2.46.0 azsdk-python-azure-mgmt-containerservice/21.2.0b Python/3.10.10
        (Linux-5.15.0-1034-azure-x86_64-with-glibc2.31) VSTS_7b238909-6802-4b65-b90d-184bca47f458_build_261_0
    method: GET
    uri: https://management.azure.com/subscriptions/00000000-0000-0000-0000-000000000000/providers/Microsoft.ContainerService/locations/centraluseuap/operations/8cd76818-8a7e-4432-a455-ac5fd8240b72?api-version=2016-03-30
  response:
    body:
      string: "{\n  \"name\": \"1868d78c-7e8a-3244-a455-ac5fd8240b72\",\n  \"status\":
        \"InProgress\",\n  \"startTime\": \"2023-03-28T20:38:24.0880248Z\"\n }"
    headers:
      cache-control:
      - no-cache
      content-length:
      - '126'
      content-type:
      - application/json
      date:
      - Tue, 28 Mar 2023 20:40:53 GMT
      expires:
      - '-1'
      pragma:
      - no-cache
      server:
      - nginx
      strict-transport-security:
      - max-age=31536000; includeSubDomains
      transfer-encoding:
      - chunked
      vary:
      - Accept-Encoding
      x-content-type-options:
      - nosniff
    status:
      code: 200
      message: OK
- request:
    body: null
    headers:
      Accept:
      - '*/*'
      Accept-Encoding:
      - gzip, deflate
      CommandName:
      - aks nodepool start
      Connection:
      - keep-alive
      ParameterSetName:
      - --resource-group --cluster-name --nodepool-name --aks-custom-headers
      User-Agent:
      - AZURECLI/2.46.0 azsdk-python-azure-mgmt-containerservice/21.2.0b Python/3.10.10
        (Linux-5.15.0-1034-azure-x86_64-with-glibc2.31) VSTS_7b238909-6802-4b65-b90d-184bca47f458_build_261_0
    method: GET
    uri: https://management.azure.com/subscriptions/00000000-0000-0000-0000-000000000000/providers/Microsoft.ContainerService/locations/centraluseuap/operations/8cd76818-8a7e-4432-a455-ac5fd8240b72?api-version=2016-03-30
  response:
    body:
      string: "{\n  \"name\": \"1868d78c-7e8a-3244-a455-ac5fd8240b72\",\n  \"status\":
        \"InProgress\",\n  \"startTime\": \"2023-03-28T20:38:24.0880248Z\"\n }"
    headers:
      cache-control:
      - no-cache
      content-length:
      - '126'
      content-type:
      - application/json
      date:
      - Tue, 28 Mar 2023 20:41:24 GMT
      expires:
      - '-1'
      pragma:
      - no-cache
      server:
      - nginx
      strict-transport-security:
      - max-age=31536000; includeSubDomains
      transfer-encoding:
      - chunked
      vary:
      - Accept-Encoding
      x-content-type-options:
      - nosniff
    status:
      code: 200
      message: OK
- request:
    body: null
    headers:
      Accept:
      - '*/*'
      Accept-Encoding:
      - gzip, deflate
      CommandName:
      - aks nodepool start
      Connection:
      - keep-alive
      ParameterSetName:
      - --resource-group --cluster-name --nodepool-name --aks-custom-headers
      User-Agent:
      - AZURECLI/2.46.0 azsdk-python-azure-mgmt-containerservice/21.2.0b Python/3.10.10
        (Linux-5.15.0-1034-azure-x86_64-with-glibc2.31) VSTS_7b238909-6802-4b65-b90d-184bca47f458_build_261_0
    method: GET
    uri: https://management.azure.com/subscriptions/00000000-0000-0000-0000-000000000000/providers/Microsoft.ContainerService/locations/centraluseuap/operations/8cd76818-8a7e-4432-a455-ac5fd8240b72?api-version=2016-03-30
  response:
    body:
      string: "{\n  \"name\": \"1868d78c-7e8a-3244-a455-ac5fd8240b72\",\n  \"status\":
        \"Succeeded\",\n  \"startTime\": \"2023-03-28T20:38:24.0880248Z\",\n  \"endTime\":
        \"2023-03-28T20:41:29.9366Z\"\n }"
    headers:
      cache-control:
      - no-cache
      content-length:
      - '167'
      content-type:
      - application/json
      date:
      - Tue, 28 Mar 2023 20:41:54 GMT
      expires:
      - '-1'
      pragma:
      - no-cache
      server:
      - nginx
      strict-transport-security:
      - max-age=31536000; includeSubDomains
      transfer-encoding:
      - chunked
      vary:
      - Accept-Encoding
      x-content-type-options:
      - nosniff
    status:
      code: 200
      message: OK
- request:
    body: null
    headers:
      Accept:
      - '*/*'
      Accept-Encoding:
      - gzip, deflate
      CommandName:
      - aks nodepool start
      Connection:
      - keep-alive
      ParameterSetName:
      - --resource-group --cluster-name --nodepool-name --aks-custom-headers
      User-Agent:
      - AZURECLI/2.46.0 azsdk-python-azure-mgmt-containerservice/21.2.0b Python/3.10.10
        (Linux-5.15.0-1034-azure-x86_64-with-glibc2.31) VSTS_7b238909-6802-4b65-b90d-184bca47f458_build_261_0
    method: GET
    uri: https://management.azure.com/subscriptions/00000000-0000-0000-0000-000000000000/resourceGroups/clitest000001/providers/Microsoft.ContainerService/managedClusters/cliakstest000002/agentPools/c000003?api-version=2023-04-02-preview
  response:
    body:
      string: "{\n  \"id\": \"/subscriptions/00000000-0000-0000-0000-000000000000/resourcegroups/clitest000001/providers/Microsoft.ContainerService/managedClusters/cliakstest000002/agentPools/c000003\",\n
        \ \"name\": \"c000003\",\n  \"type\": \"Microsoft.ContainerService/managedClusters/agentPools\",\n
        \ \"properties\": {\n   \"count\": 2,\n   \"vmSize\": \"Standard_DS2_v2\",\n
        \  \"osDiskSizeGB\": 128,\n   \"osDiskType\": \"Managed\",\n   \"kubeletDiskType\":
        \"OS\",\n   \"workloadRuntime\": \"OCIContainer\",\n   \"maxPods\": 110,\n
        \  \"type\": \"VirtualMachineScaleSets\",\n   \"enableAutoScaling\": false,\n
        \  \"scaleDownMode\": \"Delete\",\n   \"provisioningState\": \"Succeeded\",\n
        \  \"powerState\": {\n    \"code\": \"Running\"\n   },\n   \"orchestratorVersion\":
        \"1.24.10\",\n   \"currentOrchestratorVersion\": \"1.24.10\",\n   \"enableNodePublicIP\":
        false,\n   \"enableCustomCATrust\": false,\n   \"mode\": \"User\",\n   \"enableEncryptionAtHost\":
        false,\n   \"enableUltraSSD\": false,\n   \"osType\": \"Linux\",\n   \"osSKU\":
        \"Ubuntu\",\n   \"nodeImageVersion\": \"AKSUbuntu-1804gen2containerd-202303.22.0\",\n
        \  \"upgradeSettings\": {},\n   \"enableFIPS\": false,\n   \"networkProfile\":
        {}\n  }\n }"
    headers:
      cache-control:
      - no-cache
      content-length:
      - '1076'
      content-type:
      - application/json
      date:
      - Tue, 28 Mar 2023 20:41:55 GMT
      expires:
      - '-1'
      pragma:
      - no-cache
      server:
      - nginx
      strict-transport-security:
      - max-age=31536000; includeSubDomains
      transfer-encoding:
      - chunked
      vary:
      - Accept-Encoding
      x-content-type-options:
      - nosniff
    status:
      code: 200
      message: OK
- request:
    body: null
    headers:
      Accept:
      - application/json
      Accept-Encoding:
      - gzip, deflate
      CommandName:
      - aks delete
      Connection:
      - keep-alive
      Content-Length:
      - '0'
      ParameterSetName:
      - -g -n --yes --no-wait
      User-Agent:
      - AZURECLI/2.46.0 azsdk-python-azure-mgmt-containerservice/21.2.0b Python/3.10.10
        (Linux-5.15.0-1034-azure-x86_64-with-glibc2.31) VSTS_7b238909-6802-4b65-b90d-184bca47f458_build_261_0
    method: DELETE
    uri: https://management.azure.com/subscriptions/00000000-0000-0000-0000-000000000000/resourceGroups/clitest000001/providers/Microsoft.ContainerService/managedClusters/cliakstest000002?api-version=2023-04-02-preview
  response:
    body:
      string: ''
    headers:
      azure-asyncoperation:
      - https://management.azure.com/subscriptions/00000000-0000-0000-0000-000000000000/providers/Microsoft.ContainerService/locations/centraluseuap/operations/d5d5ba6d-6af9-4aed-bac3-53d6a3af415b?api-version=2016-03-30
      cache-control:
      - no-cache
      content-length:
      - '0'
      date:
      - Tue, 28 Mar 2023 20:41:56 GMT
      expires:
      - '-1'
      location:
      - https://management.azure.com/subscriptions/00000000-0000-0000-0000-000000000000/providers/Microsoft.ContainerService/locations/centraluseuap/operationresults/d5d5ba6d-6af9-4aed-bac3-53d6a3af415b?api-version=2016-03-30
      pragma:
      - no-cache
      server:
      - nginx
      strict-transport-security:
      - max-age=31536000; includeSubDomains
      x-content-type-options:
      - nosniff
      x-ms-ratelimit-remaining-subscription-deletes:
      - '14998'
    status:
      code: 202
      message: Accepted
version: 1
