interactions:
- request:
    body: null
    headers:
      Accept:
      - application/json
      Accept-Encoding:
      - gzip, deflate
      CommandName:
      - aks create
      Connection:
      - keep-alive
      ParameterSetName:
      - --resource-group --name --enable-managed-identity --ssh-key-value -o
      User-Agent:
      - AZURECLI/2.46.0 azsdk-python-azure-mgmt-containerservice/21.1.0b Python/3.8.10
        (Linux-5.15.0-1033-azure-x86_64-with-glibc2.29)
    method: GET
    uri: https://management.azure.com/subscriptions/00000000-0000-0000-0000-000000000000/resourceGroups/clitest000001/providers/Microsoft.ContainerService/managedClusters/cliakstest000002?api-version=2023-01-02-preview
  response:
    body:
      string: '{"error":{"code":"ResourceNotFound","message":"The Resource ''Microsoft.ContainerService/managedClusters/cliakstest000002''
        under resource group ''clitest000001'' was not found. For more details please
        go to https://aka.ms/ARMResourceNotFoundFix"}}'
    headers:
      cache-control:
      - no-cache
      content-length:
      - '244'
      content-type:
      - application/json; charset=utf-8
      date:
      - Thu, 16 Mar 2023 02:57:44 GMT
      expires:
      - '-1'
      pragma:
      - no-cache
      strict-transport-security:
      - max-age=31536000; includeSubDomains
      x-content-type-options:
      - nosniff
      x-ms-failure-cause:
      - gateway
    status:
      code: 404
      message: Not Found
- request:
    body: null
    headers:
      Accept:
      - application/json
      Accept-Encoding:
      - gzip, deflate
      CommandName:
      - aks create
      Connection:
      - keep-alive
      ParameterSetName:
      - --resource-group --name --enable-managed-identity --ssh-key-value -o
      User-Agent:
      - AZURECLI/2.46.0 azsdk-python-azure-mgmt-resource/21.1.0b1 Python/3.8.10 (Linux-5.15.0-1033-azure-x86_64-with-glibc2.29)
    method: GET
    uri: https://management.azure.com/subscriptions/00000000-0000-0000-0000-000000000000/resourcegroups/clitest000001?api-version=2021-04-01
  response:
    body:
      string: '{"id":"/subscriptions/00000000-0000-0000-0000-000000000000/resourceGroups/clitest000001","name":"clitest000001","type":"Microsoft.Resources/resourceGroups","location":"westus2","tags":{"product":"azurecli","cause":"automation","date":"2023-03-16T02:57:44Z"},"properties":{"provisioningState":"Succeeded"}}'
    headers:
      cache-control:
      - no-cache
      content-length:
      - '305'
      content-type:
      - application/json; charset=utf-8
      date:
      - Thu, 16 Mar 2023 02:57:44 GMT
      expires:
      - '-1'
      pragma:
      - no-cache
      strict-transport-security:
      - max-age=31536000; includeSubDomains
      vary:
      - Accept-Encoding
      x-content-type-options:
      - nosniff
    status:
      code: 200
      message: OK
- request:
    body: '{"location": "westus2", "identity": {"type": "SystemAssigned"}, "properties":
      {"kubernetesVersion": "", "dnsPrefix": "cliakstest-clitestcriiwuyzy-79a739",
      "agentPoolProfiles": [{"count": 3, "vmSize": "Standard_DS2_v2", "osDiskSizeGB":
      0, "workloadRuntime": "OCIContainer", "osType": "Linux", "enableAutoScaling":
      false, "type": "VirtualMachineScaleSets", "mode": "System", "orchestratorVersion":
      "", "upgradeSettings": {}, "enableNodePublicIP": false, "enableCustomCATrust":
      false, "scaleSetPriority": "Regular", "scaleSetEvictionPolicy": "Delete", "spotMaxPrice":
      -1.0, "nodeTaints": [], "enableEncryptionAtHost": false, "enableUltraSSD": false,
      "enableFIPS": false, "networkProfile": {}, "name": "nodepool1"}], "linuxProfile":
      {"adminUsername": "azureuser", "ssh": {"publicKeys": [{"keyData": "ssh-rsa AAAAB3NzaC1yc2EAAAADAQABAAABAQC0DWDknbqapF/MuGohfGNUMoUlE2aI2LZc8ho91GQdtq7IQypEPr4yB29oEQMwmgHlnqCOQLHTXvEPKSU0LDGrjVO7vKsYUm7bOfx1wryQ7e1eb5+GyP4fLZCY3VnCGdC2BjUjuIYTd2nG718clupwvDKgKHD0oJfzoYOoZXnyeUeVXXPwOZZmo832O4Qm8byoJXgDNA83wB7MXnaDSY59j53GKJEojn/btxiiJgMuZuvgPUEjdosrCFOHz3iPmtpC0nr79h95by4FVd5Z9bWqVT3zc1EVwIQP5M4b5ZAvV0e2wX93QYVtDKQyxg288ZoSo3yBvukJ8obl91kUlERv
      azcli_aks_live_test@example.com\n"}]}}, "addonProfiles": {}, "enableRBAC": true,
      "enablePodSecurityPolicy": false, "networkProfile": {"networkPlugin": "kubenet",
      "podCidr": "10.244.0.0/16", "serviceCidr": "10.0.0.0/16", "dnsServiceIP": "10.0.0.10",
      "dockerBridgeCidr": "172.17.0.1/16", "outboundType": "loadBalancer", "loadBalancerSku":
      "standard"}, "disableLocalAccounts": false, "storageProfile": {}}}'
    headers:
      Accept:
      - application/json
      Accept-Encoding:
      - gzip, deflate
      CommandName:
      - aks create
      Connection:
      - keep-alive
      Content-Length:
      - '1580'
      Content-Type:
      - application/json
      ParameterSetName:
      - --resource-group --name --enable-managed-identity --ssh-key-value -o
      User-Agent:
      - AZURECLI/2.46.0 azsdk-python-azure-mgmt-containerservice/21.1.0b Python/3.8.10
        (Linux-5.15.0-1033-azure-x86_64-with-glibc2.29)
    method: PUT
    uri: https://management.azure.com/subscriptions/00000000-0000-0000-0000-000000000000/resourceGroups/clitest000001/providers/Microsoft.ContainerService/managedClusters/cliakstest000002?api-version=2023-01-02-preview
  response:
    body:
      string: "{\n  \"id\": \"/subscriptions/00000000-0000-0000-0000-000000000000/resourcegroups/clitest000001/providers/Microsoft.ContainerService/managedClusters/cliakstest000002\",\n
        \ \"location\": \"westus2\",\n  \"name\": \"cliakstest000002\",\n  \"type\":
        \"Microsoft.ContainerService/ManagedClusters\",\n  \"properties\": {\n   \"provisioningState\":
        \"Creating\",\n   \"powerState\": {\n    \"code\": \"Running\"\n   },\n   \"kubernetesVersion\":
        \"1.24.9\",\n   \"currentKubernetesVersion\": \"1.24.9\",\n   \"dnsPrefix\":
        \"cliakstest-clitestcriiwuyzy-79a739\",\n   \"fqdn\": \"cliakstest-clitestcriiwuyzy-79a739-m3oul6nb.hcp.westus2.azmk8s.io\",\n
        \  \"azurePortalFQDN\": \"cliakstest-clitestcriiwuyzy-79a739-m3oul6nb.portal.hcp.westus2.azmk8s.io\",\n
        \  \"agentPoolProfiles\": [\n    {\n     \"name\": \"nodepool1\",\n     \"count\":
        3,\n     \"vmSize\": \"Standard_DS2_v2\",\n     \"osDiskSizeGB\": 128,\n     \"osDiskType\":
        \"Managed\",\n     \"kubeletDiskType\": \"OS\",\n     \"workloadRuntime\":
        \"OCIContainer\",\n     \"maxPods\": 110,\n     \"type\": \"VirtualMachineScaleSets\",\n
        \    \"enableAutoScaling\": false,\n     \"provisioningState\": \"Creating\",\n
        \    \"powerState\": {\n      \"code\": \"Running\"\n     },\n     \"orchestratorVersion\":
        \"1.24.9\",\n     \"currentOrchestratorVersion\": \"1.24.9\",\n     \"enableNodePublicIP\":
        false,\n     \"enableCustomCATrust\": false,\n     \"mode\": \"System\",\n
        \    \"enableEncryptionAtHost\": false,\n     \"enableUltraSSD\": false,\n
        \    \"osType\": \"Linux\",\n     \"osSKU\": \"Ubuntu\",\n     \"nodeImageVersion\":
        \"AKSUbuntu-1804gen2containerd-2023.02.15\",\n     \"upgradeSettings\": {},\n
        \    \"enableFIPS\": false,\n     \"networkProfile\": {}\n    }\n   ],\n   \"linuxProfile\":
        {\n    \"adminUsername\": \"azureuser\",\n    \"ssh\": {\n     \"publicKeys\":
        [\n      {\n       \"keyData\": \"ssh-rsa AAAAB3NzaC1yc2EAAAADAQABAAABAQC0DWDknbqapF/MuGohfGNUMoUlE2aI2LZc8ho91GQdtq7IQypEPr4yB29oEQMwmgHlnqCOQLHTXvEPKSU0LDGrjVO7vKsYUm7bOfx1wryQ7e1eb5+GyP4fLZCY3VnCGdC2BjUjuIYTd2nG718clupwvDKgKHD0oJfzoYOoZXnyeUeVXXPwOZZmo832O4Qm8byoJXgDNA83wB7MXnaDSY59j53GKJEojn/btxiiJgMuZuvgPUEjdosrCFOHz3iPmtpC0nr79h95by4FVd5Z9bWqVT3zc1EVwIQP5M4b5ZAvV0e2wX93QYVtDKQyxg288ZoSo3yBvukJ8obl91kUlERv
        azcli_aks_live_test@example.com\\n\"\n      }\n     ]\n    }\n   },\n   \"servicePrincipalProfile\":
        {\n    \"clientId\":\"00000000-0000-0000-0000-000000000001\"\n   },\n   \"nodeResourceGroup\":
        \"MC_clitest000001_cliakstest000002_westus2\",\n   \"enableRBAC\": true,\n
        \  \"enablePodSecurityPolicy\": false,\n   \"networkProfile\": {\n    \"networkPlugin\":
        \"kubenet\",\n    \"loadBalancerSku\": \"standard\",\n    \"loadBalancerProfile\":
        {\n     \"managedOutboundIPs\": {\n      \"count\": 1\n     },\n     \"backendPoolType\":
        \"nodeIPConfiguration\"\n    },\n    \"podCidr\": \"10.244.0.0/16\",\n    \"serviceCidr\":
        \"10.0.0.0/16\",\n    \"dnsServiceIP\": \"10.0.0.10\",\n    \"dockerBridgeCidr\":
        \"172.17.0.1/16\",\n    \"outboundType\": \"loadBalancer\",\n    \"podCidrs\":
        [\n     \"10.244.0.0/16\"\n    ],\n    \"serviceCidrs\": [\n     \"10.0.0.0/16\"\n
        \   ],\n    \"ipFamilies\": [\n     \"IPv4\"\n    ]\n   },\n   \"maxAgentPools\":
        100,\n   \"disableLocalAccounts\": false,\n   \"securityProfile\": {},\n   \"storageProfile\":
        {\n    \"diskCSIDriver\": {\n     \"enabled\": true,\n     \"version\": \"v1\"\n
        \   },\n    \"fileCSIDriver\": {\n     \"enabled\": true\n    },\n    \"snapshotController\":
        {\n     \"enabled\": true\n    }\n   },\n   \"oidcIssuerProfile\": {\n    \"enabled\":
        false\n   },\n   \"workloadAutoScalerProfile\": {}\n  },\n  \"identity\":
        {\n   \"type\": \"SystemAssigned\",\n   \"principalId\":\"00000000-0000-0000-0000-000000000001\",\n
        \  \"tenantId\": \"72f988bf-86f1-41af-91ab-2d7cd011db47\"\n  },\n  \"sku\":
        {\n   \"name\": \"Basic\",\n   \"tier\": \"Free\"\n  }\n }"
    headers:
      azure-asyncoperation:
      - https://management.azure.com/subscriptions/00000000-0000-0000-0000-000000000000/providers/Microsoft.ContainerService/locations/westus2/operations/104b5be4-4434-4524-a73c-95c5134a136e?api-version=2016-03-30
      cache-control:
      - no-cache
      content-length:
      - '3476'
      content-type:
      - application/json
      date:
      - Thu, 16 Mar 2023 02:57:48 GMT
      expires:
      - '-1'
      pragma:
      - no-cache
      server:
      - nginx
      strict-transport-security:
      - max-age=31536000; includeSubDomains
      x-content-type-options:
      - nosniff
      x-ms-ratelimit-remaining-subscription-writes:
      - '1194'
    status:
      code: 201
      message: Created
- request:
    body: null
    headers:
      Accept:
      - '*/*'
      Accept-Encoding:
      - gzip, deflate
      CommandName:
      - aks create
      Connection:
      - keep-alive
      ParameterSetName:
      - --resource-group --name --enable-managed-identity --ssh-key-value -o
      User-Agent:
      - AZURECLI/2.46.0 azsdk-python-azure-mgmt-containerservice/21.1.0b Python/3.8.10
        (Linux-5.15.0-1033-azure-x86_64-with-glibc2.29)
    method: GET
    uri: https://management.azure.com/subscriptions/00000000-0000-0000-0000-000000000000/providers/Microsoft.ContainerService/locations/westus2/operations/104b5be4-4434-4524-a73c-95c5134a136e?api-version=2016-03-30
  response:
    body:
      string: "{\n  \"name\": \"e45b4b10-3444-2445-a73c-95c5134a136e\",\n  \"status\":
        \"InProgress\",\n  \"startTime\": \"2023-03-16T02:57:48.8917346Z\"\n }"
    headers:
      cache-control:
      - no-cache
      content-length:
      - '126'
      content-type:
      - application/json
      date:
      - Thu, 16 Mar 2023 02:58:19 GMT
      expires:
      - '-1'
      pragma:
      - no-cache
      server:
      - nginx
      strict-transport-security:
      - max-age=31536000; includeSubDomains
      transfer-encoding:
      - chunked
      vary:
      - Accept-Encoding
      x-content-type-options:
      - nosniff
    status:
      code: 200
      message: OK
- request:
    body: null
    headers:
      Accept:
      - '*/*'
      Accept-Encoding:
      - gzip, deflate
      CommandName:
      - aks create
      Connection:
      - keep-alive
      ParameterSetName:
      - --resource-group --name --enable-managed-identity --ssh-key-value -o
      User-Agent:
      - AZURECLI/2.46.0 azsdk-python-azure-mgmt-containerservice/21.1.0b Python/3.8.10
        (Linux-5.15.0-1033-azure-x86_64-with-glibc2.29)
    method: GET
    uri: https://management.azure.com/subscriptions/00000000-0000-0000-0000-000000000000/providers/Microsoft.ContainerService/locations/westus2/operations/104b5be4-4434-4524-a73c-95c5134a136e?api-version=2016-03-30
  response:
    body:
      string: "{\n  \"name\": \"e45b4b10-3444-2445-a73c-95c5134a136e\",\n  \"status\":
        \"InProgress\",\n  \"startTime\": \"2023-03-16T02:57:48.8917346Z\"\n }"
    headers:
      cache-control:
      - no-cache
      content-length:
      - '126'
      content-type:
      - application/json
      date:
      - Thu, 16 Mar 2023 02:58:48 GMT
      expires:
      - '-1'
      pragma:
      - no-cache
      server:
      - nginx
      strict-transport-security:
      - max-age=31536000; includeSubDomains
      transfer-encoding:
      - chunked
      vary:
      - Accept-Encoding
      x-content-type-options:
      - nosniff
    status:
      code: 200
      message: OK
- request:
    body: null
    headers:
      Accept:
      - '*/*'
      Accept-Encoding:
      - gzip, deflate
      CommandName:
      - aks create
      Connection:
      - keep-alive
      ParameterSetName:
      - --resource-group --name --enable-managed-identity --ssh-key-value -o
      User-Agent:
      - AZURECLI/2.46.0 azsdk-python-azure-mgmt-containerservice/21.1.0b Python/3.8.10
        (Linux-5.15.0-1033-azure-x86_64-with-glibc2.29)
    method: GET
    uri: https://management.azure.com/subscriptions/00000000-0000-0000-0000-000000000000/providers/Microsoft.ContainerService/locations/westus2/operations/104b5be4-4434-4524-a73c-95c5134a136e?api-version=2016-03-30
  response:
    body:
      string: "{\n  \"name\": \"e45b4b10-3444-2445-a73c-95c5134a136e\",\n  \"status\":
        \"InProgress\",\n  \"startTime\": \"2023-03-16T02:57:48.8917346Z\"\n }"
    headers:
      cache-control:
      - no-cache
      content-length:
      - '126'
      content-type:
      - application/json
      date:
      - Thu, 16 Mar 2023 02:59:18 GMT
      expires:
      - '-1'
      pragma:
      - no-cache
      server:
      - nginx
      strict-transport-security:
      - max-age=31536000; includeSubDomains
      transfer-encoding:
      - chunked
      vary:
      - Accept-Encoding
      x-content-type-options:
      - nosniff
    status:
      code: 200
      message: OK
- request:
    body: null
    headers:
      Accept:
      - '*/*'
      Accept-Encoding:
      - gzip, deflate
      CommandName:
      - aks create
      Connection:
      - keep-alive
      ParameterSetName:
      - --resource-group --name --enable-managed-identity --ssh-key-value -o
      User-Agent:
      - AZURECLI/2.46.0 azsdk-python-azure-mgmt-containerservice/21.1.0b Python/3.8.10
        (Linux-5.15.0-1033-azure-x86_64-with-glibc2.29)
    method: GET
    uri: https://management.azure.com/subscriptions/00000000-0000-0000-0000-000000000000/providers/Microsoft.ContainerService/locations/westus2/operations/104b5be4-4434-4524-a73c-95c5134a136e?api-version=2016-03-30
  response:
    body:
      string: "{\n  \"name\": \"e45b4b10-3444-2445-a73c-95c5134a136e\",\n  \"status\":
        \"InProgress\",\n  \"startTime\": \"2023-03-16T02:57:48.8917346Z\"\n }"
    headers:
      cache-control:
      - no-cache
      content-length:
      - '126'
      content-type:
      - application/json
      date:
      - Thu, 16 Mar 2023 02:59:48 GMT
      expires:
      - '-1'
      pragma:
      - no-cache
      server:
      - nginx
      strict-transport-security:
      - max-age=31536000; includeSubDomains
      transfer-encoding:
      - chunked
      vary:
      - Accept-Encoding
      x-content-type-options:
      - nosniff
    status:
      code: 200
      message: OK
- request:
    body: null
    headers:
      Accept:
      - '*/*'
      Accept-Encoding:
      - gzip, deflate
      CommandName:
      - aks create
      Connection:
      - keep-alive
      ParameterSetName:
      - --resource-group --name --enable-managed-identity --ssh-key-value -o
      User-Agent:
      - AZURECLI/2.46.0 azsdk-python-azure-mgmt-containerservice/21.1.0b Python/3.8.10
        (Linux-5.15.0-1033-azure-x86_64-with-glibc2.29)
    method: GET
    uri: https://management.azure.com/subscriptions/00000000-0000-0000-0000-000000000000/providers/Microsoft.ContainerService/locations/westus2/operations/104b5be4-4434-4524-a73c-95c5134a136e?api-version=2016-03-30
  response:
    body:
      string: "{\n  \"name\": \"e45b4b10-3444-2445-a73c-95c5134a136e\",\n  \"status\":
        \"InProgress\",\n  \"startTime\": \"2023-03-16T02:57:48.8917346Z\"\n }"
    headers:
      cache-control:
      - no-cache
      content-length:
      - '126'
      content-type:
      - application/json
      date:
      - Thu, 16 Mar 2023 03:00:19 GMT
      expires:
      - '-1'
      pragma:
      - no-cache
      server:
      - nginx
      strict-transport-security:
      - max-age=31536000; includeSubDomains
      transfer-encoding:
      - chunked
      vary:
      - Accept-Encoding
      x-content-type-options:
      - nosniff
    status:
      code: 200
      message: OK
- request:
    body: null
    headers:
      Accept:
      - '*/*'
      Accept-Encoding:
      - gzip, deflate
      CommandName:
      - aks create
      Connection:
      - keep-alive
      ParameterSetName:
      - --resource-group --name --enable-managed-identity --ssh-key-value -o
      User-Agent:
      - AZURECLI/2.46.0 azsdk-python-azure-mgmt-containerservice/21.1.0b Python/3.8.10
        (Linux-5.15.0-1033-azure-x86_64-with-glibc2.29)
    method: GET
    uri: https://management.azure.com/subscriptions/00000000-0000-0000-0000-000000000000/providers/Microsoft.ContainerService/locations/westus2/operations/104b5be4-4434-4524-a73c-95c5134a136e?api-version=2016-03-30
  response:
    body:
      string: "{\n  \"name\": \"e45b4b10-3444-2445-a73c-95c5134a136e\",\n  \"status\":
        \"InProgress\",\n  \"startTime\": \"2023-03-16T02:57:48.8917346Z\"\n }"
    headers:
      cache-control:
      - no-cache
      content-length:
      - '126'
      content-type:
      - application/json
      date:
      - Thu, 16 Mar 2023 03:00:49 GMT
      expires:
      - '-1'
      pragma:
      - no-cache
      server:
      - nginx
      strict-transport-security:
      - max-age=31536000; includeSubDomains
      transfer-encoding:
      - chunked
      vary:
      - Accept-Encoding
      x-content-type-options:
      - nosniff
    status:
      code: 200
      message: OK
- request:
    body: null
    headers:
      Accept:
      - '*/*'
      Accept-Encoding:
      - gzip, deflate
      CommandName:
      - aks create
      Connection:
      - keep-alive
      ParameterSetName:
      - --resource-group --name --enable-managed-identity --ssh-key-value -o
      User-Agent:
      - AZURECLI/2.46.0 azsdk-python-azure-mgmt-containerservice/21.1.0b Python/3.8.10
        (Linux-5.15.0-1033-azure-x86_64-with-glibc2.29)
    method: GET
    uri: https://management.azure.com/subscriptions/00000000-0000-0000-0000-000000000000/providers/Microsoft.ContainerService/locations/westus2/operations/104b5be4-4434-4524-a73c-95c5134a136e?api-version=2016-03-30
  response:
    body:
      string: "{\n  \"name\": \"e45b4b10-3444-2445-a73c-95c5134a136e\",\n  \"status\":
        \"InProgress\",\n  \"startTime\": \"2023-03-16T02:57:48.8917346Z\"\n }"
    headers:
      cache-control:
      - no-cache
      content-length:
      - '126'
      content-type:
      - application/json
      date:
      - Thu, 16 Mar 2023 03:01:19 GMT
      expires:
      - '-1'
      pragma:
      - no-cache
      server:
      - nginx
      strict-transport-security:
      - max-age=31536000; includeSubDomains
      transfer-encoding:
      - chunked
      vary:
      - Accept-Encoding
      x-content-type-options:
      - nosniff
    status:
      code: 200
      message: OK
- request:
    body: null
    headers:
      Accept:
      - '*/*'
      Accept-Encoding:
      - gzip, deflate
      CommandName:
      - aks create
      Connection:
      - keep-alive
      ParameterSetName:
      - --resource-group --name --enable-managed-identity --ssh-key-value -o
      User-Agent:
      - AZURECLI/2.46.0 azsdk-python-azure-mgmt-containerservice/21.1.0b Python/3.8.10
        (Linux-5.15.0-1033-azure-x86_64-with-glibc2.29)
    method: GET
    uri: https://management.azure.com/subscriptions/00000000-0000-0000-0000-000000000000/providers/Microsoft.ContainerService/locations/westus2/operations/104b5be4-4434-4524-a73c-95c5134a136e?api-version=2016-03-30
  response:
    body:
      string: "{\n  \"name\": \"e45b4b10-3444-2445-a73c-95c5134a136e\",\n  \"status\":
        \"InProgress\",\n  \"startTime\": \"2023-03-16T02:57:48.8917346Z\"\n }"
    headers:
      cache-control:
      - no-cache
      content-length:
      - '126'
      content-type:
      - application/json
      date:
      - Thu, 16 Mar 2023 03:01:49 GMT
      expires:
      - '-1'
      pragma:
      - no-cache
      server:
      - nginx
      strict-transport-security:
      - max-age=31536000; includeSubDomains
      transfer-encoding:
      - chunked
      vary:
      - Accept-Encoding
      x-content-type-options:
      - nosniff
    status:
      code: 200
      message: OK
- request:
    body: null
    headers:
      Accept:
      - '*/*'
      Accept-Encoding:
      - gzip, deflate
      CommandName:
      - aks create
      Connection:
      - keep-alive
      ParameterSetName:
      - --resource-group --name --enable-managed-identity --ssh-key-value -o
      User-Agent:
      - AZURECLI/2.46.0 azsdk-python-azure-mgmt-containerservice/21.1.0b Python/3.8.10
        (Linux-5.15.0-1033-azure-x86_64-with-glibc2.29)
    method: GET
    uri: https://management.azure.com/subscriptions/00000000-0000-0000-0000-000000000000/providers/Microsoft.ContainerService/locations/westus2/operations/104b5be4-4434-4524-a73c-95c5134a136e?api-version=2016-03-30
  response:
    body:
      string: "{\n  \"name\": \"e45b4b10-3444-2445-a73c-95c5134a136e\",\n  \"status\":
        \"InProgress\",\n  \"startTime\": \"2023-03-16T02:57:48.8917346Z\"\n }"
    headers:
      cache-control:
      - no-cache
      content-length:
      - '126'
      content-type:
      - application/json
      date:
      - Thu, 16 Mar 2023 03:02:19 GMT
      expires:
      - '-1'
      pragma:
      - no-cache
      server:
      - nginx
      strict-transport-security:
      - max-age=31536000; includeSubDomains
      transfer-encoding:
      - chunked
      vary:
      - Accept-Encoding
      x-content-type-options:
      - nosniff
    status:
      code: 200
      message: OK
- request:
    body: null
    headers:
      Accept:
      - '*/*'
      Accept-Encoding:
      - gzip, deflate
      CommandName:
      - aks create
      Connection:
      - keep-alive
      ParameterSetName:
      - --resource-group --name --enable-managed-identity --ssh-key-value -o
      User-Agent:
      - AZURECLI/2.46.0 azsdk-python-azure-mgmt-containerservice/21.1.0b Python/3.8.10
        (Linux-5.15.0-1033-azure-x86_64-with-glibc2.29)
    method: GET
    uri: https://management.azure.com/subscriptions/00000000-0000-0000-0000-000000000000/providers/Microsoft.ContainerService/locations/westus2/operations/104b5be4-4434-4524-a73c-95c5134a136e?api-version=2016-03-30
  response:
    body:
      string: "{\n  \"name\": \"e45b4b10-3444-2445-a73c-95c5134a136e\",\n  \"status\":
        \"InProgress\",\n  \"startTime\": \"2023-03-16T02:57:48.8917346Z\"\n }"
    headers:
      cache-control:
      - no-cache
      content-length:
      - '126'
      content-type:
      - application/json
      date:
      - Thu, 16 Mar 2023 03:02:49 GMT
      expires:
      - '-1'
      pragma:
      - no-cache
      server:
      - nginx
      strict-transport-security:
      - max-age=31536000; includeSubDomains
      transfer-encoding:
      - chunked
      vary:
      - Accept-Encoding
      x-content-type-options:
      - nosniff
    status:
      code: 200
      message: OK
- request:
    body: null
    headers:
      Accept:
      - '*/*'
      Accept-Encoding:
      - gzip, deflate
      CommandName:
      - aks create
      Connection:
      - keep-alive
      ParameterSetName:
      - --resource-group --name --enable-managed-identity --ssh-key-value -o
      User-Agent:
      - AZURECLI/2.46.0 azsdk-python-azure-mgmt-containerservice/21.1.0b Python/3.8.10
        (Linux-5.15.0-1033-azure-x86_64-with-glibc2.29)
    method: GET
    uri: https://management.azure.com/subscriptions/00000000-0000-0000-0000-000000000000/providers/Microsoft.ContainerService/locations/westus2/operations/104b5be4-4434-4524-a73c-95c5134a136e?api-version=2016-03-30
  response:
    body:
      string: "{\n  \"name\": \"e45b4b10-3444-2445-a73c-95c5134a136e\",\n  \"status\":
        \"InProgress\",\n  \"startTime\": \"2023-03-16T02:57:48.8917346Z\"\n }"
    headers:
      cache-control:
      - no-cache
      content-length:
      - '126'
      content-type:
      - application/json
      date:
      - Thu, 16 Mar 2023 03:03:19 GMT
      expires:
      - '-1'
      pragma:
      - no-cache
      server:
      - nginx
      strict-transport-security:
      - max-age=31536000; includeSubDomains
      transfer-encoding:
      - chunked
      vary:
      - Accept-Encoding
      x-content-type-options:
      - nosniff
    status:
      code: 200
      message: OK
- request:
    body: null
    headers:
      Accept:
      - '*/*'
      Accept-Encoding:
      - gzip, deflate
      CommandName:
      - aks create
      Connection:
      - keep-alive
      ParameterSetName:
      - --resource-group --name --enable-managed-identity --ssh-key-value -o
      User-Agent:
      - AZURECLI/2.46.0 azsdk-python-azure-mgmt-containerservice/21.1.0b Python/3.8.10
        (Linux-5.15.0-1033-azure-x86_64-with-glibc2.29)
    method: GET
    uri: https://management.azure.com/subscriptions/00000000-0000-0000-0000-000000000000/providers/Microsoft.ContainerService/locations/westus2/operations/104b5be4-4434-4524-a73c-95c5134a136e?api-version=2016-03-30
  response:
    body:
      string: "{\n  \"name\": \"e45b4b10-3444-2445-a73c-95c5134a136e\",\n  \"status\":
        \"InProgress\",\n  \"startTime\": \"2023-03-16T02:57:48.8917346Z\"\n }"
    headers:
      cache-control:
      - no-cache
      content-length:
      - '126'
      content-type:
      - application/json
      date:
      - Thu, 16 Mar 2023 03:03:49 GMT
      expires:
      - '-1'
      pragma:
      - no-cache
      server:
      - nginx
      strict-transport-security:
      - max-age=31536000; includeSubDomains
      transfer-encoding:
      - chunked
      vary:
      - Accept-Encoding
      x-content-type-options:
      - nosniff
    status:
      code: 200
      message: OK
- request:
    body: null
    headers:
      Accept:
      - '*/*'
      Accept-Encoding:
      - gzip, deflate
      CommandName:
      - aks create
      Connection:
      - keep-alive
      ParameterSetName:
      - --resource-group --name --enable-managed-identity --ssh-key-value -o
      User-Agent:
      - AZURECLI/2.46.0 azsdk-python-azure-mgmt-containerservice/21.1.0b Python/3.8.10
        (Linux-5.15.0-1033-azure-x86_64-with-glibc2.29)
    method: GET
    uri: https://management.azure.com/subscriptions/00000000-0000-0000-0000-000000000000/providers/Microsoft.ContainerService/locations/westus2/operations/104b5be4-4434-4524-a73c-95c5134a136e?api-version=2016-03-30
  response:
    body:
      string: "{\n  \"name\": \"e45b4b10-3444-2445-a73c-95c5134a136e\",\n  \"status\":
        \"InProgress\",\n  \"startTime\": \"2023-03-16T02:57:48.8917346Z\"\n }"
    headers:
      cache-control:
      - no-cache
      content-length:
      - '126'
      content-type:
      - application/json
      date:
      - Thu, 16 Mar 2023 03:04:19 GMT
      expires:
      - '-1'
      pragma:
      - no-cache
      server:
      - nginx
      strict-transport-security:
      - max-age=31536000; includeSubDomains
      transfer-encoding:
      - chunked
      vary:
      - Accept-Encoding
      x-content-type-options:
      - nosniff
    status:
      code: 200
      message: OK
- request:
    body: null
    headers:
      Accept:
      - '*/*'
      Accept-Encoding:
      - gzip, deflate
      CommandName:
      - aks create
      Connection:
      - keep-alive
      ParameterSetName:
      - --resource-group --name --enable-managed-identity --ssh-key-value -o
      User-Agent:
      - AZURECLI/2.46.0 azsdk-python-azure-mgmt-containerservice/21.1.0b Python/3.8.10
        (Linux-5.15.0-1033-azure-x86_64-with-glibc2.29)
    method: GET
    uri: https://management.azure.com/subscriptions/00000000-0000-0000-0000-000000000000/providers/Microsoft.ContainerService/locations/westus2/operations/104b5be4-4434-4524-a73c-95c5134a136e?api-version=2016-03-30
  response:
    body:
      string: "{\n  \"name\": \"e45b4b10-3444-2445-a73c-95c5134a136e\",\n  \"status\":
        \"InProgress\",\n  \"startTime\": \"2023-03-16T02:57:48.8917346Z\"\n }"
    headers:
      cache-control:
      - no-cache
      content-length:
      - '126'
      content-type:
      - application/json
      date:
      - Thu, 16 Mar 2023 03:04:50 GMT
      expires:
      - '-1'
      pragma:
      - no-cache
      server:
      - nginx
      strict-transport-security:
      - max-age=31536000; includeSubDomains
      transfer-encoding:
      - chunked
      vary:
      - Accept-Encoding
      x-content-type-options:
      - nosniff
    status:
      code: 200
      message: OK
- request:
    body: null
    headers:
      Accept:
      - '*/*'
      Accept-Encoding:
      - gzip, deflate
      CommandName:
      - aks create
      Connection:
      - keep-alive
      ParameterSetName:
      - --resource-group --name --enable-managed-identity --ssh-key-value -o
      User-Agent:
      - AZURECLI/2.46.0 azsdk-python-azure-mgmt-containerservice/21.1.0b Python/3.8.10
        (Linux-5.15.0-1033-azure-x86_64-with-glibc2.29)
    method: GET
    uri: https://management.azure.com/subscriptions/00000000-0000-0000-0000-000000000000/providers/Microsoft.ContainerService/locations/westus2/operations/104b5be4-4434-4524-a73c-95c5134a136e?api-version=2016-03-30
  response:
    body:
      string: "{\n  \"name\": \"e45b4b10-3444-2445-a73c-95c5134a136e\",\n  \"status\":
        \"InProgress\",\n  \"startTime\": \"2023-03-16T02:57:48.8917346Z\"\n }"
    headers:
      cache-control:
      - no-cache
      content-length:
      - '126'
      content-type:
      - application/json
      date:
      - Thu, 16 Mar 2023 03:05:19 GMT
      expires:
      - '-1'
      pragma:
      - no-cache
      server:
      - nginx
      strict-transport-security:
      - max-age=31536000; includeSubDomains
      transfer-encoding:
      - chunked
      vary:
      - Accept-Encoding
      x-content-type-options:
      - nosniff
    status:
      code: 200
      message: OK
- request:
    body: null
    headers:
      Accept:
      - '*/*'
      Accept-Encoding:
      - gzip, deflate
      CommandName:
      - aks create
      Connection:
      - keep-alive
      ParameterSetName:
      - --resource-group --name --enable-managed-identity --ssh-key-value -o
      User-Agent:
      - AZURECLI/2.46.0 azsdk-python-azure-mgmt-containerservice/21.1.0b Python/3.8.10
        (Linux-5.15.0-1033-azure-x86_64-with-glibc2.29)
    method: GET
    uri: https://management.azure.com/subscriptions/00000000-0000-0000-0000-000000000000/providers/Microsoft.ContainerService/locations/westus2/operations/104b5be4-4434-4524-a73c-95c5134a136e?api-version=2016-03-30
  response:
    body:
      string: "{\n  \"name\": \"e45b4b10-3444-2445-a73c-95c5134a136e\",\n  \"status\":
        \"Succeeded\",\n  \"startTime\": \"2023-03-16T02:57:48.8917346Z\",\n  \"endTime\":
        \"2023-03-16T03:05:26.1640221Z\"\n }"
    headers:
      cache-control:
      - no-cache
      content-length:
      - '170'
      content-type:
      - application/json
      date:
      - Thu, 16 Mar 2023 03:05:49 GMT
      expires:
      - '-1'
      pragma:
      - no-cache
      server:
      - nginx
      strict-transport-security:
      - max-age=31536000; includeSubDomains
      transfer-encoding:
      - chunked
      vary:
      - Accept-Encoding
      x-content-type-options:
      - nosniff
    status:
      code: 200
      message: OK
- request:
    body: null
    headers:
      Accept:
      - '*/*'
      Accept-Encoding:
      - gzip, deflate
      CommandName:
      - aks create
      Connection:
      - keep-alive
      ParameterSetName:
      - --resource-group --name --enable-managed-identity --ssh-key-value -o
      User-Agent:
      - AZURECLI/2.46.0 azsdk-python-azure-mgmt-containerservice/21.1.0b Python/3.8.10
        (Linux-5.15.0-1033-azure-x86_64-with-glibc2.29)
    method: GET
    uri: https://management.azure.com/subscriptions/00000000-0000-0000-0000-000000000000/resourceGroups/clitest000001/providers/Microsoft.ContainerService/managedClusters/cliakstest000002?api-version=2023-01-02-preview
  response:
    body:
      string: "{\n  \"id\": \"/subscriptions/00000000-0000-0000-0000-000000000000/resourcegroups/clitest000001/providers/Microsoft.ContainerService/managedClusters/cliakstest000002\",\n
        \ \"location\": \"westus2\",\n  \"name\": \"cliakstest000002\",\n  \"type\":
        \"Microsoft.ContainerService/ManagedClusters\",\n  \"properties\": {\n   \"provisioningState\":
        \"Succeeded\",\n   \"powerState\": {\n    \"code\": \"Running\"\n   },\n   \"kubernetesVersion\":
        \"1.24.9\",\n   \"currentKubernetesVersion\": \"1.24.9\",\n   \"dnsPrefix\":
        \"cliakstest-clitestcriiwuyzy-79a739\",\n   \"fqdn\": \"cliakstest-clitestcriiwuyzy-79a739-m3oul6nb.hcp.westus2.azmk8s.io\",\n
        \  \"azurePortalFQDN\": \"cliakstest-clitestcriiwuyzy-79a739-m3oul6nb.portal.hcp.westus2.azmk8s.io\",\n
        \  \"agentPoolProfiles\": [\n    {\n     \"name\": \"nodepool1\",\n     \"count\":
        3,\n     \"vmSize\": \"Standard_DS2_v2\",\n     \"osDiskSizeGB\": 128,\n     \"osDiskType\":
        \"Managed\",\n     \"kubeletDiskType\": \"OS\",\n     \"workloadRuntime\":
        \"OCIContainer\",\n     \"maxPods\": 110,\n     \"type\": \"VirtualMachineScaleSets\",\n
        \    \"enableAutoScaling\": false,\n     \"provisioningState\": \"Succeeded\",\n
        \    \"powerState\": {\n      \"code\": \"Running\"\n     },\n     \"orchestratorVersion\":
        \"1.24.9\",\n     \"currentOrchestratorVersion\": \"1.24.9\",\n     \"enableNodePublicIP\":
        false,\n     \"enableCustomCATrust\": false,\n     \"mode\": \"System\",\n
        \    \"enableEncryptionAtHost\": false,\n     \"enableUltraSSD\": false,\n
        \    \"osType\": \"Linux\",\n     \"osSKU\": \"Ubuntu\",\n     \"nodeImageVersion\":
        \"AKSUbuntu-1804gen2containerd-2023.02.15\",\n     \"upgradeSettings\": {},\n
        \    \"enableFIPS\": false,\n     \"networkProfile\": {}\n    }\n   ],\n   \"linuxProfile\":
        {\n    \"adminUsername\": \"azureuser\",\n    \"ssh\": {\n     \"publicKeys\":
        [\n      {\n       \"keyData\": \"ssh-rsa AAAAB3NzaC1yc2EAAAADAQABAAABAQC0DWDknbqapF/MuGohfGNUMoUlE2aI2LZc8ho91GQdtq7IQypEPr4yB29oEQMwmgHlnqCOQLHTXvEPKSU0LDGrjVO7vKsYUm7bOfx1wryQ7e1eb5+GyP4fLZCY3VnCGdC2BjUjuIYTd2nG718clupwvDKgKHD0oJfzoYOoZXnyeUeVXXPwOZZmo832O4Qm8byoJXgDNA83wB7MXnaDSY59j53GKJEojn/btxiiJgMuZuvgPUEjdosrCFOHz3iPmtpC0nr79h95by4FVd5Z9bWqVT3zc1EVwIQP5M4b5ZAvV0e2wX93QYVtDKQyxg288ZoSo3yBvukJ8obl91kUlERv
        azcli_aks_live_test@example.com\\n\"\n      }\n     ]\n    }\n   },\n   \"servicePrincipalProfile\":
        {\n    \"clientId\":\"00000000-0000-0000-0000-000000000001\"\n   },\n   \"nodeResourceGroup\":
        \"MC_clitest000001_cliakstest000002_westus2\",\n   \"enableRBAC\": true,\n
        \  \"enablePodSecurityPolicy\": false,\n   \"networkProfile\": {\n    \"networkPlugin\":
        \"kubenet\",\n    \"loadBalancerSku\": \"Standard\",\n    \"loadBalancerProfile\":
        {\n     \"managedOutboundIPs\": {\n      \"count\": 1\n     },\n     \"effectiveOutboundIPs\":
        [\n      {\n       \"id\": \"/subscriptions/00000000-0000-0000-0000-000000000000/resourceGroups/MC_clitest000001_cliakstest000002_westus2/providers/Microsoft.Network/publicIPAddresses/a862cb01-6b80-4cfa-8323-8adb474b47f3\"\n
        \     }\n     ],\n     \"backendPoolType\": \"nodeIPConfiguration\"\n    },\n
        \   \"podCidr\": \"10.244.0.0/16\",\n    \"serviceCidr\": \"10.0.0.0/16\",\n
        \   \"dnsServiceIP\": \"10.0.0.10\",\n    \"dockerBridgeCidr\": \"172.17.0.1/16\",\n
        \   \"outboundType\": \"loadBalancer\",\n    \"podCidrs\": [\n     \"10.244.0.0/16\"\n
        \   ],\n    \"serviceCidrs\": [\n     \"10.0.0.0/16\"\n    ],\n    \"ipFamilies\":
        [\n     \"IPv4\"\n    ]\n   },\n   \"maxAgentPools\": 100,\n   \"identityProfile\":
        {\n    \"kubeletidentity\": {\n     \"resourceId\": \"/subscriptions/00000000-0000-0000-0000-000000000000/resourcegroups/MC_clitest000001_cliakstest000002_westus2/providers/Microsoft.ManagedIdentity/userAssignedIdentities/cliakstest000002-agentpool\",\n
        \    \"clientId\":\"00000000-0000-0000-0000-000000000001\",\n     \"objectId\":\"00000000-0000-0000-0000-000000000001\"\n
        \   }\n   },\n   \"disableLocalAccounts\": false,\n   \"securityProfile\":
        {},\n   \"storageProfile\": {\n    \"diskCSIDriver\": {\n     \"enabled\":
        true,\n     \"version\": \"v1\"\n    },\n    \"fileCSIDriver\": {\n     \"enabled\":
        true\n    },\n    \"snapshotController\": {\n     \"enabled\": true\n    }\n
        \  },\n   \"oidcIssuerProfile\": {\n    \"enabled\": false\n   },\n   \"workloadAutoScalerProfile\":
        {}\n  },\n  \"identity\": {\n   \"type\": \"SystemAssigned\",\n   \"principalId\":\"00000000-0000-0000-0000-000000000001\",\n
        \  \"tenantId\": \"72f988bf-86f1-41af-91ab-2d7cd011db47\"\n  },\n  \"sku\":
        {\n   \"name\": \"Basic\",\n   \"tier\": \"Free\"\n  }\n }"
    headers:
      cache-control:
      - no-cache
      content-length:
      - '4129'
      content-type:
      - application/json
      date:
      - Thu, 16 Mar 2023 03:05:50 GMT
      expires:
      - '-1'
      pragma:
      - no-cache
      server:
      - nginx
      strict-transport-security:
      - max-age=31536000; includeSubDomains
      transfer-encoding:
      - chunked
      vary:
      - Accept-Encoding
      x-content-type-options:
      - nosniff
    status:
      code: 200
      message: OK
- request:
    body: null
    headers:
      Accept:
      - application/json
      Accept-Encoding:
      - gzip, deflate
      CommandName:
      - aks enable-addons
      Connection:
      - keep-alive
      ParameterSetName:
      - --addons --resource-group --name -o
      User-Agent:
      - AZURECLI/2.46.0 azsdk-python-azure-mgmt-containerservice/21.1.0b Python/3.8.10
        (Linux-5.15.0-1033-azure-x86_64-with-glibc2.29)
    method: GET
    uri: https://management.azure.com/subscriptions/00000000-0000-0000-0000-000000000000/resourceGroups/clitest000001/providers/Microsoft.ContainerService/managedClusters/cliakstest000002?api-version=2023-01-02-preview
  response:
    body:
      string: "{\n  \"id\": \"/subscriptions/00000000-0000-0000-0000-000000000000/resourcegroups/clitest000001/providers/Microsoft.ContainerService/managedClusters/cliakstest000002\",\n
        \ \"location\": \"westus2\",\n  \"name\": \"cliakstest000002\",\n  \"type\":
        \"Microsoft.ContainerService/ManagedClusters\",\n  \"properties\": {\n   \"provisioningState\":
        \"Succeeded\",\n   \"powerState\": {\n    \"code\": \"Running\"\n   },\n   \"kubernetesVersion\":
        \"1.24.9\",\n   \"currentKubernetesVersion\": \"1.24.9\",\n   \"dnsPrefix\":
        \"cliakstest-clitestcriiwuyzy-79a739\",\n   \"fqdn\": \"cliakstest-clitestcriiwuyzy-79a739-m3oul6nb.hcp.westus2.azmk8s.io\",\n
        \  \"azurePortalFQDN\": \"cliakstest-clitestcriiwuyzy-79a739-m3oul6nb.portal.hcp.westus2.azmk8s.io\",\n
        \  \"agentPoolProfiles\": [\n    {\n     \"name\": \"nodepool1\",\n     \"count\":
        3,\n     \"vmSize\": \"Standard_DS2_v2\",\n     \"osDiskSizeGB\": 128,\n     \"osDiskType\":
        \"Managed\",\n     \"kubeletDiskType\": \"OS\",\n     \"workloadRuntime\":
        \"OCIContainer\",\n     \"maxPods\": 110,\n     \"type\": \"VirtualMachineScaleSets\",\n
        \    \"enableAutoScaling\": false,\n     \"provisioningState\": \"Succeeded\",\n
        \    \"powerState\": {\n      \"code\": \"Running\"\n     },\n     \"orchestratorVersion\":
        \"1.24.9\",\n     \"currentOrchestratorVersion\": \"1.24.9\",\n     \"enableNodePublicIP\":
        false,\n     \"enableCustomCATrust\": false,\n     \"mode\": \"System\",\n
        \    \"enableEncryptionAtHost\": false,\n     \"enableUltraSSD\": false,\n
        \    \"osType\": \"Linux\",\n     \"osSKU\": \"Ubuntu\",\n     \"nodeImageVersion\":
        \"AKSUbuntu-1804gen2containerd-2023.02.15\",\n     \"upgradeSettings\": {},\n
        \    \"enableFIPS\": false,\n     \"networkProfile\": {}\n    }\n   ],\n   \"linuxProfile\":
        {\n    \"adminUsername\": \"azureuser\",\n    \"ssh\": {\n     \"publicKeys\":
        [\n      {\n       \"keyData\": \"ssh-rsa AAAAB3NzaC1yc2EAAAADAQABAAABAQC0DWDknbqapF/MuGohfGNUMoUlE2aI2LZc8ho91GQdtq7IQypEPr4yB29oEQMwmgHlnqCOQLHTXvEPKSU0LDGrjVO7vKsYUm7bOfx1wryQ7e1eb5+GyP4fLZCY3VnCGdC2BjUjuIYTd2nG718clupwvDKgKHD0oJfzoYOoZXnyeUeVXXPwOZZmo832O4Qm8byoJXgDNA83wB7MXnaDSY59j53GKJEojn/btxiiJgMuZuvgPUEjdosrCFOHz3iPmtpC0nr79h95by4FVd5Z9bWqVT3zc1EVwIQP5M4b5ZAvV0e2wX93QYVtDKQyxg288ZoSo3yBvukJ8obl91kUlERv
        azcli_aks_live_test@example.com\\n\"\n      }\n     ]\n    }\n   },\n   \"servicePrincipalProfile\":
        {\n    \"clientId\":\"00000000-0000-0000-0000-000000000001\"\n   },\n   \"nodeResourceGroup\":
        \"MC_clitest000001_cliakstest000002_westus2\",\n   \"enableRBAC\": true,\n
        \  \"enablePodSecurityPolicy\": false,\n   \"networkProfile\": {\n    \"networkPlugin\":
        \"kubenet\",\n    \"loadBalancerSku\": \"Standard\",\n    \"loadBalancerProfile\":
        {\n     \"managedOutboundIPs\": {\n      \"count\": 1\n     },\n     \"effectiveOutboundIPs\":
        [\n      {\n       \"id\": \"/subscriptions/00000000-0000-0000-0000-000000000000/resourceGroups/MC_clitest000001_cliakstest000002_westus2/providers/Microsoft.Network/publicIPAddresses/a862cb01-6b80-4cfa-8323-8adb474b47f3\"\n
        \     }\n     ],\n     \"backendPoolType\": \"nodeIPConfiguration\"\n    },\n
        \   \"podCidr\": \"10.244.0.0/16\",\n    \"serviceCidr\": \"10.0.0.0/16\",\n
        \   \"dnsServiceIP\": \"10.0.0.10\",\n    \"dockerBridgeCidr\": \"172.17.0.1/16\",\n
        \   \"outboundType\": \"loadBalancer\",\n    \"podCidrs\": [\n     \"10.244.0.0/16\"\n
        \   ],\n    \"serviceCidrs\": [\n     \"10.0.0.0/16\"\n    ],\n    \"ipFamilies\":
        [\n     \"IPv4\"\n    ]\n   },\n   \"maxAgentPools\": 100,\n   \"identityProfile\":
        {\n    \"kubeletidentity\": {\n     \"resourceId\": \"/subscriptions/00000000-0000-0000-0000-000000000000/resourcegroups/MC_clitest000001_cliakstest000002_westus2/providers/Microsoft.ManagedIdentity/userAssignedIdentities/cliakstest000002-agentpool\",\n
        \    \"clientId\":\"00000000-0000-0000-0000-000000000001\",\n     \"objectId\":\"00000000-0000-0000-0000-000000000001\"\n
        \   }\n   },\n   \"disableLocalAccounts\": false,\n   \"securityProfile\":
        {},\n   \"storageProfile\": {\n    \"diskCSIDriver\": {\n     \"enabled\":
        true,\n     \"version\": \"v1\"\n    },\n    \"fileCSIDriver\": {\n     \"enabled\":
        true\n    },\n    \"snapshotController\": {\n     \"enabled\": true\n    }\n
        \  },\n   \"oidcIssuerProfile\": {\n    \"enabled\": false\n   },\n   \"workloadAutoScalerProfile\":
        {}\n  },\n  \"identity\": {\n   \"type\": \"SystemAssigned\",\n   \"principalId\":\"00000000-0000-0000-0000-000000000001\",\n
        \  \"tenantId\": \"72f988bf-86f1-41af-91ab-2d7cd011db47\"\n  },\n  \"sku\":
        {\n   \"name\": \"Basic\",\n   \"tier\": \"Free\"\n  }\n }"
    headers:
      cache-control:
      - no-cache
      content-length:
      - '4129'
      content-type:
      - application/json
      date:
      - Thu, 16 Mar 2023 03:05:50 GMT
      expires:
      - '-1'
      pragma:
      - no-cache
      server:
      - nginx
      strict-transport-security:
      - max-age=31536000; includeSubDomains
      transfer-encoding:
      - chunked
      vary:
      - Accept-Encoding
      x-content-type-options:
      - nosniff
    status:
      code: 200
      message: OK
- request:
    body: '{"location": "westus2", "sku": {"name": "Basic", "tier": "Free"}, "identity":
      {"type": "SystemAssigned"}, "properties": {"kubernetesVersion": "1.24.9", "dnsPrefix":
      "cliakstest-clitestcriiwuyzy-79a739", "agentPoolProfiles": [{"count": 3, "vmSize":
      "Standard_DS2_v2", "osDiskSizeGB": 128, "osDiskType": "Managed", "kubeletDiskType":
      "OS", "workloadRuntime": "OCIContainer", "maxPods": 110, "osType": "Linux",
      "osSKU": "Ubuntu", "enableAutoScaling": false, "type": "VirtualMachineScaleSets",
      "mode": "System", "orchestratorVersion": "1.24.9", "upgradeSettings": {}, "powerState":
      {"code": "Running"}, "enableNodePublicIP": false, "enableCustomCATrust": false,
      "enableEncryptionAtHost": false, "enableUltraSSD": false, "enableFIPS": false,
      "networkProfile": {}, "name": "nodepool1"}], "linuxProfile": {"adminUsername":
      "azureuser", "ssh": {"publicKeys": [{"keyData": "ssh-rsa AAAAB3NzaC1yc2EAAAADAQABAAABAQC0DWDknbqapF/MuGohfGNUMoUlE2aI2LZc8ho91GQdtq7IQypEPr4yB29oEQMwmgHlnqCOQLHTXvEPKSU0LDGrjVO7vKsYUm7bOfx1wryQ7e1eb5+GyP4fLZCY3VnCGdC2BjUjuIYTd2nG718clupwvDKgKHD0oJfzoYOoZXnyeUeVXXPwOZZmo832O4Qm8byoJXgDNA83wB7MXnaDSY59j53GKJEojn/btxiiJgMuZuvgPUEjdosrCFOHz3iPmtpC0nr79h95by4FVd5Z9bWqVT3zc1EVwIQP5M4b5ZAvV0e2wX93QYVtDKQyxg288ZoSo3yBvukJ8obl91kUlERv
      azcli_aks_live_test@example.com\n"}]}}, "addonProfiles": {"openServiceMesh":
      {"enabled": true, "config": {}}}, "oidcIssuerProfile": {"enabled": false}, "nodeResourceGroup":
      "MC_clitest000001_cliakstest000002_westus2", "enableRBAC": true, "enablePodSecurityPolicy":
      false, "networkProfile": {"networkPlugin": "kubenet", "podCidr": "10.244.0.0/16",
      "serviceCidr": "10.0.0.0/16", "dnsServiceIP": "10.0.0.10", "dockerBridgeCidr":
      "172.17.0.1/16", "outboundType": "loadBalancer", "loadBalancerSku": "Standard",
      "loadBalancerProfile": {"managedOutboundIPs": {"count": 1}, "effectiveOutboundIPs":
      [{"id": "/subscriptions/00000000-0000-0000-0000-000000000000/resourceGroups/MC_clitest000001_cliakstest000002_westus2/providers/Microsoft.Network/publicIPAddresses/a862cb01-6b80-4cfa-8323-8adb474b47f3"}],
      "backendPoolType": "nodeIPConfiguration"}, "podCidrs": ["10.244.0.0/16"], "serviceCidrs":
      ["10.0.0.0/16"], "ipFamilies": ["IPv4"]}, "identityProfile": {"kubeletidentity":
      {"resourceId": "/subscriptions/00000000-0000-0000-0000-000000000000/resourcegroups/MC_clitest000001_cliakstest000002_westus2/providers/Microsoft.ManagedIdentity/userAssignedIdentities/cliakstest000002-agentpool",
      "clientId":"00000000-0000-0000-0000-000000000001", "objectId":"00000000-0000-0000-0000-000000000001"}},
      "disableLocalAccounts": false, "securityProfile": {}, "storageProfile": {"diskCSIDriver":
      {"enabled": true, "version": "v1"}, "fileCSIDriver": {"enabled": true}, "snapshotController":
      {"enabled": true}}, "workloadAutoScalerProfile": {}}}'
    headers:
      Accept:
      - application/json
      Accept-Encoding:
      - gzip, deflate
      CommandName:
      - aks enable-addons
      Connection:
      - keep-alive
      Content-Length:
      - '2766'
      Content-Type:
      - application/json
      ParameterSetName:
      - --addons --resource-group --name -o
      User-Agent:
      - AZURECLI/2.46.0 azsdk-python-azure-mgmt-containerservice/21.1.0b Python/3.8.10
        (Linux-5.15.0-1033-azure-x86_64-with-glibc2.29)
    method: PUT
    uri: https://management.azure.com/subscriptions/00000000-0000-0000-0000-000000000000/resourceGroups/clitest000001/providers/Microsoft.ContainerService/managedClusters/cliakstest000002?api-version=2023-01-02-preview
  response:
    body:
      string: "{\n  \"id\": \"/subscriptions/00000000-0000-0000-0000-000000000000/resourcegroups/clitest000001/providers/Microsoft.ContainerService/managedClusters/cliakstest000002\",\n
        \ \"location\": \"westus2\",\n  \"name\": \"cliakstest000002\",\n  \"type\":
        \"Microsoft.ContainerService/ManagedClusters\",\n  \"properties\": {\n   \"provisioningState\":
        \"Updating\",\n   \"powerState\": {\n    \"code\": \"Running\"\n   },\n   \"kubernetesVersion\":
        \"1.24.9\",\n   \"currentKubernetesVersion\": \"1.24.9\",\n   \"dnsPrefix\":
        \"cliakstest-clitestcriiwuyzy-79a739\",\n   \"fqdn\": \"cliakstest-clitestcriiwuyzy-79a739-m3oul6nb.hcp.westus2.azmk8s.io\",\n
        \  \"azurePortalFQDN\": \"cliakstest-clitestcriiwuyzy-79a739-m3oul6nb.portal.hcp.westus2.azmk8s.io\",\n
        \  \"agentPoolProfiles\": [\n    {\n     \"name\": \"nodepool1\",\n     \"count\":
        3,\n     \"vmSize\": \"Standard_DS2_v2\",\n     \"osDiskSizeGB\": 128,\n     \"osDiskType\":
        \"Managed\",\n     \"kubeletDiskType\": \"OS\",\n     \"workloadRuntime\":
        \"OCIContainer\",\n     \"maxPods\": 110,\n     \"type\": \"VirtualMachineScaleSets\",\n
        \    \"enableAutoScaling\": false,\n     \"provisioningState\": \"Updating\",\n
        \    \"powerState\": {\n      \"code\": \"Running\"\n     },\n     \"orchestratorVersion\":
        \"1.24.9\",\n     \"currentOrchestratorVersion\": \"1.24.9\",\n     \"enableNodePublicIP\":
        false,\n     \"enableCustomCATrust\": false,\n     \"mode\": \"System\",\n
        \    \"enableEncryptionAtHost\": false,\n     \"enableUltraSSD\": false,\n
        \    \"osType\": \"Linux\",\n     \"osSKU\": \"Ubuntu\",\n     \"nodeImageVersion\":
        \"AKSUbuntu-1804gen2containerd-2023.02.15\",\n     \"upgradeSettings\": {},\n
        \    \"enableFIPS\": false,\n     \"networkProfile\": {}\n    }\n   ],\n   \"linuxProfile\":
        {\n    \"adminUsername\": \"azureuser\",\n    \"ssh\": {\n     \"publicKeys\":
        [\n      {\n       \"keyData\": \"ssh-rsa AAAAB3NzaC1yc2EAAAADAQABAAABAQC0DWDknbqapF/MuGohfGNUMoUlE2aI2LZc8ho91GQdtq7IQypEPr4yB29oEQMwmgHlnqCOQLHTXvEPKSU0LDGrjVO7vKsYUm7bOfx1wryQ7e1eb5+GyP4fLZCY3VnCGdC2BjUjuIYTd2nG718clupwvDKgKHD0oJfzoYOoZXnyeUeVXXPwOZZmo832O4Qm8byoJXgDNA83wB7MXnaDSY59j53GKJEojn/btxiiJgMuZuvgPUEjdosrCFOHz3iPmtpC0nr79h95by4FVd5Z9bWqVT3zc1EVwIQP5M4b5ZAvV0e2wX93QYVtDKQyxg288ZoSo3yBvukJ8obl91kUlERv
        azcli_aks_live_test@example.com\\n\"\n      }\n     ]\n    }\n   },\n   \"servicePrincipalProfile\":
        {\n    \"clientId\":\"00000000-0000-0000-0000-000000000001\"\n   },\n   \"addonProfiles\":
        {\n    \"openServiceMesh\": {\n     \"enabled\": true,\n     \"config\": null\n
        \   }\n   },\n   \"nodeResourceGroup\": \"MC_clitest000001_cliakstest000002_westus2\",\n
        \  \"enableRBAC\": true,\n   \"enablePodSecurityPolicy\": false,\n   \"networkProfile\":
        {\n    \"networkPlugin\": \"kubenet\",\n    \"loadBalancerSku\": \"Standard\",\n
        \   \"loadBalancerProfile\": {\n     \"managedOutboundIPs\": {\n      \"count\":
        1\n     },\n     \"effectiveOutboundIPs\": [\n      {\n       \"id\": \"/subscriptions/00000000-0000-0000-0000-000000000000/resourceGroups/MC_clitest000001_cliakstest000002_westus2/providers/Microsoft.Network/publicIPAddresses/a862cb01-6b80-4cfa-8323-8adb474b47f3\"\n
        \     }\n     ],\n     \"backendPoolType\": \"nodeIPConfiguration\"\n    },\n
        \   \"podCidr\": \"10.244.0.0/16\",\n    \"serviceCidr\": \"10.0.0.0/16\",\n
        \   \"dnsServiceIP\": \"10.0.0.10\",\n    \"dockerBridgeCidr\": \"172.17.0.1/16\",\n
        \   \"outboundType\": \"loadBalancer\",\n    \"podCidrs\": [\n     \"10.244.0.0/16\"\n
        \   ],\n    \"serviceCidrs\": [\n     \"10.0.0.0/16\"\n    ],\n    \"ipFamilies\":
        [\n     \"IPv4\"\n    ]\n   },\n   \"maxAgentPools\": 100,\n   \"identityProfile\":
        {\n    \"kubeletidentity\": {\n     \"resourceId\": \"/subscriptions/00000000-0000-0000-0000-000000000000/resourcegroups/MC_clitest000001_cliakstest000002_westus2/providers/Microsoft.ManagedIdentity/userAssignedIdentities/cliakstest000002-agentpool\",\n
        \    \"clientId\":\"00000000-0000-0000-0000-000000000001\",\n     \"objectId\":\"00000000-0000-0000-0000-000000000001\"\n
        \   }\n   },\n   \"disableLocalAccounts\": false,\n   \"securityProfile\":
        {},\n   \"storageProfile\": {\n    \"diskCSIDriver\": {\n     \"enabled\":
        true,\n     \"version\": \"v1\"\n    },\n    \"fileCSIDriver\": {\n     \"enabled\":
        true\n    },\n    \"snapshotController\": {\n     \"enabled\": true\n    }\n
        \  },\n   \"oidcIssuerProfile\": {\n    \"enabled\": false\n   },\n   \"workloadAutoScalerProfile\":
        {}\n  },\n  \"identity\": {\n   \"type\": \"SystemAssigned\",\n   \"principalId\":\"00000000-0000-0000-0000-000000000001\",\n
        \  \"tenantId\": \"72f988bf-86f1-41af-91ab-2d7cd011db47\"\n  },\n  \"sku\":
        {\n   \"name\": \"Basic\",\n   \"tier\": \"Free\"\n  }\n }"
    headers:
      azure-asyncoperation:
      - https://management.azure.com/subscriptions/00000000-0000-0000-0000-000000000000/providers/Microsoft.ContainerService/locations/westus2/operations/2ca50b8a-bd9f-41d2-b549-3d0d8ac65979?api-version=2016-03-30
      cache-control:
      - no-cache
      content-length:
      - '4228'
      content-type:
      - application/json
      date:
      - Thu, 16 Mar 2023 03:05:54 GMT
      expires:
      - '-1'
      pragma:
      - no-cache
      server:
      - nginx
      strict-transport-security:
      - max-age=31536000; includeSubDomains
      transfer-encoding:
      - chunked
      vary:
      - Accept-Encoding
      x-content-type-options:
      - nosniff
      x-ms-ratelimit-remaining-subscription-writes:
      - '1193'
    status:
      code: 200
      message: OK
- request:
    body: null
    headers:
      Accept:
      - '*/*'
      Accept-Encoding:
      - gzip, deflate
      CommandName:
      - aks enable-addons
      Connection:
      - keep-alive
      ParameterSetName:
      - --addons --resource-group --name -o
      User-Agent:
      - AZURECLI/2.46.0 azsdk-python-azure-mgmt-containerservice/21.1.0b Python/3.8.10
        (Linux-5.15.0-1033-azure-x86_64-with-glibc2.29)
    method: GET
    uri: https://management.azure.com/subscriptions/00000000-0000-0000-0000-000000000000/providers/Microsoft.ContainerService/locations/westus2/operations/2ca50b8a-bd9f-41d2-b549-3d0d8ac65979?api-version=2016-03-30
  response:
    body:
      string: "{\n  \"name\": \"8a0ba52c-9fbd-d241-b549-3d0d8ac65979\",\n  \"status\":
        \"InProgress\",\n  \"startTime\": \"2023-03-16T03:05:55.0497772Z\"\n }"
    headers:
      cache-control:
      - no-cache
      content-length:
      - '126'
      content-type:
      - application/json
      date:
      - Thu, 16 Mar 2023 03:06:25 GMT
      expires:
      - '-1'
      pragma:
      - no-cache
      server:
      - nginx
      strict-transport-security:
      - max-age=31536000; includeSubDomains
      transfer-encoding:
      - chunked
      vary:
      - Accept-Encoding
      x-content-type-options:
      - nosniff
    status:
      code: 200
      message: OK
- request:
    body: null
    headers:
      Accept:
      - '*/*'
      Accept-Encoding:
      - gzip, deflate
      CommandName:
      - aks enable-addons
      Connection:
      - keep-alive
      ParameterSetName:
      - --addons --resource-group --name -o
      User-Agent:
      - AZURECLI/2.46.0 azsdk-python-azure-mgmt-containerservice/21.1.0b Python/3.8.10
        (Linux-5.15.0-1033-azure-x86_64-with-glibc2.29)
    method: GET
    uri: https://management.azure.com/subscriptions/00000000-0000-0000-0000-000000000000/providers/Microsoft.ContainerService/locations/westus2/operations/2ca50b8a-bd9f-41d2-b549-3d0d8ac65979?api-version=2016-03-30
  response:
    body:
      string: "{\n  \"name\": \"8a0ba52c-9fbd-d241-b549-3d0d8ac65979\",\n  \"status\":
        \"InProgress\",\n  \"startTime\": \"2023-03-16T03:05:55.0497772Z\"\n }"
    headers:
      cache-control:
      - no-cache
      content-length:
      - '126'
      content-type:
      - application/json
      date:
      - Thu, 16 Mar 2023 03:06:55 GMT
      expires:
      - '-1'
      pragma:
      - no-cache
      server:
      - nginx
      strict-transport-security:
      - max-age=31536000; includeSubDomains
      transfer-encoding:
      - chunked
      vary:
      - Accept-Encoding
      x-content-type-options:
      - nosniff
    status:
      code: 200
      message: OK
- request:
    body: null
    headers:
      Accept:
      - '*/*'
      Accept-Encoding:
      - gzip, deflate
      CommandName:
      - aks enable-addons
      Connection:
      - keep-alive
      ParameterSetName:
      - --addons --resource-group --name -o
      User-Agent:
      - AZURECLI/2.46.0 azsdk-python-azure-mgmt-containerservice/21.1.0b Python/3.8.10
        (Linux-5.15.0-1033-azure-x86_64-with-glibc2.29)
    method: GET
    uri: https://management.azure.com/subscriptions/00000000-0000-0000-0000-000000000000/providers/Microsoft.ContainerService/locations/westus2/operations/2ca50b8a-bd9f-41d2-b549-3d0d8ac65979?api-version=2016-03-30
  response:
    body:
      string: "{\n  \"name\": \"8a0ba52c-9fbd-d241-b549-3d0d8ac65979\",\n  \"status\":
        \"Succeeded\",\n  \"startTime\": \"2023-03-16T03:05:55.0497772Z\",\n  \"endTime\":
        \"2023-03-16T03:07:20.2691837Z\"\n }"
    headers:
      cache-control:
      - no-cache
      content-length:
      - '170'
      content-type:
      - application/json
      date:
      - Thu, 16 Mar 2023 03:07:24 GMT
      expires:
      - '-1'
      pragma:
      - no-cache
      server:
      - nginx
      strict-transport-security:
      - max-age=31536000; includeSubDomains
      transfer-encoding:
      - chunked
      vary:
      - Accept-Encoding
      x-content-type-options:
      - nosniff
    status:
      code: 200
      message: OK
- request:
    body: null
    headers:
      Accept:
      - '*/*'
      Accept-Encoding:
      - gzip, deflate
      CommandName:
      - aks enable-addons
      Connection:
      - keep-alive
      ParameterSetName:
      - --addons --resource-group --name -o
      User-Agent:
      - AZURECLI/2.46.0 azsdk-python-azure-mgmt-containerservice/21.1.0b Python/3.8.10
        (Linux-5.15.0-1033-azure-x86_64-with-glibc2.29)
    method: GET
    uri: https://management.azure.com/subscriptions/00000000-0000-0000-0000-000000000000/resourceGroups/clitest000001/providers/Microsoft.ContainerService/managedClusters/cliakstest000002?api-version=2023-01-02-preview
  response:
    body:
      string: "{\n  \"id\": \"/subscriptions/00000000-0000-0000-0000-000000000000/resourcegroups/clitest000001/providers/Microsoft.ContainerService/managedClusters/cliakstest000002\",\n
        \ \"location\": \"westus2\",\n  \"name\": \"cliakstest000002\",\n  \"type\":
        \"Microsoft.ContainerService/ManagedClusters\",\n  \"properties\": {\n   \"provisioningState\":
        \"Succeeded\",\n   \"powerState\": {\n    \"code\": \"Running\"\n   },\n   \"kubernetesVersion\":
        \"1.24.9\",\n   \"currentKubernetesVersion\": \"1.24.9\",\n   \"dnsPrefix\":
        \"cliakstest-clitestcriiwuyzy-79a739\",\n   \"fqdn\": \"cliakstest-clitestcriiwuyzy-79a739-m3oul6nb.hcp.westus2.azmk8s.io\",\n
        \  \"azurePortalFQDN\": \"cliakstest-clitestcriiwuyzy-79a739-m3oul6nb.portal.hcp.westus2.azmk8s.io\",\n
        \  \"agentPoolProfiles\": [\n    {\n     \"name\": \"nodepool1\",\n     \"count\":
        3,\n     \"vmSize\": \"Standard_DS2_v2\",\n     \"osDiskSizeGB\": 128,\n     \"osDiskType\":
        \"Managed\",\n     \"kubeletDiskType\": \"OS\",\n     \"workloadRuntime\":
        \"OCIContainer\",\n     \"maxPods\": 110,\n     \"type\": \"VirtualMachineScaleSets\",\n
        \    \"enableAutoScaling\": false,\n     \"provisioningState\": \"Succeeded\",\n
        \    \"powerState\": {\n      \"code\": \"Running\"\n     },\n     \"orchestratorVersion\":
        \"1.24.9\",\n     \"currentOrchestratorVersion\": \"1.24.9\",\n     \"enableNodePublicIP\":
        false,\n     \"enableCustomCATrust\": false,\n     \"mode\": \"System\",\n
        \    \"enableEncryptionAtHost\": false,\n     \"enableUltraSSD\": false,\n
        \    \"osType\": \"Linux\",\n     \"osSKU\": \"Ubuntu\",\n     \"nodeImageVersion\":
        \"AKSUbuntu-1804gen2containerd-2023.02.15\",\n     \"upgradeSettings\": {},\n
        \    \"enableFIPS\": false,\n     \"networkProfile\": {}\n    }\n   ],\n   \"linuxProfile\":
        {\n    \"adminUsername\": \"azureuser\",\n    \"ssh\": {\n     \"publicKeys\":
        [\n      {\n       \"keyData\": \"ssh-rsa AAAAB3NzaC1yc2EAAAADAQABAAABAQC0DWDknbqapF/MuGohfGNUMoUlE2aI2LZc8ho91GQdtq7IQypEPr4yB29oEQMwmgHlnqCOQLHTXvEPKSU0LDGrjVO7vKsYUm7bOfx1wryQ7e1eb5+GyP4fLZCY3VnCGdC2BjUjuIYTd2nG718clupwvDKgKHD0oJfzoYOoZXnyeUeVXXPwOZZmo832O4Qm8byoJXgDNA83wB7MXnaDSY59j53GKJEojn/btxiiJgMuZuvgPUEjdosrCFOHz3iPmtpC0nr79h95by4FVd5Z9bWqVT3zc1EVwIQP5M4b5ZAvV0e2wX93QYVtDKQyxg288ZoSo3yBvukJ8obl91kUlERv
        azcli_aks_live_test@example.com\\n\"\n      }\n     ]\n    }\n   },\n   \"servicePrincipalProfile\":
        {\n    \"clientId\":\"00000000-0000-0000-0000-000000000001\"\n   },\n   \"addonProfiles\":
        {\n    \"openServiceMesh\": {\n     \"enabled\": true,\n     \"config\": null\n
        \   }\n   },\n   \"nodeResourceGroup\": \"MC_clitest000001_cliakstest000002_westus2\",\n
        \  \"enableRBAC\": true,\n   \"enablePodSecurityPolicy\": false,\n   \"networkProfile\":
        {\n    \"networkPlugin\": \"kubenet\",\n    \"loadBalancerSku\": \"Standard\",\n
        \   \"loadBalancerProfile\": {\n     \"managedOutboundIPs\": {\n      \"count\":
        1\n     },\n     \"effectiveOutboundIPs\": [\n      {\n       \"id\": \"/subscriptions/00000000-0000-0000-0000-000000000000/resourceGroups/MC_clitest000001_cliakstest000002_westus2/providers/Microsoft.Network/publicIPAddresses/a862cb01-6b80-4cfa-8323-8adb474b47f3\"\n
        \     }\n     ],\n     \"backendPoolType\": \"nodeIPConfiguration\"\n    },\n
        \   \"podCidr\": \"10.244.0.0/16\",\n    \"serviceCidr\": \"10.0.0.0/16\",\n
        \   \"dnsServiceIP\": \"10.0.0.10\",\n    \"dockerBridgeCidr\": \"172.17.0.1/16\",\n
        \   \"outboundType\": \"loadBalancer\",\n    \"podCidrs\": [\n     \"10.244.0.0/16\"\n
        \   ],\n    \"serviceCidrs\": [\n     \"10.0.0.0/16\"\n    ],\n    \"ipFamilies\":
        [\n     \"IPv4\"\n    ]\n   },\n   \"maxAgentPools\": 100,\n   \"identityProfile\":
        {\n    \"kubeletidentity\": {\n     \"resourceId\": \"/subscriptions/00000000-0000-0000-0000-000000000000/resourcegroups/MC_clitest000001_cliakstest000002_westus2/providers/Microsoft.ManagedIdentity/userAssignedIdentities/cliakstest000002-agentpool\",\n
        \    \"clientId\":\"00000000-0000-0000-0000-000000000001\",\n     \"objectId\":\"00000000-0000-0000-0000-000000000001\"\n
        \   }\n   },\n   \"disableLocalAccounts\": false,\n   \"securityProfile\":
        {},\n   \"storageProfile\": {\n    \"diskCSIDriver\": {\n     \"enabled\":
        true,\n     \"version\": \"v1\"\n    },\n    \"fileCSIDriver\": {\n     \"enabled\":
        true\n    },\n    \"snapshotController\": {\n     \"enabled\": true\n    }\n
        \  },\n   \"oidcIssuerProfile\": {\n    \"enabled\": false\n   },\n   \"workloadAutoScalerProfile\":
        {}\n  },\n  \"identity\": {\n   \"type\": \"SystemAssigned\",\n   \"principalId\":\"00000000-0000-0000-0000-000000000001\",\n
        \  \"tenantId\": \"72f988bf-86f1-41af-91ab-2d7cd011db47\"\n  },\n  \"sku\":
        {\n   \"name\": \"Basic\",\n   \"tier\": \"Free\"\n  }\n }"
    headers:
      cache-control:
      - no-cache
      content-length:
      - '4230'
      content-type:
      - application/json
      date:
      - Thu, 16 Mar 2023 03:07:25 GMT
      expires:
      - '-1'
      pragma:
      - no-cache
      server:
      - nginx
      strict-transport-security:
      - max-age=31536000; includeSubDomains
      transfer-encoding:
      - chunked
      vary:
      - Accept-Encoding
      x-content-type-options:
      - nosniff
    status:
      code: 200
      message: OK
version: 1
