interactions:
- request:
    body: null
    headers:
      Accept:
      - application/json
      Accept-Encoding:
      - gzip, deflate
      CommandName:
      - aks create
      Connection:
      - keep-alive
      ParameterSetName:
      - --resource-group --name --location --enable-managed-identity --enable-oidc-issuer
        --ssh-key-value --aks-custom-headers
      User-Agent:
      - AZURECLI/2.46.0 azsdk-python-azure-mgmt-containerservice/21.1.0b Python/3.8.10
        (Linux-5.15.0-1033-azure-x86_64-with-glibc2.29)
    method: GET
    uri: https://management.azure.com/subscriptions/00000000-0000-0000-0000-000000000000/resourceGroups/clitest000001/providers/Microsoft.ContainerService/managedClusters/cliakstest000001?api-version=2023-01-02-preview
  response:
    body:
      string: '{"error":{"code":"ResourceNotFound","message":"The Resource ''Microsoft.ContainerService/managedClusters/cliakstest000001''
        under resource group ''clitest000001'' was not found. For more details please
        go to https://aka.ms/ARMResourceNotFoundFix"}}'
    headers:
      cache-control:
      - no-cache
      content-length:
      - '244'
      content-type:
      - application/json; charset=utf-8
      date:
      - Thu, 16 Mar 2023 04:01:51 GMT
      expires:
      - '-1'
      pragma:
      - no-cache
      strict-transport-security:
      - max-age=31536000; includeSubDomains
      x-content-type-options:
      - nosniff
      x-ms-failure-cause:
      - gateway
    status:
      code: 404
      message: Not Found
- request:
    body: '{"location": "westus2", "identity": {"type": "SystemAssigned"}, "properties":
      {"kubernetesVersion": "", "dnsPrefix": "cliakstest-clitestj3ejvymjq-79a739",
      "agentPoolProfiles": [{"count": 3, "vmSize": "Standard_DS2_v2", "osDiskSizeGB":
      0, "workloadRuntime": "OCIContainer", "osType": "Linux", "enableAutoScaling":
      false, "type": "VirtualMachineScaleSets", "mode": "System", "orchestratorVersion":
      "", "upgradeSettings": {}, "enableNodePublicIP": false, "enableCustomCATrust":
      false, "scaleSetPriority": "Regular", "scaleSetEvictionPolicy": "Delete", "spotMaxPrice":
      -1.0, "nodeTaints": [], "enableEncryptionAtHost": false, "enableUltraSSD": false,
      "enableFIPS": false, "networkProfile": {}, "name": "nodepool1"}], "linuxProfile":
      {"adminUsername": "azureuser", "ssh": {"publicKeys": [{"keyData": "ssh-rsa AAAAB3NzaC1yc2EAAAADAQABAAABAQC0DWDknbqapF/MuGohfGNUMoUlE2aI2LZc8ho91GQdtq7IQypEPr4yB29oEQMwmgHlnqCOQLHTXvEPKSU0LDGrjVO7vKsYUm7bOfx1wryQ7e1eb5+GyP4fLZCY3VnCGdC2BjUjuIYTd2nG718clupwvDKgKHD0oJfzoYOoZXnyeUeVXXPwOZZmo832O4Qm8byoJXgDNA83wB7MXnaDSY59j53GKJEojn/btxiiJgMuZuvgPUEjdosrCFOHz3iPmtpC0nr79h95by4FVd5Z9bWqVT3zc1EVwIQP5M4b5ZAvV0e2wX93QYVtDKQyxg288ZoSo3yBvukJ8obl91kUlERv
      azcli_aks_live_test@example.com\n"}]}}, "addonProfiles": {}, "oidcIssuerProfile":
      {"enabled": true}, "enableRBAC": true, "enablePodSecurityPolicy": false, "networkProfile":
      {"networkPlugin": "kubenet", "podCidr": "10.244.0.0/16", "serviceCidr": "10.0.0.0/16",
      "dnsServiceIP": "10.0.0.10", "dockerBridgeCidr": "172.17.0.1/16", "outboundType":
      "loadBalancer", "loadBalancerSku": "standard"}, "disableLocalAccounts": false,
      "storageProfile": {}}}'
    headers:
      AKSHTTPCustomFeatures:
      - Microsoft.ContainerService/EnableWorkloadIdentityPreview,Microsoft.ContainerService/EnableOIDCIssuerPreview
      Accept:
      - application/json
      Accept-Encoding:
      - gzip, deflate
      CommandName:
      - aks create
      Connection:
      - keep-alive
      Content-Length:
      - '1620'
      Content-Type:
      - application/json
      ParameterSetName:
      - --resource-group --name --location --enable-managed-identity --enable-oidc-issuer
        --ssh-key-value --aks-custom-headers
      User-Agent:
      - AZURECLI/2.46.0 azsdk-python-azure-mgmt-containerservice/21.1.0b Python/3.8.10
        (Linux-5.15.0-1033-azure-x86_64-with-glibc2.29)
    method: PUT
    uri: https://management.azure.com/subscriptions/00000000-0000-0000-0000-000000000000/resourceGroups/clitest000001/providers/Microsoft.ContainerService/managedClusters/cliakstest000001?api-version=2023-01-02-preview
  response:
    body:
      string: "{\n  \"id\": \"/subscriptions/00000000-0000-0000-0000-000000000000/resourcegroups/clitest000001/providers/Microsoft.ContainerService/managedClusters/cliakstest000001\",\n
        \ \"location\": \"westus2\",\n  \"name\": \"cliakstest000001\",\n  \"type\":
        \"Microsoft.ContainerService/ManagedClusters\",\n  \"properties\": {\n   \"provisioningState\":
        \"Creating\",\n   \"powerState\": {\n    \"code\": \"Running\"\n   },\n   \"kubernetesVersion\":
        \"1.24.9\",\n   \"currentKubernetesVersion\": \"1.24.9\",\n   \"dnsPrefix\":
        \"cliakstest-clitestj3ejvymjq-79a739\",\n   \"fqdn\": \"cliakstest-clitestj3ejvymjq-79a739-icfse26r.hcp.westus2.azmk8s.io\",\n
        \  \"azurePortalFQDN\": \"cliakstest-clitestj3ejvymjq-79a739-icfse26r.portal.hcp.westus2.azmk8s.io\",\n
        \  \"agentPoolProfiles\": [\n    {\n     \"name\": \"nodepool1\",\n     \"count\":
        3,\n     \"vmSize\": \"Standard_DS2_v2\",\n     \"osDiskSizeGB\": 128,\n     \"osDiskType\":
        \"Managed\",\n     \"kubeletDiskType\": \"OS\",\n     \"workloadRuntime\":
        \"OCIContainer\",\n     \"maxPods\": 110,\n     \"type\": \"VirtualMachineScaleSets\",\n
        \    \"enableAutoScaling\": false,\n     \"provisioningState\": \"Creating\",\n
        \    \"powerState\": {\n      \"code\": \"Running\"\n     },\n     \"orchestratorVersion\":
        \"1.24.9\",\n     \"currentOrchestratorVersion\": \"1.24.9\",\n     \"enableNodePublicIP\":
        false,\n     \"enableCustomCATrust\": false,\n     \"mode\": \"System\",\n
        \    \"enableEncryptionAtHost\": false,\n     \"enableUltraSSD\": false,\n
        \    \"osType\": \"Linux\",\n     \"osSKU\": \"Ubuntu\",\n     \"nodeImageVersion\":
        \"AKSUbuntu-1804gen2containerd-2023.02.15\",\n     \"upgradeSettings\": {},\n
        \    \"enableFIPS\": false,\n     \"networkProfile\": {}\n    }\n   ],\n   \"linuxProfile\":
        {\n    \"adminUsername\": \"azureuser\",\n    \"ssh\": {\n     \"publicKeys\":
        [\n      {\n       \"keyData\": \"ssh-rsa AAAAB3NzaC1yc2EAAAADAQABAAABAQC0DWDknbqapF/MuGohfGNUMoUlE2aI2LZc8ho91GQdtq7IQypEPr4yB29oEQMwmgHlnqCOQLHTXvEPKSU0LDGrjVO7vKsYUm7bOfx1wryQ7e1eb5+GyP4fLZCY3VnCGdC2BjUjuIYTd2nG718clupwvDKgKHD0oJfzoYOoZXnyeUeVXXPwOZZmo832O4Qm8byoJXgDNA83wB7MXnaDSY59j53GKJEojn/btxiiJgMuZuvgPUEjdosrCFOHz3iPmtpC0nr79h95by4FVd5Z9bWqVT3zc1EVwIQP5M4b5ZAvV0e2wX93QYVtDKQyxg288ZoSo3yBvukJ8obl91kUlERv
        azcli_aks_live_test@example.com\\n\"\n      }\n     ]\n    }\n   },\n   \"servicePrincipalProfile\":
        {\n    \"clientId\":\"00000000-0000-0000-0000-000000000001\"\n   },\n   \"nodeResourceGroup\":
        \"MC_clitest000001_cliakstest000001_westus2\",\n   \"enableRBAC\": true,\n
        \  \"enablePodSecurityPolicy\": false,\n   \"networkProfile\": {\n    \"networkPlugin\":
        \"kubenet\",\n    \"loadBalancerSku\": \"standard\",\n    \"loadBalancerProfile\":
        {\n     \"managedOutboundIPs\": {\n      \"count\": 1\n     },\n     \"backendPoolType\":
        \"nodeIPConfiguration\"\n    },\n    \"podCidr\": \"10.244.0.0/16\",\n    \"serviceCidr\":
        \"10.0.0.0/16\",\n    \"dnsServiceIP\": \"10.0.0.10\",\n    \"dockerBridgeCidr\":
        \"172.17.0.1/16\",\n    \"outboundType\": \"loadBalancer\",\n    \"podCidrs\":
        [\n     \"10.244.0.0/16\"\n    ],\n    \"serviceCidrs\": [\n     \"10.0.0.0/16\"\n
        \   ],\n    \"ipFamilies\": [\n     \"IPv4\"\n    ]\n   },\n   \"maxAgentPools\":
        100,\n   \"disableLocalAccounts\": false,\n   \"securityProfile\": {},\n   \"storageProfile\":
        {\n    \"diskCSIDriver\": {\n     \"enabled\": true,\n     \"version\": \"v1\"\n
        \   },\n    \"fileCSIDriver\": {\n     \"enabled\": true\n    },\n    \"snapshotController\":
        {\n     \"enabled\": true\n    }\n   },\n   \"oidcIssuerProfile\": {\n    \"enabled\":
        true,\n    \"issuerURL\": \"https://westus2.oic.prod-aks.azure.com/72f988bf-86f1-41af-91ab-2d7cd011db47/773eb981-74ca-4fb1-8317-2d3b772b5b50/\"\n
        \  },\n   \"workloadAutoScalerProfile\": {}\n  },\n  \"identity\": {\n   \"type\":
        \"SystemAssigned\",\n   \"principalId\":\"00000000-0000-0000-0000-000000000001\",\n
        \  \"tenantId\": \"72f988bf-86f1-41af-91ab-2d7cd011db47\"\n  },\n  \"sku\":
        {\n   \"name\": \"Basic\",\n   \"tier\": \"Free\"\n  }\n }"
    headers:
      azure-asyncoperation:
      - https://management.azure.com/subscriptions/00000000-0000-0000-0000-000000000000/providers/Microsoft.ContainerService/locations/westus2/operations/c9aa1010-e24b-498e-8de0-578eb57932c1?api-version=2016-03-30
      cache-control:
      - no-cache
      content-length:
      - '3609'
      content-type:
      - application/json
      date:
      - Thu, 16 Mar 2023 04:01:55 GMT
      expires:
      - '-1'
      pragma:
      - no-cache
      server:
      - nginx
      strict-transport-security:
      - max-age=31536000; includeSubDomains
      x-content-type-options:
      - nosniff
      x-ms-ratelimit-remaining-subscription-writes:
      - '1196'
    status:
      code: 201
      message: Created
- request:
    body: null
    headers:
      Accept:
      - '*/*'
      Accept-Encoding:
      - gzip, deflate
      CommandName:
      - aks create
      Connection:
      - keep-alive
      ParameterSetName:
      - --resource-group --name --location --enable-managed-identity --enable-oidc-issuer
        --ssh-key-value --aks-custom-headers
      User-Agent:
      - AZURECLI/2.46.0 azsdk-python-azure-mgmt-containerservice/21.1.0b Python/3.8.10
        (Linux-5.15.0-1033-azure-x86_64-with-glibc2.29)
    method: GET
    uri: https://management.azure.com/subscriptions/00000000-0000-0000-0000-000000000000/providers/Microsoft.ContainerService/locations/westus2/operations/c9aa1010-e24b-498e-8de0-578eb57932c1?api-version=2016-03-30
  response:
    body:
      string: "{\n  \"name\": \"1010aac9-4be2-8e49-8de0-578eb57932c1\",\n  \"status\":
        \"InProgress\",\n  \"startTime\": \"2023-03-16T04:01:55.6101179Z\"\n }"
    headers:
      cache-control:
      - no-cache
      content-length:
      - '126'
      content-type:
      - application/json
      date:
      - Thu, 16 Mar 2023 04:02:25 GMT
      expires:
      - '-1'
      pragma:
      - no-cache
      server:
      - nginx
      strict-transport-security:
      - max-age=31536000; includeSubDomains
      transfer-encoding:
      - chunked
      vary:
      - Accept-Encoding
      x-content-type-options:
      - nosniff
    status:
      code: 200
      message: OK
- request:
    body: null
    headers:
      Accept:
      - '*/*'
      Accept-Encoding:
      - gzip, deflate
      CommandName:
      - aks create
      Connection:
      - keep-alive
      ParameterSetName:
      - --resource-group --name --location --enable-managed-identity --enable-oidc-issuer
        --ssh-key-value --aks-custom-headers
      User-Agent:
      - AZURECLI/2.46.0 azsdk-python-azure-mgmt-containerservice/21.1.0b Python/3.8.10
        (Linux-5.15.0-1033-azure-x86_64-with-glibc2.29)
    method: GET
    uri: https://management.azure.com/subscriptions/00000000-0000-0000-0000-000000000000/providers/Microsoft.ContainerService/locations/westus2/operations/c9aa1010-e24b-498e-8de0-578eb57932c1?api-version=2016-03-30
  response:
    body:
      string: "{\n  \"name\": \"1010aac9-4be2-8e49-8de0-578eb57932c1\",\n  \"status\":
        \"InProgress\",\n  \"startTime\": \"2023-03-16T04:01:55.6101179Z\"\n }"
    headers:
      cache-control:
      - no-cache
      content-length:
      - '126'
      content-type:
      - application/json
      date:
      - Thu, 16 Mar 2023 04:02:55 GMT
      expires:
      - '-1'
      pragma:
      - no-cache
      server:
      - nginx
      strict-transport-security:
      - max-age=31536000; includeSubDomains
      transfer-encoding:
      - chunked
      vary:
      - Accept-Encoding
      x-content-type-options:
      - nosniff
    status:
      code: 200
      message: OK
- request:
    body: null
    headers:
      Accept:
      - '*/*'
      Accept-Encoding:
      - gzip, deflate
      CommandName:
      - aks create
      Connection:
      - keep-alive
      ParameterSetName:
      - --resource-group --name --location --enable-managed-identity --enable-oidc-issuer
        --ssh-key-value --aks-custom-headers
      User-Agent:
      - AZURECLI/2.46.0 azsdk-python-azure-mgmt-containerservice/21.1.0b Python/3.8.10
        (Linux-5.15.0-1033-azure-x86_64-with-glibc2.29)
    method: GET
    uri: https://management.azure.com/subscriptions/00000000-0000-0000-0000-000000000000/providers/Microsoft.ContainerService/locations/westus2/operations/c9aa1010-e24b-498e-8de0-578eb57932c1?api-version=2016-03-30
  response:
    body:
      string: "{\n  \"name\": \"1010aac9-4be2-8e49-8de0-578eb57932c1\",\n  \"status\":
        \"InProgress\",\n  \"startTime\": \"2023-03-16T04:01:55.6101179Z\"\n }"
    headers:
      cache-control:
      - no-cache
      content-length:
      - '126'
      content-type:
      - application/json
      date:
      - Thu, 16 Mar 2023 04:03:25 GMT
      expires:
      - '-1'
      pragma:
      - no-cache
      server:
      - nginx
      strict-transport-security:
      - max-age=31536000; includeSubDomains
      transfer-encoding:
      - chunked
      vary:
      - Accept-Encoding
      x-content-type-options:
      - nosniff
    status:
      code: 200
      message: OK
- request:
    body: null
    headers:
      Accept:
      - '*/*'
      Accept-Encoding:
      - gzip, deflate
      CommandName:
      - aks create
      Connection:
      - keep-alive
      ParameterSetName:
      - --resource-group --name --location --enable-managed-identity --enable-oidc-issuer
        --ssh-key-value --aks-custom-headers
      User-Agent:
      - AZURECLI/2.46.0 azsdk-python-azure-mgmt-containerservice/21.1.0b Python/3.8.10
        (Linux-5.15.0-1033-azure-x86_64-with-glibc2.29)
    method: GET
    uri: https://management.azure.com/subscriptions/00000000-0000-0000-0000-000000000000/providers/Microsoft.ContainerService/locations/westus2/operations/c9aa1010-e24b-498e-8de0-578eb57932c1?api-version=2016-03-30
  response:
    body:
      string: "{\n  \"name\": \"1010aac9-4be2-8e49-8de0-578eb57932c1\",\n  \"status\":
        \"InProgress\",\n  \"startTime\": \"2023-03-16T04:01:55.6101179Z\"\n }"
    headers:
      cache-control:
      - no-cache
      content-length:
      - '126'
      content-type:
      - application/json
      date:
      - Thu, 16 Mar 2023 04:03:55 GMT
      expires:
      - '-1'
      pragma:
      - no-cache
      server:
      - nginx
      strict-transport-security:
      - max-age=31536000; includeSubDomains
      transfer-encoding:
      - chunked
      vary:
      - Accept-Encoding
      x-content-type-options:
      - nosniff
    status:
      code: 200
      message: OK
- request:
    body: null
    headers:
      Accept:
      - '*/*'
      Accept-Encoding:
      - gzip, deflate
      CommandName:
      - aks create
      Connection:
      - keep-alive
      ParameterSetName:
      - --resource-group --name --location --enable-managed-identity --enable-oidc-issuer
        --ssh-key-value --aks-custom-headers
      User-Agent:
      - AZURECLI/2.46.0 azsdk-python-azure-mgmt-containerservice/21.1.0b Python/3.8.10
        (Linux-5.15.0-1033-azure-x86_64-with-glibc2.29)
    method: GET
    uri: https://management.azure.com/subscriptions/00000000-0000-0000-0000-000000000000/providers/Microsoft.ContainerService/locations/westus2/operations/c9aa1010-e24b-498e-8de0-578eb57932c1?api-version=2016-03-30
  response:
    body:
      string: "{\n  \"name\": \"1010aac9-4be2-8e49-8de0-578eb57932c1\",\n  \"status\":
        \"InProgress\",\n  \"startTime\": \"2023-03-16T04:01:55.6101179Z\"\n }"
    headers:
      cache-control:
      - no-cache
      content-length:
      - '126'
      content-type:
      - application/json
      date:
      - Thu, 16 Mar 2023 04:04:26 GMT
      expires:
      - '-1'
      pragma:
      - no-cache
      server:
      - nginx
      strict-transport-security:
      - max-age=31536000; includeSubDomains
      transfer-encoding:
      - chunked
      vary:
      - Accept-Encoding
      x-content-type-options:
      - nosniff
    status:
      code: 200
      message: OK
- request:
    body: null
    headers:
      Accept:
      - '*/*'
      Accept-Encoding:
      - gzip, deflate
      CommandName:
      - aks create
      Connection:
      - keep-alive
      ParameterSetName:
      - --resource-group --name --location --enable-managed-identity --enable-oidc-issuer
        --ssh-key-value --aks-custom-headers
      User-Agent:
      - AZURECLI/2.46.0 azsdk-python-azure-mgmt-containerservice/21.1.0b Python/3.8.10
        (Linux-5.15.0-1033-azure-x86_64-with-glibc2.29)
    method: GET
    uri: https://management.azure.com/subscriptions/00000000-0000-0000-0000-000000000000/providers/Microsoft.ContainerService/locations/westus2/operations/c9aa1010-e24b-498e-8de0-578eb57932c1?api-version=2016-03-30
  response:
    body:
      string: "{\n  \"name\": \"1010aac9-4be2-8e49-8de0-578eb57932c1\",\n  \"status\":
        \"InProgress\",\n  \"startTime\": \"2023-03-16T04:01:55.6101179Z\"\n }"
    headers:
      cache-control:
      - no-cache
      content-length:
      - '126'
      content-type:
      - application/json
      date:
      - Thu, 16 Mar 2023 04:04:56 GMT
      expires:
      - '-1'
      pragma:
      - no-cache
      server:
      - nginx
      strict-transport-security:
      - max-age=31536000; includeSubDomains
      transfer-encoding:
      - chunked
      vary:
      - Accept-Encoding
      x-content-type-options:
      - nosniff
    status:
      code: 200
      message: OK
- request:
    body: null
    headers:
      Accept:
      - '*/*'
      Accept-Encoding:
      - gzip, deflate
      CommandName:
      - aks create
      Connection:
      - keep-alive
      ParameterSetName:
      - --resource-group --name --location --enable-managed-identity --enable-oidc-issuer
        --ssh-key-value --aks-custom-headers
      User-Agent:
      - AZURECLI/2.46.0 azsdk-python-azure-mgmt-containerservice/21.1.0b Python/3.8.10
        (Linux-5.15.0-1033-azure-x86_64-with-glibc2.29)
    method: GET
    uri: https://management.azure.com/subscriptions/00000000-0000-0000-0000-000000000000/providers/Microsoft.ContainerService/locations/westus2/operations/c9aa1010-e24b-498e-8de0-578eb57932c1?api-version=2016-03-30
  response:
    body:
      string: "{\n  \"name\": \"1010aac9-4be2-8e49-8de0-578eb57932c1\",\n  \"status\":
        \"InProgress\",\n  \"startTime\": \"2023-03-16T04:01:55.6101179Z\"\n }"
    headers:
      cache-control:
      - no-cache
      content-length:
      - '126'
      content-type:
      - application/json
      date:
      - Thu, 16 Mar 2023 04:05:26 GMT
      expires:
      - '-1'
      pragma:
      - no-cache
      server:
      - nginx
      strict-transport-security:
      - max-age=31536000; includeSubDomains
      transfer-encoding:
      - chunked
      vary:
      - Accept-Encoding
      x-content-type-options:
      - nosniff
    status:
      code: 200
      message: OK
- request:
    body: null
    headers:
      Accept:
      - '*/*'
      Accept-Encoding:
      - gzip, deflate
      CommandName:
      - aks create
      Connection:
      - keep-alive
      ParameterSetName:
      - --resource-group --name --location --enable-managed-identity --enable-oidc-issuer
        --ssh-key-value --aks-custom-headers
      User-Agent:
      - AZURECLI/2.46.0 azsdk-python-azure-mgmt-containerservice/21.1.0b Python/3.8.10
        (Linux-5.15.0-1033-azure-x86_64-with-glibc2.29)
    method: GET
    uri: https://management.azure.com/subscriptions/00000000-0000-0000-0000-000000000000/providers/Microsoft.ContainerService/locations/westus2/operations/c9aa1010-e24b-498e-8de0-578eb57932c1?api-version=2016-03-30
  response:
    body:
      string: "{\n  \"name\": \"1010aac9-4be2-8e49-8de0-578eb57932c1\",\n  \"status\":
        \"InProgress\",\n  \"startTime\": \"2023-03-16T04:01:55.6101179Z\"\n }"
    headers:
      cache-control:
      - no-cache
      content-length:
      - '126'
      content-type:
      - application/json
      date:
      - Thu, 16 Mar 2023 04:05:56 GMT
      expires:
      - '-1'
      pragma:
      - no-cache
      server:
      - nginx
      strict-transport-security:
      - max-age=31536000; includeSubDomains
      transfer-encoding:
      - chunked
      vary:
      - Accept-Encoding
      x-content-type-options:
      - nosniff
    status:
      code: 200
      message: OK
- request:
    body: null
    headers:
      Accept:
      - '*/*'
      Accept-Encoding:
      - gzip, deflate
      CommandName:
      - aks create
      Connection:
      - keep-alive
      ParameterSetName:
      - --resource-group --name --location --enable-managed-identity --enable-oidc-issuer
        --ssh-key-value --aks-custom-headers
      User-Agent:
      - AZURECLI/2.46.0 azsdk-python-azure-mgmt-containerservice/21.1.0b Python/3.8.10
        (Linux-5.15.0-1033-azure-x86_64-with-glibc2.29)
    method: GET
    uri: https://management.azure.com/subscriptions/00000000-0000-0000-0000-000000000000/providers/Microsoft.ContainerService/locations/westus2/operations/c9aa1010-e24b-498e-8de0-578eb57932c1?api-version=2016-03-30
  response:
    body:
      string: "{\n  \"name\": \"1010aac9-4be2-8e49-8de0-578eb57932c1\",\n  \"status\":
        \"InProgress\",\n  \"startTime\": \"2023-03-16T04:01:55.6101179Z\"\n }"
    headers:
      cache-control:
      - no-cache
      content-length:
      - '126'
      content-type:
      - application/json
      date:
      - Thu, 16 Mar 2023 04:06:26 GMT
      expires:
      - '-1'
      pragma:
      - no-cache
      server:
      - nginx
      strict-transport-security:
      - max-age=31536000; includeSubDomains
      transfer-encoding:
      - chunked
      vary:
      - Accept-Encoding
      x-content-type-options:
      - nosniff
    status:
      code: 200
      message: OK
- request:
    body: null
    headers:
      Accept:
      - '*/*'
      Accept-Encoding:
      - gzip, deflate
      CommandName:
      - aks create
      Connection:
      - keep-alive
      ParameterSetName:
      - --resource-group --name --location --enable-managed-identity --enable-oidc-issuer
        --ssh-key-value --aks-custom-headers
      User-Agent:
      - AZURECLI/2.46.0 azsdk-python-azure-mgmt-containerservice/21.1.0b Python/3.8.10
        (Linux-5.15.0-1033-azure-x86_64-with-glibc2.29)
    method: GET
    uri: https://management.azure.com/subscriptions/00000000-0000-0000-0000-000000000000/providers/Microsoft.ContainerService/locations/westus2/operations/c9aa1010-e24b-498e-8de0-578eb57932c1?api-version=2016-03-30
  response:
    body:
      string: "{\n  \"name\": \"1010aac9-4be2-8e49-8de0-578eb57932c1\",\n  \"status\":
        \"InProgress\",\n  \"startTime\": \"2023-03-16T04:01:55.6101179Z\"\n }"
    headers:
      cache-control:
      - no-cache
      content-length:
      - '126'
      content-type:
      - application/json
      date:
      - Thu, 16 Mar 2023 04:06:55 GMT
      expires:
      - '-1'
      pragma:
      - no-cache
      server:
      - nginx
      strict-transport-security:
      - max-age=31536000; includeSubDomains
      transfer-encoding:
      - chunked
      vary:
      - Accept-Encoding
      x-content-type-options:
      - nosniff
    status:
      code: 200
      message: OK
- request:
    body: null
    headers:
      Accept:
      - '*/*'
      Accept-Encoding:
      - gzip, deflate
      CommandName:
      - aks create
      Connection:
      - keep-alive
      ParameterSetName:
      - --resource-group --name --location --enable-managed-identity --enable-oidc-issuer
        --ssh-key-value --aks-custom-headers
      User-Agent:
      - AZURECLI/2.46.0 azsdk-python-azure-mgmt-containerservice/21.1.0b Python/3.8.10
        (Linux-5.15.0-1033-azure-x86_64-with-glibc2.29)
    method: GET
    uri: https://management.azure.com/subscriptions/00000000-0000-0000-0000-000000000000/providers/Microsoft.ContainerService/locations/westus2/operations/c9aa1010-e24b-498e-8de0-578eb57932c1?api-version=2016-03-30
  response:
    body:
      string: "{\n  \"name\": \"1010aac9-4be2-8e49-8de0-578eb57932c1\",\n  \"status\":
        \"InProgress\",\n  \"startTime\": \"2023-03-16T04:01:55.6101179Z\"\n }"
    headers:
      cache-control:
      - no-cache
      content-length:
      - '126'
      content-type:
      - application/json
      date:
      - Thu, 16 Mar 2023 04:07:26 GMT
      expires:
      - '-1'
      pragma:
      - no-cache
      server:
      - nginx
      strict-transport-security:
      - max-age=31536000; includeSubDomains
      transfer-encoding:
      - chunked
      vary:
      - Accept-Encoding
      x-content-type-options:
      - nosniff
    status:
      code: 200
      message: OK
- request:
    body: null
    headers:
      Accept:
      - '*/*'
      Accept-Encoding:
      - gzip, deflate
      CommandName:
      - aks create
      Connection:
      - keep-alive
      ParameterSetName:
      - --resource-group --name --location --enable-managed-identity --enable-oidc-issuer
        --ssh-key-value --aks-custom-headers
      User-Agent:
      - AZURECLI/2.46.0 azsdk-python-azure-mgmt-containerservice/21.1.0b Python/3.8.10
        (Linux-5.15.0-1033-azure-x86_64-with-glibc2.29)
    method: GET
    uri: https://management.azure.com/subscriptions/00000000-0000-0000-0000-000000000000/providers/Microsoft.ContainerService/locations/westus2/operations/c9aa1010-e24b-498e-8de0-578eb57932c1?api-version=2016-03-30
  response:
    body:
      string: "{\n  \"name\": \"1010aac9-4be2-8e49-8de0-578eb57932c1\",\n  \"status\":
        \"InProgress\",\n  \"startTime\": \"2023-03-16T04:01:55.6101179Z\"\n }"
    headers:
      cache-control:
      - no-cache
      content-length:
      - '126'
      content-type:
      - application/json
      date:
      - Thu, 16 Mar 2023 04:07:56 GMT
      expires:
      - '-1'
      pragma:
      - no-cache
      server:
      - nginx
      strict-transport-security:
      - max-age=31536000; includeSubDomains
      transfer-encoding:
      - chunked
      vary:
      - Accept-Encoding
      x-content-type-options:
      - nosniff
    status:
      code: 200
      message: OK
- request:
    body: null
    headers:
      Accept:
      - '*/*'
      Accept-Encoding:
      - gzip, deflate
      CommandName:
      - aks create
      Connection:
      - keep-alive
      ParameterSetName:
      - --resource-group --name --location --enable-managed-identity --enable-oidc-issuer
        --ssh-key-value --aks-custom-headers
      User-Agent:
      - AZURECLI/2.46.0 azsdk-python-azure-mgmt-containerservice/21.1.0b Python/3.8.10
        (Linux-5.15.0-1033-azure-x86_64-with-glibc2.29)
    method: GET
    uri: https://management.azure.com/subscriptions/00000000-0000-0000-0000-000000000000/providers/Microsoft.ContainerService/locations/westus2/operations/c9aa1010-e24b-498e-8de0-578eb57932c1?api-version=2016-03-30
  response:
    body:
      string: "{\n  \"name\": \"1010aac9-4be2-8e49-8de0-578eb57932c1\",\n  \"status\":
        \"InProgress\",\n  \"startTime\": \"2023-03-16T04:01:55.6101179Z\"\n }"
    headers:
      cache-control:
      - no-cache
      content-length:
      - '126'
      content-type:
      - application/json
      date:
      - Thu, 16 Mar 2023 04:08:26 GMT
      expires:
      - '-1'
      pragma:
      - no-cache
      server:
      - nginx
      strict-transport-security:
      - max-age=31536000; includeSubDomains
      transfer-encoding:
      - chunked
      vary:
      - Accept-Encoding
      x-content-type-options:
      - nosniff
    status:
      code: 200
      message: OK
- request:
    body: null
    headers:
      Accept:
      - '*/*'
      Accept-Encoding:
      - gzip, deflate
      CommandName:
      - aks create
      Connection:
      - keep-alive
      ParameterSetName:
      - --resource-group --name --location --enable-managed-identity --enable-oidc-issuer
        --ssh-key-value --aks-custom-headers
      User-Agent:
      - AZURECLI/2.46.0 azsdk-python-azure-mgmt-containerservice/21.1.0b Python/3.8.10
        (Linux-5.15.0-1033-azure-x86_64-with-glibc2.29)
    method: GET
    uri: https://management.azure.com/subscriptions/00000000-0000-0000-0000-000000000000/providers/Microsoft.ContainerService/locations/westus2/operations/c9aa1010-e24b-498e-8de0-578eb57932c1?api-version=2016-03-30
  response:
    body:
      string: "{\n  \"name\": \"1010aac9-4be2-8e49-8de0-578eb57932c1\",\n  \"status\":
        \"InProgress\",\n  \"startTime\": \"2023-03-16T04:01:55.6101179Z\"\n }"
    headers:
      cache-control:
      - no-cache
      content-length:
      - '126'
      content-type:
      - application/json
      date:
      - Thu, 16 Mar 2023 04:08:56 GMT
      expires:
      - '-1'
      pragma:
      - no-cache
      server:
      - nginx
      strict-transport-security:
      - max-age=31536000; includeSubDomains
      transfer-encoding:
      - chunked
      vary:
      - Accept-Encoding
      x-content-type-options:
      - nosniff
    status:
      code: 200
      message: OK
- request:
    body: null
    headers:
      Accept:
      - '*/*'
      Accept-Encoding:
      - gzip, deflate
      CommandName:
      - aks create
      Connection:
      - keep-alive
      ParameterSetName:
      - --resource-group --name --location --enable-managed-identity --enable-oidc-issuer
        --ssh-key-value --aks-custom-headers
      User-Agent:
      - AZURECLI/2.46.0 azsdk-python-azure-mgmt-containerservice/21.1.0b Python/3.8.10
        (Linux-5.15.0-1033-azure-x86_64-with-glibc2.29)
    method: GET
    uri: https://management.azure.com/subscriptions/00000000-0000-0000-0000-000000000000/providers/Microsoft.ContainerService/locations/westus2/operations/c9aa1010-e24b-498e-8de0-578eb57932c1?api-version=2016-03-30
  response:
    body:
      string: "{\n  \"name\": \"1010aac9-4be2-8e49-8de0-578eb57932c1\",\n  \"status\":
        \"InProgress\",\n  \"startTime\": \"2023-03-16T04:01:55.6101179Z\"\n }"
    headers:
      cache-control:
      - no-cache
      content-length:
      - '126'
      content-type:
      - application/json
      date:
      - Thu, 16 Mar 2023 04:09:26 GMT
      expires:
      - '-1'
      pragma:
      - no-cache
      server:
      - nginx
      strict-transport-security:
      - max-age=31536000; includeSubDomains
      transfer-encoding:
      - chunked
      vary:
      - Accept-Encoding
      x-content-type-options:
      - nosniff
    status:
      code: 200
      message: OK
- request:
    body: null
    headers:
      Accept:
      - '*/*'
      Accept-Encoding:
      - gzip, deflate
      CommandName:
      - aks create
      Connection:
      - keep-alive
      ParameterSetName:
      - --resource-group --name --location --enable-managed-identity --enable-oidc-issuer
        --ssh-key-value --aks-custom-headers
      User-Agent:
      - AZURECLI/2.46.0 azsdk-python-azure-mgmt-containerservice/21.1.0b Python/3.8.10
        (Linux-5.15.0-1033-azure-x86_64-with-glibc2.29)
    method: GET
    uri: https://management.azure.com/subscriptions/00000000-0000-0000-0000-000000000000/providers/Microsoft.ContainerService/locations/westus2/operations/c9aa1010-e24b-498e-8de0-578eb57932c1?api-version=2016-03-30
  response:
    body:
      string: "{\n  \"name\": \"1010aac9-4be2-8e49-8de0-578eb57932c1\",\n  \"status\":
        \"InProgress\",\n  \"startTime\": \"2023-03-16T04:01:55.6101179Z\"\n }"
    headers:
      cache-control:
      - no-cache
      content-length:
      - '126'
      content-type:
      - application/json
      date:
      - Thu, 16 Mar 2023 04:09:56 GMT
      expires:
      - '-1'
      pragma:
      - no-cache
      server:
      - nginx
      strict-transport-security:
      - max-age=31536000; includeSubDomains
      transfer-encoding:
      - chunked
      vary:
      - Accept-Encoding
      x-content-type-options:
      - nosniff
    status:
      code: 200
      message: OK
- request:
    body: null
    headers:
      Accept:
      - '*/*'
      Accept-Encoding:
      - gzip, deflate
      CommandName:
      - aks create
      Connection:
      - keep-alive
      ParameterSetName:
      - --resource-group --name --location --enable-managed-identity --enable-oidc-issuer
        --ssh-key-value --aks-custom-headers
      User-Agent:
      - AZURECLI/2.46.0 azsdk-python-azure-mgmt-containerservice/21.1.0b Python/3.8.10
        (Linux-5.15.0-1033-azure-x86_64-with-glibc2.29)
    method: GET
    uri: https://management.azure.com/subscriptions/00000000-0000-0000-0000-000000000000/providers/Microsoft.ContainerService/locations/westus2/operations/c9aa1010-e24b-498e-8de0-578eb57932c1?api-version=2016-03-30
  response:
    body:
      string: "{\n  \"name\": \"1010aac9-4be2-8e49-8de0-578eb57932c1\",\n  \"status\":
        \"Succeeded\",\n  \"startTime\": \"2023-03-16T04:01:55.6101179Z\",\n  \"endTime\":
        \"2023-03-16T04:09:58.5934891Z\"\n }"
    headers:
      cache-control:
      - no-cache
      content-length:
      - '170'
      content-type:
      - application/json
      date:
      - Thu, 16 Mar 2023 04:10:27 GMT
      expires:
      - '-1'
      pragma:
      - no-cache
      server:
      - nginx
      strict-transport-security:
      - max-age=31536000; includeSubDomains
      transfer-encoding:
      - chunked
      vary:
      - Accept-Encoding
      x-content-type-options:
      - nosniff
    status:
      code: 200
      message: OK
- request:
    body: null
    headers:
      Accept:
      - '*/*'
      Accept-Encoding:
      - gzip, deflate
      CommandName:
      - aks create
      Connection:
      - keep-alive
      ParameterSetName:
      - --resource-group --name --location --enable-managed-identity --enable-oidc-issuer
        --ssh-key-value --aks-custom-headers
      User-Agent:
      - AZURECLI/2.46.0 azsdk-python-azure-mgmt-containerservice/21.1.0b Python/3.8.10
        (Linux-5.15.0-1033-azure-x86_64-with-glibc2.29)
    method: GET
    uri: https://management.azure.com/subscriptions/00000000-0000-0000-0000-000000000000/resourceGroups/clitest000001/providers/Microsoft.ContainerService/managedClusters/cliakstest000001?api-version=2023-01-02-preview
  response:
    body:
      string: "{\n  \"id\": \"/subscriptions/00000000-0000-0000-0000-000000000000/resourcegroups/clitest000001/providers/Microsoft.ContainerService/managedClusters/cliakstest000001\",\n
        \ \"location\": \"westus2\",\n  \"name\": \"cliakstest000001\",\n  \"type\":
        \"Microsoft.ContainerService/ManagedClusters\",\n  \"properties\": {\n   \"provisioningState\":
        \"Succeeded\",\n   \"powerState\": {\n    \"code\": \"Running\"\n   },\n   \"kubernetesVersion\":
        \"1.24.9\",\n   \"currentKubernetesVersion\": \"1.24.9\",\n   \"dnsPrefix\":
        \"cliakstest-clitestj3ejvymjq-79a739\",\n   \"fqdn\": \"cliakstest-clitestj3ejvymjq-79a739-icfse26r.hcp.westus2.azmk8s.io\",\n
        \  \"azurePortalFQDN\": \"cliakstest-clitestj3ejvymjq-79a739-icfse26r.portal.hcp.westus2.azmk8s.io\",\n
        \  \"agentPoolProfiles\": [\n    {\n     \"name\": \"nodepool1\",\n     \"count\":
        3,\n     \"vmSize\": \"Standard_DS2_v2\",\n     \"osDiskSizeGB\": 128,\n     \"osDiskType\":
        \"Managed\",\n     \"kubeletDiskType\": \"OS\",\n     \"workloadRuntime\":
        \"OCIContainer\",\n     \"maxPods\": 110,\n     \"type\": \"VirtualMachineScaleSets\",\n
        \    \"enableAutoScaling\": false,\n     \"provisioningState\": \"Succeeded\",\n
        \    \"powerState\": {\n      \"code\": \"Running\"\n     },\n     \"orchestratorVersion\":
        \"1.24.9\",\n     \"currentOrchestratorVersion\": \"1.24.9\",\n     \"enableNodePublicIP\":
        false,\n     \"enableCustomCATrust\": false,\n     \"mode\": \"System\",\n
        \    \"enableEncryptionAtHost\": false,\n     \"enableUltraSSD\": false,\n
        \    \"osType\": \"Linux\",\n     \"osSKU\": \"Ubuntu\",\n     \"nodeImageVersion\":
        \"AKSUbuntu-1804gen2containerd-2023.02.15\",\n     \"upgradeSettings\": {},\n
        \    \"enableFIPS\": false,\n     \"networkProfile\": {}\n    }\n   ],\n   \"linuxProfile\":
        {\n    \"adminUsername\": \"azureuser\",\n    \"ssh\": {\n     \"publicKeys\":
        [\n      {\n       \"keyData\": \"ssh-rsa AAAAB3NzaC1yc2EAAAADAQABAAABAQC0DWDknbqapF/MuGohfGNUMoUlE2aI2LZc8ho91GQdtq7IQypEPr4yB29oEQMwmgHlnqCOQLHTXvEPKSU0LDGrjVO7vKsYUm7bOfx1wryQ7e1eb5+GyP4fLZCY3VnCGdC2BjUjuIYTd2nG718clupwvDKgKHD0oJfzoYOoZXnyeUeVXXPwOZZmo832O4Qm8byoJXgDNA83wB7MXnaDSY59j53GKJEojn/btxiiJgMuZuvgPUEjdosrCFOHz3iPmtpC0nr79h95by4FVd5Z9bWqVT3zc1EVwIQP5M4b5ZAvV0e2wX93QYVtDKQyxg288ZoSo3yBvukJ8obl91kUlERv
        azcli_aks_live_test@example.com\\n\"\n      }\n     ]\n    }\n   },\n   \"servicePrincipalProfile\":
        {\n    \"clientId\":\"00000000-0000-0000-0000-000000000001\"\n   },\n   \"nodeResourceGroup\":
        \"MC_clitest000001_cliakstest000001_westus2\",\n   \"enableRBAC\": true,\n
        \  \"enablePodSecurityPolicy\": false,\n   \"networkProfile\": {\n    \"networkPlugin\":
        \"kubenet\",\n    \"loadBalancerSku\": \"Standard\",\n    \"loadBalancerProfile\":
        {\n     \"managedOutboundIPs\": {\n      \"count\": 1\n     },\n     \"effectiveOutboundIPs\":
        [\n      {\n       \"id\": \"/subscriptions/00000000-0000-0000-0000-000000000000/resourceGroups/MC_clitest000001_cliakstest000001_westus2/providers/Microsoft.Network/publicIPAddresses/066bc092-1041-458f-b5f1-ed278a1fb756\"\n
        \     }\n     ],\n     \"backendPoolType\": \"nodeIPConfiguration\"\n    },\n
        \   \"podCidr\": \"10.244.0.0/16\",\n    \"serviceCidr\": \"10.0.0.0/16\",\n
        \   \"dnsServiceIP\": \"10.0.0.10\",\n    \"dockerBridgeCidr\": \"172.17.0.1/16\",\n
        \   \"outboundType\": \"loadBalancer\",\n    \"podCidrs\": [\n     \"10.244.0.0/16\"\n
        \   ],\n    \"serviceCidrs\": [\n     \"10.0.0.0/16\"\n    ],\n    \"ipFamilies\":
        [\n     \"IPv4\"\n    ]\n   },\n   \"maxAgentPools\": 100,\n   \"identityProfile\":
        {\n    \"kubeletidentity\": {\n     \"resourceId\": \"/subscriptions/00000000-0000-0000-0000-000000000000/resourcegroups/MC_clitest000001_cliakstest000001_westus2/providers/Microsoft.ManagedIdentity/userAssignedIdentities/cliakstest000001-agentpool\",\n
        \    \"clientId\":\"00000000-0000-0000-0000-000000000001\",\n     \"objectId\":\"00000000-0000-0000-0000-000000000001\"\n
        \   }\n   },\n   \"disableLocalAccounts\": false,\n   \"securityProfile\":
        {},\n   \"storageProfile\": {\n    \"diskCSIDriver\": {\n     \"enabled\":
        true,\n     \"version\": \"v1\"\n    },\n    \"fileCSIDriver\": {\n     \"enabled\":
        true\n    },\n    \"snapshotController\": {\n     \"enabled\": true\n    }\n
        \  },\n   \"oidcIssuerProfile\": {\n    \"enabled\": true,\n    \"issuerURL\":
        \"https://westus2.oic.prod-aks.azure.com/72f988bf-86f1-41af-91ab-2d7cd011db47/773eb981-74ca-4fb1-8317-2d3b772b5b50/\"\n
        \  },\n   \"workloadAutoScalerProfile\": {}\n  },\n  \"identity\": {\n   \"type\":
        \"SystemAssigned\",\n   \"principalId\":\"00000000-0000-0000-0000-000000000001\",\n
        \  \"tenantId\": \"72f988bf-86f1-41af-91ab-2d7cd011db47\"\n  },\n  \"sku\":
        {\n   \"name\": \"Basic\",\n   \"tier\": \"Free\"\n  }\n }"
    headers:
      cache-control:
      - no-cache
      content-length:
      - '4262'
      content-type:
      - application/json
      date:
      - Thu, 16 Mar 2023 04:10:27 GMT
      expires:
      - '-1'
      pragma:
      - no-cache
      server:
      - nginx
      strict-transport-security:
      - max-age=31536000; includeSubDomains
      transfer-encoding:
      - chunked
      vary:
      - Accept-Encoding
      x-content-type-options:
      - nosniff
    status:
      code: 200
      message: OK
- request:
    body: null
    headers:
      Accept:
      - application/json
      Accept-Encoding:
      - gzip, deflate
      CommandName:
      - aks update
      Connection:
      - keep-alive
      ParameterSetName:
      - --resource-group --name --enable-workload-identity --aks-custom-headers
      User-Agent:
      - AZURECLI/2.46.0 azsdk-python-azure-mgmt-containerservice/21.1.0b Python/3.8.10
        (Linux-5.15.0-1033-azure-x86_64-with-glibc2.29)
    method: GET
    uri: https://management.azure.com/subscriptions/00000000-0000-0000-0000-000000000000/resourceGroups/clitest000001/providers/Microsoft.ContainerService/managedClusters/cliakstest000001?api-version=2023-01-02-preview
  response:
    body:
      string: "{\n  \"id\": \"/subscriptions/00000000-0000-0000-0000-000000000000/resourcegroups/clitest000001/providers/Microsoft.ContainerService/managedClusters/cliakstest000001\",\n
        \ \"location\": \"westus2\",\n  \"name\": \"cliakstest000001\",\n  \"type\":
        \"Microsoft.ContainerService/ManagedClusters\",\n  \"properties\": {\n   \"provisioningState\":
        \"Succeeded\",\n   \"powerState\": {\n    \"code\": \"Running\"\n   },\n   \"kubernetesVersion\":
        \"1.24.9\",\n   \"currentKubernetesVersion\": \"1.24.9\",\n   \"dnsPrefix\":
        \"cliakstest-clitestj3ejvymjq-79a739\",\n   \"fqdn\": \"cliakstest-clitestj3ejvymjq-79a739-icfse26r.hcp.westus2.azmk8s.io\",\n
        \  \"azurePortalFQDN\": \"cliakstest-clitestj3ejvymjq-79a739-icfse26r.portal.hcp.westus2.azmk8s.io\",\n
        \  \"agentPoolProfiles\": [\n    {\n     \"name\": \"nodepool1\",\n     \"count\":
        3,\n     \"vmSize\": \"Standard_DS2_v2\",\n     \"osDiskSizeGB\": 128,\n     \"osDiskType\":
        \"Managed\",\n     \"kubeletDiskType\": \"OS\",\n     \"workloadRuntime\":
        \"OCIContainer\",\n     \"maxPods\": 110,\n     \"type\": \"VirtualMachineScaleSets\",\n
        \    \"enableAutoScaling\": false,\n     \"provisioningState\": \"Succeeded\",\n
        \    \"powerState\": {\n      \"code\": \"Running\"\n     },\n     \"orchestratorVersion\":
        \"1.24.9\",\n     \"currentOrchestratorVersion\": \"1.24.9\",\n     \"enableNodePublicIP\":
        false,\n     \"enableCustomCATrust\": false,\n     \"mode\": \"System\",\n
        \    \"enableEncryptionAtHost\": false,\n     \"enableUltraSSD\": false,\n
        \    \"osType\": \"Linux\",\n     \"osSKU\": \"Ubuntu\",\n     \"nodeImageVersion\":
        \"AKSUbuntu-1804gen2containerd-2023.02.15\",\n     \"upgradeSettings\": {},\n
        \    \"enableFIPS\": false,\n     \"networkProfile\": {}\n    }\n   ],\n   \"linuxProfile\":
        {\n    \"adminUsername\": \"azureuser\",\n    \"ssh\": {\n     \"publicKeys\":
        [\n      {\n       \"keyData\": \"ssh-rsa AAAAB3NzaC1yc2EAAAADAQABAAABAQC0DWDknbqapF/MuGohfGNUMoUlE2aI2LZc8ho91GQdtq7IQypEPr4yB29oEQMwmgHlnqCOQLHTXvEPKSU0LDGrjVO7vKsYUm7bOfx1wryQ7e1eb5+GyP4fLZCY3VnCGdC2BjUjuIYTd2nG718clupwvDKgKHD0oJfzoYOoZXnyeUeVXXPwOZZmo832O4Qm8byoJXgDNA83wB7MXnaDSY59j53GKJEojn/btxiiJgMuZuvgPUEjdosrCFOHz3iPmtpC0nr79h95by4FVd5Z9bWqVT3zc1EVwIQP5M4b5ZAvV0e2wX93QYVtDKQyxg288ZoSo3yBvukJ8obl91kUlERv
        azcli_aks_live_test@example.com\\n\"\n      }\n     ]\n    }\n   },\n   \"servicePrincipalProfile\":
        {\n    \"clientId\":\"00000000-0000-0000-0000-000000000001\"\n   },\n   \"nodeResourceGroup\":
        \"MC_clitest000001_cliakstest000001_westus2\",\n   \"enableRBAC\": true,\n
        \  \"enablePodSecurityPolicy\": false,\n   \"networkProfile\": {\n    \"networkPlugin\":
        \"kubenet\",\n    \"loadBalancerSku\": \"Standard\",\n    \"loadBalancerProfile\":
        {\n     \"managedOutboundIPs\": {\n      \"count\": 1\n     },\n     \"effectiveOutboundIPs\":
        [\n      {\n       \"id\": \"/subscriptions/00000000-0000-0000-0000-000000000000/resourceGroups/MC_clitest000001_cliakstest000001_westus2/providers/Microsoft.Network/publicIPAddresses/066bc092-1041-458f-b5f1-ed278a1fb756\"\n
        \     }\n     ],\n     \"backendPoolType\": \"nodeIPConfiguration\"\n    },\n
        \   \"podCidr\": \"10.244.0.0/16\",\n    \"serviceCidr\": \"10.0.0.0/16\",\n
        \   \"dnsServiceIP\": \"10.0.0.10\",\n    \"dockerBridgeCidr\": \"172.17.0.1/16\",\n
        \   \"outboundType\": \"loadBalancer\",\n    \"podCidrs\": [\n     \"10.244.0.0/16\"\n
        \   ],\n    \"serviceCidrs\": [\n     \"10.0.0.0/16\"\n    ],\n    \"ipFamilies\":
        [\n     \"IPv4\"\n    ]\n   },\n   \"maxAgentPools\": 100,\n   \"identityProfile\":
        {\n    \"kubeletidentity\": {\n     \"resourceId\": \"/subscriptions/00000000-0000-0000-0000-000000000000/resourcegroups/MC_clitest000001_cliakstest000001_westus2/providers/Microsoft.ManagedIdentity/userAssignedIdentities/cliakstest000001-agentpool\",\n
        \    \"clientId\":\"00000000-0000-0000-0000-000000000001\",\n     \"objectId\":\"00000000-0000-0000-0000-000000000001\"\n
        \   }\n   },\n   \"disableLocalAccounts\": false,\n   \"securityProfile\":
        {},\n   \"storageProfile\": {\n    \"diskCSIDriver\": {\n     \"enabled\":
        true,\n     \"version\": \"v1\"\n    },\n    \"fileCSIDriver\": {\n     \"enabled\":
        true\n    },\n    \"snapshotController\": {\n     \"enabled\": true\n    }\n
        \  },\n   \"oidcIssuerProfile\": {\n    \"enabled\": true,\n    \"issuerURL\":
        \"https://westus2.oic.prod-aks.azure.com/72f988bf-86f1-41af-91ab-2d7cd011db47/773eb981-74ca-4fb1-8317-2d3b772b5b50/\"\n
        \  },\n   \"workloadAutoScalerProfile\": {}\n  },\n  \"identity\": {\n   \"type\":
        \"SystemAssigned\",\n   \"principalId\":\"00000000-0000-0000-0000-000000000001\",\n
        \  \"tenantId\": \"72f988bf-86f1-41af-91ab-2d7cd011db47\"\n  },\n  \"sku\":
        {\n   \"name\": \"Basic\",\n   \"tier\": \"Free\"\n  }\n }"
    headers:
      cache-control:
      - no-cache
      content-length:
      - '4262'
      content-type:
      - application/json
      date:
      - Thu, 16 Mar 2023 04:10:28 GMT
      expires:
      - '-1'
      pragma:
      - no-cache
      server:
      - nginx
      strict-transport-security:
      - max-age=31536000; includeSubDomains
      transfer-encoding:
      - chunked
      vary:
      - Accept-Encoding
      x-content-type-options:
      - nosniff
    status:
      code: 200
      message: OK
- request:
    body: '{"location": "westus2", "sku": {"name": "Basic", "tier": "Free"}, "identity":
      {"type": "SystemAssigned"}, "properties": {"kubernetesVersion": "1.24.9", "dnsPrefix":
      "cliakstest-clitestj3ejvymjq-79a739", "agentPoolProfiles": [{"count": 3, "vmSize":
      "Standard_DS2_v2", "osDiskSizeGB": 128, "osDiskType": "Managed", "kubeletDiskType":
      "OS", "workloadRuntime": "OCIContainer", "maxPods": 110, "osType": "Linux",
      "osSKU": "Ubuntu", "enableAutoScaling": false, "type": "VirtualMachineScaleSets",
      "mode": "System", "orchestratorVersion": "1.24.9", "upgradeSettings": {}, "powerState":
      {"code": "Running"}, "enableNodePublicIP": false, "enableCustomCATrust": false,
      "enableEncryptionAtHost": false, "enableUltraSSD": false, "enableFIPS": false,
      "networkProfile": {}, "name": "nodepool1"}], "linuxProfile": {"adminUsername":
      "azureuser", "ssh": {"publicKeys": [{"keyData": "ssh-rsa AAAAB3NzaC1yc2EAAAADAQABAAABAQC0DWDknbqapF/MuGohfGNUMoUlE2aI2LZc8ho91GQdtq7IQypEPr4yB29oEQMwmgHlnqCOQLHTXvEPKSU0LDGrjVO7vKsYUm7bOfx1wryQ7e1eb5+GyP4fLZCY3VnCGdC2BjUjuIYTd2nG718clupwvDKgKHD0oJfzoYOoZXnyeUeVXXPwOZZmo832O4Qm8byoJXgDNA83wB7MXnaDSY59j53GKJEojn/btxiiJgMuZuvgPUEjdosrCFOHz3iPmtpC0nr79h95by4FVd5Z9bWqVT3zc1EVwIQP5M4b5ZAvV0e2wX93QYVtDKQyxg288ZoSo3yBvukJ8obl91kUlERv
      azcli_aks_live_test@example.com\n"}]}}, "servicePrincipalProfile": {"clientId":"00000000-0000-0000-0000-000000000001"},
      "oidcIssuerProfile": {"enabled": true}, "nodeResourceGroup": "MC_clitest000001_cliakstest000001_westus2",
      "enableRBAC": true, "enablePodSecurityPolicy": false, "networkProfile": {"networkPlugin":
      "kubenet", "podCidr": "10.244.0.0/16", "serviceCidr": "10.0.0.0/16", "dnsServiceIP":
      "10.0.0.10", "dockerBridgeCidr": "172.17.0.1/16", "outboundType": "loadBalancer",
      "loadBalancerSku": "Standard", "loadBalancerProfile": {"managedOutboundIPs":
      {"count": 1, "countIPv6": 0}, "effectiveOutboundIPs": [{"id": "/subscriptions/00000000-0000-0000-0000-000000000000/resourceGroups/MC_clitest000001_cliakstest000001_westus2/providers/Microsoft.Network/publicIPAddresses/066bc092-1041-458f-b5f1-ed278a1fb756"}],
      "backendPoolType": "nodeIPConfiguration"}, "podCidrs": ["10.244.0.0/16"], "serviceCidrs":
      ["10.0.0.0/16"], "ipFamilies": ["IPv4"]}, "identityProfile": {"kubeletidentity":
      {"resourceId": "/subscriptions/00000000-0000-0000-0000-000000000000/resourcegroups/MC_clitest000001_cliakstest000001_westus2/providers/Microsoft.ManagedIdentity/userAssignedIdentities/cliakstest000001-agentpool",
      "clientId":"00000000-0000-0000-0000-000000000001", "objectId":"00000000-0000-0000-0000-000000000001"}},
      "disableLocalAccounts": false, "securityProfile": {"workloadIdentity": {"enabled":
      true}}, "storageProfile": {}, "workloadAutoScalerProfile": {}}}'
    headers:
      AKSHTTPCustomFeatures:
      - Microsoft.ContainerService/EnableWorkloadIdentityPreview,Microsoft.ContainerService/EnableOIDCIssuerPreview
      Accept:
      - application/json
      Accept-Encoding:
      - gzip, deflate
      CommandName:
      - aks update
      Connection:
      - keep-alive
      Content-Length:
      - '2699'
      Content-Type:
      - application/json
      ParameterSetName:
      - --resource-group --name --enable-workload-identity --aks-custom-headers
      User-Agent:
      - AZURECLI/2.46.0 azsdk-python-azure-mgmt-containerservice/21.1.0b Python/3.8.10
        (Linux-5.15.0-1033-azure-x86_64-with-glibc2.29)
    method: PUT
    uri: https://management.azure.com/subscriptions/00000000-0000-0000-0000-000000000000/resourceGroups/clitest000001/providers/Microsoft.ContainerService/managedClusters/cliakstest000001?api-version=2023-01-02-preview
  response:
    body:
      string: "{\n  \"id\": \"/subscriptions/00000000-0000-0000-0000-000000000000/resourcegroups/clitest000001/providers/Microsoft.ContainerService/managedClusters/cliakstest000001\",\n
        \ \"location\": \"westus2\",\n  \"name\": \"cliakstest000001\",\n  \"type\":
        \"Microsoft.ContainerService/ManagedClusters\",\n  \"properties\": {\n   \"provisioningState\":
        \"Updating\",\n   \"powerState\": {\n    \"code\": \"Running\"\n   },\n   \"kubernetesVersion\":
        \"1.24.9\",\n   \"currentKubernetesVersion\": \"1.24.9\",\n   \"dnsPrefix\":
        \"cliakstest-clitestj3ejvymjq-79a739\",\n   \"fqdn\": \"cliakstest-clitestj3ejvymjq-79a739-icfse26r.hcp.westus2.azmk8s.io\",\n
        \  \"azurePortalFQDN\": \"cliakstest-clitestj3ejvymjq-79a739-icfse26r.portal.hcp.westus2.azmk8s.io\",\n
        \  \"agentPoolProfiles\": [\n    {\n     \"name\": \"nodepool1\",\n     \"count\":
        3,\n     \"vmSize\": \"Standard_DS2_v2\",\n     \"osDiskSizeGB\": 128,\n     \"osDiskType\":
        \"Managed\",\n     \"kubeletDiskType\": \"OS\",\n     \"workloadRuntime\":
        \"OCIContainer\",\n     \"maxPods\": 110,\n     \"type\": \"VirtualMachineScaleSets\",\n
        \    \"enableAutoScaling\": false,\n     \"provisioningState\": \"Updating\",\n
        \    \"powerState\": {\n      \"code\": \"Running\"\n     },\n     \"orchestratorVersion\":
        \"1.24.9\",\n     \"currentOrchestratorVersion\": \"1.24.9\",\n     \"enableNodePublicIP\":
        false,\n     \"enableCustomCATrust\": false,\n     \"mode\": \"System\",\n
        \    \"enableEncryptionAtHost\": false,\n     \"enableUltraSSD\": false,\n
        \    \"osType\": \"Linux\",\n     \"osSKU\": \"Ubuntu\",\n     \"nodeImageVersion\":
        \"AKSUbuntu-1804gen2containerd-2023.02.15\",\n     \"upgradeSettings\": {},\n
        \    \"enableFIPS\": false,\n     \"networkProfile\": {}\n    }\n   ],\n   \"linuxProfile\":
        {\n    \"adminUsername\": \"azureuser\",\n    \"ssh\": {\n     \"publicKeys\":
        [\n      {\n       \"keyData\": \"ssh-rsa AAAAB3NzaC1yc2EAAAADAQABAAABAQC0DWDknbqapF/MuGohfGNUMoUlE2aI2LZc8ho91GQdtq7IQypEPr4yB29oEQMwmgHlnqCOQLHTXvEPKSU0LDGrjVO7vKsYUm7bOfx1wryQ7e1eb5+GyP4fLZCY3VnCGdC2BjUjuIYTd2nG718clupwvDKgKHD0oJfzoYOoZXnyeUeVXXPwOZZmo832O4Qm8byoJXgDNA83wB7MXnaDSY59j53GKJEojn/btxiiJgMuZuvgPUEjdosrCFOHz3iPmtpC0nr79h95by4FVd5Z9bWqVT3zc1EVwIQP5M4b5ZAvV0e2wX93QYVtDKQyxg288ZoSo3yBvukJ8obl91kUlERv
        azcli_aks_live_test@example.com\\n\"\n      }\n     ]\n    }\n   },\n   \"servicePrincipalProfile\":
        {\n    \"clientId\":\"00000000-0000-0000-0000-000000000001\"\n   },\n   \"nodeResourceGroup\":
        \"MC_clitest000001_cliakstest000001_westus2\",\n   \"enableRBAC\": true,\n
        \  \"enablePodSecurityPolicy\": false,\n   \"networkProfile\": {\n    \"networkPlugin\":
        \"kubenet\",\n    \"loadBalancerSku\": \"Standard\",\n    \"loadBalancerProfile\":
        {\n     \"managedOutboundIPs\": {\n      \"count\": 1\n     },\n     \"effectiveOutboundIPs\":
        [\n      {\n       \"id\": \"/subscriptions/00000000-0000-0000-0000-000000000000/resourceGroups/MC_clitest000001_cliakstest000001_westus2/providers/Microsoft.Network/publicIPAddresses/066bc092-1041-458f-b5f1-ed278a1fb756\"\n
        \     }\n     ],\n     \"backendPoolType\": \"nodeIPConfiguration\"\n    },\n
        \   \"podCidr\": \"10.244.0.0/16\",\n    \"serviceCidr\": \"10.0.0.0/16\",\n
        \   \"dnsServiceIP\": \"10.0.0.10\",\n    \"dockerBridgeCidr\": \"172.17.0.1/16\",\n
        \   \"outboundType\": \"loadBalancer\",\n    \"podCidrs\": [\n     \"10.244.0.0/16\"\n
        \   ],\n    \"serviceCidrs\": [\n     \"10.0.0.0/16\"\n    ],\n    \"ipFamilies\":
        [\n     \"IPv4\"\n    ]\n   },\n   \"maxAgentPools\": 100,\n   \"identityProfile\":
        {\n    \"kubeletidentity\": {\n     \"resourceId\": \"/subscriptions/00000000-0000-0000-0000-000000000000/resourcegroups/MC_clitest000001_cliakstest000001_westus2/providers/Microsoft.ManagedIdentity/userAssignedIdentities/cliakstest000001-agentpool\",\n
        \    \"clientId\":\"00000000-0000-0000-0000-000000000001\",\n     \"objectId\":\"00000000-0000-0000-0000-000000000001\"\n
        \   }\n   },\n   \"disableLocalAccounts\": false,\n   \"securityProfile\":
        {\n    \"workloadIdentity\": {\n     \"enabled\": true\n    }\n   },\n   \"storageProfile\":
        {\n    \"diskCSIDriver\": {\n     \"enabled\": true,\n     \"version\": \"v1\"\n
        \   },\n    \"fileCSIDriver\": {\n     \"enabled\": true\n    },\n    \"snapshotController\":
        {\n     \"enabled\": true\n    }\n   },\n   \"oidcIssuerProfile\": {\n    \"enabled\":
        true,\n    \"issuerURL\": \"https://westus2.oic.prod-aks.azure.com/72f988bf-86f1-41af-91ab-2d7cd011db47/773eb981-74ca-4fb1-8317-2d3b772b5b50/\"\n
        \  },\n   \"workloadAutoScalerProfile\": {}\n  },\n  \"identity\": {\n   \"type\":
        \"SystemAssigned\",\n   \"principalId\":\"00000000-0000-0000-0000-000000000001\",\n
        \  \"tenantId\": \"72f988bf-86f1-41af-91ab-2d7cd011db47\"\n  },\n  \"sku\":
        {\n   \"name\": \"Basic\",\n   \"tier\": \"Free\"\n  }\n }"
    headers:
      azure-asyncoperation:
      - https://management.azure.com/subscriptions/00000000-0000-0000-0000-000000000000/providers/Microsoft.ContainerService/locations/westus2/operations/f5e69828-5245-4799-b757-54c70bba051d?api-version=2016-03-30
      cache-control:
      - no-cache
      content-length:
      - '4317'
      content-type:
      - application/json
      date:
      - Thu, 16 Mar 2023 04:10:31 GMT
      expires:
      - '-1'
      pragma:
      - no-cache
      server:
      - nginx
      strict-transport-security:
      - max-age=31536000; includeSubDomains
      transfer-encoding:
      - chunked
      vary:
      - Accept-Encoding
      x-content-type-options:
      - nosniff
      x-ms-ratelimit-remaining-subscription-writes:
      - '1197'
    status:
      code: 200
      message: OK
- request:
    body: null
    headers:
      Accept:
      - '*/*'
      Accept-Encoding:
      - gzip, deflate
      CommandName:
      - aks update
      Connection:
      - keep-alive
      ParameterSetName:
      - --resource-group --name --enable-workload-identity --aks-custom-headers
      User-Agent:
      - AZURECLI/2.46.0 azsdk-python-azure-mgmt-containerservice/21.1.0b Python/3.8.10
        (Linux-5.15.0-1033-azure-x86_64-with-glibc2.29)
    method: GET
    uri: https://management.azure.com/subscriptions/00000000-0000-0000-0000-000000000000/providers/Microsoft.ContainerService/locations/westus2/operations/f5e69828-5245-4799-b757-54c70bba051d?api-version=2016-03-30
  response:
    body:
      string: "{\n  \"name\": \"2898e6f5-4552-9947-b757-54c70bba051d\",\n  \"status\":
        \"InProgress\",\n  \"startTime\": \"2023-03-16T04:10:30.7058565Z\"\n }"
    headers:
      cache-control:
      - no-cache
      content-length:
      - '126'
      content-type:
      - application/json
      date:
      - Thu, 16 Mar 2023 04:11:01 GMT
      expires:
      - '-1'
      pragma:
      - no-cache
      server:
      - nginx
      strict-transport-security:
      - max-age=31536000; includeSubDomains
      transfer-encoding:
      - chunked
      vary:
      - Accept-Encoding
      x-content-type-options:
      - nosniff
    status:
      code: 200
      message: OK
- request:
    body: null
    headers:
      Accept:
      - '*/*'
      Accept-Encoding:
      - gzip, deflate
      CommandName:
      - aks update
      Connection:
      - keep-alive
      ParameterSetName:
      - --resource-group --name --enable-workload-identity --aks-custom-headers
      User-Agent:
      - AZURECLI/2.46.0 azsdk-python-azure-mgmt-containerservice/21.1.0b Python/3.8.10
        (Linux-5.15.0-1033-azure-x86_64-with-glibc2.29)
    method: GET
    uri: https://management.azure.com/subscriptions/00000000-0000-0000-0000-000000000000/providers/Microsoft.ContainerService/locations/westus2/operations/f5e69828-5245-4799-b757-54c70bba051d?api-version=2016-03-30
  response:
    body:
      string: "{\n  \"name\": \"2898e6f5-4552-9947-b757-54c70bba051d\",\n  \"status\":
        \"InProgress\",\n  \"startTime\": \"2023-03-16T04:10:30.7058565Z\"\n }"
    headers:
      cache-control:
      - no-cache
      content-length:
      - '126'
      content-type:
      - application/json
      date:
      - Thu, 16 Mar 2023 04:11:31 GMT
      expires:
      - '-1'
      pragma:
      - no-cache
      server:
      - nginx
      strict-transport-security:
      - max-age=31536000; includeSubDomains
      transfer-encoding:
      - chunked
      vary:
      - Accept-Encoding
      x-content-type-options:
      - nosniff
    status:
      code: 200
      message: OK
- request:
    body: null
    headers:
      Accept:
      - '*/*'
      Accept-Encoding:
      - gzip, deflate
      CommandName:
      - aks update
      Connection:
      - keep-alive
      ParameterSetName:
      - --resource-group --name --enable-workload-identity --aks-custom-headers
      User-Agent:
      - AZURECLI/2.46.0 azsdk-python-azure-mgmt-containerservice/21.1.0b Python/3.8.10
        (Linux-5.15.0-1033-azure-x86_64-with-glibc2.29)
    method: GET
    uri: https://management.azure.com/subscriptions/00000000-0000-0000-0000-000000000000/providers/Microsoft.ContainerService/locations/westus2/operations/f5e69828-5245-4799-b757-54c70bba051d?api-version=2016-03-30
  response:
    body:
      string: "{\n  \"name\": \"2898e6f5-4552-9947-b757-54c70bba051d\",\n  \"status\":
        \"Succeeded\",\n  \"startTime\": \"2023-03-16T04:10:30.7058565Z\",\n  \"endTime\":
        \"2023-03-16T04:11:56.3139604Z\"\n }"
    headers:
      cache-control:
      - no-cache
      content-length:
      - '170'
      content-type:
      - application/json
      date:
      - Thu, 16 Mar 2023 04:12:01 GMT
      expires:
      - '-1'
      pragma:
      - no-cache
      server:
      - nginx
      strict-transport-security:
      - max-age=31536000; includeSubDomains
      transfer-encoding:
      - chunked
      vary:
      - Accept-Encoding
      x-content-type-options:
      - nosniff
    status:
      code: 200
      message: OK
- request:
    body: null
    headers:
      Accept:
      - '*/*'
      Accept-Encoding:
      - gzip, deflate
      CommandName:
      - aks update
      Connection:
      - keep-alive
      ParameterSetName:
      - --resource-group --name --enable-workload-identity --aks-custom-headers
      User-Agent:
      - AZURECLI/2.46.0 azsdk-python-azure-mgmt-containerservice/21.1.0b Python/3.8.10
        (Linux-5.15.0-1033-azure-x86_64-with-glibc2.29)
    method: GET
    uri: https://management.azure.com/subscriptions/00000000-0000-0000-0000-000000000000/resourceGroups/clitest000001/providers/Microsoft.ContainerService/managedClusters/cliakstest000001?api-version=2023-01-02-preview
  response:
    body:
      string: "{\n  \"id\": \"/subscriptions/00000000-0000-0000-0000-000000000000/resourcegroups/clitest000001/providers/Microsoft.ContainerService/managedClusters/cliakstest000001\",\n
        \ \"location\": \"westus2\",\n  \"name\": \"cliakstest000001\",\n  \"type\":
        \"Microsoft.ContainerService/ManagedClusters\",\n  \"properties\": {\n   \"provisioningState\":
        \"Succeeded\",\n   \"powerState\": {\n    \"code\": \"Running\"\n   },\n   \"kubernetesVersion\":
        \"1.24.9\",\n   \"currentKubernetesVersion\": \"1.24.9\",\n   \"dnsPrefix\":
        \"cliakstest-clitestj3ejvymjq-79a739\",\n   \"fqdn\": \"cliakstest-clitestj3ejvymjq-79a739-icfse26r.hcp.westus2.azmk8s.io\",\n
        \  \"azurePortalFQDN\": \"cliakstest-clitestj3ejvymjq-79a739-icfse26r.portal.hcp.westus2.azmk8s.io\",\n
        \  \"agentPoolProfiles\": [\n    {\n     \"name\": \"nodepool1\",\n     \"count\":
        3,\n     \"vmSize\": \"Standard_DS2_v2\",\n     \"osDiskSizeGB\": 128,\n     \"osDiskType\":
        \"Managed\",\n     \"kubeletDiskType\": \"OS\",\n     \"workloadRuntime\":
        \"OCIContainer\",\n     \"maxPods\": 110,\n     \"type\": \"VirtualMachineScaleSets\",\n
        \    \"enableAutoScaling\": false,\n     \"provisioningState\": \"Succeeded\",\n
        \    \"powerState\": {\n      \"code\": \"Running\"\n     },\n     \"orchestratorVersion\":
        \"1.24.9\",\n     \"currentOrchestratorVersion\": \"1.24.9\",\n     \"enableNodePublicIP\":
        false,\n     \"enableCustomCATrust\": false,\n     \"mode\": \"System\",\n
        \    \"enableEncryptionAtHost\": false,\n     \"enableUltraSSD\": false,\n
        \    \"osType\": \"Linux\",\n     \"osSKU\": \"Ubuntu\",\n     \"nodeImageVersion\":
        \"AKSUbuntu-1804gen2containerd-2023.02.15\",\n     \"upgradeSettings\": {},\n
        \    \"enableFIPS\": false,\n     \"networkProfile\": {}\n    }\n   ],\n   \"linuxProfile\":
        {\n    \"adminUsername\": \"azureuser\",\n    \"ssh\": {\n     \"publicKeys\":
        [\n      {\n       \"keyData\": \"ssh-rsa AAAAB3NzaC1yc2EAAAADAQABAAABAQC0DWDknbqapF/MuGohfGNUMoUlE2aI2LZc8ho91GQdtq7IQypEPr4yB29oEQMwmgHlnqCOQLHTXvEPKSU0LDGrjVO7vKsYUm7bOfx1wryQ7e1eb5+GyP4fLZCY3VnCGdC2BjUjuIYTd2nG718clupwvDKgKHD0oJfzoYOoZXnyeUeVXXPwOZZmo832O4Qm8byoJXgDNA83wB7MXnaDSY59j53GKJEojn/btxiiJgMuZuvgPUEjdosrCFOHz3iPmtpC0nr79h95by4FVd5Z9bWqVT3zc1EVwIQP5M4b5ZAvV0e2wX93QYVtDKQyxg288ZoSo3yBvukJ8obl91kUlERv
        azcli_aks_live_test@example.com\\n\"\n      }\n     ]\n    }\n   },\n   \"servicePrincipalProfile\":
        {\n    \"clientId\":\"00000000-0000-0000-0000-000000000001\"\n   },\n   \"nodeResourceGroup\":
        \"MC_clitest000001_cliakstest000001_westus2\",\n   \"enableRBAC\": true,\n
        \  \"enablePodSecurityPolicy\": false,\n   \"networkProfile\": {\n    \"networkPlugin\":
        \"kubenet\",\n    \"loadBalancerSku\": \"Standard\",\n    \"loadBalancerProfile\":
        {\n     \"managedOutboundIPs\": {\n      \"count\": 1\n     },\n     \"effectiveOutboundIPs\":
        [\n      {\n       \"id\": \"/subscriptions/00000000-0000-0000-0000-000000000000/resourceGroups/MC_clitest000001_cliakstest000001_westus2/providers/Microsoft.Network/publicIPAddresses/066bc092-1041-458f-b5f1-ed278a1fb756\"\n
        \     }\n     ],\n     \"backendPoolType\": \"nodeIPConfiguration\"\n    },\n
        \   \"podCidr\": \"10.244.0.0/16\",\n    \"serviceCidr\": \"10.0.0.0/16\",\n
        \   \"dnsServiceIP\": \"10.0.0.10\",\n    \"dockerBridgeCidr\": \"172.17.0.1/16\",\n
        \   \"outboundType\": \"loadBalancer\",\n    \"podCidrs\": [\n     \"10.244.0.0/16\"\n
        \   ],\n    \"serviceCidrs\": [\n     \"10.0.0.0/16\"\n    ],\n    \"ipFamilies\":
        [\n     \"IPv4\"\n    ]\n   },\n   \"maxAgentPools\": 100,\n   \"identityProfile\":
        {\n    \"kubeletidentity\": {\n     \"resourceId\": \"/subscriptions/00000000-0000-0000-0000-000000000000/resourcegroups/MC_clitest000001_cliakstest000001_westus2/providers/Microsoft.ManagedIdentity/userAssignedIdentities/cliakstest000001-agentpool\",\n
        \    \"clientId\":\"00000000-0000-0000-0000-000000000001\",\n     \"objectId\":\"00000000-0000-0000-0000-000000000001\"\n
        \   }\n   },\n   \"disableLocalAccounts\": false,\n   \"securityProfile\":
        {\n    \"workloadIdentity\": {\n     \"enabled\": true\n    }\n   },\n   \"storageProfile\":
        {\n    \"diskCSIDriver\": {\n     \"enabled\": true,\n     \"version\": \"v1\"\n
        \   },\n    \"fileCSIDriver\": {\n     \"enabled\": true\n    },\n    \"snapshotController\":
        {\n     \"enabled\": true\n    }\n   },\n   \"oidcIssuerProfile\": {\n    \"enabled\":
        true,\n    \"issuerURL\": \"https://westus2.oic.prod-aks.azure.com/72f988bf-86f1-41af-91ab-2d7cd011db47/773eb981-74ca-4fb1-8317-2d3b772b5b50/\"\n
        \  },\n   \"workloadAutoScalerProfile\": {}\n  },\n  \"identity\": {\n   \"type\":
        \"SystemAssigned\",\n   \"principalId\":\"00000000-0000-0000-0000-000000000001\",\n
        \  \"tenantId\": \"72f988bf-86f1-41af-91ab-2d7cd011db47\"\n  },\n  \"sku\":
        {\n   \"name\": \"Basic\",\n   \"tier\": \"Free\"\n  }\n }"
    headers:
      cache-control:
      - no-cache
      content-length:
      - '4319'
      content-type:
      - application/json
      date:
      - Thu, 16 Mar 2023 04:12:01 GMT
      expires:
      - '-1'
      pragma:
      - no-cache
      server:
      - nginx
      strict-transport-security:
      - max-age=31536000; includeSubDomains
      transfer-encoding:
      - chunked
      vary:
      - Accept-Encoding
      x-content-type-options:
      - nosniff
    status:
      code: 200
      message: OK
- request:
    body: null
    headers:
      Accept:
      - application/json
      Accept-Encoding:
      - gzip, deflate
      CommandName:
      - aks update
      Connection:
      - keep-alive
      ParameterSetName:
      - --resource-group --name --enable-workload-identity --aks-custom-headers
      User-Agent:
      - AZURECLI/2.46.0 azsdk-python-azure-mgmt-containerservice/21.1.0b Python/3.8.10
        (Linux-5.15.0-1033-azure-x86_64-with-glibc2.29)
    method: GET
    uri: https://management.azure.com/subscriptions/00000000-0000-0000-0000-000000000000/resourceGroups/clitest000001/providers/Microsoft.ContainerService/managedClusters/cliakstest000001?api-version=2023-01-02-preview
  response:
    body:
      string: "{\n  \"id\": \"/subscriptions/00000000-0000-0000-0000-000000000000/resourcegroups/clitest000001/providers/Microsoft.ContainerService/managedClusters/cliakstest000001\",\n
        \ \"location\": \"westus2\",\n  \"name\": \"cliakstest000001\",\n  \"type\":
        \"Microsoft.ContainerService/ManagedClusters\",\n  \"properties\": {\n   \"provisioningState\":
        \"Succeeded\",\n   \"powerState\": {\n    \"code\": \"Running\"\n   },\n   \"kubernetesVersion\":
        \"1.24.9\",\n   \"currentKubernetesVersion\": \"1.24.9\",\n   \"dnsPrefix\":
        \"cliakstest-clitestj3ejvymjq-79a739\",\n   \"fqdn\": \"cliakstest-clitestj3ejvymjq-79a739-icfse26r.hcp.westus2.azmk8s.io\",\n
        \  \"azurePortalFQDN\": \"cliakstest-clitestj3ejvymjq-79a739-icfse26r.portal.hcp.westus2.azmk8s.io\",\n
        \  \"agentPoolProfiles\": [\n    {\n     \"name\": \"nodepool1\",\n     \"count\":
        3,\n     \"vmSize\": \"Standard_DS2_v2\",\n     \"osDiskSizeGB\": 128,\n     \"osDiskType\":
        \"Managed\",\n     \"kubeletDiskType\": \"OS\",\n     \"workloadRuntime\":
        \"OCIContainer\",\n     \"maxPods\": 110,\n     \"type\": \"VirtualMachineScaleSets\",\n
        \    \"enableAutoScaling\": false,\n     \"provisioningState\": \"Succeeded\",\n
        \    \"powerState\": {\n      \"code\": \"Running\"\n     },\n     \"orchestratorVersion\":
        \"1.24.9\",\n     \"currentOrchestratorVersion\": \"1.24.9\",\n     \"enableNodePublicIP\":
        false,\n     \"enableCustomCATrust\": false,\n     \"mode\": \"System\",\n
        \    \"enableEncryptionAtHost\": false,\n     \"enableUltraSSD\": false,\n
        \    \"osType\": \"Linux\",\n     \"osSKU\": \"Ubuntu\",\n     \"nodeImageVersion\":
        \"AKSUbuntu-1804gen2containerd-2023.02.15\",\n     \"upgradeSettings\": {},\n
        \    \"enableFIPS\": false,\n     \"networkProfile\": {}\n    }\n   ],\n   \"linuxProfile\":
        {\n    \"adminUsername\": \"azureuser\",\n    \"ssh\": {\n     \"publicKeys\":
        [\n      {\n       \"keyData\": \"ssh-rsa AAAAB3NzaC1yc2EAAAADAQABAAABAQC0DWDknbqapF/MuGohfGNUMoUlE2aI2LZc8ho91GQdtq7IQypEPr4yB29oEQMwmgHlnqCOQLHTXvEPKSU0LDGrjVO7vKsYUm7bOfx1wryQ7e1eb5+GyP4fLZCY3VnCGdC2BjUjuIYTd2nG718clupwvDKgKHD0oJfzoYOoZXnyeUeVXXPwOZZmo832O4Qm8byoJXgDNA83wB7MXnaDSY59j53GKJEojn/btxiiJgMuZuvgPUEjdosrCFOHz3iPmtpC0nr79h95by4FVd5Z9bWqVT3zc1EVwIQP5M4b5ZAvV0e2wX93QYVtDKQyxg288ZoSo3yBvukJ8obl91kUlERv
        azcli_aks_live_test@example.com\\n\"\n      }\n     ]\n    }\n   },\n   \"servicePrincipalProfile\":
        {\n    \"clientId\":\"00000000-0000-0000-0000-000000000001\"\n   },\n   \"nodeResourceGroup\":
        \"MC_clitest000001_cliakstest000001_westus2\",\n   \"enableRBAC\": true,\n
        \  \"enablePodSecurityPolicy\": false,\n   \"networkProfile\": {\n    \"networkPlugin\":
        \"kubenet\",\n    \"loadBalancerSku\": \"Standard\",\n    \"loadBalancerProfile\":
        {\n     \"managedOutboundIPs\": {\n      \"count\": 1\n     },\n     \"effectiveOutboundIPs\":
        [\n      {\n       \"id\": \"/subscriptions/00000000-0000-0000-0000-000000000000/resourceGroups/MC_clitest000001_cliakstest000001_westus2/providers/Microsoft.Network/publicIPAddresses/066bc092-1041-458f-b5f1-ed278a1fb756\"\n
        \     }\n     ],\n     \"backendPoolType\": \"nodeIPConfiguration\"\n    },\n
        \   \"podCidr\": \"10.244.0.0/16\",\n    \"serviceCidr\": \"10.0.0.0/16\",\n
        \   \"dnsServiceIP\": \"10.0.0.10\",\n    \"dockerBridgeCidr\": \"172.17.0.1/16\",\n
        \   \"outboundType\": \"loadBalancer\",\n    \"podCidrs\": [\n     \"10.244.0.0/16\"\n
        \   ],\n    \"serviceCidrs\": [\n     \"10.0.0.0/16\"\n    ],\n    \"ipFamilies\":
        [\n     \"IPv4\"\n    ]\n   },\n   \"maxAgentPools\": 100,\n   \"identityProfile\":
        {\n    \"kubeletidentity\": {\n     \"resourceId\": \"/subscriptions/00000000-0000-0000-0000-000000000000/resourcegroups/MC_clitest000001_cliakstest000001_westus2/providers/Microsoft.ManagedIdentity/userAssignedIdentities/cliakstest000001-agentpool\",\n
        \    \"clientId\":\"00000000-0000-0000-0000-000000000001\",\n     \"objectId\":\"00000000-0000-0000-0000-000000000001\"\n
        \   }\n   },\n   \"disableLocalAccounts\": false,\n   \"securityProfile\":
        {\n    \"workloadIdentity\": {\n     \"enabled\": true\n    }\n   },\n   \"storageProfile\":
        {\n    \"diskCSIDriver\": {\n     \"enabled\": true,\n     \"version\": \"v1\"\n
        \   },\n    \"fileCSIDriver\": {\n     \"enabled\": true\n    },\n    \"snapshotController\":
        {\n     \"enabled\": true\n    }\n   },\n   \"oidcIssuerProfile\": {\n    \"enabled\":
        true,\n    \"issuerURL\": \"https://westus2.oic.prod-aks.azure.com/72f988bf-86f1-41af-91ab-2d7cd011db47/773eb981-74ca-4fb1-8317-2d3b772b5b50/\"\n
        \  },\n   \"workloadAutoScalerProfile\": {}\n  },\n  \"identity\": {\n   \"type\":
        \"SystemAssigned\",\n   \"principalId\":\"00000000-0000-0000-0000-000000000001\",\n
        \  \"tenantId\": \"72f988bf-86f1-41af-91ab-2d7cd011db47\"\n  },\n  \"sku\":
        {\n   \"name\": \"Basic\",\n   \"tier\": \"Free\"\n  }\n }"
    headers:
      cache-control:
      - no-cache
      content-length:
      - '4319'
      content-type:
      - application/json
      date:
      - Thu, 16 Mar 2023 04:12:02 GMT
      expires:
      - '-1'
      pragma:
      - no-cache
      server:
      - nginx
      strict-transport-security:
      - max-age=31536000; includeSubDomains
      transfer-encoding:
      - chunked
      vary:
      - Accept-Encoding
      x-content-type-options:
      - nosniff
    status:
      code: 200
      message: OK
- request:
    body: '{"location": "westus2", "sku": {"name": "Basic", "tier": "Free"}, "identity":
      {"type": "SystemAssigned"}, "properties": {"kubernetesVersion": "1.24.9", "dnsPrefix":
      "cliakstest-clitestj3ejvymjq-79a739", "agentPoolProfiles": [{"count": 3, "vmSize":
      "Standard_DS2_v2", "osDiskSizeGB": 128, "osDiskType": "Managed", "kubeletDiskType":
      "OS", "workloadRuntime": "OCIContainer", "maxPods": 110, "osType": "Linux",
      "osSKU": "Ubuntu", "enableAutoScaling": false, "type": "VirtualMachineScaleSets",
      "mode": "System", "orchestratorVersion": "1.24.9", "upgradeSettings": {}, "powerState":
      {"code": "Running"}, "enableNodePublicIP": false, "enableCustomCATrust": false,
      "enableEncryptionAtHost": false, "enableUltraSSD": false, "enableFIPS": false,
      "networkProfile": {}, "name": "nodepool1"}], "linuxProfile": {"adminUsername":
      "azureuser", "ssh": {"publicKeys": [{"keyData": "ssh-rsa AAAAB3NzaC1yc2EAAAADAQABAAABAQC0DWDknbqapF/MuGohfGNUMoUlE2aI2LZc8ho91GQdtq7IQypEPr4yB29oEQMwmgHlnqCOQLHTXvEPKSU0LDGrjVO7vKsYUm7bOfx1wryQ7e1eb5+GyP4fLZCY3VnCGdC2BjUjuIYTd2nG718clupwvDKgKHD0oJfzoYOoZXnyeUeVXXPwOZZmo832O4Qm8byoJXgDNA83wB7MXnaDSY59j53GKJEojn/btxiiJgMuZuvgPUEjdosrCFOHz3iPmtpC0nr79h95by4FVd5Z9bWqVT3zc1EVwIQP5M4b5ZAvV0e2wX93QYVtDKQyxg288ZoSo3yBvukJ8obl91kUlERv
      azcli_aks_live_test@example.com\n"}]}}, "servicePrincipalProfile": {"clientId":"00000000-0000-0000-0000-000000000001"},
      "oidcIssuerProfile": {"enabled": true}, "nodeResourceGroup": "MC_clitest000001_cliakstest000001_westus2",
      "enableRBAC": true, "enablePodSecurityPolicy": false, "networkProfile": {"networkPlugin":
      "kubenet", "podCidr": "10.244.0.0/16", "serviceCidr": "10.0.0.0/16", "dnsServiceIP":
      "10.0.0.10", "dockerBridgeCidr": "172.17.0.1/16", "outboundType": "loadBalancer",
      "loadBalancerSku": "Standard", "loadBalancerProfile": {"managedOutboundIPs":
      {"count": 1, "countIPv6": 0}, "effectiveOutboundIPs": [{"id": "/subscriptions/00000000-0000-0000-0000-000000000000/resourceGroups/MC_clitest000001_cliakstest000001_westus2/providers/Microsoft.Network/publicIPAddresses/066bc092-1041-458f-b5f1-ed278a1fb756"}],
      "backendPoolType": "nodeIPConfiguration"}, "podCidrs": ["10.244.0.0/16"], "serviceCidrs":
      ["10.0.0.0/16"], "ipFamilies": ["IPv4"]}, "identityProfile": {"kubeletidentity":
      {"resourceId": "/subscriptions/00000000-0000-0000-0000-000000000000/resourcegroups/MC_clitest000001_cliakstest000001_westus2/providers/Microsoft.ManagedIdentity/userAssignedIdentities/cliakstest000001-agentpool",
      "clientId":"00000000-0000-0000-0000-000000000001", "objectId":"00000000-0000-0000-0000-000000000001"}},
      "disableLocalAccounts": false, "securityProfile": {"workloadIdentity": {"enabled":
      false}}, "storageProfile": {}, "workloadAutoScalerProfile": {}}}'
    headers:
      AKSHTTPCustomFeatures:
      - Microsoft.ContainerService/EnableWorkloadIdentityPreview,Microsoft.ContainerService/EnableOIDCIssuerPreview
      Accept:
      - application/json
      Accept-Encoding:
      - gzip, deflate
      CommandName:
      - aks update
      Connection:
      - keep-alive
      Content-Length:
      - '2700'
      Content-Type:
      - application/json
      ParameterSetName:
      - --resource-group --name --enable-workload-identity --aks-custom-headers
      User-Agent:
      - AZURECLI/2.46.0 azsdk-python-azure-mgmt-containerservice/21.1.0b Python/3.8.10
        (Linux-5.15.0-1033-azure-x86_64-with-glibc2.29)
    method: PUT
    uri: https://management.azure.com/subscriptions/00000000-0000-0000-0000-000000000000/resourceGroups/clitest000001/providers/Microsoft.ContainerService/managedClusters/cliakstest000001?api-version=2023-01-02-preview
  response:
    body:
      string: "{\n  \"id\": \"/subscriptions/00000000-0000-0000-0000-000000000000/resourcegroups/clitest000001/providers/Microsoft.ContainerService/managedClusters/cliakstest000001\",\n
        \ \"location\": \"westus2\",\n  \"name\": \"cliakstest000001\",\n  \"type\":
        \"Microsoft.ContainerService/ManagedClusters\",\n  \"properties\": {\n   \"provisioningState\":
        \"Updating\",\n   \"powerState\": {\n    \"code\": \"Running\"\n   },\n   \"kubernetesVersion\":
        \"1.24.9\",\n   \"currentKubernetesVersion\": \"1.24.9\",\n   \"dnsPrefix\":
        \"cliakstest-clitestj3ejvymjq-79a739\",\n   \"fqdn\": \"cliakstest-clitestj3ejvymjq-79a739-icfse26r.hcp.westus2.azmk8s.io\",\n
        \  \"azurePortalFQDN\": \"cliakstest-clitestj3ejvymjq-79a739-icfse26r.portal.hcp.westus2.azmk8s.io\",\n
        \  \"agentPoolProfiles\": [\n    {\n     \"name\": \"nodepool1\",\n     \"count\":
        3,\n     \"vmSize\": \"Standard_DS2_v2\",\n     \"osDiskSizeGB\": 128,\n     \"osDiskType\":
        \"Managed\",\n     \"kubeletDiskType\": \"OS\",\n     \"workloadRuntime\":
        \"OCIContainer\",\n     \"maxPods\": 110,\n     \"type\": \"VirtualMachineScaleSets\",\n
        \    \"enableAutoScaling\": false,\n     \"provisioningState\": \"Updating\",\n
        \    \"powerState\": {\n      \"code\": \"Running\"\n     },\n     \"orchestratorVersion\":
        \"1.24.9\",\n     \"currentOrchestratorVersion\": \"1.24.9\",\n     \"enableNodePublicIP\":
        false,\n     \"enableCustomCATrust\": false,\n     \"mode\": \"System\",\n
        \    \"enableEncryptionAtHost\": false,\n     \"enableUltraSSD\": false,\n
        \    \"osType\": \"Linux\",\n     \"osSKU\": \"Ubuntu\",\n     \"nodeImageVersion\":
        \"AKSUbuntu-1804gen2containerd-2023.02.15\",\n     \"upgradeSettings\": {},\n
        \    \"enableFIPS\": false,\n     \"networkProfile\": {}\n    }\n   ],\n   \"linuxProfile\":
        {\n    \"adminUsername\": \"azureuser\",\n    \"ssh\": {\n     \"publicKeys\":
        [\n      {\n       \"keyData\": \"ssh-rsa AAAAB3NzaC1yc2EAAAADAQABAAABAQC0DWDknbqapF/MuGohfGNUMoUlE2aI2LZc8ho91GQdtq7IQypEPr4yB29oEQMwmgHlnqCOQLHTXvEPKSU0LDGrjVO7vKsYUm7bOfx1wryQ7e1eb5+GyP4fLZCY3VnCGdC2BjUjuIYTd2nG718clupwvDKgKHD0oJfzoYOoZXnyeUeVXXPwOZZmo832O4Qm8byoJXgDNA83wB7MXnaDSY59j53GKJEojn/btxiiJgMuZuvgPUEjdosrCFOHz3iPmtpC0nr79h95by4FVd5Z9bWqVT3zc1EVwIQP5M4b5ZAvV0e2wX93QYVtDKQyxg288ZoSo3yBvukJ8obl91kUlERv
        azcli_aks_live_test@example.com\\n\"\n      }\n     ]\n    }\n   },\n   \"servicePrincipalProfile\":
        {\n    \"clientId\":\"00000000-0000-0000-0000-000000000001\"\n   },\n   \"nodeResourceGroup\":
        \"MC_clitest000001_cliakstest000001_westus2\",\n   \"enableRBAC\": true,\n
        \  \"enablePodSecurityPolicy\": false,\n   \"networkProfile\": {\n    \"networkPlugin\":
        \"kubenet\",\n    \"loadBalancerSku\": \"Standard\",\n    \"loadBalancerProfile\":
        {\n     \"managedOutboundIPs\": {\n      \"count\": 1\n     },\n     \"effectiveOutboundIPs\":
        [\n      {\n       \"id\": \"/subscriptions/00000000-0000-0000-0000-000000000000/resourceGroups/MC_clitest000001_cliakstest000001_westus2/providers/Microsoft.Network/publicIPAddresses/066bc092-1041-458f-b5f1-ed278a1fb756\"\n
        \     }\n     ],\n     \"backendPoolType\": \"nodeIPConfiguration\"\n    },\n
        \   \"podCidr\": \"10.244.0.0/16\",\n    \"serviceCidr\": \"10.0.0.0/16\",\n
        \   \"dnsServiceIP\": \"10.0.0.10\",\n    \"dockerBridgeCidr\": \"172.17.0.1/16\",\n
        \   \"outboundType\": \"loadBalancer\",\n    \"podCidrs\": [\n     \"10.244.0.0/16\"\n
        \   ],\n    \"serviceCidrs\": [\n     \"10.0.0.0/16\"\n    ],\n    \"ipFamilies\":
        [\n     \"IPv4\"\n    ]\n   },\n   \"maxAgentPools\": 100,\n   \"identityProfile\":
        {\n    \"kubeletidentity\": {\n     \"resourceId\": \"/subscriptions/00000000-0000-0000-0000-000000000000/resourcegroups/MC_clitest000001_cliakstest000001_westus2/providers/Microsoft.ManagedIdentity/userAssignedIdentities/cliakstest000001-agentpool\",\n
        \    \"clientId\":\"00000000-0000-0000-0000-000000000001\",\n     \"objectId\":\"00000000-0000-0000-0000-000000000001\"\n
        \   }\n   },\n   \"disableLocalAccounts\": false,\n   \"securityProfile\":
        {\n    \"workloadIdentity\": {\n     \"enabled\": false\n    }\n   },\n   \"storageProfile\":
        {\n    \"diskCSIDriver\": {\n     \"enabled\": true,\n     \"version\": \"v1\"\n
        \   },\n    \"fileCSIDriver\": {\n     \"enabled\": true\n    },\n    \"snapshotController\":
        {\n     \"enabled\": true\n    }\n   },\n   \"oidcIssuerProfile\": {\n    \"enabled\":
        true,\n    \"issuerURL\": \"https://westus2.oic.prod-aks.azure.com/72f988bf-86f1-41af-91ab-2d7cd011db47/773eb981-74ca-4fb1-8317-2d3b772b5b50/\"\n
        \  },\n   \"workloadAutoScalerProfile\": {}\n  },\n  \"identity\": {\n   \"type\":
        \"SystemAssigned\",\n   \"principalId\":\"00000000-0000-0000-0000-000000000001\",\n
        \  \"tenantId\": \"72f988bf-86f1-41af-91ab-2d7cd011db47\"\n  },\n  \"sku\":
        {\n   \"name\": \"Basic\",\n   \"tier\": \"Free\"\n  }\n }"
    headers:
      azure-asyncoperation:
      - https://management.azure.com/subscriptions/00000000-0000-0000-0000-000000000000/providers/Microsoft.ContainerService/locations/westus2/operations/a221c411-94b5-4ac6-9a2e-dd98e2404878?api-version=2016-03-30
      cache-control:
      - no-cache
      content-length:
      - '4318'
      content-type:
      - application/json
      date:
      - Thu, 16 Mar 2023 04:12:05 GMT
      expires:
      - '-1'
      pragma:
      - no-cache
      server:
      - nginx
      strict-transport-security:
      - max-age=31536000; includeSubDomains
      transfer-encoding:
      - chunked
      vary:
      - Accept-Encoding
      x-content-type-options:
      - nosniff
      x-ms-ratelimit-remaining-subscription-writes:
      - '1195'
    status:
      code: 200
      message: OK
- request:
    body: null
    headers:
      Accept:
      - '*/*'
      Accept-Encoding:
      - gzip, deflate
      CommandName:
      - aks update
      Connection:
      - keep-alive
      ParameterSetName:
      - --resource-group --name --enable-workload-identity --aks-custom-headers
      User-Agent:
      - AZURECLI/2.46.0 azsdk-python-azure-mgmt-containerservice/21.1.0b Python/3.8.10
        (Linux-5.15.0-1033-azure-x86_64-with-glibc2.29)
    method: GET
    uri: https://management.azure.com/subscriptions/00000000-0000-0000-0000-000000000000/providers/Microsoft.ContainerService/locations/westus2/operations/a221c411-94b5-4ac6-9a2e-dd98e2404878?api-version=2016-03-30
  response:
    body:
      string: "{\n  \"name\": \"11c421a2-b594-c64a-9a2e-dd98e2404878\",\n  \"status\":
        \"InProgress\",\n  \"startTime\": \"2023-03-16T04:12:05.5030597Z\"\n }"
    headers:
      cache-control:
      - no-cache
      content-length:
      - '126'
      content-type:
      - application/json
      date:
      - Thu, 16 Mar 2023 04:12:35 GMT
      expires:
      - '-1'
      pragma:
      - no-cache
      server:
      - nginx
      strict-transport-security:
      - max-age=31536000; includeSubDomains
      transfer-encoding:
      - chunked
      vary:
      - Accept-Encoding
      x-content-type-options:
      - nosniff
    status:
      code: 200
      message: OK
- request:
    body: null
    headers:
      Accept:
      - '*/*'
      Accept-Encoding:
      - gzip, deflate
      CommandName:
      - aks update
      Connection:
      - keep-alive
      ParameterSetName:
      - --resource-group --name --enable-workload-identity --aks-custom-headers
      User-Agent:
      - AZURECLI/2.46.0 azsdk-python-azure-mgmt-containerservice/21.1.0b Python/3.8.10
        (Linux-5.15.0-1033-azure-x86_64-with-glibc2.29)
    method: GET
    uri: https://management.azure.com/subscriptions/00000000-0000-0000-0000-000000000000/providers/Microsoft.ContainerService/locations/westus2/operations/a221c411-94b5-4ac6-9a2e-dd98e2404878?api-version=2016-03-30
  response:
    body:
      string: "{\n  \"name\": \"11c421a2-b594-c64a-9a2e-dd98e2404878\",\n  \"status\":
        \"InProgress\",\n  \"startTime\": \"2023-03-16T04:12:05.5030597Z\"\n }"
    headers:
      cache-control:
      - no-cache
      content-length:
      - '126'
      content-type:
      - application/json
      date:
      - Thu, 16 Mar 2023 04:13:05 GMT
      expires:
      - '-1'
      pragma:
      - no-cache
      server:
      - nginx
      strict-transport-security:
      - max-age=31536000; includeSubDomains
      transfer-encoding:
      - chunked
      vary:
      - Accept-Encoding
      x-content-type-options:
      - nosniff
    status:
      code: 200
      message: OK
- request:
    body: null
    headers:
      Accept:
      - '*/*'
      Accept-Encoding:
      - gzip, deflate
      CommandName:
      - aks update
      Connection:
      - keep-alive
      ParameterSetName:
      - --resource-group --name --enable-workload-identity --aks-custom-headers
      User-Agent:
      - AZURECLI/2.46.0 azsdk-python-azure-mgmt-containerservice/21.1.0b Python/3.8.10
        (Linux-5.15.0-1033-azure-x86_64-with-glibc2.29)
    method: GET
    uri: https://management.azure.com/subscriptions/00000000-0000-0000-0000-000000000000/providers/Microsoft.ContainerService/locations/westus2/operations/a221c411-94b5-4ac6-9a2e-dd98e2404878?api-version=2016-03-30
  response:
    body:
      string: "{\n  \"name\": \"11c421a2-b594-c64a-9a2e-dd98e2404878\",\n  \"status\":
        \"InProgress\",\n  \"startTime\": \"2023-03-16T04:12:05.5030597Z\"\n }"
    headers:
      cache-control:
      - no-cache
      content-length:
      - '126'
      content-type:
      - application/json
      date:
      - Thu, 16 Mar 2023 04:13:35 GMT
      expires:
      - '-1'
      pragma:
      - no-cache
      server:
      - nginx
      strict-transport-security:
      - max-age=31536000; includeSubDomains
      transfer-encoding:
      - chunked
      vary:
      - Accept-Encoding
      x-content-type-options:
      - nosniff
    status:
      code: 200
      message: OK
- request:
    body: null
    headers:
      Accept:
      - '*/*'
      Accept-Encoding:
      - gzip, deflate
      CommandName:
      - aks update
      Connection:
      - keep-alive
      ParameterSetName:
      - --resource-group --name --enable-workload-identity --aks-custom-headers
      User-Agent:
      - AZURECLI/2.46.0 azsdk-python-azure-mgmt-containerservice/21.1.0b Python/3.8.10
        (Linux-5.15.0-1033-azure-x86_64-with-glibc2.29)
    method: GET
    uri: https://management.azure.com/subscriptions/00000000-0000-0000-0000-000000000000/providers/Microsoft.ContainerService/locations/westus2/operations/a221c411-94b5-4ac6-9a2e-dd98e2404878?api-version=2016-03-30
  response:
    body:
      string: "{\n  \"name\": \"11c421a2-b594-c64a-9a2e-dd98e2404878\",\n  \"status\":
        \"Succeeded\",\n  \"startTime\": \"2023-03-16T04:12:05.5030597Z\",\n  \"endTime\":
        \"2023-03-16T04:13:37.3834097Z\"\n }"
    headers:
      cache-control:
      - no-cache
      content-length:
      - '170'
      content-type:
      - application/json
      date:
      - Thu, 16 Mar 2023 04:14:05 GMT
      expires:
      - '-1'
      pragma:
      - no-cache
      server:
      - nginx
      strict-transport-security:
      - max-age=31536000; includeSubDomains
      transfer-encoding:
      - chunked
      vary:
      - Accept-Encoding
      x-content-type-options:
      - nosniff
    status:
      code: 200
      message: OK
- request:
    body: null
    headers:
      Accept:
      - '*/*'
      Accept-Encoding:
      - gzip, deflate
      CommandName:
      - aks update
      Connection:
      - keep-alive
      ParameterSetName:
      - --resource-group --name --enable-workload-identity --aks-custom-headers
      User-Agent:
      - AZURECLI/2.46.0 azsdk-python-azure-mgmt-containerservice/21.1.0b Python/3.8.10
        (Linux-5.15.0-1033-azure-x86_64-with-glibc2.29)
    method: GET
    uri: https://management.azure.com/subscriptions/00000000-0000-0000-0000-000000000000/resourceGroups/clitest000001/providers/Microsoft.ContainerService/managedClusters/cliakstest000001?api-version=2023-01-02-preview
  response:
    body:
      string: "{\n  \"id\": \"/subscriptions/00000000-0000-0000-0000-000000000000/resourcegroups/clitest000001/providers/Microsoft.ContainerService/managedClusters/cliakstest000001\",\n
        \ \"location\": \"westus2\",\n  \"name\": \"cliakstest000001\",\n  \"type\":
        \"Microsoft.ContainerService/ManagedClusters\",\n  \"properties\": {\n   \"provisioningState\":
        \"Succeeded\",\n   \"powerState\": {\n    \"code\": \"Running\"\n   },\n   \"kubernetesVersion\":
        \"1.24.9\",\n   \"currentKubernetesVersion\": \"1.24.9\",\n   \"dnsPrefix\":
        \"cliakstest-clitestj3ejvymjq-79a739\",\n   \"fqdn\": \"cliakstest-clitestj3ejvymjq-79a739-icfse26r.hcp.westus2.azmk8s.io\",\n
        \  \"azurePortalFQDN\": \"cliakstest-clitestj3ejvymjq-79a739-icfse26r.portal.hcp.westus2.azmk8s.io\",\n
        \  \"agentPoolProfiles\": [\n    {\n     \"name\": \"nodepool1\",\n     \"count\":
        3,\n     \"vmSize\": \"Standard_DS2_v2\",\n     \"osDiskSizeGB\": 128,\n     \"osDiskType\":
        \"Managed\",\n     \"kubeletDiskType\": \"OS\",\n     \"workloadRuntime\":
        \"OCIContainer\",\n     \"maxPods\": 110,\n     \"type\": \"VirtualMachineScaleSets\",\n
        \    \"enableAutoScaling\": false,\n     \"provisioningState\": \"Succeeded\",\n
        \    \"powerState\": {\n      \"code\": \"Running\"\n     },\n     \"orchestratorVersion\":
        \"1.24.9\",\n     \"currentOrchestratorVersion\": \"1.24.9\",\n     \"enableNodePublicIP\":
        false,\n     \"enableCustomCATrust\": false,\n     \"mode\": \"System\",\n
        \    \"enableEncryptionAtHost\": false,\n     \"enableUltraSSD\": false,\n
        \    \"osType\": \"Linux\",\n     \"osSKU\": \"Ubuntu\",\n     \"nodeImageVersion\":
        \"AKSUbuntu-1804gen2containerd-2023.02.15\",\n     \"upgradeSettings\": {},\n
        \    \"enableFIPS\": false,\n     \"networkProfile\": {}\n    }\n   ],\n   \"linuxProfile\":
        {\n    \"adminUsername\": \"azureuser\",\n    \"ssh\": {\n     \"publicKeys\":
        [\n      {\n       \"keyData\": \"ssh-rsa AAAAB3NzaC1yc2EAAAADAQABAAABAQC0DWDknbqapF/MuGohfGNUMoUlE2aI2LZc8ho91GQdtq7IQypEPr4yB29oEQMwmgHlnqCOQLHTXvEPKSU0LDGrjVO7vKsYUm7bOfx1wryQ7e1eb5+GyP4fLZCY3VnCGdC2BjUjuIYTd2nG718clupwvDKgKHD0oJfzoYOoZXnyeUeVXXPwOZZmo832O4Qm8byoJXgDNA83wB7MXnaDSY59j53GKJEojn/btxiiJgMuZuvgPUEjdosrCFOHz3iPmtpC0nr79h95by4FVd5Z9bWqVT3zc1EVwIQP5M4b5ZAvV0e2wX93QYVtDKQyxg288ZoSo3yBvukJ8obl91kUlERv
        azcli_aks_live_test@example.com\\n\"\n      }\n     ]\n    }\n   },\n   \"servicePrincipalProfile\":
        {\n    \"clientId\":\"00000000-0000-0000-0000-000000000001\"\n   },\n   \"nodeResourceGroup\":
        \"MC_clitest000001_cliakstest000001_westus2\",\n   \"enableRBAC\": true,\n
        \  \"enablePodSecurityPolicy\": false,\n   \"networkProfile\": {\n    \"networkPlugin\":
        \"kubenet\",\n    \"loadBalancerSku\": \"Standard\",\n    \"loadBalancerProfile\":
        {\n     \"managedOutboundIPs\": {\n      \"count\": 1\n     },\n     \"effectiveOutboundIPs\":
        [\n      {\n       \"id\": \"/subscriptions/00000000-0000-0000-0000-000000000000/resourceGroups/MC_clitest000001_cliakstest000001_westus2/providers/Microsoft.Network/publicIPAddresses/066bc092-1041-458f-b5f1-ed278a1fb756\"\n
        \     }\n     ],\n     \"backendPoolType\": \"nodeIPConfiguration\"\n    },\n
        \   \"podCidr\": \"10.244.0.0/16\",\n    \"serviceCidr\": \"10.0.0.0/16\",\n
        \   \"dnsServiceIP\": \"10.0.0.10\",\n    \"dockerBridgeCidr\": \"172.17.0.1/16\",\n
        \   \"outboundType\": \"loadBalancer\",\n    \"podCidrs\": [\n     \"10.244.0.0/16\"\n
        \   ],\n    \"serviceCidrs\": [\n     \"10.0.0.0/16\"\n    ],\n    \"ipFamilies\":
        [\n     \"IPv4\"\n    ]\n   },\n   \"maxAgentPools\": 100,\n   \"identityProfile\":
        {\n    \"kubeletidentity\": {\n     \"resourceId\": \"/subscriptions/00000000-0000-0000-0000-000000000000/resourcegroups/MC_clitest000001_cliakstest000001_westus2/providers/Microsoft.ManagedIdentity/userAssignedIdentities/cliakstest000001-agentpool\",\n
        \    \"clientId\":\"00000000-0000-0000-0000-000000000001\",\n     \"objectId\":\"00000000-0000-0000-0000-000000000001\"\n
        \   }\n   },\n   \"disableLocalAccounts\": false,\n   \"securityProfile\":
        {\n    \"workloadIdentity\": {\n     \"enabled\": false\n    }\n   },\n   \"storageProfile\":
        {\n    \"diskCSIDriver\": {\n     \"enabled\": true,\n     \"version\": \"v1\"\n
        \   },\n    \"fileCSIDriver\": {\n     \"enabled\": true\n    },\n    \"snapshotController\":
        {\n     \"enabled\": true\n    }\n   },\n   \"oidcIssuerProfile\": {\n    \"enabled\":
        true,\n    \"issuerURL\": \"https://westus2.oic.prod-aks.azure.com/72f988bf-86f1-41af-91ab-2d7cd011db47/773eb981-74ca-4fb1-8317-2d3b772b5b50/\"\n
        \  },\n   \"workloadAutoScalerProfile\": {}\n  },\n  \"identity\": {\n   \"type\":
        \"SystemAssigned\",\n   \"principalId\":\"00000000-0000-0000-0000-000000000001\",\n
        \  \"tenantId\": \"72f988bf-86f1-41af-91ab-2d7cd011db47\"\n  },\n  \"sku\":
        {\n   \"name\": \"Basic\",\n   \"tier\": \"Free\"\n  }\n }"
    headers:
      cache-control:
      - no-cache
      content-length:
      - '4320'
      content-type:
      - application/json
      date:
      - Thu, 16 Mar 2023 04:14:06 GMT
      expires:
      - '-1'
      pragma:
      - no-cache
      server:
      - nginx
      strict-transport-security:
      - max-age=31536000; includeSubDomains
      transfer-encoding:
      - chunked
      vary:
      - Accept-Encoding
      x-content-type-options:
      - nosniff
    status:
      code: 200
      message: OK
version: 1
