interactions:
- request:
    body: null
    headers:
      Accept:
      - application/json
      Accept-Encoding:
      - gzip, deflate
      CommandName:
      - aks create
      Connection:
      - keep-alive
      ParameterSetName:
      - --resource-group --name --ssh-key-value --enable-addons
      User-Agent:
      - AZURECLI/2.49.0 azsdk-python-azure-mgmt-containerservice/22.1.0b Python/3.8.10
        (Linux-5.15.0-1038-azure-x86_64-with-glibc2.29)
    method: GET
    uri: https://management.azure.com/subscriptions/00000000-0000-0000-0000-000000000000/resourceGroups/clitest000001/providers/Microsoft.ContainerService/managedClusters/cliakstest000002?api-version=2023-05-02-preview
  response:
    body:
      string: '{"error":{"code":"ResourceNotFound","message":"The Resource ''Microsoft.ContainerService/managedClusters/cliakstest000002''
        under resource group ''clitest000001'' was not found. For more details please
        go to https://aka.ms/ARMResourceNotFoundFix"}}'
    headers:
      cache-control:
      - no-cache
      content-length:
      - '244'
      content-type:
      - application/json; charset=utf-8
      date:
      - Fri, 26 May 2023 14:26:24 GMT
      expires:
      - '-1'
      pragma:
      - no-cache
      strict-transport-security:
      - max-age=31536000; includeSubDomains
      x-content-type-options:
      - nosniff
      x-ms-failure-cause:
      - gateway
    status:
      code: 404
      message: Not Found
- request:
    body: null
    headers:
      Accept:
      - application/json
      Accept-Encoding:
      - gzip, deflate
      CommandName:
      - aks create
      Connection:
      - keep-alive
      ParameterSetName:
      - --resource-group --name --ssh-key-value --enable-addons
      User-Agent:
      - AZURECLI/2.49.0 azsdk-python-azure-mgmt-resource/22.0.0 Python/3.8.10 (Linux-5.15.0-1038-azure-x86_64-with-glibc2.29)
    method: GET
    uri: https://management.azure.com/subscriptions/00000000-0000-0000-0000-000000000000/resourcegroups/clitest000001?api-version=2022-09-01
  response:
    body:
      string: '{"id":"/subscriptions/00000000-0000-0000-0000-000000000000/resourceGroups/clitest000001","name":"clitest000001","type":"Microsoft.Resources/resourceGroups","location":"westus2","tags":{"product":"azurecli","cause":"automation","test":"test_aks_update_with_guardrails","date":"2023-05-26T14:26:23Z","module":"aks-preview"},"properties":{"provisioningState":"Succeeded"}}'
    headers:
      cache-control:
      - no-cache
      content-length:
      - '369'
      content-type:
      - application/json; charset=utf-8
      date:
      - Fri, 26 May 2023 14:26:24 GMT
      expires:
      - '-1'
      pragma:
      - no-cache
      strict-transport-security:
      - max-age=31536000; includeSubDomains
      vary:
      - Accept-Encoding
      x-content-type-options:
      - nosniff
    status:
      code: 200
      message: OK
- request:
    body: '{"location": "westus2", "identity": {"type": "SystemAssigned"}, "properties":
      {"kubernetesVersion": "", "dnsPrefix": "cliakstest-clitests6pffkuwq-79a739",
      "agentPoolProfiles": [{"count": 3, "vmSize": "Standard_DS2_v2", "osDiskSizeGB":
      0, "workloadRuntime": "OCIContainer", "osType": "Linux", "enableAutoScaling":
      false, "type": "VirtualMachineScaleSets", "mode": "System", "orchestratorVersion":
      "", "upgradeSettings": {}, "enableNodePublicIP": false, "enableCustomCATrust":
      false, "scaleSetPriority": "Regular", "scaleSetEvictionPolicy": "Delete", "spotMaxPrice":
      -1.0, "nodeTaints": [], "enableEncryptionAtHost": false, "enableUltraSSD": false,
      "enableFIPS": false, "networkProfile": {}, "name": "nodepool1"}], "linuxProfile":
      {"adminUsername": "azureuser", "ssh": {"publicKeys": [{"keyData": "ssh-rsa AAAAB3NzaC1yc2EAAAADAQABAAABAQCf9g3FbYA7YtMBxMqO0yWh9pIzUTZb2cDLPjPnR+TrezzTiMk8OrEHQDZurqQtf+E5r/qmvqVJKrkSNU2g4OOgFOQd7JAiDfxzWL967E4tx0avDUd/TaekUsP981tYkLDSUWEh6p5oVjh3ce4ngo++6XDX9IDAT/S8wReNmlAsuKlB8jEUeeSr/6lhFddi3d0lCsAQ7hY7f2emMM7UTf+89ioNSUztW86qQXeEUwSNJVDofHY5gWBKnHQVJxrKXLzQWlYd2pbB6AxE/V3lJEBPhIwpn3PycAzFafNXW0OacNfoke5nSxQxzSgo0VxiB1RUwBq6wQMisMv/12MZqjoN
      azcli_aks_live_test@example.com\n"}]}}, "addonProfiles": {"azurepolicy": {"enabled":
      true}}, "enableRBAC": true, "enablePodSecurityPolicy": false, "networkProfile":
      {"networkPlugin": "kubenet", "podCidr": "10.244.0.0/16", "serviceCidr": "10.0.0.0/16",
      "dnsServiceIP": "10.0.0.10", "outboundType": "loadBalancer", "loadBalancerSku":
      "standard"}, "disableLocalAccounts": false, "storageProfile": {}}}'
    headers:
      Accept:
      - application/json
      Accept-Encoding:
      - gzip, deflate
      CommandName:
      - aks create
      Connection:
      - keep-alive
      Content-Length:
      - '1575'
      Content-Type:
      - application/json
      ParameterSetName:
      - --resource-group --name --ssh-key-value --enable-addons
      User-Agent:
      - AZURECLI/2.49.0 azsdk-python-azure-mgmt-containerservice/22.1.0b Python/3.8.10
        (Linux-5.15.0-1038-azure-x86_64-with-glibc2.29)
    method: PUT
    uri: https://management.azure.com/subscriptions/00000000-0000-0000-0000-000000000000/resourceGroups/clitest000001/providers/Microsoft.ContainerService/managedClusters/cliakstest000002?api-version=2023-05-02-preview
  response:
    body:
      string: "{\n  \"id\": \"/subscriptions/00000000-0000-0000-0000-000000000000/resourcegroups/clitest000001/providers/Microsoft.ContainerService/managedClusters/cliakstest000002\",\n
        \ \"location\": \"westus2\",\n  \"name\": \"cliakstest000002\",\n  \"type\":
        \"Microsoft.ContainerService/ManagedClusters\",\n  \"properties\": {\n   \"provisioningState\":
        \"Creating\",\n   \"powerState\": {\n    \"code\": \"Running\"\n   },\n   \"kubernetesVersion\":
        \"1.25.6\",\n   \"currentKubernetesVersion\": \"1.25.6\",\n   \"dnsPrefix\":
        \"cliakstest-clitests6pffkuwq-79a739\",\n   \"fqdn\": \"cliakstest-clitests6pffkuwq-79a739-utpuacan.hcp.westus2.azmk8s.io\",\n
        \  \"azurePortalFQDN\": \"cliakstest-clitests6pffkuwq-79a739-utpuacan.portal.hcp.westus2.azmk8s.io\",\n
        \  \"agentPoolProfiles\": [\n    {\n     \"name\": \"nodepool1\",\n     \"count\":
        3,\n     \"vmSize\": \"Standard_DS2_v2\",\n     \"osDiskSizeGB\": 128,\n     \"osDiskType\":
        \"Managed\",\n     \"kubeletDiskType\": \"OS\",\n     \"workloadRuntime\":
        \"OCIContainer\",\n     \"maxPods\": 110,\n     \"type\": \"VirtualMachineScaleSets\",\n
        \    \"enableAutoScaling\": false,\n     \"provisioningState\": \"Creating\",\n
        \    \"powerState\": {\n      \"code\": \"Running\"\n     },\n     \"orchestratorVersion\":
        \"1.25.6\",\n     \"currentOrchestratorVersion\": \"1.25.6\",\n     \"enableNodePublicIP\":
        false,\n     \"enableCustomCATrust\": false,\n     \"mode\": \"System\",\n
        \    \"enableEncryptionAtHost\": false,\n     \"enableUltraSSD\": false,\n
        \    \"osType\": \"Linux\",\n     \"osSKU\": \"Ubuntu\",\n     \"nodeImageVersion\":
        \"AKSUbuntu-2204gen2containerd-202305.15.0\",\n     \"upgradeSettings\": {},\n
        \    \"enableFIPS\": false,\n     \"networkProfile\": {}\n    }\n   ],\n   \"linuxProfile\":
        {\n    \"adminUsername\": \"azureuser\",\n    \"ssh\": {\n     \"publicKeys\":
        [\n      {\n       \"keyData\": \"ssh-rsa AAAAB3NzaC1yc2EAAAADAQABAAABAQCf9g3FbYA7YtMBxMqO0yWh9pIzUTZb2cDLPjPnR+TrezzTiMk8OrEHQDZurqQtf+E5r/qmvqVJKrkSNU2g4OOgFOQd7JAiDfxzWL967E4tx0avDUd/TaekUsP981tYkLDSUWEh6p5oVjh3ce4ngo++6XDX9IDAT/S8wReNmlAsuKlB8jEUeeSr/6lhFddi3d0lCsAQ7hY7f2emMM7UTf+89ioNSUztW86qQXeEUwSNJVDofHY5gWBKnHQVJxrKXLzQWlYd2pbB6AxE/V3lJEBPhIwpn3PycAzFafNXW0OacNfoke5nSxQxzSgo0VxiB1RUwBq6wQMisMv/12MZqjoN
        azcli_aks_live_test@example.com\\n\"\n      }\n     ]\n    }\n   },\n   \"servicePrincipalProfile\":
        {\n    \"clientId\":\"00000000-0000-0000-0000-000000000001\"\n   },\n   \"addonProfiles\":
        {\n    \"azurepolicy\": {\n     \"enabled\": true,\n     \"config\": null\n
        \   }\n   },\n   \"nodeResourceGroup\": \"MC_clitest000001_cliakstest000002_westus2\",\n
        \  \"enableRBAC\": true,\n   \"enablePodSecurityPolicy\": false,\n   \"supportPlan\":
        \"KubernetesOfficial\",\n   \"networkProfile\": {\n    \"networkPlugin\":
        \"kubenet\",\n    \"loadBalancerSku\": \"standard\",\n    \"loadBalancerProfile\":
        {\n     \"managedOutboundIPs\": {\n      \"count\": 1\n     },\n     \"backendPoolType\":
        \"nodeIPConfiguration\"\n    },\n    \"podCidr\": \"10.244.0.0/16\",\n    \"serviceCidr\":
        \"10.0.0.0/16\",\n    \"dnsServiceIP\": \"10.0.0.10\",\n    \"outboundType\":
        \"loadBalancer\",\n    \"podCidrs\": [\n     \"10.244.0.0/16\"\n    ],\n    \"serviceCidrs\":
        [\n     \"10.0.0.0/16\"\n    ],\n    \"ipFamilies\": [\n     \"IPv4\"\n    ]\n
        \  },\n   \"maxAgentPools\": 100,\n   \"disableLocalAccounts\": false,\n   \"securityProfile\":
        {},\n   \"storageProfile\": {\n    \"diskCSIDriver\": {\n     \"enabled\":
        true,\n     \"version\": \"v1\"\n    },\n    \"fileCSIDriver\": {\n     \"enabled\":
        true\n    },\n    \"snapshotController\": {\n     \"enabled\": true\n    }\n
        \  },\n   \"oidcIssuerProfile\": {\n    \"enabled\": false\n   },\n   \"workloadAutoScalerProfile\":
        {}\n  },\n  \"identity\": {\n   \"type\": \"SystemAssigned\",\n   \"principalId\":\"00000000-0000-0000-0000-000000000001\",\n
        \  \"tenantId\": \"72f988bf-86f1-41af-91ab-2d7cd011db47\"\n  },\n  \"sku\":
        {\n   \"name\": \"Base\",\n   \"tier\": \"Free\"\n  }\n }"
    headers:
      azure-asyncoperation:
      - https://management.azure.com/subscriptions/00000000-0000-0000-0000-000000000000/providers/Microsoft.ContainerService/locations/westus2/operations/b085bc67-5f13-4cd2-baa2-3c7b0d6bb506?api-version=2016-03-30
      cache-control:
      - no-cache
      content-length:
      - '3572'
      content-type:
      - application/json
      date:
      - Fri, 26 May 2023 14:26:31 GMT
      expires:
      - '-1'
      pragma:
      - no-cache
      server:
      - nginx
      strict-transport-security:
      - max-age=31536000; includeSubDomains
      x-content-type-options:
      - nosniff
      x-ms-ratelimit-remaining-subscription-writes:
      - '1199'
    status:
      code: 201
      message: Created
- request:
    body: null
    headers:
      Accept:
      - '*/*'
      Accept-Encoding:
      - gzip, deflate
      CommandName:
      - aks create
      Connection:
      - keep-alive
      ParameterSetName:
      - --resource-group --name --ssh-key-value --enable-addons
      User-Agent:
      - AZURECLI/2.49.0 azsdk-python-azure-mgmt-containerservice/22.1.0b Python/3.8.10
        (Linux-5.15.0-1038-azure-x86_64-with-glibc2.29)
    method: GET
    uri: https://management.azure.com/subscriptions/00000000-0000-0000-0000-000000000000/providers/Microsoft.ContainerService/locations/westus2/operations/b085bc67-5f13-4cd2-baa2-3c7b0d6bb506?api-version=2016-03-30
  response:
    body:
      string: "{\n  \"name\": \"67bc85b0-135f-d24c-baa2-3c7b0d6bb506\",\n  \"status\":
        \"InProgress\",\n  \"startTime\": \"2023-05-26T14:26:30.7574504Z\"\n }"
    headers:
      cache-control:
      - no-cache
      content-length:
      - '126'
      content-type:
      - application/json
      date:
      - Fri, 26 May 2023 14:26:31 GMT
      expires:
      - '-1'
      pragma:
      - no-cache
      server:
      - nginx
      strict-transport-security:
      - max-age=31536000; includeSubDomains
      transfer-encoding:
      - chunked
      vary:
      - Accept-Encoding
      x-content-type-options:
      - nosniff
    status:
      code: 200
      message: OK
- request:
    body: null
    headers:
      Accept:
      - '*/*'
      Accept-Encoding:
      - gzip, deflate
      CommandName:
      - aks create
      Connection:
      - keep-alive
      ParameterSetName:
      - --resource-group --name --ssh-key-value --enable-addons
      User-Agent:
      - AZURECLI/2.49.0 azsdk-python-azure-mgmt-containerservice/22.1.0b Python/3.8.10
        (Linux-5.15.0-1038-azure-x86_64-with-glibc2.29)
    method: GET
    uri: https://management.azure.com/subscriptions/00000000-0000-0000-0000-000000000000/providers/Microsoft.ContainerService/locations/westus2/operations/b085bc67-5f13-4cd2-baa2-3c7b0d6bb506?api-version=2016-03-30
  response:
    body:
      string: "{\n  \"name\": \"67bc85b0-135f-d24c-baa2-3c7b0d6bb506\",\n  \"status\":
        \"InProgress\",\n  \"startTime\": \"2023-05-26T14:26:30.7574504Z\"\n }"
    headers:
      cache-control:
      - no-cache
      content-length:
      - '126'
      content-type:
      - application/json
      date:
      - Fri, 26 May 2023 14:27:01 GMT
      expires:
      - '-1'
      pragma:
      - no-cache
      server:
      - nginx
      strict-transport-security:
      - max-age=31536000; includeSubDomains
      transfer-encoding:
      - chunked
      vary:
      - Accept-Encoding
      x-content-type-options:
      - nosniff
    status:
      code: 200
      message: OK
- request:
    body: null
    headers:
      Accept:
      - '*/*'
      Accept-Encoding:
      - gzip, deflate
      CommandName:
      - aks create
      Connection:
      - keep-alive
      ParameterSetName:
      - --resource-group --name --ssh-key-value --enable-addons
      User-Agent:
      - AZURECLI/2.49.0 azsdk-python-azure-mgmt-containerservice/22.1.0b Python/3.8.10
        (Linux-5.15.0-1038-azure-x86_64-with-glibc2.29)
    method: GET
    uri: https://management.azure.com/subscriptions/00000000-0000-0000-0000-000000000000/providers/Microsoft.ContainerService/locations/westus2/operations/b085bc67-5f13-4cd2-baa2-3c7b0d6bb506?api-version=2016-03-30
  response:
    body:
      string: "{\n  \"name\": \"67bc85b0-135f-d24c-baa2-3c7b0d6bb506\",\n  \"status\":
        \"InProgress\",\n  \"startTime\": \"2023-05-26T14:26:30.7574504Z\"\n }"
    headers:
      cache-control:
      - no-cache
      content-length:
      - '126'
      content-type:
      - application/json
      date:
      - Fri, 26 May 2023 14:27:30 GMT
      expires:
      - '-1'
      pragma:
      - no-cache
      server:
      - nginx
      strict-transport-security:
      - max-age=31536000; includeSubDomains
      transfer-encoding:
      - chunked
      vary:
      - Accept-Encoding
      x-content-type-options:
      - nosniff
    status:
      code: 200
      message: OK
- request:
    body: null
    headers:
      Accept:
      - '*/*'
      Accept-Encoding:
      - gzip, deflate
      CommandName:
      - aks create
      Connection:
      - keep-alive
      ParameterSetName:
      - --resource-group --name --ssh-key-value --enable-addons
      User-Agent:
      - AZURECLI/2.49.0 azsdk-python-azure-mgmt-containerservice/22.1.0b Python/3.8.10
        (Linux-5.15.0-1038-azure-x86_64-with-glibc2.29)
    method: GET
    uri: https://management.azure.com/subscriptions/00000000-0000-0000-0000-000000000000/providers/Microsoft.ContainerService/locations/westus2/operations/b085bc67-5f13-4cd2-baa2-3c7b0d6bb506?api-version=2016-03-30
  response:
    body:
      string: "{\n  \"name\": \"67bc85b0-135f-d24c-baa2-3c7b0d6bb506\",\n  \"status\":
        \"InProgress\",\n  \"startTime\": \"2023-05-26T14:26:30.7574504Z\"\n }"
    headers:
      cache-control:
      - no-cache
      content-length:
      - '126'
      content-type:
      - application/json
      date:
      - Fri, 26 May 2023 14:28:01 GMT
      expires:
      - '-1'
      pragma:
      - no-cache
      server:
      - nginx
      strict-transport-security:
      - max-age=31536000; includeSubDomains
      transfer-encoding:
      - chunked
      vary:
      - Accept-Encoding
      x-content-type-options:
      - nosniff
    status:
      code: 200
      message: OK
- request:
    body: null
    headers:
      Accept:
      - '*/*'
      Accept-Encoding:
      - gzip, deflate
      CommandName:
      - aks create
      Connection:
      - keep-alive
      ParameterSetName:
      - --resource-group --name --ssh-key-value --enable-addons
      User-Agent:
      - AZURECLI/2.49.0 azsdk-python-azure-mgmt-containerservice/22.1.0b Python/3.8.10
        (Linux-5.15.0-1038-azure-x86_64-with-glibc2.29)
    method: GET
    uri: https://management.azure.com/subscriptions/00000000-0000-0000-0000-000000000000/providers/Microsoft.ContainerService/locations/westus2/operations/b085bc67-5f13-4cd2-baa2-3c7b0d6bb506?api-version=2016-03-30
  response:
    body:
      string: "{\n  \"name\": \"67bc85b0-135f-d24c-baa2-3c7b0d6bb506\",\n  \"status\":
        \"InProgress\",\n  \"startTime\": \"2023-05-26T14:26:30.7574504Z\"\n }"
    headers:
      cache-control:
      - no-cache
      content-length:
      - '126'
      content-type:
      - application/json
      date:
      - Fri, 26 May 2023 14:28:31 GMT
      expires:
      - '-1'
      pragma:
      - no-cache
      server:
      - nginx
      strict-transport-security:
      - max-age=31536000; includeSubDomains
      transfer-encoding:
      - chunked
      vary:
      - Accept-Encoding
      x-content-type-options:
      - nosniff
    status:
      code: 200
      message: OK
- request:
    body: null
    headers:
      Accept:
      - '*/*'
      Accept-Encoding:
      - gzip, deflate
      CommandName:
      - aks create
      Connection:
      - keep-alive
      ParameterSetName:
      - --resource-group --name --ssh-key-value --enable-addons
      User-Agent:
      - AZURECLI/2.49.0 azsdk-python-azure-mgmt-containerservice/22.1.0b Python/3.8.10
        (Linux-5.15.0-1038-azure-x86_64-with-glibc2.29)
    method: GET
    uri: https://management.azure.com/subscriptions/00000000-0000-0000-0000-000000000000/providers/Microsoft.ContainerService/locations/westus2/operations/b085bc67-5f13-4cd2-baa2-3c7b0d6bb506?api-version=2016-03-30
  response:
    body:
      string: "{\n  \"name\": \"67bc85b0-135f-d24c-baa2-3c7b0d6bb506\",\n  \"status\":
        \"InProgress\",\n  \"startTime\": \"2023-05-26T14:26:30.7574504Z\"\n }"
    headers:
      cache-control:
      - no-cache
      content-length:
      - '126'
      content-type:
      - application/json
      date:
      - Fri, 26 May 2023 14:29:01 GMT
      expires:
      - '-1'
      pragma:
      - no-cache
      server:
      - nginx
      strict-transport-security:
      - max-age=31536000; includeSubDomains
      transfer-encoding:
      - chunked
      vary:
      - Accept-Encoding
      x-content-type-options:
      - nosniff
    status:
      code: 200
      message: OK
- request:
    body: null
    headers:
      Accept:
      - '*/*'
      Accept-Encoding:
      - gzip, deflate
      CommandName:
      - aks create
      Connection:
      - keep-alive
      ParameterSetName:
      - --resource-group --name --ssh-key-value --enable-addons
      User-Agent:
      - AZURECLI/2.49.0 azsdk-python-azure-mgmt-containerservice/22.1.0b Python/3.8.10
        (Linux-5.15.0-1038-azure-x86_64-with-glibc2.29)
    method: GET
    uri: https://management.azure.com/subscriptions/00000000-0000-0000-0000-000000000000/providers/Microsoft.ContainerService/locations/westus2/operations/b085bc67-5f13-4cd2-baa2-3c7b0d6bb506?api-version=2016-03-30
  response:
    body:
      string: "{\n  \"name\": \"67bc85b0-135f-d24c-baa2-3c7b0d6bb506\",\n  \"status\":
        \"InProgress\",\n  \"startTime\": \"2023-05-26T14:26:30.7574504Z\"\n }"
    headers:
      cache-control:
      - no-cache
      content-length:
      - '126'
      content-type:
      - application/json
      date:
      - Fri, 26 May 2023 14:29:31 GMT
      expires:
      - '-1'
      pragma:
      - no-cache
      server:
      - nginx
      strict-transport-security:
      - max-age=31536000; includeSubDomains
      transfer-encoding:
      - chunked
      vary:
      - Accept-Encoding
      x-content-type-options:
      - nosniff
    status:
      code: 200
      message: OK
- request:
    body: null
    headers:
      Accept:
      - '*/*'
      Accept-Encoding:
      - gzip, deflate
      CommandName:
      - aks create
      Connection:
      - keep-alive
      ParameterSetName:
      - --resource-group --name --ssh-key-value --enable-addons
      User-Agent:
      - AZURECLI/2.49.0 azsdk-python-azure-mgmt-containerservice/22.1.0b Python/3.8.10
        (Linux-5.15.0-1038-azure-x86_64-with-glibc2.29)
    method: GET
    uri: https://management.azure.com/subscriptions/00000000-0000-0000-0000-000000000000/providers/Microsoft.ContainerService/locations/westus2/operations/b085bc67-5f13-4cd2-baa2-3c7b0d6bb506?api-version=2016-03-30
  response:
    body:
      string: "{\n  \"name\": \"67bc85b0-135f-d24c-baa2-3c7b0d6bb506\",\n  \"status\":
        \"InProgress\",\n  \"startTime\": \"2023-05-26T14:26:30.7574504Z\"\n }"
    headers:
      cache-control:
      - no-cache
      content-length:
      - '126'
      content-type:
      - application/json
      date:
      - Fri, 26 May 2023 14:30:01 GMT
      expires:
      - '-1'
      pragma:
      - no-cache
      server:
      - nginx
      strict-transport-security:
      - max-age=31536000; includeSubDomains
      transfer-encoding:
      - chunked
      vary:
      - Accept-Encoding
      x-content-type-options:
      - nosniff
    status:
      code: 200
      message: OK
- request:
    body: null
    headers:
      Accept:
      - '*/*'
      Accept-Encoding:
      - gzip, deflate
      CommandName:
      - aks create
      Connection:
      - keep-alive
      ParameterSetName:
      - --resource-group --name --ssh-key-value --enable-addons
      User-Agent:
      - AZURECLI/2.49.0 azsdk-python-azure-mgmt-containerservice/22.1.0b Python/3.8.10
        (Linux-5.15.0-1038-azure-x86_64-with-glibc2.29)
    method: GET
    uri: https://management.azure.com/subscriptions/00000000-0000-0000-0000-000000000000/providers/Microsoft.ContainerService/locations/westus2/operations/b085bc67-5f13-4cd2-baa2-3c7b0d6bb506?api-version=2016-03-30
  response:
    body:
      string: "{\n  \"name\": \"67bc85b0-135f-d24c-baa2-3c7b0d6bb506\",\n  \"status\":
        \"InProgress\",\n  \"startTime\": \"2023-05-26T14:26:30.7574504Z\"\n }"
    headers:
      cache-control:
      - no-cache
      content-length:
      - '126'
      content-type:
      - application/json
      date:
      - Fri, 26 May 2023 14:30:32 GMT
      expires:
      - '-1'
      pragma:
      - no-cache
      server:
      - nginx
      strict-transport-security:
      - max-age=31536000; includeSubDomains
      transfer-encoding:
      - chunked
      vary:
      - Accept-Encoding
      x-content-type-options:
      - nosniff
    status:
      code: 200
      message: OK
- request:
    body: null
    headers:
      Accept:
      - '*/*'
      Accept-Encoding:
      - gzip, deflate
      CommandName:
      - aks create
      Connection:
      - keep-alive
      ParameterSetName:
      - --resource-group --name --ssh-key-value --enable-addons
      User-Agent:
      - AZURECLI/2.49.0 azsdk-python-azure-mgmt-containerservice/22.1.0b Python/3.8.10
        (Linux-5.15.0-1038-azure-x86_64-with-glibc2.29)
    method: GET
    uri: https://management.azure.com/subscriptions/00000000-0000-0000-0000-000000000000/providers/Microsoft.ContainerService/locations/westus2/operations/b085bc67-5f13-4cd2-baa2-3c7b0d6bb506?api-version=2016-03-30
  response:
    body:
      string: "{\n  \"name\": \"67bc85b0-135f-d24c-baa2-3c7b0d6bb506\",\n  \"status\":
        \"InProgress\",\n  \"startTime\": \"2023-05-26T14:26:30.7574504Z\"\n }"
    headers:
      cache-control:
      - no-cache
      content-length:
      - '126'
      content-type:
      - application/json
      date:
      - Fri, 26 May 2023 14:31:02 GMT
      expires:
      - '-1'
      pragma:
      - no-cache
      server:
      - nginx
      strict-transport-security:
      - max-age=31536000; includeSubDomains
      transfer-encoding:
      - chunked
      vary:
      - Accept-Encoding
      x-content-type-options:
      - nosniff
    status:
      code: 200
      message: OK
- request:
    body: null
    headers:
      Accept:
      - '*/*'
      Accept-Encoding:
      - gzip, deflate
      CommandName:
      - aks create
      Connection:
      - keep-alive
      ParameterSetName:
      - --resource-group --name --ssh-key-value --enable-addons
      User-Agent:
      - AZURECLI/2.49.0 azsdk-python-azure-mgmt-containerservice/22.1.0b Python/3.8.10
        (Linux-5.15.0-1038-azure-x86_64-with-glibc2.29)
    method: GET
    uri: https://management.azure.com/subscriptions/00000000-0000-0000-0000-000000000000/providers/Microsoft.ContainerService/locations/westus2/operations/b085bc67-5f13-4cd2-baa2-3c7b0d6bb506?api-version=2016-03-30
  response:
    body:
      string: "{\n  \"name\": \"67bc85b0-135f-d24c-baa2-3c7b0d6bb506\",\n  \"status\":
        \"InProgress\",\n  \"startTime\": \"2023-05-26T14:26:30.7574504Z\"\n }"
    headers:
      cache-control:
      - no-cache
      content-length:
      - '126'
      content-type:
      - application/json
      date:
      - Fri, 26 May 2023 14:31:31 GMT
      expires:
      - '-1'
      pragma:
      - no-cache
      server:
      - nginx
      strict-transport-security:
      - max-age=31536000; includeSubDomains
      transfer-encoding:
      - chunked
      vary:
      - Accept-Encoding
      x-content-type-options:
      - nosniff
    status:
      code: 200
      message: OK
- request:
    body: null
    headers:
      Accept:
      - '*/*'
      Accept-Encoding:
      - gzip, deflate
      CommandName:
      - aks create
      Connection:
      - keep-alive
      ParameterSetName:
      - --resource-group --name --ssh-key-value --enable-addons
      User-Agent:
      - AZURECLI/2.49.0 azsdk-python-azure-mgmt-containerservice/22.1.0b Python/3.8.10
        (Linux-5.15.0-1038-azure-x86_64-with-glibc2.29)
    method: GET
    uri: https://management.azure.com/subscriptions/00000000-0000-0000-0000-000000000000/providers/Microsoft.ContainerService/locations/westus2/operations/b085bc67-5f13-4cd2-baa2-3c7b0d6bb506?api-version=2016-03-30
  response:
    body:
      string: "{\n  \"name\": \"67bc85b0-135f-d24c-baa2-3c7b0d6bb506\",\n  \"status\":
        \"Succeeded\",\n  \"startTime\": \"2023-05-26T14:26:30.7574504Z\",\n  \"endTime\":
        \"2023-05-26T14:31:56.7799836Z\"\n }"
    headers:
      cache-control:
      - no-cache
      content-length:
      - '170'
      content-type:
      - application/json
      date:
      - Fri, 26 May 2023 14:32:02 GMT
      expires:
      - '-1'
      pragma:
      - no-cache
      server:
      - nginx
      strict-transport-security:
      - max-age=31536000; includeSubDomains
      transfer-encoding:
      - chunked
      vary:
      - Accept-Encoding
      x-content-type-options:
      - nosniff
    status:
      code: 200
      message: OK
- request:
    body: null
    headers:
      Accept:
      - '*/*'
      Accept-Encoding:
      - gzip, deflate
      CommandName:
      - aks create
      Connection:
      - keep-alive
      ParameterSetName:
      - --resource-group --name --ssh-key-value --enable-addons
      User-Agent:
      - AZURECLI/2.49.0 azsdk-python-azure-mgmt-containerservice/22.1.0b Python/3.8.10
        (Linux-5.15.0-1038-azure-x86_64-with-glibc2.29)
    method: GET
    uri: https://management.azure.com/subscriptions/00000000-0000-0000-0000-000000000000/resourceGroups/clitest000001/providers/Microsoft.ContainerService/managedClusters/cliakstest000002?api-version=2023-05-02-preview
  response:
    body:
      string: "{\n  \"id\": \"/subscriptions/00000000-0000-0000-0000-000000000000/resourcegroups/clitest000001/providers/Microsoft.ContainerService/managedClusters/cliakstest000002\",\n
        \ \"location\": \"westus2\",\n  \"name\": \"cliakstest000002\",\n  \"type\":
        \"Microsoft.ContainerService/ManagedClusters\",\n  \"properties\": {\n   \"provisioningState\":
        \"Succeeded\",\n   \"powerState\": {\n    \"code\": \"Running\"\n   },\n   \"kubernetesVersion\":
        \"1.25.6\",\n   \"currentKubernetesVersion\": \"1.25.6\",\n   \"dnsPrefix\":
        \"cliakstest-clitests6pffkuwq-79a739\",\n   \"fqdn\": \"cliakstest-clitests6pffkuwq-79a739-utpuacan.hcp.westus2.azmk8s.io\",\n
        \  \"azurePortalFQDN\": \"cliakstest-clitests6pffkuwq-79a739-utpuacan.portal.hcp.westus2.azmk8s.io\",\n
        \  \"agentPoolProfiles\": [\n    {\n     \"name\": \"nodepool1\",\n     \"count\":
        3,\n     \"vmSize\": \"Standard_DS2_v2\",\n     \"osDiskSizeGB\": 128,\n     \"osDiskType\":
        \"Managed\",\n     \"kubeletDiskType\": \"OS\",\n     \"workloadRuntime\":
        \"OCIContainer\",\n     \"maxPods\": 110,\n     \"type\": \"VirtualMachineScaleSets\",\n
        \    \"enableAutoScaling\": false,\n     \"provisioningState\": \"Succeeded\",\n
        \    \"powerState\": {\n      \"code\": \"Running\"\n     },\n     \"orchestratorVersion\":
        \"1.25.6\",\n     \"currentOrchestratorVersion\": \"1.25.6\",\n     \"enableNodePublicIP\":
        false,\n     \"enableCustomCATrust\": false,\n     \"mode\": \"System\",\n
        \    \"enableEncryptionAtHost\": false,\n     \"enableUltraSSD\": false,\n
        \    \"osType\": \"Linux\",\n     \"osSKU\": \"Ubuntu\",\n     \"nodeImageVersion\":
        \"AKSUbuntu-2204gen2containerd-202305.15.0\",\n     \"upgradeSettings\": {},\n
        \    \"enableFIPS\": false,\n     \"networkProfile\": {}\n    }\n   ],\n   \"linuxProfile\":
        {\n    \"adminUsername\": \"azureuser\",\n    \"ssh\": {\n     \"publicKeys\":
        [\n      {\n       \"keyData\": \"ssh-rsa AAAAB3NzaC1yc2EAAAADAQABAAABAQCf9g3FbYA7YtMBxMqO0yWh9pIzUTZb2cDLPjPnR+TrezzTiMk8OrEHQDZurqQtf+E5r/qmvqVJKrkSNU2g4OOgFOQd7JAiDfxzWL967E4tx0avDUd/TaekUsP981tYkLDSUWEh6p5oVjh3ce4ngo++6XDX9IDAT/S8wReNmlAsuKlB8jEUeeSr/6lhFddi3d0lCsAQ7hY7f2emMM7UTf+89ioNSUztW86qQXeEUwSNJVDofHY5gWBKnHQVJxrKXLzQWlYd2pbB6AxE/V3lJEBPhIwpn3PycAzFafNXW0OacNfoke5nSxQxzSgo0VxiB1RUwBq6wQMisMv/12MZqjoN
        azcli_aks_live_test@example.com\\n\"\n      }\n     ]\n    }\n   },\n   \"servicePrincipalProfile\":
        {\n    \"clientId\":\"00000000-0000-0000-0000-000000000001\"\n   },\n   \"addonProfiles\":
        {\n    \"azurepolicy\": {\n     \"enabled\": true,\n     \"config\": null,\n
        \    \"identity\": {\n      \"resourceId\": \"/subscriptions/00000000-0000-0000-0000-000000000000/resourcegroups/MC_clitest000001_cliakstest000002_westus2/providers/Microsoft.ManagedIdentity/userAssignedIdentities/azurepolicy-cliakstest000002\",\n
        \     \"clientId\":\"00000000-0000-0000-0000-000000000001\",\n      \"objectId\":\"00000000-0000-0000-0000-000000000001\"\n
        \    }\n    }\n   },\n   \"nodeResourceGroup\": \"MC_clitest000001_cliakstest000002_westus2\",\n
        \  \"enableRBAC\": true,\n   \"enablePodSecurityPolicy\": false,\n   \"supportPlan\":
        \"KubernetesOfficial\",\n   \"networkProfile\": {\n    \"networkPlugin\":
        \"kubenet\",\n    \"loadBalancerSku\": \"Standard\",\n    \"loadBalancerProfile\":
        {\n     \"managedOutboundIPs\": {\n      \"count\": 1\n     },\n     \"effectiveOutboundIPs\":
        [\n      {\n       \"id\": \"/subscriptions/00000000-0000-0000-0000-000000000000/resourceGroups/MC_clitest000001_cliakstest000002_westus2/providers/Microsoft.Network/publicIPAddresses/ca43f9f7-b0ad-4156-85f6-1f249a86abd9\"\n
        \     }\n     ],\n     \"backendPoolType\": \"nodeIPConfiguration\"\n    },\n
        \   \"podCidr\": \"10.244.0.0/16\",\n    \"serviceCidr\": \"10.0.0.0/16\",\n
        \   \"dnsServiceIP\": \"10.0.0.10\",\n    \"outboundType\": \"loadBalancer\",\n
        \   \"podCidrs\": [\n     \"10.244.0.0/16\"\n    ],\n    \"serviceCidrs\":
        [\n     \"10.0.0.0/16\"\n    ],\n    \"ipFamilies\": [\n     \"IPv4\"\n    ]\n
        \  },\n   \"maxAgentPools\": 100,\n   \"identityProfile\": {\n    \"kubeletidentity\":
        {\n     \"resourceId\": \"/subscriptions/00000000-0000-0000-0000-000000000000/resourcegroups/MC_clitest000001_cliakstest000002_westus2/providers/Microsoft.ManagedIdentity/userAssignedIdentities/cliakstest000002-agentpool\",\n
        \    \"clientId\":\"00000000-0000-0000-0000-000000000001\",\n     \"objectId\":\"00000000-0000-0000-0000-000000000001\"\n
        \   }\n   },\n   \"disableLocalAccounts\": false,\n   \"securityProfile\":
        {},\n   \"storageProfile\": {\n    \"diskCSIDriver\": {\n     \"enabled\":
        true,\n     \"version\": \"v1\"\n    },\n    \"fileCSIDriver\": {\n     \"enabled\":
        true\n    },\n    \"snapshotController\": {\n     \"enabled\": true\n    }\n
        \  },\n   \"oidcIssuerProfile\": {\n    \"enabled\": false\n   },\n   \"workloadAutoScalerProfile\":
        {}\n  },\n  \"identity\": {\n   \"type\": \"SystemAssigned\",\n   \"principalId\":\"00000000-0000-0000-0000-000000000001\",\n
        \  \"tenantId\": \"72f988bf-86f1-41af-91ab-2d7cd011db47\"\n  },\n  \"sku\":
        {\n   \"name\": \"Base\",\n   \"tier\": \"Free\"\n  }\n }"
    headers:
      cache-control:
      - no-cache
      content-length:
      - '4585'
      content-type:
      - application/json
      date:
      - Fri, 26 May 2023 14:32:03 GMT
      expires:
      - '-1'
      pragma:
      - no-cache
      server:
      - nginx
      strict-transport-security:
      - max-age=31536000; includeSubDomains
      transfer-encoding:
      - chunked
      vary:
      - Accept-Encoding
      x-content-type-options:
      - nosniff
    status:
      code: 200
      message: OK
- request:
    body: null
    headers:
      Accept:
      - application/json
      Accept-Encoding:
      - gzip, deflate
      CommandName:
      - aks update
      Connection:
      - keep-alive
      ParameterSetName:
      - --resource-group --name --guardrails-level --guardrails-version --guardrails-excluded-ns
        --aks-custom-headers
      User-Agent:
      - AZURECLI/2.49.0 azsdk-python-azure-mgmt-containerservice/22.1.0b Python/3.8.10
        (Linux-5.15.0-1038-azure-x86_64-with-glibc2.29)
    method: GET
    uri: https://management.azure.com/subscriptions/00000000-0000-0000-0000-000000000000/resourceGroups/clitest000001/providers/Microsoft.ContainerService/managedClusters/cliakstest000002?api-version=2023-05-02-preview
  response:
    body:
      string: "{\n  \"id\": \"/subscriptions/00000000-0000-0000-0000-000000000000/resourcegroups/clitest000001/providers/Microsoft.ContainerService/managedClusters/cliakstest000002\",\n
        \ \"location\": \"westus2\",\n  \"name\": \"cliakstest000002\",\n  \"type\":
        \"Microsoft.ContainerService/ManagedClusters\",\n  \"properties\": {\n   \"provisioningState\":
        \"Succeeded\",\n   \"powerState\": {\n    \"code\": \"Running\"\n   },\n   \"kubernetesVersion\":
        \"1.25.6\",\n   \"currentKubernetesVersion\": \"1.25.6\",\n   \"dnsPrefix\":
        \"cliakstest-clitests6pffkuwq-79a739\",\n   \"fqdn\": \"cliakstest-clitests6pffkuwq-79a739-utpuacan.hcp.westus2.azmk8s.io\",\n
        \  \"azurePortalFQDN\": \"cliakstest-clitests6pffkuwq-79a739-utpuacan.portal.hcp.westus2.azmk8s.io\",\n
        \  \"agentPoolProfiles\": [\n    {\n     \"name\": \"nodepool1\",\n     \"count\":
        3,\n     \"vmSize\": \"Standard_DS2_v2\",\n     \"osDiskSizeGB\": 128,\n     \"osDiskType\":
        \"Managed\",\n     \"kubeletDiskType\": \"OS\",\n     \"workloadRuntime\":
        \"OCIContainer\",\n     \"maxPods\": 110,\n     \"type\": \"VirtualMachineScaleSets\",\n
        \    \"enableAutoScaling\": false,\n     \"provisioningState\": \"Succeeded\",\n
        \    \"powerState\": {\n      \"code\": \"Running\"\n     },\n     \"orchestratorVersion\":
        \"1.25.6\",\n     \"currentOrchestratorVersion\": \"1.25.6\",\n     \"enableNodePublicIP\":
        false,\n     \"enableCustomCATrust\": false,\n     \"mode\": \"System\",\n
        \    \"enableEncryptionAtHost\": false,\n     \"enableUltraSSD\": false,\n
        \    \"osType\": \"Linux\",\n     \"osSKU\": \"Ubuntu\",\n     \"nodeImageVersion\":
        \"AKSUbuntu-2204gen2containerd-202305.15.0\",\n     \"upgradeSettings\": {},\n
        \    \"enableFIPS\": false,\n     \"networkProfile\": {}\n    }\n   ],\n   \"linuxProfile\":
        {\n    \"adminUsername\": \"azureuser\",\n    \"ssh\": {\n     \"publicKeys\":
        [\n      {\n       \"keyData\": \"ssh-rsa AAAAB3NzaC1yc2EAAAADAQABAAABAQCf9g3FbYA7YtMBxMqO0yWh9pIzUTZb2cDLPjPnR+TrezzTiMk8OrEHQDZurqQtf+E5r/qmvqVJKrkSNU2g4OOgFOQd7JAiDfxzWL967E4tx0avDUd/TaekUsP981tYkLDSUWEh6p5oVjh3ce4ngo++6XDX9IDAT/S8wReNmlAsuKlB8jEUeeSr/6lhFddi3d0lCsAQ7hY7f2emMM7UTf+89ioNSUztW86qQXeEUwSNJVDofHY5gWBKnHQVJxrKXLzQWlYd2pbB6AxE/V3lJEBPhIwpn3PycAzFafNXW0OacNfoke5nSxQxzSgo0VxiB1RUwBq6wQMisMv/12MZqjoN
        azcli_aks_live_test@example.com\\n\"\n      }\n     ]\n    }\n   },\n   \"servicePrincipalProfile\":
        {\n    \"clientId\":\"00000000-0000-0000-0000-000000000001\"\n   },\n   \"addonProfiles\":
        {\n    \"azurepolicy\": {\n     \"enabled\": true,\n     \"config\": null,\n
        \    \"identity\": {\n      \"resourceId\": \"/subscriptions/00000000-0000-0000-0000-000000000000/resourcegroups/MC_clitest000001_cliakstest000002_westus2/providers/Microsoft.ManagedIdentity/userAssignedIdentities/azurepolicy-cliakstest000002\",\n
        \     \"clientId\":\"00000000-0000-0000-0000-000000000001\",\n      \"objectId\":\"00000000-0000-0000-0000-000000000001\"\n
        \    }\n    }\n   },\n   \"nodeResourceGroup\": \"MC_clitest000001_cliakstest000002_westus2\",\n
        \  \"enableRBAC\": true,\n   \"enablePodSecurityPolicy\": false,\n   \"supportPlan\":
        \"KubernetesOfficial\",\n   \"networkProfile\": {\n    \"networkPlugin\":
        \"kubenet\",\n    \"loadBalancerSku\": \"Standard\",\n    \"loadBalancerProfile\":
        {\n     \"managedOutboundIPs\": {\n      \"count\": 1\n     },\n     \"effectiveOutboundIPs\":
        [\n      {\n       \"id\": \"/subscriptions/00000000-0000-0000-0000-000000000000/resourceGroups/MC_clitest000001_cliakstest000002_westus2/providers/Microsoft.Network/publicIPAddresses/ca43f9f7-b0ad-4156-85f6-1f249a86abd9\"\n
        \     }\n     ],\n     \"backendPoolType\": \"nodeIPConfiguration\"\n    },\n
        \   \"podCidr\": \"10.244.0.0/16\",\n    \"serviceCidr\": \"10.0.0.0/16\",\n
        \   \"dnsServiceIP\": \"10.0.0.10\",\n    \"outboundType\": \"loadBalancer\",\n
        \   \"podCidrs\": [\n     \"10.244.0.0/16\"\n    ],\n    \"serviceCidrs\":
        [\n     \"10.0.0.0/16\"\n    ],\n    \"ipFamilies\": [\n     \"IPv4\"\n    ]\n
        \  },\n   \"maxAgentPools\": 100,\n   \"identityProfile\": {\n    \"kubeletidentity\":
        {\n     \"resourceId\": \"/subscriptions/00000000-0000-0000-0000-000000000000/resourcegroups/MC_clitest000001_cliakstest000002_westus2/providers/Microsoft.ManagedIdentity/userAssignedIdentities/cliakstest000002-agentpool\",\n
        \    \"clientId\":\"00000000-0000-0000-0000-000000000001\",\n     \"objectId\":\"00000000-0000-0000-0000-000000000001\"\n
        \   }\n   },\n   \"disableLocalAccounts\": false,\n   \"securityProfile\":
        {},\n   \"storageProfile\": {\n    \"diskCSIDriver\": {\n     \"enabled\":
        true,\n     \"version\": \"v1\"\n    },\n    \"fileCSIDriver\": {\n     \"enabled\":
        true\n    },\n    \"snapshotController\": {\n     \"enabled\": true\n    }\n
        \  },\n   \"oidcIssuerProfile\": {\n    \"enabled\": false\n   },\n   \"workloadAutoScalerProfile\":
        {}\n  },\n  \"identity\": {\n   \"type\": \"SystemAssigned\",\n   \"principalId\":\"00000000-0000-0000-0000-000000000001\",\n
        \  \"tenantId\": \"72f988bf-86f1-41af-91ab-2d7cd011db47\"\n  },\n  \"sku\":
        {\n   \"name\": \"Base\",\n   \"tier\": \"Free\"\n  }\n }"
    headers:
      cache-control:
      - no-cache
      content-length:
      - '4585'
      content-type:
      - application/json
      date:
      - Fri, 26 May 2023 14:32:04 GMT
      expires:
      - '-1'
      pragma:
      - no-cache
      server:
      - nginx
      strict-transport-security:
      - max-age=31536000; includeSubDomains
      transfer-encoding:
      - chunked
      vary:
      - Accept-Encoding
      x-content-type-options:
      - nosniff
    status:
      code: 200
      message: OK
- request:
    body: '{"location": "westus2", "sku": {"name": "Base", "tier": "Free"}, "identity":
      {"type": "SystemAssigned"}, "properties": {"kubernetesVersion": "1.25.6", "dnsPrefix":
      "cliakstest-clitests6pffkuwq-79a739", "agentPoolProfiles": [{"count": 3, "vmSize":
      "Standard_DS2_v2", "osDiskSizeGB": 128, "osDiskType": "Managed", "kubeletDiskType":
      "OS", "workloadRuntime": "OCIContainer", "maxPods": 110, "osType": "Linux",
      "osSKU": "Ubuntu", "enableAutoScaling": false, "type": "VirtualMachineScaleSets",
      "mode": "System", "orchestratorVersion": "1.25.6", "upgradeSettings": {}, "powerState":
      {"code": "Running"}, "enableNodePublicIP": false, "enableCustomCATrust": false,
      "enableEncryptionAtHost": false, "enableUltraSSD": false, "enableFIPS": false,
      "networkProfile": {}, "name": "nodepool1"}], "linuxProfile": {"adminUsername":
      "azureuser", "ssh": {"publicKeys": [{"keyData": "ssh-rsa AAAAB3NzaC1yc2EAAAADAQABAAABAQCf9g3FbYA7YtMBxMqO0yWh9pIzUTZb2cDLPjPnR+TrezzTiMk8OrEHQDZurqQtf+E5r/qmvqVJKrkSNU2g4OOgFOQd7JAiDfxzWL967E4tx0avDUd/TaekUsP981tYkLDSUWEh6p5oVjh3ce4ngo++6XDX9IDAT/S8wReNmlAsuKlB8jEUeeSr/6lhFddi3d0lCsAQ7hY7f2emMM7UTf+89ioNSUztW86qQXeEUwSNJVDofHY5gWBKnHQVJxrKXLzQWlYd2pbB6AxE/V3lJEBPhIwpn3PycAzFafNXW0OacNfoke5nSxQxzSgo0VxiB1RUwBq6wQMisMv/12MZqjoN
      azcli_aks_live_test@example.com\n"}]}}, "servicePrincipalProfile": {"clientId":"00000000-0000-0000-0000-000000000001"},
      "addonProfiles": {"azurepolicy": {"enabled": true}}, "oidcIssuerProfile": {"enabled":
      false}, "nodeResourceGroup": "MC_clitest000001_cliakstest000002_westus2", "enableRBAC":
      true, "supportPlan": "KubernetesOfficial", "enablePodSecurityPolicy": false,
      "networkProfile": {"networkPlugin": "kubenet", "podCidr": "10.244.0.0/16", "serviceCidr":
      "10.0.0.0/16", "dnsServiceIP": "10.0.0.10", "outboundType": "loadBalancer",
      "loadBalancerSku": "Standard", "loadBalancerProfile": {"managedOutboundIPs":
      {"count": 1, "countIPv6": 0}, "effectiveOutboundIPs": [{"id": "/subscriptions/00000000-0000-0000-0000-000000000000/resourceGroups/MC_clitest000001_cliakstest000002_westus2/providers/Microsoft.Network/publicIPAddresses/ca43f9f7-b0ad-4156-85f6-1f249a86abd9"}],
      "backendPoolType": "nodeIPConfiguration"}, "podCidrs": ["10.244.0.0/16"], "serviceCidrs":
      ["10.0.0.0/16"], "ipFamilies": ["IPv4"]}, "identityProfile": {"kubeletidentity":
      {"resourceId": "/subscriptions/00000000-0000-0000-0000-000000000000/resourcegroups/MC_clitest000001_cliakstest000002_westus2/providers/Microsoft.ManagedIdentity/userAssignedIdentities/cliakstest000002-agentpool",
      "clientId":"00000000-0000-0000-0000-000000000001", "objectId":"00000000-0000-0000-0000-000000000001"}},
      "disableLocalAccounts": false, "securityProfile": {}, "storageProfile": {},
      "workloadAutoScalerProfile": {}, "guardrailsProfile": {"version": "v1.0.0",
      "level": "Warning", "excludedNamespaces": ["test-ns1"]}}}'
    headers:
      AKSHTTPCustomFeatures:
      - Microsoft.ContainerService/GuardrailsPreview
      Accept:
      - application/json
      Accept-Encoding:
      - gzip, deflate
      CommandName:
      - aks update
      Connection:
      - keep-alive
      Content-Length:
      - '2815'
      Content-Type:
      - application/json
      ParameterSetName:
      - --resource-group --name --guardrails-level --guardrails-version --guardrails-excluded-ns
        --aks-custom-headers
      User-Agent:
      - AZURECLI/2.49.0 azsdk-python-azure-mgmt-containerservice/22.1.0b Python/3.8.10
        (Linux-5.15.0-1038-azure-x86_64-with-glibc2.29)
    method: PUT
    uri: https://management.azure.com/subscriptions/00000000-0000-0000-0000-000000000000/resourceGroups/clitest000001/providers/Microsoft.ContainerService/managedClusters/cliakstest000002?api-version=2023-05-02-preview
  response:
    body:
      string: "{\n  \"id\": \"/subscriptions/00000000-0000-0000-0000-000000000000/resourcegroups/clitest000001/providers/Microsoft.ContainerService/managedClusters/cliakstest000002\",\n
        \ \"location\": \"westus2\",\n  \"name\": \"cliakstest000002\",\n  \"type\":
        \"Microsoft.ContainerService/ManagedClusters\",\n  \"properties\": {\n   \"provisioningState\":
        \"Updating\",\n   \"powerState\": {\n    \"code\": \"Running\"\n   },\n   \"kubernetesVersion\":
        \"1.25.6\",\n   \"currentKubernetesVersion\": \"1.25.6\",\n   \"dnsPrefix\":
        \"cliakstest-clitests6pffkuwq-79a739\",\n   \"fqdn\": \"cliakstest-clitests6pffkuwq-79a739-utpuacan.hcp.westus2.azmk8s.io\",\n
        \  \"azurePortalFQDN\": \"cliakstest-clitests6pffkuwq-79a739-utpuacan.portal.hcp.westus2.azmk8s.io\",\n
        \  \"agentPoolProfiles\": [\n    {\n     \"name\": \"nodepool1\",\n     \"count\":
        3,\n     \"vmSize\": \"Standard_DS2_v2\",\n     \"osDiskSizeGB\": 128,\n     \"osDiskType\":
        \"Managed\",\n     \"kubeletDiskType\": \"OS\",\n     \"workloadRuntime\":
        \"OCIContainer\",\n     \"maxPods\": 110,\n     \"type\": \"VirtualMachineScaleSets\",\n
        \    \"enableAutoScaling\": false,\n     \"provisioningState\": \"Updating\",\n
        \    \"powerState\": {\n      \"code\": \"Running\"\n     },\n     \"orchestratorVersion\":
        \"1.25.6\",\n     \"currentOrchestratorVersion\": \"1.25.6\",\n     \"enableNodePublicIP\":
        false,\n     \"enableCustomCATrust\": false,\n     \"mode\": \"System\",\n
        \    \"enableEncryptionAtHost\": false,\n     \"enableUltraSSD\": false,\n
        \    \"osType\": \"Linux\",\n     \"osSKU\": \"Ubuntu\",\n     \"nodeImageVersion\":
        \"AKSUbuntu-2204gen2containerd-202305.15.0\",\n     \"upgradeSettings\": {},\n
        \    \"enableFIPS\": false,\n     \"networkProfile\": {}\n    }\n   ],\n   \"linuxProfile\":
        {\n    \"adminUsername\": \"azureuser\",\n    \"ssh\": {\n     \"publicKeys\":
        [\n      {\n       \"keyData\": \"ssh-rsa AAAAB3NzaC1yc2EAAAADAQABAAABAQCf9g3FbYA7YtMBxMqO0yWh9pIzUTZb2cDLPjPnR+TrezzTiMk8OrEHQDZurqQtf+E5r/qmvqVJKrkSNU2g4OOgFOQd7JAiDfxzWL967E4tx0avDUd/TaekUsP981tYkLDSUWEh6p5oVjh3ce4ngo++6XDX9IDAT/S8wReNmlAsuKlB8jEUeeSr/6lhFddi3d0lCsAQ7hY7f2emMM7UTf+89ioNSUztW86qQXeEUwSNJVDofHY5gWBKnHQVJxrKXLzQWlYd2pbB6AxE/V3lJEBPhIwpn3PycAzFafNXW0OacNfoke5nSxQxzSgo0VxiB1RUwBq6wQMisMv/12MZqjoN
        azcli_aks_live_test@example.com\\n\"\n      }\n     ]\n    }\n   },\n   \"servicePrincipalProfile\":
        {\n    \"clientId\":\"00000000-0000-0000-0000-000000000001\"\n   },\n   \"addonProfiles\":
        {\n    \"azurepolicy\": {\n     \"enabled\": true,\n     \"config\": null\n
        \   }\n   },\n   \"nodeResourceGroup\": \"MC_clitest000001_cliakstest000002_westus2\",\n
        \  \"enableRBAC\": true,\n   \"enablePodSecurityPolicy\": false,\n   \"supportPlan\":
        \"KubernetesOfficial\",\n   \"networkProfile\": {\n    \"networkPlugin\":
        \"kubenet\",\n    \"loadBalancerSku\": \"Standard\",\n    \"loadBalancerProfile\":
        {\n     \"managedOutboundIPs\": {\n      \"count\": 1\n     },\n     \"effectiveOutboundIPs\":
        [\n      {\n       \"id\": \"/subscriptions/00000000-0000-0000-0000-000000000000/resourceGroups/MC_clitest000001_cliakstest000002_westus2/providers/Microsoft.Network/publicIPAddresses/ca43f9f7-b0ad-4156-85f6-1f249a86abd9\"\n
        \     }\n     ],\n     \"backendPoolType\": \"nodeIPConfiguration\"\n    },\n
        \   \"podCidr\": \"10.244.0.0/16\",\n    \"serviceCidr\": \"10.0.0.0/16\",\n
        \   \"dnsServiceIP\": \"10.0.0.10\",\n    \"outboundType\": \"loadBalancer\",\n
        \   \"podCidrs\": [\n     \"10.244.0.0/16\"\n    ],\n    \"serviceCidrs\":
        [\n     \"10.0.0.0/16\"\n    ],\n    \"ipFamilies\": [\n     \"IPv4\"\n    ]\n
        \  },\n   \"maxAgentPools\": 100,\n   \"identityProfile\": {\n    \"kubeletidentity\":
        {\n     \"resourceId\": \"/subscriptions/00000000-0000-0000-0000-000000000000/resourcegroups/MC_clitest000001_cliakstest000002_westus2/providers/Microsoft.ManagedIdentity/userAssignedIdentities/cliakstest000002-agentpool\",\n
        \    \"clientId\":\"00000000-0000-0000-0000-000000000001\",\n     \"objectId\":\"00000000-0000-0000-0000-000000000001\"\n
        \   }\n   },\n   \"disableLocalAccounts\": false,\n   \"securityProfile\":
        {},\n   \"storageProfile\": {\n    \"diskCSIDriver\": {\n     \"enabled\":
        true,\n     \"version\": \"v1\"\n    },\n    \"fileCSIDriver\": {\n     \"enabled\":
        true\n    },\n    \"snapshotController\": {\n     \"enabled\": true\n    }\n
        \  },\n   \"oidcIssuerProfile\": {\n    \"enabled\": false\n   },\n   \"guardrailsProfile\":
        {\n    \"level\": \"Warning\",\n    \"excludedNamespaces\": [\n     \"test-ns1\"\n
        \   ],\n    \"version\": \"v1.0.0\",\n    \"systemExcludedNamespaces\": [\n
        \    \"kube-system\",\n     \"calico-system\",\n     \"tigera-system\",\n
        \    \"gatekeeper-system\"\n    ]\n   },\n   \"workloadAutoScalerProfile\":
        {}\n  },\n  \"identity\": {\n   \"type\": \"SystemAssigned\",\n   \"principalId\":\"00000000-0000-0000-0000-000000000001\",\n
        \  \"tenantId\": \"72f988bf-86f1-41af-91ab-2d7cd011db47\"\n  },\n  \"sku\":
        {\n   \"name\": \"Base\",\n   \"tier\": \"Free\"\n  }\n }"
    headers:
      azure-asyncoperation:
      - https://management.azure.com/subscriptions/00000000-0000-0000-0000-000000000000/providers/Microsoft.ContainerService/locations/westus2/operations/5d8a7b42-71f6-4145-b187-1ff8296b0ef9?api-version=2016-03-30
      cache-control:
      - no-cache
      content-length:
      - '4484'
      content-type:
      - application/json
      date:
      - Fri, 26 May 2023 14:32:10 GMT
      expires:
      - '-1'
      pragma:
      - no-cache
      server:
      - nginx
      strict-transport-security:
      - max-age=31536000; includeSubDomains
      transfer-encoding:
      - chunked
      vary:
      - Accept-Encoding
      x-content-type-options:
      - nosniff
      x-ms-ratelimit-remaining-subscription-writes:
      - '1199'
    status:
      code: 200
      message: OK
- request:
    body: null
    headers:
      Accept:
      - '*/*'
      Accept-Encoding:
      - gzip, deflate
      CommandName:
      - aks update
      Connection:
      - keep-alive
      ParameterSetName:
      - --resource-group --name --guardrails-level --guardrails-version --guardrails-excluded-ns
        --aks-custom-headers
      User-Agent:
      - AZURECLI/2.49.0 azsdk-python-azure-mgmt-containerservice/22.1.0b Python/3.8.10
        (Linux-5.15.0-1038-azure-x86_64-with-glibc2.29)
    method: GET
    uri: https://management.azure.com/subscriptions/00000000-0000-0000-0000-000000000000/providers/Microsoft.ContainerService/locations/westus2/operations/5d8a7b42-71f6-4145-b187-1ff8296b0ef9?api-version=2016-03-30
  response:
    body:
      string: "{\n  \"name\": \"427b8a5d-f671-4541-b187-1ff8296b0ef9\",\n  \"status\":
        \"InProgress\",\n  \"startTime\": \"2023-05-26T14:32:09.118945Z\"\n }"
    headers:
      cache-control:
      - no-cache
      content-length:
      - '125'
      content-type:
      - application/json
      date:
      - Fri, 26 May 2023 14:32:10 GMT
      expires:
      - '-1'
      pragma:
      - no-cache
      server:
      - nginx
      strict-transport-security:
      - max-age=31536000; includeSubDomains
      transfer-encoding:
      - chunked
      vary:
      - Accept-Encoding
      x-content-type-options:
      - nosniff
    status:
      code: 200
      message: OK
- request:
    body: null
    headers:
      Accept:
      - '*/*'
      Accept-Encoding:
      - gzip, deflate
      CommandName:
      - aks update
      Connection:
      - keep-alive
      ParameterSetName:
      - --resource-group --name --guardrails-level --guardrails-version --guardrails-excluded-ns
        --aks-custom-headers
      User-Agent:
      - AZURECLI/2.49.0 azsdk-python-azure-mgmt-containerservice/22.1.0b Python/3.8.10
        (Linux-5.15.0-1038-azure-x86_64-with-glibc2.29)
    method: GET
    uri: https://management.azure.com/subscriptions/00000000-0000-0000-0000-000000000000/providers/Microsoft.ContainerService/locations/westus2/operations/5d8a7b42-71f6-4145-b187-1ff8296b0ef9?api-version=2016-03-30
  response:
    body:
      string: "{\n  \"name\": \"427b8a5d-f671-4541-b187-1ff8296b0ef9\",\n  \"status\":
        \"InProgress\",\n  \"startTime\": \"2023-05-26T14:32:09.118945Z\"\n }"
    headers:
      cache-control:
      - no-cache
      content-length:
      - '125'
      content-type:
      - application/json
      date:
      - Fri, 26 May 2023 14:32:40 GMT
      expires:
      - '-1'
      pragma:
      - no-cache
      server:
      - nginx
      strict-transport-security:
      - max-age=31536000; includeSubDomains
      transfer-encoding:
      - chunked
      vary:
      - Accept-Encoding
      x-content-type-options:
      - nosniff
    status:
      code: 200
      message: OK
- request:
    body: null
    headers:
      Accept:
      - '*/*'
      Accept-Encoding:
      - gzip, deflate
      CommandName:
      - aks update
      Connection:
      - keep-alive
      ParameterSetName:
      - --resource-group --name --guardrails-level --guardrails-version --guardrails-excluded-ns
        --aks-custom-headers
      User-Agent:
      - AZURECLI/2.49.0 azsdk-python-azure-mgmt-containerservice/22.1.0b Python/3.8.10
        (Linux-5.15.0-1038-azure-x86_64-with-glibc2.29)
    method: GET
    uri: https://management.azure.com/subscriptions/00000000-0000-0000-0000-000000000000/providers/Microsoft.ContainerService/locations/westus2/operations/5d8a7b42-71f6-4145-b187-1ff8296b0ef9?api-version=2016-03-30
  response:
    body:
      string: "{\n  \"name\": \"427b8a5d-f671-4541-b187-1ff8296b0ef9\",\n  \"status\":
        \"InProgress\",\n  \"startTime\": \"2023-05-26T14:32:09.118945Z\"\n }"
    headers:
      cache-control:
      - no-cache
      content-length:
      - '125'
      content-type:
      - application/json
      date:
      - Fri, 26 May 2023 14:33:10 GMT
      expires:
      - '-1'
      pragma:
      - no-cache
      server:
      - nginx
      strict-transport-security:
      - max-age=31536000; includeSubDomains
      transfer-encoding:
      - chunked
      vary:
      - Accept-Encoding
      x-content-type-options:
      - nosniff
    status:
      code: 200
      message: OK
- request:
    body: null
    headers:
      Accept:
      - '*/*'
      Accept-Encoding:
      - gzip, deflate
      CommandName:
      - aks update
      Connection:
      - keep-alive
      ParameterSetName:
      - --resource-group --name --guardrails-level --guardrails-version --guardrails-excluded-ns
        --aks-custom-headers
      User-Agent:
      - AZURECLI/2.49.0 azsdk-python-azure-mgmt-containerservice/22.1.0b Python/3.8.10
        (Linux-5.15.0-1038-azure-x86_64-with-glibc2.29)
    method: GET
    uri: https://management.azure.com/subscriptions/00000000-0000-0000-0000-000000000000/providers/Microsoft.ContainerService/locations/westus2/operations/5d8a7b42-71f6-4145-b187-1ff8296b0ef9?api-version=2016-03-30
  response:
    body:
      string: "{\n  \"name\": \"427b8a5d-f671-4541-b187-1ff8296b0ef9\",\n  \"status\":
        \"InProgress\",\n  \"startTime\": \"2023-05-26T14:32:09.118945Z\"\n }"
    headers:
      cache-control:
      - no-cache
      content-length:
      - '125'
      content-type:
      - application/json
      date:
      - Fri, 26 May 2023 14:33:40 GMT
      expires:
      - '-1'
      pragma:
      - no-cache
      server:
      - nginx
      strict-transport-security:
      - max-age=31536000; includeSubDomains
      transfer-encoding:
      - chunked
      vary:
      - Accept-Encoding
      x-content-type-options:
      - nosniff
    status:
      code: 200
      message: OK
- request:
    body: null
    headers:
      Accept:
      - '*/*'
      Accept-Encoding:
      - gzip, deflate
      CommandName:
      - aks update
      Connection:
      - keep-alive
      ParameterSetName:
      - --resource-group --name --guardrails-level --guardrails-version --guardrails-excluded-ns
        --aks-custom-headers
      User-Agent:
      - AZURECLI/2.49.0 azsdk-python-azure-mgmt-containerservice/22.1.0b Python/3.8.10
        (Linux-5.15.0-1038-azure-x86_64-with-glibc2.29)
    method: GET
    uri: https://management.azure.com/subscriptions/00000000-0000-0000-0000-000000000000/providers/Microsoft.ContainerService/locations/westus2/operations/5d8a7b42-71f6-4145-b187-1ff8296b0ef9?api-version=2016-03-30
  response:
    body:
      string: "{\n  \"name\": \"427b8a5d-f671-4541-b187-1ff8296b0ef9\",\n  \"status\":
        \"Succeeded\",\n  \"startTime\": \"2023-05-26T14:32:09.118945Z\",\n  \"endTime\":
        \"2023-05-26T14:33:56.3878094Z\"\n }"
    headers:
      cache-control:
      - no-cache
      content-length:
      - '169'
      content-type:
      - application/json
      date:
      - Fri, 26 May 2023 14:34:10 GMT
      expires:
      - '-1'
      pragma:
      - no-cache
      server:
      - nginx
      strict-transport-security:
      - max-age=31536000; includeSubDomains
      transfer-encoding:
      - chunked
      vary:
      - Accept-Encoding
      x-content-type-options:
      - nosniff
    status:
      code: 200
      message: OK
- request:
    body: null
    headers:
      Accept:
      - '*/*'
      Accept-Encoding:
      - gzip, deflate
      CommandName:
      - aks update
      Connection:
      - keep-alive
      ParameterSetName:
      - --resource-group --name --guardrails-level --guardrails-version --guardrails-excluded-ns
        --aks-custom-headers
      User-Agent:
      - AZURECLI/2.49.0 azsdk-python-azure-mgmt-containerservice/22.1.0b Python/3.8.10
        (Linux-5.15.0-1038-azure-x86_64-with-glibc2.29)
    method: GET
    uri: https://management.azure.com/subscriptions/00000000-0000-0000-0000-000000000000/resourceGroups/clitest000001/providers/Microsoft.ContainerService/managedClusters/cliakstest000002?api-version=2023-05-02-preview
  response:
    body:
      string: "{\n  \"id\": \"/subscriptions/00000000-0000-0000-0000-000000000000/resourcegroups/clitest000001/providers/Microsoft.ContainerService/managedClusters/cliakstest000002\",\n
        \ \"location\": \"westus2\",\n  \"name\": \"cliakstest000002\",\n  \"type\":
        \"Microsoft.ContainerService/ManagedClusters\",\n  \"properties\": {\n   \"provisioningState\":
        \"Succeeded\",\n   \"powerState\": {\n    \"code\": \"Running\"\n   },\n   \"kubernetesVersion\":
        \"1.25.6\",\n   \"currentKubernetesVersion\": \"1.25.6\",\n   \"dnsPrefix\":
        \"cliakstest-clitests6pffkuwq-79a739\",\n   \"fqdn\": \"cliakstest-clitests6pffkuwq-79a739-utpuacan.hcp.westus2.azmk8s.io\",\n
        \  \"azurePortalFQDN\": \"cliakstest-clitests6pffkuwq-79a739-utpuacan.portal.hcp.westus2.azmk8s.io\",\n
        \  \"agentPoolProfiles\": [\n    {\n     \"name\": \"nodepool1\",\n     \"count\":
        3,\n     \"vmSize\": \"Standard_DS2_v2\",\n     \"osDiskSizeGB\": 128,\n     \"osDiskType\":
        \"Managed\",\n     \"kubeletDiskType\": \"OS\",\n     \"workloadRuntime\":
        \"OCIContainer\",\n     \"maxPods\": 110,\n     \"type\": \"VirtualMachineScaleSets\",\n
        \    \"enableAutoScaling\": false,\n     \"provisioningState\": \"Succeeded\",\n
        \    \"powerState\": {\n      \"code\": \"Running\"\n     },\n     \"orchestratorVersion\":
        \"1.25.6\",\n     \"currentOrchestratorVersion\": \"1.25.6\",\n     \"enableNodePublicIP\":
        false,\n     \"enableCustomCATrust\": false,\n     \"mode\": \"System\",\n
        \    \"enableEncryptionAtHost\": false,\n     \"enableUltraSSD\": false,\n
        \    \"osType\": \"Linux\",\n     \"osSKU\": \"Ubuntu\",\n     \"nodeImageVersion\":
        \"AKSUbuntu-2204gen2containerd-202305.15.0\",\n     \"upgradeSettings\": {},\n
        \    \"enableFIPS\": false,\n     \"networkProfile\": {}\n    }\n   ],\n   \"linuxProfile\":
        {\n    \"adminUsername\": \"azureuser\",\n    \"ssh\": {\n     \"publicKeys\":
        [\n      {\n       \"keyData\": \"ssh-rsa AAAAB3NzaC1yc2EAAAADAQABAAABAQCf9g3FbYA7YtMBxMqO0yWh9pIzUTZb2cDLPjPnR+TrezzTiMk8OrEHQDZurqQtf+E5r/qmvqVJKrkSNU2g4OOgFOQd7JAiDfxzWL967E4tx0avDUd/TaekUsP981tYkLDSUWEh6p5oVjh3ce4ngo++6XDX9IDAT/S8wReNmlAsuKlB8jEUeeSr/6lhFddi3d0lCsAQ7hY7f2emMM7UTf+89ioNSUztW86qQXeEUwSNJVDofHY5gWBKnHQVJxrKXLzQWlYd2pbB6AxE/V3lJEBPhIwpn3PycAzFafNXW0OacNfoke5nSxQxzSgo0VxiB1RUwBq6wQMisMv/12MZqjoN
        azcli_aks_live_test@example.com\\n\"\n      }\n     ]\n    }\n   },\n   \"servicePrincipalProfile\":
        {\n    \"clientId\":\"00000000-0000-0000-0000-000000000001\"\n   },\n   \"addonProfiles\":
        {\n    \"azurepolicy\": {\n     \"enabled\": true,\n     \"config\": null,\n
        \    \"identity\": {\n      \"resourceId\": \"/subscriptions/00000000-0000-0000-0000-000000000000/resourcegroups/MC_clitest000001_cliakstest000002_westus2/providers/Microsoft.ManagedIdentity/userAssignedIdentities/azurepolicy-cliakstest000002\",\n
        \     \"clientId\":\"00000000-0000-0000-0000-000000000001\",\n      \"objectId\":\"00000000-0000-0000-0000-000000000001\"\n
        \    }\n    }\n   },\n   \"nodeResourceGroup\": \"MC_clitest000001_cliakstest000002_westus2\",\n
        \  \"enableRBAC\": true,\n   \"enablePodSecurityPolicy\": false,\n   \"supportPlan\":
        \"KubernetesOfficial\",\n   \"networkProfile\": {\n    \"networkPlugin\":
        \"kubenet\",\n    \"loadBalancerSku\": \"Standard\",\n    \"loadBalancerProfile\":
        {\n     \"managedOutboundIPs\": {\n      \"count\": 1\n     },\n     \"effectiveOutboundIPs\":
        [\n      {\n       \"id\": \"/subscriptions/00000000-0000-0000-0000-000000000000/resourceGroups/MC_clitest000001_cliakstest000002_westus2/providers/Microsoft.Network/publicIPAddresses/ca43f9f7-b0ad-4156-85f6-1f249a86abd9\"\n
        \     }\n     ],\n     \"backendPoolType\": \"nodeIPConfiguration\"\n    },\n
        \   \"podCidr\": \"10.244.0.0/16\",\n    \"serviceCidr\": \"10.0.0.0/16\",\n
        \   \"dnsServiceIP\": \"10.0.0.10\",\n    \"outboundType\": \"loadBalancer\",\n
        \   \"podCidrs\": [\n     \"10.244.0.0/16\"\n    ],\n    \"serviceCidrs\":
        [\n     \"10.0.0.0/16\"\n    ],\n    \"ipFamilies\": [\n     \"IPv4\"\n    ]\n
        \  },\n   \"maxAgentPools\": 100,\n   \"identityProfile\": {\n    \"kubeletidentity\":
        {\n     \"resourceId\": \"/subscriptions/00000000-0000-0000-0000-000000000000/resourcegroups/MC_clitest000001_cliakstest000002_westus2/providers/Microsoft.ManagedIdentity/userAssignedIdentities/cliakstest000002-agentpool\",\n
        \    \"clientId\":\"00000000-0000-0000-0000-000000000001\",\n     \"objectId\":\"00000000-0000-0000-0000-000000000001\"\n
        \   }\n   },\n   \"disableLocalAccounts\": false,\n   \"securityProfile\":
        {},\n   \"storageProfile\": {\n    \"diskCSIDriver\": {\n     \"enabled\":
        true,\n     \"version\": \"v1\"\n    },\n    \"fileCSIDriver\": {\n     \"enabled\":
        true\n    },\n    \"snapshotController\": {\n     \"enabled\": true\n    }\n
        \  },\n   \"oidcIssuerProfile\": {\n    \"enabled\": false\n   },\n   \"guardrailsProfile\":
        {\n    \"level\": \"Warning\",\n    \"excludedNamespaces\": [\n     \"test-ns1\"\n
        \   ],\n    \"version\": \"v1.0.0\",\n    \"systemExcludedNamespaces\": [\n
        \    \"kube-system\",\n     \"calico-system\",\n     \"tigera-system\",\n
        \    \"gatekeeper-system\"\n    ]\n   },\n   \"workloadAutoScalerProfile\":
        {}\n  },\n  \"identity\": {\n   \"type\": \"SystemAssigned\",\n   \"principalId\":\"00000000-0000-0000-0000-000000000001\",\n
        \  \"tenantId\": \"72f988bf-86f1-41af-91ab-2d7cd011db47\"\n  },\n  \"sku\":
        {\n   \"name\": \"Base\",\n   \"tier\": \"Free\"\n  }\n }"
    headers:
      cache-control:
      - no-cache
      content-length:
      - '4846'
      content-type:
      - application/json
      date:
      - Fri, 26 May 2023 14:34:11 GMT
      expires:
      - '-1'
      pragma:
      - no-cache
      server:
      - nginx
      strict-transport-security:
      - max-age=31536000; includeSubDomains
      transfer-encoding:
      - chunked
      vary:
      - Accept-Encoding
      x-content-type-options:
      - nosniff
    status:
      code: 200
      message: OK
version: 1
