interactions:
  - request:
      body: null
      headers:
        Accept:
          - application/json
        Accept-Encoding:
          - gzip, deflate
        CommandName:
          - aks get-versions
        Connection:
          - keep-alive
        ParameterSetName:
          - -l --query
        User-Agent:
          - AZURECLI/2.30.0 azsdk-python-azure-mgmt-containerservice/16.1.0 Python/3.8.10
            (Linux-5.10.60.1-microsoft-standard-WSL2-x86_64-with-glibc2.29)
      method: GET
      uri: https://management.azure.com/subscriptions/00000000-0000-0000-0000-000000000000/providers/Microsoft.ContainerService/locations/westus2/orchestrators?api-version=2019-04-01&resource-type=managedClusters
    response:
      body:
        string:
          "{\n  \"id\": \"/subscriptions/00000000-0000-0000-0000-000000000000/providers/Microsoft.ContainerService/locations/westus2/orchestrators\",\n
          \ \"name\": \"default\",\n  \"type\": \"Microsoft.ContainerService/locations/orchestrators\",\n
          \ \"properties\": {\n   \"orchestrators\": [\n    {\n     \"orchestratorType\":
          \"Kubernetes\",\n     \"orchestratorVersion\": \"1.19.11\",\n     \"upgrades\":
          [\n      {\n       \"orchestratorType\": \"Kubernetes\",\n       \"orchestratorVersion\":
          \"1.19.13\"\n      },\n      {\n       \"orchestratorType\": \"Kubernetes\",\n
          \      \"orchestratorVersion\": \"1.20.7\"\n      },\n      {\n       \"orchestratorType\":
          \"Kubernetes\",\n       \"orchestratorVersion\": \"1.20.9\"\n      }\n     ]\n
          \   },\n    {\n     \"orchestratorType\": \"Kubernetes\",\n     \"orchestratorVersion\":
          \"1.19.13\",\n     \"upgrades\": [\n      {\n       \"orchestratorType\":
          \"Kubernetes\",\n       \"orchestratorVersion\": \"1.20.7\"\n      },\n      {\n
          \      \"orchestratorType\": \"Kubernetes\",\n       \"orchestratorVersion\":
          \"1.20.9\"\n      }\n     ]\n    },\n    {\n     \"orchestratorType\": \"Kubernetes\",\n
          \    \"orchestratorVersion\": \"1.20.7\",\n     \"upgrades\": [\n      {\n
          \      \"orchestratorType\": \"Kubernetes\",\n       \"orchestratorVersion\":
          \"1.20.9\"\n      },\n      {\n       \"orchestratorType\": \"Kubernetes\",\n
          \      \"orchestratorVersion\": \"1.21.1\"\n      },\n      {\n       \"orchestratorType\":
          \"Kubernetes\",\n       \"orchestratorVersion\": \"1.21.2\"\n      }\n     ]\n
          \   },\n    {\n     \"orchestratorType\": \"Kubernetes\",\n     \"orchestratorVersion\":
          \"1.20.9\",\n     \"default\": true,\n     \"upgrades\": [\n      {\n       \"orchestratorType\":
          \"Kubernetes\",\n       \"orchestratorVersion\": \"1.21.1\"\n      },\n      {\n
          \      \"orchestratorType\": \"Kubernetes\",\n       \"orchestratorVersion\":
          \"1.21.2\"\n      }\n     ]\n    },\n    {\n     \"orchestratorType\": \"Kubernetes\",\n
          \    \"orchestratorVersion\": \"1.21.1\",\n     \"upgrades\": [\n      {\n
          \      \"orchestratorType\": \"Kubernetes\",\n       \"orchestratorVersion\":
          \"1.21.2\"\n      },\n      {\n       \"orchestratorType\": \"Kubernetes\",\n
          \      \"orchestratorVersion\": \"1.22.1\",\n       \"isPreview\": true\n
          \     },\n      {\n       \"orchestratorType\": \"Kubernetes\",\n       \"orchestratorVersion\":
          \"1.22.2\",\n       \"isPreview\": true\n      }\n     ]\n    },\n    {\n
          \    \"orchestratorType\": \"Kubernetes\",\n     \"orchestratorVersion\":
          \"1.21.2\",\n     \"upgrades\": [\n      {\n       \"orchestratorType\": \"Kubernetes\",\n
          \      \"orchestratorVersion\": \"1.22.1\",\n       \"isPreview\": true\n
          \     },\n      {\n       \"orchestratorType\": \"Kubernetes\",\n       \"orchestratorVersion\":
          \"1.22.2\",\n       \"isPreview\": true\n      }\n     ]\n    },\n    {\n
          \    \"orchestratorType\": \"Kubernetes\",\n     \"orchestratorVersion\":
          \"1.22.1\",\n     \"isPreview\": true,\n     \"upgrades\": [\n      {\n       \"orchestratorType\":
          \"Kubernetes\",\n       \"orchestratorVersion\": \"1.22.2\",\n       \"isPreview\":
          true\n      }\n     ]\n    },\n    {\n     \"orchestratorType\": \"Kubernetes\",\n
          \    \"orchestratorVersion\": \"1.22.2\",\n     \"isPreview\": true\n    }\n
          \  ]\n  }\n }"
      headers:
        cache-control:
          - no-cache
        content-length:
          - "2918"
        content-type:
          - application/json
        date:
          - Wed, 01 Dec 2021 16:36:05 GMT
        expires:
          - "-1"
        pragma:
          - no-cache
        server:
          - nginx
        strict-transport-security:
          - max-age=31536000; includeSubDomains
        transfer-encoding:
          - chunked
        vary:
          - Accept-Encoding
        x-content-type-options:
          - nosniff
      status:
        code: 200
        message: OK
  - request:
      body:
        '{"location": "westus2", "identity": {"type": "SystemAssigned"}, "properties":
        {"kubernetesVersion": "", "dnsPrefix": "cliakstest-clitesttshwj7kie-8ecadf",
        "agentPoolProfiles": [{"count": 1, "vmSize": "Standard_DS2_v2", "workloadRuntime":
        "OCIContainer", "osType": "Linux", "enableAutoScaling": false, "type": "VirtualMachineScaleSets",
        "mode": "System", "enableNodePublicIP": false, "scaleSetPriority": "Regular",
        "scaleSetEvictionPolicy": "Delete", "spotMaxPrice": -1.0, "enableEncryptionAtHost":
        false, "enableUltraSSD": false, "enableFIPS": false, "name": "c000004"}], "linuxProfile":
        {"adminUsername": "azureuser", "ssh": {"publicKeys": [{"keyData": "ssh-rsa AAAAB3NzaC1yc2EAAAADAQABAAACAQCbIg1guRHbI0lV11wWDt1r2cUdcNd27CJsg+SfgC7miZeubtwUhbsPdhMQsfDyhOWHq1+ZL0M+nJZV63d/1dhmhtgyOqejUwrPlzKhydsbrsdUor+JmNJDdW01v7BXHyuymT8G4s09jCasNOwiufbP/qp72ruu0bIA1nySsvlf9pCQAuFkAnVnf/rFhUlOkhtRpwcq8SUNY2zRHR/EKb/4NWY1JzR4sa3q2fWIJdrrX0DvLoa5g9bIEd4Df79ba7v+yiUBOS0zT2ll+z4g9izHK3EO5d8hL4jYxcjKs+wcslSYRWrascfscLgMlMGh0CdKeNTDjHpGPncaf3Z+FwwwjWeuiNBxv7bJo13/8B/098KlVDl4GZqsoBCEjPyJfV6hO0y/LkRGkk7oHWKgeWAfKtfLItRp00eZ4fcJNK9kCaSMmEugoZWcI7NGbZXzqFWqbpRI7NcDP9+WIQ+i9U5vqWsqd/zng4kbuAJ6UuKqIzB0upYrLShfQE3SAck8oaLhJqqq56VfDuASNpJKidV+zq27HfSBmbXnkR/5AK337dc3MXKJypoK/QPMLKUAP5XLPbs+NddJQV7EZXd29DLgp+fRIg3edpKdO7ZErWhv7d+3Kws+e1Y+ypmR2WIVSwVyBEUfgv2C8Ts9gnTF4pNcEY/S2aBicz5Ew2+jdyGNQQ==
        test@example.com\n"}]}}, "addonProfiles": {}, "enableRBAC": true, "enablePodSecurityPolicy":
        false, "networkProfile": {"networkPlugin": "kubenet", "podCidr": "10.244.0.0/16",
        "serviceCidr": "10.0.0.0/16", "dnsServiceIP": "10.0.0.10", "dockerBridgeCidr":
        "172.17.0.1/16", "outboundType": "loadBalancer", "loadBalancerSku": "standard"},
        "disableLocalAccounts": false}}'
      headers:
        Accept:
          - application/json
        Accept-Encoding:
          - gzip, deflate
        CommandName:
          - aks create
        Connection:
          - keep-alive
        Content-Length:
          - "1745"
        Content-Type:
          - application/json
        ParameterSetName:
          - --resource-group --name --location --nodepool-name --node-count --ssh-key-value
            -o
        User-Agent:
          - AZURECLI/2.30.0 azsdk-python-azure-mgmt-containerservice/16.4.0 Python/3.8.10
            (Linux-5.10.60.1-microsoft-standard-WSL2-x86_64-with-glibc2.29)
      method: PUT
      uri: https://management.azure.com/subscriptions/00000000-0000-0000-0000-000000000000/resourceGroups/clitest000001/providers/Microsoft.ContainerService/managedClusters/cliakstest000002?api-version=2021-11-01-preview
    response:
      body:
        string:
          "{\n  \"id\": \"/subscriptions/00000000-0000-0000-0000-000000000000/resourcegroups/clitest000001/providers/Microsoft.ContainerService/managedClusters/cliakstest000002\",\n
          \ \"location\": \"westus2\",\n  \"name\": \"cliakstest000002\",\n  \"type\":
          \"Microsoft.ContainerService/ManagedClusters\",\n  \"properties\": {\n   \"provisioningState\":
          \"Creating\",\n   \"powerState\": {\n    \"code\": \"Running\"\n   },\n   \"kubernetesVersion\":
          \"1.20.9\",\n   \"dnsPrefix\": \"cliakstest-clitesttshwj7kie-8ecadf\",\n   \"fqdn\":
          \"cliakstest-clitesttshwj7kie-8ecadf-2566cbd9.hcp.westus2.azmk8s.io\",\n   \"azurePortalFQDN\":
          \"cliakstest-clitesttshwj7kie-8ecadf-2566cbd9.portal.hcp.westus2.azmk8s.io\",\n
          \  \"agentPoolProfiles\": [\n    {\n     \"name\": \"c000004\",\n     \"count\":
          1,\n     \"vmSize\": \"Standard_DS2_v2\",\n     \"osDiskSizeGB\": 128,\n     \"osDiskType\":
          \"Managed\",\n     \"kubeletDiskType\": \"OS\",\n     \"workloadRuntime\":
          \"OCIContainer\",\n     \"maxPods\": 110,\n     \"type\": \"VirtualMachineScaleSets\",\n
          \    \"enableAutoScaling\": false,\n     \"provisioningState\": \"Creating\",\n
          \    \"powerState\": {\n      \"code\": \"Running\"\n     },\n     \"orchestratorVersion\":
          \"1.20.9\",\n     \"enableNodePublicIP\": false,\n     \"mode\": \"System\",\n
          \    \"enableEncryptionAtHost\": false,\n     \"enableUltraSSD\": false,\n
          \    \"osType\": \"Linux\",\n     \"osSKU\": \"Ubuntu\",\n     \"nodeImageVersion\":
          \"AKSUbuntu-1804gen2containerd-2021.11.06\",\n     \"enableFIPS\": false\n
          \   }\n   ],\n   \"linuxProfile\": {\n    \"adminUsername\": \"azureuser\",\n
          \   \"ssh\": {\n     \"publicKeys\": [\n      {\n       \"keyData\": \"ssh-rsa
          AAAAB3NzaC1yc2EAAAADAQABAAACAQCbIg1guRHbI0lV11wWDt1r2cUdcNd27CJsg+SfgC7miZeubtwUhbsPdhMQsfDyhOWHq1+ZL0M+nJZV63d/1dhmhtgyOqejUwrPlzKhydsbrsdUor+JmNJDdW01v7BXHyuymT8G4s09jCasNOwiufbP/qp72ruu0bIA1nySsvlf9pCQAuFkAnVnf/rFhUlOkhtRpwcq8SUNY2zRHR/EKb/4NWY1JzR4sa3q2fWIJdrrX0DvLoa5g9bIEd4Df79ba7v+yiUBOS0zT2ll+z4g9izHK3EO5d8hL4jYxcjKs+wcslSYRWrascfscLgMlMGh0CdKeNTDjHpGPncaf3Z+FwwwjWeuiNBxv7bJo13/8B/098KlVDl4GZqsoBCEjPyJfV6hO0y/LkRGkk7oHWKgeWAfKtfLItRp00eZ4fcJNK9kCaSMmEugoZWcI7NGbZXzqFWqbpRI7NcDP9+WIQ+i9U5vqWsqd/zng4kbuAJ6UuKqIzB0upYrLShfQE3SAck8oaLhJqqq56VfDuASNpJKidV+zq27HfSBmbXnkR/5AK337dc3MXKJypoK/QPMLKUAP5XLPbs+NddJQV7EZXd29DLgp+fRIg3edpKdO7ZErWhv7d+3Kws+e1Y+ypmR2WIVSwVyBEUfgv2C8Ts9gnTF4pNcEY/S2aBicz5Ew2+jdyGNQQ==
          test@example.com\\n\"\n      }\n     ]\n    }\n   },\n   \"servicePrincipalProfile\":
          {\n    \"clientId\":\"00000000-0000-0000-0000-000000000001\"\n   },\n   \"nodeResourceGroup\":
          \"MC_clitest000001_cliakstest000002_westus2\",\n   \"enableRBAC\": true,\n
          \  \"enablePodSecurityPolicy\": false,\n   \"networkProfile\": {\n    \"networkPlugin\":
          \"kubenet\",\n    \"loadBalancerSku\": \"standard\",\n    \"loadBalancerProfile\":
          {\n     \"managedOutboundIPs\": {\n      \"count\": 1\n     }\n    },\n    \"podCidr\":
          \"10.244.0.0/16\",\n    \"serviceCidr\": \"10.0.0.0/16\",\n    \"dnsServiceIP\":
          \"10.0.0.10\",\n    \"dockerBridgeCidr\": \"172.17.0.1/16\",\n    \"outboundType\":
          \"loadBalancer\",\n    \"podCidrs\": [\n     \"10.244.0.0/16\"\n    ],\n    \"serviceCidrs\":
          [\n     \"10.0.0.0/16\"\n    ],\n    \"ipFamilies\": [\n     \"IPv4\"\n    ]\n
          \  },\n   \"maxAgentPools\": 100,\n   \"disableLocalAccounts\": false\n  },\n
          \ \"identity\": {\n   \"type\": \"SystemAssigned\",\n   \"principalId\":\"00000000-0000-0000-0000-000000000001\",\n
          \  \"tenantId\": \"72f988bf-86f1-41af-91ab-2d7cd011db47\"\n  },\n  \"sku\":
          {\n   \"name\": \"Basic\",\n   \"tier\": \"Free\"\n  }\n }"
      headers:
        azure-asyncoperation:
          - https://management.azure.com/subscriptions/00000000-0000-0000-0000-000000000000/providers/Microsoft.ContainerService/locations/westus2/operations/9e924c3b-dc78-4006-b04e-2fc820c3b562?api-version=2016-03-30
        cache-control:
          - no-cache
        content-length:
          - "3233"
        content-type:
          - application/json
        date:
          - Wed, 01 Dec 2021 16:36:10 GMT
        expires:
          - "-1"
        pragma:
          - no-cache
        server:
          - nginx
        strict-transport-security:
          - max-age=31536000; includeSubDomains
        x-content-type-options:
          - nosniff
        x-ms-ratelimit-remaining-subscription-writes:
          - "1199"
      status:
        code: 201
        message: Created
  - request:
      body: null
      headers:
        Accept:
          - "*/*"
        Accept-Encoding:
          - gzip, deflate
        CommandName:
          - aks create
        Connection:
          - keep-alive
        ParameterSetName:
          - --resource-group --name --location --nodepool-name --node-count --ssh-key-value
            -o
        User-Agent:
          - AZURECLI/2.30.0 azsdk-python-azure-mgmt-containerservice/16.4.0 Python/3.8.10
            (Linux-5.10.60.1-microsoft-standard-WSL2-x86_64-with-glibc2.29)
      method: GET
      uri: https://management.azure.com/subscriptions/00000000-0000-0000-0000-000000000000/providers/Microsoft.ContainerService/locations/westus2/operations/9e924c3b-dc78-4006-b04e-2fc820c3b562?api-version=2016-03-30
    response:
      body:
        string:
          "{\n  \"name\": \"3b4c929e-78dc-0640-b04e-2fc820c3b562\",\n  \"status\":
          \"InProgress\",\n  \"startTime\": \"2021-12-01T16:36:11.2533333Z\"\n }"
      headers:
        cache-control:
          - no-cache
        content-length:
          - "126"
        content-type:
          - application/json
        date:
          - Wed, 01 Dec 2021 16:36:41 GMT
        expires:
          - "-1"
        pragma:
          - no-cache
        server:
          - nginx
        strict-transport-security:
          - max-age=31536000; includeSubDomains
        transfer-encoding:
          - chunked
        vary:
          - Accept-Encoding
        x-content-type-options:
          - nosniff
      status:
        code: 200
        message: OK
  - request:
      body: null
      headers:
        Accept:
          - "*/*"
        Accept-Encoding:
          - gzip, deflate
        CommandName:
          - aks create
        Connection:
          - keep-alive
        ParameterSetName:
          - --resource-group --name --location --nodepool-name --node-count --ssh-key-value
            -o
        User-Agent:
          - AZURECLI/2.30.0 azsdk-python-azure-mgmt-containerservice/16.4.0 Python/3.8.10
            (Linux-5.10.60.1-microsoft-standard-WSL2-x86_64-with-glibc2.29)
      method: GET
      uri: https://management.azure.com/subscriptions/00000000-0000-0000-0000-000000000000/providers/Microsoft.ContainerService/locations/westus2/operations/9e924c3b-dc78-4006-b04e-2fc820c3b562?api-version=2016-03-30
    response:
      body:
        string:
          "{\n  \"name\": \"3b4c929e-78dc-0640-b04e-2fc820c3b562\",\n  \"status\":
          \"InProgress\",\n  \"startTime\": \"2021-12-01T16:36:11.2533333Z\"\n }"
      headers:
        cache-control:
          - no-cache
        content-length:
          - "126"
        content-type:
          - application/json
        date:
          - Wed, 01 Dec 2021 16:37:11 GMT
        expires:
          - "-1"
        pragma:
          - no-cache
        server:
          - nginx
        strict-transport-security:
          - max-age=31536000; includeSubDomains
        transfer-encoding:
          - chunked
        vary:
          - Accept-Encoding
        x-content-type-options:
          - nosniff
      status:
        code: 200
        message: OK
  - request:
      body: null
      headers:
        Accept:
          - "*/*"
        Accept-Encoding:
          - gzip, deflate
        CommandName:
          - aks create
        Connection:
          - keep-alive
        ParameterSetName:
          - --resource-group --name --location --nodepool-name --node-count --ssh-key-value
            -o
        User-Agent:
          - AZURECLI/2.30.0 azsdk-python-azure-mgmt-containerservice/16.4.0 Python/3.8.10
            (Linux-5.10.60.1-microsoft-standard-WSL2-x86_64-with-glibc2.29)
      method: GET
      uri: https://management.azure.com/subscriptions/00000000-0000-0000-0000-000000000000/providers/Microsoft.ContainerService/locations/westus2/operations/9e924c3b-dc78-4006-b04e-2fc820c3b562?api-version=2016-03-30
    response:
      body:
        string:
          "{\n  \"name\": \"3b4c929e-78dc-0640-b04e-2fc820c3b562\",\n  \"status\":
          \"InProgress\",\n  \"startTime\": \"2021-12-01T16:36:11.2533333Z\"\n }"
      headers:
        cache-control:
          - no-cache
        content-length:
          - "126"
        content-type:
          - application/json
        date:
          - Wed, 01 Dec 2021 16:37:41 GMT
        expires:
          - "-1"
        pragma:
          - no-cache
        server:
          - nginx
        strict-transport-security:
          - max-age=31536000; includeSubDomains
        transfer-encoding:
          - chunked
        vary:
          - Accept-Encoding
        x-content-type-options:
          - nosniff
      status:
        code: 200
        message: OK
  - request:
      body: null
      headers:
        Accept:
          - "*/*"
        Accept-Encoding:
          - gzip, deflate
        CommandName:
          - aks create
        Connection:
          - keep-alive
        ParameterSetName:
          - --resource-group --name --location --nodepool-name --node-count --ssh-key-value
            -o
        User-Agent:
          - AZURECLI/2.30.0 azsdk-python-azure-mgmt-containerservice/16.4.0 Python/3.8.10
            (Linux-5.10.60.1-microsoft-standard-WSL2-x86_64-with-glibc2.29)
      method: GET
      uri: https://management.azure.com/subscriptions/00000000-0000-0000-0000-000000000000/providers/Microsoft.ContainerService/locations/westus2/operations/9e924c3b-dc78-4006-b04e-2fc820c3b562?api-version=2016-03-30
    response:
      body:
        string:
          "{\n  \"name\": \"3b4c929e-78dc-0640-b04e-2fc820c3b562\",\n  \"status\":
          \"InProgress\",\n  \"startTime\": \"2021-12-01T16:36:11.2533333Z\"\n }"
      headers:
        cache-control:
          - no-cache
        content-length:
          - "126"
        content-type:
          - application/json
        date:
          - Wed, 01 Dec 2021 16:38:11 GMT
        expires:
          - "-1"
        pragma:
          - no-cache
        server:
          - nginx
        strict-transport-security:
          - max-age=31536000; includeSubDomains
        transfer-encoding:
          - chunked
        vary:
          - Accept-Encoding
        x-content-type-options:
          - nosniff
      status:
        code: 200
        message: OK
  - request:
      body: null
      headers:
        Accept:
          - "*/*"
        Accept-Encoding:
          - gzip, deflate
        CommandName:
          - aks create
        Connection:
          - keep-alive
        ParameterSetName:
          - --resource-group --name --location --nodepool-name --node-count --ssh-key-value
            -o
        User-Agent:
          - AZURECLI/2.30.0 azsdk-python-azure-mgmt-containerservice/16.4.0 Python/3.8.10
            (Linux-5.10.60.1-microsoft-standard-WSL2-x86_64-with-glibc2.29)
      method: GET
      uri: https://management.azure.com/subscriptions/00000000-0000-0000-0000-000000000000/providers/Microsoft.ContainerService/locations/westus2/operations/9e924c3b-dc78-4006-b04e-2fc820c3b562?api-version=2016-03-30
    response:
      body:
        string:
          "{\n  \"name\": \"3b4c929e-78dc-0640-b04e-2fc820c3b562\",\n  \"status\":
          \"InProgress\",\n  \"startTime\": \"2021-12-01T16:36:11.2533333Z\"\n }"
      headers:
        cache-control:
          - no-cache
        content-length:
          - "126"
        content-type:
          - application/json
        date:
          - Wed, 01 Dec 2021 16:38:42 GMT
        expires:
          - "-1"
        pragma:
          - no-cache
        server:
          - nginx
        strict-transport-security:
          - max-age=31536000; includeSubDomains
        transfer-encoding:
          - chunked
        vary:
          - Accept-Encoding
        x-content-type-options:
          - nosniff
      status:
        code: 200
        message: OK
  - request:
      body: null
      headers:
        Accept:
          - "*/*"
        Accept-Encoding:
          - gzip, deflate
        CommandName:
          - aks create
        Connection:
          - keep-alive
        ParameterSetName:
          - --resource-group --name --location --nodepool-name --node-count --ssh-key-value
            -o
        User-Agent:
          - AZURECLI/2.30.0 azsdk-python-azure-mgmt-containerservice/16.4.0 Python/3.8.10
            (Linux-5.10.60.1-microsoft-standard-WSL2-x86_64-with-glibc2.29)
      method: GET
      uri: https://management.azure.com/subscriptions/00000000-0000-0000-0000-000000000000/providers/Microsoft.ContainerService/locations/westus2/operations/9e924c3b-dc78-4006-b04e-2fc820c3b562?api-version=2016-03-30
    response:
      body:
        string:
          "{\n  \"name\": \"3b4c929e-78dc-0640-b04e-2fc820c3b562\",\n  \"status\":
          \"Succeeded\",\n  \"startTime\": \"2021-12-01T16:36:11.2533333Z\",\n  \"endTime\":
          \"2021-12-01T16:39:08.6490482Z\"\n }"
      headers:
        cache-control:
          - no-cache
        content-length:
          - "170"
        content-type:
          - application/json
        date:
          - Wed, 01 Dec 2021 16:39:12 GMT
        expires:
          - "-1"
        pragma:
          - no-cache
        server:
          - nginx
        strict-transport-security:
          - max-age=31536000; includeSubDomains
        transfer-encoding:
          - chunked
        vary:
          - Accept-Encoding
        x-content-type-options:
          - nosniff
      status:
        code: 200
        message: OK
  - request:
      body: null
      headers:
        Accept:
          - "*/*"
        Accept-Encoding:
          - gzip, deflate
        CommandName:
          - aks create
        Connection:
          - keep-alive
        ParameterSetName:
          - --resource-group --name --location --nodepool-name --node-count --ssh-key-value
            -o
        User-Agent:
          - AZURECLI/2.30.0 azsdk-python-azure-mgmt-containerservice/16.4.0 Python/3.8.10
            (Linux-5.10.60.1-microsoft-standard-WSL2-x86_64-with-glibc2.29)
      method: GET
      uri: https://management.azure.com/subscriptions/00000000-0000-0000-0000-000000000000/resourceGroups/clitest000001/providers/Microsoft.ContainerService/managedClusters/cliakstest000002?api-version=2021-11-01-preview
    response:
      body:
        string:
          "{\n  \"id\": \"/subscriptions/00000000-0000-0000-0000-000000000000/resourcegroups/clitest000001/providers/Microsoft.ContainerService/managedClusters/cliakstest000002\",\n
          \ \"location\": \"westus2\",\n  \"name\": \"cliakstest000002\",\n  \"type\":
          \"Microsoft.ContainerService/ManagedClusters\",\n  \"properties\": {\n   \"provisioningState\":
          \"Succeeded\",\n   \"powerState\": {\n    \"code\": \"Running\"\n   },\n   \"kubernetesVersion\":
          \"1.20.9\",\n   \"dnsPrefix\": \"cliakstest-clitesttshwj7kie-8ecadf\",\n   \"fqdn\":
          \"cliakstest-clitesttshwj7kie-8ecadf-2566cbd9.hcp.westus2.azmk8s.io\",\n   \"azurePortalFQDN\":
          \"cliakstest-clitesttshwj7kie-8ecadf-2566cbd9.portal.hcp.westus2.azmk8s.io\",\n
          \  \"agentPoolProfiles\": [\n    {\n     \"name\": \"c000004\",\n     \"count\":
          1,\n     \"vmSize\": \"Standard_DS2_v2\",\n     \"osDiskSizeGB\": 128,\n     \"osDiskType\":
          \"Managed\",\n     \"kubeletDiskType\": \"OS\",\n     \"workloadRuntime\":
          \"OCIContainer\",\n     \"maxPods\": 110,\n     \"type\": \"VirtualMachineScaleSets\",\n
          \    \"enableAutoScaling\": false,\n     \"provisioningState\": \"Succeeded\",\n
          \    \"powerState\": {\n      \"code\": \"Running\"\n     },\n     \"orchestratorVersion\":
          \"1.20.9\",\n     \"enableNodePublicIP\": false,\n     \"mode\": \"System\",\n
          \    \"enableEncryptionAtHost\": false,\n     \"enableUltraSSD\": false,\n
          \    \"osType\": \"Linux\",\n     \"osSKU\": \"Ubuntu\",\n     \"nodeImageVersion\":
          \"AKSUbuntu-1804gen2containerd-2021.11.06\",\n     \"enableFIPS\": false\n
          \   }\n   ],\n   \"linuxProfile\": {\n    \"adminUsername\": \"azureuser\",\n
          \   \"ssh\": {\n     \"publicKeys\": [\n      {\n       \"keyData\": \"ssh-rsa
          AAAAB3NzaC1yc2EAAAADAQABAAACAQCbIg1guRHbI0lV11wWDt1r2cUdcNd27CJsg+SfgC7miZeubtwUhbsPdhMQsfDyhOWHq1+ZL0M+nJZV63d/1dhmhtgyOqejUwrPlzKhydsbrsdUor+JmNJDdW01v7BXHyuymT8G4s09jCasNOwiufbP/qp72ruu0bIA1nySsvlf9pCQAuFkAnVnf/rFhUlOkhtRpwcq8SUNY2zRHR/EKb/4NWY1JzR4sa3q2fWIJdrrX0DvLoa5g9bIEd4Df79ba7v+yiUBOS0zT2ll+z4g9izHK3EO5d8hL4jYxcjKs+wcslSYRWrascfscLgMlMGh0CdKeNTDjHpGPncaf3Z+FwwwjWeuiNBxv7bJo13/8B/098KlVDl4GZqsoBCEjPyJfV6hO0y/LkRGkk7oHWKgeWAfKtfLItRp00eZ4fcJNK9kCaSMmEugoZWcI7NGbZXzqFWqbpRI7NcDP9+WIQ+i9U5vqWsqd/zng4kbuAJ6UuKqIzB0upYrLShfQE3SAck8oaLhJqqq56VfDuASNpJKidV+zq27HfSBmbXnkR/5AK337dc3MXKJypoK/QPMLKUAP5XLPbs+NddJQV7EZXd29DLgp+fRIg3edpKdO7ZErWhv7d+3Kws+e1Y+ypmR2WIVSwVyBEUfgv2C8Ts9gnTF4pNcEY/S2aBicz5Ew2+jdyGNQQ==
          test@example.com\\n\"\n      }\n     ]\n    }\n   },\n   \"servicePrincipalProfile\":
          {\n    \"clientId\":\"00000000-0000-0000-0000-000000000001\"\n   },\n   \"nodeResourceGroup\":
          \"MC_clitest000001_cliakstest000002_westus2\",\n   \"enableRBAC\": true,\n
          \  \"enablePodSecurityPolicy\": false,\n   \"networkProfile\": {\n    \"networkPlugin\":
          \"kubenet\",\n    \"loadBalancerSku\": \"Standard\",\n    \"loadBalancerProfile\":
          {\n     \"managedOutboundIPs\": {\n      \"count\": 1\n     },\n     \"effectiveOutboundIPs\":
          [\n      {\n       \"id\": \"/subscriptions/00000000-0000-0000-0000-000000000000/resourceGroups/MC_clitest000001_cliakstest000002_westus2/providers/Microsoft.Network/publicIPAddresses/b64f4b32-dc76-489f-9d70-04586f5470c8\"\n
          \     }\n     ]\n    },\n    \"podCidr\": \"10.244.0.0/16\",\n    \"serviceCidr\":
          \"10.0.0.0/16\",\n    \"dnsServiceIP\": \"10.0.0.10\",\n    \"dockerBridgeCidr\":
          \"172.17.0.1/16\",\n    \"outboundType\": \"loadBalancer\",\n    \"podCidrs\":
          [\n     \"10.244.0.0/16\"\n    ],\n    \"serviceCidrs\": [\n     \"10.0.0.0/16\"\n
          \   ],\n    \"ipFamilies\": [\n     \"IPv4\"\n    ]\n   },\n   \"maxAgentPools\":
          100,\n   \"identityProfile\": {\n    \"kubeletidentity\": {\n     \"resourceId\":
          \"/subscriptions/00000000-0000-0000-0000-000000000000/resourcegroups/MC_clitest000001_cliakstest000002_westus2/providers/Microsoft.ManagedIdentity/userAssignedIdentities/cliakstest000002-agentpool\",\n
          \    \"clientId\":\"00000000-0000-0000-0000-000000000001\",\n     \"objectId\":\"00000000-0000-0000-0000-000000000001\"\n
          \   }\n   },\n   \"disableLocalAccounts\": false\n  },\n  \"identity\": {\n
          \  \"type\": \"SystemAssigned\",\n   \"principalId\":\"00000000-0000-0000-0000-000000000001\",\n
          \  \"tenantId\": \"72f988bf-86f1-41af-91ab-2d7cd011db47\"\n  },\n  \"sku\":
          {\n   \"name\": \"Basic\",\n   \"tier\": \"Free\"\n  }\n }"
      headers:
        cache-control:
          - no-cache
        content-length:
          - "3896"
        content-type:
          - application/json
        date:
          - Wed, 01 Dec 2021 16:39:12 GMT
        expires:
          - "-1"
        pragma:
          - no-cache
        server:
          - nginx
        strict-transport-security:
          - max-age=31536000; includeSubDomains
        transfer-encoding:
          - chunked
        vary:
          - Accept-Encoding
        x-content-type-options:
          - nosniff
      status:
        code: 200
        message: OK
  - request:
      body: null
      headers:
        Accept:
          - application/json
        Accept-Encoding:
          - gzip, deflate
        CommandName:
          - aks snapshot create
        Connection:
          - keep-alive
        ParameterSetName:
          - --resource-group --name --location --aks-custom-headers --nodepool-id -o
        User-Agent:
          - AZURECLI/2.30.0 azsdk-python-azure-mgmt-resource/20.0.0 Python/3.8.10 (Linux-5.10.60.1-microsoft-standard-WSL2-x86_64-with-glibc2.29)
      method: GET
      uri: https://management.azure.com/subscriptions/00000000-0000-0000-0000-000000000000/resourcegroups/clitest000001?api-version=2021-04-01
    response:
      body:
        string: '{"id":"/subscriptions/00000000-0000-0000-0000-000000000000/resourceGroups/clitest000001","name":"clitest000001","type":"Microsoft.Resources/resourceGroups","location":"westus2","tags":{"cause":"automation","date":"2021-12-01T16:36:05Z","deletion_due_time":"1638635835","deletion_marked_by":"gc","product":"azurecli"},"properties":{"provisioningState":"Succeeded"}}'
      headers:
        cache-control:
          - no-cache
        content-length:
          - "372"
        content-type:
          - application/json; charset=utf-8
        date:
          - Wed, 01 Dec 2021 16:39:12 GMT
        expires:
          - "-1"
        pragma:
          - no-cache
        strict-transport-security:
          - max-age=31536000; includeSubDomains
        vary:
          - Accept-Encoding
        x-content-type-options:
          - nosniff
      status:
        code: 200
        message: OK
  - request:
      body:
        '{"location": "westus2", "properties": {"creationData": {"sourceResourceId":
        "/subscriptions/00000000-0000-0000-0000-000000000000/resourcegroups/clitest000001/providers/Microsoft.ContainerService/managedClusters/cliakstest000002/agentPools/c000004"},
        "snapshotType": "NodePool"}}'
      headers:
        AKSHTTPCustomFeatures:
          - Microsoft.ContainerService/SnapshotPreview
        Accept:
          - application/json
        Accept-Encoding:
          - gzip, deflate
        CommandName:
          - aks snapshot create
        Connection:
          - keep-alive
        Content-Length:
          - "281"
        Content-Type:
          - application/json
        ParameterSetName:
          - --resource-group --name --location --aks-custom-headers --nodepool-id -o
        User-Agent:
          - AZURECLI/2.30.0 azsdk-python-azure-mgmt-containerservice/16.4.0 Python/3.8.10
            (Linux-5.10.60.1-microsoft-standard-WSL2-x86_64-with-glibc2.29)
      method: PUT
      uri: https://management.azure.com/subscriptions/00000000-0000-0000-0000-000000000000/resourceGroups/clitest000001/providers/Microsoft.ContainerService/snapshots/s000006?api-version=2021-11-01-preview
    response:
      body:
        string:
          "{\n  \"name\": \"s000006\",\n  \"id\": \"/subscriptions/00000000-0000-0000-0000-000000000000/resourceGroups/clitest000001/providers/Microsoft.ContainerService/snapshots/s000006\",\n
          \ \"type\": \"Microsoft.ContainerService/Snapshots\",\n  \"location\": \"westus2\",\n
          \ \"systemData\": {\n   \"createdBy\": \"tylloyd@microsoft.com\",\n   \"createdByType\":
          \"User\",\n   \"createdAt\": \"2021-12-01T16:39:14.8485966Z\",\n   \"lastModifiedBy\":
          \"tylloyd@microsoft.com\",\n   \"lastModifiedByType\": \"User\",\n   \"lastModifiedAt\":
          \"2021-12-01T16:39:14.8485966Z\"\n  },\n  \"properties\": {\n   \"creationData\":
          {\n    \"sourceResourceId\": \"/subscriptions/00000000-0000-0000-0000-000000000000/resourcegroups/clitest000001/providers/Microsoft.ContainerService/managedClusters/cliakstest000002/agentPools/c000004\"\n
          \  },\n   \"snapshotType\": \"NodePool\",\n   \"kubernetesVersion\": \"1.20.9\",\n
          \  \"nodeImageVersion\": \"AKSUbuntu-1804gen2containerd-2021.11.06\",\n   \"osType\":
          \"Linux\",\n   \"osSku\": \"Ubuntu\",\n   \"vmSize\": \"Standard_DS2_v2\"\n
          \ }\n }"
      headers:
        cache-control:
          - no-cache
        content-length:
          - "994"
        content-type:
          - application/json
        date:
          - Wed, 01 Dec 2021 16:39:15 GMT
        expires:
          - "-1"
        pragma:
          - no-cache
        server:
          - nginx
        strict-transport-security:
          - max-age=31536000; includeSubDomains
        transfer-encoding:
          - chunked
        vary:
          - Accept-Encoding
        x-content-type-options:
          - nosniff
        x-ms-ratelimit-remaining-subscription-writes:
          - "1199"
      status:
        code: 200
        message: OK
  - request:
      body: null
      headers:
        Accept:
          - application/json
        Accept-Encoding:
          - gzip, deflate
        CommandName:
          - aks delete
        Connection:
          - keep-alive
        Content-Length:
          - "0"
        ParameterSetName:
          - -g -n --yes --no-wait
        User-Agent:
          - AZURECLI/2.30.0 azsdk-python-azure-mgmt-containerservice/16.1.0 Python/3.8.10
            (Linux-5.10.60.1-microsoft-standard-WSL2-x86_64-with-glibc2.29)
      method: DELETE
      uri: https://management.azure.com/subscriptions/00000000-0000-0000-0000-000000000000/resourceGroups/clitest000001/providers/Microsoft.ContainerService/managedClusters/cliakstest000002?api-version=2021-07-01
    response:
      body:
        string: ""
      headers:
        azure-asyncoperation:
          - https://management.azure.com/subscriptions/00000000-0000-0000-0000-000000000000/providers/Microsoft.ContainerService/locations/westus2/operations/fd49f022-6edd-4197-8a30-98750ea32fc9?api-version=2016-03-30
        cache-control:
          - no-cache
        content-length:
          - "0"
        date:
          - Wed, 01 Dec 2021 16:39:17 GMT
        expires:
          - "-1"
        location:
          - https://management.azure.com/subscriptions/00000000-0000-0000-0000-000000000000/providers/Microsoft.ContainerService/locations/westus2/operationresults/fd49f022-6edd-4197-8a30-98750ea32fc9?api-version=2016-03-30
        pragma:
          - no-cache
        server:
          - nginx
        strict-transport-security:
          - max-age=31536000; includeSubDomains
        x-content-type-options:
          - nosniff
        x-ms-ratelimit-remaining-subscription-deletes:
          - "14999"
      status:
        code: 202
        message: Accepted
  - request:
      body: null
      headers:
        Accept:
          - application/json
        Accept-Encoding:
          - gzip, deflate
        CommandName:
          - aks snapshot show
        Connection:
          - keep-alive
        ParameterSetName:
          - --resource-group --name -o
        User-Agent:
          - AZURECLI/2.30.0 azsdk-python-azure-mgmt-containerservice/16.4.0 Python/3.8.10
            (Linux-5.10.60.1-microsoft-standard-WSL2-x86_64-with-glibc2.29)
      method: GET
      uri: https://management.azure.com/subscriptions/00000000-0000-0000-0000-000000000000/resourceGroups/clitest000001/providers/Microsoft.ContainerService/snapshots/s000006?api-version=2021-11-01-preview
    response:
      body:
        string:
          "{\n  \"name\": \"s000006\",\n  \"id\": \"/subscriptions/00000000-0000-0000-0000-000000000000/resourceGroups/clitest000001/providers/Microsoft.ContainerService/snapshots/s000006\",\n
          \ \"type\": \"Microsoft.ContainerService/Snapshots\",\n  \"location\": \"westus2\",\n
          \ \"systemData\": {\n   \"createdBy\": \"tylloyd@microsoft.com\",\n   \"createdByType\":
          \"User\",\n   \"createdAt\": \"2021-12-01T16:39:14.8485966Z\",\n   \"lastModifiedBy\":
          \"tylloyd@microsoft.com\",\n   \"lastModifiedByType\": \"User\",\n   \"lastModifiedAt\":
          \"2021-12-01T16:39:14.8485966Z\"\n  },\n  \"properties\": {\n   \"creationData\":
          {\n    \"sourceResourceId\": \"/subscriptions/00000000-0000-0000-0000-000000000000/resourcegroups/clitest000001/providers/Microsoft.ContainerService/managedClusters/cliakstest000002/agentPools/c000004\"\n
          \  },\n   \"snapshotType\": \"NodePool\",\n   \"kubernetesVersion\": \"1.20.9\",\n
          \  \"nodeImageVersion\": \"AKSUbuntu-1804gen2containerd-2021.11.06\",\n   \"osType\":
          \"Linux\",\n   \"osSku\": \"Ubuntu\",\n   \"vmSize\": \"Standard_DS2_v2\"\n
          \ }\n }"
      headers:
        cache-control:
          - no-cache
        content-length:
          - "994"
        content-type:
          - application/json
        date:
          - Wed, 01 Dec 2021 16:39:17 GMT
        expires:
          - "-1"
        pragma:
          - no-cache
        server:
          - nginx
        strict-transport-security:
          - max-age=31536000; includeSubDomains
        transfer-encoding:
          - chunked
        vary:
          - Accept-Encoding
        x-content-type-options:
          - nosniff
      status:
        code: 200
        message: OK
  - request:
      body: null
      headers:
        Accept:
          - application/json
        Accept-Encoding:
          - gzip, deflate
        CommandName:
          - aks snapshot list
        Connection:
          - keep-alive
        ParameterSetName:
          - --resource-group -o
        User-Agent:
          - AZURECLI/2.30.0 azsdk-python-azure-mgmt-containerservice/16.4.0 Python/3.8.10
            (Linux-5.10.60.1-microsoft-standard-WSL2-x86_64-with-glibc2.29)
      method: GET
      uri: https://management.azure.com/subscriptions/00000000-0000-0000-0000-000000000000/resourceGroups/clitest000001/providers/Microsoft.ContainerService/snapshots?api-version=2021-11-01-preview
    response:
      body:
        string:
          "{\n  \"value\": [\n   {\n    \"name\": \"s000006\",\n    \"id\": \"/subscriptions/00000000-0000-0000-0000-000000000000/resourceGroups/clitest000001/providers/Microsoft.ContainerService/snapshots/s000006\",\n
          \   \"type\": \"Microsoft.ContainerService/Snapshots\",\n    \"location\":
          \"westus2\",\n    \"systemData\": {\n     \"createdBy\": \"tylloyd@microsoft.com\",\n
          \    \"createdByType\": \"User\",\n     \"createdAt\": \"2021-12-01T16:39:14.8485966Z\",\n
          \    \"lastModifiedBy\": \"tylloyd@microsoft.com\",\n     \"lastModifiedByType\":
          \"User\",\n     \"lastModifiedAt\": \"2021-12-01T16:39:14.8485966Z\"\n    },\n
          \   \"properties\": {\n     \"creationData\": {\n      \"sourceResourceId\":
          \"/subscriptions/00000000-0000-0000-0000-000000000000/resourcegroups/clitest000001/providers/Microsoft.ContainerService/managedClusters/cliakstest000002/agentPools/c000004\"\n
          \    },\n     \"snapshotType\": \"NodePool\",\n     \"kubernetesVersion\":
          \"1.20.9\",\n     \"nodeImageVersion\": \"AKSUbuntu-1804gen2containerd-2021.11.06\",\n
          \    \"osType\": \"Linux\",\n     \"osSku\": \"Ubuntu\",\n     \"vmSize\":
          \"Standard_DS2_v2\"\n    }\n   }\n  ]\n }"
      headers:
        cache-control:
          - no-cache
        content-length:
          - "1067"
        content-type:
          - application/json
        date:
          - Wed, 01 Dec 2021 16:39:19 GMT
        expires:
          - "-1"
        pragma:
          - no-cache
        server:
          - nginx
        strict-transport-security:
          - max-age=31536000; includeSubDomains
        transfer-encoding:
          - chunked
        vary:
          - Accept-Encoding
        x-content-type-options:
          - nosniff
      status:
        code: 200
        message: OK
  - request:
      body: null
      headers:
        Accept:
          - application/json
        Accept-Encoding:
          - gzip, deflate
        CommandName:
          - aks create
        Connection:
          - keep-alive
        ParameterSetName:
          - --resource-group --name --location --nodepool-name --node-count --snapshot-id
            --aks-custom-headers -k --ssh-key-value -o
        User-Agent:
          - AZURECLI/2.30.0 azsdk-python-azure-mgmt-containerservice/16.4.0 Python/3.8.10
            (Linux-5.10.60.1-microsoft-standard-WSL2-x86_64-with-glibc2.29)
      method: GET
      uri: https://management.azure.com/subscriptions/00000000-0000-0000-0000-000000000000/resourceGroups/clitest000001/providers/Microsoft.ContainerService/snapshots/s000006?api-version=2021-11-01-preview
    response:
      body:
        string:
          "{\n  \"name\": \"s000006\",\n  \"id\": \"/subscriptions/00000000-0000-0000-0000-000000000000/resourceGroups/clitest000001/providers/Microsoft.ContainerService/snapshots/s000006\",\n
          \ \"type\": \"Microsoft.ContainerService/Snapshots\",\n  \"location\": \"westus2\",\n
          \ \"systemData\": {\n   \"createdBy\": \"tylloyd@microsoft.com\",\n   \"createdByType\":
          \"User\",\n   \"createdAt\": \"2021-12-01T16:39:14.8485966Z\",\n   \"lastModifiedBy\":
          \"tylloyd@microsoft.com\",\n   \"lastModifiedByType\": \"User\",\n   \"lastModifiedAt\":
          \"2021-12-01T16:39:14.8485966Z\"\n  },\n  \"properties\": {\n   \"creationData\":
          {\n    \"sourceResourceId\": \"/subscriptions/00000000-0000-0000-0000-000000000000/resourcegroups/clitest000001/providers/Microsoft.ContainerService/managedClusters/cliakstest000002/agentPools/c000004\"\n
          \  },\n   \"snapshotType\": \"NodePool\",\n   \"kubernetesVersion\": \"1.20.9\",\n
          \  \"nodeImageVersion\": \"AKSUbuntu-1804gen2containerd-2021.11.06\",\n   \"osType\":
          \"Linux\",\n   \"osSku\": \"Ubuntu\",\n   \"vmSize\": \"Standard_DS2_v2\"\n
          \ }\n }"
      headers:
        cache-control:
          - no-cache
        content-length:
          - "994"
        content-type:
          - application/json
        date:
          - Wed, 01 Dec 2021 16:39:19 GMT
        expires:
          - "-1"
        pragma:
          - no-cache
        server:
          - nginx
        strict-transport-security:
          - max-age=31536000; includeSubDomains
        transfer-encoding:
          - chunked
        vary:
          - Accept-Encoding
        x-content-type-options:
          - nosniff
      status:
        code: 200
        message: OK
  - request:
      body:
        '{"location": "westus2", "identity": {"type": "SystemAssigned"}, "properties":
        {"kubernetesVersion": "1.21.2", "dnsPrefix": "cliakstest-clitesttshwj7kie-8ecadf",
        "agentPoolProfiles": [{"count": 1, "vmSize": "Standard_DS2_v2", "workloadRuntime":
        "OCIContainer", "osType": "Linux", "osSKU": "Ubuntu", "enableAutoScaling": false,
        "type": "VirtualMachineScaleSets", "mode": "System", "enableNodePublicIP": false,
        "scaleSetPriority": "Regular", "scaleSetEvictionPolicy": "Delete", "spotMaxPrice":
        -1.0, "enableEncryptionAtHost": false, "enableUltraSSD": false, "enableFIPS":
        false, "creationData": {"sourceResourceId": "/subscriptions/00000000-0000-0000-0000-000000000000/resourceGroups/clitest000001/providers/Microsoft.ContainerService/snapshots/s000006"},
        "name": "c000004"}], "linuxProfile": {"adminUsername": "azureuser", "ssh": {"publicKeys":
        [{"keyData": "ssh-rsa AAAAB3NzaC1yc2EAAAADAQABAAACAQCbIg1guRHbI0lV11wWDt1r2cUdcNd27CJsg+SfgC7miZeubtwUhbsPdhMQsfDyhOWHq1+ZL0M+nJZV63d/1dhmhtgyOqejUwrPlzKhydsbrsdUor+JmNJDdW01v7BXHyuymT8G4s09jCasNOwiufbP/qp72ruu0bIA1nySsvlf9pCQAuFkAnVnf/rFhUlOkhtRpwcq8SUNY2zRHR/EKb/4NWY1JzR4sa3q2fWIJdrrX0DvLoa5g9bIEd4Df79ba7v+yiUBOS0zT2ll+z4g9izHK3EO5d8hL4jYxcjKs+wcslSYRWrascfscLgMlMGh0CdKeNTDjHpGPncaf3Z+FwwwjWeuiNBxv7bJo13/8B/098KlVDl4GZqsoBCEjPyJfV6hO0y/LkRGkk7oHWKgeWAfKtfLItRp00eZ4fcJNK9kCaSMmEugoZWcI7NGbZXzqFWqbpRI7NcDP9+WIQ+i9U5vqWsqd/zng4kbuAJ6UuKqIzB0upYrLShfQE3SAck8oaLhJqqq56VfDuASNpJKidV+zq27HfSBmbXnkR/5AK337dc3MXKJypoK/QPMLKUAP5XLPbs+NddJQV7EZXd29DLgp+fRIg3edpKdO7ZErWhv7d+3Kws+e1Y+ypmR2WIVSwVyBEUfgv2C8Ts9gnTF4pNcEY/S2aBicz5Ew2+jdyGNQQ==
        test@example.com\n"}]}}, "addonProfiles": {}, "enableRBAC": true, "enablePodSecurityPolicy":
        false, "networkProfile": {"networkPlugin": "kubenet", "podCidr": "10.244.0.0/16",
        "serviceCidr": "10.0.0.0/16", "dnsServiceIP": "10.0.0.10", "dockerBridgeCidr":
        "172.17.0.1/16", "outboundType": "loadBalancer", "loadBalancerSku": "standard"},
        "disableLocalAccounts": false}}'
      headers:
        AKSHTTPCustomFeatures:
          - Microsoft.ContainerService/SnapshotPreview
        Accept:
          - application/json
        Accept-Encoding:
          - gzip, deflate
        CommandName:
          - aks create
        Connection:
          - keep-alive
        Content-Length:
          - "1960"
        Content-Type:
          - application/json
        ParameterSetName:
          - --resource-group --name --location --nodepool-name --node-count --snapshot-id
            --aks-custom-headers -k --ssh-key-value -o
        User-Agent:
          - AZURECLI/2.30.0 azsdk-python-azure-mgmt-containerservice/16.4.0 Python/3.8.10
            (Linux-5.10.60.1-microsoft-standard-WSL2-x86_64-with-glibc2.29)
      method: PUT
      uri: https://management.azure.com/subscriptions/00000000-0000-0000-0000-000000000000/resourceGroups/clitest000001/providers/Microsoft.ContainerService/managedClusters/cliakstest000003?api-version=2021-11-01-preview
    response:
      body:
        string:
          "{\n  \"id\": \"/subscriptions/00000000-0000-0000-0000-000000000000/resourcegroups/clitest000001/providers/Microsoft.ContainerService/managedClusters/cliakstest000003\",\n
          \ \"location\": \"westus2\",\n  \"name\": \"cliakstest000003\",\n  \"type\":
          \"Microsoft.ContainerService/ManagedClusters\",\n  \"properties\": {\n   \"provisioningState\":
          \"Creating\",\n   \"powerState\": {\n    \"code\": \"Running\"\n   },\n   \"kubernetesVersion\":
          \"1.21.2\",\n   \"dnsPrefix\": \"cliakstest-clitesttshwj7kie-8ecadf\",\n   \"fqdn\":
          \"cliakstest-clitesttshwj7kie-8ecadf-13448a88.hcp.westus2.azmk8s.io\",\n   \"azurePortalFQDN\":
          \"cliakstest-clitesttshwj7kie-8ecadf-13448a88.portal.hcp.westus2.azmk8s.io\",\n
          \  \"agentPoolProfiles\": [\n    {\n     \"name\": \"c000004\",\n     \"count\":
          1,\n     \"vmSize\": \"Standard_DS2_v2\",\n     \"osDiskSizeGB\": 128,\n     \"osDiskType\":
          \"Managed\",\n     \"kubeletDiskType\": \"OS\",\n     \"workloadRuntime\":
          \"OCIContainer\",\n     \"maxPods\": 110,\n     \"type\": \"VirtualMachineScaleSets\",\n
          \    \"enableAutoScaling\": false,\n     \"provisioningState\": \"Creating\",\n
          \    \"powerState\": {\n      \"code\": \"Running\"\n     },\n     \"orchestratorVersion\":
          \"1.21.2\",\n     \"enableNodePublicIP\": false,\n     \"mode\": \"System\",\n
          \    \"enableEncryptionAtHost\": false,\n     \"enableUltraSSD\": false,\n
          \    \"osType\": \"Linux\",\n     \"osSKU\": \"Ubuntu\",\n     \"nodeImageVersion\":
          \"AKSUbuntu-1804gen2containerd-2021.11.06\",\n     \"enableFIPS\": false,\n
          \    \"creationData\": {\n      \"sourceResourceId\": \"/subscriptions/00000000-0000-0000-0000-000000000000/resourceGroups/clitest000001/providers/Microsoft.ContainerService/snapshots/s000006\"\n
          \    }\n    }\n   ],\n   \"linuxProfile\": {\n    \"adminUsername\": \"azureuser\",\n
          \   \"ssh\": {\n     \"publicKeys\": [\n      {\n       \"keyData\": \"ssh-rsa
          AAAAB3NzaC1yc2EAAAADAQABAAACAQCbIg1guRHbI0lV11wWDt1r2cUdcNd27CJsg+SfgC7miZeubtwUhbsPdhMQsfDyhOWHq1+ZL0M+nJZV63d/1dhmhtgyOqejUwrPlzKhydsbrsdUor+JmNJDdW01v7BXHyuymT8G4s09jCasNOwiufbP/qp72ruu0bIA1nySsvlf9pCQAuFkAnVnf/rFhUlOkhtRpwcq8SUNY2zRHR/EKb/4NWY1JzR4sa3q2fWIJdrrX0DvLoa5g9bIEd4Df79ba7v+yiUBOS0zT2ll+z4g9izHK3EO5d8hL4jYxcjKs+wcslSYRWrascfscLgMlMGh0CdKeNTDjHpGPncaf3Z+FwwwjWeuiNBxv7bJo13/8B/098KlVDl4GZqsoBCEjPyJfV6hO0y/LkRGkk7oHWKgeWAfKtfLItRp00eZ4fcJNK9kCaSMmEugoZWcI7NGbZXzqFWqbpRI7NcDP9+WIQ+i9U5vqWsqd/zng4kbuAJ6UuKqIzB0upYrLShfQE3SAck8oaLhJqqq56VfDuASNpJKidV+zq27HfSBmbXnkR/5AK337dc3MXKJypoK/QPMLKUAP5XLPbs+NddJQV7EZXd29DLgp+fRIg3edpKdO7ZErWhv7d+3Kws+e1Y+ypmR2WIVSwVyBEUfgv2C8Ts9gnTF4pNcEY/S2aBicz5Ew2+jdyGNQQ==
          test@example.com\\n\"\n      }\n     ]\n    }\n   },\n   \"servicePrincipalProfile\":
          {\n    \"clientId\":\"00000000-0000-0000-0000-000000000001\"\n   },\n   \"nodeResourceGroup\":
          \"MC_clitest000001_cliakstest000003_westus2\",\n   \"enableRBAC\": true,\n
          \  \"enablePodSecurityPolicy\": false,\n   \"networkProfile\": {\n    \"networkPlugin\":
          \"kubenet\",\n    \"loadBalancerSku\": \"standard\",\n    \"loadBalancerProfile\":
          {\n     \"managedOutboundIPs\": {\n      \"count\": 1\n     }\n    },\n    \"podCidr\":
          \"10.244.0.0/16\",\n    \"serviceCidr\": \"10.0.0.0/16\",\n    \"dnsServiceIP\":
          \"10.0.0.10\",\n    \"dockerBridgeCidr\": \"172.17.0.1/16\",\n    \"outboundType\":
          \"loadBalancer\",\n    \"podCidrs\": [\n     \"10.244.0.0/16\"\n    ],\n    \"serviceCidrs\":
          [\n     \"10.0.0.0/16\"\n    ],\n    \"ipFamilies\": [\n     \"IPv4\"\n    ]\n
          \  },\n   \"maxAgentPools\": 100,\n   \"disableLocalAccounts\": false\n  },\n
          \ \"identity\": {\n   \"type\": \"SystemAssigned\",\n   \"principalId\":\"00000000-0000-0000-0000-000000000001\",\n
          \  \"tenantId\": \"72f988bf-86f1-41af-91ab-2d7cd011db47\"\n  },\n  \"sku\":
          {\n   \"name\": \"Basic\",\n   \"tier\": \"Free\"\n  }\n }"
      headers:
        azure-asyncoperation:
          - https://management.azure.com/subscriptions/00000000-0000-0000-0000-000000000000/providers/Microsoft.ContainerService/locations/westus2/operations/8505aec4-fdcd-4423-b72a-ad2ec72a1136?api-version=2016-03-30
        cache-control:
          - no-cache
        content-length:
          - "3441"
        content-type:
          - application/json
        date:
          - Wed, 01 Dec 2021 16:39:29 GMT
        expires:
          - "-1"
        pragma:
          - no-cache
        server:
          - nginx
        strict-transport-security:
          - max-age=31536000; includeSubDomains
        x-content-type-options:
          - nosniff
        x-ms-ratelimit-remaining-subscription-writes:
          - "1199"
      status:
        code: 201
        message: Created
  - request:
      body: null
      headers:
        AKSHTTPCustomFeatures:
          - Microsoft.ContainerService/SnapshotPreview
        Accept:
          - "*/*"
        Accept-Encoding:
          - gzip, deflate
        CommandName:
          - aks create
        Connection:
          - keep-alive
        ParameterSetName:
          - --resource-group --name --location --nodepool-name --node-count --snapshot-id
            --aks-custom-headers -k --ssh-key-value -o
        User-Agent:
          - AZURECLI/2.30.0 azsdk-python-azure-mgmt-containerservice/16.4.0 Python/3.8.10
            (Linux-5.10.60.1-microsoft-standard-WSL2-x86_64-with-glibc2.29)
      method: GET
      uri: https://management.azure.com/subscriptions/00000000-0000-0000-0000-000000000000/providers/Microsoft.ContainerService/locations/westus2/operations/8505aec4-fdcd-4423-b72a-ad2ec72a1136?api-version=2016-03-30
    response:
      body:
        string:
          "{\n  \"name\": \"c4ae0585-cdfd-2344-b72a-ad2ec72a1136\",\n  \"status\":
          \"InProgress\",\n  \"startTime\": \"2021-12-01T16:39:25.4833333Z\"\n }"
      headers:
        cache-control:
          - no-cache
        content-length:
          - "126"
        content-type:
          - application/json
        date:
          - Wed, 01 Dec 2021 16:40:00 GMT
        expires:
          - "-1"
        pragma:
          - no-cache
        server:
          - nginx
        strict-transport-security:
          - max-age=31536000; includeSubDomains
        transfer-encoding:
          - chunked
        vary:
          - Accept-Encoding
        x-content-type-options:
          - nosniff
      status:
        code: 200
        message: OK
  - request:
      body: null
      headers:
        AKSHTTPCustomFeatures:
          - Microsoft.ContainerService/SnapshotPreview
        Accept:
          - "*/*"
        Accept-Encoding:
          - gzip, deflate
        CommandName:
          - aks create
        Connection:
          - keep-alive
        ParameterSetName:
          - --resource-group --name --location --nodepool-name --node-count --snapshot-id
            --aks-custom-headers -k --ssh-key-value -o
        User-Agent:
          - AZURECLI/2.30.0 azsdk-python-azure-mgmt-containerservice/16.4.0 Python/3.8.10
            (Linux-5.10.60.1-microsoft-standard-WSL2-x86_64-with-glibc2.29)
      method: GET
      uri: https://management.azure.com/subscriptions/00000000-0000-0000-0000-000000000000/providers/Microsoft.ContainerService/locations/westus2/operations/8505aec4-fdcd-4423-b72a-ad2ec72a1136?api-version=2016-03-30
    response:
      body:
        string:
          "{\n  \"name\": \"c4ae0585-cdfd-2344-b72a-ad2ec72a1136\",\n  \"status\":
          \"InProgress\",\n  \"startTime\": \"2021-12-01T16:39:25.4833333Z\"\n }"
      headers:
        cache-control:
          - no-cache
        content-length:
          - "126"
        content-type:
          - application/json
        date:
          - Wed, 01 Dec 2021 16:40:29 GMT
        expires:
          - "-1"
        pragma:
          - no-cache
        server:
          - nginx
        strict-transport-security:
          - max-age=31536000; includeSubDomains
        transfer-encoding:
          - chunked
        vary:
          - Accept-Encoding
        x-content-type-options:
          - nosniff
      status:
        code: 200
        message: OK
  - request:
      body: null
      headers:
        AKSHTTPCustomFeatures:
          - Microsoft.ContainerService/SnapshotPreview
        Accept:
          - "*/*"
        Accept-Encoding:
          - gzip, deflate
        CommandName:
          - aks create
        Connection:
          - keep-alive
        ParameterSetName:
          - --resource-group --name --location --nodepool-name --node-count --snapshot-id
            --aks-custom-headers -k --ssh-key-value -o
        User-Agent:
          - AZURECLI/2.30.0 azsdk-python-azure-mgmt-containerservice/16.4.0 Python/3.8.10
            (Linux-5.10.60.1-microsoft-standard-WSL2-x86_64-with-glibc2.29)
      method: GET
      uri: https://management.azure.com/subscriptions/00000000-0000-0000-0000-000000000000/providers/Microsoft.ContainerService/locations/westus2/operations/8505aec4-fdcd-4423-b72a-ad2ec72a1136?api-version=2016-03-30
    response:
      body:
        string:
          "{\n  \"name\": \"c4ae0585-cdfd-2344-b72a-ad2ec72a1136\",\n  \"status\":
          \"InProgress\",\n  \"startTime\": \"2021-12-01T16:39:25.4833333Z\"\n }"
      headers:
        cache-control:
          - no-cache
        content-length:
          - "126"
        content-type:
          - application/json
        date:
          - Wed, 01 Dec 2021 16:41:00 GMT
        expires:
          - "-1"
        pragma:
          - no-cache
        server:
          - nginx
        strict-transport-security:
          - max-age=31536000; includeSubDomains
        transfer-encoding:
          - chunked
        vary:
          - Accept-Encoding
        x-content-type-options:
          - nosniff
      status:
        code: 200
        message: OK
  - request:
      body: null
      headers:
        AKSHTTPCustomFeatures:
          - Microsoft.ContainerService/SnapshotPreview
        Accept:
          - "*/*"
        Accept-Encoding:
          - gzip, deflate
        CommandName:
          - aks create
        Connection:
          - keep-alive
        ParameterSetName:
          - --resource-group --name --location --nodepool-name --node-count --snapshot-id
            --aks-custom-headers -k --ssh-key-value -o
        User-Agent:
          - AZURECLI/2.30.0 azsdk-python-azure-mgmt-containerservice/16.4.0 Python/3.8.10
            (Linux-5.10.60.1-microsoft-standard-WSL2-x86_64-with-glibc2.29)
      method: GET
      uri: https://management.azure.com/subscriptions/00000000-0000-0000-0000-000000000000/providers/Microsoft.ContainerService/locations/westus2/operations/8505aec4-fdcd-4423-b72a-ad2ec72a1136?api-version=2016-03-30
    response:
      body:
        string:
          "{\n  \"name\": \"c4ae0585-cdfd-2344-b72a-ad2ec72a1136\",\n  \"status\":
          \"InProgress\",\n  \"startTime\": \"2021-12-01T16:39:25.4833333Z\"\n }"
      headers:
        cache-control:
          - no-cache
        content-length:
          - "126"
        content-type:
          - application/json
        date:
          - Wed, 01 Dec 2021 16:41:30 GMT
        expires:
          - "-1"
        pragma:
          - no-cache
        server:
          - nginx
        strict-transport-security:
          - max-age=31536000; includeSubDomains
        transfer-encoding:
          - chunked
        vary:
          - Accept-Encoding
        x-content-type-options:
          - nosniff
      status:
        code: 200
        message: OK
  - request:
      body: null
      headers:
        AKSHTTPCustomFeatures:
          - Microsoft.ContainerService/SnapshotPreview
        Accept:
          - "*/*"
        Accept-Encoding:
          - gzip, deflate
        CommandName:
          - aks create
        Connection:
          - keep-alive
        ParameterSetName:
          - --resource-group --name --location --nodepool-name --node-count --snapshot-id
            --aks-custom-headers -k --ssh-key-value -o
        User-Agent:
          - AZURECLI/2.30.0 azsdk-python-azure-mgmt-containerservice/16.4.0 Python/3.8.10
            (Linux-5.10.60.1-microsoft-standard-WSL2-x86_64-with-glibc2.29)
      method: GET
      uri: https://management.azure.com/subscriptions/00000000-0000-0000-0000-000000000000/providers/Microsoft.ContainerService/locations/westus2/operations/8505aec4-fdcd-4423-b72a-ad2ec72a1136?api-version=2016-03-30
    response:
      body:
        string:
          "{\n  \"name\": \"c4ae0585-cdfd-2344-b72a-ad2ec72a1136\",\n  \"status\":
          \"InProgress\",\n  \"startTime\": \"2021-12-01T16:39:25.4833333Z\"\n }"
      headers:
        cache-control:
          - no-cache
        content-length:
          - "126"
        content-type:
          - application/json
        date:
          - Wed, 01 Dec 2021 16:42:00 GMT
        expires:
          - "-1"
        pragma:
          - no-cache
        server:
          - nginx
        strict-transport-security:
          - max-age=31536000; includeSubDomains
        transfer-encoding:
          - chunked
        vary:
          - Accept-Encoding
        x-content-type-options:
          - nosniff
      status:
        code: 200
        message: OK
  - request:
      body: null
      headers:
        AKSHTTPCustomFeatures:
          - Microsoft.ContainerService/SnapshotPreview
        Accept:
          - "*/*"
        Accept-Encoding:
          - gzip, deflate
        CommandName:
          - aks create
        Connection:
          - keep-alive
        ParameterSetName:
          - --resource-group --name --location --nodepool-name --node-count --snapshot-id
            --aks-custom-headers -k --ssh-key-value -o
        User-Agent:
          - AZURECLI/2.30.0 azsdk-python-azure-mgmt-containerservice/16.4.0 Python/3.8.10
            (Linux-5.10.60.1-microsoft-standard-WSL2-x86_64-with-glibc2.29)
      method: GET
      uri: https://management.azure.com/subscriptions/00000000-0000-0000-0000-000000000000/providers/Microsoft.ContainerService/locations/westus2/operations/8505aec4-fdcd-4423-b72a-ad2ec72a1136?api-version=2016-03-30
    response:
      body:
        string:
          "{\n  \"name\": \"c4ae0585-cdfd-2344-b72a-ad2ec72a1136\",\n  \"status\":
          \"InProgress\",\n  \"startTime\": \"2021-12-01T16:39:25.4833333Z\"\n }"
      headers:
        cache-control:
          - no-cache
        content-length:
          - "126"
        content-type:
          - application/json
        date:
          - Wed, 01 Dec 2021 16:42:30 GMT
        expires:
          - "-1"
        pragma:
          - no-cache
        server:
          - nginx
        strict-transport-security:
          - max-age=31536000; includeSubDomains
        transfer-encoding:
          - chunked
        vary:
          - Accept-Encoding
        x-content-type-options:
          - nosniff
      status:
        code: 200
        message: OK
  - request:
      body: null
      headers:
        AKSHTTPCustomFeatures:
          - Microsoft.ContainerService/SnapshotPreview
        Accept:
          - "*/*"
        Accept-Encoding:
          - gzip, deflate
        CommandName:
          - aks create
        Connection:
          - keep-alive
        ParameterSetName:
          - --resource-group --name --location --nodepool-name --node-count --snapshot-id
            --aks-custom-headers -k --ssh-key-value -o
        User-Agent:
          - AZURECLI/2.30.0 azsdk-python-azure-mgmt-containerservice/16.4.0 Python/3.8.10
            (Linux-5.10.60.1-microsoft-standard-WSL2-x86_64-with-glibc2.29)
      method: GET
      uri: https://management.azure.com/subscriptions/00000000-0000-0000-0000-000000000000/providers/Microsoft.ContainerService/locations/westus2/operations/8505aec4-fdcd-4423-b72a-ad2ec72a1136?api-version=2016-03-30
    response:
      body:
        string:
          "{\n  \"name\": \"c4ae0585-cdfd-2344-b72a-ad2ec72a1136\",\n  \"status\":
          \"Succeeded\",\n  \"startTime\": \"2021-12-01T16:39:25.4833333Z\",\n  \"endTime\":
          \"2021-12-01T16:42:45.9857916Z\"\n }"
      headers:
        cache-control:
          - no-cache
        content-length:
          - "170"
        content-type:
          - application/json
        date:
          - Wed, 01 Dec 2021 16:43:01 GMT
        expires:
          - "-1"
        pragma:
          - no-cache
        server:
          - nginx
        strict-transport-security:
          - max-age=31536000; includeSubDomains
        transfer-encoding:
          - chunked
        vary:
          - Accept-Encoding
        x-content-type-options:
          - nosniff
      status:
        code: 200
        message: OK
  - request:
      body: null
      headers:
        AKSHTTPCustomFeatures:
          - Microsoft.ContainerService/SnapshotPreview
        Accept:
          - "*/*"
        Accept-Encoding:
          - gzip, deflate
        CommandName:
          - aks create
        Connection:
          - keep-alive
        ParameterSetName:
          - --resource-group --name --location --nodepool-name --node-count --snapshot-id
            --aks-custom-headers -k --ssh-key-value -o
        User-Agent:
          - AZURECLI/2.30.0 azsdk-python-azure-mgmt-containerservice/16.4.0 Python/3.8.10
            (Linux-5.10.60.1-microsoft-standard-WSL2-x86_64-with-glibc2.29)
      method: GET
      uri: https://management.azure.com/subscriptions/00000000-0000-0000-0000-000000000000/resourceGroups/clitest000001/providers/Microsoft.ContainerService/managedClusters/cliakstest000003?api-version=2021-11-01-preview
    response:
      body:
        string:
          "{\n  \"id\": \"/subscriptions/00000000-0000-0000-0000-000000000000/resourcegroups/clitest000001/providers/Microsoft.ContainerService/managedClusters/cliakstest000003\",\n
          \ \"location\": \"westus2\",\n  \"name\": \"cliakstest000003\",\n  \"type\":
          \"Microsoft.ContainerService/ManagedClusters\",\n  \"properties\": {\n   \"provisioningState\":
          \"Succeeded\",\n   \"powerState\": {\n    \"code\": \"Running\"\n   },\n   \"kubernetesVersion\":
          \"1.21.2\",\n   \"dnsPrefix\": \"cliakstest-clitesttshwj7kie-8ecadf\",\n   \"fqdn\":
          \"cliakstest-clitesttshwj7kie-8ecadf-13448a88.hcp.westus2.azmk8s.io\",\n   \"azurePortalFQDN\":
          \"cliakstest-clitesttshwj7kie-8ecadf-13448a88.portal.hcp.westus2.azmk8s.io\",\n
          \  \"agentPoolProfiles\": [\n    {\n     \"name\": \"c000004\",\n     \"count\":
          1,\n     \"vmSize\": \"Standard_DS2_v2\",\n     \"osDiskSizeGB\": 128,\n     \"osDiskType\":
          \"Managed\",\n     \"kubeletDiskType\": \"OS\",\n     \"workloadRuntime\":
          \"OCIContainer\",\n     \"maxPods\": 110,\n     \"type\": \"VirtualMachineScaleSets\",\n
          \    \"enableAutoScaling\": false,\n     \"provisioningState\": \"Succeeded\",\n
          \    \"powerState\": {\n      \"code\": \"Running\"\n     },\n     \"orchestratorVersion\":
          \"1.21.2\",\n     \"enableNodePublicIP\": false,\n     \"mode\": \"System\",\n
          \    \"enableEncryptionAtHost\": false,\n     \"enableUltraSSD\": false,\n
          \    \"osType\": \"Linux\",\n     \"osSKU\": \"Ubuntu\",\n     \"nodeImageVersion\":
          \"AKSUbuntu-1804gen2containerd-2021.11.06\",\n     \"enableFIPS\": false,\n
          \    \"creationData\": {\n      \"sourceResourceId\": \"/subscriptions/00000000-0000-0000-0000-000000000000/resourceGroups/clitest000001/providers/Microsoft.ContainerService/snapshots/s000006\"\n
          \    }\n    }\n   ],\n   \"linuxProfile\": {\n    \"adminUsername\": \"azureuser\",\n
          \   \"ssh\": {\n     \"publicKeys\": [\n      {\n       \"keyData\": \"ssh-rsa
          AAAAB3NzaC1yc2EAAAADAQABAAACAQCbIg1guRHbI0lV11wWDt1r2cUdcNd27CJsg+SfgC7miZeubtwUhbsPdhMQsfDyhOWHq1+ZL0M+nJZV63d/1dhmhtgyOqejUwrPlzKhydsbrsdUor+JmNJDdW01v7BXHyuymT8G4s09jCasNOwiufbP/qp72ruu0bIA1nySsvlf9pCQAuFkAnVnf/rFhUlOkhtRpwcq8SUNY2zRHR/EKb/4NWY1JzR4sa3q2fWIJdrrX0DvLoa5g9bIEd4Df79ba7v+yiUBOS0zT2ll+z4g9izHK3EO5d8hL4jYxcjKs+wcslSYRWrascfscLgMlMGh0CdKeNTDjHpGPncaf3Z+FwwwjWeuiNBxv7bJo13/8B/098KlVDl4GZqsoBCEjPyJfV6hO0y/LkRGkk7oHWKgeWAfKtfLItRp00eZ4fcJNK9kCaSMmEugoZWcI7NGbZXzqFWqbpRI7NcDP9+WIQ+i9U5vqWsqd/zng4kbuAJ6UuKqIzB0upYrLShfQE3SAck8oaLhJqqq56VfDuASNpJKidV+zq27HfSBmbXnkR/5AK337dc3MXKJypoK/QPMLKUAP5XLPbs+NddJQV7EZXd29DLgp+fRIg3edpKdO7ZErWhv7d+3Kws+e1Y+ypmR2WIVSwVyBEUfgv2C8Ts9gnTF4pNcEY/S2aBicz5Ew2+jdyGNQQ==
          test@example.com\\n\"\n      }\n     ]\n    }\n   },\n   \"servicePrincipalProfile\":
          {\n    \"clientId\":\"00000000-0000-0000-0000-000000000001\"\n   },\n   \"nodeResourceGroup\":
          \"MC_clitest000001_cliakstest000003_westus2\",\n   \"enableRBAC\": true,\n
          \  \"enablePodSecurityPolicy\": false,\n   \"networkProfile\": {\n    \"networkPlugin\":
          \"kubenet\",\n    \"loadBalancerSku\": \"Standard\",\n    \"loadBalancerProfile\":
          {\n     \"managedOutboundIPs\": {\n      \"count\": 1\n     },\n     \"effectiveOutboundIPs\":
          [\n      {\n       \"id\": \"/subscriptions/00000000-0000-0000-0000-000000000000/resourceGroups/MC_clitest000001_cliakstest000003_westus2/providers/Microsoft.Network/publicIPAddresses/56d7ddb4-0b30-454f-a132-0032981699f0\"\n
          \     }\n     ]\n    },\n    \"podCidr\": \"10.244.0.0/16\",\n    \"serviceCidr\":
          \"10.0.0.0/16\",\n    \"dnsServiceIP\": \"10.0.0.10\",\n    \"dockerBridgeCidr\":
          \"172.17.0.1/16\",\n    \"outboundType\": \"loadBalancer\",\n    \"podCidrs\":
          [\n     \"10.244.0.0/16\"\n    ],\n    \"serviceCidrs\": [\n     \"10.0.0.0/16\"\n
          \   ],\n    \"ipFamilies\": [\n     \"IPv4\"\n    ]\n   },\n   \"maxAgentPools\":
          100,\n   \"identityProfile\": {\n    \"kubeletidentity\": {\n     \"resourceId\":
          \"/subscriptions/00000000-0000-0000-0000-000000000000/resourcegroups/MC_clitest000001_cliakstest000003_westus2/providers/Microsoft.ManagedIdentity/userAssignedIdentities/cliakstest000003-agentpool\",\n
          \    \"clientId\":\"00000000-0000-0000-0000-000000000001\",\n     \"objectId\":\"00000000-0000-0000-0000-000000000001\"\n
          \   }\n   },\n   \"disableLocalAccounts\": false\n  },\n  \"identity\": {\n
          \  \"type\": \"SystemAssigned\",\n   \"principalId\":\"00000000-0000-0000-0000-000000000001\",\n
          \  \"tenantId\": \"72f988bf-86f1-41af-91ab-2d7cd011db47\"\n  },\n  \"sku\":
          {\n   \"name\": \"Basic\",\n   \"tier\": \"Free\"\n  }\n }"
      headers:
        cache-control:
          - no-cache
        content-length:
          - "4104"
        content-type:
          - application/json
        date:
          - Wed, 01 Dec 2021 16:43:01 GMT
        expires:
          - "-1"
        pragma:
          - no-cache
        server:
          - nginx
        strict-transport-security:
          - max-age=31536000; includeSubDomains
        transfer-encoding:
          - chunked
        vary:
          - Accept-Encoding
        x-content-type-options:
          - nosniff
      status:
        code: 200
        message: OK
  - request:
      body: null
      headers:
        Accept:
          - application/json
        Accept-Encoding:
          - gzip, deflate
        CommandName:
          - aks nodepool add
        Connection:
          - keep-alive
        ParameterSetName:
          - --resource-group --cluster-name --name --node-count --aks-custom-headers -k
            --snapshot-id -o
        User-Agent:
          - AZURECLI/2.30.0 azsdk-python-azure-mgmt-containerservice/16.4.0 Python/3.8.10
            (Linux-5.10.60.1-microsoft-standard-WSL2-x86_64-with-glibc2.29)
      method: GET
      uri: https://management.azure.com/subscriptions/00000000-0000-0000-0000-000000000000/resourceGroups/clitest000001/providers/Microsoft.ContainerService/managedClusters/cliakstest000003/agentPools?api-version=2021-11-01-preview
    response:
      body:
        string:
          "{\n  \"value\": [\n   {\n    \"id\": \"/subscriptions/00000000-0000-0000-0000-000000000000/resourcegroups/clitest000001/providers/Microsoft.ContainerService/managedClusters/cliakstest000003/agentPools/c000004\",\n
          \   \"name\": \"c000004\",\n    \"type\": \"Microsoft.ContainerService/managedClusters/agentPools\",\n
          \   \"properties\": {\n     \"count\": 1,\n     \"vmSize\": \"Standard_DS2_v2\",\n
          \    \"osDiskSizeGB\": 128,\n     \"osDiskType\": \"Managed\",\n     \"kubeletDiskType\":
          \"OS\",\n     \"workloadRuntime\": \"OCIContainer\",\n     \"maxPods\": 110,\n
          \    \"type\": \"VirtualMachineScaleSets\",\n     \"enableAutoScaling\": false,\n
          \    \"provisioningState\": \"Succeeded\",\n     \"powerState\": {\n      \"code\":
          \"Running\"\n     },\n     \"orchestratorVersion\": \"1.21.2\",\n     \"enableNodePublicIP\":
          false,\n     \"mode\": \"System\",\n     \"enableEncryptionAtHost\": false,\n
          \    \"enableUltraSSD\": false,\n     \"osType\": \"Linux\",\n     \"osSKU\":
          \"Ubuntu\",\n     \"nodeImageVersion\": \"AKSUbuntu-1804gen2containerd-2021.11.06\",\n
          \    \"enableFIPS\": false,\n     \"creationData\": {\n      \"sourceResourceId\":
          \"/subscriptions/00000000-0000-0000-0000-000000000000/resourceGroups/clitest000001/providers/Microsoft.ContainerService/snapshots/s000006\"\n
          \    }\n    }\n   }\n  ]\n }"
      headers:
        cache-control:
          - no-cache
        content-length:
          - "1209"
        content-type:
          - application/json
        date:
          - Wed, 01 Dec 2021 16:43:02 GMT
        expires:
          - "-1"
        pragma:
          - no-cache
        server:
          - nginx
        strict-transport-security:
          - max-age=31536000; includeSubDomains
        transfer-encoding:
          - chunked
        vary:
          - Accept-Encoding
        x-content-type-options:
          - nosniff
      status:
        code: 200
        message: OK
  - request:
      body: null
      headers:
        Accept:
          - application/json
        Accept-Encoding:
          - gzip, deflate
        CommandName:
          - aks nodepool add
        Connection:
          - keep-alive
        ParameterSetName:
          - --resource-group --cluster-name --name --node-count --aks-custom-headers -k
            --snapshot-id -o
        User-Agent:
          - AZURECLI/2.30.0 azsdk-python-azure-mgmt-containerservice/16.4.0 Python/3.8.10
            (Linux-5.10.60.1-microsoft-standard-WSL2-x86_64-with-glibc2.29)
      method: GET
      uri: https://management.azure.com/subscriptions/00000000-0000-0000-0000-000000000000/resourceGroups/clitest000001/providers/Microsoft.ContainerService/snapshots/s000006?api-version=2021-11-01-preview
    response:
      body:
        string:
          "{\n  \"name\": \"s000006\",\n  \"id\": \"/subscriptions/00000000-0000-0000-0000-000000000000/resourceGroups/clitest000001/providers/Microsoft.ContainerService/snapshots/s000006\",\n
          \ \"type\": \"Microsoft.ContainerService/Snapshots\",\n  \"location\": \"westus2\",\n
          \ \"systemData\": {\n   \"createdBy\": \"tylloyd@microsoft.com\",\n   \"createdByType\":
          \"User\",\n   \"createdAt\": \"2021-12-01T16:39:14.8485966Z\",\n   \"lastModifiedBy\":
          \"tylloyd@microsoft.com\",\n   \"lastModifiedByType\": \"User\",\n   \"lastModifiedAt\":
          \"2021-12-01T16:39:14.8485966Z\"\n  },\n  \"properties\": {\n   \"creationData\":
          {\n    \"sourceResourceId\": \"/subscriptions/00000000-0000-0000-0000-000000000000/resourcegroups/clitest000001/providers/Microsoft.ContainerService/managedClusters/cliakstest000002/agentPools/c000004\"\n
          \  },\n   \"snapshotType\": \"NodePool\",\n   \"kubernetesVersion\": \"1.20.9\",\n
          \  \"nodeImageVersion\": \"AKSUbuntu-1804gen2containerd-2021.11.06\",\n   \"osType\":
          \"Linux\",\n   \"osSku\": \"Ubuntu\",\n   \"vmSize\": \"Standard_DS2_v2\"\n
          \ }\n }"
      headers:
        cache-control:
          - no-cache
        content-length:
          - "994"
        content-type:
          - application/json
        date:
          - Wed, 01 Dec 2021 16:43:02 GMT
        expires:
          - "-1"
        pragma:
          - no-cache
        server:
          - nginx
        strict-transport-security:
          - max-age=31536000; includeSubDomains
        transfer-encoding:
          - chunked
        vary:
          - Accept-Encoding
        x-content-type-options:
          - nosniff
      status:
        code: 200
        message: OK
  - request:
      body:
        '{"properties": {"count": 1, "vmSize": "Standard_DS2_v2", "workloadRuntime":
        "OCIContainer", "osType": "Linux", "osSKU": "Ubuntu", "scaleDownMode": "Delete",
        "mode": "User", "orchestratorVersion": "1.21.2", "upgradeSettings": {}, "enableNodePublicIP":
        false, "scaleSetPriority": "Regular", "scaleSetEvictionPolicy": "Delete", "spotMaxPrice":
        -1.0, "nodeTaints": [], "enableEncryptionAtHost": false, "enableUltraSSD": false,
        "enableFIPS": false, "creationData": {"sourceResourceId": "/subscriptions/00000000-0000-0000-0000-000000000000/resourceGroups/clitest000001/providers/Microsoft.ContainerService/snapshots/s000006"}}}'
      headers:
        AKSHTTPCustomFeatures:
          - Microsoft.ContainerService/SnapshotPreview
        Accept:
          - application/json
        Accept-Encoding:
          - gzip, deflate
        CommandName:
          - aks nodepool add
        Connection:
          - keep-alive
        Content-Length:
          - "634"
        Content-Type:
          - application/json
        ParameterSetName:
          - --resource-group --cluster-name --name --node-count --aks-custom-headers -k
            --snapshot-id -o
        User-Agent:
          - AZURECLI/2.30.0 azsdk-python-azure-mgmt-containerservice/16.4.0 Python/3.8.10
            (Linux-5.10.60.1-microsoft-standard-WSL2-x86_64-with-glibc2.29)
      method: PUT
      uri: https://management.azure.com/subscriptions/00000000-0000-0000-0000-000000000000/resourceGroups/clitest000001/providers/Microsoft.ContainerService/managedClusters/cliakstest000003/agentPools/c000005?api-version=2021-11-01-preview
    response:
      body:
        string:
          "{\n  \"id\": \"/subscriptions/00000000-0000-0000-0000-000000000000/resourcegroups/clitest000001/providers/Microsoft.ContainerService/managedClusters/cliakstest000003/agentPools/c000005\",\n
          \ \"name\": \"c000005\",\n  \"type\": \"Microsoft.ContainerService/managedClusters/agentPools\",\n
          \ \"properties\": {\n   \"count\": 1,\n   \"vmSize\": \"Standard_DS2_v2\",\n
          \  \"osDiskSizeGB\": 128,\n   \"osDiskType\": \"Managed\",\n   \"kubeletDiskType\":
          \"OS\",\n   \"workloadRuntime\": \"OCIContainer\",\n   \"maxPods\": 110,\n
          \  \"type\": \"VirtualMachineScaleSets\",\n   \"scaleDownMode\": \"Delete\",\n
          \  \"provisioningState\": \"Creating\",\n   \"powerState\": {\n    \"code\":
          \"Running\"\n   },\n   \"orchestratorVersion\": \"1.21.2\",\n   \"enableNodePublicIP\":
          false,\n   \"mode\": \"User\",\n   \"enableEncryptionAtHost\": false,\n   \"enableUltraSSD\":
          false,\n   \"osType\": \"Linux\",\n   \"osSKU\": \"Ubuntu\",\n   \"nodeImageVersion\":
          \"AKSUbuntu-1804gen2containerd-2021.11.06\",\n   \"upgradeSettings\": {},\n
          \  \"enableFIPS\": false,\n   \"creationData\": {\n    \"sourceResourceId\":
          \"/subscriptions/00000000-0000-0000-0000-000000000000/resourceGroups/clitest000001/providers/Microsoft.ContainerService/snapshots/s000006\"\n
          \  }\n  }\n }"
      headers:
        azure-asyncoperation:
          - https://management.azure.com/subscriptions/00000000-0000-0000-0000-000000000000/providers/Microsoft.ContainerService/locations/westus2/operations/5169d1e4-6846-4edf-b175-28ccb70ae8d7?api-version=2016-03-30
        cache-control:
          - no-cache
        content-length:
          - "1144"
        content-type:
          - application/json
        date:
          - Wed, 01 Dec 2021 16:43:05 GMT
        expires:
          - "-1"
        pragma:
          - no-cache
        server:
          - nginx
        strict-transport-security:
          - max-age=31536000; includeSubDomains
        x-content-type-options:
          - nosniff
        x-ms-ratelimit-remaining-subscription-writes:
          - "1197"
      status:
        code: 201
        message: Created
  - request:
      body: null
      headers:
        AKSHTTPCustomFeatures:
          - Microsoft.ContainerService/SnapshotPreview
        Accept:
          - "*/*"
        Accept-Encoding:
          - gzip, deflate
        CommandName:
          - aks nodepool add
        Connection:
          - keep-alive
        ParameterSetName:
          - --resource-group --cluster-name --name --node-count --aks-custom-headers -k
            --snapshot-id -o
        User-Agent:
          - AZURECLI/2.30.0 azsdk-python-azure-mgmt-containerservice/16.4.0 Python/3.8.10
            (Linux-5.10.60.1-microsoft-standard-WSL2-x86_64-with-glibc2.29)
      method: GET
      uri: https://management.azure.com/subscriptions/00000000-0000-0000-0000-000000000000/providers/Microsoft.ContainerService/locations/westus2/operations/5169d1e4-6846-4edf-b175-28ccb70ae8d7?api-version=2016-03-30
    response:
      body:
        string:
          "{\n  \"name\": \"e4d16951-4668-df4e-b175-28ccb70ae8d7\",\n  \"status\":
          \"InProgress\",\n  \"startTime\": \"2021-12-01T16:43:05.74Z\"\n }"
      headers:
        cache-control:
          - no-cache
        content-length:
          - "121"
        content-type:
          - application/json
        date:
          - Wed, 01 Dec 2021 16:43:35 GMT
        expires:
          - "-1"
        pragma:
          - no-cache
        server:
          - nginx
        strict-transport-security:
          - max-age=31536000; includeSubDomains
        transfer-encoding:
          - chunked
        vary:
          - Accept-Encoding
        x-content-type-options:
          - nosniff
      status:
        code: 200
        message: OK
  - request:
      body: null
      headers:
        AKSHTTPCustomFeatures:
          - Microsoft.ContainerService/SnapshotPreview
        Accept:
          - "*/*"
        Accept-Encoding:
          - gzip, deflate
        CommandName:
          - aks nodepool add
        Connection:
          - keep-alive
        ParameterSetName:
          - --resource-group --cluster-name --name --node-count --aks-custom-headers -k
            --snapshot-id -o
        User-Agent:
          - AZURECLI/2.30.0 azsdk-python-azure-mgmt-containerservice/16.4.0 Python/3.8.10
            (Linux-5.10.60.1-microsoft-standard-WSL2-x86_64-with-glibc2.29)
      method: GET
      uri: https://management.azure.com/subscriptions/00000000-0000-0000-0000-000000000000/providers/Microsoft.ContainerService/locations/westus2/operations/5169d1e4-6846-4edf-b175-28ccb70ae8d7?api-version=2016-03-30
    response:
      body:
        string:
          "{\n  \"name\": \"e4d16951-4668-df4e-b175-28ccb70ae8d7\",\n  \"status\":
          \"InProgress\",\n  \"startTime\": \"2021-12-01T16:43:05.74Z\"\n }"
      headers:
        cache-control:
          - no-cache
        content-length:
          - "121"
        content-type:
          - application/json
        date:
          - Wed, 01 Dec 2021 16:44:05 GMT
        expires:
          - "-1"
        pragma:
          - no-cache
        server:
          - nginx
        strict-transport-security:
          - max-age=31536000; includeSubDomains
        transfer-encoding:
          - chunked
        vary:
          - Accept-Encoding
        x-content-type-options:
          - nosniff
      status:
        code: 200
        message: OK
  - request:
      body: null
      headers:
        AKSHTTPCustomFeatures:
          - Microsoft.ContainerService/SnapshotPreview
        Accept:
          - "*/*"
        Accept-Encoding:
          - gzip, deflate
        CommandName:
          - aks nodepool add
        Connection:
          - keep-alive
        ParameterSetName:
          - --resource-group --cluster-name --name --node-count --aks-custom-headers -k
            --snapshot-id -o
        User-Agent:
          - AZURECLI/2.30.0 azsdk-python-azure-mgmt-containerservice/16.4.0 Python/3.8.10
            (Linux-5.10.60.1-microsoft-standard-WSL2-x86_64-with-glibc2.29)
      method: GET
      uri: https://management.azure.com/subscriptions/00000000-0000-0000-0000-000000000000/providers/Microsoft.ContainerService/locations/westus2/operations/5169d1e4-6846-4edf-b175-28ccb70ae8d7?api-version=2016-03-30
    response:
      body:
        string:
          "{\n  \"name\": \"e4d16951-4668-df4e-b175-28ccb70ae8d7\",\n  \"status\":
          \"InProgress\",\n  \"startTime\": \"2021-12-01T16:43:05.74Z\"\n }"
      headers:
        cache-control:
          - no-cache
        content-length:
          - "121"
        content-type:
          - application/json
        date:
          - Wed, 01 Dec 2021 16:44:36 GMT
        expires:
          - "-1"
        pragma:
          - no-cache
        server:
          - nginx
        strict-transport-security:
          - max-age=31536000; includeSubDomains
        transfer-encoding:
          - chunked
        vary:
          - Accept-Encoding
        x-content-type-options:
          - nosniff
      status:
        code: 200
        message: OK
  - request:
      body: null
      headers:
        AKSHTTPCustomFeatures:
          - Microsoft.ContainerService/SnapshotPreview
        Accept:
          - "*/*"
        Accept-Encoding:
          - gzip, deflate
        CommandName:
          - aks nodepool add
        Connection:
          - keep-alive
        ParameterSetName:
          - --resource-group --cluster-name --name --node-count --aks-custom-headers -k
            --snapshot-id -o
        User-Agent:
          - AZURECLI/2.30.0 azsdk-python-azure-mgmt-containerservice/16.4.0 Python/3.8.10
            (Linux-5.10.60.1-microsoft-standard-WSL2-x86_64-with-glibc2.29)
      method: GET
      uri: https://management.azure.com/subscriptions/00000000-0000-0000-0000-000000000000/providers/Microsoft.ContainerService/locations/westus2/operations/5169d1e4-6846-4edf-b175-28ccb70ae8d7?api-version=2016-03-30
    response:
      body:
        string:
          "{\n  \"name\": \"e4d16951-4668-df4e-b175-28ccb70ae8d7\",\n  \"status\":
          \"InProgress\",\n  \"startTime\": \"2021-12-01T16:43:05.74Z\"\n }"
      headers:
        cache-control:
          - no-cache
        content-length:
          - "121"
        content-type:
          - application/json
        date:
          - Wed, 01 Dec 2021 16:45:06 GMT
        expires:
          - "-1"
        pragma:
          - no-cache
        server:
          - nginx
        strict-transport-security:
          - max-age=31536000; includeSubDomains
        transfer-encoding:
          - chunked
        vary:
          - Accept-Encoding
        x-content-type-options:
          - nosniff
      status:
        code: 200
        message: OK
  - request:
      body: null
      headers:
        AKSHTTPCustomFeatures:
          - Microsoft.ContainerService/SnapshotPreview
        Accept:
          - "*/*"
        Accept-Encoding:
          - gzip, deflate
        CommandName:
          - aks nodepool add
        Connection:
          - keep-alive
        ParameterSetName:
          - --resource-group --cluster-name --name --node-count --aks-custom-headers -k
            --snapshot-id -o
        User-Agent:
          - AZURECLI/2.30.0 azsdk-python-azure-mgmt-containerservice/16.4.0 Python/3.8.10
            (Linux-5.10.60.1-microsoft-standard-WSL2-x86_64-with-glibc2.29)
      method: GET
      uri: https://management.azure.com/subscriptions/00000000-0000-0000-0000-000000000000/providers/Microsoft.ContainerService/locations/westus2/operations/5169d1e4-6846-4edf-b175-28ccb70ae8d7?api-version=2016-03-30
    response:
      body:
        string:
          "{\n  \"name\": \"e4d16951-4668-df4e-b175-28ccb70ae8d7\",\n  \"status\":
          \"InProgress\",\n  \"startTime\": \"2021-12-01T16:43:05.74Z\"\n }"
      headers:
        cache-control:
          - no-cache
        content-length:
          - "121"
        content-type:
          - application/json
        date:
          - Wed, 01 Dec 2021 16:45:35 GMT
        expires:
          - "-1"
        pragma:
          - no-cache
        server:
          - nginx
        strict-transport-security:
          - max-age=31536000; includeSubDomains
        transfer-encoding:
          - chunked
        vary:
          - Accept-Encoding
        x-content-type-options:
          - nosniff
      status:
        code: 200
        message: OK
  - request:
      body: null
      headers:
        AKSHTTPCustomFeatures:
          - Microsoft.ContainerService/SnapshotPreview
        Accept:
          - "*/*"
        Accept-Encoding:
          - gzip, deflate
        CommandName:
          - aks nodepool add
        Connection:
          - keep-alive
        ParameterSetName:
          - --resource-group --cluster-name --name --node-count --aks-custom-headers -k
            --snapshot-id -o
        User-Agent:
          - AZURECLI/2.30.0 azsdk-python-azure-mgmt-containerservice/16.4.0 Python/3.8.10
            (Linux-5.10.60.1-microsoft-standard-WSL2-x86_64-with-glibc2.29)
      method: GET
      uri: https://management.azure.com/subscriptions/00000000-0000-0000-0000-000000000000/providers/Microsoft.ContainerService/locations/westus2/operations/5169d1e4-6846-4edf-b175-28ccb70ae8d7?api-version=2016-03-30
    response:
      body:
        string:
          "{\n  \"name\": \"e4d16951-4668-df4e-b175-28ccb70ae8d7\",\n  \"status\":
          \"InProgress\",\n  \"startTime\": \"2021-12-01T16:43:05.74Z\"\n }"
      headers:
        cache-control:
          - no-cache
        content-length:
          - "121"
        content-type:
          - application/json
        date:
          - Wed, 01 Dec 2021 16:46:05 GMT
        expires:
          - "-1"
        pragma:
          - no-cache
        server:
          - nginx
        strict-transport-security:
          - max-age=31536000; includeSubDomains
        transfer-encoding:
          - chunked
        vary:
          - Accept-Encoding
        x-content-type-options:
          - nosniff
      status:
        code: 200
        message: OK
  - request:
      body: null
      headers:
        AKSHTTPCustomFeatures:
          - Microsoft.ContainerService/SnapshotPreview
        Accept:
          - "*/*"
        Accept-Encoding:
          - gzip, deflate
        CommandName:
          - aks nodepool add
        Connection:
          - keep-alive
        ParameterSetName:
          - --resource-group --cluster-name --name --node-count --aks-custom-headers -k
            --snapshot-id -o
        User-Agent:
          - AZURECLI/2.30.0 azsdk-python-azure-mgmt-containerservice/16.4.0 Python/3.8.10
            (Linux-5.10.60.1-microsoft-standard-WSL2-x86_64-with-glibc2.29)
      method: GET
      uri: https://management.azure.com/subscriptions/00000000-0000-0000-0000-000000000000/providers/Microsoft.ContainerService/locations/westus2/operations/5169d1e4-6846-4edf-b175-28ccb70ae8d7?api-version=2016-03-30
    response:
      body:
        string:
          "{\n  \"name\": \"e4d16951-4668-df4e-b175-28ccb70ae8d7\",\n  \"status\":
          \"Succeeded\",\n  \"startTime\": \"2021-12-01T16:43:05.74Z\",\n  \"endTime\":
          \"2021-12-01T16:46:09.2309266Z\"\n }"
      headers:
        cache-control:
          - no-cache
        content-length:
          - "165"
        content-type:
          - application/json
        date:
          - Wed, 01 Dec 2021 16:46:36 GMT
        expires:
          - "-1"
        pragma:
          - no-cache
        server:
          - nginx
        strict-transport-security:
          - max-age=31536000; includeSubDomains
        transfer-encoding:
          - chunked
        vary:
          - Accept-Encoding
        x-content-type-options:
          - nosniff
      status:
        code: 200
        message: OK
  - request:
      body: null
      headers:
        AKSHTTPCustomFeatures:
          - Microsoft.ContainerService/SnapshotPreview
        Accept:
          - "*/*"
        Accept-Encoding:
          - gzip, deflate
        CommandName:
          - aks nodepool add
        Connection:
          - keep-alive
        ParameterSetName:
          - --resource-group --cluster-name --name --node-count --aks-custom-headers -k
            --snapshot-id -o
        User-Agent:
          - AZURECLI/2.30.0 azsdk-python-azure-mgmt-containerservice/16.4.0 Python/3.8.10
            (Linux-5.10.60.1-microsoft-standard-WSL2-x86_64-with-glibc2.29)
      method: GET
      uri: https://management.azure.com/subscriptions/00000000-0000-0000-0000-000000000000/resourceGroups/clitest000001/providers/Microsoft.ContainerService/managedClusters/cliakstest000003/agentPools/c000005?api-version=2021-11-01-preview
    response:
      body:
        string:
          "{\n  \"id\": \"/subscriptions/00000000-0000-0000-0000-000000000000/resourcegroups/clitest000001/providers/Microsoft.ContainerService/managedClusters/cliakstest000003/agentPools/c000005\",\n
          \ \"name\": \"c000005\",\n  \"type\": \"Microsoft.ContainerService/managedClusters/agentPools\",\n
          \ \"properties\": {\n   \"count\": 1,\n   \"vmSize\": \"Standard_DS2_v2\",\n
          \  \"osDiskSizeGB\": 128,\n   \"osDiskType\": \"Managed\",\n   \"kubeletDiskType\":
          \"OS\",\n   \"workloadRuntime\": \"OCIContainer\",\n   \"maxPods\": 110,\n
          \  \"type\": \"VirtualMachineScaleSets\",\n   \"scaleDownMode\": \"Delete\",\n
          \  \"provisioningState\": \"Succeeded\",\n   \"powerState\": {\n    \"code\":
          \"Running\"\n   },\n   \"orchestratorVersion\": \"1.21.2\",\n   \"enableNodePublicIP\":
          false,\n   \"mode\": \"User\",\n   \"enableEncryptionAtHost\": false,\n   \"enableUltraSSD\":
          false,\n   \"osType\": \"Linux\",\n   \"osSKU\": \"Ubuntu\",\n   \"nodeImageVersion\":
          \"AKSUbuntu-1804gen2containerd-2021.11.06\",\n   \"upgradeSettings\": {},\n
          \  \"enableFIPS\": false,\n   \"creationData\": {\n    \"sourceResourceId\":
          \"/subscriptions/00000000-0000-0000-0000-000000000000/resourceGroups/clitest000001/providers/Microsoft.ContainerService/snapshots/s000006\"\n
          \  }\n  }\n }"
      headers:
        cache-control:
          - no-cache
        content-length:
          - "1145"
        content-type:
          - application/json
        date:
          - Wed, 01 Dec 2021 16:46:37 GMT
        expires:
          - "-1"
        pragma:
          - no-cache
        server:
          - nginx
        strict-transport-security:
          - max-age=31536000; includeSubDomains
        transfer-encoding:
          - chunked
        vary:
          - Accept-Encoding
        x-content-type-options:
          - nosniff
      status:
        code: 200
        message: OK
  - request:
      body: null
      headers:
        Accept:
          - application/json
        Accept-Encoding:
          - gzip, deflate
        CommandName:
          - aks upgrade
        Connection:
          - keep-alive
        ParameterSetName:
          - --resource-group --name -k --yes -o
        User-Agent:
          - AZURECLI/2.30.0 azsdk-python-azure-mgmt-containerservice/16.4.0 Python/3.8.10
            (Linux-5.10.60.1-microsoft-standard-WSL2-x86_64-with-glibc2.29)
      method: GET
      uri: https://management.azure.com/subscriptions/00000000-0000-0000-0000-000000000000/resourceGroups/clitest000001/providers/Microsoft.ContainerService/managedClusters/cliakstest000003?api-version=2021-11-01-preview
    response:
      body:
        string:
          "{\n  \"id\": \"/subscriptions/00000000-0000-0000-0000-000000000000/resourcegroups/clitest000001/providers/Microsoft.ContainerService/managedClusters/cliakstest000003\",\n
          \ \"location\": \"westus2\",\n  \"name\": \"cliakstest000003\",\n  \"type\":
          \"Microsoft.ContainerService/ManagedClusters\",\n  \"properties\": {\n   \"provisioningState\":
          \"Succeeded\",\n   \"powerState\": {\n    \"code\": \"Running\"\n   },\n   \"kubernetesVersion\":
          \"1.21.2\",\n   \"dnsPrefix\": \"cliakstest-clitesttshwj7kie-8ecadf\",\n   \"fqdn\":
          \"cliakstest-clitesttshwj7kie-8ecadf-13448a88.hcp.westus2.azmk8s.io\",\n   \"azurePortalFQDN\":
          \"cliakstest-clitesttshwj7kie-8ecadf-13448a88.portal.hcp.westus2.azmk8s.io\",\n
          \  \"agentPoolProfiles\": [\n    {\n     \"name\": \"c000005\",\n     \"count\":
          1,\n     \"vmSize\": \"Standard_DS2_v2\",\n     \"osDiskSizeGB\": 128,\n     \"osDiskType\":
          \"Managed\",\n     \"kubeletDiskType\": \"OS\",\n     \"workloadRuntime\":
          \"OCIContainer\",\n     \"maxPods\": 110,\n     \"type\": \"VirtualMachineScaleSets\",\n
          \    \"scaleDownMode\": \"Delete\",\n     \"provisioningState\": \"Succeeded\",\n
          \    \"powerState\": {\n      \"code\": \"Running\"\n     },\n     \"orchestratorVersion\":
          \"1.21.2\",\n     \"enableNodePublicIP\": false,\n     \"mode\": \"User\",\n
          \    \"enableEncryptionAtHost\": false,\n     \"enableUltraSSD\": false,\n
          \    \"osType\": \"Linux\",\n     \"osSKU\": \"Ubuntu\",\n     \"nodeImageVersion\":
          \"AKSUbuntu-1804gen2containerd-2021.11.06\",\n     \"upgradeSettings\": {},\n
          \    \"enableFIPS\": false,\n     \"creationData\": {\n      \"sourceResourceId\":
          \"/subscriptions/00000000-0000-0000-0000-000000000000/resourceGroups/clitest000001/providers/Microsoft.ContainerService/snapshots/s000006\"\n
          \    }\n    },\n    {\n     \"name\": \"c000004\",\n     \"count\": 1,\n     \"vmSize\":
          \"Standard_DS2_v2\",\n     \"osDiskSizeGB\": 128,\n     \"osDiskType\": \"Managed\",\n
          \    \"kubeletDiskType\": \"OS\",\n     \"workloadRuntime\": \"OCIContainer\",\n
          \    \"maxPods\": 110,\n     \"type\": \"VirtualMachineScaleSets\",\n     \"enableAutoScaling\":
          false,\n     \"provisioningState\": \"Succeeded\",\n     \"powerState\": {\n
          \     \"code\": \"Running\"\n     },\n     \"orchestratorVersion\": \"1.21.2\",\n
          \    \"enableNodePublicIP\": false,\n     \"mode\": \"System\",\n     \"enableEncryptionAtHost\":
          false,\n     \"enableUltraSSD\": false,\n     \"osType\": \"Linux\",\n     \"osSKU\":
          \"Ubuntu\",\n     \"nodeImageVersion\": \"AKSUbuntu-1804gen2containerd-2021.11.06\",\n
          \    \"enableFIPS\": false,\n     \"creationData\": {\n      \"sourceResourceId\":
          \"/subscriptions/00000000-0000-0000-0000-000000000000/resourceGroups/clitest000001/providers/Microsoft.ContainerService/snapshots/s000006\"\n
          \    }\n    }\n   ],\n   \"linuxProfile\": {\n    \"adminUsername\": \"azureuser\",\n
          \   \"ssh\": {\n     \"publicKeys\": [\n      {\n       \"keyData\": \"ssh-rsa
          AAAAB3NzaC1yc2EAAAADAQABAAACAQCbIg1guRHbI0lV11wWDt1r2cUdcNd27CJsg+SfgC7miZeubtwUhbsPdhMQsfDyhOWHq1+ZL0M+nJZV63d/1dhmhtgyOqejUwrPlzKhydsbrsdUor+JmNJDdW01v7BXHyuymT8G4s09jCasNOwiufbP/qp72ruu0bIA1nySsvlf9pCQAuFkAnVnf/rFhUlOkhtRpwcq8SUNY2zRHR/EKb/4NWY1JzR4sa3q2fWIJdrrX0DvLoa5g9bIEd4Df79ba7v+yiUBOS0zT2ll+z4g9izHK3EO5d8hL4jYxcjKs+wcslSYRWrascfscLgMlMGh0CdKeNTDjHpGPncaf3Z+FwwwjWeuiNBxv7bJo13/8B/098KlVDl4GZqsoBCEjPyJfV6hO0y/LkRGkk7oHWKgeWAfKtfLItRp00eZ4fcJNK9kCaSMmEugoZWcI7NGbZXzqFWqbpRI7NcDP9+WIQ+i9U5vqWsqd/zng4kbuAJ6UuKqIzB0upYrLShfQE3SAck8oaLhJqqq56VfDuASNpJKidV+zq27HfSBmbXnkR/5AK337dc3MXKJypoK/QPMLKUAP5XLPbs+NddJQV7EZXd29DLgp+fRIg3edpKdO7ZErWhv7d+3Kws+e1Y+ypmR2WIVSwVyBEUfgv2C8Ts9gnTF4pNcEY/S2aBicz5Ew2+jdyGNQQ==
          test@example.com\\n\"\n      }\n     ]\n    }\n   },\n   \"servicePrincipalProfile\":
          {\n    \"clientId\":\"00000000-0000-0000-0000-000000000001\"\n   },\n   \"nodeResourceGroup\":
          \"MC_clitest000001_cliakstest000003_westus2\",\n   \"enableRBAC\": true,\n
          \  \"enablePodSecurityPolicy\": false,\n   \"networkProfile\": {\n    \"networkPlugin\":
          \"kubenet\",\n    \"loadBalancerSku\": \"Standard\",\n    \"loadBalancerProfile\":
          {\n     \"managedOutboundIPs\": {\n      \"count\": 1\n     },\n     \"effectiveOutboundIPs\":
          [\n      {\n       \"id\": \"/subscriptions/00000000-0000-0000-0000-000000000000/resourceGroups/MC_clitest000001_cliakstest000003_westus2/providers/Microsoft.Network/publicIPAddresses/56d7ddb4-0b30-454f-a132-0032981699f0\"\n
          \     }\n     ]\n    },\n    \"podCidr\": \"10.244.0.0/16\",\n    \"serviceCidr\":
          \"10.0.0.0/16\",\n    \"dnsServiceIP\": \"10.0.0.10\",\n    \"dockerBridgeCidr\":
          \"172.17.0.1/16\",\n    \"outboundType\": \"loadBalancer\",\n    \"podCidrs\":
          [\n     \"10.244.0.0/16\"\n    ],\n    \"serviceCidrs\": [\n     \"10.0.0.0/16\"\n
          \   ],\n    \"ipFamilies\": [\n     \"IPv4\"\n    ]\n   },\n   \"maxAgentPools\":
          100,\n   \"identityProfile\": {\n    \"kubeletidentity\": {\n     \"resourceId\":
          \"/subscriptions/00000000-0000-0000-0000-000000000000/resourcegroups/MC_clitest000001_cliakstest000003_westus2/providers/Microsoft.ManagedIdentity/userAssignedIdentities/cliakstest000003-agentpool\",\n
          \    \"clientId\":\"00000000-0000-0000-0000-000000000001\",\n     \"objectId\":\"00000000-0000-0000-0000-000000000001\"\n
          \   }\n   },\n   \"disableLocalAccounts\": false\n  },\n  \"identity\": {\n
          \  \"type\": \"SystemAssigned\",\n   \"principalId\":\"00000000-0000-0000-0000-000000000001\",\n
          \  \"tenantId\": \"72f988bf-86f1-41af-91ab-2d7cd011db47\"\n  },\n  \"sku\":
          {\n   \"name\": \"Basic\",\n   \"tier\": \"Free\"\n  }\n }"
      headers:
        cache-control:
          - no-cache
        content-length:
          - "5040"
        content-type:
          - application/json
        date:
          - Wed, 01 Dec 2021 16:46:37 GMT
        expires:
          - "-1"
        pragma:
          - no-cache
        server:
          - nginx
        strict-transport-security:
          - max-age=31536000; includeSubDomains
        transfer-encoding:
          - chunked
        vary:
          - Accept-Encoding
        x-content-type-options:
          - nosniff
      status:
        code: 200
        message: OK
  - request:
      body:
        '{"location": "westus2", "sku": {"name": "Basic", "tier": "Free"}, "identity":
        {"type": "SystemAssigned"}, "properties": {"kubernetesVersion": "1.22.2", "dnsPrefix":
        "cliakstest-clitesttshwj7kie-8ecadf", "agentPoolProfiles": [{"count": 1, "vmSize":
        "Standard_DS2_v2", "osDiskSizeGB": 128, "osDiskType": "Managed", "kubeletDiskType":
        "OS", "workloadRuntime": "OCIContainer", "maxPods": 110, "osType": "Linux",
        "osSKU": "Ubuntu", "scaleDownMode": "Delete", "type": "VirtualMachineScaleSets",
        "mode": "User", "orchestratorVersion": "1.22.2", "upgradeSettings": {}, "powerState":
        {"code": "Running"}, "enableNodePublicIP": false, "enableEncryptionAtHost":
        false, "enableUltraSSD": false, "enableFIPS": false, "name": "c000005"}, {"count":
        1, "vmSize": "Standard_DS2_v2", "osDiskSizeGB": 128, "osDiskType": "Managed",
        "kubeletDiskType": "OS", "workloadRuntime": "OCIContainer", "maxPods": 110,
        "osType": "Linux", "osSKU": "Ubuntu", "enableAutoScaling": false, "type": "VirtualMachineScaleSets",
        "mode": "System", "orchestratorVersion": "1.22.2", "powerState": {"code": "Running"},
        "enableNodePublicIP": false, "enableEncryptionAtHost": false, "enableUltraSSD":
        false, "enableFIPS": false, "name": "c000004"}], "linuxProfile": {"adminUsername":
        "azureuser", "ssh": {"publicKeys": [{"keyData": "ssh-rsa AAAAB3NzaC1yc2EAAAADAQABAAACAQCbIg1guRHbI0lV11wWDt1r2cUdcNd27CJsg+SfgC7miZeubtwUhbsPdhMQsfDyhOWHq1+ZL0M+nJZV63d/1dhmhtgyOqejUwrPlzKhydsbrsdUor+JmNJDdW01v7BXHyuymT8G4s09jCasNOwiufbP/qp72ruu0bIA1nySsvlf9pCQAuFkAnVnf/rFhUlOkhtRpwcq8SUNY2zRHR/EKb/4NWY1JzR4sa3q2fWIJdrrX0DvLoa5g9bIEd4Df79ba7v+yiUBOS0zT2ll+z4g9izHK3EO5d8hL4jYxcjKs+wcslSYRWrascfscLgMlMGh0CdKeNTDjHpGPncaf3Z+FwwwjWeuiNBxv7bJo13/8B/098KlVDl4GZqsoBCEjPyJfV6hO0y/LkRGkk7oHWKgeWAfKtfLItRp00eZ4fcJNK9kCaSMmEugoZWcI7NGbZXzqFWqbpRI7NcDP9+WIQ+i9U5vqWsqd/zng4kbuAJ6UuKqIzB0upYrLShfQE3SAck8oaLhJqqq56VfDuASNpJKidV+zq27HfSBmbXnkR/5AK337dc3MXKJypoK/QPMLKUAP5XLPbs+NddJQV7EZXd29DLgp+fRIg3edpKdO7ZErWhv7d+3Kws+e1Y+ypmR2WIVSwVyBEUfgv2C8Ts9gnTF4pNcEY/S2aBicz5Ew2+jdyGNQQ==
        test@example.com\n"}]}}, "nodeResourceGroup": "MC_clitest000001_cliakstest000003_westus2",
        "enableRBAC": true, "enablePodSecurityPolicy": false, "networkProfile": {"networkPlugin":
        "kubenet", "podCidr": "10.244.0.0/16", "serviceCidr": "10.0.0.0/16", "dnsServiceIP":
        "10.0.0.10", "dockerBridgeCidr": "172.17.0.1/16", "outboundType": "loadBalancer",
        "loadBalancerSku": "Standard", "loadBalancerProfile": {"managedOutboundIPs":
        {"count": 1}, "effectiveOutboundIPs": [{"id": "/subscriptions/00000000-0000-0000-0000-000000000000/resourceGroups/MC_clitest000001_cliakstest000003_westus2/providers/Microsoft.Network/publicIPAddresses/56d7ddb4-0b30-454f-a132-0032981699f0"}]},
        "podCidrs": ["10.244.0.0/16"], "serviceCidrs": ["10.0.0.0/16"], "ipFamilies":
        ["IPv4"]}, "identityProfile": {"kubeletidentity": {"resourceId": "/subscriptions/00000000-0000-0000-0000-000000000000/resourcegroups/MC_clitest000001_cliakstest000003_westus2/providers/Microsoft.ManagedIdentity/userAssignedIdentities/cliakstest000003-agentpool",
        "clientId":"00000000-0000-0000-0000-000000000001", "objectId":"00000000-0000-0000-0000-000000000001"}},
        "disableLocalAccounts": false}}'
      headers:
        Accept:
          - application/json
        Accept-Encoding:
          - gzip, deflate
        CommandName:
          - aks upgrade
        Connection:
          - keep-alive
        Content-Length:
          - "3169"
        Content-Type:
          - application/json
        ParameterSetName:
          - --resource-group --name -k --yes -o
        User-Agent:
          - AZURECLI/2.30.0 azsdk-python-azure-mgmt-containerservice/16.4.0 Python/3.8.10
            (Linux-5.10.60.1-microsoft-standard-WSL2-x86_64-with-glibc2.29)
      method: PUT
      uri: https://management.azure.com/subscriptions/00000000-0000-0000-0000-000000000000/resourceGroups/clitest000001/providers/Microsoft.ContainerService/managedClusters/cliakstest000003?api-version=2021-11-01-preview
    response:
      body:
        string:
          "{\n  \"id\": \"/subscriptions/00000000-0000-0000-0000-000000000000/resourcegroups/clitest000001/providers/Microsoft.ContainerService/managedClusters/cliakstest000003\",\n
          \ \"location\": \"westus2\",\n  \"name\": \"cliakstest000003\",\n  \"type\":
          \"Microsoft.ContainerService/ManagedClusters\",\n  \"properties\": {\n   \"provisioningState\":
          \"Upgrading\",\n   \"powerState\": {\n    \"code\": \"Running\"\n   },\n   \"kubernetesVersion\":
          \"1.22.2\",\n   \"dnsPrefix\": \"cliakstest-clitesttshwj7kie-8ecadf\",\n   \"fqdn\":
          \"cliakstest-clitesttshwj7kie-8ecadf-13448a88.hcp.westus2.azmk8s.io\",\n   \"azurePortalFQDN\":
          \"cliakstest-clitesttshwj7kie-8ecadf-13448a88.portal.hcp.westus2.azmk8s.io\",\n
          \  \"agentPoolProfiles\": [\n    {\n     \"name\": \"c000005\",\n     \"count\":
          1,\n     \"vmSize\": \"Standard_DS2_v2\",\n     \"osDiskSizeGB\": 128,\n     \"osDiskType\":
          \"Managed\",\n     \"kubeletDiskType\": \"OS\",\n     \"workloadRuntime\":
          \"OCIContainer\",\n     \"maxPods\": 110,\n     \"type\": \"VirtualMachineScaleSets\",\n
          \    \"scaleDownMode\": \"Delete\",\n     \"provisioningState\": \"Upgrading\",\n
          \    \"powerState\": {\n      \"code\": \"Running\"\n     },\n     \"orchestratorVersion\":
          \"1.22.2\",\n     \"enableNodePublicIP\": false,\n     \"mode\": \"User\",\n
          \    \"enableEncryptionAtHost\": false,\n     \"enableUltraSSD\": false,\n
          \    \"osType\": \"Linux\",\n     \"osSKU\": \"Ubuntu\",\n     \"nodeImageVersion\":
          \"AKSUbuntu-1804gen2containerd-2021.11.06\",\n     \"upgradeSettings\": {},\n
          \    \"enableFIPS\": false\n    },\n    {\n     \"name\": \"c000004\",\n     \"count\":
          1,\n     \"vmSize\": \"Standard_DS2_v2\",\n     \"osDiskSizeGB\": 128,\n     \"osDiskType\":
          \"Managed\",\n     \"kubeletDiskType\": \"OS\",\n     \"workloadRuntime\":
          \"OCIContainer\",\n     \"maxPods\": 110,\n     \"type\": \"VirtualMachineScaleSets\",\n
          \    \"enableAutoScaling\": false,\n     \"provisioningState\": \"Upgrading\",\n
          \    \"powerState\": {\n      \"code\": \"Running\"\n     },\n     \"orchestratorVersion\":
          \"1.22.2\",\n     \"enableNodePublicIP\": false,\n     \"mode\": \"System\",\n
          \    \"enableEncryptionAtHost\": false,\n     \"enableUltraSSD\": false,\n
          \    \"osType\": \"Linux\",\n     \"osSKU\": \"Ubuntu\",\n     \"nodeImageVersion\":
          \"AKSUbuntu-1804gen2containerd-2021.11.06\",\n     \"enableFIPS\": false\n
          \   }\n   ],\n   \"linuxProfile\": {\n    \"adminUsername\": \"azureuser\",\n
          \   \"ssh\": {\n     \"publicKeys\": [\n      {\n       \"keyData\": \"ssh-rsa
          AAAAB3NzaC1yc2EAAAADAQABAAACAQCbIg1guRHbI0lV11wWDt1r2cUdcNd27CJsg+SfgC7miZeubtwUhbsPdhMQsfDyhOWHq1+ZL0M+nJZV63d/1dhmhtgyOqejUwrPlzKhydsbrsdUor+JmNJDdW01v7BXHyuymT8G4s09jCasNOwiufbP/qp72ruu0bIA1nySsvlf9pCQAuFkAnVnf/rFhUlOkhtRpwcq8SUNY2zRHR/EKb/4NWY1JzR4sa3q2fWIJdrrX0DvLoa5g9bIEd4Df79ba7v+yiUBOS0zT2ll+z4g9izHK3EO5d8hL4jYxcjKs+wcslSYRWrascfscLgMlMGh0CdKeNTDjHpGPncaf3Z+FwwwjWeuiNBxv7bJo13/8B/098KlVDl4GZqsoBCEjPyJfV6hO0y/LkRGkk7oHWKgeWAfKtfLItRp00eZ4fcJNK9kCaSMmEugoZWcI7NGbZXzqFWqbpRI7NcDP9+WIQ+i9U5vqWsqd/zng4kbuAJ6UuKqIzB0upYrLShfQE3SAck8oaLhJqqq56VfDuASNpJKidV+zq27HfSBmbXnkR/5AK337dc3MXKJypoK/QPMLKUAP5XLPbs+NddJQV7EZXd29DLgp+fRIg3edpKdO7ZErWhv7d+3Kws+e1Y+ypmR2WIVSwVyBEUfgv2C8Ts9gnTF4pNcEY/S2aBicz5Ew2+jdyGNQQ==
          test@example.com\\n\"\n      }\n     ]\n    }\n   },\n   \"servicePrincipalProfile\":
          {\n    \"clientId\":\"00000000-0000-0000-0000-000000000001\"\n   },\n   \"nodeResourceGroup\":
          \"MC_clitest000001_cliakstest000003_westus2\",\n   \"enableRBAC\": true,\n
          \  \"enablePodSecurityPolicy\": false,\n   \"networkProfile\": {\n    \"networkPlugin\":
          \"kubenet\",\n    \"loadBalancerSku\": \"Standard\",\n    \"loadBalancerProfile\":
          {\n     \"managedOutboundIPs\": {\n      \"count\": 1\n     },\n     \"effectiveOutboundIPs\":
          [\n      {\n       \"id\": \"/subscriptions/00000000-0000-0000-0000-000000000000/resourceGroups/MC_clitest000001_cliakstest000003_westus2/providers/Microsoft.Network/publicIPAddresses/56d7ddb4-0b30-454f-a132-0032981699f0\"\n
          \     }\n     ]\n    },\n    \"podCidr\": \"10.244.0.0/16\",\n    \"serviceCidr\":
          \"10.0.0.0/16\",\n    \"dnsServiceIP\": \"10.0.0.10\",\n    \"dockerBridgeCidr\":
          \"172.17.0.1/16\",\n    \"outboundType\": \"loadBalancer\",\n    \"podCidrs\":
          [\n     \"10.244.0.0/16\"\n    ],\n    \"serviceCidrs\": [\n     \"10.0.0.0/16\"\n
          \   ],\n    \"ipFamilies\": [\n     \"IPv4\"\n    ]\n   },\n   \"maxAgentPools\":
          100,\n   \"identityProfile\": {\n    \"kubeletidentity\": {\n     \"resourceId\":
          \"/subscriptions/00000000-0000-0000-0000-000000000000/resourcegroups/MC_clitest000001_cliakstest000003_westus2/providers/Microsoft.ManagedIdentity/userAssignedIdentities/cliakstest000003-agentpool\",\n
          \    \"clientId\":\"00000000-0000-0000-0000-000000000001\",\n     \"objectId\":\"00000000-0000-0000-0000-000000000001\"\n
          \   }\n   },\n   \"disableLocalAccounts\": false\n  },\n  \"identity\": {\n
          \  \"type\": \"SystemAssigned\",\n   \"principalId\":\"00000000-0000-0000-0000-000000000001\",\n
          \  \"tenantId\": \"72f988bf-86f1-41af-91ab-2d7cd011db47\"\n  },\n  \"sku\":
          {\n   \"name\": \"Basic\",\n   \"tier\": \"Free\"\n  }\n }"
      headers:
        azure-asyncoperation:
          - https://management.azure.com/subscriptions/00000000-0000-0000-0000-000000000000/providers/Microsoft.ContainerService/locations/westus2/operations/79731769-0c59-4588-b51a-b64bb96c5906?api-version=2016-03-30
        cache-control:
          - no-cache
        content-length:
          - "4624"
        content-type:
          - application/json
        date:
          - Wed, 01 Dec 2021 16:46:42 GMT
        expires:
          - "-1"
        pragma:
          - no-cache
        server:
          - nginx
        strict-transport-security:
          - max-age=31536000; includeSubDomains
        transfer-encoding:
          - chunked
        vary:
          - Accept-Encoding
        x-content-type-options:
          - nosniff
        x-ms-ratelimit-remaining-subscription-writes:
          - "1198"
      status:
        code: 200
        message: OK
  - request:
      body: null
      headers:
        Accept:
          - "*/*"
        Accept-Encoding:
          - gzip, deflate
        CommandName:
          - aks upgrade
        Connection:
          - keep-alive
        ParameterSetName:
          - --resource-group --name -k --yes -o
        User-Agent:
          - AZURECLI/2.30.0 azsdk-python-azure-mgmt-containerservice/16.4.0 Python/3.8.10
            (Linux-5.10.60.1-microsoft-standard-WSL2-x86_64-with-glibc2.29)
      method: GET
      uri: https://management.azure.com/subscriptions/00000000-0000-0000-0000-000000000000/providers/Microsoft.ContainerService/locations/westus2/operations/79731769-0c59-4588-b51a-b64bb96c5906?api-version=2016-03-30
    response:
      body:
        string:
          "{\n  \"name\": \"69177379-590c-8845-b51a-b64bb96c5906\",\n  \"status\":
          \"InProgress\",\n  \"startTime\": \"2021-12-01T16:46:41.57Z\"\n }"
      headers:
        cache-control:
          - no-cache
        content-length:
          - "121"
        content-type:
          - application/json
        date:
          - Wed, 01 Dec 2021 16:47:11 GMT
        expires:
          - "-1"
        pragma:
          - no-cache
        server:
          - nginx
        strict-transport-security:
          - max-age=31536000; includeSubDomains
        transfer-encoding:
          - chunked
        vary:
          - Accept-Encoding
        x-content-type-options:
          - nosniff
      status:
        code: 200
        message: OK
  - request:
      body: null
      headers:
        Accept:
          - "*/*"
        Accept-Encoding:
          - gzip, deflate
        CommandName:
          - aks upgrade
        Connection:
          - keep-alive
        ParameterSetName:
          - --resource-group --name -k --yes -o
        User-Agent:
          - AZURECLI/2.30.0 azsdk-python-azure-mgmt-containerservice/16.4.0 Python/3.8.10
            (Linux-5.10.60.1-microsoft-standard-WSL2-x86_64-with-glibc2.29)
      method: GET
      uri: https://management.azure.com/subscriptions/00000000-0000-0000-0000-000000000000/providers/Microsoft.ContainerService/locations/westus2/operations/79731769-0c59-4588-b51a-b64bb96c5906?api-version=2016-03-30
    response:
      body:
        string:
          "{\n  \"name\": \"69177379-590c-8845-b51a-b64bb96c5906\",\n  \"status\":
          \"InProgress\",\n  \"startTime\": \"2021-12-01T16:46:41.57Z\"\n }"
      headers:
        cache-control:
          - no-cache
        content-length:
          - "121"
        content-type:
          - application/json
        date:
          - Wed, 01 Dec 2021 16:47:41 GMT
        expires:
          - "-1"
        pragma:
          - no-cache
        server:
          - nginx
        strict-transport-security:
          - max-age=31536000; includeSubDomains
        transfer-encoding:
          - chunked
        vary:
          - Accept-Encoding
        x-content-type-options:
          - nosniff
      status:
        code: 200
        message: OK
  - request:
      body: null
      headers:
        Accept:
          - "*/*"
        Accept-Encoding:
          - gzip, deflate
        CommandName:
          - aks upgrade
        Connection:
          - keep-alive
        ParameterSetName:
          - --resource-group --name -k --yes -o
        User-Agent:
          - AZURECLI/2.30.0 azsdk-python-azure-mgmt-containerservice/16.4.0 Python/3.8.10
            (Linux-5.10.60.1-microsoft-standard-WSL2-x86_64-with-glibc2.29)
      method: GET
      uri: https://management.azure.com/subscriptions/00000000-0000-0000-0000-000000000000/providers/Microsoft.ContainerService/locations/westus2/operations/79731769-0c59-4588-b51a-b64bb96c5906?api-version=2016-03-30
    response:
      body:
        string:
          "{\n  \"name\": \"69177379-590c-8845-b51a-b64bb96c5906\",\n  \"status\":
          \"InProgress\",\n  \"startTime\": \"2021-12-01T16:46:41.57Z\"\n }"
      headers:
        cache-control:
          - no-cache
        content-length:
          - "121"
        content-type:
          - application/json
        date:
          - Wed, 01 Dec 2021 16:48:12 GMT
        expires:
          - "-1"
        pragma:
          - no-cache
        server:
          - nginx
        strict-transport-security:
          - max-age=31536000; includeSubDomains
        transfer-encoding:
          - chunked
        vary:
          - Accept-Encoding
        x-content-type-options:
          - nosniff
      status:
        code: 200
        message: OK
  - request:
      body: null
      headers:
        Accept:
          - "*/*"
        Accept-Encoding:
          - gzip, deflate
        CommandName:
          - aks upgrade
        Connection:
          - keep-alive
        ParameterSetName:
          - --resource-group --name -k --yes -o
        User-Agent:
          - AZURECLI/2.30.0 azsdk-python-azure-mgmt-containerservice/16.4.0 Python/3.8.10
            (Linux-5.10.60.1-microsoft-standard-WSL2-x86_64-with-glibc2.29)
      method: GET
      uri: https://management.azure.com/subscriptions/00000000-0000-0000-0000-000000000000/providers/Microsoft.ContainerService/locations/westus2/operations/79731769-0c59-4588-b51a-b64bb96c5906?api-version=2016-03-30
    response:
      body:
        string:
          "{\n  \"name\": \"69177379-590c-8845-b51a-b64bb96c5906\",\n  \"status\":
          \"InProgress\",\n  \"startTime\": \"2021-12-01T16:46:41.57Z\"\n }"
      headers:
        cache-control:
          - no-cache
        content-length:
          - "121"
        content-type:
          - application/json
        date:
          - Wed, 01 Dec 2021 16:48:42 GMT
        expires:
          - "-1"
        pragma:
          - no-cache
        server:
          - nginx
        strict-transport-security:
          - max-age=31536000; includeSubDomains
        transfer-encoding:
          - chunked
        vary:
          - Accept-Encoding
        x-content-type-options:
          - nosniff
      status:
        code: 200
        message: OK
  - request:
      body: null
      headers:
        Accept:
          - "*/*"
        Accept-Encoding:
          - gzip, deflate
        CommandName:
          - aks upgrade
        Connection:
          - keep-alive
        ParameterSetName:
          - --resource-group --name -k --yes -o
        User-Agent:
          - AZURECLI/2.30.0 azsdk-python-azure-mgmt-containerservice/16.4.0 Python/3.8.10
            (Linux-5.10.60.1-microsoft-standard-WSL2-x86_64-with-glibc2.29)
      method: GET
      uri: https://management.azure.com/subscriptions/00000000-0000-0000-0000-000000000000/providers/Microsoft.ContainerService/locations/westus2/operations/79731769-0c59-4588-b51a-b64bb96c5906?api-version=2016-03-30
    response:
      body:
        string:
          "{\n  \"name\": \"69177379-590c-8845-b51a-b64bb96c5906\",\n  \"status\":
          \"InProgress\",\n  \"startTime\": \"2021-12-01T16:46:41.57Z\"\n }"
      headers:
        cache-control:
          - no-cache
        content-length:
          - "121"
        content-type:
          - application/json
        date:
          - Wed, 01 Dec 2021 16:49:12 GMT
        expires:
          - "-1"
        pragma:
          - no-cache
        server:
          - nginx
        strict-transport-security:
          - max-age=31536000; includeSubDomains
        transfer-encoding:
          - chunked
        vary:
          - Accept-Encoding
        x-content-type-options:
          - nosniff
      status:
        code: 200
        message: OK
  - request:
      body: null
      headers:
        Accept:
          - "*/*"
        Accept-Encoding:
          - gzip, deflate
        CommandName:
          - aks upgrade
        Connection:
          - keep-alive
        ParameterSetName:
          - --resource-group --name -k --yes -o
        User-Agent:
          - AZURECLI/2.30.0 azsdk-python-azure-mgmt-containerservice/16.4.0 Python/3.8.10
            (Linux-5.10.60.1-microsoft-standard-WSL2-x86_64-with-glibc2.29)
      method: GET
      uri: https://management.azure.com/subscriptions/00000000-0000-0000-0000-000000000000/providers/Microsoft.ContainerService/locations/westus2/operations/79731769-0c59-4588-b51a-b64bb96c5906?api-version=2016-03-30
    response:
      body:
        string:
          "{\n  \"name\": \"69177379-590c-8845-b51a-b64bb96c5906\",\n  \"status\":
          \"InProgress\",\n  \"startTime\": \"2021-12-01T16:46:41.57Z\"\n }"
      headers:
        cache-control:
          - no-cache
        content-length:
          - "121"
        content-type:
          - application/json
        date:
          - Wed, 01 Dec 2021 16:49:43 GMT
        expires:
          - "-1"
        pragma:
          - no-cache
        server:
          - nginx
        strict-transport-security:
          - max-age=31536000; includeSubDomains
        transfer-encoding:
          - chunked
        vary:
          - Accept-Encoding
        x-content-type-options:
          - nosniff
      status:
        code: 200
        message: OK
  - request:
      body: null
      headers:
        Accept:
          - "*/*"
        Accept-Encoding:
          - gzip, deflate
        CommandName:
          - aks upgrade
        Connection:
          - keep-alive
        ParameterSetName:
          - --resource-group --name -k --yes -o
        User-Agent:
          - AZURECLI/2.30.0 azsdk-python-azure-mgmt-containerservice/16.4.0 Python/3.8.10
            (Linux-5.10.60.1-microsoft-standard-WSL2-x86_64-with-glibc2.29)
      method: GET
      uri: https://management.azure.com/subscriptions/00000000-0000-0000-0000-000000000000/providers/Microsoft.ContainerService/locations/westus2/operations/79731769-0c59-4588-b51a-b64bb96c5906?api-version=2016-03-30
    response:
      body:
        string:
          "{\n  \"name\": \"69177379-590c-8845-b51a-b64bb96c5906\",\n  \"status\":
          \"InProgress\",\n  \"startTime\": \"2021-12-01T16:46:41.57Z\"\n }"
      headers:
        cache-control:
          - no-cache
        content-length:
          - "121"
        content-type:
          - application/json
        date:
          - Wed, 01 Dec 2021 16:50:12 GMT
        expires:
          - "-1"
        pragma:
          - no-cache
        server:
          - nginx
        strict-transport-security:
          - max-age=31536000; includeSubDomains
        transfer-encoding:
          - chunked
        vary:
          - Accept-Encoding
        x-content-type-options:
          - nosniff
      status:
        code: 200
        message: OK
  - request:
      body: null
      headers:
        Accept:
          - "*/*"
        Accept-Encoding:
          - gzip, deflate
        CommandName:
          - aks upgrade
        Connection:
          - keep-alive
        ParameterSetName:
          - --resource-group --name -k --yes -o
        User-Agent:
          - AZURECLI/2.30.0 azsdk-python-azure-mgmt-containerservice/16.4.0 Python/3.8.10
            (Linux-5.10.60.1-microsoft-standard-WSL2-x86_64-with-glibc2.29)
      method: GET
      uri: https://management.azure.com/subscriptions/00000000-0000-0000-0000-000000000000/providers/Microsoft.ContainerService/locations/westus2/operations/79731769-0c59-4588-b51a-b64bb96c5906?api-version=2016-03-30
    response:
      body:
        string:
          "{\n  \"name\": \"69177379-590c-8845-b51a-b64bb96c5906\",\n  \"status\":
          \"InProgress\",\n  \"startTime\": \"2021-12-01T16:46:41.57Z\"\n }"
      headers:
        cache-control:
          - no-cache
        content-length:
          - "121"
        content-type:
          - application/json
        date:
          - Wed, 01 Dec 2021 16:50:42 GMT
        expires:
          - "-1"
        pragma:
          - no-cache
        server:
          - nginx
        strict-transport-security:
          - max-age=31536000; includeSubDomains
        transfer-encoding:
          - chunked
        vary:
          - Accept-Encoding
        x-content-type-options:
          - nosniff
      status:
        code: 200
        message: OK
  - request:
      body: null
      headers:
        Accept:
          - "*/*"
        Accept-Encoding:
          - gzip, deflate
        CommandName:
          - aks upgrade
        Connection:
          - keep-alive
        ParameterSetName:
          - --resource-group --name -k --yes -o
        User-Agent:
          - AZURECLI/2.30.0 azsdk-python-azure-mgmt-containerservice/16.4.0 Python/3.8.10
            (Linux-5.10.60.1-microsoft-standard-WSL2-x86_64-with-glibc2.29)
      method: GET
      uri: https://management.azure.com/subscriptions/00000000-0000-0000-0000-000000000000/providers/Microsoft.ContainerService/locations/westus2/operations/79731769-0c59-4588-b51a-b64bb96c5906?api-version=2016-03-30
    response:
      body:
        string:
          "{\n  \"name\": \"69177379-590c-8845-b51a-b64bb96c5906\",\n  \"status\":
          \"InProgress\",\n  \"startTime\": \"2021-12-01T16:46:41.57Z\"\n }"
      headers:
        cache-control:
          - no-cache
        content-length:
          - "121"
        content-type:
          - application/json
        date:
          - Wed, 01 Dec 2021 16:51:13 GMT
        expires:
          - "-1"
        pragma:
          - no-cache
        server:
          - nginx
        strict-transport-security:
          - max-age=31536000; includeSubDomains
        transfer-encoding:
          - chunked
        vary:
          - Accept-Encoding
        x-content-type-options:
          - nosniff
      status:
        code: 200
        message: OK
  - request:
      body: null
      headers:
        Accept:
          - "*/*"
        Accept-Encoding:
          - gzip, deflate
        CommandName:
          - aks upgrade
        Connection:
          - keep-alive
        ParameterSetName:
          - --resource-group --name -k --yes -o
        User-Agent:
          - AZURECLI/2.30.0 azsdk-python-azure-mgmt-containerservice/16.4.0 Python/3.8.10
            (Linux-5.10.60.1-microsoft-standard-WSL2-x86_64-with-glibc2.29)
      method: GET
      uri: https://management.azure.com/subscriptions/00000000-0000-0000-0000-000000000000/providers/Microsoft.ContainerService/locations/westus2/operations/79731769-0c59-4588-b51a-b64bb96c5906?api-version=2016-03-30
    response:
      body:
        string:
          "{\n  \"name\": \"69177379-590c-8845-b51a-b64bb96c5906\",\n  \"status\":
          \"InProgress\",\n  \"startTime\": \"2021-12-01T16:46:41.57Z\"\n }"
      headers:
        cache-control:
          - no-cache
        content-length:
          - "121"
        content-type:
          - application/json
        date:
          - Wed, 01 Dec 2021 16:51:43 GMT
        expires:
          - "-1"
        pragma:
          - no-cache
        server:
          - nginx
        strict-transport-security:
          - max-age=31536000; includeSubDomains
        transfer-encoding:
          - chunked
        vary:
          - Accept-Encoding
        x-content-type-options:
          - nosniff
      status:
        code: 200
        message: OK
  - request:
      body: null
      headers:
        Accept:
          - "*/*"
        Accept-Encoding:
          - gzip, deflate
        CommandName:
          - aks upgrade
        Connection:
          - keep-alive
        ParameterSetName:
          - --resource-group --name -k --yes -o
        User-Agent:
          - AZURECLI/2.30.0 azsdk-python-azure-mgmt-containerservice/16.4.0 Python/3.8.10
            (Linux-5.10.60.1-microsoft-standard-WSL2-x86_64-with-glibc2.29)
      method: GET
      uri: https://management.azure.com/subscriptions/00000000-0000-0000-0000-000000000000/providers/Microsoft.ContainerService/locations/westus2/operations/79731769-0c59-4588-b51a-b64bb96c5906?api-version=2016-03-30
    response:
      body:
        string:
          "{\n  \"name\": \"69177379-590c-8845-b51a-b64bb96c5906\",\n  \"status\":
          \"InProgress\",\n  \"startTime\": \"2021-12-01T16:46:41.57Z\"\n }"
      headers:
        cache-control:
          - no-cache
        content-length:
          - "121"
        content-type:
          - application/json
        date:
          - Wed, 01 Dec 2021 16:52:13 GMT
        expires:
          - "-1"
        pragma:
          - no-cache
        server:
          - nginx
        strict-transport-security:
          - max-age=31536000; includeSubDomains
        transfer-encoding:
          - chunked
        vary:
          - Accept-Encoding
        x-content-type-options:
          - nosniff
      status:
        code: 200
        message: OK
  - request:
      body: null
      headers:
        Accept:
          - "*/*"
        Accept-Encoding:
          - gzip, deflate
        CommandName:
          - aks upgrade
        Connection:
          - keep-alive
        ParameterSetName:
          - --resource-group --name -k --yes -o
        User-Agent:
          - AZURECLI/2.30.0 azsdk-python-azure-mgmt-containerservice/16.4.0 Python/3.8.10
            (Linux-5.10.60.1-microsoft-standard-WSL2-x86_64-with-glibc2.29)
      method: GET
      uri: https://management.azure.com/subscriptions/00000000-0000-0000-0000-000000000000/providers/Microsoft.ContainerService/locations/westus2/operations/79731769-0c59-4588-b51a-b64bb96c5906?api-version=2016-03-30
    response:
      body:
        string:
          "{\n  \"name\": \"69177379-590c-8845-b51a-b64bb96c5906\",\n  \"status\":
          \"InProgress\",\n  \"startTime\": \"2021-12-01T16:46:41.57Z\"\n }"
      headers:
        cache-control:
          - no-cache
        content-length:
          - "121"
        content-type:
          - application/json
        date:
          - Wed, 01 Dec 2021 16:52:43 GMT
        expires:
          - "-1"
        pragma:
          - no-cache
        server:
          - nginx
        strict-transport-security:
          - max-age=31536000; includeSubDomains
        transfer-encoding:
          - chunked
        vary:
          - Accept-Encoding
        x-content-type-options:
          - nosniff
      status:
        code: 200
        message: OK
  - request:
      body: null
      headers:
        Accept:
          - "*/*"
        Accept-Encoding:
          - gzip, deflate
        CommandName:
          - aks upgrade
        Connection:
          - keep-alive
        ParameterSetName:
          - --resource-group --name -k --yes -o
        User-Agent:
          - AZURECLI/2.30.0 azsdk-python-azure-mgmt-containerservice/16.4.0 Python/3.8.10
            (Linux-5.10.60.1-microsoft-standard-WSL2-x86_64-with-glibc2.29)
      method: GET
      uri: https://management.azure.com/subscriptions/00000000-0000-0000-0000-000000000000/providers/Microsoft.ContainerService/locations/westus2/operations/79731769-0c59-4588-b51a-b64bb96c5906?api-version=2016-03-30
    response:
      body:
        string:
          "{\n  \"name\": \"69177379-590c-8845-b51a-b64bb96c5906\",\n  \"status\":
          \"InProgress\",\n  \"startTime\": \"2021-12-01T16:46:41.57Z\"\n }"
      headers:
        cache-control:
          - no-cache
        content-length:
          - "121"
        content-type:
          - application/json
        date:
          - Wed, 01 Dec 2021 16:53:14 GMT
        expires:
          - "-1"
        pragma:
          - no-cache
        server:
          - nginx
        strict-transport-security:
          - max-age=31536000; includeSubDomains
        transfer-encoding:
          - chunked
        vary:
          - Accept-Encoding
        x-content-type-options:
          - nosniff
      status:
        code: 200
        message: OK
  - request:
      body: null
      headers:
        Accept:
          - "*/*"
        Accept-Encoding:
          - gzip, deflate
        CommandName:
          - aks upgrade
        Connection:
          - keep-alive
        ParameterSetName:
          - --resource-group --name -k --yes -o
        User-Agent:
          - AZURECLI/2.30.0 azsdk-python-azure-mgmt-containerservice/16.4.0 Python/3.8.10
            (Linux-5.10.60.1-microsoft-standard-WSL2-x86_64-with-glibc2.29)
      method: GET
      uri: https://management.azure.com/subscriptions/00000000-0000-0000-0000-000000000000/providers/Microsoft.ContainerService/locations/westus2/operations/79731769-0c59-4588-b51a-b64bb96c5906?api-version=2016-03-30
    response:
      body:
        string:
          "{\n  \"name\": \"69177379-590c-8845-b51a-b64bb96c5906\",\n  \"status\":
          \"InProgress\",\n  \"startTime\": \"2021-12-01T16:46:41.57Z\"\n }"
      headers:
        cache-control:
          - no-cache
        content-length:
          - "121"
        content-type:
          - application/json
        date:
          - Wed, 01 Dec 2021 16:53:44 GMT
        expires:
          - "-1"
        pragma:
          - no-cache
        server:
          - nginx
        strict-transport-security:
          - max-age=31536000; includeSubDomains
        transfer-encoding:
          - chunked
        vary:
          - Accept-Encoding
        x-content-type-options:
          - nosniff
      status:
        code: 200
        message: OK
  - request:
      body: null
      headers:
        Accept:
          - "*/*"
        Accept-Encoding:
          - gzip, deflate
        CommandName:
          - aks upgrade
        Connection:
          - keep-alive
        ParameterSetName:
          - --resource-group --name -k --yes -o
        User-Agent:
          - AZURECLI/2.30.0 azsdk-python-azure-mgmt-containerservice/16.4.0 Python/3.8.10
            (Linux-5.10.60.1-microsoft-standard-WSL2-x86_64-with-glibc2.29)
      method: GET
      uri: https://management.azure.com/subscriptions/00000000-0000-0000-0000-000000000000/providers/Microsoft.ContainerService/locations/westus2/operations/79731769-0c59-4588-b51a-b64bb96c5906?api-version=2016-03-30
    response:
      body:
        string:
          "{\n  \"name\": \"69177379-590c-8845-b51a-b64bb96c5906\",\n  \"status\":
          \"InProgress\",\n  \"startTime\": \"2021-12-01T16:46:41.57Z\"\n }"
      headers:
        cache-control:
          - no-cache
        content-length:
          - "121"
        content-type:
          - application/json
        date:
          - Wed, 01 Dec 2021 16:54:14 GMT
        expires:
          - "-1"
        pragma:
          - no-cache
        server:
          - nginx
        strict-transport-security:
          - max-age=31536000; includeSubDomains
        transfer-encoding:
          - chunked
        vary:
          - Accept-Encoding
        x-content-type-options:
          - nosniff
      status:
        code: 200
        message: OK
  - request:
      body: null
      headers:
        Accept:
          - "*/*"
        Accept-Encoding:
          - gzip, deflate
        CommandName:
          - aks upgrade
        Connection:
          - keep-alive
        ParameterSetName:
          - --resource-group --name -k --yes -o
        User-Agent:
          - AZURECLI/2.30.0 azsdk-python-azure-mgmt-containerservice/16.4.0 Python/3.8.10
            (Linux-5.10.60.1-microsoft-standard-WSL2-x86_64-with-glibc2.29)
      method: GET
      uri: https://management.azure.com/subscriptions/00000000-0000-0000-0000-000000000000/providers/Microsoft.ContainerService/locations/westus2/operations/79731769-0c59-4588-b51a-b64bb96c5906?api-version=2016-03-30
    response:
      body:
        string:
          "{\n  \"name\": \"69177379-590c-8845-b51a-b64bb96c5906\",\n  \"status\":
          \"InProgress\",\n  \"startTime\": \"2021-12-01T16:46:41.57Z\"\n }"
      headers:
        cache-control:
          - no-cache
        content-length:
          - "121"
        content-type:
          - application/json
        date:
          - Wed, 01 Dec 2021 16:54:45 GMT
        expires:
          - "-1"
        pragma:
          - no-cache
        server:
          - nginx
        strict-transport-security:
          - max-age=31536000; includeSubDomains
        transfer-encoding:
          - chunked
        vary:
          - Accept-Encoding
        x-content-type-options:
          - nosniff
      status:
        code: 200
        message: OK
  - request:
      body: null
      headers:
        Accept:
          - "*/*"
        Accept-Encoding:
          - gzip, deflate
        CommandName:
          - aks upgrade
        Connection:
          - keep-alive
        ParameterSetName:
          - --resource-group --name -k --yes -o
        User-Agent:
          - AZURECLI/2.30.0 azsdk-python-azure-mgmt-containerservice/16.4.0 Python/3.8.10
            (Linux-5.10.60.1-microsoft-standard-WSL2-x86_64-with-glibc2.29)
      method: GET
      uri: https://management.azure.com/subscriptions/00000000-0000-0000-0000-000000000000/providers/Microsoft.ContainerService/locations/westus2/operations/79731769-0c59-4588-b51a-b64bb96c5906?api-version=2016-03-30
    response:
      body:
        string:
          "{\n  \"name\": \"69177379-590c-8845-b51a-b64bb96c5906\",\n  \"status\":
          \"InProgress\",\n  \"startTime\": \"2021-12-01T16:46:41.57Z\"\n }"
      headers:
        cache-control:
          - no-cache
        content-length:
          - "121"
        content-type:
          - application/json
        date:
          - Wed, 01 Dec 2021 16:55:14 GMT
        expires:
          - "-1"
        pragma:
          - no-cache
        server:
          - nginx
        strict-transport-security:
          - max-age=31536000; includeSubDomains
        transfer-encoding:
          - chunked
        vary:
          - Accept-Encoding
        x-content-type-options:
          - nosniff
      status:
        code: 200
        message: OK
  - request:
      body: null
      headers:
        Accept:
          - "*/*"
        Accept-Encoding:
          - gzip, deflate
        CommandName:
          - aks upgrade
        Connection:
          - keep-alive
        ParameterSetName:
          - --resource-group --name -k --yes -o
        User-Agent:
          - AZURECLI/2.30.0 azsdk-python-azure-mgmt-containerservice/16.4.0 Python/3.8.10
            (Linux-5.10.60.1-microsoft-standard-WSL2-x86_64-with-glibc2.29)
      method: GET
      uri: https://management.azure.com/subscriptions/00000000-0000-0000-0000-000000000000/providers/Microsoft.ContainerService/locations/westus2/operations/79731769-0c59-4588-b51a-b64bb96c5906?api-version=2016-03-30
    response:
      body:
        string:
          "{\n  \"name\": \"69177379-590c-8845-b51a-b64bb96c5906\",\n  \"status\":
          \"InProgress\",\n  \"startTime\": \"2021-12-01T16:46:41.57Z\"\n }"
      headers:
        cache-control:
          - no-cache
        content-length:
          - "121"
        content-type:
          - application/json
        date:
          - Wed, 01 Dec 2021 16:55:44 GMT
        expires:
          - "-1"
        pragma:
          - no-cache
        server:
          - nginx
        strict-transport-security:
          - max-age=31536000; includeSubDomains
        transfer-encoding:
          - chunked
        vary:
          - Accept-Encoding
        x-content-type-options:
          - nosniff
      status:
        code: 200
        message: OK
  - request:
      body: null
      headers:
        Accept:
          - "*/*"
        Accept-Encoding:
          - gzip, deflate
        CommandName:
          - aks upgrade
        Connection:
          - keep-alive
        ParameterSetName:
          - --resource-group --name -k --yes -o
        User-Agent:
          - AZURECLI/2.30.0 azsdk-python-azure-mgmt-containerservice/16.4.0 Python/3.8.10
            (Linux-5.10.60.1-microsoft-standard-WSL2-x86_64-with-glibc2.29)
      method: GET
      uri: https://management.azure.com/subscriptions/00000000-0000-0000-0000-000000000000/providers/Microsoft.ContainerService/locations/westus2/operations/79731769-0c59-4588-b51a-b64bb96c5906?api-version=2016-03-30
    response:
      body:
        string:
          "{\n  \"name\": \"69177379-590c-8845-b51a-b64bb96c5906\",\n  \"status\":
          \"InProgress\",\n  \"startTime\": \"2021-12-01T16:46:41.57Z\"\n }"
      headers:
        cache-control:
          - no-cache
        content-length:
          - "121"
        content-type:
          - application/json
        date:
          - Wed, 01 Dec 2021 16:56:14 GMT
        expires:
          - "-1"
        pragma:
          - no-cache
        server:
          - nginx
        strict-transport-security:
          - max-age=31536000; includeSubDomains
        transfer-encoding:
          - chunked
        vary:
          - Accept-Encoding
        x-content-type-options:
          - nosniff
      status:
        code: 200
        message: OK
  - request:
      body: null
      headers:
        Accept:
          - "*/*"
        Accept-Encoding:
          - gzip, deflate
        CommandName:
          - aks upgrade
        Connection:
          - keep-alive
        ParameterSetName:
          - --resource-group --name -k --yes -o
        User-Agent:
          - AZURECLI/2.30.0 azsdk-python-azure-mgmt-containerservice/16.4.0 Python/3.8.10
            (Linux-5.10.60.1-microsoft-standard-WSL2-x86_64-with-glibc2.29)
      method: GET
      uri: https://management.azure.com/subscriptions/00000000-0000-0000-0000-000000000000/providers/Microsoft.ContainerService/locations/westus2/operations/79731769-0c59-4588-b51a-b64bb96c5906?api-version=2016-03-30
    response:
      body:
        string:
          "{\n  \"name\": \"69177379-590c-8845-b51a-b64bb96c5906\",\n  \"status\":
          \"InProgress\",\n  \"startTime\": \"2021-12-01T16:46:41.57Z\"\n }"
      headers:
        cache-control:
          - no-cache
        content-length:
          - "121"
        content-type:
          - application/json
        date:
          - Wed, 01 Dec 2021 16:56:45 GMT
        expires:
          - "-1"
        pragma:
          - no-cache
        server:
          - nginx
        strict-transport-security:
          - max-age=31536000; includeSubDomains
        transfer-encoding:
          - chunked
        vary:
          - Accept-Encoding
        x-content-type-options:
          - nosniff
      status:
        code: 200
        message: OK
  - request:
      body: null
      headers:
        Accept:
          - "*/*"
        Accept-Encoding:
          - gzip, deflate
        CommandName:
          - aks upgrade
        Connection:
          - keep-alive
        ParameterSetName:
          - --resource-group --name -k --yes -o
        User-Agent:
          - AZURECLI/2.30.0 azsdk-python-azure-mgmt-containerservice/16.4.0 Python/3.8.10
            (Linux-5.10.60.1-microsoft-standard-WSL2-x86_64-with-glibc2.29)
      method: GET
      uri: https://management.azure.com/subscriptions/00000000-0000-0000-0000-000000000000/providers/Microsoft.ContainerService/locations/westus2/operations/79731769-0c59-4588-b51a-b64bb96c5906?api-version=2016-03-30
    response:
      body:
        string:
          "{\n  \"name\": \"69177379-590c-8845-b51a-b64bb96c5906\",\n  \"status\":
          \"InProgress\",\n  \"startTime\": \"2021-12-01T16:46:41.57Z\"\n }"
      headers:
        cache-control:
          - no-cache
        content-length:
          - "121"
        content-type:
          - application/json
        date:
          - Wed, 01 Dec 2021 16:57:15 GMT
        expires:
          - "-1"
        pragma:
          - no-cache
        server:
          - nginx
        strict-transport-security:
          - max-age=31536000; includeSubDomains
        transfer-encoding:
          - chunked
        vary:
          - Accept-Encoding
        x-content-type-options:
          - nosniff
      status:
        code: 200
        message: OK
  - request:
      body: null
      headers:
        Accept:
          - "*/*"
        Accept-Encoding:
          - gzip, deflate
        CommandName:
          - aks upgrade
        Connection:
          - keep-alive
        ParameterSetName:
          - --resource-group --name -k --yes -o
        User-Agent:
          - AZURECLI/2.30.0 azsdk-python-azure-mgmt-containerservice/16.4.0 Python/3.8.10
            (Linux-5.10.60.1-microsoft-standard-WSL2-x86_64-with-glibc2.29)
      method: GET
      uri: https://management.azure.com/subscriptions/00000000-0000-0000-0000-000000000000/providers/Microsoft.ContainerService/locations/westus2/operations/79731769-0c59-4588-b51a-b64bb96c5906?api-version=2016-03-30
    response:
      body:
        string:
          "{\n  \"name\": \"69177379-590c-8845-b51a-b64bb96c5906\",\n  \"status\":
          \"InProgress\",\n  \"startTime\": \"2021-12-01T16:46:41.57Z\"\n }"
      headers:
        cache-control:
          - no-cache
        content-length:
          - "121"
        content-type:
          - application/json
        date:
          - Wed, 01 Dec 2021 16:57:45 GMT
        expires:
          - "-1"
        pragma:
          - no-cache
        server:
          - nginx
        strict-transport-security:
          - max-age=31536000; includeSubDomains
        transfer-encoding:
          - chunked
        vary:
          - Accept-Encoding
        x-content-type-options:
          - nosniff
      status:
        code: 200
        message: OK
  - request:
      body: null
      headers:
        Accept:
          - "*/*"
        Accept-Encoding:
          - gzip, deflate
        CommandName:
          - aks upgrade
        Connection:
          - keep-alive
        ParameterSetName:
          - --resource-group --name -k --yes -o
        User-Agent:
          - AZURECLI/2.30.0 azsdk-python-azure-mgmt-containerservice/16.4.0 Python/3.8.10
            (Linux-5.10.60.1-microsoft-standard-WSL2-x86_64-with-glibc2.29)
      method: GET
      uri: https://management.azure.com/subscriptions/00000000-0000-0000-0000-000000000000/providers/Microsoft.ContainerService/locations/westus2/operations/79731769-0c59-4588-b51a-b64bb96c5906?api-version=2016-03-30
    response:
      body:
        string:
          "{\n  \"name\": \"69177379-590c-8845-b51a-b64bb96c5906\",\n  \"status\":
          \"InProgress\",\n  \"startTime\": \"2021-12-01T16:46:41.57Z\"\n }"
      headers:
        cache-control:
          - no-cache
        content-length:
          - "121"
        content-type:
          - application/json
        date:
          - Wed, 01 Dec 2021 16:58:16 GMT
        expires:
          - "-1"
        pragma:
          - no-cache
        server:
          - nginx
        strict-transport-security:
          - max-age=31536000; includeSubDomains
        transfer-encoding:
          - chunked
        vary:
          - Accept-Encoding
        x-content-type-options:
          - nosniff
      status:
        code: 200
        message: OK
  - request:
      body: null
      headers:
        Accept:
          - "*/*"
        Accept-Encoding:
          - gzip, deflate
        CommandName:
          - aks upgrade
        Connection:
          - keep-alive
        ParameterSetName:
          - --resource-group --name -k --yes -o
        User-Agent:
          - AZURECLI/2.30.0 azsdk-python-azure-mgmt-containerservice/16.4.0 Python/3.8.10
            (Linux-5.10.60.1-microsoft-standard-WSL2-x86_64-with-glibc2.29)
      method: GET
      uri: https://management.azure.com/subscriptions/00000000-0000-0000-0000-000000000000/providers/Microsoft.ContainerService/locations/westus2/operations/79731769-0c59-4588-b51a-b64bb96c5906?api-version=2016-03-30
    response:
      body:
        string:
          "{\n  \"name\": \"69177379-590c-8845-b51a-b64bb96c5906\",\n  \"status\":
          \"InProgress\",\n  \"startTime\": \"2021-12-01T16:46:41.57Z\"\n }"
      headers:
        cache-control:
          - no-cache
        content-length:
          - "121"
        content-type:
          - application/json
        date:
          - Wed, 01 Dec 2021 16:58:46 GMT
        expires:
          - "-1"
        pragma:
          - no-cache
        server:
          - nginx
        strict-transport-security:
          - max-age=31536000; includeSubDomains
        transfer-encoding:
          - chunked
        vary:
          - Accept-Encoding
        x-content-type-options:
          - nosniff
      status:
        code: 200
        message: OK
  - request:
      body: null
      headers:
        Accept:
          - "*/*"
        Accept-Encoding:
          - gzip, deflate
        CommandName:
          - aks upgrade
        Connection:
          - keep-alive
        ParameterSetName:
          - --resource-group --name -k --yes -o
        User-Agent:
          - AZURECLI/2.30.0 azsdk-python-azure-mgmt-containerservice/16.4.0 Python/3.8.10
            (Linux-5.10.60.1-microsoft-standard-WSL2-x86_64-with-glibc2.29)
      method: GET
      uri: https://management.azure.com/subscriptions/00000000-0000-0000-0000-000000000000/providers/Microsoft.ContainerService/locations/westus2/operations/79731769-0c59-4588-b51a-b64bb96c5906?api-version=2016-03-30
    response:
      body:
        string:
          "{\n  \"name\": \"69177379-590c-8845-b51a-b64bb96c5906\",\n  \"status\":
          \"InProgress\",\n  \"startTime\": \"2021-12-01T16:46:41.57Z\"\n }"
      headers:
        cache-control:
          - no-cache
        content-length:
          - "121"
        content-type:
          - application/json
        date:
          - Wed, 01 Dec 2021 16:59:16 GMT
        expires:
          - "-1"
        pragma:
          - no-cache
        server:
          - nginx
        strict-transport-security:
          - max-age=31536000; includeSubDomains
        transfer-encoding:
          - chunked
        vary:
          - Accept-Encoding
        x-content-type-options:
          - nosniff
      status:
        code: 200
        message: OK
  - request:
      body: null
      headers:
        Accept:
          - "*/*"
        Accept-Encoding:
          - gzip, deflate
        CommandName:
          - aks upgrade
        Connection:
          - keep-alive
        ParameterSetName:
          - --resource-group --name -k --yes -o
        User-Agent:
          - AZURECLI/2.30.0 azsdk-python-azure-mgmt-containerservice/16.4.0 Python/3.8.10
            (Linux-5.10.60.1-microsoft-standard-WSL2-x86_64-with-glibc2.29)
      method: GET
      uri: https://management.azure.com/subscriptions/00000000-0000-0000-0000-000000000000/providers/Microsoft.ContainerService/locations/westus2/operations/79731769-0c59-4588-b51a-b64bb96c5906?api-version=2016-03-30
    response:
      body:
        string:
          "{\n  \"name\": \"69177379-590c-8845-b51a-b64bb96c5906\",\n  \"status\":
          \"InProgress\",\n  \"startTime\": \"2021-12-01T16:46:41.57Z\"\n }"
      headers:
        cache-control:
          - no-cache
        content-length:
          - "121"
        content-type:
          - application/json
        date:
          - Wed, 01 Dec 2021 16:59:46 GMT
        expires:
          - "-1"
        pragma:
          - no-cache
        server:
          - nginx
        strict-transport-security:
          - max-age=31536000; includeSubDomains
        transfer-encoding:
          - chunked
        vary:
          - Accept-Encoding
        x-content-type-options:
          - nosniff
      status:
        code: 200
        message: OK
  - request:
      body: null
      headers:
        Accept:
          - "*/*"
        Accept-Encoding:
          - gzip, deflate
        CommandName:
          - aks upgrade
        Connection:
          - keep-alive
        ParameterSetName:
          - --resource-group --name -k --yes -o
        User-Agent:
          - AZURECLI/2.30.0 azsdk-python-azure-mgmt-containerservice/16.4.0 Python/3.8.10
            (Linux-5.10.60.1-microsoft-standard-WSL2-x86_64-with-glibc2.29)
      method: GET
      uri: https://management.azure.com/subscriptions/00000000-0000-0000-0000-000000000000/providers/Microsoft.ContainerService/locations/westus2/operations/79731769-0c59-4588-b51a-b64bb96c5906?api-version=2016-03-30
    response:
      body:
        string:
          "{\n  \"name\": \"69177379-590c-8845-b51a-b64bb96c5906\",\n  \"status\":
          \"InProgress\",\n  \"startTime\": \"2021-12-01T16:46:41.57Z\"\n }"
      headers:
        cache-control:
          - no-cache
        content-length:
          - "121"
        content-type:
          - application/json
        date:
          - Wed, 01 Dec 2021 17:00:16 GMT
        expires:
          - "-1"
        pragma:
          - no-cache
        server:
          - nginx
        strict-transport-security:
          - max-age=31536000; includeSubDomains
        transfer-encoding:
          - chunked
        vary:
          - Accept-Encoding
        x-content-type-options:
          - nosniff
      status:
        code: 200
        message: OK
  - request:
      body: null
      headers:
        Accept:
          - "*/*"
        Accept-Encoding:
          - gzip, deflate
        CommandName:
          - aks upgrade
        Connection:
          - keep-alive
        ParameterSetName:
          - --resource-group --name -k --yes -o
        User-Agent:
          - AZURECLI/2.30.0 azsdk-python-azure-mgmt-containerservice/16.4.0 Python/3.8.10
            (Linux-5.10.60.1-microsoft-standard-WSL2-x86_64-with-glibc2.29)
      method: GET
      uri: https://management.azure.com/subscriptions/00000000-0000-0000-0000-000000000000/providers/Microsoft.ContainerService/locations/westus2/operations/79731769-0c59-4588-b51a-b64bb96c5906?api-version=2016-03-30
    response:
      body:
        string:
          "{\n  \"name\": \"69177379-590c-8845-b51a-b64bb96c5906\",\n  \"status\":
          \"Succeeded\",\n  \"startTime\": \"2021-12-01T16:46:41.57Z\",\n  \"endTime\":
          \"2021-12-01T17:00:29.3498363Z\"\n }"
      headers:
        cache-control:
          - no-cache
        content-length:
          - "165"
        content-type:
          - application/json
        date:
          - Wed, 01 Dec 2021 17:00:46 GMT
        expires:
          - "-1"
        pragma:
          - no-cache
        server:
          - nginx
        strict-transport-security:
          - max-age=31536000; includeSubDomains
        transfer-encoding:
          - chunked
        vary:
          - Accept-Encoding
        x-content-type-options:
          - nosniff
      status:
        code: 200
        message: OK
  - request:
      body: null
      headers:
        Accept:
          - "*/*"
        Accept-Encoding:
          - gzip, deflate
        CommandName:
          - aks upgrade
        Connection:
          - keep-alive
        ParameterSetName:
          - --resource-group --name -k --yes -o
        User-Agent:
          - AZURECLI/2.30.0 azsdk-python-azure-mgmt-containerservice/16.4.0 Python/3.8.10
            (Linux-5.10.60.1-microsoft-standard-WSL2-x86_64-with-glibc2.29)
      method: GET
      uri: https://management.azure.com/subscriptions/00000000-0000-0000-0000-000000000000/resourceGroups/clitest000001/providers/Microsoft.ContainerService/managedClusters/cliakstest000003?api-version=2021-11-01-preview
    response:
      body:
        string:
          "{\n  \"id\": \"/subscriptions/00000000-0000-0000-0000-000000000000/resourcegroups/clitest000001/providers/Microsoft.ContainerService/managedClusters/cliakstest000003\",\n
          \ \"location\": \"westus2\",\n  \"name\": \"cliakstest000003\",\n  \"type\":
          \"Microsoft.ContainerService/ManagedClusters\",\n  \"properties\": {\n   \"provisioningState\":
          \"Succeeded\",\n   \"powerState\": {\n    \"code\": \"Running\"\n   },\n   \"kubernetesVersion\":
          \"1.22.2\",\n   \"dnsPrefix\": \"cliakstest-clitesttshwj7kie-8ecadf\",\n   \"fqdn\":
          \"cliakstest-clitesttshwj7kie-8ecadf-13448a88.hcp.westus2.azmk8s.io\",\n   \"azurePortalFQDN\":
          \"cliakstest-clitesttshwj7kie-8ecadf-13448a88.portal.hcp.westus2.azmk8s.io\",\n
          \  \"agentPoolProfiles\": [\n    {\n     \"name\": \"c000005\",\n     \"count\":
          1,\n     \"vmSize\": \"Standard_DS2_v2\",\n     \"osDiskSizeGB\": 128,\n     \"osDiskType\":
          \"Managed\",\n     \"kubeletDiskType\": \"OS\",\n     \"workloadRuntime\":
          \"OCIContainer\",\n     \"maxPods\": 110,\n     \"type\": \"VirtualMachineScaleSets\",\n
          \    \"scaleDownMode\": \"Delete\",\n     \"provisioningState\": \"Succeeded\",\n
          \    \"powerState\": {\n      \"code\": \"Running\"\n     },\n     \"orchestratorVersion\":
          \"1.22.2\",\n     \"enableNodePublicIP\": false,\n     \"mode\": \"User\",\n
          \    \"enableEncryptionAtHost\": false,\n     \"enableUltraSSD\": false,\n
          \    \"osType\": \"Linux\",\n     \"osSKU\": \"Ubuntu\",\n     \"nodeImageVersion\":
          \"AKSUbuntu-1804gen2containerd-2021.11.06\",\n     \"upgradeSettings\": {},\n
          \    \"enableFIPS\": false\n    },\n    {\n     \"name\": \"c000004\",\n     \"count\":
          1,\n     \"vmSize\": \"Standard_DS2_v2\",\n     \"osDiskSizeGB\": 128,\n     \"osDiskType\":
          \"Managed\",\n     \"kubeletDiskType\": \"OS\",\n     \"workloadRuntime\":
          \"OCIContainer\",\n     \"maxPods\": 110,\n     \"type\": \"VirtualMachineScaleSets\",\n
          \    \"enableAutoScaling\": false,\n     \"provisioningState\": \"Succeeded\",\n
          \    \"powerState\": {\n      \"code\": \"Running\"\n     },\n     \"orchestratorVersion\":
          \"1.22.2\",\n     \"enableNodePublicIP\": false,\n     \"mode\": \"System\",\n
          \    \"enableEncryptionAtHost\": false,\n     \"enableUltraSSD\": false,\n
          \    \"osType\": \"Linux\",\n     \"osSKU\": \"Ubuntu\",\n     \"nodeImageVersion\":
          \"AKSUbuntu-1804gen2containerd-2021.11.06\",\n     \"enableFIPS\": false\n
          \   }\n   ],\n   \"linuxProfile\": {\n    \"adminUsername\": \"azureuser\",\n
          \   \"ssh\": {\n     \"publicKeys\": [\n      {\n       \"keyData\": \"ssh-rsa
          AAAAB3NzaC1yc2EAAAADAQABAAACAQCbIg1guRHbI0lV11wWDt1r2cUdcNd27CJsg+SfgC7miZeubtwUhbsPdhMQsfDyhOWHq1+ZL0M+nJZV63d/1dhmhtgyOqejUwrPlzKhydsbrsdUor+JmNJDdW01v7BXHyuymT8G4s09jCasNOwiufbP/qp72ruu0bIA1nySsvlf9pCQAuFkAnVnf/rFhUlOkhtRpwcq8SUNY2zRHR/EKb/4NWY1JzR4sa3q2fWIJdrrX0DvLoa5g9bIEd4Df79ba7v+yiUBOS0zT2ll+z4g9izHK3EO5d8hL4jYxcjKs+wcslSYRWrascfscLgMlMGh0CdKeNTDjHpGPncaf3Z+FwwwjWeuiNBxv7bJo13/8B/098KlVDl4GZqsoBCEjPyJfV6hO0y/LkRGkk7oHWKgeWAfKtfLItRp00eZ4fcJNK9kCaSMmEugoZWcI7NGbZXzqFWqbpRI7NcDP9+WIQ+i9U5vqWsqd/zng4kbuAJ6UuKqIzB0upYrLShfQE3SAck8oaLhJqqq56VfDuASNpJKidV+zq27HfSBmbXnkR/5AK337dc3MXKJypoK/QPMLKUAP5XLPbs+NddJQV7EZXd29DLgp+fRIg3edpKdO7ZErWhv7d+3Kws+e1Y+ypmR2WIVSwVyBEUfgv2C8Ts9gnTF4pNcEY/S2aBicz5Ew2+jdyGNQQ==
          test@example.com\\n\"\n      }\n     ]\n    }\n   },\n   \"servicePrincipalProfile\":
          {\n    \"clientId\":\"00000000-0000-0000-0000-000000000001\"\n   },\n   \"nodeResourceGroup\":
          \"MC_clitest000001_cliakstest000003_westus2\",\n   \"enableRBAC\": true,\n
          \  \"enablePodSecurityPolicy\": false,\n   \"networkProfile\": {\n    \"networkPlugin\":
          \"kubenet\",\n    \"loadBalancerSku\": \"Standard\",\n    \"loadBalancerProfile\":
          {\n     \"managedOutboundIPs\": {\n      \"count\": 1\n     },\n     \"effectiveOutboundIPs\":
          [\n      {\n       \"id\": \"/subscriptions/00000000-0000-0000-0000-000000000000/resourceGroups/MC_clitest000001_cliakstest000003_westus2/providers/Microsoft.Network/publicIPAddresses/56d7ddb4-0b30-454f-a132-0032981699f0\"\n
          \     }\n     ]\n    },\n    \"podCidr\": \"10.244.0.0/16\",\n    \"serviceCidr\":
          \"10.0.0.0/16\",\n    \"dnsServiceIP\": \"10.0.0.10\",\n    \"dockerBridgeCidr\":
          \"172.17.0.1/16\",\n    \"outboundType\": \"loadBalancer\",\n    \"podCidrs\":
          [\n     \"10.244.0.0/16\"\n    ],\n    \"serviceCidrs\": [\n     \"10.0.0.0/16\"\n
          \   ],\n    \"ipFamilies\": [\n     \"IPv4\"\n    ]\n   },\n   \"maxAgentPools\":
          100,\n   \"identityProfile\": {\n    \"kubeletidentity\": {\n     \"resourceId\":
          \"/subscriptions/00000000-0000-0000-0000-000000000000/resourcegroups/MC_clitest000001_cliakstest000003_westus2/providers/Microsoft.ManagedIdentity/userAssignedIdentities/cliakstest000003-agentpool\",\n
          \    \"clientId\":\"00000000-0000-0000-0000-000000000001\",\n     \"objectId\":\"00000000-0000-0000-0000-000000000001\"\n
          \   }\n   },\n   \"disableLocalAccounts\": false\n  },\n  \"identity\": {\n
          \  \"type\": \"SystemAssigned\",\n   \"principalId\":\"00000000-0000-0000-0000-000000000001\",\n
          \  \"tenantId\": \"72f988bf-86f1-41af-91ab-2d7cd011db47\"\n  },\n  \"sku\":
          {\n   \"name\": \"Basic\",\n   \"tier\": \"Free\"\n  }\n }"
      headers:
        cache-control:
          - no-cache
        content-length:
          - "4624"
        content-type:
          - application/json
        date:
          - Wed, 01 Dec 2021 17:00:47 GMT
        expires:
          - "-1"
        pragma:
          - no-cache
        server:
          - nginx
        strict-transport-security:
          - max-age=31536000; includeSubDomains
        transfer-encoding:
          - chunked
        vary:
          - Accept-Encoding
        x-content-type-options:
          - nosniff
      status:
        code: 200
        message: OK
  - request:
      body: null
      headers:
        AKSSnapshotId:
          - /subscriptions/8ecadfc9-d1a3-4ea4-b844-0d9f87e4d7c8/resourceGroups/clitesttshwj7kiee/providers/Microsoft.ContainerService/snapshots/sgrdeikvwure2vq5
        Accept:
          - application/json
        Accept-Encoding:
          - gzip, deflate
        CommandName:
          - aks nodepool upgrade
        Connection:
          - keep-alive
        Content-Length:
          - "0"
        ParameterSetName:
          - --resource-group --cluster-name -n --node-image-only --no-wait --snapshot-id
            -o
        User-Agent:
          - AZURECLI/2.30.0 azsdk-python-azure-mgmt-containerservice/16.4.0 Python/3.8.10
            (Linux-5.10.60.1-microsoft-standard-WSL2-x86_64-with-glibc2.29)
      method: POST
      uri: https://management.azure.com/subscriptions/00000000-0000-0000-0000-000000000000/resourceGroups/clitest000001/providers/Microsoft.ContainerService/managedClusters/cliakstest000003/agentPools/c000005/upgradeNodeImageVersion?api-version=2021-11-01-preview
    response:
      body:
        string:
          "{\n  \"id\": \"/subscriptions/00000000-0000-0000-0000-000000000000/resourcegroups/clitest000001/providers/Microsoft.ContainerService/managedClusters/cliakstest000003/agentPools/c000005\",\n
          \ \"name\": \"c000005\",\n  \"type\": \"Microsoft.ContainerService/managedClusters/agentPools\",\n
          \ \"properties\": {\n   \"count\": 1,\n   \"vmSize\": \"Standard_DS2_v2\",\n
          \  \"osDiskSizeGB\": 128,\n   \"osDiskType\": \"Managed\",\n   \"kubeletDiskType\":
          \"OS\",\n   \"workloadRuntime\": \"OCIContainer\",\n   \"maxPods\": 110,\n
          \  \"type\": \"VirtualMachineScaleSets\",\n   \"scaleDownMode\": \"Delete\",\n
          \  \"provisioningState\": \"UpgradingNodeImageVersion\",\n   \"powerState\":
          {\n    \"code\": \"Running\"\n   },\n   \"orchestratorVersion\": \"1.22.2\",\n
          \  \"enableNodePublicIP\": false,\n   \"mode\": \"User\",\n   \"enableEncryptionAtHost\":
          false,\n   \"enableUltraSSD\": false,\n   \"osType\": \"Linux\",\n   \"osSKU\":
          \"Ubuntu\",\n   \"nodeImageVersion\": \"AKSUbuntu-1804gen2containerd-2021.11.06\",\n
          \  \"upgradeSettings\": {},\n   \"enableFIPS\": false,\n   \"creationData\":
          {\n    \"sourceResourceId\": \"/subscriptions/00000000-0000-0000-0000-000000000000/resourceGroups/clitest000001/providers/Microsoft.ContainerService/snapshots/s000006\"\n
          \  }\n  }\n }"
      headers:
        azure-asyncoperation:
          - https://management.azure.com/subscriptions/00000000-0000-0000-0000-000000000000/providers/Microsoft.ContainerService/locations/westus2/operations/c1531708-c534-4813-b75d-3620e8b03bcd?api-version=2016-03-30
        cache-control:
          - no-cache
        content-length:
          - "1161"
        content-type:
          - application/json
        date:
          - Wed, 01 Dec 2021 17:00:48 GMT
        expires:
          - "-1"
        location:
          - https://management.azure.com/subscriptions/00000000-0000-0000-0000-000000000000/providers/Microsoft.ContainerService/locations/westus2/operationresults/c1531708-c534-4813-b75d-3620e8b03bcd?api-version=2016-03-30
        pragma:
          - no-cache
        server:
          - nginx
        strict-transport-security:
          - max-age=31536000; includeSubDomains
        x-content-type-options:
          - nosniff
        x-ms-ratelimit-remaining-subscription-writes:
          - "1199"
      status:
        code: 202
        message: Accepted
  - request:
      body: null
      headers:
        Accept:
          - application/json
        Accept-Encoding:
          - gzip, deflate
        CommandName:
          - aks nodepool show
        Connection:
          - keep-alive
        ParameterSetName:
          - --resource-group --cluster-name -n
        User-Agent:
          - AZURECLI/2.30.0 azsdk-python-azure-mgmt-containerservice/16.4.0 Python/3.8.10
            (Linux-5.10.60.1-microsoft-standard-WSL2-x86_64-with-glibc2.29)
      method: GET
      uri: https://management.azure.com/subscriptions/00000000-0000-0000-0000-000000000000/resourceGroups/clitest000001/providers/Microsoft.ContainerService/managedClusters/cliakstest000003/agentPools/c000005?api-version=2021-11-01-preview
    response:
      body:
        string:
          "{\n  \"id\": \"/subscriptions/00000000-0000-0000-0000-000000000000/resourcegroups/clitest000001/providers/Microsoft.ContainerService/managedClusters/cliakstest000003/agentPools/c000005\",\n
          \ \"name\": \"c000005\",\n  \"type\": \"Microsoft.ContainerService/managedClusters/agentPools\",\n
          \ \"properties\": {\n   \"count\": 1,\n   \"vmSize\": \"Standard_DS2_v2\",\n
          \  \"osDiskSizeGB\": 128,\n   \"osDiskType\": \"Managed\",\n   \"kubeletDiskType\":
          \"OS\",\n   \"workloadRuntime\": \"OCIContainer\",\n   \"maxPods\": 110,\n
          \  \"type\": \"VirtualMachineScaleSets\",\n   \"scaleDownMode\": \"Delete\",\n
          \  \"provisioningState\": \"UpgradingNodeImageVersion\",\n   \"powerState\":
          {\n    \"code\": \"Running\"\n   },\n   \"orchestratorVersion\": \"1.22.2\",\n
          \  \"enableNodePublicIP\": false,\n   \"mode\": \"User\",\n   \"enableEncryptionAtHost\":
          false,\n   \"enableUltraSSD\": false,\n   \"osType\": \"Linux\",\n   \"osSKU\":
          \"Ubuntu\",\n   \"nodeImageVersion\": \"AKSUbuntu-1804gen2containerd-2021.11.06\",\n
          \  \"upgradeSettings\": {},\n   \"enableFIPS\": false,\n   \"creationData\":
          {\n    \"sourceResourceId\": \"/subscriptions/00000000-0000-0000-0000-000000000000/resourceGroups/clitest000001/providers/Microsoft.ContainerService/snapshots/s000006\"\n
          \  }\n  }\n }"
      headers:
        cache-control:
          - no-cache
        content-length:
          - "1161"
        content-type:
          - application/json
        date:
          - Wed, 01 Dec 2021 17:00:49 GMT
        expires:
          - "-1"
        pragma:
          - no-cache
        server:
          - nginx
        strict-transport-security:
          - max-age=31536000; includeSubDomains
        transfer-encoding:
          - chunked
        vary:
          - Accept-Encoding
        x-content-type-options:
          - nosniff
      status:
        code: 200
        message: OK
  - request:
      body: null
      headers:
        Accept:
          - application/json
        Accept-Encoding:
          - gzip, deflate
        CommandName:
          - aks delete
        Connection:
          - keep-alive
        Content-Length:
          - "0"
        ParameterSetName:
          - -g -n --yes --no-wait
        User-Agent:
          - AZURECLI/2.30.0 azsdk-python-azure-mgmt-containerservice/16.1.0 Python/3.8.10
            (Linux-5.10.60.1-microsoft-standard-WSL2-x86_64-with-glibc2.29)
      method: DELETE
      uri: https://management.azure.com/subscriptions/00000000-0000-0000-0000-000000000000/resourceGroups/clitest000001/providers/Microsoft.ContainerService/managedClusters/cliakstest000003?api-version=2021-07-01
    response:
      body:
        string: ""
      headers:
        azure-asyncoperation:
          - https://management.azure.com/subscriptions/00000000-0000-0000-0000-000000000000/providers/Microsoft.ContainerService/locations/westus2/operations/ec3f0d4c-cc01-4f24-a862-d9d98c057abc?api-version=2016-03-30
        cache-control:
          - no-cache
        content-length:
          - "0"
        date:
          - Wed, 01 Dec 2021 17:00:50 GMT
        expires:
          - "-1"
        location:
          - https://management.azure.com/subscriptions/00000000-0000-0000-0000-000000000000/providers/Microsoft.ContainerService/locations/westus2/operationresults/ec3f0d4c-cc01-4f24-a862-d9d98c057abc?api-version=2016-03-30
        pragma:
          - no-cache
        server:
          - nginx
        strict-transport-security:
          - max-age=31536000; includeSubDomains
        x-content-type-options:
          - nosniff
        x-ms-ratelimit-remaining-subscription-deletes:
          - "14999"
      status:
        code: 202
        message: Accepted
  - request:
      body: null
      headers:
        Accept:
          - application/json
        Accept-Encoding:
          - gzip, deflate
        CommandName:
          - aks snapshot delete
        Connection:
          - keep-alive
        Content-Length:
          - "0"
        ParameterSetName:
          - --resource-group --name --yes --no-wait
        User-Agent:
          - AZURECLI/2.30.0 azsdk-python-azure-mgmt-containerservice/16.4.0 Python/3.8.10
            (Linux-5.10.60.1-microsoft-standard-WSL2-x86_64-with-glibc2.29)
      method: DELETE
      uri: https://management.azure.com/subscriptions/00000000-0000-0000-0000-000000000000/resourceGroups/clitest000001/providers/Microsoft.ContainerService/snapshots/s000006?api-version=2021-11-01-preview
    response:
      body:
        string: ""
      headers:
        cache-control:
          - no-cache
        content-length:
          - "0"
        date:
          - Wed, 01 Dec 2021 17:00:53 GMT
        expires:
          - "-1"
        pragma:
          - no-cache
        server:
          - nginx
        strict-transport-security:
          - max-age=31536000; includeSubDomains
        x-content-type-options:
          - nosniff
        x-ms-ratelimit-remaining-subscription-deletes:
          - "14999"
      status:
        code: 200
        message: OK
version: 1
