interactions:
- request:
    body: null
    headers:
      Accept:
      - application/json
      Accept-Encoding:
      - gzip, deflate
      CommandName:
      - aks get-versions
      Connection:
      - keep-alive
      ParameterSetName:
      - -l --query
      User-Agent:
      - AZURECLI/2.40.0 azsdk-python-azure-mgmt-containerservice/20.3.0 Python/3.8.10
        (Linux-5.15.0-1020-azure-x86_64-with-glibc2.29)
    method: GET
    uri: https://management.azure.com/subscriptions/00000000-0000-0000-0000-000000000000/providers/Microsoft.ContainerService/locations/westcentralus/orchestrators?api-version=2019-04-01&resource-type=managedClusters
  response:
    body:
      string: "{\n  \"id\": \"/subscriptions/00000000-0000-0000-0000-000000000000/providers/Microsoft.ContainerService/locations/westcentralus/orchestrators\",\n
        \ \"name\": \"default\",\n  \"type\": \"Microsoft.ContainerService/locations/orchestrators\",\n
        \ \"properties\": {\n   \"orchestrators\": [\n    {\n     \"orchestratorType\":
        \"Kubernetes\",\n     \"orchestratorVersion\": \"1.22.6\",\n     \"upgrades\":
        [\n      {\n       \"orchestratorType\": \"Kubernetes\",\n       \"orchestratorVersion\":
        \"1.22.11\"\n      },\n      {\n       \"orchestratorType\": \"Kubernetes\",\n
        \      \"orchestratorVersion\": \"1.23.5\"\n      },\n      {\n       \"orchestratorType\":
        \"Kubernetes\",\n       \"orchestratorVersion\": \"1.23.8\"\n      }\n     ]\n
        \   },\n    {\n     \"orchestratorType\": \"Kubernetes\",\n     \"orchestratorVersion\":
        \"1.22.11\",\n     \"upgrades\": [\n      {\n       \"orchestratorType\":
        \"Kubernetes\",\n       \"orchestratorVersion\": \"1.23.5\"\n      },\n      {\n
        \      \"orchestratorType\": \"Kubernetes\",\n       \"orchestratorVersion\":
        \"1.23.8\"\n      }\n     ]\n    },\n    {\n     \"orchestratorType\": \"Kubernetes\",\n
        \    \"orchestratorVersion\": \"1.23.5\",\n     \"upgrades\": [\n      {\n
        \      \"orchestratorType\": \"Kubernetes\",\n       \"orchestratorVersion\":
        \"1.23.8\"\n      },\n      {\n       \"orchestratorType\": \"Kubernetes\",\n
        \      \"orchestratorVersion\": \"1.24.0\"\n      },\n      {\n       \"orchestratorType\":
        \"Kubernetes\",\n       \"orchestratorVersion\": \"1.24.3\"\n      }\n     ]\n
        \   },\n    {\n     \"orchestratorType\": \"Kubernetes\",\n     \"orchestratorVersion\":
        \"1.23.8\",\n     \"default\": true,\n     \"upgrades\": [\n      {\n       \"orchestratorType\":
        \"Kubernetes\",\n       \"orchestratorVersion\": \"1.24.0\"\n      },\n      {\n
        \      \"orchestratorType\": \"Kubernetes\",\n       \"orchestratorVersion\":
        \"1.24.3\"\n      }\n     ]\n    },\n    {\n     \"orchestratorType\": \"Kubernetes\",\n
        \    \"orchestratorVersion\": \"1.24.0\",\n     \"upgrades\": [\n      {\n
        \      \"orchestratorType\": \"Kubernetes\",\n       \"orchestratorVersion\":
        \"1.24.3\"\n      }\n     ]\n    },\n    {\n     \"orchestratorType\": \"Kubernetes\",\n
        \    \"orchestratorVersion\": \"1.24.3\"\n    }\n   ]\n  }\n }"
    headers:
      cache-control:
      - no-cache
      content-length:
      - '2030'
      content-type:
      - application/json
      date:
      - Wed, 28 Sep 2022 11:14:57 GMT
      expires:
      - '-1'
      pragma:
      - no-cache
      server:
      - nginx
      strict-transport-security:
      - max-age=31536000; includeSubDomains
      transfer-encoding:
      - chunked
      vary:
      - Accept-Encoding
      x-content-type-options:
      - nosniff
    status:
      code: 200
      message: OK
- request:
    body: '{"location": "westcentralus", "identity": {"type": "SystemAssigned"}, "properties":
      {"kubernetesVersion": "1.24.3", "dnsPrefix": "cliakstest-clitestz3xfnbtds-8ecadf",
      "agentPoolProfiles": [{"count": 1, "vmSize": "Standard_DS2_v2", "osDiskSizeGB":
      0, "workloadRuntime": "OCIContainer", "osType": "Linux", "enableAutoScaling":
      false, "type": "VirtualMachineScaleSets", "mode": "System", "orchestratorVersion":
      "1.24.3", "upgradeSettings": {}, "enableNodePublicIP": false, "enableCustomCATrust":
      false, "scaleSetPriority": "Regular", "scaleSetEvictionPolicy": "Delete", "spotMaxPrice":
      -1.0, "nodeTaints": [], "enableEncryptionAtHost": false, "enableUltraSSD": false,
      "enableFIPS": false, "name": "c000004"}], "linuxProfile": {"adminUsername":
      "azureuser", "ssh": {"publicKeys": [{"keyData": "ssh-rsa AAAAB3NzaC1yc2EAAAADAQABAAABAQDVt7qYfUlZP3JUy9lguIXjt8N1qtBC8yktmu7E83C+A1pYFjRdVc/WU4vTbERHemLl28PpLNLg2EdVMVDXRPLEkSVOtNV02lh0Jyuw6s3mf/UYvgRKNo6rOSH3+Hvv+9IswiBnq7oOnzIz7wQaQZ47pDl2VbOO1JYjM+X2iNK8XrnXTm5+nE3ZSmwUweY6vSElhFhsogoJf8VRBH8hCxwhb+6h+XtAhH+OWGCy3l9YVS7pJxXGbd1G3zYem94lzIKuzKq1lCXQ1qrryfa1eX9U4H+d1IKCz8hnnns46kzSMM7Eh0robU9dLoJhNlh94vB6mvPpM2XJbMzf+mRC3FUv
      azcli_aks_live_test@example.com\n"}]}}, "addonProfiles": {}, "enableRBAC": true,
      "enablePodSecurityPolicy": false, "networkProfile": {"networkPlugin": "kubenet",
      "podCidr": "10.244.0.0/16", "serviceCidr": "10.0.0.0/16", "dnsServiceIP": "10.0.0.10",
      "dockerBridgeCidr": "172.17.0.1/16", "outboundType": "loadBalancer", "loadBalancerSku":
      "standard"}, "disableLocalAccounts": false, "storageProfile": {}}}'
    headers:
      Accept:
      - application/json
      Accept-Encoding:
      - gzip, deflate
      CommandName:
      - aks create
      Connection:
      - keep-alive
      Content-Length:
      - '1574'
      Content-Type:
      - application/json
      ParameterSetName:
      - --resource-group --name --location --nodepool-name --node-count -k --ssh-key-value
        -o
      User-Agent:
      - AZURECLI/2.40.0 azsdk-python-azure-mgmt-containerservice/20.3.0b2 Python/3.8.10
        (Linux-5.15.0-1020-azure-x86_64-with-glibc2.29)
    method: PUT
    uri: https://management.azure.com/subscriptions/00000000-0000-0000-0000-000000000000/resourceGroups/clitest000001/providers/Microsoft.ContainerService/managedClusters/cliakstest000002?api-version=2022-08-03-preview
  response:
    body:
      string: "{\n  \"id\": \"/subscriptions/00000000-0000-0000-0000-000000000000/resourcegroups/clitest000001/providers/Microsoft.ContainerService/managedClusters/cliakstest000002\",\n
        \ \"location\": \"westcentralus\",\n  \"name\": \"cliakstest000002\",\n  \"type\":
        \"Microsoft.ContainerService/ManagedClusters\",\n  \"properties\": {\n   \"provisioningState\":
        \"Creating\",\n   \"powerState\": {\n    \"code\": \"Running\"\n   },\n   \"kubernetesVersion\":
        \"1.24.3\",\n   \"currentKubernetesVersion\": \"1.24.3\",\n   \"dnsPrefix\":
        \"cliakstest-clitestz3xfnbtds-8ecadf\",\n   \"fqdn\": \"cliakstest-clitestz3xfnbtds-8ecadf-29ad3318.hcp.westcentralus.azmk8s.io\",\n
        \  \"azurePortalFQDN\": \"cliakstest-clitestz3xfnbtds-8ecadf-29ad3318.portal.hcp.westcentralus.azmk8s.io\",\n
        \  \"agentPoolProfiles\": [\n    {\n     \"name\": \"c000004\",\n     \"count\":
        1,\n     \"vmSize\": \"Standard_DS2_v2\",\n     \"osDiskSizeGB\": 128,\n     \"osDiskType\":
        \"Managed\",\n     \"kubeletDiskType\": \"OS\",\n     \"workloadRuntime\":
        \"OCIContainer\",\n     \"maxPods\": 110,\n     \"type\": \"VirtualMachineScaleSets\",\n
        \    \"enableAutoScaling\": false,\n     \"provisioningState\": \"Creating\",\n
        \    \"powerState\": {\n      \"code\": \"Running\"\n     },\n     \"orchestratorVersion\":
        \"1.24.3\",\n     \"enableNodePublicIP\": false,\n     \"enableCustomCATrust\":
        false,\n     \"mode\": \"System\",\n     \"enableEncryptionAtHost\": false,\n
        \    \"enableUltraSSD\": false,\n     \"osType\": \"Linux\",\n     \"osSKU\":
        \"Ubuntu\",\n     \"nodeImageVersion\": \"AKSUbuntu-1804gen2containerd-2022.09.13\",\n
        \    \"upgradeSettings\": {},\n     \"enableFIPS\": false\n    }\n   ],\n
        \  \"linuxProfile\": {\n    \"adminUsername\": \"azureuser\",\n    \"ssh\":
        {\n     \"publicKeys\": [\n      {\n       \"keyData\": \"ssh-rsa AAAAB3NzaC1yc2EAAAADAQABAAABAQDVt7qYfUlZP3JUy9lguIXjt8N1qtBC8yktmu7E83C+A1pYFjRdVc/WU4vTbERHemLl28PpLNLg2EdVMVDXRPLEkSVOtNV02lh0Jyuw6s3mf/UYvgRKNo6rOSH3+Hvv+9IswiBnq7oOnzIz7wQaQZ47pDl2VbOO1JYjM+X2iNK8XrnXTm5+nE3ZSmwUweY6vSElhFhsogoJf8VRBH8hCxwhb+6h+XtAhH+OWGCy3l9YVS7pJxXGbd1G3zYem94lzIKuzKq1lCXQ1qrryfa1eX9U4H+d1IKCz8hnnns46kzSMM7Eh0robU9dLoJhNlh94vB6mvPpM2XJbMzf+mRC3FUv
        azcli_aks_live_test@example.com\\n\"\n      }\n     ]\n    }\n   },\n   \"servicePrincipalProfile\":
        {\n    \"clientId\":\"00000000-0000-0000-0000-000000000001\"\n   },\n   \"nodeResourceGroup\":
        \"MC_clitest000001_cliakstest000002_westcentralus\",\n   \"enableRBAC\": true,\n
        \  \"enablePodSecurityPolicy\": false,\n   \"networkProfile\": {\n    \"networkPlugin\":
        \"kubenet\",\n    \"loadBalancerSku\": \"standard\",\n    \"loadBalancerProfile\":
        {\n     \"managedOutboundIPs\": {\n      \"count\": 1\n     },\n     \"backendPoolType\":
        \"nodeIPConfiguration\"\n    },\n    \"podCidr\": \"10.244.0.0/16\",\n    \"serviceCidr\":
        \"10.0.0.0/16\",\n    \"dnsServiceIP\": \"10.0.0.10\",\n    \"dockerBridgeCidr\":
        \"172.17.0.1/16\",\n    \"outboundType\": \"loadBalancer\",\n    \"podCidrs\":
        [\n     \"10.244.0.0/16\"\n    ],\n    \"serviceCidrs\": [\n     \"10.0.0.0/16\"\n
        \   ],\n    \"ipFamilies\": [\n     \"IPv4\"\n    ]\n   },\n   \"maxAgentPools\":
        100,\n   \"disableLocalAccounts\": false,\n   \"securityProfile\": {},\n   \"storageProfile\":
        {\n    \"diskCSIDriver\": {\n     \"enabled\": true,\n     \"version\": \"v1\"\n
        \   },\n    \"fileCSIDriver\": {\n     \"enabled\": true\n    },\n    \"snapshotController\":
        {\n     \"enabled\": true\n    }\n   },\n   \"oidcIssuerProfile\": {\n    \"enabled\":
        false\n   },\n   \"workloadAutoScalerProfile\": {}\n  },\n  \"identity\":
        {\n   \"type\": \"SystemAssigned\",\n   \"principalId\":\"00000000-0000-0000-0000-000000000001\",\n
        \  \"tenantId\": \"72f988bf-86f1-41af-91ab-2d7cd011db47\"\n  },\n  \"sku\":
        {\n   \"name\": \"Basic\",\n   \"tier\": \"Free\"\n  }\n }"
    headers:
      azure-asyncoperation:
      - https://management.azure.com/subscriptions/00000000-0000-0000-0000-000000000000/providers/Microsoft.ContainerService/locations/westcentralus/operations/171914e7-2a65-42ff-b77d-6f6819b996f3?api-version=2016-03-30
      cache-control:
      - no-cache
      content-length:
      - '3426'
      content-type:
      - application/json
      date:
      - Wed, 28 Sep 2022 11:15:03 GMT
      expires:
      - '-1'
      pragma:
      - no-cache
      server:
      - nginx
      strict-transport-security:
      - max-age=31536000; includeSubDomains
      x-content-type-options:
      - nosniff
      x-ms-ratelimit-remaining-subscription-writes:
      - '1199'
    status:
      code: 201
      message: Created
- request:
    body: null
    headers:
      Accept:
      - '*/*'
      Accept-Encoding:
      - gzip, deflate
      CommandName:
      - aks create
      Connection:
      - keep-alive
      ParameterSetName:
      - --resource-group --name --location --nodepool-name --node-count -k --ssh-key-value
        -o
      User-Agent:
      - AZURECLI/2.40.0 azsdk-python-azure-mgmt-containerservice/20.3.0b2 Python/3.8.10
        (Linux-5.15.0-1020-azure-x86_64-with-glibc2.29)
    method: GET
    uri: https://management.azure.com/subscriptions/00000000-0000-0000-0000-000000000000/providers/Microsoft.ContainerService/locations/westcentralus/operations/171914e7-2a65-42ff-b77d-6f6819b996f3?api-version=2016-03-30
  response:
    body:
      string: "{\n  \"name\": \"e7141917-652a-ff42-b77d-6f6819b996f3\",\n  \"status\":
        \"InProgress\",\n  \"startTime\": \"2022-09-28T11:15:03.1268015Z\"\n }"
    headers:
      cache-control:
      - no-cache
      content-length:
      - '126'
      content-type:
      - application/json
      date:
      - Wed, 28 Sep 2022 11:15:33 GMT
      expires:
      - '-1'
      pragma:
      - no-cache
      server:
      - nginx
      strict-transport-security:
      - max-age=31536000; includeSubDomains
      transfer-encoding:
      - chunked
      vary:
      - Accept-Encoding
      x-content-type-options:
      - nosniff
    status:
      code: 200
      message: OK
- request:
    body: null
    headers:
      Accept:
      - '*/*'
      Accept-Encoding:
      - gzip, deflate
      CommandName:
      - aks create
      Connection:
      - keep-alive
      ParameterSetName:
      - --resource-group --name --location --nodepool-name --node-count -k --ssh-key-value
        -o
      User-Agent:
      - AZURECLI/2.40.0 azsdk-python-azure-mgmt-containerservice/20.3.0b2 Python/3.8.10
        (Linux-5.15.0-1020-azure-x86_64-with-glibc2.29)
    method: GET
    uri: https://management.azure.com/subscriptions/00000000-0000-0000-0000-000000000000/providers/Microsoft.ContainerService/locations/westcentralus/operations/171914e7-2a65-42ff-b77d-6f6819b996f3?api-version=2016-03-30
  response:
    body:
      string: "{\n  \"name\": \"e7141917-652a-ff42-b77d-6f6819b996f3\",\n  \"status\":
        \"InProgress\",\n  \"startTime\": \"2022-09-28T11:15:03.1268015Z\"\n }"
    headers:
      cache-control:
      - no-cache
      content-length:
      - '126'
      content-type:
      - application/json
      date:
      - Wed, 28 Sep 2022 11:16:03 GMT
      expires:
      - '-1'
      pragma:
      - no-cache
      server:
      - nginx
      strict-transport-security:
      - max-age=31536000; includeSubDomains
      transfer-encoding:
      - chunked
      vary:
      - Accept-Encoding
      x-content-type-options:
      - nosniff
    status:
      code: 200
      message: OK
- request:
    body: null
    headers:
      Accept:
      - '*/*'
      Accept-Encoding:
      - gzip, deflate
      CommandName:
      - aks create
      Connection:
      - keep-alive
      ParameterSetName:
      - --resource-group --name --location --nodepool-name --node-count -k --ssh-key-value
        -o
      User-Agent:
      - AZURECLI/2.40.0 azsdk-python-azure-mgmt-containerservice/20.3.0b2 Python/3.8.10
        (Linux-5.15.0-1020-azure-x86_64-with-glibc2.29)
    method: GET
    uri: https://management.azure.com/subscriptions/00000000-0000-0000-0000-000000000000/providers/Microsoft.ContainerService/locations/westcentralus/operations/171914e7-2a65-42ff-b77d-6f6819b996f3?api-version=2016-03-30
  response:
    body:
      string: "{\n  \"name\": \"e7141917-652a-ff42-b77d-6f6819b996f3\",\n  \"status\":
        \"InProgress\",\n  \"startTime\": \"2022-09-28T11:15:03.1268015Z\"\n }"
    headers:
      cache-control:
      - no-cache
      content-length:
      - '126'
      content-type:
      - application/json
      date:
      - Wed, 28 Sep 2022 11:16:33 GMT
      expires:
      - '-1'
      pragma:
      - no-cache
      server:
      - nginx
      strict-transport-security:
      - max-age=31536000; includeSubDomains
      transfer-encoding:
      - chunked
      vary:
      - Accept-Encoding
      x-content-type-options:
      - nosniff
    status:
      code: 200
      message: OK
- request:
    body: null
    headers:
      Accept:
      - '*/*'
      Accept-Encoding:
      - gzip, deflate
      CommandName:
      - aks create
      Connection:
      - keep-alive
      ParameterSetName:
      - --resource-group --name --location --nodepool-name --node-count -k --ssh-key-value
        -o
      User-Agent:
      - AZURECLI/2.40.0 azsdk-python-azure-mgmt-containerservice/20.3.0b2 Python/3.8.10
        (Linux-5.15.0-1020-azure-x86_64-with-glibc2.29)
    method: GET
    uri: https://management.azure.com/subscriptions/00000000-0000-0000-0000-000000000000/providers/Microsoft.ContainerService/locations/westcentralus/operations/171914e7-2a65-42ff-b77d-6f6819b996f3?api-version=2016-03-30
  response:
    body:
      string: "{\n  \"name\": \"e7141917-652a-ff42-b77d-6f6819b996f3\",\n  \"status\":
        \"InProgress\",\n  \"startTime\": \"2022-09-28T11:15:03.1268015Z\"\n }"
    headers:
      cache-control:
      - no-cache
      content-length:
      - '126'
      content-type:
      - application/json
      date:
      - Wed, 28 Sep 2022 11:17:03 GMT
      expires:
      - '-1'
      pragma:
      - no-cache
      server:
      - nginx
      strict-transport-security:
      - max-age=31536000; includeSubDomains
      transfer-encoding:
      - chunked
      vary:
      - Accept-Encoding
      x-content-type-options:
      - nosniff
    status:
      code: 200
      message: OK
- request:
    body: null
    headers:
      Accept:
      - '*/*'
      Accept-Encoding:
      - gzip, deflate
      CommandName:
      - aks create
      Connection:
      - keep-alive
      ParameterSetName:
      - --resource-group --name --location --nodepool-name --node-count -k --ssh-key-value
        -o
      User-Agent:
      - AZURECLI/2.40.0 azsdk-python-azure-mgmt-containerservice/20.3.0b2 Python/3.8.10
        (Linux-5.15.0-1020-azure-x86_64-with-glibc2.29)
    method: GET
    uri: https://management.azure.com/subscriptions/00000000-0000-0000-0000-000000000000/providers/Microsoft.ContainerService/locations/westcentralus/operations/171914e7-2a65-42ff-b77d-6f6819b996f3?api-version=2016-03-30
  response:
    body:
      string: "{\n  \"name\": \"e7141917-652a-ff42-b77d-6f6819b996f3\",\n  \"status\":
        \"InProgress\",\n  \"startTime\": \"2022-09-28T11:15:03.1268015Z\"\n }"
    headers:
      cache-control:
      - no-cache
      content-length:
      - '126'
      content-type:
      - application/json
      date:
      - Wed, 28 Sep 2022 11:17:33 GMT
      expires:
      - '-1'
      pragma:
      - no-cache
      server:
      - nginx
      strict-transport-security:
      - max-age=31536000; includeSubDomains
      transfer-encoding:
      - chunked
      vary:
      - Accept-Encoding
      x-content-type-options:
      - nosniff
    status:
      code: 200
      message: OK
- request:
    body: null
    headers:
      Accept:
      - '*/*'
      Accept-Encoding:
      - gzip, deflate
      CommandName:
      - aks create
      Connection:
      - keep-alive
      ParameterSetName:
      - --resource-group --name --location --nodepool-name --node-count -k --ssh-key-value
        -o
      User-Agent:
      - AZURECLI/2.40.0 azsdk-python-azure-mgmt-containerservice/20.3.0b2 Python/3.8.10
        (Linux-5.15.0-1020-azure-x86_64-with-glibc2.29)
    method: GET
    uri: https://management.azure.com/subscriptions/00000000-0000-0000-0000-000000000000/providers/Microsoft.ContainerService/locations/westcentralus/operations/171914e7-2a65-42ff-b77d-6f6819b996f3?api-version=2016-03-30
  response:
    body:
      string: "{\n  \"name\": \"e7141917-652a-ff42-b77d-6f6819b996f3\",\n  \"status\":
        \"InProgress\",\n  \"startTime\": \"2022-09-28T11:15:03.1268015Z\"\n }"
    headers:
      cache-control:
      - no-cache
      content-length:
      - '126'
      content-type:
      - application/json
      date:
      - Wed, 28 Sep 2022 11:18:03 GMT
      expires:
      - '-1'
      pragma:
      - no-cache
      server:
      - nginx
      strict-transport-security:
      - max-age=31536000; includeSubDomains
      transfer-encoding:
      - chunked
      vary:
      - Accept-Encoding
      x-content-type-options:
      - nosniff
    status:
      code: 200
      message: OK
- request:
    body: null
    headers:
      Accept:
      - '*/*'
      Accept-Encoding:
      - gzip, deflate
      CommandName:
      - aks create
      Connection:
      - keep-alive
      ParameterSetName:
      - --resource-group --name --location --nodepool-name --node-count -k --ssh-key-value
        -o
      User-Agent:
      - AZURECLI/2.40.0 azsdk-python-azure-mgmt-containerservice/20.3.0b2 Python/3.8.10
        (Linux-5.15.0-1020-azure-x86_64-with-glibc2.29)
    method: GET
    uri: https://management.azure.com/subscriptions/00000000-0000-0000-0000-000000000000/providers/Microsoft.ContainerService/locations/westcentralus/operations/171914e7-2a65-42ff-b77d-6f6819b996f3?api-version=2016-03-30
  response:
    body:
      string: "{\n  \"name\": \"e7141917-652a-ff42-b77d-6f6819b996f3\",\n  \"status\":
        \"Succeeded\",\n  \"startTime\": \"2022-09-28T11:15:03.1268015Z\",\n  \"endTime\":
        \"2022-09-28T11:18:29.9738305Z\"\n }"
    headers:
      cache-control:
      - no-cache
      content-length:
      - '170'
      content-type:
      - application/json
      date:
      - Wed, 28 Sep 2022 11:18:34 GMT
      expires:
      - '-1'
      pragma:
      - no-cache
      server:
      - nginx
      strict-transport-security:
      - max-age=31536000; includeSubDomains
      transfer-encoding:
      - chunked
      vary:
      - Accept-Encoding
      x-content-type-options:
      - nosniff
    status:
      code: 200
      message: OK
- request:
    body: null
    headers:
      Accept:
      - '*/*'
      Accept-Encoding:
      - gzip, deflate
      CommandName:
      - aks create
      Connection:
      - keep-alive
      ParameterSetName:
      - --resource-group --name --location --nodepool-name --node-count -k --ssh-key-value
        -o
      User-Agent:
      - AZURECLI/2.40.0 azsdk-python-azure-mgmt-containerservice/20.3.0b2 Python/3.8.10
        (Linux-5.15.0-1020-azure-x86_64-with-glibc2.29)
    method: GET
    uri: https://management.azure.com/subscriptions/00000000-0000-0000-0000-000000000000/resourceGroups/clitest000001/providers/Microsoft.ContainerService/managedClusters/cliakstest000002?api-version=2022-08-03-preview
  response:
    body:
      string: "{\n  \"id\": \"/subscriptions/00000000-0000-0000-0000-000000000000/resourcegroups/clitest000001/providers/Microsoft.ContainerService/managedClusters/cliakstest000002\",\n
        \ \"location\": \"westcentralus\",\n  \"name\": \"cliakstest000002\",\n  \"type\":
        \"Microsoft.ContainerService/ManagedClusters\",\n  \"properties\": {\n   \"provisioningState\":
        \"Succeeded\",\n   \"powerState\": {\n    \"code\": \"Running\"\n   },\n   \"kubernetesVersion\":
        \"1.24.3\",\n   \"currentKubernetesVersion\": \"1.24.3\",\n   \"dnsPrefix\":
        \"cliakstest-clitestz3xfnbtds-8ecadf\",\n   \"fqdn\": \"cliakstest-clitestz3xfnbtds-8ecadf-29ad3318.hcp.westcentralus.azmk8s.io\",\n
        \  \"azurePortalFQDN\": \"cliakstest-clitestz3xfnbtds-8ecadf-29ad3318.portal.hcp.westcentralus.azmk8s.io\",\n
        \  \"agentPoolProfiles\": [\n    {\n     \"name\": \"c000004\",\n     \"count\":
        1,\n     \"vmSize\": \"Standard_DS2_v2\",\n     \"osDiskSizeGB\": 128,\n     \"osDiskType\":
        \"Managed\",\n     \"kubeletDiskType\": \"OS\",\n     \"workloadRuntime\":
        \"OCIContainer\",\n     \"maxPods\": 110,\n     \"type\": \"VirtualMachineScaleSets\",\n
        \    \"enableAutoScaling\": false,\n     \"provisioningState\": \"Succeeded\",\n
        \    \"powerState\": {\n      \"code\": \"Running\"\n     },\n     \"orchestratorVersion\":
        \"1.24.3\",\n     \"enableNodePublicIP\": false,\n     \"enableCustomCATrust\":
        false,\n     \"mode\": \"System\",\n     \"enableEncryptionAtHost\": false,\n
        \    \"enableUltraSSD\": false,\n     \"osType\": \"Linux\",\n     \"osSKU\":
        \"Ubuntu\",\n     \"nodeImageVersion\": \"AKSUbuntu-1804gen2containerd-2022.09.13\",\n
        \    \"upgradeSettings\": {},\n     \"enableFIPS\": false\n    }\n   ],\n
        \  \"linuxProfile\": {\n    \"adminUsername\": \"azureuser\",\n    \"ssh\":
        {\n     \"publicKeys\": [\n      {\n       \"keyData\": \"ssh-rsa AAAAB3NzaC1yc2EAAAADAQABAAABAQDVt7qYfUlZP3JUy9lguIXjt8N1qtBC8yktmu7E83C+A1pYFjRdVc/WU4vTbERHemLl28PpLNLg2EdVMVDXRPLEkSVOtNV02lh0Jyuw6s3mf/UYvgRKNo6rOSH3+Hvv+9IswiBnq7oOnzIz7wQaQZ47pDl2VbOO1JYjM+X2iNK8XrnXTm5+nE3ZSmwUweY6vSElhFhsogoJf8VRBH8hCxwhb+6h+XtAhH+OWGCy3l9YVS7pJxXGbd1G3zYem94lzIKuzKq1lCXQ1qrryfa1eX9U4H+d1IKCz8hnnns46kzSMM7Eh0robU9dLoJhNlh94vB6mvPpM2XJbMzf+mRC3FUv
        azcli_aks_live_test@example.com\\n\"\n      }\n     ]\n    }\n   },\n   \"servicePrincipalProfile\":
        {\n    \"clientId\":\"00000000-0000-0000-0000-000000000001\"\n   },\n   \"nodeResourceGroup\":
        \"MC_clitest000001_cliakstest000002_westcentralus\",\n   \"enableRBAC\": true,\n
        \  \"enablePodSecurityPolicy\": false,\n   \"networkProfile\": {\n    \"networkPlugin\":
        \"kubenet\",\n    \"loadBalancerSku\": \"Standard\",\n    \"loadBalancerProfile\":
        {\n     \"managedOutboundIPs\": {\n      \"count\": 1\n     },\n     \"effectiveOutboundIPs\":
        [\n      {\n       \"id\": \"/subscriptions/00000000-0000-0000-0000-000000000000/resourceGroups/MC_clitest000001_cliakstest000002_westcentralus/providers/Microsoft.Network/publicIPAddresses/0437befc-5e45-46d5-be10-5d69eac62153\"\n
        \     }\n     ],\n     \"backendPoolType\": \"nodeIPConfiguration\"\n    },\n
        \   \"podCidr\": \"10.244.0.0/16\",\n    \"serviceCidr\": \"10.0.0.0/16\",\n
        \   \"dnsServiceIP\": \"10.0.0.10\",\n    \"dockerBridgeCidr\": \"172.17.0.1/16\",\n
        \   \"outboundType\": \"loadBalancer\",\n    \"podCidrs\": [\n     \"10.244.0.0/16\"\n
        \   ],\n    \"serviceCidrs\": [\n     \"10.0.0.0/16\"\n    ],\n    \"ipFamilies\":
        [\n     \"IPv4\"\n    ]\n   },\n   \"maxAgentPools\": 100,\n   \"identityProfile\":
        {\n    \"kubeletidentity\": {\n     \"resourceId\": \"/subscriptions/00000000-0000-0000-0000-000000000000/resourcegroups/MC_clitest000001_cliakstest000002_westcentralus/providers/Microsoft.ManagedIdentity/userAssignedIdentities/cliakstest000002-agentpool\",\n
        \    \"clientId\":\"00000000-0000-0000-0000-000000000001\",\n     \"objectId\":\"00000000-0000-0000-0000-000000000001\"\n
        \   }\n   },\n   \"disableLocalAccounts\": false,\n   \"securityProfile\":
        {},\n   \"storageProfile\": {\n    \"diskCSIDriver\": {\n     \"enabled\":
        true,\n     \"version\": \"v1\"\n    },\n    \"fileCSIDriver\": {\n     \"enabled\":
        true\n    },\n    \"snapshotController\": {\n     \"enabled\": true\n    }\n
        \  },\n   \"oidcIssuerProfile\": {\n    \"enabled\": false\n   },\n   \"workloadAutoScalerProfile\":
        {}\n  },\n  \"identity\": {\n   \"type\": \"SystemAssigned\",\n   \"principalId\":\"00000000-0000-0000-0000-000000000001\",\n
        \  \"tenantId\": \"72f988bf-86f1-41af-91ab-2d7cd011db47\"\n  },\n  \"sku\":
        {\n   \"name\": \"Basic\",\n   \"tier\": \"Free\"\n  }\n }"
    headers:
      cache-control:
      - no-cache
      content-length:
      - '4091'
      content-type:
      - application/json
      date:
      - Wed, 28 Sep 2022 11:18:34 GMT
      expires:
      - '-1'
      pragma:
      - no-cache
      server:
      - nginx
      strict-transport-security:
      - max-age=31536000; includeSubDomains
      transfer-encoding:
      - chunked
      vary:
      - Accept-Encoding
      x-content-type-options:
      - nosniff
    status:
      code: 200
      message: OK
- request:
    body: null
    headers:
      Accept:
      - application/json
      Accept-Encoding:
      - gzip, deflate
      CommandName:
      - aks snapshot create
      Connection:
      - keep-alive
      ParameterSetName:
      - --resource-group --name --location --aks-custom-headers --cluster-id -o
      User-Agent:
      - AZURECLI/2.40.0 azsdk-python-azure-mgmt-resource/21.1.0b1 Python/3.8.10 (Linux-5.15.0-1020-azure-x86_64-with-glibc2.29)
    method: GET
    uri: https://management.azure.com/subscriptions/00000000-0000-0000-0000-000000000000/resourcegroups/clitest000001?api-version=2021-04-01
  response:
    body:
      string: '{"id":"/subscriptions/00000000-0000-0000-0000-000000000000/resourceGroups/clitest000001","name":"clitest000001","type":"Microsoft.Resources/resourceGroups","location":"westcentralus","tags":{"cause":"automation","date":"2022-09-28T11:14:56Z","deletion_due_time":"1664623006","deletion_marked_by":"gc","product":"azurecli"},"properties":{"provisioningState":"Succeeded"}}'
    headers:
      cache-control:
      - no-cache
      content-length:
      - '370'
      content-type:
      - application/json; charset=utf-8
      date:
      - Wed, 28 Sep 2022 11:18:34 GMT
      expires:
      - '-1'
      pragma:
      - no-cache
      strict-transport-security:
      - max-age=31536000; includeSubDomains
      vary:
      - Accept-Encoding
      x-content-type-options:
      - nosniff
    status:
      code: 200
      message: OK
- request:
    body: '{"location": "westcentralus", "properties": {"creationData": {"sourceResourceId":
      "/subscriptions/00000000-0000-0000-0000-000000000000/resourcegroups/clitest000001/providers/Microsoft.ContainerService/managedClusters/cliakstest000002"},
      "snapshotType": "ManagedCluster"}}'
    headers:
      AKSHTTPCustomFeatures:
      - Microsoft.ContainerService/ManagedClusterSnapshotPreview
      Accept:
      - application/json
      Accept-Encoding:
      - gzip, deflate
      CommandName:
      - aks snapshot create
      Connection:
      - keep-alive
      Content-Length:
      - '271'
      Content-Type:
      - application/json
      ParameterSetName:
      - --resource-group --name --location --aks-custom-headers --cluster-id -o
      User-Agent:
      - AZURECLI/2.40.0 azsdk-python-azure-mgmt-containerservice/20.3.0b2 Python/3.8.10
        (Linux-5.15.0-1020-azure-x86_64-with-glibc2.29)
    method: PUT
    uri: https://management.azure.com/subscriptions/00000000-0000-0000-0000-000000000000/resourceGroups/clitest000001/providers/Microsoft.ContainerService/managedclustersnapshots/s000005?api-version=2022-08-03-preview
  response:
    body:
      string: "{\n  \"name\": \"s000005\",\n  \"id\": \"/subscriptions/00000000-0000-0000-0000-000000000000/resourceGroups/clitest000001/providers/Microsoft.ContainerService/managedclustersnapshots/s000005\",\n
        \ \"type\": \"Microsoft.ContainerService/ManagedClusterSnapshots\",\n  \"location\":
        \"westcentralus\",\n  \"systemData\": {\n   \"createdBy\": \"3fac8b4e-cd90-4baa-a5d2-66d52bc8349d\",\n
        \  \"createdByType\": \"Application\",\n   \"createdAt\": \"2022-09-28T11:18:35.5894774Z\",\n
        \  \"lastModifiedBy\": \"3fac8b4e-cd90-4baa-a5d2-66d52bc8349d\",\n   \"lastModifiedByType\":
        \"Application\",\n   \"lastModifiedAt\": \"2022-09-28T11:18:35.5894774Z\"\n
        \ },\n  \"properties\": {\n   \"creationData\": {\n    \"sourceResourceId\":
        \"/subscriptions/00000000-0000-0000-0000-000000000000/resourcegroups/clitest000001/providers/Microsoft.ContainerService/managedClusters/cliakstest000002\"\n
        \  },\n   \"snapshotType\": \"ManagedCluster\",\n   \"managedClusterPropertiesReadOnly\":
        {\n    \"kubernetesVersion\": \"1.24.3\",\n    \"sku\": {\n     \"name\":
        \"Basic\",\n     \"tier\": \"Free\"\n    },\n    \"enableRbac\": true,\n    \"networkProfile\":
        {\n     \"networkPlugin\": \"kubenet\",\n     \"loadBalancerSku\": \"Standard\"\n
        \   }\n   }\n  }\n }"
    headers:
      cache-control:
      - no-cache
      content-length:
      - '1124'
      content-type:
      - application/json
      date:
      - Wed, 28 Sep 2022 11:18:35 GMT
      expires:
      - '-1'
      pragma:
      - no-cache
      server:
      - nginx
      strict-transport-security:
      - max-age=31536000; includeSubDomains
      transfer-encoding:
      - chunked
      vary:
      - Accept-Encoding
      x-content-type-options:
      - nosniff
      x-ms-ratelimit-remaining-subscription-writes:
      - '1196'
    status:
      code: 200
      message: OK
- request:
    body: null
    headers:
      Accept:
      - application/json
      Accept-Encoding:
      - gzip, deflate
      CommandName:
      - aks delete
      Connection:
      - keep-alive
      Content-Length:
      - '0'
      ParameterSetName:
      - -g -n --yes --no-wait
      User-Agent:
      - AZURECLI/2.40.0 azsdk-python-azure-mgmt-containerservice/20.3.0b2 Python/3.8.10
        (Linux-5.15.0-1020-azure-x86_64-with-glibc2.29)
    method: DELETE
    uri: https://management.azure.com/subscriptions/00000000-0000-0000-0000-000000000000/resourceGroups/clitest000001/providers/Microsoft.ContainerService/managedClusters/cliakstest000002?api-version=2022-08-03-preview
  response:
    body:
      string: ''
    headers:
      azure-asyncoperation:
      - https://management.azure.com/subscriptions/00000000-0000-0000-0000-000000000000/providers/Microsoft.ContainerService/locations/westcentralus/operations/6de836bd-8337-487b-bedd-dc51aabdb394?api-version=2016-03-30
      cache-control:
      - no-cache
      content-length:
      - '0'
      date:
      - Wed, 28 Sep 2022 11:18:36 GMT
      expires:
      - '-1'
      location:
      - https://management.azure.com/subscriptions/00000000-0000-0000-0000-000000000000/providers/Microsoft.ContainerService/locations/westcentralus/operationresults/6de836bd-8337-487b-bedd-dc51aabdb394?api-version=2016-03-30
      pragma:
      - no-cache
      server:
      - nginx
      strict-transport-security:
      - max-age=31536000; includeSubDomains
      x-content-type-options:
      - nosniff
      x-ms-ratelimit-remaining-subscription-deletes:
      - '14994'
    status:
      code: 202
      message: Accepted
- request:
    body: null
    headers:
      Accept:
      - application/json
      Accept-Encoding:
      - gzip, deflate
      CommandName:
      - aks snapshot show
      Connection:
      - keep-alive
      ParameterSetName:
      - --resource-group --name -o
      User-Agent:
      - AZURECLI/2.40.0 azsdk-python-azure-mgmt-containerservice/20.3.0b2 Python/3.8.10
        (Linux-5.15.0-1020-azure-x86_64-with-glibc2.29)
    method: GET
    uri: https://management.azure.com/subscriptions/00000000-0000-0000-0000-000000000000/resourceGroups/clitest000001/providers/Microsoft.ContainerService/managedclustersnapshots/s000005?api-version=2022-08-03-preview
  response:
    body:
      string: "{\n  \"name\": \"s000005\",\n  \"id\": \"/subscriptions/00000000-0000-0000-0000-000000000000/resourceGroups/clitest000001/providers/Microsoft.ContainerService/managedclustersnapshots/s000005\",\n
        \ \"type\": \"Microsoft.ContainerService/ManagedClusterSnapshots\",\n  \"location\":
        \"westcentralus\",\n  \"systemData\": {\n   \"createdBy\": \"3fac8b4e-cd90-4baa-a5d2-66d52bc8349d\",\n
        \  \"createdByType\": \"Application\",\n   \"createdAt\": \"2022-09-28T11:18:35.5894774Z\",\n
        \  \"lastModifiedBy\": \"3fac8b4e-cd90-4baa-a5d2-66d52bc8349d\",\n   \"lastModifiedByType\":
        \"Application\",\n   \"lastModifiedAt\": \"2022-09-28T11:18:35.5894774Z\"\n
        \ },\n  \"properties\": {\n   \"creationData\": {\n    \"sourceResourceId\":
        \"/subscriptions/00000000-0000-0000-0000-000000000000/resourcegroups/clitest000001/providers/Microsoft.ContainerService/managedClusters/cliakstest000002\"\n
        \  },\n   \"snapshotType\": \"ManagedCluster\",\n   \"managedClusterPropertiesReadOnly\":
        {\n    \"kubernetesVersion\": \"1.24.3\",\n    \"sku\": {\n     \"name\":
        \"Basic\",\n     \"tier\": \"Free\"\n    },\n    \"enableRbac\": true,\n    \"networkProfile\":
        {\n     \"networkPlugin\": \"kubenet\",\n     \"loadBalancerSku\": \"Standard\"\n
        \   }\n   }\n  }\n }"
    headers:
      cache-control:
      - no-cache
      content-length:
      - '1124'
      content-type:
      - application/json
      date:
      - Wed, 28 Sep 2022 11:18:37 GMT
      expires:
      - '-1'
      pragma:
      - no-cache
      server:
      - nginx
      strict-transport-security:
      - max-age=31536000; includeSubDomains
      transfer-encoding:
      - chunked
      vary:
      - Accept-Encoding
      x-content-type-options:
      - nosniff
    status:
      code: 200
      message: OK
- request:
    body: null
    headers:
      Accept:
      - application/json
      Accept-Encoding:
      - gzip, deflate
      CommandName:
      - aks snapshot list
      Connection:
      - keep-alive
      ParameterSetName:
      - --resource-group -o
      User-Agent:
      - AZURECLI/2.40.0 azsdk-python-azure-mgmt-containerservice/20.3.0b2 Python/3.8.10
        (Linux-5.15.0-1020-azure-x86_64-with-glibc2.29)
    method: GET
    uri: https://management.azure.com/subscriptions/00000000-0000-0000-0000-000000000000/resourceGroups/clitest000001/providers/Microsoft.ContainerService/managedclustersnapshots?api-version=2022-08-03-preview
  response:
    body:
      string: "{\n  \"value\": [\n   {\n    \"name\": \"s000005\",\n    \"id\": \"/subscriptions/00000000-0000-0000-0000-000000000000/resourceGroups/clitest000001/providers/Microsoft.ContainerService/managedclustersnapshots/s000005\",\n
        \   \"type\": \"Microsoft.ContainerService/ManagedClusterSnapshots\",\n    \"location\":
        \"westcentralus\",\n    \"systemData\": {\n     \"createdBy\": \"3fac8b4e-cd90-4baa-a5d2-66d52bc8349d\",\n
        \    \"createdByType\": \"Application\",\n     \"createdAt\": \"2022-09-28T11:18:35.5894774Z\",\n
        \    \"lastModifiedBy\": \"3fac8b4e-cd90-4baa-a5d2-66d52bc8349d\",\n     \"lastModifiedByType\":
        \"Application\",\n     \"lastModifiedAt\": \"2022-09-28T11:18:35.5894774Z\"\n
        \   },\n    \"properties\": {\n     \"creationData\": {\n      \"sourceResourceId\":
        \"/subscriptions/00000000-0000-0000-0000-000000000000/resourcegroups/clitest000001/providers/Microsoft.ContainerService/managedClusters/cliakstest000002\"\n
        \    },\n     \"snapshotType\": \"ManagedCluster\",\n     \"managedClusterPropertiesReadOnly\":
        {\n      \"kubernetesVersion\": \"1.24.3\",\n      \"sku\": {\n       \"name\":
        \"Basic\",\n       \"tier\": \"Free\"\n      },\n      \"enableRbac\": true,\n
        \     \"networkProfile\": {\n       \"networkPlugin\": \"kubenet\",\n       \"loadBalancerSku\":
        \"Standard\"\n      }\n     }\n    }\n   }\n  ]\n }"
    headers:
      cache-control:
      - no-cache
      content-length:
      - '1211'
      content-type:
      - application/json
      date:
      - Wed, 28 Sep 2022 11:18:37 GMT
      expires:
      - '-1'
      pragma:
      - no-cache
      server:
      - nginx
      strict-transport-security:
      - max-age=31536000; includeSubDomains
      transfer-encoding:
      - chunked
      vary:
      - Accept-Encoding
      x-content-type-options:
      - nosniff
    status:
      code: 200
      message: OK
- request:
    body: '{"location": "westcentralus", "identity": {"type": "SystemAssigned"}, "properties":
      {"kubernetesVersion": "1.23.8", "dnsPrefix": "cliakstest-clitestz3xfnbtds-8ecadf",
      "agentPoolProfiles": [{"count": 1, "vmSize": "Standard_DS2_v2", "osDiskSizeGB":
      0, "workloadRuntime": "OCIContainer", "osType": "Linux", "enableAutoScaling":
      false, "type": "VirtualMachineScaleSets", "mode": "System", "orchestratorVersion":
      "1.23.8", "upgradeSettings": {}, "enableNodePublicIP": false, "enableCustomCATrust":
      false, "scaleSetPriority": "Regular", "scaleSetEvictionPolicy": "Delete", "spotMaxPrice":
      -1.0, "nodeTaints": [], "enableEncryptionAtHost": false, "enableUltraSSD": false,
      "enableFIPS": false, "name": "c000004"}], "linuxProfile": {"adminUsername":
      "azureuser", "ssh": {"publicKeys": [{"keyData": "ssh-rsa AAAAB3NzaC1yc2EAAAADAQABAAABAQDVt7qYfUlZP3JUy9lguIXjt8N1qtBC8yktmu7E83C+A1pYFjRdVc/WU4vTbERHemLl28PpLNLg2EdVMVDXRPLEkSVOtNV02lh0Jyuw6s3mf/UYvgRKNo6rOSH3+Hvv+9IswiBnq7oOnzIz7wQaQZ47pDl2VbOO1JYjM+X2iNK8XrnXTm5+nE3ZSmwUweY6vSElhFhsogoJf8VRBH8hCxwhb+6h+XtAhH+OWGCy3l9YVS7pJxXGbd1G3zYem94lzIKuzKq1lCXQ1qrryfa1eX9U4H+d1IKCz8hnnns46kzSMM7Eh0robU9dLoJhNlh94vB6mvPpM2XJbMzf+mRC3FUv
      azcli_aks_live_test@example.com\n"}]}}, "addonProfiles": {}, "enableRBAC": true,
      "enablePodSecurityPolicy": false, "networkProfile": {"networkPlugin": "kubenet",
      "podCidr": "10.244.0.0/16", "serviceCidr": "10.0.0.0/16", "dnsServiceIP": "10.0.0.10",
      "dockerBridgeCidr": "172.17.0.1/16", "outboundType": "loadBalancer", "loadBalancerSku":
      "standard"}, "disableLocalAccounts": false, "storageProfile": {}}}'
    headers:
      Accept:
      - application/json
      Accept-Encoding:
      - gzip, deflate
      CommandName:
      - aks create
      Connection:
      - keep-alive
      Content-Length:
      - '1574'
      Content-Type:
      - application/json
      ParameterSetName:
      - --resource-group --name --location --nodepool-name --node-count -k --ssh-key-value
        -o
      User-Agent:
      - AZURECLI/2.40.0 azsdk-python-azure-mgmt-containerservice/20.3.0b2 Python/3.8.10
        (Linux-5.15.0-1020-azure-x86_64-with-glibc2.29)
    method: PUT
    uri: https://management.azure.com/subscriptions/00000000-0000-0000-0000-000000000000/resourceGroups/clitest000001/providers/Microsoft.ContainerService/managedClusters/cliakstest000003?api-version=2022-08-03-preview
  response:
    body:
      string: "{\n  \"id\": \"/subscriptions/00000000-0000-0000-0000-000000000000/resourcegroups/clitest000001/providers/Microsoft.ContainerService/managedClusters/cliakstest000003\",\n
        \ \"location\": \"westcentralus\",\n  \"name\": \"cliakstest000003\",\n  \"type\":
        \"Microsoft.ContainerService/ManagedClusters\",\n  \"properties\": {\n   \"provisioningState\":
        \"Creating\",\n   \"powerState\": {\n    \"code\": \"Running\"\n   },\n   \"kubernetesVersion\":
        \"1.23.8\",\n   \"currentKubernetesVersion\": \"1.23.8\",\n   \"dnsPrefix\":
        \"cliakstest-clitestz3xfnbtds-8ecadf\",\n   \"fqdn\": \"cliakstest-clitestz3xfnbtds-8ecadf-fcc73f7d.hcp.westcentralus.azmk8s.io\",\n
        \  \"azurePortalFQDN\": \"cliakstest-clitestz3xfnbtds-8ecadf-fcc73f7d.portal.hcp.westcentralus.azmk8s.io\",\n
        \  \"agentPoolProfiles\": [\n    {\n     \"name\": \"c000004\",\n     \"count\":
        1,\n     \"vmSize\": \"Standard_DS2_v2\",\n     \"osDiskSizeGB\": 128,\n     \"osDiskType\":
        \"Managed\",\n     \"kubeletDiskType\": \"OS\",\n     \"workloadRuntime\":
        \"OCIContainer\",\n     \"maxPods\": 110,\n     \"type\": \"VirtualMachineScaleSets\",\n
        \    \"enableAutoScaling\": false,\n     \"provisioningState\": \"Creating\",\n
        \    \"powerState\": {\n      \"code\": \"Running\"\n     },\n     \"orchestratorVersion\":
        \"1.23.8\",\n     \"enableNodePublicIP\": false,\n     \"enableCustomCATrust\":
        false,\n     \"mode\": \"System\",\n     \"enableEncryptionAtHost\": false,\n
        \    \"enableUltraSSD\": false,\n     \"osType\": \"Linux\",\n     \"osSKU\":
        \"Ubuntu\",\n     \"nodeImageVersion\": \"AKSUbuntu-1804gen2containerd-2022.09.13\",\n
        \    \"upgradeSettings\": {},\n     \"enableFIPS\": false\n    }\n   ],\n
        \  \"linuxProfile\": {\n    \"adminUsername\": \"azureuser\",\n    \"ssh\":
        {\n     \"publicKeys\": [\n      {\n       \"keyData\": \"ssh-rsa AAAAB3NzaC1yc2EAAAADAQABAAABAQDVt7qYfUlZP3JUy9lguIXjt8N1qtBC8yktmu7E83C+A1pYFjRdVc/WU4vTbERHemLl28PpLNLg2EdVMVDXRPLEkSVOtNV02lh0Jyuw6s3mf/UYvgRKNo6rOSH3+Hvv+9IswiBnq7oOnzIz7wQaQZ47pDl2VbOO1JYjM+X2iNK8XrnXTm5+nE3ZSmwUweY6vSElhFhsogoJf8VRBH8hCxwhb+6h+XtAhH+OWGCy3l9YVS7pJxXGbd1G3zYem94lzIKuzKq1lCXQ1qrryfa1eX9U4H+d1IKCz8hnnns46kzSMM7Eh0robU9dLoJhNlh94vB6mvPpM2XJbMzf+mRC3FUv
        azcli_aks_live_test@example.com\\n\"\n      }\n     ]\n    }\n   },\n   \"servicePrincipalProfile\":
        {\n    \"clientId\":\"00000000-0000-0000-0000-000000000001\"\n   },\n   \"nodeResourceGroup\":
        \"MC_clitest000001_cliakstest000003_westcentralus\",\n   \"enableRBAC\": true,\n
        \  \"enablePodSecurityPolicy\": false,\n   \"networkProfile\": {\n    \"networkPlugin\":
        \"kubenet\",\n    \"loadBalancerSku\": \"standard\",\n    \"loadBalancerProfile\":
        {\n     \"managedOutboundIPs\": {\n      \"count\": 1\n     },\n     \"backendPoolType\":
        \"nodeIPConfiguration\"\n    },\n    \"podCidr\": \"10.244.0.0/16\",\n    \"serviceCidr\":
        \"10.0.0.0/16\",\n    \"dnsServiceIP\": \"10.0.0.10\",\n    \"dockerBridgeCidr\":
        \"172.17.0.1/16\",\n    \"outboundType\": \"loadBalancer\",\n    \"podCidrs\":
        [\n     \"10.244.0.0/16\"\n    ],\n    \"serviceCidrs\": [\n     \"10.0.0.0/16\"\n
        \   ],\n    \"ipFamilies\": [\n     \"IPv4\"\n    ]\n   },\n   \"maxAgentPools\":
        100,\n   \"disableLocalAccounts\": false,\n   \"securityProfile\": {},\n   \"storageProfile\":
        {\n    \"diskCSIDriver\": {\n     \"enabled\": true,\n     \"version\": \"v1\"\n
        \   },\n    \"fileCSIDriver\": {\n     \"enabled\": true\n    },\n    \"snapshotController\":
        {\n     \"enabled\": true\n    }\n   },\n   \"oidcIssuerProfile\": {\n    \"enabled\":
        false\n   },\n   \"workloadAutoScalerProfile\": {}\n  },\n  \"identity\":
        {\n   \"type\": \"SystemAssigned\",\n   \"principalId\":\"00000000-0000-0000-0000-000000000001\",\n
        \  \"tenantId\": \"72f988bf-86f1-41af-91ab-2d7cd011db47\"\n  },\n  \"sku\":
        {\n   \"name\": \"Basic\",\n   \"tier\": \"Free\"\n  }\n }"
    headers:
      azure-asyncoperation:
      - https://management.azure.com/subscriptions/00000000-0000-0000-0000-000000000000/providers/Microsoft.ContainerService/locations/westcentralus/operations/3974ecfb-27db-43df-a94d-03c95643947c?api-version=2016-03-30
      cache-control:
      - no-cache
      content-length:
      - '3426'
      content-type:
      - application/json
      date:
      - Wed, 28 Sep 2022 11:18:42 GMT
      expires:
      - '-1'
      pragma:
      - no-cache
      server:
      - nginx
      strict-transport-security:
      - max-age=31536000; includeSubDomains
      x-content-type-options:
      - nosniff
      x-ms-ratelimit-remaining-subscription-writes:
      - '1198'
    status:
      code: 201
      message: Created
- request:
    body: null
    headers:
      Accept:
      - '*/*'
      Accept-Encoding:
      - gzip, deflate
      CommandName:
      - aks create
      Connection:
      - keep-alive
      ParameterSetName:
      - --resource-group --name --location --nodepool-name --node-count -k --ssh-key-value
        -o
      User-Agent:
      - AZURECLI/2.40.0 azsdk-python-azure-mgmt-containerservice/20.3.0b2 Python/3.8.10
        (Linux-5.15.0-1020-azure-x86_64-with-glibc2.29)
    method: GET
    uri: https://management.azure.com/subscriptions/00000000-0000-0000-0000-000000000000/providers/Microsoft.ContainerService/locations/westcentralus/operations/3974ecfb-27db-43df-a94d-03c95643947c?api-version=2016-03-30
  response:
    body:
      string: "{\n  \"name\": \"fbec7439-db27-df43-a94d-03c95643947c\",\n  \"status\":
        \"InProgress\",\n  \"startTime\": \"2022-09-28T11:18:42.5983343Z\"\n }"
    headers:
      cache-control:
      - no-cache
      content-length:
      - '126'
      content-type:
      - application/json
      date:
      - Wed, 28 Sep 2022 11:19:13 GMT
      expires:
      - '-1'
      pragma:
      - no-cache
      server:
      - nginx
      strict-transport-security:
      - max-age=31536000; includeSubDomains
      transfer-encoding:
      - chunked
      vary:
      - Accept-Encoding
      x-content-type-options:
      - nosniff
    status:
      code: 200
      message: OK
- request:
    body: null
    headers:
      Accept:
      - '*/*'
      Accept-Encoding:
      - gzip, deflate
      CommandName:
      - aks create
      Connection:
      - keep-alive
      ParameterSetName:
      - --resource-group --name --location --nodepool-name --node-count -k --ssh-key-value
        -o
      User-Agent:
      - AZURECLI/2.40.0 azsdk-python-azure-mgmt-containerservice/20.3.0b2 Python/3.8.10
        (Linux-5.15.0-1020-azure-x86_64-with-glibc2.29)
    method: GET
    uri: https://management.azure.com/subscriptions/00000000-0000-0000-0000-000000000000/providers/Microsoft.ContainerService/locations/westcentralus/operations/3974ecfb-27db-43df-a94d-03c95643947c?api-version=2016-03-30
  response:
    body:
      string: "{\n  \"name\": \"fbec7439-db27-df43-a94d-03c95643947c\",\n  \"status\":
        \"InProgress\",\n  \"startTime\": \"2022-09-28T11:18:42.5983343Z\"\n }"
    headers:
      cache-control:
      - no-cache
      content-length:
      - '126'
      content-type:
      - application/json
      date:
      - Wed, 28 Sep 2022 11:19:42 GMT
      expires:
      - '-1'
      pragma:
      - no-cache
      server:
      - nginx
      strict-transport-security:
      - max-age=31536000; includeSubDomains
      transfer-encoding:
      - chunked
      vary:
      - Accept-Encoding
      x-content-type-options:
      - nosniff
    status:
      code: 200
      message: OK
- request:
    body: null
    headers:
      Accept:
      - '*/*'
      Accept-Encoding:
      - gzip, deflate
      CommandName:
      - aks create
      Connection:
      - keep-alive
      ParameterSetName:
      - --resource-group --name --location --nodepool-name --node-count -k --ssh-key-value
        -o
      User-Agent:
      - AZURECLI/2.40.0 azsdk-python-azure-mgmt-containerservice/20.3.0b2 Python/3.8.10
        (Linux-5.15.0-1020-azure-x86_64-with-glibc2.29)
    method: GET
    uri: https://management.azure.com/subscriptions/00000000-0000-0000-0000-000000000000/providers/Microsoft.ContainerService/locations/westcentralus/operations/3974ecfb-27db-43df-a94d-03c95643947c?api-version=2016-03-30
  response:
    body:
      string: "{\n  \"name\": \"fbec7439-db27-df43-a94d-03c95643947c\",\n  \"status\":
        \"InProgress\",\n  \"startTime\": \"2022-09-28T11:18:42.5983343Z\"\n }"
    headers:
      cache-control:
      - no-cache
      content-length:
      - '126'
      content-type:
      - application/json
      date:
      - Wed, 28 Sep 2022 11:20:12 GMT
      expires:
      - '-1'
      pragma:
      - no-cache
      server:
      - nginx
      strict-transport-security:
      - max-age=31536000; includeSubDomains
      transfer-encoding:
      - chunked
      vary:
      - Accept-Encoding
      x-content-type-options:
      - nosniff
    status:
      code: 200
      message: OK
- request:
    body: null
    headers:
      Accept:
      - '*/*'
      Accept-Encoding:
      - gzip, deflate
      CommandName:
      - aks create
      Connection:
      - keep-alive
      ParameterSetName:
      - --resource-group --name --location --nodepool-name --node-count -k --ssh-key-value
        -o
      User-Agent:
      - AZURECLI/2.40.0 azsdk-python-azure-mgmt-containerservice/20.3.0b2 Python/3.8.10
        (Linux-5.15.0-1020-azure-x86_64-with-glibc2.29)
    method: GET
    uri: https://management.azure.com/subscriptions/00000000-0000-0000-0000-000000000000/providers/Microsoft.ContainerService/locations/westcentralus/operations/3974ecfb-27db-43df-a94d-03c95643947c?api-version=2016-03-30
  response:
    body:
      string: "{\n  \"name\": \"fbec7439-db27-df43-a94d-03c95643947c\",\n  \"status\":
        \"InProgress\",\n  \"startTime\": \"2022-09-28T11:18:42.5983343Z\"\n }"
    headers:
      cache-control:
      - no-cache
      content-length:
      - '126'
      content-type:
      - application/json
      date:
      - Wed, 28 Sep 2022 11:20:42 GMT
      expires:
      - '-1'
      pragma:
      - no-cache
      server:
      - nginx
      strict-transport-security:
      - max-age=31536000; includeSubDomains
      transfer-encoding:
      - chunked
      vary:
      - Accept-Encoding
      x-content-type-options:
      - nosniff
    status:
      code: 200
      message: OK
- request:
    body: null
    headers:
      Accept:
      - '*/*'
      Accept-Encoding:
      - gzip, deflate
      CommandName:
      - aks create
      Connection:
      - keep-alive
      ParameterSetName:
      - --resource-group --name --location --nodepool-name --node-count -k --ssh-key-value
        -o
      User-Agent:
      - AZURECLI/2.40.0 azsdk-python-azure-mgmt-containerservice/20.3.0b2 Python/3.8.10
        (Linux-5.15.0-1020-azure-x86_64-with-glibc2.29)
    method: GET
    uri: https://management.azure.com/subscriptions/00000000-0000-0000-0000-000000000000/providers/Microsoft.ContainerService/locations/westcentralus/operations/3974ecfb-27db-43df-a94d-03c95643947c?api-version=2016-03-30
  response:
    body:
      string: "{\n  \"name\": \"fbec7439-db27-df43-a94d-03c95643947c\",\n  \"status\":
        \"InProgress\",\n  \"startTime\": \"2022-09-28T11:18:42.5983343Z\"\n }"
    headers:
      cache-control:
      - no-cache
      content-length:
      - '126'
      content-type:
      - application/json
      date:
      - Wed, 28 Sep 2022 11:21:12 GMT
      expires:
      - '-1'
      pragma:
      - no-cache
      server:
      - nginx
      strict-transport-security:
      - max-age=31536000; includeSubDomains
      transfer-encoding:
      - chunked
      vary:
      - Accept-Encoding
      x-content-type-options:
      - nosniff
    status:
      code: 200
      message: OK
- request:
    body: null
    headers:
      Accept:
      - '*/*'
      Accept-Encoding:
      - gzip, deflate
      CommandName:
      - aks create
      Connection:
      - keep-alive
      ParameterSetName:
      - --resource-group --name --location --nodepool-name --node-count -k --ssh-key-value
        -o
      User-Agent:
      - AZURECLI/2.40.0 azsdk-python-azure-mgmt-containerservice/20.3.0b2 Python/3.8.10
        (Linux-5.15.0-1020-azure-x86_64-with-glibc2.29)
    method: GET
    uri: https://management.azure.com/subscriptions/00000000-0000-0000-0000-000000000000/providers/Microsoft.ContainerService/locations/westcentralus/operations/3974ecfb-27db-43df-a94d-03c95643947c?api-version=2016-03-30
  response:
    body:
      string: "{\n  \"name\": \"fbec7439-db27-df43-a94d-03c95643947c\",\n  \"status\":
        \"InProgress\",\n  \"startTime\": \"2022-09-28T11:18:42.5983343Z\"\n }"
    headers:
      cache-control:
      - no-cache
      content-length:
      - '126'
      content-type:
      - application/json
      date:
      - Wed, 28 Sep 2022 11:21:43 GMT
      expires:
      - '-1'
      pragma:
      - no-cache
      server:
      - nginx
      strict-transport-security:
      - max-age=31536000; includeSubDomains
      transfer-encoding:
      - chunked
      vary:
      - Accept-Encoding
      x-content-type-options:
      - nosniff
    status:
      code: 200
      message: OK
- request:
    body: null
    headers:
      Accept:
      - '*/*'
      Accept-Encoding:
      - gzip, deflate
      CommandName:
      - aks create
      Connection:
      - keep-alive
      ParameterSetName:
      - --resource-group --name --location --nodepool-name --node-count -k --ssh-key-value
        -o
      User-Agent:
      - AZURECLI/2.40.0 azsdk-python-azure-mgmt-containerservice/20.3.0b2 Python/3.8.10
        (Linux-5.15.0-1020-azure-x86_64-with-glibc2.29)
    method: GET
    uri: https://management.azure.com/subscriptions/00000000-0000-0000-0000-000000000000/providers/Microsoft.ContainerService/locations/westcentralus/operations/3974ecfb-27db-43df-a94d-03c95643947c?api-version=2016-03-30
  response:
    body:
      string: "{\n  \"name\": \"fbec7439-db27-df43-a94d-03c95643947c\",\n  \"status\":
        \"InProgress\",\n  \"startTime\": \"2022-09-28T11:18:42.5983343Z\"\n }"
    headers:
      cache-control:
      - no-cache
      content-length:
      - '126'
      content-type:
      - application/json
      date:
      - Wed, 28 Sep 2022 11:22:13 GMT
      expires:
      - '-1'
      pragma:
      - no-cache
      server:
      - nginx
      strict-transport-security:
      - max-age=31536000; includeSubDomains
      transfer-encoding:
      - chunked
      vary:
      - Accept-Encoding
      x-content-type-options:
      - nosniff
    status:
      code: 200
      message: OK
- request:
    body: null
    headers:
      Accept:
      - '*/*'
      Accept-Encoding:
      - gzip, deflate
      CommandName:
      - aks create
      Connection:
      - keep-alive
      ParameterSetName:
      - --resource-group --name --location --nodepool-name --node-count -k --ssh-key-value
        -o
      User-Agent:
      - AZURECLI/2.40.0 azsdk-python-azure-mgmt-containerservice/20.3.0b2 Python/3.8.10
        (Linux-5.15.0-1020-azure-x86_64-with-glibc2.29)
    method: GET
    uri: https://management.azure.com/subscriptions/00000000-0000-0000-0000-000000000000/providers/Microsoft.ContainerService/locations/westcentralus/operations/3974ecfb-27db-43df-a94d-03c95643947c?api-version=2016-03-30
  response:
    body:
      string: "{\n  \"name\": \"fbec7439-db27-df43-a94d-03c95643947c\",\n  \"status\":
        \"Succeeded\",\n  \"startTime\": \"2022-09-28T11:18:42.5983343Z\",\n  \"endTime\":
        \"2022-09-28T11:22:21.8670711Z\"\n }"
    headers:
      cache-control:
      - no-cache
      content-length:
      - '170'
      content-type:
      - application/json
      date:
      - Wed, 28 Sep 2022 11:22:42 GMT
      expires:
      - '-1'
      pragma:
      - no-cache
      server:
      - nginx
      strict-transport-security:
      - max-age=31536000; includeSubDomains
      transfer-encoding:
      - chunked
      vary:
      - Accept-Encoding
      x-content-type-options:
      - nosniff
    status:
      code: 200
      message: OK
- request:
    body: null
    headers:
      Accept:
      - '*/*'
      Accept-Encoding:
      - gzip, deflate
      CommandName:
      - aks create
      Connection:
      - keep-alive
      ParameterSetName:
      - --resource-group --name --location --nodepool-name --node-count -k --ssh-key-value
        -o
      User-Agent:
      - AZURECLI/2.40.0 azsdk-python-azure-mgmt-containerservice/20.3.0b2 Python/3.8.10
        (Linux-5.15.0-1020-azure-x86_64-with-glibc2.29)
    method: GET
    uri: https://management.azure.com/subscriptions/00000000-0000-0000-0000-000000000000/resourceGroups/clitest000001/providers/Microsoft.ContainerService/managedClusters/cliakstest000003?api-version=2022-08-03-preview
  response:
    body:
      string: "{\n  \"id\": \"/subscriptions/00000000-0000-0000-0000-000000000000/resourcegroups/clitest000001/providers/Microsoft.ContainerService/managedClusters/cliakstest000003\",\n
        \ \"location\": \"westcentralus\",\n  \"name\": \"cliakstest000003\",\n  \"type\":
        \"Microsoft.ContainerService/ManagedClusters\",\n  \"properties\": {\n   \"provisioningState\":
        \"Succeeded\",\n   \"powerState\": {\n    \"code\": \"Running\"\n   },\n   \"kubernetesVersion\":
        \"1.23.8\",\n   \"currentKubernetesVersion\": \"1.23.8\",\n   \"dnsPrefix\":
        \"cliakstest-clitestz3xfnbtds-8ecadf\",\n   \"fqdn\": \"cliakstest-clitestz3xfnbtds-8ecadf-fcc73f7d.hcp.westcentralus.azmk8s.io\",\n
        \  \"azurePortalFQDN\": \"cliakstest-clitestz3xfnbtds-8ecadf-fcc73f7d.portal.hcp.westcentralus.azmk8s.io\",\n
        \  \"agentPoolProfiles\": [\n    {\n     \"name\": \"c000004\",\n     \"count\":
        1,\n     \"vmSize\": \"Standard_DS2_v2\",\n     \"osDiskSizeGB\": 128,\n     \"osDiskType\":
        \"Managed\",\n     \"kubeletDiskType\": \"OS\",\n     \"workloadRuntime\":
        \"OCIContainer\",\n     \"maxPods\": 110,\n     \"type\": \"VirtualMachineScaleSets\",\n
        \    \"enableAutoScaling\": false,\n     \"provisioningState\": \"Succeeded\",\n
        \    \"powerState\": {\n      \"code\": \"Running\"\n     },\n     \"orchestratorVersion\":
        \"1.23.8\",\n     \"enableNodePublicIP\": false,\n     \"enableCustomCATrust\":
        false,\n     \"mode\": \"System\",\n     \"enableEncryptionAtHost\": false,\n
        \    \"enableUltraSSD\": false,\n     \"osType\": \"Linux\",\n     \"osSKU\":
        \"Ubuntu\",\n     \"nodeImageVersion\": \"AKSUbuntu-1804gen2containerd-2022.09.13\",\n
        \    \"upgradeSettings\": {},\n     \"enableFIPS\": false\n    }\n   ],\n
        \  \"linuxProfile\": {\n    \"adminUsername\": \"azureuser\",\n    \"ssh\":
        {\n     \"publicKeys\": [\n      {\n       \"keyData\": \"ssh-rsa AAAAB3NzaC1yc2EAAAADAQABAAABAQDVt7qYfUlZP3JUy9lguIXjt8N1qtBC8yktmu7E83C+A1pYFjRdVc/WU4vTbERHemLl28PpLNLg2EdVMVDXRPLEkSVOtNV02lh0Jyuw6s3mf/UYvgRKNo6rOSH3+Hvv+9IswiBnq7oOnzIz7wQaQZ47pDl2VbOO1JYjM+X2iNK8XrnXTm5+nE3ZSmwUweY6vSElhFhsogoJf8VRBH8hCxwhb+6h+XtAhH+OWGCy3l9YVS7pJxXGbd1G3zYem94lzIKuzKq1lCXQ1qrryfa1eX9U4H+d1IKCz8hnnns46kzSMM7Eh0robU9dLoJhNlh94vB6mvPpM2XJbMzf+mRC3FUv
        azcli_aks_live_test@example.com\\n\"\n      }\n     ]\n    }\n   },\n   \"servicePrincipalProfile\":
        {\n    \"clientId\":\"00000000-0000-0000-0000-000000000001\"\n   },\n   \"nodeResourceGroup\":
        \"MC_clitest000001_cliakstest000003_westcentralus\",\n   \"enableRBAC\": true,\n
        \  \"enablePodSecurityPolicy\": false,\n   \"networkProfile\": {\n    \"networkPlugin\":
        \"kubenet\",\n    \"loadBalancerSku\": \"Standard\",\n    \"loadBalancerProfile\":
        {\n     \"managedOutboundIPs\": {\n      \"count\": 1\n     },\n     \"effectiveOutboundIPs\":
        [\n      {\n       \"id\": \"/subscriptions/00000000-0000-0000-0000-000000000000/resourceGroups/MC_clitest000001_cliakstest000003_westcentralus/providers/Microsoft.Network/publicIPAddresses/628f949c-4d1c-4821-8e45-b08d4c5eef29\"\n
        \     }\n     ],\n     \"backendPoolType\": \"nodeIPConfiguration\"\n    },\n
        \   \"podCidr\": \"10.244.0.0/16\",\n    \"serviceCidr\": \"10.0.0.0/16\",\n
        \   \"dnsServiceIP\": \"10.0.0.10\",\n    \"dockerBridgeCidr\": \"172.17.0.1/16\",\n
        \   \"outboundType\": \"loadBalancer\",\n    \"podCidrs\": [\n     \"10.244.0.0/16\"\n
        \   ],\n    \"serviceCidrs\": [\n     \"10.0.0.0/16\"\n    ],\n    \"ipFamilies\":
        [\n     \"IPv4\"\n    ]\n   },\n   \"maxAgentPools\": 100,\n   \"identityProfile\":
        {\n    \"kubeletidentity\": {\n     \"resourceId\": \"/subscriptions/00000000-0000-0000-0000-000000000000/resourcegroups/MC_clitest000001_cliakstest000003_westcentralus/providers/Microsoft.ManagedIdentity/userAssignedIdentities/cliakstest000003-agentpool\",\n
        \    \"clientId\":\"00000000-0000-0000-0000-000000000001\",\n     \"objectId\":\"00000000-0000-0000-0000-000000000001\"\n
        \   }\n   },\n   \"disableLocalAccounts\": false,\n   \"securityProfile\":
        {},\n   \"storageProfile\": {\n    \"diskCSIDriver\": {\n     \"enabled\":
        true,\n     \"version\": \"v1\"\n    },\n    \"fileCSIDriver\": {\n     \"enabled\":
        true\n    },\n    \"snapshotController\": {\n     \"enabled\": true\n    }\n
        \  },\n   \"oidcIssuerProfile\": {\n    \"enabled\": false\n   },\n   \"workloadAutoScalerProfile\":
        {}\n  },\n  \"identity\": {\n   \"type\": \"SystemAssigned\",\n   \"principalId\":\"00000000-0000-0000-0000-000000000001\",\n
        \  \"tenantId\": \"72f988bf-86f1-41af-91ab-2d7cd011db47\"\n  },\n  \"sku\":
        {\n   \"name\": \"Basic\",\n   \"tier\": \"Free\"\n  }\n }"
    headers:
      cache-control:
      - no-cache
      content-length:
      - '4091'
      content-type:
      - application/json
      date:
      - Wed, 28 Sep 2022 11:22:43 GMT
      expires:
      - '-1'
      pragma:
      - no-cache
      server:
      - nginx
      strict-transport-security:
      - max-age=31536000; includeSubDomains
      transfer-encoding:
      - chunked
      vary:
      - Accept-Encoding
      x-content-type-options:
      - nosniff
    status:
      code: 200
      message: OK
- request:
    body: null
    headers:
      Accept:
      - application/json
      Accept-Encoding:
      - gzip, deflate
      CommandName:
      - aks upgrade
      Connection:
      - keep-alive
      ParameterSetName:
      - --resource-group --name --cluster-snapshot-id --aks-custom-headers --yes -o
      User-Agent:
      - AZURECLI/2.40.0 azsdk-python-azure-mgmt-containerservice/20.3.0b2 Python/3.8.10
        (Linux-5.15.0-1020-azure-x86_64-with-glibc2.29)
    method: GET
    uri: https://management.azure.com/subscriptions/00000000-0000-0000-0000-000000000000/resourceGroups/clitest000001/providers/Microsoft.ContainerService/managedClusters/cliakstest000003?api-version=2022-08-03-preview
  response:
    body:
      string: "{\n  \"id\": \"/subscriptions/00000000-0000-0000-0000-000000000000/resourcegroups/clitest000001/providers/Microsoft.ContainerService/managedClusters/cliakstest000003\",\n
        \ \"location\": \"westcentralus\",\n  \"name\": \"cliakstest000003\",\n  \"type\":
        \"Microsoft.ContainerService/ManagedClusters\",\n  \"properties\": {\n   \"provisioningState\":
        \"Succeeded\",\n   \"powerState\": {\n    \"code\": \"Running\"\n   },\n   \"kubernetesVersion\":
        \"1.23.8\",\n   \"currentKubernetesVersion\": \"1.23.8\",\n   \"dnsPrefix\":
        \"cliakstest-clitestz3xfnbtds-8ecadf\",\n   \"fqdn\": \"cliakstest-clitestz3xfnbtds-8ecadf-fcc73f7d.hcp.westcentralus.azmk8s.io\",\n
        \  \"azurePortalFQDN\": \"cliakstest-clitestz3xfnbtds-8ecadf-fcc73f7d.portal.hcp.westcentralus.azmk8s.io\",\n
        \  \"agentPoolProfiles\": [\n    {\n     \"name\": \"c000004\",\n     \"count\":
        1,\n     \"vmSize\": \"Standard_DS2_v2\",\n     \"osDiskSizeGB\": 128,\n     \"osDiskType\":
        \"Managed\",\n     \"kubeletDiskType\": \"OS\",\n     \"workloadRuntime\":
        \"OCIContainer\",\n     \"maxPods\": 110,\n     \"type\": \"VirtualMachineScaleSets\",\n
        \    \"enableAutoScaling\": false,\n     \"provisioningState\": \"Succeeded\",\n
        \    \"powerState\": {\n      \"code\": \"Running\"\n     },\n     \"orchestratorVersion\":
        \"1.23.8\",\n     \"enableNodePublicIP\": false,\n     \"enableCustomCATrust\":
        false,\n     \"mode\": \"System\",\n     \"enableEncryptionAtHost\": false,\n
        \    \"enableUltraSSD\": false,\n     \"osType\": \"Linux\",\n     \"osSKU\":
        \"Ubuntu\",\n     \"nodeImageVersion\": \"AKSUbuntu-1804gen2containerd-2022.09.13\",\n
        \    \"upgradeSettings\": {},\n     \"enableFIPS\": false\n    }\n   ],\n
        \  \"linuxProfile\": {\n    \"adminUsername\": \"azureuser\",\n    \"ssh\":
        {\n     \"publicKeys\": [\n      {\n       \"keyData\": \"ssh-rsa AAAAB3NzaC1yc2EAAAADAQABAAABAQDVt7qYfUlZP3JUy9lguIXjt8N1qtBC8yktmu7E83C+A1pYFjRdVc/WU4vTbERHemLl28PpLNLg2EdVMVDXRPLEkSVOtNV02lh0Jyuw6s3mf/UYvgRKNo6rOSH3+Hvv+9IswiBnq7oOnzIz7wQaQZ47pDl2VbOO1JYjM+X2iNK8XrnXTm5+nE3ZSmwUweY6vSElhFhsogoJf8VRBH8hCxwhb+6h+XtAhH+OWGCy3l9YVS7pJxXGbd1G3zYem94lzIKuzKq1lCXQ1qrryfa1eX9U4H+d1IKCz8hnnns46kzSMM7Eh0robU9dLoJhNlh94vB6mvPpM2XJbMzf+mRC3FUv
        azcli_aks_live_test@example.com\\n\"\n      }\n     ]\n    }\n   },\n   \"servicePrincipalProfile\":
        {\n    \"clientId\":\"00000000-0000-0000-0000-000000000001\"\n   },\n   \"nodeResourceGroup\":
        \"MC_clitest000001_cliakstest000003_westcentralus\",\n   \"enableRBAC\": true,\n
        \  \"enablePodSecurityPolicy\": false,\n   \"networkProfile\": {\n    \"networkPlugin\":
        \"kubenet\",\n    \"loadBalancerSku\": \"Standard\",\n    \"loadBalancerProfile\":
        {\n     \"managedOutboundIPs\": {\n      \"count\": 1\n     },\n     \"effectiveOutboundIPs\":
        [\n      {\n       \"id\": \"/subscriptions/00000000-0000-0000-0000-000000000000/resourceGroups/MC_clitest000001_cliakstest000003_westcentralus/providers/Microsoft.Network/publicIPAddresses/628f949c-4d1c-4821-8e45-b08d4c5eef29\"\n
        \     }\n     ],\n     \"backendPoolType\": \"nodeIPConfiguration\"\n    },\n
        \   \"podCidr\": \"10.244.0.0/16\",\n    \"serviceCidr\": \"10.0.0.0/16\",\n
        \   \"dnsServiceIP\": \"10.0.0.10\",\n    \"dockerBridgeCidr\": \"172.17.0.1/16\",\n
        \   \"outboundType\": \"loadBalancer\",\n    \"podCidrs\": [\n     \"10.244.0.0/16\"\n
        \   ],\n    \"serviceCidrs\": [\n     \"10.0.0.0/16\"\n    ],\n    \"ipFamilies\":
        [\n     \"IPv4\"\n    ]\n   },\n   \"maxAgentPools\": 100,\n   \"identityProfile\":
        {\n    \"kubeletidentity\": {\n     \"resourceId\": \"/subscriptions/00000000-0000-0000-0000-000000000000/resourcegroups/MC_clitest000001_cliakstest000003_westcentralus/providers/Microsoft.ManagedIdentity/userAssignedIdentities/cliakstest000003-agentpool\",\n
        \    \"clientId\":\"00000000-0000-0000-0000-000000000001\",\n     \"objectId\":\"00000000-0000-0000-0000-000000000001\"\n
        \   }\n   },\n   \"disableLocalAccounts\": false,\n   \"securityProfile\":
        {},\n   \"storageProfile\": {\n    \"diskCSIDriver\": {\n     \"enabled\":
        true,\n     \"version\": \"v1\"\n    },\n    \"fileCSIDriver\": {\n     \"enabled\":
        true\n    },\n    \"snapshotController\": {\n     \"enabled\": true\n    }\n
        \  },\n   \"oidcIssuerProfile\": {\n    \"enabled\": false\n   },\n   \"workloadAutoScalerProfile\":
        {}\n  },\n  \"identity\": {\n   \"type\": \"SystemAssigned\",\n   \"principalId\":\"00000000-0000-0000-0000-000000000001\",\n
        \  \"tenantId\": \"72f988bf-86f1-41af-91ab-2d7cd011db47\"\n  },\n  \"sku\":
        {\n   \"name\": \"Basic\",\n   \"tier\": \"Free\"\n  }\n }"
    headers:
      cache-control:
      - no-cache
      content-length:
      - '4091'
      content-type:
      - application/json
      date:
      - Wed, 28 Sep 2022 11:22:45 GMT
      expires:
      - '-1'
      pragma:
      - no-cache
      server:
      - nginx
      strict-transport-security:
      - max-age=31536000; includeSubDomains
      transfer-encoding:
      - chunked
      vary:
      - Accept-Encoding
      x-content-type-options:
      - nosniff
    status:
      code: 200
      message: OK
- request:
    body: null
    headers:
      Accept:
      - application/json
      Accept-Encoding:
      - gzip, deflate
      CommandName:
      - aks upgrade
      Connection:
      - keep-alive
      ParameterSetName:
      - --resource-group --name --cluster-snapshot-id --aks-custom-headers --yes -o
      User-Agent:
      - AZURECLI/2.40.0 azsdk-python-azure-mgmt-containerservice/20.3.0b2 Python/3.8.10
        (Linux-5.15.0-1020-azure-x86_64-with-glibc2.29)
    method: GET
    uri: https://management.azure.com/subscriptions/00000000-0000-0000-0000-000000000000/resourceGroups/clitest000001/providers/Microsoft.ContainerService/managedclustersnapshots/s000005?api-version=2022-08-03-preview
  response:
    body:
      string: "{\n  \"name\": \"s000005\",\n  \"id\": \"/subscriptions/00000000-0000-0000-0000-000000000000/resourceGroups/clitest000001/providers/Microsoft.ContainerService/managedclustersnapshots/s000005\",\n
        \ \"type\": \"Microsoft.ContainerService/ManagedClusterSnapshots\",\n  \"location\":
        \"westcentralus\",\n  \"systemData\": {\n   \"createdBy\": \"3fac8b4e-cd90-4baa-a5d2-66d52bc8349d\",\n
        \  \"createdByType\": \"Application\",\n   \"createdAt\": \"2022-09-28T11:18:35.5894774Z\",\n
        \  \"lastModifiedBy\": \"3fac8b4e-cd90-4baa-a5d2-66d52bc8349d\",\n   \"lastModifiedByType\":
        \"Application\",\n   \"lastModifiedAt\": \"2022-09-28T11:18:35.5894774Z\"\n
        \ },\n  \"properties\": {\n   \"creationData\": {\n    \"sourceResourceId\":
        \"/subscriptions/00000000-0000-0000-0000-000000000000/resourcegroups/clitest000001/providers/Microsoft.ContainerService/managedClusters/cliakstest000002\"\n
        \  },\n   \"snapshotType\": \"ManagedCluster\",\n   \"managedClusterPropertiesReadOnly\":
        {\n    \"kubernetesVersion\": \"1.24.3\",\n    \"sku\": {\n     \"name\":
        \"Basic\",\n     \"tier\": \"Free\"\n    },\n    \"enableRbac\": true,\n    \"networkProfile\":
        {\n     \"networkPlugin\": \"kubenet\",\n     \"loadBalancerSku\": \"Standard\"\n
        \   }\n   }\n  }\n }"
    headers:
      cache-control:
      - no-cache
      content-length:
      - '1124'
      content-type:
      - application/json
      date:
      - Wed, 28 Sep 2022 11:22:45 GMT
      expires:
      - '-1'
      pragma:
      - no-cache
      server:
      - nginx
      strict-transport-security:
      - max-age=31536000; includeSubDomains
      transfer-encoding:
      - chunked
      vary:
      - Accept-Encoding
      x-content-type-options:
      - nosniff
    status:
      code: 200
      message: OK
- request:
    body: '{"location": "westcentralus", "sku": {"name": "Basic", "tier": "Free"},
      "identity": {"type": "SystemAssigned"}, "properties": {"creationData": {"sourceResourceId":
      "/subscriptions/00000000-0000-0000-0000-000000000000/resourceGroups/clitest000001/providers/Microsoft.ContainerService/managedclustersnapshots/s000005"},
      "kubernetesVersion": "1.24.3", "dnsPrefix": "cliakstest-clitestz3xfnbtds-8ecadf",
      "agentPoolProfiles": [{"count": 1, "vmSize": "Standard_DS2_v2", "osDiskSizeGB":
      128, "osDiskType": "Managed", "kubeletDiskType": "OS", "workloadRuntime": "OCIContainer",
      "maxPods": 110, "osType": "Linux", "osSKU": "Ubuntu", "enableAutoScaling": false,
      "type": "VirtualMachineScaleSets", "mode": "System", "orchestratorVersion":
      "1.24.3", "upgradeSettings": {}, "powerState": {"code": "Running"}, "enableNodePublicIP":
      false, "enableCustomCATrust": false, "enableEncryptionAtHost": false, "enableUltraSSD":
      false, "enableFIPS": false, "name": "c000004"}], "linuxProfile": {"adminUsername":
      "azureuser", "ssh": {"publicKeys": [{"keyData": "ssh-rsa AAAAB3NzaC1yc2EAAAADAQABAAABAQDVt7qYfUlZP3JUy9lguIXjt8N1qtBC8yktmu7E83C+A1pYFjRdVc/WU4vTbERHemLl28PpLNLg2EdVMVDXRPLEkSVOtNV02lh0Jyuw6s3mf/UYvgRKNo6rOSH3+Hvv+9IswiBnq7oOnzIz7wQaQZ47pDl2VbOO1JYjM+X2iNK8XrnXTm5+nE3ZSmwUweY6vSElhFhsogoJf8VRBH8hCxwhb+6h+XtAhH+OWGCy3l9YVS7pJxXGbd1G3zYem94lzIKuzKq1lCXQ1qrryfa1eX9U4H+d1IKCz8hnnns46kzSMM7Eh0robU9dLoJhNlh94vB6mvPpM2XJbMzf+mRC3FUv
      azcli_aks_live_test@example.com\n"}]}}, "oidcIssuerProfile": {"enabled": false},
      "nodeResourceGroup": "MC_clitest000001_cliakstest000003_westcentralus", "enableRBAC":
      true, "enablePodSecurityPolicy": false, "networkProfile": {"networkPlugin":
      "kubenet", "podCidr": "10.244.0.0/16", "serviceCidr": "10.0.0.0/16", "dnsServiceIP":
      "10.0.0.10", "dockerBridgeCidr": "172.17.0.1/16", "outboundType": "loadBalancer",
      "loadBalancerSku": "Standard", "loadBalancerProfile": {"managedOutboundIPs":
      {"count": 1}, "effectiveOutboundIPs": [{"id": "/subscriptions/00000000-0000-0000-0000-000000000000/resourceGroups/MC_clitest000001_cliakstest000003_westcentralus/providers/Microsoft.Network/publicIPAddresses/628f949c-4d1c-4821-8e45-b08d4c5eef29"}],
      "backendPoolType": "nodeIPConfiguration"}, "podCidrs": ["10.244.0.0/16"], "serviceCidrs":
      ["10.0.0.0/16"], "ipFamilies": ["IPv4"]}, "identityProfile": {"kubeletidentity":
      {"resourceId": "/subscriptions/00000000-0000-0000-0000-000000000000/resourcegroups/MC_clitest000001_cliakstest000003_westcentralus/providers/Microsoft.ManagedIdentity/userAssignedIdentities/cliakstest000003-agentpool",
      "clientId":"00000000-0000-0000-0000-000000000001", "objectId":"00000000-0000-0000-0000-000000000001"}},
      "disableLocalAccounts": false, "securityProfile": {}, "storageProfile": {"diskCSIDriver":
      {"enabled": true, "version": "v1"}, "fileCSIDriver": {"enabled": true}, "snapshotController":
      {"enabled": true}}, "workloadAutoScalerProfile": {}}}'
    headers:
      AKSHTTPCustomFeatures:
      - Microsoft.ContainerService/ManagedClusterSnapshotPreview
      Accept:
      - application/json
      Accept-Encoding:
      - gzip, deflate
      CommandName:
      - aks upgrade
      Connection:
      - keep-alive
      Content-Length:
      - '2886'
      Content-Type:
      - application/json
      ParameterSetName:
      - --resource-group --name --cluster-snapshot-id --aks-custom-headers --yes -o
      User-Agent:
      - AZURECLI/2.40.0 azsdk-python-azure-mgmt-containerservice/20.3.0b2 Python/3.8.10
        (Linux-5.15.0-1020-azure-x86_64-with-glibc2.29)
    method: PUT
    uri: https://management.azure.com/subscriptions/00000000-0000-0000-0000-000000000000/resourceGroups/clitest000001/providers/Microsoft.ContainerService/managedClusters/cliakstest000003?api-version=2022-08-03-preview
  response:
    body:
      string: "{\n  \"id\": \"/subscriptions/00000000-0000-0000-0000-000000000000/resourcegroups/clitest000001/providers/Microsoft.ContainerService/managedClusters/cliakstest000003\",\n
        \ \"location\": \"westcentralus\",\n  \"name\": \"cliakstest000003\",\n  \"type\":
        \"Microsoft.ContainerService/ManagedClusters\",\n  \"properties\": {\n   \"provisioningState\":
        \"Upgrading\",\n   \"powerState\": {\n    \"code\": \"Running\"\n   },\n   \"creationData\":
        {\n    \"sourceResourceId\": \"/subscriptions/00000000-0000-0000-0000-000000000000/resourceGroups/clitest000001/providers/Microsoft.ContainerService/managedclustersnapshots/s000005\"\n
        \  },\n   \"kubernetesVersion\": \"1.24.3\",\n   \"currentKubernetesVersion\":
        \"1.24.3\",\n   \"dnsPrefix\": \"cliakstest-clitestz3xfnbtds-8ecadf\",\n   \"fqdn\":
        \"cliakstest-clitestz3xfnbtds-8ecadf-fcc73f7d.hcp.westcentralus.azmk8s.io\",\n
        \  \"azurePortalFQDN\": \"cliakstest-clitestz3xfnbtds-8ecadf-fcc73f7d.portal.hcp.westcentralus.azmk8s.io\",\n
        \  \"agentPoolProfiles\": [\n    {\n     \"name\": \"c000004\",\n     \"count\":
        1,\n     \"vmSize\": \"Standard_DS2_v2\",\n     \"osDiskSizeGB\": 128,\n     \"osDiskType\":
        \"Managed\",\n     \"kubeletDiskType\": \"OS\",\n     \"workloadRuntime\":
        \"OCIContainer\",\n     \"maxPods\": 110,\n     \"type\": \"VirtualMachineScaleSets\",\n
        \    \"enableAutoScaling\": false,\n     \"provisioningState\": \"Upgrading\",\n
        \    \"powerState\": {\n      \"code\": \"Running\"\n     },\n     \"orchestratorVersion\":
        \"1.24.3\",\n     \"enableNodePublicIP\": false,\n     \"enableCustomCATrust\":
        false,\n     \"mode\": \"System\",\n     \"enableEncryptionAtHost\": false,\n
        \    \"enableUltraSSD\": false,\n     \"osType\": \"Linux\",\n     \"osSKU\":
        \"Ubuntu\",\n     \"nodeImageVersion\": \"AKSUbuntu-1804gen2containerd-2022.09.13\",\n
        \    \"upgradeSettings\": {},\n     \"enableFIPS\": false\n    }\n   ],\n
        \  \"linuxProfile\": {\n    \"adminUsername\": \"azureuser\",\n    \"ssh\":
        {\n     \"publicKeys\": [\n      {\n       \"keyData\": \"ssh-rsa AAAAB3NzaC1yc2EAAAADAQABAAABAQDVt7qYfUlZP3JUy9lguIXjt8N1qtBC8yktmu7E83C+A1pYFjRdVc/WU4vTbERHemLl28PpLNLg2EdVMVDXRPLEkSVOtNV02lh0Jyuw6s3mf/UYvgRKNo6rOSH3+Hvv+9IswiBnq7oOnzIz7wQaQZ47pDl2VbOO1JYjM+X2iNK8XrnXTm5+nE3ZSmwUweY6vSElhFhsogoJf8VRBH8hCxwhb+6h+XtAhH+OWGCy3l9YVS7pJxXGbd1G3zYem94lzIKuzKq1lCXQ1qrryfa1eX9U4H+d1IKCz8hnnns46kzSMM7Eh0robU9dLoJhNlh94vB6mvPpM2XJbMzf+mRC3FUv
        azcli_aks_live_test@example.com\\n\"\n      }\n     ]\n    }\n   },\n   \"servicePrincipalProfile\":
        {\n    \"clientId\":\"00000000-0000-0000-0000-000000000001\"\n   },\n   \"nodeResourceGroup\":
        \"MC_clitest000001_cliakstest000003_westcentralus\",\n   \"enableRBAC\": true,\n
        \  \"enablePodSecurityPolicy\": false,\n   \"networkProfile\": {\n    \"networkPlugin\":
        \"kubenet\",\n    \"loadBalancerSku\": \"Standard\",\n    \"loadBalancerProfile\":
        {\n     \"managedOutboundIPs\": {\n      \"count\": 1\n     },\n     \"effectiveOutboundIPs\":
        [\n      {\n       \"id\": \"/subscriptions/00000000-0000-0000-0000-000000000000/resourceGroups/MC_clitest000001_cliakstest000003_westcentralus/providers/Microsoft.Network/publicIPAddresses/628f949c-4d1c-4821-8e45-b08d4c5eef29\"\n
        \     }\n     ],\n     \"backendPoolType\": \"nodeIPConfiguration\"\n    },\n
        \   \"podCidr\": \"10.244.0.0/16\",\n    \"serviceCidr\": \"10.0.0.0/16\",\n
        \   \"dnsServiceIP\": \"10.0.0.10\",\n    \"dockerBridgeCidr\": \"172.17.0.1/16\",\n
        \   \"outboundType\": \"loadBalancer\",\n    \"podCidrs\": [\n     \"10.244.0.0/16\"\n
        \   ],\n    \"serviceCidrs\": [\n     \"10.0.0.0/16\"\n    ],\n    \"ipFamilies\":
        [\n     \"IPv4\"\n    ]\n   },\n   \"maxAgentPools\": 100,\n   \"identityProfile\":
        {\n    \"kubeletidentity\": {\n     \"resourceId\": \"/subscriptions/00000000-0000-0000-0000-000000000000/resourcegroups/MC_clitest000001_cliakstest000003_westcentralus/providers/Microsoft.ManagedIdentity/userAssignedIdentities/cliakstest000003-agentpool\",\n
        \    \"clientId\":\"00000000-0000-0000-0000-000000000001\",\n     \"objectId\":\"00000000-0000-0000-0000-000000000001\"\n
        \   }\n   },\n   \"disableLocalAccounts\": false,\n   \"securityProfile\":
        {},\n   \"storageProfile\": {\n    \"diskCSIDriver\": {\n     \"enabled\":
        true,\n     \"version\": \"v1\"\n    },\n    \"fileCSIDriver\": {\n     \"enabled\":
        true\n    },\n    \"snapshotController\": {\n     \"enabled\": true\n    }\n
        \  },\n   \"oidcIssuerProfile\": {\n    \"enabled\": false\n   },\n   \"workloadAutoScalerProfile\":
        {}\n  },\n  \"identity\": {\n   \"type\": \"SystemAssigned\",\n   \"principalId\":\"00000000-0000-0000-0000-000000000001\",\n
        \  \"tenantId\": \"72f988bf-86f1-41af-91ab-2d7cd011db47\"\n  },\n  \"sku\":
        {\n   \"name\": \"Basic\",\n   \"tier\": \"Free\"\n  }\n }"
    headers:
      azure-asyncoperation:
      - https://management.azure.com/subscriptions/00000000-0000-0000-0000-000000000000/providers/Microsoft.ContainerService/locations/westcentralus/operations/66756005-fa1b-4790-8943-a91f7c36440c?api-version=2016-03-30
      cache-control:
      - no-cache
      content-length:
      - '4294'
      content-type:
      - application/json
      date:
      - Wed, 28 Sep 2022 11:22:48 GMT
      expires:
      - '-1'
      pragma:
      - no-cache
      server:
      - nginx
      strict-transport-security:
      - max-age=31536000; includeSubDomains
      transfer-encoding:
      - chunked
      vary:
      - Accept-Encoding
      x-content-type-options:
      - nosniff
      x-ms-ratelimit-remaining-subscription-writes:
      - '1194'
    status:
      code: 200
      message: OK
- request:
    body: null
    headers:
      Accept:
      - '*/*'
      Accept-Encoding:
      - gzip, deflate
      CommandName:
      - aks upgrade
      Connection:
      - keep-alive
      ParameterSetName:
      - --resource-group --name --cluster-snapshot-id --aks-custom-headers --yes -o
      User-Agent:
      - AZURECLI/2.40.0 azsdk-python-azure-mgmt-containerservice/20.3.0b2 Python/3.8.10
        (Linux-5.15.0-1020-azure-x86_64-with-glibc2.29)
    method: GET
    uri: https://management.azure.com/subscriptions/00000000-0000-0000-0000-000000000000/providers/Microsoft.ContainerService/locations/westcentralus/operations/66756005-fa1b-4790-8943-a91f7c36440c?api-version=2016-03-30
  response:
    body:
      string: "{\n  \"name\": \"05607566-1bfa-9047-8943-a91f7c36440c\",\n  \"status\":
        \"InProgress\",\n  \"startTime\": \"2022-09-28T11:22:48.3659353Z\"\n }"
    headers:
      cache-control:
      - no-cache
      content-length:
      - '126'
      content-type:
      - application/json
      date:
      - Wed, 28 Sep 2022 11:23:18 GMT
      expires:
      - '-1'
      pragma:
      - no-cache
      server:
      - nginx
      strict-transport-security:
      - max-age=31536000; includeSubDomains
      transfer-encoding:
      - chunked
      vary:
      - Accept-Encoding
      x-content-type-options:
      - nosniff
    status:
      code: 200
      message: OK
- request:
    body: null
    headers:
      Accept:
      - '*/*'
      Accept-Encoding:
      - gzip, deflate
      CommandName:
      - aks upgrade
      Connection:
      - keep-alive
      ParameterSetName:
      - --resource-group --name --cluster-snapshot-id --aks-custom-headers --yes -o
      User-Agent:
      - AZURECLI/2.40.0 azsdk-python-azure-mgmt-containerservice/20.3.0b2 Python/3.8.10
        (Linux-5.15.0-1020-azure-x86_64-with-glibc2.29)
    method: GET
    uri: https://management.azure.com/subscriptions/00000000-0000-0000-0000-000000000000/providers/Microsoft.ContainerService/locations/westcentralus/operations/66756005-fa1b-4790-8943-a91f7c36440c?api-version=2016-03-30
  response:
    body:
      string: "{\n  \"name\": \"05607566-1bfa-9047-8943-a91f7c36440c\",\n  \"status\":
        \"InProgress\",\n  \"startTime\": \"2022-09-28T11:22:48.3659353Z\"\n }"
    headers:
      cache-control:
      - no-cache
      content-length:
      - '126'
      content-type:
      - application/json
      date:
      - Wed, 28 Sep 2022 11:23:48 GMT
      expires:
      - '-1'
      pragma:
      - no-cache
      server:
      - nginx
      strict-transport-security:
      - max-age=31536000; includeSubDomains
      transfer-encoding:
      - chunked
      vary:
      - Accept-Encoding
      x-content-type-options:
      - nosniff
    status:
      code: 200
      message: OK
- request:
    body: null
    headers:
      Accept:
      - '*/*'
      Accept-Encoding:
      - gzip, deflate
      CommandName:
      - aks upgrade
      Connection:
      - keep-alive
      ParameterSetName:
      - --resource-group --name --cluster-snapshot-id --aks-custom-headers --yes -o
      User-Agent:
      - AZURECLI/2.40.0 azsdk-python-azure-mgmt-containerservice/20.3.0b2 Python/3.8.10
        (Linux-5.15.0-1020-azure-x86_64-with-glibc2.29)
    method: GET
    uri: https://management.azure.com/subscriptions/00000000-0000-0000-0000-000000000000/providers/Microsoft.ContainerService/locations/westcentralus/operations/66756005-fa1b-4790-8943-a91f7c36440c?api-version=2016-03-30
  response:
    body:
      string: "{\n  \"name\": \"05607566-1bfa-9047-8943-a91f7c36440c\",\n  \"status\":
        \"InProgress\",\n  \"startTime\": \"2022-09-28T11:22:48.3659353Z\"\n }"
    headers:
      cache-control:
      - no-cache
      content-length:
      - '126'
      content-type:
      - application/json
      date:
      - Wed, 28 Sep 2022 11:24:18 GMT
      expires:
      - '-1'
      pragma:
      - no-cache
      server:
      - nginx
      strict-transport-security:
      - max-age=31536000; includeSubDomains
      transfer-encoding:
      - chunked
      vary:
      - Accept-Encoding
      x-content-type-options:
      - nosniff
    status:
      code: 200
      message: OK
- request:
    body: null
    headers:
      Accept:
      - '*/*'
      Accept-Encoding:
      - gzip, deflate
      CommandName:
      - aks upgrade
      Connection:
      - keep-alive
      ParameterSetName:
      - --resource-group --name --cluster-snapshot-id --aks-custom-headers --yes -o
      User-Agent:
      - AZURECLI/2.40.0 azsdk-python-azure-mgmt-containerservice/20.3.0b2 Python/3.8.10
        (Linux-5.15.0-1020-azure-x86_64-with-glibc2.29)
    method: GET
    uri: https://management.azure.com/subscriptions/00000000-0000-0000-0000-000000000000/providers/Microsoft.ContainerService/locations/westcentralus/operations/66756005-fa1b-4790-8943-a91f7c36440c?api-version=2016-03-30
  response:
    body:
      string: "{\n  \"name\": \"05607566-1bfa-9047-8943-a91f7c36440c\",\n  \"status\":
        \"InProgress\",\n  \"startTime\": \"2022-09-28T11:22:48.3659353Z\"\n }"
    headers:
      cache-control:
      - no-cache
      content-length:
      - '126'
      content-type:
      - application/json
      date:
      - Wed, 28 Sep 2022 11:24:49 GMT
      expires:
      - '-1'
      pragma:
      - no-cache
      server:
      - nginx
      strict-transport-security:
      - max-age=31536000; includeSubDomains
      transfer-encoding:
      - chunked
      vary:
      - Accept-Encoding
      x-content-type-options:
      - nosniff
    status:
      code: 200
      message: OK
- request:
    body: null
    headers:
      Accept:
      - '*/*'
      Accept-Encoding:
      - gzip, deflate
      CommandName:
      - aks upgrade
      Connection:
      - keep-alive
      ParameterSetName:
      - --resource-group --name --cluster-snapshot-id --aks-custom-headers --yes -o
      User-Agent:
      - AZURECLI/2.40.0 azsdk-python-azure-mgmt-containerservice/20.3.0b2 Python/3.8.10
        (Linux-5.15.0-1020-azure-x86_64-with-glibc2.29)
    method: GET
    uri: https://management.azure.com/subscriptions/00000000-0000-0000-0000-000000000000/providers/Microsoft.ContainerService/locations/westcentralus/operations/66756005-fa1b-4790-8943-a91f7c36440c?api-version=2016-03-30
  response:
    body:
      string: "{\n  \"name\": \"05607566-1bfa-9047-8943-a91f7c36440c\",\n  \"status\":
        \"InProgress\",\n  \"startTime\": \"2022-09-28T11:22:48.3659353Z\"\n }"
    headers:
      cache-control:
      - no-cache
      content-length:
      - '126'
      content-type:
      - application/json
      date:
      - Wed, 28 Sep 2022 11:25:19 GMT
      expires:
      - '-1'
      pragma:
      - no-cache
      server:
      - nginx
      strict-transport-security:
      - max-age=31536000; includeSubDomains
      transfer-encoding:
      - chunked
      vary:
      - Accept-Encoding
      x-content-type-options:
      - nosniff
    status:
      code: 200
      message: OK
- request:
    body: null
    headers:
      Accept:
      - '*/*'
      Accept-Encoding:
      - gzip, deflate
      CommandName:
      - aks upgrade
      Connection:
      - keep-alive
      ParameterSetName:
      - --resource-group --name --cluster-snapshot-id --aks-custom-headers --yes -o
      User-Agent:
      - AZURECLI/2.40.0 azsdk-python-azure-mgmt-containerservice/20.3.0b2 Python/3.8.10
        (Linux-5.15.0-1020-azure-x86_64-with-glibc2.29)
    method: GET
    uri: https://management.azure.com/subscriptions/00000000-0000-0000-0000-000000000000/providers/Microsoft.ContainerService/locations/westcentralus/operations/66756005-fa1b-4790-8943-a91f7c36440c?api-version=2016-03-30
  response:
    body:
      string: "{\n  \"name\": \"05607566-1bfa-9047-8943-a91f7c36440c\",\n  \"status\":
        \"InProgress\",\n  \"startTime\": \"2022-09-28T11:22:48.3659353Z\"\n }"
    headers:
      cache-control:
      - no-cache
      content-length:
      - '126'
      content-type:
      - application/json
      date:
      - Wed, 28 Sep 2022 11:25:49 GMT
      expires:
      - '-1'
      pragma:
      - no-cache
      server:
      - nginx
      strict-transport-security:
      - max-age=31536000; includeSubDomains
      transfer-encoding:
      - chunked
      vary:
      - Accept-Encoding
      x-content-type-options:
      - nosniff
    status:
      code: 200
      message: OK
- request:
    body: null
    headers:
      Accept:
      - '*/*'
      Accept-Encoding:
      - gzip, deflate
      CommandName:
      - aks upgrade
      Connection:
      - keep-alive
      ParameterSetName:
      - --resource-group --name --cluster-snapshot-id --aks-custom-headers --yes -o
      User-Agent:
      - AZURECLI/2.40.0 azsdk-python-azure-mgmt-containerservice/20.3.0b2 Python/3.8.10
        (Linux-5.15.0-1020-azure-x86_64-with-glibc2.29)
    method: GET
    uri: https://management.azure.com/subscriptions/00000000-0000-0000-0000-000000000000/providers/Microsoft.ContainerService/locations/westcentralus/operations/66756005-fa1b-4790-8943-a91f7c36440c?api-version=2016-03-30
  response:
    body:
      string: "{\n  \"name\": \"05607566-1bfa-9047-8943-a91f7c36440c\",\n  \"status\":
        \"InProgress\",\n  \"startTime\": \"2022-09-28T11:22:48.3659353Z\"\n }"
    headers:
      cache-control:
      - no-cache
      content-length:
      - '126'
      content-type:
      - application/json
      date:
      - Wed, 28 Sep 2022 11:26:19 GMT
      expires:
      - '-1'
      pragma:
      - no-cache
      server:
      - nginx
      strict-transport-security:
      - max-age=31536000; includeSubDomains
      transfer-encoding:
      - chunked
      vary:
      - Accept-Encoding
      x-content-type-options:
      - nosniff
    status:
      code: 200
      message: OK
- request:
    body: null
    headers:
      Accept:
      - '*/*'
      Accept-Encoding:
      - gzip, deflate
      CommandName:
      - aks upgrade
      Connection:
      - keep-alive
      ParameterSetName:
      - --resource-group --name --cluster-snapshot-id --aks-custom-headers --yes -o
      User-Agent:
      - AZURECLI/2.40.0 azsdk-python-azure-mgmt-containerservice/20.3.0b2 Python/3.8.10
        (Linux-5.15.0-1020-azure-x86_64-with-glibc2.29)
    method: GET
    uri: https://management.azure.com/subscriptions/00000000-0000-0000-0000-000000000000/providers/Microsoft.ContainerService/locations/westcentralus/operations/66756005-fa1b-4790-8943-a91f7c36440c?api-version=2016-03-30
  response:
    body:
      string: "{\n  \"name\": \"05607566-1bfa-9047-8943-a91f7c36440c\",\n  \"status\":
        \"InProgress\",\n  \"startTime\": \"2022-09-28T11:22:48.3659353Z\"\n }"
    headers:
      cache-control:
      - no-cache
      content-length:
      - '126'
      content-type:
      - application/json
      date:
      - Wed, 28 Sep 2022 11:26:49 GMT
      expires:
      - '-1'
      pragma:
      - no-cache
      server:
      - nginx
      strict-transport-security:
      - max-age=31536000; includeSubDomains
      transfer-encoding:
      - chunked
      vary:
      - Accept-Encoding
      x-content-type-options:
      - nosniff
    status:
      code: 200
      message: OK
- request:
    body: null
    headers:
      Accept:
      - '*/*'
      Accept-Encoding:
      - gzip, deflate
      CommandName:
      - aks upgrade
      Connection:
      - keep-alive
      ParameterSetName:
      - --resource-group --name --cluster-snapshot-id --aks-custom-headers --yes -o
      User-Agent:
      - AZURECLI/2.40.0 azsdk-python-azure-mgmt-containerservice/20.3.0b2 Python/3.8.10
        (Linux-5.15.0-1020-azure-x86_64-with-glibc2.29)
    method: GET
    uri: https://management.azure.com/subscriptions/00000000-0000-0000-0000-000000000000/providers/Microsoft.ContainerService/locations/westcentralus/operations/66756005-fa1b-4790-8943-a91f7c36440c?api-version=2016-03-30
  response:
    body:
      string: "{\n  \"name\": \"05607566-1bfa-9047-8943-a91f7c36440c\",\n  \"status\":
        \"InProgress\",\n  \"startTime\": \"2022-09-28T11:22:48.3659353Z\"\n }"
    headers:
      cache-control:
      - no-cache
      content-length:
      - '126'
      content-type:
      - application/json
      date:
      - Wed, 28 Sep 2022 11:27:19 GMT
      expires:
      - '-1'
      pragma:
      - no-cache
      server:
      - nginx
      strict-transport-security:
      - max-age=31536000; includeSubDomains
      transfer-encoding:
      - chunked
      vary:
      - Accept-Encoding
      x-content-type-options:
      - nosniff
    status:
      code: 200
      message: OK
- request:
    body: null
    headers:
      Accept:
      - '*/*'
      Accept-Encoding:
      - gzip, deflate
      CommandName:
      - aks upgrade
      Connection:
      - keep-alive
      ParameterSetName:
      - --resource-group --name --cluster-snapshot-id --aks-custom-headers --yes -o
      User-Agent:
      - AZURECLI/2.40.0 azsdk-python-azure-mgmt-containerservice/20.3.0b2 Python/3.8.10
        (Linux-5.15.0-1020-azure-x86_64-with-glibc2.29)
    method: GET
    uri: https://management.azure.com/subscriptions/00000000-0000-0000-0000-000000000000/providers/Microsoft.ContainerService/locations/westcentralus/operations/66756005-fa1b-4790-8943-a91f7c36440c?api-version=2016-03-30
  response:
    body:
      string: "{\n  \"name\": \"05607566-1bfa-9047-8943-a91f7c36440c\",\n  \"status\":
        \"InProgress\",\n  \"startTime\": \"2022-09-28T11:22:48.3659353Z\"\n }"
    headers:
      cache-control:
      - no-cache
      content-length:
      - '126'
      content-type:
      - application/json
      date:
      - Wed, 28 Sep 2022 11:27:50 GMT
      expires:
      - '-1'
      pragma:
      - no-cache
      server:
      - nginx
      strict-transport-security:
      - max-age=31536000; includeSubDomains
      transfer-encoding:
      - chunked
      vary:
      - Accept-Encoding
      x-content-type-options:
      - nosniff
    status:
      code: 200
      message: OK
- request:
    body: null
    headers:
      Accept:
      - '*/*'
      Accept-Encoding:
      - gzip, deflate
      CommandName:
      - aks upgrade
      Connection:
      - keep-alive
      ParameterSetName:
      - --resource-group --name --cluster-snapshot-id --aks-custom-headers --yes -o
      User-Agent:
      - AZURECLI/2.40.0 azsdk-python-azure-mgmt-containerservice/20.3.0b2 Python/3.8.10
        (Linux-5.15.0-1020-azure-x86_64-with-glibc2.29)
    method: GET
    uri: https://management.azure.com/subscriptions/00000000-0000-0000-0000-000000000000/providers/Microsoft.ContainerService/locations/westcentralus/operations/66756005-fa1b-4790-8943-a91f7c36440c?api-version=2016-03-30
  response:
    body:
      string: "{\n  \"name\": \"05607566-1bfa-9047-8943-a91f7c36440c\",\n  \"status\":
        \"InProgress\",\n  \"startTime\": \"2022-09-28T11:22:48.3659353Z\"\n }"
    headers:
      cache-control:
      - no-cache
      content-length:
      - '126'
      content-type:
      - application/json
      date:
      - Wed, 28 Sep 2022 11:28:19 GMT
      expires:
      - '-1'
      pragma:
      - no-cache
      server:
      - nginx
      strict-transport-security:
      - max-age=31536000; includeSubDomains
      transfer-encoding:
      - chunked
      vary:
      - Accept-Encoding
      x-content-type-options:
      - nosniff
    status:
      code: 200
      message: OK
- request:
    body: null
    headers:
      Accept:
      - '*/*'
      Accept-Encoding:
      - gzip, deflate
      CommandName:
      - aks upgrade
      Connection:
      - keep-alive
      ParameterSetName:
      - --resource-group --name --cluster-snapshot-id --aks-custom-headers --yes -o
      User-Agent:
      - AZURECLI/2.40.0 azsdk-python-azure-mgmt-containerservice/20.3.0b2 Python/3.8.10
        (Linux-5.15.0-1020-azure-x86_64-with-glibc2.29)
    method: GET
    uri: https://management.azure.com/subscriptions/00000000-0000-0000-0000-000000000000/providers/Microsoft.ContainerService/locations/westcentralus/operations/66756005-fa1b-4790-8943-a91f7c36440c?api-version=2016-03-30
  response:
    body:
      string: "{\n  \"name\": \"05607566-1bfa-9047-8943-a91f7c36440c\",\n  \"status\":
        \"InProgress\",\n  \"startTime\": \"2022-09-28T11:22:48.3659353Z\"\n }"
    headers:
      cache-control:
      - no-cache
      content-length:
      - '126'
      content-type:
      - application/json
      date:
      - Wed, 28 Sep 2022 11:28:49 GMT
      expires:
      - '-1'
      pragma:
      - no-cache
      server:
      - nginx
      strict-transport-security:
      - max-age=31536000; includeSubDomains
      transfer-encoding:
      - chunked
      vary:
      - Accept-Encoding
      x-content-type-options:
      - nosniff
    status:
      code: 200
      message: OK
- request:
    body: null
    headers:
      Accept:
      - '*/*'
      Accept-Encoding:
      - gzip, deflate
      CommandName:
      - aks upgrade
      Connection:
      - keep-alive
      ParameterSetName:
      - --resource-group --name --cluster-snapshot-id --aks-custom-headers --yes -o
      User-Agent:
      - AZURECLI/2.40.0 azsdk-python-azure-mgmt-containerservice/20.3.0b2 Python/3.8.10
        (Linux-5.15.0-1020-azure-x86_64-with-glibc2.29)
    method: GET
    uri: https://management.azure.com/subscriptions/00000000-0000-0000-0000-000000000000/providers/Microsoft.ContainerService/locations/westcentralus/operations/66756005-fa1b-4790-8943-a91f7c36440c?api-version=2016-03-30
  response:
    body:
      string: "{\n  \"name\": \"05607566-1bfa-9047-8943-a91f7c36440c\",\n  \"status\":
        \"InProgress\",\n  \"startTime\": \"2022-09-28T11:22:48.3659353Z\"\n }"
    headers:
      cache-control:
      - no-cache
      content-length:
      - '126'
      content-type:
      - application/json
      date:
      - Wed, 28 Sep 2022 11:29:19 GMT
      expires:
      - '-1'
      pragma:
      - no-cache
      server:
      - nginx
      strict-transport-security:
      - max-age=31536000; includeSubDomains
      transfer-encoding:
      - chunked
      vary:
      - Accept-Encoding
      x-content-type-options:
      - nosniff
    status:
      code: 200
      message: OK
- request:
    body: null
    headers:
      Accept:
      - '*/*'
      Accept-Encoding:
      - gzip, deflate
      CommandName:
      - aks upgrade
      Connection:
      - keep-alive
      ParameterSetName:
      - --resource-group --name --cluster-snapshot-id --aks-custom-headers --yes -o
      User-Agent:
      - AZURECLI/2.40.0 azsdk-python-azure-mgmt-containerservice/20.3.0b2 Python/3.8.10
        (Linux-5.15.0-1020-azure-x86_64-with-glibc2.29)
    method: GET
    uri: https://management.azure.com/subscriptions/00000000-0000-0000-0000-000000000000/providers/Microsoft.ContainerService/locations/westcentralus/operations/66756005-fa1b-4790-8943-a91f7c36440c?api-version=2016-03-30
  response:
    body:
      string: "{\n  \"name\": \"05607566-1bfa-9047-8943-a91f7c36440c\",\n  \"status\":
        \"InProgress\",\n  \"startTime\": \"2022-09-28T11:22:48.3659353Z\"\n }"
    headers:
      cache-control:
      - no-cache
      content-length:
      - '126'
      content-type:
      - application/json
      date:
      - Wed, 28 Sep 2022 11:29:49 GMT
      expires:
      - '-1'
      pragma:
      - no-cache
      server:
      - nginx
      strict-transport-security:
      - max-age=31536000; includeSubDomains
      transfer-encoding:
      - chunked
      vary:
      - Accept-Encoding
      x-content-type-options:
      - nosniff
    status:
      code: 200
      message: OK
- request:
    body: null
    headers:
      Accept:
      - '*/*'
      Accept-Encoding:
      - gzip, deflate
      CommandName:
      - aks upgrade
      Connection:
      - keep-alive
      ParameterSetName:
      - --resource-group --name --cluster-snapshot-id --aks-custom-headers --yes -o
      User-Agent:
      - AZURECLI/2.40.0 azsdk-python-azure-mgmt-containerservice/20.3.0b2 Python/3.8.10
        (Linux-5.15.0-1020-azure-x86_64-with-glibc2.29)
    method: GET
    uri: https://management.azure.com/subscriptions/00000000-0000-0000-0000-000000000000/providers/Microsoft.ContainerService/locations/westcentralus/operations/66756005-fa1b-4790-8943-a91f7c36440c?api-version=2016-03-30
  response:
    body:
      string: "{\n  \"name\": \"05607566-1bfa-9047-8943-a91f7c36440c\",\n  \"status\":
        \"InProgress\",\n  \"startTime\": \"2022-09-28T11:22:48.3659353Z\"\n }"
    headers:
      cache-control:
      - no-cache
      content-length:
      - '126'
      content-type:
      - application/json
      date:
      - Wed, 28 Sep 2022 11:30:19 GMT
      expires:
      - '-1'
      pragma:
      - no-cache
      server:
      - nginx
      strict-transport-security:
      - max-age=31536000; includeSubDomains
      transfer-encoding:
      - chunked
      vary:
      - Accept-Encoding
      x-content-type-options:
      - nosniff
    status:
      code: 200
      message: OK
- request:
    body: null
    headers:
      Accept:
      - '*/*'
      Accept-Encoding:
      - gzip, deflate
      CommandName:
      - aks upgrade
      Connection:
      - keep-alive
      ParameterSetName:
      - --resource-group --name --cluster-snapshot-id --aks-custom-headers --yes -o
      User-Agent:
      - AZURECLI/2.40.0 azsdk-python-azure-mgmt-containerservice/20.3.0b2 Python/3.8.10
        (Linux-5.15.0-1020-azure-x86_64-with-glibc2.29)
    method: GET
    uri: https://management.azure.com/subscriptions/00000000-0000-0000-0000-000000000000/providers/Microsoft.ContainerService/locations/westcentralus/operations/66756005-fa1b-4790-8943-a91f7c36440c?api-version=2016-03-30
  response:
    body:
      string: "{\n  \"name\": \"05607566-1bfa-9047-8943-a91f7c36440c\",\n  \"status\":
        \"InProgress\",\n  \"startTime\": \"2022-09-28T11:22:48.3659353Z\"\n }"
    headers:
      cache-control:
      - no-cache
      content-length:
      - '126'
      content-type:
      - application/json
      date:
      - Wed, 28 Sep 2022 11:30:50 GMT
      expires:
      - '-1'
      pragma:
      - no-cache
      server:
      - nginx
      strict-transport-security:
      - max-age=31536000; includeSubDomains
      transfer-encoding:
      - chunked
      vary:
      - Accept-Encoding
      x-content-type-options:
      - nosniff
    status:
      code: 200
      message: OK
- request:
    body: null
    headers:
      Accept:
      - '*/*'
      Accept-Encoding:
      - gzip, deflate
      CommandName:
      - aks upgrade
      Connection:
      - keep-alive
      ParameterSetName:
      - --resource-group --name --cluster-snapshot-id --aks-custom-headers --yes -o
      User-Agent:
      - AZURECLI/2.40.0 azsdk-python-azure-mgmt-containerservice/20.3.0b2 Python/3.8.10
        (Linux-5.15.0-1020-azure-x86_64-with-glibc2.29)
    method: GET
    uri: https://management.azure.com/subscriptions/00000000-0000-0000-0000-000000000000/providers/Microsoft.ContainerService/locations/westcentralus/operations/66756005-fa1b-4790-8943-a91f7c36440c?api-version=2016-03-30
  response:
    body:
      string: "{\n  \"name\": \"05607566-1bfa-9047-8943-a91f7c36440c\",\n  \"status\":
        \"InProgress\",\n  \"startTime\": \"2022-09-28T11:22:48.3659353Z\"\n }"
    headers:
      cache-control:
      - no-cache
      content-length:
      - '126'
      content-type:
      - application/json
      date:
      - Wed, 28 Sep 2022 11:31:20 GMT
      expires:
      - '-1'
      pragma:
      - no-cache
      server:
      - nginx
      strict-transport-security:
      - max-age=31536000; includeSubDomains
      transfer-encoding:
      - chunked
      vary:
      - Accept-Encoding
      x-content-type-options:
      - nosniff
    status:
      code: 200
      message: OK
- request:
    body: null
    headers:
      Accept:
      - '*/*'
      Accept-Encoding:
      - gzip, deflate
      CommandName:
      - aks upgrade
      Connection:
      - keep-alive
      ParameterSetName:
      - --resource-group --name --cluster-snapshot-id --aks-custom-headers --yes -o
      User-Agent:
      - AZURECLI/2.40.0 azsdk-python-azure-mgmt-containerservice/20.3.0b2 Python/3.8.10
        (Linux-5.15.0-1020-azure-x86_64-with-glibc2.29)
    method: GET
    uri: https://management.azure.com/subscriptions/00000000-0000-0000-0000-000000000000/providers/Microsoft.ContainerService/locations/westcentralus/operations/66756005-fa1b-4790-8943-a91f7c36440c?api-version=2016-03-30
  response:
    body:
      string: "{\n  \"name\": \"05607566-1bfa-9047-8943-a91f7c36440c\",\n  \"status\":
        \"InProgress\",\n  \"startTime\": \"2022-09-28T11:22:48.3659353Z\"\n }"
    headers:
      cache-control:
      - no-cache
      content-length:
      - '126'
      content-type:
      - application/json
      date:
      - Wed, 28 Sep 2022 11:31:50 GMT
      expires:
      - '-1'
      pragma:
      - no-cache
      server:
      - nginx
      strict-transport-security:
      - max-age=31536000; includeSubDomains
      transfer-encoding:
      - chunked
      vary:
      - Accept-Encoding
      x-content-type-options:
      - nosniff
    status:
      code: 200
      message: OK
- request:
    body: null
    headers:
      Accept:
      - '*/*'
      Accept-Encoding:
      - gzip, deflate
      CommandName:
      - aks upgrade
      Connection:
      - keep-alive
      ParameterSetName:
      - --resource-group --name --cluster-snapshot-id --aks-custom-headers --yes -o
      User-Agent:
      - AZURECLI/2.40.0 azsdk-python-azure-mgmt-containerservice/20.3.0b2 Python/3.8.10
        (Linux-5.15.0-1020-azure-x86_64-with-glibc2.29)
    method: GET
    uri: https://management.azure.com/subscriptions/00000000-0000-0000-0000-000000000000/providers/Microsoft.ContainerService/locations/westcentralus/operations/66756005-fa1b-4790-8943-a91f7c36440c?api-version=2016-03-30
  response:
    body:
      string: "{\n  \"name\": \"05607566-1bfa-9047-8943-a91f7c36440c\",\n  \"status\":
        \"InProgress\",\n  \"startTime\": \"2022-09-28T11:22:48.3659353Z\"\n }"
    headers:
      cache-control:
      - no-cache
      content-length:
      - '126'
      content-type:
      - application/json
      date:
      - Wed, 28 Sep 2022 11:32:20 GMT
      expires:
      - '-1'
      pragma:
      - no-cache
      server:
      - nginx
      strict-transport-security:
      - max-age=31536000; includeSubDomains
      transfer-encoding:
      - chunked
      vary:
      - Accept-Encoding
      x-content-type-options:
      - nosniff
    status:
      code: 200
      message: OK
- request:
    body: null
    headers:
      Accept:
      - '*/*'
      Accept-Encoding:
      - gzip, deflate
      CommandName:
      - aks upgrade
      Connection:
      - keep-alive
      ParameterSetName:
      - --resource-group --name --cluster-snapshot-id --aks-custom-headers --yes -o
      User-Agent:
      - AZURECLI/2.40.0 azsdk-python-azure-mgmt-containerservice/20.3.0b2 Python/3.8.10
        (Linux-5.15.0-1020-azure-x86_64-with-glibc2.29)
    method: GET
    uri: https://management.azure.com/subscriptions/00000000-0000-0000-0000-000000000000/providers/Microsoft.ContainerService/locations/westcentralus/operations/66756005-fa1b-4790-8943-a91f7c36440c?api-version=2016-03-30
  response:
    body:
      string: "{\n  \"name\": \"05607566-1bfa-9047-8943-a91f7c36440c\",\n  \"status\":
        \"InProgress\",\n  \"startTime\": \"2022-09-28T11:22:48.3659353Z\"\n }"
    headers:
      cache-control:
      - no-cache
      content-length:
      - '126'
      content-type:
      - application/json
      date:
      - Wed, 28 Sep 2022 11:32:50 GMT
      expires:
      - '-1'
      pragma:
      - no-cache
      server:
      - nginx
      strict-transport-security:
      - max-age=31536000; includeSubDomains
      transfer-encoding:
      - chunked
      vary:
      - Accept-Encoding
      x-content-type-options:
      - nosniff
    status:
      code: 200
      message: OK
- request:
    body: null
    headers:
      Accept:
      - '*/*'
      Accept-Encoding:
      - gzip, deflate
      CommandName:
      - aks upgrade
      Connection:
      - keep-alive
      ParameterSetName:
      - --resource-group --name --cluster-snapshot-id --aks-custom-headers --yes -o
      User-Agent:
      - AZURECLI/2.40.0 azsdk-python-azure-mgmt-containerservice/20.3.0b2 Python/3.8.10
        (Linux-5.15.0-1020-azure-x86_64-with-glibc2.29)
    method: GET
    uri: https://management.azure.com/subscriptions/00000000-0000-0000-0000-000000000000/providers/Microsoft.ContainerService/locations/westcentralus/operations/66756005-fa1b-4790-8943-a91f7c36440c?api-version=2016-03-30
  response:
    body:
      string: "{\n  \"name\": \"05607566-1bfa-9047-8943-a91f7c36440c\",\n  \"status\":
        \"Succeeded\",\n  \"startTime\": \"2022-09-28T11:22:48.3659353Z\",\n  \"endTime\":
        \"2022-09-28T11:33:14.02015Z\"\n }"
    headers:
      cache-control:
      - no-cache
      content-length:
      - '168'
      content-type:
      - application/json
      date:
      - Wed, 28 Sep 2022 11:33:20 GMT
      expires:
      - '-1'
      pragma:
      - no-cache
      server:
      - nginx
      strict-transport-security:
      - max-age=31536000; includeSubDomains
      transfer-encoding:
      - chunked
      vary:
      - Accept-Encoding
      x-content-type-options:
      - nosniff
    status:
      code: 200
      message: OK
- request:
    body: null
    headers:
      Accept:
      - '*/*'
      Accept-Encoding:
      - gzip, deflate
      CommandName:
      - aks upgrade
      Connection:
      - keep-alive
      ParameterSetName:
      - --resource-group --name --cluster-snapshot-id --aks-custom-headers --yes -o
      User-Agent:
      - AZURECLI/2.40.0 azsdk-python-azure-mgmt-containerservice/20.3.0b2 Python/3.8.10
        (Linux-5.15.0-1020-azure-x86_64-with-glibc2.29)
    method: GET
    uri: https://management.azure.com/subscriptions/00000000-0000-0000-0000-000000000000/resourceGroups/clitest000001/providers/Microsoft.ContainerService/managedClusters/cliakstest000003?api-version=2022-08-03-preview
  response:
    body:
      string: "{\n  \"id\": \"/subscriptions/00000000-0000-0000-0000-000000000000/resourcegroups/clitest000001/providers/Microsoft.ContainerService/managedClusters/cliakstest000003\",\n
        \ \"location\": \"westcentralus\",\n  \"name\": \"cliakstest000003\",\n  \"type\":
        \"Microsoft.ContainerService/ManagedClusters\",\n  \"properties\": {\n   \"provisioningState\":
        \"Succeeded\",\n   \"powerState\": {\n    \"code\": \"Running\"\n   },\n   \"creationData\":
        {\n    \"sourceResourceId\": \"/subscriptions/00000000-0000-0000-0000-000000000000/resourceGroups/clitest000001/providers/Microsoft.ContainerService/managedclustersnapshots/s000005\"\n
        \  },\n   \"kubernetesVersion\": \"1.24.3\",\n   \"currentKubernetesVersion\":
        \"1.24.3\",\n   \"dnsPrefix\": \"cliakstest-clitestz3xfnbtds-8ecadf\",\n   \"fqdn\":
        \"cliakstest-clitestz3xfnbtds-8ecadf-fcc73f7d.hcp.westcentralus.azmk8s.io\",\n
        \  \"azurePortalFQDN\": \"cliakstest-clitestz3xfnbtds-8ecadf-fcc73f7d.portal.hcp.westcentralus.azmk8s.io\",\n
        \  \"agentPoolProfiles\": [\n    {\n     \"name\": \"c000004\",\n     \"count\":
        1,\n     \"vmSize\": \"Standard_DS2_v2\",\n     \"osDiskSizeGB\": 128,\n     \"osDiskType\":
        \"Managed\",\n     \"kubeletDiskType\": \"OS\",\n     \"workloadRuntime\":
        \"OCIContainer\",\n     \"maxPods\": 110,\n     \"type\": \"VirtualMachineScaleSets\",\n
        \    \"enableAutoScaling\": false,\n     \"provisioningState\": \"Succeeded\",\n
        \    \"powerState\": {\n      \"code\": \"Running\"\n     },\n     \"orchestratorVersion\":
        \"1.24.3\",\n     \"enableNodePublicIP\": false,\n     \"enableCustomCATrust\":
        false,\n     \"mode\": \"System\",\n     \"enableEncryptionAtHost\": false,\n
        \    \"enableUltraSSD\": false,\n     \"osType\": \"Linux\",\n     \"osSKU\":
        \"Ubuntu\",\n     \"nodeImageVersion\": \"AKSUbuntu-1804gen2containerd-2022.09.13\",\n
        \    \"upgradeSettings\": {},\n     \"enableFIPS\": false\n    }\n   ],\n
        \  \"linuxProfile\": {\n    \"adminUsername\": \"azureuser\",\n    \"ssh\":
        {\n     \"publicKeys\": [\n      {\n       \"keyData\": \"ssh-rsa AAAAB3NzaC1yc2EAAAADAQABAAABAQDVt7qYfUlZP3JUy9lguIXjt8N1qtBC8yktmu7E83C+A1pYFjRdVc/WU4vTbERHemLl28PpLNLg2EdVMVDXRPLEkSVOtNV02lh0Jyuw6s3mf/UYvgRKNo6rOSH3+Hvv+9IswiBnq7oOnzIz7wQaQZ47pDl2VbOO1JYjM+X2iNK8XrnXTm5+nE3ZSmwUweY6vSElhFhsogoJf8VRBH8hCxwhb+6h+XtAhH+OWGCy3l9YVS7pJxXGbd1G3zYem94lzIKuzKq1lCXQ1qrryfa1eX9U4H+d1IKCz8hnnns46kzSMM7Eh0robU9dLoJhNlh94vB6mvPpM2XJbMzf+mRC3FUv
        azcli_aks_live_test@example.com\\n\"\n      }\n     ]\n    }\n   },\n   \"servicePrincipalProfile\":
        {\n    \"clientId\":\"00000000-0000-0000-0000-000000000001\"\n   },\n   \"nodeResourceGroup\":
        \"MC_clitest000001_cliakstest000003_westcentralus\",\n   \"enableRBAC\": true,\n
        \  \"enablePodSecurityPolicy\": false,\n   \"networkProfile\": {\n    \"networkPlugin\":
        \"kubenet\",\n    \"loadBalancerSku\": \"Standard\",\n    \"loadBalancerProfile\":
        {\n     \"managedOutboundIPs\": {\n      \"count\": 1\n     },\n     \"effectiveOutboundIPs\":
        [\n      {\n       \"id\": \"/subscriptions/00000000-0000-0000-0000-000000000000/resourceGroups/MC_clitest000001_cliakstest000003_westcentralus/providers/Microsoft.Network/publicIPAddresses/628f949c-4d1c-4821-8e45-b08d4c5eef29\"\n
        \     }\n     ],\n     \"backendPoolType\": \"nodeIPConfiguration\"\n    },\n
        \   \"podCidr\": \"10.244.0.0/16\",\n    \"serviceCidr\": \"10.0.0.0/16\",\n
        \   \"dnsServiceIP\": \"10.0.0.10\",\n    \"dockerBridgeCidr\": \"172.17.0.1/16\",\n
        \   \"outboundType\": \"loadBalancer\",\n    \"podCidrs\": [\n     \"10.244.0.0/16\"\n
        \   ],\n    \"serviceCidrs\": [\n     \"10.0.0.0/16\"\n    ],\n    \"ipFamilies\":
        [\n     \"IPv4\"\n    ]\n   },\n   \"maxAgentPools\": 100,\n   \"identityProfile\":
        {\n    \"kubeletidentity\": {\n     \"resourceId\": \"/subscriptions/00000000-0000-0000-0000-000000000000/resourcegroups/MC_clitest000001_cliakstest000003_westcentralus/providers/Microsoft.ManagedIdentity/userAssignedIdentities/cliakstest000003-agentpool\",\n
        \    \"clientId\":\"00000000-0000-0000-0000-000000000001\",\n     \"objectId\":\"00000000-0000-0000-0000-000000000001\"\n
        \   }\n   },\n   \"disableLocalAccounts\": false,\n   \"securityProfile\":
        {},\n   \"storageProfile\": {\n    \"diskCSIDriver\": {\n     \"enabled\":
        true,\n     \"version\": \"v1\"\n    },\n    \"fileCSIDriver\": {\n     \"enabled\":
        true\n    },\n    \"snapshotController\": {\n     \"enabled\": true\n    }\n
        \  },\n   \"oidcIssuerProfile\": {\n    \"enabled\": false\n   },\n   \"workloadAutoScalerProfile\":
        {}\n  },\n  \"identity\": {\n   \"type\": \"SystemAssigned\",\n   \"principalId\":\"00000000-0000-0000-0000-000000000001\",\n
        \  \"tenantId\": \"72f988bf-86f1-41af-91ab-2d7cd011db47\"\n  },\n  \"sku\":
        {\n   \"name\": \"Basic\",\n   \"tier\": \"Free\"\n  }\n }"
    headers:
      cache-control:
      - no-cache
      content-length:
      - '4294'
      content-type:
      - application/json
      date:
      - Wed, 28 Sep 2022 11:33:21 GMT
      expires:
      - '-1'
      pragma:
      - no-cache
      server:
      - nginx
      strict-transport-security:
      - max-age=31536000; includeSubDomains
      transfer-encoding:
      - chunked
      vary:
      - Accept-Encoding
      x-content-type-options:
      - nosniff
    status:
      code: 200
      message: OK
- request:
    body: null
    headers:
      Accept:
      - application/json
      Accept-Encoding:
      - gzip, deflate
      CommandName:
      - aks delete
      Connection:
      - keep-alive
      Content-Length:
      - '0'
      ParameterSetName:
      - -g -n --yes --no-wait
      User-Agent:
      - AZURECLI/2.40.0 azsdk-python-azure-mgmt-containerservice/20.3.0b2 Python/3.8.10
        (Linux-5.15.0-1020-azure-x86_64-with-glibc2.29)
    method: DELETE
    uri: https://management.azure.com/subscriptions/00000000-0000-0000-0000-000000000000/resourceGroups/clitest000001/providers/Microsoft.ContainerService/managedClusters/cliakstest000003?api-version=2022-08-03-preview
  response:
    body:
      string: ''
    headers:
      azure-asyncoperation:
      - https://management.azure.com/subscriptions/00000000-0000-0000-0000-000000000000/providers/Microsoft.ContainerService/locations/westcentralus/operations/eafcedd8-27e0-4e74-bb54-0fa595af45e3?api-version=2016-03-30
      cache-control:
      - no-cache
      content-length:
      - '0'
      date:
      - Wed, 28 Sep 2022 11:33:22 GMT
      expires:
      - '-1'
      location:
      - https://management.azure.com/subscriptions/00000000-0000-0000-0000-000000000000/providers/Microsoft.ContainerService/locations/westcentralus/operationresults/eafcedd8-27e0-4e74-bb54-0fa595af45e3?api-version=2016-03-30
      pragma:
      - no-cache
      server:
      - nginx
      strict-transport-security:
      - max-age=31536000; includeSubDomains
      x-content-type-options:
      - nosniff
      x-ms-ratelimit-remaining-subscription-deletes:
      - '14998'
    status:
      code: 202
      message: Accepted
- request:
    body: null
    headers:
      Accept:
      - application/json
      Accept-Encoding:
      - gzip, deflate
      CommandName:
      - aks snapshot delete
      Connection:
      - keep-alive
      Content-Length:
      - '0'
      ParameterSetName:
      - --resource-group --name --yes --no-wait
      User-Agent:
      - AZURECLI/2.40.0 azsdk-python-azure-mgmt-containerservice/20.3.0b2 Python/3.8.10
        (Linux-5.15.0-1020-azure-x86_64-with-glibc2.29)
    method: DELETE
    uri: https://management.azure.com/subscriptions/00000000-0000-0000-0000-000000000000/resourceGroups/clitest000001/providers/Microsoft.ContainerService/managedclustersnapshots/s000005?api-version=2022-08-03-preview
  response:
    body:
      string: ''
    headers:
      cache-control:
      - no-cache
      content-length:
      - '0'
      date:
      - Wed, 28 Sep 2022 11:33:23 GMT
      expires:
      - '-1'
      pragma:
      - no-cache
      server:
      - nginx
      strict-transport-security:
      - max-age=31536000; includeSubDomains
      x-content-type-options:
      - nosniff
      x-ms-ratelimit-remaining-subscription-deletes:
      - '14998'
    status:
      code: 200
      message: OK
version: 1
