interactions:
- request:
    body: null
    headers:
      Accept:
      - application/json
      Accept-Encoding:
      - gzip, deflate
      CommandName:
      - aks create
      Connection:
      - keep-alive
      ParameterSetName:
      - --resource-group --name --enable-managed-identity --generate-ssh-keys -a -o
      User-Agent:
      - AZURECLI/2.27.0 azsdk-python-azure-mgmt-resource/18.0.0 Python/3.8.10 (Linux-5.10.16.3-microsoft-standard-WSL2-x86_64-with-glibc2.29)
    method: GET
    uri: https://management.azure.com/subscriptions/00000000-0000-0000-0000-000000000000/resourcegroups/clitest000001?api-version=2021-04-01
  response:
    body:
      string: '{"id":"/subscriptions/00000000-0000-0000-0000-000000000000/resourceGroups/clitest000001","name":"clitest000001","type":"Microsoft.Resources/resourceGroups","location":"westus2","tags":{"product":"azurecli","cause":"automation","date":"2021-08-13T16:11:49Z"},"properties":{"provisioningState":"Succeeded"}}'
    headers:
      cache-control:
      - no-cache
      content-length:
      - '313'
      content-type:
      - application/json; charset=utf-8
      date:
      - Fri, 13 Aug 2021 16:11:50 GMT
      expires:
      - '-1'
      pragma:
      - no-cache
      strict-transport-security:
      - max-age=31536000; includeSubDomains
      vary:
      - Accept-Encoding
      x-content-type-options:
      - nosniff
    status:
      code: 200
      message: OK
- request:
    body: '{"identity": {"type": "SystemAssigned"}, "properties": {"kubernetesVersion":
      "", "dnsPrefix": "cliakstest-clitestkzuyrbzzn-8ecadf", "agentPoolProfiles":
      [{"count": 3, "vmSize": "Standard_DS2_v2", "osType": "Linux", "type": "VirtualMachineScaleSets",
      "mode": "System", "enableNodePublicIP": false, "scaleSetPriority": "Regular",
      "scaleSetEvictionPolicy": "Delete", "spotMaxPrice": -1.0, "enableEncryptionAtHost":
      false, "enableUltraSSD": false, "enableFIPS": false, "name": "nodepool1"}],
      "linuxProfile": {"adminUsername": "azureuser", "ssh": {"publicKeys": [{"keyData":
      "ssh-rsa AAAAB3NzaC1yc2EAAAADAQABAAABgQDLtLPUPeafVbO7FgJNSRfwOSbRnH4VS2fTB5LgXsnr4vxbAUaCMXBdDLX/XHJ7wguBQI0QPRYVt0W8u/BrDp32b+u8awaTA1JVn/RaVadACEuxrAYQSjp3QwdAYsvriysDRJGTFnVdO/C3YczUc3u4WMgww9NLiX0SFlW0oIdWq+KpjOG/qGS53kBjZH3zyr5F9kmSddAf1UMgWNEqsVI0et1GiRdky+jyW1LK+/kFRYgS0B8qJCxocSJfLLh1b6IRc7OHPqID1WQPe9FUOZ8NW97LktJL/2Tfhtt72ek41CQWRNCUQD8v1ccp8wN82r2TeLYDWaHLClMB5wwe2qoFCLGAFZzh8SWX+oI1DRVAsp0wSIrxVQuwCiZUE1W44+2UP0tZjClEwRkW65ZVZe1umUOwkv+LHBBDFr3CD9CG+YB6pEMVFo4e/bh8/X4zbk2ehhHNdk+t/Ph41NV74ELIGIA6uoDHf7coxNlrgLrQrkksDJ7H2aM1xBO7P977ij8=
      t-ishanarya@microsoft.com\n"}]}}, "addonProfiles": {"openServiceMesh": {"enabled":
      true, "config": {}}}, "enableRBAC": true, "enablePodSecurityPolicy": false,
      "networkProfile": {"networkPlugin": "kubenet", "podCidr": "10.244.0.0/16", "serviceCidr":
      "10.0.0.0/16", "dnsServiceIP": "10.0.0.10", "dockerBridgeCidr": "172.17.0.1/16",
      "outboundType": "loadBalancer", "loadBalancerSku": "standard"}, "disableLocalAccounts":
      false}, "location": "westus2"}'
    headers:
      Accept:
      - application/json
      Accept-Encoding:
      - gzip, deflate
      CommandName:
      - aks create
      Connection:
      - keep-alive
      Content-Length:
      - '1572'
      Content-Type:
      - application/json
      ParameterSetName:
      - --resource-group --name --enable-managed-identity --generate-ssh-keys -a -o
      User-Agent:
      - AZURECLI/2.27.0 azsdk-python-azure-mgmt-containerservice/16.0.0 Python/3.8.10
        (Linux-5.10.16.3-microsoft-standard-WSL2-x86_64-with-glibc2.29)
    method: PUT
    uri: https://management.azure.com/subscriptions/00000000-0000-0000-0000-000000000000/resourceGroups/clitest000001/providers/Microsoft.ContainerService/managedClusters/cliakstest000002?api-version=2021-05-01
  response:
    body:
      string: "{\n  \"id\": \"/subscriptions/00000000-0000-0000-0000-000000000000/resourcegroups/clitest000001/providers/Microsoft.ContainerService/managedClusters/cliakstest000002\",\n
        \ \"location\": \"westus2\",\n  \"name\": \"cliakstest000002\",\n  \"type\":
        \"Microsoft.ContainerService/ManagedClusters\",\n  \"properties\": {\n   \"provisioningState\":
        \"Creating\",\n   \"powerState\": {\n    \"code\": \"Running\"\n   },\n   \"kubernetesVersion\":
        \"1.20.7\",\n   \"dnsPrefix\": \"cliakstest-clitestkzuyrbzzn-8ecadf\",\n   \"fqdn\":
        \"cliakstest-clitestkzuyrbzzn-8ecadf-c8fbd942.hcp.westus2.azmk8s.io\",\n   \"azurePortalFQDN\":
        \"cliakstest-clitestkzuyrbzzn-8ecadf-c8fbd942.portal.hcp.westus2.azmk8s.io\",\n
        \  \"agentPoolProfiles\": [\n    {\n     \"name\": \"nodepool1\",\n     \"count\":
        3,\n     \"vmSize\": \"Standard_DS2_v2\",\n     \"osDiskSizeGB\": 128,\n     \"osDiskType\":
        \"Managed\",\n     \"kubeletDiskType\": \"OS\",\n     \"maxPods\": 110,\n
        \    \"type\": \"VirtualMachineScaleSets\",\n     \"provisioningState\": \"Creating\",\n
        \    \"powerState\": {\n      \"code\": \"Running\"\n     },\n     \"orchestratorVersion\":
        \"1.20.7\",\n     \"enableNodePublicIP\": false,\n     \"nodeLabels\": {},\n
        \    \"mode\": \"System\",\n     \"enableEncryptionAtHost\": false,\n     \"enableUltraSSD\":
        false,\n     \"osType\": \"Linux\",\n     \"osSKU\": \"Ubuntu\",\n     \"nodeImageVersion\":
        \"AKSUbuntu-1804gen2containerd-2021.07.25\",\n     \"enableFIPS\": false\n
        \   }\n   ],\n   \"linuxProfile\": {\n    \"adminUsername\": \"azureuser\",\n
        \   \"ssh\": {\n     \"publicKeys\": [\n      {\n       \"keyData\": \"ssh-rsa
        AAAAB3NzaC1yc2EAAAADAQABAAABgQDLtLPUPeafVbO7FgJNSRfwOSbRnH4VS2fTB5LgXsnr4vxbAUaCMXBdDLX/XHJ7wguBQI0QPRYVt0W8u/BrDp32b+u8awaTA1JVn/RaVadACEuxrAYQSjp3QwdAYsvriysDRJGTFnVdO/C3YczUc3u4WMgww9NLiX0SFlW0oIdWq+KpjOG/qGS53kBjZH3zyr5F9kmSddAf1UMgWNEqsVI0et1GiRdky+jyW1LK+/kFRYgS0B8qJCxocSJfLLh1b6IRc7OHPqID1WQPe9FUOZ8NW97LktJL/2Tfhtt72ek41CQWRNCUQD8v1ccp8wN82r2TeLYDWaHLClMB5wwe2qoFCLGAFZzh8SWX+oI1DRVAsp0wSIrxVQuwCiZUE1W44+2UP0tZjClEwRkW65ZVZe1umUOwkv+LHBBDFr3CD9CG+YB6pEMVFo4e/bh8/X4zbk2ehhHNdk+t/Ph41NV74ELIGIA6uoDHf7coxNlrgLrQrkksDJ7H2aM1xBO7P977ij8=
        t-ishanarya@microsoft.com\\n\"\n      }\n     ]\n    }\n   },\n   \"servicePrincipalProfile\":
        {\n    \"clientId\":\"00000000-0000-0000-0000-000000000001\"\n   },\n   \"addonProfiles\":
        {\n    \"openServiceMesh\": {\n     \"enabled\": true,\n     \"config\": {}\n
        \   }\n   },\n   \"nodeResourceGroup\": \"MC_clitest000001_cliakstest000002_westus2\",\n
        \  \"enableRBAC\": true,\n   \"enablePodSecurityPolicy\": false,\n   \"networkProfile\":
        {\n    \"networkPlugin\": \"kubenet\",\n    \"loadBalancerSku\": \"standard\",\n
        \   \"loadBalancerProfile\": {\n     \"managedOutboundIPs\": {\n      \"count\":
        1\n     }\n    },\n    \"podCidr\": \"10.244.0.0/16\",\n    \"serviceCidr\":
        \"10.0.0.0/16\",\n    \"dnsServiceIP\": \"10.0.0.10\",\n    \"dockerBridgeCidr\":
        \"172.17.0.1/16\",\n    \"outboundType\": \"loadBalancer\"\n   },\n   \"maxAgentPools\":
        100,\n   \"disableLocalAccounts\": false\n  },\n  \"identity\": {\n   \"type\":
        \"SystemAssigned\",\n   \"principalId\":\"00000000-0000-0000-0000-000000000001\",\n
        \  \"tenantId\": \"72f988bf-86f1-41af-91ab-2d7cd011db47\"\n  },\n  \"sku\":
        {\n   \"name\": \"Basic\",\n   \"tier\": \"Free\"\n  }\n }"
    headers:
      azure-asyncoperation:
      - https://management.azure.com/subscriptions/00000000-0000-0000-0000-000000000000/providers/Microsoft.ContainerService/locations/westus2/operations/7e1a949b-0282-49bb-80b8-d640e2f66633?api-version=2016-03-30
      cache-control:
      - no-cache
      content-length:
      - '2989'
      content-type:
      - application/json
      date:
      - Fri, 13 Aug 2021 16:11:59 GMT
      expires:
      - '-1'
      pragma:
      - no-cache
      server:
      - nginx
      strict-transport-security:
      - max-age=31536000; includeSubDomains
      x-content-type-options:
      - nosniff
      x-ms-ratelimit-remaining-subscription-writes:
      - '1199'
    status:
      code: 201
      message: Created
- request:
    body: null
    headers:
      Accept:
      - '*/*'
      Accept-Encoding:
      - gzip, deflate
      CommandName:
      - aks create
      Connection:
      - keep-alive
      ParameterSetName:
      - --resource-group --name --enable-managed-identity --generate-ssh-keys -a -o
      User-Agent:
      - AZURECLI/2.27.0 azsdk-python-azure-mgmt-containerservice/16.0.0 Python/3.8.10
        (Linux-5.10.16.3-microsoft-standard-WSL2-x86_64-with-glibc2.29)
    method: GET
    uri: https://management.azure.com/subscriptions/00000000-0000-0000-0000-000000000000/providers/Microsoft.ContainerService/locations/westus2/operations/7e1a949b-0282-49bb-80b8-d640e2f66633?api-version=2016-03-30
  response:
    body:
      string: "{\n  \"name\": \"9b941a7e-8202-bb49-80b8-d640e2f66633\",\n  \"status\":
        \"InProgress\",\n  \"startTime\": \"2021-08-13T16:11:59.72Z\"\n }"
    headers:
      cache-control:
      - no-cache
      content-length:
      - '121'
      content-type:
      - application/json
      date:
      - Fri, 13 Aug 2021 16:12:30 GMT
      expires:
      - '-1'
      pragma:
      - no-cache
      server:
      - nginx
      strict-transport-security:
      - max-age=31536000; includeSubDomains
      transfer-encoding:
      - chunked
      vary:
      - Accept-Encoding
      x-content-type-options:
      - nosniff
    status:
      code: 200
      message: OK
- request:
    body: null
    headers:
      Accept:
      - '*/*'
      Accept-Encoding:
      - gzip, deflate
      CommandName:
      - aks create
      Connection:
      - keep-alive
      ParameterSetName:
      - --resource-group --name --enable-managed-identity --generate-ssh-keys -a -o
      User-Agent:
      - AZURECLI/2.27.0 azsdk-python-azure-mgmt-containerservice/16.0.0 Python/3.8.10
        (Linux-5.10.16.3-microsoft-standard-WSL2-x86_64-with-glibc2.29)
    method: GET
    uri: https://management.azure.com/subscriptions/00000000-0000-0000-0000-000000000000/providers/Microsoft.ContainerService/locations/westus2/operations/7e1a949b-0282-49bb-80b8-d640e2f66633?api-version=2016-03-30
  response:
    body:
      string: "{\n  \"name\": \"9b941a7e-8202-bb49-80b8-d640e2f66633\",\n  \"status\":
        \"InProgress\",\n  \"startTime\": \"2021-08-13T16:11:59.72Z\"\n }"
    headers:
      cache-control:
      - no-cache
      content-length:
      - '121'
      content-type:
      - application/json
      date:
      - Fri, 13 Aug 2021 16:13:00 GMT
      expires:
      - '-1'
      pragma:
      - no-cache
      server:
      - nginx
      strict-transport-security:
      - max-age=31536000; includeSubDomains
      transfer-encoding:
      - chunked
      vary:
      - Accept-Encoding
      x-content-type-options:
      - nosniff
    status:
      code: 200
      message: OK
- request:
    body: null
    headers:
      Accept:
      - '*/*'
      Accept-Encoding:
      - gzip, deflate
      CommandName:
      - aks create
      Connection:
      - keep-alive
      ParameterSetName:
      - --resource-group --name --enable-managed-identity --generate-ssh-keys -a -o
      User-Agent:
      - AZURECLI/2.27.0 azsdk-python-azure-mgmt-containerservice/16.0.0 Python/3.8.10
        (Linux-5.10.16.3-microsoft-standard-WSL2-x86_64-with-glibc2.29)
    method: GET
    uri: https://management.azure.com/subscriptions/00000000-0000-0000-0000-000000000000/providers/Microsoft.ContainerService/locations/westus2/operations/7e1a949b-0282-49bb-80b8-d640e2f66633?api-version=2016-03-30
  response:
    body:
      string: "{\n  \"name\": \"9b941a7e-8202-bb49-80b8-d640e2f66633\",\n  \"status\":
        \"InProgress\",\n  \"startTime\": \"2021-08-13T16:11:59.72Z\"\n }"
    headers:
      cache-control:
      - no-cache
      content-length:
      - '121'
      content-type:
      - application/json
      date:
      - Fri, 13 Aug 2021 16:13:30 GMT
      expires:
      - '-1'
      pragma:
      - no-cache
      server:
      - nginx
      strict-transport-security:
      - max-age=31536000; includeSubDomains
      transfer-encoding:
      - chunked
      vary:
      - Accept-Encoding
      x-content-type-options:
      - nosniff
    status:
      code: 200
      message: OK
- request:
    body: null
    headers:
      Accept:
      - '*/*'
      Accept-Encoding:
      - gzip, deflate
      CommandName:
      - aks create
      Connection:
      - keep-alive
      ParameterSetName:
      - --resource-group --name --enable-managed-identity --generate-ssh-keys -a -o
      User-Agent:
      - AZURECLI/2.27.0 azsdk-python-azure-mgmt-containerservice/16.0.0 Python/3.8.10
        (Linux-5.10.16.3-microsoft-standard-WSL2-x86_64-with-glibc2.29)
    method: GET
    uri: https://management.azure.com/subscriptions/00000000-0000-0000-0000-000000000000/providers/Microsoft.ContainerService/locations/westus2/operations/7e1a949b-0282-49bb-80b8-d640e2f66633?api-version=2016-03-30
  response:
    body:
      string: "{\n  \"name\": \"9b941a7e-8202-bb49-80b8-d640e2f66633\",\n  \"status\":
        \"InProgress\",\n  \"startTime\": \"2021-08-13T16:11:59.72Z\"\n }"
    headers:
      cache-control:
      - no-cache
      content-length:
      - '121'
      content-type:
      - application/json
      date:
      - Fri, 13 Aug 2021 16:14:00 GMT
      expires:
      - '-1'
      pragma:
      - no-cache
      server:
      - nginx
      strict-transport-security:
      - max-age=31536000; includeSubDomains
      transfer-encoding:
      - chunked
      vary:
      - Accept-Encoding
      x-content-type-options:
      - nosniff
    status:
      code: 200
      message: OK
- request:
    body: null
    headers:
      Accept:
      - '*/*'
      Accept-Encoding:
      - gzip, deflate
      CommandName:
      - aks create
      Connection:
      - keep-alive
      ParameterSetName:
      - --resource-group --name --enable-managed-identity --generate-ssh-keys -a -o
      User-Agent:
      - AZURECLI/2.27.0 azsdk-python-azure-mgmt-containerservice/16.0.0 Python/3.8.10
        (Linux-5.10.16.3-microsoft-standard-WSL2-x86_64-with-glibc2.29)
    method: GET
    uri: https://management.azure.com/subscriptions/00000000-0000-0000-0000-000000000000/providers/Microsoft.ContainerService/locations/westus2/operations/7e1a949b-0282-49bb-80b8-d640e2f66633?api-version=2016-03-30
  response:
    body:
      string: "{\n  \"name\": \"9b941a7e-8202-bb49-80b8-d640e2f66633\",\n  \"status\":
        \"InProgress\",\n  \"startTime\": \"2021-08-13T16:11:59.72Z\"\n }"
    headers:
      cache-control:
      - no-cache
      content-length:
      - '121'
      content-type:
      - application/json
      date:
      - Fri, 13 Aug 2021 16:14:30 GMT
      expires:
      - '-1'
      pragma:
      - no-cache
      server:
      - nginx
      strict-transport-security:
      - max-age=31536000; includeSubDomains
      transfer-encoding:
      - chunked
      vary:
      - Accept-Encoding
      x-content-type-options:
      - nosniff
    status:
      code: 200
      message: OK
- request:
    body: null
    headers:
      Accept:
      - '*/*'
      Accept-Encoding:
      - gzip, deflate
      CommandName:
      - aks create
      Connection:
      - keep-alive
      ParameterSetName:
      - --resource-group --name --enable-managed-identity --generate-ssh-keys -a -o
      User-Agent:
      - AZURECLI/2.27.0 azsdk-python-azure-mgmt-containerservice/16.0.0 Python/3.8.10
        (Linux-5.10.16.3-microsoft-standard-WSL2-x86_64-with-glibc2.29)
    method: GET
    uri: https://management.azure.com/subscriptions/00000000-0000-0000-0000-000000000000/providers/Microsoft.ContainerService/locations/westus2/operations/7e1a949b-0282-49bb-80b8-d640e2f66633?api-version=2016-03-30
  response:
    body:
      string: "{\n  \"name\": \"9b941a7e-8202-bb49-80b8-d640e2f66633\",\n  \"status\":
        \"InProgress\",\n  \"startTime\": \"2021-08-13T16:11:59.72Z\"\n }"
    headers:
      cache-control:
      - no-cache
      content-length:
      - '121'
      content-type:
      - application/json
      date:
      - Fri, 13 Aug 2021 16:15:00 GMT
      expires:
      - '-1'
      pragma:
      - no-cache
      server:
      - nginx
      strict-transport-security:
      - max-age=31536000; includeSubDomains
      transfer-encoding:
      - chunked
      vary:
      - Accept-Encoding
      x-content-type-options:
      - nosniff
    status:
      code: 200
      message: OK
- request:
    body: null
    headers:
      Accept:
      - '*/*'
      Accept-Encoding:
      - gzip, deflate
      CommandName:
      - aks create
      Connection:
      - keep-alive
      ParameterSetName:
      - --resource-group --name --enable-managed-identity --generate-ssh-keys -a -o
      User-Agent:
      - AZURECLI/2.27.0 azsdk-python-azure-mgmt-containerservice/16.0.0 Python/3.8.10
        (Linux-5.10.16.3-microsoft-standard-WSL2-x86_64-with-glibc2.29)
    method: GET
    uri: https://management.azure.com/subscriptions/00000000-0000-0000-0000-000000000000/providers/Microsoft.ContainerService/locations/westus2/operations/7e1a949b-0282-49bb-80b8-d640e2f66633?api-version=2016-03-30
  response:
    body:
      string: "{\n  \"name\": \"9b941a7e-8202-bb49-80b8-d640e2f66633\",\n  \"status\":
        \"Succeeded\",\n  \"startTime\": \"2021-08-13T16:11:59.72Z\",\n  \"endTime\":
        \"2021-08-13T16:15:17.8983319Z\"\n }"
    headers:
      cache-control:
      - no-cache
      content-length:
      - '165'
      content-type:
      - application/json
      date:
      - Fri, 13 Aug 2021 16:15:31 GMT
      expires:
      - '-1'
      pragma:
      - no-cache
      server:
      - nginx
      strict-transport-security:
      - max-age=31536000; includeSubDomains
      transfer-encoding:
      - chunked
      vary:
      - Accept-Encoding
      x-content-type-options:
      - nosniff
    status:
      code: 200
      message: OK
- request:
    body: null
    headers:
      Accept:
      - '*/*'
      Accept-Encoding:
      - gzip, deflate
      CommandName:
      - aks create
      Connection:
      - keep-alive
      ParameterSetName:
      - --resource-group --name --enable-managed-identity --generate-ssh-keys -a -o
      User-Agent:
      - AZURECLI/2.27.0 azsdk-python-azure-mgmt-containerservice/16.0.0 Python/3.8.10
        (Linux-5.10.16.3-microsoft-standard-WSL2-x86_64-with-glibc2.29)
    method: GET
    uri: https://management.azure.com/subscriptions/00000000-0000-0000-0000-000000000000/resourceGroups/clitest000001/providers/Microsoft.ContainerService/managedClusters/cliakstest000002?api-version=2021-05-01
  response:
    body:
      string: "{\n  \"id\": \"/subscriptions/00000000-0000-0000-0000-000000000000/resourcegroups/clitest000001/providers/Microsoft.ContainerService/managedClusters/cliakstest000002\",\n
        \ \"location\": \"westus2\",\n  \"name\": \"cliakstest000002\",\n  \"type\":
        \"Microsoft.ContainerService/ManagedClusters\",\n  \"properties\": {\n   \"provisioningState\":
        \"Succeeded\",\n   \"powerState\": {\n    \"code\": \"Running\"\n   },\n   \"kubernetesVersion\":
        \"1.20.7\",\n   \"dnsPrefix\": \"cliakstest-clitestkzuyrbzzn-8ecadf\",\n   \"fqdn\":
        \"cliakstest-clitestkzuyrbzzn-8ecadf-c8fbd942.hcp.westus2.azmk8s.io\",\n   \"azurePortalFQDN\":
        \"cliakstest-clitestkzuyrbzzn-8ecadf-c8fbd942.portal.hcp.westus2.azmk8s.io\",\n
        \  \"agentPoolProfiles\": [\n    {\n     \"name\": \"nodepool1\",\n     \"count\":
        3,\n     \"vmSize\": \"Standard_DS2_v2\",\n     \"osDiskSizeGB\": 128,\n     \"osDiskType\":
        \"Managed\",\n     \"kubeletDiskType\": \"OS\",\n     \"maxPods\": 110,\n
        \    \"type\": \"VirtualMachineScaleSets\",\n     \"provisioningState\": \"Succeeded\",\n
        \    \"powerState\": {\n      \"code\": \"Running\"\n     },\n     \"orchestratorVersion\":
        \"1.20.7\",\n     \"enableNodePublicIP\": false,\n     \"nodeLabels\": {},\n
        \    \"mode\": \"System\",\n     \"enableEncryptionAtHost\": false,\n     \"enableUltraSSD\":
        false,\n     \"osType\": \"Linux\",\n     \"osSKU\": \"Ubuntu\",\n     \"nodeImageVersion\":
        \"AKSUbuntu-1804gen2containerd-2021.07.25\",\n     \"enableFIPS\": false\n
        \   }\n   ],\n   \"linuxProfile\": {\n    \"adminUsername\": \"azureuser\",\n
        \   \"ssh\": {\n     \"publicKeys\": [\n      {\n       \"keyData\": \"ssh-rsa
        AAAAB3NzaC1yc2EAAAADAQABAAABgQDLtLPUPeafVbO7FgJNSRfwOSbRnH4VS2fTB5LgXsnr4vxbAUaCMXBdDLX/XHJ7wguBQI0QPRYVt0W8u/BrDp32b+u8awaTA1JVn/RaVadACEuxrAYQSjp3QwdAYsvriysDRJGTFnVdO/C3YczUc3u4WMgww9NLiX0SFlW0oIdWq+KpjOG/qGS53kBjZH3zyr5F9kmSddAf1UMgWNEqsVI0et1GiRdky+jyW1LK+/kFRYgS0B8qJCxocSJfLLh1b6IRc7OHPqID1WQPe9FUOZ8NW97LktJL/2Tfhtt72ek41CQWRNCUQD8v1ccp8wN82r2TeLYDWaHLClMB5wwe2qoFCLGAFZzh8SWX+oI1DRVAsp0wSIrxVQuwCiZUE1W44+2UP0tZjClEwRkW65ZVZe1umUOwkv+LHBBDFr3CD9CG+YB6pEMVFo4e/bh8/X4zbk2ehhHNdk+t/Ph41NV74ELIGIA6uoDHf7coxNlrgLrQrkksDJ7H2aM1xBO7P977ij8=
        t-ishanarya@microsoft.com\\n\"\n      }\n     ]\n    }\n   },\n   \"servicePrincipalProfile\":
        {\n    \"clientId\":\"00000000-0000-0000-0000-000000000001\"\n   },\n   \"addonProfiles\":
        {\n    \"openServiceMesh\": {\n     \"enabled\": true,\n     \"config\": {},\n
        \    \"identity\": {\n      \"resourceId\": \"/subscriptions/00000000-0000-0000-0000-000000000000/resourcegroups/MC_clitest000001_cliakstest000002_westus2/providers/Microsoft.ManagedIdentity/userAssignedIdentities/openservicemesh-cliakstest000002\",\n
        \     \"clientId\":\"00000000-0000-0000-0000-000000000001\",\n      \"objectId\":\"00000000-0000-0000-0000-000000000001\"\n
        \    }\n    }\n   },\n   \"nodeResourceGroup\": \"MC_clitest000001_cliakstest000002_westus2\",\n
        \  \"enableRBAC\": true,\n   \"enablePodSecurityPolicy\": false,\n   \"networkProfile\":
        {\n    \"networkPlugin\": \"kubenet\",\n    \"loadBalancerSku\": \"Standard\",\n
        \   \"loadBalancerProfile\": {\n     \"managedOutboundIPs\": {\n      \"count\":
        1\n     },\n     \"effectiveOutboundIPs\": [\n      {\n       \"id\": \"/subscriptions/00000000-0000-0000-0000-000000000000/resourceGroups/MC_clitest000001_cliakstest000002_westus2/providers/Microsoft.Network/publicIPAddresses/22a299f1-b5fc-460d-bc1e-075941db1279\"\n
        \     }\n     ]\n    },\n    \"podCidr\": \"10.244.0.0/16\",\n    \"serviceCidr\":
        \"10.0.0.0/16\",\n    \"dnsServiceIP\": \"10.0.0.10\",\n    \"dockerBridgeCidr\":
        \"172.17.0.1/16\",\n    \"outboundType\": \"loadBalancer\"\n   },\n   \"maxAgentPools\":
        100,\n   \"identityProfile\": {\n    \"kubeletidentity\": {\n     \"resourceId\":
        \"/subscriptions/00000000-0000-0000-0000-000000000000/resourcegroups/MC_clitest000001_cliakstest000002_westus2/providers/Microsoft.ManagedIdentity/userAssignedIdentities/cliakstest000002-agentpool\",\n
        \    \"clientId\":\"00000000-0000-0000-0000-000000000001\",\n     \"objectId\":\"00000000-0000-0000-0000-000000000001\"\n
        \   }\n   },\n   \"disableLocalAccounts\": false\n  },\n  \"identity\": {\n
        \  \"type\": \"SystemAssigned\",\n   \"principalId\":\"00000000-0000-0000-0000-000000000001\",\n
        \  \"tenantId\": \"72f988bf-86f1-41af-91ab-2d7cd011db47\"\n  },\n  \"sku\":
        {\n   \"name\": \"Basic\",\n   \"tier\": \"Free\"\n  }\n }"
    headers:
      cache-control:
      - no-cache
      content-length:
      - '4022'
      content-type:
      - application/json
      date:
      - Fri, 13 Aug 2021 16:15:31 GMT
      expires:
      - '-1'
      pragma:
      - no-cache
      server:
      - nginx
      strict-transport-security:
      - max-age=31536000; includeSubDomains
      transfer-encoding:
      - chunked
      vary:
      - Accept-Encoding
      x-content-type-options:
      - nosniff
    status:
      code: 200
      message: OK
- request:
    body: null
    headers:
      Accept:
      - application/json
      Accept-Encoding:
      - gzip, deflate
      CommandName:
      - aks addon disable
      Connection:
      - keep-alive
      ParameterSetName:
      - --addon --resource-group --name -o
      User-Agent:
      - AZURECLI/2.27.0 azsdk-python-azure-mgmt-containerservice/16.0.0 Python/3.8.10
        (Linux-5.10.16.3-microsoft-standard-WSL2-x86_64-with-glibc2.29)
    method: GET
    uri: https://management.azure.com/subscriptions/00000000-0000-0000-0000-000000000000/resourceGroups/clitest000001/providers/Microsoft.ContainerService/managedClusters/cliakstest000002?api-version=2021-05-01
  response:
    body:
      string: "{\n  \"id\": \"/subscriptions/00000000-0000-0000-0000-000000000000/resourcegroups/clitest000001/providers/Microsoft.ContainerService/managedClusters/cliakstest000002\",\n
        \ \"location\": \"westus2\",\n  \"name\": \"cliakstest000002\",\n  \"type\":
        \"Microsoft.ContainerService/ManagedClusters\",\n  \"properties\": {\n   \"provisioningState\":
        \"Succeeded\",\n   \"powerState\": {\n    \"code\": \"Running\"\n   },\n   \"kubernetesVersion\":
        \"1.20.7\",\n   \"dnsPrefix\": \"cliakstest-clitestkzuyrbzzn-8ecadf\",\n   \"fqdn\":
        \"cliakstest-clitestkzuyrbzzn-8ecadf-c8fbd942.hcp.westus2.azmk8s.io\",\n   \"azurePortalFQDN\":
        \"cliakstest-clitestkzuyrbzzn-8ecadf-c8fbd942.portal.hcp.westus2.azmk8s.io\",\n
        \  \"agentPoolProfiles\": [\n    {\n     \"name\": \"nodepool1\",\n     \"count\":
        3,\n     \"vmSize\": \"Standard_DS2_v2\",\n     \"osDiskSizeGB\": 128,\n     \"osDiskType\":
        \"Managed\",\n     \"kubeletDiskType\": \"OS\",\n     \"maxPods\": 110,\n
        \    \"type\": \"VirtualMachineScaleSets\",\n     \"provisioningState\": \"Succeeded\",\n
        \    \"powerState\": {\n      \"code\": \"Running\"\n     },\n     \"orchestratorVersion\":
        \"1.20.7\",\n     \"enableNodePublicIP\": false,\n     \"nodeLabels\": {},\n
        \    \"mode\": \"System\",\n     \"enableEncryptionAtHost\": false,\n     \"enableUltraSSD\":
        false,\n     \"osType\": \"Linux\",\n     \"osSKU\": \"Ubuntu\",\n     \"nodeImageVersion\":
        \"AKSUbuntu-1804gen2containerd-2021.07.25\",\n     \"enableFIPS\": false\n
        \   }\n   ],\n   \"linuxProfile\": {\n    \"adminUsername\": \"azureuser\",\n
        \   \"ssh\": {\n     \"publicKeys\": [\n      {\n       \"keyData\": \"ssh-rsa
        AAAAB3NzaC1yc2EAAAADAQABAAABgQDLtLPUPeafVbO7FgJNSRfwOSbRnH4VS2fTB5LgXsnr4vxbAUaCMXBdDLX/XHJ7wguBQI0QPRYVt0W8u/BrDp32b+u8awaTA1JVn/RaVadACEuxrAYQSjp3QwdAYsvriysDRJGTFnVdO/C3YczUc3u4WMgww9NLiX0SFlW0oIdWq+KpjOG/qGS53kBjZH3zyr5F9kmSddAf1UMgWNEqsVI0et1GiRdky+jyW1LK+/kFRYgS0B8qJCxocSJfLLh1b6IRc7OHPqID1WQPe9FUOZ8NW97LktJL/2Tfhtt72ek41CQWRNCUQD8v1ccp8wN82r2TeLYDWaHLClMB5wwe2qoFCLGAFZzh8SWX+oI1DRVAsp0wSIrxVQuwCiZUE1W44+2UP0tZjClEwRkW65ZVZe1umUOwkv+LHBBDFr3CD9CG+YB6pEMVFo4e/bh8/X4zbk2ehhHNdk+t/Ph41NV74ELIGIA6uoDHf7coxNlrgLrQrkksDJ7H2aM1xBO7P977ij8=
        t-ishanarya@microsoft.com\\n\"\n      }\n     ]\n    }\n   },\n   \"servicePrincipalProfile\":
        {\n    \"clientId\":\"00000000-0000-0000-0000-000000000001\"\n   },\n   \"addonProfiles\":
        {\n    \"openServiceMesh\": {\n     \"enabled\": true,\n     \"config\": {},\n
        \    \"identity\": {\n      \"resourceId\": \"/subscriptions/00000000-0000-0000-0000-000000000000/resourcegroups/MC_clitest000001_cliakstest000002_westus2/providers/Microsoft.ManagedIdentity/userAssignedIdentities/openservicemesh-cliakstest000002\",\n
        \     \"clientId\":\"00000000-0000-0000-0000-000000000001\",\n      \"objectId\":\"00000000-0000-0000-0000-000000000001\"\n
        \    }\n    }\n   },\n   \"nodeResourceGroup\": \"MC_clitest000001_cliakstest000002_westus2\",\n
        \  \"enableRBAC\": true,\n   \"enablePodSecurityPolicy\": false,\n   \"networkProfile\":
        {\n    \"networkPlugin\": \"kubenet\",\n    \"loadBalancerSku\": \"Standard\",\n
        \   \"loadBalancerProfile\": {\n     \"managedOutboundIPs\": {\n      \"count\":
        1\n     },\n     \"effectiveOutboundIPs\": [\n      {\n       \"id\": \"/subscriptions/00000000-0000-0000-0000-000000000000/resourceGroups/MC_clitest000001_cliakstest000002_westus2/providers/Microsoft.Network/publicIPAddresses/22a299f1-b5fc-460d-bc1e-075941db1279\"\n
        \     }\n     ]\n    },\n    \"podCidr\": \"10.244.0.0/16\",\n    \"serviceCidr\":
        \"10.0.0.0/16\",\n    \"dnsServiceIP\": \"10.0.0.10\",\n    \"dockerBridgeCidr\":
        \"172.17.0.1/16\",\n    \"outboundType\": \"loadBalancer\"\n   },\n   \"maxAgentPools\":
        100,\n   \"identityProfile\": {\n    \"kubeletidentity\": {\n     \"resourceId\":
        \"/subscriptions/00000000-0000-0000-0000-000000000000/resourcegroups/MC_clitest000001_cliakstest000002_westus2/providers/Microsoft.ManagedIdentity/userAssignedIdentities/cliakstest000002-agentpool\",\n
        \    \"clientId\":\"00000000-0000-0000-0000-000000000001\",\n     \"objectId\":\"00000000-0000-0000-0000-000000000001\"\n
        \   }\n   },\n   \"disableLocalAccounts\": false\n  },\n  \"identity\": {\n
        \  \"type\": \"SystemAssigned\",\n   \"principalId\":\"00000000-0000-0000-0000-000000000001\",\n
        \  \"tenantId\": \"72f988bf-86f1-41af-91ab-2d7cd011db47\"\n  },\n  \"sku\":
        {\n   \"name\": \"Basic\",\n   \"tier\": \"Free\"\n  }\n }"
    headers:
      cache-control:
      - no-cache
      content-length:
      - '4022'
      content-type:
      - application/json
      date:
      - Fri, 13 Aug 2021 16:15:32 GMT
      expires:
      - '-1'
      pragma:
      - no-cache
      server:
      - nginx
      strict-transport-security:
      - max-age=31536000; includeSubDomains
      transfer-encoding:
      - chunked
      vary:
      - Accept-Encoding
      x-content-type-options:
      - nosniff
    status:
      code: 200
      message: OK
- request:
    body: '{"identity": {"type": "SystemAssigned"}, "properties": {"kubernetesVersion":
      "1.20.7", "dnsPrefix": "cliakstest-clitestkzuyrbzzn-8ecadf", "agentPoolProfiles":
      [{"count": 3, "vmSize": "Standard_DS2_v2", "osDiskSizeGB": 128, "osDiskType":
      "Managed", "kubeletDiskType": "OS", "maxPods": 110, "osType": "Linux", "osSKU":
      "Ubuntu", "type": "VirtualMachineScaleSets", "mode": "System", "orchestratorVersion":
      "1.20.7", "enableNodePublicIP": false, "nodeLabels": {}, "enableEncryptionAtHost":
      false, "enableUltraSSD": false, "enableFIPS": false, "name": "nodepool1"}],
      "linuxProfile": {"adminUsername": "azureuser", "ssh": {"publicKeys": [{"keyData":
      "ssh-rsa AAAAB3NzaC1yc2EAAAADAQABAAABgQDLtLPUPeafVbO7FgJNSRfwOSbRnH4VS2fTB5LgXsnr4vxbAUaCMXBdDLX/XHJ7wguBQI0QPRYVt0W8u/BrDp32b+u8awaTA1JVn/RaVadACEuxrAYQSjp3QwdAYsvriysDRJGTFnVdO/C3YczUc3u4WMgww9NLiX0SFlW0oIdWq+KpjOG/qGS53kBjZH3zyr5F9kmSddAf1UMgWNEqsVI0et1GiRdky+jyW1LK+/kFRYgS0B8qJCxocSJfLLh1b6IRc7OHPqID1WQPe9FUOZ8NW97LktJL/2Tfhtt72ek41CQWRNCUQD8v1ccp8wN82r2TeLYDWaHLClMB5wwe2qoFCLGAFZzh8SWX+oI1DRVAsp0wSIrxVQuwCiZUE1W44+2UP0tZjClEwRkW65ZVZe1umUOwkv+LHBBDFr3CD9CG+YB6pEMVFo4e/bh8/X4zbk2ehhHNdk+t/Ph41NV74ELIGIA6uoDHf7coxNlrgLrQrkksDJ7H2aM1xBO7P977ij8=
      t-ishanarya@microsoft.com\n"}]}}, "addonProfiles": {"openServiceMesh": {"enabled":
      false}}, "nodeResourceGroup": "MC_clitest000001_cliakstest000002_westus2", "enableRBAC":
      true, "enablePodSecurityPolicy": false, "networkProfile": {"networkPlugin":
      "kubenet", "podCidr": "10.244.0.0/16", "serviceCidr": "10.0.0.0/16", "dnsServiceIP":
      "10.0.0.10", "dockerBridgeCidr": "172.17.0.1/16", "outboundType": "loadBalancer",
      "loadBalancerSku": "Standard", "loadBalancerProfile": {"managedOutboundIPs":
      {"count": 1}, "effectiveOutboundIPs": [{"id": "/subscriptions/00000000-0000-0000-0000-000000000000/resourceGroups/MC_clitest000001_cliakstest000002_westus2/providers/Microsoft.Network/publicIPAddresses/22a299f1-b5fc-460d-bc1e-075941db1279"}]}},
      "identityProfile": {"kubeletidentity": {"resourceId": "/subscriptions/00000000-0000-0000-0000-000000000000/resourcegroups/MC_clitest000001_cliakstest000002_westus2/providers/Microsoft.ManagedIdentity/userAssignedIdentities/cliakstest000002-agentpool",
      "clientId":"00000000-0000-0000-0000-000000000001", "objectId":"00000000-0000-0000-0000-000000000001"}},
      "disableLocalAccounts": false}, "location": "westus2", "sku": {"name": "Basic",
      "tier": "Free"}}'
    headers:
      Accept:
      - application/json
      Accept-Encoding:
      - gzip, deflate
      CommandName:
      - aks addon disable
      Connection:
      - keep-alive
      Content-Length:
      - '2401'
      Content-Type:
      - application/json
      ParameterSetName:
      - --addon --resource-group --name -o
      User-Agent:
      - AZURECLI/2.27.0 azsdk-python-azure-mgmt-containerservice/16.0.0 Python/3.8.10
        (Linux-5.10.16.3-microsoft-standard-WSL2-x86_64-with-glibc2.29)
    method: PUT
    uri: https://management.azure.com/subscriptions/00000000-0000-0000-0000-000000000000/resourceGroups/clitest000001/providers/Microsoft.ContainerService/managedClusters/cliakstest000002?api-version=2021-05-01
  response:
    body:
      string: "{\n  \"id\": \"/subscriptions/00000000-0000-0000-0000-000000000000/resourcegroups/clitest000001/providers/Microsoft.ContainerService/managedClusters/cliakstest000002\",\n
        \ \"location\": \"westus2\",\n  \"name\": \"cliakstest000002\",\n  \"type\":
        \"Microsoft.ContainerService/ManagedClusters\",\n  \"properties\": {\n   \"provisioningState\":
        \"Updating\",\n   \"powerState\": {\n    \"code\": \"Running\"\n   },\n   \"kubernetesVersion\":
        \"1.20.7\",\n   \"dnsPrefix\": \"cliakstest-clitestkzuyrbzzn-8ecadf\",\n   \"fqdn\":
        \"cliakstest-clitestkzuyrbzzn-8ecadf-c8fbd942.hcp.westus2.azmk8s.io\",\n   \"azurePortalFQDN\":
        \"cliakstest-clitestkzuyrbzzn-8ecadf-c8fbd942.portal.hcp.westus2.azmk8s.io\",\n
        \  \"agentPoolProfiles\": [\n    {\n     \"name\": \"nodepool1\",\n     \"count\":
        3,\n     \"vmSize\": \"Standard_DS2_v2\",\n     \"osDiskSizeGB\": 128,\n     \"osDiskType\":
        \"Managed\",\n     \"kubeletDiskType\": \"OS\",\n     \"maxPods\": 110,\n
        \    \"type\": \"VirtualMachineScaleSets\",\n     \"provisioningState\": \"Updating\",\n
        \    \"powerState\": {\n      \"code\": \"Running\"\n     },\n     \"orchestratorVersion\":
        \"1.20.7\",\n     \"enableNodePublicIP\": false,\n     \"nodeLabels\": {},\n
        \    \"mode\": \"System\",\n     \"enableEncryptionAtHost\": false,\n     \"enableUltraSSD\":
        false,\n     \"osType\": \"Linux\",\n     \"osSKU\": \"Ubuntu\",\n     \"nodeImageVersion\":
        \"AKSUbuntu-1804gen2containerd-2021.07.25\",\n     \"enableFIPS\": false\n
        \   }\n   ],\n   \"linuxProfile\": {\n    \"adminUsername\": \"azureuser\",\n
        \   \"ssh\": {\n     \"publicKeys\": [\n      {\n       \"keyData\": \"ssh-rsa
        AAAAB3NzaC1yc2EAAAADAQABAAABgQDLtLPUPeafVbO7FgJNSRfwOSbRnH4VS2fTB5LgXsnr4vxbAUaCMXBdDLX/XHJ7wguBQI0QPRYVt0W8u/BrDp32b+u8awaTA1JVn/RaVadACEuxrAYQSjp3QwdAYsvriysDRJGTFnVdO/C3YczUc3u4WMgww9NLiX0SFlW0oIdWq+KpjOG/qGS53kBjZH3zyr5F9kmSddAf1UMgWNEqsVI0et1GiRdky+jyW1LK+/kFRYgS0B8qJCxocSJfLLh1b6IRc7OHPqID1WQPe9FUOZ8NW97LktJL/2Tfhtt72ek41CQWRNCUQD8v1ccp8wN82r2TeLYDWaHLClMB5wwe2qoFCLGAFZzh8SWX+oI1DRVAsp0wSIrxVQuwCiZUE1W44+2UP0tZjClEwRkW65ZVZe1umUOwkv+LHBBDFr3CD9CG+YB6pEMVFo4e/bh8/X4zbk2ehhHNdk+t/Ph41NV74ELIGIA6uoDHf7coxNlrgLrQrkksDJ7H2aM1xBO7P977ij8=
        t-ishanarya@microsoft.com\\n\"\n      }\n     ]\n    }\n   },\n   \"servicePrincipalProfile\":
        {\n    \"clientId\":\"00000000-0000-0000-0000-000000000001\"\n   },\n   \"addonProfiles\":
        {\n    \"openServiceMesh\": {\n     \"enabled\": false,\n     \"config\":
        null\n    }\n   },\n   \"nodeResourceGroup\": \"MC_clitest000001_cliakstest000002_westus2\",\n
        \  \"enableRBAC\": true,\n   \"enablePodSecurityPolicy\": false,\n   \"networkProfile\":
        {\n    \"networkPlugin\": \"kubenet\",\n    \"loadBalancerSku\": \"Standard\",\n
        \   \"loadBalancerProfile\": {\n     \"managedOutboundIPs\": {\n      \"count\":
        1\n     },\n     \"effectiveOutboundIPs\": [\n      {\n       \"id\": \"/subscriptions/00000000-0000-0000-0000-000000000000/resourceGroups/MC_clitest000001_cliakstest000002_westus2/providers/Microsoft.Network/publicIPAddresses/22a299f1-b5fc-460d-bc1e-075941db1279\"\n
        \     }\n     ]\n    },\n    \"podCidr\": \"10.244.0.0/16\",\n    \"serviceCidr\":
        \"10.0.0.0/16\",\n    \"dnsServiceIP\": \"10.0.0.10\",\n    \"dockerBridgeCidr\":
        \"172.17.0.1/16\",\n    \"outboundType\": \"loadBalancer\"\n   },\n   \"maxAgentPools\":
        100,\n   \"identityProfile\": {\n    \"kubeletidentity\": {\n     \"resourceId\":
        \"/subscriptions/00000000-0000-0000-0000-000000000000/resourcegroups/MC_clitest000001_cliakstest000002_westus2/providers/Microsoft.ManagedIdentity/userAssignedIdentities/cliakstest000002-agentpool\",\n
        \    \"clientId\":\"00000000-0000-0000-0000-000000000001\",\n     \"objectId\":\"00000000-0000-0000-0000-000000000001\"\n
        \   }\n   },\n   \"disableLocalAccounts\": false\n  },\n  \"identity\": {\n
        \  \"type\": \"SystemAssigned\",\n   \"principalId\":\"00000000-0000-0000-0000-000000000001\",\n
        \  \"tenantId\": \"72f988bf-86f1-41af-91ab-2d7cd011db47\"\n  },\n  \"sku\":
        {\n   \"name\": \"Basic\",\n   \"tier\": \"Free\"\n  }\n }"
    headers:
      azure-asyncoperation:
      - https://management.azure.com/subscriptions/00000000-0000-0000-0000-000000000000/providers/Microsoft.ContainerService/locations/westus2/operations/e76b0dbb-51d7-4532-8ba4-2e339174bbd8?api-version=2016-03-30
      cache-control:
      - no-cache
      content-length:
      - '3653'
      content-type:
      - application/json
      date:
      - Fri, 13 Aug 2021 16:15:36 GMT
      expires:
      - '-1'
      pragma:
      - no-cache
      server:
      - nginx
      strict-transport-security:
      - max-age=31536000; includeSubDomains
      transfer-encoding:
      - chunked
      vary:
      - Accept-Encoding
      x-content-type-options:
      - nosniff
      x-ms-ratelimit-remaining-subscription-writes:
      - '1198'
    status:
      code: 200
      message: OK
- request:
    body: null
    headers:
      Accept:
      - '*/*'
      Accept-Encoding:
      - gzip, deflate
      CommandName:
      - aks addon disable
      Connection:
      - keep-alive
      ParameterSetName:
      - --addon --resource-group --name -o
      User-Agent:
      - AZURECLI/2.27.0 azsdk-python-azure-mgmt-containerservice/16.0.0 Python/3.8.10
        (Linux-5.10.16.3-microsoft-standard-WSL2-x86_64-with-glibc2.29)
    method: GET
    uri: https://management.azure.com/subscriptions/00000000-0000-0000-0000-000000000000/providers/Microsoft.ContainerService/locations/westus2/operations/e76b0dbb-51d7-4532-8ba4-2e339174bbd8?api-version=2016-03-30
  response:
    body:
      string: "{\n  \"name\": \"bb0d6be7-d751-3245-8ba4-2e339174bbd8\",\n  \"status\":
        \"InProgress\",\n  \"startTime\": \"2021-08-13T16:15:36.02Z\"\n }"
    headers:
      cache-control:
      - no-cache
      content-length:
      - '121'
      content-type:
      - application/json
      date:
      - Fri, 13 Aug 2021 16:16:06 GMT
      expires:
      - '-1'
      pragma:
      - no-cache
      server:
      - nginx
      strict-transport-security:
      - max-age=31536000; includeSubDomains
      transfer-encoding:
      - chunked
      vary:
      - Accept-Encoding
      x-content-type-options:
      - nosniff
    status:
      code: 200
      message: OK
- request:
    body: null
    headers:
      Accept:
      - '*/*'
      Accept-Encoding:
      - gzip, deflate
      CommandName:
      - aks addon disable
      Connection:
      - keep-alive
      ParameterSetName:
      - --addon --resource-group --name -o
      User-Agent:
      - AZURECLI/2.27.0 azsdk-python-azure-mgmt-containerservice/16.0.0 Python/3.8.10
        (Linux-5.10.16.3-microsoft-standard-WSL2-x86_64-with-glibc2.29)
    method: GET
    uri: https://management.azure.com/subscriptions/00000000-0000-0000-0000-000000000000/providers/Microsoft.ContainerService/locations/westus2/operations/e76b0dbb-51d7-4532-8ba4-2e339174bbd8?api-version=2016-03-30
  response:
    body:
      string: "{\n  \"name\": \"bb0d6be7-d751-3245-8ba4-2e339174bbd8\",\n  \"status\":
        \"Succeeded\",\n  \"startTime\": \"2021-08-13T16:15:36.02Z\",\n  \"endTime\":
        \"2021-08-13T16:16:36.5108491Z\"\n }"
    headers:
      cache-control:
      - no-cache
      content-length:
      - '165'
      content-type:
      - application/json
      date:
      - Fri, 13 Aug 2021 16:16:36 GMT
      expires:
      - '-1'
      pragma:
      - no-cache
      server:
      - nginx
      strict-transport-security:
      - max-age=31536000; includeSubDomains
      transfer-encoding:
      - chunked
      vary:
      - Accept-Encoding
      x-content-type-options:
      - nosniff
    status:
      code: 200
      message: OK
- request:
    body: null
    headers:
      Accept:
      - '*/*'
      Accept-Encoding:
      - gzip, deflate
      CommandName:
      - aks addon disable
      Connection:
      - keep-alive
      ParameterSetName:
      - --addon --resource-group --name -o
      User-Agent:
      - AZURECLI/2.27.0 azsdk-python-azure-mgmt-containerservice/16.0.0 Python/3.8.10
        (Linux-5.10.16.3-microsoft-standard-WSL2-x86_64-with-glibc2.29)
    method: GET
    uri: https://management.azure.com/subscriptions/00000000-0000-0000-0000-000000000000/resourceGroups/clitest000001/providers/Microsoft.ContainerService/managedClusters/cliakstest000002?api-version=2021-05-01
  response:
    body:
      string: "{\n  \"id\": \"/subscriptions/00000000-0000-0000-0000-000000000000/resourcegroups/clitest000001/providers/Microsoft.ContainerService/managedClusters/cliakstest000002\",\n
        \ \"location\": \"westus2\",\n  \"name\": \"cliakstest000002\",\n  \"type\":
        \"Microsoft.ContainerService/ManagedClusters\",\n  \"properties\": {\n   \"provisioningState\":
        \"Succeeded\",\n   \"powerState\": {\n    \"code\": \"Running\"\n   },\n   \"kubernetesVersion\":
        \"1.20.7\",\n   \"dnsPrefix\": \"cliakstest-clitestkzuyrbzzn-8ecadf\",\n   \"fqdn\":
        \"cliakstest-clitestkzuyrbzzn-8ecadf-c8fbd942.hcp.westus2.azmk8s.io\",\n   \"azurePortalFQDN\":
        \"cliakstest-clitestkzuyrbzzn-8ecadf-c8fbd942.portal.hcp.westus2.azmk8s.io\",\n
        \  \"agentPoolProfiles\": [\n    {\n     \"name\": \"nodepool1\",\n     \"count\":
        3,\n     \"vmSize\": \"Standard_DS2_v2\",\n     \"osDiskSizeGB\": 128,\n     \"osDiskType\":
        \"Managed\",\n     \"kubeletDiskType\": \"OS\",\n     \"maxPods\": 110,\n
        \    \"type\": \"VirtualMachineScaleSets\",\n     \"provisioningState\": \"Succeeded\",\n
        \    \"powerState\": {\n      \"code\": \"Running\"\n     },\n     \"orchestratorVersion\":
        \"1.20.7\",\n     \"enableNodePublicIP\": false,\n     \"nodeLabels\": {},\n
        \    \"mode\": \"System\",\n     \"enableEncryptionAtHost\": false,\n     \"enableUltraSSD\":
        false,\n     \"osType\": \"Linux\",\n     \"osSKU\": \"Ubuntu\",\n     \"nodeImageVersion\":
        \"AKSUbuntu-1804gen2containerd-2021.07.25\",\n     \"enableFIPS\": false\n
        \   }\n   ],\n   \"linuxProfile\": {\n    \"adminUsername\": \"azureuser\",\n
        \   \"ssh\": {\n     \"publicKeys\": [\n      {\n       \"keyData\": \"ssh-rsa
        AAAAB3NzaC1yc2EAAAADAQABAAABgQDLtLPUPeafVbO7FgJNSRfwOSbRnH4VS2fTB5LgXsnr4vxbAUaCMXBdDLX/XHJ7wguBQI0QPRYVt0W8u/BrDp32b+u8awaTA1JVn/RaVadACEuxrAYQSjp3QwdAYsvriysDRJGTFnVdO/C3YczUc3u4WMgww9NLiX0SFlW0oIdWq+KpjOG/qGS53kBjZH3zyr5F9kmSddAf1UMgWNEqsVI0et1GiRdky+jyW1LK+/kFRYgS0B8qJCxocSJfLLh1b6IRc7OHPqID1WQPe9FUOZ8NW97LktJL/2Tfhtt72ek41CQWRNCUQD8v1ccp8wN82r2TeLYDWaHLClMB5wwe2qoFCLGAFZzh8SWX+oI1DRVAsp0wSIrxVQuwCiZUE1W44+2UP0tZjClEwRkW65ZVZe1umUOwkv+LHBBDFr3CD9CG+YB6pEMVFo4e/bh8/X4zbk2ehhHNdk+t/Ph41NV74ELIGIA6uoDHf7coxNlrgLrQrkksDJ7H2aM1xBO7P977ij8=
        t-ishanarya@microsoft.com\\n\"\n      }\n     ]\n    }\n   },\n   \"servicePrincipalProfile\":
        {\n    \"clientId\":\"00000000-0000-0000-0000-000000000001\"\n   },\n   \"addonProfiles\":
        {\n    \"openServiceMesh\": {\n     \"enabled\": false,\n     \"config\":
        null\n    }\n   },\n   \"nodeResourceGroup\": \"MC_clitest000001_cliakstest000002_westus2\",\n
        \  \"enableRBAC\": true,\n   \"enablePodSecurityPolicy\": false,\n   \"networkProfile\":
        {\n    \"networkPlugin\": \"kubenet\",\n    \"loadBalancerSku\": \"Standard\",\n
        \   \"loadBalancerProfile\": {\n     \"managedOutboundIPs\": {\n      \"count\":
        1\n     },\n     \"effectiveOutboundIPs\": [\n      {\n       \"id\": \"/subscriptions/00000000-0000-0000-0000-000000000000/resourceGroups/MC_clitest000001_cliakstest000002_westus2/providers/Microsoft.Network/publicIPAddresses/22a299f1-b5fc-460d-bc1e-075941db1279\"\n
        \     }\n     ]\n    },\n    \"podCidr\": \"10.244.0.0/16\",\n    \"serviceCidr\":
        \"10.0.0.0/16\",\n    \"dnsServiceIP\": \"10.0.0.10\",\n    \"dockerBridgeCidr\":
        \"172.17.0.1/16\",\n    \"outboundType\": \"loadBalancer\"\n   },\n   \"maxAgentPools\":
        100,\n   \"identityProfile\": {\n    \"kubeletidentity\": {\n     \"resourceId\":
        \"/subscriptions/00000000-0000-0000-0000-000000000000/resourcegroups/MC_clitest000001_cliakstest000002_westus2/providers/Microsoft.ManagedIdentity/userAssignedIdentities/cliakstest000002-agentpool\",\n
        \    \"clientId\":\"00000000-0000-0000-0000-000000000001\",\n     \"objectId\":\"00000000-0000-0000-0000-000000000001\"\n
        \   }\n   },\n   \"disableLocalAccounts\": false\n  },\n  \"identity\": {\n
        \  \"type\": \"SystemAssigned\",\n   \"principalId\":\"00000000-0000-0000-0000-000000000001\",\n
        \  \"tenantId\": \"72f988bf-86f1-41af-91ab-2d7cd011db47\"\n  },\n  \"sku\":
        {\n   \"name\": \"Basic\",\n   \"tier\": \"Free\"\n  }\n }"
    headers:
      cache-control:
      - no-cache
      content-length:
      - '3655'
      content-type:
      - application/json
      date:
      - Fri, 13 Aug 2021 16:16:36 GMT
      expires:
      - '-1'
      pragma:
      - no-cache
      server:
      - nginx
      strict-transport-security:
      - max-age=31536000; includeSubDomains
      transfer-encoding:
      - chunked
      vary:
      - Accept-Encoding
      x-content-type-options:
      - nosniff
    status:
      code: 200
      message: OK
version: 1
