interactions:
- request:
    body: '{"location": "westus2", "identity": {"type": "SystemAssigned"}, "properties":
      {"kubernetesVersion": "", "dnsPrefix": "cliaksdns000002", "agentPoolProfiles":
      [{"count": 1, "vmSize": "Standard_DS2_v2", "osDiskSizeGB": 0, "workloadRuntime":
      "OCIContainer", "osType": "Linux", "enableAutoScaling": false, "type": "VirtualMachineScaleSets",
      "mode": "System", "orchestratorVersion": "", "upgradeSettings": {}, "enableNodePublicIP":
      false, "enableCustomCATrust": false, "scaleSetPriority": "Regular", "scaleSetEvictionPolicy":
      "Delete", "spotMaxPrice": -1.0, "nodeTaints": [], "enableEncryptionAtHost":
      false, "enableUltraSSD": false, "enableFIPS": false, "name": "nodepool1"}],
      "linuxProfile": {"adminUsername": "azureuser", "ssh": {"publicKeys": [{"keyData":
      "ssh-rsa AAAAB3NzaC1yc2EAAAADAQABAAABAQDQ3QQF3b2JCZJxJtpKp/iJsnQUOhUoiLakn7cbilqism736bFvQMIDeYG2FaGm/Sh0dd3Kv7x/bqBJU30PBfID1RLNmmnIB9Pu/BpbI8nTEiOngwsCmMkKRPa7GWaolB29Jed8T8afwc+/i8frQSPOaKsE2DfOCbFnFn2EI3R8qnK7QjpaN6TSa26oADcF4g920wfInyLqf1NZIC+6AOe3Wbv+/PXtc+mcI1WgfjLB1I5OQfzRvyouexaqpIH7WQaHjF6K6bLvDO4LftA0clzbG5emqNwcaB/dM2ePeLxx8LzkXcPwoJwy8Sikxbrj4L+G40o5X+ddG8i5FmrdOEUJ
      azcli_aks_live_test@example.com\n"}]}}, "windowsProfile": {"adminUsername":
      "azureuser1", "adminPassword": "replace-Password1234$"}, "addonProfiles": {},
      "enableRBAC": true, "enablePodSecurityPolicy": false, "networkProfile": {"networkPlugin":
      "azure", "outboundType": "loadBalancer", "loadBalancerSku": "standard"}, "disableLocalAccounts":
      false, "storageProfile": {}}}'
    headers:
      Accept:
      - application/json
      Accept-Encoding:
      - gzip, deflate
      CommandName:
      - aks create
      Connection:
      - keep-alive
      Content-Length:
      - '1506'
      Content-Type:
      - application/json
      ParameterSetName:
      - --resource-group --name --location --dns-name-prefix --node-count --windows-admin-username
        --windows-admin-password --load-balancer-sku --vm-set-type --network-plugin
        --ssh-key-value
      User-Agent:
      - AZURECLI/2.41.0 azsdk-python-azure-mgmt-containerservice/20.4.0b Python/3.8.10
        (Linux-5.15.0-1020-azure-x86_64-with-glibc2.29)
    method: PUT
    uri: https://management.azure.com/subscriptions/00000000-0000-0000-0000-000000000000/resourceGroups/clitest000001/providers/Microsoft.ContainerService/managedClusters/cliakstest000001?api-version=2022-09-02-preview
  response:
    body:
      string: "{\n  \"id\": \"/subscriptions/00000000-0000-0000-0000-000000000000/resourcegroups/clitest000001/providers/Microsoft.ContainerService/managedClusters/cliakstest000001\",\n
        \ \"location\": \"westus2\",\n  \"name\": \"cliakstest000001\",\n  \"type\":
        \"Microsoft.ContainerService/ManagedClusters\",\n  \"properties\": {\n   \"provisioningState\":
        \"Creating\",\n   \"powerState\": {\n    \"code\": \"Running\"\n   },\n   \"kubernetesVersion\":
        \"1.23.12\",\n   \"currentKubernetesVersion\": \"1.23.12\",\n   \"dnsPrefix\":
        \"cliaksdns000002\",\n   \"fqdn\": \"cliaksdns000002-24083bac.hcp.westus2.azmk8s.io\",\n
        \  \"azurePortalFQDN\": \"cliaksdns000002-24083bac.portal.hcp.westus2.azmk8s.io\",\n
        \  \"agentPoolProfiles\": [\n    {\n     \"name\": \"nodepool1\",\n     \"count\":
        1,\n     \"vmSize\": \"Standard_DS2_v2\",\n     \"osDiskSizeGB\": 128,\n     \"osDiskType\":
        \"Managed\",\n     \"kubeletDiskType\": \"OS\",\n     \"workloadRuntime\":
        \"OCIContainer\",\n     \"maxPods\": 30,\n     \"type\": \"VirtualMachineScaleSets\",\n
        \    \"enableAutoScaling\": false,\n     \"provisioningState\": \"Creating\",\n
        \    \"powerState\": {\n      \"code\": \"Running\"\n     },\n     \"orchestratorVersion\":
        \"1.23.12\",\n     \"currentOrchestratorVersion\": \"1.23.12\",\n     \"enableNodePublicIP\":
        false,\n     \"enableCustomCATrust\": false,\n     \"mode\": \"System\",\n
        \    \"enableEncryptionAtHost\": false,\n     \"enableUltraSSD\": false,\n
        \    \"osType\": \"Linux\",\n     \"osSKU\": \"Ubuntu\",\n     \"nodeImageVersion\":
        \"AKSUbuntu-1804gen2containerd-2022.10.03\",\n     \"upgradeSettings\": {},\n
        \    \"enableFIPS\": false\n    }\n   ],\n   \"linuxProfile\": {\n    \"adminUsername\":
        \"azureuser\",\n    \"ssh\": {\n     \"publicKeys\": [\n      {\n       \"keyData\":
        \"ssh-rsa AAAAB3NzaC1yc2EAAAADAQABAAABAQDQ3QQF3b2JCZJxJtpKp/iJsnQUOhUoiLakn7cbilqism736bFvQMIDeYG2FaGm/Sh0dd3Kv7x/bqBJU30PBfID1RLNmmnIB9Pu/BpbI8nTEiOngwsCmMkKRPa7GWaolB29Jed8T8afwc+/i8frQSPOaKsE2DfOCbFnFn2EI3R8qnK7QjpaN6TSa26oADcF4g920wfInyLqf1NZIC+6AOe3Wbv+/PXtc+mcI1WgfjLB1I5OQfzRvyouexaqpIH7WQaHjF6K6bLvDO4LftA0clzbG5emqNwcaB/dM2ePeLxx8LzkXcPwoJwy8Sikxbrj4L+G40o5X+ddG8i5FmrdOEUJ
        azcli_aks_live_test@example.com\\n\"\n      }\n     ]\n    }\n   },\n   \"windowsProfile\":
        {\n    \"adminUsername\": \"azureuser1\",\n    \"enableCSIProxy\": true\n
        \  },\n   \"servicePrincipalProfile\": {\n    \"clientId\":\"00000000-0000-0000-0000-000000000001\"\n
        \  },\n   \"nodeResourceGroup\": \"MC_clitest000001_cliakstest000001_westus2\",\n
        \  \"enableRBAC\": true,\n   \"enablePodSecurityPolicy\": false,\n   \"networkProfile\":
        {\n    \"networkPlugin\": \"azure\",\n    \"loadBalancerSku\": \"standard\",\n
        \   \"loadBalancerProfile\": {\n     \"managedOutboundIPs\": {\n      \"count\":
        1\n     },\n     \"backendPoolType\": \"nodeIPConfiguration\"\n    },\n    \"serviceCidr\":
        \"10.0.0.0/16\",\n    \"dnsServiceIP\": \"10.0.0.10\",\n    \"dockerBridgeCidr\":
        \"172.17.0.1/16\",\n    \"outboundType\": \"loadBalancer\",\n    \"serviceCidrs\":
        [\n     \"10.0.0.0/16\"\n    ],\n    \"ipFamilies\": [\n     \"IPv4\"\n    ]\n
        \  },\n   \"maxAgentPools\": 100,\n   \"disableLocalAccounts\": false,\n   \"securityProfile\":
        {},\n   \"storageProfile\": {\n    \"diskCSIDriver\": {\n     \"enabled\":
        true,\n     \"version\": \"v1\"\n    },\n    \"fileCSIDriver\": {\n     \"enabled\":
        true\n    },\n    \"snapshotController\": {\n     \"enabled\": true\n    }\n
        \  },\n   \"oidcIssuerProfile\": {\n    \"enabled\": false\n   },\n   \"workloadAutoScalerProfile\":
        {}\n  },\n  \"identity\": {\n   \"type\": \"SystemAssigned\",\n   \"principalId\":\"00000000-0000-0000-0000-000000000001\",\n
        \  \"tenantId\": \"72f988bf-86f1-41af-91ab-2d7cd011db47\"\n  },\n  \"sku\":
        {\n   \"name\": \"Basic\",\n   \"tier\": \"Free\"\n  }\n }"
    headers:
      azure-asyncoperation:
      - https://management.azure.com/subscriptions/00000000-0000-0000-0000-000000000000/providers/Microsoft.ContainerService/locations/westus2/operations/a1f75ee4-8951-4e2d-be1c-1de9158c16bf?api-version=2016-03-30
      cache-control:
      - no-cache
      content-length:
      - '3406'
      content-type:
      - application/json
      date:
      - Mon, 17 Oct 2022 09:51:11 GMT
      expires:
      - '-1'
      pragma:
      - no-cache
      server:
      - nginx
      strict-transport-security:
      - max-age=31536000; includeSubDomains
      x-content-type-options:
      - nosniff
      x-ms-ratelimit-remaining-subscription-writes:
      - '1194'
    status:
      code: 201
      message: Created
- request:
    body: null
    headers:
      Accept:
      - '*/*'
      Accept-Encoding:
      - gzip, deflate
      CommandName:
      - aks create
      Connection:
      - keep-alive
      ParameterSetName:
      - --resource-group --name --location --dns-name-prefix --node-count --windows-admin-username
        --windows-admin-password --load-balancer-sku --vm-set-type --network-plugin
        --ssh-key-value
      User-Agent:
      - AZURECLI/2.41.0 azsdk-python-azure-mgmt-containerservice/20.4.0b Python/3.8.10
        (Linux-5.15.0-1020-azure-x86_64-with-glibc2.29)
    method: GET
    uri: https://management.azure.com/subscriptions/00000000-0000-0000-0000-000000000000/providers/Microsoft.ContainerService/locations/westus2/operations/a1f75ee4-8951-4e2d-be1c-1de9158c16bf?api-version=2016-03-30
  response:
    body:
      string: "{\n  \"name\": \"e45ef7a1-5189-2d4e-be1c-1de9158c16bf\",\n  \"status\":
        \"InProgress\",\n  \"startTime\": \"2022-10-17T09:51:12.3794475Z\"\n }"
    headers:
      cache-control:
      - no-cache
      content-length:
      - '126'
      content-type:
      - application/json
      date:
      - Mon, 17 Oct 2022 09:51:42 GMT
      expires:
      - '-1'
      pragma:
      - no-cache
      server:
      - nginx
      strict-transport-security:
      - max-age=31536000; includeSubDomains
      transfer-encoding:
      - chunked
      vary:
      - Accept-Encoding
      x-content-type-options:
      - nosniff
    status:
      code: 200
      message: OK
- request:
    body: null
    headers:
      Accept:
      - '*/*'
      Accept-Encoding:
      - gzip, deflate
      CommandName:
      - aks create
      Connection:
      - keep-alive
      ParameterSetName:
      - --resource-group --name --location --dns-name-prefix --node-count --windows-admin-username
        --windows-admin-password --load-balancer-sku --vm-set-type --network-plugin
        --ssh-key-value
      User-Agent:
      - AZURECLI/2.41.0 azsdk-python-azure-mgmt-containerservice/20.4.0b Python/3.8.10
        (Linux-5.15.0-1020-azure-x86_64-with-glibc2.29)
    method: GET
    uri: https://management.azure.com/subscriptions/00000000-0000-0000-0000-000000000000/providers/Microsoft.ContainerService/locations/westus2/operations/a1f75ee4-8951-4e2d-be1c-1de9158c16bf?api-version=2016-03-30
  response:
    body:
      string: "{\n  \"name\": \"e45ef7a1-5189-2d4e-be1c-1de9158c16bf\",\n  \"status\":
        \"InProgress\",\n  \"startTime\": \"2022-10-17T09:51:12.3794475Z\"\n }"
    headers:
      cache-control:
      - no-cache
      content-length:
      - '126'
      content-type:
      - application/json
      date:
      - Mon, 17 Oct 2022 09:52:12 GMT
      expires:
      - '-1'
      pragma:
      - no-cache
      server:
      - nginx
      strict-transport-security:
      - max-age=31536000; includeSubDomains
      transfer-encoding:
      - chunked
      vary:
      - Accept-Encoding
      x-content-type-options:
      - nosniff
    status:
      code: 200
      message: OK
- request:
    body: null
    headers:
      Accept:
      - '*/*'
      Accept-Encoding:
      - gzip, deflate
      CommandName:
      - aks create
      Connection:
      - keep-alive
      ParameterSetName:
      - --resource-group --name --location --dns-name-prefix --node-count --windows-admin-username
        --windows-admin-password --load-balancer-sku --vm-set-type --network-plugin
        --ssh-key-value
      User-Agent:
      - AZURECLI/2.41.0 azsdk-python-azure-mgmt-containerservice/20.4.0b Python/3.8.10
        (Linux-5.15.0-1020-azure-x86_64-with-glibc2.29)
    method: GET
    uri: https://management.azure.com/subscriptions/00000000-0000-0000-0000-000000000000/providers/Microsoft.ContainerService/locations/westus2/operations/a1f75ee4-8951-4e2d-be1c-1de9158c16bf?api-version=2016-03-30
  response:
    body:
      string: "{\n  \"name\": \"e45ef7a1-5189-2d4e-be1c-1de9158c16bf\",\n  \"status\":
        \"InProgress\",\n  \"startTime\": \"2022-10-17T09:51:12.3794475Z\"\n }"
    headers:
      cache-control:
      - no-cache
      content-length:
      - '126'
      content-type:
      - application/json
      date:
      - Mon, 17 Oct 2022 09:52:42 GMT
      expires:
      - '-1'
      pragma:
      - no-cache
      server:
      - nginx
      strict-transport-security:
      - max-age=31536000; includeSubDomains
      transfer-encoding:
      - chunked
      vary:
      - Accept-Encoding
      x-content-type-options:
      - nosniff
    status:
      code: 200
      message: OK
- request:
    body: null
    headers:
      Accept:
      - '*/*'
      Accept-Encoding:
      - gzip, deflate
      CommandName:
      - aks create
      Connection:
      - keep-alive
      ParameterSetName:
      - --resource-group --name --location --dns-name-prefix --node-count --windows-admin-username
        --windows-admin-password --load-balancer-sku --vm-set-type --network-plugin
        --ssh-key-value
      User-Agent:
      - AZURECLI/2.41.0 azsdk-python-azure-mgmt-containerservice/20.4.0b Python/3.8.10
        (Linux-5.15.0-1020-azure-x86_64-with-glibc2.29)
    method: GET
    uri: https://management.azure.com/subscriptions/00000000-0000-0000-0000-000000000000/providers/Microsoft.ContainerService/locations/westus2/operations/a1f75ee4-8951-4e2d-be1c-1de9158c16bf?api-version=2016-03-30
  response:
    body:
      string: "{\n  \"name\": \"e45ef7a1-5189-2d4e-be1c-1de9158c16bf\",\n  \"status\":
        \"InProgress\",\n  \"startTime\": \"2022-10-17T09:51:12.3794475Z\"\n }"
    headers:
      cache-control:
      - no-cache
      content-length:
      - '126'
      content-type:
      - application/json
      date:
      - Mon, 17 Oct 2022 09:53:12 GMT
      expires:
      - '-1'
      pragma:
      - no-cache
      server:
      - nginx
      strict-transport-security:
      - max-age=31536000; includeSubDomains
      transfer-encoding:
      - chunked
      vary:
      - Accept-Encoding
      x-content-type-options:
      - nosniff
    status:
      code: 200
      message: OK
- request:
    body: null
    headers:
      Accept:
      - '*/*'
      Accept-Encoding:
      - gzip, deflate
      CommandName:
      - aks create
      Connection:
      - keep-alive
      ParameterSetName:
      - --resource-group --name --location --dns-name-prefix --node-count --windows-admin-username
        --windows-admin-password --load-balancer-sku --vm-set-type --network-plugin
        --ssh-key-value
      User-Agent:
      - AZURECLI/2.41.0 azsdk-python-azure-mgmt-containerservice/20.4.0b Python/3.8.10
        (Linux-5.15.0-1020-azure-x86_64-with-glibc2.29)
    method: GET
    uri: https://management.azure.com/subscriptions/00000000-0000-0000-0000-000000000000/providers/Microsoft.ContainerService/locations/westus2/operations/a1f75ee4-8951-4e2d-be1c-1de9158c16bf?api-version=2016-03-30
  response:
    body:
      string: "{\n  \"name\": \"e45ef7a1-5189-2d4e-be1c-1de9158c16bf\",\n  \"status\":
        \"InProgress\",\n  \"startTime\": \"2022-10-17T09:51:12.3794475Z\"\n }"
    headers:
      cache-control:
      - no-cache
      content-length:
      - '126'
      content-type:
      - application/json
      date:
      - Mon, 17 Oct 2022 09:53:42 GMT
      expires:
      - '-1'
      pragma:
      - no-cache
      server:
      - nginx
      strict-transport-security:
      - max-age=31536000; includeSubDomains
      transfer-encoding:
      - chunked
      vary:
      - Accept-Encoding
      x-content-type-options:
      - nosniff
    status:
      code: 200
      message: OK
- request:
    body: null
    headers:
      Accept:
      - '*/*'
      Accept-Encoding:
      - gzip, deflate
      CommandName:
      - aks create
      Connection:
      - keep-alive
      ParameterSetName:
      - --resource-group --name --location --dns-name-prefix --node-count --windows-admin-username
        --windows-admin-password --load-balancer-sku --vm-set-type --network-plugin
        --ssh-key-value
      User-Agent:
      - AZURECLI/2.41.0 azsdk-python-azure-mgmt-containerservice/20.4.0b Python/3.8.10
        (Linux-5.15.0-1020-azure-x86_64-with-glibc2.29)
    method: GET
    uri: https://management.azure.com/subscriptions/00000000-0000-0000-0000-000000000000/providers/Microsoft.ContainerService/locations/westus2/operations/a1f75ee4-8951-4e2d-be1c-1de9158c16bf?api-version=2016-03-30
  response:
    body:
      string: "{\n  \"name\": \"e45ef7a1-5189-2d4e-be1c-1de9158c16bf\",\n  \"status\":
        \"InProgress\",\n  \"startTime\": \"2022-10-17T09:51:12.3794475Z\"\n }"
    headers:
      cache-control:
      - no-cache
      content-length:
      - '126'
      content-type:
      - application/json
      date:
      - Mon, 17 Oct 2022 09:54:13 GMT
      expires:
      - '-1'
      pragma:
      - no-cache
      server:
      - nginx
      strict-transport-security:
      - max-age=31536000; includeSubDomains
      transfer-encoding:
      - chunked
      vary:
      - Accept-Encoding
      x-content-type-options:
      - nosniff
    status:
      code: 200
      message: OK
- request:
    body: null
    headers:
      Accept:
      - '*/*'
      Accept-Encoding:
      - gzip, deflate
      CommandName:
      - aks create
      Connection:
      - keep-alive
      ParameterSetName:
      - --resource-group --name --location --dns-name-prefix --node-count --windows-admin-username
        --windows-admin-password --load-balancer-sku --vm-set-type --network-plugin
        --ssh-key-value
      User-Agent:
      - AZURECLI/2.41.0 azsdk-python-azure-mgmt-containerservice/20.4.0b Python/3.8.10
        (Linux-5.15.0-1020-azure-x86_64-with-glibc2.29)
    method: GET
    uri: https://management.azure.com/subscriptions/00000000-0000-0000-0000-000000000000/providers/Microsoft.ContainerService/locations/westus2/operations/a1f75ee4-8951-4e2d-be1c-1de9158c16bf?api-version=2016-03-30
  response:
    body:
      string: "{\n  \"name\": \"e45ef7a1-5189-2d4e-be1c-1de9158c16bf\",\n  \"status\":
        \"InProgress\",\n  \"startTime\": \"2022-10-17T09:51:12.3794475Z\"\n }"
    headers:
      cache-control:
      - no-cache
      content-length:
      - '126'
      content-type:
      - application/json
      date:
      - Mon, 17 Oct 2022 09:54:42 GMT
      expires:
      - '-1'
      pragma:
      - no-cache
      server:
      - nginx
      strict-transport-security:
      - max-age=31536000; includeSubDomains
      transfer-encoding:
      - chunked
      vary:
      - Accept-Encoding
      x-content-type-options:
      - nosniff
    status:
      code: 200
      message: OK
- request:
    body: null
    headers:
      Accept:
      - '*/*'
      Accept-Encoding:
      - gzip, deflate
      CommandName:
      - aks create
      Connection:
      - keep-alive
      ParameterSetName:
      - --resource-group --name --location --dns-name-prefix --node-count --windows-admin-username
        --windows-admin-password --load-balancer-sku --vm-set-type --network-plugin
        --ssh-key-value
      User-Agent:
      - AZURECLI/2.41.0 azsdk-python-azure-mgmt-containerservice/20.4.0b Python/3.8.10
        (Linux-5.15.0-1020-azure-x86_64-with-glibc2.29)
    method: GET
    uri: https://management.azure.com/subscriptions/00000000-0000-0000-0000-000000000000/providers/Microsoft.ContainerService/locations/westus2/operations/a1f75ee4-8951-4e2d-be1c-1de9158c16bf?api-version=2016-03-30
  response:
    body:
      string: "{\n  \"name\": \"e45ef7a1-5189-2d4e-be1c-1de9158c16bf\",\n  \"status\":
        \"InProgress\",\n  \"startTime\": \"2022-10-17T09:51:12.3794475Z\"\n }"
    headers:
      cache-control:
      - no-cache
      content-length:
      - '126'
      content-type:
      - application/json
      date:
      - Mon, 17 Oct 2022 09:55:12 GMT
      expires:
      - '-1'
      pragma:
      - no-cache
      server:
      - nginx
      strict-transport-security:
      - max-age=31536000; includeSubDomains
      transfer-encoding:
      - chunked
      vary:
      - Accept-Encoding
      x-content-type-options:
      - nosniff
    status:
      code: 200
      message: OK
- request:
    body: null
    headers:
      Accept:
      - '*/*'
      Accept-Encoding:
      - gzip, deflate
      CommandName:
      - aks create
      Connection:
      - keep-alive
      ParameterSetName:
      - --resource-group --name --location --dns-name-prefix --node-count --windows-admin-username
        --windows-admin-password --load-balancer-sku --vm-set-type --network-plugin
        --ssh-key-value
      User-Agent:
      - AZURECLI/2.41.0 azsdk-python-azure-mgmt-containerservice/20.4.0b Python/3.8.10
        (Linux-5.15.0-1020-azure-x86_64-with-glibc2.29)
    method: GET
    uri: https://management.azure.com/subscriptions/00000000-0000-0000-0000-000000000000/providers/Microsoft.ContainerService/locations/westus2/operations/a1f75ee4-8951-4e2d-be1c-1de9158c16bf?api-version=2016-03-30
  response:
    body:
      string: "{\n  \"name\": \"e45ef7a1-5189-2d4e-be1c-1de9158c16bf\",\n  \"status\":
        \"InProgress\",\n  \"startTime\": \"2022-10-17T09:51:12.3794475Z\"\n }"
    headers:
      cache-control:
      - no-cache
      content-length:
      - '126'
      content-type:
      - application/json
      date:
      - Mon, 17 Oct 2022 09:55:42 GMT
      expires:
      - '-1'
      pragma:
      - no-cache
      server:
      - nginx
      strict-transport-security:
      - max-age=31536000; includeSubDomains
      transfer-encoding:
      - chunked
      vary:
      - Accept-Encoding
      x-content-type-options:
      - nosniff
    status:
      code: 200
      message: OK
- request:
    body: null
    headers:
      Accept:
      - '*/*'
      Accept-Encoding:
      - gzip, deflate
      CommandName:
      - aks create
      Connection:
      - keep-alive
      ParameterSetName:
      - --resource-group --name --location --dns-name-prefix --node-count --windows-admin-username
        --windows-admin-password --load-balancer-sku --vm-set-type --network-plugin
        --ssh-key-value
      User-Agent:
      - AZURECLI/2.41.0 azsdk-python-azure-mgmt-containerservice/20.4.0b Python/3.8.10
        (Linux-5.15.0-1020-azure-x86_64-with-glibc2.29)
    method: GET
    uri: https://management.azure.com/subscriptions/00000000-0000-0000-0000-000000000000/providers/Microsoft.ContainerService/locations/westus2/operations/a1f75ee4-8951-4e2d-be1c-1de9158c16bf?api-version=2016-03-30
  response:
    body:
      string: "{\n  \"name\": \"e45ef7a1-5189-2d4e-be1c-1de9158c16bf\",\n  \"status\":
        \"Succeeded\",\n  \"startTime\": \"2022-10-17T09:51:12.3794475Z\",\n  \"endTime\":
        \"2022-10-17T09:55:45.5511253Z\"\n }"
    headers:
      cache-control:
      - no-cache
      content-length:
      - '170'
      content-type:
      - application/json
      date:
      - Mon, 17 Oct 2022 09:56:12 GMT
      expires:
      - '-1'
      pragma:
      - no-cache
      server:
      - nginx
      strict-transport-security:
      - max-age=31536000; includeSubDomains
      transfer-encoding:
      - chunked
      vary:
      - Accept-Encoding
      x-content-type-options:
      - nosniff
    status:
      code: 200
      message: OK
- request:
    body: null
    headers:
      Accept:
      - '*/*'
      Accept-Encoding:
      - gzip, deflate
      CommandName:
      - aks create
      Connection:
      - keep-alive
      ParameterSetName:
      - --resource-group --name --location --dns-name-prefix --node-count --windows-admin-username
        --windows-admin-password --load-balancer-sku --vm-set-type --network-plugin
        --ssh-key-value
      User-Agent:
      - AZURECLI/2.41.0 azsdk-python-azure-mgmt-containerservice/20.4.0b Python/3.8.10
        (Linux-5.15.0-1020-azure-x86_64-with-glibc2.29)
    method: GET
    uri: https://management.azure.com/subscriptions/00000000-0000-0000-0000-000000000000/resourceGroups/clitest000001/providers/Microsoft.ContainerService/managedClusters/cliakstest000001?api-version=2022-09-02-preview
  response:
    body:
      string: "{\n  \"id\": \"/subscriptions/00000000-0000-0000-0000-000000000000/resourcegroups/clitest000001/providers/Microsoft.ContainerService/managedClusters/cliakstest000001\",\n
        \ \"location\": \"westus2\",\n  \"name\": \"cliakstest000001\",\n  \"type\":
        \"Microsoft.ContainerService/ManagedClusters\",\n  \"properties\": {\n   \"provisioningState\":
        \"Succeeded\",\n   \"powerState\": {\n    \"code\": \"Running\"\n   },\n   \"kubernetesVersion\":
        \"1.23.12\",\n   \"currentKubernetesVersion\": \"1.23.12\",\n   \"dnsPrefix\":
        \"cliaksdns000002\",\n   \"fqdn\": \"cliaksdns000002-24083bac.hcp.westus2.azmk8s.io\",\n
        \  \"azurePortalFQDN\": \"cliaksdns000002-24083bac.portal.hcp.westus2.azmk8s.io\",\n
        \  \"agentPoolProfiles\": [\n    {\n     \"name\": \"nodepool1\",\n     \"count\":
        1,\n     \"vmSize\": \"Standard_DS2_v2\",\n     \"osDiskSizeGB\": 128,\n     \"osDiskType\":
        \"Managed\",\n     \"kubeletDiskType\": \"OS\",\n     \"workloadRuntime\":
        \"OCIContainer\",\n     \"maxPods\": 30,\n     \"type\": \"VirtualMachineScaleSets\",\n
        \    \"enableAutoScaling\": false,\n     \"provisioningState\": \"Succeeded\",\n
        \    \"powerState\": {\n      \"code\": \"Running\"\n     },\n     \"orchestratorVersion\":
        \"1.23.12\",\n     \"currentOrchestratorVersion\": \"1.23.12\",\n     \"enableNodePublicIP\":
        false,\n     \"enableCustomCATrust\": false,\n     \"mode\": \"System\",\n
        \    \"enableEncryptionAtHost\": false,\n     \"enableUltraSSD\": false,\n
        \    \"osType\": \"Linux\",\n     \"osSKU\": \"Ubuntu\",\n     \"nodeImageVersion\":
        \"AKSUbuntu-1804gen2containerd-2022.10.03\",\n     \"upgradeSettings\": {},\n
        \    \"enableFIPS\": false\n    }\n   ],\n   \"linuxProfile\": {\n    \"adminUsername\":
        \"azureuser\",\n    \"ssh\": {\n     \"publicKeys\": [\n      {\n       \"keyData\":
        \"ssh-rsa AAAAB3NzaC1yc2EAAAADAQABAAABAQDQ3QQF3b2JCZJxJtpKp/iJsnQUOhUoiLakn7cbilqism736bFvQMIDeYG2FaGm/Sh0dd3Kv7x/bqBJU30PBfID1RLNmmnIB9Pu/BpbI8nTEiOngwsCmMkKRPa7GWaolB29Jed8T8afwc+/i8frQSPOaKsE2DfOCbFnFn2EI3R8qnK7QjpaN6TSa26oADcF4g920wfInyLqf1NZIC+6AOe3Wbv+/PXtc+mcI1WgfjLB1I5OQfzRvyouexaqpIH7WQaHjF6K6bLvDO4LftA0clzbG5emqNwcaB/dM2ePeLxx8LzkXcPwoJwy8Sikxbrj4L+G40o5X+ddG8i5FmrdOEUJ
        azcli_aks_live_test@example.com\\n\"\n      }\n     ]\n    }\n   },\n   \"windowsProfile\":
        {\n    \"adminUsername\": \"azureuser1\",\n    \"enableCSIProxy\": true\n
        \  },\n   \"servicePrincipalProfile\": {\n    \"clientId\":\"00000000-0000-0000-0000-000000000001\"\n
        \  },\n   \"nodeResourceGroup\": \"MC_clitest000001_cliakstest000001_westus2\",\n
        \  \"enableRBAC\": true,\n   \"enablePodSecurityPolicy\": false,\n   \"networkProfile\":
        {\n    \"networkPlugin\": \"azure\",\n    \"loadBalancerSku\": \"Standard\",\n
        \   \"loadBalancerProfile\": {\n     \"managedOutboundIPs\": {\n      \"count\":
        1\n     },\n     \"effectiveOutboundIPs\": [\n      {\n       \"id\": \"/subscriptions/00000000-0000-0000-0000-000000000000/resourceGroups/MC_clitest000001_cliakstest000001_westus2/providers/Microsoft.Network/publicIPAddresses/87489b57-69ed-4f08-8ff4-15c2b0ff3535\"\n
        \     }\n     ],\n     \"backendPoolType\": \"nodeIPConfiguration\"\n    },\n
        \   \"serviceCidr\": \"10.0.0.0/16\",\n    \"dnsServiceIP\": \"10.0.0.10\",\n
        \   \"dockerBridgeCidr\": \"172.17.0.1/16\",\n    \"outboundType\": \"loadBalancer\",\n
        \   \"serviceCidrs\": [\n     \"10.0.0.0/16\"\n    ],\n    \"ipFamilies\":
        [\n     \"IPv4\"\n    ]\n   },\n   \"maxAgentPools\": 100,\n   \"identityProfile\":
        {\n    \"kubeletidentity\": {\n     \"resourceId\": \"/subscriptions/00000000-0000-0000-0000-000000000000/resourcegroups/MC_clitest000001_cliakstest000001_westus2/providers/Microsoft.ManagedIdentity/userAssignedIdentities/cliakstest000001-agentpool\",\n
        \    \"clientId\":\"00000000-0000-0000-0000-000000000001\",\n     \"objectId\":\"00000000-0000-0000-0000-000000000001\"\n
        \   }\n   },\n   \"disableLocalAccounts\": false,\n   \"securityProfile\":
        {},\n   \"storageProfile\": {\n    \"diskCSIDriver\": {\n     \"enabled\":
        true,\n     \"version\": \"v1\"\n    },\n    \"fileCSIDriver\": {\n     \"enabled\":
        true\n    },\n    \"snapshotController\": {\n     \"enabled\": true\n    }\n
        \  },\n   \"oidcIssuerProfile\": {\n    \"enabled\": false\n   },\n   \"workloadAutoScalerProfile\":
        {}\n  },\n  \"identity\": {\n   \"type\": \"SystemAssigned\",\n   \"principalId\":\"00000000-0000-0000-0000-000000000001\",\n
        \  \"tenantId\": \"72f988bf-86f1-41af-91ab-2d7cd011db47\"\n  },\n  \"sku\":
        {\n   \"name\": \"Basic\",\n   \"tier\": \"Free\"\n  }\n }"
    headers:
      cache-control:
      - no-cache
      content-length:
      - '4059'
      content-type:
      - application/json
      date:
      - Mon, 17 Oct 2022 09:56:13 GMT
      expires:
      - '-1'
      pragma:
      - no-cache
      server:
      - nginx
      strict-transport-security:
      - max-age=31536000; includeSubDomains
      transfer-encoding:
      - chunked
      vary:
      - Accept-Encoding
      x-content-type-options:
      - nosniff
    status:
      code: 200
      message: OK
- request:
    body: null
    headers:
      Accept:
      - application/json
      Accept-Encoding:
      - gzip, deflate
      CommandName:
      - aks nodepool add
      Connection:
      - keep-alive
      ParameterSetName:
      - --resource-group --cluster-name --name --os-type --node-count
      User-Agent:
      - AZURECLI/2.41.0 azsdk-python-azure-mgmt-containerservice/20.4.0b Python/3.8.10
        (Linux-5.15.0-1020-azure-x86_64-with-glibc2.29)
    method: GET
    uri: https://management.azure.com/subscriptions/00000000-0000-0000-0000-000000000000/resourceGroups/clitest000001/providers/Microsoft.ContainerService/managedClusters/cliakstest000001/agentPools?api-version=2022-09-02-preview
  response:
    body:
      string: "{\n  \"value\": [\n   {\n    \"id\": \"/subscriptions/00000000-0000-0000-0000-000000000000/resourcegroups/clitest000001/providers/Microsoft.ContainerService/managedClusters/cliakstest000001/agentPools/nodepool1\",\n
        \   \"name\": \"nodepool1\",\n    \"type\": \"Microsoft.ContainerService/managedClusters/agentPools\",\n
        \   \"properties\": {\n     \"count\": 1,\n     \"vmSize\": \"Standard_DS2_v2\",\n
        \    \"osDiskSizeGB\": 128,\n     \"osDiskType\": \"Managed\",\n     \"kubeletDiskType\":
        \"OS\",\n     \"workloadRuntime\": \"OCIContainer\",\n     \"maxPods\": 30,\n
        \    \"type\": \"VirtualMachineScaleSets\",\n     \"enableAutoScaling\": false,\n
        \    \"provisioningState\": \"Succeeded\",\n     \"powerState\": {\n      \"code\":
        \"Running\"\n     },\n     \"orchestratorVersion\": \"1.23.12\",\n     \"currentOrchestratorVersion\":
        \"1.23.12\",\n     \"enableNodePublicIP\": false,\n     \"enableCustomCATrust\":
        false,\n     \"mode\": \"System\",\n     \"enableEncryptionAtHost\": false,\n
        \    \"enableUltraSSD\": false,\n     \"osType\": \"Linux\",\n     \"osSKU\":
        \"Ubuntu\",\n     \"nodeImageVersion\": \"AKSUbuntu-1804gen2containerd-2022.10.03\",\n
        \    \"upgradeSettings\": {},\n     \"enableFIPS\": false\n    }\n   }\n  ]\n
        }"
    headers:
      cache-control:
      - no-cache
      content-length:
      - '1112'
      content-type:
      - application/json
      date:
      - Mon, 17 Oct 2022 09:56:13 GMT
      expires:
      - '-1'
      pragma:
      - no-cache
      server:
      - nginx
      strict-transport-security:
      - max-age=31536000; includeSubDomains
      transfer-encoding:
      - chunked
      vary:
      - Accept-Encoding
      x-content-type-options:
      - nosniff
    status:
      code: 200
      message: OK
- request:
    body: '{"properties": {"count": 1, "vmSize": "Standard_D2s_v3", "osDiskSizeGB":
      0, "workloadRuntime": "OCIContainer", "osType": "Windows", "enableAutoScaling":
      false, "scaleDownMode": "Delete", "type": "VirtualMachineScaleSets", "mode":
      "User", "upgradeSettings": {}, "enableNodePublicIP": false, "enableCustomCATrust":
      false, "scaleSetPriority": "Regular", "scaleSetEvictionPolicy": "Delete", "spotMaxPrice":
      -1.0, "nodeTaints": [], "enableEncryptionAtHost": false, "enableUltraSSD": false,
      "enableFIPS": false}}'
    headers:
      Accept:
      - application/json
      Accept-Encoding:
      - gzip, deflate
      CommandName:
      - aks nodepool add
      Connection:
      - keep-alive
      Content-Length:
      - '506'
      Content-Type:
      - application/json
      ParameterSetName:
      - --resource-group --cluster-name --name --os-type --node-count
      User-Agent:
      - AZURECLI/2.41.0 azsdk-python-azure-mgmt-containerservice/20.4.0b Python/3.8.10
        (Linux-5.15.0-1020-azure-x86_64-with-glibc2.29)
    method: PUT
    uri: https://management.azure.com/subscriptions/00000000-0000-0000-0000-000000000000/resourceGroups/clitest000001/providers/Microsoft.ContainerService/managedClusters/cliakstest000001/agentPools/npwin?api-version=2022-09-02-preview
  response:
    body:
      string: "{\n  \"id\": \"/subscriptions/00000000-0000-0000-0000-000000000000/resourcegroups/clitest000001/providers/Microsoft.ContainerService/managedClusters/cliakstest000001/agentPools/npwin\",\n
        \ \"name\": \"npwin\",\n  \"type\": \"Microsoft.ContainerService/managedClusters/agentPools\",\n
        \ \"properties\": {\n   \"count\": 1,\n   \"vmSize\": \"Standard_D2s_v3\",\n
        \  \"osDiskSizeGB\": 128,\n   \"osDiskType\": \"Managed\",\n   \"kubeletDiskType\":
        \"OS\",\n   \"workloadRuntime\": \"OCIContainer\",\n   \"maxPods\": 30,\n
        \  \"type\": \"VirtualMachineScaleSets\",\n   \"enableAutoScaling\": false,\n
        \  \"scaleDownMode\": \"Delete\",\n   \"provisioningState\": \"Creating\",\n
        \  \"powerState\": {\n    \"code\": \"Running\"\n   },\n   \"orchestratorVersion\":
        \"1.23.12\",\n   \"currentOrchestratorVersion\": \"1.23.12\",\n   \"enableNodePublicIP\":
        false,\n   \"enableCustomCATrust\": false,\n   \"mode\": \"User\",\n   \"enableEncryptionAtHost\":
        false,\n   \"enableUltraSSD\": false,\n   \"osType\": \"Windows\",\n   \"osSKU\":
        \"Windows2019\",\n   \"nodeImageVersion\": \"AKSWindows-2019-containerd-17763.3532.221012\",\n
        \  \"upgradeSettings\": {},\n   \"enableFIPS\": false\n  }\n }"
    headers:
      azure-asyncoperation:
      - https://management.azure.com/subscriptions/00000000-0000-0000-0000-000000000000/providers/Microsoft.ContainerService/locations/westus2/operations/55f7ae4d-0792-4cd2-a3f0-e6a46e9c7942?api-version=2016-03-30
      cache-control:
      - no-cache
      content-length:
      - '1056'
      content-type:
      - application/json
      date:
      - Mon, 17 Oct 2022 09:56:17 GMT
      expires:
      - '-1'
      pragma:
      - no-cache
      server:
      - nginx
      strict-transport-security:
      - max-age=31536000; includeSubDomains
      x-content-type-options:
      - nosniff
      x-ms-ratelimit-remaining-subscription-writes:
      - '1192'
    status:
      code: 201
      message: Created
- request:
    body: null
    headers:
      Accept:
      - '*/*'
      Accept-Encoding:
      - gzip, deflate
      CommandName:
      - aks nodepool add
      Connection:
      - keep-alive
      ParameterSetName:
      - --resource-group --cluster-name --name --os-type --node-count
      User-Agent:
      - AZURECLI/2.41.0 azsdk-python-azure-mgmt-containerservice/20.4.0b Python/3.8.10
        (Linux-5.15.0-1020-azure-x86_64-with-glibc2.29)
    method: GET
    uri: https://management.azure.com/subscriptions/00000000-0000-0000-0000-000000000000/providers/Microsoft.ContainerService/locations/westus2/operations/55f7ae4d-0792-4cd2-a3f0-e6a46e9c7942?api-version=2016-03-30
  response:
    body:
      string: "{\n  \"name\": \"4daef755-9207-d24c-a3f0-e6a46e9c7942\",\n  \"status\":
        \"InProgress\",\n  \"startTime\": \"2022-10-17T09:56:17.3679457Z\"\n }"
    headers:
      cache-control:
      - no-cache
      content-length:
      - '126'
      content-type:
      - application/json
      date:
      - Mon, 17 Oct 2022 09:56:47 GMT
      expires:
      - '-1'
      pragma:
      - no-cache
      server:
      - nginx
      strict-transport-security:
      - max-age=31536000; includeSubDomains
      transfer-encoding:
      - chunked
      vary:
      - Accept-Encoding
      x-content-type-options:
      - nosniff
    status:
      code: 200
      message: OK
- request:
    body: null
    headers:
      Accept:
      - '*/*'
      Accept-Encoding:
      - gzip, deflate
      CommandName:
      - aks nodepool add
      Connection:
      - keep-alive
      ParameterSetName:
      - --resource-group --cluster-name --name --os-type --node-count
      User-Agent:
      - AZURECLI/2.41.0 azsdk-python-azure-mgmt-containerservice/20.4.0b Python/3.8.10
        (Linux-5.15.0-1020-azure-x86_64-with-glibc2.29)
    method: GET
    uri: https://management.azure.com/subscriptions/00000000-0000-0000-0000-000000000000/providers/Microsoft.ContainerService/locations/westus2/operations/55f7ae4d-0792-4cd2-a3f0-e6a46e9c7942?api-version=2016-03-30
  response:
    body:
      string: "{\n  \"name\": \"4daef755-9207-d24c-a3f0-e6a46e9c7942\",\n  \"status\":
        \"InProgress\",\n  \"startTime\": \"2022-10-17T09:56:17.3679457Z\"\n }"
    headers:
      cache-control:
      - no-cache
      content-length:
      - '126'
      content-type:
      - application/json
      date:
      - Mon, 17 Oct 2022 09:57:17 GMT
      expires:
      - '-1'
      pragma:
      - no-cache
      server:
      - nginx
      strict-transport-security:
      - max-age=31536000; includeSubDomains
      transfer-encoding:
      - chunked
      vary:
      - Accept-Encoding
      x-content-type-options:
      - nosniff
    status:
      code: 200
      message: OK
- request:
    body: null
    headers:
      Accept:
      - '*/*'
      Accept-Encoding:
      - gzip, deflate
      CommandName:
      - aks nodepool add
      Connection:
      - keep-alive
      ParameterSetName:
      - --resource-group --cluster-name --name --os-type --node-count
      User-Agent:
      - AZURECLI/2.41.0 azsdk-python-azure-mgmt-containerservice/20.4.0b Python/3.8.10
        (Linux-5.15.0-1020-azure-x86_64-with-glibc2.29)
    method: GET
    uri: https://management.azure.com/subscriptions/00000000-0000-0000-0000-000000000000/providers/Microsoft.ContainerService/locations/westus2/operations/55f7ae4d-0792-4cd2-a3f0-e6a46e9c7942?api-version=2016-03-30
  response:
    body:
      string: "{\n  \"name\": \"4daef755-9207-d24c-a3f0-e6a46e9c7942\",\n  \"status\":
        \"InProgress\",\n  \"startTime\": \"2022-10-17T09:56:17.3679457Z\"\n }"
    headers:
      cache-control:
      - no-cache
      content-length:
      - '126'
      content-type:
      - application/json
      date:
      - Mon, 17 Oct 2022 09:57:47 GMT
      expires:
      - '-1'
      pragma:
      - no-cache
      server:
      - nginx
      strict-transport-security:
      - max-age=31536000; includeSubDomains
      transfer-encoding:
      - chunked
      vary:
      - Accept-Encoding
      x-content-type-options:
      - nosniff
    status:
      code: 200
      message: OK
- request:
    body: null
    headers:
      Accept:
      - '*/*'
      Accept-Encoding:
      - gzip, deflate
      CommandName:
      - aks nodepool add
      Connection:
      - keep-alive
      ParameterSetName:
      - --resource-group --cluster-name --name --os-type --node-count
      User-Agent:
      - AZURECLI/2.41.0 azsdk-python-azure-mgmt-containerservice/20.4.0b Python/3.8.10
        (Linux-5.15.0-1020-azure-x86_64-with-glibc2.29)
    method: GET
    uri: https://management.azure.com/subscriptions/00000000-0000-0000-0000-000000000000/providers/Microsoft.ContainerService/locations/westus2/operations/55f7ae4d-0792-4cd2-a3f0-e6a46e9c7942?api-version=2016-03-30
  response:
    body:
      string: "{\n  \"name\": \"4daef755-9207-d24c-a3f0-e6a46e9c7942\",\n  \"status\":
        \"InProgress\",\n  \"startTime\": \"2022-10-17T09:56:17.3679457Z\"\n }"
    headers:
      cache-control:
      - no-cache
      content-length:
      - '126'
      content-type:
      - application/json
      date:
      - Mon, 17 Oct 2022 09:58:17 GMT
      expires:
      - '-1'
      pragma:
      - no-cache
      server:
      - nginx
      strict-transport-security:
      - max-age=31536000; includeSubDomains
      transfer-encoding:
      - chunked
      vary:
      - Accept-Encoding
      x-content-type-options:
      - nosniff
    status:
      code: 200
      message: OK
- request:
    body: null
    headers:
      Accept:
      - '*/*'
      Accept-Encoding:
      - gzip, deflate
      CommandName:
      - aks nodepool add
      Connection:
      - keep-alive
      ParameterSetName:
      - --resource-group --cluster-name --name --os-type --node-count
      User-Agent:
      - AZURECLI/2.41.0 azsdk-python-azure-mgmt-containerservice/20.4.0b Python/3.8.10
        (Linux-5.15.0-1020-azure-x86_64-with-glibc2.29)
    method: GET
    uri: https://management.azure.com/subscriptions/00000000-0000-0000-0000-000000000000/providers/Microsoft.ContainerService/locations/westus2/operations/55f7ae4d-0792-4cd2-a3f0-e6a46e9c7942?api-version=2016-03-30
  response:
    body:
      string: "{\n  \"name\": \"4daef755-9207-d24c-a3f0-e6a46e9c7942\",\n  \"status\":
        \"InProgress\",\n  \"startTime\": \"2022-10-17T09:56:17.3679457Z\"\n }"
    headers:
      cache-control:
      - no-cache
      content-length:
      - '126'
      content-type:
      - application/json
      date:
      - Mon, 17 Oct 2022 09:58:47 GMT
      expires:
      - '-1'
      pragma:
      - no-cache
      server:
      - nginx
      strict-transport-security:
      - max-age=31536000; includeSubDomains
      transfer-encoding:
      - chunked
      vary:
      - Accept-Encoding
      x-content-type-options:
      - nosniff
    status:
      code: 200
      message: OK
- request:
    body: null
    headers:
      Accept:
      - '*/*'
      Accept-Encoding:
      - gzip, deflate
      CommandName:
      - aks nodepool add
      Connection:
      - keep-alive
      ParameterSetName:
      - --resource-group --cluster-name --name --os-type --node-count
      User-Agent:
      - AZURECLI/2.41.0 azsdk-python-azure-mgmt-containerservice/20.4.0b Python/3.8.10
        (Linux-5.15.0-1020-azure-x86_64-with-glibc2.29)
    method: GET
    uri: https://management.azure.com/subscriptions/00000000-0000-0000-0000-000000000000/providers/Microsoft.ContainerService/locations/westus2/operations/55f7ae4d-0792-4cd2-a3f0-e6a46e9c7942?api-version=2016-03-30
  response:
    body:
      string: "{\n  \"name\": \"4daef755-9207-d24c-a3f0-e6a46e9c7942\",\n  \"status\":
        \"InProgress\",\n  \"startTime\": \"2022-10-17T09:56:17.3679457Z\"\n }"
    headers:
      cache-control:
      - no-cache
      content-length:
      - '126'
      content-type:
      - application/json
      date:
      - Mon, 17 Oct 2022 09:59:18 GMT
      expires:
      - '-1'
      pragma:
      - no-cache
      server:
      - nginx
      strict-transport-security:
      - max-age=31536000; includeSubDomains
      transfer-encoding:
      - chunked
      vary:
      - Accept-Encoding
      x-content-type-options:
      - nosniff
    status:
      code: 200
      message: OK
- request:
    body: null
    headers:
      Accept:
      - '*/*'
      Accept-Encoding:
      - gzip, deflate
      CommandName:
      - aks nodepool add
      Connection:
      - keep-alive
      ParameterSetName:
      - --resource-group --cluster-name --name --os-type --node-count
      User-Agent:
      - AZURECLI/2.41.0 azsdk-python-azure-mgmt-containerservice/20.4.0b Python/3.8.10
        (Linux-5.15.0-1020-azure-x86_64-with-glibc2.29)
    method: GET
    uri: https://management.azure.com/subscriptions/00000000-0000-0000-0000-000000000000/providers/Microsoft.ContainerService/locations/westus2/operations/55f7ae4d-0792-4cd2-a3f0-e6a46e9c7942?api-version=2016-03-30
  response:
    body:
      string: "{\n  \"name\": \"4daef755-9207-d24c-a3f0-e6a46e9c7942\",\n  \"status\":
        \"InProgress\",\n  \"startTime\": \"2022-10-17T09:56:17.3679457Z\"\n }"
    headers:
      cache-control:
      - no-cache
      content-length:
      - '126'
      content-type:
      - application/json
      date:
      - Mon, 17 Oct 2022 09:59:47 GMT
      expires:
      - '-1'
      pragma:
      - no-cache
      server:
      - nginx
      strict-transport-security:
      - max-age=31536000; includeSubDomains
      transfer-encoding:
      - chunked
      vary:
      - Accept-Encoding
      x-content-type-options:
      - nosniff
    status:
      code: 200
      message: OK
- request:
    body: null
    headers:
      Accept:
      - '*/*'
      Accept-Encoding:
      - gzip, deflate
      CommandName:
      - aks nodepool add
      Connection:
      - keep-alive
      ParameterSetName:
      - --resource-group --cluster-name --name --os-type --node-count
      User-Agent:
      - AZURECLI/2.41.0 azsdk-python-azure-mgmt-containerservice/20.4.0b Python/3.8.10
        (Linux-5.15.0-1020-azure-x86_64-with-glibc2.29)
    method: GET
    uri: https://management.azure.com/subscriptions/00000000-0000-0000-0000-000000000000/providers/Microsoft.ContainerService/locations/westus2/operations/55f7ae4d-0792-4cd2-a3f0-e6a46e9c7942?api-version=2016-03-30
  response:
    body:
      string: "{\n  \"name\": \"4daef755-9207-d24c-a3f0-e6a46e9c7942\",\n  \"status\":
        \"InProgress\",\n  \"startTime\": \"2022-10-17T09:56:17.3679457Z\"\n }"
    headers:
      cache-control:
      - no-cache
      content-length:
      - '126'
      content-type:
      - application/json
      date:
      - Mon, 17 Oct 2022 10:00:17 GMT
      expires:
      - '-1'
      pragma:
      - no-cache
      server:
      - nginx
      strict-transport-security:
      - max-age=31536000; includeSubDomains
      transfer-encoding:
      - chunked
      vary:
      - Accept-Encoding
      x-content-type-options:
      - nosniff
    status:
      code: 200
      message: OK
- request:
    body: null
    headers:
      Accept:
      - '*/*'
      Accept-Encoding:
      - gzip, deflate
      CommandName:
      - aks nodepool add
      Connection:
      - keep-alive
      ParameterSetName:
      - --resource-group --cluster-name --name --os-type --node-count
      User-Agent:
      - AZURECLI/2.41.0 azsdk-python-azure-mgmt-containerservice/20.4.0b Python/3.8.10
        (Linux-5.15.0-1020-azure-x86_64-with-glibc2.29)
    method: GET
    uri: https://management.azure.com/subscriptions/00000000-0000-0000-0000-000000000000/providers/Microsoft.ContainerService/locations/westus2/operations/55f7ae4d-0792-4cd2-a3f0-e6a46e9c7942?api-version=2016-03-30
  response:
    body:
      string: "{\n  \"name\": \"4daef755-9207-d24c-a3f0-e6a46e9c7942\",\n  \"status\":
        \"InProgress\",\n  \"startTime\": \"2022-10-17T09:56:17.3679457Z\"\n }"
    headers:
      cache-control:
      - no-cache
      content-length:
      - '126'
      content-type:
      - application/json
      date:
      - Mon, 17 Oct 2022 10:00:47 GMT
      expires:
      - '-1'
      pragma:
      - no-cache
      server:
      - nginx
      strict-transport-security:
      - max-age=31536000; includeSubDomains
      transfer-encoding:
      - chunked
      vary:
      - Accept-Encoding
      x-content-type-options:
      - nosniff
    status:
      code: 200
      message: OK
- request:
    body: null
    headers:
      Accept:
      - '*/*'
      Accept-Encoding:
      - gzip, deflate
      CommandName:
      - aks nodepool add
      Connection:
      - keep-alive
      ParameterSetName:
      - --resource-group --cluster-name --name --os-type --node-count
      User-Agent:
      - AZURECLI/2.41.0 azsdk-python-azure-mgmt-containerservice/20.4.0b Python/3.8.10
        (Linux-5.15.0-1020-azure-x86_64-with-glibc2.29)
    method: GET
    uri: https://management.azure.com/subscriptions/00000000-0000-0000-0000-000000000000/providers/Microsoft.ContainerService/locations/westus2/operations/55f7ae4d-0792-4cd2-a3f0-e6a46e9c7942?api-version=2016-03-30
  response:
    body:
      string: "{\n  \"name\": \"4daef755-9207-d24c-a3f0-e6a46e9c7942\",\n  \"status\":
        \"Succeeded\",\n  \"startTime\": \"2022-10-17T09:56:17.3679457Z\",\n  \"endTime\":
        \"2022-10-17T10:00:53.0413143Z\"\n }"
    headers:
      cache-control:
      - no-cache
      content-length:
      - '170'
      content-type:
      - application/json
      date:
      - Mon, 17 Oct 2022 10:01:17 GMT
      expires:
      - '-1'
      pragma:
      - no-cache
      server:
      - nginx
      strict-transport-security:
      - max-age=31536000; includeSubDomains
      transfer-encoding:
      - chunked
      vary:
      - Accept-Encoding
      x-content-type-options:
      - nosniff
    status:
      code: 200
      message: OK
- request:
    body: null
    headers:
      Accept:
      - '*/*'
      Accept-Encoding:
      - gzip, deflate
      CommandName:
      - aks nodepool add
      Connection:
      - keep-alive
      ParameterSetName:
      - --resource-group --cluster-name --name --os-type --node-count
      User-Agent:
      - AZURECLI/2.41.0 azsdk-python-azure-mgmt-containerservice/20.4.0b Python/3.8.10
        (Linux-5.15.0-1020-azure-x86_64-with-glibc2.29)
    method: GET
    uri: https://management.azure.com/subscriptions/00000000-0000-0000-0000-000000000000/resourceGroups/clitest000001/providers/Microsoft.ContainerService/managedClusters/cliakstest000001/agentPools/npwin?api-version=2022-09-02-preview
  response:
    body:
      string: "{\n  \"id\": \"/subscriptions/00000000-0000-0000-0000-000000000000/resourcegroups/clitest000001/providers/Microsoft.ContainerService/managedClusters/cliakstest000001/agentPools/npwin\",\n
        \ \"name\": \"npwin\",\n  \"type\": \"Microsoft.ContainerService/managedClusters/agentPools\",\n
        \ \"properties\": {\n   \"count\": 1,\n   \"vmSize\": \"Standard_D2s_v3\",\n
        \  \"osDiskSizeGB\": 128,\n   \"osDiskType\": \"Managed\",\n   \"kubeletDiskType\":
        \"OS\",\n   \"workloadRuntime\": \"OCIContainer\",\n   \"maxPods\": 30,\n
        \  \"type\": \"VirtualMachineScaleSets\",\n   \"enableAutoScaling\": false,\n
        \  \"scaleDownMode\": \"Delete\",\n   \"provisioningState\": \"Succeeded\",\n
        \  \"powerState\": {\n    \"code\": \"Running\"\n   },\n   \"orchestratorVersion\":
        \"1.23.12\",\n   \"currentOrchestratorVersion\": \"1.23.12\",\n   \"enableNodePublicIP\":
        false,\n   \"enableCustomCATrust\": false,\n   \"mode\": \"User\",\n   \"enableEncryptionAtHost\":
        false,\n   \"enableUltraSSD\": false,\n   \"osType\": \"Windows\",\n   \"osSKU\":
        \"Windows2019\",\n   \"nodeImageVersion\": \"AKSWindows-2019-containerd-17763.3532.221012\",\n
        \  \"upgradeSettings\": {},\n   \"enableFIPS\": false\n  }\n }"
    headers:
      cache-control:
      - no-cache
      content-length:
      - '1057'
      content-type:
      - application/json
      date:
      - Mon, 17 Oct 2022 10:01:18 GMT
      expires:
      - '-1'
      pragma:
      - no-cache
      server:
      - nginx
      strict-transport-security:
      - max-age=31536000; includeSubDomains
      transfer-encoding:
      - chunked
      vary:
      - Accept-Encoding
      x-content-type-options:
      - nosniff
    status:
      code: 200
      message: OK
- request:
    body: null
    headers:
      Accept:
      - application/json
      Accept-Encoding:
      - gzip, deflate
      CommandName:
      - aks update
      Connection:
      - keep-alive
      ParameterSetName:
      - --resource-group --name --enable-windows-gmsa --yes --aks-custom-headers
      User-Agent:
      - AZURECLI/2.41.0 azsdk-python-azure-mgmt-containerservice/20.4.0b Python/3.8.10
        (Linux-5.15.0-1020-azure-x86_64-with-glibc2.29)
    method: GET
    uri: https://management.azure.com/subscriptions/00000000-0000-0000-0000-000000000000/resourceGroups/clitest000001/providers/Microsoft.ContainerService/managedClusters/cliakstest000001?api-version=2022-09-02-preview
  response:
    body:
      string: "{\n  \"id\": \"/subscriptions/00000000-0000-0000-0000-000000000000/resourcegroups/clitest000001/providers/Microsoft.ContainerService/managedClusters/cliakstest000001\",\n
        \ \"location\": \"westus2\",\n  \"name\": \"cliakstest000001\",\n  \"type\":
        \"Microsoft.ContainerService/ManagedClusters\",\n  \"properties\": {\n   \"provisioningState\":
        \"Succeeded\",\n   \"powerState\": {\n    \"code\": \"Running\"\n   },\n   \"kubernetesVersion\":
        \"1.23.12\",\n   \"currentKubernetesVersion\": \"1.23.12\",\n   \"dnsPrefix\":
        \"cliaksdns000002\",\n   \"fqdn\": \"cliaksdns000002-24083bac.hcp.westus2.azmk8s.io\",\n
        \  \"azurePortalFQDN\": \"cliaksdns000002-24083bac.portal.hcp.westus2.azmk8s.io\",\n
        \  \"agentPoolProfiles\": [\n    {\n     \"name\": \"nodepool1\",\n     \"count\":
        1,\n     \"vmSize\": \"Standard_DS2_v2\",\n     \"osDiskSizeGB\": 128,\n     \"osDiskType\":
        \"Managed\",\n     \"kubeletDiskType\": \"OS\",\n     \"workloadRuntime\":
        \"OCIContainer\",\n     \"maxPods\": 30,\n     \"type\": \"VirtualMachineScaleSets\",\n
        \    \"enableAutoScaling\": false,\n     \"provisioningState\": \"Succeeded\",\n
        \    \"powerState\": {\n      \"code\": \"Running\"\n     },\n     \"orchestratorVersion\":
        \"1.23.12\",\n     \"currentOrchestratorVersion\": \"1.23.12\",\n     \"enableNodePublicIP\":
        false,\n     \"enableCustomCATrust\": false,\n     \"mode\": \"System\",\n
        \    \"enableEncryptionAtHost\": false,\n     \"enableUltraSSD\": false,\n
        \    \"osType\": \"Linux\",\n     \"osSKU\": \"Ubuntu\",\n     \"nodeImageVersion\":
        \"AKSUbuntu-1804gen2containerd-2022.10.03\",\n     \"upgradeSettings\": {},\n
        \    \"enableFIPS\": false\n    },\n    {\n     \"name\": \"npwin\",\n     \"count\":
        1,\n     \"vmSize\": \"Standard_D2s_v3\",\n     \"osDiskSizeGB\": 128,\n     \"osDiskType\":
        \"Managed\",\n     \"kubeletDiskType\": \"OS\",\n     \"workloadRuntime\":
        \"OCIContainer\",\n     \"maxPods\": 30,\n     \"type\": \"VirtualMachineScaleSets\",\n
        \    \"enableAutoScaling\": false,\n     \"scaleDownMode\": \"Delete\",\n
        \    \"provisioningState\": \"Succeeded\",\n     \"powerState\": {\n      \"code\":
        \"Running\"\n     },\n     \"orchestratorVersion\": \"1.23.12\",\n     \"currentOrchestratorVersion\":
        \"1.23.12\",\n     \"enableNodePublicIP\": false,\n     \"enableCustomCATrust\":
        false,\n     \"mode\": \"User\",\n     \"enableEncryptionAtHost\": false,\n
        \    \"enableUltraSSD\": false,\n     \"osType\": \"Windows\",\n     \"osSKU\":
        \"Windows2019\",\n     \"nodeImageVersion\": \"AKSWindows-2019-containerd-17763.3532.221012\",\n
        \    \"upgradeSettings\": {},\n     \"enableFIPS\": false\n    }\n   ],\n
        \  \"linuxProfile\": {\n    \"adminUsername\": \"azureuser\",\n    \"ssh\":
        {\n     \"publicKeys\": [\n      {\n       \"keyData\": \"ssh-rsa AAAAB3NzaC1yc2EAAAADAQABAAABAQDQ3QQF3b2JCZJxJtpKp/iJsnQUOhUoiLakn7cbilqism736bFvQMIDeYG2FaGm/Sh0dd3Kv7x/bqBJU30PBfID1RLNmmnIB9Pu/BpbI8nTEiOngwsCmMkKRPa7GWaolB29Jed8T8afwc+/i8frQSPOaKsE2DfOCbFnFn2EI3R8qnK7QjpaN6TSa26oADcF4g920wfInyLqf1NZIC+6AOe3Wbv+/PXtc+mcI1WgfjLB1I5OQfzRvyouexaqpIH7WQaHjF6K6bLvDO4LftA0clzbG5emqNwcaB/dM2ePeLxx8LzkXcPwoJwy8Sikxbrj4L+G40o5X+ddG8i5FmrdOEUJ
        azcli_aks_live_test@example.com\\n\"\n      }\n     ]\n    }\n   },\n   \"windowsProfile\":
        {\n    \"adminUsername\": \"azureuser1\",\n    \"enableCSIProxy\": true\n
        \  },\n   \"servicePrincipalProfile\": {\n    \"clientId\":\"00000000-0000-0000-0000-000000000001\"\n
        \  },\n   \"nodeResourceGroup\": \"MC_clitest000001_cliakstest000001_westus2\",\n
        \  \"enableRBAC\": true,\n   \"enablePodSecurityPolicy\": false,\n   \"networkProfile\":
        {\n    \"networkPlugin\": \"azure\",\n    \"loadBalancerSku\": \"Standard\",\n
        \   \"loadBalancerProfile\": {\n     \"managedOutboundIPs\": {\n      \"count\":
        1\n     },\n     \"effectiveOutboundIPs\": [\n      {\n       \"id\": \"/subscriptions/00000000-0000-0000-0000-000000000000/resourceGroups/MC_clitest000001_cliakstest000001_westus2/providers/Microsoft.Network/publicIPAddresses/87489b57-69ed-4f08-8ff4-15c2b0ff3535\"\n
        \     }\n     ],\n     \"backendPoolType\": \"nodeIPConfiguration\"\n    },\n
        \   \"serviceCidr\": \"10.0.0.0/16\",\n    \"dnsServiceIP\": \"10.0.0.10\",\n
        \   \"dockerBridgeCidr\": \"172.17.0.1/16\",\n    \"outboundType\": \"loadBalancer\",\n
        \   \"serviceCidrs\": [\n     \"10.0.0.0/16\"\n    ],\n    \"ipFamilies\":
        [\n     \"IPv4\"\n    ]\n   },\n   \"maxAgentPools\": 100,\n   \"identityProfile\":
        {\n    \"kubeletidentity\": {\n     \"resourceId\": \"/subscriptions/00000000-0000-0000-0000-000000000000/resourcegroups/MC_clitest000001_cliakstest000001_westus2/providers/Microsoft.ManagedIdentity/userAssignedIdentities/cliakstest000001-agentpool\",\n
        \    \"clientId\":\"00000000-0000-0000-0000-000000000001\",\n     \"objectId\":\"00000000-0000-0000-0000-000000000001\"\n
        \   }\n   },\n   \"disableLocalAccounts\": false,\n   \"securityProfile\":
        {},\n   \"storageProfile\": {\n    \"diskCSIDriver\": {\n     \"enabled\":
        true,\n     \"version\": \"v1\"\n    },\n    \"fileCSIDriver\": {\n     \"enabled\":
        true\n    },\n    \"snapshotController\": {\n     \"enabled\": true\n    }\n
        \  },\n   \"oidcIssuerProfile\": {\n    \"enabled\": false\n   },\n   \"workloadAutoScalerProfile\":
        {}\n  },\n  \"identity\": {\n   \"type\": \"SystemAssigned\",\n   \"principalId\":\"00000000-0000-0000-0000-000000000001\",\n
        \  \"tenantId\": \"72f988bf-86f1-41af-91ab-2d7cd011db47\"\n  },\n  \"sku\":
        {\n   \"name\": \"Basic\",\n   \"tier\": \"Free\"\n  }\n }"
    headers:
      cache-control:
      - no-cache
      content-length:
      - '4912'
      content-type:
      - application/json
      date:
      - Mon, 17 Oct 2022 10:01:19 GMT
      expires:
      - '-1'
      pragma:
      - no-cache
      server:
      - nginx
      strict-transport-security:
      - max-age=31536000; includeSubDomains
      transfer-encoding:
      - chunked
      vary:
      - Accept-Encoding
      x-content-type-options:
      - nosniff
    status:
      code: 200
      message: OK
- request:
    body: '{"location": "westus2", "sku": {"name": "Basic", "tier": "Free"}, "identity":
      {"type": "SystemAssigned"}, "properties": {"kubernetesVersion": "1.23.12", "dnsPrefix":
      "cliaksdns000002", "agentPoolProfiles": [{"count": 1, "vmSize": "Standard_DS2_v2",
      "osDiskSizeGB": 128, "osDiskType": "Managed", "kubeletDiskType": "OS", "workloadRuntime":
      "OCIContainer", "maxPods": 30, "osType": "Linux", "osSKU": "Ubuntu", "enableAutoScaling":
      false, "type": "VirtualMachineScaleSets", "mode": "System", "orchestratorVersion":
      "1.23.12", "upgradeSettings": {}, "powerState": {"code": "Running"}, "enableNodePublicIP":
      false, "enableCustomCATrust": false, "enableEncryptionAtHost": false, "enableUltraSSD":
      false, "enableFIPS": false, "name": "nodepool1"}, {"count": 1, "vmSize": "Standard_D2s_v3",
      "osDiskSizeGB": 128, "osDiskType": "Managed", "kubeletDiskType": "OS", "workloadRuntime":
      "OCIContainer", "maxPods": 30, "osType": "Windows", "osSKU": "Windows2019",
      "enableAutoScaling": false, "scaleDownMode": "Delete", "type": "VirtualMachineScaleSets",
      "mode": "User", "orchestratorVersion": "1.23.12", "upgradeSettings": {}, "powerState":
      {"code": "Running"}, "enableNodePublicIP": false, "enableCustomCATrust": false,
      "enableEncryptionAtHost": false, "enableUltraSSD": false, "enableFIPS": false,
      "name": "npwin"}], "linuxProfile": {"adminUsername": "azureuser", "ssh": {"publicKeys":
      [{"keyData": "ssh-rsa AAAAB3NzaC1yc2EAAAADAQABAAABAQDQ3QQF3b2JCZJxJtpKp/iJsnQUOhUoiLakn7cbilqism736bFvQMIDeYG2FaGm/Sh0dd3Kv7x/bqBJU30PBfID1RLNmmnIB9Pu/BpbI8nTEiOngwsCmMkKRPa7GWaolB29Jed8T8afwc+/i8frQSPOaKsE2DfOCbFnFn2EI3R8qnK7QjpaN6TSa26oADcF4g920wfInyLqf1NZIC+6AOe3Wbv+/PXtc+mcI1WgfjLB1I5OQfzRvyouexaqpIH7WQaHjF6K6bLvDO4LftA0clzbG5emqNwcaB/dM2ePeLxx8LzkXcPwoJwy8Sikxbrj4L+G40o5X+ddG8i5FmrdOEUJ
      azcli_aks_live_test@example.com\n"}]}}, "windowsProfile": {"adminUsername":
      "azureuser1", "enableCSIProxy": true, "gmsaProfile": {"enabled": true}}, "servicePrincipalProfile":
      {"clientId":"00000000-0000-0000-0000-000000000001"}, "nodeResourceGroup": "MC_clitest000001_cliakstest000001_westus2",
      "enableRBAC": true, "enablePodSecurityPolicy": false, "networkProfile": {"networkPlugin":
      "azure", "serviceCidr": "10.0.0.0/16", "dnsServiceIP": "10.0.0.10", "dockerBridgeCidr":
      "172.17.0.1/16", "outboundType": "loadBalancer", "loadBalancerSku": "Standard",
      "loadBalancerProfile": {"managedOutboundIPs": {"count": 1, "countIPv6": 0},
      "effectiveOutboundIPs": [{"id": "/subscriptions/00000000-0000-0000-0000-000000000000/resourceGroups/MC_clitest000001_cliakstest000001_westus2/providers/Microsoft.Network/publicIPAddresses/87489b57-69ed-4f08-8ff4-15c2b0ff3535"}],
      "backendPoolType": "nodeIPConfiguration"}, "serviceCidrs": ["10.0.0.0/16"],
      "ipFamilies": ["IPv4"]}, "identityProfile": {"kubeletidentity": {"resourceId":
      "/subscriptions/00000000-0000-0000-0000-000000000000/resourcegroups/MC_clitest000001_cliakstest000001_westus2/providers/Microsoft.ManagedIdentity/userAssignedIdentities/cliakstest000001-agentpool",
      "clientId":"00000000-0000-0000-0000-000000000001", "objectId":"00000000-0000-0000-0000-000000000001"}},
      "disableLocalAccounts": false, "securityProfile": {}, "storageProfile": {},
      "workloadAutoScalerProfile": {}}}'
    headers:
      AKSHTTPCustomFeatures:
      - Microsoft.ContainerService/AKSWindowsGmsaPreview
      Accept:
      - application/json
      Accept-Encoding:
      - gzip, deflate
      CommandName:
      - aks update
      Connection:
      - keep-alive
      Content-Length:
      - '3192'
      Content-Type:
      - application/json
      ParameterSetName:
      - --resource-group --name --enable-windows-gmsa --yes --aks-custom-headers
      User-Agent:
      - AZURECLI/2.41.0 azsdk-python-azure-mgmt-containerservice/20.4.0b Python/3.8.10
        (Linux-5.15.0-1020-azure-x86_64-with-glibc2.29)
    method: PUT
    uri: https://management.azure.com/subscriptions/00000000-0000-0000-0000-000000000000/resourceGroups/clitest000001/providers/Microsoft.ContainerService/managedClusters/cliakstest000001?api-version=2022-09-02-preview
  response:
    body:
      string: "{\n  \"id\": \"/subscriptions/00000000-0000-0000-0000-000000000000/resourcegroups/clitest000001/providers/Microsoft.ContainerService/managedClusters/cliakstest000001\",\n
        \ \"location\": \"westus2\",\n  \"name\": \"cliakstest000001\",\n  \"type\":
        \"Microsoft.ContainerService/ManagedClusters\",\n  \"properties\": {\n   \"provisioningState\":
        \"Upgrading\",\n   \"powerState\": {\n    \"code\": \"Running\"\n   },\n   \"kubernetesVersion\":
        \"1.23.12\",\n   \"currentKubernetesVersion\": \"1.23.12\",\n   \"dnsPrefix\":
        \"cliaksdns000002\",\n   \"fqdn\": \"cliaksdns000002-24083bac.hcp.westus2.azmk8s.io\",\n
        \  \"azurePortalFQDN\": \"cliaksdns000002-24083bac.portal.hcp.westus2.azmk8s.io\",\n
        \  \"agentPoolProfiles\": [\n    {\n     \"name\": \"nodepool1\",\n     \"count\":
        1,\n     \"vmSize\": \"Standard_DS2_v2\",\n     \"osDiskSizeGB\": 128,\n     \"osDiskType\":
        \"Managed\",\n     \"kubeletDiskType\": \"OS\",\n     \"workloadRuntime\":
        \"OCIContainer\",\n     \"maxPods\": 30,\n     \"type\": \"VirtualMachineScaleSets\",\n
        \    \"enableAutoScaling\": false,\n     \"provisioningState\": \"Upgrading\",\n
        \    \"powerState\": {\n      \"code\": \"Running\"\n     },\n     \"orchestratorVersion\":
        \"1.23.12\",\n     \"currentOrchestratorVersion\": \"1.23.12\",\n     \"enableNodePublicIP\":
        false,\n     \"enableCustomCATrust\": false,\n     \"mode\": \"System\",\n
        \    \"enableEncryptionAtHost\": false,\n     \"enableUltraSSD\": false,\n
        \    \"osType\": \"Linux\",\n     \"osSKU\": \"Ubuntu\",\n     \"nodeImageVersion\":
        \"AKSUbuntu-1804gen2containerd-2022.10.03\",\n     \"upgradeSettings\": {},\n
        \    \"enableFIPS\": false\n    },\n    {\n     \"name\": \"npwin\",\n     \"count\":
        1,\n     \"vmSize\": \"Standard_D2s_v3\",\n     \"osDiskSizeGB\": 128,\n     \"osDiskType\":
        \"Managed\",\n     \"kubeletDiskType\": \"OS\",\n     \"workloadRuntime\":
        \"OCIContainer\",\n     \"maxPods\": 30,\n     \"type\": \"VirtualMachineScaleSets\",\n
        \    \"enableAutoScaling\": false,\n     \"scaleDownMode\": \"Delete\",\n
        \    \"provisioningState\": \"Upgrading\",\n     \"powerState\": {\n      \"code\":
        \"Running\"\n     },\n     \"orchestratorVersion\": \"1.23.12\",\n     \"currentOrchestratorVersion\":
        \"1.23.12\",\n     \"enableNodePublicIP\": false,\n     \"enableCustomCATrust\":
        false,\n     \"mode\": \"User\",\n     \"enableEncryptionAtHost\": false,\n
        \    \"enableUltraSSD\": false,\n     \"osType\": \"Windows\",\n     \"osSKU\":
        \"Windows2019\",\n     \"nodeImageVersion\": \"AKSWindows-2019-containerd-17763.3532.221012\",\n
        \    \"upgradeSettings\": {},\n     \"enableFIPS\": false\n    }\n   ],\n
        \  \"linuxProfile\": {\n    \"adminUsername\": \"azureuser\",\n    \"ssh\":
        {\n     \"publicKeys\": [\n      {\n       \"keyData\": \"ssh-rsa AAAAB3NzaC1yc2EAAAADAQABAAABAQDQ3QQF3b2JCZJxJtpKp/iJsnQUOhUoiLakn7cbilqism736bFvQMIDeYG2FaGm/Sh0dd3Kv7x/bqBJU30PBfID1RLNmmnIB9Pu/BpbI8nTEiOngwsCmMkKRPa7GWaolB29Jed8T8afwc+/i8frQSPOaKsE2DfOCbFnFn2EI3R8qnK7QjpaN6TSa26oADcF4g920wfInyLqf1NZIC+6AOe3Wbv+/PXtc+mcI1WgfjLB1I5OQfzRvyouexaqpIH7WQaHjF6K6bLvDO4LftA0clzbG5emqNwcaB/dM2ePeLxx8LzkXcPwoJwy8Sikxbrj4L+G40o5X+ddG8i5FmrdOEUJ
        azcli_aks_live_test@example.com\\n\"\n      }\n     ]\n    }\n   },\n   \"windowsProfile\":
        {\n    \"adminUsername\": \"azureuser1\",\n    \"enableCSIProxy\": true,\n
        \   \"gmsaProfile\": {\n     \"enabled\": true,\n     \"dnsServer\": \"\",\n
        \    \"rootDomainName\": \"\"\n    }\n   },\n   \"servicePrincipalProfile\":
        {\n    \"clientId\":\"00000000-0000-0000-0000-000000000001\"\n   },\n   \"nodeResourceGroup\":
        \"MC_clitest000001_cliakstest000001_westus2\",\n   \"enableRBAC\": true,\n
        \  \"enablePodSecurityPolicy\": false,\n   \"networkProfile\": {\n    \"networkPlugin\":
        \"azure\",\n    \"loadBalancerSku\": \"Standard\",\n    \"loadBalancerProfile\":
        {\n     \"managedOutboundIPs\": {\n      \"count\": 1\n     },\n     \"effectiveOutboundIPs\":
        [\n      {\n       \"id\": \"/subscriptions/00000000-0000-0000-0000-000000000000/resourceGroups/MC_clitest000001_cliakstest000001_westus2/providers/Microsoft.Network/publicIPAddresses/87489b57-69ed-4f08-8ff4-15c2b0ff3535\"\n
        \     }\n     ],\n     \"backendPoolType\": \"nodeIPConfiguration\"\n    },\n
        \   \"serviceCidr\": \"10.0.0.0/16\",\n    \"dnsServiceIP\": \"10.0.0.10\",\n
        \   \"dockerBridgeCidr\": \"172.17.0.1/16\",\n    \"outboundType\": \"loadBalancer\",\n
        \   \"serviceCidrs\": [\n     \"10.0.0.0/16\"\n    ],\n    \"ipFamilies\":
        [\n     \"IPv4\"\n    ]\n   },\n   \"maxAgentPools\": 100,\n   \"identityProfile\":
        {\n    \"kubeletidentity\": {\n     \"resourceId\": \"/subscriptions/00000000-0000-0000-0000-000000000000/resourcegroups/MC_clitest000001_cliakstest000001_westus2/providers/Microsoft.ManagedIdentity/userAssignedIdentities/cliakstest000001-agentpool\",\n
        \    \"clientId\":\"00000000-0000-0000-0000-000000000001\",\n     \"objectId\":\"00000000-0000-0000-0000-000000000001\"\n
        \   }\n   },\n   \"disableLocalAccounts\": false,\n   \"securityProfile\":
        {},\n   \"storageProfile\": {\n    \"diskCSIDriver\": {\n     \"enabled\":
        true,\n     \"version\": \"v1\"\n    },\n    \"fileCSIDriver\": {\n     \"enabled\":
        true\n    },\n    \"snapshotController\": {\n     \"enabled\": true\n    }\n
        \  },\n   \"oidcIssuerProfile\": {\n    \"enabled\": false\n   },\n   \"workloadAutoScalerProfile\":
        {}\n  },\n  \"identity\": {\n   \"type\": \"SystemAssigned\",\n   \"principalId\":\"00000000-0000-0000-0000-000000000001\",\n
        \  \"tenantId\": \"72f988bf-86f1-41af-91ab-2d7cd011db47\"\n  },\n  \"sku\":
        {\n   \"name\": \"Basic\",\n   \"tier\": \"Free\"\n  }\n }"
    headers:
      azure-asyncoperation:
      - https://management.azure.com/subscriptions/00000000-0000-0000-0000-000000000000/providers/Microsoft.ContainerService/locations/westus2/operations/3ee3760a-2671-4b8e-b612-ed2f1f7c5b58?api-version=2016-03-30
      cache-control:
      - no-cache
      content-length:
      - '5010'
      content-type:
      - application/json
      date:
      - Mon, 17 Oct 2022 10:01:22 GMT
      expires:
      - '-1'
      pragma:
      - no-cache
      server:
      - nginx
      strict-transport-security:
      - max-age=31536000; includeSubDomains
      transfer-encoding:
      - chunked
      vary:
      - Accept-Encoding
      x-content-type-options:
      - nosniff
      x-ms-ratelimit-remaining-subscription-writes:
      - '1194'
    status:
      code: 200
      message: OK
- request:
    body: null
    headers:
      Accept:
      - '*/*'
      Accept-Encoding:
      - gzip, deflate
      CommandName:
      - aks update
      Connection:
      - keep-alive
      ParameterSetName:
      - --resource-group --name --enable-windows-gmsa --yes --aks-custom-headers
      User-Agent:
      - AZURECLI/2.41.0 azsdk-python-azure-mgmt-containerservice/20.4.0b Python/3.8.10
        (Linux-5.15.0-1020-azure-x86_64-with-glibc2.29)
    method: GET
    uri: https://management.azure.com/subscriptions/00000000-0000-0000-0000-000000000000/providers/Microsoft.ContainerService/locations/westus2/operations/3ee3760a-2671-4b8e-b612-ed2f1f7c5b58?api-version=2016-03-30
  response:
    body:
      string: "{\n  \"name\": \"0a76e33e-7126-8e4b-b612-ed2f1f7c5b58\",\n  \"status\":
        \"InProgress\",\n  \"startTime\": \"2022-10-17T10:01:22.1542147Z\"\n }"
    headers:
      cache-control:
      - no-cache
      content-length:
      - '126'
      content-type:
      - application/json
      date:
      - Mon, 17 Oct 2022 10:01:51 GMT
      expires:
      - '-1'
      pragma:
      - no-cache
      server:
      - nginx
      strict-transport-security:
      - max-age=31536000; includeSubDomains
      transfer-encoding:
      - chunked
      vary:
      - Accept-Encoding
      x-content-type-options:
      - nosniff
    status:
      code: 200
      message: OK
- request:
    body: null
    headers:
      Accept:
      - '*/*'
      Accept-Encoding:
      - gzip, deflate
      CommandName:
      - aks update
      Connection:
      - keep-alive
      ParameterSetName:
      - --resource-group --name --enable-windows-gmsa --yes --aks-custom-headers
      User-Agent:
      - AZURECLI/2.41.0 azsdk-python-azure-mgmt-containerservice/20.4.0b Python/3.8.10
        (Linux-5.15.0-1020-azure-x86_64-with-glibc2.29)
    method: GET
    uri: https://management.azure.com/subscriptions/00000000-0000-0000-0000-000000000000/providers/Microsoft.ContainerService/locations/westus2/operations/3ee3760a-2671-4b8e-b612-ed2f1f7c5b58?api-version=2016-03-30
  response:
    body:
      string: "{\n  \"name\": \"0a76e33e-7126-8e4b-b612-ed2f1f7c5b58\",\n  \"status\":
        \"InProgress\",\n  \"startTime\": \"2022-10-17T10:01:22.1542147Z\"\n }"
    headers:
      cache-control:
      - no-cache
      content-length:
      - '126'
      content-type:
      - application/json
      date:
      - Mon, 17 Oct 2022 10:02:22 GMT
      expires:
      - '-1'
      pragma:
      - no-cache
      server:
      - nginx
      strict-transport-security:
      - max-age=31536000; includeSubDomains
      transfer-encoding:
      - chunked
      vary:
      - Accept-Encoding
      x-content-type-options:
      - nosniff
    status:
      code: 200
      message: OK
- request:
    body: null
    headers:
      Accept:
      - '*/*'
      Accept-Encoding:
      - gzip, deflate
      CommandName:
      - aks update
      Connection:
      - keep-alive
      ParameterSetName:
      - --resource-group --name --enable-windows-gmsa --yes --aks-custom-headers
      User-Agent:
      - AZURECLI/2.41.0 azsdk-python-azure-mgmt-containerservice/20.4.0b Python/3.8.10
        (Linux-5.15.0-1020-azure-x86_64-with-glibc2.29)
    method: GET
    uri: https://management.azure.com/subscriptions/00000000-0000-0000-0000-000000000000/providers/Microsoft.ContainerService/locations/westus2/operations/3ee3760a-2671-4b8e-b612-ed2f1f7c5b58?api-version=2016-03-30
  response:
    body:
      string: "{\n  \"name\": \"0a76e33e-7126-8e4b-b612-ed2f1f7c5b58\",\n  \"status\":
        \"InProgress\",\n  \"startTime\": \"2022-10-17T10:01:22.1542147Z\"\n }"
    headers:
      cache-control:
      - no-cache
      content-length:
      - '126'
      content-type:
      - application/json
      date:
      - Mon, 17 Oct 2022 10:02:52 GMT
      expires:
      - '-1'
      pragma:
      - no-cache
      server:
      - nginx
      strict-transport-security:
      - max-age=31536000; includeSubDomains
      transfer-encoding:
      - chunked
      vary:
      - Accept-Encoding
      x-content-type-options:
      - nosniff
    status:
      code: 200
      message: OK
- request:
    body: null
    headers:
      Accept:
      - '*/*'
      Accept-Encoding:
      - gzip, deflate
      CommandName:
      - aks update
      Connection:
      - keep-alive
      ParameterSetName:
      - --resource-group --name --enable-windows-gmsa --yes --aks-custom-headers
      User-Agent:
      - AZURECLI/2.41.0 azsdk-python-azure-mgmt-containerservice/20.4.0b Python/3.8.10
        (Linux-5.15.0-1020-azure-x86_64-with-glibc2.29)
    method: GET
    uri: https://management.azure.com/subscriptions/00000000-0000-0000-0000-000000000000/providers/Microsoft.ContainerService/locations/westus2/operations/3ee3760a-2671-4b8e-b612-ed2f1f7c5b58?api-version=2016-03-30
  response:
    body:
      string: "{\n  \"name\": \"0a76e33e-7126-8e4b-b612-ed2f1f7c5b58\",\n  \"status\":
        \"InProgress\",\n  \"startTime\": \"2022-10-17T10:01:22.1542147Z\"\n }"
    headers:
      cache-control:
      - no-cache
      content-length:
      - '126'
      content-type:
      - application/json
      date:
      - Mon, 17 Oct 2022 10:03:21 GMT
      expires:
      - '-1'
      pragma:
      - no-cache
      server:
      - nginx
      strict-transport-security:
      - max-age=31536000; includeSubDomains
      transfer-encoding:
      - chunked
      vary:
      - Accept-Encoding
      x-content-type-options:
      - nosniff
    status:
      code: 200
      message: OK
- request:
    body: null
    headers:
      Accept:
      - '*/*'
      Accept-Encoding:
      - gzip, deflate
      CommandName:
      - aks update
      Connection:
      - keep-alive
      ParameterSetName:
      - --resource-group --name --enable-windows-gmsa --yes --aks-custom-headers
      User-Agent:
      - AZURECLI/2.41.0 azsdk-python-azure-mgmt-containerservice/20.4.0b Python/3.8.10
        (Linux-5.15.0-1020-azure-x86_64-with-glibc2.29)
    method: GET
    uri: https://management.azure.com/subscriptions/00000000-0000-0000-0000-000000000000/providers/Microsoft.ContainerService/locations/westus2/operations/3ee3760a-2671-4b8e-b612-ed2f1f7c5b58?api-version=2016-03-30
  response:
    body:
      string: "{\n  \"name\": \"0a76e33e-7126-8e4b-b612-ed2f1f7c5b58\",\n  \"status\":
        \"InProgress\",\n  \"startTime\": \"2022-10-17T10:01:22.1542147Z\"\n }"
    headers:
      cache-control:
      - no-cache
      content-length:
      - '126'
      content-type:
      - application/json
      date:
      - Mon, 17 Oct 2022 10:03:52 GMT
      expires:
      - '-1'
      pragma:
      - no-cache
      server:
      - nginx
      strict-transport-security:
      - max-age=31536000; includeSubDomains
      transfer-encoding:
      - chunked
      vary:
      - Accept-Encoding
      x-content-type-options:
      - nosniff
    status:
      code: 200
      message: OK
- request:
    body: null
    headers:
      Accept:
      - '*/*'
      Accept-Encoding:
      - gzip, deflate
      CommandName:
      - aks update
      Connection:
      - keep-alive
      ParameterSetName:
      - --resource-group --name --enable-windows-gmsa --yes --aks-custom-headers
      User-Agent:
      - AZURECLI/2.41.0 azsdk-python-azure-mgmt-containerservice/20.4.0b Python/3.8.10
        (Linux-5.15.0-1020-azure-x86_64-with-glibc2.29)
    method: GET
    uri: https://management.azure.com/subscriptions/00000000-0000-0000-0000-000000000000/providers/Microsoft.ContainerService/locations/westus2/operations/3ee3760a-2671-4b8e-b612-ed2f1f7c5b58?api-version=2016-03-30
  response:
    body:
      string: "{\n  \"name\": \"0a76e33e-7126-8e4b-b612-ed2f1f7c5b58\",\n  \"status\":
        \"InProgress\",\n  \"startTime\": \"2022-10-17T10:01:22.1542147Z\"\n }"
    headers:
      cache-control:
      - no-cache
      content-length:
      - '126'
      content-type:
      - application/json
      date:
      - Mon, 17 Oct 2022 10:04:22 GMT
      expires:
      - '-1'
      pragma:
      - no-cache
      server:
      - nginx
      strict-transport-security:
      - max-age=31536000; includeSubDomains
      transfer-encoding:
      - chunked
      vary:
      - Accept-Encoding
      x-content-type-options:
      - nosniff
    status:
      code: 200
      message: OK
- request:
    body: null
    headers:
      Accept:
      - '*/*'
      Accept-Encoding:
      - gzip, deflate
      CommandName:
      - aks update
      Connection:
      - keep-alive
      ParameterSetName:
      - --resource-group --name --enable-windows-gmsa --yes --aks-custom-headers
      User-Agent:
      - AZURECLI/2.41.0 azsdk-python-azure-mgmt-containerservice/20.4.0b Python/3.8.10
        (Linux-5.15.0-1020-azure-x86_64-with-glibc2.29)
    method: GET
    uri: https://management.azure.com/subscriptions/00000000-0000-0000-0000-000000000000/providers/Microsoft.ContainerService/locations/westus2/operations/3ee3760a-2671-4b8e-b612-ed2f1f7c5b58?api-version=2016-03-30
  response:
    body:
      string: "{\n  \"name\": \"0a76e33e-7126-8e4b-b612-ed2f1f7c5b58\",\n  \"status\":
        \"InProgress\",\n  \"startTime\": \"2022-10-17T10:01:22.1542147Z\"\n }"
    headers:
      cache-control:
      - no-cache
      content-length:
      - '126'
      content-type:
      - application/json
      date:
      - Mon, 17 Oct 2022 10:04:52 GMT
      expires:
      - '-1'
      pragma:
      - no-cache
      server:
      - nginx
      strict-transport-security:
      - max-age=31536000; includeSubDomains
      transfer-encoding:
      - chunked
      vary:
      - Accept-Encoding
      x-content-type-options:
      - nosniff
    status:
      code: 200
      message: OK
- request:
    body: null
    headers:
      Accept:
      - '*/*'
      Accept-Encoding:
      - gzip, deflate
      CommandName:
      - aks update
      Connection:
      - keep-alive
      ParameterSetName:
      - --resource-group --name --enable-windows-gmsa --yes --aks-custom-headers
      User-Agent:
      - AZURECLI/2.41.0 azsdk-python-azure-mgmt-containerservice/20.4.0b Python/3.8.10
        (Linux-5.15.0-1020-azure-x86_64-with-glibc2.29)
    method: GET
    uri: https://management.azure.com/subscriptions/00000000-0000-0000-0000-000000000000/providers/Microsoft.ContainerService/locations/westus2/operations/3ee3760a-2671-4b8e-b612-ed2f1f7c5b58?api-version=2016-03-30
  response:
    body:
      string: "{\n  \"name\": \"0a76e33e-7126-8e4b-b612-ed2f1f7c5b58\",\n  \"status\":
        \"InProgress\",\n  \"startTime\": \"2022-10-17T10:01:22.1542147Z\"\n }"
    headers:
      cache-control:
      - no-cache
      content-length:
      - '126'
      content-type:
      - application/json
      date:
      - Mon, 17 Oct 2022 10:05:22 GMT
      expires:
      - '-1'
      pragma:
      - no-cache
      server:
      - nginx
      strict-transport-security:
      - max-age=31536000; includeSubDomains
      transfer-encoding:
      - chunked
      vary:
      - Accept-Encoding
      x-content-type-options:
      - nosniff
    status:
      code: 200
      message: OK
- request:
    body: null
    headers:
      Accept:
      - '*/*'
      Accept-Encoding:
      - gzip, deflate
      CommandName:
      - aks update
      Connection:
      - keep-alive
      ParameterSetName:
      - --resource-group --name --enable-windows-gmsa --yes --aks-custom-headers
      User-Agent:
      - AZURECLI/2.41.0 azsdk-python-azure-mgmt-containerservice/20.4.0b Python/3.8.10
        (Linux-5.15.0-1020-azure-x86_64-with-glibc2.29)
    method: GET
    uri: https://management.azure.com/subscriptions/00000000-0000-0000-0000-000000000000/providers/Microsoft.ContainerService/locations/westus2/operations/3ee3760a-2671-4b8e-b612-ed2f1f7c5b58?api-version=2016-03-30
  response:
    body:
      string: "{\n  \"name\": \"0a76e33e-7126-8e4b-b612-ed2f1f7c5b58\",\n  \"status\":
        \"InProgress\",\n  \"startTime\": \"2022-10-17T10:01:22.1542147Z\"\n }"
    headers:
      cache-control:
      - no-cache
      content-length:
      - '126'
      content-type:
      - application/json
      date:
      - Mon, 17 Oct 2022 10:05:52 GMT
      expires:
      - '-1'
      pragma:
      - no-cache
      server:
      - nginx
      strict-transport-security:
      - max-age=31536000; includeSubDomains
      transfer-encoding:
      - chunked
      vary:
      - Accept-Encoding
      x-content-type-options:
      - nosniff
    status:
      code: 200
      message: OK
- request:
    body: null
    headers:
      Accept:
      - '*/*'
      Accept-Encoding:
      - gzip, deflate
      CommandName:
      - aks update
      Connection:
      - keep-alive
      ParameterSetName:
      - --resource-group --name --enable-windows-gmsa --yes --aks-custom-headers
      User-Agent:
      - AZURECLI/2.41.0 azsdk-python-azure-mgmt-containerservice/20.4.0b Python/3.8.10
        (Linux-5.15.0-1020-azure-x86_64-with-glibc2.29)
    method: GET
    uri: https://management.azure.com/subscriptions/00000000-0000-0000-0000-000000000000/providers/Microsoft.ContainerService/locations/westus2/operations/3ee3760a-2671-4b8e-b612-ed2f1f7c5b58?api-version=2016-03-30
  response:
    body:
      string: "{\n  \"name\": \"0a76e33e-7126-8e4b-b612-ed2f1f7c5b58\",\n  \"status\":
        \"InProgress\",\n  \"startTime\": \"2022-10-17T10:01:22.1542147Z\"\n }"
    headers:
      cache-control:
      - no-cache
      content-length:
      - '126'
      content-type:
      - application/json
      date:
      - Mon, 17 Oct 2022 10:06:22 GMT
      expires:
      - '-1'
      pragma:
      - no-cache
      server:
      - nginx
      strict-transport-security:
      - max-age=31536000; includeSubDomains
      transfer-encoding:
      - chunked
      vary:
      - Accept-Encoding
      x-content-type-options:
      - nosniff
    status:
      code: 200
      message: OK
- request:
    body: null
    headers:
      Accept:
      - '*/*'
      Accept-Encoding:
      - gzip, deflate
      CommandName:
      - aks update
      Connection:
      - keep-alive
      ParameterSetName:
      - --resource-group --name --enable-windows-gmsa --yes --aks-custom-headers
      User-Agent:
      - AZURECLI/2.41.0 azsdk-python-azure-mgmt-containerservice/20.4.0b Python/3.8.10
        (Linux-5.15.0-1020-azure-x86_64-with-glibc2.29)
    method: GET
    uri: https://management.azure.com/subscriptions/00000000-0000-0000-0000-000000000000/providers/Microsoft.ContainerService/locations/westus2/operations/3ee3760a-2671-4b8e-b612-ed2f1f7c5b58?api-version=2016-03-30
  response:
    body:
      string: "{\n  \"name\": \"0a76e33e-7126-8e4b-b612-ed2f1f7c5b58\",\n  \"status\":
        \"InProgress\",\n  \"startTime\": \"2022-10-17T10:01:22.1542147Z\"\n }"
    headers:
      cache-control:
      - no-cache
      content-length:
      - '126'
      content-type:
      - application/json
      date:
      - Mon, 17 Oct 2022 10:06:52 GMT
      expires:
      - '-1'
      pragma:
      - no-cache
      server:
      - nginx
      strict-transport-security:
      - max-age=31536000; includeSubDomains
      transfer-encoding:
      - chunked
      vary:
      - Accept-Encoding
      x-content-type-options:
      - nosniff
    status:
      code: 200
      message: OK
- request:
    body: null
    headers:
      Accept:
      - '*/*'
      Accept-Encoding:
      - gzip, deflate
      CommandName:
      - aks update
      Connection:
      - keep-alive
      ParameterSetName:
      - --resource-group --name --enable-windows-gmsa --yes --aks-custom-headers
      User-Agent:
      - AZURECLI/2.41.0 azsdk-python-azure-mgmt-containerservice/20.4.0b Python/3.8.10
        (Linux-5.15.0-1020-azure-x86_64-with-glibc2.29)
    method: GET
    uri: https://management.azure.com/subscriptions/00000000-0000-0000-0000-000000000000/providers/Microsoft.ContainerService/locations/westus2/operations/3ee3760a-2671-4b8e-b612-ed2f1f7c5b58?api-version=2016-03-30
  response:
    body:
      string: "{\n  \"name\": \"0a76e33e-7126-8e4b-b612-ed2f1f7c5b58\",\n  \"status\":
        \"InProgress\",\n  \"startTime\": \"2022-10-17T10:01:22.1542147Z\"\n }"
    headers:
      cache-control:
      - no-cache
      content-length:
      - '126'
      content-type:
      - application/json
      date:
      - Mon, 17 Oct 2022 10:07:22 GMT
      expires:
      - '-1'
      pragma:
      - no-cache
      server:
      - nginx
      strict-transport-security:
      - max-age=31536000; includeSubDomains
      transfer-encoding:
      - chunked
      vary:
      - Accept-Encoding
      x-content-type-options:
      - nosniff
    status:
      code: 200
      message: OK
- request:
    body: null
    headers:
      Accept:
      - '*/*'
      Accept-Encoding:
      - gzip, deflate
      CommandName:
      - aks update
      Connection:
      - keep-alive
      ParameterSetName:
      - --resource-group --name --enable-windows-gmsa --yes --aks-custom-headers
      User-Agent:
      - AZURECLI/2.41.0 azsdk-python-azure-mgmt-containerservice/20.4.0b Python/3.8.10
        (Linux-5.15.0-1020-azure-x86_64-with-glibc2.29)
    method: GET
    uri: https://management.azure.com/subscriptions/00000000-0000-0000-0000-000000000000/providers/Microsoft.ContainerService/locations/westus2/operations/3ee3760a-2671-4b8e-b612-ed2f1f7c5b58?api-version=2016-03-30
  response:
    body:
      string: "{\n  \"name\": \"0a76e33e-7126-8e4b-b612-ed2f1f7c5b58\",\n  \"status\":
        \"InProgress\",\n  \"startTime\": \"2022-10-17T10:01:22.1542147Z\"\n }"
    headers:
      cache-control:
      - no-cache
      content-length:
      - '126'
      content-type:
      - application/json
      date:
      - Mon, 17 Oct 2022 10:07:52 GMT
      expires:
      - '-1'
      pragma:
      - no-cache
      server:
      - nginx
      strict-transport-security:
      - max-age=31536000; includeSubDomains
      transfer-encoding:
      - chunked
      vary:
      - Accept-Encoding
      x-content-type-options:
      - nosniff
    status:
      code: 200
      message: OK
- request:
    body: null
    headers:
      Accept:
      - '*/*'
      Accept-Encoding:
      - gzip, deflate
      CommandName:
      - aks update
      Connection:
      - keep-alive
      ParameterSetName:
      - --resource-group --name --enable-windows-gmsa --yes --aks-custom-headers
      User-Agent:
      - AZURECLI/2.41.0 azsdk-python-azure-mgmt-containerservice/20.4.0b Python/3.8.10
        (Linux-5.15.0-1020-azure-x86_64-with-glibc2.29)
    method: GET
    uri: https://management.azure.com/subscriptions/00000000-0000-0000-0000-000000000000/providers/Microsoft.ContainerService/locations/westus2/operations/3ee3760a-2671-4b8e-b612-ed2f1f7c5b58?api-version=2016-03-30
  response:
    body:
      string: "{\n  \"name\": \"0a76e33e-7126-8e4b-b612-ed2f1f7c5b58\",\n  \"status\":
        \"InProgress\",\n  \"startTime\": \"2022-10-17T10:01:22.1542147Z\"\n }"
    headers:
      cache-control:
      - no-cache
      content-length:
      - '126'
      content-type:
      - application/json
      date:
      - Mon, 17 Oct 2022 10:08:22 GMT
      expires:
      - '-1'
      pragma:
      - no-cache
      server:
      - nginx
      strict-transport-security:
      - max-age=31536000; includeSubDomains
      transfer-encoding:
      - chunked
      vary:
      - Accept-Encoding
      x-content-type-options:
      - nosniff
    status:
      code: 200
      message: OK
- request:
    body: null
    headers:
      Accept:
      - '*/*'
      Accept-Encoding:
      - gzip, deflate
      CommandName:
      - aks update
      Connection:
      - keep-alive
      ParameterSetName:
      - --resource-group --name --enable-windows-gmsa --yes --aks-custom-headers
      User-Agent:
      - AZURECLI/2.41.0 azsdk-python-azure-mgmt-containerservice/20.4.0b Python/3.8.10
        (Linux-5.15.0-1020-azure-x86_64-with-glibc2.29)
    method: GET
    uri: https://management.azure.com/subscriptions/00000000-0000-0000-0000-000000000000/providers/Microsoft.ContainerService/locations/westus2/operations/3ee3760a-2671-4b8e-b612-ed2f1f7c5b58?api-version=2016-03-30
  response:
    body:
      string: "{\n  \"name\": \"0a76e33e-7126-8e4b-b612-ed2f1f7c5b58\",\n  \"status\":
        \"InProgress\",\n  \"startTime\": \"2022-10-17T10:01:22.1542147Z\"\n }"
    headers:
      cache-control:
      - no-cache
      content-length:
      - '126'
      content-type:
      - application/json
      date:
      - Mon, 17 Oct 2022 10:08:52 GMT
      expires:
      - '-1'
      pragma:
      - no-cache
      server:
      - nginx
      strict-transport-security:
      - max-age=31536000; includeSubDomains
      transfer-encoding:
      - chunked
      vary:
      - Accept-Encoding
      x-content-type-options:
      - nosniff
    status:
      code: 200
      message: OK
- request:
    body: null
    headers:
      Accept:
      - '*/*'
      Accept-Encoding:
      - gzip, deflate
      CommandName:
      - aks update
      Connection:
      - keep-alive
      ParameterSetName:
      - --resource-group --name --enable-windows-gmsa --yes --aks-custom-headers
      User-Agent:
      - AZURECLI/2.41.0 azsdk-python-azure-mgmt-containerservice/20.4.0b Python/3.8.10
        (Linux-5.15.0-1020-azure-x86_64-with-glibc2.29)
    method: GET
    uri: https://management.azure.com/subscriptions/00000000-0000-0000-0000-000000000000/providers/Microsoft.ContainerService/locations/westus2/operations/3ee3760a-2671-4b8e-b612-ed2f1f7c5b58?api-version=2016-03-30
  response:
    body:
      string: "{\n  \"name\": \"0a76e33e-7126-8e4b-b612-ed2f1f7c5b58\",\n  \"status\":
        \"InProgress\",\n  \"startTime\": \"2022-10-17T10:01:22.1542147Z\"\n }"
    headers:
      cache-control:
      - no-cache
      content-length:
      - '126'
      content-type:
      - application/json
      date:
      - Mon, 17 Oct 2022 10:09:23 GMT
      expires:
      - '-1'
      pragma:
      - no-cache
      server:
      - nginx
      strict-transport-security:
      - max-age=31536000; includeSubDomains
      transfer-encoding:
      - chunked
      vary:
      - Accept-Encoding
      x-content-type-options:
      - nosniff
    status:
      code: 200
      message: OK
- request:
    body: null
    headers:
      Accept:
      - '*/*'
      Accept-Encoding:
      - gzip, deflate
      CommandName:
      - aks update
      Connection:
      - keep-alive
      ParameterSetName:
      - --resource-group --name --enable-windows-gmsa --yes --aks-custom-headers
      User-Agent:
      - AZURECLI/2.41.0 azsdk-python-azure-mgmt-containerservice/20.4.0b Python/3.8.10
        (Linux-5.15.0-1020-azure-x86_64-with-glibc2.29)
    method: GET
    uri: https://management.azure.com/subscriptions/00000000-0000-0000-0000-000000000000/providers/Microsoft.ContainerService/locations/westus2/operations/3ee3760a-2671-4b8e-b612-ed2f1f7c5b58?api-version=2016-03-30
  response:
    body:
      string: "{\n  \"name\": \"0a76e33e-7126-8e4b-b612-ed2f1f7c5b58\",\n  \"status\":
        \"InProgress\",\n  \"startTime\": \"2022-10-17T10:01:22.1542147Z\"\n }"
    headers:
      cache-control:
      - no-cache
      content-length:
      - '126'
      content-type:
      - application/json
      date:
      - Mon, 17 Oct 2022 10:09:53 GMT
      expires:
      - '-1'
      pragma:
      - no-cache
      server:
      - nginx
      strict-transport-security:
      - max-age=31536000; includeSubDomains
      transfer-encoding:
      - chunked
      vary:
      - Accept-Encoding
      x-content-type-options:
      - nosniff
    status:
      code: 200
      message: OK
- request:
    body: null
    headers:
      Accept:
      - '*/*'
      Accept-Encoding:
      - gzip, deflate
      CommandName:
      - aks update
      Connection:
      - keep-alive
      ParameterSetName:
      - --resource-group --name --enable-windows-gmsa --yes --aks-custom-headers
      User-Agent:
      - AZURECLI/2.41.0 azsdk-python-azure-mgmt-containerservice/20.4.0b Python/3.8.10
        (Linux-5.15.0-1020-azure-x86_64-with-glibc2.29)
    method: GET
    uri: https://management.azure.com/subscriptions/00000000-0000-0000-0000-000000000000/providers/Microsoft.ContainerService/locations/westus2/operations/3ee3760a-2671-4b8e-b612-ed2f1f7c5b58?api-version=2016-03-30
  response:
    body:
      string: "{\n  \"name\": \"0a76e33e-7126-8e4b-b612-ed2f1f7c5b58\",\n  \"status\":
        \"InProgress\",\n  \"startTime\": \"2022-10-17T10:01:22.1542147Z\"\n }"
    headers:
      cache-control:
      - no-cache
      content-length:
      - '126'
      content-type:
      - application/json
      date:
      - Mon, 17 Oct 2022 10:10:23 GMT
      expires:
      - '-1'
      pragma:
      - no-cache
      server:
      - nginx
      strict-transport-security:
      - max-age=31536000; includeSubDomains
      transfer-encoding:
      - chunked
      vary:
      - Accept-Encoding
      x-content-type-options:
      - nosniff
    status:
      code: 200
      message: OK
- request:
    body: null
    headers:
      Accept:
      - '*/*'
      Accept-Encoding:
      - gzip, deflate
      CommandName:
      - aks update
      Connection:
      - keep-alive
      ParameterSetName:
      - --resource-group --name --enable-windows-gmsa --yes --aks-custom-headers
      User-Agent:
      - AZURECLI/2.41.0 azsdk-python-azure-mgmt-containerservice/20.4.0b Python/3.8.10
        (Linux-5.15.0-1020-azure-x86_64-with-glibc2.29)
    method: GET
    uri: https://management.azure.com/subscriptions/00000000-0000-0000-0000-000000000000/providers/Microsoft.ContainerService/locations/westus2/operations/3ee3760a-2671-4b8e-b612-ed2f1f7c5b58?api-version=2016-03-30
  response:
    body:
      string: "{\n  \"name\": \"0a76e33e-7126-8e4b-b612-ed2f1f7c5b58\",\n  \"status\":
        \"InProgress\",\n  \"startTime\": \"2022-10-17T10:01:22.1542147Z\"\n }"
    headers:
      cache-control:
      - no-cache
      content-length:
      - '126'
      content-type:
      - application/json
      date:
      - Mon, 17 Oct 2022 10:10:53 GMT
      expires:
      - '-1'
      pragma:
      - no-cache
      server:
      - nginx
      strict-transport-security:
      - max-age=31536000; includeSubDomains
      transfer-encoding:
      - chunked
      vary:
      - Accept-Encoding
      x-content-type-options:
      - nosniff
    status:
      code: 200
      message: OK
- request:
    body: null
    headers:
      Accept:
      - '*/*'
      Accept-Encoding:
      - gzip, deflate
      CommandName:
      - aks update
      Connection:
      - keep-alive
      ParameterSetName:
      - --resource-group --name --enable-windows-gmsa --yes --aks-custom-headers
      User-Agent:
      - AZURECLI/2.41.0 azsdk-python-azure-mgmt-containerservice/20.4.0b Python/3.8.10
        (Linux-5.15.0-1020-azure-x86_64-with-glibc2.29)
    method: GET
    uri: https://management.azure.com/subscriptions/00000000-0000-0000-0000-000000000000/providers/Microsoft.ContainerService/locations/westus2/operations/3ee3760a-2671-4b8e-b612-ed2f1f7c5b58?api-version=2016-03-30
  response:
    body:
      string: "{\n  \"name\": \"0a76e33e-7126-8e4b-b612-ed2f1f7c5b58\",\n  \"status\":
        \"InProgress\",\n  \"startTime\": \"2022-10-17T10:01:22.1542147Z\"\n }"
    headers:
      cache-control:
      - no-cache
      content-length:
      - '126'
      content-type:
      - application/json
      date:
      - Mon, 17 Oct 2022 10:11:22 GMT
      expires:
      - '-1'
      pragma:
      - no-cache
      server:
      - nginx
      strict-transport-security:
      - max-age=31536000; includeSubDomains
      transfer-encoding:
      - chunked
      vary:
      - Accept-Encoding
      x-content-type-options:
      - nosniff
    status:
      code: 200
      message: OK
- request:
    body: null
    headers:
      Accept:
      - '*/*'
      Accept-Encoding:
      - gzip, deflate
      CommandName:
      - aks update
      Connection:
      - keep-alive
      ParameterSetName:
      - --resource-group --name --enable-windows-gmsa --yes --aks-custom-headers
      User-Agent:
      - AZURECLI/2.41.0 azsdk-python-azure-mgmt-containerservice/20.4.0b Python/3.8.10
        (Linux-5.15.0-1020-azure-x86_64-with-glibc2.29)
    method: GET
    uri: https://management.azure.com/subscriptions/00000000-0000-0000-0000-000000000000/providers/Microsoft.ContainerService/locations/westus2/operations/3ee3760a-2671-4b8e-b612-ed2f1f7c5b58?api-version=2016-03-30
  response:
    body:
      string: "{\n  \"name\": \"0a76e33e-7126-8e4b-b612-ed2f1f7c5b58\",\n  \"status\":
        \"InProgress\",\n  \"startTime\": \"2022-10-17T10:01:22.1542147Z\"\n }"
    headers:
      cache-control:
      - no-cache
      content-length:
      - '126'
      content-type:
      - application/json
      date:
      - Mon, 17 Oct 2022 10:11:53 GMT
      expires:
      - '-1'
      pragma:
      - no-cache
      server:
      - nginx
      strict-transport-security:
      - max-age=31536000; includeSubDomains
      transfer-encoding:
      - chunked
      vary:
      - Accept-Encoding
      x-content-type-options:
      - nosniff
    status:
      code: 200
      message: OK
- request:
    body: null
    headers:
      Accept:
      - '*/*'
      Accept-Encoding:
      - gzip, deflate
      CommandName:
      - aks update
      Connection:
      - keep-alive
      ParameterSetName:
      - --resource-group --name --enable-windows-gmsa --yes --aks-custom-headers
      User-Agent:
      - AZURECLI/2.41.0 azsdk-python-azure-mgmt-containerservice/20.4.0b Python/3.8.10
        (Linux-5.15.0-1020-azure-x86_64-with-glibc2.29)
    method: GET
    uri: https://management.azure.com/subscriptions/00000000-0000-0000-0000-000000000000/providers/Microsoft.ContainerService/locations/westus2/operations/3ee3760a-2671-4b8e-b612-ed2f1f7c5b58?api-version=2016-03-30
  response:
    body:
      string: "{\n  \"name\": \"0a76e33e-7126-8e4b-b612-ed2f1f7c5b58\",\n  \"status\":
        \"InProgress\",\n  \"startTime\": \"2022-10-17T10:01:22.1542147Z\"\n }"
    headers:
      cache-control:
      - no-cache
      content-length:
      - '126'
      content-type:
      - application/json
      date:
      - Mon, 17 Oct 2022 10:12:23 GMT
      expires:
      - '-1'
      pragma:
      - no-cache
      server:
      - nginx
      strict-transport-security:
      - max-age=31536000; includeSubDomains
      transfer-encoding:
      - chunked
      vary:
      - Accept-Encoding
      x-content-type-options:
      - nosniff
    status:
      code: 200
      message: OK
- request:
    body: null
    headers:
      Accept:
      - '*/*'
      Accept-Encoding:
      - gzip, deflate
      CommandName:
      - aks update
      Connection:
      - keep-alive
      ParameterSetName:
      - --resource-group --name --enable-windows-gmsa --yes --aks-custom-headers
      User-Agent:
      - AZURECLI/2.41.0 azsdk-python-azure-mgmt-containerservice/20.4.0b Python/3.8.10
        (Linux-5.15.0-1020-azure-x86_64-with-glibc2.29)
    method: GET
    uri: https://management.azure.com/subscriptions/00000000-0000-0000-0000-000000000000/providers/Microsoft.ContainerService/locations/westus2/operations/3ee3760a-2671-4b8e-b612-ed2f1f7c5b58?api-version=2016-03-30
  response:
    body:
      string: "{\n  \"name\": \"0a76e33e-7126-8e4b-b612-ed2f1f7c5b58\",\n  \"status\":
        \"InProgress\",\n  \"startTime\": \"2022-10-17T10:01:22.1542147Z\"\n }"
    headers:
      cache-control:
      - no-cache
      content-length:
      - '126'
      content-type:
      - application/json
      date:
      - Mon, 17 Oct 2022 10:12:53 GMT
      expires:
      - '-1'
      pragma:
      - no-cache
      server:
      - nginx
      strict-transport-security:
      - max-age=31536000; includeSubDomains
      transfer-encoding:
      - chunked
      vary:
      - Accept-Encoding
      x-content-type-options:
      - nosniff
    status:
      code: 200
      message: OK
- request:
    body: null
    headers:
      Accept:
      - '*/*'
      Accept-Encoding:
      - gzip, deflate
      CommandName:
      - aks update
      Connection:
      - keep-alive
      ParameterSetName:
      - --resource-group --name --enable-windows-gmsa --yes --aks-custom-headers
      User-Agent:
      - AZURECLI/2.41.0 azsdk-python-azure-mgmt-containerservice/20.4.0b Python/3.8.10
        (Linux-5.15.0-1020-azure-x86_64-with-glibc2.29)
    method: GET
    uri: https://management.azure.com/subscriptions/00000000-0000-0000-0000-000000000000/providers/Microsoft.ContainerService/locations/westus2/operations/3ee3760a-2671-4b8e-b612-ed2f1f7c5b58?api-version=2016-03-30
  response:
    body:
      string: "{\n  \"name\": \"0a76e33e-7126-8e4b-b612-ed2f1f7c5b58\",\n  \"status\":
        \"InProgress\",\n  \"startTime\": \"2022-10-17T10:01:22.1542147Z\"\n }"
    headers:
      cache-control:
      - no-cache
      content-length:
      - '126'
      content-type:
      - application/json
      date:
      - Mon, 17 Oct 2022 10:13:23 GMT
      expires:
      - '-1'
      pragma:
      - no-cache
      server:
      - nginx
      strict-transport-security:
      - max-age=31536000; includeSubDomains
      transfer-encoding:
      - chunked
      vary:
      - Accept-Encoding
      x-content-type-options:
      - nosniff
    status:
      code: 200
      message: OK
- request:
    body: null
    headers:
      Accept:
      - '*/*'
      Accept-Encoding:
      - gzip, deflate
      CommandName:
      - aks update
      Connection:
      - keep-alive
      ParameterSetName:
      - --resource-group --name --enable-windows-gmsa --yes --aks-custom-headers
      User-Agent:
      - AZURECLI/2.41.0 azsdk-python-azure-mgmt-containerservice/20.4.0b Python/3.8.10
        (Linux-5.15.0-1020-azure-x86_64-with-glibc2.29)
    method: GET
    uri: https://management.azure.com/subscriptions/00000000-0000-0000-0000-000000000000/providers/Microsoft.ContainerService/locations/westus2/operations/3ee3760a-2671-4b8e-b612-ed2f1f7c5b58?api-version=2016-03-30
  response:
    body:
      string: "{\n  \"name\": \"0a76e33e-7126-8e4b-b612-ed2f1f7c5b58\",\n  \"status\":
        \"Succeeded\",\n  \"startTime\": \"2022-10-17T10:01:22.1542147Z\",\n  \"endTime\":
        \"2022-10-17T10:13:48.8769735Z\"\n }"
    headers:
      cache-control:
      - no-cache
      content-length:
      - '170'
      content-type:
      - application/json
      date:
      - Mon, 17 Oct 2022 10:13:54 GMT
      expires:
      - '-1'
      pragma:
      - no-cache
      server:
      - nginx
      strict-transport-security:
      - max-age=31536000; includeSubDomains
      transfer-encoding:
      - chunked
      vary:
      - Accept-Encoding
      x-content-type-options:
      - nosniff
    status:
      code: 200
      message: OK
- request:
    body: null
    headers:
      Accept:
      - '*/*'
      Accept-Encoding:
      - gzip, deflate
      CommandName:
      - aks update
      Connection:
      - keep-alive
      ParameterSetName:
      - --resource-group --name --enable-windows-gmsa --yes --aks-custom-headers
      User-Agent:
      - AZURECLI/2.41.0 azsdk-python-azure-mgmt-containerservice/20.4.0b Python/3.8.10
        (Linux-5.15.0-1020-azure-x86_64-with-glibc2.29)
    method: GET
    uri: https://management.azure.com/subscriptions/00000000-0000-0000-0000-000000000000/resourceGroups/clitest000001/providers/Microsoft.ContainerService/managedClusters/cliakstest000001?api-version=2022-09-02-preview
  response:
    body:
      string: "{\n  \"id\": \"/subscriptions/00000000-0000-0000-0000-000000000000/resourcegroups/clitest000001/providers/Microsoft.ContainerService/managedClusters/cliakstest000001\",\n
        \ \"location\": \"westus2\",\n  \"name\": \"cliakstest000001\",\n  \"type\":
        \"Microsoft.ContainerService/ManagedClusters\",\n  \"properties\": {\n   \"provisioningState\":
        \"Succeeded\",\n   \"powerState\": {\n    \"code\": \"Running\"\n   },\n   \"kubernetesVersion\":
        \"1.23.12\",\n   \"currentKubernetesVersion\": \"1.23.12\",\n   \"dnsPrefix\":
        \"cliaksdns000002\",\n   \"fqdn\": \"cliaksdns000002-24083bac.hcp.westus2.azmk8s.io\",\n
        \  \"azurePortalFQDN\": \"cliaksdns000002-24083bac.portal.hcp.westus2.azmk8s.io\",\n
        \  \"agentPoolProfiles\": [\n    {\n     \"name\": \"nodepool1\",\n     \"count\":
        1,\n     \"vmSize\": \"Standard_DS2_v2\",\n     \"osDiskSizeGB\": 128,\n     \"osDiskType\":
        \"Managed\",\n     \"kubeletDiskType\": \"OS\",\n     \"workloadRuntime\":
        \"OCIContainer\",\n     \"maxPods\": 30,\n     \"type\": \"VirtualMachineScaleSets\",\n
        \    \"enableAutoScaling\": false,\n     \"provisioningState\": \"Succeeded\",\n
        \    \"powerState\": {\n      \"code\": \"Running\"\n     },\n     \"orchestratorVersion\":
        \"1.23.12\",\n     \"currentOrchestratorVersion\": \"1.23.12\",\n     \"enableNodePublicIP\":
        false,\n     \"enableCustomCATrust\": false,\n     \"mode\": \"System\",\n
        \    \"enableEncryptionAtHost\": false,\n     \"enableUltraSSD\": false,\n
        \    \"osType\": \"Linux\",\n     \"osSKU\": \"Ubuntu\",\n     \"nodeImageVersion\":
        \"AKSUbuntu-1804gen2containerd-2022.10.03\",\n     \"upgradeSettings\": {},\n
        \    \"enableFIPS\": false\n    },\n    {\n     \"name\": \"npwin\",\n     \"count\":
        1,\n     \"vmSize\": \"Standard_D2s_v3\",\n     \"osDiskSizeGB\": 128,\n     \"osDiskType\":
        \"Managed\",\n     \"kubeletDiskType\": \"OS\",\n     \"workloadRuntime\":
        \"OCIContainer\",\n     \"maxPods\": 30,\n     \"type\": \"VirtualMachineScaleSets\",\n
        \    \"enableAutoScaling\": false,\n     \"scaleDownMode\": \"Delete\",\n
        \    \"provisioningState\": \"Succeeded\",\n     \"powerState\": {\n      \"code\":
        \"Running\"\n     },\n     \"orchestratorVersion\": \"1.23.12\",\n     \"currentOrchestratorVersion\":
        \"1.23.12\",\n     \"enableNodePublicIP\": false,\n     \"enableCustomCATrust\":
        false,\n     \"mode\": \"User\",\n     \"enableEncryptionAtHost\": false,\n
        \    \"enableUltraSSD\": false,\n     \"osType\": \"Windows\",\n     \"osSKU\":
        \"Windows2019\",\n     \"nodeImageVersion\": \"AKSWindows-2019-containerd-17763.3532.221012\",\n
        \    \"upgradeSettings\": {},\n     \"enableFIPS\": false\n    }\n   ],\n
        \  \"linuxProfile\": {\n    \"adminUsername\": \"azureuser\",\n    \"ssh\":
        {\n     \"publicKeys\": [\n      {\n       \"keyData\": \"ssh-rsa AAAAB3NzaC1yc2EAAAADAQABAAABAQDQ3QQF3b2JCZJxJtpKp/iJsnQUOhUoiLakn7cbilqism736bFvQMIDeYG2FaGm/Sh0dd3Kv7x/bqBJU30PBfID1RLNmmnIB9Pu/BpbI8nTEiOngwsCmMkKRPa7GWaolB29Jed8T8afwc+/i8frQSPOaKsE2DfOCbFnFn2EI3R8qnK7QjpaN6TSa26oADcF4g920wfInyLqf1NZIC+6AOe3Wbv+/PXtc+mcI1WgfjLB1I5OQfzRvyouexaqpIH7WQaHjF6K6bLvDO4LftA0clzbG5emqNwcaB/dM2ePeLxx8LzkXcPwoJwy8Sikxbrj4L+G40o5X+ddG8i5FmrdOEUJ
        azcli_aks_live_test@example.com\\n\"\n      }\n     ]\n    }\n   },\n   \"windowsProfile\":
        {\n    \"adminUsername\": \"azureuser1\",\n    \"enableCSIProxy\": true,\n
        \   \"gmsaProfile\": {\n     \"enabled\": true,\n     \"dnsServer\": \"\",\n
        \    \"rootDomainName\": \"\"\n    }\n   },\n   \"servicePrincipalProfile\":
        {\n    \"clientId\":\"00000000-0000-0000-0000-000000000001\"\n   },\n   \"nodeResourceGroup\":
        \"MC_clitest000001_cliakstest000001_westus2\",\n   \"enableRBAC\": true,\n
        \  \"enablePodSecurityPolicy\": false,\n   \"networkProfile\": {\n    \"networkPlugin\":
        \"azure\",\n    \"loadBalancerSku\": \"Standard\",\n    \"loadBalancerProfile\":
        {\n     \"managedOutboundIPs\": {\n      \"count\": 1\n     },\n     \"effectiveOutboundIPs\":
        [\n      {\n       \"id\": \"/subscriptions/00000000-0000-0000-0000-000000000000/resourceGroups/MC_clitest000001_cliakstest000001_westus2/providers/Microsoft.Network/publicIPAddresses/87489b57-69ed-4f08-8ff4-15c2b0ff3535\"\n
        \     }\n     ],\n     \"backendPoolType\": \"nodeIPConfiguration\"\n    },\n
        \   \"serviceCidr\": \"10.0.0.0/16\",\n    \"dnsServiceIP\": \"10.0.0.10\",\n
        \   \"dockerBridgeCidr\": \"172.17.0.1/16\",\n    \"outboundType\": \"loadBalancer\",\n
        \   \"serviceCidrs\": [\n     \"10.0.0.0/16\"\n    ],\n    \"ipFamilies\":
        [\n     \"IPv4\"\n    ]\n   },\n   \"maxAgentPools\": 100,\n   \"identityProfile\":
        {\n    \"kubeletidentity\": {\n     \"resourceId\": \"/subscriptions/00000000-0000-0000-0000-000000000000/resourcegroups/MC_clitest000001_cliakstest000001_westus2/providers/Microsoft.ManagedIdentity/userAssignedIdentities/cliakstest000001-agentpool\",\n
        \    \"clientId\":\"00000000-0000-0000-0000-000000000001\",\n     \"objectId\":\"00000000-0000-0000-0000-000000000001\"\n
        \   }\n   },\n   \"disableLocalAccounts\": false,\n   \"securityProfile\":
        {},\n   \"storageProfile\": {\n    \"diskCSIDriver\": {\n     \"enabled\":
        true,\n     \"version\": \"v1\"\n    },\n    \"fileCSIDriver\": {\n     \"enabled\":
        true\n    },\n    \"snapshotController\": {\n     \"enabled\": true\n    }\n
        \  },\n   \"oidcIssuerProfile\": {\n    \"enabled\": false\n   },\n   \"workloadAutoScalerProfile\":
        {}\n  },\n  \"identity\": {\n   \"type\": \"SystemAssigned\",\n   \"principalId\":\"00000000-0000-0000-0000-000000000001\",\n
        \  \"tenantId\": \"72f988bf-86f1-41af-91ab-2d7cd011db47\"\n  },\n  \"sku\":
        {\n   \"name\": \"Basic\",\n   \"tier\": \"Free\"\n  }\n }"
    headers:
      cache-control:
      - no-cache
      content-length:
      - '5010'
      content-type:
      - application/json
      date:
      - Mon, 17 Oct 2022 10:13:54 GMT
      expires:
      - '-1'
      pragma:
      - no-cache
      server:
      - nginx
      strict-transport-security:
      - max-age=31536000; includeSubDomains
      transfer-encoding:
      - chunked
      vary:
      - Accept-Encoding
      x-content-type-options:
      - nosniff
    status:
      code: 200
      message: OK
- request:
    body: null
    headers:
      Accept:
      - application/json
      Accept-Encoding:
      - gzip, deflate
      CommandName:
      - aks nodepool delete
      Connection:
      - keep-alive
      ParameterSetName:
      - --resource-group --cluster-name --name --no-wait
      User-Agent:
      - AZURECLI/2.41.0 azsdk-python-azure-mgmt-containerservice/20.4.0b Python/3.8.10
        (Linux-5.15.0-1020-azure-x86_64-with-glibc2.29)
    method: GET
    uri: https://management.azure.com/subscriptions/00000000-0000-0000-0000-000000000000/resourceGroups/clitest000001/providers/Microsoft.ContainerService/managedClusters/cliakstest000001/agentPools?api-version=2022-09-02-preview
  response:
    body:
      string: "{\n  \"value\": [\n   {\n    \"id\": \"/subscriptions/00000000-0000-0000-0000-000000000000/resourcegroups/clitest000001/providers/Microsoft.ContainerService/managedClusters/cliakstest000001/agentPools/nodepool1\",\n
        \   \"name\": \"nodepool1\",\n    \"type\": \"Microsoft.ContainerService/managedClusters/agentPools\",\n
        \   \"properties\": {\n     \"count\": 1,\n     \"vmSize\": \"Standard_DS2_v2\",\n
        \    \"osDiskSizeGB\": 128,\n     \"osDiskType\": \"Managed\",\n     \"kubeletDiskType\":
        \"OS\",\n     \"workloadRuntime\": \"OCIContainer\",\n     \"maxPods\": 30,\n
        \    \"type\": \"VirtualMachineScaleSets\",\n     \"enableAutoScaling\": false,\n
        \    \"provisioningState\": \"Succeeded\",\n     \"powerState\": {\n      \"code\":
        \"Running\"\n     },\n     \"orchestratorVersion\": \"1.23.12\",\n     \"currentOrchestratorVersion\":
        \"1.23.12\",\n     \"enableNodePublicIP\": false,\n     \"enableCustomCATrust\":
        false,\n     \"mode\": \"System\",\n     \"enableEncryptionAtHost\": false,\n
        \    \"enableUltraSSD\": false,\n     \"osType\": \"Linux\",\n     \"osSKU\":
        \"Ubuntu\",\n     \"nodeImageVersion\": \"AKSUbuntu-1804gen2containerd-2022.10.03\",\n
        \    \"upgradeSettings\": {},\n     \"enableFIPS\": false\n    }\n   },\n
        \  {\n    \"id\": \"/subscriptions/00000000-0000-0000-0000-000000000000/resourcegroups/clitest000001/providers/Microsoft.ContainerService/managedClusters/cliakstest000001/agentPools/npwin\",\n
        \   \"name\": \"npwin\",\n    \"type\": \"Microsoft.ContainerService/managedClusters/agentPools\",\n
        \   \"properties\": {\n     \"count\": 1,\n     \"vmSize\": \"Standard_D2s_v3\",\n
        \    \"osDiskSizeGB\": 128,\n     \"osDiskType\": \"Managed\",\n     \"kubeletDiskType\":
        \"OS\",\n     \"workloadRuntime\": \"OCIContainer\",\n     \"maxPods\": 30,\n
        \    \"type\": \"VirtualMachineScaleSets\",\n     \"enableAutoScaling\": false,\n
        \    \"scaleDownMode\": \"Delete\",\n     \"provisioningState\": \"Succeeded\",\n
        \    \"powerState\": {\n      \"code\": \"Running\"\n     },\n     \"orchestratorVersion\":
        \"1.23.12\",\n     \"currentOrchestratorVersion\": \"1.23.12\",\n     \"enableNodePublicIP\":
        false,\n     \"enableCustomCATrust\": false,\n     \"mode\": \"User\",\n     \"enableEncryptionAtHost\":
        false,\n     \"enableUltraSSD\": false,\n     \"osType\": \"Windows\",\n     \"osSKU\":
        \"Windows2019\",\n     \"nodeImageVersion\": \"AKSWindows-2019-containerd-17763.3532.221012\",\n
        \    \"upgradeSettings\": {},\n     \"enableFIPS\": false\n    }\n   }\n  ]\n
        }"
    headers:
      cache-control:
      - no-cache
      content-length:
      - '2238'
      content-type:
      - application/json
      date:
      - Mon, 17 Oct 2022 10:13:54 GMT
      expires:
      - '-1'
      pragma:
      - no-cache
      server:
      - nginx
      strict-transport-security:
      - max-age=31536000; includeSubDomains
      transfer-encoding:
      - chunked
      vary:
      - Accept-Encoding
      x-content-type-options:
      - nosniff
    status:
      code: 200
      message: OK
- request:
    body: null
    headers:
      Accept:
      - application/json
      Accept-Encoding:
      - gzip, deflate
      CommandName:
      - aks nodepool delete
      Connection:
      - keep-alive
      Content-Length:
      - '0'
      ParameterSetName:
      - --resource-group --cluster-name --name --no-wait
      User-Agent:
      - AZURECLI/2.41.0 azsdk-python-azure-mgmt-containerservice/20.4.0b Python/3.8.10
        (Linux-5.15.0-1020-azure-x86_64-with-glibc2.29)
    method: DELETE
    uri: https://management.azure.com/subscriptions/00000000-0000-0000-0000-000000000000/resourceGroups/clitest000001/providers/Microsoft.ContainerService/managedClusters/cliakstest000001/agentPools/npwin?api-version=2022-09-02-preview
  response:
    body:
      string: ''
    headers:
      azure-asyncoperation:
      - https://management.azure.com/subscriptions/00000000-0000-0000-0000-000000000000/providers/Microsoft.ContainerService/locations/westus2/operations/6a954730-1f62-46ff-8caf-e31cea725f32?api-version=2016-03-30
      cache-control:
      - no-cache
      content-length:
      - '0'
      date:
      - Mon, 17 Oct 2022 10:13:55 GMT
      expires:
      - '-1'
      location:
      - https://management.azure.com/subscriptions/00000000-0000-0000-0000-000000000000/providers/Microsoft.ContainerService/locations/westus2/operationresults/6a954730-1f62-46ff-8caf-e31cea725f32?api-version=2016-03-30
      pragma:
      - no-cache
      server:
      - nginx
      strict-transport-security:
      - max-age=31536000; includeSubDomains
      x-content-type-options:
      - nosniff
      x-ms-ratelimit-remaining-subscription-deletes:
      - '14997'
    status:
      code: 202
      message: Accepted
- request:
    body: null
    headers:
      Accept:
      - application/json
      Accept-Encoding:
      - gzip, deflate
      CommandName:
      - aks delete
      Connection:
      - keep-alive
      Content-Length:
      - '0'
      ParameterSetName:
      - -g -n --yes --no-wait
      User-Agent:
      - AZURECLI/2.41.0 azsdk-python-azure-mgmt-containerservice/20.4.0b Python/3.8.10
        (Linux-5.15.0-1020-azure-x86_64-with-glibc2.29)
    method: DELETE
    uri: https://management.azure.com/subscriptions/00000000-0000-0000-0000-000000000000/resourceGroups/clitest000001/providers/Microsoft.ContainerService/managedClusters/cliakstest000001?api-version=2022-09-02-preview
  response:
    body:
      string: ''
    headers:
      azure-asyncoperation:
      - https://management.azure.com/subscriptions/00000000-0000-0000-0000-000000000000/providers/Microsoft.ContainerService/locations/westus2/operations/900efa5f-cbf4-4f94-87d1-d0d66c93a066?api-version=2016-03-30
      cache-control:
      - no-cache
      content-length:
      - '0'
      date:
      - Mon, 17 Oct 2022 10:13:56 GMT
      expires:
      - '-1'
      location:
      - https://management.azure.com/subscriptions/00000000-0000-0000-0000-000000000000/providers/Microsoft.ContainerService/locations/westus2/operationresults/900efa5f-cbf4-4f94-87d1-d0d66c93a066?api-version=2016-03-30
      pragma:
      - no-cache
      server:
      - nginx
      strict-transport-security:
      - max-age=31536000; includeSubDomains
      x-content-type-options:
      - nosniff
      x-ms-ratelimit-remaining-subscription-deletes:
      - '14999'
    status:
      code: 202
      message: Accepted
version: 1
