interactions:
- request:
    body: null
    headers:
      Accept:
      - application/json
      Accept-Encoding:
      - gzip, deflate
      CommandName:
      - network asg create
      Connection:
      - keep-alive
      ParameterSetName:
      - --name --resource-group -o
      User-Agent:
      - AZURECLI/2.41.0 azsdk-python-azure-mgmt-resource/21.1.0b1 Python/3.8.14 (macOS-12.6-arm64-arm-64bit)
    method: GET
    uri: https://management.azure.com/subscriptions/00000000-0000-0000-0000-000000000000/resourcegroups/clitest000001?api-version=2021-04-01
  response:
    body:
      string: '{"id":"/subscriptions/00000000-0000-0000-0000-000000000000/resourceGroups/clitest000001","name":"clitest000001","type":"Microsoft.Resources/resourceGroups","location":"eastus","tags":{"product":"azurecli","cause":"automation","date":"2022-10-19T12:16:57Z"},"properties":{"provisioningState":"Succeeded"}}'
    headers:
      cache-control:
      - no-cache
      content-length:
      - '304'
      content-type:
      - application/json; charset=utf-8
      date:
      - Wed, 19 Oct 2022 12:17:06 GMT
      expires:
      - '-1'
      pragma:
      - no-cache
      strict-transport-security:
      - max-age=31536000; includeSubDomains
      vary:
      - Accept-Encoding
      x-content-type-options:
      - nosniff
    status:
      code: 200
      message: OK
- request:
    body: '{"location": "eastus"}'
    headers:
      Accept:
      - application/json
      Accept-Encoding:
      - gzip, deflate
      CommandName:
      - network asg create
      Connection:
      - keep-alive
      Content-Length:
      - '22'
      Content-Type:
      - application/json
      ParameterSetName:
      - --name --resource-group -o
      User-Agent:
      - AZURECLI/2.41.0 (AAZ) azsdk-python-core/1.26.0 Python/3.8.14 (macOS-12.6-arm64-arm-64bit)
    method: PUT
    uri: https://management.azure.com/subscriptions/00000000-0000-0000-0000-000000000000/resourceGroups/clitest000001/providers/Microsoft.Network/applicationSecurityGroups/asg1?api-version=2021-08-01
  response:
    body:
      string: "{\r\n  \"name\": \"asg1\",\r\n  \"id\": \"/subscriptions/00000000-0000-0000-0000-000000000000/resourceGroups/clitest000001/providers/Microsoft.Network/applicationSecurityGroups/asg1\"\
        ,\r\n  \"etag\": \"W/\\\"af2df9f9-599a-40a3-9a16-0b8d390d575b\\\"\",\r\n \
        \ \"type\": \"Microsoft.Network/applicationSecurityGroups\",\r\n  \"location\"\
        : \"eastus\",\r\n  \"properties\": {\r\n    \"provisioningState\": \"Updating\"\
        \r\n  }\r\n}"
    headers:
      azure-asyncnotification:
      - Enabled
      azure-asyncoperation:
      - https://management.azure.com/subscriptions/00000000-0000-0000-0000-000000000000/providers/Microsoft.Network/locations/eastus/operations/6d6efd52-5b25-44d9-a998-98a01a10346c?api-version=2021-08-01
      cache-control:
      - no-cache
      content-length:
      - '376'
      content-type:
      - application/json; charset=utf-8
      date:
      - Wed, 19 Oct 2022 12:17:11 GMT
      expires:
      - '-1'
      pragma:
      - no-cache
      server:
      - Microsoft-HTTPAPI/2.0
      - Microsoft-HTTPAPI/2.0
      strict-transport-security:
      - max-age=31536000; includeSubDomains
      x-content-type-options:
      - nosniff
      x-ms-arm-service-request-id:
      - aa4928ab-4822-40da-b206-5a30624d2df8
      x-ms-ratelimit-remaining-subscription-writes:
      - '1199'
    status:
      code: 201
      message: Created
- request:
    body: null
    headers:
      Accept:
      - '*/*'
      Accept-Encoding:
      - gzip, deflate
      CommandName:
      - network asg create
      Connection:
      - keep-alive
      ParameterSetName:
      - --name --resource-group -o
      User-Agent:
      - AZURECLI/2.41.0 (AAZ) azsdk-python-core/1.26.0 Python/3.8.14 (macOS-12.6-arm64-arm-64bit)
    method: GET
    uri: https://management.azure.com/subscriptions/00000000-0000-0000-0000-000000000000/providers/Microsoft.Network/locations/eastus/operations/6d6efd52-5b25-44d9-a998-98a01a10346c?api-version=2021-08-01
  response:
    body:
      string: "{\r\n  \"status\": \"Succeeded\"\r\n}"
    headers:
      cache-control:
      - no-cache
      content-length:
      - '29'
      content-type:
      - application/json; charset=utf-8
      date:
      - Wed, 19 Oct 2022 12:17:12 GMT
      expires:
      - '-1'
      pragma:
      - no-cache
      server:
      - Microsoft-HTTPAPI/2.0
      - Microsoft-HTTPAPI/2.0
      strict-transport-security:
      - max-age=31536000; includeSubDomains
      transfer-encoding:
      - chunked
      vary:
      - Accept-Encoding
      x-content-type-options:
      - nosniff
      x-ms-arm-service-request-id:
      - 573fd67f-5a5d-4f78-9768-84b8123b375d
    status:
      code: 200
      message: OK
- request:
    body: null
    headers:
      Accept:
      - '*/*'
      Accept-Encoding:
      - gzip, deflate
      CommandName:
      - network asg create
      Connection:
      - keep-alive
      ParameterSetName:
      - --name --resource-group -o
      User-Agent:
      - AZURECLI/2.41.0 (AAZ) azsdk-python-core/1.26.0 Python/3.8.14 (macOS-12.6-arm64-arm-64bit)
    method: GET
    uri: https://management.azure.com/subscriptions/00000000-0000-0000-0000-000000000000/resourceGroups/clitest000001/providers/Microsoft.Network/applicationSecurityGroups/asg1?api-version=2021-08-01
  response:
    body:
      string: "{\r\n  \"name\": \"asg1\",\r\n  \"id\": \"/subscriptions/00000000-0000-0000-0000-000000000000/resourceGroups/clitest000001/providers/Microsoft.Network/applicationSecurityGroups/asg1\"\
        ,\r\n  \"etag\": \"W/\\\"bcd9c4d2-fb5a-4971-b8ef-09ec92f240c3\\\"\",\r\n \
        \ \"type\": \"Microsoft.Network/applicationSecurityGroups\",\r\n  \"location\"\
        : \"eastus\",\r\n  \"properties\": {\r\n    \"provisioningState\": \"Succeeded\"\
        \r\n  }\r\n}"
    headers:
      cache-control:
      - no-cache
      content-length:
      - '377'
      content-type:
      - application/json; charset=utf-8
      date:
      - Wed, 19 Oct 2022 12:17:12 GMT
      etag:
      - W/"bcd9c4d2-fb5a-4971-b8ef-09ec92f240c3"
      expires:
      - '-1'
      pragma:
      - no-cache
      server:
      - Microsoft-HTTPAPI/2.0
      - Microsoft-HTTPAPI/2.0
      strict-transport-security:
      - max-age=31536000; includeSubDomains
      transfer-encoding:
      - chunked
      vary:
      - Accept-Encoding
      x-content-type-options:
      - nosniff
      x-ms-arm-service-request-id:
      - cda210b4-f49d-462d-bceb-e1519eb2226d
    status:
      code: 200
      message: OK
- request:
    body: null
    headers:
      Accept:
      - application/json
      Accept-Encoding:
      - gzip, deflate
      CommandName:
      - network asg create
      Connection:
      - keep-alive
      ParameterSetName:
      - --name --resource-group -o
      User-Agent:
      - AZURECLI/2.41.0 azsdk-python-azure-mgmt-resource/21.1.0b1 Python/3.8.14 (macOS-12.6-arm64-arm-64bit)
    method: GET
    uri: https://management.azure.com/subscriptions/00000000-0000-0000-0000-000000000000/resourcegroups/clitest000001?api-version=2021-04-01
  response:
    body:
      string: '{"id":"/subscriptions/00000000-0000-0000-0000-000000000000/resourceGroups/clitest000001","name":"clitest000001","type":"Microsoft.Resources/resourceGroups","location":"eastus","tags":{"product":"azurecli","cause":"automation","date":"2022-10-19T12:16:57Z"},"properties":{"provisioningState":"Succeeded"}}'
    headers:
      cache-control:
      - no-cache
      content-length:
      - '304'
      content-type:
      - application/json; charset=utf-8
      date:
      - Wed, 19 Oct 2022 12:17:14 GMT
      expires:
      - '-1'
      pragma:
      - no-cache
      strict-transport-security:
      - max-age=31536000; includeSubDomains
      vary:
      - Accept-Encoding
      x-content-type-options:
      - nosniff
    status:
      code: 200
      message: OK
- request:
    body: '{"location": "eastus"}'
    headers:
      Accept:
      - application/json
      Accept-Encoding:
      - gzip, deflate
      CommandName:
      - network asg create
      Connection:
      - keep-alive
      Content-Length:
      - '22'
      Content-Type:
      - application/json
      ParameterSetName:
      - --name --resource-group -o
      User-Agent:
      - AZURECLI/2.41.0 (AAZ) azsdk-python-core/1.26.0 Python/3.8.14 (macOS-12.6-arm64-arm-64bit)
    method: PUT
    uri: https://management.azure.com/subscriptions/00000000-0000-0000-0000-000000000000/resourceGroups/clitest000001/providers/Microsoft.Network/applicationSecurityGroups/asg2?api-version=2021-08-01
  response:
    body:
      string: "{\r\n  \"name\": \"asg2\",\r\n  \"id\": \"/subscriptions/00000000-0000-0000-0000-000000000000/resourceGroups/clitest000001/providers/Microsoft.Network/applicationSecurityGroups/asg2\"\
        ,\r\n  \"etag\": \"W/\\\"926a4911-f9a7-494a-8dcf-3dbc6c930215\\\"\",\r\n \
        \ \"type\": \"Microsoft.Network/applicationSecurityGroups\",\r\n  \"location\"\
        : \"eastus\",\r\n  \"properties\": {\r\n    \"provisioningState\": \"Updating\"\
        \r\n  }\r\n}"
    headers:
      azure-asyncnotification:
      - Enabled
      azure-asyncoperation:
      - https://management.azure.com/subscriptions/00000000-0000-0000-0000-000000000000/providers/Microsoft.Network/locations/eastus/operations/7bff3284-12ef-44cf-a7ff-5eaa2a8aa9ce?api-version=2021-08-01
      cache-control:
      - no-cache
      content-length:
      - '376'
      content-type:
      - application/json; charset=utf-8
      date:
      - Wed, 19 Oct 2022 12:17:19 GMT
      expires:
      - '-1'
      pragma:
      - no-cache
      server:
      - Microsoft-HTTPAPI/2.0
      - Microsoft-HTTPAPI/2.0
      strict-transport-security:
      - max-age=31536000; includeSubDomains
      x-content-type-options:
      - nosniff
      x-ms-arm-service-request-id:
      - 36a5480f-c878-43dd-8a08-e8783e80015a
      x-ms-ratelimit-remaining-subscription-writes:
      - '1199'
    status:
      code: 201
      message: Created
- request:
    body: null
    headers:
      Accept:
      - '*/*'
      Accept-Encoding:
      - gzip, deflate
      CommandName:
      - network asg create
      Connection:
      - keep-alive
      ParameterSetName:
      - --name --resource-group -o
      User-Agent:
      - AZURECLI/2.41.0 (AAZ) azsdk-python-core/1.26.0 Python/3.8.14 (macOS-12.6-arm64-arm-64bit)
    method: GET
    uri: https://management.azure.com/subscriptions/00000000-0000-0000-0000-000000000000/providers/Microsoft.Network/locations/eastus/operations/7bff3284-12ef-44cf-a7ff-5eaa2a8aa9ce?api-version=2021-08-01
  response:
    body:
      string: "{\r\n  \"status\": \"Succeeded\"\r\n}"
    headers:
      cache-control:
      - no-cache
      content-length:
      - '29'
      content-type:
      - application/json; charset=utf-8
      date:
      - Wed, 19 Oct 2022 12:17:19 GMT
      expires:
      - '-1'
      pragma:
      - no-cache
      server:
      - Microsoft-HTTPAPI/2.0
      - Microsoft-HTTPAPI/2.0
      strict-transport-security:
      - max-age=31536000; includeSubDomains
      transfer-encoding:
      - chunked
      vary:
      - Accept-Encoding
      x-content-type-options:
      - nosniff
      x-ms-arm-service-request-id:
      - c56bda5b-4c5a-498e-882f-36f53e4c4877
    status:
      code: 200
      message: OK
- request:
    body: null
    headers:
      Accept:
      - '*/*'
      Accept-Encoding:
      - gzip, deflate
      CommandName:
      - network asg create
      Connection:
      - keep-alive
      ParameterSetName:
      - --name --resource-group -o
      User-Agent:
      - AZURECLI/2.41.0 (AAZ) azsdk-python-core/1.26.0 Python/3.8.14 (macOS-12.6-arm64-arm-64bit)
    method: GET
    uri: https://management.azure.com/subscriptions/00000000-0000-0000-0000-000000000000/resourceGroups/clitest000001/providers/Microsoft.Network/applicationSecurityGroups/asg2?api-version=2021-08-01
  response:
    body:
      string: "{\r\n  \"name\": \"asg2\",\r\n  \"id\": \"/subscriptions/00000000-0000-0000-0000-000000000000/resourceGroups/clitest000001/providers/Microsoft.Network/applicationSecurityGroups/asg2\"\
        ,\r\n  \"etag\": \"W/\\\"118fd2f5-999f-43d7-8d89-7c997b4cdbab\\\"\",\r\n \
        \ \"type\": \"Microsoft.Network/applicationSecurityGroups\",\r\n  \"location\"\
        : \"eastus\",\r\n  \"properties\": {\r\n    \"provisioningState\": \"Succeeded\"\
        \r\n  }\r\n}"
    headers:
      cache-control:
      - no-cache
      content-length:
      - '377'
      content-type:
      - application/json; charset=utf-8
      date:
      - Wed, 19 Oct 2022 12:17:20 GMT
      etag:
      - W/"118fd2f5-999f-43d7-8d89-7c997b4cdbab"
      expires:
      - '-1'
      pragma:
      - no-cache
      server:
      - Microsoft-HTTPAPI/2.0
      - Microsoft-HTTPAPI/2.0
      strict-transport-security:
      - max-age=31536000; includeSubDomains
      transfer-encoding:
      - chunked
      vary:
      - Accept-Encoding
      x-content-type-options:
      - nosniff
      x-ms-arm-service-request-id:
      - 58383151-9df7-4b12-9a62-3d18986def03
    status:
      code: 200
      message: OK
- request:
    body: '{"location": "eastus", "identity": {"type": "SystemAssigned"}, "properties":
      {"kubernetesVersion": "", "dnsPrefix": "cliakstest-clitest7j5lv7oui-8ecadf",
      "agentPoolProfiles": [{"count": 1, "vmSize": "standard_d2s_v3", "osDiskSizeGB":
      0, "workloadRuntime": "OCIContainer", "osType": "Linux", "enableAutoScaling":
      false, "type": "VirtualMachineScaleSets", "mode": "System", "orchestratorVersion":
      "", "upgradeSettings": {}, "enableNodePublicIP": false, "enableCustomCATrust":
      false, "scaleSetPriority": "Regular", "scaleSetEvictionPolicy": "Delete", "spotMaxPrice":
      -1.0, "nodeTaints": [], "enableEncryptionAtHost": false, "enableUltraSSD": false,
      "enableFIPS": false, "networkProfile": {"allowedHostPorts": [], "applicationSecurityGroups":
      []}, "name": "nodepool1"}], "linuxProfile": {"adminUsername": "azureuser", "ssh":
      {"publicKeys": [{"keyData": "ssh-rsa AAAAB3NzaC1yc2EAAAADAQABAAACAQCbIg1guRHbI0lV11wWDt1r2cUdcNd27CJsg+SfgC7miZeubtwUhbsPdhMQsfDyhOWHq1+ZL0M+nJZV63d/1dhmhtgyOqejUwrPlzKhydsbrsdUor+JmNJDdW01v7BXHyuymT8G4s09jCasNOwiufbP/qp72ruu0bIA1nySsvlf9pCQAuFkAnVnf/rFhUlOkhtRpwcq8SUNY2zRHR/EKb/4NWY1JzR4sa3q2fWIJdrrX0DvLoa5g9bIEd4Df79ba7v+yiUBOS0zT2ll+z4g9izHK3EO5d8hL4jYxcjKs+wcslSYRWrascfscLgMlMGh0CdKeNTDjHpGPncaf3Z+FwwwjWeuiNBxv7bJo13/8B/098KlVDl4GZqsoBCEjPyJfV6hO0y/LkRGkk7oHWKgeWAfKtfLItRp00eZ4fcJNK9kCaSMmEugoZWcI7NGbZXzqFWqbpRI7NcDP9+WIQ+i9U5vqWsqd/zng4kbuAJ6UuKqIzB0upYrLShfQE3SAck8oaLhJqqq56VfDuASNpJKidV+zq27HfSBmbXnkR/5AK337dc3MXKJypoK/QPMLKUAP5XLPbs+NddJQV7EZXd29DLgp+fRIg3edpKdO7ZErWhv7d+3Kws+e1Y+ypmR2WIVSwVyBEUfgv2C8Ts9gnTF4pNcEY/S2aBicz5Ew2+jdyGNQQ==
      test@example.com\n"}]}}, "addonProfiles": {}, "enableRBAC": true, "enablePodSecurityPolicy":
      false, "networkProfile": {"networkPlugin": "kubenet", "podCidr": "10.244.0.0/16",
      "serviceCidr": "10.0.0.0/16", "dnsServiceIP": "10.0.0.10", "dockerBridgeCidr":
      "172.17.0.1/16", "outboundType": "loadBalancer", "loadBalancerSku": "standard"},
      "disableLocalAccounts": false, "storageProfile": {}}}'
    headers:
      Accept:
      - application/json
      Accept-Encoding:
      - gzip, deflate
      CommandName:
      - aks create
      Connection:
      - keep-alive
      Content-Length:
      - '1963'
      Content-Type:
      - application/json
      ParameterSetName:
      - --resource-group --name --location --ssh-key-value --node-count --node-vm-size
      User-Agent:
      - AZURECLI/2.41.0 azsdk-python-azure-mgmt-containerservice/20.4.0b Python/3.8.14
        (macOS-12.6-arm64-arm-64bit)
    method: PUT
    uri: https://management.azure.com/subscriptions/00000000-0000-0000-0000-000000000000/resourceGroups/clitest000001/providers/Microsoft.ContainerService/managedClusters/cliakstest000002?api-version=2022-09-02-preview
  response:
    body:
      string: "{\n  \"id\": \"/subscriptions/00000000-0000-0000-0000-000000000000/resourcegroups/clitest000001/providers/Microsoft.ContainerService/managedClusters/cliakstest000002\"\
        ,\n  \"location\": \"eastus\",\n  \"name\": \"cliakstest000002\",\n  \"type\"\
        : \"Microsoft.ContainerService/ManagedClusters\",\n  \"properties\": {\n \
        \  \"provisioningState\": \"Creating\",\n   \"powerState\": {\n    \"code\"\
        : \"Running\"\n   },\n   \"kubernetesVersion\": \"1.23.12\",\n   \"currentKubernetesVersion\"\
        : \"1.23.12\",\n   \"dnsPrefix\": \"cliakstest-clitest7j5lv7oui-8ecadf\",\n\
        \   \"fqdn\": \"cliakstest-clitest7j5lv7oui-8ecadf-4b5e2987.hcp.eastus.azmk8s.io\"\
        ,\n   \"azurePortalFQDN\": \"cliakstest-clitest7j5lv7oui-8ecadf-4b5e2987.portal.hcp.eastus.azmk8s.io\"\
        ,\n   \"agentPoolProfiles\": [\n    {\n     \"name\": \"nodepool1\",\n   \
        \  \"count\": 1,\n     \"vmSize\": \"standard_d2s_v3\",\n     \"osDiskSizeGB\"\
        : 128,\n     \"osDiskType\": \"Managed\",\n     \"kubeletDiskType\": \"OS\"\
        ,\n     \"workloadRuntime\": \"OCIContainer\",\n     \"maxPods\": 110,\n \
        \    \"type\": \"VirtualMachineScaleSets\",\n     \"enableAutoScaling\": false,\n\
        \     \"provisioningState\": \"Creating\",\n     \"powerState\": {\n     \
        \ \"code\": \"Running\"\n     },\n     \"orchestratorVersion\": \"1.23.12\"\
        ,\n     \"currentOrchestratorVersion\": \"1.23.12\",\n     \"enableNodePublicIP\"\
        : false,\n     \"enableCustomCATrust\": false,\n     \"mode\": \"System\"\
        ,\n     \"enableEncryptionAtHost\": false,\n     \"enableUltraSSD\": false,\n\
        \     \"osType\": \"Linux\",\n     \"osSKU\": \"Ubuntu\",\n     \"nodeImageVersion\"\
        : \"AKSUbuntu-1804gen2containerd-2022.10.03\",\n     \"upgradeSettings\":\
        \ {},\n     \"enableFIPS\": false,\n     \"networkProfile\": {}\n    }\n \
        \  ],\n   \"linuxProfile\": {\n    \"adminUsername\": \"azureuser\",\n   \
        \ \"ssh\": {\n     \"publicKeys\": [\n      {\n       \"keyData\": \"ssh-rsa\
        \ AAAAB3NzaC1yc2EAAAADAQABAAACAQCbIg1guRHbI0lV11wWDt1r2cUdcNd27CJsg+SfgC7miZeubtwUhbsPdhMQsfDyhOWHq1+ZL0M+nJZV63d/1dhmhtgyOqejUwrPlzKhydsbrsdUor+JmNJDdW01v7BXHyuymT8G4s09jCasNOwiufbP/qp72ruu0bIA1nySsvlf9pCQAuFkAnVnf/rFhUlOkhtRpwcq8SUNY2zRHR/EKb/4NWY1JzR4sa3q2fWIJdrrX0DvLoa5g9bIEd4Df79ba7v+yiUBOS0zT2ll+z4g9izHK3EO5d8hL4jYxcjKs+wcslSYRWrascfscLgMlMGh0CdKeNTDjHpGPncaf3Z+FwwwjWeuiNBxv7bJo13/8B/098KlVDl4GZqsoBCEjPyJfV6hO0y/LkRGkk7oHWKgeWAfKtfLItRp00eZ4fcJNK9kCaSMmEugoZWcI7NGbZXzqFWqbpRI7NcDP9+WIQ+i9U5vqWsqd/zng4kbuAJ6UuKqIzB0upYrLShfQE3SAck8oaLhJqqq56VfDuASNpJKidV+zq27HfSBmbXnkR/5AK337dc3MXKJypoK/QPMLKUAP5XLPbs+NddJQV7EZXd29DLgp+fRIg3edpKdO7ZErWhv7d+3Kws+e1Y+ypmR2WIVSwVyBEUfgv2C8Ts9gnTF4pNcEY/S2aBicz5Ew2+jdyGNQQ==\
        \ test@example.com\\n\"\n      }\n     ]\n    }\n   },\n   \"servicePrincipalProfile\"\
        : {\n    \"clientId\":\"00000000-0000-0000-0000-000000000001\"\n   },\n  \
        \ \"nodeResourceGroup\": \"MC_clitest000001_cliakstest000002_eastus\",\n \
        \  \"enableRBAC\": true,\n   \"enablePodSecurityPolicy\": false,\n   \"networkProfile\"\
        : {\n    \"networkPlugin\": \"kubenet\",\n    \"loadBalancerSku\": \"standard\"\
        ,\n    \"loadBalancerProfile\": {\n     \"managedOutboundIPs\": {\n      \"\
        count\": 1\n     },\n     \"backendPoolType\": \"nodeIPConfiguration\"\n \
        \   },\n    \"podCidr\": \"10.244.0.0/16\",\n    \"serviceCidr\": \"10.0.0.0/16\"\
        ,\n    \"dnsServiceIP\": \"10.0.0.10\",\n    \"dockerBridgeCidr\": \"172.17.0.1/16\"\
        ,\n    \"outboundType\": \"loadBalancer\",\n    \"podCidrs\": [\n     \"10.244.0.0/16\"\
        \n    ],\n    \"serviceCidrs\": [\n     \"10.0.0.0/16\"\n    ],\n    \"ipFamilies\"\
        : [\n     \"IPv4\"\n    ]\n   },\n   \"maxAgentPools\": 100,\n   \"disableLocalAccounts\"\
        : false,\n   \"securityProfile\": {},\n   \"storageProfile\": {\n    \"diskCSIDriver\"\
        : {\n     \"enabled\": true,\n     \"version\": \"v1\"\n    },\n    \"fileCSIDriver\"\
        : {\n     \"enabled\": true\n    },\n    \"snapshotController\": {\n     \"\
        enabled\": true\n    }\n   },\n   \"oidcIssuerProfile\": {\n    \"enabled\"\
        : false\n   },\n   \"workloadAutoScalerProfile\": {}\n  },\n  \"identity\"\
        : {\n   \"type\": \"SystemAssigned\",\n   \"principalId\":\"00000000-0000-0000-0000-000000000001\"\
        ,\n   \"tenantId\": \"72f988bf-86f1-41af-91ab-2d7cd011db47\"\n  },\n  \"sku\"\
        : {\n   \"name\": \"Basic\",\n   \"tier\": \"Free\"\n  }\n }"
    headers:
      azure-asyncoperation:
      - https://management.azure.com/subscriptions/00000000-0000-0000-0000-000000000000/providers/Microsoft.ContainerService/locations/eastus/operations/a9ab0b55-db86-4839-9b3e-628058cb583c?api-version=2017-08-31
      cache-control:
      - no-cache
      content-length:
      - '3805'
      content-type:
      - application/json
      date:
      - Wed, 19 Oct 2022 12:17:31 GMT
      expires:
      - '-1'
      pragma:
      - no-cache
      server:
      - nginx
      strict-transport-security:
      - max-age=31536000; includeSubDomains
      x-content-type-options:
      - nosniff
      x-ms-ratelimit-remaining-subscription-writes:
      - '1199'
    status:
      code: 201
      message: Created
- request:
    body: null
    headers:
      Accept:
      - '*/*'
      Accept-Encoding:
      - gzip, deflate
      CommandName:
      - aks create
      Connection:
      - keep-alive
      ParameterSetName:
      - --resource-group --name --location --ssh-key-value --node-count --node-vm-size
      User-Agent:
      - AZURECLI/2.41.0 azsdk-python-azure-mgmt-containerservice/20.4.0b Python/3.8.14
        (macOS-12.6-arm64-arm-64bit)
    method: GET
    uri: https://management.azure.com/subscriptions/00000000-0000-0000-0000-000000000000/providers/Microsoft.ContainerService/locations/eastus/operations/a9ab0b55-db86-4839-9b3e-628058cb583c?api-version=2017-08-31
  response:
    body:
      string: "{\n  \"name\": \"550baba9-86db-3948-9b3e-628058cb583c\",\n  \"status\"\
        : \"InProgress\",\n  \"startTime\": \"2022-10-19T12:17:29.9051374Z\"\n }"
    headers:
      cache-control:
      - no-cache
      content-length:
      - '126'
      content-type:
      - application/json
      date:
      - Wed, 19 Oct 2022 12:17:31 GMT
      expires:
      - '-1'
      pragma:
      - no-cache
      server:
      - nginx
      strict-transport-security:
      - max-age=31536000; includeSubDomains
      transfer-encoding:
      - chunked
      vary:
      - Accept-Encoding
      x-content-type-options:
      - nosniff
    status:
      code: 200
      message: OK
- request:
    body: null
    headers:
      Accept:
      - '*/*'
      Accept-Encoding:
      - gzip, deflate
      CommandName:
      - aks create
      Connection:
      - keep-alive
      ParameterSetName:
      - --resource-group --name --location --ssh-key-value --node-count --node-vm-size
      User-Agent:
      - AZURECLI/2.41.0 azsdk-python-azure-mgmt-containerservice/20.4.0b Python/3.8.14
        (macOS-12.6-arm64-arm-64bit)
    method: GET
    uri: https://management.azure.com/subscriptions/00000000-0000-0000-0000-000000000000/providers/Microsoft.ContainerService/locations/eastus/operations/a9ab0b55-db86-4839-9b3e-628058cb583c?api-version=2017-08-31
  response:
    body:
      string: "{\n  \"name\": \"550baba9-86db-3948-9b3e-628058cb583c\",\n  \"status\"\
        : \"InProgress\",\n  \"startTime\": \"2022-10-19T12:17:29.9051374Z\"\n }"
    headers:
      cache-control:
      - no-cache
      content-length:
      - '126'
      content-type:
      - application/json
      date:
      - Wed, 19 Oct 2022 12:18:01 GMT
      expires:
      - '-1'
      pragma:
      - no-cache
      server:
      - nginx
      strict-transport-security:
      - max-age=31536000; includeSubDomains
      transfer-encoding:
      - chunked
      vary:
      - Accept-Encoding
      x-content-type-options:
      - nosniff
    status:
      code: 200
      message: OK
- request:
    body: null
    headers:
      Accept:
      - '*/*'
      Accept-Encoding:
      - gzip, deflate
      CommandName:
      - aks create
      Connection:
      - keep-alive
      ParameterSetName:
      - --resource-group --name --location --ssh-key-value --node-count --node-vm-size
      User-Agent:
      - AZURECLI/2.41.0 azsdk-python-azure-mgmt-containerservice/20.4.0b Python/3.8.14
        (macOS-12.6-arm64-arm-64bit)
    method: GET
    uri: https://management.azure.com/subscriptions/00000000-0000-0000-0000-000000000000/providers/Microsoft.ContainerService/locations/eastus/operations/a9ab0b55-db86-4839-9b3e-628058cb583c?api-version=2017-08-31
  response:
    body:
      string: "{\n  \"name\": \"550baba9-86db-3948-9b3e-628058cb583c\",\n  \"status\"\
        : \"InProgress\",\n  \"startTime\": \"2022-10-19T12:17:29.9051374Z\"\n }"
    headers:
      cache-control:
      - no-cache
      content-length:
      - '126'
      content-type:
      - application/json
      date:
      - Wed, 19 Oct 2022 12:18:31 GMT
      expires:
      - '-1'
      pragma:
      - no-cache
      server:
      - nginx
      strict-transport-security:
      - max-age=31536000; includeSubDomains
      transfer-encoding:
      - chunked
      vary:
      - Accept-Encoding
      x-content-type-options:
      - nosniff
    status:
      code: 200
      message: OK
- request:
    body: null
    headers:
      Accept:
      - '*/*'
      Accept-Encoding:
      - gzip, deflate
      CommandName:
      - aks create
      Connection:
      - keep-alive
      ParameterSetName:
      - --resource-group --name --location --ssh-key-value --node-count --node-vm-size
      User-Agent:
      - AZURECLI/2.41.0 azsdk-python-azure-mgmt-containerservice/20.4.0b Python/3.8.14
        (macOS-12.6-arm64-arm-64bit)
    method: GET
    uri: https://management.azure.com/subscriptions/00000000-0000-0000-0000-000000000000/providers/Microsoft.ContainerService/locations/eastus/operations/a9ab0b55-db86-4839-9b3e-628058cb583c?api-version=2017-08-31
  response:
    body:
      string: "{\n  \"name\": \"550baba9-86db-3948-9b3e-628058cb583c\",\n  \"status\"\
        : \"InProgress\",\n  \"startTime\": \"2022-10-19T12:17:29.9051374Z\"\n }"
    headers:
      cache-control:
      - no-cache
      content-length:
      - '126'
      content-type:
      - application/json
      date:
      - Wed, 19 Oct 2022 12:19:02 GMT
      expires:
      - '-1'
      pragma:
      - no-cache
      server:
      - nginx
      strict-transport-security:
      - max-age=31536000; includeSubDomains
      transfer-encoding:
      - chunked
      vary:
      - Accept-Encoding
      x-content-type-options:
      - nosniff
    status:
      code: 200
      message: OK
- request:
    body: null
    headers:
      Accept:
      - '*/*'
      Accept-Encoding:
      - gzip, deflate
      CommandName:
      - aks create
      Connection:
      - keep-alive
      ParameterSetName:
      - --resource-group --name --location --ssh-key-value --node-count --node-vm-size
      User-Agent:
      - AZURECLI/2.41.0 azsdk-python-azure-mgmt-containerservice/20.4.0b Python/3.8.14
        (macOS-12.6-arm64-arm-64bit)
    method: GET
    uri: https://management.azure.com/subscriptions/00000000-0000-0000-0000-000000000000/providers/Microsoft.ContainerService/locations/eastus/operations/a9ab0b55-db86-4839-9b3e-628058cb583c?api-version=2017-08-31
  response:
    body:
      string: "{\n  \"name\": \"550baba9-86db-3948-9b3e-628058cb583c\",\n  \"status\"\
        : \"InProgress\",\n  \"startTime\": \"2022-10-19T12:17:29.9051374Z\"\n }"
    headers:
      cache-control:
      - no-cache
      content-length:
      - '126'
      content-type:
      - application/json
      date:
      - Wed, 19 Oct 2022 12:19:32 GMT
      expires:
      - '-1'
      pragma:
      - no-cache
      server:
      - nginx
      strict-transport-security:
      - max-age=31536000; includeSubDomains
      transfer-encoding:
      - chunked
      vary:
      - Accept-Encoding
      x-content-type-options:
      - nosniff
    status:
      code: 200
      message: OK
- request:
    body: null
    headers:
      Accept:
      - '*/*'
      Accept-Encoding:
      - gzip, deflate
      CommandName:
      - aks create
      Connection:
      - keep-alive
      ParameterSetName:
      - --resource-group --name --location --ssh-key-value --node-count --node-vm-size
      User-Agent:
      - AZURECLI/2.41.0 azsdk-python-azure-mgmt-containerservice/20.4.0b Python/3.8.14
        (macOS-12.6-arm64-arm-64bit)
    method: GET
    uri: https://management.azure.com/subscriptions/00000000-0000-0000-0000-000000000000/providers/Microsoft.ContainerService/locations/eastus/operations/a9ab0b55-db86-4839-9b3e-628058cb583c?api-version=2017-08-31
  response:
    body:
      string: "{\n  \"name\": \"550baba9-86db-3948-9b3e-628058cb583c\",\n  \"status\"\
        : \"InProgress\",\n  \"startTime\": \"2022-10-19T12:17:29.9051374Z\"\n }"
    headers:
      cache-control:
      - no-cache
      content-length:
      - '126'
      content-type:
      - application/json
      date:
      - Wed, 19 Oct 2022 12:20:03 GMT
      expires:
      - '-1'
      pragma:
      - no-cache
      server:
      - nginx
      strict-transport-security:
      - max-age=31536000; includeSubDomains
      transfer-encoding:
      - chunked
      vary:
      - Accept-Encoding
      x-content-type-options:
      - nosniff
    status:
      code: 200
      message: OK
- request:
    body: null
    headers:
      Accept:
      - '*/*'
      Accept-Encoding:
      - gzip, deflate
      CommandName:
      - aks create
      Connection:
      - keep-alive
      ParameterSetName:
      - --resource-group --name --location --ssh-key-value --node-count --node-vm-size
      User-Agent:
      - AZURECLI/2.41.0 azsdk-python-azure-mgmt-containerservice/20.4.0b Python/3.8.14
        (macOS-12.6-arm64-arm-64bit)
    method: GET
    uri: https://management.azure.com/subscriptions/00000000-0000-0000-0000-000000000000/providers/Microsoft.ContainerService/locations/eastus/operations/a9ab0b55-db86-4839-9b3e-628058cb583c?api-version=2017-08-31
  response:
    body:
      string: "{\n  \"name\": \"550baba9-86db-3948-9b3e-628058cb583c\",\n  \"status\"\
        : \"InProgress\",\n  \"startTime\": \"2022-10-19T12:17:29.9051374Z\"\n }"
    headers:
      cache-control:
      - no-cache
      content-length:
      - '126'
      content-type:
      - application/json
      date:
      - Wed, 19 Oct 2022 12:20:33 GMT
      expires:
      - '-1'
      pragma:
      - no-cache
      server:
      - nginx
      strict-transport-security:
      - max-age=31536000; includeSubDomains
      transfer-encoding:
      - chunked
      vary:
      - Accept-Encoding
      x-content-type-options:
      - nosniff
    status:
      code: 200
      message: OK
- request:
    body: null
    headers:
      Accept:
      - '*/*'
      Accept-Encoding:
      - gzip, deflate
      CommandName:
      - aks create
      Connection:
      - keep-alive
      ParameterSetName:
      - --resource-group --name --location --ssh-key-value --node-count --node-vm-size
      User-Agent:
      - AZURECLI/2.41.0 azsdk-python-azure-mgmt-containerservice/20.4.0b Python/3.8.14
        (macOS-12.6-arm64-arm-64bit)
    method: GET
    uri: https://management.azure.com/subscriptions/00000000-0000-0000-0000-000000000000/providers/Microsoft.ContainerService/locations/eastus/operations/a9ab0b55-db86-4839-9b3e-628058cb583c?api-version=2017-08-31
  response:
    body:
      string: "{\n  \"name\": \"550baba9-86db-3948-9b3e-628058cb583c\",\n  \"status\"\
        : \"InProgress\",\n  \"startTime\": \"2022-10-19T12:17:29.9051374Z\"\n }"
    headers:
      cache-control:
      - no-cache
      content-length:
      - '126'
      content-type:
      - application/json
      date:
      - Wed, 19 Oct 2022 12:21:04 GMT
      expires:
      - '-1'
      pragma:
      - no-cache
      server:
      - nginx
      strict-transport-security:
      - max-age=31536000; includeSubDomains
      transfer-encoding:
      - chunked
      vary:
      - Accept-Encoding
      x-content-type-options:
      - nosniff
    status:
      code: 200
      message: OK
- request:
    body: null
    headers:
      Accept:
      - '*/*'
      Accept-Encoding:
      - gzip, deflate
      CommandName:
      - aks create
      Connection:
      - keep-alive
      ParameterSetName:
      - --resource-group --name --location --ssh-key-value --node-count --node-vm-size
      User-Agent:
      - AZURECLI/2.41.0 azsdk-python-azure-mgmt-containerservice/20.4.0b Python/3.8.14
        (macOS-12.6-arm64-arm-64bit)
    method: GET
    uri: https://management.azure.com/subscriptions/00000000-0000-0000-0000-000000000000/providers/Microsoft.ContainerService/locations/eastus/operations/a9ab0b55-db86-4839-9b3e-628058cb583c?api-version=2017-08-31
  response:
    body:
      string: "{\n  \"name\": \"550baba9-86db-3948-9b3e-628058cb583c\",\n  \"status\"\
        : \"InProgress\",\n  \"startTime\": \"2022-10-19T12:17:29.9051374Z\"\n }"
    headers:
      cache-control:
      - no-cache
      content-length:
      - '126'
      content-type:
      - application/json
      date:
      - Wed, 19 Oct 2022 12:21:34 GMT
      expires:
      - '-1'
      pragma:
      - no-cache
      server:
      - nginx
      strict-transport-security:
      - max-age=31536000; includeSubDomains
      transfer-encoding:
      - chunked
      vary:
      - Accept-Encoding
      x-content-type-options:
      - nosniff
    status:
      code: 200
      message: OK
- request:
    body: null
    headers:
      Accept:
      - '*/*'
      Accept-Encoding:
      - gzip, deflate
      CommandName:
      - aks create
      Connection:
      - keep-alive
      ParameterSetName:
      - --resource-group --name --location --ssh-key-value --node-count --node-vm-size
      User-Agent:
      - AZURECLI/2.41.0 azsdk-python-azure-mgmt-containerservice/20.4.0b Python/3.8.14
        (macOS-12.6-arm64-arm-64bit)
    method: GET
    uri: https://management.azure.com/subscriptions/00000000-0000-0000-0000-000000000000/providers/Microsoft.ContainerService/locations/eastus/operations/a9ab0b55-db86-4839-9b3e-628058cb583c?api-version=2017-08-31
  response:
    body:
      string: "{\n  \"name\": \"550baba9-86db-3948-9b3e-628058cb583c\",\n  \"status\"\
        : \"InProgress\",\n  \"startTime\": \"2022-10-19T12:17:29.9051374Z\"\n }"
    headers:
      cache-control:
      - no-cache
      content-length:
      - '126'
      content-type:
      - application/json
      date:
      - Wed, 19 Oct 2022 12:22:06 GMT
      expires:
      - '-1'
      pragma:
      - no-cache
      server:
      - nginx
      strict-transport-security:
      - max-age=31536000; includeSubDomains
      transfer-encoding:
      - chunked
      vary:
      - Accept-Encoding
      x-content-type-options:
      - nosniff
    status:
      code: 200
      message: OK
- request:
    body: null
    headers:
      Accept:
      - '*/*'
      Accept-Encoding:
      - gzip, deflate
      CommandName:
      - aks create
      Connection:
      - keep-alive
      ParameterSetName:
      - --resource-group --name --location --ssh-key-value --node-count --node-vm-size
      User-Agent:
      - AZURECLI/2.41.0 azsdk-python-azure-mgmt-containerservice/20.4.0b Python/3.8.14
        (macOS-12.6-arm64-arm-64bit)
    method: GET
    uri: https://management.azure.com/subscriptions/00000000-0000-0000-0000-000000000000/providers/Microsoft.ContainerService/locations/eastus/operations/a9ab0b55-db86-4839-9b3e-628058cb583c?api-version=2017-08-31
  response:
    body:
      string: "{\n  \"name\": \"550baba9-86db-3948-9b3e-628058cb583c\",\n  \"status\"\
        : \"Succeeded\",\n  \"startTime\": \"2022-10-19T12:17:29.9051374Z\",\n  \"\
        endTime\": \"2022-10-19T12:22:14.2127065Z\"\n }"
    headers:
      cache-control:
      - no-cache
      content-length:
      - '170'
      content-type:
      - application/json
      date:
      - Wed, 19 Oct 2022 12:22:36 GMT
      expires:
      - '-1'
      pragma:
      - no-cache
      server:
      - nginx
      strict-transport-security:
      - max-age=31536000; includeSubDomains
      transfer-encoding:
      - chunked
      vary:
      - Accept-Encoding
      x-content-type-options:
      - nosniff
    status:
      code: 200
      message: OK
- request:
    body: null
    headers:
      Accept:
      - '*/*'
      Accept-Encoding:
      - gzip, deflate
      CommandName:
      - aks create
      Connection:
      - keep-alive
      ParameterSetName:
      - --resource-group --name --location --ssh-key-value --node-count --node-vm-size
      User-Agent:
      - AZURECLI/2.41.0 azsdk-python-azure-mgmt-containerservice/20.4.0b Python/3.8.14
        (macOS-12.6-arm64-arm-64bit)
    method: GET
    uri: https://management.azure.com/subscriptions/00000000-0000-0000-0000-000000000000/resourceGroups/clitest000001/providers/Microsoft.ContainerService/managedClusters/cliakstest000002?api-version=2022-09-02-preview
  response:
    body:
      string: "{\n  \"id\": \"/subscriptions/00000000-0000-0000-0000-000000000000/resourcegroups/clitest000001/providers/Microsoft.ContainerService/managedClusters/cliakstest000002\"\
        ,\n  \"location\": \"eastus\",\n  \"name\": \"cliakstest000002\",\n  \"type\"\
        : \"Microsoft.ContainerService/ManagedClusters\",\n  \"properties\": {\n \
        \  \"provisioningState\": \"Succeeded\",\n   \"powerState\": {\n    \"code\"\
        : \"Running\"\n   },\n   \"kubernetesVersion\": \"1.23.12\",\n   \"currentKubernetesVersion\"\
        : \"1.23.12\",\n   \"dnsPrefix\": \"cliakstest-clitest7j5lv7oui-8ecadf\",\n\
        \   \"fqdn\": \"cliakstest-clitest7j5lv7oui-8ecadf-4b5e2987.hcp.eastus.azmk8s.io\"\
        ,\n   \"azurePortalFQDN\": \"cliakstest-clitest7j5lv7oui-8ecadf-4b5e2987.portal.hcp.eastus.azmk8s.io\"\
        ,\n   \"agentPoolProfiles\": [\n    {\n     \"name\": \"nodepool1\",\n   \
        \  \"count\": 1,\n     \"vmSize\": \"standard_d2s_v3\",\n     \"osDiskSizeGB\"\
        : 128,\n     \"osDiskType\": \"Managed\",\n     \"kubeletDiskType\": \"OS\"\
        ,\n     \"workloadRuntime\": \"OCIContainer\",\n     \"maxPods\": 110,\n \
        \    \"type\": \"VirtualMachineScaleSets\",\n     \"enableAutoScaling\": false,\n\
        \     \"provisioningState\": \"Succeeded\",\n     \"powerState\": {\n    \
        \  \"code\": \"Running\"\n     },\n     \"orchestratorVersion\": \"1.23.12\"\
        ,\n     \"currentOrchestratorVersion\": \"1.23.12\",\n     \"enableNodePublicIP\"\
        : false,\n     \"enableCustomCATrust\": false,\n     \"mode\": \"System\"\
        ,\n     \"enableEncryptionAtHost\": false,\n     \"enableUltraSSD\": false,\n\
        \     \"osType\": \"Linux\",\n     \"osSKU\": \"Ubuntu\",\n     \"nodeImageVersion\"\
        : \"AKSUbuntu-1804gen2containerd-2022.10.03\",\n     \"upgradeSettings\":\
        \ {},\n     \"enableFIPS\": false,\n     \"networkProfile\": {}\n    }\n \
        \  ],\n   \"linuxProfile\": {\n    \"adminUsername\": \"azureuser\",\n   \
        \ \"ssh\": {\n     \"publicKeys\": [\n      {\n       \"keyData\": \"ssh-rsa\
        \ AAAAB3NzaC1yc2EAAAADAQABAAACAQCbIg1guRHbI0lV11wWDt1r2cUdcNd27CJsg+SfgC7miZeubtwUhbsPdhMQsfDyhOWHq1+ZL0M+nJZV63d/1dhmhtgyOqejUwrPlzKhydsbrsdUor+JmNJDdW01v7BXHyuymT8G4s09jCasNOwiufbP/qp72ruu0bIA1nySsvlf9pCQAuFkAnVnf/rFhUlOkhtRpwcq8SUNY2zRHR/EKb/4NWY1JzR4sa3q2fWIJdrrX0DvLoa5g9bIEd4Df79ba7v+yiUBOS0zT2ll+z4g9izHK3EO5d8hL4jYxcjKs+wcslSYRWrascfscLgMlMGh0CdKeNTDjHpGPncaf3Z+FwwwjWeuiNBxv7bJo13/8B/098KlVDl4GZqsoBCEjPyJfV6hO0y/LkRGkk7oHWKgeWAfKtfLItRp00eZ4fcJNK9kCaSMmEugoZWcI7NGbZXzqFWqbpRI7NcDP9+WIQ+i9U5vqWsqd/zng4kbuAJ6UuKqIzB0upYrLShfQE3SAck8oaLhJqqq56VfDuASNpJKidV+zq27HfSBmbXnkR/5AK337dc3MXKJypoK/QPMLKUAP5XLPbs+NddJQV7EZXd29DLgp+fRIg3edpKdO7ZErWhv7d+3Kws+e1Y+ypmR2WIVSwVyBEUfgv2C8Ts9gnTF4pNcEY/S2aBicz5Ew2+jdyGNQQ==\
        \ test@example.com\\n\"\n      }\n     ]\n    }\n   },\n   \"servicePrincipalProfile\"\
        : {\n    \"clientId\":\"00000000-0000-0000-0000-000000000001\"\n   },\n  \
        \ \"nodeResourceGroup\": \"MC_clitest000001_cliakstest000002_eastus\",\n \
        \  \"enableRBAC\": true,\n   \"enablePodSecurityPolicy\": false,\n   \"networkProfile\"\
        : {\n    \"networkPlugin\": \"kubenet\",\n    \"loadBalancerSku\": \"Standard\"\
        ,\n    \"loadBalancerProfile\": {\n     \"managedOutboundIPs\": {\n      \"\
        count\": 1\n     },\n     \"effectiveOutboundIPs\": [\n      {\n       \"\
        id\": \"/subscriptions/00000000-0000-0000-0000-000000000000/resourceGroups/MC_clitest000001_cliakstest000002_eastus/providers/Microsoft.Network/publicIPAddresses/e38915f3-6158-45b8-a2f2-e9fb2c26af7c\"\
        \n      }\n     ],\n     \"backendPoolType\": \"nodeIPConfiguration\"\n  \
        \  },\n    \"podCidr\": \"10.244.0.0/16\",\n    \"serviceCidr\": \"10.0.0.0/16\"\
        ,\n    \"dnsServiceIP\": \"10.0.0.10\",\n    \"dockerBridgeCidr\": \"172.17.0.1/16\"\
        ,\n    \"outboundType\": \"loadBalancer\",\n    \"podCidrs\": [\n     \"10.244.0.0/16\"\
        \n    ],\n    \"serviceCidrs\": [\n     \"10.0.0.0/16\"\n    ],\n    \"ipFamilies\"\
        : [\n     \"IPv4\"\n    ]\n   },\n   \"maxAgentPools\": 100,\n   \"identityProfile\"\
        : {\n    \"kubeletidentity\": {\n     \"resourceId\": \"/subscriptions/00000000-0000-0000-0000-000000000000/resourcegroups/MC_clitest000001_cliakstest000002_eastus/providers/Microsoft.ManagedIdentity/userAssignedIdentities/cliakstest000002-agentpool\"\
        ,\n     \"clientId\":\"00000000-0000-0000-0000-000000000001\",\n     \"objectId\"\
        :\"00000000-0000-0000-0000-000000000001\"\n    }\n   },\n   \"disableLocalAccounts\"\
        : false,\n   \"securityProfile\": {},\n   \"storageProfile\": {\n    \"diskCSIDriver\"\
        : {\n     \"enabled\": true,\n     \"version\": \"v1\"\n    },\n    \"fileCSIDriver\"\
        : {\n     \"enabled\": true\n    },\n    \"snapshotController\": {\n     \"\
        enabled\": true\n    }\n   },\n   \"oidcIssuerProfile\": {\n    \"enabled\"\
        : false\n   },\n   \"workloadAutoScalerProfile\": {}\n  },\n  \"identity\"\
        : {\n   \"type\": \"SystemAssigned\",\n   \"principalId\":\"00000000-0000-0000-0000-000000000001\"\
        ,\n   \"tenantId\": \"72f988bf-86f1-41af-91ab-2d7cd011db47\"\n  },\n  \"sku\"\
        : {\n   \"name\": \"Basic\",\n   \"tier\": \"Free\"\n  }\n }"
    headers:
      cache-control:
      - no-cache
      content-length:
      - '4456'
      content-type:
      - application/json
      date:
      - Wed, 19 Oct 2022 12:22:37 GMT
      expires:
      - '-1'
      pragma:
      - no-cache
      server:
      - nginx
      strict-transport-security:
      - max-age=31536000; includeSubDomains
      transfer-encoding:
      - chunked
      vary:
      - Accept-Encoding
      x-content-type-options:
      - nosniff
    status:
      code: 200
      message: OK
- request:
    body: null
    headers:
      Accept:
      - application/json
      Accept-Encoding:
      - gzip, deflate
      CommandName:
      - aks nodepool add
      Connection:
      - keep-alive
      ParameterSetName:
      - --resource-group --cluster-name --name --node-vm-size --node-count --asg-ids
        --allowed-host-ports --aks-custom-headers
      User-Agent:
      - AZURECLI/2.41.0 azsdk-python-azure-mgmt-containerservice/20.4.0b Python/3.8.14
        (macOS-12.6-arm64-arm-64bit)
    method: GET
    uri: https://management.azure.com/subscriptions/00000000-0000-0000-0000-000000000000/resourceGroups/clitest000001/providers/Microsoft.ContainerService/managedClusters/cliakstest000002/agentPools?api-version=2022-09-02-preview
  response:
    body:
      string: "{\n  \"value\": [\n   {\n    \"id\": \"/subscriptions/00000000-0000-0000-0000-000000000000/resourcegroups/clitest000001/providers/Microsoft.ContainerService/managedClusters/cliakstest000002/agentPools/nodepool1\"\
        ,\n    \"name\": \"nodepool1\",\n    \"type\": \"Microsoft.ContainerService/managedClusters/agentPools\"\
        ,\n    \"properties\": {\n     \"count\": 1,\n     \"vmSize\": \"standard_d2s_v3\"\
        ,\n     \"osDiskSizeGB\": 128,\n     \"osDiskType\": \"Managed\",\n     \"\
        kubeletDiskType\": \"OS\",\n     \"workloadRuntime\": \"OCIContainer\",\n\
        \     \"maxPods\": 110,\n     \"type\": \"VirtualMachineScaleSets\",\n   \
        \  \"enableAutoScaling\": false,\n     \"provisioningState\": \"Succeeded\"\
        ,\n     \"powerState\": {\n      \"code\": \"Running\"\n     },\n     \"orchestratorVersion\"\
        : \"1.23.12\",\n     \"currentOrchestratorVersion\": \"1.23.12\",\n     \"\
        enableNodePublicIP\": false,\n     \"enableCustomCATrust\": false,\n     \"\
        mode\": \"System\",\n     \"enableEncryptionAtHost\": false,\n     \"enableUltraSSD\"\
        : false,\n     \"osType\": \"Linux\",\n     \"osSKU\": \"Ubuntu\",\n     \"\
        nodeImageVersion\": \"AKSUbuntu-1804gen2containerd-2022.10.03\",\n     \"\
        upgradeSettings\": {},\n     \"enableFIPS\": false,\n     \"networkProfile\"\
        : {}\n    }\n   }\n  ]\n }"
    headers:
      cache-control:
      - no-cache
      content-length:
      - '1140'
      content-type:
      - application/json
      date:
      - Wed, 19 Oct 2022 12:22:40 GMT
      expires:
      - '-1'
      pragma:
      - no-cache
      server:
      - nginx
      strict-transport-security:
      - max-age=31536000; includeSubDomains
      transfer-encoding:
      - chunked
      vary:
      - Accept-Encoding
      x-content-type-options:
      - nosniff
    status:
      code: 200
      message: OK
- request:
    body: '{"properties": {"count": 1, "vmSize": "standard_d2s_v3", "osDiskSizeGB":
      0, "workloadRuntime": "OCIContainer", "osType": "Linux", "enableAutoScaling":
      false, "scaleDownMode": "Delete", "type": "VirtualMachineScaleSets", "mode":
      "User", "upgradeSettings": {}, "enableNodePublicIP": false, "enableCustomCATrust":
      false, "scaleSetPriority": "Regular", "scaleSetEvictionPolicy": "Delete", "spotMaxPrice":
      -1.0, "nodeTaints": [], "enableEncryptionAtHost": false, "enableUltraSSD": false,
      "enableFIPS": false, "networkProfile": {"allowedHostPorts": [{"portStart": 53,
      "portEnd": 53, "protocol": "UDP"}, {"portStart": 80, "portEnd": 80, "protocol":
      "TCP"}, {"portStart": 443, "portEnd": 443, "protocol": "TCP"}, {"portStart":
      4000, "portEnd": 5000, "protocol": "TCP"}, {"portStart": 4000, "portEnd": 6000,
      "protocol": "UDP"}], "applicationSecurityGroups": ["/subscriptions/00000000-0000-0000-0000-000000000000/resourceGroups/clitest000001/providers/Microsoft.Network/applicationSecurityGroups/asg1",
      "/subscriptions/00000000-0000-0000-0000-000000000000/resourceGroups/clitest000001/providers/Microsoft.Network/applicationSecurityGroups/asg2"]}}}'
    headers:
      AKSHTTPCustomFeatures:
      - Microsoft.ContainerService/NodePublicIPNSGControlPreview
      Accept:
      - application/json
      Accept-Encoding:
      - gzip, deflate
      CommandName:
      - aks nodepool add
      Connection:
      - keep-alive
      Content-Length:
      - '1138'
      Content-Type:
      - application/json
      ParameterSetName:
      - --resource-group --cluster-name --name --node-vm-size --node-count --asg-ids
        --allowed-host-ports --aks-custom-headers
      User-Agent:
      - AZURECLI/2.41.0 azsdk-python-azure-mgmt-containerservice/20.4.0b Python/3.8.14
        (macOS-12.6-arm64-arm-64bit)
    method: PUT
    uri: https://management.azure.com/subscriptions/00000000-0000-0000-0000-000000000000/resourceGroups/clitest000001/providers/Microsoft.ContainerService/managedClusters/cliakstest000002/agentPools/n000003?api-version=2022-09-02-preview
  response:
    body:
      string: "{\n  \"id\": \"/subscriptions/00000000-0000-0000-0000-000000000000/resourcegroups/clitest000001/providers/Microsoft.ContainerService/managedClusters/cliakstest000002/agentPools/n000003\"\
        ,\n  \"name\": \"n000003\",\n  \"type\": \"Microsoft.ContainerService/managedClusters/agentPools\"\
        ,\n  \"properties\": {\n   \"count\": 1,\n   \"vmSize\": \"standard_d2s_v3\"\
        ,\n   \"osDiskSizeGB\": 128,\n   \"osDiskType\": \"Managed\",\n   \"kubeletDiskType\"\
        : \"OS\",\n   \"workloadRuntime\": \"OCIContainer\",\n   \"maxPods\": 110,\n\
        \   \"type\": \"VirtualMachineScaleSets\",\n   \"enableAutoScaling\": false,\n\
        \   \"scaleDownMode\": \"Delete\",\n   \"provisioningState\": \"Creating\"\
        ,\n   \"powerState\": {\n    \"code\": \"Running\"\n   },\n   \"orchestratorVersion\"\
        : \"1.23.12\",\n   \"currentOrchestratorVersion\": \"1.23.12\",\n   \"enableNodePublicIP\"\
        : false,\n   \"enableCustomCATrust\": false,\n   \"mode\": \"User\",\n   \"\
        enableEncryptionAtHost\": false,\n   \"enableUltraSSD\": false,\n   \"osType\"\
        : \"Linux\",\n   \"osSKU\": \"Ubuntu\",\n   \"nodeImageVersion\": \"AKSUbuntu-1804gen2containerd-2022.10.03\"\
        ,\n   \"upgradeSettings\": {},\n   \"enableFIPS\": false,\n   \"networkProfile\"\
        : {\n    \"allowedHostPorts\": [\n     {\n      \"portStart\": 53,\n     \
        \ \"portEnd\": 53,\n      \"protocol\": \"UDP\"\n     },\n     {\n      \"\
        portStart\": 80,\n      \"portEnd\": 80,\n      \"protocol\": \"TCP\"\n  \
        \   },\n     {\n      \"portStart\": 443,\n      \"portEnd\": 443,\n     \
        \ \"protocol\": \"TCP\"\n     },\n     {\n      \"portStart\": 4000,\n   \
        \   \"portEnd\": 5000,\n      \"protocol\": \"TCP\"\n     },\n     {\n   \
        \   \"portStart\": 4000,\n      \"portEnd\": 6000,\n      \"protocol\": \"\
        UDP\"\n     }\n    ],\n    \"applicationSecurityGroups\": [\n     \"/subscriptions/00000000-0000-0000-0000-000000000000/resourceGroups/clitest000001/providers/Microsoft.Network/applicationSecurityGroups/asg1\"\
        ,\n     \"/subscriptions/00000000-0000-0000-0000-000000000000/resourceGroups/clitest000001/providers/Microsoft.Network/applicationSecurityGroups/asg2\"\
        \n    ]\n   }\n  }\n }"
    headers:
      azure-asyncoperation:
      - https://management.azure.com/subscriptions/00000000-0000-0000-0000-000000000000/providers/Microsoft.ContainerService/locations/eastus/operations/864969d5-2429-4f1d-8007-976c1a691c0f?api-version=2017-08-31
      cache-control:
      - no-cache
      content-length:
      - '1871'
      content-type:
      - application/json
      date:
      - Wed, 19 Oct 2022 12:22:43 GMT
      expires:
      - '-1'
      pragma:
      - no-cache
      server:
      - nginx
      strict-transport-security:
      - max-age=31536000; includeSubDomains
      x-content-type-options:
      - nosniff
      x-ms-ratelimit-remaining-subscription-writes:
      - '1199'
    status:
      code: 201
      message: Created
- request:
    body: null
    headers:
      Accept:
      - '*/*'
      Accept-Encoding:
      - gzip, deflate
      CommandName:
      - aks nodepool add
      Connection:
      - keep-alive
      ParameterSetName:
      - --resource-group --cluster-name --name --node-vm-size --node-count --asg-ids
        --allowed-host-ports --aks-custom-headers
      User-Agent:
      - AZURECLI/2.41.0 azsdk-python-azure-mgmt-containerservice/20.4.0b Python/3.8.14
        (macOS-12.6-arm64-arm-64bit)
    method: GET
    uri: https://management.azure.com/subscriptions/00000000-0000-0000-0000-000000000000/providers/Microsoft.ContainerService/locations/eastus/operations/864969d5-2429-4f1d-8007-976c1a691c0f?api-version=2017-08-31
  response:
    body:
      string: "{\n  \"name\": \"d5694986-2924-1d4f-8007-976c1a691c0f\",\n  \"status\"\
        : \"InProgress\",\n  \"startTime\": \"2022-10-19T12:22:43.9989407Z\"\n }"
    headers:
      cache-control:
      - no-cache
      content-length:
      - '126'
      content-type:
      - application/json
      date:
      - Wed, 19 Oct 2022 12:22:43 GMT
      expires:
      - '-1'
      pragma:
      - no-cache
      server:
      - nginx
      strict-transport-security:
      - max-age=31536000; includeSubDomains
      transfer-encoding:
      - chunked
      vary:
      - Accept-Encoding
      x-content-type-options:
      - nosniff
    status:
      code: 200
      message: OK
- request:
    body: null
    headers:
      Accept:
      - '*/*'
      Accept-Encoding:
      - gzip, deflate
      CommandName:
      - aks nodepool add
      Connection:
      - keep-alive
      ParameterSetName:
      - --resource-group --cluster-name --name --node-vm-size --node-count --asg-ids
        --allowed-host-ports --aks-custom-headers
      User-Agent:
      - AZURECLI/2.41.0 azsdk-python-azure-mgmt-containerservice/20.4.0b Python/3.8.14
        (macOS-12.6-arm64-arm-64bit)
    method: GET
    uri: https://management.azure.com/subscriptions/00000000-0000-0000-0000-000000000000/providers/Microsoft.ContainerService/locations/eastus/operations/864969d5-2429-4f1d-8007-976c1a691c0f?api-version=2017-08-31
  response:
    body:
      string: "{\n  \"name\": \"d5694986-2924-1d4f-8007-976c1a691c0f\",\n  \"status\"\
        : \"InProgress\",\n  \"startTime\": \"2022-10-19T12:22:43.9989407Z\"\n }"
    headers:
      cache-control:
      - no-cache
      content-length:
      - '126'
      content-type:
      - application/json
      date:
      - Wed, 19 Oct 2022 12:23:15 GMT
      expires:
      - '-1'
      pragma:
      - no-cache
      server:
      - nginx
      strict-transport-security:
      - max-age=31536000; includeSubDomains
      transfer-encoding:
      - chunked
      vary:
      - Accept-Encoding
      x-content-type-options:
      - nosniff
    status:
      code: 200
      message: OK
- request:
    body: null
    headers:
      Accept:
      - '*/*'
      Accept-Encoding:
      - gzip, deflate
      CommandName:
      - aks nodepool add
      Connection:
      - keep-alive
      ParameterSetName:
      - --resource-group --cluster-name --name --node-vm-size --node-count --asg-ids
        --allowed-host-ports --aks-custom-headers
      User-Agent:
      - AZURECLI/2.41.0 azsdk-python-azure-mgmt-containerservice/20.4.0b Python/3.8.14
        (macOS-12.6-arm64-arm-64bit)
    method: GET
    uri: https://management.azure.com/subscriptions/00000000-0000-0000-0000-000000000000/providers/Microsoft.ContainerService/locations/eastus/operations/864969d5-2429-4f1d-8007-976c1a691c0f?api-version=2017-08-31
  response:
    body:
      string: "{\n  \"name\": \"d5694986-2924-1d4f-8007-976c1a691c0f\",\n  \"status\"\
        : \"InProgress\",\n  \"startTime\": \"2022-10-19T12:22:43.9989407Z\"\n }"
    headers:
      cache-control:
      - no-cache
      content-length:
      - '126'
      content-type:
      - application/json
      date:
      - Wed, 19 Oct 2022 12:23:45 GMT
      expires:
      - '-1'
      pragma:
      - no-cache
      server:
      - nginx
      strict-transport-security:
      - max-age=31536000; includeSubDomains
      transfer-encoding:
      - chunked
      vary:
      - Accept-Encoding
      x-content-type-options:
      - nosniff
    status:
      code: 200
      message: OK
- request:
    body: null
    headers:
      Accept:
      - '*/*'
      Accept-Encoding:
      - gzip, deflate
      CommandName:
      - aks nodepool add
      Connection:
      - keep-alive
      ParameterSetName:
      - --resource-group --cluster-name --name --node-vm-size --node-count --asg-ids
        --allowed-host-ports --aks-custom-headers
      User-Agent:
      - AZURECLI/2.41.0 azsdk-python-azure-mgmt-containerservice/20.4.0b Python/3.8.14
        (macOS-12.6-arm64-arm-64bit)
    method: GET
    uri: https://management.azure.com/subscriptions/00000000-0000-0000-0000-000000000000/providers/Microsoft.ContainerService/locations/eastus/operations/864969d5-2429-4f1d-8007-976c1a691c0f?api-version=2017-08-31
  response:
    body:
      string: "{\n  \"name\": \"d5694986-2924-1d4f-8007-976c1a691c0f\",\n  \"status\"\
        : \"InProgress\",\n  \"startTime\": \"2022-10-19T12:22:43.9989407Z\"\n }"
    headers:
      cache-control:
      - no-cache
      content-length:
      - '126'
      content-type:
      - application/json
      date:
      - Wed, 19 Oct 2022 12:24:15 GMT
      expires:
      - '-1'
      pragma:
      - no-cache
      server:
      - nginx
      strict-transport-security:
      - max-age=31536000; includeSubDomains
      transfer-encoding:
      - chunked
      vary:
      - Accept-Encoding
      x-content-type-options:
      - nosniff
    status:
      code: 200
      message: OK
- request:
    body: null
    headers:
      Accept:
      - '*/*'
      Accept-Encoding:
      - gzip, deflate
      CommandName:
      - aks nodepool add
      Connection:
      - keep-alive
      ParameterSetName:
      - --resource-group --cluster-name --name --node-vm-size --node-count --asg-ids
        --allowed-host-ports --aks-custom-headers
      User-Agent:
      - AZURECLI/2.41.0 azsdk-python-azure-mgmt-containerservice/20.4.0b Python/3.8.14
        (macOS-12.6-arm64-arm-64bit)
    method: GET
    uri: https://management.azure.com/subscriptions/00000000-0000-0000-0000-000000000000/providers/Microsoft.ContainerService/locations/eastus/operations/864969d5-2429-4f1d-8007-976c1a691c0f?api-version=2017-08-31
  response:
    body:
      string: "{\n  \"name\": \"d5694986-2924-1d4f-8007-976c1a691c0f\",\n  \"status\"\
        : \"InProgress\",\n  \"startTime\": \"2022-10-19T12:22:43.9989407Z\"\n }"
    headers:
      cache-control:
      - no-cache
      content-length:
      - '126'
      content-type:
      - application/json
      date:
      - Wed, 19 Oct 2022 12:24:45 GMT
      expires:
      - '-1'
      pragma:
      - no-cache
      server:
      - nginx
      strict-transport-security:
      - max-age=31536000; includeSubDomains
      transfer-encoding:
      - chunked
      vary:
      - Accept-Encoding
      x-content-type-options:
      - nosniff
    status:
      code: 200
      message: OK
- request:
    body: null
    headers:
      Accept:
      - '*/*'
      Accept-Encoding:
      - gzip, deflate
      CommandName:
      - aks nodepool add
      Connection:
      - keep-alive
      ParameterSetName:
      - --resource-group --cluster-name --name --node-vm-size --node-count --asg-ids
        --allowed-host-ports --aks-custom-headers
      User-Agent:
      - AZURECLI/2.41.0 azsdk-python-azure-mgmt-containerservice/20.4.0b Python/3.8.14
        (macOS-12.6-arm64-arm-64bit)
    method: GET
    uri: https://management.azure.com/subscriptions/00000000-0000-0000-0000-000000000000/providers/Microsoft.ContainerService/locations/eastus/operations/864969d5-2429-4f1d-8007-976c1a691c0f?api-version=2017-08-31
  response:
    body:
      string: "{\n  \"name\": \"d5694986-2924-1d4f-8007-976c1a691c0f\",\n  \"status\"\
        : \"InProgress\",\n  \"startTime\": \"2022-10-19T12:22:43.9989407Z\"\n }"
    headers:
      cache-control:
      - no-cache
      content-length:
      - '126'
      content-type:
      - application/json
      date:
      - Wed, 19 Oct 2022 12:25:16 GMT
      expires:
      - '-1'
      pragma:
      - no-cache
      server:
      - nginx
      strict-transport-security:
      - max-age=31536000; includeSubDomains
      transfer-encoding:
      - chunked
      vary:
      - Accept-Encoding
      x-content-type-options:
      - nosniff
    status:
      code: 200
      message: OK
- request:
    body: null
    headers:
      Accept:
      - '*/*'
      Accept-Encoding:
      - gzip, deflate
      CommandName:
      - aks nodepool add
      Connection:
      - keep-alive
      ParameterSetName:
      - --resource-group --cluster-name --name --node-vm-size --node-count --asg-ids
        --allowed-host-ports --aks-custom-headers
      User-Agent:
      - AZURECLI/2.41.0 azsdk-python-azure-mgmt-containerservice/20.4.0b Python/3.8.14
        (macOS-12.6-arm64-arm-64bit)
    method: GET
    uri: https://management.azure.com/subscriptions/00000000-0000-0000-0000-000000000000/providers/Microsoft.ContainerService/locations/eastus/operations/864969d5-2429-4f1d-8007-976c1a691c0f?api-version=2017-08-31
  response:
    body:
      string: "{\n  \"name\": \"d5694986-2924-1d4f-8007-976c1a691c0f\",\n  \"status\"\
        : \"Succeeded\",\n  \"startTime\": \"2022-10-19T12:22:43.9989407Z\",\n  \"\
        endTime\": \"2022-10-19T12:25:47.3875817Z\"\n }"
    headers:
      cache-control:
      - no-cache
      content-length:
      - '170'
      content-type:
      - application/json
      date:
      - Wed, 19 Oct 2022 12:25:46 GMT
      expires:
      - '-1'
      pragma:
      - no-cache
      server:
      - nginx
      strict-transport-security:
      - max-age=31536000; includeSubDomains
      transfer-encoding:
      - chunked
      vary:
      - Accept-Encoding
      x-content-type-options:
      - nosniff
    status:
      code: 200
      message: OK
- request:
    body: null
    headers:
      Accept:
      - '*/*'
      Accept-Encoding:
      - gzip, deflate
      CommandName:
      - aks nodepool add
      Connection:
      - keep-alive
      ParameterSetName:
      - --resource-group --cluster-name --name --node-vm-size --node-count --asg-ids
        --allowed-host-ports --aks-custom-headers
      User-Agent:
      - AZURECLI/2.41.0 azsdk-python-azure-mgmt-containerservice/20.4.0b Python/3.8.14
        (macOS-12.6-arm64-arm-64bit)
    method: GET
    uri: https://management.azure.com/subscriptions/00000000-0000-0000-0000-000000000000/resourceGroups/clitest000001/providers/Microsoft.ContainerService/managedClusters/cliakstest000002/agentPools/n000003?api-version=2022-09-02-preview
  response:
    body:
      string: "{\n  \"id\": \"/subscriptions/00000000-0000-0000-0000-000000000000/resourcegroups/clitest000001/providers/Microsoft.ContainerService/managedClusters/cliakstest000002/agentPools/n000003\"\
        ,\n  \"name\": \"n000003\",\n  \"type\": \"Microsoft.ContainerService/managedClusters/agentPools\"\
        ,\n  \"properties\": {\n   \"count\": 1,\n   \"vmSize\": \"standard_d2s_v3\"\
        ,\n   \"osDiskSizeGB\": 128,\n   \"osDiskType\": \"Managed\",\n   \"kubeletDiskType\"\
        : \"OS\",\n   \"workloadRuntime\": \"OCIContainer\",\n   \"maxPods\": 110,\n\
        \   \"type\": \"VirtualMachineScaleSets\",\n   \"enableAutoScaling\": false,\n\
        \   \"scaleDownMode\": \"Delete\",\n   \"provisioningState\": \"Succeeded\"\
        ,\n   \"powerState\": {\n    \"code\": \"Running\"\n   },\n   \"orchestratorVersion\"\
        : \"1.23.12\",\n   \"currentOrchestratorVersion\": \"1.23.12\",\n   \"enableNodePublicIP\"\
        : false,\n   \"enableCustomCATrust\": false,\n   \"mode\": \"User\",\n   \"\
        enableEncryptionAtHost\": false,\n   \"enableUltraSSD\": false,\n   \"osType\"\
        : \"Linux\",\n   \"osSKU\": \"Ubuntu\",\n   \"nodeImageVersion\": \"AKSUbuntu-1804gen2containerd-2022.10.03\"\
        ,\n   \"upgradeSettings\": {},\n   \"enableFIPS\": false,\n   \"networkProfile\"\
        : {\n    \"allowedHostPorts\": [\n     {\n      \"portStart\": 53,\n     \
        \ \"portEnd\": 53,\n      \"protocol\": \"UDP\"\n     },\n     {\n      \"\
        portStart\": 80,\n      \"portEnd\": 80,\n      \"protocol\": \"TCP\"\n  \
        \   },\n     {\n      \"portStart\": 443,\n      \"portEnd\": 443,\n     \
        \ \"protocol\": \"TCP\"\n     },\n     {\n      \"portStart\": 4000,\n   \
        \   \"portEnd\": 5000,\n      \"protocol\": \"TCP\"\n     },\n     {\n   \
        \   \"portStart\": 4000,\n      \"portEnd\": 6000,\n      \"protocol\": \"\
        UDP\"\n     }\n    ],\n    \"applicationSecurityGroups\": [\n     \"/subscriptions/00000000-0000-0000-0000-000000000000/resourceGroups/clitest000001/providers/Microsoft.Network/applicationSecurityGroups/asg1\"\
        ,\n     \"/subscriptions/00000000-0000-0000-0000-000000000000/resourceGroups/clitest000001/providers/Microsoft.Network/applicationSecurityGroups/asg2\"\
        \n    ]\n   }\n  }\n }"
    headers:
      cache-control:
      - no-cache
      content-length:
      - '1872'
      content-type:
      - application/json
      date:
      - Wed, 19 Oct 2022 12:25:48 GMT
      expires:
      - '-1'
      pragma:
      - no-cache
      server:
      - nginx
      strict-transport-security:
      - max-age=31536000; includeSubDomains
      transfer-encoding:
      - chunked
      vary:
      - Accept-Encoding
      x-content-type-options:
      - nosniff
    status:
      code: 200
      message: OK
- request:
    body: null
    headers:
      Accept:
      - application/json
      Accept-Encoding:
      - gzip, deflate
      CommandName:
      - aks delete
      Connection:
      - keep-alive
      Content-Length:
      - '0'
      ParameterSetName:
      - --resource-group --name --yes --no-wait
      User-Agent:
      - AZURECLI/2.41.0 azsdk-python-azure-mgmt-containerservice/20.4.0b Python/3.8.14
        (macOS-12.6-arm64-arm-64bit)
    method: DELETE
    uri: https://management.azure.com/subscriptions/00000000-0000-0000-0000-000000000000/resourceGroups/clitest000001/providers/Microsoft.ContainerService/managedClusters/cliakstest000002?api-version=2022-09-02-preview
  response:
    body:
      string: ''
    headers:
      azure-asyncoperation:
      - https://management.azure.com/subscriptions/00000000-0000-0000-0000-000000000000/providers/Microsoft.ContainerService/locations/eastus/operations/785f916d-510d-4576-ad3a-7cfe3026547c?api-version=2017-08-31
      cache-control:
      - no-cache
      content-length:
      - '0'
      date:
      - Wed, 19 Oct 2022 12:25:52 GMT
      expires:
      - '-1'
      location:
      - https://management.azure.com/subscriptions/00000000-0000-0000-0000-000000000000/providers/Microsoft.ContainerService/locations/eastus/operationresults/785f916d-510d-4576-ad3a-7cfe3026547c?api-version=2017-08-31
      pragma:
      - no-cache
      server:
      - nginx
      strict-transport-security:
      - max-age=31536000; includeSubDomains
      x-content-type-options:
      - nosniff
      x-ms-ratelimit-remaining-subscription-deletes:
      - '14999'
    status:
      code: 202
      message: Accepted
version: 1
