interactions:
- request:
    body: null
    headers:
      Accept:
      - application/json
      Accept-Encoding:
      - gzip, deflate
      CommandName:
      - aks create
      Connection:
      - keep-alive
      ParameterSetName:
      - --resource-group --name --node-count --generate-ssh-keys --enable-public-fqdn
        --enable-private-cluster --aks-custom-headers
      User-Agent:
      - AZURECLI/2.25.0 azsdk-python-azure-mgmt-resource/18.0.0 Python/3.6.9 (Linux-5.4.72-microsoft-standard-WSL2-x86_64-with-Ubuntu-18.04-bionic)
    method: GET
    uri: https://management.azure.com/subscriptions/00000000-0000-0000-0000-000000000000/resourcegroups/clitest000001?api-version=2020-10-01
  response:
    body:
      string: '{"id":"/subscriptions/00000000-0000-0000-0000-000000000000/resourceGroups/clitest000001","name":"clitest000001","type":"Microsoft.Resources/resourceGroups","location":"westus2","tags":{"product":"azurecli","cause":"automation","date":"2021-06-23T08:01:22Z"},"properties":{"provisioningState":"Succeeded"}}'
    headers:
      cache-control:
      - no-cache
      content-length:
      - '313'
      content-type:
      - application/json; charset=utf-8
      date:
      - Wed, 23 Jun 2021 08:01:24 GMT
      expires:
      - '-1'
      pragma:
      - no-cache
      strict-transport-security:
      - max-age=31536000; includeSubDomains
      vary:
      - Accept-Encoding
      x-content-type-options:
      - nosniff
    status:
      code: 200
      message: OK
- request:
    body: '{"location": "westus2", "properties": {"kubernetesVersion": "", "dnsPrefix":
      "cliakstest-clitestm6375nb7i-8ecadf", "agentPoolProfiles": [{"count": 1, "vmSize":
      "Standard_DS2_v2", "osType": "Linux", "type": "VirtualMachineScaleSets", "mode":
      "System", "enableNodePublicIP": false, "scaleSetPriority": "Regular", "scaleSetEvictionPolicy":
      "Delete", "enableEncryptionAtHost": false, "enableUltraSSD": false, "enableFIPS":
      false, "name": "nodepool1"}], "linuxProfile": {"adminUsername": "azureuser",
      "ssh": {"publicKeys": [{"keyData": "ssh-rsa AAAAB3NzaC1yc2EAAAADAQABAAABAQDDa7B9UAcZjiNXFbAWabU3ZJQsZv4CgsZK8jq+ZRCaJsErW/Lbi/pURsGaLmwn2Hn+zSHj5i4yhNmi3/l89lkvBuv6+sENFnrG5QzUr/9B3UaiwOGCKX6Z/SlC62fz+lAerbtB0ntHs0cTgdLCwAzNanpGqVUpTNkFrnDO2OjJF1SwqTVdyFRY7fCOvrXVXxcdrmMKGxDgihRCkEztaGjiyE5Rc5nHuti8CrfWl6V8tgG9oaRBJOJ4WkM7TT+S7B+XCUUWh8JUXH/KU6wIP47gvZ98KxL0WRFY/Dt+YnlknpvxS7u3fcP+RozpaZ1MIwibjec3ch8Evx8Z7RgaFwav
      fumingzhang@microsoft.com\n"}]}}, "addonProfiles": {}, "enableRBAC": true, "enablePodSecurityPolicy":
      false, "networkProfile": {"networkPlugin": "kubenet", "podCidr": "10.244.0.0/16",
      "serviceCidr": "10.0.0.0/16", "dnsServiceIP": "10.0.0.10", "dockerBridgeCidr":
      "172.17.0.1/16", "outboundType": "loadBalancer", "loadBalancerSku": "standard"},
      "apiServerAccessProfile": {"enablePrivateCluster": true, "enablePrivateClusterPublicFQDN":
      true}, "disableLocalAccounts": false}, "identity": {"type": "SystemAssigned"}}'
    headers:
      AKSHTTPCustomFeatures:
      - Microsoft.ContainerService/EnablePrivateClusterPublicFQDN
      Accept:
      - application/json
      Accept-Encoding:
      - gzip, deflate
      CommandName:
      - aks create
      Connection:
      - keep-alive
      Content-Length:
      - '1426'
      Content-Type:
      - application/json; charset=utf-8
      ParameterSetName:
      - --resource-group --name --node-count --generate-ssh-keys --enable-public-fqdn
        --enable-private-cluster --aks-custom-headers
      User-Agent:
      - python/3.6.9 (Linux-5.4.72-microsoft-standard-WSL2-x86_64-with-Ubuntu-18.04-bionic)
        msrest/0.6.21 msrest_azure/0.6.3 azure-mgmt-containerservice/11.0.0 Azure-SDK-For-Python
        AZURECLI/2.25.0
      accept-language:
      - en-US
    method: PUT
    uri: https://management.azure.com/subscriptions/00000000-0000-0000-0000-000000000000/resourceGroups/clitest000001/providers/Microsoft.ContainerService/managedClusters/cliakstest000001?api-version=2021-05-01
  response:
    body:
      string: "{\n  \"id\": \"/subscriptions/00000000-0000-0000-0000-000000000000/resourcegroups/clitest000001/providers/Microsoft.ContainerService/managedClusters/cliakstest000001\",\n
        \ \"location\": \"westus2\",\n  \"name\": \"cliakstest000001\",\n  \"type\":
        \"Microsoft.ContainerService/ManagedClusters\",\n  \"properties\": {\n   \"provisioningState\":
        \"Creating\",\n   \"powerState\": {\n    \"code\": \"Running\"\n   },\n   \"kubernetesVersion\":
        \"1.19.11\",\n   \"dnsPrefix\": \"cliakstest-clitestm6375nb7i-8ecadf\",\n
        \  \"fqdn\": \"cliakstest-clitestm6375nb7i-8ecadf-9596d2b3.hcp.westus2.azmk8s.io\",\n
        \  \"azurePortalFQDN\": \"7ff964ceefa0f95e06bf0dc0a0326bf9-priv.portal.hcp.westus2.azmk8s.io\",\n
        \  \"privateFQDN\": \"cliakstest-clitestm6375nb7i-8ecadf-3d93f2a4.4905f439-b4d7-44bb-bed3-4000fe61d01a.privatelink.westus2.azmk8s.io\",\n
        \  \"agentPoolProfiles\": [\n    {\n     \"name\": \"nodepool1\",\n     \"count\":
        1,\n     \"vmSize\": \"Standard_DS2_v2\",\n     \"osDiskSizeGB\": 128,\n     \"osDiskType\":
        \"Managed\",\n     \"kubeletDiskType\": \"OS\",\n     \"maxPods\": 110,\n
        \    \"type\": \"VirtualMachineScaleSets\",\n     \"provisioningState\": \"Creating\",\n
        \    \"powerState\": {\n      \"code\": \"Running\"\n     },\n     \"orchestratorVersion\":
        \"1.19.11\",\n     \"enableNodePublicIP\": false,\n     \"nodeLabels\": {},\n
        \    \"mode\": \"System\",\n     \"enableEncryptionAtHost\": false,\n     \"enableUltraSSD\":
        false,\n     \"osType\": \"Linux\",\n     \"osSKU\": \"Ubuntu\",\n     \"nodeImageVersion\":
        \"AKSUbuntu-1804gen2containerd-2021.06.02\",\n     \"enableFIPS\": false\n
        \   }\n   ],\n   \"linuxProfile\": {\n    \"adminUsername\": \"azureuser\",\n
        \   \"ssh\": {\n     \"publicKeys\": [\n      {\n       \"keyData\": \"ssh-rsa
        AAAAB3NzaC1yc2EAAAADAQABAAABAQDDa7B9UAcZjiNXFbAWabU3ZJQsZv4CgsZK8jq+ZRCaJsErW/Lbi/pURsGaLmwn2Hn+zSHj5i4yhNmi3/l89lkvBuv6+sENFnrG5QzUr/9B3UaiwOGCKX6Z/SlC62fz+lAerbtB0ntHs0cTgdLCwAzNanpGqVUpTNkFrnDO2OjJF1SwqTVdyFRY7fCOvrXVXxcdrmMKGxDgihRCkEztaGjiyE5Rc5nHuti8CrfWl6V8tgG9oaRBJOJ4WkM7TT+S7B+XCUUWh8JUXH/KU6wIP47gvZ98KxL0WRFY/Dt+YnlknpvxS7u3fcP+RozpaZ1MIwibjec3ch8Evx8Z7RgaFwav
        fumingzhang@microsoft.com\\n\"\n      }\n     ]\n    }\n   },\n   \"servicePrincipalProfile\":
        {\n    \"clientId\":\"00000000-0000-0000-0000-000000000001\"\n   },\n   \"nodeResourceGroup\":
        \"MC_clitest000001_cliakstest000001_westus2\",\n   \"enableRBAC\": true,\n
        \  \"enablePodSecurityPolicy\": false,\n   \"networkProfile\": {\n    \"networkPlugin\":
        \"kubenet\",\n    \"loadBalancerSku\": \"standard\",\n    \"loadBalancerProfile\":
        {\n     \"managedOutboundIPs\": {\n      \"count\": 1\n     }\n    },\n    \"podCidr\":
        \"10.244.0.0/16\",\n    \"serviceCidr\": \"10.0.0.0/16\",\n    \"dnsServiceIP\":
        \"10.0.0.10\",\n    \"dockerBridgeCidr\": \"172.17.0.1/16\",\n    \"outboundType\":
        \"loadBalancer\"\n   },\n   \"maxAgentPools\": 100,\n   \"privateLinkResources\":
        [\n    {\n     \"name\": \"management\",\n     \"type\": \"Microsoft.ContainerService/managedClusters/privateLinkResources\",\n
        \    \"groupId\": \"management\",\n     \"requiredMembers\": [\n      \"management\"\n
        \    ]\n    }\n   ],\n   \"apiServerAccessProfile\": {\n    \"enablePrivateCluster\":
        true,\n    \"privateDNSZone\": \"system\",\n    \"enablePrivateClusterPublicFQDN\":
        true\n   },\n   \"disableLocalAccounts\": false\n  },\n  \"identity\": {\n
        \  \"type\": \"SystemAssigned\",\n   \"principalId\":\"00000000-0000-0000-0000-000000000001\",\n
        \  \"tenantId\": \"72f988bf-86f1-41af-91ab-2d7cd011db47\"\n  },\n  \"sku\":
        {\n   \"name\": \"Basic\",\n   \"tier\": \"Free\"\n  }\n }"
    headers:
      azure-asyncoperation:
      - https://management.azure.com/subscriptions/00000000-0000-0000-0000-000000000000/providers/Microsoft.ContainerService/locations/westus2/operations/bc043c7e-ac2c-4523-9358-b73a0c842c5e?api-version=2016-03-30
      cache-control:
      - no-cache
      content-length:
      - '3228'
      content-type:
      - application/json
      date:
      - Wed, 23 Jun 2021 08:01:40 GMT
      expires:
      - '-1'
      pragma:
      - no-cache
      server:
      - nginx
      strict-transport-security:
      - max-age=31536000; includeSubDomains
      x-content-type-options:
      - nosniff
      x-ms-ratelimit-remaining-subscription-writes:
      - '1199'
    status:
      code: 201
      message: Created
- request:
    body: null
    headers:
      Accept:
      - application/json
      Accept-Encoding:
      - gzip, deflate
      CommandName:
      - aks create
      Connection:
      - keep-alive
      ParameterSetName:
      - --resource-group --name --node-count --generate-ssh-keys --enable-public-fqdn
        --enable-private-cluster --aks-custom-headers
      User-Agent:
      - python/3.6.9 (Linux-5.4.72-microsoft-standard-WSL2-x86_64-with-Ubuntu-18.04-bionic)
        msrest/0.6.21 msrest_azure/0.6.3 azure-mgmt-containerservice/11.0.0 Azure-SDK-For-Python
        AZURECLI/2.25.0
    method: GET
    uri: https://management.azure.com/subscriptions/00000000-0000-0000-0000-000000000000/providers/Microsoft.ContainerService/locations/westus2/operations/bc043c7e-ac2c-4523-9358-b73a0c842c5e?api-version=2016-03-30
  response:
    body:
      string: "{\n  \"name\": \"7e3c04bc-2cac-2345-9358-b73a0c842c5e\",\n  \"status\":
        \"InProgress\",\n  \"startTime\": \"2021-06-23T08:01:39.2966666Z\"\n }"
    headers:
      cache-control:
      - no-cache
      content-length:
      - '126'
      content-type:
      - application/json
      date:
      - Wed, 23 Jun 2021 08:02:11 GMT
      expires:
      - '-1'
      pragma:
      - no-cache
      server:
      - nginx
      strict-transport-security:
      - max-age=31536000; includeSubDomains
      transfer-encoding:
      - chunked
      vary:
      - Accept-Encoding
      x-content-type-options:
      - nosniff
    status:
      code: 200
      message: OK
- request:
    body: null
    headers:
      Accept:
      - application/json
      Accept-Encoding:
      - gzip, deflate
      CommandName:
      - aks create
      Connection:
      - keep-alive
      ParameterSetName:
      - --resource-group --name --node-count --generate-ssh-keys --enable-public-fqdn
        --enable-private-cluster --aks-custom-headers
      User-Agent:
      - python/3.6.9 (Linux-5.4.72-microsoft-standard-WSL2-x86_64-with-Ubuntu-18.04-bionic)
        msrest/0.6.21 msrest_azure/0.6.3 azure-mgmt-containerservice/11.0.0 Azure-SDK-For-Python
        AZURECLI/2.25.0
    method: GET
    uri: https://management.azure.com/subscriptions/00000000-0000-0000-0000-000000000000/providers/Microsoft.ContainerService/locations/westus2/operations/bc043c7e-ac2c-4523-9358-b73a0c842c5e?api-version=2016-03-30
  response:
    body:
      string: "{\n  \"name\": \"7e3c04bc-2cac-2345-9358-b73a0c842c5e\",\n  \"status\":
        \"InProgress\",\n  \"startTime\": \"2021-06-23T08:01:39.2966666Z\"\n }"
    headers:
      cache-control:
      - no-cache
      content-length:
      - '126'
      content-type:
      - application/json
      date:
      - Wed, 23 Jun 2021 08:02:43 GMT
      expires:
      - '-1'
      pragma:
      - no-cache
      server:
      - nginx
      strict-transport-security:
      - max-age=31536000; includeSubDomains
      transfer-encoding:
      - chunked
      vary:
      - Accept-Encoding
      x-content-type-options:
      - nosniff
    status:
      code: 200
      message: OK
- request:
    body: null
    headers:
      Accept:
      - application/json
      Accept-Encoding:
      - gzip, deflate
      CommandName:
      - aks create
      Connection:
      - keep-alive
      ParameterSetName:
      - --resource-group --name --node-count --generate-ssh-keys --enable-public-fqdn
        --enable-private-cluster --aks-custom-headers
      User-Agent:
      - python/3.6.9 (Linux-5.4.72-microsoft-standard-WSL2-x86_64-with-Ubuntu-18.04-bionic)
        msrest/0.6.21 msrest_azure/0.6.3 azure-mgmt-containerservice/11.0.0 Azure-SDK-For-Python
        AZURECLI/2.25.0
    method: GET
    uri: https://management.azure.com/subscriptions/00000000-0000-0000-0000-000000000000/providers/Microsoft.ContainerService/locations/westus2/operations/bc043c7e-ac2c-4523-9358-b73a0c842c5e?api-version=2016-03-30
  response:
    body:
      string: "{\n  \"name\": \"7e3c04bc-2cac-2345-9358-b73a0c842c5e\",\n  \"status\":
        \"InProgress\",\n  \"startTime\": \"2021-06-23T08:01:39.2966666Z\"\n }"
    headers:
      cache-control:
      - no-cache
      content-length:
      - '126'
      content-type:
      - application/json
      date:
      - Wed, 23 Jun 2021 08:03:13 GMT
      expires:
      - '-1'
      pragma:
      - no-cache
      server:
      - nginx
      strict-transport-security:
      - max-age=31536000; includeSubDomains
      transfer-encoding:
      - chunked
      vary:
      - Accept-Encoding
      x-content-type-options:
      - nosniff
    status:
      code: 200
      message: OK
- request:
    body: null
    headers:
      Accept:
      - application/json
      Accept-Encoding:
      - gzip, deflate
      CommandName:
      - aks create
      Connection:
      - keep-alive
      ParameterSetName:
      - --resource-group --name --node-count --generate-ssh-keys --enable-public-fqdn
        --enable-private-cluster --aks-custom-headers
      User-Agent:
      - python/3.6.9 (Linux-5.4.72-microsoft-standard-WSL2-x86_64-with-Ubuntu-18.04-bionic)
        msrest/0.6.21 msrest_azure/0.6.3 azure-mgmt-containerservice/11.0.0 Azure-SDK-For-Python
        AZURECLI/2.25.0
    method: GET
    uri: https://management.azure.com/subscriptions/00000000-0000-0000-0000-000000000000/providers/Microsoft.ContainerService/locations/westus2/operations/bc043c7e-ac2c-4523-9358-b73a0c842c5e?api-version=2016-03-30
  response:
    body:
      string: "{\n  \"name\": \"7e3c04bc-2cac-2345-9358-b73a0c842c5e\",\n  \"status\":
        \"InProgress\",\n  \"startTime\": \"2021-06-23T08:01:39.2966666Z\"\n }"
    headers:
      cache-control:
      - no-cache
      content-length:
      - '126'
      content-type:
      - application/json
      date:
      - Wed, 23 Jun 2021 08:03:45 GMT
      expires:
      - '-1'
      pragma:
      - no-cache
      server:
      - nginx
      strict-transport-security:
      - max-age=31536000; includeSubDomains
      transfer-encoding:
      - chunked
      vary:
      - Accept-Encoding
      x-content-type-options:
      - nosniff
    status:
      code: 200
      message: OK
- request:
    body: null
    headers:
      Accept:
      - application/json
      Accept-Encoding:
      - gzip, deflate
      CommandName:
      - aks create
      Connection:
      - keep-alive
      ParameterSetName:
      - --resource-group --name --node-count --generate-ssh-keys --enable-public-fqdn
        --enable-private-cluster --aks-custom-headers
      User-Agent:
      - python/3.6.9 (Linux-5.4.72-microsoft-standard-WSL2-x86_64-with-Ubuntu-18.04-bionic)
        msrest/0.6.21 msrest_azure/0.6.3 azure-mgmt-containerservice/11.0.0 Azure-SDK-For-Python
        AZURECLI/2.25.0
    method: GET
    uri: https://management.azure.com/subscriptions/00000000-0000-0000-0000-000000000000/providers/Microsoft.ContainerService/locations/westus2/operations/bc043c7e-ac2c-4523-9358-b73a0c842c5e?api-version=2016-03-30
  response:
    body:
      string: "{\n  \"name\": \"7e3c04bc-2cac-2345-9358-b73a0c842c5e\",\n  \"status\":
        \"InProgress\",\n  \"startTime\": \"2021-06-23T08:01:39.2966666Z\"\n }"
    headers:
      cache-control:
      - no-cache
      content-length:
      - '126'
      content-type:
      - application/json
      date:
      - Wed, 23 Jun 2021 08:04:16 GMT
      expires:
      - '-1'
      pragma:
      - no-cache
      server:
      - nginx
      strict-transport-security:
      - max-age=31536000; includeSubDomains
      transfer-encoding:
      - chunked
      vary:
      - Accept-Encoding
      x-content-type-options:
      - nosniff
    status:
      code: 200
      message: OK
- request:
    body: null
    headers:
      Accept:
      - application/json
      Accept-Encoding:
      - gzip, deflate
      CommandName:
      - aks create
      Connection:
      - keep-alive
      ParameterSetName:
      - --resource-group --name --node-count --generate-ssh-keys --enable-public-fqdn
        --enable-private-cluster --aks-custom-headers
      User-Agent:
      - python/3.6.9 (Linux-5.4.72-microsoft-standard-WSL2-x86_64-with-Ubuntu-18.04-bionic)
        msrest/0.6.21 msrest_azure/0.6.3 azure-mgmt-containerservice/11.0.0 Azure-SDK-For-Python
        AZURECLI/2.25.0
    method: GET
    uri: https://management.azure.com/subscriptions/00000000-0000-0000-0000-000000000000/providers/Microsoft.ContainerService/locations/westus2/operations/bc043c7e-ac2c-4523-9358-b73a0c842c5e?api-version=2016-03-30
  response:
    body:
      string: "{\n  \"name\": \"7e3c04bc-2cac-2345-9358-b73a0c842c5e\",\n  \"status\":
        \"InProgress\",\n  \"startTime\": \"2021-06-23T08:01:39.2966666Z\"\n }"
    headers:
      cache-control:
      - no-cache
      content-length:
      - '126'
      content-type:
      - application/json
      date:
      - Wed, 23 Jun 2021 08:04:48 GMT
      expires:
      - '-1'
      pragma:
      - no-cache
      server:
      - nginx
      strict-transport-security:
      - max-age=31536000; includeSubDomains
      transfer-encoding:
      - chunked
      vary:
      - Accept-Encoding
      x-content-type-options:
      - nosniff
    status:
      code: 200
      message: OK
- request:
    body: null
    headers:
      Accept:
      - application/json
      Accept-Encoding:
      - gzip, deflate
      CommandName:
      - aks create
      Connection:
      - keep-alive
      ParameterSetName:
      - --resource-group --name --node-count --generate-ssh-keys --enable-public-fqdn
        --enable-private-cluster --aks-custom-headers
      User-Agent:
      - python/3.6.9 (Linux-5.4.72-microsoft-standard-WSL2-x86_64-with-Ubuntu-18.04-bionic)
        msrest/0.6.21 msrest_azure/0.6.3 azure-mgmt-containerservice/11.0.0 Azure-SDK-For-Python
        AZURECLI/2.25.0
    method: GET
    uri: https://management.azure.com/subscriptions/00000000-0000-0000-0000-000000000000/providers/Microsoft.ContainerService/locations/westus2/operations/bc043c7e-ac2c-4523-9358-b73a0c842c5e?api-version=2016-03-30
  response:
    body:
      string: "{\n  \"name\": \"7e3c04bc-2cac-2345-9358-b73a0c842c5e\",\n  \"status\":
        \"InProgress\",\n  \"startTime\": \"2021-06-23T08:01:39.2966666Z\"\n }"
    headers:
      cache-control:
      - no-cache
      content-length:
      - '126'
      content-type:
      - application/json
      date:
      - Wed, 23 Jun 2021 08:05:18 GMT
      expires:
      - '-1'
      pragma:
      - no-cache
      server:
      - nginx
      strict-transport-security:
      - max-age=31536000; includeSubDomains
      transfer-encoding:
      - chunked
      vary:
      - Accept-Encoding
      x-content-type-options:
      - nosniff
    status:
      code: 200
      message: OK
- request:
    body: null
    headers:
      Accept:
      - application/json
      Accept-Encoding:
      - gzip, deflate
      CommandName:
      - aks create
      Connection:
      - keep-alive
      ParameterSetName:
      - --resource-group --name --node-count --generate-ssh-keys --enable-public-fqdn
        --enable-private-cluster --aks-custom-headers
      User-Agent:
      - python/3.6.9 (Linux-5.4.72-microsoft-standard-WSL2-x86_64-with-Ubuntu-18.04-bionic)
        msrest/0.6.21 msrest_azure/0.6.3 azure-mgmt-containerservice/11.0.0 Azure-SDK-For-Python
        AZURECLI/2.25.0
    method: GET
    uri: https://management.azure.com/subscriptions/00000000-0000-0000-0000-000000000000/providers/Microsoft.ContainerService/locations/westus2/operations/bc043c7e-ac2c-4523-9358-b73a0c842c5e?api-version=2016-03-30
  response:
    body:
      string: "{\n  \"name\": \"7e3c04bc-2cac-2345-9358-b73a0c842c5e\",\n  \"status\":
        \"InProgress\",\n  \"startTime\": \"2021-06-23T08:01:39.2966666Z\"\n }"
    headers:
      cache-control:
      - no-cache
      content-length:
      - '126'
      content-type:
      - application/json
      date:
      - Wed, 23 Jun 2021 08:05:50 GMT
      expires:
      - '-1'
      pragma:
      - no-cache
      server:
      - nginx
      strict-transport-security:
      - max-age=31536000; includeSubDomains
      transfer-encoding:
      - chunked
      vary:
      - Accept-Encoding
      x-content-type-options:
      - nosniff
    status:
      code: 200
      message: OK
- request:
    body: null
    headers:
      Accept:
      - application/json
      Accept-Encoding:
      - gzip, deflate
      CommandName:
      - aks create
      Connection:
      - keep-alive
      ParameterSetName:
      - --resource-group --name --node-count --generate-ssh-keys --enable-public-fqdn
        --enable-private-cluster --aks-custom-headers
      User-Agent:
      - python/3.6.9 (Linux-5.4.72-microsoft-standard-WSL2-x86_64-with-Ubuntu-18.04-bionic)
        msrest/0.6.21 msrest_azure/0.6.3 azure-mgmt-containerservice/11.0.0 Azure-SDK-For-Python
        AZURECLI/2.25.0
    method: GET
    uri: https://management.azure.com/subscriptions/00000000-0000-0000-0000-000000000000/providers/Microsoft.ContainerService/locations/westus2/operations/bc043c7e-ac2c-4523-9358-b73a0c842c5e?api-version=2016-03-30
  response:
    body:
      string: "{\n  \"name\": \"7e3c04bc-2cac-2345-9358-b73a0c842c5e\",\n  \"status\":
        \"InProgress\",\n  \"startTime\": \"2021-06-23T08:01:39.2966666Z\"\n }"
    headers:
      cache-control:
      - no-cache
      content-length:
      - '126'
      content-type:
      - application/json
      date:
      - Wed, 23 Jun 2021 08:06:21 GMT
      expires:
      - '-1'
      pragma:
      - no-cache
      server:
      - nginx
      strict-transport-security:
      - max-age=31536000; includeSubDomains
      transfer-encoding:
      - chunked
      vary:
      - Accept-Encoding
      x-content-type-options:
      - nosniff
    status:
      code: 200
      message: OK
- request:
    body: null
    headers:
      Accept:
      - application/json
      Accept-Encoding:
      - gzip, deflate
      CommandName:
      - aks create
      Connection:
      - keep-alive
      ParameterSetName:
      - --resource-group --name --node-count --generate-ssh-keys --enable-public-fqdn
        --enable-private-cluster --aks-custom-headers
      User-Agent:
      - python/3.6.9 (Linux-5.4.72-microsoft-standard-WSL2-x86_64-with-Ubuntu-18.04-bionic)
        msrest/0.6.21 msrest_azure/0.6.3 azure-mgmt-containerservice/11.0.0 Azure-SDK-For-Python
        AZURECLI/2.25.0
    method: GET
    uri: https://management.azure.com/subscriptions/00000000-0000-0000-0000-000000000000/providers/Microsoft.ContainerService/locations/westus2/operations/bc043c7e-ac2c-4523-9358-b73a0c842c5e?api-version=2016-03-30
  response:
    body:
      string: "{\n  \"name\": \"7e3c04bc-2cac-2345-9358-b73a0c842c5e\",\n  \"status\":
        \"InProgress\",\n  \"startTime\": \"2021-06-23T08:01:39.2966666Z\"\n }"
    headers:
      cache-control:
      - no-cache
      content-length:
      - '126'
      content-type:
      - application/json
      date:
      - Wed, 23 Jun 2021 08:06:52 GMT
      expires:
      - '-1'
      pragma:
      - no-cache
      server:
      - nginx
      strict-transport-security:
      - max-age=31536000; includeSubDomains
      transfer-encoding:
      - chunked
      vary:
      - Accept-Encoding
      x-content-type-options:
      - nosniff
    status:
      code: 200
      message: OK
- request:
    body: null
    headers:
      Accept:
      - application/json
      Accept-Encoding:
      - gzip, deflate
      CommandName:
      - aks create
      Connection:
      - keep-alive
      ParameterSetName:
      - --resource-group --name --node-count --generate-ssh-keys --enable-public-fqdn
        --enable-private-cluster --aks-custom-headers
      User-Agent:
      - python/3.6.9 (Linux-5.4.72-microsoft-standard-WSL2-x86_64-with-Ubuntu-18.04-bionic)
        msrest/0.6.21 msrest_azure/0.6.3 azure-mgmt-containerservice/11.0.0 Azure-SDK-For-Python
        AZURECLI/2.25.0
    method: GET
    uri: https://management.azure.com/subscriptions/00000000-0000-0000-0000-000000000000/providers/Microsoft.ContainerService/locations/westus2/operations/bc043c7e-ac2c-4523-9358-b73a0c842c5e?api-version=2016-03-30
  response:
    body:
      string: "{\n  \"name\": \"7e3c04bc-2cac-2345-9358-b73a0c842c5e\",\n  \"status\":
        \"InProgress\",\n  \"startTime\": \"2021-06-23T08:01:39.2966666Z\"\n }"
    headers:
      cache-control:
      - no-cache
      content-length:
      - '126'
      content-type:
      - application/json
      date:
      - Wed, 23 Jun 2021 08:07:24 GMT
      expires:
      - '-1'
      pragma:
      - no-cache
      server:
      - nginx
      strict-transport-security:
      - max-age=31536000; includeSubDomains
      transfer-encoding:
      - chunked
      vary:
      - Accept-Encoding
      x-content-type-options:
      - nosniff
    status:
      code: 200
      message: OK
- request:
    body: null
    headers:
      Accept:
      - application/json
      Accept-Encoding:
      - gzip, deflate
      CommandName:
      - aks create
      Connection:
      - keep-alive
      ParameterSetName:
      - --resource-group --name --node-count --generate-ssh-keys --enable-public-fqdn
        --enable-private-cluster --aks-custom-headers
      User-Agent:
      - python/3.6.9 (Linux-5.4.72-microsoft-standard-WSL2-x86_64-with-Ubuntu-18.04-bionic)
        msrest/0.6.21 msrest_azure/0.6.3 azure-mgmt-containerservice/11.0.0 Azure-SDK-For-Python
        AZURECLI/2.25.0
    method: GET
    uri: https://management.azure.com/subscriptions/00000000-0000-0000-0000-000000000000/providers/Microsoft.ContainerService/locations/westus2/operations/bc043c7e-ac2c-4523-9358-b73a0c842c5e?api-version=2016-03-30
  response:
    body:
      string: "{\n  \"name\": \"7e3c04bc-2cac-2345-9358-b73a0c842c5e\",\n  \"status\":
        \"InProgress\",\n  \"startTime\": \"2021-06-23T08:01:39.2966666Z\"\n }"
    headers:
      cache-control:
      - no-cache
      content-length:
      - '126'
      content-type:
      - application/json
      date:
      - Wed, 23 Jun 2021 08:07:55 GMT
      expires:
      - '-1'
      pragma:
      - no-cache
      server:
      - nginx
      strict-transport-security:
      - max-age=31536000; includeSubDomains
      transfer-encoding:
      - chunked
      vary:
      - Accept-Encoding
      x-content-type-options:
      - nosniff
    status:
      code: 200
      message: OK
- request:
    body: null
    headers:
      Accept:
      - application/json
      Accept-Encoding:
      - gzip, deflate
      CommandName:
      - aks create
      Connection:
      - keep-alive
      ParameterSetName:
      - --resource-group --name --node-count --generate-ssh-keys --enable-public-fqdn
        --enable-private-cluster --aks-custom-headers
      User-Agent:
      - python/3.6.9 (Linux-5.4.72-microsoft-standard-WSL2-x86_64-with-Ubuntu-18.04-bionic)
        msrest/0.6.21 msrest_azure/0.6.3 azure-mgmt-containerservice/11.0.0 Azure-SDK-For-Python
        AZURECLI/2.25.0
    method: GET
    uri: https://management.azure.com/subscriptions/00000000-0000-0000-0000-000000000000/providers/Microsoft.ContainerService/locations/westus2/operations/bc043c7e-ac2c-4523-9358-b73a0c842c5e?api-version=2016-03-30
  response:
    body:
      string: "{\n  \"name\": \"7e3c04bc-2cac-2345-9358-b73a0c842c5e\",\n  \"status\":
        \"InProgress\",\n  \"startTime\": \"2021-06-23T08:01:39.2966666Z\"\n }"
    headers:
      cache-control:
      - no-cache
      content-length:
      - '126'
      content-type:
      - application/json
      date:
      - Wed, 23 Jun 2021 08:08:26 GMT
      expires:
      - '-1'
      pragma:
      - no-cache
      server:
      - nginx
      strict-transport-security:
      - max-age=31536000; includeSubDomains
      transfer-encoding:
      - chunked
      vary:
      - Accept-Encoding
      x-content-type-options:
      - nosniff
    status:
      code: 200
      message: OK
- request:
    body: null
    headers:
      Accept:
      - application/json
      Accept-Encoding:
      - gzip, deflate
      CommandName:
      - aks create
      Connection:
      - keep-alive
      ParameterSetName:
      - --resource-group --name --node-count --generate-ssh-keys --enable-public-fqdn
        --enable-private-cluster --aks-custom-headers
      User-Agent:
      - python/3.6.9 (Linux-5.4.72-microsoft-standard-WSL2-x86_64-with-Ubuntu-18.04-bionic)
        msrest/0.6.21 msrest_azure/0.6.3 azure-mgmt-containerservice/11.0.0 Azure-SDK-For-Python
        AZURECLI/2.25.0
    method: GET
    uri: https://management.azure.com/subscriptions/00000000-0000-0000-0000-000000000000/providers/Microsoft.ContainerService/locations/westus2/operations/bc043c7e-ac2c-4523-9358-b73a0c842c5e?api-version=2016-03-30
  response:
    body:
      string: "{\n  \"name\": \"7e3c04bc-2cac-2345-9358-b73a0c842c5e\",\n  \"status\":
        \"InProgress\",\n  \"startTime\": \"2021-06-23T08:01:39.2966666Z\"\n }"
    headers:
      cache-control:
      - no-cache
      content-length:
      - '126'
      content-type:
      - application/json
      date:
      - Wed, 23 Jun 2021 08:08:57 GMT
      expires:
      - '-1'
      pragma:
      - no-cache
      server:
      - nginx
      strict-transport-security:
      - max-age=31536000; includeSubDomains
      transfer-encoding:
      - chunked
      vary:
      - Accept-Encoding
      x-content-type-options:
      - nosniff
    status:
      code: 200
      message: OK
- request:
    body: null
    headers:
      Accept:
      - application/json
      Accept-Encoding:
      - gzip, deflate
      CommandName:
      - aks create
      Connection:
      - keep-alive
      ParameterSetName:
      - --resource-group --name --node-count --generate-ssh-keys --enable-public-fqdn
        --enable-private-cluster --aks-custom-headers
      User-Agent:
      - python/3.6.9 (Linux-5.4.72-microsoft-standard-WSL2-x86_64-with-Ubuntu-18.04-bionic)
        msrest/0.6.21 msrest_azure/0.6.3 azure-mgmt-containerservice/11.0.0 Azure-SDK-For-Python
        AZURECLI/2.25.0
    method: GET
    uri: https://management.azure.com/subscriptions/00000000-0000-0000-0000-000000000000/providers/Microsoft.ContainerService/locations/westus2/operations/bc043c7e-ac2c-4523-9358-b73a0c842c5e?api-version=2016-03-30
  response:
    body:
      string: "{\n  \"name\": \"7e3c04bc-2cac-2345-9358-b73a0c842c5e\",\n  \"status\":
        \"Succeeded\",\n  \"startTime\": \"2021-06-23T08:01:39.2966666Z\",\n  \"endTime\":
        \"2021-06-23T08:09:03.947086Z\"\n }"
    headers:
      cache-control:
      - no-cache
      content-length:
      - '169'
      content-type:
      - application/json
      date:
      - Wed, 23 Jun 2021 08:09:29 GMT
      expires:
      - '-1'
      pragma:
      - no-cache
      server:
      - nginx
      strict-transport-security:
      - max-age=31536000; includeSubDomains
      transfer-encoding:
      - chunked
      vary:
      - Accept-Encoding
      x-content-type-options:
      - nosniff
    status:
      code: 200
      message: OK
- request:
    body: null
    headers:
      Accept:
      - application/json
      Accept-Encoding:
      - gzip, deflate
      CommandName:
      - aks create
      Connection:
      - keep-alive
      ParameterSetName:
      - --resource-group --name --node-count --generate-ssh-keys --enable-public-fqdn
        --enable-private-cluster --aks-custom-headers
      User-Agent:
      - python/3.6.9 (Linux-5.4.72-microsoft-standard-WSL2-x86_64-with-Ubuntu-18.04-bionic)
        msrest/0.6.21 msrest_azure/0.6.3 azure-mgmt-containerservice/11.0.0 Azure-SDK-For-Python
        AZURECLI/2.25.0
    method: GET
    uri: https://management.azure.com/subscriptions/00000000-0000-0000-0000-000000000000/resourceGroups/clitest000001/providers/Microsoft.ContainerService/managedClusters/cliakstest000001?api-version=2021-05-01
  response:
    body:
      string: "{\n  \"id\": \"/subscriptions/00000000-0000-0000-0000-000000000000/resourcegroups/clitest000001/providers/Microsoft.ContainerService/managedClusters/cliakstest000001\",\n
        \ \"location\": \"westus2\",\n  \"name\": \"cliakstest000001\",\n  \"type\":
        \"Microsoft.ContainerService/ManagedClusters\",\n  \"properties\": {\n   \"provisioningState\":
        \"Succeeded\",\n   \"powerState\": {\n    \"code\": \"Running\"\n   },\n   \"kubernetesVersion\":
        \"1.19.11\",\n   \"dnsPrefix\": \"cliakstest-clitestm6375nb7i-8ecadf\",\n
        \  \"fqdn\": \"cliakstest-clitestm6375nb7i-8ecadf-9596d2b3.hcp.westus2.azmk8s.io\",\n
        \  \"azurePortalFQDN\": \"7ff964ceefa0f95e06bf0dc0a0326bf9-priv.portal.hcp.westus2.azmk8s.io\",\n
        \  \"privateFQDN\": \"cliakstest-clitestm6375nb7i-8ecadf-3d93f2a4.4905f439-b4d7-44bb-bed3-4000fe61d01a.privatelink.westus2.azmk8s.io\",\n
        \  \"agentPoolProfiles\": [\n    {\n     \"name\": \"nodepool1\",\n     \"count\":
        1,\n     \"vmSize\": \"Standard_DS2_v2\",\n     \"osDiskSizeGB\": 128,\n     \"osDiskType\":
        \"Managed\",\n     \"kubeletDiskType\": \"OS\",\n     \"maxPods\": 110,\n
        \    \"type\": \"VirtualMachineScaleSets\",\n     \"provisioningState\": \"Succeeded\",\n
        \    \"powerState\": {\n      \"code\": \"Running\"\n     },\n     \"orchestratorVersion\":
        \"1.19.11\",\n     \"enableNodePublicIP\": false,\n     \"nodeLabels\": {},\n
        \    \"mode\": \"System\",\n     \"enableEncryptionAtHost\": false,\n     \"enableUltraSSD\":
        false,\n     \"osType\": \"Linux\",\n     \"osSKU\": \"Ubuntu\",\n     \"nodeImageVersion\":
        \"AKSUbuntu-1804gen2containerd-2021.06.02\",\n     \"enableFIPS\": false\n
        \   }\n   ],\n   \"linuxProfile\": {\n    \"adminUsername\": \"azureuser\",\n
        \   \"ssh\": {\n     \"publicKeys\": [\n      {\n       \"keyData\": \"ssh-rsa
        AAAAB3NzaC1yc2EAAAADAQABAAABAQDDa7B9UAcZjiNXFbAWabU3ZJQsZv4CgsZK8jq+ZRCaJsErW/Lbi/pURsGaLmwn2Hn+zSHj5i4yhNmi3/l89lkvBuv6+sENFnrG5QzUr/9B3UaiwOGCKX6Z/SlC62fz+lAerbtB0ntHs0cTgdLCwAzNanpGqVUpTNkFrnDO2OjJF1SwqTVdyFRY7fCOvrXVXxcdrmMKGxDgihRCkEztaGjiyE5Rc5nHuti8CrfWl6V8tgG9oaRBJOJ4WkM7TT+S7B+XCUUWh8JUXH/KU6wIP47gvZ98KxL0WRFY/Dt+YnlknpvxS7u3fcP+RozpaZ1MIwibjec3ch8Evx8Z7RgaFwav
        fumingzhang@microsoft.com\\n\"\n      }\n     ]\n    }\n   },\n   \"servicePrincipalProfile\":
        {\n    \"clientId\":\"00000000-0000-0000-0000-000000000001\"\n   },\n   \"nodeResourceGroup\":
        \"MC_clitest000001_cliakstest000001_westus2\",\n   \"enableRBAC\": true,\n
        \  \"enablePodSecurityPolicy\": false,\n   \"networkProfile\": {\n    \"networkPlugin\":
        \"kubenet\",\n    \"loadBalancerSku\": \"Standard\",\n    \"loadBalancerProfile\":
        {\n     \"managedOutboundIPs\": {\n      \"count\": 1\n     },\n     \"effectiveOutboundIPs\":
        [\n      {\n       \"id\": \"/subscriptions/00000000-0000-0000-0000-000000000000/resourceGroups/MC_clitest000001_cliakstest000001_westus2/providers/Microsoft.Network/publicIPAddresses/f480dc5d-27a9-4dae-a184-c38f7a6cf645\"\n
        \     }\n     ]\n    },\n    \"podCidr\": \"10.244.0.0/16\",\n    \"serviceCidr\":
        \"10.0.0.0/16\",\n    \"dnsServiceIP\": \"10.0.0.10\",\n    \"dockerBridgeCidr\":
        \"172.17.0.1/16\",\n    \"outboundType\": \"loadBalancer\"\n   },\n   \"maxAgentPools\":
        100,\n   \"privateLinkResources\": [\n    {\n     \"id\": \"/subscriptions/00000000-0000-0000-0000-000000000000/resourcegroups/clitest000001/providers/Microsoft.ContainerService/managedClusters/cliakstest000001/privateLinkResources/management\",\n
        \    \"name\": \"management\",\n     \"type\": \"Microsoft.ContainerService/managedClusters/privateLinkResources\",\n
        \    \"groupId\": \"management\",\n     \"requiredMembers\": [\n      \"management\"\n
        \    ]\n    }\n   ],\n   \"apiServerAccessProfile\": {\n    \"enablePrivateCluster\":
        true,\n    \"privateDNSZone\": \"system\",\n    \"enablePrivateClusterPublicFQDN\":
        true\n   },\n   \"identityProfile\": {\n    \"kubeletidentity\": {\n     \"resourceId\":
        \"/subscriptions/00000000-0000-0000-0000-000000000000/resourcegroups/MC_clitest000001_cliakstest000001_westus2/providers/Microsoft.ManagedIdentity/userAssignedIdentities/cliakstest000001-agentpool\",\n
        \    \"clientId\":\"00000000-0000-0000-0000-000000000001\",\n     \"objectId\":\"00000000-0000-0000-0000-000000000001\"\n
        \   }\n   },\n   \"disableLocalAccounts\": false\n  },\n  \"identity\": {\n
        \  \"type\": \"SystemAssigned\",\n   \"principalId\":\"00000000-0000-0000-0000-000000000001\",\n
        \  \"tenantId\": \"72f988bf-86f1-41af-91ab-2d7cd011db47\"\n  },\n  \"sku\":
        {\n   \"name\": \"Basic\",\n   \"tier\": \"Free\"\n  }\n }"
    headers:
      cache-control:
      - no-cache
      content-length:
      - '4092'
      content-type:
      - application/json
      date:
      - Wed, 23 Jun 2021 08:09:31 GMT
      expires:
      - '-1'
      pragma:
      - no-cache
      server:
      - nginx
      strict-transport-security:
      - max-age=31536000; includeSubDomains
      transfer-encoding:
      - chunked
      vary:
      - Accept-Encoding
      x-content-type-options:
      - nosniff
    status:
      code: 200
      message: OK
- request:
    body: null
    headers:
      Accept:
      - application/json
      Accept-Encoding:
      - gzip, deflate
      CommandName:
      - aks update
      Connection:
      - keep-alive
      ParameterSetName:
      - --resource-group --name --disable-public-fqdn --aks-custom-headers
      User-Agent:
      - python/3.6.9 (Linux-5.4.72-microsoft-standard-WSL2-x86_64-with-Ubuntu-18.04-bionic)
        msrest/0.6.21 msrest_azure/0.6.3 azure-mgmt-containerservice/11.0.0 Azure-SDK-For-Python
        AZURECLI/2.25.0
      accept-language:
      - en-US
    method: GET
    uri: https://management.azure.com/subscriptions/00000000-0000-0000-0000-000000000000/resourceGroups/clitest000001/providers/Microsoft.ContainerService/managedClusters/cliakstest000001?api-version=2021-05-01
  response:
    body:
      string: "{\n  \"id\": \"/subscriptions/00000000-0000-0000-0000-000000000000/resourcegroups/clitest000001/providers/Microsoft.ContainerService/managedClusters/cliakstest000001\",\n
        \ \"location\": \"westus2\",\n  \"name\": \"cliakstest000001\",\n  \"type\":
        \"Microsoft.ContainerService/ManagedClusters\",\n  \"properties\": {\n   \"provisioningState\":
        \"Succeeded\",\n   \"powerState\": {\n    \"code\": \"Running\"\n   },\n   \"kubernetesVersion\":
        \"1.19.11\",\n   \"dnsPrefix\": \"cliakstest-clitestm6375nb7i-8ecadf\",\n
        \  \"fqdn\": \"cliakstest-clitestm6375nb7i-8ecadf-9596d2b3.hcp.westus2.azmk8s.io\",\n
        \  \"azurePortalFQDN\": \"7ff964ceefa0f95e06bf0dc0a0326bf9-priv.portal.hcp.westus2.azmk8s.io\",\n
        \  \"privateFQDN\": \"cliakstest-clitestm6375nb7i-8ecadf-3d93f2a4.4905f439-b4d7-44bb-bed3-4000fe61d01a.privatelink.westus2.azmk8s.io\",\n
        \  \"agentPoolProfiles\": [\n    {\n     \"name\": \"nodepool1\",\n     \"count\":
        1,\n     \"vmSize\": \"Standard_DS2_v2\",\n     \"osDiskSizeGB\": 128,\n     \"osDiskType\":
        \"Managed\",\n     \"kubeletDiskType\": \"OS\",\n     \"maxPods\": 110,\n
        \    \"type\": \"VirtualMachineScaleSets\",\n     \"provisioningState\": \"Succeeded\",\n
        \    \"powerState\": {\n      \"code\": \"Running\"\n     },\n     \"orchestratorVersion\":
        \"1.19.11\",\n     \"enableNodePublicIP\": false,\n     \"nodeLabels\": {},\n
        \    \"mode\": \"System\",\n     \"enableEncryptionAtHost\": false,\n     \"enableUltraSSD\":
        false,\n     \"osType\": \"Linux\",\n     \"osSKU\": \"Ubuntu\",\n     \"nodeImageVersion\":
        \"AKSUbuntu-1804gen2containerd-2021.06.02\",\n     \"enableFIPS\": false\n
        \   }\n   ],\n   \"linuxProfile\": {\n    \"adminUsername\": \"azureuser\",\n
        \   \"ssh\": {\n     \"publicKeys\": [\n      {\n       \"keyData\": \"ssh-rsa
        AAAAB3NzaC1yc2EAAAADAQABAAABAQDDa7B9UAcZjiNXFbAWabU3ZJQsZv4CgsZK8jq+ZRCaJsErW/Lbi/pURsGaLmwn2Hn+zSHj5i4yhNmi3/l89lkvBuv6+sENFnrG5QzUr/9B3UaiwOGCKX6Z/SlC62fz+lAerbtB0ntHs0cTgdLCwAzNanpGqVUpTNkFrnDO2OjJF1SwqTVdyFRY7fCOvrXVXxcdrmMKGxDgihRCkEztaGjiyE5Rc5nHuti8CrfWl6V8tgG9oaRBJOJ4WkM7TT+S7B+XCUUWh8JUXH/KU6wIP47gvZ98KxL0WRFY/Dt+YnlknpvxS7u3fcP+RozpaZ1MIwibjec3ch8Evx8Z7RgaFwav
        fumingzhang@microsoft.com\\n\"\n      }\n     ]\n    }\n   },\n   \"servicePrincipalProfile\":
        {\n    \"clientId\":\"00000000-0000-0000-0000-000000000001\"\n   },\n   \"nodeResourceGroup\":
        \"MC_clitest000001_cliakstest000001_westus2\",\n   \"enableRBAC\": true,\n
        \  \"enablePodSecurityPolicy\": false,\n   \"networkProfile\": {\n    \"networkPlugin\":
        \"kubenet\",\n    \"loadBalancerSku\": \"Standard\",\n    \"loadBalancerProfile\":
        {\n     \"managedOutboundIPs\": {\n      \"count\": 1\n     },\n     \"effectiveOutboundIPs\":
        [\n      {\n       \"id\": \"/subscriptions/00000000-0000-0000-0000-000000000000/resourceGroups/MC_clitest000001_cliakstest000001_westus2/providers/Microsoft.Network/publicIPAddresses/f480dc5d-27a9-4dae-a184-c38f7a6cf645\"\n
        \     }\n     ]\n    },\n    \"podCidr\": \"10.244.0.0/16\",\n    \"serviceCidr\":
        \"10.0.0.0/16\",\n    \"dnsServiceIP\": \"10.0.0.10\",\n    \"dockerBridgeCidr\":
        \"172.17.0.1/16\",\n    \"outboundType\": \"loadBalancer\"\n   },\n   \"maxAgentPools\":
        100,\n   \"privateLinkResources\": [\n    {\n     \"id\": \"/subscriptions/00000000-0000-0000-0000-000000000000/resourcegroups/clitest000001/providers/Microsoft.ContainerService/managedClusters/cliakstest000001/privateLinkResources/management\",\n
        \    \"name\": \"management\",\n     \"type\": \"Microsoft.ContainerService/managedClusters/privateLinkResources\",\n
        \    \"groupId\": \"management\",\n     \"requiredMembers\": [\n      \"management\"\n
        \    ]\n    }\n   ],\n   \"apiServerAccessProfile\": {\n    \"enablePrivateCluster\":
        true,\n    \"privateDNSZone\": \"system\",\n    \"enablePrivateClusterPublicFQDN\":
        true\n   },\n   \"identityProfile\": {\n    \"kubeletidentity\": {\n     \"resourceId\":
        \"/subscriptions/00000000-0000-0000-0000-000000000000/resourcegroups/MC_clitest000001_cliakstest000001_westus2/providers/Microsoft.ManagedIdentity/userAssignedIdentities/cliakstest000001-agentpool\",\n
        \    \"clientId\":\"00000000-0000-0000-0000-000000000001\",\n     \"objectId\":\"00000000-0000-0000-0000-000000000001\"\n
        \   }\n   },\n   \"disableLocalAccounts\": false\n  },\n  \"identity\": {\n
        \  \"type\": \"SystemAssigned\",\n   \"principalId\":\"00000000-0000-0000-0000-000000000001\",\n
        \  \"tenantId\": \"72f988bf-86f1-41af-91ab-2d7cd011db47\"\n  },\n  \"sku\":
        {\n   \"name\": \"Basic\",\n   \"tier\": \"Free\"\n  }\n }"
    headers:
      cache-control:
      - no-cache
      content-length:
      - '4092'
      content-type:
      - application/json
      date:
      - Wed, 23 Jun 2021 08:09:33 GMT
      expires:
      - '-1'
      pragma:
      - no-cache
      server:
      - nginx
      strict-transport-security:
      - max-age=31536000; includeSubDomains
      transfer-encoding:
      - chunked
      vary:
      - Accept-Encoding
      x-content-type-options:
      - nosniff
    status:
      code: 200
      message: OK
- request:
    body: '{"location": "westus2", "properties": {"kubernetesVersion": "1.19.11",
      "dnsPrefix": "cliakstest-clitestm6375nb7i-8ecadf", "agentPoolProfiles": [{"count":
      1, "vmSize": "Standard_DS2_v2", "osDiskSizeGB": 128, "osDiskType": "Managed",
      "kubeletDiskType": "OS", "maxPods": 110, "osType": "Linux", "osSKU": "Ubuntu",
      "type": "VirtualMachineScaleSets", "mode": "System", "orchestratorVersion":
      "1.19.11", "enableNodePublicIP": false, "nodeLabels": {}, "enableEncryptionAtHost":
      false, "enableUltraSSD": false, "enableFIPS": false, "name": "nodepool1"}],
      "linuxProfile": {"adminUsername": "azureuser", "ssh": {"publicKeys": [{"keyData":
      "ssh-rsa AAAAB3NzaC1yc2EAAAADAQABAAABAQDDa7B9UAcZjiNXFbAWabU3ZJQsZv4CgsZK8jq+ZRCaJsErW/Lbi/pURsGaLmwn2Hn+zSHj5i4yhNmi3/l89lkvBuv6+sENFnrG5QzUr/9B3UaiwOGCKX6Z/SlC62fz+lAerbtB0ntHs0cTgdLCwAzNanpGqVUpTNkFrnDO2OjJF1SwqTVdyFRY7fCOvrXVXxcdrmMKGxDgihRCkEztaGjiyE5Rc5nHuti8CrfWl6V8tgG9oaRBJOJ4WkM7TT+S7B+XCUUWh8JUXH/KU6wIP47gvZ98KxL0WRFY/Dt+YnlknpvxS7u3fcP+RozpaZ1MIwibjec3ch8Evx8Z7RgaFwav
      fumingzhang@microsoft.com\n"}]}}, "servicePrincipalProfile": {"clientId":"00000000-0000-0000-0000-000000000001"},
      "nodeResourceGroup": "MC_clitest000001_cliakstest000001_westus2", "enableRBAC":
      true, "enablePodSecurityPolicy": false, "networkProfile": {"networkPlugin":
      "kubenet", "podCidr": "10.244.0.0/16", "serviceCidr": "10.0.0.0/16", "dnsServiceIP":
      "10.0.0.10", "dockerBridgeCidr": "172.17.0.1/16", "outboundType": "loadBalancer",
      "loadBalancerSku": "Standard", "loadBalancerProfile": {"managedOutboundIPs":
      {"count": 1}, "effectiveOutboundIPs": [{"id": "/subscriptions/00000000-0000-0000-0000-000000000000/resourceGroups/MC_clitest000001_cliakstest000001_westus2/providers/Microsoft.Network/publicIPAddresses/f480dc5d-27a9-4dae-a184-c38f7a6cf645"}]}},
      "autoUpgradeProfile": {}, "apiServerAccessProfile": {"enablePrivateCluster":
      true, "privateDNSZone": "system", "enablePrivateClusterPublicFQDN": false},
      "identityProfile": {"kubeletidentity": {"resourceId": "/subscriptions/00000000-0000-0000-0000-000000000000/resourcegroups/MC_clitest000001_cliakstest000001_westus2/providers/Microsoft.ManagedIdentity/userAssignedIdentities/cliakstest000001-agentpool",
      "clientId":"00000000-0000-0000-0000-000000000001", "objectId":"00000000-0000-0000-0000-000000000001"}},
      "privateLinkResources": [{"id": "/subscriptions/00000000-0000-0000-0000-000000000000/resourcegroups/clitest000001/providers/Microsoft.ContainerService/managedClusters/cliakstest000001/privateLinkResources/management",
      "name": "management", "type": "Microsoft.ContainerService/managedClusters/privateLinkResources",
      "groupId": "management", "requiredMembers": ["management"]}], "disableLocalAccounts":
      false}, "identity": {"type": "SystemAssigned"}, "sku": {"name": "Basic", "tier":
      "Free"}}'
    headers:
      AKSHTTPCustomFeatures:
      - Microsoft.ContainerService/EnablePrivateClusterPublicFQDN
      Accept:
      - application/json
      Accept-Encoding:
      - gzip, deflate
      CommandName:
      - aks update
      Connection:
      - keep-alive
      Content-Length:
      - '2755'
      Content-Type:
      - application/json; charset=utf-8
      ParameterSetName:
      - --resource-group --name --disable-public-fqdn --aks-custom-headers
      User-Agent:
      - python/3.6.9 (Linux-5.4.72-microsoft-standard-WSL2-x86_64-with-Ubuntu-18.04-bionic)
        msrest/0.6.21 msrest_azure/0.6.3 azure-mgmt-containerservice/11.0.0 Azure-SDK-For-Python
        AZURECLI/2.25.0
      accept-language:
      - en-US
    method: PUT
    uri: https://management.azure.com/subscriptions/00000000-0000-0000-0000-000000000000/resourceGroups/clitest000001/providers/Microsoft.ContainerService/managedClusters/cliakstest000001?api-version=2021-05-01
  response:
    body:
      string: "{\n  \"id\": \"/subscriptions/00000000-0000-0000-0000-000000000000/resourcegroups/clitest000001/providers/Microsoft.ContainerService/managedClusters/cliakstest000001\",\n
        \ \"location\": \"westus2\",\n  \"name\": \"cliakstest000001\",\n  \"type\":
        \"Microsoft.ContainerService/ManagedClusters\",\n  \"properties\": {\n   \"provisioningState\":
        \"Updating\",\n   \"powerState\": {\n    \"code\": \"Running\"\n   },\n   \"kubernetesVersion\":
        \"1.19.11\",\n   \"dnsPrefix\": \"cliakstest-clitestm6375nb7i-8ecadf\",\n
        \  \"azurePortalFQDN\": \"7ff964ceefa0f95e06bf0dc0a0326bf9-priv.portal.hcp.westus2.azmk8s.io\",\n
        \  \"privateFQDN\": \"cliakstest-clitestm6375nb7i-8ecadf-3d93f2a4.4905f439-b4d7-44bb-bed3-4000fe61d01a.privatelink.westus2.azmk8s.io\",\n
        \  \"agentPoolProfiles\": [\n    {\n     \"name\": \"nodepool1\",\n     \"count\":
        1,\n     \"vmSize\": \"Standard_DS2_v2\",\n     \"osDiskSizeGB\": 128,\n     \"osDiskType\":
        \"Managed\",\n     \"kubeletDiskType\": \"OS\",\n     \"maxPods\": 110,\n
        \    \"type\": \"VirtualMachineScaleSets\",\n     \"provisioningState\": \"Updating\",\n
        \    \"powerState\": {\n      \"code\": \"Running\"\n     },\n     \"orchestratorVersion\":
        \"1.19.11\",\n     \"enableNodePublicIP\": false,\n     \"nodeLabels\": {},\n
        \    \"mode\": \"System\",\n     \"enableEncryptionAtHost\": false,\n     \"enableUltraSSD\":
        false,\n     \"osType\": \"Linux\",\n     \"osSKU\": \"Ubuntu\",\n     \"nodeImageVersion\":
        \"AKSUbuntu-1804gen2containerd-2021.06.02\",\n     \"enableFIPS\": false\n
        \   }\n   ],\n   \"linuxProfile\": {\n    \"adminUsername\": \"azureuser\",\n
        \   \"ssh\": {\n     \"publicKeys\": [\n      {\n       \"keyData\": \"ssh-rsa
        AAAAB3NzaC1yc2EAAAADAQABAAABAQDDa7B9UAcZjiNXFbAWabU3ZJQsZv4CgsZK8jq+ZRCaJsErW/Lbi/pURsGaLmwn2Hn+zSHj5i4yhNmi3/l89lkvBuv6+sENFnrG5QzUr/9B3UaiwOGCKX6Z/SlC62fz+lAerbtB0ntHs0cTgdLCwAzNanpGqVUpTNkFrnDO2OjJF1SwqTVdyFRY7fCOvrXVXxcdrmMKGxDgihRCkEztaGjiyE5Rc5nHuti8CrfWl6V8tgG9oaRBJOJ4WkM7TT+S7B+XCUUWh8JUXH/KU6wIP47gvZ98KxL0WRFY/Dt+YnlknpvxS7u3fcP+RozpaZ1MIwibjec3ch8Evx8Z7RgaFwav
        fumingzhang@microsoft.com\\n\"\n      }\n     ]\n    }\n   },\n   \"servicePrincipalProfile\":
        {\n    \"clientId\":\"00000000-0000-0000-0000-000000000001\"\n   },\n   \"nodeResourceGroup\":
        \"MC_clitest000001_cliakstest000001_westus2\",\n   \"enableRBAC\": true,\n
        \  \"enablePodSecurityPolicy\": false,\n   \"networkProfile\": {\n    \"networkPlugin\":
        \"kubenet\",\n    \"loadBalancerSku\": \"Standard\",\n    \"loadBalancerProfile\":
        {\n     \"managedOutboundIPs\": {\n      \"count\": 1\n     },\n     \"effectiveOutboundIPs\":
        [\n      {\n       \"id\": \"/subscriptions/00000000-0000-0000-0000-000000000000/resourceGroups/MC_clitest000001_cliakstest000001_westus2/providers/Microsoft.Network/publicIPAddresses/f480dc5d-27a9-4dae-a184-c38f7a6cf645\"\n
        \     }\n     ]\n    },\n    \"podCidr\": \"10.244.0.0/16\",\n    \"serviceCidr\":
        \"10.0.0.0/16\",\n    \"dnsServiceIP\": \"10.0.0.10\",\n    \"dockerBridgeCidr\":
        \"172.17.0.1/16\",\n    \"outboundType\": \"loadBalancer\"\n   },\n   \"maxAgentPools\":
        100,\n   \"privateLinkResources\": [\n    {\n     \"name\": \"management\",\n
        \    \"type\": \"Microsoft.ContainerService/managedClusters/privateLinkResources\",\n
        \    \"groupId\": \"management\",\n     \"requiredMembers\": [\n      \"management\"\n
        \    ],\n     \"privateLinkServiceID\": \"/subscriptions/00000000-0000-0000-0000-000000000000/resourceGroups/hcp-underlay-westus2-cx-82/providers/Microsoft.Network/privateLinkServices/aa37440e9a05a417daffb694dad640f9\"\n
        \   }\n   ],\n   \"apiServerAccessProfile\": {\n    \"enablePrivateCluster\":
        true,\n    \"privateDNSZone\": \"system\",\n    \"enablePrivateClusterPublicFQDN\":
        false\n   },\n   \"identityProfile\": {\n    \"kubeletidentity\": {\n     \"resourceId\":
        \"/subscriptions/00000000-0000-0000-0000-000000000000/resourcegroups/MC_clitest000001_cliakstest000001_westus2/providers/Microsoft.ManagedIdentity/userAssignedIdentities/cliakstest000001-agentpool\",\n
        \    \"clientId\":\"00000000-0000-0000-0000-000000000001\",\n     \"objectId\":\"00000000-0000-0000-0000-000000000001\"\n
        \   }\n   },\n   \"disableLocalAccounts\": false\n  },\n  \"identity\": {\n
        \  \"type\": \"SystemAssigned\",\n   \"principalId\":\"00000000-0000-0000-0000-000000000001\",\n
        \  \"tenantId\": \"72f988bf-86f1-41af-91ab-2d7cd011db47\"\n  },\n  \"sku\":
        {\n   \"name\": \"Basic\",\n   \"tier\": \"Free\"\n  }\n }"
    headers:
      azure-asyncoperation:
      - https://management.azure.com/subscriptions/00000000-0000-0000-0000-000000000000/providers/Microsoft.ContainerService/locations/westus2/operations/9755368f-2b18-433c-af42-6cd31e47cd66?api-version=2016-03-30
      cache-control:
      - no-cache
      content-length:
      - '4017'
      content-type:
      - application/json
      date:
      - Wed, 23 Jun 2021 08:09:40 GMT
      expires:
      - '-1'
      pragma:
      - no-cache
      server:
      - nginx
      strict-transport-security:
      - max-age=31536000; includeSubDomains
      transfer-encoding:
      - chunked
      vary:
      - Accept-Encoding
      x-content-type-options:
      - nosniff
      x-ms-ratelimit-remaining-subscription-writes:
      - '1199'
    status:
      code: 200
      message: OK
- request:
    body: null
    headers:
      Accept:
      - application/json
      Accept-Encoding:
      - gzip, deflate
      CommandName:
      - aks update
      Connection:
      - keep-alive
      ParameterSetName:
      - --resource-group --name --disable-public-fqdn --aks-custom-headers
      User-Agent:
      - python/3.6.9 (Linux-5.4.72-microsoft-standard-WSL2-x86_64-with-Ubuntu-18.04-bionic)
        msrest/0.6.21 msrest_azure/0.6.3 azure-mgmt-containerservice/11.0.0 Azure-SDK-For-Python
        AZURECLI/2.25.0
    method: GET
    uri: https://management.azure.com/subscriptions/00000000-0000-0000-0000-000000000000/providers/Microsoft.ContainerService/locations/westus2/operations/9755368f-2b18-433c-af42-6cd31e47cd66?api-version=2016-03-30
  response:
    body:
      string: "{\n  \"name\": \"8f365597-182b-3c43-af42-6cd31e47cd66\",\n  \"status\":
        \"InProgress\",\n  \"startTime\": \"2021-06-23T08:09:38.22Z\"\n }"
    headers:
      cache-control:
      - no-cache
      content-length:
      - '121'
      content-type:
      - application/json
      date:
      - Wed, 23 Jun 2021 08:10:10 GMT
      expires:
      - '-1'
      pragma:
      - no-cache
      server:
      - nginx
      strict-transport-security:
      - max-age=31536000; includeSubDomains
      transfer-encoding:
      - chunked
      vary:
      - Accept-Encoding
      x-content-type-options:
      - nosniff
    status:
      code: 200
      message: OK
- request:
    body: null
    headers:
      Accept:
      - application/json
      Accept-Encoding:
      - gzip, deflate
      CommandName:
      - aks update
      Connection:
      - keep-alive
      ParameterSetName:
      - --resource-group --name --disable-public-fqdn --aks-custom-headers
      User-Agent:
      - python/3.6.9 (Linux-5.4.72-microsoft-standard-WSL2-x86_64-with-Ubuntu-18.04-bionic)
        msrest/0.6.21 msrest_azure/0.6.3 azure-mgmt-containerservice/11.0.0 Azure-SDK-For-Python
        AZURECLI/2.25.0
    method: GET
    uri: https://management.azure.com/subscriptions/00000000-0000-0000-0000-000000000000/providers/Microsoft.ContainerService/locations/westus2/operations/9755368f-2b18-433c-af42-6cd31e47cd66?api-version=2016-03-30
  response:
    body:
      string: "{\n  \"name\": \"8f365597-182b-3c43-af42-6cd31e47cd66\",\n  \"status\":
        \"InProgress\",\n  \"startTime\": \"2021-06-23T08:09:38.22Z\"\n }"
    headers:
      cache-control:
      - no-cache
      content-length:
      - '121'
      content-type:
      - application/json
      date:
      - Wed, 23 Jun 2021 08:10:42 GMT
      expires:
      - '-1'
      pragma:
      - no-cache
      server:
      - nginx
      strict-transport-security:
      - max-age=31536000; includeSubDomains
      transfer-encoding:
      - chunked
      vary:
      - Accept-Encoding
      x-content-type-options:
      - nosniff
    status:
      code: 200
      message: OK
- request:
    body: null
    headers:
      Accept:
      - application/json
      Accept-Encoding:
      - gzip, deflate
      CommandName:
      - aks update
      Connection:
      - keep-alive
      ParameterSetName:
      - --resource-group --name --disable-public-fqdn --aks-custom-headers
      User-Agent:
      - python/3.6.9 (Linux-5.4.72-microsoft-standard-WSL2-x86_64-with-Ubuntu-18.04-bionic)
        msrest/0.6.21 msrest_azure/0.6.3 azure-mgmt-containerservice/11.0.0 Azure-SDK-For-Python
        AZURECLI/2.25.0
    method: GET
    uri: https://management.azure.com/subscriptions/00000000-0000-0000-0000-000000000000/providers/Microsoft.ContainerService/locations/westus2/operations/9755368f-2b18-433c-af42-6cd31e47cd66?api-version=2016-03-30
  response:
    body:
      string: "{\n  \"name\": \"8f365597-182b-3c43-af42-6cd31e47cd66\",\n  \"status\":
        \"InProgress\",\n  \"startTime\": \"2021-06-23T08:09:38.22Z\"\n }"
    headers:
      cache-control:
      - no-cache
      content-length:
      - '121'
      content-type:
      - application/json
      date:
      - Wed, 23 Jun 2021 08:11:14 GMT
      expires:
      - '-1'
      pragma:
      - no-cache
      server:
      - nginx
      strict-transport-security:
      - max-age=31536000; includeSubDomains
      transfer-encoding:
      - chunked
      vary:
      - Accept-Encoding
      x-content-type-options:
      - nosniff
    status:
      code: 200
      message: OK
- request:
    body: null
    headers:
      Accept:
      - application/json
      Accept-Encoding:
      - gzip, deflate
      CommandName:
      - aks update
      Connection:
      - keep-alive
      ParameterSetName:
      - --resource-group --name --disable-public-fqdn --aks-custom-headers
      User-Agent:
      - python/3.6.9 (Linux-5.4.72-microsoft-standard-WSL2-x86_64-with-Ubuntu-18.04-bionic)
        msrest/0.6.21 msrest_azure/0.6.3 azure-mgmt-containerservice/11.0.0 Azure-SDK-For-Python
        AZURECLI/2.25.0
    method: GET
    uri: https://management.azure.com/subscriptions/00000000-0000-0000-0000-000000000000/providers/Microsoft.ContainerService/locations/westus2/operations/9755368f-2b18-433c-af42-6cd31e47cd66?api-version=2016-03-30
  response:
    body:
      string: "{\n  \"name\": \"8f365597-182b-3c43-af42-6cd31e47cd66\",\n  \"status\":
        \"Succeeded\",\n  \"startTime\": \"2021-06-23T08:09:38.22Z\",\n  \"endTime\":
        \"2021-06-23T08:11:27.9321529Z\"\n }"
    headers:
      cache-control:
      - no-cache
      content-length:
      - '165'
      content-type:
      - application/json
      date:
      - Wed, 23 Jun 2021 08:11:45 GMT
      expires:
      - '-1'
      pragma:
      - no-cache
      server:
      - nginx
      strict-transport-security:
      - max-age=31536000; includeSubDomains
      transfer-encoding:
      - chunked
      vary:
      - Accept-Encoding
      x-content-type-options:
      - nosniff
    status:
      code: 200
      message: OK
- request:
    body: null
    headers:
      Accept:
      - application/json
      Accept-Encoding:
      - gzip, deflate
      CommandName:
      - aks update
      Connection:
      - keep-alive
      ParameterSetName:
      - --resource-group --name --disable-public-fqdn --aks-custom-headers
      User-Agent:
      - python/3.6.9 (Linux-5.4.72-microsoft-standard-WSL2-x86_64-with-Ubuntu-18.04-bionic)
        msrest/0.6.21 msrest_azure/0.6.3 azure-mgmt-containerservice/11.0.0 Azure-SDK-For-Python
        AZURECLI/2.25.0
    method: GET
    uri: https://management.azure.com/subscriptions/00000000-0000-0000-0000-000000000000/resourceGroups/clitest000001/providers/Microsoft.ContainerService/managedClusters/cliakstest000001?api-version=2021-05-01
  response:
    body:
      string: "{\n  \"id\": \"/subscriptions/00000000-0000-0000-0000-000000000000/resourcegroups/clitest000001/providers/Microsoft.ContainerService/managedClusters/cliakstest000001\",\n
        \ \"location\": \"westus2\",\n  \"name\": \"cliakstest000001\",\n  \"type\":
        \"Microsoft.ContainerService/ManagedClusters\",\n  \"properties\": {\n   \"provisioningState\":
        \"Succeeded\",\n   \"powerState\": {\n    \"code\": \"Running\"\n   },\n   \"kubernetesVersion\":
        \"1.19.11\",\n   \"dnsPrefix\": \"cliakstest-clitestm6375nb7i-8ecadf\",\n
        \  \"azurePortalFQDN\": \"7ff964ceefa0f95e06bf0dc0a0326bf9-priv.portal.hcp.westus2.azmk8s.io\",\n
        \  \"privateFQDN\": \"cliakstest-clitestm6375nb7i-8ecadf-3d93f2a4.4905f439-b4d7-44bb-bed3-4000fe61d01a.privatelink.westus2.azmk8s.io\",\n
        \  \"agentPoolProfiles\": [\n    {\n     \"name\": \"nodepool1\",\n     \"count\":
        1,\n     \"vmSize\": \"Standard_DS2_v2\",\n     \"osDiskSizeGB\": 128,\n     \"osDiskType\":
        \"Managed\",\n     \"kubeletDiskType\": \"OS\",\n     \"maxPods\": 110,\n
        \    \"type\": \"VirtualMachineScaleSets\",\n     \"provisioningState\": \"Succeeded\",\n
        \    \"powerState\": {\n      \"code\": \"Running\"\n     },\n     \"orchestratorVersion\":
        \"1.19.11\",\n     \"enableNodePublicIP\": false,\n     \"nodeLabels\": {},\n
        \    \"mode\": \"System\",\n     \"enableEncryptionAtHost\": false,\n     \"enableUltraSSD\":
        false,\n     \"osType\": \"Linux\",\n     \"osSKU\": \"Ubuntu\",\n     \"nodeImageVersion\":
        \"AKSUbuntu-1804gen2containerd-2021.06.02\",\n     \"enableFIPS\": false\n
        \   }\n   ],\n   \"linuxProfile\": {\n    \"adminUsername\": \"azureuser\",\n
        \   \"ssh\": {\n     \"publicKeys\": [\n      {\n       \"keyData\": \"ssh-rsa
        AAAAB3NzaC1yc2EAAAADAQABAAABAQDDa7B9UAcZjiNXFbAWabU3ZJQsZv4CgsZK8jq+ZRCaJsErW/Lbi/pURsGaLmwn2Hn+zSHj5i4yhNmi3/l89lkvBuv6+sENFnrG5QzUr/9B3UaiwOGCKX6Z/SlC62fz+lAerbtB0ntHs0cTgdLCwAzNanpGqVUpTNkFrnDO2OjJF1SwqTVdyFRY7fCOvrXVXxcdrmMKGxDgihRCkEztaGjiyE5Rc5nHuti8CrfWl6V8tgG9oaRBJOJ4WkM7TT+S7B+XCUUWh8JUXH/KU6wIP47gvZ98KxL0WRFY/Dt+YnlknpvxS7u3fcP+RozpaZ1MIwibjec3ch8Evx8Z7RgaFwav
        fumingzhang@microsoft.com\\n\"\n      }\n     ]\n    }\n   },\n   \"servicePrincipalProfile\":
        {\n    \"clientId\":\"00000000-0000-0000-0000-000000000001\"\n   },\n   \"nodeResourceGroup\":
        \"MC_clitest000001_cliakstest000001_westus2\",\n   \"enableRBAC\": true,\n
        \  \"enablePodSecurityPolicy\": false,\n   \"networkProfile\": {\n    \"networkPlugin\":
        \"kubenet\",\n    \"loadBalancerSku\": \"Standard\",\n    \"loadBalancerProfile\":
        {\n     \"managedOutboundIPs\": {\n      \"count\": 1\n     },\n     \"effectiveOutboundIPs\":
        [\n      {\n       \"id\": \"/subscriptions/00000000-0000-0000-0000-000000000000/resourceGroups/MC_clitest000001_cliakstest000001_westus2/providers/Microsoft.Network/publicIPAddresses/f480dc5d-27a9-4dae-a184-c38f7a6cf645\"\n
        \     }\n     ]\n    },\n    \"podCidr\": \"10.244.0.0/16\",\n    \"serviceCidr\":
        \"10.0.0.0/16\",\n    \"dnsServiceIP\": \"10.0.0.10\",\n    \"dockerBridgeCidr\":
        \"172.17.0.1/16\",\n    \"outboundType\": \"loadBalancer\"\n   },\n   \"maxAgentPools\":
        100,\n   \"privateLinkResources\": [\n    {\n     \"id\": \"/subscriptions/00000000-0000-0000-0000-000000000000/resourcegroups/clitest000001/providers/Microsoft.ContainerService/managedClusters/cliakstest000001/privateLinkResources/management\",\n
        \    \"name\": \"management\",\n     \"type\": \"Microsoft.ContainerService/managedClusters/privateLinkResources\",\n
        \    \"groupId\": \"management\",\n     \"requiredMembers\": [\n      \"management\"\n
        \    ]\n    }\n   ],\n   \"apiServerAccessProfile\": {\n    \"enablePrivateCluster\":
        true,\n    \"privateDNSZone\": \"system\",\n    \"enablePrivateClusterPublicFQDN\":
        false\n   },\n   \"identityProfile\": {\n    \"kubeletidentity\": {\n     \"resourceId\":
        \"/subscriptions/00000000-0000-0000-0000-000000000000/resourcegroups/MC_clitest000001_cliakstest000001_westus2/providers/Microsoft.ManagedIdentity/userAssignedIdentities/cliakstest000001-agentpool\",\n
        \    \"clientId\":\"00000000-0000-0000-0000-000000000001\",\n     \"objectId\":\"00000000-0000-0000-0000-000000000001\"\n
        \   }\n   },\n   \"disableLocalAccounts\": false\n  },\n  \"identity\": {\n
        \  \"type\": \"SystemAssigned\",\n   \"principalId\":\"00000000-0000-0000-0000-000000000001\",\n
        \  \"tenantId\": \"72f988bf-86f1-41af-91ab-2d7cd011db47\"\n  },\n  \"sku\":
        {\n   \"name\": \"Basic\",\n   \"tier\": \"Free\"\n  }\n }"
    headers:
      cache-control:
      - no-cache
      content-length:
      - '4013'
      content-type:
      - application/json
      date:
      - Wed, 23 Jun 2021 08:11:47 GMT
      expires:
      - '-1'
      pragma:
      - no-cache
      server:
      - nginx
      strict-transport-security:
      - max-age=31536000; includeSubDomains
      transfer-encoding:
      - chunked
      vary:
      - Accept-Encoding
      x-content-type-options:
      - nosniff
    status:
      code: 200
      message: OK
version: 1
