interactions:
- request:
    body: null
    headers:
      Accept:
      - application/json
      Accept-Encoding:
      - gzip, deflate
      CommandName:
      - aks create
      Connection:
      - keep-alive
      ParameterSetName:
      - --resource-group --name --enable-managed-identity --disable-local-accounts
        --ssh-key-value
      User-Agent:
      - AZURECLI/2.29.0 azsdk-python-azure-mgmt-resource/19.0.0 Python/3.8.11 (Linux-5.4.0-1059-azure-x86_64-with-glibc2.27)
    method: GET
    uri: https://management.azure.com/subscriptions/00000000-0000-0000-0000-000000000000/resourcegroups/clitest000001?api-version=2021-04-01
  response:
    body:
      string: '{"id":"/subscriptions/00000000-0000-0000-0000-000000000000/resourceGroups/clitest000001","name":"clitest000001","type":"Microsoft.Resources/resourceGroups","location":"westus2","tags":{"product":"azurecli","cause":"automation","date":"2021-10-19T06:53:14Z"},"properties":{"provisioningState":"Succeeded"}}'
    headers:
      cache-control:
      - no-cache
      content-length:
      - '313'
      content-type:
      - application/json; charset=utf-8
      date:
      - Tue, 19 Oct 2021 06:53:15 GMT
      expires:
      - '-1'
      pragma:
      - no-cache
      strict-transport-security:
      - max-age=31536000; includeSubDomains
      vary:
      - Accept-Encoding
      x-content-type-options:
      - nosniff
    status:
      code: 200
      message: OK
- request:
    body: '{"location": "westus2", "identity": {"type": "SystemAssigned"}, "properties":
      {"kubernetesVersion": "", "dnsPrefix": "cliakstest-clitestmkqzvgwg6-8ecadf",
      "agentPoolProfiles": [{"count": 3, "vmSize": "Standard_DS2_v2", "workloadRuntime":
      "OCIContainer", "osType": "Linux", "type": "VirtualMachineScaleSets", "mode":
      "System", "enableNodePublicIP": false, "scaleSetPriority": "Regular", "scaleSetEvictionPolicy":
      "Delete", "spotMaxPrice": -1.0, "enableEncryptionAtHost": false, "enableUltraSSD":
      false, "enableFIPS": false, "name": "nodepool1"}], "linuxProfile": {"adminUsername":
      "azureuser", "ssh": {"publicKeys": [{"keyData": "ssh-rsa AAAAB3NzaC1yc2EAAAADAQABAAABAQChv1lqJOFqlXd/Sp6RoI5ZS500UG+SXrE+6PjpUk8btELBCBXSUOpX7zYs5+VbuTUfHV7Qa3xBoL3HIbKKkz5QHvF9AUkjbpJLvCbQR1tlqkQdlGen4lsH0YQNOL0Q6Lj0UF+C5MaCHz4a+NecIZ9h/2mpeHV+KcIUaoC9Ulifi35BUvB/6lp4MQbcxJHXTwGbNLtzP+iJIkx8DafVXseJx4uh4wTIlKBLDpUKg+RYTze8UsYCkz1+YvE/cDjVsJh4edQ9fNqZyWYnjMbnyhk46pYpRVf6DeMX5nzShlagUux3KEx2eU4vUtvuIkGFneZDprv2vAMkBCX4xgbxtxZZ
      azcli_aks_live_test@example.com\n"}]}}, "addonProfiles": {}, "enableRBAC": true,
      "enablePodSecurityPolicy": false, "networkProfile": {"networkPlugin": "kubenet",
      "podCidr": "10.244.0.0/16", "serviceCidr": "10.0.0.0/16", "dnsServiceIP": "10.0.0.10",
      "dockerBridgeCidr": "172.17.0.1/16", "outboundType": "loadBalancer", "loadBalancerSku":
      "standard"}, "disableLocalAccounts": true}}'
    headers:
      Accept:
      - application/json
      Accept-Encoding:
      - gzip, deflate
      CommandName:
      - aks create
      Connection:
      - keep-alive
      Content-Length:
      - '1390'
      Content-Type:
      - application/json
      ParameterSetName:
      - --resource-group --name --enable-managed-identity --disable-local-accounts
        --ssh-key-value
      User-Agent:
      - AZURECLI/2.29.0 azsdk-python-azure-mgmt-containerservice/16.3.0 Python/3.8.11
        (Linux-5.4.0-1059-azure-x86_64-with-glibc2.27)
    method: PUT
    uri: https://management.azure.com/subscriptions/00000000-0000-0000-0000-000000000000/resourceGroups/clitest000001/providers/Microsoft.ContainerService/managedClusters/cliakstest000002?api-version=2021-10-01
  response:
    body:
      string: "{\n  \"id\": \"/subscriptions/00000000-0000-0000-0000-000000000000/resourcegroups/clitest000001/providers/Microsoft.ContainerService/managedClusters/cliakstest000002\",\n
        \ \"location\": \"westus2\",\n  \"name\": \"cliakstest000002\",\n  \"type\":
        \"Microsoft.ContainerService/ManagedClusters\",\n  \"properties\": {\n   \"provisioningState\":
        \"Creating\",\n   \"powerState\": {\n    \"code\": \"Running\"\n   },\n   \"kubernetesVersion\":
        \"1.20.9\",\n   \"dnsPrefix\": \"cliakstest-clitestmkqzvgwg6-8ecadf\",\n   \"fqdn\":
        \"cliakstest-clitestmkqzvgwg6-8ecadf-62740a6b.hcp.westus2.azmk8s.io\",\n   \"azurePortalFQDN\":
        \"cliakstest-clitestmkqzvgwg6-8ecadf-62740a6b.portal.hcp.westus2.azmk8s.io\",\n
        \  \"agentPoolProfiles\": [\n    {\n     \"name\": \"nodepool1\",\n     \"count\":
        3,\n     \"vmSize\": \"Standard_DS2_v2\",\n     \"osDiskSizeGB\": 128,\n     \"osDiskType\":
        \"Managed\",\n     \"kubeletDiskType\": \"OS\",\n     \"workloadRuntime\":
        \"OCIContainer\",\n     \"maxPods\": 110,\n     \"type\": \"VirtualMachineScaleSets\",\n
        \    \"provisioningState\": \"Creating\",\n     \"powerState\": {\n      \"code\":
        \"Running\"\n     },\n     \"orchestratorVersion\": \"1.20.9\",\n     \"enableNodePublicIP\":
        false,\n     \"mode\": \"System\",\n     \"enableEncryptionAtHost\": false,\n
        \    \"enableUltraSSD\": false,\n     \"osType\": \"Linux\",\n     \"osSKU\":
        \"Ubuntu\",\n     \"nodeImageVersion\": \"AKSUbuntu-1804gen2containerd-2021.10.02\",\n
        \    \"enableFIPS\": false\n    }\n   ],\n   \"linuxProfile\": {\n    \"adminUsername\":
        \"azureuser\",\n    \"ssh\": {\n     \"publicKeys\": [\n      {\n       \"keyData\":
        \"ssh-rsa AAAAB3NzaC1yc2EAAAADAQABAAABAQChv1lqJOFqlXd/Sp6RoI5ZS500UG+SXrE+6PjpUk8btELBCBXSUOpX7zYs5+VbuTUfHV7Qa3xBoL3HIbKKkz5QHvF9AUkjbpJLvCbQR1tlqkQdlGen4lsH0YQNOL0Q6Lj0UF+C5MaCHz4a+NecIZ9h/2mpeHV+KcIUaoC9Ulifi35BUvB/6lp4MQbcxJHXTwGbNLtzP+iJIkx8DafVXseJx4uh4wTIlKBLDpUKg+RYTze8UsYCkz1+YvE/cDjVsJh4edQ9fNqZyWYnjMbnyhk46pYpRVf6DeMX5nzShlagUux3KEx2eU4vUtvuIkGFneZDprv2vAMkBCX4xgbxtxZZ
        azcli_aks_live_test@example.com\\n\"\n      }\n     ]\n    }\n   },\n   \"servicePrincipalProfile\":
        {\n    \"clientId\":\"00000000-0000-0000-0000-000000000001\"\n   },\n   \"nodeResourceGroup\":
        \"MC_clitest000001_cliakstest000002_westus2\",\n   \"enableRBAC\": true,\n
        \  \"enablePodSecurityPolicy\": false,\n   \"networkProfile\": {\n    \"networkPlugin\":
        \"kubenet\",\n    \"loadBalancerSku\": \"standard\",\n    \"loadBalancerProfile\":
        {\n     \"managedOutboundIPs\": {\n      \"count\": 1\n     }\n    },\n    \"podCidr\":
        \"10.244.0.0/16\",\n    \"serviceCidr\": \"10.0.0.0/16\",\n    \"dnsServiceIP\":
        \"10.0.0.10\",\n    \"dockerBridgeCidr\": \"172.17.0.1/16\",\n    \"outboundType\":
        \"loadBalancer\"\n   },\n   \"maxAgentPools\": 100,\n   \"disableLocalAccounts\":
        true,\n   \"publicNetworkAccess\": \"Enabled\"\n  },\n  \"identity\": {\n
        \  \"type\": \"SystemAssigned\",\n   \"principalId\":\"00000000-0000-0000-0000-000000000001\",\n
        \  \"tenantId\": \"72f988bf-86f1-41af-91ab-2d7cd011db47\"\n  },\n  \"sku\":
        {\n   \"name\": \"Basic\",\n   \"tier\": \"Free\"\n  }\n }"
    headers:
      azure-asyncoperation:
      - https://management.azure.com/subscriptions/00000000-0000-0000-0000-000000000000/providers/Microsoft.ContainerService/locations/westus2/operations/f49da3e5-f16c-4a9b-98e7-2ab171ef27fe?api-version=2016-03-30
      cache-control:
      - no-cache
      content-length:
      - '2777'
      content-type:
      - application/json
      date:
      - Tue, 19 Oct 2021 06:53:25 GMT
      expires:
      - '-1'
      pragma:
      - no-cache
      server:
      - nginx
      strict-transport-security:
      - max-age=31536000; includeSubDomains
      x-content-type-options:
      - nosniff
      x-ms-ratelimit-remaining-subscription-writes:
      - '1198'
    status:
      code: 201
      message: Created
- request:
    body: null
    headers:
      Accept:
      - '*/*'
      Accept-Encoding:
      - gzip, deflate
      CommandName:
      - aks create
      Connection:
      - keep-alive
      ParameterSetName:
      - --resource-group --name --enable-managed-identity --disable-local-accounts
        --ssh-key-value
      User-Agent:
      - AZURECLI/2.29.0 azsdk-python-azure-mgmt-containerservice/16.3.0 Python/3.8.11
        (Linux-5.4.0-1059-azure-x86_64-with-glibc2.27)
    method: GET
    uri: https://management.azure.com/subscriptions/00000000-0000-0000-0000-000000000000/providers/Microsoft.ContainerService/locations/westus2/operations/f49da3e5-f16c-4a9b-98e7-2ab171ef27fe?api-version=2016-03-30
  response:
    body:
      string: "{\n  \"name\": \"e5a39df4-6cf1-9b4a-98e7-2ab171ef27fe\",\n  \"status\":
        \"InProgress\",\n  \"startTime\": \"2021-10-19T06:53:25.13Z\"\n }"
    headers:
      cache-control:
      - no-cache
      content-length:
      - '121'
      content-type:
      - application/json
      date:
      - Tue, 19 Oct 2021 06:53:55 GMT
      expires:
      - '-1'
      pragma:
      - no-cache
      server:
      - nginx
      strict-transport-security:
      - max-age=31536000; includeSubDomains
      transfer-encoding:
      - chunked
      vary:
      - Accept-Encoding
      x-content-type-options:
      - nosniff
    status:
      code: 200
      message: OK
- request:
    body: null
    headers:
      Accept:
      - '*/*'
      Accept-Encoding:
      - gzip, deflate
      CommandName:
      - aks create
      Connection:
      - keep-alive
      ParameterSetName:
      - --resource-group --name --enable-managed-identity --disable-local-accounts
        --ssh-key-value
      User-Agent:
      - AZURECLI/2.29.0 azsdk-python-azure-mgmt-containerservice/16.3.0 Python/3.8.11
        (Linux-5.4.0-1059-azure-x86_64-with-glibc2.27)
    method: GET
    uri: https://management.azure.com/subscriptions/00000000-0000-0000-0000-000000000000/providers/Microsoft.ContainerService/locations/westus2/operations/f49da3e5-f16c-4a9b-98e7-2ab171ef27fe?api-version=2016-03-30
  response:
    body:
      string: "{\n  \"name\": \"e5a39df4-6cf1-9b4a-98e7-2ab171ef27fe\",\n  \"status\":
        \"InProgress\",\n  \"startTime\": \"2021-10-19T06:53:25.13Z\"\n }"
    headers:
      cache-control:
      - no-cache
      content-length:
      - '121'
      content-type:
      - application/json
      date:
      - Tue, 19 Oct 2021 06:54:26 GMT
      expires:
      - '-1'
      pragma:
      - no-cache
      server:
      - nginx
      strict-transport-security:
      - max-age=31536000; includeSubDomains
      transfer-encoding:
      - chunked
      vary:
      - Accept-Encoding
      x-content-type-options:
      - nosniff
    status:
      code: 200
      message: OK
- request:
    body: null
    headers:
      Accept:
      - '*/*'
      Accept-Encoding:
      - gzip, deflate
      CommandName:
      - aks create
      Connection:
      - keep-alive
      ParameterSetName:
      - --resource-group --name --enable-managed-identity --disable-local-accounts
        --ssh-key-value
      User-Agent:
      - AZURECLI/2.29.0 azsdk-python-azure-mgmt-containerservice/16.3.0 Python/3.8.11
        (Linux-5.4.0-1059-azure-x86_64-with-glibc2.27)
    method: GET
    uri: https://management.azure.com/subscriptions/00000000-0000-0000-0000-000000000000/providers/Microsoft.ContainerService/locations/westus2/operations/f49da3e5-f16c-4a9b-98e7-2ab171ef27fe?api-version=2016-03-30
  response:
    body:
      string: "{\n  \"name\": \"e5a39df4-6cf1-9b4a-98e7-2ab171ef27fe\",\n  \"status\":
        \"InProgress\",\n  \"startTime\": \"2021-10-19T06:53:25.13Z\"\n }"
    headers:
      cache-control:
      - no-cache
      content-length:
      - '121'
      content-type:
      - application/json
      date:
      - Tue, 19 Oct 2021 06:54:55 GMT
      expires:
      - '-1'
      pragma:
      - no-cache
      server:
      - nginx
      strict-transport-security:
      - max-age=31536000; includeSubDomains
      transfer-encoding:
      - chunked
      vary:
      - Accept-Encoding
      x-content-type-options:
      - nosniff
    status:
      code: 200
      message: OK
- request:
    body: null
    headers:
      Accept:
      - '*/*'
      Accept-Encoding:
      - gzip, deflate
      CommandName:
      - aks create
      Connection:
      - keep-alive
      ParameterSetName:
      - --resource-group --name --enable-managed-identity --disable-local-accounts
        --ssh-key-value
      User-Agent:
      - AZURECLI/2.29.0 azsdk-python-azure-mgmt-containerservice/16.3.0 Python/3.8.11
        (Linux-5.4.0-1059-azure-x86_64-with-glibc2.27)
    method: GET
    uri: https://management.azure.com/subscriptions/00000000-0000-0000-0000-000000000000/providers/Microsoft.ContainerService/locations/westus2/operations/f49da3e5-f16c-4a9b-98e7-2ab171ef27fe?api-version=2016-03-30
  response:
    body:
      string: "{\n  \"name\": \"e5a39df4-6cf1-9b4a-98e7-2ab171ef27fe\",\n  \"status\":
        \"InProgress\",\n  \"startTime\": \"2021-10-19T06:53:25.13Z\"\n }"
    headers:
      cache-control:
      - no-cache
      content-length:
      - '121'
      content-type:
      - application/json
      date:
      - Tue, 19 Oct 2021 06:55:25 GMT
      expires:
      - '-1'
      pragma:
      - no-cache
      server:
      - nginx
      strict-transport-security:
      - max-age=31536000; includeSubDomains
      transfer-encoding:
      - chunked
      vary:
      - Accept-Encoding
      x-content-type-options:
      - nosniff
    status:
      code: 200
      message: OK
- request:
    body: null
    headers:
      Accept:
      - '*/*'
      Accept-Encoding:
      - gzip, deflate
      CommandName:
      - aks create
      Connection:
      - keep-alive
      ParameterSetName:
      - --resource-group --name --enable-managed-identity --disable-local-accounts
        --ssh-key-value
      User-Agent:
      - AZURECLI/2.29.0 azsdk-python-azure-mgmt-containerservice/16.3.0 Python/3.8.11
        (Linux-5.4.0-1059-azure-x86_64-with-glibc2.27)
    method: GET
    uri: https://management.azure.com/subscriptions/00000000-0000-0000-0000-000000000000/providers/Microsoft.ContainerService/locations/westus2/operations/f49da3e5-f16c-4a9b-98e7-2ab171ef27fe?api-version=2016-03-30
  response:
    body:
      string: "{\n  \"name\": \"e5a39df4-6cf1-9b4a-98e7-2ab171ef27fe\",\n  \"status\":
        \"InProgress\",\n  \"startTime\": \"2021-10-19T06:53:25.13Z\"\n }"
    headers:
      cache-control:
      - no-cache
      content-length:
      - '121'
      content-type:
      - application/json
      date:
      - Tue, 19 Oct 2021 06:55:56 GMT
      expires:
      - '-1'
      pragma:
      - no-cache
      server:
      - nginx
      strict-transport-security:
      - max-age=31536000; includeSubDomains
      transfer-encoding:
      - chunked
      vary:
      - Accept-Encoding
      x-content-type-options:
      - nosniff
    status:
      code: 200
      message: OK
- request:
    body: null
    headers:
      Accept:
      - '*/*'
      Accept-Encoding:
      - gzip, deflate
      CommandName:
      - aks create
      Connection:
      - keep-alive
      ParameterSetName:
      - --resource-group --name --enable-managed-identity --disable-local-accounts
        --ssh-key-value
      User-Agent:
      - AZURECLI/2.29.0 azsdk-python-azure-mgmt-containerservice/16.3.0 Python/3.8.11
        (Linux-5.4.0-1059-azure-x86_64-with-glibc2.27)
    method: GET
    uri: https://management.azure.com/subscriptions/00000000-0000-0000-0000-000000000000/providers/Microsoft.ContainerService/locations/westus2/operations/f49da3e5-f16c-4a9b-98e7-2ab171ef27fe?api-version=2016-03-30
  response:
    body:
      string: "{\n  \"name\": \"e5a39df4-6cf1-9b4a-98e7-2ab171ef27fe\",\n  \"status\":
        \"Succeeded\",\n  \"startTime\": \"2021-10-19T06:53:25.13Z\",\n  \"endTime\":
        \"2021-10-19T06:56:11.6069701Z\"\n }"
    headers:
      cache-control:
      - no-cache
      content-length:
      - '165'
      content-type:
      - application/json
      date:
      - Tue, 19 Oct 2021 06:56:26 GMT
      expires:
      - '-1'
      pragma:
      - no-cache
      server:
      - nginx
      strict-transport-security:
      - max-age=31536000; includeSubDomains
      transfer-encoding:
      - chunked
      vary:
      - Accept-Encoding
      x-content-type-options:
      - nosniff
    status:
      code: 200
      message: OK
- request:
    body: null
    headers:
      Accept:
      - '*/*'
      Accept-Encoding:
      - gzip, deflate
      CommandName:
      - aks create
      Connection:
      - keep-alive
      ParameterSetName:
      - --resource-group --name --enable-managed-identity --disable-local-accounts
        --ssh-key-value
      User-Agent:
      - AZURECLI/2.29.0 azsdk-python-azure-mgmt-containerservice/16.3.0 Python/3.8.11
        (Linux-5.4.0-1059-azure-x86_64-with-glibc2.27)
    method: GET
    uri: https://management.azure.com/subscriptions/00000000-0000-0000-0000-000000000000/resourceGroups/clitest000001/providers/Microsoft.ContainerService/managedClusters/cliakstest000002?api-version=2021-10-01
  response:
    body:
      string: "{\n  \"id\": \"/subscriptions/00000000-0000-0000-0000-000000000000/resourcegroups/clitest000001/providers/Microsoft.ContainerService/managedClusters/cliakstest000002\",\n
        \ \"location\": \"westus2\",\n  \"name\": \"cliakstest000002\",\n  \"type\":
        \"Microsoft.ContainerService/ManagedClusters\",\n  \"properties\": {\n   \"provisioningState\":
        \"Succeeded\",\n   \"powerState\": {\n    \"code\": \"Running\"\n   },\n   \"kubernetesVersion\":
        \"1.20.9\",\n   \"dnsPrefix\": \"cliakstest-clitestmkqzvgwg6-8ecadf\",\n   \"fqdn\":
        \"cliakstest-clitestmkqzvgwg6-8ecadf-62740a6b.hcp.westus2.azmk8s.io\",\n   \"azurePortalFQDN\":
        \"cliakstest-clitestmkqzvgwg6-8ecadf-62740a6b.portal.hcp.westus2.azmk8s.io\",\n
        \  \"agentPoolProfiles\": [\n    {\n     \"name\": \"nodepool1\",\n     \"count\":
        3,\n     \"vmSize\": \"Standard_DS2_v2\",\n     \"osDiskSizeGB\": 128,\n     \"osDiskType\":
        \"Managed\",\n     \"kubeletDiskType\": \"OS\",\n     \"workloadRuntime\":
        \"OCIContainer\",\n     \"maxPods\": 110,\n     \"type\": \"VirtualMachineScaleSets\",\n
        \    \"provisioningState\": \"Succeeded\",\n     \"powerState\": {\n      \"code\":
        \"Running\"\n     },\n     \"orchestratorVersion\": \"1.20.9\",\n     \"enableNodePublicIP\":
        false,\n     \"mode\": \"System\",\n     \"enableEncryptionAtHost\": false,\n
        \    \"enableUltraSSD\": false,\n     \"osType\": \"Linux\",\n     \"osSKU\":
        \"Ubuntu\",\n     \"nodeImageVersion\": \"AKSUbuntu-1804gen2containerd-2021.10.02\",\n
        \    \"enableFIPS\": false\n    }\n   ],\n   \"linuxProfile\": {\n    \"adminUsername\":
        \"azureuser\",\n    \"ssh\": {\n     \"publicKeys\": [\n      {\n       \"keyData\":
        \"ssh-rsa AAAAB3NzaC1yc2EAAAADAQABAAABAQChv1lqJOFqlXd/Sp6RoI5ZS500UG+SXrE+6PjpUk8btELBCBXSUOpX7zYs5+VbuTUfHV7Qa3xBoL3HIbKKkz5QHvF9AUkjbpJLvCbQR1tlqkQdlGen4lsH0YQNOL0Q6Lj0UF+C5MaCHz4a+NecIZ9h/2mpeHV+KcIUaoC9Ulifi35BUvB/6lp4MQbcxJHXTwGbNLtzP+iJIkx8DafVXseJx4uh4wTIlKBLDpUKg+RYTze8UsYCkz1+YvE/cDjVsJh4edQ9fNqZyWYnjMbnyhk46pYpRVf6DeMX5nzShlagUux3KEx2eU4vUtvuIkGFneZDprv2vAMkBCX4xgbxtxZZ
        azcli_aks_live_test@example.com\\n\"\n      }\n     ]\n    }\n   },\n   \"servicePrincipalProfile\":
        {\n    \"clientId\":\"00000000-0000-0000-0000-000000000001\"\n   },\n   \"nodeResourceGroup\":
        \"MC_clitest000001_cliakstest000002_westus2\",\n   \"enableRBAC\": true,\n
        \  \"enablePodSecurityPolicy\": false,\n   \"networkProfile\": {\n    \"networkPlugin\":
        \"kubenet\",\n    \"loadBalancerSku\": \"Standard\",\n    \"loadBalancerProfile\":
        {\n     \"managedOutboundIPs\": {\n      \"count\": 1\n     },\n     \"effectiveOutboundIPs\":
        [\n      {\n       \"id\": \"/subscriptions/00000000-0000-0000-0000-000000000000/resourceGroups/MC_clitest000001_cliakstest000002_westus2/providers/Microsoft.Network/publicIPAddresses/1d9539a0-4738-4f57-817c-7250d8011e94\"\n
        \     }\n     ]\n    },\n    \"podCidr\": \"10.244.0.0/16\",\n    \"serviceCidr\":
        \"10.0.0.0/16\",\n    \"dnsServiceIP\": \"10.0.0.10\",\n    \"dockerBridgeCidr\":
        \"172.17.0.1/16\",\n    \"outboundType\": \"loadBalancer\"\n   },\n   \"maxAgentPools\":
        100,\n   \"identityProfile\": {\n    \"kubeletidentity\": {\n     \"resourceId\":
        \"/subscriptions/00000000-0000-0000-0000-000000000000/resourcegroups/MC_clitest000001_cliakstest000002_westus2/providers/Microsoft.ManagedIdentity/userAssignedIdentities/cliakstest000002-agentpool\",\n
        \    \"clientId\":\"00000000-0000-0000-0000-000000000001\",\n     \"objectId\":\"00000000-0000-0000-0000-000000000001\"\n
        \   }\n   },\n   \"disableLocalAccounts\": true,\n   \"publicNetworkAccess\":
        \"Enabled\"\n  },\n  \"identity\": {\n   \"type\": \"SystemAssigned\",\n   \"principalId\":\"00000000-0000-0000-0000-000000000001\",\n
        \  \"tenantId\": \"72f988bf-86f1-41af-91ab-2d7cd011db47\"\n  },\n  \"sku\":
        {\n   \"name\": \"Basic\",\n   \"tier\": \"Free\"\n  }\n }"
    headers:
      cache-control:
      - no-cache
      content-length:
      - '3440'
      content-type:
      - application/json
      date:
      - Tue, 19 Oct 2021 06:56:26 GMT
      expires:
      - '-1'
      pragma:
      - no-cache
      server:
      - nginx
      strict-transport-security:
      - max-age=31536000; includeSubDomains
      transfer-encoding:
      - chunked
      vary:
      - Accept-Encoding
      x-content-type-options:
      - nosniff
    status:
      code: 200
      message: OK
- request:
    body: null
    headers:
      Accept:
      - application/json
      Accept-Encoding:
      - gzip, deflate
      CommandName:
      - aks update
      Connection:
      - keep-alive
      ParameterSetName:
      - --resource-group --name --enable-local-accounts
      User-Agent:
      - AZURECLI/2.29.0 azsdk-python-azure-mgmt-containerservice/16.3.0 Python/3.8.11
        (Linux-5.4.0-1059-azure-x86_64-with-glibc2.27)
    method: GET
    uri: https://management.azure.com/subscriptions/00000000-0000-0000-0000-000000000000/resourceGroups/clitest000001/providers/Microsoft.ContainerService/managedClusters/cliakstest000002?api-version=2021-10-01
  response:
    body:
      string: "{\n  \"id\": \"/subscriptions/00000000-0000-0000-0000-000000000000/resourcegroups/clitest000001/providers/Microsoft.ContainerService/managedClusters/cliakstest000002\",\n
        \ \"location\": \"westus2\",\n  \"name\": \"cliakstest000002\",\n  \"type\":
        \"Microsoft.ContainerService/ManagedClusters\",\n  \"properties\": {\n   \"provisioningState\":
        \"Succeeded\",\n   \"powerState\": {\n    \"code\": \"Running\"\n   },\n   \"kubernetesVersion\":
        \"1.20.9\",\n   \"dnsPrefix\": \"cliakstest-clitestmkqzvgwg6-8ecadf\",\n   \"fqdn\":
        \"cliakstest-clitestmkqzvgwg6-8ecadf-62740a6b.hcp.westus2.azmk8s.io\",\n   \"azurePortalFQDN\":
        \"cliakstest-clitestmkqzvgwg6-8ecadf-62740a6b.portal.hcp.westus2.azmk8s.io\",\n
        \  \"agentPoolProfiles\": [\n    {\n     \"name\": \"nodepool1\",\n     \"count\":
        3,\n     \"vmSize\": \"Standard_DS2_v2\",\n     \"osDiskSizeGB\": 128,\n     \"osDiskType\":
        \"Managed\",\n     \"kubeletDiskType\": \"OS\",\n     \"workloadRuntime\":
        \"OCIContainer\",\n     \"maxPods\": 110,\n     \"type\": \"VirtualMachineScaleSets\",\n
        \    \"provisioningState\": \"Succeeded\",\n     \"powerState\": {\n      \"code\":
        \"Running\"\n     },\n     \"orchestratorVersion\": \"1.20.9\",\n     \"enableNodePublicIP\":
        false,\n     \"mode\": \"System\",\n     \"enableEncryptionAtHost\": false,\n
        \    \"enableUltraSSD\": false,\n     \"osType\": \"Linux\",\n     \"osSKU\":
        \"Ubuntu\",\n     \"nodeImageVersion\": \"AKSUbuntu-1804gen2containerd-2021.10.02\",\n
        \    \"enableFIPS\": false\n    }\n   ],\n   \"linuxProfile\": {\n    \"adminUsername\":
        \"azureuser\",\n    \"ssh\": {\n     \"publicKeys\": [\n      {\n       \"keyData\":
        \"ssh-rsa AAAAB3NzaC1yc2EAAAADAQABAAABAQChv1lqJOFqlXd/Sp6RoI5ZS500UG+SXrE+6PjpUk8btELBCBXSUOpX7zYs5+VbuTUfHV7Qa3xBoL3HIbKKkz5QHvF9AUkjbpJLvCbQR1tlqkQdlGen4lsH0YQNOL0Q6Lj0UF+C5MaCHz4a+NecIZ9h/2mpeHV+KcIUaoC9Ulifi35BUvB/6lp4MQbcxJHXTwGbNLtzP+iJIkx8DafVXseJx4uh4wTIlKBLDpUKg+RYTze8UsYCkz1+YvE/cDjVsJh4edQ9fNqZyWYnjMbnyhk46pYpRVf6DeMX5nzShlagUux3KEx2eU4vUtvuIkGFneZDprv2vAMkBCX4xgbxtxZZ
        azcli_aks_live_test@example.com\\n\"\n      }\n     ]\n    }\n   },\n   \"servicePrincipalProfile\":
        {\n    \"clientId\":\"00000000-0000-0000-0000-000000000001\"\n   },\n   \"nodeResourceGroup\":
        \"MC_clitest000001_cliakstest000002_westus2\",\n   \"enableRBAC\": true,\n
        \  \"enablePodSecurityPolicy\": false,\n   \"networkProfile\": {\n    \"networkPlugin\":
        \"kubenet\",\n    \"loadBalancerSku\": \"Standard\",\n    \"loadBalancerProfile\":
        {\n     \"managedOutboundIPs\": {\n      \"count\": 1\n     },\n     \"effectiveOutboundIPs\":
        [\n      {\n       \"id\": \"/subscriptions/00000000-0000-0000-0000-000000000000/resourceGroups/MC_clitest000001_cliakstest000002_westus2/providers/Microsoft.Network/publicIPAddresses/1d9539a0-4738-4f57-817c-7250d8011e94\"\n
        \     }\n     ]\n    },\n    \"podCidr\": \"10.244.0.0/16\",\n    \"serviceCidr\":
        \"10.0.0.0/16\",\n    \"dnsServiceIP\": \"10.0.0.10\",\n    \"dockerBridgeCidr\":
        \"172.17.0.1/16\",\n    \"outboundType\": \"loadBalancer\"\n   },\n   \"maxAgentPools\":
        100,\n   \"identityProfile\": {\n    \"kubeletidentity\": {\n     \"resourceId\":
        \"/subscriptions/00000000-0000-0000-0000-000000000000/resourcegroups/MC_clitest000001_cliakstest000002_westus2/providers/Microsoft.ManagedIdentity/userAssignedIdentities/cliakstest000002-agentpool\",\n
        \    \"clientId\":\"00000000-0000-0000-0000-000000000001\",\n     \"objectId\":\"00000000-0000-0000-0000-000000000001\"\n
        \   }\n   },\n   \"disableLocalAccounts\": true,\n   \"publicNetworkAccess\":
        \"Enabled\"\n  },\n  \"identity\": {\n   \"type\": \"SystemAssigned\",\n   \"principalId\":\"00000000-0000-0000-0000-000000000001\",\n
        \  \"tenantId\": \"72f988bf-86f1-41af-91ab-2d7cd011db47\"\n  },\n  \"sku\":
        {\n   \"name\": \"Basic\",\n   \"tier\": \"Free\"\n  }\n }"
    headers:
      cache-control:
      - no-cache
      content-length:
      - '3440'
      content-type:
      - application/json
      date:
      - Tue, 19 Oct 2021 06:56:26 GMT
      expires:
      - '-1'
      pragma:
      - no-cache
      server:
      - nginx
      strict-transport-security:
      - max-age=31536000; includeSubDomains
      transfer-encoding:
      - chunked
      vary:
      - Accept-Encoding
      x-content-type-options:
      - nosniff
    status:
      code: 200
      message: OK
- request:
    body: '{"location": "westus2", "sku": {"name": "Basic", "tier": "Free"}, "identity":
      {"type": "SystemAssigned"}, "properties": {"kubernetesVersion": "1.20.9", "dnsPrefix":
      "cliakstest-clitestmkqzvgwg6-8ecadf", "agentPoolProfiles": [{"count": 3, "vmSize":
      "Standard_DS2_v2", "osDiskSizeGB": 128, "osDiskType": "Managed", "kubeletDiskType":
      "OS", "workloadRuntime": "OCIContainer", "maxPods": 110, "osType": "Linux",
      "osSKU": "Ubuntu", "type": "VirtualMachineScaleSets", "mode": "System", "orchestratorVersion":
      "1.20.9", "powerState": {"code": "Running"}, "enableNodePublicIP": false, "enableEncryptionAtHost":
      false, "enableUltraSSD": false, "enableFIPS": false, "name": "nodepool1"}],
      "linuxProfile": {"adminUsername": "azureuser", "ssh": {"publicKeys": [{"keyData":
      "ssh-rsa AAAAB3NzaC1yc2EAAAADAQABAAABAQChv1lqJOFqlXd/Sp6RoI5ZS500UG+SXrE+6PjpUk8btELBCBXSUOpX7zYs5+VbuTUfHV7Qa3xBoL3HIbKKkz5QHvF9AUkjbpJLvCbQR1tlqkQdlGen4lsH0YQNOL0Q6Lj0UF+C5MaCHz4a+NecIZ9h/2mpeHV+KcIUaoC9Ulifi35BUvB/6lp4MQbcxJHXTwGbNLtzP+iJIkx8DafVXseJx4uh4wTIlKBLDpUKg+RYTze8UsYCkz1+YvE/cDjVsJh4edQ9fNqZyWYnjMbnyhk46pYpRVf6DeMX5nzShlagUux3KEx2eU4vUtvuIkGFneZDprv2vAMkBCX4xgbxtxZZ
      azcli_aks_live_test@example.com\n"}]}}, "servicePrincipalProfile": {"clientId":"00000000-0000-0000-0000-000000000001"},
      "nodeResourceGroup": "MC_clitest000001_cliakstest000002_westus2", "enableRBAC":
      true, "enablePodSecurityPolicy": false, "networkProfile": {"networkPlugin":
      "kubenet", "podCidr": "10.244.0.0/16", "serviceCidr": "10.0.0.0/16", "dnsServiceIP":
      "10.0.0.10", "dockerBridgeCidr": "172.17.0.1/16", "outboundType": "loadBalancer",
      "loadBalancerSku": "Standard", "loadBalancerProfile": {"managedOutboundIPs":
      {"count": 1}, "effectiveOutboundIPs": [{"id": "/subscriptions/00000000-0000-0000-0000-000000000000/resourceGroups/MC_clitest000001_cliakstest000002_westus2/providers/Microsoft.Network/publicIPAddresses/1d9539a0-4738-4f57-817c-7250d8011e94"}]}},
      "identityProfile": {"kubeletidentity": {"resourceId": "/subscriptions/00000000-0000-0000-0000-000000000000/resourcegroups/MC_clitest000001_cliakstest000002_westus2/providers/Microsoft.ManagedIdentity/userAssignedIdentities/cliakstest000002-agentpool",
      "clientId":"00000000-0000-0000-0000-000000000001", "objectId":"00000000-0000-0000-0000-000000000001"}},
      "disableLocalAccounts": false, "publicNetworkAccess": "Enabled"}}'
    headers:
      Accept:
      - application/json
      Accept-Encoding:
      - gzip, deflate
      CommandName:
      - aks update
      Connection:
      - keep-alive
      Content-Length:
      - '2311'
      Content-Type:
      - application/json
      ParameterSetName:
      - --resource-group --name --enable-local-accounts
      User-Agent:
      - AZURECLI/2.29.0 azsdk-python-azure-mgmt-containerservice/16.3.0 Python/3.8.11
        (Linux-5.4.0-1059-azure-x86_64-with-glibc2.27)
    method: PUT
    uri: https://management.azure.com/subscriptions/00000000-0000-0000-0000-000000000000/resourceGroups/clitest000001/providers/Microsoft.ContainerService/managedClusters/cliakstest000002?api-version=2021-10-01
  response:
    body:
      string: "{\n  \"id\": \"/subscriptions/00000000-0000-0000-0000-000000000000/resourcegroups/clitest000001/providers/Microsoft.ContainerService/managedClusters/cliakstest000002\",\n
        \ \"location\": \"westus2\",\n  \"name\": \"cliakstest000002\",\n  \"type\":
        \"Microsoft.ContainerService/ManagedClusters\",\n  \"properties\": {\n   \"provisioningState\":
        \"Updating\",\n   \"powerState\": {\n    \"code\": \"Running\"\n   },\n   \"kubernetesVersion\":
        \"1.20.9\",\n   \"dnsPrefix\": \"cliakstest-clitestmkqzvgwg6-8ecadf\",\n   \"fqdn\":
        \"cliakstest-clitestmkqzvgwg6-8ecadf-62740a6b.hcp.westus2.azmk8s.io\",\n   \"azurePortalFQDN\":
        \"cliakstest-clitestmkqzvgwg6-8ecadf-62740a6b.portal.hcp.westus2.azmk8s.io\",\n
        \  \"agentPoolProfiles\": [\n    {\n     \"name\": \"nodepool1\",\n     \"count\":
        3,\n     \"vmSize\": \"Standard_DS2_v2\",\n     \"osDiskSizeGB\": 128,\n     \"osDiskType\":
        \"Managed\",\n     \"kubeletDiskType\": \"OS\",\n     \"workloadRuntime\":
        \"OCIContainer\",\n     \"maxPods\": 110,\n     \"type\": \"VirtualMachineScaleSets\",\n
        \    \"provisioningState\": \"Updating\",\n     \"powerState\": {\n      \"code\":
        \"Running\"\n     },\n     \"orchestratorVersion\": \"1.20.9\",\n     \"enableNodePublicIP\":
        false,\n     \"mode\": \"System\",\n     \"enableEncryptionAtHost\": false,\n
        \    \"enableUltraSSD\": false,\n     \"osType\": \"Linux\",\n     \"osSKU\":
        \"Ubuntu\",\n     \"nodeImageVersion\": \"AKSUbuntu-1804gen2containerd-2021.10.02\",\n
        \    \"enableFIPS\": false\n    }\n   ],\n   \"linuxProfile\": {\n    \"adminUsername\":
        \"azureuser\",\n    \"ssh\": {\n     \"publicKeys\": [\n      {\n       \"keyData\":
        \"ssh-rsa AAAAB3NzaC1yc2EAAAADAQABAAABAQChv1lqJOFqlXd/Sp6RoI5ZS500UG+SXrE+6PjpUk8btELBCBXSUOpX7zYs5+VbuTUfHV7Qa3xBoL3HIbKKkz5QHvF9AUkjbpJLvCbQR1tlqkQdlGen4lsH0YQNOL0Q6Lj0UF+C5MaCHz4a+NecIZ9h/2mpeHV+KcIUaoC9Ulifi35BUvB/6lp4MQbcxJHXTwGbNLtzP+iJIkx8DafVXseJx4uh4wTIlKBLDpUKg+RYTze8UsYCkz1+YvE/cDjVsJh4edQ9fNqZyWYnjMbnyhk46pYpRVf6DeMX5nzShlagUux3KEx2eU4vUtvuIkGFneZDprv2vAMkBCX4xgbxtxZZ
        azcli_aks_live_test@example.com\\n\"\n      }\n     ]\n    }\n   },\n   \"servicePrincipalProfile\":
        {\n    \"clientId\":\"00000000-0000-0000-0000-000000000001\"\n   },\n   \"nodeResourceGroup\":
        \"MC_clitest000001_cliakstest000002_westus2\",\n   \"enableRBAC\": true,\n
        \  \"enablePodSecurityPolicy\": false,\n   \"networkProfile\": {\n    \"networkPlugin\":
        \"kubenet\",\n    \"loadBalancerSku\": \"Standard\",\n    \"loadBalancerProfile\":
        {\n     \"managedOutboundIPs\": {\n      \"count\": 1\n     },\n     \"effectiveOutboundIPs\":
        [\n      {\n       \"id\": \"/subscriptions/00000000-0000-0000-0000-000000000000/resourceGroups/MC_clitest000001_cliakstest000002_westus2/providers/Microsoft.Network/publicIPAddresses/1d9539a0-4738-4f57-817c-7250d8011e94\"\n
        \     }\n     ]\n    },\n    \"podCidr\": \"10.244.0.0/16\",\n    \"serviceCidr\":
        \"10.0.0.0/16\",\n    \"dnsServiceIP\": \"10.0.0.10\",\n    \"dockerBridgeCidr\":
        \"172.17.0.1/16\",\n    \"outboundType\": \"loadBalancer\"\n   },\n   \"maxAgentPools\":
        100,\n   \"identityProfile\": {\n    \"kubeletidentity\": {\n     \"resourceId\":
        \"/subscriptions/00000000-0000-0000-0000-000000000000/resourcegroups/MC_clitest000001_cliakstest000002_westus2/providers/Microsoft.ManagedIdentity/userAssignedIdentities/cliakstest000002-agentpool\",\n
        \    \"clientId\":\"00000000-0000-0000-0000-000000000001\",\n     \"objectId\":\"00000000-0000-0000-0000-000000000001\"\n
        \   }\n   },\n   \"disableLocalAccounts\": false,\n   \"publicNetworkAccess\":
        \"Enabled\"\n  },\n  \"identity\": {\n   \"type\": \"SystemAssigned\",\n   \"principalId\":\"00000000-0000-0000-0000-000000000001\",\n
        \  \"tenantId\": \"72f988bf-86f1-41af-91ab-2d7cd011db47\"\n  },\n  \"sku\":
        {\n   \"name\": \"Basic\",\n   \"tier\": \"Free\"\n  }\n }"
    headers:
      azure-asyncoperation:
      - https://management.azure.com/subscriptions/00000000-0000-0000-0000-000000000000/providers/Microsoft.ContainerService/locations/westus2/operations/657764c7-d814-481d-bca2-ae5ea9a8a918?api-version=2016-03-30
      cache-control:
      - no-cache
      content-length:
      - '3439'
      content-type:
      - application/json
      date:
      - Tue, 19 Oct 2021 06:56:28 GMT
      expires:
      - '-1'
      pragma:
      - no-cache
      server:
      - nginx
      strict-transport-security:
      - max-age=31536000; includeSubDomains
      transfer-encoding:
      - chunked
      vary:
      - Accept-Encoding
      x-content-type-options:
      - nosniff
      x-ms-ratelimit-remaining-subscription-writes:
      - '1198'
    status:
      code: 200
      message: OK
- request:
    body: null
    headers:
      Accept:
      - '*/*'
      Accept-Encoding:
      - gzip, deflate
      CommandName:
      - aks update
      Connection:
      - keep-alive
      ParameterSetName:
      - --resource-group --name --enable-local-accounts
      User-Agent:
      - AZURECLI/2.29.0 azsdk-python-azure-mgmt-containerservice/16.3.0 Python/3.8.11
        (Linux-5.4.0-1059-azure-x86_64-with-glibc2.27)
    method: GET
    uri: https://management.azure.com/subscriptions/00000000-0000-0000-0000-000000000000/providers/Microsoft.ContainerService/locations/westus2/operations/657764c7-d814-481d-bca2-ae5ea9a8a918?api-version=2016-03-30
  response:
    body:
      string: "{\n  \"name\": \"c7647765-14d8-1d48-bca2-ae5ea9a8a918\",\n  \"status\":
        \"InProgress\",\n  \"startTime\": \"2021-10-19T06:56:29.07Z\"\n }"
    headers:
      cache-control:
      - no-cache
      content-length:
      - '121'
      content-type:
      - application/json
      date:
      - Tue, 19 Oct 2021 06:56:58 GMT
      expires:
      - '-1'
      pragma:
      - no-cache
      server:
      - nginx
      strict-transport-security:
      - max-age=31536000; includeSubDomains
      transfer-encoding:
      - chunked
      vary:
      - Accept-Encoding
      x-content-type-options:
      - nosniff
    status:
      code: 200
      message: OK
- request:
    body: null
    headers:
      Accept:
      - '*/*'
      Accept-Encoding:
      - gzip, deflate
      CommandName:
      - aks update
      Connection:
      - keep-alive
      ParameterSetName:
      - --resource-group --name --enable-local-accounts
      User-Agent:
      - AZURECLI/2.29.0 azsdk-python-azure-mgmt-containerservice/16.3.0 Python/3.8.11
        (Linux-5.4.0-1059-azure-x86_64-with-glibc2.27)
    method: GET
    uri: https://management.azure.com/subscriptions/00000000-0000-0000-0000-000000000000/providers/Microsoft.ContainerService/locations/westus2/operations/657764c7-d814-481d-bca2-ae5ea9a8a918?api-version=2016-03-30
  response:
    body:
      string: "{\n  \"name\": \"c7647765-14d8-1d48-bca2-ae5ea9a8a918\",\n  \"status\":
        \"InProgress\",\n  \"startTime\": \"2021-10-19T06:56:29.07Z\"\n }"
    headers:
      cache-control:
      - no-cache
      content-length:
      - '121'
      content-type:
      - application/json
      date:
      - Tue, 19 Oct 2021 06:57:29 GMT
      expires:
      - '-1'
      pragma:
      - no-cache
      server:
      - nginx
      strict-transport-security:
      - max-age=31536000; includeSubDomains
      transfer-encoding:
      - chunked
      vary:
      - Accept-Encoding
      x-content-type-options:
      - nosniff
    status:
      code: 200
      message: OK
- request:
    body: null
    headers:
      Accept:
      - '*/*'
      Accept-Encoding:
      - gzip, deflate
      CommandName:
      - aks update
      Connection:
      - keep-alive
      ParameterSetName:
      - --resource-group --name --enable-local-accounts
      User-Agent:
      - AZURECLI/2.29.0 azsdk-python-azure-mgmt-containerservice/16.3.0 Python/3.8.11
        (Linux-5.4.0-1059-azure-x86_64-with-glibc2.27)
    method: GET
    uri: https://management.azure.com/subscriptions/00000000-0000-0000-0000-000000000000/providers/Microsoft.ContainerService/locations/westus2/operations/657764c7-d814-481d-bca2-ae5ea9a8a918?api-version=2016-03-30
  response:
    body:
      string: "{\n  \"name\": \"c7647765-14d8-1d48-bca2-ae5ea9a8a918\",\n  \"status\":
        \"Succeeded\",\n  \"startTime\": \"2021-10-19T06:56:29.07Z\",\n  \"endTime\":
        \"2021-10-19T06:57:30.5586748Z\"\n }"
    headers:
      cache-control:
      - no-cache
      content-length:
      - '165'
      content-type:
      - application/json
      date:
      - Tue, 19 Oct 2021 06:57:59 GMT
      expires:
      - '-1'
      pragma:
      - no-cache
      server:
      - nginx
      strict-transport-security:
      - max-age=31536000; includeSubDomains
      transfer-encoding:
      - chunked
      vary:
      - Accept-Encoding
      x-content-type-options:
      - nosniff
    status:
      code: 200
      message: OK
- request:
    body: null
    headers:
      Accept:
      - '*/*'
      Accept-Encoding:
      - gzip, deflate
      CommandName:
      - aks update
      Connection:
      - keep-alive
      ParameterSetName:
      - --resource-group --name --enable-local-accounts
      User-Agent:
      - AZURECLI/2.29.0 azsdk-python-azure-mgmt-containerservice/16.3.0 Python/3.8.11
        (Linux-5.4.0-1059-azure-x86_64-with-glibc2.27)
    method: GET
    uri: https://management.azure.com/subscriptions/00000000-0000-0000-0000-000000000000/resourceGroups/clitest000001/providers/Microsoft.ContainerService/managedClusters/cliakstest000002?api-version=2021-10-01
  response:
    body:
      string: "{\n  \"id\": \"/subscriptions/00000000-0000-0000-0000-000000000000/resourcegroups/clitest000001/providers/Microsoft.ContainerService/managedClusters/cliakstest000002\",\n
        \ \"location\": \"westus2\",\n  \"name\": \"cliakstest000002\",\n  \"type\":
        \"Microsoft.ContainerService/ManagedClusters\",\n  \"properties\": {\n   \"provisioningState\":
        \"Succeeded\",\n   \"powerState\": {\n    \"code\": \"Running\"\n   },\n   \"kubernetesVersion\":
        \"1.20.9\",\n   \"dnsPrefix\": \"cliakstest-clitestmkqzvgwg6-8ecadf\",\n   \"fqdn\":
        \"cliakstest-clitestmkqzvgwg6-8ecadf-62740a6b.hcp.westus2.azmk8s.io\",\n   \"azurePortalFQDN\":
        \"cliakstest-clitestmkqzvgwg6-8ecadf-62740a6b.portal.hcp.westus2.azmk8s.io\",\n
        \  \"agentPoolProfiles\": [\n    {\n     \"name\": \"nodepool1\",\n     \"count\":
        3,\n     \"vmSize\": \"Standard_DS2_v2\",\n     \"osDiskSizeGB\": 128,\n     \"osDiskType\":
        \"Managed\",\n     \"kubeletDiskType\": \"OS\",\n     \"workloadRuntime\":
        \"OCIContainer\",\n     \"maxPods\": 110,\n     \"type\": \"VirtualMachineScaleSets\",\n
        \    \"provisioningState\": \"Succeeded\",\n     \"powerState\": {\n      \"code\":
        \"Running\"\n     },\n     \"orchestratorVersion\": \"1.20.9\",\n     \"enableNodePublicIP\":
        false,\n     \"mode\": \"System\",\n     \"enableEncryptionAtHost\": false,\n
        \    \"enableUltraSSD\": false,\n     \"osType\": \"Linux\",\n     \"osSKU\":
        \"Ubuntu\",\n     \"nodeImageVersion\": \"AKSUbuntu-1804gen2containerd-2021.10.02\",\n
        \    \"enableFIPS\": false\n    }\n   ],\n   \"linuxProfile\": {\n    \"adminUsername\":
        \"azureuser\",\n    \"ssh\": {\n     \"publicKeys\": [\n      {\n       \"keyData\":
        \"ssh-rsa AAAAB3NzaC1yc2EAAAADAQABAAABAQChv1lqJOFqlXd/Sp6RoI5ZS500UG+SXrE+6PjpUk8btELBCBXSUOpX7zYs5+VbuTUfHV7Qa3xBoL3HIbKKkz5QHvF9AUkjbpJLvCbQR1tlqkQdlGen4lsH0YQNOL0Q6Lj0UF+C5MaCHz4a+NecIZ9h/2mpeHV+KcIUaoC9Ulifi35BUvB/6lp4MQbcxJHXTwGbNLtzP+iJIkx8DafVXseJx4uh4wTIlKBLDpUKg+RYTze8UsYCkz1+YvE/cDjVsJh4edQ9fNqZyWYnjMbnyhk46pYpRVf6DeMX5nzShlagUux3KEx2eU4vUtvuIkGFneZDprv2vAMkBCX4xgbxtxZZ
        azcli_aks_live_test@example.com\\n\"\n      }\n     ]\n    }\n   },\n   \"servicePrincipalProfile\":
        {\n    \"clientId\":\"00000000-0000-0000-0000-000000000001\"\n   },\n   \"nodeResourceGroup\":
        \"MC_clitest000001_cliakstest000002_westus2\",\n   \"enableRBAC\": true,\n
        \  \"enablePodSecurityPolicy\": false,\n   \"networkProfile\": {\n    \"networkPlugin\":
        \"kubenet\",\n    \"loadBalancerSku\": \"Standard\",\n    \"loadBalancerProfile\":
        {\n     \"managedOutboundIPs\": {\n      \"count\": 1\n     },\n     \"effectiveOutboundIPs\":
        [\n      {\n       \"id\": \"/subscriptions/00000000-0000-0000-0000-000000000000/resourceGroups/MC_clitest000001_cliakstest000002_westus2/providers/Microsoft.Network/publicIPAddresses/1d9539a0-4738-4f57-817c-7250d8011e94\"\n
        \     }\n     ]\n    },\n    \"podCidr\": \"10.244.0.0/16\",\n    \"serviceCidr\":
        \"10.0.0.0/16\",\n    \"dnsServiceIP\": \"10.0.0.10\",\n    \"dockerBridgeCidr\":
        \"172.17.0.1/16\",\n    \"outboundType\": \"loadBalancer\"\n   },\n   \"maxAgentPools\":
        100,\n   \"identityProfile\": {\n    \"kubeletidentity\": {\n     \"resourceId\":
        \"/subscriptions/00000000-0000-0000-0000-000000000000/resourcegroups/MC_clitest000001_cliakstest000002_westus2/providers/Microsoft.ManagedIdentity/userAssignedIdentities/cliakstest000002-agentpool\",\n
        \    \"clientId\":\"00000000-0000-0000-0000-000000000001\",\n     \"objectId\":\"00000000-0000-0000-0000-000000000001\"\n
        \   }\n   },\n   \"disableLocalAccounts\": false,\n   \"publicNetworkAccess\":
        \"Enabled\"\n  },\n  \"identity\": {\n   \"type\": \"SystemAssigned\",\n   \"principalId\":\"00000000-0000-0000-0000-000000000001\",\n
        \  \"tenantId\": \"72f988bf-86f1-41af-91ab-2d7cd011db47\"\n  },\n  \"sku\":
        {\n   \"name\": \"Basic\",\n   \"tier\": \"Free\"\n  }\n }"
    headers:
      cache-control:
      - no-cache
      content-length:
      - '3441'
      content-type:
      - application/json
      date:
      - Tue, 19 Oct 2021 06:57:59 GMT
      expires:
      - '-1'
      pragma:
      - no-cache
      server:
      - nginx
      strict-transport-security:
      - max-age=31536000; includeSubDomains
      transfer-encoding:
      - chunked
      vary:
      - Accept-Encoding
      x-content-type-options:
      - nosniff
    status:
      code: 200
      message: OK
- request:
    body: null
    headers:
      Accept:
      - application/json
      Accept-Encoding:
      - gzip, deflate
      CommandName:
      - aks delete
      Connection:
      - keep-alive
      Content-Length:
      - '0'
      ParameterSetName:
      - -g -n --yes --no-wait
      User-Agent:
      - AZURECLI/2.29.0 azsdk-python-azure-mgmt-containerservice/16.1.0 Python/3.8.11
        (Linux-5.4.0-1059-azure-x86_64-with-glibc2.27)
    method: DELETE
    uri: https://management.azure.com/subscriptions/00000000-0000-0000-0000-000000000000/resourceGroups/clitest000001/providers/Microsoft.ContainerService/managedClusters/cliakstest000002?api-version=2021-10-01
  response:
    body:
      string: ''
    headers:
      azure-asyncoperation:
      - https://management.azure.com/subscriptions/00000000-0000-0000-0000-000000000000/providers/Microsoft.ContainerService/locations/westus2/operations/b5831a23-705c-42dd-a691-2fd3e7c14bf7?api-version=2016-03-30
      cache-control:
      - no-cache
      content-length:
      - '0'
      date:
      - Tue, 19 Oct 2021 06:58:00 GMT
      expires:
      - '-1'
      location:
      - https://management.azure.com/subscriptions/00000000-0000-0000-0000-000000000000/providers/Microsoft.ContainerService/locations/westus2/operationresults/b5831a23-705c-42dd-a691-2fd3e7c14bf7?api-version=2016-03-30
      pragma:
      - no-cache
      server:
      - nginx
      strict-transport-security:
      - max-age=31536000; includeSubDomains
      x-content-type-options:
      - nosniff
      x-ms-ratelimit-remaining-subscription-deletes:
      - '14998'
    status:
      code: 202
      message: Accepted
version: 1
