interactions:
- request:
    body: null
    headers:
      Accept:
      - '*/*'
      Accept-Encoding:
      - gzip, deflate
      CommandName:
      - networkfabric controller delete
      Connection:
      - keep-alive
      Content-Length:
      - '0'
      ParameterSetName:
      - --resource-name --resource-group
      User-Agent:
      - AZURECLI/2.49.0 (AAZ) azsdk-python-core/1.26.4 Python/3.8.10 (Linux-5.15.90.1-microsoft-standard-WSL2-x86_64-with-glibc2.29)
    method: DELETE
    uri: https://management.azure.com/subscriptions/00000000-0000-0000-0000-000000000000/resourceGroups/nfa-tool-ts-clisdktest-nfcrg060523/providers/Microsoft.ManagedNetworkFabric/networkFabricControllers/nfa-tool-ts-cli-nfc061323?api-version=2023-02-01-preview
  response:
    body:
      string: 'null'
    headers:
      azure-asyncoperation:
      - https://management.azure.com/subscriptions/00000000-0000-0000-0000-000000000000/providers/Microsoft.ManagedNetworkFabric/locations/EASTUS/operationStatuses/50127353-88d8-4784-b92f-810ed1933c64*DE16F89F06C07A6C8C27BC39D75105791A82DC987E769F64C2ADD4E9D32EC112?api-version=2023-02-01-preview
      cache-control:
      - no-cache
      content-length:
      - '4'
      content-type:
      - application/json; charset=utf-8
      date:
      - Wed, 14 Jun 2023 02:41:33 GMT
      etag:
      - '"69049a94-0000-0100-0000-648928de0000"'
      expires:
      - '-1'
      location:
      - https://management.azure.com/subscriptions/00000000-0000-0000-0000-000000000000/providers/Microsoft.ManagedNetworkFabric/locations/EASTUS/operationStatuses/50127353-88d8-4784-b92f-810ed1933c64*DE16F89F06C07A6C8C27BC39D75105791A82DC987E769F64C2ADD4E9D32EC112?api-version=2023-02-01-preview
      mise-correlation-id:
      - a8368d95-b7a3-49b7-82e2-f2934e7868d8
      pragma:
      - no-cache
      strict-transport-security:
      - max-age=31536000; includeSubDomains
      x-content-type-options:
      - nosniff
      x-ms-providerhub-traffic:
      - 'True'
      x-ms-ratelimit-remaining-subscription-deletes:
      - '14998'
    status:
      code: 202
      message: Accepted
- request:
    body: null
    headers:
      Accept:
      - '*/*'
      Accept-Encoding:
      - gzip, deflate
      CommandName:
      - networkfabric controller delete
      Connection:
      - keep-alive
      ParameterSetName:
      - --resource-name --resource-group
      User-Agent:
      - AZURECLI/2.49.0 (AAZ) azsdk-python-core/1.26.4 Python/3.8.10 (Linux-5.15.90.1-microsoft-standard-WSL2-x86_64-with-glibc2.29)
    method: GET
    uri: https://management.azure.com/subscriptions/00000000-0000-0000-0000-000000000000/providers/Microsoft.ManagedNetworkFabric/locations/EASTUS/operationStatuses/50127353-88d8-4784-b92f-810ed1933c64*DE16F89F06C07A6C8C27BC39D75105791A82DC987E769F64C2ADD4E9D32EC112?api-version=2023-02-01-preview
  response:
    body:
      string: '{"id":"/subscriptions/00000000-0000-0000-0000-000000000000/providers/Microsoft.ManagedNetworkFabric/locations/EASTUS/operationStatuses/50127353-88d8-4784-b92f-810ed1933c64*DE16F89F06C07A6C8C27BC39D75105791A82DC987E769F64C2ADD4E9D32EC112","name":"50127353-88d8-4784-b92f-810ed1933c64*DE16F89F06C07A6C8C27BC39D75105791A82DC987E769F64C2ADD4E9D32EC112","resourceId":"/subscriptions/00000000-0000-0000-0000-000000000000/resourceGroups/nfa-tool-ts-clisdktest-nfcrg060523/providers/Microsoft.ManagedNetworkFabric/networkFabricControllers/nfa-tool-ts-cli-nfc061323","status":"Deleting","startTime":"2023-06-14T02:41:33.9881954Z"}'
    headers:
      cache-control:
      - no-cache
      content-length:
      - '621'
      content-type:
      - application/json; charset=utf-8
      date:
      - Wed, 14 Jun 2023 02:41:34 GMT
      etag:
      - '"9803714f-0000-0100-0000-648928dd0000"'
      expires:
      - '-1'
      pragma:
      - no-cache
      strict-transport-security:
      - max-age=31536000; includeSubDomains
      x-content-type-options:
      - nosniff
    status:
      code: 202
      message: Accepted
- request:
    body: null
    headers:
      Accept:
      - '*/*'
      Accept-Encoding:
      - gzip, deflate
      CommandName:
      - networkfabric controller delete
      Connection:
      - keep-alive
      ParameterSetName:
      - --resource-name --resource-group
      User-Agent:
      - AZURECLI/2.49.0 (AAZ) azsdk-python-core/1.26.4 Python/3.8.10 (Linux-5.15.90.1-microsoft-standard-WSL2-x86_64-with-glibc2.29)
    method: GET
    uri: https://management.azure.com/subscriptions/00000000-0000-0000-0000-000000000000/providers/Microsoft.ManagedNetworkFabric/locations/EASTUS/operationStatuses/50127353-88d8-4784-b92f-810ed1933c64*DE16F89F06C07A6C8C27BC39D75105791A82DC987E769F64C2ADD4E9D32EC112?api-version=2023-02-01-preview
  response:
    body:
      string: '{"id":"/subscriptions/00000000-0000-0000-0000-000000000000/providers/Microsoft.ManagedNetworkFabric/locations/EASTUS/operationStatuses/50127353-88d8-4784-b92f-810ed1933c64*DE16F89F06C07A6C8C27BC39D75105791A82DC987E769F64C2ADD4E9D32EC112","name":"50127353-88d8-4784-b92f-810ed1933c64*DE16F89F06C07A6C8C27BC39D75105791A82DC987E769F64C2ADD4E9D32EC112","resourceId":"/subscriptions/00000000-0000-0000-0000-000000000000/resourceGroups/nfa-tool-ts-clisdktest-nfcrg060523/providers/Microsoft.ManagedNetworkFabric/networkFabricControllers/nfa-tool-ts-cli-nfc061323","status":"Deleting","startTime":"2023-06-14T02:41:33.9881954Z"}'
    headers:
      cache-control:
      - no-cache
      content-length:
      - '621'
      content-type:
      - application/json; charset=utf-8
      date:
      - Wed, 14 Jun 2023 02:42:06 GMT
      etag:
      - '"9803714f-0000-0100-0000-648928dd0000"'
      expires:
      - '-1'
      pragma:
      - no-cache
      strict-transport-security:
      - max-age=31536000; includeSubDomains
      x-content-type-options:
      - nosniff
    status:
      code: 202
      message: Accepted
- request:
    body: null
    headers:
      Accept:
      - '*/*'
      Accept-Encoding:
      - gzip, deflate
      CommandName:
      - networkfabric controller delete
      Connection:
      - keep-alive
      ParameterSetName:
      - --resource-name --resource-group
      User-Agent:
      - AZURECLI/2.49.0 (AAZ) azsdk-python-core/1.26.4 Python/3.8.10 (Linux-5.15.90.1-microsoft-standard-WSL2-x86_64-with-glibc2.29)
    method: GET
    uri: https://management.azure.com/subscriptions/00000000-0000-0000-0000-000000000000/providers/Microsoft.ManagedNetworkFabric/locations/EASTUS/operationStatuses/50127353-88d8-4784-b92f-810ed1933c64*DE16F89F06C07A6C8C27BC39D75105791A82DC987E769F64C2ADD4E9D32EC112?api-version=2023-02-01-preview
  response:
    body:
      string: '{"id":"/subscriptions/00000000-0000-0000-0000-000000000000/providers/Microsoft.ManagedNetworkFabric/locations/EASTUS/operationStatuses/50127353-88d8-4784-b92f-810ed1933c64*DE16F89F06C07A6C8C27BC39D75105791A82DC987E769F64C2ADD4E9D32EC112","name":"50127353-88d8-4784-b92f-810ed1933c64*DE16F89F06C07A6C8C27BC39D75105791A82DC987E769F64C2ADD4E9D32EC112","resourceId":"/subscriptions/00000000-0000-0000-0000-000000000000/resourceGroups/nfa-tool-ts-clisdktest-nfcrg060523/providers/Microsoft.ManagedNetworkFabric/networkFabricControllers/nfa-tool-ts-cli-nfc061323","status":"Deleting","startTime":"2023-06-14T02:41:33.9881954Z"}'
    headers:
      cache-control:
      - no-cache
      content-length:
      - '621'
      content-type:
      - application/json; charset=utf-8
      date:
      - Wed, 14 Jun 2023 02:42:37 GMT
      etag:
      - '"9803714f-0000-0100-0000-648928dd0000"'
      expires:
      - '-1'
      pragma:
      - no-cache
      strict-transport-security:
      - max-age=31536000; includeSubDomains
      x-content-type-options:
      - nosniff
    status:
      code: 202
      message: Accepted
- request:
    body: null
    headers:
      Accept:
      - '*/*'
      Accept-Encoding:
      - gzip, deflate
      CommandName:
      - networkfabric controller delete
      Connection:
      - keep-alive
      ParameterSetName:
      - --resource-name --resource-group
      User-Agent:
      - AZURECLI/2.49.0 (AAZ) azsdk-python-core/1.26.4 Python/3.8.10 (Linux-5.15.90.1-microsoft-standard-WSL2-x86_64-with-glibc2.29)
    method: GET
    uri: https://management.azure.com/subscriptions/00000000-0000-0000-0000-000000000000/providers/Microsoft.ManagedNetworkFabric/locations/EASTUS/operationStatuses/50127353-88d8-4784-b92f-810ed1933c64*DE16F89F06C07A6C8C27BC39D75105791A82DC987E769F64C2ADD4E9D32EC112?api-version=2023-02-01-preview
  response:
    body:
      string: '{"id":"/subscriptions/00000000-0000-0000-0000-000000000000/providers/Microsoft.ManagedNetworkFabric/locations/EASTUS/operationStatuses/50127353-88d8-4784-b92f-810ed1933c64*DE16F89F06C07A6C8C27BC39D75105791A82DC987E769F64C2ADD4E9D32EC112","name":"50127353-88d8-4784-b92f-810ed1933c64*DE16F89F06C07A6C8C27BC39D75105791A82DC987E769F64C2ADD4E9D32EC112","resourceId":"/subscriptions/00000000-0000-0000-0000-000000000000/resourceGroups/nfa-tool-ts-clisdktest-nfcrg060523/providers/Microsoft.ManagedNetworkFabric/networkFabricControllers/nfa-tool-ts-cli-nfc061323","status":"Deleting","startTime":"2023-06-14T02:41:33.9881954Z"}'
    headers:
      cache-control:
      - no-cache
      content-length:
      - '621'
      content-type:
      - application/json; charset=utf-8
      date:
      - Wed, 14 Jun 2023 02:43:10 GMT
      etag:
      - '"9803714f-0000-0100-0000-648928dd0000"'
      expires:
      - '-1'
      pragma:
      - no-cache
      strict-transport-security:
      - max-age=31536000; includeSubDomains
      x-content-type-options:
      - nosniff
    status:
      code: 202
      message: Accepted
- request:
    body: null
    headers:
      Accept:
      - '*/*'
      Accept-Encoding:
      - gzip, deflate
      CommandName:
      - networkfabric controller delete
      Connection:
      - keep-alive
      ParameterSetName:
      - --resource-name --resource-group
      User-Agent:
      - AZURECLI/2.49.0 (AAZ) azsdk-python-core/1.26.4 Python/3.8.10 (Linux-5.15.90.1-microsoft-standard-WSL2-x86_64-with-glibc2.29)
    method: GET
    uri: https://management.azure.com/subscriptions/00000000-0000-0000-0000-000000000000/providers/Microsoft.ManagedNetworkFabric/locations/EASTUS/operationStatuses/50127353-88d8-4784-b92f-810ed1933c64*DE16F89F06C07A6C8C27BC39D75105791A82DC987E769F64C2ADD4E9D32EC112?api-version=2023-02-01-preview
  response:
    body:
      string: '{"id":"/subscriptions/00000000-0000-0000-0000-000000000000/providers/Microsoft.ManagedNetworkFabric/locations/EASTUS/operationStatuses/50127353-88d8-4784-b92f-810ed1933c64*DE16F89F06C07A6C8C27BC39D75105791A82DC987E769F64C2ADD4E9D32EC112","name":"50127353-88d8-4784-b92f-810ed1933c64*DE16F89F06C07A6C8C27BC39D75105791A82DC987E769F64C2ADD4E9D32EC112","resourceId":"/subscriptions/00000000-0000-0000-0000-000000000000/resourceGroups/nfa-tool-ts-clisdktest-nfcrg060523/providers/Microsoft.ManagedNetworkFabric/networkFabricControllers/nfa-tool-ts-cli-nfc061323","status":"Deleting","startTime":"2023-06-14T02:41:33.9881954Z"}'
    headers:
      cache-control:
      - no-cache
      content-length:
      - '621'
      content-type:
      - application/json; charset=utf-8
      date:
      - Wed, 14 Jun 2023 02:43:42 GMT
      etag:
      - '"9803714f-0000-0100-0000-648928dd0000"'
      expires:
      - '-1'
      pragma:
      - no-cache
      strict-transport-security:
      - max-age=31536000; includeSubDomains
      x-content-type-options:
      - nosniff
    status:
      code: 202
      message: Accepted
- request:
    body: null
    headers:
      Accept:
      - '*/*'
      Accept-Encoding:
      - gzip, deflate
      CommandName:
      - networkfabric controller delete
      Connection:
      - keep-alive
      ParameterSetName:
      - --resource-name --resource-group
      User-Agent:
      - AZURECLI/2.49.0 (AAZ) azsdk-python-core/1.26.4 Python/3.8.10 (Linux-5.15.90.1-microsoft-standard-WSL2-x86_64-with-glibc2.29)
    method: GET
    uri: https://management.azure.com/subscriptions/00000000-0000-0000-0000-000000000000/providers/Microsoft.ManagedNetworkFabric/locations/EASTUS/operationStatuses/50127353-88d8-4784-b92f-810ed1933c64*DE16F89F06C07A6C8C27BC39D75105791A82DC987E769F64C2ADD4E9D32EC112?api-version=2023-02-01-preview
  response:
    body:
      string: '{"id":"/subscriptions/00000000-0000-0000-0000-000000000000/providers/Microsoft.ManagedNetworkFabric/locations/EASTUS/operationStatuses/50127353-88d8-4784-b92f-810ed1933c64*DE16F89F06C07A6C8C27BC39D75105791A82DC987E769F64C2ADD4E9D32EC112","name":"50127353-88d8-4784-b92f-810ed1933c64*DE16F89F06C07A6C8C27BC39D75105791A82DC987E769F64C2ADD4E9D32EC112","resourceId":"/subscriptions/00000000-0000-0000-0000-000000000000/resourceGroups/nfa-tool-ts-clisdktest-nfcrg060523/providers/Microsoft.ManagedNetworkFabric/networkFabricControllers/nfa-tool-ts-cli-nfc061323","status":"Deleting","startTime":"2023-06-14T02:41:33.9881954Z"}'
    headers:
      cache-control:
      - no-cache
      content-length:
      - '621'
      content-type:
      - application/json; charset=utf-8
      date:
      - Wed, 14 Jun 2023 02:44:13 GMT
      etag:
      - '"9803714f-0000-0100-0000-648928dd0000"'
      expires:
      - '-1'
      pragma:
      - no-cache
      strict-transport-security:
      - max-age=31536000; includeSubDomains
      x-content-type-options:
      - nosniff
    status:
      code: 202
      message: Accepted
- request:
    body: null
    headers:
      Accept:
      - '*/*'
      Accept-Encoding:
      - gzip, deflate
      CommandName:
      - networkfabric controller delete
      Connection:
      - keep-alive
      ParameterSetName:
      - --resource-name --resource-group
      User-Agent:
      - AZURECLI/2.49.0 (AAZ) azsdk-python-core/1.26.4 Python/3.8.10 (Linux-5.15.90.1-microsoft-standard-WSL2-x86_64-with-glibc2.29)
    method: GET
    uri: https://management.azure.com/subscriptions/00000000-0000-0000-0000-000000000000/providers/Microsoft.ManagedNetworkFabric/locations/EASTUS/operationStatuses/50127353-88d8-4784-b92f-810ed1933c64*DE16F89F06C07A6C8C27BC39D75105791A82DC987E769F64C2ADD4E9D32EC112?api-version=2023-02-01-preview
  response:
    body:
      string: '{"id":"/subscriptions/00000000-0000-0000-0000-000000000000/providers/Microsoft.ManagedNetworkFabric/locations/EASTUS/operationStatuses/50127353-88d8-4784-b92f-810ed1933c64*DE16F89F06C07A6C8C27BC39D75105791A82DC987E769F64C2ADD4E9D32EC112","name":"50127353-88d8-4784-b92f-810ed1933c64*DE16F89F06C07A6C8C27BC39D75105791A82DC987E769F64C2ADD4E9D32EC112","resourceId":"/subscriptions/00000000-0000-0000-0000-000000000000/resourceGroups/nfa-tool-ts-clisdktest-nfcrg060523/providers/Microsoft.ManagedNetworkFabric/networkFabricControllers/nfa-tool-ts-cli-nfc061323","status":"Deleting","startTime":"2023-06-14T02:41:33.9881954Z"}'
    headers:
      cache-control:
      - no-cache
      content-length:
      - '621'
      content-type:
      - application/json; charset=utf-8
      date:
      - Wed, 14 Jun 2023 02:44:44 GMT
      etag:
      - '"9803714f-0000-0100-0000-648928dd0000"'
      expires:
      - '-1'
      pragma:
      - no-cache
      strict-transport-security:
      - max-age=31536000; includeSubDomains
      x-content-type-options:
      - nosniff
    status:
      code: 202
      message: Accepted
- request:
    body: null
    headers:
      Accept:
      - '*/*'
      Accept-Encoding:
      - gzip, deflate
      CommandName:
      - networkfabric controller delete
      Connection:
      - keep-alive
      ParameterSetName:
      - --resource-name --resource-group
      User-Agent:
      - AZURECLI/2.49.0 (AAZ) azsdk-python-core/1.26.4 Python/3.8.10 (Linux-5.15.90.1-microsoft-standard-WSL2-x86_64-with-glibc2.29)
    method: GET
    uri: https://management.azure.com/subscriptions/00000000-0000-0000-0000-000000000000/providers/Microsoft.ManagedNetworkFabric/locations/EASTUS/operationStatuses/50127353-88d8-4784-b92f-810ed1933c64*DE16F89F06C07A6C8C27BC39D75105791A82DC987E769F64C2ADD4E9D32EC112?api-version=2023-02-01-preview
  response:
    body:
      string: '{"id":"/subscriptions/00000000-0000-0000-0000-000000000000/providers/Microsoft.ManagedNetworkFabric/locations/EASTUS/operationStatuses/50127353-88d8-4784-b92f-810ed1933c64*DE16F89F06C07A6C8C27BC39D75105791A82DC987E769F64C2ADD4E9D32EC112","name":"50127353-88d8-4784-b92f-810ed1933c64*DE16F89F06C07A6C8C27BC39D75105791A82DC987E769F64C2ADD4E9D32EC112","resourceId":"/subscriptions/00000000-0000-0000-0000-000000000000/resourceGroups/nfa-tool-ts-clisdktest-nfcrg060523/providers/Microsoft.ManagedNetworkFabric/networkFabricControllers/nfa-tool-ts-cli-nfc061323","status":"Deleting","startTime":"2023-06-14T02:41:33.9881954Z"}'
    headers:
      cache-control:
      - no-cache
      content-length:
      - '621'
      content-type:
      - application/json; charset=utf-8
      date:
      - Wed, 14 Jun 2023 02:45:15 GMT
      etag:
      - '"9803714f-0000-0100-0000-648928dd0000"'
      expires:
      - '-1'
      pragma:
      - no-cache
      strict-transport-security:
      - max-age=31536000; includeSubDomains
      x-content-type-options:
      - nosniff
    status:
      code: 202
      message: Accepted
- request:
    body: null
    headers:
      Accept:
      - '*/*'
      Accept-Encoding:
      - gzip, deflate
      CommandName:
      - networkfabric controller delete
      Connection:
      - keep-alive
      ParameterSetName:
      - --resource-name --resource-group
      User-Agent:
      - AZURECLI/2.49.0 (AAZ) azsdk-python-core/1.26.4 Python/3.8.10 (Linux-5.15.90.1-microsoft-standard-WSL2-x86_64-with-glibc2.29)
    method: GET
    uri: https://management.azure.com/subscriptions/00000000-0000-0000-0000-000000000000/providers/Microsoft.ManagedNetworkFabric/locations/EASTUS/operationStatuses/50127353-88d8-4784-b92f-810ed1933c64*DE16F89F06C07A6C8C27BC39D75105791A82DC987E769F64C2ADD4E9D32EC112?api-version=2023-02-01-preview
  response:
    body:
      string: '{"id":"/subscriptions/00000000-0000-0000-0000-000000000000/providers/Microsoft.ManagedNetworkFabric/locations/EASTUS/operationStatuses/50127353-88d8-4784-b92f-810ed1933c64*DE16F89F06C07A6C8C27BC39D75105791A82DC987E769F64C2ADD4E9D32EC112","name":"50127353-88d8-4784-b92f-810ed1933c64*DE16F89F06C07A6C8C27BC39D75105791A82DC987E769F64C2ADD4E9D32EC112","resourceId":"/subscriptions/00000000-0000-0000-0000-000000000000/resourceGroups/nfa-tool-ts-clisdktest-nfcrg060523/providers/Microsoft.ManagedNetworkFabric/networkFabricControllers/nfa-tool-ts-cli-nfc061323","status":"Deleting","startTime":"2023-06-14T02:41:33.9881954Z"}'
    headers:
      cache-control:
      - no-cache
      content-length:
      - '621'
      content-type:
      - application/json; charset=utf-8
      date:
      - Wed, 14 Jun 2023 02:45:46 GMT
      etag:
      - '"9803714f-0000-0100-0000-648928dd0000"'
      expires:
      - '-1'
      pragma:
      - no-cache
      strict-transport-security:
      - max-age=31536000; includeSubDomains
      x-content-type-options:
      - nosniff
    status:
      code: 202
      message: Accepted
- request:
    body: null
    headers:
      Accept:
      - '*/*'
      Accept-Encoding:
      - gzip, deflate
      CommandName:
      - networkfabric controller delete
      Connection:
      - keep-alive
      ParameterSetName:
      - --resource-name --resource-group
      User-Agent:
      - AZURECLI/2.49.0 (AAZ) azsdk-python-core/1.26.4 Python/3.8.10 (Linux-5.15.90.1-microsoft-standard-WSL2-x86_64-with-glibc2.29)
    method: GET
    uri: https://management.azure.com/subscriptions/00000000-0000-0000-0000-000000000000/providers/Microsoft.ManagedNetworkFabric/locations/EASTUS/operationStatuses/50127353-88d8-4784-b92f-810ed1933c64*DE16F89F06C07A6C8C27BC39D75105791A82DC987E769F64C2ADD4E9D32EC112?api-version=2023-02-01-preview
  response:
    body:
      string: '{"id":"/subscriptions/00000000-0000-0000-0000-000000000000/providers/Microsoft.ManagedNetworkFabric/locations/EASTUS/operationStatuses/50127353-88d8-4784-b92f-810ed1933c64*DE16F89F06C07A6C8C27BC39D75105791A82DC987E769F64C2ADD4E9D32EC112","name":"50127353-88d8-4784-b92f-810ed1933c64*DE16F89F06C07A6C8C27BC39D75105791A82DC987E769F64C2ADD4E9D32EC112","resourceId":"/subscriptions/00000000-0000-0000-0000-000000000000/resourceGroups/nfa-tool-ts-clisdktest-nfcrg060523/providers/Microsoft.ManagedNetworkFabric/networkFabricControllers/nfa-tool-ts-cli-nfc061323","status":"Deleting","startTime":"2023-06-14T02:41:33.9881954Z"}'
    headers:
      cache-control:
      - no-cache
      content-length:
      - '621'
      content-type:
      - application/json; charset=utf-8
      date:
      - Wed, 14 Jun 2023 02:46:16 GMT
      etag:
      - '"9803714f-0000-0100-0000-648928dd0000"'
      expires:
      - '-1'
      pragma:
      - no-cache
      strict-transport-security:
      - max-age=31536000; includeSubDomains
      x-content-type-options:
      - nosniff
    status:
      code: 202
      message: Accepted
- request:
    body: null
    headers:
      Accept:
      - '*/*'
      Accept-Encoding:
      - gzip, deflate
      CommandName:
      - networkfabric controller delete
      Connection:
      - keep-alive
      ParameterSetName:
      - --resource-name --resource-group
      User-Agent:
      - AZURECLI/2.49.0 (AAZ) azsdk-python-core/1.26.4 Python/3.8.10 (Linux-5.15.90.1-microsoft-standard-WSL2-x86_64-with-glibc2.29)
    method: GET
    uri: https://management.azure.com/subscriptions/00000000-0000-0000-0000-000000000000/providers/Microsoft.ManagedNetworkFabric/locations/EASTUS/operationStatuses/50127353-88d8-4784-b92f-810ed1933c64*DE16F89F06C07A6C8C27BC39D75105791A82DC987E769F64C2ADD4E9D32EC112?api-version=2023-02-01-preview
  response:
    body:
      string: '{"id":"/subscriptions/00000000-0000-0000-0000-000000000000/providers/Microsoft.ManagedNetworkFabric/locations/EASTUS/operationStatuses/50127353-88d8-4784-b92f-810ed1933c64*DE16F89F06C07A6C8C27BC39D75105791A82DC987E769F64C2ADD4E9D32EC112","name":"50127353-88d8-4784-b92f-810ed1933c64*DE16F89F06C07A6C8C27BC39D75105791A82DC987E769F64C2ADD4E9D32EC112","resourceId":"/subscriptions/00000000-0000-0000-0000-000000000000/resourceGroups/nfa-tool-ts-clisdktest-nfcrg060523/providers/Microsoft.ManagedNetworkFabric/networkFabricControllers/nfa-tool-ts-cli-nfc061323","status":"Deleting","startTime":"2023-06-14T02:41:33.9881954Z"}'
    headers:
      cache-control:
      - no-cache
      content-length:
      - '621'
      content-type:
      - application/json; charset=utf-8
      date:
      - Wed, 14 Jun 2023 02:46:48 GMT
      etag:
      - '"9803714f-0000-0100-0000-648928dd0000"'
      expires:
      - '-1'
      pragma:
      - no-cache
      strict-transport-security:
      - max-age=31536000; includeSubDomains
      x-content-type-options:
      - nosniff
    status:
      code: 202
      message: Accepted
- request:
    body: null
    headers:
      Accept:
      - '*/*'
      Accept-Encoding:
      - gzip, deflate
      CommandName:
      - networkfabric controller delete
      Connection:
      - keep-alive
      ParameterSetName:
      - --resource-name --resource-group
      User-Agent:
      - AZURECLI/2.49.0 (AAZ) azsdk-python-core/1.26.4 Python/3.8.10 (Linux-5.15.90.1-microsoft-standard-WSL2-x86_64-with-glibc2.29)
    method: GET
    uri: https://management.azure.com/subscriptions/00000000-0000-0000-0000-000000000000/providers/Microsoft.ManagedNetworkFabric/locations/EASTUS/operationStatuses/50127353-88d8-4784-b92f-810ed1933c64*DE16F89F06C07A6C8C27BC39D75105791A82DC987E769F64C2ADD4E9D32EC112?api-version=2023-02-01-preview
  response:
    body:
      string: '{"id":"/subscriptions/00000000-0000-0000-0000-000000000000/providers/Microsoft.ManagedNetworkFabric/locations/EASTUS/operationStatuses/50127353-88d8-4784-b92f-810ed1933c64*DE16F89F06C07A6C8C27BC39D75105791A82DC987E769F64C2ADD4E9D32EC112","name":"50127353-88d8-4784-b92f-810ed1933c64*DE16F89F06C07A6C8C27BC39D75105791A82DC987E769F64C2ADD4E9D32EC112","resourceId":"/subscriptions/00000000-0000-0000-0000-000000000000/resourceGroups/nfa-tool-ts-clisdktest-nfcrg060523/providers/Microsoft.ManagedNetworkFabric/networkFabricControllers/nfa-tool-ts-cli-nfc061323","status":"Deleting","startTime":"2023-06-14T02:41:33.9881954Z"}'
    headers:
      cache-control:
      - no-cache
      content-length:
      - '621'
      content-type:
      - application/json; charset=utf-8
      date:
      - Wed, 14 Jun 2023 02:47:19 GMT
      etag:
      - '"9803714f-0000-0100-0000-648928dd0000"'
      expires:
      - '-1'
      pragma:
      - no-cache
      strict-transport-security:
      - max-age=31536000; includeSubDomains
      x-content-type-options:
      - nosniff
    status:
      code: 202
      message: Accepted
- request:
    body: null
    headers:
      Accept:
      - '*/*'
      Accept-Encoding:
      - gzip, deflate
      CommandName:
      - networkfabric controller delete
      Connection:
      - keep-alive
      ParameterSetName:
      - --resource-name --resource-group
      User-Agent:
      - AZURECLI/2.49.0 (AAZ) azsdk-python-core/1.26.4 Python/3.8.10 (Linux-5.15.90.1-microsoft-standard-WSL2-x86_64-with-glibc2.29)
    method: GET
    uri: https://management.azure.com/subscriptions/00000000-0000-0000-0000-000000000000/providers/Microsoft.ManagedNetworkFabric/locations/EASTUS/operationStatuses/50127353-88d8-4784-b92f-810ed1933c64*DE16F89F06C07A6C8C27BC39D75105791A82DC987E769F64C2ADD4E9D32EC112?api-version=2023-02-01-preview
  response:
    body:
      string: '{"id":"/subscriptions/00000000-0000-0000-0000-000000000000/providers/Microsoft.ManagedNetworkFabric/locations/EASTUS/operationStatuses/50127353-88d8-4784-b92f-810ed1933c64*DE16F89F06C07A6C8C27BC39D75105791A82DC987E769F64C2ADD4E9D32EC112","name":"50127353-88d8-4784-b92f-810ed1933c64*DE16F89F06C07A6C8C27BC39D75105791A82DC987E769F64C2ADD4E9D32EC112","resourceId":"/subscriptions/00000000-0000-0000-0000-000000000000/resourceGroups/nfa-tool-ts-clisdktest-nfcrg060523/providers/Microsoft.ManagedNetworkFabric/networkFabricControllers/nfa-tool-ts-cli-nfc061323","status":"Deleting","startTime":"2023-06-14T02:41:33.9881954Z"}'
    headers:
      cache-control:
      - no-cache
      content-length:
      - '621'
      content-type:
      - application/json; charset=utf-8
      date:
      - Wed, 14 Jun 2023 02:47:50 GMT
      etag:
      - '"9803714f-0000-0100-0000-648928dd0000"'
      expires:
      - '-1'
      pragma:
      - no-cache
      strict-transport-security:
      - max-age=31536000; includeSubDomains
      x-content-type-options:
      - nosniff
    status:
      code: 202
      message: Accepted
- request:
    body: null
    headers:
      Accept:
      - '*/*'
      Accept-Encoding:
      - gzip, deflate
      CommandName:
      - networkfabric controller delete
      Connection:
      - keep-alive
      ParameterSetName:
      - --resource-name --resource-group
      User-Agent:
      - AZURECLI/2.49.0 (AAZ) azsdk-python-core/1.26.4 Python/3.8.10 (Linux-5.15.90.1-microsoft-standard-WSL2-x86_64-with-glibc2.29)
    method: GET
    uri: https://management.azure.com/subscriptions/00000000-0000-0000-0000-000000000000/providers/Microsoft.ManagedNetworkFabric/locations/EASTUS/operationStatuses/50127353-88d8-4784-b92f-810ed1933c64*DE16F89F06C07A6C8C27BC39D75105791A82DC987E769F64C2ADD4E9D32EC112?api-version=2023-02-01-preview
  response:
    body:
      string: '{"id":"/subscriptions/00000000-0000-0000-0000-000000000000/providers/Microsoft.ManagedNetworkFabric/locations/EASTUS/operationStatuses/50127353-88d8-4784-b92f-810ed1933c64*DE16F89F06C07A6C8C27BC39D75105791A82DC987E769F64C2ADD4E9D32EC112","name":"50127353-88d8-4784-b92f-810ed1933c64*DE16F89F06C07A6C8C27BC39D75105791A82DC987E769F64C2ADD4E9D32EC112","resourceId":"/subscriptions/00000000-0000-0000-0000-000000000000/resourceGroups/nfa-tool-ts-clisdktest-nfcrg060523/providers/Microsoft.ManagedNetworkFabric/networkFabricControllers/nfa-tool-ts-cli-nfc061323","status":"Deleting","startTime":"2023-06-14T02:41:33.9881954Z"}'
    headers:
      cache-control:
      - no-cache
      content-length:
      - '621'
      content-type:
      - application/json; charset=utf-8
      date:
      - Wed, 14 Jun 2023 02:48:21 GMT
      etag:
      - '"9803714f-0000-0100-0000-648928dd0000"'
      expires:
      - '-1'
      pragma:
      - no-cache
      strict-transport-security:
      - max-age=31536000; includeSubDomains
      x-content-type-options:
      - nosniff
    status:
      code: 202
      message: Accepted
- request:
    body: null
    headers:
      Accept:
      - '*/*'
      Accept-Encoding:
      - gzip, deflate
      CommandName:
      - networkfabric controller delete
      Connection:
      - keep-alive
      ParameterSetName:
      - --resource-name --resource-group
      User-Agent:
      - AZURECLI/2.49.0 (AAZ) azsdk-python-core/1.26.4 Python/3.8.10 (Linux-5.15.90.1-microsoft-standard-WSL2-x86_64-with-glibc2.29)
    method: GET
    uri: https://management.azure.com/subscriptions/00000000-0000-0000-0000-000000000000/providers/Microsoft.ManagedNetworkFabric/locations/EASTUS/operationStatuses/50127353-88d8-4784-b92f-810ed1933c64*DE16F89F06C07A6C8C27BC39D75105791A82DC987E769F64C2ADD4E9D32EC112?api-version=2023-02-01-preview
  response:
    body:
      string: '{"id":"/subscriptions/00000000-0000-0000-0000-000000000000/providers/Microsoft.ManagedNetworkFabric/locations/EASTUS/operationStatuses/50127353-88d8-4784-b92f-810ed1933c64*DE16F89F06C07A6C8C27BC39D75105791A82DC987E769F64C2ADD4E9D32EC112","name":"50127353-88d8-4784-b92f-810ed1933c64*DE16F89F06C07A6C8C27BC39D75105791A82DC987E769F64C2ADD4E9D32EC112","resourceId":"/subscriptions/00000000-0000-0000-0000-000000000000/resourceGroups/nfa-tool-ts-clisdktest-nfcrg060523/providers/Microsoft.ManagedNetworkFabric/networkFabricControllers/nfa-tool-ts-cli-nfc061323","status":"Deleting","startTime":"2023-06-14T02:41:33.9881954Z"}'
    headers:
      cache-control:
      - no-cache
      content-length:
      - '621'
      content-type:
      - application/json; charset=utf-8
      date:
      - Wed, 14 Jun 2023 02:48:53 GMT
      etag:
      - '"9803714f-0000-0100-0000-648928dd0000"'
      expires:
      - '-1'
      pragma:
      - no-cache
      strict-transport-security:
      - max-age=31536000; includeSubDomains
      x-content-type-options:
      - nosniff
    status:
      code: 202
      message: Accepted
- request:
    body: null
    headers:
      Accept:
      - '*/*'
      Accept-Encoding:
      - gzip, deflate
      CommandName:
      - networkfabric controller delete
      Connection:
      - keep-alive
      ParameterSetName:
      - --resource-name --resource-group
      User-Agent:
      - AZURECLI/2.49.0 (AAZ) azsdk-python-core/1.26.4 Python/3.8.10 (Linux-5.15.90.1-microsoft-standard-WSL2-x86_64-with-glibc2.29)
    method: GET
    uri: https://management.azure.com/subscriptions/00000000-0000-0000-0000-000000000000/providers/Microsoft.ManagedNetworkFabric/locations/EASTUS/operationStatuses/50127353-88d8-4784-b92f-810ed1933c64*DE16F89F06C07A6C8C27BC39D75105791A82DC987E769F64C2ADD4E9D32EC112?api-version=2023-02-01-preview
  response:
    body:
      string: '{"id":"/subscriptions/00000000-0000-0000-0000-000000000000/providers/Microsoft.ManagedNetworkFabric/locations/EASTUS/operationStatuses/50127353-88d8-4784-b92f-810ed1933c64*DE16F89F06C07A6C8C27BC39D75105791A82DC987E769F64C2ADD4E9D32EC112","name":"50127353-88d8-4784-b92f-810ed1933c64*DE16F89F06C07A6C8C27BC39D75105791A82DC987E769F64C2ADD4E9D32EC112","resourceId":"/subscriptions/00000000-0000-0000-0000-000000000000/resourceGroups/nfa-tool-ts-clisdktest-nfcrg060523/providers/Microsoft.ManagedNetworkFabric/networkFabricControllers/nfa-tool-ts-cli-nfc061323","status":"Deleting","startTime":"2023-06-14T02:41:33.9881954Z"}'
    headers:
      cache-control:
      - no-cache
      content-length:
      - '621'
      content-type:
      - application/json; charset=utf-8
      date:
      - Wed, 14 Jun 2023 02:49:23 GMT
      etag:
      - '"9803714f-0000-0100-0000-648928dd0000"'
      expires:
      - '-1'
      pragma:
      - no-cache
      strict-transport-security:
      - max-age=31536000; includeSubDomains
      x-content-type-options:
      - nosniff
    status:
      code: 202
      message: Accepted
- request:
    body: null
    headers:
      Accept:
      - '*/*'
      Accept-Encoding:
      - gzip, deflate
      CommandName:
      - networkfabric controller delete
      Connection:
      - keep-alive
      ParameterSetName:
      - --resource-name --resource-group
      User-Agent:
      - AZURECLI/2.49.0 (AAZ) azsdk-python-core/1.26.4 Python/3.8.10 (Linux-5.15.90.1-microsoft-standard-WSL2-x86_64-with-glibc2.29)
    method: GET
    uri: https://management.azure.com/subscriptions/00000000-0000-0000-0000-000000000000/providers/Microsoft.ManagedNetworkFabric/locations/EASTUS/operationStatuses/50127353-88d8-4784-b92f-810ed1933c64*DE16F89F06C07A6C8C27BC39D75105791A82DC987E769F64C2ADD4E9D32EC112?api-version=2023-02-01-preview
  response:
    body:
      string: '{"id":"/subscriptions/00000000-0000-0000-0000-000000000000/providers/Microsoft.ManagedNetworkFabric/locations/EASTUS/operationStatuses/50127353-88d8-4784-b92f-810ed1933c64*DE16F89F06C07A6C8C27BC39D75105791A82DC987E769F64C2ADD4E9D32EC112","name":"50127353-88d8-4784-b92f-810ed1933c64*DE16F89F06C07A6C8C27BC39D75105791A82DC987E769F64C2ADD4E9D32EC112","resourceId":"/subscriptions/00000000-0000-0000-0000-000000000000/resourceGroups/nfa-tool-ts-clisdktest-nfcrg060523/providers/Microsoft.ManagedNetworkFabric/networkFabricControllers/nfa-tool-ts-cli-nfc061323","status":"Deleting","startTime":"2023-06-14T02:41:33.9881954Z"}'
    headers:
      cache-control:
      - no-cache
      content-length:
      - '621'
      content-type:
      - application/json; charset=utf-8
      date:
      - Wed, 14 Jun 2023 02:49:54 GMT
      etag:
      - '"9803714f-0000-0100-0000-648928dd0000"'
      expires:
      - '-1'
      pragma:
      - no-cache
      strict-transport-security:
      - max-age=31536000; includeSubDomains
      x-content-type-options:
      - nosniff
    status:
      code: 202
      message: Accepted
- request:
    body: null
    headers:
      Accept:
      - '*/*'
      Accept-Encoding:
      - gzip, deflate
      CommandName:
      - networkfabric controller delete
      Connection:
      - keep-alive
      ParameterSetName:
      - --resource-name --resource-group
      User-Agent:
      - AZURECLI/2.49.0 (AAZ) azsdk-python-core/1.26.4 Python/3.8.10 (Linux-5.15.90.1-microsoft-standard-WSL2-x86_64-with-glibc2.29)
    method: GET
    uri: https://management.azure.com/subscriptions/00000000-0000-0000-0000-000000000000/providers/Microsoft.ManagedNetworkFabric/locations/EASTUS/operationStatuses/50127353-88d8-4784-b92f-810ed1933c64*DE16F89F06C07A6C8C27BC39D75105791A82DC987E769F64C2ADD4E9D32EC112?api-version=2023-02-01-preview
  response:
    body:
      string: '{"id":"/subscriptions/00000000-0000-0000-0000-000000000000/providers/Microsoft.ManagedNetworkFabric/locations/EASTUS/operationStatuses/50127353-88d8-4784-b92f-810ed1933c64*DE16F89F06C07A6C8C27BC39D75105791A82DC987E769F64C2ADD4E9D32EC112","name":"50127353-88d8-4784-b92f-810ed1933c64*DE16F89F06C07A6C8C27BC39D75105791A82DC987E769F64C2ADD4E9D32EC112","resourceId":"/subscriptions/00000000-0000-0000-0000-000000000000/resourceGroups/nfa-tool-ts-clisdktest-nfcrg060523/providers/Microsoft.ManagedNetworkFabric/networkFabricControllers/nfa-tool-ts-cli-nfc061323","status":"Deleting","startTime":"2023-06-14T02:41:33.9881954Z"}'
    headers:
      cache-control:
      - no-cache
      content-length:
      - '621'
      content-type:
      - application/json; charset=utf-8
      date:
      - Wed, 14 Jun 2023 02:50:25 GMT
      etag:
      - '"9803714f-0000-0100-0000-648928dd0000"'
      expires:
      - '-1'
      pragma:
      - no-cache
      strict-transport-security:
      - max-age=31536000; includeSubDomains
      x-content-type-options:
      - nosniff
    status:
      code: 202
      message: Accepted
- request:
    body: null
    headers:
      Accept:
      - '*/*'
      Accept-Encoding:
      - gzip, deflate
      CommandName:
      - networkfabric controller delete
      Connection:
      - keep-alive
      ParameterSetName:
      - --resource-name --resource-group
      User-Agent:
      - AZURECLI/2.49.0 (AAZ) azsdk-python-core/1.26.4 Python/3.8.10 (Linux-5.15.90.1-microsoft-standard-WSL2-x86_64-with-glibc2.29)
    method: GET
    uri: https://management.azure.com/subscriptions/00000000-0000-0000-0000-000000000000/providers/Microsoft.ManagedNetworkFabric/locations/EASTUS/operationStatuses/50127353-88d8-4784-b92f-810ed1933c64*DE16F89F06C07A6C8C27BC39D75105791A82DC987E769F64C2ADD4E9D32EC112?api-version=2023-02-01-preview
  response:
    body:
      string: '{"id":"/subscriptions/00000000-0000-0000-0000-000000000000/providers/Microsoft.ManagedNetworkFabric/locations/EASTUS/operationStatuses/50127353-88d8-4784-b92f-810ed1933c64*DE16F89F06C07A6C8C27BC39D75105791A82DC987E769F64C2ADD4E9D32EC112","name":"50127353-88d8-4784-b92f-810ed1933c64*DE16F89F06C07A6C8C27BC39D75105791A82DC987E769F64C2ADD4E9D32EC112","resourceId":"/subscriptions/00000000-0000-0000-0000-000000000000/resourceGroups/nfa-tool-ts-clisdktest-nfcrg060523/providers/Microsoft.ManagedNetworkFabric/networkFabricControllers/nfa-tool-ts-cli-nfc061323","status":"Deleting","startTime":"2023-06-14T02:41:33.9881954Z"}'
    headers:
      cache-control:
      - no-cache
      content-length:
      - '621'
      content-type:
      - application/json; charset=utf-8
      date:
      - Wed, 14 Jun 2023 02:50:56 GMT
      etag:
      - '"9803714f-0000-0100-0000-648928dd0000"'
      expires:
      - '-1'
      pragma:
      - no-cache
      strict-transport-security:
      - max-age=31536000; includeSubDomains
      x-content-type-options:
      - nosniff
    status:
      code: 202
      message: Accepted
- request:
    body: null
    headers:
      Accept:
      - '*/*'
      Accept-Encoding:
      - gzip, deflate
      CommandName:
      - networkfabric controller delete
      Connection:
      - keep-alive
      ParameterSetName:
      - --resource-name --resource-group
      User-Agent:
      - AZURECLI/2.49.0 (AAZ) azsdk-python-core/1.26.4 Python/3.8.10 (Linux-5.15.90.1-microsoft-standard-WSL2-x86_64-with-glibc2.29)
    method: GET
    uri: https://management.azure.com/subscriptions/00000000-0000-0000-0000-000000000000/providers/Microsoft.ManagedNetworkFabric/locations/EASTUS/operationStatuses/50127353-88d8-4784-b92f-810ed1933c64*DE16F89F06C07A6C8C27BC39D75105791A82DC987E769F64C2ADD4E9D32EC112?api-version=2023-02-01-preview
  response:
    body:
      string: '{"id":"/subscriptions/00000000-0000-0000-0000-000000000000/providers/Microsoft.ManagedNetworkFabric/locations/EASTUS/operationStatuses/50127353-88d8-4784-b92f-810ed1933c64*DE16F89F06C07A6C8C27BC39D75105791A82DC987E769F64C2ADD4E9D32EC112","name":"50127353-88d8-4784-b92f-810ed1933c64*DE16F89F06C07A6C8C27BC39D75105791A82DC987E769F64C2ADD4E9D32EC112","resourceId":"/subscriptions/00000000-0000-0000-0000-000000000000/resourceGroups/nfa-tool-ts-clisdktest-nfcrg060523/providers/Microsoft.ManagedNetworkFabric/networkFabricControllers/nfa-tool-ts-cli-nfc061323","status":"Deleting","startTime":"2023-06-14T02:41:33.9881954Z"}'
    headers:
      cache-control:
      - no-cache
      content-length:
      - '621'
      content-type:
      - application/json; charset=utf-8
      date:
      - Wed, 14 Jun 2023 02:51:27 GMT
      etag:
      - '"9803714f-0000-0100-0000-648928dd0000"'
      expires:
      - '-1'
      pragma:
      - no-cache
      strict-transport-security:
      - max-age=31536000; includeSubDomains
      x-content-type-options:
      - nosniff
    status:
      code: 202
      message: Accepted
- request:
    body: null
    headers:
      Accept:
      - '*/*'
      Accept-Encoding:
      - gzip, deflate
      CommandName:
      - networkfabric controller delete
      Connection:
      - keep-alive
      ParameterSetName:
      - --resource-name --resource-group
      User-Agent:
      - AZURECLI/2.49.0 (AAZ) azsdk-python-core/1.26.4 Python/3.8.10 (Linux-5.15.90.1-microsoft-standard-WSL2-x86_64-with-glibc2.29)
    method: GET
    uri: https://management.azure.com/subscriptions/00000000-0000-0000-0000-000000000000/providers/Microsoft.ManagedNetworkFabric/locations/EASTUS/operationStatuses/50127353-88d8-4784-b92f-810ed1933c64*DE16F89F06C07A6C8C27BC39D75105791A82DC987E769F64C2ADD4E9D32EC112?api-version=2023-02-01-preview
  response:
    body:
      string: '{"id":"/subscriptions/00000000-0000-0000-0000-000000000000/providers/Microsoft.ManagedNetworkFabric/locations/EASTUS/operationStatuses/50127353-88d8-4784-b92f-810ed1933c64*DE16F89F06C07A6C8C27BC39D75105791A82DC987E769F64C2ADD4E9D32EC112","name":"50127353-88d8-4784-b92f-810ed1933c64*DE16F89F06C07A6C8C27BC39D75105791A82DC987E769F64C2ADD4E9D32EC112","resourceId":"/subscriptions/00000000-0000-0000-0000-000000000000/resourceGroups/nfa-tool-ts-clisdktest-nfcrg060523/providers/Microsoft.ManagedNetworkFabric/networkFabricControllers/nfa-tool-ts-cli-nfc061323","status":"Deleting","startTime":"2023-06-14T02:41:33.9881954Z"}'
    headers:
      cache-control:
      - no-cache
      content-length:
      - '621'
      content-type:
      - application/json; charset=utf-8
      date:
      - Wed, 14 Jun 2023 02:51:58 GMT
      etag:
      - '"9803714f-0000-0100-0000-648928dd0000"'
      expires:
      - '-1'
      pragma:
      - no-cache
      strict-transport-security:
      - max-age=31536000; includeSubDomains
      x-content-type-options:
      - nosniff
    status:
      code: 202
      message: Accepted
- request:
    body: null
    headers:
      Accept:
      - '*/*'
      Accept-Encoding:
      - gzip, deflate
      CommandName:
      - networkfabric controller delete
      Connection:
      - keep-alive
      ParameterSetName:
      - --resource-name --resource-group
      User-Agent:
      - AZURECLI/2.49.0 (AAZ) azsdk-python-core/1.26.4 Python/3.8.10 (Linux-5.15.90.1-microsoft-standard-WSL2-x86_64-with-glibc2.29)
    method: GET
    uri: https://management.azure.com/subscriptions/00000000-0000-0000-0000-000000000000/providers/Microsoft.ManagedNetworkFabric/locations/EASTUS/operationStatuses/50127353-88d8-4784-b92f-810ed1933c64*DE16F89F06C07A6C8C27BC39D75105791A82DC987E769F64C2ADD4E9D32EC112?api-version=2023-02-01-preview
  response:
    body:
      string: '{"id":"/subscriptions/00000000-0000-0000-0000-000000000000/providers/Microsoft.ManagedNetworkFabric/locations/EASTUS/operationStatuses/50127353-88d8-4784-b92f-810ed1933c64*DE16F89F06C07A6C8C27BC39D75105791A82DC987E769F64C2ADD4E9D32EC112","name":"50127353-88d8-4784-b92f-810ed1933c64*DE16F89F06C07A6C8C27BC39D75105791A82DC987E769F64C2ADD4E9D32EC112","resourceId":"/subscriptions/00000000-0000-0000-0000-000000000000/resourceGroups/nfa-tool-ts-clisdktest-nfcrg060523/providers/Microsoft.ManagedNetworkFabric/networkFabricControllers/nfa-tool-ts-cli-nfc061323","status":"Deleting","startTime":"2023-06-14T02:41:33.9881954Z"}'
    headers:
      cache-control:
      - no-cache
      content-length:
      - '621'
      content-type:
      - application/json; charset=utf-8
      date:
      - Wed, 14 Jun 2023 02:52:29 GMT
      etag:
      - '"9803714f-0000-0100-0000-648928dd0000"'
      expires:
      - '-1'
      pragma:
      - no-cache
      strict-transport-security:
      - max-age=31536000; includeSubDomains
      x-content-type-options:
      - nosniff
    status:
      code: 202
      message: Accepted
- request:
    body: null
    headers:
      Accept:
      - '*/*'
      Accept-Encoding:
      - gzip, deflate
      CommandName:
      - networkfabric controller delete
      Connection:
      - keep-alive
      ParameterSetName:
      - --resource-name --resource-group
      User-Agent:
      - AZURECLI/2.49.0 (AAZ) azsdk-python-core/1.26.4 Python/3.8.10 (Linux-5.15.90.1-microsoft-standard-WSL2-x86_64-with-glibc2.29)
    method: GET
    uri: https://management.azure.com/subscriptions/00000000-0000-0000-0000-000000000000/providers/Microsoft.ManagedNetworkFabric/locations/EASTUS/operationStatuses/50127353-88d8-4784-b92f-810ed1933c64*DE16F89F06C07A6C8C27BC39D75105791A82DC987E769F64C2ADD4E9D32EC112?api-version=2023-02-01-preview
  response:
    body:
      string: '{"id":"/subscriptions/00000000-0000-0000-0000-000000000000/providers/Microsoft.ManagedNetworkFabric/locations/EASTUS/operationStatuses/50127353-88d8-4784-b92f-810ed1933c64*DE16F89F06C07A6C8C27BC39D75105791A82DC987E769F64C2ADD4E9D32EC112","name":"50127353-88d8-4784-b92f-810ed1933c64*DE16F89F06C07A6C8C27BC39D75105791A82DC987E769F64C2ADD4E9D32EC112","resourceId":"/subscriptions/00000000-0000-0000-0000-000000000000/resourceGroups/nfa-tool-ts-clisdktest-nfcrg060523/providers/Microsoft.ManagedNetworkFabric/networkFabricControllers/nfa-tool-ts-cli-nfc061323","status":"Deleting","startTime":"2023-06-14T02:41:33.9881954Z"}'
    headers:
      cache-control:
      - no-cache
      content-length:
      - '621'
      content-type:
      - application/json; charset=utf-8
      date:
      - Wed, 14 Jun 2023 02:53:00 GMT
      etag:
      - '"9803714f-0000-0100-0000-648928dd0000"'
      expires:
      - '-1'
      pragma:
      - no-cache
      strict-transport-security:
      - max-age=31536000; includeSubDomains
      x-content-type-options:
      - nosniff
    status:
      code: 202
      message: Accepted
- request:
    body: null
    headers:
      Accept:
      - '*/*'
      Accept-Encoding:
      - gzip, deflate
      CommandName:
      - networkfabric controller delete
      Connection:
      - keep-alive
      ParameterSetName:
      - --resource-name --resource-group
      User-Agent:
      - AZURECLI/2.49.0 (AAZ) azsdk-python-core/1.26.4 Python/3.8.10 (Linux-5.15.90.1-microsoft-standard-WSL2-x86_64-with-glibc2.29)
    method: GET
    uri: https://management.azure.com/subscriptions/00000000-0000-0000-0000-000000000000/providers/Microsoft.ManagedNetworkFabric/locations/EASTUS/operationStatuses/50127353-88d8-4784-b92f-810ed1933c64*DE16F89F06C07A6C8C27BC39D75105791A82DC987E769F64C2ADD4E9D32EC112?api-version=2023-02-01-preview
  response:
    body:
      string: '{"id":"/subscriptions/00000000-0000-0000-0000-000000000000/providers/Microsoft.ManagedNetworkFabric/locations/EASTUS/operationStatuses/50127353-88d8-4784-b92f-810ed1933c64*DE16F89F06C07A6C8C27BC39D75105791A82DC987E769F64C2ADD4E9D32EC112","name":"50127353-88d8-4784-b92f-810ed1933c64*DE16F89F06C07A6C8C27BC39D75105791A82DC987E769F64C2ADD4E9D32EC112","resourceId":"/subscriptions/00000000-0000-0000-0000-000000000000/resourceGroups/nfa-tool-ts-clisdktest-nfcrg060523/providers/Microsoft.ManagedNetworkFabric/networkFabricControllers/nfa-tool-ts-cli-nfc061323","status":"Deleting","startTime":"2023-06-14T02:41:33.9881954Z"}'
    headers:
      cache-control:
      - no-cache
      content-length:
      - '621'
      content-type:
      - application/json; charset=utf-8
      date:
      - Wed, 14 Jun 2023 02:53:31 GMT
      etag:
      - '"9803714f-0000-0100-0000-648928dd0000"'
      expires:
      - '-1'
      pragma:
      - no-cache
      strict-transport-security:
      - max-age=31536000; includeSubDomains
      x-content-type-options:
      - nosniff
    status:
      code: 202
      message: Accepted
- request:
    body: null
    headers:
      Accept:
      - '*/*'
      Accept-Encoding:
      - gzip, deflate
      CommandName:
      - networkfabric controller delete
      Connection:
      - keep-alive
      ParameterSetName:
      - --resource-name --resource-group
      User-Agent:
      - AZURECLI/2.49.0 (AAZ) azsdk-python-core/1.26.4 Python/3.8.10 (Linux-5.15.90.1-microsoft-standard-WSL2-x86_64-with-glibc2.29)
    method: GET
    uri: https://management.azure.com/subscriptions/00000000-0000-0000-0000-000000000000/providers/Microsoft.ManagedNetworkFabric/locations/EASTUS/operationStatuses/50127353-88d8-4784-b92f-810ed1933c64*DE16F89F06C07A6C8C27BC39D75105791A82DC987E769F64C2ADD4E9D32EC112?api-version=2023-02-01-preview
  response:
    body:
      string: '{"id":"/subscriptions/00000000-0000-0000-0000-000000000000/providers/Microsoft.ManagedNetworkFabric/locations/EASTUS/operationStatuses/50127353-88d8-4784-b92f-810ed1933c64*DE16F89F06C07A6C8C27BC39D75105791A82DC987E769F64C2ADD4E9D32EC112","name":"50127353-88d8-4784-b92f-810ed1933c64*DE16F89F06C07A6C8C27BC39D75105791A82DC987E769F64C2ADD4E9D32EC112","resourceId":"/subscriptions/00000000-0000-0000-0000-000000000000/resourceGroups/nfa-tool-ts-clisdktest-nfcrg060523/providers/Microsoft.ManagedNetworkFabric/networkFabricControllers/nfa-tool-ts-cli-nfc061323","status":"Deleting","startTime":"2023-06-14T02:41:33.9881954Z"}'
    headers:
      cache-control:
      - no-cache
      content-length:
      - '621'
      content-type:
      - application/json; charset=utf-8
      date:
      - Wed, 14 Jun 2023 02:54:02 GMT
      etag:
      - '"9803714f-0000-0100-0000-648928dd0000"'
      expires:
      - '-1'
      pragma:
      - no-cache
      strict-transport-security:
      - max-age=31536000; includeSubDomains
      x-content-type-options:
      - nosniff
    status:
      code: 202
      message: Accepted
- request:
    body: null
    headers:
      Accept:
      - '*/*'
      Accept-Encoding:
      - gzip, deflate
      CommandName:
      - networkfabric controller delete
      Connection:
      - keep-alive
      ParameterSetName:
      - --resource-name --resource-group
      User-Agent:
      - AZURECLI/2.49.0 (AAZ) azsdk-python-core/1.26.4 Python/3.8.10 (Linux-5.15.90.1-microsoft-standard-WSL2-x86_64-with-glibc2.29)
    method: GET
    uri: https://management.azure.com/subscriptions/00000000-0000-0000-0000-000000000000/providers/Microsoft.ManagedNetworkFabric/locations/EASTUS/operationStatuses/50127353-88d8-4784-b92f-810ed1933c64*DE16F89F06C07A6C8C27BC39D75105791A82DC987E769F64C2ADD4E9D32EC112?api-version=2023-02-01-preview
  response:
    body:
      string: '{"id":"/subscriptions/00000000-0000-0000-0000-000000000000/providers/Microsoft.ManagedNetworkFabric/locations/EASTUS/operationStatuses/50127353-88d8-4784-b92f-810ed1933c64*DE16F89F06C07A6C8C27BC39D75105791A82DC987E769F64C2ADD4E9D32EC112","name":"50127353-88d8-4784-b92f-810ed1933c64*DE16F89F06C07A6C8C27BC39D75105791A82DC987E769F64C2ADD4E9D32EC112","resourceId":"/subscriptions/00000000-0000-0000-0000-000000000000/resourceGroups/nfa-tool-ts-clisdktest-nfcrg060523/providers/Microsoft.ManagedNetworkFabric/networkFabricControllers/nfa-tool-ts-cli-nfc061323","status":"Deleting","startTime":"2023-06-14T02:41:33.9881954Z"}'
    headers:
      cache-control:
      - no-cache
      content-length:
      - '621'
      content-type:
      - application/json; charset=utf-8
      date:
      - Wed, 14 Jun 2023 02:54:34 GMT
      etag:
      - '"9803714f-0000-0100-0000-648928dd0000"'
      expires:
      - '-1'
      pragma:
      - no-cache
      strict-transport-security:
      - max-age=31536000; includeSubDomains
      x-content-type-options:
      - nosniff
    status:
      code: 202
      message: Accepted
- request:
    body: null
    headers:
      Accept:
      - '*/*'
      Accept-Encoding:
      - gzip, deflate
      CommandName:
      - networkfabric controller delete
      Connection:
      - keep-alive
      ParameterSetName:
      - --resource-name --resource-group
      User-Agent:
      - AZURECLI/2.49.0 (AAZ) azsdk-python-core/1.26.4 Python/3.8.10 (Linux-5.15.90.1-microsoft-standard-WSL2-x86_64-with-glibc2.29)
    method: GET
    uri: https://management.azure.com/subscriptions/00000000-0000-0000-0000-000000000000/providers/Microsoft.ManagedNetworkFabric/locations/EASTUS/operationStatuses/50127353-88d8-4784-b92f-810ed1933c64*DE16F89F06C07A6C8C27BC39D75105791A82DC987E769F64C2ADD4E9D32EC112?api-version=2023-02-01-preview
  response:
    body:
      string: '{"id":"/subscriptions/00000000-0000-0000-0000-000000000000/providers/Microsoft.ManagedNetworkFabric/locations/EASTUS/operationStatuses/50127353-88d8-4784-b92f-810ed1933c64*DE16F89F06C07A6C8C27BC39D75105791A82DC987E769F64C2ADD4E9D32EC112","name":"50127353-88d8-4784-b92f-810ed1933c64*DE16F89F06C07A6C8C27BC39D75105791A82DC987E769F64C2ADD4E9D32EC112","resourceId":"/subscriptions/00000000-0000-0000-0000-000000000000/resourceGroups/nfa-tool-ts-clisdktest-nfcrg060523/providers/Microsoft.ManagedNetworkFabric/networkFabricControllers/nfa-tool-ts-cli-nfc061323","status":"Deleting","startTime":"2023-06-14T02:41:33.9881954Z"}'
    headers:
      cache-control:
      - no-cache
      content-length:
      - '621'
      content-type:
      - application/json; charset=utf-8
      date:
      - Wed, 14 Jun 2023 02:55:04 GMT
      etag:
      - '"9803714f-0000-0100-0000-648928dd0000"'
      expires:
      - '-1'
      pragma:
      - no-cache
      strict-transport-security:
      - max-age=31536000; includeSubDomains
      x-content-type-options:
      - nosniff
    status:
      code: 202
      message: Accepted
- request:
    body: null
    headers:
      Accept:
      - '*/*'
      Accept-Encoding:
      - gzip, deflate
      CommandName:
      - networkfabric controller delete
      Connection:
      - keep-alive
      ParameterSetName:
      - --resource-name --resource-group
      User-Agent:
      - AZURECLI/2.49.0 (AAZ) azsdk-python-core/1.26.4 Python/3.8.10 (Linux-5.15.90.1-microsoft-standard-WSL2-x86_64-with-glibc2.29)
    method: GET
    uri: https://management.azure.com/subscriptions/00000000-0000-0000-0000-000000000000/providers/Microsoft.ManagedNetworkFabric/locations/EASTUS/operationStatuses/50127353-88d8-4784-b92f-810ed1933c64*DE16F89F06C07A6C8C27BC39D75105791A82DC987E769F64C2ADD4E9D32EC112?api-version=2023-02-01-preview
  response:
    body:
      string: '{"id":"/subscriptions/00000000-0000-0000-0000-000000000000/providers/Microsoft.ManagedNetworkFabric/locations/EASTUS/operationStatuses/50127353-88d8-4784-b92f-810ed1933c64*DE16F89F06C07A6C8C27BC39D75105791A82DC987E769F64C2ADD4E9D32EC112","name":"50127353-88d8-4784-b92f-810ed1933c64*DE16F89F06C07A6C8C27BC39D75105791A82DC987E769F64C2ADD4E9D32EC112","resourceId":"/subscriptions/00000000-0000-0000-0000-000000000000/resourceGroups/nfa-tool-ts-clisdktest-nfcrg060523/providers/Microsoft.ManagedNetworkFabric/networkFabricControllers/nfa-tool-ts-cli-nfc061323","status":"Deleting","startTime":"2023-06-14T02:41:33.9881954Z"}'
    headers:
      cache-control:
      - no-cache
      content-length:
      - '621'
      content-type:
      - application/json; charset=utf-8
      date:
      - Wed, 14 Jun 2023 02:55:35 GMT
      etag:
      - '"9803714f-0000-0100-0000-648928dd0000"'
      expires:
      - '-1'
      pragma:
      - no-cache
      strict-transport-security:
      - max-age=31536000; includeSubDomains
      x-content-type-options:
      - nosniff
    status:
      code: 202
      message: Accepted
- request:
    body: null
    headers:
      Accept:
      - '*/*'
      Accept-Encoding:
      - gzip, deflate
      CommandName:
      - networkfabric controller delete
      Connection:
      - keep-alive
      ParameterSetName:
      - --resource-name --resource-group
      User-Agent:
      - AZURECLI/2.49.0 (AAZ) azsdk-python-core/1.26.4 Python/3.8.10 (Linux-5.15.90.1-microsoft-standard-WSL2-x86_64-with-glibc2.29)
    method: GET
    uri: https://management.azure.com/subscriptions/00000000-0000-0000-0000-000000000000/providers/Microsoft.ManagedNetworkFabric/locations/EASTUS/operationStatuses/50127353-88d8-4784-b92f-810ed1933c64*DE16F89F06C07A6C8C27BC39D75105791A82DC987E769F64C2ADD4E9D32EC112?api-version=2023-02-01-preview
  response:
    body:
      string: '{"id":"/subscriptions/00000000-0000-0000-0000-000000000000/providers/Microsoft.ManagedNetworkFabric/locations/EASTUS/operationStatuses/50127353-88d8-4784-b92f-810ed1933c64*DE16F89F06C07A6C8C27BC39D75105791A82DC987E769F64C2ADD4E9D32EC112","name":"50127353-88d8-4784-b92f-810ed1933c64*DE16F89F06C07A6C8C27BC39D75105791A82DC987E769F64C2ADD4E9D32EC112","resourceId":"/subscriptions/00000000-0000-0000-0000-000000000000/resourceGroups/nfa-tool-ts-clisdktest-nfcrg060523/providers/Microsoft.ManagedNetworkFabric/networkFabricControllers/nfa-tool-ts-cli-nfc061323","status":"Deleting","startTime":"2023-06-14T02:41:33.9881954Z"}'
    headers:
      cache-control:
      - no-cache
      content-length:
      - '621'
      content-type:
      - application/json; charset=utf-8
      date:
      - Wed, 14 Jun 2023 02:56:06 GMT
      etag:
      - '"9803714f-0000-0100-0000-648928dd0000"'
      expires:
      - '-1'
      pragma:
      - no-cache
      strict-transport-security:
      - max-age=31536000; includeSubDomains
      x-content-type-options:
      - nosniff
    status:
      code: 202
      message: Accepted
- request:
    body: null
    headers:
      Accept:
      - '*/*'
      Accept-Encoding:
      - gzip, deflate
      CommandName:
      - networkfabric controller delete
      Connection:
      - keep-alive
      ParameterSetName:
      - --resource-name --resource-group
      User-Agent:
      - AZURECLI/2.49.0 (AAZ) azsdk-python-core/1.26.4 Python/3.8.10 (Linux-5.15.90.1-microsoft-standard-WSL2-x86_64-with-glibc2.29)
    method: GET
    uri: https://management.azure.com/subscriptions/00000000-0000-0000-0000-000000000000/providers/Microsoft.ManagedNetworkFabric/locations/EASTUS/operationStatuses/50127353-88d8-4784-b92f-810ed1933c64*DE16F89F06C07A6C8C27BC39D75105791A82DC987E769F64C2ADD4E9D32EC112?api-version=2023-02-01-preview
  response:
    body:
      string: '{"id":"/subscriptions/00000000-0000-0000-0000-000000000000/providers/Microsoft.ManagedNetworkFabric/locations/EASTUS/operationStatuses/50127353-88d8-4784-b92f-810ed1933c64*DE16F89F06C07A6C8C27BC39D75105791A82DC987E769F64C2ADD4E9D32EC112","name":"50127353-88d8-4784-b92f-810ed1933c64*DE16F89F06C07A6C8C27BC39D75105791A82DC987E769F64C2ADD4E9D32EC112","resourceId":"/subscriptions/00000000-0000-0000-0000-000000000000/resourceGroups/nfa-tool-ts-clisdktest-nfcrg060523/providers/Microsoft.ManagedNetworkFabric/networkFabricControllers/nfa-tool-ts-cli-nfc061323","status":"Deleting","startTime":"2023-06-14T02:41:33.9881954Z"}'
    headers:
      cache-control:
      - no-cache
      content-length:
      - '621'
      content-type:
      - application/json; charset=utf-8
      date:
      - Wed, 14 Jun 2023 02:56:37 GMT
      etag:
      - '"9803714f-0000-0100-0000-648928dd0000"'
      expires:
      - '-1'
      pragma:
      - no-cache
      strict-transport-security:
      - max-age=31536000; includeSubDomains
      x-content-type-options:
      - nosniff
    status:
      code: 202
      message: Accepted
- request:
    body: null
    headers:
      Accept:
      - '*/*'
      Accept-Encoding:
      - gzip, deflate
      CommandName:
      - networkfabric controller delete
      Connection:
      - keep-alive
      ParameterSetName:
      - --resource-name --resource-group
      User-Agent:
      - AZURECLI/2.49.0 (AAZ) azsdk-python-core/1.26.4 Python/3.8.10 (Linux-5.15.90.1-microsoft-standard-WSL2-x86_64-with-glibc2.29)
    method: GET
    uri: https://management.azure.com/subscriptions/00000000-0000-0000-0000-000000000000/providers/Microsoft.ManagedNetworkFabric/locations/EASTUS/operationStatuses/50127353-88d8-4784-b92f-810ed1933c64*DE16F89F06C07A6C8C27BC39D75105791A82DC987E769F64C2ADD4E9D32EC112?api-version=2023-02-01-preview
  response:
    body:
      string: '{"id":"/subscriptions/00000000-0000-0000-0000-000000000000/providers/Microsoft.ManagedNetworkFabric/locations/EASTUS/operationStatuses/50127353-88d8-4784-b92f-810ed1933c64*DE16F89F06C07A6C8C27BC39D75105791A82DC987E769F64C2ADD4E9D32EC112","name":"50127353-88d8-4784-b92f-810ed1933c64*DE16F89F06C07A6C8C27BC39D75105791A82DC987E769F64C2ADD4E9D32EC112","resourceId":"/subscriptions/00000000-0000-0000-0000-000000000000/resourceGroups/nfa-tool-ts-clisdktest-nfcrg060523/providers/Microsoft.ManagedNetworkFabric/networkFabricControllers/nfa-tool-ts-cli-nfc061323","status":"Succeeded","startTime":"2023-06-14T02:41:33.9881954Z","properties":null}'
    headers:
      cache-control:
      - no-cache
      content-length:
      - '640'
      content-type:
      - application/json; charset=utf-8
      date:
      - Wed, 14 Jun 2023 02:57:07 GMT
      etag:
      - '"7900ad8d-0000-0500-0000-64892c6f0000"'
      expires:
      - '-1'
      pragma:
      - no-cache
      strict-transport-security:
      - max-age=31536000; includeSubDomains
      transfer-encoding:
      - chunked
      vary:
      - Accept-Encoding
      x-content-type-options:
      - nosniff
    status:
      code: 200
      message: OK
- request:
    body: null
    headers:
      Accept:
      - '*/*'
      Accept-Encoding:
      - gzip, deflate
      CommandName:
      - networkfabric controller delete
      Connection:
      - keep-alive
      ParameterSetName:
      - --resource-name --resource-group
      User-Agent:
      - AZURECLI/2.49.0 (AAZ) azsdk-python-core/1.26.4 Python/3.8.10 (Linux-5.15.90.1-microsoft-standard-WSL2-x86_64-with-glibc2.29)
    method: GET
    uri: https://management.azure.com/subscriptions/00000000-0000-0000-0000-000000000000/providers/Microsoft.ManagedNetworkFabric/locations/EASTUS/operationStatuses/50127353-88d8-4784-b92f-810ed1933c64*DE16F89F06C07A6C8C27BC39D75105791A82DC987E769F64C2ADD4E9D32EC112?api-version=2023-02-01-preview
  response:
    body:
      string: '{"id":"/subscriptions/00000000-0000-0000-0000-000000000000/providers/Microsoft.ManagedNetworkFabric/locations/EASTUS/operationStatuses/50127353-88d8-4784-b92f-810ed1933c64*DE16F89F06C07A6C8C27BC39D75105791A82DC987E769F64C2ADD4E9D32EC112","name":"50127353-88d8-4784-b92f-810ed1933c64*DE16F89F06C07A6C8C27BC39D75105791A82DC987E769F64C2ADD4E9D32EC112","resourceId":"/subscriptions/00000000-0000-0000-0000-000000000000/resourceGroups/nfa-tool-ts-clisdktest-nfcrg060523/providers/Microsoft.ManagedNetworkFabric/networkFabricControllers/nfa-tool-ts-cli-nfc061323","status":"Succeeded","startTime":"2023-06-14T02:41:33.9881954Z","properties":null}'
    headers:
      cache-control:
      - no-cache
      content-length:
      - '640'
      content-type:
      - application/json; charset=utf-8
      date:
      - Wed, 14 Jun 2023 02:57:08 GMT
      etag:
      - '"7900ad8d-0000-0500-0000-64892c6f0000"'
      expires:
      - '-1'
      pragma:
      - no-cache
      strict-transport-security:
      - max-age=31536000; includeSubDomains
      transfer-encoding:
      - chunked
      vary:
      - Accept-Encoding
      x-content-type-options:
      - nosniff
    status:
      code: 200
      message: OK
version: 1
