interactions:
- request:
    body: '{"location": "westus", "tags": {"use": "az-test"}}'
    headers:
      Accept: [application/json]
      Accept-Encoding: ['gzip, deflate']
      CommandName: [group create]
      Connection: [keep-alive]
      Content-Length: ['50']
      Content-Type: [application/json; charset=utf-8]
      User-Agent: [python/3.6.3 (Windows-10-10.0.15063-SP0) requests/2.18.4 msrest/0.4.22
          msrest_azure/0.4.19 resourcemanagementclient/1.2.1 Azure-SDK-For-Python
          AZURECLI/2.0.26]
      accept-language: [en-US]
    method: PUT
    uri: https://management.azure.com/subscriptions/00000000-0000-0000-0000-000000000000/resourcegroups/cli_test_eh_eventnhub000001?api-version=2017-05-10
  response:
    body: {string: '{"id":"/subscriptions/00000000-0000-0000-0000-000000000000/resourceGroups/cli_test_eh_eventnhub000001","name":"cli_test_eh_eventnhub000001","location":"westus","tags":{"use":"az-test"},"properties":{"provisioningState":"Succeeded"}}'}
    headers:
      cache-control: [no-cache]
      content-length: ['328']
      content-type: [application/json; charset=utf-8]
      date: ['Wed, 17 Jan 2018 18:15:17 GMT']
      expires: ['-1']
      pragma: [no-cache]
      strict-transport-security: [max-age=31536000; includeSubDomains]
      x-ms-ratelimit-remaining-subscription-writes: ['1199']
    status: {code: 201, message: Created}
- request:
    body: '{"location": "westus2", "tags": {"{tag2: value2,": "", "tag1: value1}":
      ""}, "sku": {"name": "Standard", "tier": "Standard"}, "properties": {"isAutoInflateEnabled":
      true, "maximumThroughputUnits": 4}}'
    headers:
      Accept: [application/json]
      Accept-Encoding: ['gzip, deflate']
      CommandName: [eventhubs namespace create]
      Connection: [keep-alive]
      Content-Length: ['200']
      Content-Type: [application/json; charset=utf-8]
      User-Agent: [python/3.6.3 (Windows-10-10.0.15063-SP0) requests/2.18.4 msrest/0.4.22
          msrest_azure/0.4.19 azure-mgmt-eventhub/1.2.0 Azure-SDK-For-Python AZURECLI/2.0.26]
      accept-language: [en-US]
    method: PUT
    uri: https://management.azure.com/subscriptions/00000000-0000-0000-0000-000000000000/resourceGroups/cli_test_eh_eventnhub000001/providers/Microsoft.EventHub/namespaces/eventhubs-nscli000002?api-version=2017-04-01
  response:
    body: {string: '{"sku":{"name":"Standard","tier":"Standard","capacity":1},"id":"/subscriptions/00000000-0000-0000-0000-000000000000/resourceGroups/cli_test_eh_eventnhub000001/providers/Microsoft.EventHub/namespaces/eventhubs-nscli000002","name":"eventhubs-nscli000002","type":"Microsoft.EventHub/Namespaces","location":"West
        US 2","tags":{"{tag2: value2,":"","tag1: value1}":""},"properties":{"isAutoInflateEnabled":true,"maximumThroughputUnits":4,"provisioningState":"Created","metricId":"55f3dcd4-cac7-43b4-990b-a139d62a1eb2:eventhubs-nscli000002","createdAt":"2018-01-17T18:15:18.66Z","updatedAt":"2018-01-17T18:15:18.66Z","serviceBusEndpoint":"https://eventhubs-nscli000002.servicebus.windows.net:443/","status":"Activating"}}'}
    headers:
      cache-control: [no-cache]
      content-length: ['758']
      content-type: [application/json; charset=utf-8]
      date: ['Wed, 17 Jan 2018 18:15:19 GMT']
      expires: ['-1']
      pragma: [no-cache]
      server: [Service-Bus-Resource-Provider/SN1, Microsoft-HTTPAPI/2.0]
      server-sb: [Service-Bus-Resource-Provider/SN1]
      strict-transport-security: [max-age=31536000; includeSubDomains]
      transfer-encoding: [chunked]
      vary: [Accept-Encoding]
      x-ms-ratelimit-remaining-subscription-writes: ['1199']
    status: {code: 200, message: OK}
- request:
    body: null
    headers:
      Accept: [application/json]
      Accept-Encoding: ['gzip, deflate']
      CommandName: [eventhubs namespace create]
      Connection: [keep-alive]
      Content-Type: [application/json; charset=utf-8]
      User-Agent: [python/3.6.3 (Windows-10-10.0.15063-SP0) requests/2.18.4 msrest/0.4.22
          msrest_azure/0.4.19 azure-mgmt-eventhub/1.2.0 Azure-SDK-For-Python AZURECLI/2.0.26]
      accept-language: [en-US]
    method: GET
    uri: https://management.azure.com/subscriptions/00000000-0000-0000-0000-000000000000/resourceGroups/cli_test_eh_eventnhub000001/providers/Microsoft.EventHub/namespaces/eventhubs-nscli000002?api-version=2017-04-01
  response:
    body: {string: '{"sku":{"name":"Standard","tier":"Standard","capacity":1},"id":"/subscriptions/00000000-0000-0000-0000-000000000000/resourceGroups/cli_test_eh_eventnhub000001/providers/Microsoft.EventHub/namespaces/eventhubs-nscli000002","name":"eventhubs-nscli000002","type":"Microsoft.EventHub/Namespaces","location":"West
        US 2","tags":{"{tag2: value2,":"","tag1: value1}":""},"properties":{"isAutoInflateEnabled":true,"maximumThroughputUnits":4,"provisioningState":"Succeeded","metricId":"55f3dcd4-cac7-43b4-990b-a139d62a1eb2:eventhubs-nscli000002","createdAt":"2018-01-17T18:15:18.66Z","updatedAt":"2018-01-17T18:15:42.077Z","serviceBusEndpoint":"https://eventhubs-nscli000002.servicebus.windows.net:443/","status":"Active"}}'}
    headers:
      cache-control: [no-cache]
      content-length: ['757']
      content-type: [application/json; charset=utf-8]
      date: ['Wed, 17 Jan 2018 18:15:49 GMT']
      expires: ['-1']
      pragma: [no-cache]
      server: [Service-Bus-Resource-Provider/SN1, Microsoft-HTTPAPI/2.0]
      server-sb: [Service-Bus-Resource-Provider/SN1]
      strict-transport-security: [max-age=31536000; includeSubDomains]
      transfer-encoding: [chunked]
      vary: [Accept-Encoding]
    status: {code: 200, message: OK}
- request:
    body: null
    headers:
      Accept: [application/json]
      Accept-Encoding: ['gzip, deflate']
      CommandName: [eventhubs namespace show]
      Connection: [keep-alive]
      Content-Type: [application/json; charset=utf-8]
      User-Agent: [python/3.6.3 (Windows-10-10.0.15063-SP0) requests/2.18.4 msrest/0.4.22
          msrest_azure/0.4.19 azure-mgmt-eventhub/1.2.0 Azure-SDK-For-Python AZURECLI/2.0.26]
      accept-language: [en-US]
    method: GET
    uri: https://management.azure.com/subscriptions/00000000-0000-0000-0000-000000000000/resourceGroups/cli_test_eh_eventnhub000001/providers/Microsoft.EventHub/namespaces/eventhubs-nscli000002?api-version=2017-04-01
  response:
    body: {string: '{"sku":{"name":"Standard","tier":"Standard","capacity":1},"id":"/subscriptions/00000000-0000-0000-0000-000000000000/resourceGroups/cli_test_eh_eventnhub000001/providers/Microsoft.EventHub/namespaces/eventhubs-nscli000002","name":"eventhubs-nscli000002","type":"Microsoft.EventHub/Namespaces","location":"West
        US 2","tags":{"{tag2: value2,":"","tag1: value1}":""},"properties":{"isAutoInflateEnabled":true,"maximumThroughputUnits":4,"provisioningState":"Succeeded","metricId":"55f3dcd4-cac7-43b4-990b-a139d62a1eb2:eventhubs-nscli000002","createdAt":"2018-01-17T18:15:18.66Z","updatedAt":"2018-01-17T18:15:42.077Z","serviceBusEndpoint":"https://eventhubs-nscli000002.servicebus.windows.net:443/","status":"Active"}}'}
    headers:
      cache-control: [no-cache]
      content-length: ['757']
      content-type: [application/json; charset=utf-8]
      date: ['Wed, 17 Jan 2018 18:15:51 GMT']
      expires: ['-1']
      pragma: [no-cache]
      server: [Service-Bus-Resource-Provider/SN1, Microsoft-HTTPAPI/2.0]
      server-sb: [Service-Bus-Resource-Provider/SN1]
      strict-transport-security: [max-age=31536000; includeSubDomains]
      transfer-encoding: [chunked]
      vary: [Accept-Encoding]
    status: {code: 200, message: OK}
- request:
    body: '{}'
    headers:
      Accept: [application/json]
      Accept-Encoding: ['gzip, deflate']
      CommandName: [eventhubs eventhub create]
      Connection: [keep-alive]
      Content-Length: ['2']
      Content-Type: [application/json; charset=utf-8]
      User-Agent: [python/3.6.3 (Windows-10-10.0.15063-SP0) requests/2.18.4 msrest/0.4.22
          msrest_azure/0.4.19 azure-mgmt-eventhub/1.2.0 Azure-SDK-For-Python AZURECLI/2.0.26]
      accept-language: [en-US]
    method: PUT
    uri: https://management.azure.com/subscriptions/00000000-0000-0000-0000-000000000000/resourceGroups/cli_test_eh_eventnhub000001/providers/Microsoft.EventHub/namespaces/eventhubs-nscli000002/eventhubs/eventhubs-eventhubcli000004?api-version=2017-04-01
  response:
    body: {string: '{"id":"/subscriptions/00000000-0000-0000-0000-000000000000/resourceGroups/cli_test_eh_eventnhub000001/providers/Microsoft.EventHub/namespaces/eventhubs-nscli000002/eventhubs/eventhubs-eventhubcli000004","name":"eventhubs-eventhubcli000004","type":"Microsoft.EventHub/Namespaces/EventHubs","location":"West
        US 2","properties":{"messageRetentionInDays":7,"partitionCount":4,"status":"Active","createdAt":"2018-01-17T18:15:54.133Z","updatedAt":"2018-01-17T18:15:56.697Z","partitionIds":["0","1","2","3"]}}'}
    headers:
      cache-control: [no-cache]
      content-length: ['545']
      content-type: [application/json; charset=utf-8]
      date: ['Wed, 17 Jan 2018 18:15:58 GMT']
      expires: ['-1']
      pragma: [no-cache]
      server: [Service-Bus-Resource-Provider/SN1, Microsoft-HTTPAPI/2.0]
      server-sb: [Service-Bus-Resource-Provider/SN1]
      strict-transport-security: [max-age=31536000; includeSubDomains]
      transfer-encoding: [chunked]
      vary: [Accept-Encoding]
      x-ms-ratelimit-remaining-subscription-writes: ['1199']
    status: {code: 200, message: OK}
- request:
    body: null
    headers:
      Accept: [application/json]
      Accept-Encoding: ['gzip, deflate']
      CommandName: [eventhubs eventhub show]
      Connection: [keep-alive]
      Content-Type: [application/json; charset=utf-8]
      User-Agent: [python/3.6.3 (Windows-10-10.0.15063-SP0) requests/2.18.4 msrest/0.4.22
          msrest_azure/0.4.19 azure-mgmt-eventhub/1.2.0 Azure-SDK-For-Python AZURECLI/2.0.26]
      accept-language: [en-US]
    method: GET
    uri: https://management.azure.com/subscriptions/00000000-0000-0000-0000-000000000000/resourceGroups/cli_test_eh_eventnhub000001/providers/Microsoft.EventHub/namespaces/eventhubs-nscli000002/eventhubs/eventhubs-eventhubcli000004?api-version=2017-04-01
  response:
    body: {string: '{"id":"/subscriptions/00000000-0000-0000-0000-000000000000/resourceGroups/cli_test_eh_eventnhub000001/providers/Microsoft.EventHub/namespaces/eventhubs-nscli000002/eventhubs/eventhubs-eventhubcli000004","name":"eventhubs-eventhubcli000004","type":"Microsoft.EventHub/Namespaces/EventHubs","location":"West
        US 2","properties":{"messageRetentionInDays":7,"partitionCount":4,"status":"Active","createdAt":"2018-01-17T18:15:54.133","updatedAt":"2018-01-17T18:15:56.697","partitionIds":["0","1","2","3"]}}'}
    headers:
      cache-control: [no-cache]
      content-length: ['543']
      content-type: [application/json; charset=utf-8]
      date: ['Wed, 17 Jan 2018 18:15:59 GMT']
      expires: ['-1']
      pragma: [no-cache]
      server: [Service-Bus-Resource-Provider/SN1, Microsoft-HTTPAPI/2.0]
      server-sb: [Service-Bus-Resource-Provider/SN1]
      strict-transport-security: [max-age=31536000; includeSubDomains]
      transfer-encoding: [chunked]
      vary: [Accept-Encoding]
    status: {code: 200, message: OK}
- request:
    body: null
    headers:
      Accept: [application/json]
      Accept-Encoding: ['gzip, deflate']
      CommandName: [eventhubs eventhub list]
      Connection: [keep-alive]
      Content-Type: [application/json; charset=utf-8]
      User-Agent: [python/3.6.3 (Windows-10-10.0.15063-SP0) requests/2.18.4 msrest/0.4.22
          msrest_azure/0.4.19 azure-mgmt-eventhub/1.2.0 Azure-SDK-For-Python AZURECLI/2.0.26]
      accept-language: [en-US]
    method: GET
    uri: https://management.azure.com/subscriptions/00000000-0000-0000-0000-000000000000/resourceGroups/cli_test_eh_eventnhub000001/providers/Microsoft.EventHub/namespaces/eventhubs-nscli000002/eventhubs?api-version=2017-04-01
  response:
    body: {string: '{"value":[{"id":"/subscriptions/00000000-0000-0000-0000-000000000000/resourceGroups/cli_test_eh_eventnhub000001/providers/Microsoft.EventHub/namespaces/eventhubs-nscli000002/eventhubs/eventhubs-eventhubcli000004","name":"eventhubs-eventhubcli000004","type":"Microsoft.EventHub/Namespaces/EventHubs","location":"West
        US 2","properties":{"messageRetentionInDays":7,"partitionCount":4,"status":"Active","createdAt":"2018-01-17T18:15:54.133","updatedAt":"2018-01-17T18:15:56.697","partitionIds":["0","1","2","3"]}}]}'}
    headers:
      cache-control: [no-cache]
      content-length: ['555']
      content-type: [application/json; charset=utf-8]
      date: ['Wed, 17 Jan 2018 18:16:01 GMT']
      expires: ['-1']
      pragma: [no-cache]
      server: [Service-Bus-Resource-Provider/SN1, Microsoft-HTTPAPI/2.0]
      server-sb: [Service-Bus-Resource-Provider/SN1]
      strict-transport-security: [max-age=31536000; includeSubDomains]
      transfer-encoding: [chunked]
      vary: [Accept-Encoding]
      x-ms-inline-count: ['']
    status: {code: 200, message: OK}
- request:
    body: '{"properties": {"rights": ["Listen"]}}'
    headers:
      Accept: [application/json]
      Accept-Encoding: ['gzip, deflate']
      CommandName: [eventhubs eventhub authorizationrule create]
      Connection: [keep-alive]
      Content-Length: ['38']
      Content-Type: [application/json; charset=utf-8]
      User-Agent: [python/3.6.3 (Windows-10-10.0.15063-SP0) requests/2.18.4 msrest/0.4.22
          msrest_azure/0.4.19 azure-mgmt-eventhub/1.2.0 Azure-SDK-For-Python AZURECLI/2.0.26]
      accept-language: [en-US]
    method: PUT
    uri: https://management.azure.com/subscriptions/00000000-0000-0000-0000-000000000000/resourceGroups/cli_test_eh_eventnhub000001/providers/Microsoft.EventHub/namespaces/eventhubs-nscli000002/eventhubs/eventhubs-eventhubcli000004/authorizationRules/cliAutho000003?api-version=2017-04-01
  response:
    body: {string: '{"id":"/subscriptions/00000000-0000-0000-0000-000000000000/resourceGroups/cli_test_eh_eventnhub000001/providers/Microsoft.EventHub/namespaces/eventhubs-nscli000002/eventhubs/eventhubs-eventhubcli000004/authorizationRules/cliAutho000003","name":"cliAutho000003","type":"Microsoft.EventHub/Namespaces/EventHubs/AuthorizationRules","location":"West
        US 2","properties":{"rights":["Listen"]}}'}
    headers:
      cache-control: [no-cache]
      content-length: ['444']
      content-type: [application/json; charset=utf-8]
      date: ['Wed, 17 Jan 2018 18:16:02 GMT']
      expires: ['-1']
      pragma: [no-cache]
      server: [Service-Bus-Resource-Provider/SN1, Microsoft-HTTPAPI/2.0]
      server-sb: [Service-Bus-Resource-Provider/SN1]
      strict-transport-security: [max-age=31536000; includeSubDomains]
      transfer-encoding: [chunked]
      vary: [Accept-Encoding]
      x-ms-ratelimit-remaining-subscription-writes: ['1199']
    status: {code: 200, message: OK}
- request:
    body: null
    headers:
      Accept: [application/json]
      Accept-Encoding: ['gzip, deflate']
      CommandName: [eventhubs eventhub authorizationrule show]
      Connection: [keep-alive]
      Content-Type: [application/json; charset=utf-8]
      User-Agent: [python/3.6.3 (Windows-10-10.0.15063-SP0) requests/2.18.4 msrest/0.4.22
          msrest_azure/0.4.19 azure-mgmt-eventhub/1.2.0 Azure-SDK-For-Python AZURECLI/2.0.26]
      accept-language: [en-US]
    method: GET
    uri: https://management.azure.com/subscriptions/00000000-0000-0000-0000-000000000000/resourceGroups/cli_test_eh_eventnhub000001/providers/Microsoft.EventHub/namespaces/eventhubs-nscli000002/eventhubs/eventhubs-eventhubcli000004/authorizationRules/cliAutho000003?api-version=2017-04-01
  response:
    body: {string: '{"id":"/subscriptions/00000000-0000-0000-0000-000000000000/resourceGroups/cli_test_eh_eventnhub000001/providers/Microsoft.EventHub/namespaces/eventhubs-nscli000002/eventhubs/eventhubs-eventhubcli000004/authorizationRules/cliAutho000003","name":"cliAutho000003","type":"Microsoft.EventHub/Namespaces/EventHubs/AuthorizationRules","location":"West
        US 2","properties":{"rights":["Listen"]}}'}
    headers:
      cache-control: [no-cache]
      content-length: ['444']
      content-type: [application/json; charset=utf-8]
      date: ['Wed, 17 Jan 2018 18:16:04 GMT']
      expires: ['-1']
      pragma: [no-cache]
      server: [Service-Bus-Resource-Provider/SN1, Microsoft-HTTPAPI/2.0]
      server-sb: [Service-Bus-Resource-Provider/SN1]
      strict-transport-security: [max-age=31536000; includeSubDomains]
      transfer-encoding: [chunked]
      vary: [Accept-Encoding]
    status: {code: 200, message: OK}
- request:
    body: null
    headers:
      Accept: [application/json]
      Accept-Encoding: ['gzip, deflate']
      CommandName: [eventhubs eventhub authorizationrule keys list]
      Connection: [keep-alive]
      Content-Length: ['0']
      Content-Type: [application/json; charset=utf-8]
      User-Agent: [python/3.6.3 (Windows-10-10.0.15063-SP0) requests/2.18.4 msrest/0.4.22
          msrest_azure/0.4.19 azure-mgmt-eventhub/1.2.0 Azure-SDK-For-Python AZURECLI/2.0.26]
      accept-language: [en-US]
    method: POST
    uri: https://management.azure.com/subscriptions/00000000-0000-0000-0000-000000000000/resourceGroups/cli_test_eh_eventnhub000001/providers/Microsoft.EventHub/namespaces/eventhubs-nscli000002/eventhubs/eventhubs-eventhubcli000004/authorizationRules/cliAutho000003/ListKeys?api-version=2017-04-01
  response:
    body: {string: '{"primaryConnectionString":"Endpoint=sb://eventhubs-nscli000002.servicebus.windows.net/;SharedAccessKeyName=cliAutho000003;SharedAccessKey=ig9Q4mn3Pm+FVks+j1SbKOpts18WsEM2/9C1Xh7qM64=;EntityPath=eventhubs-eventhubcli000004","secondaryConnectionString":"Endpoint=sb://eventhubs-nscli000002.servicebus.windows.net/;SharedAccessKeyName=cliAutho000003;SharedAccessKey=kbdFkooyYYRoiOcKrhMjZzVq0XDkGlJMCIz9oDQQTis=;EntityPath=eventhubs-eventhubcli000004","primaryKey":"ig9Q4mn3Pm+FVks+j1SbKOpts18WsEM2/9C1Xh7qM64=","secondaryKey":"kbdFkooyYYRoiOcKrhMjZzVq0XDkGlJMCIz9oDQQTis=","keyName":"cliAutho000003"}'}
    headers:
      cache-control: [no-cache]
      content-length: ['610']
      content-type: [application/json; charset=utf-8]
      date: ['Wed, 17 Jan 2018 18:16:05 GMT']
      expires: ['-1']
      pragma: [no-cache]
      server: [Service-Bus-Resource-Provider/SN1, Microsoft-HTTPAPI/2.0]
      server-sb: [Service-Bus-Resource-Provider/SN1]
      strict-transport-security: [max-age=31536000; includeSubDomains]
      transfer-encoding: [chunked]
      vary: [Accept-Encoding]
      x-ms-ratelimit-remaining-subscription-writes: ['1198']
    status: {code: 200, message: OK}
- request:
    body: '{"keyType": "PrimaryKey"}'
    headers:
      Accept: [application/json]
      Accept-Encoding: ['gzip, deflate']
      CommandName: [eventhubs eventhub authorizationrule keys renew]
      Connection: [keep-alive]
      Content-Length: ['25']
      Content-Type: [application/json; charset=utf-8]
      User-Agent: [python/3.6.3 (Windows-10-10.0.15063-SP0) requests/2.18.4 msrest/0.4.22
          msrest_azure/0.4.19 azure-mgmt-eventhub/1.2.0 Azure-SDK-For-Python AZURECLI/2.0.26]
      accept-language: [en-US]
    method: POST
    uri: https://management.azure.com/subscriptions/00000000-0000-0000-0000-000000000000/resourceGroups/cli_test_eh_eventnhub000001/providers/Microsoft.EventHub/namespaces/eventhubs-nscli000002/eventhubs/eventhubs-eventhubcli000004/authorizationRules/cliAutho000003/regenerateKeys?api-version=2017-04-01
  response:
    body: {string: '{"primaryConnectionString":"Endpoint=sb://eventhubs-nscli000002.servicebus.windows.net/;SharedAccessKeyName=cliAutho000003;SharedAccessKey=t9S9cXF+85yW+9DLEFdJd+22eZOStyza9P/bUCI9WKE=;EntityPath=eventhubs-eventhubcli000004","secondaryConnectionString":"Endpoint=sb://eventhubs-nscli000002.servicebus.windows.net/;SharedAccessKeyName=cliAutho000003;SharedAccessKey=kbdFkooyYYRoiOcKrhMjZzVq0XDkGlJMCIz9oDQQTis=;EntityPath=eventhubs-eventhubcli000004","primaryKey":"t9S9cXF+85yW+9DLEFdJd+22eZOStyza9P/bUCI9WKE=","secondaryKey":"kbdFkooyYYRoiOcKrhMjZzVq0XDkGlJMCIz9oDQQTis=","keyName":"cliAutho000003"}'}
    headers:
      cache-control: [no-cache]
      content-length: ['610']
      content-type: [application/json; charset=utf-8]
      date: ['Wed, 17 Jan 2018 18:16:07 GMT']
      expires: ['-1']
      pragma: [no-cache]
      server: [Service-Bus-Resource-Provider/SN1, Microsoft-HTTPAPI/2.0]
      server-sb: [Service-Bus-Resource-Provider/SN1]
      strict-transport-security: [max-age=31536000; includeSubDomains]
      transfer-encoding: [chunked]
      vary: [Accept-Encoding]
      x-ms-ratelimit-remaining-subscription-writes: ['1199']
    status: {code: 200, message: OK}
- request:
    body: '{"keyType": "SecondaryKey"}'
    headers:
      Accept: [application/json]
      Accept-Encoding: ['gzip, deflate']
      CommandName: [eventhubs eventhub authorizationrule keys renew]
      Connection: [keep-alive]
      Content-Length: ['27']
      Content-Type: [application/json; charset=utf-8]
      User-Agent: [python/3.6.3 (Windows-10-10.0.15063-SP0) requests/2.18.4 msrest/0.4.22
          msrest_azure/0.4.19 azure-mgmt-eventhub/1.2.0 Azure-SDK-For-Python AZURECLI/2.0.26]
      accept-language: [en-US]
    method: POST
    uri: https://management.azure.com/subscriptions/00000000-0000-0000-0000-000000000000/resourceGroups/cli_test_eh_eventnhub000001/providers/Microsoft.EventHub/namespaces/eventhubs-nscli000002/eventhubs/eventhubs-eventhubcli000004/authorizationRules/cliAutho000003/regenerateKeys?api-version=2017-04-01
  response:
    body: {string: '{"primaryConnectionString":"Endpoint=sb://eventhubs-nscli000002.servicebus.windows.net/;SharedAccessKeyName=cliAutho000003;SharedAccessKey=t9S9cXF+85yW+9DLEFdJd+22eZOStyza9P/bUCI9WKE=;EntityPath=eventhubs-eventhubcli000004","secondaryConnectionString":"Endpoint=sb://eventhubs-nscli000002.servicebus.windows.net/;SharedAccessKeyName=cliAutho000003;SharedAccessKey=ydvKW4TbTG3GlwHnK5N6jfuzLuNjB/GeoaC924ViQhg=;EntityPath=eventhubs-eventhubcli000004","primaryKey":"t9S9cXF+85yW+9DLEFdJd+22eZOStyza9P/bUCI9WKE=","secondaryKey":"ydvKW4TbTG3GlwHnK5N6jfuzLuNjB/GeoaC924ViQhg=","keyName":"cliAutho000003"}'}
    headers:
      cache-control: [no-cache]
      content-length: ['610']
      content-type: [application/json; charset=utf-8]
      date: ['Wed, 17 Jan 2018 18:16:08 GMT']
      expires: ['-1']
      pragma: [no-cache]
      server: [Service-Bus-Resource-Provider/SN1, Microsoft-HTTPAPI/2.0]
      server-sb: [Service-Bus-Resource-Provider/SN1]
      strict-transport-security: [max-age=31536000; includeSubDomains]
      transfer-encoding: [chunked]
      vary: [Accept-Encoding]
      x-ms-ratelimit-remaining-subscription-writes: ['1199']
    status: {code: 200, message: OK}
- request:
    body: null
    headers:
      Accept: [application/json]
      Accept-Encoding: ['gzip, deflate']
      CommandName: [eventhubs eventhub authorizationrule delete]
      Connection: [keep-alive]
      Content-Length: ['0']
      Content-Type: [application/json; charset=utf-8]
      User-Agent: [python/3.6.3 (Windows-10-10.0.15063-SP0) requests/2.18.4 msrest/0.4.22
          msrest_azure/0.4.19 azure-mgmt-eventhub/1.2.0 Azure-SDK-For-Python AZURECLI/2.0.26]
      accept-language: [en-US]
    method: DELETE
    uri: https://management.azure.com/subscriptions/00000000-0000-0000-0000-000000000000/resourceGroups/cli_test_eh_eventnhub000001/providers/Microsoft.EventHub/namespaces/eventhubs-nscli000002/eventhubs/eventhubs-eventhubcli000004/authorizationRules/cliAutho000003?api-version=2017-04-01
  response:
    body: {string: ''}
    headers:
      cache-control: [no-cache]
      content-length: ['0']
      date: ['Wed, 17 Jan 2018 18:16:11 GMT']
      expires: ['-1']
      pragma: [no-cache]
      server: [Service-Bus-Resource-Provider/SN1, Microsoft-HTTPAPI/2.0]
      server-sb: [Service-Bus-Resource-Provider/SN1]
      strict-transport-security: [max-age=31536000; includeSubDomains]
      x-ms-ratelimit-remaining-subscription-writes: ['1199']
    status: {code: 200, message: OK}
- request:
    body: null
    headers:
      Accept: [application/json]
      Accept-Encoding: ['gzip, deflate']
      CommandName: [eventhubs eventhub delete]
      Connection: [keep-alive]
      Content-Length: ['0']
      Content-Type: [application/json; charset=utf-8]
      User-Agent: [python/3.6.3 (Windows-10-10.0.15063-SP0) requests/2.18.4 msrest/0.4.22
          msrest_azure/0.4.19 azure-mgmt-eventhub/1.2.0 Azure-SDK-For-Python AZURECLI/2.0.26]
      accept-language: [en-US]
    method: DELETE
    uri: https://management.azure.com/subscriptions/00000000-0000-0000-0000-000000000000/resourceGroups/cli_test_eh_eventnhub000001/providers/Microsoft.EventHub/namespaces/eventhubs-nscli000002/eventhubs/eventhubs-eventhubcli000004?api-version=2017-04-01
  response:
    body: {string: ''}
    headers:
      cache-control: [no-cache]
      content-length: ['0']
      date: ['Wed, 17 Jan 2018 18:16:14 GMT']
      expires: ['-1']
      pragma: [no-cache]
      server: [Service-Bus-Resource-Provider/SN1, Microsoft-HTTPAPI/2.0]
      server-sb: [Service-Bus-Resource-Provider/SN1]
      strict-transport-security: [max-age=31536000; includeSubDomains]
      x-ms-ratelimit-remaining-subscription-writes: ['1196']
    status: {code: 200, message: OK}
- request:
    body: null
    headers:
      Accept: [application/json]
      Accept-Encoding: ['gzip, deflate']
      CommandName: [eventhubs namespace delete]
      Connection: [keep-alive]
      Content-Length: ['0']
      Content-Type: [application/json; charset=utf-8]
      User-Agent: [python/3.6.3 (Windows-10-10.0.15063-SP0) requests/2.18.4 msrest/0.4.22
          msrest_azure/0.4.19 azure-mgmt-eventhub/1.2.0 Azure-SDK-For-Python AZURECLI/2.0.26]
      accept-language: [en-US]
    method: DELETE
    uri: https://management.azure.com/subscriptions/00000000-0000-0000-0000-000000000000/resourceGroups/cli_test_eh_eventnhub000001/providers/Microsoft.EventHub/namespaces/eventhubs-nscli000002?api-version=2017-04-01
  response:
    body: {string: ''}
    headers:
      cache-control: [no-cache]
      content-length: ['0']
      date: ['Wed, 17 Jan 2018 18:16:16 GMT']
      expires: ['-1']
      location: ['https://management.azure.com/subscriptions/00000000-0000-0000-0000-000000000000/resourceGroups/cli_test_eh_eventnhub000001/providers/Microsoft.EventHub/namespaces/eventhubs-nscli000002/operationresults/eventhubs-nscli000002?api-version=2017-04-01']
      pragma: [no-cache]
      server: [Service-Bus-Resource-Provider/SN1, Microsoft-HTTPAPI/2.0]
      server-sb: [Service-Bus-Resource-Provider/SN1]
      strict-transport-security: [max-age=31536000; includeSubDomains]
      x-ms-ratelimit-remaining-subscription-writes: ['1197']
    status: {code: 202, message: Accepted}
- request:
    body: null
    headers:
      Accept: [application/json]
      Accept-Encoding: ['gzip, deflate']
      CommandName: [eventhubs namespace delete]
      Connection: [keep-alive]
      Content-Type: [application/json; charset=utf-8]
      User-Agent: [python/3.6.3 (Windows-10-10.0.15063-SP0) requests/2.18.4 msrest/0.4.22
          msrest_azure/0.4.19 azure-mgmt-eventhub/1.2.0 Azure-SDK-For-Python AZURECLI/2.0.26]
      accept-language: [en-US]
    method: GET
    uri: https://management.azure.com/subscriptions/00000000-0000-0000-0000-000000000000/resourceGroups/cli_test_eh_eventnhub000001/providers/Microsoft.EventHub/namespaces/eventhubs-nscli000002/operationresults/eventhubs-nscli000002?api-version=2017-04-01
  response:
    body: {string: ''}
    headers:
      cache-control: [no-cache]
      content-length: ['0']
      date: ['Wed, 17 Jan 2018 18:16:45 GMT']
      expires: ['-1']
      pragma: [no-cache]
      server: [Service-Bus-Resource-Provider/SN1, Microsoft-HTTPAPI/2.0]
      server-sb: [Service-Bus-Resource-Provider/SN1]
      strict-transport-security: [max-age=31536000; includeSubDomains]
    status: {code: 200, message: OK}
- request:
    body: null
    headers:
      Accept: [application/json]
      Accept-Encoding: ['gzip, deflate']
      CommandName: [group delete]
      Connection: [keep-alive]
      Content-Length: ['0']
      Content-Type: [application/json; charset=utf-8]
      User-Agent: [python/3.6.3 (Windows-10-10.0.15063-SP0) requests/2.18.4 msrest/0.4.22
          msrest_azure/0.4.19 resourcemanagementclient/1.2.1 Azure-SDK-For-Python
          AZURECLI/2.0.26]
      accept-language: [en-US]
    method: DELETE
    uri: https://management.azure.com/subscriptions/00000000-0000-0000-0000-000000000000/resourcegroups/cli_test_eh_eventnhub000001?api-version=2017-05-10
  response:
    body: {string: ''}
    headers:
      cache-control: [no-cache]
      content-length: ['0']
      date: ['Wed, 17 Jan 2018 18:16:48 GMT']
      expires: ['-1']
      location: ['https://management.azure.com/subscriptions/00000000-0000-0000-0000-000000000000/operationresults/eyJqb2JJZCI6IlJFU09VUkNFR1JPVVBERUxFVElPTkpPQi1DTEk6NUZURVNUOjVGRUg6NUZFVkVOVE5IVUI2UFRFWDNPWFJCRlJYVjQ0WlYyU3xFOUY2RkRBRTUyNjI4Mjk2LVdFU1RVUyIsImpvYkxvY2F0aW9uIjoid2VzdHVzIn0?api-version=2017-05-10']
      pragma: [no-cache]
      strict-transport-security: [max-age=31536000; includeSubDomains]
      x-ms-ratelimit-remaining-subscription-writes: ['1198']
    status: {code: 202, message: Accepted}
version: 1
