interactions:
- request:
    body: '{"location": "westus", "tags": {"use": "az-test"}}'
    headers:
      Accept: [application/json]
      Accept-Encoding: ['gzip, deflate']
      CommandName: [group create]
      Connection: [keep-alive]
      Content-Length: ['50']
      Content-Type: [application/json; charset=utf-8]
      User-Agent: [python/3.6.3 (Windows-10-10.0.15063-SP0) requests/2.18.4 msrest/0.4.22
          msrest_azure/0.4.19 resourcemanagementclient/1.2.1 Azure-SDK-For-Python
          AZURECLI/2.0.26]
      accept-language: [en-US]
    method: PUT
    uri: https://management.azure.com/subscriptions/00000000-0000-0000-0000-000000000000/resourcegroups/cli_test_eh_alias000001?api-version=2017-05-10
  response:
    body: {string: '{"id":"/subscriptions/00000000-0000-0000-0000-000000000000/resourceGroups/cli_test_eh_alias000001","name":"cli_test_eh_alias000001","location":"westus","tags":{"use":"az-test"},"properties":{"provisioningState":"Succeeded"}}'}
    headers:
      cache-control: [no-cache]
      content-length: ['328']
      content-type: [application/json; charset=utf-8]
      date: ['Thu, 18 Jan 2018 21:40:29 GMT']
      expires: ['-1']
      pragma: [no-cache]
      strict-transport-security: [max-age=31536000; includeSubDomains]
      x-ms-ratelimit-remaining-subscription-writes: ['1198']
    status: {code: 201, message: Created}
- request:
    body: 'b''{"name": "eh-nscli000002"}'''
    headers:
      Accept: [application/json]
      Accept-Encoding: ['gzip, deflate']
      CommandName: [eventhubs namespace exists]
      Connection: [keep-alive]
      Content-Length: ['32']
      Content-Type: [application/json; charset=utf-8]
      User-Agent: [python/3.6.3 (Windows-10-10.0.15063-SP0) requests/2.18.4 msrest/0.4.22
          msrest_azure/0.4.19 azure-mgmt-eventhub/1.2.0 Azure-SDK-For-Python AZURECLI/2.0.26]
      accept-language: [en-US]
    method: POST
    uri: https://management.azure.com/subscriptions/00000000-0000-0000-0000-000000000000/providers/Microsoft.EventHub/CheckNameAvailability?api-version=2017-04-01
  response:
    body: {string: '{"nameAvailable":true,"reason":"None","message":null}'}
    headers:
      cache-control: [no-cache]
      content-length: ['53']
      content-type: [application/json; charset=utf-8]
      date: ['Thu, 18 Jan 2018 21:40:30 GMT']
      expires: ['-1']
      pragma: [no-cache]
      server: [Service-Bus-Resource-Provider/SN1, Microsoft-HTTPAPI/2.0]
      server-sb: [Service-Bus-Resource-Provider/SN1]
      strict-transport-security: [max-age=31536000; includeSubDomains]
      transfer-encoding: [chunked]
      vary: [Accept-Encoding]
      x-ms-ratelimit-remaining-subscription-writes: ['1198']
    status: {code: 200, message: OK}
- request:
    body: '{"location": "SouthCentralUS", "tags": {"{tag2: value2,": "", "tag1: value1}":
      ""}, "sku": {"name": "Standard", "tier": "Standard"}}'
    headers:
      Accept: [application/json]
      Accept-Encoding: ['gzip, deflate']
      CommandName: [eventhubs namespace create]
      Connection: [keep-alive]
      Content-Length: ['132']
      Content-Type: [application/json; charset=utf-8]
      User-Agent: [python/3.6.3 (Windows-10-10.0.15063-SP0) requests/2.18.4 msrest/0.4.22
          msrest_azure/0.4.19 azure-mgmt-eventhub/1.2.0 Azure-SDK-For-Python AZURECLI/2.0.26]
      accept-language: [en-US]
    method: PUT
    uri: https://management.azure.com/subscriptions/00000000-0000-0000-0000-000000000000/resourceGroups/cli_test_eh_alias000001/providers/Microsoft.EventHub/namespaces/eh-nscli000002?api-version=2017-04-01
  response:
    body: {string: '{"sku":{"name":"Standard","tier":"Standard","capacity":1},"id":"/subscriptions/00000000-0000-0000-0000-000000000000/resourceGroups/cli_test_eh_alias000001/providers/Microsoft.EventHub/namespaces/eh-nscli000002","name":"eh-nscli000002","type":"Microsoft.EventHub/Namespaces","location":"South
        Central US","tags":{"{tag2: value2,":"","tag1: value1}":""},"properties":{"isAutoInflateEnabled":false,"maximumThroughputUnits":0,"provisioningState":"Created","metricId":"55f3dcd4-cac7-43b4-990b-a139d62a1eb2:eh-nscli000002","createdAt":"2018-01-18T21:40:31.743Z","updatedAt":"2018-01-18T21:40:31.743Z","serviceBusEndpoint":"https://eh-nscli000002.servicebus.windows.net:443/","status":"Activating"}}'}
    headers:
      cache-control: [no-cache]
      content-length: ['768']
      content-type: [application/json; charset=utf-8]
      date: ['Thu, 18 Jan 2018 21:40:32 GMT']
      expires: ['-1']
      pragma: [no-cache]
      server: [Service-Bus-Resource-Provider/SN1, Microsoft-HTTPAPI/2.0]
      server-sb: [Service-Bus-Resource-Provider/SN1]
      strict-transport-security: [max-age=31536000; includeSubDomains]
      transfer-encoding: [chunked]
      vary: [Accept-Encoding]
      x-ms-ratelimit-remaining-subscription-writes: ['1199']
    status: {code: 200, message: OK}
- request:
    body: null
    headers:
      Accept: [application/json]
      Accept-Encoding: ['gzip, deflate']
      CommandName: [eventhubs namespace create]
      Connection: [keep-alive]
      Content-Type: [application/json; charset=utf-8]
      User-Agent: [python/3.6.3 (Windows-10-10.0.15063-SP0) requests/2.18.4 msrest/0.4.22
          msrest_azure/0.4.19 azure-mgmt-eventhub/1.2.0 Azure-SDK-For-Python AZURECLI/2.0.26]
      accept-language: [en-US]
    method: GET
    uri: https://management.azure.com/subscriptions/00000000-0000-0000-0000-000000000000/resourceGroups/cli_test_eh_alias000001/providers/Microsoft.EventHub/namespaces/eh-nscli000002?api-version=2017-04-01
  response:
    body: {string: '{"sku":{"name":"Standard","tier":"Standard","capacity":1},"id":"/subscriptions/00000000-0000-0000-0000-000000000000/resourceGroups/cli_test_eh_alias000001/providers/Microsoft.EventHub/namespaces/eh-nscli000002","name":"eh-nscli000002","type":"Microsoft.EventHub/Namespaces","location":"South
        Central US","tags":{"{tag2: value2,":"","tag1: value1}":""},"properties":{"isAutoInflateEnabled":false,"maximumThroughputUnits":0,"provisioningState":"Succeeded","metricId":"55f3dcd4-cac7-43b4-990b-a139d62a1eb2:eh-nscli000002","createdAt":"2018-01-18T21:40:31.743Z","updatedAt":"2018-01-18T21:40:55.253Z","serviceBusEndpoint":"https://eh-nscli000002.servicebus.windows.net:443/","status":"Active"}}'}
    headers:
      cache-control: [no-cache]
      content-length: ['766']
      content-type: [application/json; charset=utf-8]
      date: ['Thu, 18 Jan 2018 21:41:03 GMT']
      expires: ['-1']
      pragma: [no-cache]
      server: [Service-Bus-Resource-Provider/SN1, Microsoft-HTTPAPI/2.0]
      server-sb: [Service-Bus-Resource-Provider/SN1]
      strict-transport-security: [max-age=31536000; includeSubDomains]
      transfer-encoding: [chunked]
      vary: [Accept-Encoding]
    status: {code: 200, message: OK}
- request:
    body: null
    headers:
      Accept: [application/json]
      Accept-Encoding: ['gzip, deflate']
      CommandName: [eventhubs namespace show]
      Connection: [keep-alive]
      Content-Type: [application/json; charset=utf-8]
      User-Agent: [python/3.6.3 (Windows-10-10.0.15063-SP0) requests/2.18.4 msrest/0.4.22
          msrest_azure/0.4.19 azure-mgmt-eventhub/1.2.0 Azure-SDK-For-Python AZURECLI/2.0.26]
      accept-language: [en-US]
    method: GET
    uri: https://management.azure.com/subscriptions/00000000-0000-0000-0000-000000000000/resourceGroups/cli_test_eh_alias000001/providers/Microsoft.EventHub/namespaces/eh-nscli000002?api-version=2017-04-01
  response:
    body: {string: '{"sku":{"name":"Standard","tier":"Standard","capacity":1},"id":"/subscriptions/00000000-0000-0000-0000-000000000000/resourceGroups/cli_test_eh_alias000001/providers/Microsoft.EventHub/namespaces/eh-nscli000002","name":"eh-nscli000002","type":"Microsoft.EventHub/Namespaces","location":"South
        Central US","tags":{"{tag2: value2,":"","tag1: value1}":""},"properties":{"isAutoInflateEnabled":false,"maximumThroughputUnits":0,"provisioningState":"Succeeded","metricId":"55f3dcd4-cac7-43b4-990b-a139d62a1eb2:eh-nscli000002","createdAt":"2018-01-18T21:40:31.743Z","updatedAt":"2018-01-18T21:40:55.253Z","serviceBusEndpoint":"https://eh-nscli000002.servicebus.windows.net:443/","status":"Active"}}'}
    headers:
      cache-control: [no-cache]
      content-length: ['766']
      content-type: [application/json; charset=utf-8]
      date: ['Thu, 18 Jan 2018 21:41:05 GMT']
      expires: ['-1']
      pragma: [no-cache]
      server: [Service-Bus-Resource-Provider/SN1, Microsoft-HTTPAPI/2.0]
      server-sb: [Service-Bus-Resource-Provider/SN1]
      strict-transport-security: [max-age=31536000; includeSubDomains]
      transfer-encoding: [chunked]
      vary: [Accept-Encoding]
    status: {code: 200, message: OK}
- request:
    body: '{"location": "NorthCentralUS", "tags": {"{tag2: value2,": "", "tag1: value1}":
      ""}, "sku": {"name": "Standard", "tier": "Standard"}}'
    headers:
      Accept: [application/json]
      Accept-Encoding: ['gzip, deflate']
      CommandName: [eventhubs namespace create]
      Connection: [keep-alive]
      Content-Length: ['132']
      Content-Type: [application/json; charset=utf-8]
      User-Agent: [python/3.6.3 (Windows-10-10.0.15063-SP0) requests/2.18.4 msrest/0.4.22
          msrest_azure/0.4.19 azure-mgmt-eventhub/1.2.0 Azure-SDK-For-Python AZURECLI/2.0.26]
      accept-language: [en-US]
    method: PUT
    uri: https://management.azure.com/subscriptions/00000000-0000-0000-0000-000000000000/resourceGroups/cli_test_eh_alias000001/providers/Microsoft.EventHub/namespaces/eh-nscli000003?api-version=2017-04-01
  response:
    body: {string: '{"sku":{"name":"Standard","tier":"Standard","capacity":1},"id":"/subscriptions/00000000-0000-0000-0000-000000000000/resourceGroups/cli_test_eh_alias000001/providers/Microsoft.EventHub/namespaces/eh-nscli000003","name":"eh-nscli000003","type":"Microsoft.EventHub/Namespaces","location":"North
        Central US","tags":{"{tag2: value2,":"","tag1: value1}":""},"properties":{"isAutoInflateEnabled":false,"maximumThroughputUnits":0,"provisioningState":"Created","metricId":"55f3dcd4-cac7-43b4-990b-a139d62a1eb2:eh-nscli000003","createdAt":"2018-01-18T21:41:06.15Z","updatedAt":"2018-01-18T21:41:06.15Z","serviceBusEndpoint":"https://eh-nscli000003.servicebus.windows.net:443/","status":"Activating"}}'}
    headers:
      cache-control: [no-cache]
      content-length: ['766']
      content-type: [application/json; charset=utf-8]
      date: ['Thu, 18 Jan 2018 21:41:07 GMT']
      expires: ['-1']
      pragma: [no-cache]
      server: [Service-Bus-Resource-Provider/SN1, Microsoft-HTTPAPI/2.0]
      server-sb: [Service-Bus-Resource-Provider/SN1]
      strict-transport-security: [max-age=31536000; includeSubDomains]
      transfer-encoding: [chunked]
      vary: [Accept-Encoding]
      x-ms-ratelimit-remaining-subscription-writes: ['1197']
    status: {code: 200, message: OK}
- request:
    body: null
    headers:
      Accept: [application/json]
      Accept-Encoding: ['gzip, deflate']
      CommandName: [eventhubs namespace create]
      Connection: [keep-alive]
      Content-Type: [application/json; charset=utf-8]
      User-Agent: [python/3.6.3 (Windows-10-10.0.15063-SP0) requests/2.18.4 msrest/0.4.22
          msrest_azure/0.4.19 azure-mgmt-eventhub/1.2.0 Azure-SDK-For-Python AZURECLI/2.0.26]
      accept-language: [en-US]
    method: GET
    uri: https://management.azure.com/subscriptions/00000000-0000-0000-0000-000000000000/resourceGroups/cli_test_eh_alias000001/providers/Microsoft.EventHub/namespaces/eh-nscli000003?api-version=2017-04-01
  response:
    body: {string: '{"sku":{"name":"Standard","tier":"Standard","capacity":1},"id":"/subscriptions/00000000-0000-0000-0000-000000000000/resourceGroups/cli_test_eh_alias000001/providers/Microsoft.EventHub/namespaces/eh-nscli000003","name":"eh-nscli000003","type":"Microsoft.EventHub/Namespaces","location":"North
        Central US","tags":{"{tag2: value2,":"","tag1: value1}":""},"properties":{"isAutoInflateEnabled":false,"maximumThroughputUnits":0,"provisioningState":"Succeeded","metricId":"55f3dcd4-cac7-43b4-990b-a139d62a1eb2:eh-nscli000003","createdAt":"2018-01-18T21:41:06.15Z","updatedAt":"2018-01-18T21:41:34.093Z","serviceBusEndpoint":"https://eh-nscli000003.servicebus.windows.net:443/","status":"Active"}}'}
    headers:
      cache-control: [no-cache]
      content-length: ['765']
      content-type: [application/json; charset=utf-8]
      date: ['Thu, 18 Jan 2018 21:41:37 GMT']
      expires: ['-1']
      pragma: [no-cache]
      server: [Service-Bus-Resource-Provider/SN1, Microsoft-HTTPAPI/2.0]
      server-sb: [Service-Bus-Resource-Provider/SN1]
      strict-transport-security: [max-age=31536000; includeSubDomains]
      transfer-encoding: [chunked]
      vary: [Accept-Encoding]
    status: {code: 200, message: OK}
- request:
    body: null
    headers:
      Accept: [application/json]
      Accept-Encoding: ['gzip, deflate']
      CommandName: [eventhubs namespace show]
      Connection: [keep-alive]
      Content-Type: [application/json; charset=utf-8]
      User-Agent: [python/3.6.3 (Windows-10-10.0.15063-SP0) requests/2.18.4 msrest/0.4.22
          msrest_azure/0.4.19 azure-mgmt-eventhub/1.2.0 Azure-SDK-For-Python AZURECLI/2.0.26]
      accept-language: [en-US]
    method: GET
    uri: https://management.azure.com/subscriptions/00000000-0000-0000-0000-000000000000/resourceGroups/cli_test_eh_alias000001/providers/Microsoft.EventHub/namespaces/eh-nscli000003?api-version=2017-04-01
  response:
    body: {string: '{"sku":{"name":"Standard","tier":"Standard","capacity":1},"id":"/subscriptions/00000000-0000-0000-0000-000000000000/resourceGroups/cli_test_eh_alias000001/providers/Microsoft.EventHub/namespaces/eh-nscli000003","name":"eh-nscli000003","type":"Microsoft.EventHub/Namespaces","location":"North
        Central US","tags":{"{tag2: value2,":"","tag1: value1}":""},"properties":{"isAutoInflateEnabled":false,"maximumThroughputUnits":0,"provisioningState":"Succeeded","metricId":"55f3dcd4-cac7-43b4-990b-a139d62a1eb2:eh-nscli000003","createdAt":"2018-01-18T21:41:06.15Z","updatedAt":"2018-01-18T21:41:34.093Z","serviceBusEndpoint":"https://eh-nscli000003.servicebus.windows.net:443/","status":"Active"}}'}
    headers:
      cache-control: [no-cache]
      content-length: ['765']
      content-type: [application/json; charset=utf-8]
      date: ['Thu, 18 Jan 2018 21:41:40 GMT']
      expires: ['-1']
      pragma: [no-cache]
      server: [Service-Bus-Resource-Provider/SN1, Microsoft-HTTPAPI/2.0]
      server-sb: [Service-Bus-Resource-Provider/SN1]
      strict-transport-security: [max-age=31536000; includeSubDomains]
      transfer-encoding: [chunked]
      vary: [Accept-Encoding]
    status: {code: 200, message: OK}
- request:
    body: '{"properties": {"rights": ["Send"]}}'
    headers:
      Accept: [application/json]
      Accept-Encoding: ['gzip, deflate']
      CommandName: [eventhubs namespace authorizationrule create]
      Connection: [keep-alive]
      Content-Length: ['36']
      Content-Type: [application/json; charset=utf-8]
      User-Agent: [python/3.6.3 (Windows-10-10.0.15063-SP0) requests/2.18.4 msrest/0.4.22
          msrest_azure/0.4.19 azure-mgmt-eventhub/1.2.0 Azure-SDK-For-Python AZURECLI/2.0.26]
      accept-language: [en-US]
    method: PUT
    uri: https://management.azure.com/subscriptions/00000000-0000-0000-0000-000000000000/resourceGroups/cli_test_eh_alias000001/providers/Microsoft.EventHub/namespaces/eh-nscli000002/AuthorizationRules/cliAutho000004?api-version=2017-04-01
  response:
    body: {string: '{"id":"/subscriptions/00000000-0000-0000-0000-000000000000/resourceGroups/cli_test_eh_alias000001/providers/Microsoft.EventHub/namespaces/eh-nscli000002/AuthorizationRules/cliAutho000004","name":"cliAutho000004","type":"Microsoft.EventHub/Namespaces/AuthorizationRules","location":"South
        Central US","properties":{"rights":["Send"]}}'}
    headers:
      cache-control: [no-cache]
      content-length: ['403']
      content-type: [application/json; charset=utf-8]
      date: ['Thu, 18 Jan 2018 21:42:12 GMT']
      expires: ['-1']
      pragma: [no-cache]
      server: [Service-Bus-Resource-Provider/SN1, Microsoft-HTTPAPI/2.0]
      server-sb: [Service-Bus-Resource-Provider/SN1]
      strict-transport-security: [max-age=31536000; includeSubDomains]
      transfer-encoding: [chunked]
      vary: [Accept-Encoding]
      x-ms-ratelimit-remaining-subscription-writes: ['1197']
    status: {code: 200, message: OK}
- request:
    body: null
    headers:
      Accept: [application/json]
      Accept-Encoding: ['gzip, deflate']
      CommandName: [eventhubs namespace authorizationrule show]
      Connection: [keep-alive]
      Content-Type: [application/json; charset=utf-8]
      User-Agent: [python/3.6.3 (Windows-10-10.0.15063-SP0) requests/2.18.4 msrest/0.4.22
          msrest_azure/0.4.19 azure-mgmt-eventhub/1.2.0 Azure-SDK-For-Python AZURECLI/2.0.26]
      accept-language: [en-US]
    method: GET
    uri: https://management.azure.com/subscriptions/00000000-0000-0000-0000-000000000000/resourceGroups/cli_test_eh_alias000001/providers/Microsoft.EventHub/namespaces/eh-nscli000002/AuthorizationRules/cliAutho000004?api-version=2017-04-01
  response:
    body: {string: '{"id":"/subscriptions/00000000-0000-0000-0000-000000000000/resourceGroups/cli_test_eh_alias000001/providers/Microsoft.EventHub/namespaces/eh-nscli000002/AuthorizationRules/cliAutho000004","name":"cliAutho000004","type":"Microsoft.EventHub/Namespaces/AuthorizationRules","location":"South
        Central US","properties":{"rights":["Send"]}}'}
    headers:
      cache-control: [no-cache]
      content-length: ['403']
      content-type: [application/json; charset=utf-8]
      date: ['Thu, 18 Jan 2018 21:42:14 GMT']
      expires: ['-1']
      pragma: [no-cache]
      server: [Service-Bus-Resource-Provider/SN1, Microsoft-HTTPAPI/2.0]
      server-sb: [Service-Bus-Resource-Provider/SN1]
      strict-transport-security: [max-age=31536000; includeSubDomains]
      transfer-encoding: [chunked]
      vary: [Accept-Encoding]
    status: {code: 200, message: OK}
- request:
    body: 'b''{"name": "cliAlias000005"}'''
    headers:
      Accept: [application/json]
      Accept-Encoding: ['gzip, deflate']
      CommandName: [eventhubs georecovery-alias exists]
      Connection: [keep-alive]
      Content-Length: ['32']
      Content-Type: [application/json; charset=utf-8]
      User-Agent: [python/3.6.3 (Windows-10-10.0.15063-SP0) requests/2.18.4 msrest/0.4.22
          msrest_azure/0.4.19 azure-mgmt-eventhub/1.2.0 Azure-SDK-For-Python AZURECLI/2.0.26]
      accept-language: [en-US]
    method: POST
    uri: https://management.azure.com/subscriptions/00000000-0000-0000-0000-000000000000/resourceGroups/cli_test_eh_alias000001/providers/Microsoft.EventHub/namespaces/eh-nscli000002/disasterRecoveryConfigs/CheckNameAvailability?api-version=2017-04-01
  response:
    body: {string: '{"nameAvailable":true,"reason":"None"}'}
    headers:
      cache-control: [no-cache]
      content-length: ['38']
      content-type: [application/json; charset=utf-8]
      date: ['Thu, 18 Jan 2018 21:42:15 GMT']
      expires: ['-1']
      pragma: [no-cache]
      server: [Service-Bus-Resource-Provider/SN1, Microsoft-HTTPAPI/2.0]
      server-sb: [Service-Bus-Resource-Provider/SN1]
      strict-transport-security: [max-age=31536000; includeSubDomains]
      transfer-encoding: [chunked]
      vary: [Accept-Encoding]
      x-ms-ratelimit-remaining-subscription-writes: ['1198']
    status: {code: 200, message: OK}
- request:
    body: 'b''b\''{"properties": {"partnerNamespace": "/subscriptions/00000000-0000-0000-0000-000000000000/resourceGroups/cli_test_eh_alias000001/providers/Microsoft.EventHub/namespaces/eh-nscli000003"}}\'''''
    headers:
      Accept: [application/json]
      Accept-Encoding: ['gzip, deflate']
      CommandName: [eventhubs georecovery-alias create]
      Connection: [keep-alive]
      Content-Length: ['243']
      Content-Type: [application/json; charset=utf-8]
      User-Agent: [python/3.6.3 (Windows-10-10.0.15063-SP0) requests/2.18.4 msrest/0.4.22
          msrest_azure/0.4.19 azure-mgmt-eventhub/1.2.0 Azure-SDK-For-Python AZURECLI/2.0.26]
      accept-language: [en-US]
    method: PUT
    uri: https://management.azure.com/subscriptions/00000000-0000-0000-0000-000000000000/resourceGroups/cli_test_eh_alias000001/providers/Microsoft.EventHub/namespaces/eh-nscli000002/disasterRecoveryConfigs/cliAlias000005?api-version=2017-04-01
  response:
    body: {string: '{"id":"/subscriptions/00000000-0000-0000-0000-000000000000/resourceGroups/cli_test_eh_alias000001/providers/Microsoft.EventHub/namespaces/eh-nscli000002/disasterRecoveryConfigs/cliAlias000005","name":"cliAlias000005","type":"Microsoft.EventHub/Namespaces/disasterrecoveryconfigs","properties":{"provisioningState":"Accepted","partnerNamespace":"/subscriptions/00000000-0000-0000-0000-000000000000/resourceGroups/cli_test_eh_alias000001/providers/Microsoft.EventHub/namespaces/eh-nscli000003","role":"Primary","type":"MetadataReplication"}}'}
    headers:
      cache-control: [no-cache]
      content-length: ['667']
      content-type: [application/json; charset=utf-8]
      date: ['Thu, 18 Jan 2018 21:42:49 GMT']
      expires: ['-1']
      pragma: [no-cache]
      server: [Service-Bus-Resource-Provider/SN1, Microsoft-HTTPAPI/2.0]
      server-sb: [Service-Bus-Resource-Provider/SN1]
      strict-transport-security: [max-age=31536000; includeSubDomains]
      transfer-encoding: [chunked]
      vary: [Accept-Encoding]
      x-ms-ratelimit-remaining-subscription-writes: ['1198']
    status: {code: 200, message: OK}
- request:
    body: null
    headers:
      Accept: [application/json]
      Accept-Encoding: ['gzip, deflate']
      CommandName: [eventhubs georecovery-alias show]
      Connection: [keep-alive]
      Content-Type: [application/json; charset=utf-8]
      User-Agent: [python/3.6.3 (Windows-10-10.0.15063-SP0) requests/2.18.4 msrest/0.4.22
          msrest_azure/0.4.19 azure-mgmt-eventhub/1.2.0 Azure-SDK-For-Python AZURECLI/2.0.26]
      accept-language: [en-US]
    method: GET
    uri: https://management.azure.com/subscriptions/00000000-0000-0000-0000-000000000000/resourceGroups/cli_test_eh_alias000001/providers/Microsoft.EventHub/namespaces/eh-nscli000002/disasterRecoveryConfigs/cliAlias000005?api-version=2017-04-01
  response:
    body: {string: '{"id":"/subscriptions/00000000-0000-0000-0000-000000000000/resourceGroups/cli_test_eh_alias000001/providers/Microsoft.EventHub/namespaces/eh-nscli000002/disasterRecoveryConfigs/cliAlias000005","name":"cliAlias000005","type":"Microsoft.EventHub/Namespaces/disasterrecoveryconfigs","properties":{"provisioningState":"Accepted","partnerNamespace":"/subscriptions/00000000-0000-0000-0000-000000000000/resourceGroups/cli_test_eh_alias000001/providers/Microsoft.EventHub/namespaces/eh-nscli000003","role":"Primary","type":"MetadataReplication"}}'}
    headers:
      cache-control: [no-cache]
      content-length: ['667']
      content-type: [application/json; charset=utf-8]
      date: ['Thu, 18 Jan 2018 21:42:50 GMT']
      expires: ['-1']
      pragma: [no-cache]
      server: [Service-Bus-Resource-Provider/SN1, Microsoft-HTTPAPI/2.0]
      server-sb: [Service-Bus-Resource-Provider/SN1]
      strict-transport-security: [max-age=31536000; includeSubDomains]
      transfer-encoding: [chunked]
      vary: [Accept-Encoding]
    status: {code: 200, message: OK}
- request:
    body: null
    headers:
      Accept: [application/json]
      Accept-Encoding: ['gzip, deflate']
      CommandName: [eventhubs georecovery-alias show]
      Connection: [keep-alive]
      Content-Type: [application/json; charset=utf-8]
      User-Agent: [python/3.6.3 (Windows-10-10.0.15063-SP0) requests/2.18.4 msrest/0.4.22
          msrest_azure/0.4.19 azure-mgmt-eventhub/1.2.0 Azure-SDK-For-Python AZURECLI/2.0.26]
      accept-language: [en-US]
    method: GET
    uri: https://management.azure.com/subscriptions/00000000-0000-0000-0000-000000000000/resourceGroups/cli_test_eh_alias000001/providers/Microsoft.EventHub/namespaces/eh-nscli000003/disasterRecoveryConfigs/cliAlias000005?api-version=2017-04-01
  response:
    body: {string: '{"id":"/subscriptions/00000000-0000-0000-0000-000000000000/resourceGroups/cli_test_eh_alias000001/providers/Microsoft.EventHub/namespaces/eh-nscli000003/disasterRecoveryConfigs/cliAlias000005","name":"cliAlias000005","type":"Microsoft.EventHub/Namespaces/disasterrecoveryconfigs","properties":{"provisioningState":"Accepted","partnerNamespace":"/subscriptions/00000000-0000-0000-0000-000000000000/resourceGroups/cli_test_eh_alias000001/providers/Microsoft.EventHub/namespaces/eh-nscli000002","role":"Secondary","type":"MetadataReplication"}}'}
    headers:
      cache-control: [no-cache]
      content-length: ['669']
      content-type: [application/json; charset=utf-8]
      date: ['Thu, 18 Jan 2018 21:42:52 GMT']
      expires: ['-1']
      pragma: [no-cache]
      server: [Service-Bus-Resource-Provider/SN1, Microsoft-HTTPAPI/2.0]
      server-sb: [Service-Bus-Resource-Provider/SN1]
      strict-transport-security: [max-age=31536000; includeSubDomains]
      transfer-encoding: [chunked]
      vary: [Accept-Encoding]
    status: {code: 200, message: OK}
- request:
    body: null
    headers:
      Accept: [application/json]
      Accept-Encoding: ['gzip, deflate']
      CommandName: [eventhubs georecovery-alias show]
      Connection: [keep-alive]
      Content-Type: [application/json; charset=utf-8]
      User-Agent: [python/3.6.3 (Windows-10-10.0.15063-SP0) requests/2.18.4 msrest/0.4.22
          msrest_azure/0.4.19 azure-mgmt-eventhub/1.2.0 Azure-SDK-For-Python AZURECLI/2.0.26]
      accept-language: [en-US]
    method: GET
    uri: https://management.azure.com/subscriptions/00000000-0000-0000-0000-000000000000/resourceGroups/cli_test_eh_alias000001/providers/Microsoft.EventHub/namespaces/eh-nscli000002/disasterRecoveryConfigs/cliAlias000005?api-version=2017-04-01
  response:
    body: {string: '{"id":"/subscriptions/00000000-0000-0000-0000-000000000000/resourceGroups/cli_test_eh_alias000001/providers/Microsoft.EventHub/namespaces/eh-nscli000002/disasterRecoveryConfigs/cliAlias000005","name":"cliAlias000005","type":"Microsoft.EventHub/Namespaces/disasterrecoveryconfigs","properties":{"provisioningState":"Accepted","partnerNamespace":"/subscriptions/00000000-0000-0000-0000-000000000000/resourceGroups/cli_test_eh_alias000001/providers/Microsoft.EventHub/namespaces/eh-nscli000003","role":"Primary","type":"MetadataReplication"}}'}
    headers:
      cache-control: [no-cache]
      content-length: ['667']
      content-type: [application/json; charset=utf-8]
      date: ['Thu, 18 Jan 2018 21:42:53 GMT']
      expires: ['-1']
      pragma: [no-cache]
      server: [Service-Bus-Resource-Provider/SN1, Microsoft-HTTPAPI/2.0]
      server-sb: [Service-Bus-Resource-Provider/SN1]
      strict-transport-security: [max-age=31536000; includeSubDomains]
      transfer-encoding: [chunked]
      vary: [Accept-Encoding]
    status: {code: 200, message: OK}
- request:
    body: null
    headers:
      Accept: [application/json]
      Accept-Encoding: ['gzip, deflate']
      CommandName: [eventhubs georecovery-alias authorizationrule show]
      Connection: [keep-alive]
      Content-Type: [application/json; charset=utf-8]
      User-Agent: [python/3.6.3 (Windows-10-10.0.15063-SP0) requests/2.18.4 msrest/0.4.22
          msrest_azure/0.4.19 azure-mgmt-eventhub/1.2.0 Azure-SDK-For-Python AZURECLI/2.0.26]
      accept-language: [en-US]
    method: GET
    uri: https://management.azure.com/subscriptions/00000000-0000-0000-0000-000000000000/resourceGroups/cli_test_eh_alias000001/providers/Microsoft.EventHub/namespaces/eh-nscli000002/disasterRecoveryConfigs/cliAlias000005/AuthorizationRules/cliAutho000004?api-version=2017-04-01
  response:
    body: {string: '{"id":"/subscriptions/00000000-0000-0000-0000-000000000000/resourceGroups/cli_test_eh_alias000001/providers/Microsoft.EventHub/namespaces/eh-nscli000002/disasterRecoveryConfigs/cliAlias000005/AuthorizationRules/cliAutho000004","name":"cliAutho000004","type":"Microsoft.EventHub/Namespaces/AuthorizationRules","location":"South
        Central US","properties":{"rights":["Send"]}}'}
    headers:
      cache-control: [no-cache]
      content-length: ['448']
      content-type: [application/json; charset=utf-8]
      date: ['Thu, 18 Jan 2018 21:42:55 GMT']
      expires: ['-1']
      pragma: [no-cache]
      server: [Service-Bus-Resource-Provider/SN1, Microsoft-HTTPAPI/2.0]
      server-sb: [Service-Bus-Resource-Provider/SN1]
      strict-transport-security: [max-age=31536000; includeSubDomains]
      transfer-encoding: [chunked]
      vary: [Accept-Encoding]
    status: {code: 200, message: OK}
- request:
    body: null
    headers:
      Accept: [application/json]
      Accept-Encoding: ['gzip, deflate']
      CommandName: [eventhubs georecovery-alias authorizationrule list]
      Connection: [keep-alive]
      Content-Type: [application/json; charset=utf-8]
      User-Agent: [python/3.6.3 (Windows-10-10.0.15063-SP0) requests/2.18.4 msrest/0.4.22
          msrest_azure/0.4.19 azure-mgmt-eventhub/1.2.0 Azure-SDK-For-Python AZURECLI/2.0.26]
      accept-language: [en-US]
    method: GET
    uri: https://management.azure.com/subscriptions/00000000-0000-0000-0000-000000000000/resourceGroups/cli_test_eh_alias000001/providers/Microsoft.EventHub/namespaces/eh-nscli000002/disasterRecoveryConfigs/cliAlias000005/AuthorizationRules?api-version=2017-04-01
  response:
    body: {string: '{"value":[{"id":"/subscriptions/00000000-0000-0000-0000-000000000000/resourceGroups/cli_test_eh_alias000001/providers/Microsoft.EventHub/namespaces/eh-nscli000002/disasterRecoveryConfigs/cliAlias000005/AuthorizationRules/RootManageSharedAccessKey","name":"RootManageSharedAccessKey","type":"Microsoft.EventHub/Namespaces/AuthorizationRules","location":"South
        Central US","properties":{"rights":["Listen","Manage","Send"]}},{"id":"/subscriptions/00000000-0000-0000-0000-000000000000/resourceGroups/cli_test_eh_alias000001/providers/Microsoft.EventHub/namespaces/eh-nscli000002/disasterRecoveryConfigs/cliAlias000005/AuthorizationRules/cliAutho000004","name":"cliAutho000004","type":"Microsoft.EventHub/Namespaces/AuthorizationRules","location":"South
        Central US","properties":{"rights":["Send"]}}]}'}
    headers:
      cache-control: [no-cache]
      content-length: ['937']
      content-type: [application/json; charset=utf-8]
      date: ['Thu, 18 Jan 2018 21:42:57 GMT']
      expires: ['-1']
      pragma: [no-cache]
      server: [Service-Bus-Resource-Provider/SN1, Microsoft-HTTPAPI/2.0]
      server-sb: [Service-Bus-Resource-Provider/SN1]
      strict-transport-security: [max-age=31536000; includeSubDomains]
      transfer-encoding: [chunked]
      vary: [Accept-Encoding]
    status: {code: 200, message: OK}
- request:
    body: null
    headers:
      Accept: [application/json]
      Accept-Encoding: ['gzip, deflate']
      CommandName: [eventhubs georecovery-alias show]
      Connection: [keep-alive]
      Content-Type: [application/json; charset=utf-8]
      User-Agent: [python/3.6.3 (Windows-10-10.0.15063-SP0) requests/2.18.4 msrest/0.4.22
          msrest_azure/0.4.19 azure-mgmt-eventhub/1.2.0 Azure-SDK-For-Python AZURECLI/2.0.26]
      accept-language: [en-US]
    method: GET
    uri: https://management.azure.com/subscriptions/00000000-0000-0000-0000-000000000000/resourceGroups/cli_test_eh_alias000001/providers/Microsoft.EventHub/namespaces/eh-nscli000002/disasterRecoveryConfigs/cliAlias000005?api-version=2017-04-01
  response:
    body: {string: '{"id":"/subscriptions/00000000-0000-0000-0000-000000000000/resourceGroups/cli_test_eh_alias000001/providers/Microsoft.EventHub/namespaces/eh-nscli000002/disasterRecoveryConfigs/cliAlias000005","name":"cliAlias000005","type":"Microsoft.EventHub/Namespaces/disasterrecoveryconfigs","properties":{"provisioningState":"Accepted","partnerNamespace":"/subscriptions/00000000-0000-0000-0000-000000000000/resourceGroups/cli_test_eh_alias000001/providers/Microsoft.EventHub/namespaces/eh-nscli000003","role":"Primary","type":"MetadataReplication"}}'}
    headers:
      cache-control: [no-cache]
      content-length: ['667']
      content-type: [application/json; charset=utf-8]
      date: ['Thu, 18 Jan 2018 21:43:29 GMT']
      expires: ['-1']
      pragma: [no-cache]
      server: [Service-Bus-Resource-Provider/SN1, Microsoft-HTTPAPI/2.0]
      server-sb: [Service-Bus-Resource-Provider/SN1]
      strict-transport-security: [max-age=31536000; includeSubDomains]
      transfer-encoding: [chunked]
      vary: [Accept-Encoding]
    status: {code: 200, message: OK}
- request:
    body: null
    headers:
      Accept: [application/json]
      Accept-Encoding: ['gzip, deflate']
      CommandName: [eventhubs georecovery-alias show]
      Connection: [keep-alive]
      Content-Type: [application/json; charset=utf-8]
      User-Agent: [python/3.6.3 (Windows-10-10.0.15063-SP0) requests/2.18.4 msrest/0.4.22
          msrest_azure/0.4.19 azure-mgmt-eventhub/1.2.0 Azure-SDK-For-Python AZURECLI/2.0.26]
      accept-language: [en-US]
    method: GET
    uri: https://management.azure.com/subscriptions/00000000-0000-0000-0000-000000000000/resourceGroups/cli_test_eh_alias000001/providers/Microsoft.EventHub/namespaces/eh-nscli000002/disasterRecoveryConfigs/cliAlias000005?api-version=2017-04-01
  response:
    body: {string: '{"id":"/subscriptions/00000000-0000-0000-0000-000000000000/resourceGroups/cli_test_eh_alias000001/providers/Microsoft.EventHub/namespaces/eh-nscli000002/disasterRecoveryConfigs/cliAlias000005","name":"cliAlias000005","type":"Microsoft.EventHub/Namespaces/disasterrecoveryconfigs","properties":{"provisioningState":"Accepted","partnerNamespace":"/subscriptions/00000000-0000-0000-0000-000000000000/resourceGroups/cli_test_eh_alias000001/providers/Microsoft.EventHub/namespaces/eh-nscli000003","role":"Primary","type":"MetadataReplication"}}'}
    headers:
      cache-control: [no-cache]
      content-length: ['667']
      content-type: [application/json; charset=utf-8]
      date: ['Thu, 18 Jan 2018 21:43:59 GMT']
      expires: ['-1']
      pragma: [no-cache]
      server: [Service-Bus-Resource-Provider/SN1, Microsoft-HTTPAPI/2.0]
      server-sb: [Service-Bus-Resource-Provider/SN1]
      strict-transport-security: [max-age=31536000; includeSubDomains]
      transfer-encoding: [chunked]
      vary: [Accept-Encoding]
    status: {code: 200, message: OK}
- request:
    body: null
    headers:
      Accept: [application/json]
      Accept-Encoding: ['gzip, deflate']
      CommandName: [eventhubs georecovery-alias show]
      Connection: [keep-alive]
      Content-Type: [application/json; charset=utf-8]
      User-Agent: [python/3.6.3 (Windows-10-10.0.15063-SP0) requests/2.18.4 msrest/0.4.22
          msrest_azure/0.4.19 azure-mgmt-eventhub/1.2.0 Azure-SDK-For-Python AZURECLI/2.0.26]
      accept-language: [en-US]
    method: GET
    uri: https://management.azure.com/subscriptions/00000000-0000-0000-0000-000000000000/resourceGroups/cli_test_eh_alias000001/providers/Microsoft.EventHub/namespaces/eh-nscli000002/disasterRecoveryConfigs/cliAlias000005?api-version=2017-04-01
  response:
    body: {string: '{"id":"/subscriptions/00000000-0000-0000-0000-000000000000/resourceGroups/cli_test_eh_alias000001/providers/Microsoft.EventHub/namespaces/eh-nscli000002/disasterRecoveryConfigs/cliAlias000005","name":"cliAlias000005","type":"Microsoft.EventHub/Namespaces/disasterrecoveryconfigs","properties":{"provisioningState":"Accepted","partnerNamespace":"/subscriptions/00000000-0000-0000-0000-000000000000/resourceGroups/cli_test_eh_alias000001/providers/Microsoft.EventHub/namespaces/eh-nscli000003","role":"Primary","type":"MetadataReplication"}}'}
    headers:
      cache-control: [no-cache]
      content-length: ['667']
      content-type: [application/json; charset=utf-8]
      date: ['Thu, 18 Jan 2018 21:44:31 GMT']
      expires: ['-1']
      pragma: [no-cache]
      server: [Service-Bus-Resource-Provider/SN1, Microsoft-HTTPAPI/2.0]
      server-sb: [Service-Bus-Resource-Provider/SN1]
      strict-transport-security: [max-age=31536000; includeSubDomains]
      transfer-encoding: [chunked]
      vary: [Accept-Encoding]
    status: {code: 200, message: OK}
- request:
    body: null
    headers:
      Accept: [application/json]
      Accept-Encoding: ['gzip, deflate']
      CommandName: [eventhubs georecovery-alias show]
      Connection: [keep-alive]
      Content-Type: [application/json; charset=utf-8]
      User-Agent: [python/3.6.3 (Windows-10-10.0.15063-SP0) requests/2.18.4 msrest/0.4.22
          msrest_azure/0.4.19 azure-mgmt-eventhub/1.2.0 Azure-SDK-For-Python AZURECLI/2.0.26]
      accept-language: [en-US]
    method: GET
    uri: https://management.azure.com/subscriptions/00000000-0000-0000-0000-000000000000/resourceGroups/cli_test_eh_alias000001/providers/Microsoft.EventHub/namespaces/eh-nscli000002/disasterRecoveryConfigs/cliAlias000005?api-version=2017-04-01
  response:
    body: {string: '{"id":"/subscriptions/00000000-0000-0000-0000-000000000000/resourceGroups/cli_test_eh_alias000001/providers/Microsoft.EventHub/namespaces/eh-nscli000002/disasterRecoveryConfigs/cliAlias000005","name":"cliAlias000005","type":"Microsoft.EventHub/Namespaces/disasterrecoveryconfigs","properties":{"provisioningState":"Succeeded","partnerNamespace":"/subscriptions/00000000-0000-0000-0000-000000000000/resourceGroups/cli_test_eh_alias000001/providers/Microsoft.EventHub/namespaces/eh-nscli000003","role":"Primary","type":"MetadataReplication"}}'}
    headers:
      cache-control: [no-cache]
      content-length: ['668']
      content-type: [application/json; charset=utf-8]
      date: ['Thu, 18 Jan 2018 21:45:02 GMT']
      expires: ['-1']
      pragma: [no-cache]
      server: [Service-Bus-Resource-Provider/SN1, Microsoft-HTTPAPI/2.0]
      server-sb: [Service-Bus-Resource-Provider/SN1]
      strict-transport-security: [max-age=31536000; includeSubDomains]
      transfer-encoding: [chunked]
      vary: [Accept-Encoding]
    status: {code: 200, message: OK}
- request:
    body: null
    headers:
      Accept: [application/json]
      Accept-Encoding: ['gzip, deflate']
      CommandName: [eventhubs georecovery-alias break-pair]
      Connection: [keep-alive]
      Content-Length: ['0']
      Content-Type: [application/json; charset=utf-8]
      User-Agent: [python/3.6.3 (Windows-10-10.0.15063-SP0) requests/2.18.4 msrest/0.4.22
          msrest_azure/0.4.19 azure-mgmt-eventhub/1.2.0 Azure-SDK-For-Python AZURECLI/2.0.26]
      accept-language: [en-US]
    method: POST
    uri: https://management.azure.com/subscriptions/00000000-0000-0000-0000-000000000000/resourceGroups/cli_test_eh_alias000001/providers/Microsoft.EventHub/namespaces/eh-nscli000002/disasterRecoveryConfigs/cliAlias000005/breakPairing?api-version=2017-04-01
  response:
    body: {string: ''}
    headers:
      cache-control: [no-cache]
      content-length: ['0']
      date: ['Thu, 18 Jan 2018 21:45:03 GMT']
      expires: ['-1']
      pragma: [no-cache]
      server: [Service-Bus-Resource-Provider/SN1, Microsoft-HTTPAPI/2.0]
      server-sb: [Service-Bus-Resource-Provider/SN1]
      strict-transport-security: [max-age=31536000; includeSubDomains]
      x-ms-ratelimit-remaining-subscription-writes: ['1199']
    status: {code: 200, message: OK}
- request:
    body: null
    headers:
      Accept: [application/json]
      Accept-Encoding: ['gzip, deflate']
      CommandName: [eventhubs georecovery-alias show]
      Connection: [keep-alive]
      Content-Type: [application/json; charset=utf-8]
      User-Agent: [python/3.6.3 (Windows-10-10.0.15063-SP0) requests/2.18.4 msrest/0.4.22
          msrest_azure/0.4.19 azure-mgmt-eventhub/1.2.0 Azure-SDK-For-Python AZURECLI/2.0.26]
      accept-language: [en-US]
    method: GET
    uri: https://management.azure.com/subscriptions/00000000-0000-0000-0000-000000000000/resourceGroups/cli_test_eh_alias000001/providers/Microsoft.EventHub/namespaces/eh-nscli000002/disasterRecoveryConfigs/cliAlias000005?api-version=2017-04-01
  response:
    body: {string: '{"id":"/subscriptions/00000000-0000-0000-0000-000000000000/resourceGroups/cli_test_eh_alias000001/providers/Microsoft.EventHub/namespaces/eh-nscli000002/disasterRecoveryConfigs/cliAlias000005","name":"cliAlias000005","type":"Microsoft.EventHub/Namespaces/disasterrecoveryconfigs","properties":{"provisioningState":"Accepted","partnerNamespace":"/subscriptions/00000000-0000-0000-0000-000000000000/resourceGroups/cli_test_eh_alias000001/providers/Microsoft.EventHub/namespaces/eh-nscli000003","role":"Primary","type":"MetadataReplication"}}'}
    headers:
      cache-control: [no-cache]
      content-length: ['667']
      content-type: [application/json; charset=utf-8]
      date: ['Thu, 18 Jan 2018 21:45:05 GMT']
      expires: ['-1']
      pragma: [no-cache]
      server: [Service-Bus-Resource-Provider/SN1, Microsoft-HTTPAPI/2.0]
      server-sb: [Service-Bus-Resource-Provider/SN1]
      strict-transport-security: [max-age=31536000; includeSubDomains]
      transfer-encoding: [chunked]
      vary: [Accept-Encoding]
    status: {code: 200, message: OK}
- request:
    body: null
    headers:
      Accept: [application/json]
      Accept-Encoding: ['gzip, deflate']
      CommandName: [eventhubs georecovery-alias show]
      Connection: [keep-alive]
      Content-Type: [application/json; charset=utf-8]
      User-Agent: [python/3.6.3 (Windows-10-10.0.15063-SP0) requests/2.18.4 msrest/0.4.22
          msrest_azure/0.4.19 azure-mgmt-eventhub/1.2.0 Azure-SDK-For-Python AZURECLI/2.0.26]
      accept-language: [en-US]
    method: GET
    uri: https://management.azure.com/subscriptions/00000000-0000-0000-0000-000000000000/resourceGroups/cli_test_eh_alias000001/providers/Microsoft.EventHub/namespaces/eh-nscli000002/disasterRecoveryConfigs/cliAlias000005?api-version=2017-04-01
  response:
    body: {string: '{"id":"/subscriptions/00000000-0000-0000-0000-000000000000/resourceGroups/cli_test_eh_alias000001/providers/Microsoft.EventHub/namespaces/eh-nscli000002/disasterRecoveryConfigs/cliAlias000005","name":"cliAlias000005","type":"Microsoft.EventHub/Namespaces/disasterrecoveryconfigs","properties":{"provisioningState":"Accepted","partnerNamespace":"/subscriptions/00000000-0000-0000-0000-000000000000/resourceGroups/cli_test_eh_alias000001/providers/Microsoft.EventHub/namespaces/eh-nscli000003","role":"Primary","type":"MetadataReplication"}}'}
    headers:
      cache-control: [no-cache]
      content-length: ['667']
      content-type: [application/json; charset=utf-8]
      date: ['Thu, 18 Jan 2018 21:45:36 GMT']
      expires: ['-1']
      pragma: [no-cache]
      server: [Service-Bus-Resource-Provider/SN1, Microsoft-HTTPAPI/2.0]
      server-sb: [Service-Bus-Resource-Provider/SN1]
      strict-transport-security: [max-age=31536000; includeSubDomains]
      transfer-encoding: [chunked]
      vary: [Accept-Encoding]
    status: {code: 200, message: OK}
- request:
    body: null
    headers:
      Accept: [application/json]
      Accept-Encoding: ['gzip, deflate']
      CommandName: [eventhubs georecovery-alias show]
      Connection: [keep-alive]
      Content-Type: [application/json; charset=utf-8]
      User-Agent: [python/3.6.3 (Windows-10-10.0.15063-SP0) requests/2.18.4 msrest/0.4.22
          msrest_azure/0.4.19 azure-mgmt-eventhub/1.2.0 Azure-SDK-For-Python AZURECLI/2.0.26]
      accept-language: [en-US]
    method: GET
    uri: https://management.azure.com/subscriptions/00000000-0000-0000-0000-000000000000/resourceGroups/cli_test_eh_alias000001/providers/Microsoft.EventHub/namespaces/eh-nscli000002/disasterRecoveryConfigs/cliAlias000005?api-version=2017-04-01
  response:
    body: {string: '{"id":"/subscriptions/00000000-0000-0000-0000-000000000000/resourceGroups/cli_test_eh_alias000001/providers/Microsoft.EventHub/namespaces/eh-nscli000002/disasterRecoveryConfigs/cliAlias000005","name":"cliAlias000005","type":"Microsoft.EventHub/Namespaces/disasterrecoveryconfigs","properties":{"provisioningState":"Accepted","partnerNamespace":"/subscriptions/00000000-0000-0000-0000-000000000000/resourceGroups/cli_test_eh_alias000001/providers/Microsoft.EventHub/namespaces/eh-nscli000003","role":"Primary","type":"MetadataReplication"}}'}
    headers:
      cache-control: [no-cache]
      content-length: ['667']
      content-type: [application/json; charset=utf-8]
      date: ['Thu, 18 Jan 2018 21:46:07 GMT']
      expires: ['-1']
      pragma: [no-cache]
      server: [Service-Bus-Resource-Provider/SN1, Microsoft-HTTPAPI/2.0]
      server-sb: [Service-Bus-Resource-Provider/SN1]
      strict-transport-security: [max-age=31536000; includeSubDomains]
      transfer-encoding: [chunked]
      vary: [Accept-Encoding]
    status: {code: 200, message: OK}
- request:
    body: null
    headers:
      Accept: [application/json]
      Accept-Encoding: ['gzip, deflate']
      CommandName: [eventhubs georecovery-alias show]
      Connection: [keep-alive]
      Content-Type: [application/json; charset=utf-8]
      User-Agent: [python/3.6.3 (Windows-10-10.0.15063-SP0) requests/2.18.4 msrest/0.4.22
          msrest_azure/0.4.19 azure-mgmt-eventhub/1.2.0 Azure-SDK-For-Python AZURECLI/2.0.26]
      accept-language: [en-US]
    method: GET
    uri: https://management.azure.com/subscriptions/00000000-0000-0000-0000-000000000000/resourceGroups/cli_test_eh_alias000001/providers/Microsoft.EventHub/namespaces/eh-nscli000002/disasterRecoveryConfigs/cliAlias000005?api-version=2017-04-01
  response:
    body: {string: '{"id":"/subscriptions/00000000-0000-0000-0000-000000000000/resourceGroups/cli_test_eh_alias000001/providers/Microsoft.EventHub/namespaces/eh-nscli000002/disasterRecoveryConfigs/cliAlias000005","name":"cliAlias000005","type":"Microsoft.EventHub/Namespaces/disasterrecoveryconfigs","properties":{"provisioningState":"Succeeded","partnerNamespace":"","role":"PrimaryNotReplicating","type":"MetadataReplication"}}'}
    headers:
      cache-control: [no-cache]
      content-length: ['479']
      content-type: [application/json; charset=utf-8]
      date: ['Thu, 18 Jan 2018 21:46:38 GMT']
      expires: ['-1']
      pragma: [no-cache]
      server: [Service-Bus-Resource-Provider/SN1, Microsoft-HTTPAPI/2.0]
      server-sb: [Service-Bus-Resource-Provider/SN1]
      strict-transport-security: [max-age=31536000; includeSubDomains]
      transfer-encoding: [chunked]
      vary: [Accept-Encoding]
    status: {code: 200, message: OK}
- request:
    body: 'b''b\''{"properties": {"partnerNamespace": "/subscriptions/00000000-0000-0000-0000-000000000000/resourceGroups/cli_test_eh_alias000001/providers/Microsoft.EventHub/namespaces/eh-nscli000003"}}\'''''
    headers:
      Accept: [application/json]
      Accept-Encoding: ['gzip, deflate']
      CommandName: [eventhubs georecovery-alias create]
      Connection: [keep-alive]
      Content-Length: ['243']
      Content-Type: [application/json; charset=utf-8]
      User-Agent: [python/3.6.3 (Windows-10-10.0.15063-SP0) requests/2.18.4 msrest/0.4.22
          msrest_azure/0.4.19 azure-mgmt-eventhub/1.2.0 Azure-SDK-For-Python AZURECLI/2.0.26]
      accept-language: [en-US]
    method: PUT
    uri: https://management.azure.com/subscriptions/00000000-0000-0000-0000-000000000000/resourceGroups/cli_test_eh_alias000001/providers/Microsoft.EventHub/namespaces/eh-nscli000002/disasterRecoveryConfigs/cliAlias000005?api-version=2017-04-01
  response:
    body: {string: '{"id":"/subscriptions/00000000-0000-0000-0000-000000000000/resourceGroups/cli_test_eh_alias000001/providers/Microsoft.EventHub/namespaces/eh-nscli000002/disasterRecoveryConfigs/cliAlias000005","name":"cliAlias000005","type":"Microsoft.EventHub/Namespaces/disasterrecoveryconfigs","properties":{"provisioningState":"Accepted","partnerNamespace":"/subscriptions/00000000-0000-0000-0000-000000000000/resourceGroups/cli_test_eh_alias000001/providers/Microsoft.EventHub/namespaces/eh-nscli000003","role":"Primary","type":"MetadataReplication"}}'}
    headers:
      cache-control: [no-cache]
      content-length: ['667']
      content-type: [application/json; charset=utf-8]
      date: ['Thu, 18 Jan 2018 21:46:55 GMT']
      expires: ['-1']
      pragma: [no-cache]
      server: [Service-Bus-Resource-Provider/SN1, Microsoft-HTTPAPI/2.0]
      server-sb: [Service-Bus-Resource-Provider/SN1]
      strict-transport-security: [max-age=31536000; includeSubDomains]
      transfer-encoding: [chunked]
      vary: [Accept-Encoding]
      x-ms-ratelimit-remaining-subscription-writes: ['1199']
    status: {code: 200, message: OK}
- request:
    body: null
    headers:
      Accept: [application/json]
      Accept-Encoding: ['gzip, deflate']
      CommandName: [eventhubs georecovery-alias show]
      Connection: [keep-alive]
      Content-Type: [application/json; charset=utf-8]
      User-Agent: [python/3.6.3 (Windows-10-10.0.15063-SP0) requests/2.18.4 msrest/0.4.22
          msrest_azure/0.4.19 azure-mgmt-eventhub/1.2.0 Azure-SDK-For-Python AZURECLI/2.0.26]
      accept-language: [en-US]
    method: GET
    uri: https://management.azure.com/subscriptions/00000000-0000-0000-0000-000000000000/resourceGroups/cli_test_eh_alias000001/providers/Microsoft.EventHub/namespaces/eh-nscli000002/disasterRecoveryConfigs/cliAlias000005?api-version=2017-04-01
  response:
    body: {string: '{"id":"/subscriptions/00000000-0000-0000-0000-000000000000/resourceGroups/cli_test_eh_alias000001/providers/Microsoft.EventHub/namespaces/eh-nscli000002/disasterRecoveryConfigs/cliAlias000005","name":"cliAlias000005","type":"Microsoft.EventHub/Namespaces/disasterrecoveryconfigs","properties":{"provisioningState":"Accepted","partnerNamespace":"/subscriptions/00000000-0000-0000-0000-000000000000/resourceGroups/cli_test_eh_alias000001/providers/Microsoft.EventHub/namespaces/eh-nscli000003","role":"Primary","type":"MetadataReplication"}}'}
    headers:
      cache-control: [no-cache]
      content-length: ['667']
      content-type: [application/json; charset=utf-8]
      date: ['Thu, 18 Jan 2018 21:46:57 GMT']
      expires: ['-1']
      pragma: [no-cache]
      server: [Service-Bus-Resource-Provider/SN1, Microsoft-HTTPAPI/2.0]
      server-sb: [Service-Bus-Resource-Provider/SN1]
      strict-transport-security: [max-age=31536000; includeSubDomains]
      transfer-encoding: [chunked]
      vary: [Accept-Encoding]
    status: {code: 200, message: OK}
- request:
    body: null
    headers:
      Accept: [application/json]
      Accept-Encoding: ['gzip, deflate']
      CommandName: [eventhubs georecovery-alias show]
      Connection: [keep-alive]
      Content-Type: [application/json; charset=utf-8]
      User-Agent: [python/3.6.3 (Windows-10-10.0.15063-SP0) requests/2.18.4 msrest/0.4.22
          msrest_azure/0.4.19 azure-mgmt-eventhub/1.2.0 Azure-SDK-For-Python AZURECLI/2.0.26]
      accept-language: [en-US]
    method: GET
    uri: https://management.azure.com/subscriptions/00000000-0000-0000-0000-000000000000/resourceGroups/cli_test_eh_alias000001/providers/Microsoft.EventHub/namespaces/eh-nscli000002/disasterRecoveryConfigs/cliAlias000005?api-version=2017-04-01
  response:
    body: {string: '{"id":"/subscriptions/00000000-0000-0000-0000-000000000000/resourceGroups/cli_test_eh_alias000001/providers/Microsoft.EventHub/namespaces/eh-nscli000002/disasterRecoveryConfigs/cliAlias000005","name":"cliAlias000005","type":"Microsoft.EventHub/Namespaces/disasterrecoveryconfigs","properties":{"provisioningState":"Accepted","partnerNamespace":"/subscriptions/00000000-0000-0000-0000-000000000000/resourceGroups/cli_test_eh_alias000001/providers/Microsoft.EventHub/namespaces/eh-nscli000003","role":"Primary","type":"MetadataReplication"}}'}
    headers:
      cache-control: [no-cache]
      content-length: ['667']
      content-type: [application/json; charset=utf-8]
      date: ['Thu, 18 Jan 2018 21:47:28 GMT']
      expires: ['-1']
      pragma: [no-cache]
      server: [Service-Bus-Resource-Provider/SN1, Microsoft-HTTPAPI/2.0]
      server-sb: [Service-Bus-Resource-Provider/SN1]
      strict-transport-security: [max-age=31536000; includeSubDomains]
      transfer-encoding: [chunked]
      vary: [Accept-Encoding]
    status: {code: 200, message: OK}
- request:
    body: null
    headers:
      Accept: [application/json]
      Accept-Encoding: ['gzip, deflate']
      CommandName: [eventhubs georecovery-alias show]
      Connection: [keep-alive]
      Content-Type: [application/json; charset=utf-8]
      User-Agent: [python/3.6.3 (Windows-10-10.0.15063-SP0) requests/2.18.4 msrest/0.4.22
          msrest_azure/0.4.19 azure-mgmt-eventhub/1.2.0 Azure-SDK-For-Python AZURECLI/2.0.26]
      accept-language: [en-US]
    method: GET
    uri: https://management.azure.com/subscriptions/00000000-0000-0000-0000-000000000000/resourceGroups/cli_test_eh_alias000001/providers/Microsoft.EventHub/namespaces/eh-nscli000002/disasterRecoveryConfigs/cliAlias000005?api-version=2017-04-01
  response:
    body: {string: '{"id":"/subscriptions/00000000-0000-0000-0000-000000000000/resourceGroups/cli_test_eh_alias000001/providers/Microsoft.EventHub/namespaces/eh-nscli000002/disasterRecoveryConfigs/cliAlias000005","name":"cliAlias000005","type":"Microsoft.EventHub/Namespaces/disasterrecoveryconfigs","properties":{"provisioningState":"Accepted","partnerNamespace":"/subscriptions/00000000-0000-0000-0000-000000000000/resourceGroups/cli_test_eh_alias000001/providers/Microsoft.EventHub/namespaces/eh-nscli000003","role":"Primary","type":"MetadataReplication"}}'}
    headers:
      cache-control: [no-cache]
      content-length: ['667']
      content-type: [application/json; charset=utf-8]
      date: ['Thu, 18 Jan 2018 21:48:00 GMT']
      expires: ['-1']
      pragma: [no-cache]
      server: [Service-Bus-Resource-Provider/SN1, Microsoft-HTTPAPI/2.0]
      server-sb: [Service-Bus-Resource-Provider/SN1]
      strict-transport-security: [max-age=31536000; includeSubDomains]
      transfer-encoding: [chunked]
      vary: [Accept-Encoding]
    status: {code: 200, message: OK}
- request:
    body: null
    headers:
      Accept: [application/json]
      Accept-Encoding: ['gzip, deflate']
      CommandName: [eventhubs georecovery-alias show]
      Connection: [keep-alive]
      Content-Type: [application/json; charset=utf-8]
      User-Agent: [python/3.6.3 (Windows-10-10.0.15063-SP0) requests/2.18.4 msrest/0.4.22
          msrest_azure/0.4.19 azure-mgmt-eventhub/1.2.0 Azure-SDK-For-Python AZURECLI/2.0.26]
      accept-language: [en-US]
    method: GET
    uri: https://management.azure.com/subscriptions/00000000-0000-0000-0000-000000000000/resourceGroups/cli_test_eh_alias000001/providers/Microsoft.EventHub/namespaces/eh-nscli000002/disasterRecoveryConfigs/cliAlias000005?api-version=2017-04-01
  response:
    body: {string: '{"id":"/subscriptions/00000000-0000-0000-0000-000000000000/resourceGroups/cli_test_eh_alias000001/providers/Microsoft.EventHub/namespaces/eh-nscli000002/disasterRecoveryConfigs/cliAlias000005","name":"cliAlias000005","type":"Microsoft.EventHub/Namespaces/disasterrecoveryconfigs","properties":{"provisioningState":"Accepted","partnerNamespace":"/subscriptions/00000000-0000-0000-0000-000000000000/resourceGroups/cli_test_eh_alias000001/providers/Microsoft.EventHub/namespaces/eh-nscli000003","role":"Primary","type":"MetadataReplication"}}'}
    headers:
      cache-control: [no-cache]
      content-length: ['667']
      content-type: [application/json; charset=utf-8]
      date: ['Thu, 18 Jan 2018 21:48:31 GMT']
      expires: ['-1']
      pragma: [no-cache]
      server: [Service-Bus-Resource-Provider/SN1, Microsoft-HTTPAPI/2.0]
      server-sb: [Service-Bus-Resource-Provider/SN1]
      strict-transport-security: [max-age=31536000; includeSubDomains]
      transfer-encoding: [chunked]
      vary: [Accept-Encoding]
    status: {code: 200, message: OK}
- request:
    body: null
    headers:
      Accept: [application/json]
      Accept-Encoding: ['gzip, deflate']
      CommandName: [eventhubs georecovery-alias show]
      Connection: [keep-alive]
      Content-Type: [application/json; charset=utf-8]
      User-Agent: [python/3.6.3 (Windows-10-10.0.15063-SP0) requests/2.18.4 msrest/0.4.22
          msrest_azure/0.4.19 azure-mgmt-eventhub/1.2.0 Azure-SDK-For-Python AZURECLI/2.0.26]
      accept-language: [en-US]
    method: GET
    uri: https://management.azure.com/subscriptions/00000000-0000-0000-0000-000000000000/resourceGroups/cli_test_eh_alias000001/providers/Microsoft.EventHub/namespaces/eh-nscli000002/disasterRecoveryConfigs/cliAlias000005?api-version=2017-04-01
  response:
    body: {string: '{"id":"/subscriptions/00000000-0000-0000-0000-000000000000/resourceGroups/cli_test_eh_alias000001/providers/Microsoft.EventHub/namespaces/eh-nscli000002/disasterRecoveryConfigs/cliAlias000005","name":"cliAlias000005","type":"Microsoft.EventHub/Namespaces/disasterrecoveryconfigs","properties":{"provisioningState":"Succeeded","partnerNamespace":"/subscriptions/00000000-0000-0000-0000-000000000000/resourceGroups/cli_test_eh_alias000001/providers/Microsoft.EventHub/namespaces/eh-nscli000003","role":"Primary","type":"MetadataReplication"}}'}
    headers:
      cache-control: [no-cache]
      content-length: ['668']
      content-type: [application/json; charset=utf-8]
      date: ['Thu, 18 Jan 2018 21:49:02 GMT']
      expires: ['-1']
      pragma: [no-cache]
      server: [Service-Bus-Resource-Provider/SN1, Microsoft-HTTPAPI/2.0]
      server-sb: [Service-Bus-Resource-Provider/SN1]
      strict-transport-security: [max-age=31536000; includeSubDomains]
      transfer-encoding: [chunked]
      vary: [Accept-Encoding]
    status: {code: 200, message: OK}
- request:
    body: null
    headers:
      Accept: [application/json]
      Accept-Encoding: ['gzip, deflate']
      CommandName: [eventhubs georecovery-alias fail-over]
      Connection: [keep-alive]
      Content-Length: ['0']
      Content-Type: [application/json; charset=utf-8]
      User-Agent: [python/3.6.3 (Windows-10-10.0.15063-SP0) requests/2.18.4 msrest/0.4.22
          msrest_azure/0.4.19 azure-mgmt-eventhub/1.2.0 Azure-SDK-For-Python AZURECLI/2.0.26]
      accept-language: [en-US]
    method: POST
    uri: https://management.azure.com/subscriptions/00000000-0000-0000-0000-000000000000/resourceGroups/cli_test_eh_alias000001/providers/Microsoft.EventHub/namespaces/eh-nscli000003/disasterRecoveryConfigs/cliAlias000005/failover?api-version=2017-04-01
  response:
    body: {string: ''}
    headers:
      cache-control: [no-cache]
      content-length: ['0']
      date: ['Thu, 18 Jan 2018 21:49:04 GMT']
      expires: ['-1']
      pragma: [no-cache]
      server: [Service-Bus-Resource-Provider/SN1, Microsoft-HTTPAPI/2.0]
      server-sb: [Service-Bus-Resource-Provider/SN1]
      strict-transport-security: [max-age=31536000; includeSubDomains]
      x-ms-ratelimit-remaining-subscription-writes: ['1199']
    status: {code: 200, message: OK}
- request:
    body: null
    headers:
      Accept: [application/json]
      Accept-Encoding: ['gzip, deflate']
      CommandName: [eventhubs georecovery-alias show]
      Connection: [keep-alive]
      Content-Type: [application/json; charset=utf-8]
      User-Agent: [python/3.6.3 (Windows-10-10.0.15063-SP0) requests/2.18.4 msrest/0.4.22
          msrest_azure/0.4.19 azure-mgmt-eventhub/1.2.0 Azure-SDK-For-Python AZURECLI/2.0.26]
      accept-language: [en-US]
    method: GET
    uri: https://management.azure.com/subscriptions/00000000-0000-0000-0000-000000000000/resourceGroups/cli_test_eh_alias000001/providers/Microsoft.EventHub/namespaces/eh-nscli000003/disasterRecoveryConfigs/cliAlias000005?api-version=2017-04-01
  response:
    body: {string: '{"id":"/subscriptions/00000000-0000-0000-0000-000000000000/resourceGroups/cli_test_eh_alias000001/providers/Microsoft.EventHub/namespaces/eh-nscli000003/disasterRecoveryConfigs/cliAlias000005","name":"cliAlias000005","type":"Microsoft.EventHub/Namespaces/disasterrecoveryconfigs","properties":{"provisioningState":"Accepted","partnerNamespace":"/subscriptions/00000000-0000-0000-0000-000000000000/resourceGroups/cli_test_eh_alias000001/providers/Microsoft.EventHub/namespaces/eh-nscli000002","role":"Secondary","type":"MetadataReplication"}}'}
    headers:
      cache-control: [no-cache]
      content-length: ['669']
      content-type: [application/json; charset=utf-8]
      date: ['Thu, 18 Jan 2018 21:49:05 GMT']
      expires: ['-1']
      pragma: [no-cache]
      server: [Service-Bus-Resource-Provider/SN1, Microsoft-HTTPAPI/2.0]
      server-sb: [Service-Bus-Resource-Provider/SN1]
      strict-transport-security: [max-age=31536000; includeSubDomains]
      transfer-encoding: [chunked]
      vary: [Accept-Encoding]
    status: {code: 200, message: OK}
- request:
    body: null
    headers:
      Accept: [application/json]
      Accept-Encoding: ['gzip, deflate']
      CommandName: [eventhubs georecovery-alias show]
      Connection: [keep-alive]
      Content-Type: [application/json; charset=utf-8]
      User-Agent: [python/3.6.3 (Windows-10-10.0.15063-SP0) requests/2.18.4 msrest/0.4.22
          msrest_azure/0.4.19 azure-mgmt-eventhub/1.2.0 Azure-SDK-For-Python AZURECLI/2.0.26]
      accept-language: [en-US]
    method: GET
    uri: https://management.azure.com/subscriptions/00000000-0000-0000-0000-000000000000/resourceGroups/cli_test_eh_alias000001/providers/Microsoft.EventHub/namespaces/eh-nscli000003/disasterRecoveryConfigs/cliAlias000005?api-version=2017-04-01
  response:
    body: {string: '{"id":"/subscriptions/00000000-0000-0000-0000-000000000000/resourceGroups/cli_test_eh_alias000001/providers/Microsoft.EventHub/namespaces/eh-nscli000003/disasterRecoveryConfigs/cliAlias000005","name":"cliAlias000005","type":"Microsoft.EventHub/Namespaces/disasterrecoveryconfigs","properties":{"provisioningState":"Accepted","partnerNamespace":"/subscriptions/00000000-0000-0000-0000-000000000000/resourceGroups/cli_test_eh_alias000001/providers/Microsoft.EventHub/namespaces/eh-nscli000002","role":"Secondary","type":"MetadataReplication"}}'}
    headers:
      cache-control: [no-cache]
      content-length: ['669']
      content-type: [application/json; charset=utf-8]
      date: ['Thu, 18 Jan 2018 21:49:36 GMT']
      expires: ['-1']
      pragma: [no-cache]
      server: [Service-Bus-Resource-Provider/SN1, Microsoft-HTTPAPI/2.0]
      server-sb: [Service-Bus-Resource-Provider/SN1]
      strict-transport-security: [max-age=31536000; includeSubDomains]
      transfer-encoding: [chunked]
      vary: [Accept-Encoding]
    status: {code: 200, message: OK}
- request:
    body: null
    headers:
      Accept: [application/json]
      Accept-Encoding: ['gzip, deflate']
      CommandName: [eventhubs georecovery-alias show]
      Connection: [keep-alive]
      Content-Type: [application/json; charset=utf-8]
      User-Agent: [python/3.6.3 (Windows-10-10.0.15063-SP0) requests/2.18.4 msrest/0.4.22
          msrest_azure/0.4.19 azure-mgmt-eventhub/1.2.0 Azure-SDK-For-Python AZURECLI/2.0.26]
      accept-language: [en-US]
    method: GET
    uri: https://management.azure.com/subscriptions/00000000-0000-0000-0000-000000000000/resourceGroups/cli_test_eh_alias000001/providers/Microsoft.EventHub/namespaces/eh-nscli000003/disasterRecoveryConfigs/cliAlias000005?api-version=2017-04-01
  response:
    body: {string: '{"id":"/subscriptions/00000000-0000-0000-0000-000000000000/resourceGroups/cli_test_eh_alias000001/providers/Microsoft.EventHub/namespaces/eh-nscli000003/disasterRecoveryConfigs/cliAlias000005","name":"cliAlias000005","type":"Microsoft.EventHub/Namespaces/disasterrecoveryconfigs","properties":{"provisioningState":"Accepted","partnerNamespace":"/subscriptions/00000000-0000-0000-0000-000000000000/resourceGroups/cli_test_eh_alias000001/providers/Microsoft.EventHub/namespaces/eh-nscli000002","role":"Secondary","type":"MetadataReplication"}}'}
    headers:
      cache-control: [no-cache]
      content-length: ['669']
      content-type: [application/json; charset=utf-8]
      date: ['Thu, 18 Jan 2018 21:50:07 GMT']
      expires: ['-1']
      pragma: [no-cache]
      server: [Service-Bus-Resource-Provider/SN1, Microsoft-HTTPAPI/2.0]
      server-sb: [Service-Bus-Resource-Provider/SN1]
      strict-transport-security: [max-age=31536000; includeSubDomains]
      transfer-encoding: [chunked]
      vary: [Accept-Encoding]
    status: {code: 200, message: OK}
- request:
    body: null
    headers:
      Accept: [application/json]
      Accept-Encoding: ['gzip, deflate']
      CommandName: [eventhubs georecovery-alias show]
      Connection: [keep-alive]
      Content-Type: [application/json; charset=utf-8]
      User-Agent: [python/3.6.3 (Windows-10-10.0.15063-SP0) requests/2.18.4 msrest/0.4.22
          msrest_azure/0.4.19 azure-mgmt-eventhub/1.2.0 Azure-SDK-For-Python AZURECLI/2.0.26]
      accept-language: [en-US]
    method: GET
    uri: https://management.azure.com/subscriptions/00000000-0000-0000-0000-000000000000/resourceGroups/cli_test_eh_alias000001/providers/Microsoft.EventHub/namespaces/eh-nscli000003/disasterRecoveryConfigs/cliAlias000005?api-version=2017-04-01
  response:
    body: {string: '{"id":"/subscriptions/00000000-0000-0000-0000-000000000000/resourceGroups/cli_test_eh_alias000001/providers/Microsoft.EventHub/namespaces/eh-nscli000003/disasterRecoveryConfigs/cliAlias000005","name":"cliAlias000005","type":"Microsoft.EventHub/Namespaces/disasterrecoveryconfigs","properties":{"provisioningState":"Succeeded","partnerNamespace":"","role":"PrimaryNotReplicating","type":"MetadataReplication"}}'}
    headers:
      cache-control: [no-cache]
      content-length: ['479']
      content-type: [application/json; charset=utf-8]
      date: ['Thu, 18 Jan 2018 21:50:39 GMT']
      expires: ['-1']
      pragma: [no-cache]
      server: [Service-Bus-Resource-Provider/SN1, Microsoft-HTTPAPI/2.0]
      server-sb: [Service-Bus-Resource-Provider/SN1]
      strict-transport-security: [max-age=31536000; includeSubDomains]
      transfer-encoding: [chunked]
      vary: [Accept-Encoding]
    status: {code: 200, message: OK}
- request:
    body: null
    headers:
      Accept: [application/json]
      Accept-Encoding: ['gzip, deflate']
      CommandName: [eventhubs georecovery-alias delete]
      Connection: [keep-alive]
      Content-Length: ['0']
      Content-Type: [application/json; charset=utf-8]
      User-Agent: [python/3.6.3 (Windows-10-10.0.15063-SP0) requests/2.18.4 msrest/0.4.22
          msrest_azure/0.4.19 azure-mgmt-eventhub/1.2.0 Azure-SDK-For-Python AZURECLI/2.0.26]
      accept-language: [en-US]
    method: DELETE
    uri: https://management.azure.com/subscriptions/00000000-0000-0000-0000-000000000000/resourceGroups/cli_test_eh_alias000001/providers/Microsoft.EventHub/namespaces/eh-nscli000003/disasterRecoveryConfigs/cliAlias000005?api-version=2017-04-01
  response:
    body: {string: ''}
    headers:
      cache-control: [no-cache]
      content-length: ['0']
      date: ['Thu, 18 Jan 2018 21:50:39 GMT']
      expires: ['-1']
      pragma: [no-cache]
      server: [Service-Bus-Resource-Provider/SN1, Microsoft-HTTPAPI/2.0]
      server-sb: [Service-Bus-Resource-Provider/SN1]
      strict-transport-security: [max-age=31536000; includeSubDomains]
      x-ms-ratelimit-remaining-subscription-writes: ['1199']
    status: {code: 200, message: OK}
- request:
    body: null
    headers:
      Accept: [application/json]
      Accept-Encoding: ['gzip, deflate']
      CommandName: [eventhubs namespace delete]
      Connection: [keep-alive]
      Content-Length: ['0']
      Content-Type: [application/json; charset=utf-8]
      User-Agent: [python/3.6.3 (Windows-10-10.0.15063-SP0) requests/2.18.4 msrest/0.4.22
          msrest_azure/0.4.19 azure-mgmt-eventhub/1.2.0 Azure-SDK-For-Python AZURECLI/2.0.26]
      accept-language: [en-US]
    method: DELETE
    uri: https://management.azure.com/subscriptions/00000000-0000-0000-0000-000000000000/resourceGroups/cli_test_eh_alias000001/providers/Microsoft.EventHub/namespaces/eh-nscli000002?api-version=2017-04-01
  response:
    body: {string: ''}
    headers:
      cache-control: [no-cache]
      content-length: ['0']
      date: ['Thu, 18 Jan 2018 21:51:11 GMT']
      expires: ['-1']
      location: ['https://management.azure.com/subscriptions/00000000-0000-0000-0000-000000000000/resourceGroups/cli_test_eh_alias000001/providers/Microsoft.EventHub/namespaces/eh-nscli000002/operationresults/eh-nscli000002?api-version=2017-04-01']
      pragma: [no-cache]
      server: [Service-Bus-Resource-Provider/SN1, Microsoft-HTTPAPI/2.0]
      server-sb: [Service-Bus-Resource-Provider/SN1]
      strict-transport-security: [max-age=31536000; includeSubDomains]
      x-ms-ratelimit-remaining-subscription-writes: ['1197']
    status: {code: 202, message: Accepted}
- request:
    body: null
    headers:
      Accept: [application/json]
      Accept-Encoding: ['gzip, deflate']
      CommandName: [eventhubs namespace delete]
      Connection: [keep-alive]
      Content-Type: [application/json; charset=utf-8]
      User-Agent: [python/3.6.3 (Windows-10-10.0.15063-SP0) requests/2.18.4 msrest/0.4.22
          msrest_azure/0.4.19 azure-mgmt-eventhub/1.2.0 Azure-SDK-For-Python AZURECLI/2.0.26]
      accept-language: [en-US]
    method: GET
    uri: https://management.azure.com/subscriptions/00000000-0000-0000-0000-000000000000/resourceGroups/cli_test_eh_alias000001/providers/Microsoft.EventHub/namespaces/eh-nscli000002/operationresults/eh-nscli000002?api-version=2017-04-01
  response:
    body: {string: ''}
    headers:
      cache-control: [no-cache]
      content-length: ['0']
      date: ['Thu, 18 Jan 2018 21:51:42 GMT']
      expires: ['-1']
      pragma: [no-cache]
      server: [Service-Bus-Resource-Provider/SN1, Microsoft-HTTPAPI/2.0]
      server-sb: [Service-Bus-Resource-Provider/SN1]
      strict-transport-security: [max-age=31536000; includeSubDomains]
    status: {code: 200, message: OK}
- request:
    body: null
    headers:
      Accept: [application/json]
      Accept-Encoding: ['gzip, deflate']
      CommandName: [eventhubs namespace delete]
      Connection: [keep-alive]
      Content-Length: ['0']
      Content-Type: [application/json; charset=utf-8]
      User-Agent: [python/3.6.3 (Windows-10-10.0.15063-SP0) requests/2.18.4 msrest/0.4.22
          msrest_azure/0.4.19 azure-mgmt-eventhub/1.2.0 Azure-SDK-For-Python AZURECLI/2.0.26]
      accept-language: [en-US]
    method: DELETE
    uri: https://management.azure.com/subscriptions/00000000-0000-0000-0000-000000000000/resourceGroups/cli_test_eh_alias000001/providers/Microsoft.EventHub/namespaces/eh-nscli000003?api-version=2017-04-01
  response:
    body: {string: '{"error":{"message":"Namespace provisioning in transition. CorrelationId:
        2727e7b9-2bbf-4281-92ca-9280b8797e07","code":"Conflict"}}'}
    headers:
      cache-control: [no-cache]
      content-length: ['131']
      content-type: [application/json; charset=utf-8]
      date: ['Thu, 18 Jan 2018 21:51:44 GMT']
      expires: ['-1']
      pragma: [no-cache]
      server: [Service-Bus-Resource-Provider/SN1, Microsoft-HTTPAPI/2.0]
      server-sb: [Service-Bus-Resource-Provider/SN1]
      strict-transport-security: [max-age=31536000; includeSubDomains]
      x-ms-ratelimit-remaining-subscription-writes: ['1198']
    status: {code: 409, message: Conflict}
- request:
    body: null
    headers:
      Accept: [application/json]
      Accept-Encoding: ['gzip, deflate']
      CommandName: [group delete]
      Connection: [keep-alive]
      Content-Length: ['0']
      Content-Type: [application/json; charset=utf-8]
      User-Agent: [python/3.6.3 (Windows-10-10.0.15063-SP0) requests/2.18.4 msrest/0.4.22
          msrest_azure/0.4.19 resourcemanagementclient/1.2.1 Azure-SDK-For-Python
          AZURECLI/2.0.26]
      accept-language: [en-US]
    method: DELETE
    uri: https://management.azure.com/subscriptions/00000000-0000-0000-0000-000000000000/resourcegroups/cli_test_eh_alias000001?api-version=2017-05-10
  response:
    body: {string: ''}
    headers:
      cache-control: [no-cache]
      content-length: ['0']
      date: ['Thu, 18 Jan 2018 21:51:46 GMT']
      expires: ['-1']
      location: ['https://management.azure.com/subscriptions/00000000-0000-0000-0000-000000000000/operationresults/eyJqb2JJZCI6IlJFU09VUkNFR1JPVVBERUxFVElPTkpPQi1DTEk6NUZURVNUOjVGRUg6NUZBTElBUzZURllQRlU0WVhWVzdONDQ2MlhNTTZQSnw2QTVGOTM0QUJFMjk1QkE0LVdFU1RVUyIsImpvYkxvY2F0aW9uIjoid2VzdHVzIn0?api-version=2017-05-10']
      pragma: [no-cache]
      strict-transport-security: [max-age=31536000; includeSubDomains]
      x-ms-ratelimit-remaining-subscription-writes: ['1199']
    status: {code: 202, message: Accepted}
version: 1
