interactions:
- request:
    body: null
    headers:
      Accept:
      - application/json
      Accept-Encoding:
      - gzip, deflate
      CommandName:
      - storage account keys list
      Connection:
      - keep-alive
      Content-Length:
      - '0'
      ParameterSetName:
      - -n -g --query -o
      User-Agent:
      - python/3.7.4 (Windows-10-10.0.18362-SP0) msrest/0.6.10 msrest_azure/0.6.2
        azure-mgmt-storage/8.0.0 Azure-SDK-For-Python AZURECLI/2.2.0
      accept-language:
      - en-US
    method: POST
    uri: https://management.azure.com/subscriptions/00000000-0000-0000-0000-000000000000/resourceGroups/cli_test_storage_account_ors000001/providers/Microsoft.Storage/storageAccounts/clitest000002/listKeys?api-version=2019-06-01
  response:
    body:
      string: '{"keys":[{"keyName":"key1","value":"veryFakedStorageAccountKey==","permissions":"FULL"},{"keyName":"key2","value":"veryFakedStorageAccountKey==","permissions":"FULL"}]}'
    headers:
      cache-control:
      - no-cache
      content-length:
      - '288'
      content-type:
      - application/json
      date:
      - Mon, 30 Mar 2020 07:22:44 GMT
      expires:
      - '-1'
      pragma:
      - no-cache
      server:
      - Microsoft-Azure-Storage-Resource-Provider/1.0,Microsoft-HTTPAPI/2.0 Microsoft-HTTPAPI/2.0
      strict-transport-security:
      - max-age=31536000; includeSubDomains
      transfer-encoding:
      - chunked
      vary:
      - Accept-Encoding
      x-content-type-options:
      - nosniff
      x-ms-ratelimit-remaining-subscription-resource-requests:
      - '11998'
    status:
      code: 200
      message: OK
- request:
    body: null
    headers:
      Connection:
      - keep-alive
      Content-Length:
      - '0'
      User-Agent:
      - Azure-Storage/2.0.0-2.0.1 (Python CPython 3.7.4; Windows 10) AZURECLI/2.2.0
      x-ms-date:
      - Mon, 30 Mar 2020 07:22:45 GMT
      x-ms-version:
      - '2018-11-09'
    method: PUT
    uri: https://clitest000002.blob.core.windows.net/cont000005?restype=container
  response:
    body:
      string: ''
    headers:
      content-length:
      - '0'
      date:
      - Mon, 30 Mar 2020 07:22:48 GMT
      etag:
      - '"0x8D7D47B26170589"'
      last-modified:
      - Mon, 30 Mar 2020 07:22:48 GMT
      server:
      - Windows-Azure-Blob/1.0 Microsoft-HTTPAPI/2.0
      x-ms-version:
      - '2018-11-09'
    status:
      code: 201
      message: Created
- request:
    body: null
    headers:
      Accept:
      - application/json
      Accept-Encoding:
      - gzip, deflate
      CommandName:
      - storage account keys list
      Connection:
      - keep-alive
      Content-Length:
      - '0'
      ParameterSetName:
      - -n -g --query -o
      User-Agent:
      - python/3.7.4 (Windows-10-10.0.18362-SP0) msrest/0.6.10 msrest_azure/0.6.2
        azure-mgmt-storage/8.0.0 Azure-SDK-For-Python AZURECLI/2.2.0
      accept-language:
      - en-US
    method: POST
    uri: https://management.azure.com/subscriptions/00000000-0000-0000-0000-000000000000/resourceGroups/cli_test_storage_account_ors000001/providers/Microsoft.Storage/storageAccounts/clitest000003/listKeys?api-version=2019-06-01
  response:
    body:
      string: '{"keys":[{"keyName":"key1","value":"veryFakedStorageAccountKey==","permissions":"FULL"},{"keyName":"key2","value":"veryFakedStorageAccountKey==","permissions":"FULL"}]}'
    headers:
      cache-control:
      - no-cache
      content-length:
      - '288'
      content-type:
      - application/json
      date:
      - Mon, 30 Mar 2020 07:22:48 GMT
      expires:
      - '-1'
      pragma:
      - no-cache
      server:
      - Microsoft-Azure-Storage-Resource-Provider/1.0,Microsoft-HTTPAPI/2.0 Microsoft-HTTPAPI/2.0
      strict-transport-security:
      - max-age=31536000; includeSubDomains
      transfer-encoding:
      - chunked
      vary:
      - Accept-Encoding
      x-content-type-options:
      - nosniff
      x-ms-ratelimit-remaining-subscription-resource-requests:
      - '11997'
    status:
      code: 200
      message: OK
- request:
    body: null
    headers:
      Connection:
      - keep-alive
      Content-Length:
      - '0'
      User-Agent:
      - Azure-Storage/2.0.0-2.0.1 (Python CPython 3.7.4; Windows 10) AZURECLI/2.2.0
      x-ms-date:
      - Mon, 30 Mar 2020 07:22:49 GMT
      x-ms-version:
      - '2018-11-09'
    method: PUT
    uri: https://clitest000003.blob.core.windows.net/cont000006?restype=container
  response:
    body:
      string: ''
    headers:
      content-length:
      - '0'
      date:
      - Mon, 30 Mar 2020 07:22:52 GMT
      etag:
      - '"0x8D7D47B28F9A1DC"'
      last-modified:
      - Mon, 30 Mar 2020 07:22:52 GMT
      server:
      - Windows-Azure-Blob/1.0 Microsoft-HTTPAPI/2.0
      x-ms-version:
      - '2018-11-09'
    status:
      code: 201
      message: Created
- request:
    body: null
    headers:
      Accept:
      - application/json
      Accept-Encoding:
      - gzip, deflate
      CommandName:
      - storage account blob-service-properties update
      Connection:
      - keep-alive
      ParameterSetName:
      - -n -g --enable-change-feed
      User-Agent:
      - python/3.7.4 (Windows-10-10.0.18362-SP0) msrest/0.6.10 msrest_azure/0.6.2
        azure-mgmt-storage/8.0.0 Azure-SDK-For-Python AZURECLI/2.2.0
      accept-language:
      - en-US
    method: GET
    uri: https://management.azure.com/subscriptions/00000000-0000-0000-0000-000000000000/resourceGroups/cli_test_storage_account_ors000001/providers/Microsoft.Storage/storageAccounts/clitest000002/blobServices/default?api-version=2019-06-01
  response:
    body:
      string: '{"sku":{"name":"Standard_LRS","tier":"Standard"},"id":"/subscriptions/00000000-0000-0000-0000-000000000000/resourceGroups/cli_test_storage_account_ors000001/providers/Microsoft.Storage/storageAccounts/clitest000002/blobServices/default","name":"default","type":"Microsoft.Storage/storageAccounts/blobServices","properties":{"cors":{"corsRules":[]},"deleteRetentionPolicy":{"enabled":false}}}'
    headers:
      cache-control:
      - no-cache
      content-length:
      - '443'
      content-type:
      - application/json
      date:
      - Mon, 30 Mar 2020 07:22:53 GMT
      expires:
      - '-1'
      pragma:
      - no-cache
      server:
      - Microsoft-Azure-Storage-Resource-Provider/1.0,Microsoft-HTTPAPI/2.0 Microsoft-HTTPAPI/2.0
      strict-transport-security:
      - max-age=31536000; includeSubDomains
      transfer-encoding:
      - chunked
      vary:
      - Accept-Encoding
      x-content-type-options:
      - nosniff
    status:
      code: 200
      message: OK
- request:
    body: '{"properties": {"cors": {"corsRules": []}, "deleteRetentionPolicy": {"enabled":
      false}, "changeFeed": {"enabled": true}}}'
    headers:
      Accept:
      - application/json
      Accept-Encoding:
      - gzip, deflate
      CommandName:
      - storage account blob-service-properties update
      Connection:
      - keep-alive
      Content-Length:
      - '121'
      Content-Type:
      - application/json; charset=utf-8
      ParameterSetName:
      - -n -g --enable-change-feed
      User-Agent:
      - python/3.7.4 (Windows-10-10.0.18362-SP0) msrest/0.6.10 msrest_azure/0.6.2
        azure-mgmt-storage/8.0.0 Azure-SDK-For-Python AZURECLI/2.2.0
      accept-language:
      - en-US
    method: PUT
    uri: https://management.azure.com/subscriptions/00000000-0000-0000-0000-000000000000/resourceGroups/cli_test_storage_account_ors000001/providers/Microsoft.Storage/storageAccounts/clitest000002/blobServices/default?api-version=2019-06-01
  response:
    body:
      string: '{"id":"/subscriptions/00000000-0000-0000-0000-000000000000/resourceGroups/cli_test_storage_account_ors000001/providers/Microsoft.Storage/storageAccounts/clitest000002/blobServices/default","name":"default","type":"Microsoft.Storage/storageAccounts/blobServices","properties":{"changeFeed":{"enabled":true},"cors":{"corsRules":[]},"deleteRetentionPolicy":{"enabled":false}}}'
    headers:
      cache-control:
      - no-cache
      content-length:
      - '425'
      content-type:
      - application/json
      date:
      - Mon, 30 Mar 2020 07:22:56 GMT
      expires:
      - '-1'
      pragma:
      - no-cache
      server:
      - Microsoft-Azure-Storage-Resource-Provider/1.0,Microsoft-HTTPAPI/2.0 Microsoft-HTTPAPI/2.0
      strict-transport-security:
      - max-age=31536000; includeSubDomains
      transfer-encoding:
      - chunked
      vary:
      - Accept-Encoding
      x-content-type-options:
      - nosniff
      x-ms-ratelimit-remaining-subscription-writes:
      - '1194'
    status:
      code: 200
      message: OK
- request:
    body: null
    headers:
      Accept:
      - application/json
      Accept-Encoding:
      - gzip, deflate
      CommandName:
      - storage account blob-service-properties update
      Connection:
      - keep-alive
      ParameterSetName:
      - -n -g --enable-versioning
      User-Agent:
      - python/3.7.4 (Windows-10-10.0.18362-SP0) msrest/0.6.10 msrest_azure/0.6.2
        azure-mgmt-storage/8.0.0 Azure-SDK-For-Python AZURECLI/2.2.0
      accept-language:
      - en-US
    method: GET
    uri: https://management.azure.com/subscriptions/00000000-0000-0000-0000-000000000000/resourceGroups/cli_test_storage_account_ors000001/providers/Microsoft.Storage/storageAccounts/clitest000002/blobServices/default?api-version=2019-06-01
  response:
    body:
      string: '{"sku":{"name":"Standard_LRS","tier":"Standard"},"id":"/subscriptions/00000000-0000-0000-0000-000000000000/resourceGroups/cli_test_storage_account_ors000001/providers/Microsoft.Storage/storageAccounts/clitest000002/blobServices/default","name":"default","type":"Microsoft.Storage/storageAccounts/blobServices","properties":{"changeFeed":{"enabled":true},"cors":{"corsRules":[]},"deleteRetentionPolicy":{"enabled":false}}}'
    headers:
      cache-control:
      - no-cache
      content-length:
      - '473'
      content-type:
      - application/json
      date:
      - Mon, 30 Mar 2020 07:22:57 GMT
      expires:
      - '-1'
      pragma:
      - no-cache
      server:
      - Microsoft-Azure-Storage-Resource-Provider/1.0,Microsoft-HTTPAPI/2.0 Microsoft-HTTPAPI/2.0
      strict-transport-security:
      - max-age=31536000; includeSubDomains
      transfer-encoding:
      - chunked
      vary:
      - Accept-Encoding
      x-content-type-options:
      - nosniff
    status:
      code: 200
      message: OK
- request:
    body: '{"properties": {"cors": {"corsRules": []}, "deleteRetentionPolicy": {"enabled":
      false}, "isVersioningEnabled": true, "changeFeed": {"enabled": true}}}'
    headers:
      Accept:
      - application/json
      Accept-Encoding:
      - gzip, deflate
      CommandName:
      - storage account blob-service-properties update
      Connection:
      - keep-alive
      Content-Length:
      - '150'
      Content-Type:
      - application/json; charset=utf-8
      ParameterSetName:
      - -n -g --enable-versioning
      User-Agent:
      - python/3.7.4 (Windows-10-10.0.18362-SP0) msrest/0.6.10 msrest_azure/0.6.2
        azure-mgmt-storage/8.0.0 Azure-SDK-For-Python AZURECLI/2.2.0
      accept-language:
      - en-US
    method: PUT
    uri: https://management.azure.com/subscriptions/00000000-0000-0000-0000-000000000000/resourceGroups/cli_test_storage_account_ors000001/providers/Microsoft.Storage/storageAccounts/clitest000002/blobServices/default?api-version=2019-06-01
  response:
    body:
      string: '{"id":"/subscriptions/00000000-0000-0000-0000-000000000000/resourceGroups/cli_test_storage_account_ors000001/providers/Microsoft.Storage/storageAccounts/clitest000002/blobServices/default","name":"default","type":"Microsoft.Storage/storageAccounts/blobServices","properties":{"changeFeed":{"enabled":true},"cors":{"corsRules":[]},"deleteRetentionPolicy":{"enabled":false},"isVersioningEnabled":true}}'
    headers:
      cache-control:
      - no-cache
      content-length:
      - '452'
      content-type:
      - application/json
      date:
      - Mon, 30 Mar 2020 07:22:57 GMT
      expires:
      - '-1'
      pragma:
      - no-cache
      server:
      - Microsoft-Azure-Storage-Resource-Provider/1.0,Microsoft-HTTPAPI/2.0 Microsoft-HTTPAPI/2.0
      strict-transport-security:
      - max-age=31536000; includeSubDomains
      transfer-encoding:
      - chunked
      vary:
      - Accept-Encoding
      x-content-type-options:
      - nosniff
      x-ms-ratelimit-remaining-subscription-writes:
      - '1196'
    status:
      code: 200
      message: OK
- request:
    body: null
    headers:
      Accept:
      - application/json
      Accept-Encoding:
      - gzip, deflate
      CommandName:
      - storage account blob-service-properties update
      Connection:
      - keep-alive
      ParameterSetName:
      - -n -g --enable-versioning
      User-Agent:
      - python/3.7.4 (Windows-10-10.0.18362-SP0) msrest/0.6.10 msrest_azure/0.6.2
        azure-mgmt-storage/8.0.0 Azure-SDK-For-Python AZURECLI/2.2.0
      accept-language:
      - en-US
    method: GET
    uri: https://management.azure.com/subscriptions/00000000-0000-0000-0000-000000000000/resourceGroups/cli_test_storage_account_ors000001/providers/Microsoft.Storage/storageAccounts/clitest000003/blobServices/default?api-version=2019-06-01
  response:
    body:
      string: '{"sku":{"name":"Standard_LRS","tier":"Standard"},"id":"/subscriptions/00000000-0000-0000-0000-000000000000/resourceGroups/cli_test_storage_account_ors000001/providers/Microsoft.Storage/storageAccounts/clitest000003/blobServices/default","name":"default","type":"Microsoft.Storage/storageAccounts/blobServices","properties":{"cors":{"corsRules":[]},"deleteRetentionPolicy":{"enabled":false}}}'
    headers:
      cache-control:
      - no-cache
      content-length:
      - '443'
      content-type:
      - application/json
      date:
      - Mon, 30 Mar 2020 07:23:00 GMT
      expires:
      - '-1'
      pragma:
      - no-cache
      server:
      - Microsoft-Azure-Storage-Resource-Provider/1.0,Microsoft-HTTPAPI/2.0 Microsoft-HTTPAPI/2.0
      strict-transport-security:
      - max-age=31536000; includeSubDomains
      transfer-encoding:
      - chunked
      vary:
      - Accept-Encoding
      x-content-type-options:
      - nosniff
    status:
      code: 200
      message: OK
- request:
    body: '{"properties": {"cors": {"corsRules": []}, "deleteRetentionPolicy": {"enabled":
      false}, "isVersioningEnabled": true}}'
    headers:
      Accept:
      - application/json
      Accept-Encoding:
      - gzip, deflate
      CommandName:
      - storage account blob-service-properties update
      Connection:
      - keep-alive
      Content-Length:
      - '117'
      Content-Type:
      - application/json; charset=utf-8
      ParameterSetName:
      - -n -g --enable-versioning
      User-Agent:
      - python/3.7.4 (Windows-10-10.0.18362-SP0) msrest/0.6.10 msrest_azure/0.6.2
        azure-mgmt-storage/8.0.0 Azure-SDK-For-Python AZURECLI/2.2.0
      accept-language:
      - en-US
    method: PUT
    uri: https://management.azure.com/subscriptions/00000000-0000-0000-0000-000000000000/resourceGroups/cli_test_storage_account_ors000001/providers/Microsoft.Storage/storageAccounts/clitest000003/blobServices/default?api-version=2019-06-01
  response:
    body:
      string: '{"id":"/subscriptions/00000000-0000-0000-0000-000000000000/resourceGroups/cli_test_storage_account_ors000001/providers/Microsoft.Storage/storageAccounts/clitest000003/blobServices/default","name":"default","type":"Microsoft.Storage/storageAccounts/blobServices","properties":{"cors":{"corsRules":[]},"deleteRetentionPolicy":{"enabled":false},"isVersioningEnabled":true}}'
    headers:
      cache-control:
      - no-cache
      content-length:
      - '422'
      content-type:
      - application/json
      date:
      - Mon, 30 Mar 2020 07:23:01 GMT
      expires:
      - '-1'
      pragma:
      - no-cache
      server:
      - Microsoft-Azure-Storage-Resource-Provider/1.0,Microsoft-HTTPAPI/2.0 Microsoft-HTTPAPI/2.0
      strict-transport-security:
      - max-age=31536000; includeSubDomains
      transfer-encoding:
      - chunked
      vary:
      - Accept-Encoding
      x-content-type-options:
      - nosniff
      x-ms-ratelimit-remaining-subscription-writes:
      - '1198'
    status:
      code: 200
      message: OK
- request:
    body: 'b''b\''{"properties": {"sourceAccount": "clitest000002", "destinationAccount":
      "clitest000003", "rules": [{"sourceContainer": "cont000005", "destinationContainer":
      "cont000006", "filters": {"minCreationTime": "2020-02-19T16:05:00Z"}}]}}\'''''
    headers:
      Accept:
      - application/json
      Accept-Encoding:
      - gzip, deflate
      CommandName:
      - storage account ors-policy create
      Connection:
      - keep-alive
      Content-Length:
      - '279'
      Content-Type:
      - application/json; charset=utf-8
      ParameterSetName:
      - -g -n -s -d --destination-container --source-container -t
      User-Agent:
      - python/3.7.4 (Windows-10-10.0.18362-SP0) msrest/0.6.10 msrest_azure/0.6.2
        azure-mgmt-storage/7.1.0 Azure-SDK-For-Python AZURECLI/2.2.0
      accept-language:
      - en-US
    method: PUT
    uri: https://management.azure.com/subscriptions/00000000-0000-0000-0000-000000000000/resourceGroups/cli_test_storage_account_ors000001/providers/Microsoft.Storage/storageAccounts/clitest000003/objectReplicationPolicies/default?api-version=2019-06-01
  response:
    body:
      string: '{"id":"/subscriptions/00000000-0000-0000-0000-000000000000/resourceGroups/cli_test_storage_account_ors000001/providers/Microsoft.Storage/storageAccounts/clitest000003/objectReplicationPolicies/3a01552e-945c-424a-8ca1-c13cad5a51e8","name":"3a01552e-945c-424a-8ca1-c13cad5a51e8","type":"Microsoft.Storage/storageAccounts/objectReplicationPolicies","properties":{"policyId":"3a01552e-945c-424a-8ca1-c13cad5a51e8","sourceAccount":"clitest000002","destinationAccount":"clitest000003","rules":[{"ruleId":"8319f1b3-e6fc-4728-9660-296eb37204c6","sourceContainer":"cont000005","destinationContainer":"cont000006","filters":{"minCreationTime":"2020-02-19T16:05:00Z"}}]}}'
    headers:
      cache-control:
      - no-cache
      content-length:
      - '762'
      content-type:
      - application/json
      date:
      - Mon, 30 Mar 2020 07:23:03 GMT
      expires:
      - '-1'
      pragma:
      - no-cache
      server:
      - Microsoft-Azure-Storage-Resource-Provider/1.0,Microsoft-HTTPAPI/2.0 Microsoft-HTTPAPI/2.0
      strict-transport-security:
      - max-age=31536000; includeSubDomains
      transfer-encoding:
      - chunked
      vary:
      - Accept-Encoding
      x-content-type-options:
      - nosniff
      x-ms-ratelimit-remaining-subscription-writes:
      - '1194'
    status:
      code: 200
      message: OK
- request:
    body: null
    headers:
      Accept:
      - application/json
      Accept-Encoding:
      - gzip, deflate
      CommandName:
      - storage account ors-policy show
      Connection:
      - keep-alive
      ParameterSetName:
      - -g -n --policy-id
      User-Agent:
      - python/3.7.4 (Windows-10-10.0.18362-SP0) msrest/0.6.10 msrest_azure/0.6.2
        azure-mgmt-storage/7.1.0 Azure-SDK-For-Python AZURECLI/2.2.0
      accept-language:
      - en-US
    method: GET
    uri: https://management.azure.com/subscriptions/00000000-0000-0000-0000-000000000000/resourceGroups/cli_test_storage_account_ors000001/providers/Microsoft.Storage/storageAccounts/clitest000003/objectReplicationPolicies/3a01552e-945c-424a-8ca1-c13cad5a51e8?api-version=2019-06-01
  response:
    body:
      string: '{"id":"/subscriptions/00000000-0000-0000-0000-000000000000/resourceGroups/cli_test_storage_account_ors000001/providers/Microsoft.Storage/storageAccounts/clitest000003/objectReplicationPolicies/3a01552e-945c-424a-8ca1-c13cad5a51e8","name":"3a01552e-945c-424a-8ca1-c13cad5a51e8","type":"Microsoft.Storage/storageAccounts/objectReplicationPolicies","properties":{"policyId":"3a01552e-945c-424a-8ca1-c13cad5a51e8","sourceAccount":"clitest000002","destinationAccount":"clitest000003","rules":[{"ruleId":"8319f1b3-e6fc-4728-9660-296eb37204c6","sourceContainer":"cont000005","destinationContainer":"cont000006","filters":{"minCreationTime":"2020-02-19T16:05:00Z"}}]}}'
    headers:
      cache-control:
      - no-cache
      content-length:
      - '762'
      content-type:
      - application/json
      date:
      - Mon, 30 Mar 2020 07:23:04 GMT
      expires:
      - '-1'
      pragma:
      - no-cache
      server:
      - Microsoft-Azure-Storage-Resource-Provider/1.0,Microsoft-HTTPAPI/2.0 Microsoft-HTTPAPI/2.0
      strict-transport-security:
      - max-age=31536000; includeSubDomains
      transfer-encoding:
      - chunked
      vary:
      - Accept-Encoding
      x-content-type-options:
      - nosniff
    status:
      code: 200
      message: OK
- request:
    body: null
    headers:
      Connection:
      - keep-alive
      Content-Length:
      - '0'
      User-Agent:
      - Azure-Storage/2.0.0-2.0.1 (Python CPython 3.7.4; Windows 10) AZURECLI/2.2.0
      x-ms-date:
      - Mon, 30 Mar 2020 07:23:05 GMT
      x-ms-version:
      - '2018-11-09'
    method: PUT
    uri: https://clitest000002.blob.core.windows.net/cont000007?restype=container
  response:
    body:
      string: ''
    headers:
      content-length:
      - '0'
      date:
      - Mon, 30 Mar 2020 07:23:06 GMT
      etag:
      - '"0x8D7D47B312DAE68"'
      last-modified:
      - Mon, 30 Mar 2020 07:23:06 GMT
      server:
      - Windows-Azure-Blob/1.0 Microsoft-HTTPAPI/2.0
      x-ms-version:
      - '2018-11-09'
    status:
      code: 201
      message: Created
- request:
    body: null
    headers:
      Connection:
      - keep-alive
      Content-Length:
      - '0'
      User-Agent:
      - Azure-Storage/2.0.0-2.0.1 (Python CPython 3.7.4; Windows 10) AZURECLI/2.2.0
      x-ms-date:
      - Mon, 30 Mar 2020 07:23:07 GMT
      x-ms-version:
      - '2018-11-09'
    method: PUT
    uri: https://clitest000003.blob.core.windows.net/cont000008?restype=container
  response:
    body:
      string: ''
    headers:
      content-length:
      - '0'
      date:
      - Mon, 30 Mar 2020 07:23:08 GMT
      etag:
      - '"0x8D7D47B32369363"'
      last-modified:
      - Mon, 30 Mar 2020 07:23:08 GMT
      server:
      - Windows-Azure-Blob/1.0 Microsoft-HTTPAPI/2.0
      x-ms-version:
      - '2018-11-09'
    status:
      code: 201
      message: Created
- request:
    body: null
    headers:
      Accept:
      - application/json
      Accept-Encoding:
      - gzip, deflate
      CommandName:
      - storage account ors-policy rule list
      Connection:
      - keep-alive
      ParameterSetName:
      - -g -n --policy-id
      User-Agent:
      - python/3.7.4 (Windows-10-10.0.18362-SP0) msrest/0.6.10 msrest_azure/0.6.2
        azure-mgmt-storage/7.1.0 Azure-SDK-For-Python AZURECLI/2.2.0
      accept-language:
      - en-US
    method: GET
    uri: https://management.azure.com/subscriptions/00000000-0000-0000-0000-000000000000/resourceGroups/cli_test_storage_account_ors000001/providers/Microsoft.Storage/storageAccounts/clitest000003/objectReplicationPolicies/3a01552e-945c-424a-8ca1-c13cad5a51e8?api-version=2019-06-01
  response:
    body:
      string: '{"id":"/subscriptions/00000000-0000-0000-0000-000000000000/resourceGroups/cli_test_storage_account_ors000001/providers/Microsoft.Storage/storageAccounts/clitest000003/objectReplicationPolicies/3a01552e-945c-424a-8ca1-c13cad5a51e8","name":"3a01552e-945c-424a-8ca1-c13cad5a51e8","type":"Microsoft.Storage/storageAccounts/objectReplicationPolicies","properties":{"policyId":"3a01552e-945c-424a-8ca1-c13cad5a51e8","sourceAccount":"clitest000002","destinationAccount":"clitest000003","rules":[{"ruleId":"8319f1b3-e6fc-4728-9660-296eb37204c6","sourceContainer":"cont000005","destinationContainer":"cont000006","filters":{"minCreationTime":"2020-02-19T16:05:00Z"}}]}}'
    headers:
      cache-control:
      - no-cache
      content-length:
      - '762'
      content-type:
      - application/json
      date:
      - Mon, 30 Mar 2020 07:23:09 GMT
      expires:
      - '-1'
      pragma:
      - no-cache
      server:
      - Microsoft-Azure-Storage-Resource-Provider/1.0,Microsoft-HTTPAPI/2.0 Microsoft-HTTPAPI/2.0
      strict-transport-security:
      - max-age=31536000; includeSubDomains
      transfer-encoding:
      - chunked
      vary:
      - Accept-Encoding
      x-content-type-options:
      - nosniff
    status:
      code: 200
      message: OK
- request:
    body: null
    headers:
      Accept:
      - application/json
      Accept-Encoding:
      - gzip, deflate
      CommandName:
      - storage account ors-policy rule show
      Connection:
      - keep-alive
      ParameterSetName:
      - -g -n --rule-id --policy-id
      User-Agent:
      - python/3.7.4 (Windows-10-10.0.18362-SP0) msrest/0.6.10 msrest_azure/0.6.2
        azure-mgmt-storage/7.1.0 Azure-SDK-For-Python AZURECLI/2.2.0
      accept-language:
      - en-US
    method: GET
    uri: https://management.azure.com/subscriptions/00000000-0000-0000-0000-000000000000/resourceGroups/cli_test_storage_account_ors000001/providers/Microsoft.Storage/storageAccounts/clitest000003/objectReplicationPolicies/3a01552e-945c-424a-8ca1-c13cad5a51e8?api-version=2019-06-01
  response:
    body:
      string: '{"id":"/subscriptions/00000000-0000-0000-0000-000000000000/resourceGroups/cli_test_storage_account_ors000001/providers/Microsoft.Storage/storageAccounts/clitest000003/objectReplicationPolicies/3a01552e-945c-424a-8ca1-c13cad5a51e8","name":"3a01552e-945c-424a-8ca1-c13cad5a51e8","type":"Microsoft.Storage/storageAccounts/objectReplicationPolicies","properties":{"policyId":"3a01552e-945c-424a-8ca1-c13cad5a51e8","sourceAccount":"clitest000002","destinationAccount":"clitest000003","rules":[{"ruleId":"8319f1b3-e6fc-4728-9660-296eb37204c6","sourceContainer":"cont000005","destinationContainer":"cont000006","filters":{"minCreationTime":"2020-02-19T16:05:00Z"}}]}}'
    headers:
      cache-control:
      - no-cache
      content-length:
      - '762'
      content-type:
      - application/json
      date:
      - Mon, 30 Mar 2020 07:23:11 GMT
      expires:
      - '-1'
      pragma:
      - no-cache
      server:
      - Microsoft-Azure-Storage-Resource-Provider/1.0,Microsoft-HTTPAPI/2.0 Microsoft-HTTPAPI/2.0
      strict-transport-security:
      - max-age=31536000; includeSubDomains
      transfer-encoding:
      - chunked
      vary:
      - Accept-Encoding
      x-content-type-options:
      - nosniff
    status:
      code: 200
      message: OK
- request:
    body: null
    headers:
      Accept:
      - application/json
      Accept-Encoding:
      - gzip, deflate
      CommandName:
      - storage account ors-policy rule add
      Connection:
      - keep-alive
      ParameterSetName:
      - -g -n --policy-id -d -s -t
      User-Agent:
      - python/3.7.4 (Windows-10-10.0.18362-SP0) msrest/0.6.10 msrest_azure/0.6.2
        azure-mgmt-storage/7.1.0 Azure-SDK-For-Python AZURECLI/2.2.0
      accept-language:
      - en-US
    method: GET
    uri: https://management.azure.com/subscriptions/00000000-0000-0000-0000-000000000000/resourceGroups/cli_test_storage_account_ors000001/providers/Microsoft.Storage/storageAccounts/clitest000003/objectReplicationPolicies/3a01552e-945c-424a-8ca1-c13cad5a51e8?api-version=2019-06-01
  response:
    body:
      string: '{"id":"/subscriptions/00000000-0000-0000-0000-000000000000/resourceGroups/cli_test_storage_account_ors000001/providers/Microsoft.Storage/storageAccounts/clitest000003/objectReplicationPolicies/3a01552e-945c-424a-8ca1-c13cad5a51e8","name":"3a01552e-945c-424a-8ca1-c13cad5a51e8","type":"Microsoft.Storage/storageAccounts/objectReplicationPolicies","properties":{"policyId":"3a01552e-945c-424a-8ca1-c13cad5a51e8","sourceAccount":"clitest000002","destinationAccount":"clitest000003","rules":[{"ruleId":"8319f1b3-e6fc-4728-9660-296eb37204c6","sourceContainer":"cont000005","destinationContainer":"cont000006","filters":{"minCreationTime":"2020-02-19T16:05:00Z"}}]}}'
    headers:
      cache-control:
      - no-cache
      content-length:
      - '762'
      content-type:
      - application/json
      date:
      - Mon, 30 Mar 2020 07:23:13 GMT
      expires:
      - '-1'
      pragma:
      - no-cache
      server:
      - Microsoft-Azure-Storage-Resource-Provider/1.0,Microsoft-HTTPAPI/2.0 Microsoft-HTTPAPI/2.0
      strict-transport-security:
      - max-age=31536000; includeSubDomains
      transfer-encoding:
      - chunked
      vary:
      - Accept-Encoding
      x-content-type-options:
      - nosniff
    status:
      code: 200
      message: OK
- request:
    body: 'b''b\''{"properties": {"sourceAccount": "clitest000002", "destinationAccount":
      "clitest000003", "rules": [{"ruleId": "8319f1b3-e6fc-4728-9660-296eb37204c6",
      "sourceContainer": "cont000005", "destinationContainer": "cont000006", "filters":
      {"minCreationTime": "2020-02-19T16:05:00Z"}}, {"sourceContainer": "cont000007",
      "destinationContainer": "cont000008", "filters": {"minCreationTime": "2020-02-19T16:05:00Z"}}]}}\'''''
    headers:
      Accept:
      - application/json
      Accept-Encoding:
      - gzip, deflate
      CommandName:
      - storage account ors-policy rule add
      Connection:
      - keep-alive
      Content-Length:
      - '486'
      Content-Type:
      - application/json; charset=utf-8
      ParameterSetName:
      - -g -n --policy-id -d -s -t
      User-Agent:
      - python/3.7.4 (Windows-10-10.0.18362-SP0) msrest/0.6.10 msrest_azure/0.6.2
        azure-mgmt-storage/7.1.0 Azure-SDK-For-Python AZURECLI/2.2.0
      accept-language:
      - en-US
    method: PUT
    uri: https://management.azure.com/subscriptions/00000000-0000-0000-0000-000000000000/resourceGroups/cli_test_storage_account_ors000001/providers/Microsoft.Storage/storageAccounts/clitest000003/objectReplicationPolicies/3a01552e-945c-424a-8ca1-c13cad5a51e8?api-version=2019-06-01
  response:
    body:
      string: '{"id":"/subscriptions/00000000-0000-0000-0000-000000000000/resourceGroups/cli_test_storage_account_ors000001/providers/Microsoft.Storage/storageAccounts/clitest000003/objectReplicationPolicies/3a01552e-945c-424a-8ca1-c13cad5a51e8","name":"3a01552e-945c-424a-8ca1-c13cad5a51e8","type":"Microsoft.Storage/storageAccounts/objectReplicationPolicies","properties":{"policyId":"3a01552e-945c-424a-8ca1-c13cad5a51e8","sourceAccount":"clitest000002","destinationAccount":"clitest000003","rules":[{"ruleId":"8319f1b3-e6fc-4728-9660-296eb37204c6","sourceContainer":"cont000005","destinationContainer":"cont000006","filters":{"minCreationTime":"2020-02-19T16:05:00Z"}},{"ruleId":"34869924-54af-4396-885b-0605ff58f409","sourceContainer":"cont000007","destinationContainer":"cont000008","filters":{"minCreationTime":"2020-02-19T16:05:00Z"}}]}}'
    headers:
      cache-control:
      - no-cache
      content-length:
      - '960'
      content-type:
      - application/json
      date:
      - Mon, 30 Mar 2020 07:23:13 GMT
      expires:
      - '-1'
      pragma:
      - no-cache
      server:
      - Microsoft-Azure-Storage-Resource-Provider/1.0,Microsoft-HTTPAPI/2.0 Microsoft-HTTPAPI/2.0
      strict-transport-security:
      - max-age=31536000; includeSubDomains
      transfer-encoding:
      - chunked
      vary:
      - Accept-Encoding
      x-content-type-options:
      - nosniff
      x-ms-ratelimit-remaining-subscription-writes:
      - '1194'
    status:
      code: 200
      message: OK
- request:
    body: null
    headers:
      Accept:
      - application/json
      Accept-Encoding:
      - gzip, deflate
      CommandName:
      - storage account ors-policy rule list
      Connection:
      - keep-alive
      ParameterSetName:
      - -g -n --policy-id
      User-Agent:
      - python/3.7.4 (Windows-10-10.0.18362-SP0) msrest/0.6.10 msrest_azure/0.6.2
        azure-mgmt-storage/7.1.0 Azure-SDK-For-Python AZURECLI/2.2.0
      accept-language:
      - en-US
    method: GET
    uri: https://management.azure.com/subscriptions/00000000-0000-0000-0000-000000000000/resourceGroups/cli_test_storage_account_ors000001/providers/Microsoft.Storage/storageAccounts/clitest000003/objectReplicationPolicies/3a01552e-945c-424a-8ca1-c13cad5a51e8?api-version=2019-06-01
  response:
    body:
      string: '{"id":"/subscriptions/00000000-0000-0000-0000-000000000000/resourceGroups/cli_test_storage_account_ors000001/providers/Microsoft.Storage/storageAccounts/clitest000003/objectReplicationPolicies/3a01552e-945c-424a-8ca1-c13cad5a51e8","name":"3a01552e-945c-424a-8ca1-c13cad5a51e8","type":"Microsoft.Storage/storageAccounts/objectReplicationPolicies","properties":{"policyId":"3a01552e-945c-424a-8ca1-c13cad5a51e8","sourceAccount":"clitest000002","destinationAccount":"clitest000003","rules":[{"ruleId":"8319f1b3-e6fc-4728-9660-296eb37204c6","sourceContainer":"cont000005","destinationContainer":"cont000006","filters":{"minCreationTime":"2020-02-19T16:05:00Z"}},{"ruleId":"34869924-54af-4396-885b-0605ff58f409","sourceContainer":"cont000007","destinationContainer":"cont000008","filters":{"minCreationTime":"2020-02-19T16:05:00Z"}}]}}'
    headers:
      cache-control:
      - no-cache
      content-length:
      - '960'
      content-type:
      - application/json
      date:
      - Mon, 30 Mar 2020 07:23:16 GMT
      expires:
      - '-1'
      pragma:
      - no-cache
      server:
      - Microsoft-Azure-Storage-Resource-Provider/1.0,Microsoft-HTTPAPI/2.0 Microsoft-HTTPAPI/2.0
      strict-transport-security:
      - max-age=31536000; includeSubDomains
      transfer-encoding:
      - chunked
      vary:
      - Accept-Encoding
      x-content-type-options:
      - nosniff
    status:
      code: 200
      message: OK
- request:
    body: null
    headers:
      Accept:
      - application/json
      Accept-Encoding:
      - gzip, deflate
      CommandName:
      - storage account ors-policy rule update
      Connection:
      - keep-alive
      ParameterSetName:
      - -g -n --policy-id --rule-id --prefix-match -t
      User-Agent:
      - python/3.7.4 (Windows-10-10.0.18362-SP0) msrest/0.6.10 msrest_azure/0.6.2
        azure-mgmt-storage/7.1.0 Azure-SDK-For-Python AZURECLI/2.2.0
      accept-language:
      - en-US
    method: GET
    uri: https://management.azure.com/subscriptions/00000000-0000-0000-0000-000000000000/resourceGroups/cli_test_storage_account_ors000001/providers/Microsoft.Storage/storageAccounts/clitest000003/objectReplicationPolicies/3a01552e-945c-424a-8ca1-c13cad5a51e8?api-version=2019-06-01
  response:
    body:
      string: '{"id":"/subscriptions/00000000-0000-0000-0000-000000000000/resourceGroups/cli_test_storage_account_ors000001/providers/Microsoft.Storage/storageAccounts/clitest000003/objectReplicationPolicies/3a01552e-945c-424a-8ca1-c13cad5a51e8","name":"3a01552e-945c-424a-8ca1-c13cad5a51e8","type":"Microsoft.Storage/storageAccounts/objectReplicationPolicies","properties":{"policyId":"3a01552e-945c-424a-8ca1-c13cad5a51e8","sourceAccount":"clitest000002","destinationAccount":"clitest000003","rules":[{"ruleId":"8319f1b3-e6fc-4728-9660-296eb37204c6","sourceContainer":"cont000005","destinationContainer":"cont000006","filters":{"minCreationTime":"2020-02-19T16:05:00Z"}},{"ruleId":"34869924-54af-4396-885b-0605ff58f409","sourceContainer":"cont000007","destinationContainer":"cont000008","filters":{"minCreationTime":"2020-02-19T16:05:00Z"}}]}}'
    headers:
      cache-control:
      - no-cache
      content-length:
      - '960'
      content-type:
      - application/json
      date:
      - Mon, 30 Mar 2020 07:23:18 GMT
      expires:
      - '-1'
      pragma:
      - no-cache
      server:
      - Microsoft-Azure-Storage-Resource-Provider/1.0,Microsoft-HTTPAPI/2.0 Microsoft-HTTPAPI/2.0
      strict-transport-security:
      - max-age=31536000; includeSubDomains
      transfer-encoding:
      - chunked
      vary:
      - Accept-Encoding
      x-content-type-options:
      - nosniff
    status:
      code: 200
      message: OK
- request:
    body: 'b''b\''{"properties": {"sourceAccount": "clitest000002", "destinationAccount":
      "clitest000003", "rules": [{"ruleId": "8319f1b3-e6fc-4728-9660-296eb37204c6",
      "sourceContainer": "cont000005", "destinationContainer": "cont000006", "filters":
      {"minCreationTime": "2020-02-19T16:05:00Z"}}, {"ruleId": "34869924-54af-4396-885b-0605ff58f409",
      "sourceContainer": "cont000007", "destinationContainer": "cont000008", "filters":
      {"prefixMatch": ["blobA", "blobB"], "minCreationTime": "2020-02-20T16:05:00Z"}}]}}\'''''
    headers:
      Accept:
      - application/json
      Accept-Encoding:
      - gzip, deflate
      CommandName:
      - storage account ors-policy rule update
      Connection:
      - keep-alive
      Content-Length:
      - '571'
      Content-Type:
      - application/json; charset=utf-8
      ParameterSetName:
      - -g -n --policy-id --rule-id --prefix-match -t
      User-Agent:
      - python/3.7.4 (Windows-10-10.0.18362-SP0) msrest/0.6.10 msrest_azure/0.6.2
        azure-mgmt-storage/7.1.0 Azure-SDK-For-Python AZURECLI/2.2.0
      accept-language:
      - en-US
    method: PUT
    uri: https://management.azure.com/subscriptions/00000000-0000-0000-0000-000000000000/resourceGroups/cli_test_storage_account_ors000001/providers/Microsoft.Storage/storageAccounts/clitest000003/objectReplicationPolicies/3a01552e-945c-424a-8ca1-c13cad5a51e8?api-version=2019-06-01
  response:
    body:
      string: '{"id":"/subscriptions/00000000-0000-0000-0000-000000000000/resourceGroups/cli_test_storage_account_ors000001/providers/Microsoft.Storage/storageAccounts/clitest000003/objectReplicationPolicies/3a01552e-945c-424a-8ca1-c13cad5a51e8","name":"3a01552e-945c-424a-8ca1-c13cad5a51e8","type":"Microsoft.Storage/storageAccounts/objectReplicationPolicies","properties":{"policyId":"3a01552e-945c-424a-8ca1-c13cad5a51e8","sourceAccount":"clitest000002","destinationAccount":"clitest000003","rules":[{"ruleId":"8319f1b3-e6fc-4728-9660-296eb37204c6","sourceContainer":"cont000005","destinationContainer":"cont000006","filters":{"minCreationTime":"2020-02-19T16:05:00Z"}},{"ruleId":"34869924-54af-4396-885b-0605ff58f409","sourceContainer":"cont000007","destinationContainer":"cont000008","filters":{"prefixMatch":["blobA","blobB"],"minCreationTime":"2020-02-20T16:05:00Z"}}]}}'
    headers:
      cache-control:
      - no-cache
      content-length:
      - '992'
      content-type:
      - application/json
      date:
      - Mon, 30 Mar 2020 07:23:18 GMT
      expires:
      - '-1'
      pragma:
      - no-cache
      server:
      - Microsoft-Azure-Storage-Resource-Provider/1.0,Microsoft-HTTPAPI/2.0 Microsoft-HTTPAPI/2.0
      strict-transport-security:
      - max-age=31536000; includeSubDomains
      transfer-encoding:
      - chunked
      vary:
      - Accept-Encoding
      x-content-type-options:
      - nosniff
      x-ms-ratelimit-remaining-subscription-writes:
      - '1198'
    status:
      code: 200
      message: OK
- request:
    body: null
    headers:
      Accept:
      - application/json
      Accept-Encoding:
      - gzip, deflate
      CommandName:
      - storage account ors-policy rule update
      Connection:
      - keep-alive
      ParameterSetName:
      - -g -n --policy-id --rule-id --prefix-match -t
      User-Agent:
      - python/3.7.4 (Windows-10-10.0.18362-SP0) msrest/0.6.10 msrest_azure/0.6.2
        azure-mgmt-storage/7.1.0 Azure-SDK-For-Python AZURECLI/2.2.0
      accept-language:
      - en-US
    method: GET
    uri: https://management.azure.com/subscriptions/00000000-0000-0000-0000-000000000000/resourceGroups/cli_test_storage_account_ors000001/providers/Microsoft.Storage/storageAccounts/clitest000003/objectReplicationPolicies/3a01552e-945c-424a-8ca1-c13cad5a51e8?api-version=2019-06-01
  response:
    body:
      string: '{"id":"/subscriptions/00000000-0000-0000-0000-000000000000/resourceGroups/cli_test_storage_account_ors000001/providers/Microsoft.Storage/storageAccounts/clitest000003/objectReplicationPolicies/3a01552e-945c-424a-8ca1-c13cad5a51e8","name":"3a01552e-945c-424a-8ca1-c13cad5a51e8","type":"Microsoft.Storage/storageAccounts/objectReplicationPolicies","properties":{"policyId":"3a01552e-945c-424a-8ca1-c13cad5a51e8","sourceAccount":"clitest000002","destinationAccount":"clitest000003","rules":[{"ruleId":"8319f1b3-e6fc-4728-9660-296eb37204c6","sourceContainer":"cont000005","destinationContainer":"cont000006","filters":{"minCreationTime":"2020-02-19T16:05:00Z"}},{"ruleId":"34869924-54af-4396-885b-0605ff58f409","sourceContainer":"cont000007","destinationContainer":"cont000008","filters":{"prefixMatch":["blobA","blobB"],"minCreationTime":"2020-02-20T16:05:00Z"}}]}}'
    headers:
      cache-control:
      - no-cache
      content-length:
      - '992'
      content-type:
      - application/json
      date:
      - Mon, 30 Mar 2020 07:23:19 GMT
      expires:
      - '-1'
      pragma:
      - no-cache
      server:
      - Microsoft-Azure-Storage-Resource-Provider/1.0,Microsoft-HTTPAPI/2.0 Microsoft-HTTPAPI/2.0
      strict-transport-security:
      - max-age=31536000; includeSubDomains
      transfer-encoding:
      - chunked
      vary:
      - Accept-Encoding
      x-content-type-options:
      - nosniff
    status:
      code: 200
      message: OK
- request:
    body: null
    headers:
      Accept:
      - application/json
      Accept-Encoding:
      - gzip, deflate
      CommandName:
      - storage account ors-policy rule show
      Connection:
      - keep-alive
      ParameterSetName:
      - -g -n --policy-id --rule-id
      User-Agent:
      - python/3.7.4 (Windows-10-10.0.18362-SP0) msrest/0.6.10 msrest_azure/0.6.2
        azure-mgmt-storage/7.1.0 Azure-SDK-For-Python AZURECLI/2.2.0
      accept-language:
      - en-US
    method: GET
    uri: https://management.azure.com/subscriptions/00000000-0000-0000-0000-000000000000/resourceGroups/cli_test_storage_account_ors000001/providers/Microsoft.Storage/storageAccounts/clitest000003/objectReplicationPolicies/3a01552e-945c-424a-8ca1-c13cad5a51e8?api-version=2019-06-01
  response:
    body:
      string: '{"id":"/subscriptions/00000000-0000-0000-0000-000000000000/resourceGroups/cli_test_storage_account_ors000001/providers/Microsoft.Storage/storageAccounts/clitest000003/objectReplicationPolicies/3a01552e-945c-424a-8ca1-c13cad5a51e8","name":"3a01552e-945c-424a-8ca1-c13cad5a51e8","type":"Microsoft.Storage/storageAccounts/objectReplicationPolicies","properties":{"policyId":"3a01552e-945c-424a-8ca1-c13cad5a51e8","sourceAccount":"clitest000002","destinationAccount":"clitest000003","rules":[{"ruleId":"8319f1b3-e6fc-4728-9660-296eb37204c6","sourceContainer":"cont000005","destinationContainer":"cont000006","filters":{"minCreationTime":"2020-02-19T16:05:00Z"}},{"ruleId":"34869924-54af-4396-885b-0605ff58f409","sourceContainer":"cont000007","destinationContainer":"cont000008","filters":{"prefixMatch":["blobA","blobB"],"minCreationTime":"2020-02-20T16:05:00Z"}}]}}'
    headers:
      cache-control:
      - no-cache
      content-length:
      - '992'
      content-type:
      - application/json
      date:
      - Mon, 30 Mar 2020 07:23:20 GMT
      expires:
      - '-1'
      pragma:
      - no-cache
      server:
      - Microsoft-Azure-Storage-Resource-Provider/1.0,Microsoft-HTTPAPI/2.0 Microsoft-HTTPAPI/2.0
      strict-transport-security:
      - max-age=31536000; includeSubDomains
      transfer-encoding:
      - chunked
      vary:
      - Accept-Encoding
      x-content-type-options:
      - nosniff
    status:
      code: 200
      message: OK
- request:
    body: null
    headers:
      Accept:
      - application/json
      Accept-Encoding:
      - gzip, deflate
      CommandName:
      - storage account ors-policy rule remove
      Connection:
      - keep-alive
      ParameterSetName:
      - -g -n --policy-id --rule-id
      User-Agent:
      - python/3.7.4 (Windows-10-10.0.18362-SP0) msrest/0.6.10 msrest_azure/0.6.2
        azure-mgmt-storage/7.1.0 Azure-SDK-For-Python AZURECLI/2.2.0
      accept-language:
      - en-US
    method: GET
    uri: https://management.azure.com/subscriptions/00000000-0000-0000-0000-000000000000/resourceGroups/cli_test_storage_account_ors000001/providers/Microsoft.Storage/storageAccounts/clitest000003/objectReplicationPolicies/3a01552e-945c-424a-8ca1-c13cad5a51e8?api-version=2019-06-01
  response:
    body:
      string: '{"id":"/subscriptions/00000000-0000-0000-0000-000000000000/resourceGroups/cli_test_storage_account_ors000001/providers/Microsoft.Storage/storageAccounts/clitest000003/objectReplicationPolicies/3a01552e-945c-424a-8ca1-c13cad5a51e8","name":"3a01552e-945c-424a-8ca1-c13cad5a51e8","type":"Microsoft.Storage/storageAccounts/objectReplicationPolicies","properties":{"policyId":"3a01552e-945c-424a-8ca1-c13cad5a51e8","sourceAccount":"clitest000002","destinationAccount":"clitest000003","rules":[{"ruleId":"8319f1b3-e6fc-4728-9660-296eb37204c6","sourceContainer":"cont000005","destinationContainer":"cont000006","filters":{"minCreationTime":"2020-02-19T16:05:00Z"}},{"ruleId":"34869924-54af-4396-885b-0605ff58f409","sourceContainer":"cont000007","destinationContainer":"cont000008","filters":{"prefixMatch":["blobA","blobB"],"minCreationTime":"2020-02-20T16:05:00Z"}}]}}'
    headers:
      cache-control:
      - no-cache
      content-length:
      - '992'
      content-type:
      - application/json
      date:
      - Mon, 30 Mar 2020 07:23:21 GMT
      expires:
      - '-1'
      pragma:
      - no-cache
      server:
      - Microsoft-Azure-Storage-Resource-Provider/1.0,Microsoft-HTTPAPI/2.0 Microsoft-HTTPAPI/2.0
      strict-transport-security:
      - max-age=31536000; includeSubDomains
      transfer-encoding:
      - chunked
      vary:
      - Accept-Encoding
      x-content-type-options:
      - nosniff
    status:
      code: 200
      message: OK
- request:
    body: 'b''b\''{"properties": {"sourceAccount": "clitest000002", "destinationAccount":
      "clitest000003", "rules": [{"ruleId": "8319f1b3-e6fc-4728-9660-296eb37204c6",
      "sourceContainer": "cont000005", "destinationContainer": "cont000006", "filters":
      {"minCreationTime": "2020-02-19T16:05:00Z"}}]}}\'''''
    headers:
      Accept:
      - application/json
      Accept-Encoding:
      - gzip, deflate
      CommandName:
      - storage account ors-policy rule remove
      Connection:
      - keep-alive
      Content-Length:
      - '329'
      Content-Type:
      - application/json; charset=utf-8
      ParameterSetName:
      - -g -n --policy-id --rule-id
      User-Agent:
      - python/3.7.4 (Windows-10-10.0.18362-SP0) msrest/0.6.10 msrest_azure/0.6.2
        azure-mgmt-storage/7.1.0 Azure-SDK-For-Python AZURECLI/2.2.0
      accept-language:
      - en-US
    method: PUT
    uri: https://management.azure.com/subscriptions/00000000-0000-0000-0000-000000000000/resourceGroups/cli_test_storage_account_ors000001/providers/Microsoft.Storage/storageAccounts/clitest000003/objectReplicationPolicies/3a01552e-945c-424a-8ca1-c13cad5a51e8?api-version=2019-06-01
  response:
    body:
      string: '{"id":"/subscriptions/00000000-0000-0000-0000-000000000000/resourceGroups/cli_test_storage_account_ors000001/providers/Microsoft.Storage/storageAccounts/clitest000003/objectReplicationPolicies/3a01552e-945c-424a-8ca1-c13cad5a51e8","name":"3a01552e-945c-424a-8ca1-c13cad5a51e8","type":"Microsoft.Storage/storageAccounts/objectReplicationPolicies","properties":{"policyId":"3a01552e-945c-424a-8ca1-c13cad5a51e8","sourceAccount":"clitest000002","destinationAccount":"clitest000003","rules":[{"ruleId":"8319f1b3-e6fc-4728-9660-296eb37204c6","sourceContainer":"cont000005","destinationContainer":"cont000006","filters":{"minCreationTime":"2020-02-19T16:05:00Z"}}]}}'
    headers:
      cache-control:
      - no-cache
      content-length:
      - '762'
      content-type:
      - application/json
      date:
      - Mon, 30 Mar 2020 07:23:22 GMT
      expires:
      - '-1'
      pragma:
      - no-cache
      server:
      - Microsoft-Azure-Storage-Resource-Provider/1.0,Microsoft-HTTPAPI/2.0 Microsoft-HTTPAPI/2.0
      strict-transport-security:
      - max-age=31536000; includeSubDomains
      transfer-encoding:
      - chunked
      vary:
      - Accept-Encoding
      x-content-type-options:
      - nosniff
      x-ms-ratelimit-remaining-subscription-writes:
      - '1195'
    status:
      code: 200
      message: OK
- request:
    body: null
    headers:
      Accept:
      - application/json
      Accept-Encoding:
      - gzip, deflate
      CommandName:
      - storage account ors-policy rule list
      Connection:
      - keep-alive
      ParameterSetName:
      - -g -n --policy-id
      User-Agent:
      - python/3.7.4 (Windows-10-10.0.18362-SP0) msrest/0.6.10 msrest_azure/0.6.2
        azure-mgmt-storage/7.1.0 Azure-SDK-For-Python AZURECLI/2.2.0
      accept-language:
      - en-US
    method: GET
    uri: https://management.azure.com/subscriptions/00000000-0000-0000-0000-000000000000/resourceGroups/cli_test_storage_account_ors000001/providers/Microsoft.Storage/storageAccounts/clitest000003/objectReplicationPolicies/3a01552e-945c-424a-8ca1-c13cad5a51e8?api-version=2019-06-01
  response:
    body:
      string: '{"id":"/subscriptions/00000000-0000-0000-0000-000000000000/resourceGroups/cli_test_storage_account_ors000001/providers/Microsoft.Storage/storageAccounts/clitest000003/objectReplicationPolicies/3a01552e-945c-424a-8ca1-c13cad5a51e8","name":"3a01552e-945c-424a-8ca1-c13cad5a51e8","type":"Microsoft.Storage/storageAccounts/objectReplicationPolicies","properties":{"policyId":"3a01552e-945c-424a-8ca1-c13cad5a51e8","sourceAccount":"clitest000002","destinationAccount":"clitest000003","rules":[{"ruleId":"8319f1b3-e6fc-4728-9660-296eb37204c6","sourceContainer":"cont000005","destinationContainer":"cont000006","filters":{"minCreationTime":"2020-02-19T16:05:00Z"}}]}}'
    headers:
      cache-control:
      - no-cache
      content-length:
      - '762'
      content-type:
      - application/json
      date:
      - Mon, 30 Mar 2020 07:23:24 GMT
      expires:
      - '-1'
      pragma:
      - no-cache
      server:
      - Microsoft-Azure-Storage-Resource-Provider/1.0,Microsoft-HTTPAPI/2.0 Microsoft-HTTPAPI/2.0
      strict-transport-security:
      - max-age=31536000; includeSubDomains
      transfer-encoding:
      - chunked
      vary:
      - Accept-Encoding
      x-content-type-options:
      - nosniff
    status:
      code: 200
      message: OK
- request:
    body: null
    headers:
      Accept:
      - application/json
      Accept-Encoding:
      - gzip, deflate
      CommandName:
      - storage account ors-policy show
      Connection:
      - keep-alive
      ParameterSetName:
      - -g -n --policy-id
      User-Agent:
      - python/3.7.4 (Windows-10-10.0.18362-SP0) msrest/0.6.10 msrest_azure/0.6.2
        azure-mgmt-storage/7.1.0 Azure-SDK-For-Python AZURECLI/2.2.0
      accept-language:
      - en-US
    method: GET
    uri: https://management.azure.com/subscriptions/00000000-0000-0000-0000-000000000000/resourceGroups/cli_test_storage_account_ors000001/providers/Microsoft.Storage/storageAccounts/clitest000003/objectReplicationPolicies/3a01552e-945c-424a-8ca1-c13cad5a51e8?api-version=2019-06-01
  response:
    body:
      string: '{"id":"/subscriptions/00000000-0000-0000-0000-000000000000/resourceGroups/cli_test_storage_account_ors000001/providers/Microsoft.Storage/storageAccounts/clitest000003/objectReplicationPolicies/3a01552e-945c-424a-8ca1-c13cad5a51e8","name":"3a01552e-945c-424a-8ca1-c13cad5a51e8","type":"Microsoft.Storage/storageAccounts/objectReplicationPolicies","properties":{"policyId":"3a01552e-945c-424a-8ca1-c13cad5a51e8","sourceAccount":"clitest000002","destinationAccount":"clitest000003","rules":[{"ruleId":"8319f1b3-e6fc-4728-9660-296eb37204c6","sourceContainer":"cont000005","destinationContainer":"cont000006","filters":{"minCreationTime":"2020-02-19T16:05:00Z"}}]}}'
    headers:
      cache-control:
      - no-cache
      content-length:
      - '762'
      content-type:
      - application/json
      date:
      - Mon, 30 Mar 2020 07:23:25 GMT
      expires:
      - '-1'
      pragma:
      - no-cache
      server:
      - Microsoft-Azure-Storage-Resource-Provider/1.0,Microsoft-HTTPAPI/2.0 Microsoft-HTTPAPI/2.0
      strict-transport-security:
      - max-age=31536000; includeSubDomains
      transfer-encoding:
      - chunked
      vary:
      - Accept-Encoding
      x-content-type-options:
      - nosniff
    status:
      code: 200
      message: OK
- request:
    body: 'b''b\''{"properties": {"sourceAccount": "clitest000002", "destinationAccount":
      "clitest000003", "rules": [{"ruleId": "8319f1b3-e6fc-4728-9660-296eb37204c6",
      "sourceContainer": "cont000005", "destinationContainer": "cont000006", "filters":
      {"minCreationTime": "2020-02-19T16:05:00Z"}}]}}\'''''
    headers:
      Accept:
      - application/json
      Accept-Encoding:
      - gzip, deflate
      CommandName:
      - storage account ors-policy create
      Connection:
      - keep-alive
      Content-Length:
      - '329'
      Content-Type:
      - application/json; charset=utf-8
      ParameterSetName:
      - -g -n -p
      User-Agent:
      - python/3.7.4 (Windows-10-10.0.18362-SP0) msrest/0.6.10 msrest_azure/0.6.2
        azure-mgmt-storage/7.1.0 Azure-SDK-For-Python AZURECLI/2.2.0
      accept-language:
      - en-US
    method: PUT
    uri: https://management.azure.com/subscriptions/00000000-0000-0000-0000-000000000000/resourceGroups/cli_test_storage_account_ors000001/providers/Microsoft.Storage/storageAccounts/clitest000002/objectReplicationPolicies/3a01552e-945c-424a-8ca1-c13cad5a51e8?api-version=2019-06-01
  response:
    body:
      string: '{"id":"/subscriptions/00000000-0000-0000-0000-000000000000/resourceGroups/cli_test_storage_account_ors000001/providers/Microsoft.Storage/storageAccounts/clitest000002/objectReplicationPolicies/3a01552e-945c-424a-8ca1-c13cad5a51e8","name":"3a01552e-945c-424a-8ca1-c13cad5a51e8","type":"Microsoft.Storage/storageAccounts/objectReplicationPolicies","properties":{"policyId":"3a01552e-945c-424a-8ca1-c13cad5a51e8","enabledTime":"2020-03-30T07:23:27.8867253Z","sourceAccount":"clitest000002","destinationAccount":"clitest000003","rules":[{"ruleId":"8319f1b3-e6fc-4728-9660-296eb37204c6","sourceContainer":"cont000005","destinationContainer":"cont000006","filters":{"minCreationTime":"2020-02-19T16:05:00Z"}}]}}'
    headers:
      cache-control:
      - no-cache
      content-length:
      - '807'
      content-type:
      - application/json
      date:
      - Mon, 30 Mar 2020 07:23:27 GMT
      expires:
      - '-1'
      pragma:
      - no-cache
      server:
      - Microsoft-Azure-Storage-Resource-Provider/1.0,Microsoft-HTTPAPI/2.0 Microsoft-HTTPAPI/2.0
      strict-transport-security:
      - max-age=31536000; includeSubDomains
      transfer-encoding:
      - chunked
      vary:
      - Accept-Encoding
      x-content-type-options:
      - nosniff
      x-ms-ratelimit-remaining-subscription-writes:
      - '1196'
    status:
      code: 200
      message: OK
- request:
    body: null
    headers:
      Accept:
      - application/json
      Accept-Encoding:
      - gzip, deflate
      CommandName:
      - storage account ors-policy update
      Connection:
      - keep-alive
      ParameterSetName:
      - -g -n --policy-id --source-account
      User-Agent:
      - python/3.7.4 (Windows-10-10.0.18362-SP0) msrest/0.6.10 msrest_azure/0.6.2
        azure-mgmt-storage/7.1.0 Azure-SDK-For-Python AZURECLI/2.2.0
      accept-language:
      - en-US
    method: GET
    uri: https://management.azure.com/subscriptions/00000000-0000-0000-0000-000000000000/resourceGroups/cli_test_storage_account_ors000001/providers/Microsoft.Storage/storageAccounts/clitest000003/objectReplicationPolicies/3a01552e-945c-424a-8ca1-c13cad5a51e8?api-version=2019-06-01
  response:
    body:
      string: '{"id":"/subscriptions/00000000-0000-0000-0000-000000000000/resourceGroups/cli_test_storage_account_ors000001/providers/Microsoft.Storage/storageAccounts/clitest000003/objectReplicationPolicies/3a01552e-945c-424a-8ca1-c13cad5a51e8","name":"3a01552e-945c-424a-8ca1-c13cad5a51e8","type":"Microsoft.Storage/storageAccounts/objectReplicationPolicies","properties":{"policyId":"3a01552e-945c-424a-8ca1-c13cad5a51e8","sourceAccount":"clitest000002","destinationAccount":"clitest000003","rules":[{"ruleId":"8319f1b3-e6fc-4728-9660-296eb37204c6","sourceContainer":"cont000005","destinationContainer":"cont000006","filters":{"minCreationTime":"2020-02-19T16:05:00Z"}}]}}'
    headers:
      cache-control:
      - no-cache
      content-length:
      - '762'
      content-type:
      - application/json
      date:
      - Mon, 30 Mar 2020 07:23:28 GMT
      expires:
      - '-1'
      pragma:
      - no-cache
      server:
      - Microsoft-Azure-Storage-Resource-Provider/1.0,Microsoft-HTTPAPI/2.0 Microsoft-HTTPAPI/2.0
      strict-transport-security:
      - max-age=31536000; includeSubDomains
      transfer-encoding:
      - chunked
      vary:
      - Accept-Encoding
      x-content-type-options:
      - nosniff
    status:
      code: 200
      message: OK
- request:
    body: 'b''b\''{"properties": {"sourceAccount": "clitest000004", "destinationAccount":
      "clitest000003", "rules": [{"ruleId": "8319f1b3-e6fc-4728-9660-296eb37204c6",
      "sourceContainer": "cont000005", "destinationContainer": "cont000006", "filters":
      {"minCreationTime": "2020-02-19T16:05:00Z"}}]}}\'''''
    headers:
      Accept:
      - application/json
      Accept-Encoding:
      - gzip, deflate
      CommandName:
      - storage account ors-policy update
      Connection:
      - keep-alive
      Content-Length:
      - '329'
      Content-Type:
      - application/json; charset=utf-8
      ParameterSetName:
      - -g -n --policy-id --source-account
      User-Agent:
      - python/3.7.4 (Windows-10-10.0.18362-SP0) msrest/0.6.10 msrest_azure/0.6.2
        azure-mgmt-storage/7.1.0 Azure-SDK-For-Python AZURECLI/2.2.0
      accept-language:
      - en-US
    method: PUT
    uri: https://management.azure.com/subscriptions/00000000-0000-0000-0000-000000000000/resourceGroups/cli_test_storage_account_ors000001/providers/Microsoft.Storage/storageAccounts/clitest000003/objectReplicationPolicies/3a01552e-945c-424a-8ca1-c13cad5a51e8?api-version=2019-06-01
  response:
    body:
      string: '{"id":"/subscriptions/00000000-0000-0000-0000-000000000000/resourceGroups/cli_test_storage_account_ors000001/providers/Microsoft.Storage/storageAccounts/clitest000003/objectReplicationPolicies/3a01552e-945c-424a-8ca1-c13cad5a51e8","name":"3a01552e-945c-424a-8ca1-c13cad5a51e8","type":"Microsoft.Storage/storageAccounts/objectReplicationPolicies","properties":{"policyId":"3a01552e-945c-424a-8ca1-c13cad5a51e8","sourceAccount":"clitest000004","destinationAccount":"clitest000003","rules":[{"ruleId":"8319f1b3-e6fc-4728-9660-296eb37204c6","sourceContainer":"cont000005","destinationContainer":"cont000006","filters":{"minCreationTime":"2020-02-19T16:05:00Z"}}]}}'
    headers:
      cache-control:
      - no-cache
      content-length:
      - '762'
      content-type:
      - application/json
      date:
      - Mon, 30 Mar 2020 07:23:29 GMT
      expires:
      - '-1'
      pragma:
      - no-cache
      server:
      - Microsoft-Azure-Storage-Resource-Provider/1.0,Microsoft-HTTPAPI/2.0 Microsoft-HTTPAPI/2.0
      strict-transport-security:
      - max-age=31536000; includeSubDomains
      transfer-encoding:
      - chunked
      vary:
      - Accept-Encoding
      x-content-type-options:
      - nosniff
      x-ms-ratelimit-remaining-subscription-writes:
      - '1193'
    status:
      code: 200
      message: OK
- request:
    body: null
    headers:
      Accept:
      - application/json
      Accept-Encoding:
      - gzip, deflate
      CommandName:
      - storage account ors-policy remove
      Connection:
      - keep-alive
      Content-Length:
      - '0'
      ParameterSetName:
      - -g -n --policy-id
      User-Agent:
      - python/3.7.4 (Windows-10-10.0.18362-SP0) msrest/0.6.10 msrest_azure/0.6.2
        azure-mgmt-storage/7.1.0 Azure-SDK-For-Python AZURECLI/2.2.0
      accept-language:
      - en-US
    method: DELETE
    uri: https://management.azure.com/subscriptions/00000000-0000-0000-0000-000000000000/resourceGroups/cli_test_storage_account_ors000001/providers/Microsoft.Storage/storageAccounts/clitest000002/objectReplicationPolicies/3a01552e-945c-424a-8ca1-c13cad5a51e8?api-version=2019-06-01
  response:
    body:
      string: ''
    headers:
      cache-control:
      - no-cache
      content-length:
      - '0'
      content-type:
      - text/plain; charset=utf-8
      date:
      - Mon, 30 Mar 2020 07:23:31 GMT
      expires:
      - '-1'
      pragma:
      - no-cache
      server:
      - Microsoft-Azure-Storage-Resource-Provider/1.0,Microsoft-HTTPAPI/2.0 Microsoft-HTTPAPI/2.0
      strict-transport-security:
      - max-age=31536000; includeSubDomains
      x-content-type-options:
      - nosniff
      x-ms-ratelimit-remaining-subscription-deletes:
      - '14999'
    status:
      code: 200
      message: OK
- request:
    body: null
    headers:
      Accept:
      - application/json
      Accept-Encoding:
      - gzip, deflate
      CommandName:
      - storage account ors-policy list
      Connection:
      - keep-alive
      ParameterSetName:
      - -g -n
      User-Agent:
      - python/3.7.4 (Windows-10-10.0.18362-SP0) msrest/0.6.10 msrest_azure/0.6.2
        azure-mgmt-storage/7.1.0 Azure-SDK-For-Python AZURECLI/2.2.0
      accept-language:
      - en-US
    method: GET
    uri: https://management.azure.com/subscriptions/00000000-0000-0000-0000-000000000000/resourceGroups/cli_test_storage_account_ors000001/providers/Microsoft.Storage/storageAccounts/clitest000002/objectReplicationPolicies?api-version=2019-06-01
  response:
    body:
      string: '{"value":[]}'
    headers:
      cache-control:
      - no-cache
      content-length:
      - '12'
      content-type:
      - application/json
      date:
      - Mon, 30 Mar 2020 07:23:31 GMT
      expires:
      - '-1'
      pragma:
      - no-cache
      server:
      - Microsoft-Azure-Storage-Resource-Provider/1.0,Microsoft-HTTPAPI/2.0 Microsoft-HTTPAPI/2.0
      strict-transport-security:
      - max-age=31536000; includeSubDomains
      transfer-encoding:
      - chunked
      vary:
      - Accept-Encoding
      x-content-type-options:
      - nosniff
    status:
      code: 200
      message: OK
- request:
    body: null
    headers:
      Accept:
      - application/json
      Accept-Encoding:
      - gzip, deflate
      CommandName:
      - storage account ors-policy remove
      Connection:
      - keep-alive
      Content-Length:
      - '0'
      ParameterSetName:
      - -g -n --policy-id
      User-Agent:
      - python/3.7.4 (Windows-10-10.0.18362-SP0) msrest/0.6.10 msrest_azure/0.6.2
        azure-mgmt-storage/7.1.0 Azure-SDK-For-Python AZURECLI/2.2.0
      accept-language:
      - en-US
    method: DELETE
    uri: https://management.azure.com/subscriptions/00000000-0000-0000-0000-000000000000/resourceGroups/cli_test_storage_account_ors000001/providers/Microsoft.Storage/storageAccounts/clitest000003/objectReplicationPolicies/3a01552e-945c-424a-8ca1-c13cad5a51e8?api-version=2019-06-01
  response:
    body:
      string: ''
    headers:
      cache-control:
      - no-cache
      content-length:
      - '0'
      content-type:
      - text/plain; charset=utf-8
      date:
      - Mon, 30 Mar 2020 07:23:34 GMT
      expires:
      - '-1'
      pragma:
      - no-cache
      server:
      - Microsoft-Azure-Storage-Resource-Provider/1.0,Microsoft-HTTPAPI/2.0 Microsoft-HTTPAPI/2.0
      strict-transport-security:
      - max-age=31536000; includeSubDomains
      x-content-type-options:
      - nosniff
      x-ms-ratelimit-remaining-subscription-deletes:
      - '14999'
    status:
      code: 200
      message: OK
- request:
    body: null
    headers:
      Accept:
      - application/json
      Accept-Encoding:
      - gzip, deflate
      CommandName:
      - storage account ors-policy list
      Connection:
      - keep-alive
      ParameterSetName:
      - -g -n
      User-Agent:
      - python/3.7.4 (Windows-10-10.0.18362-SP0) msrest/0.6.10 msrest_azure/0.6.2
        azure-mgmt-storage/7.1.0 Azure-SDK-For-Python AZURECLI/2.2.0
      accept-language:
      - en-US
    method: GET
    uri: https://management.azure.com/subscriptions/00000000-0000-0000-0000-000000000000/resourceGroups/cli_test_storage_account_ors000001/providers/Microsoft.Storage/storageAccounts/clitest000003/objectReplicationPolicies?api-version=2019-06-01
  response:
    body:
      string: '{"value":[]}'
    headers:
      cache-control:
      - no-cache
      content-length:
      - '12'
      content-type:
      - application/json
      date:
      - Mon, 30 Mar 2020 07:23:35 GMT
      expires:
      - '-1'
      pragma:
      - no-cache
      server:
      - Microsoft-Azure-Storage-Resource-Provider/1.0,Microsoft-HTTPAPI/2.0 Microsoft-HTTPAPI/2.0
      strict-transport-security:
      - max-age=31536000; includeSubDomains
      transfer-encoding:
      - chunked
      vary:
      - Accept-Encoding
      x-content-type-options:
      - nosniff
    status:
      code: 200
      message: OK
version: 1
