interactions:
- request:
    body: null
    headers:
      Accept:
      - application/json
      Accept-Encoding:
      - gzip, deflate
      CommandName:
      - storage account keys list
      Connection:
      - keep-alive
      Content-Length:
      - '0'
      ParameterSetName:
      - -n -g --query -o
      User-Agent:
      - python/3.7.4 (Windows-10-10.0.18362-SP0) msrest/0.6.10 msrest_azure/0.6.2
        azure-mgmt-storage/7.1.0 Azure-SDK-For-Python AZURECLI/2.0.80
      accept-language:
      - en-US
    method: POST
    uri: https://management.azure.com/subscriptions/00000000-0000-0000-0000-000000000000/resourceGroups/cli_test_storage_account_ors000001/providers/Microsoft.Storage/storageAccounts/clitest000002/listKeys?api-version=2019-06-01
  response:
    body:
      string: '{"keys":[{"keyName":"key1","value":"veryFakedStorageAccountKey==","permissions":"FULL"},{"keyName":"key2","value":"veryFakedStorageAccountKey==","permissions":"FULL"}]}'
    headers:
      cache-control:
      - no-cache
      content-length:
      - '288'
      content-type:
      - application/json
      date:
      - Tue, 04 Feb 2020 13:34:17 GMT
      expires:
      - '-1'
      pragma:
      - no-cache
      server:
      - Microsoft-Azure-Storage-Resource-Provider/1.0,Microsoft-HTTPAPI/2.0 Microsoft-HTTPAPI/2.0
      strict-transport-security:
      - max-age=31536000; includeSubDomains
      transfer-encoding:
      - chunked
      vary:
      - Accept-Encoding
      x-content-type-options:
      - nosniff
      x-ms-ratelimit-remaining-subscription-resource-requests:
      - '11999'
    status:
      code: 200
      message: OK
- request:
    body: null
    headers:
      Connection:
      - keep-alive
      Content-Length:
      - '0'
      User-Agent:
      - Azure-Storage/2.0.0-2.0.1 (Python CPython 3.7.4; Windows 10) AZURECLI/2.0.80
      x-ms-date:
      - Tue, 04 Feb 2020 13:34:18 GMT
      x-ms-version:
      - '2018-11-09'
    method: PUT
    uri: https://clitest000002.blob.core.windows.net/cont000005?restype=container
  response:
    body:
      string: ''
    headers:
      content-length:
      - '0'
      date:
      - Tue, 04 Feb 2020 13:34:18 GMT
      etag:
      - '"0x8D7A976F018B51E"'
      last-modified:
      - Tue, 04 Feb 2020 13:34:19 GMT
      server:
      - Windows-Azure-Blob/1.0 Microsoft-HTTPAPI/2.0
      x-ms-version:
      - '2018-11-09'
    status:
      code: 201
      message: Created
- request:
    body: null
    headers:
      Accept:
      - application/json
      Accept-Encoding:
      - gzip, deflate
      CommandName:
      - storage account keys list
      Connection:
      - keep-alive
      Content-Length:
      - '0'
      ParameterSetName:
      - -n -g --query -o
      User-Agent:
      - python/3.7.4 (Windows-10-10.0.18362-SP0) msrest/0.6.10 msrest_azure/0.6.2
        azure-mgmt-storage/7.1.0 Azure-SDK-For-Python AZURECLI/2.0.80
      accept-language:
      - en-US
    method: POST
    uri: https://management.azure.com/subscriptions/00000000-0000-0000-0000-000000000000/resourceGroups/cli_test_storage_account_ors000001/providers/Microsoft.Storage/storageAccounts/clitest000003/listKeys?api-version=2019-06-01
  response:
    body:
      string: '{"keys":[{"keyName":"key1","value":"veryFakedStorageAccountKey==","permissions":"FULL"},{"keyName":"key2","value":"veryFakedStorageAccountKey==","permissions":"FULL"}]}'
    headers:
      cache-control:
      - no-cache
      content-length:
      - '288'
      content-type:
      - application/json
      date:
      - Tue, 04 Feb 2020 13:34:20 GMT
      expires:
      - '-1'
      pragma:
      - no-cache
      server:
      - Microsoft-Azure-Storage-Resource-Provider/1.0,Microsoft-HTTPAPI/2.0 Microsoft-HTTPAPI/2.0
      strict-transport-security:
      - max-age=31536000; includeSubDomains
      transfer-encoding:
      - chunked
      vary:
      - Accept-Encoding
      x-content-type-options:
      - nosniff
      x-ms-ratelimit-remaining-subscription-resource-requests:
      - '11997'
    status:
      code: 200
      message: OK
- request:
    body: null
    headers:
      Connection:
      - keep-alive
      Content-Length:
      - '0'
      User-Agent:
      - Azure-Storage/2.0.0-2.0.1 (Python CPython 3.7.4; Windows 10) AZURECLI/2.0.80
      x-ms-date:
      - Tue, 04 Feb 2020 13:34:21 GMT
      x-ms-version:
      - '2018-11-09'
    method: PUT
    uri: https://clitest000003.blob.core.windows.net/cont000006?restype=container
  response:
    body:
      string: ''
    headers:
      content-length:
      - '0'
      date:
      - Tue, 04 Feb 2020 13:34:21 GMT
      etag:
      - '"0x8D7A976F19B4040"'
      last-modified:
      - Tue, 04 Feb 2020 13:34:22 GMT
      server:
      - Windows-Azure-Blob/1.0 Microsoft-HTTPAPI/2.0
      x-ms-version:
      - '2018-11-09'
    status:
      code: 201
      message: Created
- request:
    body: null
    headers:
      Accept:
      - application/json
      Accept-Encoding:
      - gzip, deflate
      CommandName:
      - storage account blob-service-properties update
      Connection:
      - keep-alive
      ParameterSetName:
      - -n -g --enable-change-feed
      User-Agent:
      - python/3.7.4 (Windows-10-10.0.18362-SP0) msrest/0.6.10 msrest_azure/0.6.2
        azure-mgmt-storage/7.1.0 Azure-SDK-For-Python AZURECLI/2.0.80
      accept-language:
      - en-US
    method: GET
    uri: https://management.azure.com/subscriptions/00000000-0000-0000-0000-000000000000/resourceGroups/cli_test_storage_account_ors000001/providers/Microsoft.Storage/storageAccounts/clitest000002/blobServices/default?api-version=2019-06-01
  response:
    body:
      string: '{"sku":{"name":"Standard_LRS"},"id":"/subscriptions/00000000-0000-0000-0000-000000000000/resourceGroups/cli_test_storage_account_ors000001/providers/Microsoft.Storage/storageAccounts/clitest000002/blobServices/default","name":"default","type":"Microsoft.Storage/storageAccounts/blobServices","properties":{"cors":{"corsRules":[]},"deleteRetentionPolicy":{"enabled":false}}}'
    headers:
      cache-control:
      - no-cache
      content-length:
      - '425'
      content-type:
      - application/json
      date:
      - Tue, 04 Feb 2020 13:34:23 GMT
      expires:
      - '-1'
      pragma:
      - no-cache
      server:
      - Microsoft-Azure-Storage-Resource-Provider/1.0,Microsoft-HTTPAPI/2.0 Microsoft-HTTPAPI/2.0
      strict-transport-security:
      - max-age=31536000; includeSubDomains
      transfer-encoding:
      - chunked
      vary:
      - Accept-Encoding
      x-content-type-options:
      - nosniff
    status:
      code: 200
      message: OK
- request:
    body: '{"properties": {"cors": {"corsRules": []}, "deleteRetentionPolicy": {"enabled":
      false}, "changeFeed": {"enabled": true}}}'
    headers:
      Accept:
      - application/json
      Accept-Encoding:
      - gzip, deflate
      CommandName:
      - storage account blob-service-properties update
      Connection:
      - keep-alive
      Content-Length:
      - '121'
      Content-Type:
      - application/json; charset=utf-8
      ParameterSetName:
      - -n -g --enable-change-feed
      User-Agent:
      - python/3.7.4 (Windows-10-10.0.18362-SP0) msrest/0.6.10 msrest_azure/0.6.2
        azure-mgmt-storage/7.1.0 Azure-SDK-For-Python AZURECLI/2.0.80
      accept-language:
      - en-US
    method: PUT
    uri: https://management.azure.com/subscriptions/00000000-0000-0000-0000-000000000000/resourceGroups/cli_test_storage_account_ors000001/providers/Microsoft.Storage/storageAccounts/clitest000002/blobServices/default?api-version=2019-06-01
  response:
    body:
      string: '{"id":"/subscriptions/00000000-0000-0000-0000-000000000000/resourceGroups/cli_test_storage_account_ors000001/providers/Microsoft.Storage/storageAccounts/clitest000002/blobServices/default","name":"default","type":"Microsoft.Storage/storageAccounts/blobServices","properties":{"changeFeed":{"enabled":true},"cors":{"corsRules":[]},"deleteRetentionPolicy":{"enabled":false}}}'
    headers:
      cache-control:
      - no-cache
      content-length:
      - '425'
      content-type:
      - application/json
      date:
      - Tue, 04 Feb 2020 13:34:24 GMT
      expires:
      - '-1'
      pragma:
      - no-cache
      server:
      - Microsoft-Azure-Storage-Resource-Provider/1.0,Microsoft-HTTPAPI/2.0 Microsoft-HTTPAPI/2.0
      strict-transport-security:
      - max-age=31536000; includeSubDomains
      transfer-encoding:
      - chunked
      vary:
      - Accept-Encoding
      x-content-type-options:
      - nosniff
      x-ms-ratelimit-remaining-subscription-writes:
      - '1192'
    status:
      code: 200
      message: OK
- request:
    body: null
    headers:
      Accept:
      - application/json
      Accept-Encoding:
      - gzip, deflate
      CommandName:
      - storage account blob-service-properties update
      Connection:
      - keep-alive
      ParameterSetName:
      - -n -g --enable-change-feed
      User-Agent:
      - python/3.7.4 (Windows-10-10.0.18362-SP0) msrest/0.6.10 msrest_azure/0.6.2
        azure-mgmt-storage/7.1.0 Azure-SDK-For-Python AZURECLI/2.0.80
      accept-language:
      - en-US
    method: GET
    uri: https://management.azure.com/subscriptions/00000000-0000-0000-0000-000000000000/resourceGroups/cli_test_storage_account_ors000001/providers/Microsoft.Storage/storageAccounts/clitest000003/blobServices/default?api-version=2019-06-01
  response:
    body:
      string: '{"sku":{"name":"Standard_LRS"},"id":"/subscriptions/00000000-0000-0000-0000-000000000000/resourceGroups/cli_test_storage_account_ors000001/providers/Microsoft.Storage/storageAccounts/clitest000003/blobServices/default","name":"default","type":"Microsoft.Storage/storageAccounts/blobServices","properties":{"cors":{"corsRules":[]},"deleteRetentionPolicy":{"enabled":false}}}'
    headers:
      cache-control:
      - no-cache
      content-length:
      - '425'
      content-type:
      - application/json
      date:
      - Tue, 04 Feb 2020 13:34:27 GMT
      expires:
      - '-1'
      pragma:
      - no-cache
      server:
      - Microsoft-Azure-Storage-Resource-Provider/1.0,Microsoft-HTTPAPI/2.0 Microsoft-HTTPAPI/2.0
      strict-transport-security:
      - max-age=31536000; includeSubDomains
      transfer-encoding:
      - chunked
      vary:
      - Accept-Encoding
      x-content-type-options:
      - nosniff
    status:
      code: 200
      message: OK
- request:
    body: '{"properties": {"cors": {"corsRules": []}, "deleteRetentionPolicy": {"enabled":
      false}, "changeFeed": {"enabled": true}}}'
    headers:
      Accept:
      - application/json
      Accept-Encoding:
      - gzip, deflate
      CommandName:
      - storage account blob-service-properties update
      Connection:
      - keep-alive
      Content-Length:
      - '121'
      Content-Type:
      - application/json; charset=utf-8
      ParameterSetName:
      - -n -g --enable-change-feed
      User-Agent:
      - python/3.7.4 (Windows-10-10.0.18362-SP0) msrest/0.6.10 msrest_azure/0.6.2
        azure-mgmt-storage/7.1.0 Azure-SDK-For-Python AZURECLI/2.0.80
      accept-language:
      - en-US
    method: PUT
    uri: https://management.azure.com/subscriptions/00000000-0000-0000-0000-000000000000/resourceGroups/cli_test_storage_account_ors000001/providers/Microsoft.Storage/storageAccounts/clitest000003/blobServices/default?api-version=2019-06-01
  response:
    body:
      string: '{"id":"/subscriptions/00000000-0000-0000-0000-000000000000/resourceGroups/cli_test_storage_account_ors000001/providers/Microsoft.Storage/storageAccounts/clitest000003/blobServices/default","name":"default","type":"Microsoft.Storage/storageAccounts/blobServices","properties":{"changeFeed":{"enabled":true},"cors":{"corsRules":[]},"deleteRetentionPolicy":{"enabled":false}}}'
    headers:
      cache-control:
      - no-cache
      content-length:
      - '425'
      content-type:
      - application/json
      date:
      - Tue, 04 Feb 2020 13:34:33 GMT
      expires:
      - '-1'
      pragma:
      - no-cache
      server:
      - Microsoft-Azure-Storage-Resource-Provider/1.0,Microsoft-HTTPAPI/2.0 Microsoft-HTTPAPI/2.0
      strict-transport-security:
      - max-age=31536000; includeSubDomains
      transfer-encoding:
      - chunked
      vary:
      - Accept-Encoding
      x-content-type-options:
      - nosniff
      x-ms-ratelimit-remaining-subscription-writes:
      - '1199'
    status:
      code: 200
      message: OK
- request:
    body: 'b''b\''{"properties": {"sourceAccount": "clitest000002", "destinationAccount":
      "clitest000003", "rules": [{"sourceContainer": "cont000005", "destinationContainer":
      "cont000006", "filters": {}}]}}\'''''
    headers:
      Accept:
      - application/json
      Accept-Encoding:
      - gzip, deflate
      CommandName:
      - storage account ors-policy create
      Connection:
      - keep-alive
      Content-Length:
      - '238'
      Content-Type:
      - application/json; charset=utf-8
      ParameterSetName:
      - -g -n -s -d --destination-container --source-container
      User-Agent:
      - python/3.7.4 (Windows-10-10.0.18362-SP0) msrest/0.6.10 msrest_azure/0.6.2
        azure-mgmt-storage/7.1.0 Azure-SDK-For-Python AZURECLI/2.0.80
      accept-language:
      - en-US
    method: PUT
    uri: https://management.azure.com/subscriptions/00000000-0000-0000-0000-000000000000/resourceGroups/cli_test_storage_account_ors000001/providers/Microsoft.Storage/storageAccounts/clitest000003/objectReplicationPolicies/default?api-version=2019-06-01
  response:
    body:
      string: '{"id":"/subscriptions/00000000-0000-0000-0000-000000000000/resourceGroups/cli_test_storage_account_ors000001/providers/Microsoft.Storage/storageAccounts/clitest000003/objectReplicationPolicies/5185a15a-7d65-47e2-94ea-2fbc0c47c51a","name":"5185a15a-7d65-47e2-94ea-2fbc0c47c51a","type":"Microsoft.Storage/storageAccounts/objectReplicationPolicies","properties":{"policyId":"5185a15a-7d65-47e2-94ea-2fbc0c47c51a","sourceAccount":"clitest000002","destinationAccount":"clitest000003","rules":[{"ruleId":"057ef8ad-97c0-4f51-ae67-0d2c7b45897d","sourceContainer":"cont000005","destinationContainer":"cont000006","filters":{}}]}}'
    headers:
      cache-control:
      - no-cache
      content-length:
      - '722'
      content-type:
      - application/json
      date:
      - Tue, 04 Feb 2020 13:34:34 GMT
      expires:
      - '-1'
      pragma:
      - no-cache
      server:
      - Microsoft-Azure-Storage-Resource-Provider/1.0,Microsoft-HTTPAPI/2.0 Microsoft-HTTPAPI/2.0
      strict-transport-security:
      - max-age=31536000; includeSubDomains
      transfer-encoding:
      - chunked
      vary:
      - Accept-Encoding
      x-content-type-options:
      - nosniff
      x-ms-ratelimit-remaining-subscription-writes:
      - '1195'
    status:
      code: 200
      message: OK
- request:
    body: null
    headers:
      Accept:
      - application/json
      Accept-Encoding:
      - gzip, deflate
      CommandName:
      - storage account ors-policy show
      Connection:
      - keep-alive
      ParameterSetName:
      - -g -n --policy-id
      User-Agent:
      - python/3.7.4 (Windows-10-10.0.18362-SP0) msrest/0.6.10 msrest_azure/0.6.2
        azure-mgmt-storage/7.1.0 Azure-SDK-For-Python AZURECLI/2.0.80
      accept-language:
      - en-US
    method: GET
    uri: https://management.azure.com/subscriptions/00000000-0000-0000-0000-000000000000/resourceGroups/cli_test_storage_account_ors000001/providers/Microsoft.Storage/storageAccounts/clitest000003/objectReplicationPolicies/5185a15a-7d65-47e2-94ea-2fbc0c47c51a?api-version=2019-06-01
  response:
    body:
      string: '{"id":"/subscriptions/00000000-0000-0000-0000-000000000000/resourceGroups/cli_test_storage_account_ors000001/providers/Microsoft.Storage/storageAccounts/clitest000003/objectReplicationPolicies/5185a15a-7d65-47e2-94ea-2fbc0c47c51a","name":"5185a15a-7d65-47e2-94ea-2fbc0c47c51a","type":"Microsoft.Storage/storageAccounts/objectReplicationPolicies","properties":{"policyId":"5185a15a-7d65-47e2-94ea-2fbc0c47c51a","sourceAccount":"clitest000002","destinationAccount":"clitest000003","rules":[{"ruleId":"057ef8ad-97c0-4f51-ae67-0d2c7b45897d","sourceContainer":"cont000005","destinationContainer":"cont000006","filters":{}}]}}'
    headers:
      cache-control:
      - no-cache
      content-length:
      - '722'
      content-type:
      - application/json
      date:
      - Tue, 04 Feb 2020 13:34:37 GMT
      expires:
      - '-1'
      pragma:
      - no-cache
      server:
      - Microsoft-Azure-Storage-Resource-Provider/1.0,Microsoft-HTTPAPI/2.0 Microsoft-HTTPAPI/2.0
      strict-transport-security:
      - max-age=31536000; includeSubDomains
      transfer-encoding:
      - chunked
      vary:
      - Accept-Encoding
      x-content-type-options:
      - nosniff
    status:
      code: 200
      message: OK
- request:
    body: null
    headers:
      Connection:
      - keep-alive
      Content-Length:
      - '0'
      User-Agent:
      - Azure-Storage/2.0.0-2.0.1 (Python CPython 3.7.4; Windows 10) AZURECLI/2.0.80
      x-ms-date:
      - Tue, 04 Feb 2020 13:34:37 GMT
      x-ms-version:
      - '2018-11-09'
    method: PUT
    uri: https://clitest000002.blob.core.windows.net/cont000007?restype=container
  response:
    body:
      string: ''
    headers:
      content-length:
      - '0'
      date:
      - Tue, 04 Feb 2020 13:34:39 GMT
      etag:
      - '"0x8D7A976FBF4E10A"'
      last-modified:
      - Tue, 04 Feb 2020 13:34:39 GMT
      server:
      - Windows-Azure-Blob/1.0 Microsoft-HTTPAPI/2.0
      x-ms-version:
      - '2018-11-09'
    status:
      code: 201
      message: Created
- request:
    body: null
    headers:
      Connection:
      - keep-alive
      Content-Length:
      - '0'
      User-Agent:
      - Azure-Storage/2.0.0-2.0.1 (Python CPython 3.7.4; Windows 10) AZURECLI/2.0.80
      x-ms-date:
      - Tue, 04 Feb 2020 13:34:40 GMT
      x-ms-version:
      - '2018-11-09'
    method: PUT
    uri: https://clitest000003.blob.core.windows.net/cont000008?restype=container
  response:
    body:
      string: ''
    headers:
      content-length:
      - '0'
      date:
      - Tue, 04 Feb 2020 13:34:40 GMT
      etag:
      - '"0x8D7A976FD19E1AD"'
      last-modified:
      - Tue, 04 Feb 2020 13:34:41 GMT
      server:
      - Windows-Azure-Blob/1.0 Microsoft-HTTPAPI/2.0
      x-ms-version:
      - '2018-11-09'
    status:
      code: 201
      message: Created
- request:
    body: null
    headers:
      Accept:
      - application/json
      Accept-Encoding:
      - gzip, deflate
      CommandName:
      - storage account ors-policy rule list
      Connection:
      - keep-alive
      ParameterSetName:
      - -g -n --policy-id
      User-Agent:
      - python/3.7.4 (Windows-10-10.0.18362-SP0) msrest/0.6.10 msrest_azure/0.6.2
        azure-mgmt-storage/7.1.0 Azure-SDK-For-Python AZURECLI/2.0.80
      accept-language:
      - en-US
    method: GET
    uri: https://management.azure.com/subscriptions/00000000-0000-0000-0000-000000000000/resourceGroups/cli_test_storage_account_ors000001/providers/Microsoft.Storage/storageAccounts/clitest000003/objectReplicationPolicies/5185a15a-7d65-47e2-94ea-2fbc0c47c51a?api-version=2019-06-01
  response:
    body:
      string: '{"id":"/subscriptions/00000000-0000-0000-0000-000000000000/resourceGroups/cli_test_storage_account_ors000001/providers/Microsoft.Storage/storageAccounts/clitest000003/objectReplicationPolicies/5185a15a-7d65-47e2-94ea-2fbc0c47c51a","name":"5185a15a-7d65-47e2-94ea-2fbc0c47c51a","type":"Microsoft.Storage/storageAccounts/objectReplicationPolicies","properties":{"policyId":"5185a15a-7d65-47e2-94ea-2fbc0c47c51a","sourceAccount":"clitest000002","destinationAccount":"clitest000003","rules":[{"ruleId":"057ef8ad-97c0-4f51-ae67-0d2c7b45897d","sourceContainer":"cont000005","destinationContainer":"cont000006","filters":{}}]}}'
    headers:
      cache-control:
      - no-cache
      content-length:
      - '722'
      content-type:
      - application/json
      date:
      - Tue, 04 Feb 2020 13:34:44 GMT
      expires:
      - '-1'
      pragma:
      - no-cache
      server:
      - Microsoft-Azure-Storage-Resource-Provider/1.0,Microsoft-HTTPAPI/2.0 Microsoft-HTTPAPI/2.0
      strict-transport-security:
      - max-age=31536000; includeSubDomains
      transfer-encoding:
      - chunked
      vary:
      - Accept-Encoding
      x-content-type-options:
      - nosniff
    status:
      code: 200
      message: OK
- request:
    body: null
    headers:
      Accept:
      - application/json
      Accept-Encoding:
      - gzip, deflate
      CommandName:
      - storage account ors-policy rule show
      Connection:
      - keep-alive
      ParameterSetName:
      - -g -n --rule-id --policy-id
      User-Agent:
      - python/3.7.4 (Windows-10-10.0.18362-SP0) msrest/0.6.10 msrest_azure/0.6.2
        azure-mgmt-storage/7.1.0 Azure-SDK-For-Python AZURECLI/2.0.80
      accept-language:
      - en-US
    method: GET
    uri: https://management.azure.com/subscriptions/00000000-0000-0000-0000-000000000000/resourceGroups/cli_test_storage_account_ors000001/providers/Microsoft.Storage/storageAccounts/clitest000003/objectReplicationPolicies/5185a15a-7d65-47e2-94ea-2fbc0c47c51a?api-version=2019-06-01
  response:
    body:
      string: '{"id":"/subscriptions/00000000-0000-0000-0000-000000000000/resourceGroups/cli_test_storage_account_ors000001/providers/Microsoft.Storage/storageAccounts/clitest000003/objectReplicationPolicies/5185a15a-7d65-47e2-94ea-2fbc0c47c51a","name":"5185a15a-7d65-47e2-94ea-2fbc0c47c51a","type":"Microsoft.Storage/storageAccounts/objectReplicationPolicies","properties":{"policyId":"5185a15a-7d65-47e2-94ea-2fbc0c47c51a","sourceAccount":"clitest000002","destinationAccount":"clitest000003","rules":[{"ruleId":"057ef8ad-97c0-4f51-ae67-0d2c7b45897d","sourceContainer":"cont000005","destinationContainer":"cont000006","filters":{}}]}}'
    headers:
      cache-control:
      - no-cache
      content-length:
      - '722'
      content-type:
      - application/json
      date:
      - Tue, 04 Feb 2020 13:34:45 GMT
      expires:
      - '-1'
      pragma:
      - no-cache
      server:
      - Microsoft-Azure-Storage-Resource-Provider/1.0,Microsoft-HTTPAPI/2.0 Microsoft-HTTPAPI/2.0
      strict-transport-security:
      - max-age=31536000; includeSubDomains
      transfer-encoding:
      - chunked
      vary:
      - Accept-Encoding
      x-content-type-options:
      - nosniff
    status:
      code: 200
      message: OK
- request:
    body: null
    headers:
      Accept:
      - application/json
      Accept-Encoding:
      - gzip, deflate
      CommandName:
      - storage account ors-policy rule add
      Connection:
      - keep-alive
      ParameterSetName:
      - -g -n --policy-id -d -s
      User-Agent:
      - python/3.7.4 (Windows-10-10.0.18362-SP0) msrest/0.6.10 msrest_azure/0.6.2
        azure-mgmt-storage/7.1.0 Azure-SDK-For-Python AZURECLI/2.0.80
      accept-language:
      - en-US
    method: GET
    uri: https://management.azure.com/subscriptions/00000000-0000-0000-0000-000000000000/resourceGroups/cli_test_storage_account_ors000001/providers/Microsoft.Storage/storageAccounts/clitest000003/objectReplicationPolicies/5185a15a-7d65-47e2-94ea-2fbc0c47c51a?api-version=2019-06-01
  response:
    body:
      string: '{"id":"/subscriptions/00000000-0000-0000-0000-000000000000/resourceGroups/cli_test_storage_account_ors000001/providers/Microsoft.Storage/storageAccounts/clitest000003/objectReplicationPolicies/5185a15a-7d65-47e2-94ea-2fbc0c47c51a","name":"5185a15a-7d65-47e2-94ea-2fbc0c47c51a","type":"Microsoft.Storage/storageAccounts/objectReplicationPolicies","properties":{"policyId":"5185a15a-7d65-47e2-94ea-2fbc0c47c51a","sourceAccount":"clitest000002","destinationAccount":"clitest000003","rules":[{"ruleId":"057ef8ad-97c0-4f51-ae67-0d2c7b45897d","sourceContainer":"cont000005","destinationContainer":"cont000006","filters":{}}]}}'
    headers:
      cache-control:
      - no-cache
      content-length:
      - '722'
      content-type:
      - application/json
      date:
      - Tue, 04 Feb 2020 13:34:50 GMT
      expires:
      - '-1'
      pragma:
      - no-cache
      server:
      - Microsoft-Azure-Storage-Resource-Provider/1.0,Microsoft-HTTPAPI/2.0 Microsoft-HTTPAPI/2.0
      strict-transport-security:
      - max-age=31536000; includeSubDomains
      transfer-encoding:
      - chunked
      vary:
      - Accept-Encoding
      x-content-type-options:
      - nosniff
    status:
      code: 200
      message: OK
- request:
    body: 'b''b\''{"properties": {"sourceAccount": "clitest000002", "destinationAccount":
      "clitest000003", "rules": [{"ruleId": "057ef8ad-97c0-4f51-ae67-0d2c7b45897d",
      "sourceContainer": "cont000005", "destinationContainer": "cont000006", "filters":
      {}}, {"sourceContainer": "cont000007", "destinationContainer": "cont000008",
      "filters": {}}]}}\'''''
    headers:
      Accept:
      - application/json
      Accept-Encoding:
      - gzip, deflate
      CommandName:
      - storage account ors-policy rule add
      Connection:
      - keep-alive
      Content-Length:
      - '404'
      Content-Type:
      - application/json; charset=utf-8
      ParameterSetName:
      - -g -n --policy-id -d -s
      User-Agent:
      - python/3.7.4 (Windows-10-10.0.18362-SP0) msrest/0.6.10 msrest_azure/0.6.2
        azure-mgmt-storage/7.1.0 Azure-SDK-For-Python AZURECLI/2.0.80
      accept-language:
      - en-US
    method: PUT
    uri: https://management.azure.com/subscriptions/00000000-0000-0000-0000-000000000000/resourceGroups/cli_test_storage_account_ors000001/providers/Microsoft.Storage/storageAccounts/clitest000003/objectReplicationPolicies/5185a15a-7d65-47e2-94ea-2fbc0c47c51a?api-version=2019-06-01
  response:
    body:
      string: '{"id":"/subscriptions/00000000-0000-0000-0000-000000000000/resourceGroups/cli_test_storage_account_ors000001/providers/Microsoft.Storage/storageAccounts/clitest000003/objectReplicationPolicies/5185a15a-7d65-47e2-94ea-2fbc0c47c51a","name":"5185a15a-7d65-47e2-94ea-2fbc0c47c51a","type":"Microsoft.Storage/storageAccounts/objectReplicationPolicies","properties":{"policyId":"5185a15a-7d65-47e2-94ea-2fbc0c47c51a","sourceAccount":"clitest000002","destinationAccount":"clitest000003","rules":[{"ruleId":"057ef8ad-97c0-4f51-ae67-0d2c7b45897d","sourceContainer":"cont000005","destinationContainer":"cont000006","filters":{}},{"ruleId":"947f301e-c76c-4829-a552-ceb6bd87ca4b","sourceContainer":"cont000007","destinationContainer":"cont000008","filters":{}}]}}'
    headers:
      cache-control:
      - no-cache
      content-length:
      - '880'
      content-type:
      - application/json
      date:
      - Tue, 04 Feb 2020 13:34:50 GMT
      expires:
      - '-1'
      pragma:
      - no-cache
      server:
      - Microsoft-Azure-Storage-Resource-Provider/1.0,Microsoft-HTTPAPI/2.0 Microsoft-HTTPAPI/2.0
      strict-transport-security:
      - max-age=31536000; includeSubDomains
      transfer-encoding:
      - chunked
      vary:
      - Accept-Encoding
      x-content-type-options:
      - nosniff
      x-ms-ratelimit-remaining-subscription-writes:
      - '1197'
    status:
      code: 200
      message: OK
- request:
    body: null
    headers:
      Accept:
      - application/json
      Accept-Encoding:
      - gzip, deflate
      CommandName:
      - storage account ors-policy rule list
      Connection:
      - keep-alive
      ParameterSetName:
      - -g -n --policy-id
      User-Agent:
      - python/3.7.4 (Windows-10-10.0.18362-SP0) msrest/0.6.10 msrest_azure/0.6.2
        azure-mgmt-storage/7.1.0 Azure-SDK-For-Python AZURECLI/2.0.80
      accept-language:
      - en-US
    method: GET
    uri: https://management.azure.com/subscriptions/00000000-0000-0000-0000-000000000000/resourceGroups/cli_test_storage_account_ors000001/providers/Microsoft.Storage/storageAccounts/clitest000003/objectReplicationPolicies/5185a15a-7d65-47e2-94ea-2fbc0c47c51a?api-version=2019-06-01
  response:
    body:
      string: '{"id":"/subscriptions/00000000-0000-0000-0000-000000000000/resourceGroups/cli_test_storage_account_ors000001/providers/Microsoft.Storage/storageAccounts/clitest000003/objectReplicationPolicies/5185a15a-7d65-47e2-94ea-2fbc0c47c51a","name":"5185a15a-7d65-47e2-94ea-2fbc0c47c51a","type":"Microsoft.Storage/storageAccounts/objectReplicationPolicies","properties":{"policyId":"5185a15a-7d65-47e2-94ea-2fbc0c47c51a","sourceAccount":"clitest000002","destinationAccount":"clitest000003","rules":[{"ruleId":"057ef8ad-97c0-4f51-ae67-0d2c7b45897d","sourceContainer":"cont000005","destinationContainer":"cont000006","filters":{}},{"ruleId":"947f301e-c76c-4829-a552-ceb6bd87ca4b","sourceContainer":"cont000007","destinationContainer":"cont000008","filters":{}}]}}'
    headers:
      cache-control:
      - no-cache
      content-length:
      - '880'
      content-type:
      - application/json
      date:
      - Tue, 04 Feb 2020 13:34:51 GMT
      expires:
      - '-1'
      pragma:
      - no-cache
      server:
      - Microsoft-Azure-Storage-Resource-Provider/1.0,Microsoft-HTTPAPI/2.0 Microsoft-HTTPAPI/2.0
      strict-transport-security:
      - max-age=31536000; includeSubDomains
      transfer-encoding:
      - chunked
      vary:
      - Accept-Encoding
      x-content-type-options:
      - nosniff
    status:
      code: 200
      message: OK
- request:
    body: null
    headers:
      Accept:
      - application/json
      Accept-Encoding:
      - gzip, deflate
      CommandName:
      - storage account ors-policy rule update
      Connection:
      - keep-alive
      ParameterSetName:
      - -g -n --policy-id --rule-id --prefix-match
      User-Agent:
      - python/3.7.4 (Windows-10-10.0.18362-SP0) msrest/0.6.10 msrest_azure/0.6.2
        azure-mgmt-storage/7.1.0 Azure-SDK-For-Python AZURECLI/2.0.80
      accept-language:
      - en-US
    method: GET
    uri: https://management.azure.com/subscriptions/00000000-0000-0000-0000-000000000000/resourceGroups/cli_test_storage_account_ors000001/providers/Microsoft.Storage/storageAccounts/clitest000003/objectReplicationPolicies/5185a15a-7d65-47e2-94ea-2fbc0c47c51a?api-version=2019-06-01
  response:
    body:
      string: '{"id":"/subscriptions/00000000-0000-0000-0000-000000000000/resourceGroups/cli_test_storage_account_ors000001/providers/Microsoft.Storage/storageAccounts/clitest000003/objectReplicationPolicies/5185a15a-7d65-47e2-94ea-2fbc0c47c51a","name":"5185a15a-7d65-47e2-94ea-2fbc0c47c51a","type":"Microsoft.Storage/storageAccounts/objectReplicationPolicies","properties":{"policyId":"5185a15a-7d65-47e2-94ea-2fbc0c47c51a","sourceAccount":"clitest000002","destinationAccount":"clitest000003","rules":[{"ruleId":"057ef8ad-97c0-4f51-ae67-0d2c7b45897d","sourceContainer":"cont000005","destinationContainer":"cont000006","filters":{}},{"ruleId":"947f301e-c76c-4829-a552-ceb6bd87ca4b","sourceContainer":"cont000007","destinationContainer":"cont000008","filters":{}}]}}'
    headers:
      cache-control:
      - no-cache
      content-length:
      - '880'
      content-type:
      - application/json
      date:
      - Tue, 04 Feb 2020 13:34:52 GMT
      expires:
      - '-1'
      pragma:
      - no-cache
      server:
      - Microsoft-Azure-Storage-Resource-Provider/1.0,Microsoft-HTTPAPI/2.0 Microsoft-HTTPAPI/2.0
      strict-transport-security:
      - max-age=31536000; includeSubDomains
      transfer-encoding:
      - chunked
      vary:
      - Accept-Encoding
      x-content-type-options:
      - nosniff
    status:
      code: 200
      message: OK
- request:
    body: 'b''b\''{"properties": {"sourceAccount": "clitest000002", "destinationAccount":
      "clitest000003", "rules": [{"ruleId": "057ef8ad-97c0-4f51-ae67-0d2c7b45897d",
      "sourceContainer": "cont000005", "destinationContainer": "cont000006", "filters":
      {}}, {"ruleId": "947f301e-c76c-4829-a552-ceb6bd87ca4b", "sourceContainer": "cont000007",
      "destinationContainer": "cont000008", "filters": {"prefixMatch": ["blobA", "blobB"]}}]}}\'''''
    headers:
      Accept:
      - application/json
      Accept-Encoding:
      - gzip, deflate
      CommandName:
      - storage account ors-policy rule update
      Connection:
      - keep-alive
      Content-Length:
      - '487'
      Content-Type:
      - application/json; charset=utf-8
      ParameterSetName:
      - -g -n --policy-id --rule-id --prefix-match
      User-Agent:
      - python/3.7.4 (Windows-10-10.0.18362-SP0) msrest/0.6.10 msrest_azure/0.6.2
        azure-mgmt-storage/7.1.0 Azure-SDK-For-Python AZURECLI/2.0.80
      accept-language:
      - en-US
    method: PUT
    uri: https://management.azure.com/subscriptions/00000000-0000-0000-0000-000000000000/resourceGroups/cli_test_storage_account_ors000001/providers/Microsoft.Storage/storageAccounts/clitest000003/objectReplicationPolicies/5185a15a-7d65-47e2-94ea-2fbc0c47c51a?api-version=2019-06-01
  response:
    body:
      string: '{"id":"/subscriptions/00000000-0000-0000-0000-000000000000/resourceGroups/cli_test_storage_account_ors000001/providers/Microsoft.Storage/storageAccounts/clitest000003/objectReplicationPolicies/5185a15a-7d65-47e2-94ea-2fbc0c47c51a","name":"5185a15a-7d65-47e2-94ea-2fbc0c47c51a","type":"Microsoft.Storage/storageAccounts/objectReplicationPolicies","properties":{"policyId":"5185a15a-7d65-47e2-94ea-2fbc0c47c51a","sourceAccount":"clitest000002","destinationAccount":"clitest000003","rules":[{"ruleId":"057ef8ad-97c0-4f51-ae67-0d2c7b45897d","sourceContainer":"cont000005","destinationContainer":"cont000006","filters":{}},{"ruleId":"947f301e-c76c-4829-a552-ceb6bd87ca4b","sourceContainer":"cont000007","destinationContainer":"cont000008","filters":{"prefixMatch":["blobA","blobB"]}}]}}'
    headers:
      cache-control:
      - no-cache
      content-length:
      - '911'
      content-type:
      - application/json
      date:
      - Tue, 04 Feb 2020 13:34:52 GMT
      expires:
      - '-1'
      pragma:
      - no-cache
      server:
      - Microsoft-Azure-Storage-Resource-Provider/1.0,Microsoft-HTTPAPI/2.0 Microsoft-HTTPAPI/2.0
      strict-transport-security:
      - max-age=31536000; includeSubDomains
      transfer-encoding:
      - chunked
      vary:
      - Accept-Encoding
      x-content-type-options:
      - nosniff
      x-ms-ratelimit-remaining-subscription-writes:
      - '1195'
    status:
      code: 200
      message: OK
- request:
    body: null
    headers:
      Accept:
      - application/json
      Accept-Encoding:
      - gzip, deflate
      CommandName:
      - storage account ors-policy rule update
      Connection:
      - keep-alive
      ParameterSetName:
      - -g -n --policy-id --rule-id --prefix-match
      User-Agent:
      - python/3.7.4 (Windows-10-10.0.18362-SP0) msrest/0.6.10 msrest_azure/0.6.2
        azure-mgmt-storage/7.1.0 Azure-SDK-For-Python AZURECLI/2.0.80
      accept-language:
      - en-US
    method: GET
    uri: https://management.azure.com/subscriptions/00000000-0000-0000-0000-000000000000/resourceGroups/cli_test_storage_account_ors000001/providers/Microsoft.Storage/storageAccounts/clitest000003/objectReplicationPolicies/5185a15a-7d65-47e2-94ea-2fbc0c47c51a?api-version=2019-06-01
  response:
    body:
      string: '{"id":"/subscriptions/00000000-0000-0000-0000-000000000000/resourceGroups/cli_test_storage_account_ors000001/providers/Microsoft.Storage/storageAccounts/clitest000003/objectReplicationPolicies/5185a15a-7d65-47e2-94ea-2fbc0c47c51a","name":"5185a15a-7d65-47e2-94ea-2fbc0c47c51a","type":"Microsoft.Storage/storageAccounts/objectReplicationPolicies","properties":{"policyId":"5185a15a-7d65-47e2-94ea-2fbc0c47c51a","sourceAccount":"clitest000002","destinationAccount":"clitest000003","rules":[{"ruleId":"057ef8ad-97c0-4f51-ae67-0d2c7b45897d","sourceContainer":"cont000005","destinationContainer":"cont000006","filters":{}},{"ruleId":"947f301e-c76c-4829-a552-ceb6bd87ca4b","sourceContainer":"cont000007","destinationContainer":"cont000008","filters":{"prefixMatch":["blobA","blobB"]}}]}}'
    headers:
      cache-control:
      - no-cache
      content-length:
      - '911'
      content-type:
      - application/json
      date:
      - Tue, 04 Feb 2020 13:34:52 GMT
      expires:
      - '-1'
      pragma:
      - no-cache
      server:
      - Microsoft-Azure-Storage-Resource-Provider/1.0,Microsoft-HTTPAPI/2.0 Microsoft-HTTPAPI/2.0
      strict-transport-security:
      - max-age=31536000; includeSubDomains
      transfer-encoding:
      - chunked
      vary:
      - Accept-Encoding
      x-content-type-options:
      - nosniff
    status:
      code: 200
      message: OK
- request:
    body: null
    headers:
      Accept:
      - application/json
      Accept-Encoding:
      - gzip, deflate
      CommandName:
      - storage account ors-policy rule show
      Connection:
      - keep-alive
      ParameterSetName:
      - -g -n --policy-id --rule-id
      User-Agent:
      - python/3.7.4 (Windows-10-10.0.18362-SP0) msrest/0.6.10 msrest_azure/0.6.2
        azure-mgmt-storage/7.1.0 Azure-SDK-For-Python AZURECLI/2.0.80
      accept-language:
      - en-US
    method: GET
    uri: https://management.azure.com/subscriptions/00000000-0000-0000-0000-000000000000/resourceGroups/cli_test_storage_account_ors000001/providers/Microsoft.Storage/storageAccounts/clitest000003/objectReplicationPolicies/5185a15a-7d65-47e2-94ea-2fbc0c47c51a?api-version=2019-06-01
  response:
    body:
      string: '{"id":"/subscriptions/00000000-0000-0000-0000-000000000000/resourceGroups/cli_test_storage_account_ors000001/providers/Microsoft.Storage/storageAccounts/clitest000003/objectReplicationPolicies/5185a15a-7d65-47e2-94ea-2fbc0c47c51a","name":"5185a15a-7d65-47e2-94ea-2fbc0c47c51a","type":"Microsoft.Storage/storageAccounts/objectReplicationPolicies","properties":{"policyId":"5185a15a-7d65-47e2-94ea-2fbc0c47c51a","sourceAccount":"clitest000002","destinationAccount":"clitest000003","rules":[{"ruleId":"057ef8ad-97c0-4f51-ae67-0d2c7b45897d","sourceContainer":"cont000005","destinationContainer":"cont000006","filters":{}},{"ruleId":"947f301e-c76c-4829-a552-ceb6bd87ca4b","sourceContainer":"cont000007","destinationContainer":"cont000008","filters":{"prefixMatch":["blobA","blobB"]}}]}}'
    headers:
      cache-control:
      - no-cache
      content-length:
      - '911'
      content-type:
      - application/json
      date:
      - Tue, 04 Feb 2020 13:34:54 GMT
      expires:
      - '-1'
      pragma:
      - no-cache
      server:
      - Microsoft-Azure-Storage-Resource-Provider/1.0,Microsoft-HTTPAPI/2.0 Microsoft-HTTPAPI/2.0
      strict-transport-security:
      - max-age=31536000; includeSubDomains
      transfer-encoding:
      - chunked
      vary:
      - Accept-Encoding
      x-content-type-options:
      - nosniff
    status:
      code: 200
      message: OK
- request:
    body: null
    headers:
      Accept:
      - application/json
      Accept-Encoding:
      - gzip, deflate
      CommandName:
      - storage account ors-policy rule remove
      Connection:
      - keep-alive
      ParameterSetName:
      - -g -n --policy-id --rule-id
      User-Agent:
      - python/3.7.4 (Windows-10-10.0.18362-SP0) msrest/0.6.10 msrest_azure/0.6.2
        azure-mgmt-storage/7.1.0 Azure-SDK-For-Python AZURECLI/2.0.80
      accept-language:
      - en-US
    method: GET
    uri: https://management.azure.com/subscriptions/00000000-0000-0000-0000-000000000000/resourceGroups/cli_test_storage_account_ors000001/providers/Microsoft.Storage/storageAccounts/clitest000003/objectReplicationPolicies/5185a15a-7d65-47e2-94ea-2fbc0c47c51a?api-version=2019-06-01
  response:
    body:
      string: '{"id":"/subscriptions/00000000-0000-0000-0000-000000000000/resourceGroups/cli_test_storage_account_ors000001/providers/Microsoft.Storage/storageAccounts/clitest000003/objectReplicationPolicies/5185a15a-7d65-47e2-94ea-2fbc0c47c51a","name":"5185a15a-7d65-47e2-94ea-2fbc0c47c51a","type":"Microsoft.Storage/storageAccounts/objectReplicationPolicies","properties":{"policyId":"5185a15a-7d65-47e2-94ea-2fbc0c47c51a","sourceAccount":"clitest000002","destinationAccount":"clitest000003","rules":[{"ruleId":"057ef8ad-97c0-4f51-ae67-0d2c7b45897d","sourceContainer":"cont000005","destinationContainer":"cont000006","filters":{}},{"ruleId":"947f301e-c76c-4829-a552-ceb6bd87ca4b","sourceContainer":"cont000007","destinationContainer":"cont000008","filters":{"prefixMatch":["blobA","blobB"]}}]}}'
    headers:
      cache-control:
      - no-cache
      content-length:
      - '911'
      content-type:
      - application/json
      date:
      - Tue, 04 Feb 2020 13:34:55 GMT
      expires:
      - '-1'
      pragma:
      - no-cache
      server:
      - Microsoft-Azure-Storage-Resource-Provider/1.0,Microsoft-HTTPAPI/2.0 Microsoft-HTTPAPI/2.0
      strict-transport-security:
      - max-age=31536000; includeSubDomains
      transfer-encoding:
      - chunked
      vary:
      - Accept-Encoding
      x-content-type-options:
      - nosniff
    status:
      code: 200
      message: OK
- request:
    body: 'b''b\''{"properties": {"sourceAccount": "clitest000002", "destinationAccount":
      "clitest000003", "rules": [{"ruleId": "057ef8ad-97c0-4f51-ae67-0d2c7b45897d",
      "sourceContainer": "cont000005", "destinationContainer": "cont000006", "filters":
      {}}]}}\'''''
    headers:
      Accept:
      - application/json
      Accept-Encoding:
      - gzip, deflate
      CommandName:
      - storage account ors-policy rule remove
      Connection:
      - keep-alive
      Content-Length:
      - '288'
      Content-Type:
      - application/json; charset=utf-8
      ParameterSetName:
      - -g -n --policy-id --rule-id
      User-Agent:
      - python/3.7.4 (Windows-10-10.0.18362-SP0) msrest/0.6.10 msrest_azure/0.6.2
        azure-mgmt-storage/7.1.0 Azure-SDK-For-Python AZURECLI/2.0.80
      accept-language:
      - en-US
    method: PUT
    uri: https://management.azure.com/subscriptions/00000000-0000-0000-0000-000000000000/resourceGroups/cli_test_storage_account_ors000001/providers/Microsoft.Storage/storageAccounts/clitest000003/objectReplicationPolicies/5185a15a-7d65-47e2-94ea-2fbc0c47c51a?api-version=2019-06-01
  response:
    body:
      string: '{"id":"/subscriptions/00000000-0000-0000-0000-000000000000/resourceGroups/cli_test_storage_account_ors000001/providers/Microsoft.Storage/storageAccounts/clitest000003/objectReplicationPolicies/5185a15a-7d65-47e2-94ea-2fbc0c47c51a","name":"5185a15a-7d65-47e2-94ea-2fbc0c47c51a","type":"Microsoft.Storage/storageAccounts/objectReplicationPolicies","properties":{"policyId":"5185a15a-7d65-47e2-94ea-2fbc0c47c51a","sourceAccount":"clitest000002","destinationAccount":"clitest000003","rules":[{"ruleId":"057ef8ad-97c0-4f51-ae67-0d2c7b45897d","sourceContainer":"cont000005","destinationContainer":"cont000006","filters":{}}]}}'
    headers:
      cache-control:
      - no-cache
      content-length:
      - '722'
      content-type:
      - application/json
      date:
      - Tue, 04 Feb 2020 13:34:56 GMT
      expires:
      - '-1'
      pragma:
      - no-cache
      server:
      - Microsoft-Azure-Storage-Resource-Provider/1.0,Microsoft-HTTPAPI/2.0 Microsoft-HTTPAPI/2.0
      strict-transport-security:
      - max-age=31536000; includeSubDomains
      transfer-encoding:
      - chunked
      vary:
      - Accept-Encoding
      x-content-type-options:
      - nosniff
      x-ms-ratelimit-remaining-subscription-writes:
      - '1196'
    status:
      code: 200
      message: OK
- request:
    body: null
    headers:
      Accept:
      - application/json
      Accept-Encoding:
      - gzip, deflate
      CommandName:
      - storage account ors-policy rule list
      Connection:
      - keep-alive
      ParameterSetName:
      - -g -n --policy-id
      User-Agent:
      - python/3.7.4 (Windows-10-10.0.18362-SP0) msrest/0.6.10 msrest_azure/0.6.2
        azure-mgmt-storage/7.1.0 Azure-SDK-For-Python AZURECLI/2.0.80
      accept-language:
      - en-US
    method: GET
    uri: https://management.azure.com/subscriptions/00000000-0000-0000-0000-000000000000/resourceGroups/cli_test_storage_account_ors000001/providers/Microsoft.Storage/storageAccounts/clitest000003/objectReplicationPolicies/5185a15a-7d65-47e2-94ea-2fbc0c47c51a?api-version=2019-06-01
  response:
    body:
      string: '{"id":"/subscriptions/00000000-0000-0000-0000-000000000000/resourceGroups/cli_test_storage_account_ors000001/providers/Microsoft.Storage/storageAccounts/clitest000003/objectReplicationPolicies/5185a15a-7d65-47e2-94ea-2fbc0c47c51a","name":"5185a15a-7d65-47e2-94ea-2fbc0c47c51a","type":"Microsoft.Storage/storageAccounts/objectReplicationPolicies","properties":{"policyId":"5185a15a-7d65-47e2-94ea-2fbc0c47c51a","sourceAccount":"clitest000002","destinationAccount":"clitest000003","rules":[{"ruleId":"057ef8ad-97c0-4f51-ae67-0d2c7b45897d","sourceContainer":"cont000005","destinationContainer":"cont000006","filters":{}}]}}'
    headers:
      cache-control:
      - no-cache
      content-length:
      - '722'
      content-type:
      - application/json
      date:
      - Tue, 04 Feb 2020 13:35:11 GMT
      expires:
      - '-1'
      pragma:
      - no-cache
      server:
      - Microsoft-Azure-Storage-Resource-Provider/1.0,Microsoft-HTTPAPI/2.0 Microsoft-HTTPAPI/2.0
      strict-transport-security:
      - max-age=31536000; includeSubDomains
      transfer-encoding:
      - chunked
      vary:
      - Accept-Encoding
      x-content-type-options:
      - nosniff
    status:
      code: 200
      message: OK
- request:
    body: null
    headers:
      Accept:
      - application/json
      Accept-Encoding:
      - gzip, deflate
      CommandName:
      - storage account ors-policy show
      Connection:
      - keep-alive
      ParameterSetName:
      - -g -n --policy-id
      User-Agent:
      - python/3.7.4 (Windows-10-10.0.18362-SP0) msrest/0.6.10 msrest_azure/0.6.2
        azure-mgmt-storage/7.1.0 Azure-SDK-For-Python AZURECLI/2.0.80
      accept-language:
      - en-US
    method: GET
    uri: https://management.azure.com/subscriptions/00000000-0000-0000-0000-000000000000/resourceGroups/cli_test_storage_account_ors000001/providers/Microsoft.Storage/storageAccounts/clitest000003/objectReplicationPolicies/5185a15a-7d65-47e2-94ea-2fbc0c47c51a?api-version=2019-06-01
  response:
    body:
      string: '{"id":"/subscriptions/00000000-0000-0000-0000-000000000000/resourceGroups/cli_test_storage_account_ors000001/providers/Microsoft.Storage/storageAccounts/clitest000003/objectReplicationPolicies/5185a15a-7d65-47e2-94ea-2fbc0c47c51a","name":"5185a15a-7d65-47e2-94ea-2fbc0c47c51a","type":"Microsoft.Storage/storageAccounts/objectReplicationPolicies","properties":{"policyId":"5185a15a-7d65-47e2-94ea-2fbc0c47c51a","sourceAccount":"clitest000002","destinationAccount":"clitest000003","rules":[{"ruleId":"057ef8ad-97c0-4f51-ae67-0d2c7b45897d","sourceContainer":"cont000005","destinationContainer":"cont000006","filters":{}}]}}'
    headers:
      cache-control:
      - no-cache
      content-length:
      - '722'
      content-type:
      - application/json
      date:
      - Tue, 04 Feb 2020 13:35:13 GMT
      expires:
      - '-1'
      pragma:
      - no-cache
      server:
      - Microsoft-Azure-Storage-Resource-Provider/1.0,Microsoft-HTTPAPI/2.0 Microsoft-HTTPAPI/2.0
      strict-transport-security:
      - max-age=31536000; includeSubDomains
      transfer-encoding:
      - chunked
      vary:
      - Accept-Encoding
      x-content-type-options:
      - nosniff
    status:
      code: 200
      message: OK
- request:
    body: 'b''b\''{"properties": {"sourceAccount": "clitest000002", "destinationAccount":
      "clitest000003", "rules": [{"ruleId": "057ef8ad-97c0-4f51-ae67-0d2c7b45897d",
      "sourceContainer": "cont000005", "destinationContainer": "cont000006", "filters":
      {}}]}}\'''''
    headers:
      Accept:
      - application/json
      Accept-Encoding:
      - gzip, deflate
      CommandName:
      - storage account ors-policy create
      Connection:
      - keep-alive
      Content-Length:
      - '288'
      Content-Type:
      - application/json; charset=utf-8
      ParameterSetName:
      - -g -n -p
      User-Agent:
      - python/3.7.4 (Windows-10-10.0.18362-SP0) msrest/0.6.10 msrest_azure/0.6.2
        azure-mgmt-storage/7.1.0 Azure-SDK-For-Python AZURECLI/2.0.80
      accept-language:
      - en-US
    method: PUT
    uri: https://management.azure.com/subscriptions/00000000-0000-0000-0000-000000000000/resourceGroups/cli_test_storage_account_ors000001/providers/Microsoft.Storage/storageAccounts/clitest000002/objectReplicationPolicies/5185a15a-7d65-47e2-94ea-2fbc0c47c51a?api-version=2019-06-01
  response:
    body:
      string: '{"id":"/subscriptions/00000000-0000-0000-0000-000000000000/resourceGroups/cli_test_storage_account_ors000001/providers/Microsoft.Storage/storageAccounts/clitest000002/objectReplicationPolicies/5185a15a-7d65-47e2-94ea-2fbc0c47c51a","name":"5185a15a-7d65-47e2-94ea-2fbc0c47c51a","type":"Microsoft.Storage/storageAccounts/objectReplicationPolicies","properties":{"policyId":"5185a15a-7d65-47e2-94ea-2fbc0c47c51a","enabledTime":"2020-02-04T13:35:14.5996427Z","sourceAccount":"clitest000002","destinationAccount":"clitest000003","rules":[{"ruleId":"057ef8ad-97c0-4f51-ae67-0d2c7b45897d","sourceContainer":"cont000005","destinationContainer":"cont000006","filters":{}}]}}'
    headers:
      cache-control:
      - no-cache
      content-length:
      - '767'
      content-type:
      - application/json
      date:
      - Tue, 04 Feb 2020 13:35:14 GMT
      expires:
      - '-1'
      pragma:
      - no-cache
      server:
      - Microsoft-Azure-Storage-Resource-Provider/1.0,Microsoft-HTTPAPI/2.0 Microsoft-HTTPAPI/2.0
      strict-transport-security:
      - max-age=31536000; includeSubDomains
      transfer-encoding:
      - chunked
      vary:
      - Accept-Encoding
      x-content-type-options:
      - nosniff
      x-ms-ratelimit-remaining-subscription-writes:
      - '1195'
    status:
      code: 200
      message: OK
- request:
    body: null
    headers:
      Accept:
      - application/json
      Accept-Encoding:
      - gzip, deflate
      CommandName:
      - storage account ors-policy update
      Connection:
      - keep-alive
      ParameterSetName:
      - -g -n --policy-id --source-account
      User-Agent:
      - python/3.7.4 (Windows-10-10.0.18362-SP0) msrest/0.6.10 msrest_azure/0.6.2
        azure-mgmt-storage/7.1.0 Azure-SDK-For-Python AZURECLI/2.0.80
      accept-language:
      - en-US
    method: GET
    uri: https://management.azure.com/subscriptions/00000000-0000-0000-0000-000000000000/resourceGroups/cli_test_storage_account_ors000001/providers/Microsoft.Storage/storageAccounts/clitest000003/objectReplicationPolicies/5185a15a-7d65-47e2-94ea-2fbc0c47c51a?api-version=2019-06-01
  response:
    body:
      string: '{"id":"/subscriptions/00000000-0000-0000-0000-000000000000/resourceGroups/cli_test_storage_account_ors000001/providers/Microsoft.Storage/storageAccounts/clitest000003/objectReplicationPolicies/5185a15a-7d65-47e2-94ea-2fbc0c47c51a","name":"5185a15a-7d65-47e2-94ea-2fbc0c47c51a","type":"Microsoft.Storage/storageAccounts/objectReplicationPolicies","properties":{"policyId":"5185a15a-7d65-47e2-94ea-2fbc0c47c51a","sourceAccount":"clitest000002","destinationAccount":"clitest000003","rules":[{"ruleId":"057ef8ad-97c0-4f51-ae67-0d2c7b45897d","sourceContainer":"cont000005","destinationContainer":"cont000006","filters":{}}]}}'
    headers:
      cache-control:
      - no-cache
      content-length:
      - '722'
      content-type:
      - application/json
      date:
      - Tue, 04 Feb 2020 13:35:15 GMT
      expires:
      - '-1'
      pragma:
      - no-cache
      server:
      - Microsoft-Azure-Storage-Resource-Provider/1.0,Microsoft-HTTPAPI/2.0 Microsoft-HTTPAPI/2.0
      strict-transport-security:
      - max-age=31536000; includeSubDomains
      transfer-encoding:
      - chunked
      vary:
      - Accept-Encoding
      x-content-type-options:
      - nosniff
    status:
      code: 200
      message: OK
- request:
    body: 'b''b\''{"properties": {"sourceAccount": "clitest000004", "destinationAccount":
      "clitest000003", "rules": [{"ruleId": "057ef8ad-97c0-4f51-ae67-0d2c7b45897d",
      "sourceContainer": "cont000005", "destinationContainer": "cont000006", "filters":
      {}}]}}\'''''
    headers:
      Accept:
      - application/json
      Accept-Encoding:
      - gzip, deflate
      CommandName:
      - storage account ors-policy update
      Connection:
      - keep-alive
      Content-Length:
      - '288'
      Content-Type:
      - application/json; charset=utf-8
      ParameterSetName:
      - -g -n --policy-id --source-account
      User-Agent:
      - python/3.7.4 (Windows-10-10.0.18362-SP0) msrest/0.6.10 msrest_azure/0.6.2
        azure-mgmt-storage/7.1.0 Azure-SDK-For-Python AZURECLI/2.0.80
      accept-language:
      - en-US
    method: PUT
    uri: https://management.azure.com/subscriptions/00000000-0000-0000-0000-000000000000/resourceGroups/cli_test_storage_account_ors000001/providers/Microsoft.Storage/storageAccounts/clitest000003/objectReplicationPolicies/5185a15a-7d65-47e2-94ea-2fbc0c47c51a?api-version=2019-06-01
  response:
    body:
      string: '{"id":"/subscriptions/00000000-0000-0000-0000-000000000000/resourceGroups/cli_test_storage_account_ors000001/providers/Microsoft.Storage/storageAccounts/clitest000003/objectReplicationPolicies/5185a15a-7d65-47e2-94ea-2fbc0c47c51a","name":"5185a15a-7d65-47e2-94ea-2fbc0c47c51a","type":"Microsoft.Storage/storageAccounts/objectReplicationPolicies","properties":{"policyId":"5185a15a-7d65-47e2-94ea-2fbc0c47c51a","sourceAccount":"clitest000004","destinationAccount":"clitest000003","rules":[{"ruleId":"057ef8ad-97c0-4f51-ae67-0d2c7b45897d","sourceContainer":"cont000005","destinationContainer":"cont000006","filters":{}}]}}'
    headers:
      cache-control:
      - no-cache
      content-length:
      - '722'
      content-type:
      - application/json
      date:
      - Tue, 04 Feb 2020 13:35:17 GMT
      expires:
      - '-1'
      pragma:
      - no-cache
      server:
      - Microsoft-Azure-Storage-Resource-Provider/1.0,Microsoft-HTTPAPI/2.0 Microsoft-HTTPAPI/2.0
      strict-transport-security:
      - max-age=31536000; includeSubDomains
      transfer-encoding:
      - chunked
      vary:
      - Accept-Encoding
      x-content-type-options:
      - nosniff
      x-ms-ratelimit-remaining-subscription-writes:
      - '1198'
    status:
      code: 200
      message: OK
- request:
    body: null
    headers:
      Accept:
      - application/json
      Accept-Encoding:
      - gzip, deflate
      CommandName:
      - storage account ors-policy remove
      Connection:
      - keep-alive
      Content-Length:
      - '0'
      ParameterSetName:
      - -g -n --policy-id
      User-Agent:
      - python/3.7.4 (Windows-10-10.0.18362-SP0) msrest/0.6.10 msrest_azure/0.6.2
        azure-mgmt-storage/7.1.0 Azure-SDK-For-Python AZURECLI/2.0.80
      accept-language:
      - en-US
    method: DELETE
    uri: https://management.azure.com/subscriptions/00000000-0000-0000-0000-000000000000/resourceGroups/cli_test_storage_account_ors000001/providers/Microsoft.Storage/storageAccounts/clitest000002/objectReplicationPolicies/5185a15a-7d65-47e2-94ea-2fbc0c47c51a?api-version=2019-06-01
  response:
    body:
      string: ''
    headers:
      cache-control:
      - no-cache
      content-length:
      - '0'
      content-type:
      - text/plain; charset=utf-8
      date:
      - Tue, 04 Feb 2020 13:35:18 GMT
      expires:
      - '-1'
      pragma:
      - no-cache
      server:
      - Microsoft-Azure-Storage-Resource-Provider/1.0,Microsoft-HTTPAPI/2.0 Microsoft-HTTPAPI/2.0
      strict-transport-security:
      - max-age=31536000; includeSubDomains
      x-content-type-options:
      - nosniff
      x-ms-ratelimit-remaining-subscription-deletes:
      - '14999'
    status:
      code: 200
      message: OK
- request:
    body: null
    headers:
      Accept:
      - application/json
      Accept-Encoding:
      - gzip, deflate
      CommandName:
      - storage account ors-policy list
      Connection:
      - keep-alive
      ParameterSetName:
      - -g -n
      User-Agent:
      - python/3.7.4 (Windows-10-10.0.18362-SP0) msrest/0.6.10 msrest_azure/0.6.2
        azure-mgmt-storage/7.1.0 Azure-SDK-For-Python AZURECLI/2.0.80
      accept-language:
      - en-US
    method: GET
    uri: https://management.azure.com/subscriptions/00000000-0000-0000-0000-000000000000/resourceGroups/cli_test_storage_account_ors000001/providers/Microsoft.Storage/storageAccounts/clitest000002/objectReplicationPolicies?api-version=2019-06-01
  response:
    body:
      string: '{"value":[]}'
    headers:
      cache-control:
      - no-cache
      content-length:
      - '12'
      content-type:
      - application/json
      date:
      - Tue, 04 Feb 2020 13:35:18 GMT
      expires:
      - '-1'
      pragma:
      - no-cache
      server:
      - Microsoft-Azure-Storage-Resource-Provider/1.0,Microsoft-HTTPAPI/2.0 Microsoft-HTTPAPI/2.0
      strict-transport-security:
      - max-age=31536000; includeSubDomains
      transfer-encoding:
      - chunked
      vary:
      - Accept-Encoding
      x-content-type-options:
      - nosniff
    status:
      code: 200
      message: OK
- request:
    body: null
    headers:
      Accept:
      - application/json
      Accept-Encoding:
      - gzip, deflate
      CommandName:
      - storage account ors-policy remove
      Connection:
      - keep-alive
      Content-Length:
      - '0'
      ParameterSetName:
      - -g -n --policy-id
      User-Agent:
      - python/3.7.4 (Windows-10-10.0.18362-SP0) msrest/0.6.10 msrest_azure/0.6.2
        azure-mgmt-storage/7.1.0 Azure-SDK-For-Python AZURECLI/2.0.80
      accept-language:
      - en-US
    method: DELETE
    uri: https://management.azure.com/subscriptions/00000000-0000-0000-0000-000000000000/resourceGroups/cli_test_storage_account_ors000001/providers/Microsoft.Storage/storageAccounts/clitest000003/objectReplicationPolicies/5185a15a-7d65-47e2-94ea-2fbc0c47c51a?api-version=2019-06-01
  response:
    body:
      string: ''
    headers:
      cache-control:
      - no-cache
      content-length:
      - '0'
      content-type:
      - text/plain; charset=utf-8
      date:
      - Tue, 04 Feb 2020 13:35:20 GMT
      expires:
      - '-1'
      pragma:
      - no-cache
      server:
      - Microsoft-Azure-Storage-Resource-Provider/1.0,Microsoft-HTTPAPI/2.0 Microsoft-HTTPAPI/2.0
      strict-transport-security:
      - max-age=31536000; includeSubDomains
      x-content-type-options:
      - nosniff
      x-ms-ratelimit-remaining-subscription-deletes:
      - '14998'
    status:
      code: 200
      message: OK
- request:
    body: null
    headers:
      Accept:
      - application/json
      Accept-Encoding:
      - gzip, deflate
      CommandName:
      - storage account ors-policy list
      Connection:
      - keep-alive
      ParameterSetName:
      - -g -n
      User-Agent:
      - python/3.7.4 (Windows-10-10.0.18362-SP0) msrest/0.6.10 msrest_azure/0.6.2
        azure-mgmt-storage/7.1.0 Azure-SDK-For-Python AZURECLI/2.0.80
      accept-language:
      - en-US
    method: GET
    uri: https://management.azure.com/subscriptions/00000000-0000-0000-0000-000000000000/resourceGroups/cli_test_storage_account_ors000001/providers/Microsoft.Storage/storageAccounts/clitest000003/objectReplicationPolicies?api-version=2019-06-01
  response:
    body:
      string: '{"value":[]}'
    headers:
      cache-control:
      - no-cache
      content-length:
      - '12'
      content-type:
      - application/json
      date:
      - Tue, 04 Feb 2020 13:35:21 GMT
      expires:
      - '-1'
      pragma:
      - no-cache
      server:
      - Microsoft-Azure-Storage-Resource-Provider/1.0,Microsoft-HTTPAPI/2.0 Microsoft-HTTPAPI/2.0
      strict-transport-security:
      - max-age=31536000; includeSubDomains
      transfer-encoding:
      - chunked
      vary:
      - Accept-Encoding
      x-content-type-options:
      - nosniff
    status:
      code: 200
      message: OK
version: 1
