interactions:
- request:
    body: '{"location": "westus", "tags": {"product": "azurecli", "cause": "automation",
      "date": "2018-05-08T01:13:38Z"}}'
    headers:
      Accept: [application/json]
      Accept-Encoding: ['gzip, deflate']
      CommandName: [group create]
      Connection: [keep-alive]
      Content-Length: ['110']
      Content-Type: [application/json; charset=utf-8]
      User-Agent: [python/3.6.5 (Windows-10-10.0.16299-SP0) requests/2.18.4 msrest/0.4.29
          msrest_azure/0.4.29 resourcemanagementclient/1.2.1 Azure-SDK-For-Python
          AZURECLI/2.0.32]
      accept-language: [en-US]
    method: PUT
    uri: https://management.azure.com/subscriptions/00000000-0000-0000-0000-000000000000/resourcegroups/clitest.rg000001?api-version=2017-05-10
  response:
    body: {string: '{"id":"/subscriptions/00000000-0000-0000-0000-000000000000/resourceGroups/clitest.rg000001","name":"clitest.rg000001","location":"westus","tags":{"product":"azurecli","cause":"automation","date":"2018-05-08T01:13:38Z"},"properties":{"provisioningState":"Succeeded"}}'}
    headers:
      cache-control: [no-cache]
      content-length: ['384']
      content-type: [application/json; charset=utf-8]
      date: ['Tue, 08 May 2018 01:13:39 GMT']
      expires: ['-1']
      pragma: [no-cache]
      strict-transport-security: [max-age=31536000; includeSubDomains]
      x-content-type-options: [nosniff]
      x-ms-ratelimit-remaining-subscription-writes: ['1199']
    status: {code: 201, message: Created}
- request:
    body: '{"sku": {"name": "GP_Gen5_2"}, "properties": {"storageProfile": {}, "createMode":
      "Default", "administratorLogin": "cloudsa", "administratorLoginPassword": "SecretPassword123"},
      "location": "brazilsouth"}'
    headers:
      Accept: [application/json]
      Accept-Encoding: ['gzip, deflate']
      CommandName: [postgres server create]
      Connection: [keep-alive]
      Content-Length: ['204']
      Content-Type: [application/json; charset=utf-8]
      User-Agent: [python/3.6.5 (Windows-10-10.0.16299-SP0) requests/2.18.4 msrest/0.4.29
          msrest_azure/0.4.29 azure-mgmt-rdbms/2017-12-01 Azure-SDK-For-Python AZURECLI/2.0.32]
      accept-language: [en-US]
    method: PUT
    uri: https://management.azure.com/subscriptions/00000000-0000-0000-0000-000000000000/resourceGroups/clitest.rg000001/providers/Microsoft.DBforPostgreSQL/servers/azuredbclitest000002?api-version=2017-12-01
  response:
    body: {string: '{"operation":"UpsertElasticServer","startTime":"2018-05-08T01:13:42.4Z"}'}
    headers:
      azure-asyncoperation: ['https://management.azure.com/subscriptions/00000000-0000-0000-0000-000000000000/providers/Microsoft.DBforPostgreSQL/locations/brazilsouth/azureAsyncOperation/5f2a2439-db58-4c5a-9fa0-0c2032627b07?api-version=2017-12-01']
      cache-control: [no-cache]
      content-length: ['72']
      content-type: [application/json; charset=utf-8]
      date: ['Tue, 08 May 2018 01:13:41 GMT']
      expires: ['-1']
      location: ['https://management.azure.com/subscriptions/00000000-0000-0000-0000-000000000000/providers/Microsoft.DBforPostgreSQL/locations/brazilsouth/operationResults/5f2a2439-db58-4c5a-9fa0-0c2032627b07?api-version=2017-12-01']
      pragma: [no-cache]
      server: [Microsoft-HTTPAPI/2.0]
      strict-transport-security: [max-age=31536000; includeSubDomains]
      x-content-type-options: [nosniff]
      x-ms-ratelimit-remaining-subscription-writes: ['1199']
    status: {code: 202, message: Accepted}
- request:
    body: null
    headers:
      Accept: [application/json]
      Accept-Encoding: ['gzip, deflate']
      CommandName: [postgres server create]
      Connection: [keep-alive]
      User-Agent: [python/3.6.5 (Windows-10-10.0.16299-SP0) requests/2.18.4 msrest/0.4.29
          msrest_azure/0.4.29 azure-mgmt-rdbms/2017-12-01 Azure-SDK-For-Python AZURECLI/2.0.32]
    method: GET
    uri: https://management.azure.com/subscriptions/00000000-0000-0000-0000-000000000000/providers/Microsoft.DBforPostgreSQL/locations/brazilsouth/azureAsyncOperation/5f2a2439-db58-4c5a-9fa0-0c2032627b07?api-version=2017-12-01
  response:
    body: {string: '{"name":"5f2a2439-db58-4c5a-9fa0-0c2032627b07","status":"InProgress","startTime":"2018-05-08T01:13:42.4Z"}'}
    headers:
      cache-control: [no-cache]
      content-length: ['106']
      content-type: [application/json; charset=utf-8]
      date: ['Tue, 08 May 2018 01:14:43 GMT']
      expires: ['-1']
      pragma: [no-cache]
      server: [Microsoft-HTTPAPI/2.0]
      strict-transport-security: [max-age=31536000; includeSubDomains]
      transfer-encoding: [chunked]
      vary: [Accept-Encoding]
      x-content-type-options: [nosniff]
    status: {code: 200, message: OK}
- request:
    body: null
    headers:
      Accept: [application/json]
      Accept-Encoding: ['gzip, deflate']
      CommandName: [postgres server create]
      Connection: [keep-alive]
      User-Agent: [python/3.6.5 (Windows-10-10.0.16299-SP0) requests/2.18.4 msrest/0.4.29
          msrest_azure/0.4.29 azure-mgmt-rdbms/2017-12-01 Azure-SDK-For-Python AZURECLI/2.0.32]
    method: GET
    uri: https://management.azure.com/subscriptions/00000000-0000-0000-0000-000000000000/providers/Microsoft.DBforPostgreSQL/locations/brazilsouth/azureAsyncOperation/5f2a2439-db58-4c5a-9fa0-0c2032627b07?api-version=2017-12-01
  response:
    body: {string: '{"name":"5f2a2439-db58-4c5a-9fa0-0c2032627b07","status":"Succeeded","startTime":"2018-05-08T01:13:42.4Z"}'}
    headers:
      cache-control: [no-cache]
      content-length: ['105']
      content-type: [application/json; charset=utf-8]
      date: ['Tue, 08 May 2018 01:15:45 GMT']
      expires: ['-1']
      pragma: [no-cache]
      server: [Microsoft-HTTPAPI/2.0]
      strict-transport-security: [max-age=31536000; includeSubDomains]
      transfer-encoding: [chunked]
      vary: [Accept-Encoding]
      x-content-type-options: [nosniff]
    status: {code: 200, message: OK}
- request:
    body: null
    headers:
      Accept: [application/json]
      Accept-Encoding: ['gzip, deflate']
      CommandName: [postgres server create]
      Connection: [keep-alive]
      User-Agent: [python/3.6.5 (Windows-10-10.0.16299-SP0) requests/2.18.4 msrest/0.4.29
          msrest_azure/0.4.29 azure-mgmt-rdbms/2017-12-01 Azure-SDK-For-Python AZURECLI/2.0.32]
    method: GET
    uri: https://management.azure.com/subscriptions/00000000-0000-0000-0000-000000000000/resourceGroups/clitest.rg000001/providers/Microsoft.DBforPostgreSQL/servers/azuredbclitest000002?api-version=2017-12-01
  response:
    body: {string: '{"sku":{"name":"GP_Gen5_2","tier":"GeneralPurpose","family":"Gen5","capacity":2},"properties":{"administratorLogin":"cloudsa","storageProfile":{"storageMB":5120,"backupRetentionDays":7,"geoRedundantBackup":"Disabled"},"version":"9.6","sslEnforcement":"Enabled","userVisibleState":"Ready","fullyQualifiedDomainName":"azuredbclitest000002.postgres.database.azure.com","earliestRestoreDate":"2018-05-08T01:23:42.76+00:00","replicationRole":"","primaryServerId":""},"location":"brazilsouth","id":"/subscriptions/00000000-0000-0000-0000-000000000000/resourceGroups/clitest.rg000001/providers/Microsoft.DBforPostgreSQL/servers/azuredbclitest000002","name":"azuredbclitest000002","type":"Microsoft.DBforPostgreSQL/servers"}'}
    headers:
      cache-control: [no-cache]
      content-length: ['904']
      content-type: [application/json; charset=utf-8]
      date: ['Tue, 08 May 2018 01:15:46 GMT']
      expires: ['-1']
      pragma: [no-cache]
      server: [Microsoft-HTTPAPI/2.0]
      strict-transport-security: [max-age=31536000; includeSubDomains]
      transfer-encoding: [chunked]
      vary: [Accept-Encoding]
      x-content-type-options: [nosniff]
    status: {code: 200, message: OK}
- request:
    body: '{"properties": {"startIpAddress": "0.0.0.0", "endIpAddress": "255.255.255.255"}}'
    headers:
      Accept: [application/json]
      Accept-Encoding: ['gzip, deflate']
      CommandName: [postgres server firewall-rule create]
      Connection: [keep-alive]
      Content-Length: ['80']
      Content-Type: [application/json; charset=utf-8]
      User-Agent: [python/3.6.5 (Windows-10-10.0.16299-SP0) requests/2.18.4 msrest/0.4.29
          msrest_azure/0.4.29 azure-mgmt-rdbms/2017-12-01 Azure-SDK-For-Python AZURECLI/2.0.32]
      accept-language: [en-US]
    method: PUT
    uri: https://management.azure.com/subscriptions/00000000-0000-0000-0000-000000000000/resourceGroups/clitest.rg000001/providers/Microsoft.DBforPostgreSQL/servers/azuredbclitest000002/firewallRules/rule1?api-version=2017-12-01
  response:
    body: {string: '{"operation":"UpsertElasticServerFirewallRules","startTime":"2018-05-08T01:15:50.333Z"}'}
    headers:
      azure-asyncoperation: ['https://management.azure.com/subscriptions/00000000-0000-0000-0000-000000000000/providers/Microsoft.DBforPostgreSQL/locations/brazilsouth/azureAsyncOperation/80609a24-6eaa-4ed9-9ad1-4431159970ac?api-version=2017-12-01']
      cache-control: [no-cache]
      content-length: ['87']
      content-type: [application/json; charset=utf-8]
      date: ['Tue, 08 May 2018 01:15:49 GMT']
      expires: ['-1']
      location: ['https://management.azure.com/subscriptions/00000000-0000-0000-0000-000000000000/providers/Microsoft.DBforPostgreSQL/locations/brazilsouth/operationResults/80609a24-6eaa-4ed9-9ad1-4431159970ac?api-version=2017-12-01']
      pragma: [no-cache]
      server: [Microsoft-HTTPAPI/2.0]
      strict-transport-security: [max-age=31536000; includeSubDomains]
      x-content-type-options: [nosniff]
      x-ms-ratelimit-remaining-subscription-writes: ['1197']
    status: {code: 202, message: Accepted}
- request:
    body: null
    headers:
      Accept: [application/json]
      Accept-Encoding: ['gzip, deflate']
      CommandName: [postgres server firewall-rule create]
      Connection: [keep-alive]
      User-Agent: [python/3.6.5 (Windows-10-10.0.16299-SP0) requests/2.18.4 msrest/0.4.29
          msrest_azure/0.4.29 azure-mgmt-rdbms/2017-12-01 Azure-SDK-For-Python AZURECLI/2.0.32]
    method: GET
    uri: https://management.azure.com/subscriptions/00000000-0000-0000-0000-000000000000/providers/Microsoft.DBforPostgreSQL/locations/brazilsouth/azureAsyncOperation/80609a24-6eaa-4ed9-9ad1-4431159970ac?api-version=2017-12-01
  response:
    body: {string: '{"name":"80609a24-6eaa-4ed9-9ad1-4431159970ac","status":"Succeeded","startTime":"2018-05-08T01:15:50.333Z"}'}
    headers:
      cache-control: [no-cache]
      content-length: ['107']
      content-type: [application/json; charset=utf-8]
      date: ['Tue, 08 May 2018 01:16:07 GMT']
      expires: ['-1']
      pragma: [no-cache]
      server: [Microsoft-HTTPAPI/2.0]
      strict-transport-security: [max-age=31536000; includeSubDomains]
      transfer-encoding: [chunked]
      vary: [Accept-Encoding]
      x-content-type-options: [nosniff]
    status: {code: 200, message: OK}
- request:
    body: null
    headers:
      Accept: [application/json]
      Accept-Encoding: ['gzip, deflate']
      CommandName: [postgres server firewall-rule create]
      Connection: [keep-alive]
      User-Agent: [python/3.6.5 (Windows-10-10.0.16299-SP0) requests/2.18.4 msrest/0.4.29
          msrest_azure/0.4.29 azure-mgmt-rdbms/2017-12-01 Azure-SDK-For-Python AZURECLI/2.0.32]
    method: GET
    uri: https://management.azure.com/subscriptions/00000000-0000-0000-0000-000000000000/resourceGroups/clitest.rg000001/providers/Microsoft.DBforPostgreSQL/servers/azuredbclitest000002/firewallRules/rule1?api-version=2017-12-01
  response:
    body: {string: '{"properties":{"startIpAddress":"0.0.0.0","endIpAddress":"255.255.255.255"},"id":"/subscriptions/00000000-0000-0000-0000-000000000000/resourceGroups/clitest.rg000001/providers/Microsoft.DBforPostgreSQL/servers/azuredbclitest000002/firewallRules/rule1","name":"rule1","type":"Microsoft.DBforPostgreSQL/servers/firewallRules"}'}
    headers:
      cache-control: [no-cache]
      content-length: ['426']
      content-type: [application/json; charset=utf-8]
      date: ['Tue, 08 May 2018 01:16:08 GMT']
      expires: ['-1']
      pragma: [no-cache]
      server: [Microsoft-HTTPAPI/2.0]
      strict-transport-security: [max-age=31536000; includeSubDomains]
      transfer-encoding: [chunked]
      vary: [Accept-Encoding]
      x-content-type-options: [nosniff]
    status: {code: 200, message: OK}
- request:
    body: null
    headers:
      Accept: [application/json]
      Accept-Encoding: ['gzip, deflate']
      CommandName: [postgres server firewall-rule show]
      Connection: [keep-alive]
      Content-Type: [application/json; charset=utf-8]
      User-Agent: [python/3.6.5 (Windows-10-10.0.16299-SP0) requests/2.18.4 msrest/0.4.29
          msrest_azure/0.4.29 azure-mgmt-rdbms/2017-12-01 Azure-SDK-For-Python AZURECLI/2.0.32]
      accept-language: [en-US]
    method: GET
    uri: https://management.azure.com/subscriptions/00000000-0000-0000-0000-000000000000/resourceGroups/clitest.rg000001/providers/Microsoft.DBforPostgreSQL/servers/azuredbclitest000002/firewallRules/rule1?api-version=2017-12-01
  response:
    body: {string: '{"properties":{"startIpAddress":"0.0.0.0","endIpAddress":"255.255.255.255"},"id":"/subscriptions/00000000-0000-0000-0000-000000000000/resourceGroups/clitest.rg000001/providers/Microsoft.DBforPostgreSQL/servers/azuredbclitest000002/firewallRules/rule1","name":"rule1","type":"Microsoft.DBforPostgreSQL/servers/firewallRules"}'}
    headers:
      cache-control: [no-cache]
      content-length: ['426']
      content-type: [application/json; charset=utf-8]
      date: ['Tue, 08 May 2018 01:16:10 GMT']
      expires: ['-1']
      pragma: [no-cache]
      server: [Microsoft-HTTPAPI/2.0]
      strict-transport-security: [max-age=31536000; includeSubDomains]
      transfer-encoding: [chunked]
      vary: [Accept-Encoding]
      x-content-type-options: [nosniff]
    status: {code: 200, message: OK}
- request:
    body: null
    headers:
      Accept: [application/json]
      Accept-Encoding: ['gzip, deflate']
      CommandName: [postgres server firewall-rule update]
      Connection: [keep-alive]
      Content-Type: [application/json; charset=utf-8]
      User-Agent: [python/3.6.5 (Windows-10-10.0.16299-SP0) requests/2.18.4 msrest/0.4.29
          msrest_azure/0.4.29 azure-mgmt-rdbms/2017-12-01 Azure-SDK-For-Python AZURECLI/2.0.32]
      accept-language: [en-US]
    method: GET
    uri: https://management.azure.com/subscriptions/00000000-0000-0000-0000-000000000000/resourceGroups/clitest.rg000001/providers/Microsoft.DBforPostgreSQL/servers/azuredbclitest000002/firewallRules/rule1?api-version=2017-12-01
  response:
    body: {string: '{"properties":{"startIpAddress":"0.0.0.0","endIpAddress":"255.255.255.255"},"id":"/subscriptions/00000000-0000-0000-0000-000000000000/resourceGroups/clitest.rg000001/providers/Microsoft.DBforPostgreSQL/servers/azuredbclitest000002/firewallRules/rule1","name":"rule1","type":"Microsoft.DBforPostgreSQL/servers/firewallRules"}'}
    headers:
      cache-control: [no-cache]
      content-length: ['426']
      content-type: [application/json; charset=utf-8]
      date: ['Tue, 08 May 2018 01:16:12 GMT']
      expires: ['-1']
      pragma: [no-cache]
      server: [Microsoft-HTTPAPI/2.0]
      strict-transport-security: [max-age=31536000; includeSubDomains]
      transfer-encoding: [chunked]
      vary: [Accept-Encoding]
      x-content-type-options: [nosniff]
    status: {code: 200, message: OK}
- request:
    body: '{"properties": {"startIpAddress": "123.123.123.123", "endIpAddress": "123.123.123.124"}}'
    headers:
      Accept: [application/json]
      Accept-Encoding: ['gzip, deflate']
      CommandName: [postgres server firewall-rule update]
      Connection: [keep-alive]
      Content-Length: ['88']
      Content-Type: [application/json; charset=utf-8]
      User-Agent: [python/3.6.5 (Windows-10-10.0.16299-SP0) requests/2.18.4 msrest/0.4.29
          msrest_azure/0.4.29 azure-mgmt-rdbms/2017-12-01 Azure-SDK-For-Python AZURECLI/2.0.32]
      accept-language: [en-US]
    method: PUT
    uri: https://management.azure.com/subscriptions/00000000-0000-0000-0000-000000000000/resourceGroups/clitest.rg000001/providers/Microsoft.DBforPostgreSQL/servers/azuredbclitest000002/firewallRules/rule1?api-version=2017-12-01
  response:
    body: {string: '{"operation":"UpsertElasticServerFirewallRules","startTime":"2018-05-08T01:16:15.25Z"}'}
    headers:
      azure-asyncoperation: ['https://management.azure.com/subscriptions/00000000-0000-0000-0000-000000000000/providers/Microsoft.DBforPostgreSQL/locations/brazilsouth/azureAsyncOperation/8ec202e1-036b-4f08-800a-bac9be74358f?api-version=2017-12-01']
      cache-control: [no-cache]
      content-length: ['86']
      content-type: [application/json; charset=utf-8]
      date: ['Tue, 08 May 2018 01:16:14 GMT']
      expires: ['-1']
      location: ['https://management.azure.com/subscriptions/00000000-0000-0000-0000-000000000000/providers/Microsoft.DBforPostgreSQL/locations/brazilsouth/operationResults/8ec202e1-036b-4f08-800a-bac9be74358f?api-version=2017-12-01']
      pragma: [no-cache]
      server: [Microsoft-HTTPAPI/2.0]
      strict-transport-security: [max-age=31536000; includeSubDomains]
      x-content-type-options: [nosniff]
      x-ms-ratelimit-remaining-subscription-writes: ['1198']
    status: {code: 202, message: Accepted}
- request:
    body: null
    headers:
      Accept: [application/json]
      Accept-Encoding: ['gzip, deflate']
      CommandName: [postgres server firewall-rule update]
      Connection: [keep-alive]
      User-Agent: [python/3.6.5 (Windows-10-10.0.16299-SP0) requests/2.18.4 msrest/0.4.29
          msrest_azure/0.4.29 azure-mgmt-rdbms/2017-12-01 Azure-SDK-For-Python AZURECLI/2.0.32]
    method: GET
    uri: https://management.azure.com/subscriptions/00000000-0000-0000-0000-000000000000/providers/Microsoft.DBforPostgreSQL/locations/brazilsouth/azureAsyncOperation/8ec202e1-036b-4f08-800a-bac9be74358f?api-version=2017-12-01
  response:
    body: {string: '{"name":"8ec202e1-036b-4f08-800a-bac9be74358f","status":"Succeeded","startTime":"2018-05-08T01:16:15.25Z"}'}
    headers:
      cache-control: [no-cache]
      content-length: ['106']
      content-type: [application/json; charset=utf-8]
      date: ['Tue, 08 May 2018 01:16:32 GMT']
      expires: ['-1']
      pragma: [no-cache]
      server: [Microsoft-HTTPAPI/2.0]
      strict-transport-security: [max-age=31536000; includeSubDomains]
      transfer-encoding: [chunked]
      vary: [Accept-Encoding]
      x-content-type-options: [nosniff]
    status: {code: 200, message: OK}
- request:
    body: null
    headers:
      Accept: [application/json]
      Accept-Encoding: ['gzip, deflate']
      CommandName: [postgres server firewall-rule update]
      Connection: [keep-alive]
      User-Agent: [python/3.6.5 (Windows-10-10.0.16299-SP0) requests/2.18.4 msrest/0.4.29
          msrest_azure/0.4.29 azure-mgmt-rdbms/2017-12-01 Azure-SDK-For-Python AZURECLI/2.0.32]
    method: GET
    uri: https://management.azure.com/subscriptions/00000000-0000-0000-0000-000000000000/resourceGroups/clitest.rg000001/providers/Microsoft.DBforPostgreSQL/servers/azuredbclitest000002/firewallRules/rule1?api-version=2017-12-01
  response:
    body: {string: '{"properties":{"startIpAddress":"123.123.123.123","endIpAddress":"123.123.123.124"},"id":"/subscriptions/00000000-0000-0000-0000-000000000000/resourceGroups/clitest.rg000001/providers/Microsoft.DBforPostgreSQL/servers/azuredbclitest000002/firewallRules/rule1","name":"rule1","type":"Microsoft.DBforPostgreSQL/servers/firewallRules"}'}
    headers:
      cache-control: [no-cache]
      content-length: ['434']
      content-type: [application/json; charset=utf-8]
      date: ['Tue, 08 May 2018 01:16:34 GMT']
      expires: ['-1']
      pragma: [no-cache]
      server: [Microsoft-HTTPAPI/2.0]
      strict-transport-security: [max-age=31536000; includeSubDomains]
      transfer-encoding: [chunked]
      vary: [Accept-Encoding]
      x-content-type-options: [nosniff]
    status: {code: 200, message: OK}
- request:
    body: null
    headers:
      Accept: [application/json]
      Accept-Encoding: ['gzip, deflate']
      CommandName: [postgres server firewall-rule update]
      Connection: [keep-alive]
      Content-Type: [application/json; charset=utf-8]
      User-Agent: [python/3.6.5 (Windows-10-10.0.16299-SP0) requests/2.18.4 msrest/0.4.29
          msrest_azure/0.4.29 azure-mgmt-rdbms/2017-12-01 Azure-SDK-For-Python AZURECLI/2.0.32]
      accept-language: [en-US]
    method: GET
    uri: https://management.azure.com/subscriptions/00000000-0000-0000-0000-000000000000/resourceGroups/clitest.rg000001/providers/Microsoft.DBforPostgreSQL/servers/azuredbclitest000002/firewallRules/rule1?api-version=2017-12-01
  response:
    body: {string: '{"properties":{"startIpAddress":"123.123.123.123","endIpAddress":"123.123.123.124"},"id":"/subscriptions/00000000-0000-0000-0000-000000000000/resourceGroups/clitest.rg000001/providers/Microsoft.DBforPostgreSQL/servers/azuredbclitest000002/firewallRules/rule1","name":"rule1","type":"Microsoft.DBforPostgreSQL/servers/firewallRules"}'}
    headers:
      cache-control: [no-cache]
      content-length: ['434']
      content-type: [application/json; charset=utf-8]
      date: ['Tue, 08 May 2018 01:16:35 GMT']
      expires: ['-1']
      pragma: [no-cache]
      server: [Microsoft-HTTPAPI/2.0]
      strict-transport-security: [max-age=31536000; includeSubDomains]
      transfer-encoding: [chunked]
      vary: [Accept-Encoding]
      x-content-type-options: [nosniff]
    status: {code: 200, message: OK}
- request:
    body: '{"properties": {"startIpAddress": "0.0.0.0", "endIpAddress": "123.123.123.124"}}'
    headers:
      Accept: [application/json]
      Accept-Encoding: ['gzip, deflate']
      CommandName: [postgres server firewall-rule update]
      Connection: [keep-alive]
      Content-Length: ['80']
      Content-Type: [application/json; charset=utf-8]
      User-Agent: [python/3.6.5 (Windows-10-10.0.16299-SP0) requests/2.18.4 msrest/0.4.29
          msrest_azure/0.4.29 azure-mgmt-rdbms/2017-12-01 Azure-SDK-For-Python AZURECLI/2.0.32]
      accept-language: [en-US]
    method: PUT
    uri: https://management.azure.com/subscriptions/00000000-0000-0000-0000-000000000000/resourceGroups/clitest.rg000001/providers/Microsoft.DBforPostgreSQL/servers/azuredbclitest000002/firewallRules/rule1?api-version=2017-12-01
  response:
    body: {string: '{"operation":"UpsertElasticServerFirewallRules","startTime":"2018-05-08T01:16:38.547Z"}'}
    headers:
      azure-asyncoperation: ['https://management.azure.com/subscriptions/00000000-0000-0000-0000-000000000000/providers/Microsoft.DBforPostgreSQL/locations/brazilsouth/azureAsyncOperation/b81e1e4b-90bf-4613-90b6-ee58bf0b5b3a?api-version=2017-12-01']
      cache-control: [no-cache]
      content-length: ['87']
      content-type: [application/json; charset=utf-8]
      date: ['Tue, 08 May 2018 01:16:37 GMT']
      expires: ['-1']
      location: ['https://management.azure.com/subscriptions/00000000-0000-0000-0000-000000000000/providers/Microsoft.DBforPostgreSQL/locations/brazilsouth/operationResults/b81e1e4b-90bf-4613-90b6-ee58bf0b5b3a?api-version=2017-12-01']
      pragma: [no-cache]
      server: [Microsoft-HTTPAPI/2.0]
      strict-transport-security: [max-age=31536000; includeSubDomains]
      x-content-type-options: [nosniff]
      x-ms-ratelimit-remaining-subscription-writes: ['1199']
    status: {code: 202, message: Accepted}
- request:
    body: null
    headers:
      Accept: [application/json]
      Accept-Encoding: ['gzip, deflate']
      CommandName: [postgres server firewall-rule update]
      Connection: [keep-alive]
      User-Agent: [python/3.6.5 (Windows-10-10.0.16299-SP0) requests/2.18.4 msrest/0.4.29
          msrest_azure/0.4.29 azure-mgmt-rdbms/2017-12-01 Azure-SDK-For-Python AZURECLI/2.0.32]
    method: GET
    uri: https://management.azure.com/subscriptions/00000000-0000-0000-0000-000000000000/providers/Microsoft.DBforPostgreSQL/locations/brazilsouth/azureAsyncOperation/b81e1e4b-90bf-4613-90b6-ee58bf0b5b3a?api-version=2017-12-01
  response:
    body: {string: '{"name":"b81e1e4b-90bf-4613-90b6-ee58bf0b5b3a","status":"Succeeded","startTime":"2018-05-08T01:16:38.547Z"}'}
    headers:
      cache-control: [no-cache]
      content-length: ['107']
      content-type: [application/json; charset=utf-8]
      date: ['Tue, 08 May 2018 01:16:54 GMT']
      expires: ['-1']
      pragma: [no-cache]
      server: [Microsoft-HTTPAPI/2.0]
      strict-transport-security: [max-age=31536000; includeSubDomains]
      transfer-encoding: [chunked]
      vary: [Accept-Encoding]
      x-content-type-options: [nosniff]
    status: {code: 200, message: OK}
- request:
    body: null
    headers:
      Accept: [application/json]
      Accept-Encoding: ['gzip, deflate']
      CommandName: [postgres server firewall-rule update]
      Connection: [keep-alive]
      User-Agent: [python/3.6.5 (Windows-10-10.0.16299-SP0) requests/2.18.4 msrest/0.4.29
          msrest_azure/0.4.29 azure-mgmt-rdbms/2017-12-01 Azure-SDK-For-Python AZURECLI/2.0.32]
    method: GET
    uri: https://management.azure.com/subscriptions/00000000-0000-0000-0000-000000000000/resourceGroups/clitest.rg000001/providers/Microsoft.DBforPostgreSQL/servers/azuredbclitest000002/firewallRules/rule1?api-version=2017-12-01
  response:
    body: {string: '{"properties":{"startIpAddress":"0.0.0.0","endIpAddress":"123.123.123.124"},"id":"/subscriptions/00000000-0000-0000-0000-000000000000/resourceGroups/clitest.rg000001/providers/Microsoft.DBforPostgreSQL/servers/azuredbclitest000002/firewallRules/rule1","name":"rule1","type":"Microsoft.DBforPostgreSQL/servers/firewallRules"}'}
    headers:
      cache-control: [no-cache]
      content-length: ['426']
      content-type: [application/json; charset=utf-8]
      date: ['Tue, 08 May 2018 01:16:57 GMT']
      expires: ['-1']
      pragma: [no-cache]
      server: [Microsoft-HTTPAPI/2.0]
      strict-transport-security: [max-age=31536000; includeSubDomains]
      transfer-encoding: [chunked]
      vary: [Accept-Encoding]
      x-content-type-options: [nosniff]
    status: {code: 200, message: OK}
- request:
    body: null
    headers:
      Accept: [application/json]
      Accept-Encoding: ['gzip, deflate']
      CommandName: [postgres server firewall-rule update]
      Connection: [keep-alive]
      Content-Type: [application/json; charset=utf-8]
      User-Agent: [python/3.6.5 (Windows-10-10.0.16299-SP0) requests/2.18.4 msrest/0.4.29
          msrest_azure/0.4.29 azure-mgmt-rdbms/2017-12-01 Azure-SDK-For-Python AZURECLI/2.0.32]
      accept-language: [en-US]
    method: GET
    uri: https://management.azure.com/subscriptions/00000000-0000-0000-0000-000000000000/resourceGroups/clitest.rg000001/providers/Microsoft.DBforPostgreSQL/servers/azuredbclitest000002/firewallRules/rule1?api-version=2017-12-01
  response:
    body: {string: '{"properties":{"startIpAddress":"0.0.0.0","endIpAddress":"123.123.123.124"},"id":"/subscriptions/00000000-0000-0000-0000-000000000000/resourceGroups/clitest.rg000001/providers/Microsoft.DBforPostgreSQL/servers/azuredbclitest000002/firewallRules/rule1","name":"rule1","type":"Microsoft.DBforPostgreSQL/servers/firewallRules"}'}
    headers:
      cache-control: [no-cache]
      content-length: ['426']
      content-type: [application/json; charset=utf-8]
      date: ['Tue, 08 May 2018 01:16:59 GMT']
      expires: ['-1']
      pragma: [no-cache]
      server: [Microsoft-HTTPAPI/2.0]
      strict-transport-security: [max-age=31536000; includeSubDomains]
      transfer-encoding: [chunked]
      vary: [Accept-Encoding]
      x-content-type-options: [nosniff]
    status: {code: 200, message: OK}
- request:
    body: '{"properties": {"startIpAddress": "0.0.0.0", "endIpAddress": "255.255.255.255"}}'
    headers:
      Accept: [application/json]
      Accept-Encoding: ['gzip, deflate']
      CommandName: [postgres server firewall-rule update]
      Connection: [keep-alive]
      Content-Length: ['80']
      Content-Type: [application/json; charset=utf-8]
      User-Agent: [python/3.6.5 (Windows-10-10.0.16299-SP0) requests/2.18.4 msrest/0.4.29
          msrest_azure/0.4.29 azure-mgmt-rdbms/2017-12-01 Azure-SDK-For-Python AZURECLI/2.0.32]
      accept-language: [en-US]
    method: PUT
    uri: https://management.azure.com/subscriptions/00000000-0000-0000-0000-000000000000/resourceGroups/clitest.rg000001/providers/Microsoft.DBforPostgreSQL/servers/azuredbclitest000002/firewallRules/rule1?api-version=2017-12-01
  response:
    body: {string: '{"operation":"UpsertElasticServerFirewallRules","startTime":"2018-05-08T01:17:02.153Z"}'}
    headers:
      azure-asyncoperation: ['https://management.azure.com/subscriptions/00000000-0000-0000-0000-000000000000/providers/Microsoft.DBforPostgreSQL/locations/brazilsouth/azureAsyncOperation/89b985c3-9ee6-4298-bc2c-140a2746e7c7?api-version=2017-12-01']
      cache-control: [no-cache]
      content-length: ['87']
      content-type: [application/json; charset=utf-8]
      date: ['Tue, 08 May 2018 01:17:02 GMT']
      expires: ['-1']
      location: ['https://management.azure.com/subscriptions/00000000-0000-0000-0000-000000000000/providers/Microsoft.DBforPostgreSQL/locations/brazilsouth/operationResults/89b985c3-9ee6-4298-bc2c-140a2746e7c7?api-version=2017-12-01']
      pragma: [no-cache]
      server: [Microsoft-HTTPAPI/2.0]
      strict-transport-security: [max-age=31536000; includeSubDomains]
      x-content-type-options: [nosniff]
      x-ms-ratelimit-remaining-subscription-writes: ['1199']
    status: {code: 202, message: Accepted}
- request:
    body: null
    headers:
      Accept: [application/json]
      Accept-Encoding: ['gzip, deflate']
      CommandName: [postgres server firewall-rule update]
      Connection: [keep-alive]
      User-Agent: [python/3.6.5 (Windows-10-10.0.16299-SP0) requests/2.18.4 msrest/0.4.29
          msrest_azure/0.4.29 azure-mgmt-rdbms/2017-12-01 Azure-SDK-For-Python AZURECLI/2.0.32]
    method: GET
    uri: https://management.azure.com/subscriptions/00000000-0000-0000-0000-000000000000/providers/Microsoft.DBforPostgreSQL/locations/brazilsouth/azureAsyncOperation/89b985c3-9ee6-4298-bc2c-140a2746e7c7?api-version=2017-12-01
  response:
    body: {string: '{"name":"89b985c3-9ee6-4298-bc2c-140a2746e7c7","status":"Succeeded","startTime":"2018-05-08T01:17:02.153Z"}'}
    headers:
      cache-control: [no-cache]
      content-length: ['107']
      content-type: [application/json; charset=utf-8]
      date: ['Tue, 08 May 2018 01:17:18 GMT']
      expires: ['-1']
      pragma: [no-cache]
      server: [Microsoft-HTTPAPI/2.0]
      strict-transport-security: [max-age=31536000; includeSubDomains]
      transfer-encoding: [chunked]
      vary: [Accept-Encoding]
      x-content-type-options: [nosniff]
    status: {code: 200, message: OK}
- request:
    body: null
    headers:
      Accept: [application/json]
      Accept-Encoding: ['gzip, deflate']
      CommandName: [postgres server firewall-rule update]
      Connection: [keep-alive]
      User-Agent: [python/3.6.5 (Windows-10-10.0.16299-SP0) requests/2.18.4 msrest/0.4.29
          msrest_azure/0.4.29 azure-mgmt-rdbms/2017-12-01 Azure-SDK-For-Python AZURECLI/2.0.32]
    method: GET
    uri: https://management.azure.com/subscriptions/00000000-0000-0000-0000-000000000000/resourceGroups/clitest.rg000001/providers/Microsoft.DBforPostgreSQL/servers/azuredbclitest000002/firewallRules/rule1?api-version=2017-12-01
  response:
    body: {string: '{"properties":{"startIpAddress":"0.0.0.0","endIpAddress":"255.255.255.255"},"id":"/subscriptions/00000000-0000-0000-0000-000000000000/resourceGroups/clitest.rg000001/providers/Microsoft.DBforPostgreSQL/servers/azuredbclitest000002/firewallRules/rule1","name":"rule1","type":"Microsoft.DBforPostgreSQL/servers/firewallRules"}'}
    headers:
      cache-control: [no-cache]
      content-length: ['426']
      content-type: [application/json; charset=utf-8]
      date: ['Tue, 08 May 2018 01:17:20 GMT']
      expires: ['-1']
      pragma: [no-cache]
      server: [Microsoft-HTTPAPI/2.0]
      strict-transport-security: [max-age=31536000; includeSubDomains]
      transfer-encoding: [chunked]
      vary: [Accept-Encoding]
      x-content-type-options: [nosniff]
    status: {code: 200, message: OK}
- request:
    body: '{"properties": {"startIpAddress": "123.123.123.123", "endIpAddress": "123.123.123.124"}}'
    headers:
      Accept: [application/json]
      Accept-Encoding: ['gzip, deflate']
      CommandName: [postgres server firewall-rule create]
      Connection: [keep-alive]
      Content-Length: ['88']
      Content-Type: [application/json; charset=utf-8]
      User-Agent: [python/3.6.5 (Windows-10-10.0.16299-SP0) requests/2.18.4 msrest/0.4.29
          msrest_azure/0.4.29 azure-mgmt-rdbms/2017-12-01 Azure-SDK-For-Python AZURECLI/2.0.32]
      accept-language: [en-US]
    method: PUT
    uri: https://management.azure.com/subscriptions/00000000-0000-0000-0000-000000000000/resourceGroups/clitest.rg000001/providers/Microsoft.DBforPostgreSQL/servers/azuredbclitest000002/firewallRules/rule2?api-version=2017-12-01
  response:
    body: {string: '{"operation":"UpsertElasticServerFirewallRules","startTime":"2018-05-08T01:17:23.817Z"}'}
    headers:
      azure-asyncoperation: ['https://management.azure.com/subscriptions/00000000-0000-0000-0000-000000000000/providers/Microsoft.DBforPostgreSQL/locations/brazilsouth/azureAsyncOperation/0ac42686-1c54-46ac-8e6d-c5250bc5010e?api-version=2017-12-01']
      cache-control: [no-cache]
      content-length: ['87']
      content-type: [application/json; charset=utf-8]
      date: ['Tue, 08 May 2018 01:17:23 GMT']
      expires: ['-1']
      location: ['https://management.azure.com/subscriptions/00000000-0000-0000-0000-000000000000/providers/Microsoft.DBforPostgreSQL/locations/brazilsouth/operationResults/0ac42686-1c54-46ac-8e6d-c5250bc5010e?api-version=2017-12-01']
      pragma: [no-cache]
      server: [Microsoft-HTTPAPI/2.0]
      strict-transport-security: [max-age=31536000; includeSubDomains]
      x-content-type-options: [nosniff]
      x-ms-ratelimit-remaining-subscription-writes: ['1199']
    status: {code: 202, message: Accepted}
- request:
    body: null
    headers:
      Accept: [application/json]
      Accept-Encoding: ['gzip, deflate']
      CommandName: [postgres server firewall-rule create]
      Connection: [keep-alive]
      User-Agent: [python/3.6.5 (Windows-10-10.0.16299-SP0) requests/2.18.4 msrest/0.4.29
          msrest_azure/0.4.29 azure-mgmt-rdbms/2017-12-01 Azure-SDK-For-Python AZURECLI/2.0.32]
    method: GET
    uri: https://management.azure.com/subscriptions/00000000-0000-0000-0000-000000000000/providers/Microsoft.DBforPostgreSQL/locations/brazilsouth/azureAsyncOperation/0ac42686-1c54-46ac-8e6d-c5250bc5010e?api-version=2017-12-01
  response:
    body: {string: '{"name":"0ac42686-1c54-46ac-8e6d-c5250bc5010e","status":"Succeeded","startTime":"2018-05-08T01:17:23.817Z"}'}
    headers:
      cache-control: [no-cache]
      content-length: ['107']
      content-type: [application/json; charset=utf-8]
      date: ['Tue, 08 May 2018 01:17:40 GMT']
      expires: ['-1']
      pragma: [no-cache]
      server: [Microsoft-HTTPAPI/2.0]
      strict-transport-security: [max-age=31536000; includeSubDomains]
      transfer-encoding: [chunked]
      vary: [Accept-Encoding]
      x-content-type-options: [nosniff]
    status: {code: 200, message: OK}
- request:
    body: null
    headers:
      Accept: [application/json]
      Accept-Encoding: ['gzip, deflate']
      CommandName: [postgres server firewall-rule create]
      Connection: [keep-alive]
      User-Agent: [python/3.6.5 (Windows-10-10.0.16299-SP0) requests/2.18.4 msrest/0.4.29
          msrest_azure/0.4.29 azure-mgmt-rdbms/2017-12-01 Azure-SDK-For-Python AZURECLI/2.0.32]
    method: GET
    uri: https://management.azure.com/subscriptions/00000000-0000-0000-0000-000000000000/resourceGroups/clitest.rg000001/providers/Microsoft.DBforPostgreSQL/servers/azuredbclitest000002/firewallRules/rule2?api-version=2017-12-01
  response:
    body: {string: '{"properties":{"startIpAddress":"123.123.123.123","endIpAddress":"123.123.123.124"},"id":"/subscriptions/00000000-0000-0000-0000-000000000000/resourceGroups/clitest.rg000001/providers/Microsoft.DBforPostgreSQL/servers/azuredbclitest000002/firewallRules/rule2","name":"rule2","type":"Microsoft.DBforPostgreSQL/servers/firewallRules"}'}
    headers:
      cache-control: [no-cache]
      content-length: ['434']
      content-type: [application/json; charset=utf-8]
      date: ['Tue, 08 May 2018 01:17:42 GMT']
      expires: ['-1']
      pragma: [no-cache]
      server: [Microsoft-HTTPAPI/2.0]
      strict-transport-security: [max-age=31536000; includeSubDomains]
      transfer-encoding: [chunked]
      vary: [Accept-Encoding]
      x-content-type-options: [nosniff]
    status: {code: 200, message: OK}
- request:
    body: null
    headers:
      Accept: [application/json]
      Accept-Encoding: ['gzip, deflate']
      CommandName: [postgres server firewall-rule list]
      Connection: [keep-alive]
      Content-Type: [application/json; charset=utf-8]
      User-Agent: [python/3.6.5 (Windows-10-10.0.16299-SP0) requests/2.18.4 msrest/0.4.29
          msrest_azure/0.4.29 azure-mgmt-rdbms/2017-12-01 Azure-SDK-For-Python AZURECLI/2.0.32]
      accept-language: [en-US]
    method: GET
    uri: https://management.azure.com/subscriptions/00000000-0000-0000-0000-000000000000/resourceGroups/clitest.rg000001/providers/Microsoft.DBforPostgreSQL/servers/azuredbclitest000002/firewallRules?api-version=2017-12-01
  response:
    body: {string: '{"value":[{"properties":{"startIpAddress":"0.0.0.0","endIpAddress":"255.255.255.255"},"id":"/subscriptions/00000000-0000-0000-0000-000000000000/resourceGroups/clitest.rg000001/providers/Microsoft.DBforPostgreSQL/servers/azuredbclitest000002/firewallRules/rule1","name":"rule1","type":"Microsoft.DBforPostgreSQL/servers/firewallRules"},{"properties":{"startIpAddress":"123.123.123.123","endIpAddress":"123.123.123.124"},"id":"/subscriptions/00000000-0000-0000-0000-000000000000/resourceGroups/clitest.rg000001/providers/Microsoft.DBforPostgreSQL/servers/azuredbclitest000002/firewallRules/rule2","name":"rule2","type":"Microsoft.DBforPostgreSQL/servers/firewallRules"}]}'}
    headers:
      cache-control: [no-cache]
      content-length: ['873']
      content-type: [application/json; charset=utf-8]
      date: ['Tue, 08 May 2018 01:17:44 GMT']
      expires: ['-1']
      pragma: [no-cache]
      server: [Microsoft-HTTPAPI/2.0]
      strict-transport-security: [max-age=31536000; includeSubDomains]
      transfer-encoding: [chunked]
      vary: [Accept-Encoding]
      x-content-type-options: [nosniff]
    status: {code: 200, message: OK}
- request:
    body: null
    headers:
      Accept: [application/json]
      Accept-Encoding: ['gzip, deflate']
      CommandName: [postgres server firewall-rule delete]
      Connection: [keep-alive]
      Content-Length: ['0']
      Content-Type: [application/json; charset=utf-8]
      User-Agent: [python/3.6.5 (Windows-10-10.0.16299-SP0) requests/2.18.4 msrest/0.4.29
          msrest_azure/0.4.29 azure-mgmt-rdbms/2017-12-01 Azure-SDK-For-Python AZURECLI/2.0.32]
      accept-language: [en-US]
    method: DELETE
    uri: https://management.azure.com/subscriptions/00000000-0000-0000-0000-000000000000/resourceGroups/clitest.rg000001/providers/Microsoft.DBforPostgreSQL/servers/azuredbclitest000002/firewallRules/rule1?api-version=2017-12-01
  response:
    body: {string: '{"operation":"DropElasticServerFirewallRule","startTime":"2018-05-08T01:17:47.343Z"}'}
    headers:
      azure-asyncoperation: ['https://management.azure.com/subscriptions/00000000-0000-0000-0000-000000000000/providers/Microsoft.DBforPostgreSQL/locations/brazilsouth/azureAsyncOperation/ecd378bf-1d87-4d5b-9f97-1843ef92f29b?api-version=2017-12-01']
      cache-control: [no-cache]
      content-length: ['84']
      content-type: [application/json; charset=utf-8]
      date: ['Tue, 08 May 2018 01:17:46 GMT']
      expires: ['-1']
      location: ['https://management.azure.com/subscriptions/00000000-0000-0000-0000-000000000000/providers/Microsoft.DBforPostgreSQL/locations/brazilsouth/operationResults/ecd378bf-1d87-4d5b-9f97-1843ef92f29b?api-version=2017-12-01']
      pragma: [no-cache]
      server: [Microsoft-HTTPAPI/2.0]
      strict-transport-security: [max-age=31536000; includeSubDomains]
      x-content-type-options: [nosniff]
      x-ms-ratelimit-remaining-subscription-deletes: ['14999']
    status: {code: 202, message: Accepted}
- request:
    body: null
    headers:
      Accept: [application/json]
      Accept-Encoding: ['gzip, deflate']
      CommandName: [postgres server firewall-rule delete]
      Connection: [keep-alive]
      User-Agent: [python/3.6.5 (Windows-10-10.0.16299-SP0) requests/2.18.4 msrest/0.4.29
          msrest_azure/0.4.29 azure-mgmt-rdbms/2017-12-01 Azure-SDK-For-Python AZURECLI/2.0.32]
    method: GET
    uri: https://management.azure.com/subscriptions/00000000-0000-0000-0000-000000000000/providers/Microsoft.DBforPostgreSQL/locations/brazilsouth/azureAsyncOperation/ecd378bf-1d87-4d5b-9f97-1843ef92f29b?api-version=2017-12-01
  response:
    body: {string: '{"name":"ecd378bf-1d87-4d5b-9f97-1843ef92f29b","status":"Succeeded","startTime":"2018-05-08T01:17:47.343Z"}'}
    headers:
      cache-control: [no-cache]
      content-length: ['107']
      content-type: [application/json; charset=utf-8]
      date: ['Tue, 08 May 2018 01:18:03 GMT']
      expires: ['-1']
      pragma: [no-cache]
      server: [Microsoft-HTTPAPI/2.0]
      strict-transport-security: [max-age=31536000; includeSubDomains]
      transfer-encoding: [chunked]
      vary: [Accept-Encoding]
      x-content-type-options: [nosniff]
    status: {code: 200, message: OK}
- request:
    body: null
    headers:
      Accept: [application/json]
      Accept-Encoding: ['gzip, deflate']
      CommandName: [postgres server firewall-rule list]
      Connection: [keep-alive]
      Content-Type: [application/json; charset=utf-8]
      User-Agent: [python/3.6.5 (Windows-10-10.0.16299-SP0) requests/2.18.4 msrest/0.4.29
          msrest_azure/0.4.29 azure-mgmt-rdbms/2017-12-01 Azure-SDK-For-Python AZURECLI/2.0.32]
      accept-language: [en-US]
    method: GET
    uri: https://management.azure.com/subscriptions/00000000-0000-0000-0000-000000000000/resourceGroups/clitest.rg000001/providers/Microsoft.DBforPostgreSQL/servers/azuredbclitest000002/firewallRules?api-version=2017-12-01
  response:
    body: {string: '{"value":[{"properties":{"startIpAddress":"123.123.123.123","endIpAddress":"123.123.123.124"},"id":"/subscriptions/00000000-0000-0000-0000-000000000000/resourceGroups/clitest.rg000001/providers/Microsoft.DBforPostgreSQL/servers/azuredbclitest000002/firewallRules/rule2","name":"rule2","type":"Microsoft.DBforPostgreSQL/servers/firewallRules"}]}'}
    headers:
      cache-control: [no-cache]
      content-length: ['446']
      content-type: [application/json; charset=utf-8]
      date: ['Tue, 08 May 2018 01:18:05 GMT']
      expires: ['-1']
      pragma: [no-cache]
      server: [Microsoft-HTTPAPI/2.0]
      strict-transport-security: [max-age=31536000; includeSubDomains]
      transfer-encoding: [chunked]
      vary: [Accept-Encoding]
      x-content-type-options: [nosniff]
    status: {code: 200, message: OK}
- request:
    body: null
    headers:
      Accept: [application/json]
      Accept-Encoding: ['gzip, deflate']
      CommandName: [postgres server firewall-rule delete]
      Connection: [keep-alive]
      Content-Length: ['0']
      Content-Type: [application/json; charset=utf-8]
      User-Agent: [python/3.6.5 (Windows-10-10.0.16299-SP0) requests/2.18.4 msrest/0.4.29
          msrest_azure/0.4.29 azure-mgmt-rdbms/2017-12-01 Azure-SDK-For-Python AZURECLI/2.0.32]
      accept-language: [en-US]
    method: DELETE
    uri: https://management.azure.com/subscriptions/00000000-0000-0000-0000-000000000000/resourceGroups/clitest.rg000001/providers/Microsoft.DBforPostgreSQL/servers/azuredbclitest000002/firewallRules/rule2?api-version=2017-12-01
  response:
    body: {string: '{"operation":"DropElasticServerFirewallRule","startTime":"2018-05-08T01:18:09.127Z"}'}
    headers:
      azure-asyncoperation: ['https://management.azure.com/subscriptions/00000000-0000-0000-0000-000000000000/providers/Microsoft.DBforPostgreSQL/locations/brazilsouth/azureAsyncOperation/0f23f39a-e8d9-4bd6-b383-9df06239e97e?api-version=2017-12-01']
      cache-control: [no-cache]
      content-length: ['84']
      content-type: [application/json; charset=utf-8]
      date: ['Tue, 08 May 2018 01:18:08 GMT']
      expires: ['-1']
      location: ['https://management.azure.com/subscriptions/00000000-0000-0000-0000-000000000000/providers/Microsoft.DBforPostgreSQL/locations/brazilsouth/operationResults/0f23f39a-e8d9-4bd6-b383-9df06239e97e?api-version=2017-12-01']
      pragma: [no-cache]
      server: [Microsoft-HTTPAPI/2.0]
      strict-transport-security: [max-age=31536000; includeSubDomains]
      x-content-type-options: [nosniff]
      x-ms-ratelimit-remaining-subscription-deletes: ['14999']
    status: {code: 202, message: Accepted}
- request:
    body: null
    headers:
      Accept: [application/json]
      Accept-Encoding: ['gzip, deflate']
      CommandName: [postgres server firewall-rule delete]
      Connection: [keep-alive]
      User-Agent: [python/3.6.5 (Windows-10-10.0.16299-SP0) requests/2.18.4 msrest/0.4.29
          msrest_azure/0.4.29 azure-mgmt-rdbms/2017-12-01 Azure-SDK-For-Python AZURECLI/2.0.32]
    method: GET
    uri: https://management.azure.com/subscriptions/00000000-0000-0000-0000-000000000000/providers/Microsoft.DBforPostgreSQL/locations/brazilsouth/azureAsyncOperation/0f23f39a-e8d9-4bd6-b383-9df06239e97e?api-version=2017-12-01
  response:
    body: {string: '{"name":"0f23f39a-e8d9-4bd6-b383-9df06239e97e","status":"Succeeded","startTime":"2018-05-08T01:18:09.127Z"}'}
    headers:
      cache-control: [no-cache]
      content-length: ['107']
      content-type: [application/json; charset=utf-8]
      date: ['Tue, 08 May 2018 01:18:26 GMT']
      expires: ['-1']
      pragma: [no-cache]
      server: [Microsoft-HTTPAPI/2.0]
      strict-transport-security: [max-age=31536000; includeSubDomains]
      transfer-encoding: [chunked]
      vary: [Accept-Encoding]
      x-content-type-options: [nosniff]
    status: {code: 200, message: OK}
- request:
    body: null
    headers:
      Accept: [application/json]
      Accept-Encoding: ['gzip, deflate']
      CommandName: [postgres server firewall-rule list]
      Connection: [keep-alive]
      Content-Type: [application/json; charset=utf-8]
      User-Agent: [python/3.6.5 (Windows-10-10.0.16299-SP0) requests/2.18.4 msrest/0.4.29
          msrest_azure/0.4.29 azure-mgmt-rdbms/2017-12-01 Azure-SDK-For-Python AZURECLI/2.0.32]
      accept-language: [en-US]
    method: GET
    uri: https://management.azure.com/subscriptions/00000000-0000-0000-0000-000000000000/resourceGroups/clitest.rg000001/providers/Microsoft.DBforPostgreSQL/servers/azuredbclitest000002/firewallRules?api-version=2017-12-01
  response:
    body: {string: '{"value":[]}'}
    headers:
      cache-control: [no-cache]
      content-length: ['12']
      content-type: [application/json; charset=utf-8]
      date: ['Tue, 08 May 2018 01:18:27 GMT']
      expires: ['-1']
      pragma: [no-cache]
      server: [Microsoft-HTTPAPI/2.0]
      strict-transport-security: [max-age=31536000; includeSubDomains]
      transfer-encoding: [chunked]
      vary: [Accept-Encoding]
      x-content-type-options: [nosniff]
    status: {code: 200, message: OK}
- request:
    body: '{"location": "brazilsouth", "tags": {}, "properties": {"addressSpace":
      {"addressPrefixes": ["10.0.0.0/16"]}, "dhcpOptions": {}, "subnets": [{"properties":
      {"addressPrefix": "10.0.0.0/24"}, "name": "clitestsubnet1"}]}}'
    headers:
      Accept: [application/json]
      Accept-Encoding: ['gzip, deflate']
      CommandName: [network vnet create]
      Connection: [keep-alive]
      Content-Length: ['217']
      Content-Type: [application/json; charset=utf-8]
      User-Agent: [python/3.6.5 (Windows-10-10.0.16299-SP0) requests/2.18.4 msrest/0.4.29
          msrest_azure/0.4.29 networkmanagementclient/2.0.0rc2 Azure-SDK-For-Python
          AZURECLI/2.0.32]
      accept-language: [en-US]
    method: PUT
    uri: https://management.azure.com/subscriptions/00000000-0000-0000-0000-000000000000/resourceGroups/clitest.rg000001/providers/Microsoft.Network/virtualNetworks/clitestvnet?api-version=2018-02-01
  response:
    body: {string: "{\r\n  \"name\": \"clitestvnet\",\r\n  \"id\": \"/subscriptions/00000000-0000-0000-0000-000000000000/resourceGroups/clitest.rg000001/providers/Microsoft.Network/virtualNetworks/clitestvnet\"\
        ,\r\n  \"etag\": \"W/\\\"58b5ff08-b387-48b9-a31e-27c31dbc1548\\\"\",\r\n \
        \ \"type\": \"Microsoft.Network/virtualNetworks\",\r\n  \"location\": \"brazilsouth\"\
        ,\r\n  \"tags\": {},\r\n  \"properties\": {\r\n    \"provisioningState\":\
        \ \"Updating\",\r\n    \"resourceGuid\": \"bd558006-dcc5-4346-9b68-8441d805d563\"\
        ,\r\n    \"addressSpace\": {\r\n      \"addressPrefixes\": [\r\n        \"\
        10.0.0.0/16\"\r\n      ]\r\n    },\r\n    \"dhcpOptions\": {\r\n      \"dnsServers\"\
        : []\r\n    },\r\n    \"subnets\": [\r\n      {\r\n        \"name\": \"clitestsubnet1\"\
        ,\r\n        \"id\": \"/subscriptions/00000000-0000-0000-0000-000000000000/resourceGroups/clitest.rg000001/providers/Microsoft.Network/virtualNetworks/clitestvnet/subnets/clitestsubnet1\"\
        ,\r\n        \"etag\": \"W/\\\"58b5ff08-b387-48b9-a31e-27c31dbc1548\\\"\"\
        ,\r\n        \"properties\": {\r\n          \"provisioningState\": \"Updating\"\
        ,\r\n          \"addressPrefix\": \"10.0.0.0/24\"\r\n        }\r\n      }\r\
        \n    ],\r\n    \"virtualNetworkPeerings\": [],\r\n    \"enableDdosProtection\"\
        : false,\r\n    \"enableVmProtection\": false\r\n  }\r\n}"}
    headers:
      azure-asyncoperation: ['https://management.azure.com/subscriptions/00000000-0000-0000-0000-000000000000/providers/Microsoft.Network/locations/brazilsouth/operations/59236a0e-d5eb-4769-8d07-cb28b0a433f0?api-version=2018-02-01']
      cache-control: [no-cache]
      content-length: ['1267']
      content-type: [application/json; charset=utf-8]
      date: ['Tue, 08 May 2018 01:18:31 GMT']
      expires: ['-1']
      pragma: [no-cache]
      server: [Microsoft-HTTPAPI/2.0, Microsoft-HTTPAPI/2.0]
      strict-transport-security: [max-age=31536000; includeSubDomains]
      x-content-type-options: [nosniff]
      x-ms-ratelimit-remaining-subscription-writes: ['1199']
    status: {code: 201, message: Created}
- request:
    body: null
    headers:
      Accept: [application/json]
      Accept-Encoding: ['gzip, deflate']
      CommandName: [network vnet create]
      Connection: [keep-alive]
      User-Agent: [python/3.6.5 (Windows-10-10.0.16299-SP0) requests/2.18.4 msrest/0.4.29
          msrest_azure/0.4.29 networkmanagementclient/2.0.0rc2 Azure-SDK-For-Python
          AZURECLI/2.0.32]
    method: GET
    uri: https://management.azure.com/subscriptions/00000000-0000-0000-0000-000000000000/providers/Microsoft.Network/locations/brazilsouth/operations/59236a0e-d5eb-4769-8d07-cb28b0a433f0?api-version=2018-02-01
  response:
    body: {string: "{\r\n  \"status\": \"InProgress\"\r\n}"}
    headers:
      cache-control: [no-cache]
      content-length: ['30']
      content-type: [application/json; charset=utf-8]
      date: ['Tue, 08 May 2018 01:18:34 GMT']
      expires: ['-1']
      pragma: [no-cache]
      server: [Microsoft-HTTPAPI/2.0, Microsoft-HTTPAPI/2.0]
      strict-transport-security: [max-age=31536000; includeSubDomains]
      transfer-encoding: [chunked]
      vary: [Accept-Encoding]
      x-content-type-options: [nosniff]
    status: {code: 200, message: OK}
- request:
    body: null
    headers:
      Accept: [application/json]
      Accept-Encoding: ['gzip, deflate']
      CommandName: [network vnet create]
      Connection: [keep-alive]
      User-Agent: [python/3.6.5 (Windows-10-10.0.16299-SP0) requests/2.18.4 msrest/0.4.29
          msrest_azure/0.4.29 networkmanagementclient/2.0.0rc2 Azure-SDK-For-Python
          AZURECLI/2.0.32]
    method: GET
    uri: https://management.azure.com/subscriptions/00000000-0000-0000-0000-000000000000/providers/Microsoft.Network/locations/brazilsouth/operations/59236a0e-d5eb-4769-8d07-cb28b0a433f0?api-version=2018-02-01
  response:
    body: {string: "{\r\n  \"status\": \"Succeeded\"\r\n}"}
    headers:
      cache-control: [no-cache]
      content-length: ['29']
      content-type: [application/json; charset=utf-8]
      date: ['Tue, 08 May 2018 01:18:46 GMT']
      expires: ['-1']
      pragma: [no-cache]
      server: [Microsoft-HTTPAPI/2.0, Microsoft-HTTPAPI/2.0]
      strict-transport-security: [max-age=31536000; includeSubDomains]
      transfer-encoding: [chunked]
      vary: [Accept-Encoding]
      x-content-type-options: [nosniff]
    status: {code: 200, message: OK}
- request:
    body: null
    headers:
      Accept: [application/json]
      Accept-Encoding: ['gzip, deflate']
      CommandName: [network vnet create]
      Connection: [keep-alive]
      User-Agent: [python/3.6.5 (Windows-10-10.0.16299-SP0) requests/2.18.4 msrest/0.4.29
          msrest_azure/0.4.29 networkmanagementclient/2.0.0rc2 Azure-SDK-For-Python
          AZURECLI/2.0.32]
    method: GET
    uri: https://management.azure.com/subscriptions/00000000-0000-0000-0000-000000000000/resourceGroups/clitest.rg000001/providers/Microsoft.Network/virtualNetworks/clitestvnet?api-version=2018-02-01
  response:
    body: {string: "{\r\n  \"name\": \"clitestvnet\",\r\n  \"id\": \"/subscriptions/00000000-0000-0000-0000-000000000000/resourceGroups/clitest.rg000001/providers/Microsoft.Network/virtualNetworks/clitestvnet\"\
        ,\r\n  \"etag\": \"W/\\\"4aa41f58-9273-401f-ae95-a1a5588538f3\\\"\",\r\n \
        \ \"type\": \"Microsoft.Network/virtualNetworks\",\r\n  \"location\": \"brazilsouth\"\
        ,\r\n  \"tags\": {},\r\n  \"properties\": {\r\n    \"provisioningState\":\
        \ \"Succeeded\",\r\n    \"resourceGuid\": \"bd558006-dcc5-4346-9b68-8441d805d563\"\
        ,\r\n    \"addressSpace\": {\r\n      \"addressPrefixes\": [\r\n        \"\
        10.0.0.0/16\"\r\n      ]\r\n    },\r\n    \"dhcpOptions\": {\r\n      \"dnsServers\"\
        : []\r\n    },\r\n    \"subnets\": [\r\n      {\r\n        \"name\": \"clitestsubnet1\"\
        ,\r\n        \"id\": \"/subscriptions/00000000-0000-0000-0000-000000000000/resourceGroups/clitest.rg000001/providers/Microsoft.Network/virtualNetworks/clitestvnet/subnets/clitestsubnet1\"\
        ,\r\n        \"etag\": \"W/\\\"4aa41f58-9273-401f-ae95-a1a5588538f3\\\"\"\
        ,\r\n        \"properties\": {\r\n          \"provisioningState\": \"Succeeded\"\
        ,\r\n          \"addressPrefix\": \"10.0.0.0/24\"\r\n        }\r\n      }\r\
        \n    ],\r\n    \"virtualNetworkPeerings\": [],\r\n    \"enableDdosProtection\"\
        : false,\r\n    \"enableVmProtection\": false\r\n  }\r\n}"}
    headers:
      cache-control: [no-cache]
      content-length: ['1269']
      content-type: [application/json; charset=utf-8]
      date: ['Tue, 08 May 2018 01:18:47 GMT']
      etag: [W/"4aa41f58-9273-401f-ae95-a1a5588538f3"]
      expires: ['-1']
      pragma: [no-cache]
      server: [Microsoft-HTTPAPI/2.0, Microsoft-HTTPAPI/2.0]
      strict-transport-security: [max-age=31536000; includeSubDomains]
      transfer-encoding: [chunked]
      vary: [Accept-Encoding]
      x-content-type-options: [nosniff]
    status: {code: 200, message: OK}
- request:
    body: '{"properties": {"addressPrefix": "10.0.1.0/24"}, "name": "clitestsubnet2"}'
    headers:
      Accept: [application/json]
      Accept-Encoding: ['gzip, deflate']
      CommandName: [network vnet subnet create]
      Connection: [keep-alive]
      Content-Length: ['74']
      Content-Type: [application/json; charset=utf-8]
      User-Agent: [python/3.6.5 (Windows-10-10.0.16299-SP0) requests/2.18.4 msrest/0.4.29
          msrest_azure/0.4.29 networkmanagementclient/2.0.0rc2 Azure-SDK-For-Python
          AZURECLI/2.0.32]
      accept-language: [en-US]
    method: PUT
    uri: https://management.azure.com/subscriptions/00000000-0000-0000-0000-000000000000/resourceGroups/clitest.rg000001/providers/Microsoft.Network/virtualNetworks/clitestvnet/subnets/clitestsubnet2?api-version=2018-02-01
  response:
    body: {string: "{\r\n  \"name\": \"clitestsubnet2\",\r\n  \"id\": \"/subscriptions/00000000-0000-0000-0000-000000000000/resourceGroups/clitest.rg000001/providers/Microsoft.Network/virtualNetworks/clitestvnet/subnets/clitestsubnet2\"\
        ,\r\n  \"etag\": \"W/\\\"fc36f6f0-509d-4642-808e-a4cb4cb5c45c\\\"\",\r\n \
        \ \"properties\": {\r\n    \"provisioningState\": \"Updating\",\r\n    \"\
        addressPrefix\": \"10.0.1.0/24\"\r\n  }\r\n}"}
    headers:
      azure-asyncoperation: ['https://management.azure.com/subscriptions/00000000-0000-0000-0000-000000000000/providers/Microsoft.Network/locations/brazilsouth/operations/17b836c5-e3e9-42ef-b56c-4fdaf8190314?api-version=2018-02-01']
      cache-control: [no-cache]
      content-length: ['422']
      content-type: [application/json; charset=utf-8]
      date: ['Tue, 08 May 2018 01:18:49 GMT']
      expires: ['-1']
      pragma: [no-cache]
      server: [Microsoft-HTTPAPI/2.0, Microsoft-HTTPAPI/2.0]
      strict-transport-security: [max-age=31536000; includeSubDomains]
      x-content-type-options: [nosniff]
      x-ms-ratelimit-remaining-subscription-writes: ['1198']
    status: {code: 201, message: Created}
- request:
    body: null
    headers:
      Accept: [application/json]
      Accept-Encoding: ['gzip, deflate']
      CommandName: [network vnet subnet create]
      Connection: [keep-alive]
      User-Agent: [python/3.6.5 (Windows-10-10.0.16299-SP0) requests/2.18.4 msrest/0.4.29
          msrest_azure/0.4.29 networkmanagementclient/2.0.0rc2 Azure-SDK-For-Python
          AZURECLI/2.0.32]
    method: GET
    uri: https://management.azure.com/subscriptions/00000000-0000-0000-0000-000000000000/providers/Microsoft.Network/locations/brazilsouth/operations/17b836c5-e3e9-42ef-b56c-4fdaf8190314?api-version=2018-02-01
  response:
    body: {string: "{\r\n  \"status\": \"Succeeded\"\r\n}"}
    headers:
      cache-control: [no-cache]
      content-length: ['29']
      content-type: [application/json; charset=utf-8]
      date: ['Tue, 08 May 2018 01:18:54 GMT']
      expires: ['-1']
      pragma: [no-cache]
      server: [Microsoft-HTTPAPI/2.0, Microsoft-HTTPAPI/2.0]
      strict-transport-security: [max-age=31536000; includeSubDomains]
      transfer-encoding: [chunked]
      vary: [Accept-Encoding]
      x-content-type-options: [nosniff]
    status: {code: 200, message: OK}
- request:
    body: null
    headers:
      Accept: [application/json]
      Accept-Encoding: ['gzip, deflate']
      CommandName: [network vnet subnet create]
      Connection: [keep-alive]
      User-Agent: [python/3.6.5 (Windows-10-10.0.16299-SP0) requests/2.18.4 msrest/0.4.29
          msrest_azure/0.4.29 networkmanagementclient/2.0.0rc2 Azure-SDK-For-Python
          AZURECLI/2.0.32]
    method: GET
    uri: https://management.azure.com/subscriptions/00000000-0000-0000-0000-000000000000/resourceGroups/clitest.rg000001/providers/Microsoft.Network/virtualNetworks/clitestvnet/subnets/clitestsubnet2?api-version=2018-02-01
  response:
    body: {string: "{\r\n  \"name\": \"clitestsubnet2\",\r\n  \"id\": \"/subscriptions/00000000-0000-0000-0000-000000000000/resourceGroups/clitest.rg000001/providers/Microsoft.Network/virtualNetworks/clitestvnet/subnets/clitestsubnet2\"\
        ,\r\n  \"etag\": \"W/\\\"7c792e1e-9c86-4c06-bff9-5d65d44455f0\\\"\",\r\n \
        \ \"properties\": {\r\n    \"provisioningState\": \"Succeeded\",\r\n    \"\
        addressPrefix\": \"10.0.1.0/24\"\r\n  }\r\n}"}
    headers:
      cache-control: [no-cache]
      content-length: ['423']
      content-type: [application/json; charset=utf-8]
      date: ['Tue, 08 May 2018 01:18:55 GMT']
      etag: [W/"7c792e1e-9c86-4c06-bff9-5d65d44455f0"]
      expires: ['-1']
      pragma: [no-cache]
      server: [Microsoft-HTTPAPI/2.0, Microsoft-HTTPAPI/2.0]
      strict-transport-security: [max-age=31536000; includeSubDomains]
      transfer-encoding: [chunked]
      vary: [Accept-Encoding]
      x-content-type-options: [nosniff]
    status: {code: 200, message: OK}
- request:
    body: 'b''{"properties": {"virtualNetworkSubnetId": "/subscriptions/00000000-0000-0000-0000-000000000000/resourceGroups/clitest.rg000001/providers/Microsoft.Network/virtualNetworks/clitestvnet/subnets/clitestsubnet1",
      "ignoreMissingVnetServiceEndpoint": true}}'''
    headers:
      Accept: [application/json]
      Accept-Encoding: ['gzip, deflate']
      CommandName: [postgres server vnet-rule create]
      Connection: [keep-alive]
      Content-Length: ['309']
      Content-Type: [application/json; charset=utf-8]
      User-Agent: [python/3.6.5 (Windows-10-10.0.16299-SP0) requests/2.18.4 msrest/0.4.29
          msrest_azure/0.4.29 azure-mgmt-postgresql/0.1.0 Azure-SDK-For-Python AZURECLI/2.0.32]
      accept-language: [en-US]
    method: PUT
    uri: https://management.azure.com/subscriptions/00000000-0000-0000-0000-000000000000/resourceGroups/clitest.rg000001/providers/Microsoft.DBforPostgreSQL/servers/azuredbclitest000002/virtualNetworkRules/vnet_rule1?api-version=2017-12-01
  response:
    body: {string: '{"operation":"UpsertElasticServerVnetFirewallRule","startTime":"2018-05-08T01:18:59.46Z"}'}
    headers:
      azure-asyncoperation: ['https://management.azure.com/subscriptions/00000000-0000-0000-0000-000000000000/providers/Microsoft.DBforPostgreSQL/locations/brazilsouth/azureAsyncOperation/1eaf03a8-3641-49c8-912d-6da27a86f719?api-version=2017-12-01']
      cache-control: [no-cache]
      content-length: ['89']
      content-type: [application/json; charset=utf-8]
      date: ['Tue, 08 May 2018 01:18:58 GMT']
      expires: ['-1']
      location: ['https://management.azure.com/subscriptions/00000000-0000-0000-0000-000000000000/providers/Microsoft.DBforPostgreSQL/locations/brazilsouth/operationResults/1eaf03a8-3641-49c8-912d-6da27a86f719?api-version=2017-12-01']
      pragma: [no-cache]
      server: [Microsoft-HTTPAPI/2.0]
      strict-transport-security: [max-age=31536000; includeSubDomains]
      x-content-type-options: [nosniff]
      x-ms-ratelimit-remaining-subscription-writes: ['1197']
    status: {code: 202, message: Accepted}
- request:
    body: null
    headers:
      Accept: [application/json]
      Accept-Encoding: ['gzip, deflate']
      CommandName: [postgres server vnet-rule create]
      Connection: [keep-alive]
      User-Agent: [python/3.6.5 (Windows-10-10.0.16299-SP0) requests/2.18.4 msrest/0.4.29
          msrest_azure/0.4.29 azure-mgmt-postgresql/0.1.0 Azure-SDK-For-Python AZURECLI/2.0.32]
    method: GET
    uri: https://management.azure.com/subscriptions/00000000-0000-0000-0000-000000000000/providers/Microsoft.DBforPostgreSQL/locations/brazilsouth/azureAsyncOperation/1eaf03a8-3641-49c8-912d-6da27a86f719?api-version=2017-12-01
  response:
    body: {string: '{"name":"1eaf03a8-3641-49c8-912d-6da27a86f719","status":"InProgress","startTime":"2018-05-08T01:18:59.46Z"}'}
    headers:
      cache-control: [no-cache]
      content-length: ['107']
      content-type: [application/json; charset=utf-8]
      date: ['Tue, 08 May 2018 01:19:30 GMT']
      expires: ['-1']
      pragma: [no-cache]
      server: [Microsoft-HTTPAPI/2.0]
      strict-transport-security: [max-age=31536000; includeSubDomains]
      transfer-encoding: [chunked]
      vary: [Accept-Encoding]
      x-content-type-options: [nosniff]
    status: {code: 200, message: OK}
- request:
    body: null
    headers:
      Accept: [application/json]
      Accept-Encoding: ['gzip, deflate']
      CommandName: [postgres server vnet-rule create]
      Connection: [keep-alive]
      User-Agent: [python/3.6.5 (Windows-10-10.0.16299-SP0) requests/2.18.4 msrest/0.4.29
          msrest_azure/0.4.29 azure-mgmt-postgresql/0.1.0 Azure-SDK-For-Python AZURECLI/2.0.32]
    method: GET
    uri: https://management.azure.com/subscriptions/00000000-0000-0000-0000-000000000000/providers/Microsoft.DBforPostgreSQL/locations/brazilsouth/azureAsyncOperation/1eaf03a8-3641-49c8-912d-6da27a86f719?api-version=2017-12-01
  response:
    body: {string: '{"name":"1eaf03a8-3641-49c8-912d-6da27a86f719","status":"InProgress","startTime":"2018-05-08T01:18:59.46Z"}'}
    headers:
      cache-control: [no-cache]
      content-length: ['107']
      content-type: [application/json; charset=utf-8]
      date: ['Tue, 08 May 2018 01:20:02 GMT']
      expires: ['-1']
      pragma: [no-cache]
      server: [Microsoft-HTTPAPI/2.0]
      strict-transport-security: [max-age=31536000; includeSubDomains]
      transfer-encoding: [chunked]
      vary: [Accept-Encoding]
      x-content-type-options: [nosniff]
    status: {code: 200, message: OK}
- request:
    body: null
    headers:
      Accept: [application/json]
      Accept-Encoding: ['gzip, deflate']
      CommandName: [postgres server vnet-rule create]
      Connection: [keep-alive]
      User-Agent: [python/3.6.5 (Windows-10-10.0.16299-SP0) requests/2.18.4 msrest/0.4.29
          msrest_azure/0.4.29 azure-mgmt-postgresql/0.1.0 Azure-SDK-For-Python AZURECLI/2.0.32]
    method: GET
    uri: https://management.azure.com/subscriptions/00000000-0000-0000-0000-000000000000/providers/Microsoft.DBforPostgreSQL/locations/brazilsouth/azureAsyncOperation/1eaf03a8-3641-49c8-912d-6da27a86f719?api-version=2017-12-01
  response:
    body: {string: '{"name":"1eaf03a8-3641-49c8-912d-6da27a86f719","status":"InProgress","startTime":"2018-05-08T01:18:59.46Z"}'}
    headers:
      cache-control: [no-cache]
      content-length: ['107']
      content-type: [application/json; charset=utf-8]
      date: ['Tue, 08 May 2018 01:20:33 GMT']
      expires: ['-1']
      pragma: [no-cache]
      server: [Microsoft-HTTPAPI/2.0]
      strict-transport-security: [max-age=31536000; includeSubDomains]
      transfer-encoding: [chunked]
      vary: [Accept-Encoding]
      x-content-type-options: [nosniff]
    status: {code: 200, message: OK}
- request:
    body: null
    headers:
      Accept: [application/json]
      Accept-Encoding: ['gzip, deflate']
      CommandName: [postgres server vnet-rule create]
      Connection: [keep-alive]
      User-Agent: [python/3.6.5 (Windows-10-10.0.16299-SP0) requests/2.18.4 msrest/0.4.29
          msrest_azure/0.4.29 azure-mgmt-postgresql/0.1.0 Azure-SDK-For-Python AZURECLI/2.0.32]
    method: GET
    uri: https://management.azure.com/subscriptions/00000000-0000-0000-0000-000000000000/providers/Microsoft.DBforPostgreSQL/locations/brazilsouth/azureAsyncOperation/1eaf03a8-3641-49c8-912d-6da27a86f719?api-version=2017-12-01
  response:
    body: {string: '{"name":"1eaf03a8-3641-49c8-912d-6da27a86f719","status":"InProgress","startTime":"2018-05-08T01:18:59.46Z"}'}
    headers:
      cache-control: [no-cache]
      content-length: ['107']
      content-type: [application/json; charset=utf-8]
      date: ['Tue, 08 May 2018 01:21:06 GMT']
      expires: ['-1']
      pragma: [no-cache]
      server: [Microsoft-HTTPAPI/2.0]
      strict-transport-security: [max-age=31536000; includeSubDomains]
      transfer-encoding: [chunked]
      vary: [Accept-Encoding]
      x-content-type-options: [nosniff]
    status: {code: 200, message: OK}
- request:
    body: null
    headers:
      Accept: [application/json]
      Accept-Encoding: ['gzip, deflate']
      CommandName: [postgres server vnet-rule create]
      Connection: [keep-alive]
      User-Agent: [python/3.6.5 (Windows-10-10.0.16299-SP0) requests/2.18.4 msrest/0.4.29
          msrest_azure/0.4.29 azure-mgmt-postgresql/0.1.0 Azure-SDK-For-Python AZURECLI/2.0.32]
    method: GET
    uri: https://management.azure.com/subscriptions/00000000-0000-0000-0000-000000000000/providers/Microsoft.DBforPostgreSQL/locations/brazilsouth/azureAsyncOperation/1eaf03a8-3641-49c8-912d-6da27a86f719?api-version=2017-12-01
  response:
    body: {string: '{"name":"1eaf03a8-3641-49c8-912d-6da27a86f719","status":"Succeeded","startTime":"2018-05-08T01:18:59.46Z"}'}
    headers:
      cache-control: [no-cache]
      content-length: ['106']
      content-type: [application/json; charset=utf-8]
      date: ['Tue, 08 May 2018 01:21:38 GMT']
      expires: ['-1']
      pragma: [no-cache]
      server: [Microsoft-HTTPAPI/2.0]
      strict-transport-security: [max-age=31536000; includeSubDomains]
      transfer-encoding: [chunked]
      vary: [Accept-Encoding]
      x-content-type-options: [nosniff]
    status: {code: 200, message: OK}
- request:
    body: null
    headers:
      Accept: [application/json]
      Accept-Encoding: ['gzip, deflate']
      CommandName: [postgres server vnet-rule create]
      Connection: [keep-alive]
      User-Agent: [python/3.6.5 (Windows-10-10.0.16299-SP0) requests/2.18.4 msrest/0.4.29
          msrest_azure/0.4.29 azure-mgmt-postgresql/0.1.0 Azure-SDK-For-Python AZURECLI/2.0.32]
    method: GET
    uri: https://management.azure.com/subscriptions/00000000-0000-0000-0000-000000000000/resourceGroups/clitest.rg000001/providers/Microsoft.DBforPostgreSQL/servers/azuredbclitest000002/virtualNetworkRules/vnet_rule1?api-version=2017-12-01
  response:
    body: {string: '{"properties":{"virtualNetworkSubnetId":"/subscriptions/00000000-0000-0000-0000-000000000000/resourceGroups/clitest.rg000001/providers/Microsoft.Network/virtualNetworks/clitestvnet/subnets/clitestsubnet1","ignoreMissingVnetServiceEndpoint":true,"state":"Ready"},"id":"/subscriptions/00000000-0000-0000-0000-000000000000/resourceGroups/clitest.rg000001/providers/Microsoft.DBforPostgreSQL/servers/azuredbclitest000002/virtualNetworkRules/vnet_rule1","name":"vnet_rule1","type":"Microsoft.DBforPostgreSQL/servers/virtualNetworkRules"}'}
    headers:
      cache-control: [no-cache]
      content-length: ['693']
      content-type: [application/json; charset=utf-8]
      date: ['Tue, 08 May 2018 01:21:40 GMT']
      expires: ['-1']
      pragma: [no-cache]
      server: [Microsoft-HTTPAPI/2.0]
      strict-transport-security: [max-age=31536000; includeSubDomains]
      transfer-encoding: [chunked]
      vary: [Accept-Encoding]
      x-content-type-options: [nosniff]
    status: {code: 200, message: OK}
- request:
    body: null
    headers:
      Accept: [application/json]
      Accept-Encoding: ['gzip, deflate']
      CommandName: [postgres server vnet-rule show]
      Connection: [keep-alive]
      Content-Type: [application/json; charset=utf-8]
      User-Agent: [python/3.6.5 (Windows-10-10.0.16299-SP0) requests/2.18.4 msrest/0.4.29
          msrest_azure/0.4.29 azure-mgmt-postgresql/0.1.0 Azure-SDK-For-Python AZURECLI/2.0.32]
      accept-language: [en-US]
    method: GET
    uri: https://management.azure.com/subscriptions/00000000-0000-0000-0000-000000000000/resourceGroups/clitest.rg000001/providers/Microsoft.DBforPostgreSQL/servers/azuredbclitest000002/virtualNetworkRules/vnet_rule1?api-version=2017-12-01
  response:
    body: {string: '{"properties":{"virtualNetworkSubnetId":"/subscriptions/00000000-0000-0000-0000-000000000000/resourceGroups/clitest.rg000001/providers/Microsoft.Network/virtualNetworks/clitestvnet/subnets/clitestsubnet1","ignoreMissingVnetServiceEndpoint":true,"state":"Ready"},"id":"/subscriptions/00000000-0000-0000-0000-000000000000/resourceGroups/clitest.rg000001/providers/Microsoft.DBforPostgreSQL/servers/azuredbclitest000002/virtualNetworkRules/vnet_rule1","name":"vnet_rule1","type":"Microsoft.DBforPostgreSQL/servers/virtualNetworkRules"}'}
    headers:
      cache-control: [no-cache]
      content-length: ['693']
      content-type: [application/json; charset=utf-8]
      date: ['Tue, 08 May 2018 01:21:42 GMT']
      expires: ['-1']
      pragma: [no-cache]
      server: [Microsoft-HTTPAPI/2.0]
      strict-transport-security: [max-age=31536000; includeSubDomains]
      transfer-encoding: [chunked]
      vary: [Accept-Encoding]
      x-content-type-options: [nosniff]
    status: {code: 200, message: OK}
- request:
    body: 'b''{"properties": {"virtualNetworkSubnetId": "/subscriptions/00000000-0000-0000-0000-000000000000/resourceGroups/clitest.rg000001/providers/Microsoft.Network/virtualNetworks/clitestvnet/subnets/clitestsubnet2",
      "ignoreMissingVnetServiceEndpoint": true}}'''
    headers:
      Accept: [application/json]
      Accept-Encoding: ['gzip, deflate']
      CommandName: [postgres server vnet-rule create]
      Connection: [keep-alive]
      Content-Length: ['309']
      Content-Type: [application/json; charset=utf-8]
      User-Agent: [python/3.6.5 (Windows-10-10.0.16299-SP0) requests/2.18.4 msrest/0.4.29
          msrest_azure/0.4.29 azure-mgmt-postgresql/0.1.0 Azure-SDK-For-Python AZURECLI/2.0.32]
      accept-language: [en-US]
    method: PUT
    uri: https://management.azure.com/subscriptions/00000000-0000-0000-0000-000000000000/resourceGroups/clitest.rg000001/providers/Microsoft.DBforPostgreSQL/servers/azuredbclitest000002/virtualNetworkRules/vnet_rule2?api-version=2017-12-01
  response:
    body: {string: '{"operation":"UpsertElasticServerVnetFirewallRule","startTime":"2018-05-08T01:21:45.68Z"}'}
    headers:
      azure-asyncoperation: ['https://management.azure.com/subscriptions/00000000-0000-0000-0000-000000000000/providers/Microsoft.DBforPostgreSQL/locations/brazilsouth/azureAsyncOperation/52a3cd9f-c440-4216-989d-d0f64c0c82cb?api-version=2017-12-01']
      cache-control: [no-cache]
      content-length: ['89']
      content-type: [application/json; charset=utf-8]
      date: ['Tue, 08 May 2018 01:21:45 GMT']
      expires: ['-1']
      location: ['https://management.azure.com/subscriptions/00000000-0000-0000-0000-000000000000/providers/Microsoft.DBforPostgreSQL/locations/brazilsouth/operationResults/52a3cd9f-c440-4216-989d-d0f64c0c82cb?api-version=2017-12-01']
      pragma: [no-cache]
      server: [Microsoft-HTTPAPI/2.0]
      strict-transport-security: [max-age=31536000; includeSubDomains]
      x-content-type-options: [nosniff]
      x-ms-ratelimit-remaining-subscription-writes: ['1199']
    status: {code: 202, message: Accepted}
- request:
    body: null
    headers:
      Accept: [application/json]
      Accept-Encoding: ['gzip, deflate']
      CommandName: [postgres server vnet-rule create]
      Connection: [keep-alive]
      User-Agent: [python/3.6.5 (Windows-10-10.0.16299-SP0) requests/2.18.4 msrest/0.4.29
          msrest_azure/0.4.29 azure-mgmt-postgresql/0.1.0 Azure-SDK-For-Python AZURECLI/2.0.32]
    method: GET
    uri: https://management.azure.com/subscriptions/00000000-0000-0000-0000-000000000000/providers/Microsoft.DBforPostgreSQL/locations/brazilsouth/azureAsyncOperation/52a3cd9f-c440-4216-989d-d0f64c0c82cb?api-version=2017-12-01
  response:
    body: {string: '{"name":"52a3cd9f-c440-4216-989d-d0f64c0c82cb","status":"Succeeded","startTime":"2018-05-08T01:21:45.68Z"}'}
    headers:
      cache-control: [no-cache]
      content-length: ['106']
      content-type: [application/json; charset=utf-8]
      date: ['Tue, 08 May 2018 01:22:17 GMT']
      expires: ['-1']
      pragma: [no-cache]
      server: [Microsoft-HTTPAPI/2.0]
      strict-transport-security: [max-age=31536000; includeSubDomains]
      transfer-encoding: [chunked]
      vary: [Accept-Encoding]
      x-content-type-options: [nosniff]
    status: {code: 200, message: OK}
- request:
    body: null
    headers:
      Accept: [application/json]
      Accept-Encoding: ['gzip, deflate']
      CommandName: [postgres server vnet-rule create]
      Connection: [keep-alive]
      User-Agent: [python/3.6.5 (Windows-10-10.0.16299-SP0) requests/2.18.4 msrest/0.4.29
          msrest_azure/0.4.29 azure-mgmt-postgresql/0.1.0 Azure-SDK-For-Python AZURECLI/2.0.32]
    method: GET
    uri: https://management.azure.com/subscriptions/00000000-0000-0000-0000-000000000000/resourceGroups/clitest.rg000001/providers/Microsoft.DBforPostgreSQL/servers/azuredbclitest000002/virtualNetworkRules/vnet_rule2?api-version=2017-12-01
  response:
    body: {string: '{"properties":{"virtualNetworkSubnetId":"/subscriptions/00000000-0000-0000-0000-000000000000/resourceGroups/clitest.rg000001/providers/Microsoft.Network/virtualNetworks/clitestvnet/subnets/clitestsubnet2","ignoreMissingVnetServiceEndpoint":true,"state":"Ready"},"id":"/subscriptions/00000000-0000-0000-0000-000000000000/resourceGroups/clitest.rg000001/providers/Microsoft.DBforPostgreSQL/servers/azuredbclitest000002/virtualNetworkRules/vnet_rule2","name":"vnet_rule2","type":"Microsoft.DBforPostgreSQL/servers/virtualNetworkRules"}'}
    headers:
      cache-control: [no-cache]
      content-length: ['693']
      content-type: [application/json; charset=utf-8]
      date: ['Tue, 08 May 2018 01:22:18 GMT']
      expires: ['-1']
      pragma: [no-cache]
      server: [Microsoft-HTTPAPI/2.0]
      strict-transport-security: [max-age=31536000; includeSubDomains]
      transfer-encoding: [chunked]
      vary: [Accept-Encoding]
      x-content-type-options: [nosniff]
    status: {code: 200, message: OK}
- request:
    body: null
    headers:
      Accept: [application/json]
      Accept-Encoding: ['gzip, deflate']
      CommandName: [postgres server vnet-rule list]
      Connection: [keep-alive]
      Content-Type: [application/json; charset=utf-8]
      User-Agent: [python/3.6.5 (Windows-10-10.0.16299-SP0) requests/2.18.4 msrest/0.4.29
          msrest_azure/0.4.29 azure-mgmt-postgresql/0.1.0 Azure-SDK-For-Python AZURECLI/2.0.32]
      accept-language: [en-US]
    method: GET
    uri: https://management.azure.com/subscriptions/00000000-0000-0000-0000-000000000000/resourceGroups/clitest.rg000001/providers/Microsoft.DBforPostgreSQL/servers/azuredbclitest000002/virtualNetworkRules?api-version=2017-12-01
  response:
    body: {string: '{"value":[{"properties":{"virtualNetworkSubnetId":"/subscriptions/00000000-0000-0000-0000-000000000000/resourceGroups/clitest.rg000001/providers/Microsoft.Network/virtualNetworks/clitestvnet/subnets/clitestsubnet1","ignoreMissingVnetServiceEndpoint":true,"state":"Ready"},"id":"/subscriptions/00000000-0000-0000-0000-000000000000/resourceGroups/clitest.rg000001/providers/Microsoft.DBforPostgreSQL/servers/azuredbclitest000002/virtualNetworkRules/vnet_rule1","name":"vnet_rule1","type":"Microsoft.DBforPostgreSQL/servers/virtualNetworkRules"},{"properties":{"virtualNetworkSubnetId":"/subscriptions/00000000-0000-0000-0000-000000000000/resourceGroups/clitest.rg000001/providers/Microsoft.Network/virtualNetworks/clitestvnet/subnets/clitestsubnet2","ignoreMissingVnetServiceEndpoint":true,"state":"Ready"},"id":"/subscriptions/00000000-0000-0000-0000-000000000000/resourceGroups/clitest.rg000001/providers/Microsoft.DBforPostgreSQL/servers/azuredbclitest000002/virtualNetworkRules/vnet_rule2","name":"vnet_rule2","type":"Microsoft.DBforPostgreSQL/servers/virtualNetworkRules"}]}'}
    headers:
      cache-control: [no-cache]
      content-length: ['1399']
      content-type: [application/json; charset=utf-8]
      date: ['Tue, 08 May 2018 01:22:21 GMT']
      expires: ['-1']
      pragma: [no-cache]
      server: [Microsoft-HTTPAPI/2.0]
      strict-transport-security: [max-age=31536000; includeSubDomains]
      transfer-encoding: [chunked]
      vary: [Accept-Encoding]
      x-content-type-options: [nosniff]
    status: {code: 200, message: OK}
- request:
    body: null
    headers:
      Accept: [application/json]
      Accept-Encoding: ['gzip, deflate']
      CommandName: [postgres server vnet-rule delete]
      Connection: [keep-alive]
      Content-Length: ['0']
      Content-Type: [application/json; charset=utf-8]
      User-Agent: [python/3.6.5 (Windows-10-10.0.16299-SP0) requests/2.18.4 msrest/0.4.29
          msrest_azure/0.4.29 azure-mgmt-postgresql/0.1.0 Azure-SDK-For-Python AZURECLI/2.0.32]
      accept-language: [en-US]
    method: DELETE
    uri: https://management.azure.com/subscriptions/00000000-0000-0000-0000-000000000000/resourceGroups/clitest.rg000001/providers/Microsoft.DBforPostgreSQL/servers/azuredbclitest000002/virtualNetworkRules/vnet_rule1?api-version=2017-12-01
  response:
    body: {string: '{"operation":"DropElasticServerVnetFirewallRule","startTime":"2018-05-08T01:22:24.033Z"}'}
    headers:
      azure-asyncoperation: ['https://management.azure.com/subscriptions/00000000-0000-0000-0000-000000000000/providers/Microsoft.DBforPostgreSQL/locations/brazilsouth/azureAsyncOperation/ef1391ab-04fe-445e-9b07-61d258b71fcf?api-version=2017-12-01']
      cache-control: [no-cache]
      content-length: ['88']
      content-type: [application/json; charset=utf-8]
      date: ['Tue, 08 May 2018 01:22:23 GMT']
      expires: ['-1']
      location: ['https://management.azure.com/subscriptions/00000000-0000-0000-0000-000000000000/providers/Microsoft.DBforPostgreSQL/locations/brazilsouth/operationResults/ef1391ab-04fe-445e-9b07-61d258b71fcf?api-version=2017-12-01']
      pragma: [no-cache]
      server: [Microsoft-HTTPAPI/2.0]
      strict-transport-security: [max-age=31536000; includeSubDomains]
      x-content-type-options: [nosniff]
      x-ms-ratelimit-remaining-subscription-deletes: ['14999']
    status: {code: 202, message: Accepted}
- request:
    body: null
    headers:
      Accept: [application/json]
      Accept-Encoding: ['gzip, deflate']
      CommandName: [postgres server vnet-rule delete]
      Connection: [keep-alive]
      User-Agent: [python/3.6.5 (Windows-10-10.0.16299-SP0) requests/2.18.4 msrest/0.4.29
          msrest_azure/0.4.29 azure-mgmt-postgresql/0.1.0 Azure-SDK-For-Python AZURECLI/2.0.32]
    method: GET
    uri: https://management.azure.com/subscriptions/00000000-0000-0000-0000-000000000000/providers/Microsoft.DBforPostgreSQL/locations/brazilsouth/azureAsyncOperation/ef1391ab-04fe-445e-9b07-61d258b71fcf?api-version=2017-12-01
  response:
    body: {string: '{"name":"ef1391ab-04fe-445e-9b07-61d258b71fcf","status":"Succeeded","startTime":"2018-05-08T01:22:24.033Z"}'}
    headers:
      cache-control: [no-cache]
      content-length: ['107']
      content-type: [application/json; charset=utf-8]
      date: ['Tue, 08 May 2018 01:22:41 GMT']
      expires: ['-1']
      pragma: [no-cache]
      server: [Microsoft-HTTPAPI/2.0]
      strict-transport-security: [max-age=31536000; includeSubDomains]
      transfer-encoding: [chunked]
      vary: [Accept-Encoding]
      x-content-type-options: [nosniff]
    status: {code: 200, message: OK}
- request:
    body: null
    headers:
      Accept: [application/json]
      Accept-Encoding: ['gzip, deflate']
      CommandName: [postgres server vnet-rule list]
      Connection: [keep-alive]
      Content-Type: [application/json; charset=utf-8]
      User-Agent: [python/3.6.5 (Windows-10-10.0.16299-SP0) requests/2.18.4 msrest/0.4.29
          msrest_azure/0.4.29 azure-mgmt-postgresql/0.1.0 Azure-SDK-For-Python AZURECLI/2.0.32]
      accept-language: [en-US]
    method: GET
    uri: https://management.azure.com/subscriptions/00000000-0000-0000-0000-000000000000/resourceGroups/clitest.rg000001/providers/Microsoft.DBforPostgreSQL/servers/azuredbclitest000002/virtualNetworkRules?api-version=2017-12-01
  response:
    body: {string: '{"value":[{"properties":{"virtualNetworkSubnetId":"/subscriptions/00000000-0000-0000-0000-000000000000/resourceGroups/clitest.rg000001/providers/Microsoft.Network/virtualNetworks/clitestvnet/subnets/clitestsubnet2","ignoreMissingVnetServiceEndpoint":true,"state":"Ready"},"id":"/subscriptions/00000000-0000-0000-0000-000000000000/resourceGroups/clitest.rg000001/providers/Microsoft.DBforPostgreSQL/servers/azuredbclitest000002/virtualNetworkRules/vnet_rule2","name":"vnet_rule2","type":"Microsoft.DBforPostgreSQL/servers/virtualNetworkRules"}]}'}
    headers:
      cache-control: [no-cache]
      content-length: ['705']
      content-type: [application/json; charset=utf-8]
      date: ['Tue, 08 May 2018 01:22:42 GMT']
      expires: ['-1']
      pragma: [no-cache]
      server: [Microsoft-HTTPAPI/2.0]
      strict-transport-security: [max-age=31536000; includeSubDomains]
      transfer-encoding: [chunked]
      vary: [Accept-Encoding]
      x-content-type-options: [nosniff]
    status: {code: 200, message: OK}
- request:
    body: null
    headers:
      Accept: [application/json]
      Accept-Encoding: ['gzip, deflate']
      CommandName: [postgres server vnet-rule delete]
      Connection: [keep-alive]
      Content-Length: ['0']
      Content-Type: [application/json; charset=utf-8]
      User-Agent: [python/3.6.5 (Windows-10-10.0.16299-SP0) requests/2.18.4 msrest/0.4.29
          msrest_azure/0.4.29 azure-mgmt-postgresql/0.1.0 Azure-SDK-For-Python AZURECLI/2.0.32]
      accept-language: [en-US]
    method: DELETE
    uri: https://management.azure.com/subscriptions/00000000-0000-0000-0000-000000000000/resourceGroups/clitest.rg000001/providers/Microsoft.DBforPostgreSQL/servers/azuredbclitest000002/virtualNetworkRules/vnet_rule2?api-version=2017-12-01
  response:
    body: {string: '{"operation":"DropElasticServerVnetFirewallRule","startTime":"2018-05-08T01:22:45.69Z"}'}
    headers:
      azure-asyncoperation: ['https://management.azure.com/subscriptions/00000000-0000-0000-0000-000000000000/providers/Microsoft.DBforPostgreSQL/locations/brazilsouth/azureAsyncOperation/111b9234-5f7c-4b35-9c39-a1eee7ae2b0f?api-version=2017-12-01']
      cache-control: [no-cache]
      content-length: ['87']
      content-type: [application/json; charset=utf-8]
      date: ['Tue, 08 May 2018 01:22:44 GMT']
      expires: ['-1']
      location: ['https://management.azure.com/subscriptions/00000000-0000-0000-0000-000000000000/providers/Microsoft.DBforPostgreSQL/locations/brazilsouth/operationResults/111b9234-5f7c-4b35-9c39-a1eee7ae2b0f?api-version=2017-12-01']
      pragma: [no-cache]
      server: [Microsoft-HTTPAPI/2.0]
      strict-transport-security: [max-age=31536000; includeSubDomains]
      x-content-type-options: [nosniff]
      x-ms-ratelimit-remaining-subscription-deletes: ['14998']
    status: {code: 202, message: Accepted}
- request:
    body: null
    headers:
      Accept: [application/json]
      Accept-Encoding: ['gzip, deflate']
      CommandName: [postgres server vnet-rule delete]
      Connection: [keep-alive]
      User-Agent: [python/3.6.5 (Windows-10-10.0.16299-SP0) requests/2.18.4 msrest/0.4.29
          msrest_azure/0.4.29 azure-mgmt-postgresql/0.1.0 Azure-SDK-For-Python AZURECLI/2.0.32]
    method: GET
    uri: https://management.azure.com/subscriptions/00000000-0000-0000-0000-000000000000/providers/Microsoft.DBforPostgreSQL/locations/brazilsouth/azureAsyncOperation/111b9234-5f7c-4b35-9c39-a1eee7ae2b0f?api-version=2017-12-01
  response:
    body: {string: '{"name":"111b9234-5f7c-4b35-9c39-a1eee7ae2b0f","status":"Succeeded","startTime":"2018-05-08T01:22:45.69Z"}'}
    headers:
      cache-control: [no-cache]
      content-length: ['106']
      content-type: [application/json; charset=utf-8]
      date: ['Tue, 08 May 2018 01:23:02 GMT']
      expires: ['-1']
      pragma: [no-cache]
      server: [Microsoft-HTTPAPI/2.0]
      strict-transport-security: [max-age=31536000; includeSubDomains]
      transfer-encoding: [chunked]
      vary: [Accept-Encoding]
      x-content-type-options: [nosniff]
    status: {code: 200, message: OK}
- request:
    body: null
    headers:
      Accept: [application/json]
      Accept-Encoding: ['gzip, deflate']
      CommandName: [postgres server vnet-rule list]
      Connection: [keep-alive]
      Content-Type: [application/json; charset=utf-8]
      User-Agent: [python/3.6.5 (Windows-10-10.0.16299-SP0) requests/2.18.4 msrest/0.4.29
          msrest_azure/0.4.29 azure-mgmt-postgresql/0.1.0 Azure-SDK-For-Python AZURECLI/2.0.32]
      accept-language: [en-US]
    method: GET
    uri: https://management.azure.com/subscriptions/00000000-0000-0000-0000-000000000000/resourceGroups/clitest.rg000001/providers/Microsoft.DBforPostgreSQL/servers/azuredbclitest000002/virtualNetworkRules?api-version=2017-12-01
  response:
    body: {string: '{"value":[]}'}
    headers:
      cache-control: [no-cache]
      content-length: ['12']
      content-type: [application/json; charset=utf-8]
      date: ['Tue, 08 May 2018 01:23:04 GMT']
      expires: ['-1']
      pragma: [no-cache]
      server: [Microsoft-HTTPAPI/2.0]
      strict-transport-security: [max-age=31536000; includeSubDomains]
      transfer-encoding: [chunked]
      vary: [Accept-Encoding]
      x-content-type-options: [nosniff]
    status: {code: 200, message: OK}
- request:
    body: null
    headers:
      Accept: [application/json]
      Accept-Encoding: ['gzip, deflate']
      CommandName: [postgres db list]
      Connection: [keep-alive]
      Content-Type: [application/json; charset=utf-8]
      User-Agent: [python/3.6.5 (Windows-10-10.0.16299-SP0) requests/2.18.4 msrest/0.4.29
          msrest_azure/0.4.29 azure-mgmt-rdbms/2017-12-01 Azure-SDK-For-Python AZURECLI/2.0.32]
      accept-language: [en-US]
    method: GET
    uri: https://management.azure.com/subscriptions/00000000-0000-0000-0000-000000000000/resourceGroups/clitest.rg000001/providers/Microsoft.DBforPostgreSQL/servers/azuredbclitest000002/databases?api-version=2017-12-01
  response:
    body: {string: '{"value":[{"properties":{"charset":"UTF8","collation":"English_United
        States.1252"},"id":"/subscriptions/00000000-0000-0000-0000-000000000000/resourceGroups/clitest.rg000001/providers/Microsoft.DBforPostgreSQL/servers/azuredbclitest000002/databases/postgres","name":"postgres","type":"Microsoft.DBforPostgreSQL/servers/databases"}]}'}
    headers:
      cache-control: [no-cache]
      content-length: ['434']
      content-type: [application/json; charset=utf-8]
      date: ['Tue, 08 May 2018 01:23:06 GMT']
      expires: ['-1']
      pragma: [no-cache]
      server: [Microsoft-HTTPAPI/2.0]
      strict-transport-security: [max-age=31536000; includeSubDomains]
      transfer-encoding: [chunked]
      vary: [Accept-Encoding]
      x-content-type-options: [nosniff]
    status: {code: 200, message: OK}
- request:
    body: null
    headers:
      Accept: [application/json]
      Accept-Encoding: ['gzip, deflate']
      CommandName: [postgres server configuration show]
      Connection: [keep-alive]
      Content-Type: [application/json; charset=utf-8]
      User-Agent: [python/3.6.5 (Windows-10-10.0.16299-SP0) requests/2.18.4 msrest/0.4.29
          msrest_azure/0.4.29 azure-mgmt-rdbms/2017-12-01 Azure-SDK-For-Python AZURECLI/2.0.32]
      accept-language: [en-US]
    method: GET
    uri: https://management.azure.com/subscriptions/00000000-0000-0000-0000-000000000000/resourceGroups/clitest.rg000001/providers/Microsoft.DBforPostgreSQL/servers/azuredbclitest000002/configurations/array_nulls?api-version=2017-12-01
  response:
    body: {string: '{"properties":{"value":"on","description":"Enable input of NULL
        elements in arrays.","defaultValue":"on","dataType":"Boolean","allowedValues":"on,off","source":"system-default"},"id":"/subscriptions/00000000-0000-0000-0000-000000000000/resourceGroups/clitest.rg000001/providers/Microsoft.DBforPostgreSQL/servers/azuredbclitest000002/configurations/array_nulls","name":"array_nulls","type":"Microsoft.DBforPostgreSQL/servers/configurations"}'}
    headers:
      cache-control: [no-cache]
      content-length: ['542']
      content-type: [application/json; charset=utf-8]
      date: ['Tue, 08 May 2018 01:23:08 GMT']
      expires: ['-1']
      pragma: [no-cache]
      server: [Microsoft-HTTPAPI/2.0]
      strict-transport-security: [max-age=31536000; includeSubDomains]
      transfer-encoding: [chunked]
      vary: [Accept-Encoding]
      x-content-type-options: [nosniff]
    status: {code: 200, message: OK}
- request:
    body: '{"properties": {"value": "off"}}'
    headers:
      Accept: [application/json]
      Accept-Encoding: ['gzip, deflate']
      CommandName: [postgres server configuration set]
      Connection: [keep-alive]
      Content-Length: ['32']
      Content-Type: [application/json; charset=utf-8]
      User-Agent: [python/3.6.5 (Windows-10-10.0.16299-SP0) requests/2.18.4 msrest/0.4.29
          msrest_azure/0.4.29 azure-mgmt-rdbms/2017-12-01 Azure-SDK-For-Python AZURECLI/2.0.32]
      accept-language: [en-US]
    method: PUT
    uri: https://management.azure.com/subscriptions/00000000-0000-0000-0000-000000000000/resourceGroups/clitest.rg000001/providers/Microsoft.DBforPostgreSQL/servers/azuredbclitest000002/configurations/array_nulls?api-version=2017-12-01
  response:
    body: {string: '{"operation":"UpdateElasticServerConfig","startTime":"2018-05-08T01:23:11.38Z"}'}
    headers:
      azure-asyncoperation: ['https://management.azure.com/subscriptions/00000000-0000-0000-0000-000000000000/providers/Microsoft.DBforPostgreSQL/locations/brazilsouth/azureAsyncOperation/7f092593-b61b-4521-9358-21bafc7f7e72?api-version=2017-12-01']
      cache-control: [no-cache]
      content-length: ['79']
      content-type: [application/json; charset=utf-8]
      date: ['Tue, 08 May 2018 01:23:10 GMT']
      expires: ['-1']
      location: ['https://management.azure.com/subscriptions/00000000-0000-0000-0000-000000000000/providers/Microsoft.DBforPostgreSQL/locations/brazilsouth/operationResults/7f092593-b61b-4521-9358-21bafc7f7e72?api-version=2017-12-01']
      pragma: [no-cache]
      server: [Microsoft-HTTPAPI/2.0]
      strict-transport-security: [max-age=31536000; includeSubDomains]
      x-content-type-options: [nosniff]
      x-ms-ratelimit-remaining-subscription-writes: ['1197']
    status: {code: 202, message: Accepted}
- request:
    body: null
    headers:
      Accept: [application/json]
      Accept-Encoding: ['gzip, deflate']
      CommandName: [postgres server configuration set]
      Connection: [keep-alive]
      User-Agent: [python/3.6.5 (Windows-10-10.0.16299-SP0) requests/2.18.4 msrest/0.4.29
          msrest_azure/0.4.29 azure-mgmt-rdbms/2017-12-01 Azure-SDK-For-Python AZURECLI/2.0.32]
    method: GET
    uri: https://management.azure.com/subscriptions/00000000-0000-0000-0000-000000000000/providers/Microsoft.DBforPostgreSQL/locations/brazilsouth/azureAsyncOperation/7f092593-b61b-4521-9358-21bafc7f7e72?api-version=2017-12-01
  response:
    body: {string: '{"name":"7f092593-b61b-4521-9358-21bafc7f7e72","status":"Succeeded","startTime":"2018-05-08T01:23:11.38Z"}'}
    headers:
      cache-control: [no-cache]
      content-length: ['106']
      content-type: [application/json; charset=utf-8]
      date: ['Tue, 08 May 2018 01:23:28 GMT']
      expires: ['-1']
      pragma: [no-cache]
      server: [Microsoft-HTTPAPI/2.0]
      strict-transport-security: [max-age=31536000; includeSubDomains]
      transfer-encoding: [chunked]
      vary: [Accept-Encoding]
      x-content-type-options: [nosniff]
    status: {code: 200, message: OK}
- request:
    body: null
    headers:
      Accept: [application/json]
      Accept-Encoding: ['gzip, deflate']
      CommandName: [postgres server configuration set]
      Connection: [keep-alive]
      User-Agent: [python/3.6.5 (Windows-10-10.0.16299-SP0) requests/2.18.4 msrest/0.4.29
          msrest_azure/0.4.29 azure-mgmt-rdbms/2017-12-01 Azure-SDK-For-Python AZURECLI/2.0.32]
    method: GET
    uri: https://management.azure.com/subscriptions/00000000-0000-0000-0000-000000000000/resourceGroups/clitest.rg000001/providers/Microsoft.DBforPostgreSQL/servers/azuredbclitest000002/configurations/array_nulls?api-version=2017-12-01
  response:
    body: {string: '{"properties":{"value":"off","description":"Enable input of NULL
        elements in arrays.","defaultValue":"on","dataType":"Boolean","allowedValues":"on,off","source":"user-override"},"id":"/subscriptions/00000000-0000-0000-0000-000000000000/resourceGroups/clitest.rg000001/providers/Microsoft.DBforPostgreSQL/servers/azuredbclitest000002/configurations/array_nulls","name":"array_nulls","type":"Microsoft.DBforPostgreSQL/servers/configurations"}'}
    headers:
      cache-control: [no-cache]
      content-length: ['542']
      content-type: [application/json; charset=utf-8]
      date: ['Tue, 08 May 2018 01:23:30 GMT']
      expires: ['-1']
      pragma: [no-cache]
      server: [Microsoft-HTTPAPI/2.0]
      strict-transport-security: [max-age=31536000; includeSubDomains]
      transfer-encoding: [chunked]
      vary: [Accept-Encoding]
      x-content-type-options: [nosniff]
    status: {code: 200, message: OK}
- request:
    body: '{"properties": {"source": "system-default"}}'
    headers:
      Accept: [application/json]
      Accept-Encoding: ['gzip, deflate']
      CommandName: [postgres server configuration set]
      Connection: [keep-alive]
      Content-Length: ['44']
      Content-Type: [application/json; charset=utf-8]
      User-Agent: [python/3.6.5 (Windows-10-10.0.16299-SP0) requests/2.18.4 msrest/0.4.29
          msrest_azure/0.4.29 azure-mgmt-rdbms/2017-12-01 Azure-SDK-For-Python AZURECLI/2.0.32]
      accept-language: [en-US]
    method: PUT
    uri: https://management.azure.com/subscriptions/00000000-0000-0000-0000-000000000000/resourceGroups/clitest.rg000001/providers/Microsoft.DBforPostgreSQL/servers/azuredbclitest000002/configurations/array_nulls?api-version=2017-12-01
  response:
    body: {string: '{"operation":"UpdateElasticServerConfig","startTime":"2018-05-08T01:23:37.127Z"}'}
    headers:
      azure-asyncoperation: ['https://management.azure.com/subscriptions/00000000-0000-0000-0000-000000000000/providers/Microsoft.DBforPostgreSQL/locations/brazilsouth/azureAsyncOperation/311163f8-bb4c-4bb3-be60-d5ea7e7f2c95?api-version=2017-12-01']
      cache-control: [no-cache]
      content-length: ['80']
      content-type: [application/json; charset=utf-8]
      date: ['Tue, 08 May 2018 01:23:36 GMT']
      expires: ['-1']
      location: ['https://management.azure.com/subscriptions/00000000-0000-0000-0000-000000000000/providers/Microsoft.DBforPostgreSQL/locations/brazilsouth/operationResults/311163f8-bb4c-4bb3-be60-d5ea7e7f2c95?api-version=2017-12-01']
      pragma: [no-cache]
      server: [Microsoft-HTTPAPI/2.0]
      strict-transport-security: [max-age=31536000; includeSubDomains]
      x-content-type-options: [nosniff]
      x-ms-ratelimit-remaining-subscription-writes: ['1199']
    status: {code: 202, message: Accepted}
- request:
    body: null
    headers:
      Accept: [application/json]
      Accept-Encoding: ['gzip, deflate']
      CommandName: [postgres server configuration set]
      Connection: [keep-alive]
      User-Agent: [python/3.6.5 (Windows-10-10.0.16299-SP0) requests/2.18.4 msrest/0.4.29
          msrest_azure/0.4.29 azure-mgmt-rdbms/2017-12-01 Azure-SDK-For-Python AZURECLI/2.0.32]
    method: GET
    uri: https://management.azure.com/subscriptions/00000000-0000-0000-0000-000000000000/providers/Microsoft.DBforPostgreSQL/locations/brazilsouth/azureAsyncOperation/311163f8-bb4c-4bb3-be60-d5ea7e7f2c95?api-version=2017-12-01
  response:
    body: {string: '{"name":"311163f8-bb4c-4bb3-be60-d5ea7e7f2c95","status":"Succeeded","startTime":"2018-05-08T01:23:37.127Z"}'}
    headers:
      cache-control: [no-cache]
      content-length: ['107']
      content-type: [application/json; charset=utf-8]
      date: ['Tue, 08 May 2018 01:23:53 GMT']
      expires: ['-1']
      pragma: [no-cache]
      server: [Microsoft-HTTPAPI/2.0]
      strict-transport-security: [max-age=31536000; includeSubDomains]
      transfer-encoding: [chunked]
      vary: [Accept-Encoding]
      x-content-type-options: [nosniff]
    status: {code: 200, message: OK}
- request:
    body: null
    headers:
      Accept: [application/json]
      Accept-Encoding: ['gzip, deflate']
      CommandName: [postgres server configuration set]
      Connection: [keep-alive]
      User-Agent: [python/3.6.5 (Windows-10-10.0.16299-SP0) requests/2.18.4 msrest/0.4.29
          msrest_azure/0.4.29 azure-mgmt-rdbms/2017-12-01 Azure-SDK-For-Python AZURECLI/2.0.32]
    method: GET
    uri: https://management.azure.com/subscriptions/00000000-0000-0000-0000-000000000000/resourceGroups/clitest.rg000001/providers/Microsoft.DBforPostgreSQL/servers/azuredbclitest000002/configurations/array_nulls?api-version=2017-12-01
  response:
    body: {string: '{"properties":{"value":"on","description":"Enable input of NULL
        elements in arrays.","defaultValue":"on","dataType":"Boolean","allowedValues":"on,off","source":"system-default"},"id":"/subscriptions/00000000-0000-0000-0000-000000000000/resourceGroups/clitest.rg000001/providers/Microsoft.DBforPostgreSQL/servers/azuredbclitest000002/configurations/array_nulls","name":"array_nulls","type":"Microsoft.DBforPostgreSQL/servers/configurations"}'}
    headers:
      cache-control: [no-cache]
      content-length: ['542']
      content-type: [application/json; charset=utf-8]
      date: ['Tue, 08 May 2018 01:23:56 GMT']
      expires: ['-1']
      pragma: [no-cache]
      server: [Microsoft-HTTPAPI/2.0]
      strict-transport-security: [max-age=31536000; includeSubDomains]
      transfer-encoding: [chunked]
      vary: [Accept-Encoding]
      x-content-type-options: [nosniff]
    status: {code: 200, message: OK}
- request:
    body: null
    headers:
      Accept: [application/json]
      Accept-Encoding: ['gzip, deflate']
      CommandName: [postgres server configuration list]
      Connection: [keep-alive]
      Content-Type: [application/json; charset=utf-8]
      User-Agent: [python/3.6.5 (Windows-10-10.0.16299-SP0) requests/2.18.4 msrest/0.4.29
          msrest_azure/0.4.29 azure-mgmt-rdbms/2017-12-01 Azure-SDK-For-Python AZURECLI/2.0.32]
      accept-language: [en-US]
    method: GET
    uri: https://management.azure.com/subscriptions/00000000-0000-0000-0000-000000000000/resourceGroups/clitest.rg000001/providers/Microsoft.DBforPostgreSQL/servers/azuredbclitest000002/configurations?api-version=2017-12-01
  response:
    body: {string: '{"value":[{"properties":{"value":"on","description":"Enable input
        of NULL elements in arrays.","defaultValue":"on","dataType":"Boolean","allowedValues":"on,off","source":"system-default"},"id":"/subscriptions/00000000-0000-0000-0000-000000000000/resourceGroups/clitest.rg000001/providers/Microsoft.DBforPostgreSQL/servers/azuredbclitest000002/configurations/array_nulls","name":"array_nulls","type":"Microsoft.DBforPostgreSQL/servers/configurations"},{"properties":{"value":"safe_encoding","description":"Sets
        whether \"\\''\" is allowed in string literals.","defaultValue":"safe_encoding","dataType":"Enumeration","allowedValues":"safe_encoding,on,off","source":"system-default"},"id":"/subscriptions/00000000-0000-0000-0000-000000000000/resourceGroups/clitest.rg000001/providers/Microsoft.DBforPostgreSQL/servers/azuredbclitest000002/configurations/backslash_quote","name":"backslash_quote","type":"Microsoft.DBforPostgreSQL/servers/configurations"},{"properties":{"value":"hex","description":"Sets
        the output format for bytea.","defaultValue":"hex","dataType":"Enumeration","allowedValues":"escape,hex","source":"system-default"},"id":"/subscriptions/00000000-0000-0000-0000-000000000000/resourceGroups/clitest.rg000001/providers/Microsoft.DBforPostgreSQL/servers/azuredbclitest000002/configurations/bytea_output","name":"bytea_output","type":"Microsoft.DBforPostgreSQL/servers/configurations"},{"properties":{"value":"on","description":"Check
        function bodies during CREATE FUNCTION.","defaultValue":"on","dataType":"Boolean","allowedValues":"on,off","source":"system-default"},"id":"/subscriptions/00000000-0000-0000-0000-000000000000/resourceGroups/clitest.rg000001/providers/Microsoft.DBforPostgreSQL/servers/azuredbclitest000002/configurations/check_function_bodies","name":"check_function_bodies","type":"Microsoft.DBforPostgreSQL/servers/configurations"},{"properties":{"value":"sql_ascii","description":"Sets
        the client''s character set encoding.","defaultValue":"sql_ascii","dataType":"Enumeration","allowedValues":"BIG5,EUC_CN,EUC_JP,EUC_JIS_2004,EUC_KR,EUC_TW,GB18030,GBK,ISO_8859_5,ISO_8859_6,ISO_8859_7,ISO_8859_8,JOHAB,KOI8R,KOI8U,LATIN1,LATIN2,LATIN3,LATIN4,LATIN5,LATIN6,LATIN7,LATIN8,LATIN9,LATIN10,MULE_INTERNAL,SJIS,SHIFT_JIS_2004,SQL_ASCII,UHC,UTF8,WIN866,WIN874,WIN1250,WIN1251,WIN1252,WIN1253,WIN1254,WIN1255,WIN1256,WIN1257,WIN1258","source":"system-default"},"id":"/subscriptions/00000000-0000-0000-0000-000000000000/resourceGroups/clitest.rg000001/providers/Microsoft.DBforPostgreSQL/servers/azuredbclitest000002/configurations/client_encoding","name":"client_encoding","type":"Microsoft.DBforPostgreSQL/servers/configurations"},{"properties":{"value":"notice","description":"Sets
        the message levels that are sent to the client.","defaultValue":"notice","dataType":"Enumeration","allowedValues":"debug5,debug4,debug3,debug2,debug1,log,notice,warning,error","source":"system-default"},"id":"/subscriptions/00000000-0000-0000-0000-000000000000/resourceGroups/clitest.rg000001/providers/Microsoft.DBforPostgreSQL/servers/azuredbclitest000002/configurations/client_min_messages","name":"client_min_messages","type":"Microsoft.DBforPostgreSQL/servers/configurations"},{"properties":{"value":"partition","description":"Enables
        the planner to use constraints to optimize queries.","defaultValue":"partition","dataType":"Enumeration","allowedValues":"partition,on,off","source":"system-default"},"id":"/subscriptions/00000000-0000-0000-0000-000000000000/resourceGroups/clitest.rg000001/providers/Microsoft.DBforPostgreSQL/servers/azuredbclitest000002/configurations/constraint_exclusion","name":"constraint_exclusion","type":"Microsoft.DBforPostgreSQL/servers/configurations"},{"properties":{"value":"0.005","description":"Sets
        the planner''s estimate of the cost of processing each index entry during
        an index scan.","defaultValue":"0.005","dataType":"Numeric","allowedValues":"0-1.79769e+308","source":"system-default"},"id":"/subscriptions/00000000-0000-0000-0000-000000000000/resourceGroups/clitest.rg000001/providers/Microsoft.DBforPostgreSQL/servers/azuredbclitest000002/configurations/cpu_index_tuple_cost","name":"cpu_index_tuple_cost","type":"Microsoft.DBforPostgreSQL/servers/configurations"},{"properties":{"value":"0.0025","description":"Sets
        the planner''s estimate of the cost of processing each operator or function
        call.","defaultValue":"0.0025","dataType":"Numeric","allowedValues":"0-1.79769e+308","source":"system-default"},"id":"/subscriptions/00000000-0000-0000-0000-000000000000/resourceGroups/clitest.rg000001/providers/Microsoft.DBforPostgreSQL/servers/azuredbclitest000002/configurations/cpu_operator_cost","name":"cpu_operator_cost","type":"Microsoft.DBforPostgreSQL/servers/configurations"},{"properties":{"value":"0.01","description":"Sets
        the planner''s estimate of the cost of processing each tuple (row).","defaultValue":"0.01","dataType":"Numeric","allowedValues":"0-1.79769e+308","source":"system-default"},"id":"/subscriptions/00000000-0000-0000-0000-000000000000/resourceGroups/clitest.rg000001/providers/Microsoft.DBforPostgreSQL/servers/azuredbclitest000002/configurations/cpu_tuple_cost","name":"cpu_tuple_cost","type":"Microsoft.DBforPostgreSQL/servers/configurations"},{"properties":{"value":"0.1","description":"Sets
        the planner''s estimate of the fraction of a cursor''s rows that will be retrieved.","defaultValue":"0.1","dataType":"Numeric","allowedValues":"0-1","source":"system-default"},"id":"/subscriptions/00000000-0000-0000-0000-000000000000/resourceGroups/clitest.rg000001/providers/Microsoft.DBforPostgreSQL/servers/azuredbclitest000002/configurations/cursor_tuple_fraction","name":"cursor_tuple_fraction","type":"Microsoft.DBforPostgreSQL/servers/configurations"},{"properties":{"value":"iso,
        mdy","description":"Sets the display format for date and time values.","defaultValue":"iso,
        mdy","dataType":"String","allowedValues":"(iso|postgres|sql|german)\\,\\s(dmy|mdy|ymd)","source":"system-default"},"id":"/subscriptions/00000000-0000-0000-0000-000000000000/resourceGroups/clitest.rg000001/providers/Microsoft.DBforPostgreSQL/servers/azuredbclitest000002/configurations/datestyle","name":"datestyle","type":"Microsoft.DBforPostgreSQL/servers/configurations"},{"properties":{"value":"1000","description":"Sets
        the amount of time, in milliseconds, to wait on a lock before checking for
        deadlock.","defaultValue":"1000","dataType":"Integer","allowedValues":"1-2147483647","source":"system-default"},"id":"/subscriptions/00000000-0000-0000-0000-000000000000/resourceGroups/clitest.rg000001/providers/Microsoft.DBforPostgreSQL/servers/azuredbclitest000002/configurations/deadlock_timeout","name":"deadlock_timeout","type":"Microsoft.DBforPostgreSQL/servers/configurations"},{"properties":{"value":"off","description":"Logs
        each query''s execution plan.","defaultValue":"off","dataType":"Boolean","allowedValues":"on,off","source":"system-default"},"id":"/subscriptions/00000000-0000-0000-0000-000000000000/resourceGroups/clitest.rg000001/providers/Microsoft.DBforPostgreSQL/servers/azuredbclitest000002/configurations/debug_print_plan","name":"debug_print_plan","type":"Microsoft.DBforPostgreSQL/servers/configurations"},{"properties":{"value":"off","description":"Logs
        each query''s rewritten parse tree.","defaultValue":"off","dataType":"Boolean","allowedValues":"on,off","source":"system-default"},"id":"/subscriptions/00000000-0000-0000-0000-000000000000/resourceGroups/clitest.rg000001/providers/Microsoft.DBforPostgreSQL/servers/azuredbclitest000002/configurations/debug_print_rewritten","name":"debug_print_rewritten","type":"Microsoft.DBforPostgreSQL/servers/configurations"},{"properties":{"value":"100","description":"Sets
        the default statistics target.","defaultValue":"100","dataType":"Integer","allowedValues":"1-10000","source":"system-default"},"id":"/subscriptions/00000000-0000-0000-0000-000000000000/resourceGroups/clitest.rg000001/providers/Microsoft.DBforPostgreSQL/servers/azuredbclitest000002/configurations/default_statistics_target","name":"default_statistics_target","type":"Microsoft.DBforPostgreSQL/servers/configurations"},{"properties":{"value":"pg_catalog.english","description":"Sets
        default text search configuration.","defaultValue":"pg_catalog.english","dataType":"String","allowedValues":"[A-Za-z\\._]+","source":"system-default"},"id":"/subscriptions/00000000-0000-0000-0000-000000000000/resourceGroups/clitest.rg000001/providers/Microsoft.DBforPostgreSQL/servers/azuredbclitest000002/configurations/default_text_search_config","name":"default_text_search_config","type":"Microsoft.DBforPostgreSQL/servers/configurations"},{"properties":{"value":"off","description":"Sets
        the default deferrable status of new transactions.","defaultValue":"off","dataType":"Boolean","allowedValues":"on,off","source":"system-default"},"id":"/subscriptions/00000000-0000-0000-0000-000000000000/resourceGroups/clitest.rg000001/providers/Microsoft.DBforPostgreSQL/servers/azuredbclitest000002/configurations/default_transaction_deferrable","name":"default_transaction_deferrable","type":"Microsoft.DBforPostgreSQL/servers/configurations"},{"properties":{"value":"read
        committed","description":"Sets the transaction isolation level of each new
        transaction.","defaultValue":"read committed","dataType":"Enumeration","allowedValues":"serializable,repeatable
        read,read committed,read uncommitted","source":"system-default"},"id":"/subscriptions/00000000-0000-0000-0000-000000000000/resourceGroups/clitest.rg000001/providers/Microsoft.DBforPostgreSQL/servers/azuredbclitest000002/configurations/default_transaction_isolation","name":"default_transaction_isolation","type":"Microsoft.DBforPostgreSQL/servers/configurations"},{"properties":{"value":"off","description":"Sets
        the default read-only status of new transactions.","defaultValue":"off","dataType":"Boolean","allowedValues":"on,off","source":"system-default"},"id":"/subscriptions/00000000-0000-0000-0000-000000000000/resourceGroups/clitest.rg000001/providers/Microsoft.DBforPostgreSQL/servers/azuredbclitest000002/configurations/default_transaction_read_only","name":"default_transaction_read_only","type":"Microsoft.DBforPostgreSQL/servers/configurations"},{"properties":{"value":"off","description":"Create
        new tables with OIDs by default.","defaultValue":"off","dataType":"Boolean","allowedValues":"on,off","source":"system-default"},"id":"/subscriptions/00000000-0000-0000-0000-000000000000/resourceGroups/clitest.rg000001/providers/Microsoft.DBforPostgreSQL/servers/azuredbclitest000002/configurations/default_with_oids","name":"default_with_oids","type":"Microsoft.DBforPostgreSQL/servers/configurations"},{"properties":{"value":"on","description":"Enables
        the planner''s use of bitmap-scan plans.","defaultValue":"on","dataType":"Boolean","allowedValues":"on,off","source":"system-default"},"id":"/subscriptions/00000000-0000-0000-0000-000000000000/resourceGroups/clitest.rg000001/providers/Microsoft.DBforPostgreSQL/servers/azuredbclitest000002/configurations/enable_bitmapscan","name":"enable_bitmapscan","type":"Microsoft.DBforPostgreSQL/servers/configurations"},{"properties":{"value":"on","description":"Enables
        the planner''s use of hashed aggregation plans.","defaultValue":"on","dataType":"Boolean","allowedValues":"on,off","source":"system-default"},"id":"/subscriptions/00000000-0000-0000-0000-000000000000/resourceGroups/clitest.rg000001/providers/Microsoft.DBforPostgreSQL/servers/azuredbclitest000002/configurations/enable_hashagg","name":"enable_hashagg","type":"Microsoft.DBforPostgreSQL/servers/configurations"},{"properties":{"value":"on","description":"Enables
        the planner''s use of hash join plans.","defaultValue":"on","dataType":"Boolean","allowedValues":"on,off","source":"system-default"},"id":"/subscriptions/00000000-0000-0000-0000-000000000000/resourceGroups/clitest.rg000001/providers/Microsoft.DBforPostgreSQL/servers/azuredbclitest000002/configurations/enable_hashjoin","name":"enable_hashjoin","type":"Microsoft.DBforPostgreSQL/servers/configurations"},{"properties":{"value":"on","description":"Enables
        the planner''s use of index-only-scan plans.","defaultValue":"on","dataType":"Boolean","allowedValues":"on,off","source":"system-default"},"id":"/subscriptions/00000000-0000-0000-0000-000000000000/resourceGroups/clitest.rg000001/providers/Microsoft.DBforPostgreSQL/servers/azuredbclitest000002/configurations/enable_indexonlyscan","name":"enable_indexonlyscan","type":"Microsoft.DBforPostgreSQL/servers/configurations"},{"properties":{"value":"on","description":"Enables
        the planner''s use of index-scan plans.","defaultValue":"on","dataType":"Boolean","allowedValues":"on,off","source":"system-default"},"id":"/subscriptions/00000000-0000-0000-0000-000000000000/resourceGroups/clitest.rg000001/providers/Microsoft.DBforPostgreSQL/servers/azuredbclitest000002/configurations/enable_indexscan","name":"enable_indexscan","type":"Microsoft.DBforPostgreSQL/servers/configurations"},{"properties":{"value":"on","description":"Enables
        the planner''s use of materialization.","defaultValue":"on","dataType":"Boolean","allowedValues":"on,off","source":"system-default"},"id":"/subscriptions/00000000-0000-0000-0000-000000000000/resourceGroups/clitest.rg000001/providers/Microsoft.DBforPostgreSQL/servers/azuredbclitest000002/configurations/enable_material","name":"enable_material","type":"Microsoft.DBforPostgreSQL/servers/configurations"},{"properties":{"value":"on","description":"Enables
        the planner''s use of merge join plans.","defaultValue":"on","dataType":"Boolean","allowedValues":"on,off","source":"system-default"},"id":"/subscriptions/00000000-0000-0000-0000-000000000000/resourceGroups/clitest.rg000001/providers/Microsoft.DBforPostgreSQL/servers/azuredbclitest000002/configurations/enable_mergejoin","name":"enable_mergejoin","type":"Microsoft.DBforPostgreSQL/servers/configurations"},{"properties":{"value":"on","description":"Enables
        the planner''s use of nested-loop join plans.","defaultValue":"on","dataType":"Boolean","allowedValues":"on,off","source":"system-default"},"id":"/subscriptions/00000000-0000-0000-0000-000000000000/resourceGroups/clitest.rg000001/providers/Microsoft.DBforPostgreSQL/servers/azuredbclitest000002/configurations/enable_nestloop","name":"enable_nestloop","type":"Microsoft.DBforPostgreSQL/servers/configurations"},{"properties":{"value":"on","description":"Enables
        the planner''s use of sequential-scan plans.","defaultValue":"on","dataType":"Boolean","allowedValues":"on,off","source":"system-default"},"id":"/subscriptions/00000000-0000-0000-0000-000000000000/resourceGroups/clitest.rg000001/providers/Microsoft.DBforPostgreSQL/servers/azuredbclitest000002/configurations/enable_seqscan","name":"enable_seqscan","type":"Microsoft.DBforPostgreSQL/servers/configurations"},{"properties":{"value":"on","description":"Enables
        the planner''s use of explicit sort steps.","defaultValue":"on","dataType":"Boolean","allowedValues":"on,off","source":"system-default"},"id":"/subscriptions/00000000-0000-0000-0000-000000000000/resourceGroups/clitest.rg000001/providers/Microsoft.DBforPostgreSQL/servers/azuredbclitest000002/configurations/enable_sort","name":"enable_sort","type":"Microsoft.DBforPostgreSQL/servers/configurations"},{"properties":{"value":"on","description":"Enables
        the planner''s use of TID scan plans.","defaultValue":"on","dataType":"Boolean","allowedValues":"on,off","source":"system-default"},"id":"/subscriptions/00000000-0000-0000-0000-000000000000/resourceGroups/clitest.rg000001/providers/Microsoft.DBforPostgreSQL/servers/azuredbclitest000002/configurations/enable_tidscan","name":"enable_tidscan","type":"Microsoft.DBforPostgreSQL/servers/configurations"},{"properties":{"value":"on","description":"Warn
        about backslash escapes in ordinary string literals.","defaultValue":"on","dataType":"Boolean","allowedValues":"on,off","source":"system-default"},"id":"/subscriptions/00000000-0000-0000-0000-000000000000/resourceGroups/clitest.rg000001/providers/Microsoft.DBforPostgreSQL/servers/azuredbclitest000002/configurations/escape_string_warning","name":"escape_string_warning","type":"Microsoft.DBforPostgreSQL/servers/configurations"},{"properties":{"value":"off","description":"Terminate
        session on any error.","defaultValue":"off","dataType":"Boolean","allowedValues":"on,off","source":"system-default"},"id":"/subscriptions/00000000-0000-0000-0000-000000000000/resourceGroups/clitest.rg000001/providers/Microsoft.DBforPostgreSQL/servers/azuredbclitest000002/configurations/exit_on_error","name":"exit_on_error","type":"Microsoft.DBforPostgreSQL/servers/configurations"},{"properties":{"value":"0","description":"Sets
        the number of digits displayed for floating-point values.","defaultValue":"0","dataType":"Integer","allowedValues":"-15-3","source":"system-default"},"id":"/subscriptions/00000000-0000-0000-0000-000000000000/resourceGroups/clitest.rg000001/providers/Microsoft.DBforPostgreSQL/servers/azuredbclitest000002/configurations/extra_float_digits","name":"extra_float_digits","type":"Microsoft.DBforPostgreSQL/servers/configurations"},{"properties":{"value":"8","description":"Sets
        the FROM-list size beyond which subqueries are not collapsed.","defaultValue":"8","dataType":"Integer","allowedValues":"1-2147483647","source":"system-default"},"id":"/subscriptions/00000000-0000-0000-0000-000000000000/resourceGroups/clitest.rg000001/providers/Microsoft.DBforPostgreSQL/servers/azuredbclitest000002/configurations/from_collapse_limit","name":"from_collapse_limit","type":"Microsoft.DBforPostgreSQL/servers/configurations"},{"properties":{"value":"on","description":"Enables
        genetic query optimization.","defaultValue":"on","dataType":"Boolean","allowedValues":"on,off","source":"system-default"},"id":"/subscriptions/00000000-0000-0000-0000-000000000000/resourceGroups/clitest.rg000001/providers/Microsoft.DBforPostgreSQL/servers/azuredbclitest000002/configurations/geqo","name":"geqo","type":"Microsoft.DBforPostgreSQL/servers/configurations"},{"properties":{"value":"5","description":"GEQO:
        effort is used to set the default for other GEQO parameters.","defaultValue":"5","dataType":"Integer","allowedValues":"1-10","source":"system-default"},"id":"/subscriptions/00000000-0000-0000-0000-000000000000/resourceGroups/clitest.rg000001/providers/Microsoft.DBforPostgreSQL/servers/azuredbclitest000002/configurations/geqo_effort","name":"geqo_effort","type":"Microsoft.DBforPostgreSQL/servers/configurations"},{"properties":{"value":"0","description":"GEQO:
        number of iterations of the algorithm.","defaultValue":"0","dataType":"Integer","allowedValues":"0-2147483647","source":"system-default"},"id":"/subscriptions/00000000-0000-0000-0000-000000000000/resourceGroups/clitest.rg000001/providers/Microsoft.DBforPostgreSQL/servers/azuredbclitest000002/configurations/geqo_generations","name":"geqo_generations","type":"Microsoft.DBforPostgreSQL/servers/configurations"},{"properties":{"value":"0","description":"GEQO:
        number of individuals in the population.","defaultValue":"0","dataType":"Integer","allowedValues":"0-2147483647","source":"system-default"},"id":"/subscriptions/00000000-0000-0000-0000-000000000000/resourceGroups/clitest.rg000001/providers/Microsoft.DBforPostgreSQL/servers/azuredbclitest000002/configurations/geqo_pool_size","name":"geqo_pool_size","type":"Microsoft.DBforPostgreSQL/servers/configurations"},{"properties":{"value":"0.0","description":"GEQO:
        seed for random path selection.","defaultValue":"0.0","dataType":"Numeric","allowedValues":"0-1","source":"system-default"},"id":"/subscriptions/00000000-0000-0000-0000-000000000000/resourceGroups/clitest.rg000001/providers/Microsoft.DBforPostgreSQL/servers/azuredbclitest000002/configurations/geqo_seed","name":"geqo_seed","type":"Microsoft.DBforPostgreSQL/servers/configurations"},{"properties":{"value":"2.0","description":"GEQO:
        selective pressure within the population.","defaultValue":"2.0","dataType":"Numeric","allowedValues":"1.5-2","source":"system-default"},"id":"/subscriptions/00000000-0000-0000-0000-000000000000/resourceGroups/clitest.rg000001/providers/Microsoft.DBforPostgreSQL/servers/azuredbclitest000002/configurations/geqo_selection_bias","name":"geqo_selection_bias","type":"Microsoft.DBforPostgreSQL/servers/configurations"},{"properties":{"value":"12","description":"Sets
        the threshold of FROM items beyond which GEQO is used.","defaultValue":"12","dataType":"Integer","allowedValues":"2-2147483647","source":"system-default"},"id":"/subscriptions/00000000-0000-0000-0000-000000000000/resourceGroups/clitest.rg000001/providers/Microsoft.DBforPostgreSQL/servers/azuredbclitest000002/configurations/geqo_threshold","name":"geqo_threshold","type":"Microsoft.DBforPostgreSQL/servers/configurations"},{"properties":{"value":"0","description":"Sets
        the maximum allowed result for exact search by GIN.","defaultValue":"0","dataType":"Integer","allowedValues":"0-2147483647","source":"system-default"},"id":"/subscriptions/00000000-0000-0000-0000-000000000000/resourceGroups/clitest.rg000001/providers/Microsoft.DBforPostgreSQL/servers/azuredbclitest000002/configurations/gin_fuzzy_search_limit","name":"gin_fuzzy_search_limit","type":"Microsoft.DBforPostgreSQL/servers/configurations"},{"properties":{"value":"postgres","description":"Sets
        the display format for interval values.","defaultValue":"postgres","dataType":"Enumeration","allowedValues":"postgres,postgres_verbose,sql_standard,iso_8601","source":"system-default"},"id":"/subscriptions/00000000-0000-0000-0000-000000000000/resourceGroups/clitest.rg000001/providers/Microsoft.DBforPostgreSQL/servers/azuredbclitest000002/configurations/intervalstyle","name":"intervalstyle","type":"Microsoft.DBforPostgreSQL/servers/configurations"},{"properties":{"value":"8","description":"Sets
        the FROM-list size beyond which JOIN constructs are not flattened.","defaultValue":"8","dataType":"Integer","allowedValues":"1-2147483647","source":"system-default"},"id":"/subscriptions/00000000-0000-0000-0000-000000000000/resourceGroups/clitest.rg000001/providers/Microsoft.DBforPostgreSQL/servers/azuredbclitest000002/configurations/join_collapse_limit","name":"join_collapse_limit","type":"Microsoft.DBforPostgreSQL/servers/configurations"},{"properties":{"value":"0","description":"Sets
        the maximum allowed duration (in milliseconds) of any wait for a lock. 0 turns
        this off.","defaultValue":"0","dataType":"Integer","allowedValues":"0-2147483647","source":"system-default"},"id":"/subscriptions/00000000-0000-0000-0000-000000000000/resourceGroups/clitest.rg000001/providers/Microsoft.DBforPostgreSQL/servers/azuredbclitest000002/configurations/lock_timeout","name":"lock_timeout","type":"Microsoft.DBforPostgreSQL/servers/configurations"},{"properties":{"value":"off","description":"Logs
        each checkpoint.","defaultValue":"off","dataType":"Boolean","allowedValues":"on,off","source":"system-default"},"id":"/subscriptions/00000000-0000-0000-0000-000000000000/resourceGroups/clitest.rg000001/providers/Microsoft.DBforPostgreSQL/servers/azuredbclitest000002/configurations/log_checkpoints","name":"log_checkpoints","type":"Microsoft.DBforPostgreSQL/servers/configurations"},{"properties":{"value":"on","description":"Logs
        each successful connection.","defaultValue":"on","dataType":"Boolean","allowedValues":"on,off","source":"system-default"},"id":"/subscriptions/00000000-0000-0000-0000-000000000000/resourceGroups/clitest.rg000001/providers/Microsoft.DBforPostgreSQL/servers/azuredbclitest000002/configurations/log_connections","name":"log_connections","type":"Microsoft.DBforPostgreSQL/servers/configurations"},{"properties":{"value":"off","description":"Logs
        end of a session, including duration.","defaultValue":"off","dataType":"Boolean","allowedValues":"on,off","source":"system-default"},"id":"/subscriptions/00000000-0000-0000-0000-000000000000/resourceGroups/clitest.rg000001/providers/Microsoft.DBforPostgreSQL/servers/azuredbclitest000002/configurations/log_disconnections","name":"log_disconnections","type":"Microsoft.DBforPostgreSQL/servers/configurations"},{"properties":{"value":"off","description":"Logs
        the duration of each completed SQL statement.","defaultValue":"off","dataType":"Boolean","allowedValues":"on,off","source":"system-default"},"id":"/subscriptions/00000000-0000-0000-0000-000000000000/resourceGroups/clitest.rg000001/providers/Microsoft.DBforPostgreSQL/servers/azuredbclitest000002/configurations/log_duration","name":"log_duration","type":"Microsoft.DBforPostgreSQL/servers/configurations"},{"properties":{"value":"default","description":"Sets
        the verbosity of logged messages.","defaultValue":"default","dataType":"Enumeration","allowedValues":"terse,default,verbose","source":"system-default"},"id":"/subscriptions/00000000-0000-0000-0000-000000000000/resourceGroups/clitest.rg000001/providers/Microsoft.DBforPostgreSQL/servers/azuredbclitest000002/configurations/log_error_verbosity","name":"log_error_verbosity","type":"Microsoft.DBforPostgreSQL/servers/configurations"},{"properties":{"value":"off","description":"Logs
        long lock waits.","defaultValue":"off","dataType":"Boolean","allowedValues":"on,off","source":"system-default"},"id":"/subscriptions/00000000-0000-0000-0000-000000000000/resourceGroups/clitest.rg000001/providers/Microsoft.DBforPostgreSQL/servers/azuredbclitest000002/configurations/log_lock_waits","name":"log_lock_waits","type":"Microsoft.DBforPostgreSQL/servers/configurations"},{"properties":{"value":"-1","description":"Sets
        the minimum execution time (in milliseconds) above which statements will be
        logged. -1 disables logging statement durations.","defaultValue":"-1","dataType":"Integer","allowedValues":"-1-2147483647","source":"system-default"},"id":"/subscriptions/00000000-0000-0000-0000-000000000000/resourceGroups/clitest.rg000001/providers/Microsoft.DBforPostgreSQL/servers/azuredbclitest000002/configurations/log_min_duration_statement","name":"log_min_duration_statement","type":"Microsoft.DBforPostgreSQL/servers/configurations"},{"properties":{"value":"error","description":"Causes
        all statements generating error at or above this level to be logged.","defaultValue":"error","dataType":"Enumeration","allowedValues":"debug5,debug4,debug3,debug2,debug1,info,notice,warning,error,log,fatal,panic","source":"system-default"},"id":"/subscriptions/00000000-0000-0000-0000-000000000000/resourceGroups/clitest.rg000001/providers/Microsoft.DBforPostgreSQL/servers/azuredbclitest000002/configurations/log_min_error_statement","name":"log_min_error_statement","type":"Microsoft.DBforPostgreSQL/servers/configurations"},{"properties":{"value":"warning","description":"Sets
        the message levels that are logged.","defaultValue":"warning","dataType":"Enumeration","allowedValues":"debug5,debug4,debug3,debug2,debug1,info,notice,warning,error,log,fatal,panic","source":"system-default"},"id":"/subscriptions/00000000-0000-0000-0000-000000000000/resourceGroups/clitest.rg000001/providers/Microsoft.DBforPostgreSQL/servers/azuredbclitest000002/configurations/log_min_messages","name":"log_min_messages","type":"Microsoft.DBforPostgreSQL/servers/configurations"},{"properties":{"value":"none","description":"Sets
        the type of statements logged.","defaultValue":"none","dataType":"Enumeration","allowedValues":"none,ddl,mod,all","source":"system-default"},"id":"/subscriptions/00000000-0000-0000-0000-000000000000/resourceGroups/clitest.rg000001/providers/Microsoft.DBforPostgreSQL/servers/azuredbclitest000002/configurations/log_statement","name":"log_statement","type":"Microsoft.DBforPostgreSQL/servers/configurations"},{"properties":{"value":"off","description":"When
        generating SQL fragments, quote all identifiers.","defaultValue":"off","dataType":"Boolean","allowedValues":"on,off","source":"system-default"},"id":"/subscriptions/00000000-0000-0000-0000-000000000000/resourceGroups/clitest.rg000001/providers/Microsoft.DBforPostgreSQL/servers/azuredbclitest000002/configurations/quote_all_identifiers","name":"quote_all_identifiers","type":"Microsoft.DBforPostgreSQL/servers/configurations"},{"properties":{"value":"4.0","description":"Sets
        the planner''s estimate of the cost of a nonsequentially fetched disk page.","defaultValue":"4.0","dataType":"Numeric","allowedValues":"0-1.79769e+308","source":"system-default"},"id":"/subscriptions/00000000-0000-0000-0000-000000000000/resourceGroups/clitest.rg000001/providers/Microsoft.DBforPostgreSQL/servers/azuredbclitest000002/configurations/random_page_cost","name":"random_page_cost","type":"Microsoft.DBforPostgreSQL/servers/configurations"},{"properties":{"value":"\"$user\",
        public","description":"Sets the schema search order for names that are not
        schema-qualified.","defaultValue":"\"$user\", public","dataType":"String","allowedValues":"[A-Za-z.\"$,
        ]+","source":"system-default"},"id":"/subscriptions/00000000-0000-0000-0000-000000000000/resourceGroups/clitest.rg000001/providers/Microsoft.DBforPostgreSQL/servers/azuredbclitest000002/configurations/search_path","name":"search_path","type":"Microsoft.DBforPostgreSQL/servers/configurations"},{"properties":{"value":"1.0","description":"Sets
        the planner''s estimate of the cost of a sequentially fetched disk page.","defaultValue":"1.0","dataType":"Numeric","allowedValues":"0-1.79769e+308","source":"system-default"},"id":"/subscriptions/00000000-0000-0000-0000-000000000000/resourceGroups/clitest.rg000001/providers/Microsoft.DBforPostgreSQL/servers/azuredbclitest000002/configurations/seq_page_cost","name":"seq_page_cost","type":"Microsoft.DBforPostgreSQL/servers/configurations"},{"properties":{"value":"on","description":"Causes
        subtables to be included by default in various commands.","defaultValue":"on","dataType":"Boolean","allowedValues":"on,off","source":"system-default"},"id":"/subscriptions/00000000-0000-0000-0000-000000000000/resourceGroups/clitest.rg000001/providers/Microsoft.DBforPostgreSQL/servers/azuredbclitest000002/configurations/sql_inheritance","name":"sql_inheritance","type":"Microsoft.DBforPostgreSQL/servers/configurations"},{"properties":{"value":"0","description":"Sets
        the maximum allowed duration (in milliseconds) of any statement. 0 turns this
        off.","defaultValue":"0","dataType":"Integer","allowedValues":"0-2147483647","source":"system-default"},"id":"/subscriptions/00000000-0000-0000-0000-000000000000/resourceGroups/clitest.rg000001/providers/Microsoft.DBforPostgreSQL/servers/azuredbclitest000002/configurations/statement_timeout","name":"statement_timeout","type":"Microsoft.DBforPostgreSQL/servers/configurations"},{"properties":{"value":"on","description":"Enable
        synchronized sequential scans.","defaultValue":"on","dataType":"Boolean","allowedValues":"on,off","source":"system-default"},"id":"/subscriptions/00000000-0000-0000-0000-000000000000/resourceGroups/clitest.rg000001/providers/Microsoft.DBforPostgreSQL/servers/azuredbclitest000002/configurations/synchronize_seqscans","name":"synchronize_seqscans","type":"Microsoft.DBforPostgreSQL/servers/configurations"},{"properties":{"value":"on","description":"Sets
        the current transaction''s synchronization level.","defaultValue":"on","dataType":"Enumeration","allowedValues":"local,remote_write,on,off","source":"system-default"},"id":"/subscriptions/00000000-0000-0000-0000-000000000000/resourceGroups/clitest.rg000001/providers/Microsoft.DBforPostgreSQL/servers/azuredbclitest000002/configurations/synchronous_commit","name":"synchronous_commit","type":"Microsoft.DBforPostgreSQL/servers/configurations"},{"properties":{"value":"off","description":"Treats
        \"expr=NULL\" as \"expr IS NULL\".","defaultValue":"off","dataType":"Boolean","allowedValues":"on,off","source":"system-default"},"id":"/subscriptions/00000000-0000-0000-0000-000000000000/resourceGroups/clitest.rg000001/providers/Microsoft.DBforPostgreSQL/servers/azuredbclitest000002/configurations/transform_null_equals","name":"transform_null_equals","type":"Microsoft.DBforPostgreSQL/servers/configurations"},{"properties":{"value":"base64","description":"Sets
        how binary values are to be encoded in XML.","defaultValue":"base64","dataType":"Enumeration","allowedValues":"base64,hex","source":"system-default"},"id":"/subscriptions/00000000-0000-0000-0000-000000000000/resourceGroups/clitest.rg000001/providers/Microsoft.DBforPostgreSQL/servers/azuredbclitest000002/configurations/xmlbinary","name":"xmlbinary","type":"Microsoft.DBforPostgreSQL/servers/configurations"},{"properties":{"value":"content","description":"Sets
        whether XML data in implicit parsing and serialization operations is to be
        considered as documents or content fragments.","defaultValue":"content","dataType":"Enumeration","allowedValues":"content,document","source":"system-default"},"id":"/subscriptions/00000000-0000-0000-0000-000000000000/resourceGroups/clitest.rg000001/providers/Microsoft.DBforPostgreSQL/servers/azuredbclitest000002/configurations/xmloption","name":"xmloption","type":"Microsoft.DBforPostgreSQL/servers/configurations"},{"properties":{"value":"off","description":"Forces
        use of parallel query facilities.","defaultValue":"off","dataType":"Enumeration","allowedValues":"off,on,regress","source":"system-default"},"id":"/subscriptions/00000000-0000-0000-0000-000000000000/resourceGroups/clitest.rg000001/providers/Microsoft.DBforPostgreSQL/servers/azuredbclitest000002/configurations/force_parallel_mode","name":"force_parallel_mode","type":"Microsoft.DBforPostgreSQL/servers/configurations"},{"properties":{"value":"0","description":"Sets
        the maximum allowed duration of any idling transaction.","defaultValue":"0","dataType":"Integer","allowedValues":"0-2147483647","source":"system-default"},"id":"/subscriptions/00000000-0000-0000-0000-000000000000/resourceGroups/clitest.rg000001/providers/Microsoft.DBforPostgreSQL/servers/azuredbclitest000002/configurations/idle_in_transaction_session_timeout","name":"idle_in_transaction_session_timeout","type":"Microsoft.DBforPostgreSQL/servers/configurations"},{"properties":{"value":"0","description":"Sets
        the maximum number of parallel processes per executor node.","defaultValue":"0","dataType":"Integer","allowedValues":"0-1024","source":"system-default"},"id":"/subscriptions/00000000-0000-0000-0000-000000000000/resourceGroups/clitest.rg000001/providers/Microsoft.DBforPostgreSQL/servers/azuredbclitest000002/configurations/max_parallel_workers_per_gather","name":"max_parallel_workers_per_gather","type":"Microsoft.DBforPostgreSQL/servers/configurations"},{"properties":{"value":"8388608","description":"Sets
        the minimum size of relations to be considered for parallel scan.","defaultValue":"8388608","dataType":"Integer","allowedValues":"0-715827882","source":"system-default"},"id":"/subscriptions/00000000-0000-0000-0000-000000000000/resourceGroups/clitest.rg000001/providers/Microsoft.DBforPostgreSQL/servers/azuredbclitest000002/configurations/min_parallel_relation_size","name":"min_parallel_relation_size","type":"Microsoft.DBforPostgreSQL/servers/configurations"},{"properties":{"value":"1000","description":"Sets
        the planner''s estimate of the cost of starting up worker processes for parallel
        query.","defaultValue":"1000","dataType":"Numeric","allowedValues":"0-1.79769e+308","source":"system-default"},"id":"/subscriptions/00000000-0000-0000-0000-000000000000/resourceGroups/clitest.rg000001/providers/Microsoft.DBforPostgreSQL/servers/azuredbclitest000002/configurations/parallel_setup_cost","name":"parallel_setup_cost","type":"Microsoft.DBforPostgreSQL/servers/configurations"},{"properties":{"value":"0.1","description":"Sets
        the planner''s estimate of the cost of passing each tuple (row) from worker
        to master backend.","defaultValue":"0.1","dataType":"Numeric","allowedValues":"0-1.79769e+308","source":"system-default"},"id":"/subscriptions/00000000-0000-0000-0000-000000000000/resourceGroups/clitest.rg000001/providers/Microsoft.DBforPostgreSQL/servers/azuredbclitest000002/configurations/parallel_tuple_cost","name":"parallel_tuple_cost","type":"Microsoft.DBforPostgreSQL/servers/configurations"},{"properties":{"value":"8096","description":"Sets
        the amount of memory to be used by internal sort operations and hash tables
        before writing to temporary disk files.","defaultValue":"8096","dataType":"Integer","allowedValues":"8096-2097151","source":"system-default"},"id":"/subscriptions/00000000-0000-0000-0000-000000000000/resourceGroups/clitest.rg000001/providers/Microsoft.DBforPostgreSQL/servers/azuredbclitest000002/configurations/work_mem","name":"work_mem","type":"Microsoft.DBforPostgreSQL/servers/configurations"},{"properties":{"value":"8096","description":"Sets
        the maximum number of temporary buffers used by each database session.","defaultValue":"8096","dataType":"Integer","allowedValues":"8096-16384","source":"system-default"},"id":"/subscriptions/00000000-0000-0000-0000-000000000000/resourceGroups/clitest.rg000001/providers/Microsoft.DBforPostgreSQL/servers/azuredbclitest000002/configurations/temp_buffers","name":"temp_buffers","type":"Microsoft.DBforPostgreSQL/servers/configurations"},{"properties":{"value":"3","description":"Sets
        how many days a log file is saved for.","defaultValue":"3","dataType":"Integer","allowedValues":"1-7","source":"system-default"},"id":"/subscriptions/00000000-0000-0000-0000-000000000000/resourceGroups/clitest.rg000001/providers/Microsoft.DBforPostgreSQL/servers/azuredbclitest000002/configurations/log_retention_days","name":"log_retention_days","type":"Microsoft.DBforPostgreSQL/servers/configurations"}]}'}
    headers:
      cache-control: [no-cache]
      content-length: ['45279']
      content-type: [application/json; charset=utf-8]
      date: ['Tue, 08 May 2018 01:23:58 GMT']
      expires: ['-1']
      pragma: [no-cache]
      server: [Microsoft-HTTPAPI/2.0]
      strict-transport-security: [max-age=31536000; includeSubDomains]
      transfer-encoding: [chunked]
      vary: [Accept-Encoding]
      x-content-type-options: [nosniff]
    status: {code: 200, message: OK}
- request:
    body: null
    headers:
      Accept: [application/json]
      Accept-Encoding: ['gzip, deflate']
      CommandName: [postgres server-logs list]
      Connection: [keep-alive]
      Content-Type: [application/json; charset=utf-8]
      User-Agent: [python/3.6.5 (Windows-10-10.0.16299-SP0) requests/2.18.4 msrest/0.4.29
          msrest_azure/0.4.29 azure-mgmt-rdbms/2017-12-01 Azure-SDK-For-Python AZURECLI/2.0.32]
      accept-language: [en-US]
    method: GET
    uri: https://management.azure.com/subscriptions/00000000-0000-0000-0000-000000000000/resourceGroups/clitest.rg000001/providers/Microsoft.DBforPostgreSQL/servers/azuredbclitest000002/logFiles?api-version=2017-12-01
  response:
    body: {string: '{"value":[{"properties":{"name":"postgresql-2018-05-08_011450.log","sizeInKB":3,"createdTime":"0001-01-01T00:00:00+00:00","lastModifiedTime":"2018-05-08T01:23:37+00:00","type":"text","url":"https://wasd2prodbrso1fse72.file.core.windows.net/66a3359621364526a60356c90ecc6492/pg_log/postgresql-2018-05-08_011450.log?sv=2015-04-05&sr=f&sig=NDfCz%2BqGkE%2FGhptNvUuxUZT%2Ftyd5lTQRl3gHqsiwWpw%3D&se=2018-05-08T02%3A24%3A01Z&sp=r"},"id":"/subscriptions/00000000-0000-0000-0000-000000000000/resourceGroups/clitest.rg000001/providers/Microsoft.DBforPostgreSQL/servers/azuredbclitest000002/logFiles/postgresql-2018-05-08_011450.log","name":"postgresql-2018-05-08_011450.log","type":"Microsoft.DBforPostgreSQL/servers/logFiles"}]}'}
    headers:
      cache-control: [no-cache]
      content-length: ['820']
      content-type: [application/json; charset=utf-8]
      date: ['Tue, 08 May 2018 01:24:01 GMT']
      expires: ['-1']
      pragma: [no-cache]
      server: [Microsoft-HTTPAPI/2.0]
      strict-transport-security: [max-age=31536000; includeSubDomains]
      transfer-encoding: [chunked]
      vary: [Accept-Encoding]
      x-content-type-options: [nosniff]
    status: {code: 200, message: OK}
- request:
    body: null
    headers:
      Accept: [application/json]
      Accept-Encoding: ['gzip, deflate']
      CommandName: [group delete]
      Connection: [keep-alive]
      Content-Length: ['0']
      Content-Type: [application/json; charset=utf-8]
      User-Agent: [python/3.6.5 (Windows-10-10.0.16299-SP0) requests/2.18.4 msrest/0.4.29
          msrest_azure/0.4.29 resourcemanagementclient/1.2.1 Azure-SDK-For-Python
          AZURECLI/2.0.32]
      accept-language: [en-US]
    method: DELETE
    uri: https://management.azure.com/subscriptions/00000000-0000-0000-0000-000000000000/resourcegroups/clitest.rg000001?api-version=2017-05-10
  response:
    body: {string: ''}
    headers:
      cache-control: [no-cache]
      content-length: ['0']
      date: ['Tue, 08 May 2018 01:24:02 GMT']
      expires: ['-1']
      location: ['https://management.azure.com/subscriptions/00000000-0000-0000-0000-000000000000/operationresults/eyJqb2JJZCI6IlJFU09VUkNFR1JPVVBERUxFVElPTkpPQi1DTElURVNUOjJFUkdJNlRZV042SFNMVEc0TUdWSDRVWklDUTZaNEI3SEtUS0tUR3wxMzk2NzIzQkJEMzBEQTdBLVdFU1RVUyIsImpvYkxvY2F0aW9uIjoid2VzdHVzIn0?api-version=2017-05-10']
      pragma: [no-cache]
      strict-transport-security: [max-age=31536000; includeSubDomains]
      x-content-type-options: [nosniff]
      x-ms-ratelimit-remaining-subscription-deletes: ['14998']
    status: {code: 202, message: Accepted}
version: 1
