interactions:
- request:
    body: '{"tags": {"key": "value"}, "location": "eastus", "sku": {"name": "Premium_P1",
      "capacity": 1}, "properties": {"publicNetworkAccess": "Enabled", "disableLocalAuth":
      false, "disableAadAuth": false}}'
    headers:
      Accept:
      - application/json
      Accept-Encoding:
      - gzip, deflate
      CommandName:
      - webpubsub create
      Connection:
      - keep-alive
      Content-Length:
      - '196'
      Content-Type:
      - application/json
      ParameterSetName:
      - -g -n --tags -l --sku --unit-count
      User-Agent:
      - AZURECLI/2.53.0 azsdk-python-mgmt-webpubsub/2.0.0b1 Python/3.8.17 (macOS-14.0-arm64-arm-64bit)
    method: PUT
    uri: https://management.azure.com/subscriptions/00000000-0000-0000-0000-000000000000/resourceGroups/clitest.rg000001/providers/Microsoft.SignalRService/webPubSub/webpubsub000002?api-version=2023-06-01-preview
  response:
    body:
      string: '{"sku":{"name":"Premium_P1","tier":"Premium","size":"P1","capacity":1},"properties":{"provisioningState":"Creating","externalIP":null,"hostName":"webpubsub000002.webpubsub.azure.com","publicPort":443,"serverPort":443,"version":"1.0-preview","privateEndpointConnections":[],"sharedPrivateLinkResources":[],"tls":{"clientCertEnabled":false},"hostNamePrefix":"webpubsub000002","liveTraceConfiguration":null,"resourceLogConfiguration":null,"networkACLs":{"defaultAction":"Deny","publicNetwork":{"allow":["ServerConnection","ClientConnection","RESTAPI","Trace"],"deny":null},"privateEndpoints":[]},"publicNetworkAccess":"Enabled","disableLocalAuth":false,"disableAadAuth":false},"kind":"WebPubSub","location":"eastus","tags":{"key":"value"},"id":"/subscriptions/00000000-0000-0000-0000-000000000000/resourceGroups/clitest.rg000001/providers/Microsoft.SignalRService/WebPubSub/webpubsub000002","name":"webpubsub000002","type":"Microsoft.SignalRService/WebPubSub","systemData":{"createdBy":"biqian@microsoft.com","createdByType":"User","createdAt":"2023-10-23T04:44:01.6573952Z","lastModifiedBy":"biqian@microsoft.com","lastModifiedByType":"User","lastModifiedAt":"2023-10-23T04:44:01.6573952Z"}}'
    headers:
      azure-asyncoperation:
      - https://management.azure.com/subscriptions/00000000-0000-0000-0000-000000000000/resourceGroups/clitest.rg000001/providers/Microsoft.SignalRService/WebPubSub/webpubsub000002/operationStatuses/994473af-ad1a-421f-934d-378c691e0a45?api-version=2023-06-01-preview
      cache-control:
      - no-cache
      content-length:
      - '1189'
      content-type:
      - application/json; charset=utf-8
      date:
      - Mon, 23 Oct 2023 04:44:04 GMT
      expires:
      - '-1'
      location:
      - https://management.azure.com/subscriptions/00000000-0000-0000-0000-000000000000/resourceGroups/clitest.rg000001/providers/Microsoft.SignalRService/WebPubSub/webpubsub000002/operationResults/994473af-ad1a-421f-934d-378c691e0a45?api-version=2023-06-01-preview
      pragma:
      - no-cache
      server:
      - Kestrel
      strict-transport-security:
      - max-age=31536000; includeSubDomains
      x-content-type-options:
      - nosniff
      x-ms-ratelimit-remaining-subscription-writes:
      - '1199'
      x-rp-server-mvid:
      - 7a9fbd09-41be-4571-843d-17367567ea6a
    status:
      code: 201
      message: Created
- request:
    body: null
    headers:
      Accept:
      - '*/*'
      Accept-Encoding:
      - gzip, deflate
      CommandName:
      - webpubsub create
      Connection:
      - keep-alive
      ParameterSetName:
      - -g -n --tags -l --sku --unit-count
      User-Agent:
      - AZURECLI/2.53.0 azsdk-python-mgmt-webpubsub/2.0.0b1 Python/3.8.17 (macOS-14.0-arm64-arm-64bit)
    method: GET
    uri: https://management.azure.com/subscriptions/00000000-0000-0000-0000-000000000000/resourceGroups/clitest.rg000001/providers/Microsoft.SignalRService/WebPubSub/webpubsub000002/operationStatuses/994473af-ad1a-421f-934d-378c691e0a45?api-version=2023-06-01-preview
  response:
    body:
      string: '{"id":"/subscriptions/00000000-0000-0000-0000-000000000000/resourceGroups/clitest.rg000001/providers/Microsoft.SignalRService/WebPubSub/webpubsub000002/operationStatuses/994473af-ad1a-421f-934d-378c691e0a45","name":"994473af-ad1a-421f-934d-378c691e0a45","status":"Running","startTime":"2023-10-23T04:44:03.7848523Z"}'
    headers:
      cache-control:
      - no-cache
      content-length:
      - '316'
      content-type:
      - application/json; charset=utf-8
      date:
      - Mon, 23 Oct 2023 04:44:05 GMT
      expires:
      - '-1'
      pragma:
      - no-cache
      server:
      - Kestrel
      strict-transport-security:
      - max-age=31536000; includeSubDomains
      transfer-encoding:
      - chunked
      vary:
      - Accept-Encoding
      x-content-type-options:
      - nosniff
      x-rp-server-mvid:
      - 7a9fbd09-41be-4571-843d-17367567ea6a
    status:
      code: 200
      message: OK
- request:
    body: null
    headers:
      Accept:
      - '*/*'
      Accept-Encoding:
      - gzip, deflate
      CommandName:
      - webpubsub create
      Connection:
      - keep-alive
      ParameterSetName:
      - -g -n --tags -l --sku --unit-count
      User-Agent:
      - AZURECLI/2.53.0 azsdk-python-mgmt-webpubsub/2.0.0b1 Python/3.8.17 (macOS-14.0-arm64-arm-64bit)
    method: GET
    uri: https://management.azure.com/subscriptions/00000000-0000-0000-0000-000000000000/resourceGroups/clitest.rg000001/providers/Microsoft.SignalRService/WebPubSub/webpubsub000002/operationStatuses/994473af-ad1a-421f-934d-378c691e0a45?api-version=2023-06-01-preview
  response:
    body:
      string: '{"id":"/subscriptions/00000000-0000-0000-0000-000000000000/resourceGroups/clitest.rg000001/providers/Microsoft.SignalRService/WebPubSub/webpubsub000002/operationStatuses/994473af-ad1a-421f-934d-378c691e0a45","name":"994473af-ad1a-421f-934d-378c691e0a45","status":"Running","startTime":"2023-10-23T04:44:03.7848523Z"}'
    headers:
      cache-control:
      - no-cache
      content-length:
      - '316'
      content-type:
      - application/json; charset=utf-8
      date:
      - Mon, 23 Oct 2023 04:44:36 GMT
      expires:
      - '-1'
      pragma:
      - no-cache
      server:
      - Kestrel
      strict-transport-security:
      - max-age=31536000; includeSubDomains
      transfer-encoding:
      - chunked
      vary:
      - Accept-Encoding
      x-content-type-options:
      - nosniff
      x-rp-server-mvid:
      - 7a9fbd09-41be-4571-843d-17367567ea6a
    status:
      code: 200
      message: OK
- request:
    body: null
    headers:
      Accept:
      - '*/*'
      Accept-Encoding:
      - gzip, deflate
      CommandName:
      - webpubsub create
      Connection:
      - keep-alive
      ParameterSetName:
      - -g -n --tags -l --sku --unit-count
      User-Agent:
      - AZURECLI/2.53.0 azsdk-python-mgmt-webpubsub/2.0.0b1 Python/3.8.17 (macOS-14.0-arm64-arm-64bit)
    method: GET
    uri: https://management.azure.com/subscriptions/00000000-0000-0000-0000-000000000000/resourceGroups/clitest.rg000001/providers/Microsoft.SignalRService/WebPubSub/webpubsub000002/operationStatuses/994473af-ad1a-421f-934d-378c691e0a45?api-version=2023-06-01-preview
  response:
    body:
      string: '{"id":"/subscriptions/00000000-0000-0000-0000-000000000000/resourceGroups/clitest.rg000001/providers/Microsoft.SignalRService/WebPubSub/webpubsub000002/operationStatuses/994473af-ad1a-421f-934d-378c691e0a45","name":"994473af-ad1a-421f-934d-378c691e0a45","status":"Running","startTime":"2023-10-23T04:44:03.7848523Z"}'
    headers:
      cache-control:
      - no-cache
      content-length:
      - '316'
      content-type:
      - application/json; charset=utf-8
      date:
      - Mon, 23 Oct 2023 04:45:07 GMT
      expires:
      - '-1'
      pragma:
      - no-cache
      server:
      - Kestrel
      strict-transport-security:
      - max-age=31536000; includeSubDomains
      transfer-encoding:
      - chunked
      vary:
      - Accept-Encoding
      x-content-type-options:
      - nosniff
      x-rp-server-mvid:
      - 7a9fbd09-41be-4571-843d-17367567ea6a
    status:
      code: 200
      message: OK
- request:
    body: null
    headers:
      Accept:
      - '*/*'
      Accept-Encoding:
      - gzip, deflate
      CommandName:
      - webpubsub create
      Connection:
      - keep-alive
      ParameterSetName:
      - -g -n --tags -l --sku --unit-count
      User-Agent:
      - AZURECLI/2.53.0 azsdk-python-mgmt-webpubsub/2.0.0b1 Python/3.8.17 (macOS-14.0-arm64-arm-64bit)
    method: GET
    uri: https://management.azure.com/subscriptions/00000000-0000-0000-0000-000000000000/resourceGroups/clitest.rg000001/providers/Microsoft.SignalRService/WebPubSub/webpubsub000002/operationStatuses/994473af-ad1a-421f-934d-378c691e0a45?api-version=2023-06-01-preview
  response:
    body:
      string: '{"id":"/subscriptions/00000000-0000-0000-0000-000000000000/resourceGroups/clitest.rg000001/providers/Microsoft.SignalRService/WebPubSub/webpubsub000002/operationStatuses/994473af-ad1a-421f-934d-378c691e0a45","name":"994473af-ad1a-421f-934d-378c691e0a45","status":"Succeeded","startTime":"2023-10-23T04:44:03.7848523Z","endTime":"2023-10-23T04:45:12.5702529Z"}'
    headers:
      cache-control:
      - no-cache
      content-length:
      - '359'
      content-type:
      - application/json; charset=utf-8
      date:
      - Mon, 23 Oct 2023 04:45:37 GMT
      expires:
      - '-1'
      pragma:
      - no-cache
      server:
      - Kestrel
      strict-transport-security:
      - max-age=31536000; includeSubDomains
      transfer-encoding:
      - chunked
      vary:
      - Accept-Encoding
      x-content-type-options:
      - nosniff
      x-rp-server-mvid:
      - 7a9fbd09-41be-4571-843d-17367567ea6a
    status:
      code: 200
      message: OK
- request:
    body: null
    headers:
      Accept:
      - '*/*'
      Accept-Encoding:
      - gzip, deflate
      CommandName:
      - webpubsub create
      Connection:
      - keep-alive
      ParameterSetName:
      - -g -n --tags -l --sku --unit-count
      User-Agent:
      - AZURECLI/2.53.0 azsdk-python-mgmt-webpubsub/2.0.0b1 Python/3.8.17 (macOS-14.0-arm64-arm-64bit)
    method: GET
    uri: https://management.azure.com/subscriptions/00000000-0000-0000-0000-000000000000/resourceGroups/clitest.rg000001/providers/Microsoft.SignalRService/webPubSub/webpubsub000002?api-version=2023-06-01-preview
  response:
    body:
      string: '{"sku":{"name":"Premium_P1","tier":"Premium","size":"P1","capacity":1},"properties":{"provisioningState":"Succeeded","externalIP":"20.88.154.129","hostName":"webpubsub000002.webpubsub.azure.com","publicPort":443,"serverPort":443,"version":"1.0","privateEndpointConnections":[],"sharedPrivateLinkResources":[],"tls":{"clientCertEnabled":false},"hostNamePrefix":"webpubsub000002","liveTraceConfiguration":null,"resourceLogConfiguration":null,"networkACLs":{"defaultAction":"Deny","publicNetwork":{"allow":["ServerConnection","ClientConnection","RESTAPI","Trace"],"deny":null},"privateEndpoints":[]},"publicNetworkAccess":"Enabled","disableLocalAuth":false,"disableAadAuth":false},"kind":"WebPubSub","location":"eastus","tags":{"key":"value"},"id":"/subscriptions/00000000-0000-0000-0000-000000000000/resourceGroups/clitest.rg000001/providers/Microsoft.SignalRService/WebPubSub/webpubsub000002","name":"webpubsub000002","type":"Microsoft.SignalRService/WebPubSub","systemData":{"createdBy":"biqian@microsoft.com","createdByType":"User","createdAt":"2023-10-23T04:44:01.6573952Z","lastModifiedBy":"biqian@microsoft.com","lastModifiedByType":"User","lastModifiedAt":"2023-10-23T04:44:01.6573952Z"}}'
    headers:
      cache-control:
      - no-cache
      content-length:
      - '1193'
      content-type:
      - application/json; charset=utf-8
      date:
      - Mon, 23 Oct 2023 04:45:37 GMT
      expires:
      - '-1'
      pragma:
      - no-cache
      server:
      - Kestrel
      strict-transport-security:
      - max-age=31536000; includeSubDomains
      transfer-encoding:
      - chunked
      vary:
      - Accept-Encoding
      x-content-type-options:
      - nosniff
      x-rp-server-mvid:
      - 7a9fbd09-41be-4571-843d-17367567ea6a
    status:
      code: 200
      message: OK
- request:
    body: '{"tags": {"key": "value"}, "location": "westus", "sku": {"name": "Premium_P1",
      "capacity": 1}}'
    headers:
      Accept:
      - application/json
      Accept-Encoding:
      - gzip, deflate
      CommandName:
      - webpubsub replica create
      Connection:
      - keep-alive
      Content-Length:
      - '94'
      Content-Type:
      - application/json
      ParameterSetName:
      - --webpubsub-name --replica-name -g --sku --unit-count -l --tags
      User-Agent:
      - AZURECLI/2.53.0 azsdk-python-mgmt-webpubsub/2.0.0b1 Python/3.8.17 (macOS-14.0-arm64-arm-64bit)
    method: PUT
    uri: https://management.azure.com/subscriptions/00000000-0000-0000-0000-000000000000/resourceGroups/clitest.rg000001/providers/Microsoft.SignalRService/webPubSub/webpubsub000002/replicas/clitestReplica?api-version=2023-06-01-preview
  response:
    body:
      string: '{"sku":{"name":"Premium_P1","tier":"Premium","size":"P1","capacity":1},"properties":{"provisioningState":"Creating"},"location":"westus","tags":{"key":"value"},"id":"/subscriptions/00000000-0000-0000-0000-000000000000/resourceGroups/clitest.rg000001/providers/Microsoft.SignalRService/WebPubSub/webpubsub000002/replicas/clitestReplica","name":"clitestReplica","type":"Microsoft.SignalRService/WebPubSub/replicas","systemData":{"createdBy":"biqian@microsoft.com","createdByType":"User","createdAt":"2023-10-23T04:45:40.6956858Z","lastModifiedBy":"biqian@microsoft.com","lastModifiedByType":"User","lastModifiedAt":"2023-10-23T04:45:40.6956858Z"}}'
    headers:
      azure-asyncoperation:
      - https://management.azure.com/subscriptions/00000000-0000-0000-0000-000000000000/resourceGroups/clitest.rg000001/providers/Microsoft.SignalRService/webPubSub/webpubsub000002/replicas/clitestReplica/operationStatuses/09db3f2b-eb5d-4ee7-a6ea-6d81ef120edd?api-version=2023-06-01-preview
      cache-control:
      - no-cache
      content-length:
      - '645'
      content-type:
      - application/json; charset=utf-8
      date:
      - Mon, 23 Oct 2023 04:45:44 GMT
      expires:
      - '-1'
      location:
      - https://management.azure.com/subscriptions/00000000-0000-0000-0000-000000000000/resourceGroups/clitest.rg000001/providers/Microsoft.SignalRService/webPubSub/webpubsub000002/replicas/clitestReplica/operationResults/09db3f2b-eb5d-4ee7-a6ea-6d81ef120edd?api-version=2023-06-01-preview
      pragma:
      - no-cache
      server:
      - Kestrel
      strict-transport-security:
      - max-age=31536000; includeSubDomains
      x-content-type-options:
      - nosniff
      x-ms-ratelimit-remaining-subscription-writes:
      - '1199'
      x-rp-server-mvid:
      - 7a9fbd09-41be-4571-843d-17367567ea6a
    status:
      code: 201
      message: Created
- request:
    body: null
    headers:
      Accept:
      - '*/*'
      Accept-Encoding:
      - gzip, deflate
      CommandName:
      - webpubsub replica create
      Connection:
      - keep-alive
      ParameterSetName:
      - --webpubsub-name --replica-name -g --sku --unit-count -l --tags
      User-Agent:
      - AZURECLI/2.53.0 azsdk-python-mgmt-webpubsub/2.0.0b1 Python/3.8.17 (macOS-14.0-arm64-arm-64bit)
    method: GET
    uri: https://management.azure.com/subscriptions/00000000-0000-0000-0000-000000000000/resourceGroups/clitest.rg000001/providers/Microsoft.SignalRService/webPubSub/webpubsub000002/replicas/clitestReplica/operationStatuses/09db3f2b-eb5d-4ee7-a6ea-6d81ef120edd?api-version=2023-06-01-preview
  response:
    body:
      string: '{"id":"/subscriptions/00000000-0000-0000-0000-000000000000/resourceGroups/clitest.rg000001/providers/Microsoft.SignalRService/WebPubSub/webpubsub000002/replicas/clitestReplica/operationStatuses/09db3f2b-eb5d-4ee7-a6ea-6d81ef120edd","name":"09db3f2b-eb5d-4ee7-a6ea-6d81ef120edd","status":"Running","startTime":"2023-10-23T04:45:44.0573993Z"}'
    headers:
      cache-control:
      - no-cache
      content-length:
      - '340'
      content-type:
      - application/json; charset=utf-8
      date:
      - Mon, 23 Oct 2023 04:45:44 GMT
      expires:
      - '-1'
      pragma:
      - no-cache
      server:
      - Kestrel
      strict-transport-security:
      - max-age=31536000; includeSubDomains
      transfer-encoding:
      - chunked
      vary:
      - Accept-Encoding
      x-content-type-options:
      - nosniff
      x-rp-server-mvid:
      - 7a9fbd09-41be-4571-843d-17367567ea6a
    status:
      code: 200
      message: OK
- request:
    body: null
    headers:
      Accept:
      - '*/*'
      Accept-Encoding:
      - gzip, deflate
      CommandName:
      - webpubsub replica create
      Connection:
      - keep-alive
      ParameterSetName:
      - --webpubsub-name --replica-name -g --sku --unit-count -l --tags
      User-Agent:
      - AZURECLI/2.53.0 azsdk-python-mgmt-webpubsub/2.0.0b1 Python/3.8.17 (macOS-14.0-arm64-arm-64bit)
    method: GET
    uri: https://management.azure.com/subscriptions/00000000-0000-0000-0000-000000000000/resourceGroups/clitest.rg000001/providers/Microsoft.SignalRService/webPubSub/webpubsub000002/replicas/clitestReplica/operationStatuses/09db3f2b-eb5d-4ee7-a6ea-6d81ef120edd?api-version=2023-06-01-preview
  response:
    body:
      string: '{"id":"/subscriptions/00000000-0000-0000-0000-000000000000/resourceGroups/clitest.rg000001/providers/Microsoft.SignalRService/WebPubSub/webpubsub000002/replicas/clitestReplica/operationStatuses/09db3f2b-eb5d-4ee7-a6ea-6d81ef120edd","name":"09db3f2b-eb5d-4ee7-a6ea-6d81ef120edd","status":"Running","startTime":"2023-10-23T04:45:44.0573993Z"}'
    headers:
      cache-control:
      - no-cache
      content-length:
      - '340'
      content-type:
      - application/json; charset=utf-8
      date:
      - Mon, 23 Oct 2023 04:46:15 GMT
      expires:
      - '-1'
      pragma:
      - no-cache
      server:
      - Kestrel
      strict-transport-security:
      - max-age=31536000; includeSubDomains
      transfer-encoding:
      - chunked
      vary:
      - Accept-Encoding
      x-content-type-options:
      - nosniff
      x-rp-server-mvid:
      - 7a9fbd09-41be-4571-843d-17367567ea6a
    status:
      code: 200
      message: OK
- request:
    body: null
    headers:
      Accept:
      - '*/*'
      Accept-Encoding:
      - gzip, deflate
      CommandName:
      - webpubsub replica create
      Connection:
      - keep-alive
      ParameterSetName:
      - --webpubsub-name --replica-name -g --sku --unit-count -l --tags
      User-Agent:
      - AZURECLI/2.53.0 azsdk-python-mgmt-webpubsub/2.0.0b1 Python/3.8.17 (macOS-14.0-arm64-arm-64bit)
    method: GET
    uri: https://management.azure.com/subscriptions/00000000-0000-0000-0000-000000000000/resourceGroups/clitest.rg000001/providers/Microsoft.SignalRService/webPubSub/webpubsub000002/replicas/clitestReplica/operationStatuses/09db3f2b-eb5d-4ee7-a6ea-6d81ef120edd?api-version=2023-06-01-preview
  response:
    body:
      string: '{"id":"/subscriptions/00000000-0000-0000-0000-000000000000/resourceGroups/clitest.rg000001/providers/Microsoft.SignalRService/WebPubSub/webpubsub000002/replicas/clitestReplica/operationStatuses/09db3f2b-eb5d-4ee7-a6ea-6d81ef120edd","name":"09db3f2b-eb5d-4ee7-a6ea-6d81ef120edd","status":"Succeeded","startTime":"2023-10-23T04:45:44.0573993Z","endTime":"2023-10-23T04:46:37.6430108Z"}'
    headers:
      cache-control:
      - no-cache
      content-length:
      - '383'
      content-type:
      - application/json; charset=utf-8
      date:
      - Mon, 23 Oct 2023 04:46:46 GMT
      expires:
      - '-1'
      pragma:
      - no-cache
      server:
      - Kestrel
      strict-transport-security:
      - max-age=31536000; includeSubDomains
      transfer-encoding:
      - chunked
      vary:
      - Accept-Encoding
      x-content-type-options:
      - nosniff
      x-rp-server-mvid:
      - 7a9fbd09-41be-4571-843d-17367567ea6a
    status:
      code: 200
      message: OK
- request:
    body: null
    headers:
      Accept:
      - '*/*'
      Accept-Encoding:
      - gzip, deflate
      CommandName:
      - webpubsub replica create
      Connection:
      - keep-alive
      ParameterSetName:
      - --webpubsub-name --replica-name -g --sku --unit-count -l --tags
      User-Agent:
      - AZURECLI/2.53.0 azsdk-python-mgmt-webpubsub/2.0.0b1 Python/3.8.17 (macOS-14.0-arm64-arm-64bit)
    method: GET
    uri: https://management.azure.com/subscriptions/00000000-0000-0000-0000-000000000000/resourceGroups/clitest.rg000001/providers/Microsoft.SignalRService/webPubSub/webpubsub000002/replicas/clitestReplica?api-version=2023-06-01-preview
  response:
    body:
      string: '{"sku":{"name":"Premium_P1","tier":"Premium","size":"P1","capacity":1},"properties":{"provisioningState":"Succeeded"},"location":"westus","tags":{"key":"value"},"id":"/subscriptions/00000000-0000-0000-0000-000000000000/resourceGroups/clitest.rg000001/providers/Microsoft.SignalRService/WebPubSub/webpubsub000002/replicas/clitestReplica","name":"clitestReplica","type":"Microsoft.SignalRService/WebPubSub/replicas","systemData":{"createdBy":"biqian@microsoft.com","createdByType":"User","createdAt":"2023-10-23T04:45:40.6956858Z","lastModifiedBy":"biqian@microsoft.com","lastModifiedByType":"User","lastModifiedAt":"2023-10-23T04:45:40.6956858Z"}}'
    headers:
      cache-control:
      - no-cache
      content-length:
      - '646'
      content-type:
      - application/json; charset=utf-8
      date:
      - Mon, 23 Oct 2023 04:46:46 GMT
      expires:
      - '-1'
      pragma:
      - no-cache
      server:
      - Kestrel
      strict-transport-security:
      - max-age=31536000; includeSubDomains
      transfer-encoding:
      - chunked
      vary:
      - Accept-Encoding
      x-content-type-options:
      - nosniff
      x-rp-server-mvid:
      - 7a9fbd09-41be-4571-843d-17367567ea6a
    status:
      code: 200
      message: OK
- request:
    body: null
    headers:
      Accept:
      - application/json
      Accept-Encoding:
      - gzip, deflate
      CommandName:
      - webpubsub replica show
      Connection:
      - keep-alive
      ParameterSetName:
      - --webpubsub-name --replica-name -g
      User-Agent:
      - AZURECLI/2.53.0 azsdk-python-mgmt-webpubsub/2.0.0b1 Python/3.8.17 (macOS-14.0-arm64-arm-64bit)
    method: GET
    uri: https://management.azure.com/subscriptions/00000000-0000-0000-0000-000000000000/resourceGroups/clitest.rg000001/providers/Microsoft.SignalRService/webPubSub/webpubsub000002/replicas/clitestReplica?api-version=2023-06-01-preview
  response:
    body:
      string: '{"sku":{"name":"Premium_P1","tier":"Premium","size":"P1","capacity":1},"properties":{"provisioningState":"Succeeded"},"location":"westus","tags":{"key":"value"},"id":"/subscriptions/00000000-0000-0000-0000-000000000000/resourceGroups/clitest.rg000001/providers/Microsoft.SignalRService/WebPubSub/webpubsub000002/replicas/clitestReplica","name":"clitestReplica","type":"Microsoft.SignalRService/WebPubSub/replicas","systemData":{"createdBy":"biqian@microsoft.com","createdByType":"User","createdAt":"2023-10-23T04:45:40.6956858Z","lastModifiedBy":"biqian@microsoft.com","lastModifiedByType":"User","lastModifiedAt":"2023-10-23T04:45:40.6956858Z"}}'
    headers:
      cache-control:
      - no-cache
      content-length:
      - '646'
      content-type:
      - application/json; charset=utf-8
      date:
      - Mon, 23 Oct 2023 04:46:48 GMT
      expires:
      - '-1'
      pragma:
      - no-cache
      server:
      - Kestrel
      strict-transport-security:
      - max-age=31536000; includeSubDomains
      transfer-encoding:
      - chunked
      vary:
      - Accept-Encoding
      x-content-type-options:
      - nosniff
      x-rp-server-mvid:
      - 7a9fbd09-41be-4571-843d-17367567ea6a
    status:
      code: 200
      message: OK
- request:
    body: null
    headers:
      Accept:
      - application/json
      Accept-Encoding:
      - gzip, deflate
      CommandName:
      - webpubsub replica list
      Connection:
      - keep-alive
      ParameterSetName:
      - --webpubsub-name -g
      User-Agent:
      - AZURECLI/2.53.0 azsdk-python-mgmt-webpubsub/2.0.0b1 Python/3.8.17 (macOS-14.0-arm64-arm-64bit)
    method: GET
    uri: https://management.azure.com/subscriptions/00000000-0000-0000-0000-000000000000/resourceGroups/clitest.rg000001/providers/Microsoft.SignalRService/webPubSub/webpubsub000002/replicas?api-version=2023-06-01-preview
  response:
    body:
      string: '{"value":[{"sku":{"name":"Premium_P1","tier":"Premium","size":"P1","capacity":1},"properties":{"provisioningState":"Succeeded"},"location":"westus","tags":{"key":"value"},"id":"/subscriptions/00000000-0000-0000-0000-000000000000/resourceGroups/clitest.rg000001/providers/Microsoft.SignalRService/WebPubSub/webpubsub000002/replicas/clitestReplica","name":"clitestReplica","type":"Microsoft.SignalRService/WebPubSub/replicas"}]}'
    headers:
      cache-control:
      - no-cache
      content-length:
      - '426'
      content-type:
      - application/json; charset=utf-8
      date:
      - Mon, 23 Oct 2023 04:46:50 GMT
      expires:
      - '-1'
      pragma:
      - no-cache
      server:
      - Kestrel
      strict-transport-security:
      - max-age=31536000; includeSubDomains
      transfer-encoding:
      - chunked
      vary:
      - Accept-Encoding
      x-content-type-options:
      - nosniff
      x-rp-server-mvid:
      - 7a9fbd09-41be-4571-843d-17367567ea6a
    status:
      code: 200
      message: OK
- request:
    body: null
    headers:
      Accept:
      - application/json
      Accept-Encoding:
      - gzip, deflate
      CommandName:
      - webpubsub replica delete
      Connection:
      - keep-alive
      Content-Length:
      - '0'
      ParameterSetName:
      - --webpubsub-name --replica-name -g
      User-Agent:
      - AZURECLI/2.53.0 azsdk-python-mgmt-webpubsub/2.0.0b1 Python/3.8.17 (macOS-14.0-arm64-arm-64bit)
    method: DELETE
    uri: https://management.azure.com/subscriptions/00000000-0000-0000-0000-000000000000/resourceGroups/clitest.rg000001/providers/Microsoft.SignalRService/webPubSub/webpubsub000002/replicas/clitestReplica?api-version=2023-06-01-preview
  response:
    body:
      string: ''
    headers:
      cache-control:
      - no-cache
      date:
      - Mon, 23 Oct 2023 04:46:55 GMT
      expires:
      - '-1'
      pragma:
      - no-cache
      server:
      - Kestrel
      strict-transport-security:
      - max-age=31536000; includeSubDomains
      x-content-type-options:
      - nosniff
      x-ms-ratelimit-remaining-subscription-deletes:
      - '14999'
      x-rp-server-mvid:
      - 7a9fbd09-41be-4571-843d-17367567ea6a
    status:
      code: 204
      message: No Content
version: 1
