interactions:
- request:
    body: null
    headers:
      Accept:
      - application/json
      Accept-Encoding:
      - gzip, deflate
      CommandName:
      - spring job create
      Connection:
      - keep-alive
      ParameterSetName:
      - -n -g -s
      User-Agent:
      - AZURECLI/2.61.0 azsdk-python-core/1.30.1 Python/3.11.9 (Windows-10-10.0.22631-SP0)
    method: GET
    uri: https://management.azure.com/subscriptions/00000000-0000-0000-0000-000000000000/resourceGroups/clitest.rg000001/providers/Microsoft.AppPlatform/Spring/clitest000002?api-version=2024-05-01-preview
  response:
    body:
      string: '{"properties":{"provisioningState":"Succeeded","zoneRedundant":false,"version":3,"serviceId":"8d4afadc536241c398ed2002ea35289c","networkProfile":{"outboundIPs":{"publicIPs":["20.162.176.193","4.158.38.222"]},"outboundType":"loadBalancer"},"powerState":"Running","fqdn":"clitest000002.azuremicroservices.io","marketplaceResource":{"plan":"asa-ent-hr-mtr","publisher":"vmware-inc","product":"azure-spring-cloud-vmware-tanzu-2"}},"type":"Microsoft.AppPlatform/Spring","sku":{"name":"E0","tier":"Enterprise"},"location":"uksouth","tags":null,"id":"/subscriptions/00000000-0000-0000-0000-000000000000/resourceGroups/clitest.rg000001/providers/Microsoft.AppPlatform/Spring/clitest000002","name":"clitest000002","systemData":{"createdBy":"v-muyaofeng@microsoft.com","createdByType":"User","createdAt":"2024-06-19T02:34:24.2348658Z","lastModifiedBy":"v-muyaofeng@microsoft.com","lastModifiedByType":"User","lastModifiedAt":"2024-06-19T02:34:24.2348658Z"}}'
    headers:
      cache-control:
      - no-cache
      content-length:
      - '947'
      content-type:
      - application/json
      date:
      - Wed, 19 Jun 2024 02:40:44 GMT
      expires:
      - '-1'
      pragma:
      - no-cache
      request-context:
      - appId=cid-v1:797d7e4e-8180-497e-a254-780fbd39ba4d
      strict-transport-security:
      - max-age=31536000; includeSubDomains
      x-cache:
      - CONFIG_NOCACHE
      x-content-type-options:
      - nosniff
      x-ms-ratelimit-remaining-subscription-resource-requests:
      - '11999'
      x-msedge-ref:
      - 'Ref A: 43CD1A2F78C74292BF93E59889660351 Ref B: TYO201100113037 Ref C: 2024-06-19T02:40:43Z'
      x-rp-server-mvid:
      - 16f8ed7c-99fe-42f5-98dc-7ba9e82d32d1
    status:
      code: 200
      message: OK
- request:
    body: null
    headers:
      Accept:
      - application/json
      Accept-Encoding:
      - gzip, deflate
      CommandName:
      - spring job create
      Connection:
      - keep-alive
      ParameterSetName:
      - -n -g -s
      User-Agent:
      - AZURECLI/2.61.0 azsdk-python-core/1.30.1 Python/3.11.9 (Windows-10-10.0.22631-SP0)
    method: GET
    uri: https://management.azure.com/subscriptions/00000000-0000-0000-0000-000000000000/resourceGroups/clitest.rg000001/providers/Microsoft.AppPlatform/Spring/clitest000002/jobs/myjob?api-version=2024-05-01-preview
  response:
    body:
      string: '{"error":{"code":"NotFound","message":"Job not found.","target":"/subscriptions/00000000-0000-0000-0000-000000000000/resourceGroups/clitest.rg000001/providers/Microsoft.AppPlatform/Spring/clitest000002/jobs/myjob","details":null}}'
    headers:
      cache-control:
      - no-cache
      content-length:
      - '230'
      content-type:
      - application/json
      date:
      - Wed, 19 Jun 2024 02:40:45 GMT
      expires:
      - '-1'
      pragma:
      - no-cache
      request-context:
      - appId=cid-v1:797d7e4e-8180-497e-a254-780fbd39ba4d
      strict-transport-security:
      - max-age=31536000; includeSubDomains
      x-cache:
      - CONFIG_NOCACHE
      x-content-type-options:
      - nosniff
      x-msedge-ref:
      - 'Ref A: 22E1B558AB9C48F49AD48367F977FAF4 Ref B: TYO201100116039 Ref C: 2024-06-19T02:40:45Z'
      x-rp-server-mvid:
      - 16f8ed7c-99fe-42f5-98dc-7ba9e82d32d1
    status:
      code: 404
      message: Not Found
- request:
    body: '{"properties": {"template": {"environmentVariables": [], "resourceRequests":
      {"cpu": "1", "memory": "2Gi"}}, "managedComponentReferences": [], "triggerConfig":
      {"triggerType": "Manual"}}}'
    headers:
      Accept:
      - application/json
      Accept-Encoding:
      - gzip, deflate
      CommandName:
      - spring job create
      Connection:
      - keep-alive
      Content-Length:
      - '187'
      Content-Type:
      - application/json
      ParameterSetName:
      - -n -g -s
      User-Agent:
      - AZURECLI/2.61.0 azsdk-python-core/1.30.1 Python/3.11.9 (Windows-10-10.0.22631-SP0)
    method: PUT
    uri: https://management.azure.com/subscriptions/00000000-0000-0000-0000-000000000000/resourceGroups/clitest.rg000001/providers/Microsoft.AppPlatform/Spring/clitest000002/jobs/myjob?api-version=2024-05-01-preview
  response:
    body:
      string: '{"properties":{"provisioningState":"Succeeded","triggerConfig":{"triggerType":"Manual"},"template":{"environmentVariables":[],"resourceRequests":{"cpu":"1","memory":"2Gi"}},"managedComponentReferences":[]},"type":"Microsoft.AppPlatform/Spring/jobs","id":"/subscriptions/00000000-0000-0000-0000-000000000000/resourceGroups/clitest.rg000001/providers/Microsoft.AppPlatform/Spring/clitest000002/jobs/myjob","name":"myjob","systemData":{"createdBy":"v-muyaofeng@microsoft.com","createdByType":"User","createdAt":"2024-06-19T02:40:48.2574098Z","lastModifiedBy":"v-muyaofeng@microsoft.com","lastModifiedByType":"User","lastModifiedAt":"2024-06-19T02:40:48.2574098Z"}}'
    headers:
      cache-control:
      - no-cache
      content-length:
      - '661'
      content-type:
      - application/json
      date:
      - Wed, 19 Jun 2024 02:40:49 GMT
      expires:
      - '-1'
      pragma:
      - no-cache
      request-context:
      - appId=cid-v1:797d7e4e-8180-497e-a254-780fbd39ba4d
      strict-transport-security:
      - max-age=31536000; includeSubDomains
      x-cache:
      - CONFIG_NOCACHE
      x-content-type-options:
      - nosniff
      x-ms-ratelimit-remaining-subscription-writes:
      - '1198'
      x-msedge-ref:
      - 'Ref A: C0766283383B4DE7AFA882271D40E615 Ref B: TYO201100114011 Ref C: 2024-06-19T02:40:47Z'
      x-rp-server-mvid:
      - 16f8ed7c-99fe-42f5-98dc-7ba9e82d32d1
    status:
      code: 200
      message: OK
- request:
    body: null
    headers:
      Accept:
      - application/json
      Accept-Encoding:
      - gzip, deflate
      CommandName:
      - spring job create
      Connection:
      - keep-alive
      ParameterSetName:
      - -n -g -s
      User-Agent:
      - AZURECLI/2.61.0 azsdk-python-core/1.30.1 Python/3.11.9 (Windows-10-10.0.22631-SP0)
    method: GET
    uri: https://management.azure.com/subscriptions/00000000-0000-0000-0000-000000000000/resourceGroups/clitest.rg000001/providers/Microsoft.AppPlatform/Spring/clitest000002/jobs/myjob?api-version=2024-05-01-preview
  response:
    body:
      string: '{"properties":{"provisioningState":"Succeeded","triggerConfig":{"triggerType":"Manual"},"template":{"environmentVariables":[],"resourceRequests":{"cpu":"1","memory":"2Gi"}},"managedComponentReferences":[]},"type":"Microsoft.AppPlatform/Spring/jobs","id":"/subscriptions/00000000-0000-0000-0000-000000000000/resourceGroups/clitest.rg000001/providers/Microsoft.AppPlatform/Spring/clitest000002/jobs/myjob","name":"myjob","systemData":{"createdBy":"v-muyaofeng@microsoft.com","createdByType":"User","createdAt":"2024-06-19T02:40:48.2574098Z","lastModifiedBy":"v-muyaofeng@microsoft.com","lastModifiedByType":"User","lastModifiedAt":"2024-06-19T02:40:48.2574098Z"}}'
    headers:
      cache-control:
      - no-cache
      content-length:
      - '661'
      content-type:
      - application/json
      date:
      - Wed, 19 Jun 2024 02:40:51 GMT
      expires:
      - '-1'
      pragma:
      - no-cache
      request-context:
      - appId=cid-v1:797d7e4e-8180-497e-a254-780fbd39ba4d
      strict-transport-security:
      - max-age=31536000; includeSubDomains
      x-cache:
      - CONFIG_NOCACHE
      x-content-type-options:
      - nosniff
      x-msedge-ref:
      - 'Ref A: 92F2E316BF284AE39A8E769014D7823D Ref B: TYO201100116025 Ref C: 2024-06-19T02:40:50Z'
      x-rp-server-mvid:
      - 16f8ed7c-99fe-42f5-98dc-7ba9e82d32d1
    status:
      code: 200
      message: OK
version: 1
