interactions:
- request:
    body: null
    headers:
      Accept:
      - application/json
      Accept-Encoding:
      - gzip, deflate
      CommandName:
      - remote-rendering-account create
      Connection:
      - keep-alive
      ParameterSetName:
      - -g -n
      User-Agent:
      - python/3.7.3 (Windows-10-10.0.19041-SP0) msrest/0.6.21 msrest_azure/0.6.3
        azure-mgmt-resource/12.0.0 Azure-SDK-For-Python AZURECLI/2.21.0
      accept-language:
      - en-US
    method: GET
    uri: https://management.azure.com/subscriptions/00000000-0000-0000-0000-000000000000/resourcegroups/clitest.rg000001?api-version=2020-10-01
  response:
    body:
      string: '{"id":"/subscriptions/00000000-0000-0000-0000-000000000000/resourceGroups/clitest.rg000001","name":"clitest.rg000001","type":"Microsoft.Resources/resourceGroups","location":"eastus2","tags":{"product":"azurecli","cause":"automation","date":"2021-04-13T03:28:09Z"},"properties":{"provisioningState":"Succeeded"}}'
    headers:
      cache-control:
      - no-cache
      content-length:
      - '429'
      content-type:
      - application/json; charset=utf-8
      date:
      - Tue, 13 Apr 2021 03:28:12 GMT
      expires:
      - '-1'
      pragma:
      - no-cache
      strict-transport-security:
      - max-age=31536000; includeSubDomains
      vary:
      - Accept-Encoding
      x-content-type-options:
      - nosniff
    status:
      code: 200
      message: OK
- request:
    body: '{"location": "eastus2", "identity": {"type": "SystemAssigned"}}'
    headers:
      Accept:
      - application/json
      Accept-Encoding:
      - gzip, deflate
      CommandName:
      - remote-rendering-account create
      Connection:
      - keep-alive
      Content-Length:
      - '63'
      Content-Type:
      - application/json
      ParameterSetName:
      - -g -n
      User-Agent:
      - AZURECLI/2.21.0 azsdk-python-mgmt-mixedreality/1.0.0b1 Python/3.7.3 (Windows-10-10.0.19041-SP0)
    method: PUT
    uri: https://management.azure.com/subscriptions/00000000-0000-0000-0000-000000000000/resourceGroups/clitest.rg000001/providers/Microsoft.MixedReality/remoteRenderingAccounts/remote-rendering-account-name?api-version=2021-01-01
  response:
    body:
      string: '{"id":"/subscriptions/00000000-0000-0000-0000-000000000000/resourceGroups/clitest.rg000001/providers/Microsoft.MixedReality/remoteRenderingAccounts/remote-rendering-account-name","name":"remote-rendering-account-name","type":"Microsoft.MixedReality/remoteRenderingAccounts","identity":{"type":"SystemAssigned","principalId":"36165d23-a51f-45bb-979d-1eab06b01268","tenantId":"54826b22-38d6-4fb2-bad9-b7b93a3e9c5a"},"location":"eastus2","plan":null,"sku":null,"kind":null,"tags":{},"properties":{"accountDomain":"eastus2.mixedreality.azure.com","accountId":"c8ae8828-dbab-4301-9b31-c55661e9cacf"}}'
    headers:
      cache-control:
      - no-cache
      content-length:
      - '654'
      content-type:
      - application/json; charset=utf-8
      date:
      - Tue, 13 Apr 2021 03:28:33 GMT
      expires:
      - '-1'
      location:
      - subscriptions/0b1f6471-1bf0-4dda-aec3-cb9272f09590/resourceGroups/clitest.rg000001/providers/Microsoft.MixedReality/remoteRenderingAccounts/remote-rendering-account-name
      ms-cv:
      - +L3BN4ZeKU2EWEz397+3DA.0
      pragma:
      - no-cache
      strict-transport-security:
      - max-age=31536000; includeSubDomains
      x-content-type-options:
      - nosniff
      x-ms-ratelimit-remaining-subscription-writes:
      - '1197'
    status:
      code: 201
      message: Created
- request:
    body: null
    headers:
      Accept:
      - application/json
      Accept-Encoding:
      - gzip, deflate
      CommandName:
      - remote-rendering-account create
      Connection:
      - keep-alive
      ParameterSetName:
      - -g -n --storage-account-name --tag
      User-Agent:
      - python/3.7.3 (Windows-10-10.0.19041-SP0) msrest/0.6.21 msrest_azure/0.6.3
        azure-mgmt-resource/12.0.0 Azure-SDK-For-Python AZURECLI/2.21.0
      accept-language:
      - en-US
    method: GET
    uri: https://management.azure.com/subscriptions/00000000-0000-0000-0000-000000000000/resourcegroups/clitest.rg000001?api-version=2020-10-01
  response:
    body:
      string: '{"id":"/subscriptions/00000000-0000-0000-0000-000000000000/resourceGroups/clitest.rg000001","name":"clitest.rg000001","type":"Microsoft.Resources/resourceGroups","location":"eastus2","tags":{"product":"azurecli","cause":"automation","date":"2021-04-13T03:28:09Z"},"properties":{"provisioningState":"Succeeded"}}'
    headers:
      cache-control:
      - no-cache
      content-length:
      - '429'
      content-type:
      - application/json; charset=utf-8
      date:
      - Tue, 13 Apr 2021 03:28:33 GMT
      expires:
      - '-1'
      pragma:
      - no-cache
      strict-transport-security:
      - max-age=31536000; includeSubDomains
      vary:
      - Accept-Encoding
      x-content-type-options:
      - nosniff
    status:
      code: 200
      message: OK
- request:
    body: '{"tags": {"tag": "tag"}, "location": "eastus2", "identity": {"type": "SystemAssigned"},
      "properties": {"storageAccountName": "storage_account_name"}}'
    headers:
      Accept:
      - application/json
      Accept-Encoding:
      - gzip, deflate
      CommandName:
      - remote-rendering-account create
      Connection:
      - keep-alive
      Content-Length:
      - '149'
      Content-Type:
      - application/json
      ParameterSetName:
      - -g -n --storage-account-name --tag
      User-Agent:
      - AZURECLI/2.21.0 azsdk-python-mgmt-mixedreality/1.0.0b1 Python/3.7.3 (Windows-10-10.0.19041-SP0)
    method: PUT
    uri: https://management.azure.com/subscriptions/00000000-0000-0000-0000-000000000000/resourceGroups/clitest.rg000001/providers/Microsoft.MixedReality/remoteRenderingAccounts/remote-rendering-account-name1?api-version=2021-01-01
  response:
    body:
      string: '{"id":"/subscriptions/00000000-0000-0000-0000-000000000000/resourceGroups/clitest.rg000001/providers/Microsoft.MixedReality/remoteRenderingAccounts/remote-rendering-account-name1","name":"remote-rendering-account-name1","type":"Microsoft.MixedReality/remoteRenderingAccounts","identity":{"type":"SystemAssigned","principalId":"caa3b6b8-36c1-440d-97f9-350814b40e5d","tenantId":"54826b22-38d6-4fb2-bad9-b7b93a3e9c5a"},"location":"eastus2","plan":null,"sku":null,"kind":null,"tags":{"tag":"tag"},"properties":{"storageAccountName":"storage_account_name","accountDomain":"eastus2.mixedreality.azure.com","accountId":"e6d710d5-7f6b-42a0-8f2f-83686401201a"}}'
    headers:
      cache-control:
      - no-cache
      content-length:
      - '711'
      content-type:
      - application/json; charset=utf-8
      date:
      - Tue, 13 Apr 2021 03:28:50 GMT
      expires:
      - '-1'
      location:
      - subscriptions/0b1f6471-1bf0-4dda-aec3-cb9272f09590/resourceGroups/clitest.rg000001/providers/Microsoft.MixedReality/remoteRenderingAccounts/remote-rendering-account-name1
      ms-cv:
      - qvBdWO9ncEScPPQB6nsWoQ.0
      pragma:
      - no-cache
      strict-transport-security:
      - max-age=31536000; includeSubDomains
      x-content-type-options:
      - nosniff
      x-ms-ratelimit-remaining-subscription-writes:
      - '1199'
    status:
      code: 201
      message: Created
- request:
    body: null
    headers:
      Accept:
      - application/json
      Accept-Encoding:
      - gzip, deflate
      CommandName:
      - remote-rendering-account update
      Connection:
      - keep-alive
      ParameterSetName:
      - -g -n --storage-account-name
      User-Agent:
      - python/3.7.3 (Windows-10-10.0.19041-SP0) msrest/0.6.21 msrest_azure/0.6.3
        azure-mgmt-resource/12.0.0 Azure-SDK-For-Python AZURECLI/2.21.0
      accept-language:
      - en-US
    method: GET
    uri: https://management.azure.com/subscriptions/00000000-0000-0000-0000-000000000000/resourcegroups/clitest.rg000001?api-version=2020-10-01
  response:
    body:
      string: '{"id":"/subscriptions/00000000-0000-0000-0000-000000000000/resourceGroups/clitest.rg000001","name":"clitest.rg000001","type":"Microsoft.Resources/resourceGroups","location":"eastus2","tags":{"product":"azurecli","cause":"automation","date":"2021-04-13T03:28:09Z"},"properties":{"provisioningState":"Succeeded"}}'
    headers:
      cache-control:
      - no-cache
      content-length:
      - '429'
      content-type:
      - application/json; charset=utf-8
      date:
      - Tue, 13 Apr 2021 03:28:51 GMT
      expires:
      - '-1'
      pragma:
      - no-cache
      strict-transport-security:
      - max-age=31536000; includeSubDomains
      vary:
      - Accept-Encoding
      x-content-type-options:
      - nosniff
    status:
      code: 200
      message: OK
- request:
    body: '{"location": "eastus2", "identity": {"type": "SystemAssigned"}, "properties":
      {"storageAccountName": "storage_account_name1"}}'
    headers:
      Accept:
      - application/json
      Accept-Encoding:
      - gzip, deflate
      CommandName:
      - remote-rendering-account update
      Connection:
      - keep-alive
      Content-Length:
      - '126'
      Content-Type:
      - application/json
      ParameterSetName:
      - -g -n --storage-account-name
      User-Agent:
      - AZURECLI/2.21.0 azsdk-python-mgmt-mixedreality/1.0.0b1 Python/3.7.3 (Windows-10-10.0.19041-SP0)
    method: PATCH
    uri: https://management.azure.com/subscriptions/00000000-0000-0000-0000-000000000000/resourceGroups/clitest.rg000001/providers/Microsoft.MixedReality/remoteRenderingAccounts/remote-rendering-account-name?api-version=2021-01-01
  response:
    body:
      string: '{"id":"/subscriptions/00000000-0000-0000-0000-000000000000/resourceGroups/clitest.rg000001/providers/Microsoft.MixedReality/remoteRenderingAccounts/remote-rendering-account-name","name":"remote-rendering-account-name","type":"Microsoft.MixedReality/remoteRenderingAccounts","identity":{"type":"SystemAssigned","principalId":"36165d23-a51f-45bb-979d-1eab06b01268","tenantId":"54826b22-38d6-4fb2-bad9-b7b93a3e9c5a"},"location":"eastus2","plan":null,"sku":null,"kind":null,"tags":{},"properties":{"storageAccountName":"storage_account_name1","accountDomain":"eastus2.mixedreality.azure.com","accountId":"c8ae8828-dbab-4301-9b31-c55661e9cacf"}}'
    headers:
      cache-control:
      - no-cache
      content-length:
      - '699'
      content-type:
      - application/json; charset=utf-8
      date:
      - Tue, 13 Apr 2021 03:28:58 GMT
      expires:
      - '-1'
      ms-cv:
      - h/sS+BzBq0GbTMdmjVXNZg.0
      pragma:
      - no-cache
      strict-transport-security:
      - max-age=31536000; includeSubDomains
      transfer-encoding:
      - chunked
      vary:
      - Accept-Encoding
      x-content-type-options:
      - nosniff
      x-ms-ratelimit-remaining-subscription-writes:
      - '1198'
    status:
      code: 200
      message: OK
- request:
    body: null
    headers:
      Accept:
      - application/json
      Accept-Encoding:
      - gzip, deflate
      CommandName:
      - remote-rendering-account show
      Connection:
      - keep-alive
      ParameterSetName:
      - -g -n
      User-Agent:
      - AZURECLI/2.21.0 azsdk-python-mgmt-mixedreality/1.0.0b1 Python/3.7.3 (Windows-10-10.0.19041-SP0)
    method: GET
    uri: https://management.azure.com/subscriptions/00000000-0000-0000-0000-000000000000/resourceGroups/clitest.rg000001/providers/Microsoft.MixedReality/remoteRenderingAccounts/remote-rendering-account-name?api-version=2021-01-01
  response:
    body:
      string: '{"id":"/subscriptions/00000000-0000-0000-0000-000000000000/resourceGroups/clitest.rg000001/providers/Microsoft.MixedReality/remoteRenderingAccounts/remote-rendering-account-name","name":"remote-rendering-account-name","type":"Microsoft.MixedReality/remoteRenderingAccounts","identity":{"type":"SystemAssigned","principalId":"36165d23-a51f-45bb-979d-1eab06b01268","tenantId":"54826b22-38d6-4fb2-bad9-b7b93a3e9c5a"},"location":"eastus2","plan":null,"sku":null,"kind":null,"tags":{},"properties":{"storageAccountName":"storage_account_name1","accountDomain":"eastus2.mixedreality.azure.com","accountId":"c8ae8828-dbab-4301-9b31-c55661e9cacf"}}'
    headers:
      cache-control:
      - no-cache
      content-length:
      - '699'
      content-type:
      - application/json; charset=utf-8
      date:
      - Tue, 13 Apr 2021 03:28:59 GMT
      expires:
      - '-1'
      ms-cv:
      - 4SY/AosqAkCYSeU/wtMBcw.0
      pragma:
      - no-cache
      strict-transport-security:
      - max-age=31536000; includeSubDomains
      transfer-encoding:
      - chunked
      vary:
      - Accept-Encoding
      x-content-type-options:
      - nosniff
    status:
      code: 200
      message: OK
- request:
    body: null
    headers:
      Accept:
      - application/json
      Accept-Encoding:
      - gzip, deflate
      CommandName:
      - remote-rendering-account list
      Connection:
      - keep-alive
      ParameterSetName:
      - -g
      User-Agent:
      - AZURECLI/2.21.0 azsdk-python-mgmt-mixedreality/1.0.0b1 Python/3.7.3 (Windows-10-10.0.19041-SP0)
    method: GET
    uri: https://management.azure.com/subscriptions/00000000-0000-0000-0000-000000000000/resourceGroups/clitest.rg000001/providers/Microsoft.MixedReality/remoteRenderingAccounts?api-version=2021-01-01
  response:
    body:
      string: '{"nextLink":null,"value":[{"id":"/subscriptions/00000000-0000-0000-0000-000000000000/resourceGroups/clitest.rg000001/providers/Microsoft.MixedReality/remoteRenderingAccounts/remote-rendering-account-name","name":"remote-rendering-account-name","type":"Microsoft.MixedReality/remoteRenderingAccounts","identity":{"type":"SystemAssigned","principalId":"36165d23-a51f-45bb-979d-1eab06b01268","tenantId":"54826b22-38d6-4fb2-bad9-b7b93a3e9c5a"},"location":"eastus2","plan":null,"sku":null,"kind":null,"tags":{},"properties":{"storageAccountName":"storage_account_name1","accountDomain":"eastus2.mixedreality.azure.com","accountId":"c8ae8828-dbab-4301-9b31-c55661e9cacf"}},{"id":"/subscriptions/00000000-0000-0000-0000-000000000000/resourceGroups/clitest.rg000001/providers/Microsoft.MixedReality/remoteRenderingAccounts/remote-rendering-account-name1","name":"remote-rendering-account-name1","type":"Microsoft.MixedReality/remoteRenderingAccounts","identity":{"type":"SystemAssigned","principalId":"caa3b6b8-36c1-440d-97f9-350814b40e5d","tenantId":"54826b22-38d6-4fb2-bad9-b7b93a3e9c5a"},"location":"eastus2","plan":null,"sku":null,"kind":null,"tags":{"tag":"tag"},"properties":{"storageAccountName":"storage_account_name","accountDomain":"eastus2.mixedreality.azure.com","accountId":"e6d710d5-7f6b-42a0-8f2f-83686401201a"}}]}'
    headers:
      cache-control:
      - no-cache
      content-length:
      - '1439'
      content-type:
      - application/json; charset=utf-8
      date:
      - Tue, 13 Apr 2021 03:29:05 GMT
      expires:
      - '-1'
      ms-cv:
      - qY/kLkuTyUuFn3QNSDSZJg.0
      pragma:
      - no-cache
      strict-transport-security:
      - max-age=31536000; includeSubDomains
      transfer-encoding:
      - chunked
      vary:
      - Accept-Encoding
      x-content-type-options:
      - nosniff
    status:
      code: 200
      message: OK
- request:
    body: null
    headers:
      Accept:
      - application/json
      Accept-Encoding:
      - gzip, deflate
      CommandName:
      - remote-rendering-account delete
      Connection:
      - keep-alive
      Content-Length:
      - '0'
      ParameterSetName:
      - -g -n
      User-Agent:
      - AZURECLI/2.21.0 azsdk-python-mgmt-mixedreality/1.0.0b1 Python/3.7.3 (Windows-10-10.0.19041-SP0)
    method: DELETE
    uri: https://management.azure.com/subscriptions/00000000-0000-0000-0000-000000000000/resourceGroups/clitest.rg000001/providers/Microsoft.MixedReality/remoteRenderingAccounts/remote-rendering-account-name1?api-version=2021-01-01
  response:
    body:
      string: ''
    headers:
      cache-control:
      - no-cache
      content-length:
      - '0'
      date:
      - Tue, 13 Apr 2021 03:29:11 GMT
      expires:
      - '-1'
      ms-cv:
      - udN7Vat/QUyu4Vs7NbnfXQ.0
      pragma:
      - no-cache
      strict-transport-security:
      - max-age=31536000; includeSubDomains
      x-content-type-options:
      - nosniff
      x-ms-ratelimit-remaining-subscription-deletes:
      - '14999'
    status:
      code: 200
      message: OK
- request:
    body: null
    headers:
      Accept:
      - application/json
      Accept-Encoding:
      - gzip, deflate
      CommandName:
      - remote-rendering-account list
      Connection:
      - keep-alive
      ParameterSetName:
      - -g
      User-Agent:
      - AZURECLI/2.21.0 azsdk-python-mgmt-mixedreality/1.0.0b1 Python/3.7.3 (Windows-10-10.0.19041-SP0)
    method: GET
    uri: https://management.azure.com/subscriptions/00000000-0000-0000-0000-000000000000/resourceGroups/clitest.rg000001/providers/Microsoft.MixedReality/remoteRenderingAccounts?api-version=2021-01-01
  response:
    body:
      string: '{"nextLink":null,"value":[{"id":"/subscriptions/00000000-0000-0000-0000-000000000000/resourceGroups/clitest.rg000001/providers/Microsoft.MixedReality/remoteRenderingAccounts/remote-rendering-account-name","name":"remote-rendering-account-name","type":"Microsoft.MixedReality/remoteRenderingAccounts","identity":{"type":"SystemAssigned","principalId":"36165d23-a51f-45bb-979d-1eab06b01268","tenantId":"54826b22-38d6-4fb2-bad9-b7b93a3e9c5a"},"location":"eastus2","plan":null,"sku":null,"kind":null,"tags":{},"properties":{"storageAccountName":"storage_account_name1","accountDomain":"eastus2.mixedreality.azure.com","accountId":"c8ae8828-dbab-4301-9b31-c55661e9cacf"}}]}'
    headers:
      cache-control:
      - no-cache
      content-length:
      - '727'
      content-type:
      - application/json; charset=utf-8
      date:
      - Tue, 13 Apr 2021 03:29:15 GMT
      expires:
      - '-1'
      ms-cv:
      - uLcOzC4hbkejFyUDVr9Eyg.0
      pragma:
      - no-cache
      strict-transport-security:
      - max-age=31536000; includeSubDomains
      transfer-encoding:
      - chunked
      vary:
      - Accept-Encoding
      x-content-type-options:
      - nosniff
    status:
      code: 200
      message: OK
- request:
    body: null
    headers:
      Accept:
      - application/json
      Accept-Encoding:
      - gzip, deflate
      CommandName:
      - remote-rendering-account key show
      Connection:
      - keep-alive
      Content-Length:
      - '0'
      ParameterSetName:
      - -g -n
      User-Agent:
      - AZURECLI/2.21.0 azsdk-python-mgmt-mixedreality/1.0.0b1 Python/3.7.3 (Windows-10-10.0.19041-SP0)
    method: POST
    uri: https://management.azure.com/subscriptions/00000000-0000-0000-0000-000000000000/resourceGroups/clitest.rg000001/providers/Microsoft.MixedReality/remoteRenderingAccounts/remote-rendering-account-name/listKeys?api-version=2021-01-01
  response:
    body:
      string: '{"primaryKey":"mock_key","secondaryKey":"mock_key"}'
    headers:
      cache-control:
      - no-cache
      content-length:
      - '123'
      content-type:
      - application/json; charset=utf-8
      date:
      - Tue, 13 Apr 2021 03:29:16 GMT
      expires:
      - '-1'
      ms-cv:
      - A8ildwBhrEqIJ9+S5b02tQ.0
      pragma:
      - no-cache
      strict-transport-security:
      - max-age=31536000; includeSubDomains
      transfer-encoding:
      - chunked
      vary:
      - Accept-Encoding
      x-content-type-options:
      - nosniff
      x-ms-ratelimit-remaining-subscription-writes:
      - '1198'
    status:
      code: 200
      message: OK
- request:
    body: '{"serial": 1}'
    headers:
      Accept:
      - application/json
      Accept-Encoding:
      - gzip, deflate
      CommandName:
      - remote-rendering-account key renew
      Connection:
      - keep-alive
      Content-Length:
      - '13'
      Content-Type:
      - application/json
      ParameterSetName:
      - -g -n
      User-Agent:
      - AZURECLI/2.21.0 azsdk-python-mgmt-mixedreality/1.0.0b1 Python/3.7.3 (Windows-10-10.0.19041-SP0)
    method: POST
    uri: https://management.azure.com/subscriptions/00000000-0000-0000-0000-000000000000/resourceGroups/clitest.rg000001/providers/Microsoft.MixedReality/remoteRenderingAccounts/remote-rendering-account-name/regenerateKeys?api-version=2021-01-01
  response:
    body:
      string: '{"primaryKey":"mock_key","secondaryKey":"mock_key"}'
    headers:
      cache-control:
      - no-cache
      content-length:
      - '123'
      content-type:
      - application/json; charset=utf-8
      date:
      - Tue, 13 Apr 2021 03:29:17 GMT
      expires:
      - '-1'
      ms-cv:
      - 2aA/vWc/KEWTEowA0Q2OeQ.0
      pragma:
      - no-cache
      strict-transport-security:
      - max-age=31536000; includeSubDomains
      transfer-encoding:
      - chunked
      vary:
      - Accept-Encoding
      x-content-type-options:
      - nosniff
      x-ms-ratelimit-remaining-subscription-writes:
      - '1199'
    status:
      code: 200
      message: OK
- request:
    body: '{"serial": 1}'
    headers:
      Accept:
      - application/json
      Accept-Encoding:
      - gzip, deflate
      CommandName:
      - remote-rendering-account key renew
      Connection:
      - keep-alive
      Content-Length:
      - '13'
      Content-Type:
      - application/json
      ParameterSetName:
      - -g -n -k
      User-Agent:
      - AZURECLI/2.21.0 azsdk-python-mgmt-mixedreality/1.0.0b1 Python/3.7.3 (Windows-10-10.0.19041-SP0)
    method: POST
    uri: https://management.azure.com/subscriptions/00000000-0000-0000-0000-000000000000/resourceGroups/clitest.rg000001/providers/Microsoft.MixedReality/remoteRenderingAccounts/remote-rendering-account-name/regenerateKeys?api-version=2021-01-01
  response:
    body:
      string: '{"primaryKey":"mock_key","secondaryKey":"mock_key"}'
    headers:
      cache-control:
      - no-cache
      content-length:
      - '123'
      content-type:
      - application/json; charset=utf-8
      date:
      - Tue, 13 Apr 2021 03:29:20 GMT
      expires:
      - '-1'
      ms-cv:
      - OpVbUoxevkCmfkETuMHVjw.0
      pragma:
      - no-cache
      strict-transport-security:
      - max-age=31536000; includeSubDomains
      transfer-encoding:
      - chunked
      vary:
      - Accept-Encoding
      x-content-type-options:
      - nosniff
      x-ms-ratelimit-remaining-subscription-writes:
      - '1199'
    status:
      code: 200
      message: OK
- request:
    body: '{"serial": 2}'
    headers:
      Accept:
      - application/json
      Accept-Encoding:
      - gzip, deflate
      CommandName:
      - remote-rendering-account key renew
      Connection:
      - keep-alive
      Content-Length:
      - '13'
      Content-Type:
      - application/json
      ParameterSetName:
      - -g -n -k
      User-Agent:
      - AZURECLI/2.21.0 azsdk-python-mgmt-mixedreality/1.0.0b1 Python/3.7.3 (Windows-10-10.0.19041-SP0)
    method: POST
    uri: https://management.azure.com/subscriptions/00000000-0000-0000-0000-000000000000/resourceGroups/clitest.rg000001/providers/Microsoft.MixedReality/remoteRenderingAccounts/remote-rendering-account-name/regenerateKeys?api-version=2021-01-01
  response:
    body:
      string: '{"primaryKey":"mock_key","secondaryKey":"mock_key"}'
    headers:
      cache-control:
      - no-cache
      content-length:
      - '123'
      content-type:
      - application/json; charset=utf-8
      date:
      - Tue, 13 Apr 2021 03:29:22 GMT
      expires:
      - '-1'
      ms-cv:
      - y49qJgQfDUeWvfA+XAzkRQ.0
      pragma:
      - no-cache
      strict-transport-security:
      - max-age=31536000; includeSubDomains
      transfer-encoding:
      - chunked
      vary:
      - Accept-Encoding
      x-content-type-options:
      - nosniff
      x-ms-ratelimit-remaining-subscription-writes:
      - '1199'
    status:
      code: 200
      message: OK
version: 1
