interactions:
- request:
    body: null
    headers:
      Accept:
      - application/json
      Accept-Encoding:
      - gzip, deflate
      CommandName:
      - remote-rendering-account create
      Connection:
      - keep-alive
      ParameterSetName:
      - -g -n
      User-Agent:
      - AZURECLI/2.49.0 (PIP) azsdk-python-azure-mgmt-resource/23.0.1 Python/3.9.6
        (Windows-10-10.0.19045-SP0)
    method: GET
    uri: https://management.azure.com/subscriptions/00000000-0000-0000-0000-000000000000/resourcegroups/clitest.rg000001?api-version=2022-09-01
  response:
    body:
      string: '{"id":"/subscriptions/00000000-0000-0000-0000-000000000000/resourceGroups/clitest.rg000001","name":"clitest.rg000001","type":"Microsoft.Resources/resourceGroups","location":"eastus2","tags":{"product":"azurecli","cause":"automation","test":"test_remote_rendering_account_scenario","date":"2023-06-28T03:55:10Z","module":"mixed-reality"},"properties":{"provisioningState":"Succeeded"}}'
    headers:
      cache-control:
      - no-cache
      content-length:
      - '384'
      content-type:
      - application/json; charset=utf-8
      date:
      - Wed, 28 Jun 2023 03:55:14 GMT
      expires:
      - '-1'
      pragma:
      - no-cache
      strict-transport-security:
      - max-age=31536000; includeSubDomains
      vary:
      - Accept-Encoding
      x-content-type-options:
      - nosniff
    status:
      code: 200
      message: OK
- request:
    body: '{"identity": {"type": "SystemAssigned"}, "location": "eastus2"}'
    headers:
      Accept:
      - application/json
      Accept-Encoding:
      - gzip, deflate
      CommandName:
      - remote-rendering-account create
      Connection:
      - keep-alive
      Content-Length:
      - '63'
      Content-Type:
      - application/json
      ParameterSetName:
      - -g -n
      User-Agent:
      - AZURECLI/2.49.0 (PIP) (AAZ) azsdk-python-core/1.26.0 Python/3.9.6 (Windows-10-10.0.19045-SP0)
    method: PUT
    uri: https://management.azure.com/subscriptions/00000000-0000-0000-0000-000000000000/resourceGroups/clitest.rg000001/providers/Microsoft.MixedReality/remoteRenderingAccounts/remote-rendering-account-name?api-version=2021-03-01-preview
  response:
    body:
      string: '{"id":"/subscriptions/00000000-0000-0000-0000-000000000000/resourceGroups/clitest.rg000001/providers/Microsoft.MixedReality/remoteRenderingAccounts/remote-rendering-account-name","name":"remote-rendering-account-name","type":"Microsoft.MixedReality/remoteRenderingAccounts","identity":{"type":"SystemAssigned","principalId":"93c02df3-a821-41b1-bf71-75768c3ba7a5","tenantId":"54826b22-38d6-4fb2-bad9-b7b93a3e9c5a"},"location":"eastus2","plan":null,"sku":null,"kind":null,"tags":{},"properties":{"accountDomain":"eastus2.mixedreality.azure.com","accountId":"01ebe302-0fdf-4dd5-b7c7-fc3fa111a6f1"}}'
    headers:
      cache-control:
      - no-cache
      content-length:
      - '595'
      content-type:
      - application/json; charset=utf-8
      date:
      - Wed, 28 Jun 2023 03:55:24 GMT
      expires:
      - '-1'
      location:
      - subscriptions/0b1f6471-1bf0-4dda-aec3-cb9272f09590/resourceGroups/clitest.rg000001/providers/Microsoft.MixedReality/remoteRenderingAccounts/remote-rendering-account-name
      ms-cv:
      - dar1aJT+xUmiNuSyt2pm2A.0
      pragma:
      - no-cache
      strict-transport-security:
      - max-age=31536000; includeSubDomains
      x-content-type-options:
      - nosniff
      x-ms-ratelimit-remaining-subscription-writes:
      - '1199'
    status:
      code: 201
      message: Created
- request:
    body: null
    headers:
      Accept:
      - application/json
      Accept-Encoding:
      - gzip, deflate
      CommandName:
      - remote-rendering-account create
      Connection:
      - keep-alive
      ParameterSetName:
      - -g -n --storage-account-name --tag --kind
      User-Agent:
      - AZURECLI/2.49.0 (PIP) azsdk-python-azure-mgmt-resource/23.0.1 Python/3.9.6
        (Windows-10-10.0.19045-SP0)
    method: GET
    uri: https://management.azure.com/subscriptions/00000000-0000-0000-0000-000000000000/resourcegroups/clitest.rg000001?api-version=2022-09-01
  response:
    body:
      string: '{"id":"/subscriptions/00000000-0000-0000-0000-000000000000/resourceGroups/clitest.rg000001","name":"clitest.rg000001","type":"Microsoft.Resources/resourceGroups","location":"eastus2","tags":{"product":"azurecli","cause":"automation","test":"test_remote_rendering_account_scenario","date":"2023-06-28T03:55:10Z","module":"mixed-reality"},"properties":{"provisioningState":"Succeeded"}}'
    headers:
      cache-control:
      - no-cache
      content-length:
      - '384'
      content-type:
      - application/json; charset=utf-8
      date:
      - Wed, 28 Jun 2023 03:55:24 GMT
      expires:
      - '-1'
      pragma:
      - no-cache
      strict-transport-security:
      - max-age=31536000; includeSubDomains
      vary:
      - Accept-Encoding
      x-content-type-options:
      - nosniff
    status:
      code: 200
      message: OK
- request:
    body: '{"identity": {"type": "SystemAssigned"}, "location": "eastus2", "properties":
      {"storageAccountName": "storage_account_name"}, "sku": {"name": "P3"}, "tags":
      {"tag": "tag"}}'
    headers:
      Accept:
      - application/json
      Accept-Encoding:
      - gzip, deflate
      CommandName:
      - remote-rendering-account create
      Connection:
      - keep-alive
      Content-Length:
      - '172'
      Content-Type:
      - application/json
      ParameterSetName:
      - -g -n --storage-account-name --tag --kind
      User-Agent:
      - AZURECLI/2.49.0 (PIP) (AAZ) azsdk-python-core/1.26.0 Python/3.9.6 (Windows-10-10.0.19045-SP0)
    method: PUT
    uri: https://management.azure.com/subscriptions/00000000-0000-0000-0000-000000000000/resourceGroups/clitest.rg000001/providers/Microsoft.MixedReality/remoteRenderingAccounts/remote-rendering-account-name1?api-version=2021-03-01-preview
  response:
    body:
      string: '{"id":"/subscriptions/00000000-0000-0000-0000-000000000000/resourceGroups/clitest.rg000001/providers/Microsoft.MixedReality/remoteRenderingAccounts/remote-rendering-account-name1","name":"remote-rendering-account-name1","type":"Microsoft.MixedReality/remoteRenderingAccounts","identity":{"type":"SystemAssigned","principalId":"4b8e044c-9978-4a80-bf79-c72aaf5ce4f2","tenantId":"54826b22-38d6-4fb2-bad9-b7b93a3e9c5a"},"location":"eastus2","plan":null,"sku":null,"kind":null,"tags":{"tag":"tag"},"properties":{"storageAccountName":"storage_account_name","accountDomain":"eastus2.mixedreality.azure.com","accountId":"87166169-9b62-46eb-ad55-e594f3dd679e"}}'
    headers:
      cache-control:
      - no-cache
      content-length:
      - '652'
      content-type:
      - application/json; charset=utf-8
      date:
      - Wed, 28 Jun 2023 03:55:39 GMT
      expires:
      - '-1'
      location:
      - subscriptions/0b1f6471-1bf0-4dda-aec3-cb9272f09590/resourceGroups/clitest.rg000001/providers/Microsoft.MixedReality/remoteRenderingAccounts/remote-rendering-account-name1
      ms-cv:
      - RTIYbVXdjkeWPf2YISxHjA.0
      pragma:
      - no-cache
      strict-transport-security:
      - max-age=31536000; includeSubDomains
      x-content-type-options:
      - nosniff
      x-ms-ratelimit-remaining-subscription-writes:
      - '1199'
    status:
      code: 201
      message: Created
- request:
    body: '{"properties": {"storageAccountName": "storage_account_name1"}}'
    headers:
      Accept:
      - application/json
      Accept-Encoding:
      - gzip, deflate
      CommandName:
      - remote-rendering-account update
      Connection:
      - keep-alive
      Content-Length:
      - '63'
      Content-Type:
      - application/json
      ParameterSetName:
      - -g -n --storage-account-name
      User-Agent:
      - AZURECLI/2.49.0 (PIP) (AAZ) azsdk-python-core/1.26.0 Python/3.9.6 (Windows-10-10.0.19045-SP0)
    method: PATCH
    uri: https://management.azure.com/subscriptions/00000000-0000-0000-0000-000000000000/resourceGroups/clitest.rg000001/providers/Microsoft.MixedReality/remoteRenderingAccounts/remote-rendering-account-name?api-version=2021-03-01-preview
  response:
    body:
      string: '{"id":"/subscriptions/00000000-0000-0000-0000-000000000000/resourceGroups/clitest.rg000001/providers/Microsoft.MixedReality/remoteRenderingAccounts/remote-rendering-account-name","name":"remote-rendering-account-name","type":"Microsoft.MixedReality/remoteRenderingAccounts","identity":{"type":"SystemAssigned","principalId":"93c02df3-a821-41b1-bf71-75768c3ba7a5","tenantId":"54826b22-38d6-4fb2-bad9-b7b93a3e9c5a"},"location":"eastus2","plan":null,"sku":null,"kind":null,"tags":{},"properties":{"storageAccountName":"storage_account_name1","accountDomain":"eastus2.mixedreality.azure.com","accountId":"01ebe302-0fdf-4dd5-b7c7-fc3fa111a6f1"}}'
    headers:
      cache-control:
      - no-cache
      content-length:
      - '640'
      content-type:
      - application/json; charset=utf-8
      date:
      - Wed, 28 Jun 2023 03:55:40 GMT
      expires:
      - '-1'
      ms-cv:
      - cEjp1E1sH0Gd9ZvfaEbU3A.0
      pragma:
      - no-cache
      strict-transport-security:
      - max-age=31536000; includeSubDomains
      transfer-encoding:
      - chunked
      vary:
      - Accept-Encoding
      x-content-type-options:
      - nosniff
      x-ms-ratelimit-remaining-subscription-writes:
      - '1199'
    status:
      code: 200
      message: OK
- request:
    body: null
    headers:
      Accept:
      - application/json
      Accept-Encoding:
      - gzip, deflate
      CommandName:
      - remote-rendering-account show
      Connection:
      - keep-alive
      ParameterSetName:
      - -g -n
      User-Agent:
      - AZURECLI/2.49.0 (PIP) (AAZ) azsdk-python-core/1.26.0 Python/3.9.6 (Windows-10-10.0.19045-SP0)
    method: GET
    uri: https://management.azure.com/subscriptions/00000000-0000-0000-0000-000000000000/resourceGroups/clitest.rg000001/providers/Microsoft.MixedReality/remoteRenderingAccounts/remote-rendering-account-name?api-version=2021-03-01-preview
  response:
    body:
      string: '{"id":"/subscriptions/00000000-0000-0000-0000-000000000000/resourceGroups/clitest.rg000001/providers/Microsoft.MixedReality/remoteRenderingAccounts/remote-rendering-account-name","name":"remote-rendering-account-name","type":"Microsoft.MixedReality/remoteRenderingAccounts","identity":{"type":"SystemAssigned","principalId":"93c02df3-a821-41b1-bf71-75768c3ba7a5","tenantId":"54826b22-38d6-4fb2-bad9-b7b93a3e9c5a"},"location":"eastus2","plan":null,"sku":null,"kind":null,"tags":{},"properties":{"storageAccountName":"storage_account_name1","accountDomain":"eastus2.mixedreality.azure.com","accountId":"01ebe302-0fdf-4dd5-b7c7-fc3fa111a6f1"}}'
    headers:
      cache-control:
      - no-cache
      content-length:
      - '640'
      content-type:
      - application/json; charset=utf-8
      date:
      - Wed, 28 Jun 2023 03:55:43 GMT
      expires:
      - '-1'
      ms-cv:
      - TUb2T8dxe0G7GRZRGZ7UFg.0
      pragma:
      - no-cache
      strict-transport-security:
      - max-age=31536000; includeSubDomains
      transfer-encoding:
      - chunked
      vary:
      - Accept-Encoding
      x-content-type-options:
      - nosniff
    status:
      code: 200
      message: OK
- request:
    body: null
    headers:
      Accept:
      - application/json
      Accept-Encoding:
      - gzip, deflate
      CommandName:
      - remote-rendering-account list
      Connection:
      - keep-alive
      ParameterSetName:
      - -g
      User-Agent:
      - AZURECLI/2.49.0 (PIP) (AAZ) azsdk-python-core/1.26.0 Python/3.9.6 (Windows-10-10.0.19045-SP0)
    method: GET
    uri: https://management.azure.com/subscriptions/00000000-0000-0000-0000-000000000000/resourceGroups/clitest.rg000001/providers/Microsoft.MixedReality/remoteRenderingAccounts?api-version=2021-03-01-preview
  response:
    body:
      string: '{"nextLink":null,"value":[{"id":"/subscriptions/00000000-0000-0000-0000-000000000000/resourceGroups/clitest.rg000001/providers/Microsoft.MixedReality/remoteRenderingAccounts/remote-rendering-account-name","name":"remote-rendering-account-name","type":"Microsoft.MixedReality/remoteRenderingAccounts","identity":{"type":"SystemAssigned","principalId":"93c02df3-a821-41b1-bf71-75768c3ba7a5","tenantId":"54826b22-38d6-4fb2-bad9-b7b93a3e9c5a"},"location":"eastus2","plan":null,"sku":null,"kind":null,"tags":{},"properties":{"storageAccountName":"storage_account_name1","accountDomain":"eastus2.mixedreality.azure.com","accountId":"01ebe302-0fdf-4dd5-b7c7-fc3fa111a6f1"}},{"id":"/subscriptions/00000000-0000-0000-0000-000000000000/resourceGroups/clitest.rg000001/providers/Microsoft.MixedReality/remoteRenderingAccounts/remote-rendering-account-name1","name":"remote-rendering-account-name1","type":"Microsoft.MixedReality/remoteRenderingAccounts","identity":{"type":"SystemAssigned","principalId":"4b8e044c-9978-4a80-bf79-c72aaf5ce4f2","tenantId":"54826b22-38d6-4fb2-bad9-b7b93a3e9c5a"},"location":"eastus2","plan":null,"sku":null,"kind":null,"tags":{"tag":"tag"},"properties":{"storageAccountName":"storage_account_name","accountDomain":"eastus2.mixedreality.azure.com","accountId":"87166169-9b62-46eb-ad55-e594f3dd679e"}}]}'
    headers:
      cache-control:
      - no-cache
      content-length:
      - '1321'
      content-type:
      - application/json; charset=utf-8
      date:
      - Wed, 28 Jun 2023 03:55:47 GMT
      expires:
      - '-1'
      ms-cv:
      - F8eGNICBRE6sTx32xayJng.0
      pragma:
      - no-cache
      strict-transport-security:
      - max-age=31536000; includeSubDomains
      transfer-encoding:
      - chunked
      vary:
      - Accept-Encoding
      x-content-type-options:
      - nosniff
    status:
      code: 200
      message: OK
- request:
    body: null
    headers:
      Accept:
      - '*/*'
      Accept-Encoding:
      - gzip, deflate
      CommandName:
      - remote-rendering-account delete
      Connection:
      - keep-alive
      Content-Length:
      - '0'
      ParameterSetName:
      - -g -n
      User-Agent:
      - AZURECLI/2.49.0 (PIP) (AAZ) azsdk-python-core/1.26.0 Python/3.9.6 (Windows-10-10.0.19045-SP0)
    method: DELETE
    uri: https://management.azure.com/subscriptions/00000000-0000-0000-0000-000000000000/resourceGroups/clitest.rg000001/providers/Microsoft.MixedReality/remoteRenderingAccounts/remote-rendering-account-name1?api-version=2021-03-01-preview
  response:
    body:
      string: ''
    headers:
      cache-control:
      - no-cache
      content-length:
      - '0'
      date:
      - Wed, 28 Jun 2023 03:55:53 GMT
      expires:
      - '-1'
      ms-cv:
      - 4KLByxqhwE6MoO9YdVfPeA.0
      pragma:
      - no-cache
      strict-transport-security:
      - max-age=31536000; includeSubDomains
      x-content-type-options:
      - nosniff
      x-ms-ratelimit-remaining-subscription-deletes:
      - '14999'
    status:
      code: 200
      message: OK
- request:
    body: null
    headers:
      Accept:
      - application/json
      Accept-Encoding:
      - gzip, deflate
      CommandName:
      - remote-rendering-account list
      Connection:
      - keep-alive
      ParameterSetName:
      - -g
      User-Agent:
      - AZURECLI/2.49.0 (PIP) (AAZ) azsdk-python-core/1.26.0 Python/3.9.6 (Windows-10-10.0.19045-SP0)
    method: GET
    uri: https://management.azure.com/subscriptions/00000000-0000-0000-0000-000000000000/resourceGroups/clitest.rg000001/providers/Microsoft.MixedReality/remoteRenderingAccounts?api-version=2021-03-01-preview
  response:
    body:
      string: '{"nextLink":null,"value":[{"id":"/subscriptions/00000000-0000-0000-0000-000000000000/resourceGroups/clitest.rg000001/providers/Microsoft.MixedReality/remoteRenderingAccounts/remote-rendering-account-name","name":"remote-rendering-account-name","type":"Microsoft.MixedReality/remoteRenderingAccounts","identity":{"type":"SystemAssigned","principalId":"93c02df3-a821-41b1-bf71-75768c3ba7a5","tenantId":"54826b22-38d6-4fb2-bad9-b7b93a3e9c5a"},"location":"eastus2","plan":null,"sku":null,"kind":null,"tags":{},"properties":{"storageAccountName":"storage_account_name1","accountDomain":"eastus2.mixedreality.azure.com","accountId":"01ebe302-0fdf-4dd5-b7c7-fc3fa111a6f1"}}]}'
    headers:
      cache-control:
      - no-cache
      content-length:
      - '668'
      content-type:
      - application/json; charset=utf-8
      date:
      - Wed, 28 Jun 2023 03:55:57 GMT
      expires:
      - '-1'
      ms-cv:
      - s8JxaDcDIkepC3law9r+qg.0
      pragma:
      - no-cache
      strict-transport-security:
      - max-age=31536000; includeSubDomains
      transfer-encoding:
      - chunked
      vary:
      - Accept-Encoding
      x-content-type-options:
      - nosniff
    status:
      code: 200
      message: OK
- request:
    body: null
    headers:
      Accept:
      - application/json
      Accept-Encoding:
      - gzip, deflate
      CommandName:
      - remote-rendering-account key show
      Connection:
      - keep-alive
      Content-Length:
      - '0'
      ParameterSetName:
      - -g -n
      User-Agent:
      - AZURECLI/2.49.0 (PIP) (AAZ) azsdk-python-core/1.26.0 Python/3.9.6 (Windows-10-10.0.19045-SP0)
    method: POST
    uri: https://management.azure.com/subscriptions/00000000-0000-0000-0000-000000000000/resourceGroups/clitest.rg000001/providers/Microsoft.MixedReality/remoteRenderingAccounts/remote-rendering-account-name/listKeys?api-version=2021-03-01-preview
  response:
    body:
      string: '{"primaryKey":"mock_key","secondaryKey":"mock_key"}'
    headers:
      cache-control:
      - no-cache
      content-length:
      - '51'
      content-type:
      - application/json; charset=utf-8
      date:
      - Wed, 28 Jun 2023 03:55:59 GMT
      expires:
      - '-1'
      ms-cv:
      - uMOxo2McakO5ZHIBD/d0mQ.0
      pragma:
      - no-cache
      strict-transport-security:
      - max-age=31536000; includeSubDomains
      transfer-encoding:
      - chunked
      vary:
      - Accept-Encoding
      x-content-type-options:
      - nosniff
      x-ms-ratelimit-remaining-subscription-writes:
      - '1199'
    status:
      code: 200
      message: OK
- request:
    body: '{"serial": 1}'
    headers:
      Accept:
      - application/json
      Accept-Encoding:
      - gzip, deflate
      CommandName:
      - remote-rendering-account key renew
      Connection:
      - keep-alive
      Content-Length:
      - '13'
      Content-Type:
      - application/json
      ParameterSetName:
      - -g -n
      User-Agent:
      - AZURECLI/2.49.0 (PIP) (AAZ) azsdk-python-core/1.26.0 Python/3.9.6 (Windows-10-10.0.19045-SP0)
    method: POST
    uri: https://management.azure.com/subscriptions/00000000-0000-0000-0000-000000000000/resourceGroups/clitest.rg000001/providers/Microsoft.MixedReality/remoteRenderingAccounts/remote-rendering-account-name/regenerateKeys?api-version=2021-03-01-preview
  response:
    body:
      string: '{"primaryKey":"mock_key","secondaryKey":"mock_key"}'
    headers:
      cache-control:
      - no-cache
      content-length:
      - '51'
      content-type:
      - application/json; charset=utf-8
      date:
      - Wed, 28 Jun 2023 03:56:01 GMT
      expires:
      - '-1'
      ms-cv:
      - Z6qqpRFpJUmTVgiJkqU9Ag.0
      pragma:
      - no-cache
      strict-transport-security:
      - max-age=31536000; includeSubDomains
      transfer-encoding:
      - chunked
      vary:
      - Accept-Encoding
      x-content-type-options:
      - nosniff
      x-ms-ratelimit-remaining-subscription-writes:
      - '1199'
    status:
      code: 200
      message: OK
- request:
    body: '{"serial": 1}'
    headers:
      Accept:
      - application/json
      Accept-Encoding:
      - gzip, deflate
      CommandName:
      - remote-rendering-account key renew
      Connection:
      - keep-alive
      Content-Length:
      - '13'
      Content-Type:
      - application/json
      ParameterSetName:
      - -g -n -k
      User-Agent:
      - AZURECLI/2.49.0 (PIP) (AAZ) azsdk-python-core/1.26.0 Python/3.9.6 (Windows-10-10.0.19045-SP0)
    method: POST
    uri: https://management.azure.com/subscriptions/00000000-0000-0000-0000-000000000000/resourceGroups/clitest.rg000001/providers/Microsoft.MixedReality/remoteRenderingAccounts/remote-rendering-account-name/regenerateKeys?api-version=2021-03-01-preview
  response:
    body:
      string: '{"primaryKey":"mock_key","secondaryKey":"mock_key"}'
    headers:
      cache-control:
      - no-cache
      content-length:
      - '51'
      content-type:
      - application/json; charset=utf-8
      date:
      - Wed, 28 Jun 2023 03:56:03 GMT
      expires:
      - '-1'
      ms-cv:
      - jTPhbgRCik60MlN+ecsTYA.0
      pragma:
      - no-cache
      strict-transport-security:
      - max-age=31536000; includeSubDomains
      transfer-encoding:
      - chunked
      vary:
      - Accept-Encoding
      x-content-type-options:
      - nosniff
      x-ms-ratelimit-remaining-subscription-writes:
      - '1198'
    status:
      code: 200
      message: OK
- request:
    body: '{"serial": 2}'
    headers:
      Accept:
      - application/json
      Accept-Encoding:
      - gzip, deflate
      CommandName:
      - remote-rendering-account key renew
      Connection:
      - keep-alive
      Content-Length:
      - '13'
      Content-Type:
      - application/json
      ParameterSetName:
      - -g -n -k
      User-Agent:
      - AZURECLI/2.49.0 (PIP) (AAZ) azsdk-python-core/1.26.0 Python/3.9.6 (Windows-10-10.0.19045-SP0)
    method: POST
    uri: https://management.azure.com/subscriptions/00000000-0000-0000-0000-000000000000/resourceGroups/clitest.rg000001/providers/Microsoft.MixedReality/remoteRenderingAccounts/remote-rendering-account-name/regenerateKeys?api-version=2021-03-01-preview
  response:
    body:
      string: '{"primaryKey":"mock_key","secondaryKey":"mock_key"}'
    headers:
      cache-control:
      - no-cache
      content-length:
      - '51'
      content-type:
      - application/json; charset=utf-8
      date:
      - Wed, 28 Jun 2023 03:56:04 GMT
      expires:
      - '-1'
      ms-cv:
      - qAr9tTNp5UyLGLj16aAOJw.0
      pragma:
      - no-cache
      strict-transport-security:
      - max-age=31536000; includeSubDomains
      transfer-encoding:
      - chunked
      vary:
      - Accept-Encoding
      x-content-type-options:
      - nosniff
      x-ms-ratelimit-remaining-subscription-writes:
      - '1197'
    status:
      code: 200
      message: OK
version: 1
