interactions:
- request:
    body: null
    headers:
      Accept:
      - application/json
      Accept-Encoding:
      - gzip, deflate
      Connection:
      - keep-alive
      User-Agent:
      - azureml-cli-v2/0.0.139 azure-ai-ml/0.0.66120142 azsdk-python-mgmt-machinelearningservices/0.1.0
        Python/3.7.12 (Windows-10-10.0.19041-SP0)
    method: GET
    uri: https://management.azure.com/subscriptions/00000000-0000-0000-0000-000000000000/resourceGroups/000000000000000/providers/Microsoft.MachineLearningServices/workspaces/000000000000000/datastores/workspaceblobstore?api-version=0000-00-00
  response:
    body:
      string: '{"id": "/subscriptions/00000000-0000-0000-0000-000000000000/resourceGroups/000000000000000/providers/Microsoft.MachineLearningServices/workspaces/sasum-centraluseuap-ws/datastores/workspaceblobstore",
        "name": "workspaceblobstore", "type": "Microsoft.MachineLearningServices/workspaces/datastores",
        "properties": {"description": null, "tags": null, "properties": null, "isDefault":
        true, "credentials": {"credentialsType": "AccountKey"}, "datastoreType": "AzureBlob",
        "accountName": "sasumcentralus1809224865", "containerName": "azureml-blobstore-17f5c962-6bc2-4d4f-a9c2-3dd53b3b6cd0",
        "endpoint": "core.windows.net", "protocol": "https", "serviceDataAccessAuthIdentity":
        "WorkspaceSystemAssignedIdentity"}, "systemData": {"createdAt": "2022-02-10T20:18:44.8725587Z",
        "createdBy": "779301c0-18b2-4cdc-801b-a0a3368fee0a", "createdByType": "Application",
        "lastModifiedAt": "2022-02-10T20:18:45.6613953Z", "lastModifiedBy": "779301c0-18b2-4cdc-801b-a0a3368fee0a",
        "lastModifiedByType": "Application"}}'
    headers:
      cache-control:
      - no-cache
      content-length:
      - '997'
      content-type:
      - application/json; charset=utf-8
      date:
      - Wed, 29 Jun 2022 02:50:20 GMT
      expires:
      - '-1'
      pragma:
      - no-cache
      request-context:
      - appId=cid-v1:512cc15a-13b5-415b-bfd0-dce7accb6bb1
      server-timing:
      - traceparent;desc="00-60e42841400390459b3a3b8b511cf718-7ffd3b60b4dd8f27-01"
      strict-transport-security:
      - max-age=31536000; includeSubDomains
      transfer-encoding:
      - chunked
      vary:
      - Accept-Encoding,Accept-Encoding
      x-aml-cluster:
      - vienna-test-westus2-01
      x-content-type-options:
      - nosniff
      x-ms-response-type:
      - standard
      x-request-time:
      - '1.175'
    status:
      code: 200
      message: OK
- request:
    body: null
    headers:
      Accept:
      - application/json
      Accept-Encoding:
      - gzip, deflate
      Connection:
      - keep-alive
      Content-Length:
      - '0'
      User-Agent:
      - azureml-cli-v2/0.0.139 azure-ai-ml/0.0.66120142 azsdk-python-mgmt-machinelearningservices/0.1.0
        Python/3.7.12 (Windows-10-10.0.19041-SP0)
    method: POST
    uri: https://management.azure.com/subscriptions/00000000-0000-0000-0000-000000000000/resourceGroups/000000000000000/providers/Microsoft.MachineLearningServices/workspaces/000000000000000/datastores/workspaceblobstore/listSecrets?api-version=0000-00-00
  response:
    body:
      string: '{"secretsType": "AccountKey", "key": "30a6f3192ce6b07f02639ffc8826dcdb8fbf5fbb0402d795bada365f285cd98c"}'
    headers:
      cache-control:
      - no-cache
      content-length:
      - '104'
      content-type:
      - application/json; charset=utf-8
      date:
      - Wed, 29 Jun 2022 02:50:21 GMT
      expires:
      - '-1'
      pragma:
      - no-cache
      request-context:
      - appId=cid-v1:512cc15a-13b5-415b-bfd0-dce7accb6bb1
      server-timing:
      - traceparent;desc="00-905a9c61ca6c3e4b8f377f73b53d9537-8ac485ef9e7924df-01"
      strict-transport-security:
      - max-age=31536000; includeSubDomains
      transfer-encoding:
      - chunked
      vary:
      - Accept-Encoding
      x-aml-cluster:
      - vienna-test-westus2-01
      x-content-type-options:
      - nosniff
      x-ms-ratelimit-remaining-subscription-writes:
      - '1199'
      x-ms-response-type:
      - standard
      x-request-time:
      - '0.769'
    status:
      code: 200
      message: OK
- request:
    body: null
    headers:
      Accept:
      - application/xml
      Accept-Encoding:
      - gzip, deflate
      Connection:
      - keep-alive
      User-Agent:
      - azsdk-python-storage-blob/12.12.0 Python/3.7.12 (Windows-10-10.0.19041-SP0)
      x-ms-date:
      - Wed, 29 Jun 2022 02:50:22 GMT
      x-ms-version:
      - '2021-06-08'
    method: HEAD
    uri: https://xxxxxxxxxxxxxxxxxxxxxx.blob.core.windows.net/azureml-blobstore-00000000-0000-0000-0000-000000000000/xxxxx/00000000-0000-0000-0000-00000000000/train/MLTable
  response:
    body:
      string: ''
    headers:
      accept-ranges:
      - bytes
      content-length:
      - '235'
      content-type:
      - application/octet-stream
      date:
      - Wed, 29 Jun 2022 02:50:22 GMT
      etag:
      - '"0x8DA2F84F599634F"'
      last-modified:
      - Fri, 06 May 2022 17:22:12 GMT
      server:
      - Windows-Azure-Blob/1.0 Microsoft-HTTPAPI/2.0
      vary:
      - Origin
      x-ms-access-tier:
      - Hot
      x-ms-access-tier-inferred:
      - 'true'
      x-ms-blob-type:
      - BlockBlob
      x-ms-creation-time:
      - Fri, 06 May 2022 17:22:12 GMT
      x-ms-lease-state:
      - available
      x-ms-lease-status:
      - unlocked
      x-ms-meta-name:
      - a416a02d-de74-456b-be1b-2b4656326c07
      x-ms-meta-upload_status:
      - completed
      x-ms-meta-version:
      - 3083e730-5424-4bcc-a35e-01ba560f481c
      x-ms-server-encrypted:
      - 'true'
      x-ms-version:
      - '2021-06-08'
    status:
      code: 200
      message: OK
- request:
    body: null
    headers:
      Accept:
      - application/xml
      Accept-Encoding:
      - gzip, deflate
      Connection:
      - keep-alive
      User-Agent:
      - azsdk-python-storage-blob/12.12.0 Python/3.7.12 (Windows-10-10.0.19041-SP0)
      x-ms-date:
      - Wed, 29 Jun 2022 02:50:23 GMT
      x-ms-version:
      - '2021-06-08'
    method: HEAD
    uri: https://xxxxxxxxxxxxxxxxxxxxxx.blob.core.windows.net/azureml-blobstore-00000000-0000-0000-0000-000000000000/xxxxx/00000000-0000-0000-0000-00000000000/train/MLTable
  response:
    body:
      string: ''
    headers:
      date:
      - Wed, 29 Jun 2022 02:50:22 GMT
      server:
      - Windows-Azure-Blob/1.0 Microsoft-HTTPAPI/2.0
      transfer-encoding:
      - chunked
      vary:
      - Origin
      x-ms-error-code:
      - BlobNotFound
      x-ms-version:
      - '2021-06-08'
    status:
      code: 404
      message: The specified blob does not exist.
- request:
    body: null
    headers:
      Accept:
      - application/json
      Accept-Encoding:
      - gzip, deflate
      Connection:
      - keep-alive
      User-Agent:
      - azureml-cli-v2/0.0.139 azure-ai-ml/0.0.66120142 azsdk-python-mgmt-machinelearningservices/0.1.0
        Python/3.7.12 (Windows-10-10.0.19041-SP0)
    method: GET
    uri: https://management.azure.com/subscriptions/00000000-0000-0000-0000-000000000000/resourceGroups/000000000000000/providers/Microsoft.MachineLearningServices/workspaces/000000000000000/datastores/workspaceblobstore?api-version=0000-00-00
  response:
    body:
      string: '{"id": "/subscriptions/00000000-0000-0000-0000-000000000000/resourceGroups/000000000000000/providers/Microsoft.MachineLearningServices/workspaces/sasum-centraluseuap-ws/datastores/workspaceblobstore",
        "name": "workspaceblobstore", "type": "Microsoft.MachineLearningServices/workspaces/datastores",
        "properties": {"description": null, "tags": null, "properties": null, "isDefault":
        true, "credentials": {"credentialsType": "AccountKey"}, "datastoreType": "AzureBlob",
        "accountName": "sasumcentralus1809224865", "containerName": "azureml-blobstore-17f5c962-6bc2-4d4f-a9c2-3dd53b3b6cd0",
        "endpoint": "core.windows.net", "protocol": "https", "serviceDataAccessAuthIdentity":
        "WorkspaceSystemAssignedIdentity"}, "systemData": {"createdAt": "2022-02-10T20:18:44.8725587Z",
        "createdBy": "779301c0-18b2-4cdc-801b-a0a3368fee0a", "createdByType": "Application",
        "lastModifiedAt": "2022-02-10T20:18:45.6613953Z", "lastModifiedBy": "779301c0-18b2-4cdc-801b-a0a3368fee0a",
        "lastModifiedByType": "Application"}}'
    headers:
      cache-control:
      - no-cache
      content-length:
      - '997'
      content-type:
      - application/json; charset=utf-8
      date:
      - Wed, 29 Jun 2022 02:50:23 GMT
      expires:
      - '-1'
      pragma:
      - no-cache
      request-context:
      - appId=cid-v1:512cc15a-13b5-415b-bfd0-dce7accb6bb1
      server-timing:
      - traceparent;desc="00-067263da82e84440afb3742cf1fe0e7f-0e5b5384ffe9bcd9-01"
      strict-transport-security:
      - max-age=31536000; includeSubDomains
      transfer-encoding:
      - chunked
      vary:
      - Accept-Encoding,Accept-Encoding
      x-aml-cluster:
      - vienna-test-westus2-01
      x-content-type-options:
      - nosniff
      x-ms-response-type:
      - standard
      x-request-time:
      - '0.116'
    status:
      code: 200
      message: OK
- request:
    body: null
    headers:
      Accept:
      - application/json
      Accept-Encoding:
      - gzip, deflate
      Connection:
      - keep-alive
      Content-Length:
      - '0'
      User-Agent:
      - azureml-cli-v2/0.0.139 azure-ai-ml/0.0.66120142 azsdk-python-mgmt-machinelearningservices/0.1.0
        Python/3.7.12 (Windows-10-10.0.19041-SP0)
    method: POST
    uri: https://management.azure.com/subscriptions/00000000-0000-0000-0000-000000000000/resourceGroups/000000000000000/providers/Microsoft.MachineLearningServices/workspaces/000000000000000/datastores/workspaceblobstore/listSecrets?api-version=0000-00-00
  response:
    body:
      string: '{"secretsType": "AccountKey", "key": "30a6f3192ce6b07f02639ffc8826dcdb8fbf5fbb0402d795bada365f285cd98c"}'
    headers:
      cache-control:
      - no-cache
      content-length:
      - '104'
      content-type:
      - application/json; charset=utf-8
      date:
      - Wed, 29 Jun 2022 02:50:23 GMT
      expires:
      - '-1'
      pragma:
      - no-cache
      request-context:
      - appId=cid-v1:512cc15a-13b5-415b-bfd0-dce7accb6bb1
      server-timing:
      - traceparent;desc="00-0dc2c66d6521794d869b98752e1fd854-2f94826ea7277a24-01"
      strict-transport-security:
      - max-age=31536000; includeSubDomains
      transfer-encoding:
      - chunked
      vary:
      - Accept-Encoding
      x-aml-cluster:
      - vienna-test-westus2-01
      x-content-type-options:
      - nosniff
      x-ms-ratelimit-remaining-subscription-writes:
      - '1198'
      x-ms-response-type:
      - standard
      x-request-time:
      - '0.094'
    status:
      code: 200
      message: OK
- request:
    body: null
    headers:
      Accept:
      - application/xml
      Accept-Encoding:
      - gzip, deflate
      Connection:
      - keep-alive
      User-Agent:
      - azsdk-python-storage-blob/12.12.0 Python/3.7.12 (Windows-10-10.0.19041-SP0)
      x-ms-date:
      - Wed, 29 Jun 2022 02:50:24 GMT
      x-ms-version:
      - '2021-06-08'
    method: HEAD
    uri: https://xxxxxxxxxxxxxxxxxxxxxx.blob.core.windows.net/azureml-blobstore-00000000-0000-0000-0000-000000000000/xxxxx/00000000-0000-0000-0000-00000000000/valid/MLTable
  response:
    body:
      string: ''
    headers:
      accept-ranges:
      - bytes
      content-length:
      - '235'
      content-type:
      - application/octet-stream
      date:
      - Wed, 29 Jun 2022 02:50:23 GMT
      etag:
      - '"0x8DA2F84FB137801"'
      last-modified:
      - Fri, 06 May 2022 17:22:22 GMT
      server:
      - Windows-Azure-Blob/1.0 Microsoft-HTTPAPI/2.0
      vary:
      - Origin
      x-ms-access-tier:
      - Hot
      x-ms-access-tier-inferred:
      - 'true'
      x-ms-blob-type:
      - BlockBlob
      x-ms-creation-time:
      - Fri, 06 May 2022 17:22:21 GMT
      x-ms-lease-state:
      - available
      x-ms-lease-status:
      - unlocked
      x-ms-meta-name:
      - d609e5ed-e6c0-4b52-9423-9629e70b29b9
      x-ms-meta-upload_status:
      - completed
      x-ms-meta-version:
      - 252bf251-5511-4684-b259-dd2ee702b6b9
      x-ms-server-encrypted:
      - 'true'
      x-ms-version:
      - '2021-06-08'
    status:
      code: 200
      message: OK
- request:
    body: null
    headers:
      Accept:
      - application/xml
      Accept-Encoding:
      - gzip, deflate
      Connection:
      - keep-alive
      User-Agent:
      - azsdk-python-storage-blob/12.12.0 Python/3.7.12 (Windows-10-10.0.19041-SP0)
      x-ms-date:
      - Wed, 29 Jun 2022 02:50:25 GMT
      x-ms-version:
      - '2021-06-08'
    method: HEAD
    uri: https://xxxxxxxxxxxxxxxxxxxxxx.blob.core.windows.net/azureml-blobstore-00000000-0000-0000-0000-000000000000/xxxxx/00000000-0000-0000-0000-00000000000/valid/MLTable
  response:
    body:
      string: ''
    headers:
      date:
      - Wed, 29 Jun 2022 02:50:24 GMT
      server:
      - Windows-Azure-Blob/1.0 Microsoft-HTTPAPI/2.0
      transfer-encoding:
      - chunked
      vary:
      - Origin
      x-ms-error-code:
      - BlobNotFound
      x-ms-version:
      - '2021-06-08'
    status:
      code: 404
      message: The specified blob does not exist.
- request:
    body: '{"properties": {"properties": {"mlflow.source.git.repoURL": "https://msdata.visualstudio.com/DefaultCollection/Vienna/_git/sdk-cli-v2",
      "mlflow.source.git.branch": "users/mipark/add_cli_e2e_tests_nlp", "mlflow.source.git.commit":
      "9eeb9efdca0b86a956999f0a4e4df5c3468de7da", "azureml.git.dirty": "True"}, "tags":
      {}, "computeId": "/subscriptions/00000000-0000-0000-0000-000000000000/resourceGroups/sasum_centraluseuap_rg/providers/Microsoft.MachineLearningServices/workspaces/sasum-centraluseuap-ws/computes/gpu-cluster",
      "displayName": "test-amltextmuljob-000019-1", "experimentName": "cli_e2e_text_classification_multilabel",
      "isArchived": false, "jobType": "AutoML", "outputs": {}, "taskDetails": {"dataSettings":
      {"targetColumnName": "terms", "trainingData": {"data": {"uri": "azureml://datastores/workspaceblobstore/paths/LocalUpload/d15addea8aa8e78605d3602364424c8d/train",
      "jobInputType": "MLTable"}}, "validationData": {"data": {"uri": "azureml://datastores/workspaceblobstore/paths/LocalUpload/c5bf58e09f44bc6a181bb87c87466d5d/valid",
      "jobInputType": "MLTable"}}}, "featurizationSettings": {"datasetLanguage": "eng"},
      "limitSettings": {"maxTrials": 1, "timeout": "PT30M"}, "logVerbosity": "Debug",
      "taskType": "TextClassificationMultilabel"}}}'
    headers:
      Accept:
      - application/json
      Accept-Encoding:
      - gzip, deflate
      Connection:
      - keep-alive
      Content-Length:
      - '1251'
      Content-Type:
      - application/json
      User-Agent:
      - azureml-cli-v2/0.0.139 azure-ai-ml/0.0.66120142 azsdk-python-mgmt-machinelearningservices/0.1.0
        Python/3.7.12 (Windows-10-10.0.19041-SP0)
      x-azureml-token:
      - <dummyToken>
    method: PUT
    uri: https://management.azure.com/subscriptions/00000000-0000-0000-0000-000000000000/resourceGroups/000000000000000/providers/Microsoft.MachineLearningServices/workspaces/000000000000000/jobs/test-amltextmuljob-000019-1?api-version=0000-00-00
  response:
    body:
      string: '{"id": "/subscriptions/00000000-0000-0000-0000-000000000000/resourceGroups/000000000000000/providers/Microsoft.MachineLearningServices/workspaces/sasum-centraluseuap-ws/jobs/test-amltextmuljob-000019-1",
        "name": "test-amltextmuljob-000019-1", "type": "Microsoft.MachineLearningServices/workspaces/jobs",
        "properties": {"description": null, "tags": {}, "properties": {"mlflow.source.git.repoURL":
        "https://msdata.visualstudio.com/DefaultCollection/Vienna/_git/sdk-cli-v2",
        "mlflow.source.git.branch": "users/mipark/add_cli_e2e_tests_nlp", "mlflow.source.git.commit":
        "9eeb9efdca0b86a956999f0a4e4df5c3468de7da", "azureml.git.dirty": "True"},
        "displayName": "test-amltextmuljob-000019-1", "status": "NotStarted", "experimentName":
        "cli_e2e_text_classification_multilabel", "services": {"Tracking": {"jobServiceType":
        "Tracking", "port": null, "endpoint": "azureml://master.api.azureml-test.ms/mlflow/v1.0/subscriptions/00000000-0000-0000-0000-000000000000/resourceGroups/000000000000000/providers/Microsoft.MachineLearningServices/workspaces/sasum-centraluseuap-ws?",
        "status": null, "errorMessage": null, "properties": null}, "Studio": {"jobServiceType":
        "Studio", "port": null, "endpoint": "https://ml.azure.com/runs/test-amltextmuljob-000019-1?wsid=/subscriptions/00000000-0000-0000-0000-000000000000/resourcegroups/sasum_centraluseuap_rg/workspaces/sasum-centraluseuap-ws",
        "status": null, "errorMessage": null, "properties": null}}, "computeId": "/subscriptions/00000000-0000-0000-0000-000000000000/resourceGroups/000000000000000/providers/Microsoft.MachineLearningServices/workspaces/sasum-centraluseuap-ws/computes/gpu-cluster",
        "isArchived": false, "schedule": null, "identity": null, "jobType": "AutoML",
        "resources": {"instanceCount": 1, "instanceType": null, "properties": null},
        "environmentId": null, "environmentVariables": null, "taskDetails": {"logVerbosity":
        "Debug", "limitSettings": {"timeout": "PT30M", "maxTrials": 1, "maxConcurrentTrials":
        1}, "dataSettings": {"targetColumnName": "terms", "trainingData": {"data":
        {"description": null, "uri": "azureml://datastores/workspaceblobstore/paths/LocalUpload/d15addea8aa8e78605d3602364424c8d/train",
        "mode": "ReadOnlyMount", "jobInputType": "MLTable"}}, "testData": null, "validationData":
        {"data": {"description": null, "uri": "azureml://datastores/workspaceblobstore/paths/LocalUpload/c5bf58e09f44bc6a181bb87c87466d5d/valid",
        "mode": "ReadOnlyMount", "jobInputType": "MLTable"}, "validationDataSize":
        null}}, "featurizationSettings": {"datasetLanguage": "eng"}, "taskType": "TextClassificationMultilabel",
        "primaryMetric": "Accuracy"}, "outputs": {}}, "systemData": {"createdAt":
        "2022-06-29T02:50:26.96055Z", "createdBy": "Miseon Park", "createdByType":
        "User"}}'
    headers:
      cache-control:
      - no-cache
      content-length:
      - '2728'
      content-type:
      - application/json; charset=utf-8
      date:
      - Wed, 29 Jun 2022 02:50:27 GMT
      expires:
      - '-1'
      location:
      - https://management.azure.com/subscriptions/00000000-0000-0000-0000-000000000000/resourceGroups/sasum_centraluseuap_rg/providers/Microsoft.MachineLearningServices/workspaces/sasum-centraluseuap-ws/jobs/test-amltextmuljob-000019-1?api-version=2022-02-01-preview
      pragma:
      - no-cache
      request-context:
      - appId=cid-v1:512cc15a-13b5-415b-bfd0-dce7accb6bb1
      server-timing:
      - traceparent;desc="00-56632e552b1624439b3090cbaab9041e-42affe140eaafd20-01"
      strict-transport-security:
      - max-age=31536000; includeSubDomains
      x-aml-cluster:
      - vienna-test-westus2-01
      x-content-type-options:
      - nosniff
      x-ms-ratelimit-remaining-subscription-writes:
      - '1199'
      x-ms-response-type:
      - standard
      x-request-time:
      - '1.318'
    status:
      code: 201
      message: Created
version: 1
