interactions:
- request:
    body: null
    headers:
      Accept:
      - application/json
      Accept-Encoding:
      - gzip, deflate
      CommandName:
      - vm create
      Connection:
      - keep-alive
      ParameterSetName:
      - -g -n --os-disk-name --image --generate-ssh-keys
      User-Agent:
      - AZURECLI/2.29.0.post20211008075525 azsdk-python-azure-mgmt-resource/19.0.0
        Python/3.8.10 (Linux-5.10.60.1-microsoft-standard-WSL2-x86_64-with-glibc2.29)
    method: GET
    uri: https://management.azure.com/subscriptions/00000000-0000-0000-0000-000000000000/resourcegroups/clitest.rg000001?api-version=2021-04-01
  response:
    body:
      string: '{"id":"/subscriptions/00000000-0000-0000-0000-000000000000/resourceGroups/clitest.rg000001","name":"clitest.rg000001","type":"Microsoft.Resources/resourceGroups","location":"westus","tags":{"product":"azurecli","cause":"automation","date":"2021-10-08T11:02:49Z"},"properties":{"provisioningState":"Succeeded"}}'
    headers:
      cache-control:
      - no-cache
      content-length:
      - '428'
      content-type:
      - application/json; charset=utf-8
      date:
      - Fri, 08 Oct 2021 11:02:48 GMT
      expires:
      - '-1'
      pragma:
      - no-cache
      strict-transport-security:
      - max-age=31536000; includeSubDomains
      vary:
      - Accept-Encoding
      x-content-type-options:
      - nosniff
    status:
      code: 200
      message: OK
- request:
    body: null
    headers:
      Accept:
      - '*/*'
      Accept-Encoding:
      - gzip, deflate
      Connection:
      - keep-alive
      User-Agent:
      - python-requests/2.25.1
    method: GET
    uri: https://raw.githubusercontent.com/Azure/azure-rest-api-specs/master/arm-compute/quickstart-templates/aliases.json
  response:
    body:
      string: "{\n  \"$schema\": \"http://schema.management.azure.com/schemas/2015-01-01/deploymentTemplate.json\",\n
        \ \"contentVersion\": \"1.0.0.0\",\n  \"parameters\": {},\n  \"variables\":
        {},\n  \"resources\": [],\n  \"outputs\": {\n    \"aliases\": {\n      \"type\":
        \"object\",\n      \"value\": {\n        \"Linux\": {\n          \"CentOS\":
        {\n            \"publisher\": \"OpenLogic\",\n            \"offer\": \"CentOS\",\n
        \           \"sku\": \"7.5\",\n            \"version\": \"latest\"\n          },\n
        \         \"Debian\": {\n            \"publisher\": \"Debian\",\n            \"offer\":
        \"debian-10\",\n            \"sku\": \"10\",\n            \"version\": \"latest\"\n
        \         },\n          \"Flatcar\": {\n            \"publisher\": \"kinvolk\",\n
        \           \"offer\": \"flatcar-container-linux-free\",\n            \"sku\":
        \"stable\",\n            \"version\": \"latest\"\n          },\n          \"openSUSE-Leap\":
        {\n            \"publisher\": \"SUSE\",\n            \"offer\": \"openSUSE-Leap\",\n
        \           \"sku\": \"42.3\",\n            \"version\": \"latest\"\n          },\n
        \         \"RHEL\": {\n            \"publisher\": \"RedHat\",\n            \"offer\":
        \"RHEL\",\n            \"sku\": \"7-LVM\",\n            \"version\": \"latest\"\n
        \         },\n          \"SLES\": {\n            \"publisher\": \"SUSE\",\n
        \           \"offer\": \"SLES\",\n            \"sku\": \"15\",\n            \"version\":
        \"latest\"\n          },\n          \"UbuntuLTS\": {\n            \"publisher\":
        \"Canonical\",\n            \"offer\": \"UbuntuServer\",\n            \"sku\":
        \"18.04-LTS\",\n            \"version\": \"latest\"\n          }\n        },\n
        \       \"Windows\": {\n          \"Win2019Datacenter\": {\n            \"publisher\":
        \"MicrosoftWindowsServer\",\n            \"offer\": \"WindowsServer\",\n            \"sku\":
        \"2019-Datacenter\",\n            \"version\": \"latest\"\n          },\n
        \         \"Win2016Datacenter\": {\n            \"publisher\": \"MicrosoftWindowsServer\",\n
        \           \"offer\": \"WindowsServer\",\n            \"sku\": \"2016-Datacenter\",\n
        \           \"version\": \"latest\"\n          },\n          \"Win2012R2Datacenter\":
        {\n            \"publisher\": \"MicrosoftWindowsServer\",\n            \"offer\":
        \"WindowsServer\",\n            \"sku\": \"2012-R2-Datacenter\",\n            \"version\":
        \"latest\"\n          },\n          \"Win2012Datacenter\": {\n            \"publisher\":
        \"MicrosoftWindowsServer\",\n            \"offer\": \"WindowsServer\",\n            \"sku\":
        \"2012-Datacenter\",\n            \"version\": \"latest\"\n          },\n
        \         \"Win2008R2SP1\": {\n            \"publisher\": \"MicrosoftWindowsServer\",\n
        \           \"offer\": \"WindowsServer\",\n            \"sku\": \"2008-R2-SP1\",\n
        \           \"version\": \"latest\"\n          }\n        }\n      }\n    }\n
        \ }\n}\n"
    headers:
      accept-ranges:
      - bytes
      access-control-allow-origin:
      - '*'
      cache-control:
      - max-age=300
      connection:
      - keep-alive
      content-length:
      - '2525'
      content-security-policy:
      - default-src 'none'; style-src 'unsafe-inline'; sandbox
      content-type:
      - text/plain; charset=utf-8
      date:
      - Fri, 08 Oct 2021 11:02:49 GMT
      etag:
      - W/"54bceef15b892f2aa7f4c2145a49f1b5e33608722acdbb47933d7b6cbebbd7f4"
      expires:
      - Fri, 08 Oct 2021 11:07:49 GMT
      source-age:
      - '6'
      strict-transport-security:
      - max-age=31536000
      vary:
      - Authorization,Accept-Encoding,Origin
      via:
      - 1.1 varnish
      x-cache:
      - HIT
      x-cache-hits:
      - '1'
      x-content-type-options:
      - nosniff
      x-fastly-request-id:
      - 8d21c1998a199bc9d4c744f96a90b9077799a361
      x-frame-options:
      - deny
      x-github-request-id:
      - 31C4:0691:87D6F7:93B59F:615FE8FA
      x-served-by:
      - cache-muc13960-MUC
      x-timer:
      - S1633690969.197294,VS0,VE1
      x-xss-protection:
      - 1; mode=block
    status:
      code: 200
      message: OK
- request:
    body: null
    headers:
      Accept:
      - application/json, text/json
      Accept-Encoding:
      - gzip, deflate
      CommandName:
      - vm create
      Connection:
      - keep-alive
      ParameterSetName:
      - -g -n --os-disk-name --image --generate-ssh-keys
      User-Agent:
      - AZURECLI/2.29.0.post20211008075525 azsdk-python-azure-mgmt-network/19.0.0
        Python/3.8.10 (Linux-5.10.60.1-microsoft-standard-WSL2-x86_64-with-glibc2.29)
    method: GET
    uri: https://management.azure.com/subscriptions/00000000-0000-0000-0000-000000000000/resourceGroups/clitest.rg000001/providers/Microsoft.Network/virtualNetworks?api-version=2018-01-01
  response:
    body:
      string: '{"value":[]}'
    headers:
      cache-control:
      - no-cache
      content-length:
      - '12'
      content-type:
      - application/json; charset=utf-8
      date:
      - Fri, 08 Oct 2021 11:02:48 GMT
      expires:
      - '-1'
      pragma:
      - no-cache
      strict-transport-security:
      - max-age=31536000; includeSubDomains
      vary:
      - Accept-Encoding
      x-content-type-options:
      - nosniff
    status:
      code: 200
      message: OK
- request:
    body: '{"properties": {"template": {"$schema": "https://schema.management.azure.com/schemas/2015-01-01/deploymentTemplate.json#",
      "contentVersion": "1.0.0.0", "parameters": {}, "variables": {}, "resources":
      [{"name": "vm1VNET", "type": "Microsoft.Network/virtualNetworks", "location":
      "westus", "apiVersion": "2015-06-15", "dependsOn": [], "tags": {}, "properties":
      {"addressSpace": {"addressPrefixes": ["10.0.0.0/16"]}, "subnets": [{"name":
      "vm1Subnet", "properties": {"addressPrefix": "10.0.0.0/24"}}]}}, {"type": "Microsoft.Network/networkSecurityGroups",
      "name": "vm1NSG", "apiVersion": "2015-06-15", "location": "westus", "tags":
      {}, "dependsOn": [], "properties": {"securityRules": [{"name": "default-allow-ssh",
      "properties": {"protocol": "Tcp", "sourcePortRange": "*", "destinationPortRange":
      "22", "sourceAddressPrefix": "*", "destinationAddressPrefix": "*", "access":
      "Allow", "priority": 1000, "direction": "Inbound"}}]}}, {"apiVersion": "2018-01-01",
      "type": "Microsoft.Network/publicIPAddresses", "name": "vm1PublicIP", "location":
      "westus", "tags": {}, "dependsOn": [], "properties": {"publicIPAllocationMethod":
      null}}, {"apiVersion": "2015-06-15", "type": "Microsoft.Network/networkInterfaces",
      "name": "vm1VMNic", "location": "westus", "tags": {}, "dependsOn": ["Microsoft.Network/virtualNetworks/vm1VNET",
      "Microsoft.Network/networkSecurityGroups/vm1NSG", "Microsoft.Network/publicIpAddresses/vm1PublicIP"],
      "properties": {"ipConfigurations": [{"name": "ipconfigvm1", "properties": {"privateIPAllocationMethod":
      "Dynamic", "subnet": {"id": "/subscriptions/00000000-0000-0000-0000-000000000000/resourceGroups/clitest.rg000001/providers/Microsoft.Network/virtualNetworks/vm1VNET/subnets/vm1Subnet"},
      "publicIPAddress": {"id": "/subscriptions/00000000-0000-0000-0000-000000000000/resourceGroups/clitest.rg000001/providers/Microsoft.Network/publicIPAddresses/vm1PublicIP"}}}],
      "networkSecurityGroup": {"id": "/subscriptions/00000000-0000-0000-0000-000000000000/resourceGroups/clitest.rg000001/providers/Microsoft.Network/networkSecurityGroups/vm1NSG"}}},
      {"apiVersion": "2021-07-01", "type": "Microsoft.Compute/virtualMachines", "name":
      "vm1", "location": "westus", "tags": {}, "dependsOn": ["Microsoft.Network/networkInterfaces/vm1VMNic"],
      "properties": {"hardwareProfile": {"vmSize": "Standard_DS1_v2"}, "networkProfile":
      {"networkInterfaces": [{"id": "/subscriptions/00000000-0000-0000-0000-000000000000/resourceGroups/clitest.rg000001/providers/Microsoft.Network/networkInterfaces/vm1VMNic",
      "properties": {"deleteOption": null}}]}, "storageProfile": {"osDisk": {"createOption":
      "fromImage", "name": "os-disk", "caching": "ReadWrite", "managedDisk": {"storageAccountType":
      null}}, "imageReference": {"publisher": "OpenLogic", "offer": "CentOS", "sku":
      "7.5", "version": "latest"}}, "osProfile": {"computerName": "vm1", "adminUsername":
      "sd", "linuxConfiguration": {"disablePasswordAuthentication": true, "ssh": {"publicKeys":
      [{"keyData": "ssh-rsa AAAAB3NzaC1yc2EAAAADAQABAAABAQCfuU+C2VaBSV21SQ+4DXoHiger4LXrU2z5cN6xCaz+GT+QvERrfeNB1LPwbePhuWr9PetSEmCokfipbCp5YVnF3XeAgScaEVTtN7Rh2KR0iP3DiIzYcys+H8Eap4plCGhPUa38tpWkW6ybca6VpvknSuSdks6f/A1OwkTV5KTmJK8QEjGYMPxUchGEIrRY7CVFEXr8ppmGVV4VO1friWdA82CNaCs33EO4NyoLMeP8W8HrD+Yvq0aZL0Lx/wwugRc/6kJUH03SVRU5olqmYhb3eAMV7sWTOfthe0WgyvBVg6KOfsrKWIFoe7dJWQcvIbtOT6DwzaxLWN7GbHbKNAgl",
      "path": "/home/sd/.ssh/authorized_keys"}]}}}}}], "outputs": {}}, "parameters":
      {}, "mode": "incremental"}}'
    headers:
      Accept:
      - application/json
      Accept-Encoding:
      - gzip, deflate
      CommandName:
      - vm create
      Connection:
      - keep-alive
      Content-Length:
      - '3676'
      Content-Type:
      - application/json
      ParameterSetName:
      - -g -n --os-disk-name --image --generate-ssh-keys
      User-Agent:
      - AZURECLI/2.29.0.post20211008075525 azsdk-python-azure-mgmt-resource/19.0.0
        Python/3.8.10 (Linux-5.10.60.1-microsoft-standard-WSL2-x86_64-with-glibc2.29)
    method: PUT
    uri: https://management.azure.com/subscriptions/00000000-0000-0000-0000-000000000000/resourcegroups/clitest.rg000001/providers/Microsoft.Resources/deployments/mock-deployment?api-version=2021-04-01
  response:
    body:
      string: '{"id":"/subscriptions/00000000-0000-0000-0000-000000000000/resourceGroups/clitest.rg000001/providers/Microsoft.Resources/deployments/vm_deploy_rkzrzMwuGz5gvOXjIrtUZBxAbEb2qHJc","name":"vm_deploy_rkzrzMwuGz5gvOXjIrtUZBxAbEb2qHJc","type":"Microsoft.Resources/deployments","properties":{"templateHash":"16959884978973595978","parameters":{},"mode":"Incremental","provisioningState":"Accepted","timestamp":"2021-10-08T11:02:52.5935531Z","duration":"PT0.9340117S","correlationId":"b111a6cb-29e4-4376-8eee-d6320fc26124","providers":[{"namespace":"Microsoft.Network","resourceTypes":[{"resourceType":"virtualNetworks","locations":["westus"]},{"resourceType":"networkSecurityGroups","locations":["westus"]},{"resourceType":"publicIPAddresses","locations":["westus"]},{"resourceType":"networkInterfaces","locations":["westus"]}]},{"namespace":"Microsoft.Compute","resourceTypes":[{"resourceType":"virtualMachines","locations":["westus"]}]}],"dependencies":[{"dependsOn":[{"id":"/subscriptions/00000000-0000-0000-0000-000000000000/resourceGroups/clitest.rg000001/providers/Microsoft.Network/virtualNetworks/vm1VNET","resourceType":"Microsoft.Network/virtualNetworks","resourceName":"vm1VNET"},{"id":"/subscriptions/00000000-0000-0000-0000-000000000000/resourceGroups/clitest.rg000001/providers/Microsoft.Network/networkSecurityGroups/vm1NSG","resourceType":"Microsoft.Network/networkSecurityGroups","resourceName":"vm1NSG"},{"id":"/subscriptions/00000000-0000-0000-0000-000000000000/resourceGroups/clitest.rg000001/providers/Microsoft.Network/publicIPAddresses/vm1PublicIP","resourceType":"Microsoft.Network/publicIPAddresses","resourceName":"vm1PublicIP"}],"id":"/subscriptions/00000000-0000-0000-0000-000000000000/resourceGroups/clitest.rg000001/providers/Microsoft.Network/networkInterfaces/vm1VMNic","resourceType":"Microsoft.Network/networkInterfaces","resourceName":"vm1VMNic"},{"dependsOn":[{"id":"/subscriptions/00000000-0000-0000-0000-000000000000/resourceGroups/clitest.rg000001/providers/Microsoft.Network/networkInterfaces/vm1VMNic","resourceType":"Microsoft.Network/networkInterfaces","resourceName":"vm1VMNic"}],"id":"/subscriptions/00000000-0000-0000-0000-000000000000/resourceGroups/clitest.rg000001/providers/Microsoft.Compute/virtualMachines/vm1","resourceType":"Microsoft.Compute/virtualMachines","resourceName":"vm1"}]}}'
    headers:
      azure-asyncoperation:
      - https://management.azure.com/subscriptions/00000000-0000-0000-0000-000000000000/resourcegroups/clitest.rg000001/providers/Microsoft.Resources/deployments/vm_deploy_rkzrzMwuGz5gvOXjIrtUZBxAbEb2qHJc/operationStatuses/08585679159138180930?api-version=2021-04-01
      cache-control:
      - no-cache
      content-length:
      - '2743'
      content-type:
      - application/json; charset=utf-8
      date:
      - Fri, 08 Oct 2021 11:02:52 GMT
      expires:
      - '-1'
      pragma:
      - no-cache
      strict-transport-security:
      - max-age=31536000; includeSubDomains
      x-content-type-options:
      - nosniff
      x-ms-ratelimit-remaining-subscription-writes:
      - '1198'
    status:
      code: 201
      message: Created
- request:
    body: null
    headers:
      Accept:
      - '*/*'
      Accept-Encoding:
      - gzip, deflate
      CommandName:
      - vm create
      Connection:
      - keep-alive
      ParameterSetName:
      - -g -n --os-disk-name --image --generate-ssh-keys
      User-Agent:
      - AZURECLI/2.29.0.post20211008075525 azsdk-python-azure-mgmt-resource/19.0.0
        Python/3.8.10 (Linux-5.10.60.1-microsoft-standard-WSL2-x86_64-with-glibc2.29)
    method: GET
    uri: https://management.azure.com/subscriptions/00000000-0000-0000-0000-000000000000/resourcegroups/clitest.rg000001/providers/Microsoft.Resources/deployments/mock-deployment/operationStatuses/08585679159138180930?api-version=2021-04-01
  response:
    body:
      string: '{"status":"Running"}'
    headers:
      cache-control:
      - no-cache
      content-length:
      - '20'
      content-type:
      - application/json; charset=utf-8
      date:
      - Fri, 08 Oct 2021 11:03:22 GMT
      expires:
      - '-1'
      pragma:
      - no-cache
      strict-transport-security:
      - max-age=31536000; includeSubDomains
      vary:
      - Accept-Encoding
      x-content-type-options:
      - nosniff
    status:
      code: 200
      message: OK
- request:
    body: null
    headers:
      Accept:
      - '*/*'
      Accept-Encoding:
      - gzip, deflate
      CommandName:
      - vm create
      Connection:
      - keep-alive
      ParameterSetName:
      - -g -n --os-disk-name --image --generate-ssh-keys
      User-Agent:
      - AZURECLI/2.29.0.post20211008075525 azsdk-python-azure-mgmt-resource/19.0.0
        Python/3.8.10 (Linux-5.10.60.1-microsoft-standard-WSL2-x86_64-with-glibc2.29)
    method: GET
    uri: https://management.azure.com/subscriptions/00000000-0000-0000-0000-000000000000/resourcegroups/clitest.rg000001/providers/Microsoft.Resources/deployments/mock-deployment/operationStatuses/08585679159138180930?api-version=2021-04-01
  response:
    body:
      string: '{"status":"Running"}'
    headers:
      cache-control:
      - no-cache
      content-length:
      - '20'
      content-type:
      - application/json; charset=utf-8
      date:
      - Fri, 08 Oct 2021 11:03:54 GMT
      expires:
      - '-1'
      pragma:
      - no-cache
      strict-transport-security:
      - max-age=31536000; includeSubDomains
      vary:
      - Accept-Encoding
      x-content-type-options:
      - nosniff
    status:
      code: 200
      message: OK
- request:
    body: null
    headers:
      Accept:
      - '*/*'
      Accept-Encoding:
      - gzip, deflate
      CommandName:
      - vm create
      Connection:
      - keep-alive
      ParameterSetName:
      - -g -n --os-disk-name --image --generate-ssh-keys
      User-Agent:
      - AZURECLI/2.29.0.post20211008075525 azsdk-python-azure-mgmt-resource/19.0.0
        Python/3.8.10 (Linux-5.10.60.1-microsoft-standard-WSL2-x86_64-with-glibc2.29)
    method: GET
    uri: https://management.azure.com/subscriptions/00000000-0000-0000-0000-000000000000/resourcegroups/clitest.rg000001/providers/Microsoft.Resources/deployments/mock-deployment/operationStatuses/08585679159138180930?api-version=2021-04-01
  response:
    body:
      string: '{"status":"Running"}'
    headers:
      cache-control:
      - no-cache
      content-length:
      - '20'
      content-type:
      - application/json; charset=utf-8
      date:
      - Fri, 08 Oct 2021 11:04:24 GMT
      expires:
      - '-1'
      pragma:
      - no-cache
      strict-transport-security:
      - max-age=31536000; includeSubDomains
      vary:
      - Accept-Encoding
      x-content-type-options:
      - nosniff
    status:
      code: 200
      message: OK
- request:
    body: null
    headers:
      Accept:
      - '*/*'
      Accept-Encoding:
      - gzip, deflate
      CommandName:
      - vm create
      Connection:
      - keep-alive
      ParameterSetName:
      - -g -n --os-disk-name --image --generate-ssh-keys
      User-Agent:
      - AZURECLI/2.29.0.post20211008075525 azsdk-python-azure-mgmt-resource/19.0.0
        Python/3.8.10 (Linux-5.10.60.1-microsoft-standard-WSL2-x86_64-with-glibc2.29)
    method: GET
    uri: https://management.azure.com/subscriptions/00000000-0000-0000-0000-000000000000/resourcegroups/clitest.rg000001/providers/Microsoft.Resources/deployments/mock-deployment/operationStatuses/08585679159138180930?api-version=2021-04-01
  response:
    body:
      string: '{"status":"Running"}'
    headers:
      cache-control:
      - no-cache
      content-length:
      - '20'
      content-type:
      - application/json; charset=utf-8
      date:
      - Fri, 08 Oct 2021 11:04:54 GMT
      expires:
      - '-1'
      pragma:
      - no-cache
      strict-transport-security:
      - max-age=31536000; includeSubDomains
      vary:
      - Accept-Encoding
      x-content-type-options:
      - nosniff
    status:
      code: 200
      message: OK
- request:
    body: null
    headers:
      Accept:
      - '*/*'
      Accept-Encoding:
      - gzip, deflate
      CommandName:
      - vm create
      Connection:
      - keep-alive
      ParameterSetName:
      - -g -n --os-disk-name --image --generate-ssh-keys
      User-Agent:
      - AZURECLI/2.29.0.post20211008075525 azsdk-python-azure-mgmt-resource/19.0.0
        Python/3.8.10 (Linux-5.10.60.1-microsoft-standard-WSL2-x86_64-with-glibc2.29)
    method: GET
    uri: https://management.azure.com/subscriptions/00000000-0000-0000-0000-000000000000/resourcegroups/clitest.rg000001/providers/Microsoft.Resources/deployments/mock-deployment/operationStatuses/08585679159138180930?api-version=2021-04-01
  response:
    body:
      string: '{"status":"Running"}'
    headers:
      cache-control:
      - no-cache
      content-length:
      - '20'
      content-type:
      - application/json; charset=utf-8
      date:
      - Fri, 08 Oct 2021 11:05:24 GMT
      expires:
      - '-1'
      pragma:
      - no-cache
      strict-transport-security:
      - max-age=31536000; includeSubDomains
      vary:
      - Accept-Encoding
      x-content-type-options:
      - nosniff
    status:
      code: 200
      message: OK
- request:
    body: null
    headers:
      Accept:
      - '*/*'
      Accept-Encoding:
      - gzip, deflate
      CommandName:
      - vm create
      Connection:
      - keep-alive
      ParameterSetName:
      - -g -n --os-disk-name --image --generate-ssh-keys
      User-Agent:
      - AZURECLI/2.29.0.post20211008075525 azsdk-python-azure-mgmt-resource/19.0.0
        Python/3.8.10 (Linux-5.10.60.1-microsoft-standard-WSL2-x86_64-with-glibc2.29)
    method: GET
    uri: https://management.azure.com/subscriptions/00000000-0000-0000-0000-000000000000/resourcegroups/clitest.rg000001/providers/Microsoft.Resources/deployments/mock-deployment/operationStatuses/08585679159138180930?api-version=2021-04-01
  response:
    body:
      string: '{"status":"Running"}'
    headers:
      cache-control:
      - no-cache
      content-length:
      - '20'
      content-type:
      - application/json; charset=utf-8
      date:
      - Fri, 08 Oct 2021 11:05:55 GMT
      expires:
      - '-1'
      pragma:
      - no-cache
      strict-transport-security:
      - max-age=31536000; includeSubDomains
      vary:
      - Accept-Encoding
      x-content-type-options:
      - nosniff
    status:
      code: 200
      message: OK
- request:
    body: null
    headers:
      Accept:
      - '*/*'
      Accept-Encoding:
      - gzip, deflate
      CommandName:
      - vm create
      Connection:
      - keep-alive
      ParameterSetName:
      - -g -n --os-disk-name --image --generate-ssh-keys
      User-Agent:
      - AZURECLI/2.29.0.post20211008075525 azsdk-python-azure-mgmt-resource/19.0.0
        Python/3.8.10 (Linux-5.10.60.1-microsoft-standard-WSL2-x86_64-with-glibc2.29)
    method: GET
    uri: https://management.azure.com/subscriptions/00000000-0000-0000-0000-000000000000/resourcegroups/clitest.rg000001/providers/Microsoft.Resources/deployments/mock-deployment/operationStatuses/08585679159138180930?api-version=2021-04-01
  response:
    body:
      string: '{"status":"Succeeded"}'
    headers:
      cache-control:
      - no-cache
      content-length:
      - '22'
      content-type:
      - application/json; charset=utf-8
      date:
      - Fri, 08 Oct 2021 11:06:25 GMT
      expires:
      - '-1'
      pragma:
      - no-cache
      strict-transport-security:
      - max-age=31536000; includeSubDomains
      vary:
      - Accept-Encoding
      x-content-type-options:
      - nosniff
    status:
      code: 200
      message: OK
- request:
    body: null
    headers:
      Accept:
      - '*/*'
      Accept-Encoding:
      - gzip, deflate
      CommandName:
      - vm create
      Connection:
      - keep-alive
      ParameterSetName:
      - -g -n --os-disk-name --image --generate-ssh-keys
      User-Agent:
      - AZURECLI/2.29.0.post20211008075525 azsdk-python-azure-mgmt-resource/19.0.0
        Python/3.8.10 (Linux-5.10.60.1-microsoft-standard-WSL2-x86_64-with-glibc2.29)
    method: GET
    uri: https://management.azure.com/subscriptions/00000000-0000-0000-0000-000000000000/resourcegroups/clitest.rg000001/providers/Microsoft.Resources/deployments/mock-deployment?api-version=2021-04-01
  response:
    body:
      string: '{"id":"/subscriptions/00000000-0000-0000-0000-000000000000/resourceGroups/clitest.rg000001/providers/Microsoft.Resources/deployments/vm_deploy_rkzrzMwuGz5gvOXjIrtUZBxAbEb2qHJc","name":"vm_deploy_rkzrzMwuGz5gvOXjIrtUZBxAbEb2qHJc","type":"Microsoft.Resources/deployments","properties":{"templateHash":"16959884978973595978","parameters":{},"mode":"Incremental","provisioningState":"Succeeded","timestamp":"2021-10-08T11:06:17.2346011Z","duration":"PT3M25.5750597S","correlationId":"b111a6cb-29e4-4376-8eee-d6320fc26124","providers":[{"namespace":"Microsoft.Network","resourceTypes":[{"resourceType":"virtualNetworks","locations":["westus"]},{"resourceType":"networkSecurityGroups","locations":["westus"]},{"resourceType":"publicIPAddresses","locations":["westus"]},{"resourceType":"networkInterfaces","locations":["westus"]}]},{"namespace":"Microsoft.Compute","resourceTypes":[{"resourceType":"virtualMachines","locations":["westus"]}]}],"dependencies":[{"dependsOn":[{"id":"/subscriptions/00000000-0000-0000-0000-000000000000/resourceGroups/clitest.rg000001/providers/Microsoft.Network/virtualNetworks/vm1VNET","resourceType":"Microsoft.Network/virtualNetworks","resourceName":"vm1VNET"},{"id":"/subscriptions/00000000-0000-0000-0000-000000000000/resourceGroups/clitest.rg000001/providers/Microsoft.Network/networkSecurityGroups/vm1NSG","resourceType":"Microsoft.Network/networkSecurityGroups","resourceName":"vm1NSG"},{"id":"/subscriptions/00000000-0000-0000-0000-000000000000/resourceGroups/clitest.rg000001/providers/Microsoft.Network/publicIPAddresses/vm1PublicIP","resourceType":"Microsoft.Network/publicIPAddresses","resourceName":"vm1PublicIP"}],"id":"/subscriptions/00000000-0000-0000-0000-000000000000/resourceGroups/clitest.rg000001/providers/Microsoft.Network/networkInterfaces/vm1VMNic","resourceType":"Microsoft.Network/networkInterfaces","resourceName":"vm1VMNic"},{"dependsOn":[{"id":"/subscriptions/00000000-0000-0000-0000-000000000000/resourceGroups/clitest.rg000001/providers/Microsoft.Network/networkInterfaces/vm1VMNic","resourceType":"Microsoft.Network/networkInterfaces","resourceName":"vm1VMNic"}],"id":"/subscriptions/00000000-0000-0000-0000-000000000000/resourceGroups/clitest.rg000001/providers/Microsoft.Compute/virtualMachines/vm1","resourceType":"Microsoft.Compute/virtualMachines","resourceName":"vm1"}],"outputs":{},"outputResources":[{"id":"/subscriptions/00000000-0000-0000-0000-000000000000/resourceGroups/clitest.rg000001/providers/Microsoft.Compute/virtualMachines/vm1"},{"id":"/subscriptions/00000000-0000-0000-0000-000000000000/resourceGroups/clitest.rg000001/providers/Microsoft.Network/networkInterfaces/vm1VMNic"},{"id":"/subscriptions/00000000-0000-0000-0000-000000000000/resourceGroups/clitest.rg000001/providers/Microsoft.Network/networkSecurityGroups/vm1NSG"},{"id":"/subscriptions/00000000-0000-0000-0000-000000000000/resourceGroups/clitest.rg000001/providers/Microsoft.Network/publicIPAddresses/vm1PublicIP"},{"id":"/subscriptions/00000000-0000-0000-0000-000000000000/resourceGroups/clitest.rg000001/providers/Microsoft.Network/virtualNetworks/vm1VNET"}]}}'
    headers:
      cache-control:
      - no-cache
      content-length:
      - '3810'
      content-type:
      - application/json; charset=utf-8
      date:
      - Fri, 08 Oct 2021 11:06:26 GMT
      expires:
      - '-1'
      pragma:
      - no-cache
      strict-transport-security:
      - max-age=31536000; includeSubDomains
      vary:
      - Accept-Encoding
      x-content-type-options:
      - nosniff
    status:
      code: 200
      message: OK
- request:
    body: null
    headers:
      Accept:
      - application/json
      Accept-Encoding:
      - gzip, deflate
      CommandName:
      - vm create
      Connection:
      - keep-alive
      ParameterSetName:
      - -g -n --os-disk-name --image --generate-ssh-keys
      User-Agent:
      - AZURECLI/2.29.0.post20211008075525 azsdk-python-azure-mgmt-compute/23.0.0
        Python/3.8.10 (Linux-5.10.60.1-microsoft-standard-WSL2-x86_64-with-glibc2.29)
    method: GET
    uri: https://management.azure.com/subscriptions/00000000-0000-0000-0000-000000000000/resourceGroups/clitest.rg000001/providers/Microsoft.Compute/virtualMachines/vm1?$expand=instanceView&api-version=2021-07-01
  response:
    body:
      string: "{\r\n  \"name\": \"vm1\",\r\n  \"id\": \"/subscriptions/00000000-0000-0000-0000-000000000000/resourceGroups/clitest.rg000001/providers/Microsoft.Compute/virtualMachines/vm1\",\r\n
        \ \"type\": \"Microsoft.Compute/virtualMachines\",\r\n  \"location\": \"westus\",\r\n
        \ \"tags\": {},\r\n  \"properties\": {\r\n    \"vmId\": \"7dbb8b2b-5410-40cc-be86-9d7d34e08f71\",\r\n
        \   \"hardwareProfile\": {\r\n      \"vmSize\": \"Standard_DS1_v2\"\r\n    },\r\n
        \   \"storageProfile\": {\r\n      \"imageReference\": {\r\n        \"publisher\":
        \"OpenLogic\",\r\n        \"offer\": \"CentOS\",\r\n        \"sku\": \"7.5\",\r\n
        \       \"version\": \"latest\",\r\n        \"exactVersion\": \"7.5.201808150\"\r\n
        \     },\r\n      \"osDisk\": {\r\n        \"osType\": \"Linux\",\r\n        \"name\":
        \"os-disk\",\r\n        \"createOption\": \"FromImage\",\r\n        \"caching\":
        \"ReadWrite\",\r\n        \"managedDisk\": {\r\n          \"storageAccountType\":
        \"Premium_LRS\",\r\n          \"id\": \"/subscriptions/00000000-0000-0000-0000-000000000000/resourceGroups/clitest.rg000001/providers/Microsoft.Compute/disks/os-disk\"\r\n
        \       },\r\n        \"diskSizeGB\": 30\r\n      },\r\n      \"dataDisks\":
        []\r\n    },\r\n    \"osProfile\": {\r\n      \"computerName\": \"vm1\",\r\n
        \     \"adminUsername\": \"sd\",\r\n      \"linuxConfiguration\": {\r\n        \"disablePasswordAuthentication\":
        true,\r\n        \"ssh\": {\r\n          \"publicKeys\": [\r\n            {\r\n
        \             \"path\": \"/home/sd/.ssh/authorized_keys\",\r\n              \"keyData\":
        \"ssh-rsa AAAAB3NzaC1yc2EAAAADAQABAAABAQCfuU+C2VaBSV21SQ+4DXoHiger4LXrU2z5cN6xCaz+GT+QvERrfeNB1LPwbePhuWr9PetSEmCokfipbCp5YVnF3XeAgScaEVTtN7Rh2KR0iP3DiIzYcys+H8Eap4plCGhPUa38tpWkW6ybca6VpvknSuSdks6f/A1OwkTV5KTmJK8QEjGYMPxUchGEIrRY7CVFEXr8ppmGVV4VO1friWdA82CNaCs33EO4NyoLMeP8W8HrD+Yvq0aZL0Lx/wwugRc/6kJUH03SVRU5olqmYhb3eAMV7sWTOfthe0WgyvBVg6KOfsrKWIFoe7dJWQcvIbtOT6DwzaxLWN7GbHbKNAgl\"\r\n
        \           }\r\n          ]\r\n        },\r\n        \"provisionVMAgent\":
        true,\r\n        \"patchSettings\": {\r\n          \"patchMode\": \"ImageDefault\",\r\n
        \         \"assessmentMode\": \"ImageDefault\"\r\n        }\r\n      },\r\n
        \     \"secrets\": [],\r\n      \"allowExtensionOperations\": true,\r\n      \"requireGuestProvisionSignal\":
        true\r\n    },\r\n    \"networkProfile\": {\"networkInterfaces\":[{\"id\":\"/subscriptions/00000000-0000-0000-0000-000000000000/resourceGroups/clitest.rg000001/providers/Microsoft.Network/networkInterfaces/vm1VMNic\"}]},\r\n
        \   \"provisioningState\": \"Succeeded\",\r\n    \"instanceView\": {\r\n      \"computerName\":
        \"vm1\",\r\n      \"osName\": \"centos\",\r\n      \"osVersion\": \"7.5.1804\",\r\n
        \     \"vmAgent\": {\r\n        \"vmAgentVersion\": \"2.4.0.2\",\r\n        \"statuses\":
        [\r\n          {\r\n            \"code\": \"ProvisioningState/succeeded\",\r\n
        \           \"level\": \"Info\",\r\n            \"displayStatus\": \"Ready\",\r\n
        \           \"message\": \"Guest Agent is running\",\r\n            \"time\":
        \"2021-10-08T11:06:16+00:00\"\r\n          }\r\n        ],\r\n        \"extensionHandlers\":
        []\r\n      },\r\n      \"disks\": [\r\n        {\r\n          \"name\": \"os-disk\",\r\n
        \         \"statuses\": [\r\n            {\r\n              \"code\": \"ProvisioningState/succeeded\",\r\n
        \             \"level\": \"Info\",\r\n              \"displayStatus\": \"Provisioning
        succeeded\",\r\n              \"time\": \"2021-10-08T11:05:12.4216601+00:00\"\r\n
        \           }\r\n          ]\r\n        }\r\n      ],\r\n      \"hyperVGeneration\":
        \"V1\",\r\n      \"statuses\": [\r\n        {\r\n          \"code\": \"ProvisioningState/succeeded\",\r\n
        \         \"level\": \"Info\",\r\n          \"displayStatus\": \"Provisioning
        succeeded\",\r\n          \"time\": \"2021-10-08T11:06:13.1404039+00:00\"\r\n
        \       },\r\n        {\r\n          \"code\": \"PowerState/running\",\r\n
        \         \"level\": \"Info\",\r\n          \"displayStatus\": \"VM running\"\r\n
        \       }\r\n      ]\r\n    }\r\n  }\r\n}"
    headers:
      cache-control:
      - no-cache
      content-length:
      - '3738'
      content-type:
      - application/json; charset=utf-8
      date:
      - Fri, 08 Oct 2021 11:06:26 GMT
      expires:
      - '-1'
      pragma:
      - no-cache
      server:
      - Microsoft-HTTPAPI/2.0
      - Microsoft-HTTPAPI/2.0
      strict-transport-security:
      - max-age=31536000; includeSubDomains
      transfer-encoding:
      - chunked
      vary:
      - Accept-Encoding
      x-content-type-options:
      - nosniff
      x-ms-ratelimit-remaining-resource:
      - Microsoft.Compute/LowCostGet3Min;3932,Microsoft.Compute/LowCostGet30Min;31909
    status:
      code: 200
      message: OK
- request:
    body: null
    headers:
      Accept:
      - application/json, text/json
      Accept-Encoding:
      - gzip, deflate
      CommandName:
      - vm create
      Connection:
      - keep-alive
      ParameterSetName:
      - -g -n --os-disk-name --image --generate-ssh-keys
      User-Agent:
      - AZURECLI/2.29.0.post20211008075525 azsdk-python-azure-mgmt-network/19.0.0
        Python/3.8.10 (Linux-5.10.60.1-microsoft-standard-WSL2-x86_64-with-glibc2.29)
    method: GET
    uri: https://management.azure.com/subscriptions/00000000-0000-0000-0000-000000000000/resourceGroups/clitest.rg000001/providers/Microsoft.Network/networkInterfaces/vm1VMNic?api-version=2018-01-01
  response:
    body:
      string: "{\r\n  \"name\": \"vm1VMNic\",\r\n  \"id\": \"/subscriptions/00000000-0000-0000-0000-000000000000/resourceGroups/clitest.rg000001/providers/Microsoft.Network/networkInterfaces/vm1VMNic\",\r\n
        \ \"etag\": \"W/\\\"2945e70a-0958-4bea-b991-1334f7485a6e\\\"\",\r\n  \"location\":
        \"westus\",\r\n  \"tags\": {},\r\n  \"properties\": {\r\n    \"provisioningState\":
        \"Succeeded\",\r\n    \"resourceGuid\": \"28f5163d-08aa-47be-987d-f09e2b1192d6\",\r\n
        \   \"ipConfigurations\": [\r\n      {\r\n        \"name\": \"ipconfigvm1\",\r\n
        \       \"id\": \"/subscriptions/00000000-0000-0000-0000-000000000000/resourceGroups/clitest.rg000001/providers/Microsoft.Network/networkInterfaces/vm1VMNic/ipConfigurations/ipconfigvm1\",\r\n
        \       \"etag\": \"W/\\\"2945e70a-0958-4bea-b991-1334f7485a6e\\\"\",\r\n
        \       \"type\": \"Microsoft.Network/networkInterfaces/ipConfigurations\",\r\n
        \       \"properties\": {\r\n          \"provisioningState\": \"Succeeded\",\r\n
        \         \"privateIPAddress\": \"10.0.0.4\",\r\n          \"privateIPAllocationMethod\":
        \"Dynamic\",\r\n          \"publicIPAddress\": {\r\n            \"id\": \"/subscriptions/00000000-0000-0000-0000-000000000000/resourceGroups/clitest.rg000001/providers/Microsoft.Network/publicIPAddresses/vm1PublicIP\"\r\n
        \         },\r\n          \"subnet\": {\r\n            \"id\": \"/subscriptions/00000000-0000-0000-0000-000000000000/resourceGroups/clitest.rg000001/providers/Microsoft.Network/virtualNetworks/vm1VNET/subnets/vm1Subnet\"\r\n
        \         },\r\n          \"primary\": true,\r\n          \"privateIPAddressVersion\":
        \"IPv4\"\r\n        }\r\n      }\r\n    ],\r\n    \"dnsSettings\": {\r\n      \"dnsServers\":
        [],\r\n      \"appliedDnsServers\": [],\r\n      \"internalDomainNameSuffix\":
        \"ocosxo3k0c5e5agi3am5kvscpa.dx.internal.cloudapp.net\"\r\n    },\r\n    \"macAddress\":
        \"00-22-48-03-FE-58\",\r\n    \"enableAcceleratedNetworking\": false,\r\n
        \   \"enableIPForwarding\": false,\r\n    \"networkSecurityGroup\": {\r\n
        \     \"id\": \"/subscriptions/00000000-0000-0000-0000-000000000000/resourceGroups/clitest.rg000001/providers/Microsoft.Network/networkSecurityGroups/vm1NSG\"\r\n
        \   },\r\n    \"primary\": true,\r\n    \"virtualMachine\": {\r\n      \"id\":
        \"/subscriptions/00000000-0000-0000-0000-000000000000/resourceGroups/clitest.rg000001/providers/Microsoft.Compute/virtualMachines/vm1\"\r\n
        \   }\r\n  },\r\n  \"type\": \"Microsoft.Network/networkInterfaces\"\r\n}"
    headers:
      cache-control:
      - no-cache
      content-length:
      - '2568'
      content-type:
      - application/json; charset=utf-8
      date:
      - Fri, 08 Oct 2021 11:06:27 GMT
      etag:
      - W/"2945e70a-0958-4bea-b991-1334f7485a6e"
      expires:
      - '-1'
      pragma:
      - no-cache
      server:
      - Microsoft-HTTPAPI/2.0
      - Microsoft-HTTPAPI/2.0
      strict-transport-security:
      - max-age=31536000; includeSubDomains
      transfer-encoding:
      - chunked
      vary:
      - Accept-Encoding
      x-content-type-options:
      - nosniff
      x-ms-arm-service-request-id:
      - b9cb6f71-0b1e-4fa3-8fc1-ce4221dbf0cd
    status:
      code: 200
      message: OK
- request:
    body: null
    headers:
      Accept:
      - application/json, text/json
      Accept-Encoding:
      - gzip, deflate
      CommandName:
      - vm create
      Connection:
      - keep-alive
      ParameterSetName:
      - -g -n --os-disk-name --image --generate-ssh-keys
      User-Agent:
      - AZURECLI/2.29.0.post20211008075525 azsdk-python-azure-mgmt-network/19.0.0
        Python/3.8.10 (Linux-5.10.60.1-microsoft-standard-WSL2-x86_64-with-glibc2.29)
    method: GET
    uri: https://management.azure.com/subscriptions/00000000-0000-0000-0000-000000000000/resourceGroups/clitest.rg000001/providers/Microsoft.Network/publicIPAddresses/vm1PublicIP?api-version=2018-01-01
  response:
    body:
      string: "{\r\n  \"name\": \"vm1PublicIP\",\r\n  \"id\": \"/subscriptions/00000000-0000-0000-0000-000000000000/resourceGroups/clitest.rg000001/providers/Microsoft.Network/publicIPAddresses/vm1PublicIP\",\r\n
        \ \"etag\": \"W/\\\"e31b67ff-f89b-49a5-abc8-811b87cfa905\\\"\",\r\n  \"location\":
        \"westus\",\r\n  \"tags\": {},\r\n  \"properties\": {\r\n    \"provisioningState\":
        \"Succeeded\",\r\n    \"resourceGuid\": \"ff34126d-6852-4240-a22e-42d412aac4c9\",\r\n
        \   \"ipAddress\": \"13.87.185.116\",\r\n    \"publicIPAddressVersion\": \"IPv4\",\r\n
        \   \"publicIPAllocationMethod\": \"Dynamic\",\r\n    \"idleTimeoutInMinutes\":
        4,\r\n    \"ipTags\": [],\r\n    \"ipConfiguration\": {\r\n      \"id\": \"/subscriptions/00000000-0000-0000-0000-000000000000/resourceGroups/clitest.rg000001/providers/Microsoft.Network/networkInterfaces/vm1VMNic/ipConfigurations/ipconfigvm1\"\r\n
        \   }\r\n  },\r\n  \"type\": \"Microsoft.Network/publicIPAddresses\",\r\n
        \ \"sku\": {\r\n    \"name\": \"Basic\"\r\n  }\r\n}"
    headers:
      cache-control:
      - no-cache
      content-length:
      - '997'
      content-type:
      - application/json; charset=utf-8
      date:
      - Fri, 08 Oct 2021 11:06:27 GMT
      etag:
      - W/"e31b67ff-f89b-49a5-abc8-811b87cfa905"
      expires:
      - '-1'
      pragma:
      - no-cache
      server:
      - Microsoft-HTTPAPI/2.0
      - Microsoft-HTTPAPI/2.0
      strict-transport-security:
      - max-age=31536000; includeSubDomains
      transfer-encoding:
      - chunked
      vary:
      - Accept-Encoding
      x-content-type-options:
      - nosniff
      x-ms-arm-service-request-id:
      - cfec17f6-73e0-4504-9205-36d7758f35d5
    status:
      code: 200
      message: OK
- request:
    body: null
    headers:
      Accept:
      - application/json
      Accept-Encoding:
      - gzip, deflate
      CommandName:
      - vm aem set
      Connection:
      - keep-alive
      ParameterSetName:
      - -g -n --install-new-extension --verbose
      User-Agent:
      - AZURECLI/2.29.0.post20211008075525 azsdk-python-azure-mgmt-compute/23.0.0
        Python/3.8.10 (Linux-5.10.60.1-microsoft-standard-WSL2-x86_64-with-glibc2.29)
    method: GET
    uri: https://management.azure.com/subscriptions/00000000-0000-0000-0000-000000000000/resourceGroups/clitest.rg000001/providers/Microsoft.Compute/virtualMachines/vm1?$expand=instanceView&api-version=2021-07-01
  response:
    body:
      string: "{\r\n  \"name\": \"vm1\",\r\n  \"id\": \"/subscriptions/00000000-0000-0000-0000-000000000000/resourceGroups/clitest.rg000001/providers/Microsoft.Compute/virtualMachines/vm1\",\r\n
        \ \"type\": \"Microsoft.Compute/virtualMachines\",\r\n  \"location\": \"westus\",\r\n
        \ \"tags\": {},\r\n  \"properties\": {\r\n    \"vmId\": \"7dbb8b2b-5410-40cc-be86-9d7d34e08f71\",\r\n
        \   \"hardwareProfile\": {\r\n      \"vmSize\": \"Standard_DS1_v2\"\r\n    },\r\n
        \   \"storageProfile\": {\r\n      \"imageReference\": {\r\n        \"publisher\":
        \"OpenLogic\",\r\n        \"offer\": \"CentOS\",\r\n        \"sku\": \"7.5\",\r\n
        \       \"version\": \"latest\",\r\n        \"exactVersion\": \"7.5.201808150\"\r\n
        \     },\r\n      \"osDisk\": {\r\n        \"osType\": \"Linux\",\r\n        \"name\":
        \"os-disk\",\r\n        \"createOption\": \"FromImage\",\r\n        \"caching\":
        \"ReadWrite\",\r\n        \"managedDisk\": {\r\n          \"storageAccountType\":
        \"Premium_LRS\",\r\n          \"id\": \"/subscriptions/00000000-0000-0000-0000-000000000000/resourceGroups/clitest.rg000001/providers/Microsoft.Compute/disks/os-disk\"\r\n
        \       },\r\n        \"diskSizeGB\": 30\r\n      },\r\n      \"dataDisks\":
        []\r\n    },\r\n    \"osProfile\": {\r\n      \"computerName\": \"vm1\",\r\n
        \     \"adminUsername\": \"sd\",\r\n      \"linuxConfiguration\": {\r\n        \"disablePasswordAuthentication\":
        true,\r\n        \"ssh\": {\r\n          \"publicKeys\": [\r\n            {\r\n
        \             \"path\": \"/home/sd/.ssh/authorized_keys\",\r\n              \"keyData\":
        \"ssh-rsa AAAAB3NzaC1yc2EAAAADAQABAAABAQCfuU+C2VaBSV21SQ+4DXoHiger4LXrU2z5cN6xCaz+GT+QvERrfeNB1LPwbePhuWr9PetSEmCokfipbCp5YVnF3XeAgScaEVTtN7Rh2KR0iP3DiIzYcys+H8Eap4plCGhPUa38tpWkW6ybca6VpvknSuSdks6f/A1OwkTV5KTmJK8QEjGYMPxUchGEIrRY7CVFEXr8ppmGVV4VO1friWdA82CNaCs33EO4NyoLMeP8W8HrD+Yvq0aZL0Lx/wwugRc/6kJUH03SVRU5olqmYhb3eAMV7sWTOfthe0WgyvBVg6KOfsrKWIFoe7dJWQcvIbtOT6DwzaxLWN7GbHbKNAgl\"\r\n
        \           }\r\n          ]\r\n        },\r\n        \"provisionVMAgent\":
        true,\r\n        \"patchSettings\": {\r\n          \"patchMode\": \"ImageDefault\",\r\n
        \         \"assessmentMode\": \"ImageDefault\"\r\n        }\r\n      },\r\n
        \     \"secrets\": [],\r\n      \"allowExtensionOperations\": true,\r\n      \"requireGuestProvisionSignal\":
        true\r\n    },\r\n    \"networkProfile\": {\"networkInterfaces\":[{\"id\":\"/subscriptions/00000000-0000-0000-0000-000000000000/resourceGroups/clitest.rg000001/providers/Microsoft.Network/networkInterfaces/vm1VMNic\"}]},\r\n
        \   \"provisioningState\": \"Succeeded\",\r\n    \"instanceView\": {\r\n      \"computerName\":
        \"vm1\",\r\n      \"osName\": \"centos\",\r\n      \"osVersion\": \"7.5.1804\",\r\n
        \     \"vmAgent\": {\r\n        \"vmAgentVersion\": \"2.4.0.2\",\r\n        \"statuses\":
        [\r\n          {\r\n            \"code\": \"ProvisioningState/succeeded\",\r\n
        \           \"level\": \"Info\",\r\n            \"displayStatus\": \"Ready\",\r\n
        \           \"message\": \"Guest Agent is running\",\r\n            \"time\":
        \"2021-10-08T11:06:16+00:00\"\r\n          }\r\n        ],\r\n        \"extensionHandlers\":
        []\r\n      },\r\n      \"disks\": [\r\n        {\r\n          \"name\": \"os-disk\",\r\n
        \         \"statuses\": [\r\n            {\r\n              \"code\": \"ProvisioningState/succeeded\",\r\n
        \             \"level\": \"Info\",\r\n              \"displayStatus\": \"Provisioning
        succeeded\",\r\n              \"time\": \"2021-10-08T11:05:12.4216601+00:00\"\r\n
        \           }\r\n          ]\r\n        }\r\n      ],\r\n      \"hyperVGeneration\":
        \"V1\",\r\n      \"statuses\": [\r\n        {\r\n          \"code\": \"ProvisioningState/succeeded\",\r\n
        \         \"level\": \"Info\",\r\n          \"displayStatus\": \"Provisioning
        succeeded\",\r\n          \"time\": \"2021-10-08T11:06:13.1404039+00:00\"\r\n
        \       },\r\n        {\r\n          \"code\": \"PowerState/running\",\r\n
        \         \"level\": \"Info\",\r\n          \"displayStatus\": \"VM running\"\r\n
        \       }\r\n      ]\r\n    }\r\n  }\r\n}"
    headers:
      cache-control:
      - no-cache
      content-length:
      - '3738'
      content-type:
      - application/json; charset=utf-8
      date:
      - Fri, 08 Oct 2021 11:06:27 GMT
      expires:
      - '-1'
      pragma:
      - no-cache
      server:
      - Microsoft-HTTPAPI/2.0
      - Microsoft-HTTPAPI/2.0
      strict-transport-security:
      - max-age=31536000; includeSubDomains
      transfer-encoding:
      - chunked
      vary:
      - Accept-Encoding
      x-content-type-options:
      - nosniff
      x-ms-ratelimit-remaining-resource:
      - Microsoft.Compute/LowCostGet3Min;3926,Microsoft.Compute/LowCostGet30Min;31903
    status:
      code: 200
      message: OK
- request:
    body: '{"identity": {"type": "SystemAssigned"}}'
    headers:
      Accept:
      - application/json
      Accept-Encoding:
      - gzip, deflate
      CommandName:
      - vm aem set
      Connection:
      - keep-alive
      Content-Length:
      - '40'
      Content-Type:
      - application/json
      ParameterSetName:
      - -g -n --install-new-extension --verbose
      User-Agent:
      - AZURECLI/2.29.0.post20211008075525 azsdk-python-azure-mgmt-compute/23.0.0
        Python/3.8.10 (Linux-5.10.60.1-microsoft-standard-WSL2-x86_64-with-glibc2.29)
    method: PATCH
    uri: https://management.azure.com/subscriptions/00000000-0000-0000-0000-000000000000/resourceGroups/clitest.rg000001/providers/Microsoft.Compute/virtualMachines/vm1?api-version=2021-07-01
  response:
    body:
      string: "{\r\n  \"name\": \"vm1\",\r\n  \"id\": \"/subscriptions/00000000-0000-0000-0000-000000000000/resourceGroups/clitest.rg000001/providers/Microsoft.Compute/virtualMachines/vm1\",\r\n
        \ \"type\": \"Microsoft.Compute/virtualMachines\",\r\n  \"location\": \"westus\",\r\n
        \ \"tags\": {},\r\n  \"identity\": {\r\n    \"type\": \"SystemAssigned\",\r\n
        \   \"principalId\": \"3538443b-c0c2-4ae0-9711-0a6f547d648c\",\r\n    \"tenantId\":
        \"72f988bf-86f1-41af-91ab-2d7cd011db47\"\r\n  },\r\n  \"properties\": {\r\n
        \   \"vmId\": \"7dbb8b2b-5410-40cc-be86-9d7d34e08f71\",\r\n    \"hardwareProfile\":
        {\r\n      \"vmSize\": \"Standard_DS1_v2\"\r\n    },\r\n    \"storageProfile\":
        {\r\n      \"imageReference\": {\r\n        \"publisher\": \"OpenLogic\",\r\n
        \       \"offer\": \"CentOS\",\r\n        \"sku\": \"7.5\",\r\n        \"version\":
        \"latest\",\r\n        \"exactVersion\": \"7.5.201808150\"\r\n      },\r\n
        \     \"osDisk\": {\r\n        \"osType\": \"Linux\",\r\n        \"name\":
        \"os-disk\",\r\n        \"createOption\": \"FromImage\",\r\n        \"caching\":
        \"ReadWrite\",\r\n        \"managedDisk\": {\r\n          \"storageAccountType\":
        \"Premium_LRS\",\r\n          \"id\": \"/subscriptions/00000000-0000-0000-0000-000000000000/resourceGroups/clitest.rg000001/providers/Microsoft.Compute/disks/os-disk\"\r\n
        \       },\r\n        \"diskSizeGB\": 30\r\n      },\r\n      \"dataDisks\":
        []\r\n    },\r\n    \"osProfile\": {\r\n      \"computerName\": \"vm1\",\r\n
        \     \"adminUsername\": \"sd\",\r\n      \"linuxConfiguration\": {\r\n        \"disablePasswordAuthentication\":
        true,\r\n        \"ssh\": {\r\n          \"publicKeys\": [\r\n            {\r\n
        \             \"path\": \"/home/sd/.ssh/authorized_keys\",\r\n              \"keyData\":
        \"ssh-rsa AAAAB3NzaC1yc2EAAAADAQABAAABAQCfuU+C2VaBSV21SQ+4DXoHiger4LXrU2z5cN6xCaz+GT+QvERrfeNB1LPwbePhuWr9PetSEmCokfipbCp5YVnF3XeAgScaEVTtN7Rh2KR0iP3DiIzYcys+H8Eap4plCGhPUa38tpWkW6ybca6VpvknSuSdks6f/A1OwkTV5KTmJK8QEjGYMPxUchGEIrRY7CVFEXr8ppmGVV4VO1friWdA82CNaCs33EO4NyoLMeP8W8HrD+Yvq0aZL0Lx/wwugRc/6kJUH03SVRU5olqmYhb3eAMV7sWTOfthe0WgyvBVg6KOfsrKWIFoe7dJWQcvIbtOT6DwzaxLWN7GbHbKNAgl\"\r\n
        \           }\r\n          ]\r\n        },\r\n        \"provisionVMAgent\":
        true,\r\n        \"patchSettings\": {\r\n          \"patchMode\": \"ImageDefault\",\r\n
        \         \"assessmentMode\": \"ImageDefault\"\r\n        }\r\n      },\r\n
        \     \"secrets\": [],\r\n      \"allowExtensionOperations\": true,\r\n      \"requireGuestProvisionSignal\":
        true\r\n    },\r\n    \"networkProfile\": {\"networkInterfaces\":[{\"id\":\"/subscriptions/00000000-0000-0000-0000-000000000000/resourceGroups/clitest.rg000001/providers/Microsoft.Network/networkInterfaces/vm1VMNic\"}]},\r\n
        \   \"provisioningState\": \"Updating\"\r\n  }\r\n}"
    headers:
      azure-asyncnotification:
      - Enabled
      azure-asyncoperation:
      - https://management.azure.com/subscriptions/00000000-0000-0000-0000-000000000000/providers/Microsoft.Compute/locations/westus/operations/c2d709b6-6911-45ab-95fa-3cd6367ff217?p=f31e4741-33e3-4e17-87a9-767b866aff09&api-version=2021-07-01
      cache-control:
      - no-cache
      content-length:
      - '2649'
      content-type:
      - application/json; charset=utf-8
      date:
      - Fri, 08 Oct 2021 11:06:32 GMT
      expires:
      - '-1'
      pragma:
      - no-cache
      server:
      - Microsoft-HTTPAPI/2.0
      - Microsoft-HTTPAPI/2.0
      strict-transport-security:
      - max-age=31536000; includeSubDomains
      transfer-encoding:
      - chunked
      vary:
      - Accept-Encoding
      x-content-type-options:
      - nosniff
      x-ms-ratelimit-remaining-resource:
      - Microsoft.Compute/PutVM3Min;219,Microsoft.Compute/PutVM30Min;1177
      x-ms-ratelimit-remaining-subscription-writes:
      - '1197'
    status:
      code: 200
      message: OK
- request:
    body: null
    headers:
      Accept:
      - '*/*'
      Accept-Encoding:
      - gzip, deflate
      CommandName:
      - vm aem set
      Connection:
      - keep-alive
      ParameterSetName:
      - -g -n --install-new-extension --verbose
      User-Agent:
      - AZURECLI/2.29.0.post20211008075525 azsdk-python-azure-mgmt-compute/23.0.0
        Python/3.8.10 (Linux-5.10.60.1-microsoft-standard-WSL2-x86_64-with-glibc2.29)
    method: GET
    uri: https://management.azure.com/subscriptions/00000000-0000-0000-0000-000000000000/providers/Microsoft.Compute/locations/westus/operations/c2d709b6-6911-45ab-95fa-3cd6367ff217?p=f31e4741-33e3-4e17-87a9-767b866aff09&api-version=2021-07-01
  response:
    body:
      string: "{\r\n  \"startTime\": \"2021-10-08T11:06:30.9841427+00:00\",\r\n  \"endTime\":
        \"2021-10-08T11:06:35.4685252+00:00\",\r\n  \"status\": \"Succeeded\",\r\n
        \ \"name\": \"c2d709b6-6911-45ab-95fa-3cd6367ff217\"\r\n}"
    headers:
      cache-control:
      - no-cache
      content-length:
      - '184'
      content-type:
      - application/json; charset=utf-8
      date:
      - Fri, 08 Oct 2021 11:07:02 GMT
      expires:
      - '-1'
      pragma:
      - no-cache
      server:
      - Microsoft-HTTPAPI/2.0
      - Microsoft-HTTPAPI/2.0
      strict-transport-security:
      - max-age=31536000; includeSubDomains
      transfer-encoding:
      - chunked
      vary:
      - Accept-Encoding
      x-content-type-options:
      - nosniff
      x-ms-ratelimit-remaining-resource:
      - Microsoft.Compute/GetOperation3Min;14977,Microsoft.Compute/GetOperation30Min;29966
    status:
      code: 200
      message: OK
- request:
    body: null
    headers:
      Accept:
      - '*/*'
      Accept-Encoding:
      - gzip, deflate
      CommandName:
      - vm aem set
      Connection:
      - keep-alive
      ParameterSetName:
      - -g -n --install-new-extension --verbose
      User-Agent:
      - AZURECLI/2.29.0.post20211008075525 azsdk-python-azure-mgmt-compute/23.0.0
        Python/3.8.10 (Linux-5.10.60.1-microsoft-standard-WSL2-x86_64-with-glibc2.29)
    method: GET
    uri: https://management.azure.com/subscriptions/00000000-0000-0000-0000-000000000000/resourceGroups/clitest.rg000001/providers/Microsoft.Compute/virtualMachines/vm1?api-version=2021-07-01
  response:
    body:
      string: "{\r\n  \"name\": \"vm1\",\r\n  \"id\": \"/subscriptions/00000000-0000-0000-0000-000000000000/resourceGroups/clitest.rg000001/providers/Microsoft.Compute/virtualMachines/vm1\",\r\n
        \ \"type\": \"Microsoft.Compute/virtualMachines\",\r\n  \"location\": \"westus\",\r\n
        \ \"tags\": {},\r\n  \"identity\": {\r\n    \"type\": \"SystemAssigned\",\r\n
        \   \"principalId\": \"3538443b-c0c2-4ae0-9711-0a6f547d648c\",\r\n    \"tenantId\":
        \"72f988bf-86f1-41af-91ab-2d7cd011db47\"\r\n  },\r\n  \"properties\": {\r\n
        \   \"vmId\": \"7dbb8b2b-5410-40cc-be86-9d7d34e08f71\",\r\n    \"hardwareProfile\":
        {\r\n      \"vmSize\": \"Standard_DS1_v2\"\r\n    },\r\n    \"storageProfile\":
        {\r\n      \"imageReference\": {\r\n        \"publisher\": \"OpenLogic\",\r\n
        \       \"offer\": \"CentOS\",\r\n        \"sku\": \"7.5\",\r\n        \"version\":
        \"latest\",\r\n        \"exactVersion\": \"7.5.201808150\"\r\n      },\r\n
        \     \"osDisk\": {\r\n        \"osType\": \"Linux\",\r\n        \"name\":
        \"os-disk\",\r\n        \"createOption\": \"FromImage\",\r\n        \"caching\":
        \"ReadWrite\",\r\n        \"managedDisk\": {\r\n          \"storageAccountType\":
        \"Premium_LRS\",\r\n          \"id\": \"/subscriptions/00000000-0000-0000-0000-000000000000/resourceGroups/clitest.rg000001/providers/Microsoft.Compute/disks/os-disk\"\r\n
        \       },\r\n        \"diskSizeGB\": 30\r\n      },\r\n      \"dataDisks\":
        []\r\n    },\r\n    \"osProfile\": {\r\n      \"computerName\": \"vm1\",\r\n
        \     \"adminUsername\": \"sd\",\r\n      \"linuxConfiguration\": {\r\n        \"disablePasswordAuthentication\":
        true,\r\n        \"ssh\": {\r\n          \"publicKeys\": [\r\n            {\r\n
        \             \"path\": \"/home/sd/.ssh/authorized_keys\",\r\n              \"keyData\":
        \"ssh-rsa AAAAB3NzaC1yc2EAAAADAQABAAABAQCfuU+C2VaBSV21SQ+4DXoHiger4LXrU2z5cN6xCaz+GT+QvERrfeNB1LPwbePhuWr9PetSEmCokfipbCp5YVnF3XeAgScaEVTtN7Rh2KR0iP3DiIzYcys+H8Eap4plCGhPUa38tpWkW6ybca6VpvknSuSdks6f/A1OwkTV5KTmJK8QEjGYMPxUchGEIrRY7CVFEXr8ppmGVV4VO1friWdA82CNaCs33EO4NyoLMeP8W8HrD+Yvq0aZL0Lx/wwugRc/6kJUH03SVRU5olqmYhb3eAMV7sWTOfthe0WgyvBVg6KOfsrKWIFoe7dJWQcvIbtOT6DwzaxLWN7GbHbKNAgl\"\r\n
        \           }\r\n          ]\r\n        },\r\n        \"provisionVMAgent\":
        true,\r\n        \"patchSettings\": {\r\n          \"patchMode\": \"ImageDefault\",\r\n
        \         \"assessmentMode\": \"ImageDefault\"\r\n        }\r\n      },\r\n
        \     \"secrets\": [],\r\n      \"allowExtensionOperations\": true,\r\n      \"requireGuestProvisionSignal\":
        true\r\n    },\r\n    \"networkProfile\": {\"networkInterfaces\":[{\"id\":\"/subscriptions/00000000-0000-0000-0000-000000000000/resourceGroups/clitest.rg000001/providers/Microsoft.Network/networkInterfaces/vm1VMNic\"}]},\r\n
        \   \"provisioningState\": \"Succeeded\"\r\n  }\r\n}"
    headers:
      cache-control:
      - no-cache
      content-length:
      - '2650'
      content-type:
      - application/json; charset=utf-8
      date:
      - Fri, 08 Oct 2021 11:07:02 GMT
      expires:
      - '-1'
      pragma:
      - no-cache
      server:
      - Microsoft-HTTPAPI/2.0
      - Microsoft-HTTPAPI/2.0
      strict-transport-security:
      - max-age=31536000; includeSubDomains
      transfer-encoding:
      - chunked
      vary:
      - Accept-Encoding
      x-content-type-options:
      - nosniff
      x-ms-ratelimit-remaining-resource:
      - Microsoft.Compute/LowCostGet3Min;3884,Microsoft.Compute/LowCostGet30Min;31861
    status:
      code: 200
      message: OK
- request:
    body: null
    headers:
      Accept:
      - application/json
      Accept-Encoding:
      - gzip, deflate
      CommandName:
      - vm aem set
      Connection:
      - keep-alive
      ParameterSetName:
      - -g -n --install-new-extension --verbose
      User-Agent:
      - python/3.8.10 (Linux-5.10.60.1-microsoft-standard-WSL2-x86_64-with-glibc2.29)
        msrest/0.6.21 msrest_azure/0.6.4 azure-mgmt-authorization/0.61.0 Azure-SDK-For-Python
        AZURECLI/2.29.0.post20211008075525
      accept-language:
      - en-US
    method: GET
    uri: https://management.azure.com/subscriptions/00000000-0000-0000-0000-000000000000/resourceGroups/clitest.rg000001/providers/Microsoft.Authorization/roleAssignments?api-version=2020-04-01-preview
  response:
    body:
      string: '{"value":[{"properties":{"roleDefinitionId":"/subscriptions/00000000-0000-0000-0000-000000000000/providers/Microsoft.Authorization/roleDefinitions/acdd72a7-3385-48ef-bd42-f606fba81ae7","principalId":"5c617d2b-99f8-4c90-98fe-dfe040fa33c1","principalType":"ServicePrincipal","scope":"/","condition":null,"conditionVersion":null,"createdOn":"2018-02-27T19:19:50.2663941Z","updatedOn":"2018-02-27T19:19:50.2663941Z","createdBy":null,"updatedBy":null,"delegatedManagedIdentityResourceId":null,"description":null},"id":"/providers/Microsoft.Authorization/roleAssignments/3e883d24-b106-42ff-ad13-d7bf271b964d","type":"Microsoft.Authorization/roleAssignments","name":"3e883d24-b106-42ff-ad13-d7bf271b964d"},{"properties":{"roleDefinitionId":"/subscriptions/00000000-0000-0000-0000-000000000000/providers/Microsoft.Authorization/roleDefinitions/b24988ac-6180-42a0-ab88-20f7382dd24c","principalId":"4f3619ae-3c0a-4eb7-9c6a-ef3ccabec0dc","principalType":"ServicePrincipal","scope":"/subscriptions/00000000-0000-0000-0000-000000000000","condition":null,"conditionVersion":null,"createdOn":"2020-10-01T14:37:05.4373861Z","updatedOn":"2020-10-01T14:37:05.4373861Z","createdBy":"b2c0743b-7f46-48a2-8ae0-cd98a49daa17","updatedBy":"b2c0743b-7f46-48a2-8ae0-cd98a49daa17","delegatedManagedIdentityResourceId":null,"description":null},"id":"/subscriptions/00000000-0000-0000-0000-000000000000/providers/Microsoft.Authorization/roleAssignments/4fa1ac13-f0b4-465f-85b9-e466ae7c24b1","type":"Microsoft.Authorization/roleAssignments","name":"4fa1ac13-f0b4-465f-85b9-e466ae7c24b1"},{"properties":{"roleDefinitionId":"/subscriptions/00000000-0000-0000-0000-000000000000/providers/Microsoft.Authorization/roleDefinitions/8e3af657-a8ff-443c-a75c-2fe8c4bcb635","principalId":"b2eba440-fa0d-4a29-a374-e6d8ae3a9a84","principalType":"ServicePrincipal","scope":"/subscriptions/00000000-0000-0000-0000-000000000000","condition":null,"conditionVersion":null,"createdOn":"2021-01-11T16:39:28.6243068Z","updatedOn":"2021-01-11T16:39:28.6243068Z","createdBy":"b2c0743b-7f46-48a2-8ae0-cd98a49daa17","updatedBy":"b2c0743b-7f46-48a2-8ae0-cd98a49daa17","delegatedManagedIdentityResourceId":null,"description":null},"id":"/subscriptions/00000000-0000-0000-0000-000000000000/providers/Microsoft.Authorization/roleAssignments/02b25c7e-c62b-4592-a9da-2670fb470043","type":"Microsoft.Authorization/roleAssignments","name":"02b25c7e-c62b-4592-a9da-2670fb470043"},{"properties":{"roleDefinitionId":"/subscriptions/00000000-0000-0000-0000-000000000000/providers/Microsoft.Authorization/roleDefinitions/8e3af657-a8ff-443c-a75c-2fe8c4bcb635","principalId":"92a194c2-f34a-4690-999c-a331cf7ca5a5","principalType":"ServicePrincipal","scope":"/subscriptions/00000000-0000-0000-0000-000000000000","condition":null,"conditionVersion":null,"createdOn":"2020-01-10T10:38:25.1774079Z","updatedOn":"2020-01-10T10:38:25.1774079Z","createdBy":"b2c0743b-7f46-48a2-8ae0-cd98a49daa17","updatedBy":"b2c0743b-7f46-48a2-8ae0-cd98a49daa17","delegatedManagedIdentityResourceId":null,"description":null},"id":"/subscriptions/00000000-0000-0000-0000-000000000000/providers/Microsoft.Authorization/roleAssignments/15f7da34-7e76-40d8-8e9c-d8b2d47c6304","type":"Microsoft.Authorization/roleAssignments","name":"15f7da34-7e76-40d8-8e9c-d8b2d47c6304"},{"properties":{"roleDefinitionId":"/subscriptions/00000000-0000-0000-0000-000000000000/providers/Microsoft.Authorization/roleDefinitions/b24988ac-6180-42a0-ab88-20f7382dd24c","principalId":"f43cf751-068b-41fb-a957-1ce5b7d9a20c","principalType":"ServicePrincipal","scope":"/subscriptions/00000000-0000-0000-0000-000000000000","condition":null,"conditionVersion":null,"createdOn":"2021-02-15T13:26:25.7106753Z","updatedOn":"2021-02-15T13:26:25.7106753Z","createdBy":"b2c0743b-7f46-48a2-8ae0-cd98a49daa17","updatedBy":"b2c0743b-7f46-48a2-8ae0-cd98a49daa17","delegatedManagedIdentityResourceId":null,"description":null},"id":"/subscriptions/00000000-0000-0000-0000-000000000000/providers/Microsoft.Authorization/roleAssignments/c55e2a80-b99c-4b2e-aee8-022839ca390c","type":"Microsoft.Authorization/roleAssignments","name":"c55e2a80-b99c-4b2e-aee8-022839ca390c"},{"properties":{"roleDefinitionId":"/subscriptions/00000000-0000-0000-0000-000000000000/providers/Microsoft.Authorization/roleDefinitions/8e3af657-a8ff-443c-a75c-2fe8c4bcb635","principalId":"aca6d63c-e858-4af8-9177-b93babd0fd9a","principalType":"User","scope":"/subscriptions/00000000-0000-0000-0000-000000000000","condition":null,"conditionVersion":null,"createdOn":"2021-02-23T14:23:42.7192413Z","updatedOn":"2021-02-23T14:23:42.7192413Z","createdBy":"b2c0743b-7f46-48a2-8ae0-cd98a49daa17","updatedBy":"b2c0743b-7f46-48a2-8ae0-cd98a49daa17","delegatedManagedIdentityResourceId":null,"description":null},"id":"/subscriptions/00000000-0000-0000-0000-000000000000/providers/Microsoft.Authorization/roleAssignments/0b8da0ef-a7fb-4ddf-9d78-7ab6cb1a3a68","type":"Microsoft.Authorization/roleAssignments","name":"0b8da0ef-a7fb-4ddf-9d78-7ab6cb1a3a68"},{"properties":{"roleDefinitionId":"/subscriptions/00000000-0000-0000-0000-000000000000/providers/Microsoft.Authorization/roleDefinitions/b24988ac-6180-42a0-ab88-20f7382dd24c","principalId":"75016c42-39a4-460f-83c1-265fbc123eaa","principalType":"ServicePrincipal","scope":"/subscriptions/00000000-0000-0000-0000-000000000000","condition":null,"conditionVersion":null,"createdOn":"2021-03-10T12:47:39.5712459Z","updatedOn":"2021-03-10T12:47:39.5712459Z","createdBy":"aca6d63c-e858-4af8-9177-b93babd0fd9a","updatedBy":"aca6d63c-e858-4af8-9177-b93babd0fd9a","delegatedManagedIdentityResourceId":null,"description":null},"id":"/subscriptions/00000000-0000-0000-0000-000000000000/providers/Microsoft.Authorization/roleAssignments/c358541a-faa9-458b-bbd4-d3aea32fce0a","type":"Microsoft.Authorization/roleAssignments","name":"c358541a-faa9-458b-bbd4-d3aea32fce0a"},{"properties":{"roleDefinitionId":"/subscriptions/00000000-0000-0000-0000-000000000000/providers/Microsoft.Authorization/roleDefinitions/acdd72a7-3385-48ef-bd42-f606fba81ae7","principalId":"ce2366a6-64d7-441b-939c-c9d23f91cccd","principalType":"ServicePrincipal","scope":"/providers/Microsoft.Management/managementGroups/72f988bf-86f1-41af-91ab-2d7cd011db47","condition":null,"conditionVersion":null,"createdOn":"2020-03-12T20:43:06.5941189Z","updatedOn":"2020-03-12T20:43:06.5941189Z","createdBy":"606f48c8-d219-4875-991d-ae6befaf0756","updatedBy":"606f48c8-d219-4875-991d-ae6befaf0756","delegatedManagedIdentityResourceId":null,"description":null},"id":"/providers/Microsoft.Management/managementGroups/72f988bf-86f1-41af-91ab-2d7cd011db47/providers/Microsoft.Authorization/roleAssignments/ad9e2cd7-0ff7-4931-9b17-656c8f17934b","type":"Microsoft.Authorization/roleAssignments","name":"ad9e2cd7-0ff7-4931-9b17-656c8f17934b"}]}'
    headers:
      cache-control:
      - no-cache
      content-length:
      - '6762'
      content-type:
      - application/json; charset=utf-8
      date:
      - Fri, 08 Oct 2021 11:07:03 GMT
      expires:
      - '-1'
      pragma:
      - no-cache
      set-cookie:
      - x-ms-gateway-slice=Production; path=/; secure; samesite=none; httponly
      strict-transport-security:
      - max-age=31536000; includeSubDomains
      transfer-encoding:
      - chunked
      vary:
      - Accept-Encoding
      x-content-type-options:
      - nosniff
    status:
      code: 200
      message: OK
- request:
    body: '{"properties": {"roleDefinitionId": "/subscriptions/00000000-0000-0000-0000-000000000000/resourceGroups/clitest.rg000001/providers/Microsoft.Authorization/roleDefinitions/acdd72a7-3385-48ef-bd42-f606fba81ae7",
      "principalId": "3538443b-c0c2-4ae0-9711-0a6f547d648c"}}'
    headers:
      Accept:
      - application/json
      Accept-Encoding:
      - gzip, deflate
      CommandName:
      - vm aem set
      Connection:
      - keep-alive
      Content-Length:
      - '324'
      Content-Type:
      - application/json; charset=utf-8
      Cookie:
      - x-ms-gateway-slice=Production
      ParameterSetName:
      - -g -n --install-new-extension --verbose
      User-Agent:
      - python/3.8.10 (Linux-5.10.60.1-microsoft-standard-WSL2-x86_64-with-glibc2.29)
        msrest/0.6.21 msrest_azure/0.6.4 azure-mgmt-authorization/0.61.0 Azure-SDK-For-Python
        AZURECLI/2.29.0.post20211008075525
      accept-language:
      - en-US
    method: PUT
    uri: https://management.azure.com/subscriptions/00000000-0000-0000-0000-000000000000/resourceGroups/clitest.rg000001/providers/Microsoft.Authorization/roleAssignments/5f6b9b68-eaf3-3756-bd3b-4a3ce7411248?api-version=2020-04-01-preview
  response:
    body:
      string: '{"properties":{"roleDefinitionId":"/subscriptions/00000000-0000-0000-0000-000000000000/providers/Microsoft.Authorization/roleDefinitions/acdd72a7-3385-48ef-bd42-f606fba81ae7","principalId":"3538443b-c0c2-4ae0-9711-0a6f547d648c","principalType":"ServicePrincipal","scope":"/subscriptions/00000000-0000-0000-0000-000000000000/resourceGroups/clitest.rg000001","condition":null,"conditionVersion":null,"createdOn":"2021-10-08T11:07:04.2201945Z","updatedOn":"2021-10-08T11:07:04.5951909Z","createdBy":null,"updatedBy":"b2c0743b-7f46-48a2-8ae0-cd98a49daa17","delegatedManagedIdentityResourceId":null,"description":null},"id":"/subscriptions/00000000-0000-0000-0000-000000000000/resourceGroups/clitest.rg000001/providers/Microsoft.Authorization/roleAssignments/5f6b9b68-eaf3-3756-bd3b-4a3ce7411248","type":"Microsoft.Authorization/roleAssignments","name":"5f6b9b68-eaf3-3756-bd3b-4a3ce7411248"}'
    headers:
      cache-control:
      - no-cache
      content-length:
      - '1005'
      content-type:
      - application/json; charset=utf-8
      date:
      - Fri, 08 Oct 2021 11:07:05 GMT
      expires:
      - '-1'
      pragma:
      - no-cache
      set-cookie:
      - x-ms-gateway-slice=Production; path=/; secure; samesite=none; httponly
      strict-transport-security:
      - max-age=31536000; includeSubDomains
      x-content-type-options:
      - nosniff
      x-ms-ratelimit-remaining-subscription-writes:
      - '1195'
    status:
      code: 201
      message: Created
- request:
    body: '{"location": "westus", "properties": {"publisher": "Microsoft.AzureCAT.AzureEnhancedMonitoring",
      "type": "MonitorX64Linux", "typeHandlerVersion": "1.0", "autoUpgradeMinorVersion":
      true, "settings": {"system": "SAP", "cfg": []}}}'
    headers:
      Accept:
      - application/json
      Accept-Encoding:
      - gzip, deflate
      CommandName:
      - vm aem set
      Connection:
      - keep-alive
      Content-Length:
      - '228'
      Content-Type:
      - application/json
      ParameterSetName:
      - -g -n --install-new-extension --verbose
      User-Agent:
      - AZURECLI/2.29.0.post20211008075525 azsdk-python-azure-mgmt-compute/23.0.0
        Python/3.8.10 (Linux-5.10.60.1-microsoft-standard-WSL2-x86_64-with-glibc2.29)
    method: PUT
    uri: https://management.azure.com/subscriptions/00000000-0000-0000-0000-000000000000/resourceGroups/clitest.rg000001/providers/Microsoft.Compute/virtualMachines/vm1/extensions/MonitorX64Linux?api-version=2021-07-01
  response:
    body:
      string: "{\r\n  \"name\": \"MonitorX64Linux\",\r\n  \"id\": \"/subscriptions/00000000-0000-0000-0000-000000000000/resourceGroups/clitest.rg000001/providers/Microsoft.Compute/virtualMachines/vm1/extensions/MonitorX64Linux\",\r\n
        \ \"type\": \"Microsoft.Compute/virtualMachines/extensions\",\r\n  \"location\":
        \"westus\",\r\n  \"properties\": {\r\n    \"autoUpgradeMinorVersion\": true,\r\n
        \   \"provisioningState\": \"Creating\",\r\n    \"publisher\": \"Microsoft.AzureCAT.AzureEnhancedMonitoring\",\r\n
        \   \"type\": \"MonitorX64Linux\",\r\n    \"typeHandlerVersion\": \"1.0\",\r\n
        \   \"settings\": {\"system\":\"SAP\",\"cfg\":[]}\r\n  }\r\n}"
    headers:
      azure-asyncnotification:
      - Enabled
      azure-asyncoperation:
      - https://management.azure.com/subscriptions/00000000-0000-0000-0000-000000000000/providers/Microsoft.Compute/locations/westus/operations/dbe76ca5-6bea-4f50-9a42-11bc73694c89?p=f31e4741-33e3-4e17-87a9-767b866aff09&api-version=2021-07-01
      cache-control:
      - no-cache
      content-length:
      - '621'
      content-type:
      - application/json; charset=utf-8
      date:
      - Fri, 08 Oct 2021 11:07:08 GMT
      expires:
      - '-1'
      pragma:
      - no-cache
      server:
      - Microsoft-HTTPAPI/2.0
      - Microsoft-HTTPAPI/2.0
      strict-transport-security:
      - max-age=31536000; includeSubDomains
      x-content-type-options:
      - nosniff
      x-ms-ratelimit-remaining-resource:
      - Microsoft.Compute/UpdateVM3Min;229,Microsoft.Compute/UpdateVM30Min;1187
      x-ms-ratelimit-remaining-subscription-writes:
      - '1196'
    status:
      code: 201
      message: Created
- request:
    body: null
    headers:
      Accept:
      - '*/*'
      Accept-Encoding:
      - gzip, deflate
      CommandName:
      - vm aem set
      Connection:
      - keep-alive
      ParameterSetName:
      - -g -n --install-new-extension --verbose
      User-Agent:
      - AZURECLI/2.29.0.post20211008075525 azsdk-python-azure-mgmt-compute/23.0.0
        Python/3.8.10 (Linux-5.10.60.1-microsoft-standard-WSL2-x86_64-with-glibc2.29)
    method: GET
    uri: https://management.azure.com/subscriptions/00000000-0000-0000-0000-000000000000/providers/Microsoft.Compute/locations/westus/operations/dbe76ca5-6bea-4f50-9a42-11bc73694c89?p=f31e4741-33e3-4e17-87a9-767b866aff09&api-version=2021-07-01
  response:
    body:
      string: "{\r\n  \"startTime\": \"2021-10-08T11:07:08.5622809+00:00\",\r\n  \"endTime\":
        \"2021-10-08T11:07:25.9841253+00:00\",\r\n  \"status\": \"Succeeded\",\r\n
        \ \"name\": \"dbe76ca5-6bea-4f50-9a42-11bc73694c89\"\r\n}"
    headers:
      cache-control:
      - no-cache
      content-length:
      - '184'
      content-type:
      - application/json; charset=utf-8
      date:
      - Fri, 08 Oct 2021 11:07:39 GMT
      expires:
      - '-1'
      pragma:
      - no-cache
      server:
      - Microsoft-HTTPAPI/2.0
      - Microsoft-HTTPAPI/2.0
      strict-transport-security:
      - max-age=31536000; includeSubDomains
      transfer-encoding:
      - chunked
      vary:
      - Accept-Encoding
      x-content-type-options:
      - nosniff
      x-ms-ratelimit-remaining-resource:
      - Microsoft.Compute/GetOperation3Min;14949,Microsoft.Compute/GetOperation30Min;29937
    status:
      code: 200
      message: OK
- request:
    body: null
    headers:
      Accept:
      - '*/*'
      Accept-Encoding:
      - gzip, deflate
      CommandName:
      - vm aem set
      Connection:
      - keep-alive
      ParameterSetName:
      - -g -n --install-new-extension --verbose
      User-Agent:
      - AZURECLI/2.29.0.post20211008075525 azsdk-python-azure-mgmt-compute/23.0.0
        Python/3.8.10 (Linux-5.10.60.1-microsoft-standard-WSL2-x86_64-with-glibc2.29)
    method: GET
    uri: https://management.azure.com/subscriptions/00000000-0000-0000-0000-000000000000/resourceGroups/clitest.rg000001/providers/Microsoft.Compute/virtualMachines/vm1/extensions/MonitorX64Linux?api-version=2021-07-01
  response:
    body:
      string: "{\r\n  \"name\": \"MonitorX64Linux\",\r\n  \"id\": \"/subscriptions/00000000-0000-0000-0000-000000000000/resourceGroups/clitest.rg000001/providers/Microsoft.Compute/virtualMachines/vm1/extensions/MonitorX64Linux\",\r\n
        \ \"type\": \"Microsoft.Compute/virtualMachines/extensions\",\r\n  \"location\":
        \"westus\",\r\n  \"properties\": {\r\n    \"autoUpgradeMinorVersion\": true,\r\n
        \   \"provisioningState\": \"Succeeded\",\r\n    \"publisher\": \"Microsoft.AzureCAT.AzureEnhancedMonitoring\",\r\n
        \   \"type\": \"MonitorX64Linux\",\r\n    \"typeHandlerVersion\": \"1.0\",\r\n
        \   \"settings\": {\"system\":\"SAP\",\"cfg\":[]}\r\n  }\r\n}"
    headers:
      cache-control:
      - no-cache
      content-length:
      - '622'
      content-type:
      - application/json; charset=utf-8
      date:
      - Fri, 08 Oct 2021 11:07:39 GMT
      expires:
      - '-1'
      pragma:
      - no-cache
      server:
      - Microsoft-HTTPAPI/2.0
      - Microsoft-HTTPAPI/2.0
      strict-transport-security:
      - max-age=31536000; includeSubDomains
      transfer-encoding:
      - chunked
      vary:
      - Accept-Encoding
      x-content-type-options:
      - nosniff
      x-ms-ratelimit-remaining-resource:
      - Microsoft.Compute/LowCostGet3Min;3834,Microsoft.Compute/LowCostGet30Min;31810
    status:
      code: 200
      message: OK
- request:
    body: null
    headers:
      Accept:
      - application/json
      Accept-Encoding:
      - gzip, deflate
      CommandName:
      - vm aem verify
      Connection:
      - keep-alive
      ParameterSetName:
      - -g -n --verbose
      User-Agent:
      - AZURECLI/2.29.0.post20211008075525 azsdk-python-azure-mgmt-compute/23.0.0
        Python/3.8.10 (Linux-5.10.60.1-microsoft-standard-WSL2-x86_64-with-glibc2.29)
    method: GET
    uri: https://management.azure.com/subscriptions/00000000-0000-0000-0000-000000000000/resourceGroups/clitest.rg000001/providers/Microsoft.Compute/virtualMachines/vm1?$expand=instanceView&api-version=2021-07-01
  response:
    body:
      string: "{\r\n  \"name\": \"vm1\",\r\n  \"id\": \"/subscriptions/00000000-0000-0000-0000-000000000000/resourceGroups/clitest.rg000001/providers/Microsoft.Compute/virtualMachines/vm1\",\r\n
        \ \"type\": \"Microsoft.Compute/virtualMachines\",\r\n  \"location\": \"westus\",\r\n
        \ \"tags\": {},\r\n  \"identity\": {\r\n    \"type\": \"SystemAssigned\",\r\n
        \   \"principalId\": \"3538443b-c0c2-4ae0-9711-0a6f547d648c\",\r\n    \"tenantId\":
        \"72f988bf-86f1-41af-91ab-2d7cd011db47\"\r\n  },\r\n  \"properties\": {\r\n
        \   \"vmId\": \"7dbb8b2b-5410-40cc-be86-9d7d34e08f71\",\r\n    \"hardwareProfile\":
        {\r\n      \"vmSize\": \"Standard_DS1_v2\"\r\n    },\r\n    \"storageProfile\":
        {\r\n      \"imageReference\": {\r\n        \"publisher\": \"OpenLogic\",\r\n
        \       \"offer\": \"CentOS\",\r\n        \"sku\": \"7.5\",\r\n        \"version\":
        \"latest\",\r\n        \"exactVersion\": \"7.5.201808150\"\r\n      },\r\n
        \     \"osDisk\": {\r\n        \"osType\": \"Linux\",\r\n        \"name\":
        \"os-disk\",\r\n        \"createOption\": \"FromImage\",\r\n        \"caching\":
        \"ReadWrite\",\r\n        \"managedDisk\": {\r\n          \"storageAccountType\":
        \"Premium_LRS\",\r\n          \"id\": \"/subscriptions/00000000-0000-0000-0000-000000000000/resourceGroups/clitest.rg000001/providers/Microsoft.Compute/disks/os-disk\"\r\n
        \       },\r\n        \"diskSizeGB\": 30\r\n      },\r\n      \"dataDisks\":
        []\r\n    },\r\n    \"osProfile\": {\r\n      \"computerName\": \"vm1\",\r\n
        \     \"adminUsername\": \"sd\",\r\n      \"linuxConfiguration\": {\r\n        \"disablePasswordAuthentication\":
        true,\r\n        \"ssh\": {\r\n          \"publicKeys\": [\r\n            {\r\n
        \             \"path\": \"/home/sd/.ssh/authorized_keys\",\r\n              \"keyData\":
        \"ssh-rsa AAAAB3NzaC1yc2EAAAADAQABAAABAQCfuU+C2VaBSV21SQ+4DXoHiger4LXrU2z5cN6xCaz+GT+QvERrfeNB1LPwbePhuWr9PetSEmCokfipbCp5YVnF3XeAgScaEVTtN7Rh2KR0iP3DiIzYcys+H8Eap4plCGhPUa38tpWkW6ybca6VpvknSuSdks6f/A1OwkTV5KTmJK8QEjGYMPxUchGEIrRY7CVFEXr8ppmGVV4VO1friWdA82CNaCs33EO4NyoLMeP8W8HrD+Yvq0aZL0Lx/wwugRc/6kJUH03SVRU5olqmYhb3eAMV7sWTOfthe0WgyvBVg6KOfsrKWIFoe7dJWQcvIbtOT6DwzaxLWN7GbHbKNAgl\"\r\n
        \           }\r\n          ]\r\n        },\r\n        \"provisionVMAgent\":
        true,\r\n        \"patchSettings\": {\r\n          \"patchMode\": \"ImageDefault\",\r\n
        \         \"assessmentMode\": \"ImageDefault\"\r\n        }\r\n      },\r\n
        \     \"secrets\": [],\r\n      \"allowExtensionOperations\": true,\r\n      \"requireGuestProvisionSignal\":
        true\r\n    },\r\n    \"networkProfile\": {\"networkInterfaces\":[{\"id\":\"/subscriptions/00000000-0000-0000-0000-000000000000/resourceGroups/clitest.rg000001/providers/Microsoft.Network/networkInterfaces/vm1VMNic\"}]},\r\n
        \   \"provisioningState\": \"Succeeded\",\r\n    \"instanceView\": {\r\n      \"computerName\":
        \"vm1\",\r\n      \"osName\": \"centos\",\r\n      \"osVersion\": \"7.5.1804\",\r\n
        \     \"vmAgent\": {\r\n        \"vmAgentVersion\": \"2.4.0.2\",\r\n        \"statuses\":
        [\r\n          {\r\n            \"code\": \"ProvisioningState/succeeded\",\r\n
        \           \"level\": \"Info\",\r\n            \"displayStatus\": \"Ready\",\r\n
        \           \"message\": \"Guest Agent is running\",\r\n            \"time\":
        \"2021-10-08T11:07:22+00:00\"\r\n          }\r\n        ],\r\n        \"extensionHandlers\":
        [\r\n          {\r\n            \"type\": \"Microsoft.AzureCAT.AzureEnhancedMonitoring.MonitorX64Linux\",\r\n
        \           \"typeHandlerVersion\": \"1.0.0.87\",\r\n            \"status\":
        {\r\n              \"code\": \"ProvisioningState/succeeded\",\r\n              \"level\":
        \"Info\",\r\n              \"displayStatus\": \"Ready\",\r\n              \"message\":
        \"Plugin enabled\"\r\n            }\r\n          }\r\n        ]\r\n      },\r\n
        \     \"disks\": [\r\n        {\r\n          \"name\": \"os-disk\",\r\n          \"statuses\":
        [\r\n            {\r\n              \"code\": \"ProvisioningState/succeeded\",\r\n
        \             \"level\": \"Info\",\r\n              \"displayStatus\": \"Provisioning
        succeeded\",\r\n              \"time\": \"2021-10-08T11:05:12.4216601+00:00\"\r\n
        \           }\r\n          ]\r\n        }\r\n      ],\r\n      \"extensions\":
        [\r\n        {\r\n          \"name\": \"MonitorX64Linux\",\r\n          \"type\":
        \"Microsoft.AzureCAT.AzureEnhancedMonitoring.MonitorX64Linux\",\r\n          \"typeHandlerVersion\":
        \"1.0.0.87\",\r\n          \"substatuses\": [\r\n            {\r\n              \"code\":
        \"ComponentStatus/metrics/succeeded\",\r\n              \"level\": \"Info\",\r\n
        \             \"displayStatus\": \"Provisioning succeeded\",\r\n              \"message\":
        \"<?xml version=\\\"1.0\\\" encoding=\\\"utf-8\\\"?>\\n<metrics>\\n  <metric
        category=\\\"config\\\" context=\\\"vm\\\" type=\\\"int64\\\" unit=\\\"none\\\"
        last-refresh=\\\"1633691234\\\" refresh-interval=\\\"60\\\">\\n    <name>Provider
        Health Status</name>\\n    <value>8</value>\\n  </metric>\\n  <metric category=\\\"config\\\"
        context=\\\"vm\\\" type=\\\"string\\\" unit=\\\"none\\\" last-refresh=\\\"1633691238\\\"
        refresh-interval=\\\"60\\\">\\n    <name>Provider Health Description</name>\\n
        \   <value>OK</value>\\n  </metric>\\n  <metric category=\\\"config\\\" context=\\\"vm\\\"
        type=\\\"string\\\" unit=\\\"none\\\" last-refresh=\\\"1633691234\\\" refresh-interval=\\\"0\\\">\\n
        \   <name>Data Provider Version</name>\\n    <value>1.0.0.87 (rel)</value>\\n
        \ </metric>\\n  <metric category=\\\"config\\\" context=\\\"host\\\" type=\\\"string\\\"
        unit=\\\"none\\\" last-refresh=\\\"1633691234\\\" refresh-interval=\\\"0\\\">\\n
        \   <name>Cloud Provider</name>\\n    <value>Microsoft Azure</value>\\n  </metric>\\n
        \ <metric category=\\\"cpu\\\" context=\\\"host\\\" type=\\\"string\\\" unit=\\\"none\\\"
        last-refresh=\\\"1633691234\\\" refresh-interval=\\\"0\\\">\\n    <name>Processor
        Type</name>\\n    <value> Intel(R) Xeon(R) Platinum 8171M CPU @ 2.60GHz</value>\\n
        \ </metric>\\n  <metric category=\\\"cpu\\\" context=\\\"host\\\" type=\\\"int64\\\"
        unit=\\\"MHz\\\" last-refresh=\\\"1633691234\\\" refresh-interval=\\\"0\\\">\\n
        \   <name>Max. HW frequency</name>\\n    <value>2095</value>\\n  </metric>\\n
        \ <metric category=\\\"cpu\\\" context=\\\"host\\\" type=\\\"int64\\\" unit=\\\"MHz\\\"
        last-refresh=\\\"1633691234\\\" refresh-interval=\\\"0\\\">\\n    <name>Current
        HW frequency</name>\\n    <value>2095</value>\\n  </metric>\\n  <metric category=\\\"config\\\"
        context=\\\"host\\\" type=\\\"string\\\" unit=\\\"none\\\" last-refresh=\\\"1633691235\\\"
        refresh-interval=\\\"0\\\">\\n    <name>Virtualization Solution</name>\\n
        \   <value>AzurePublicCloud</value>\\n  </metric>\\n  <metric category=\\\"config\\\"
        context=\\\"host\\\" type=\\\"string\\\" unit=\\\"none\\\" last-refresh=\\\"1633691235\\\"
        refresh-interval=\\\"0\\\">\\n    <name>Virtualization Solution Version</name>\\n
        \   <value>7.5.201808150</value>\\n  </metric>\\n  <metric category=\\\"config\\\"
        context=\\\"host\\\" type=\\\"string\\\" unit=\\\"none\\\" last-refresh=\\\"1633691235\\\"
        refresh-interval=\\\"0\\\">\\n    <name>Hardware Manufacturer</name>\\n    <value>Microsoft
        Corporation</value>\\n  </metric>\\n  <metric category=\\\"config\\\" context=\\\"vm\\\"
        type=\\\"string\\\" unit=\\\"none\\\" last-refresh=\\\"1633691235\\\" refresh-interval=\\\"0\\\">\\n
        \   <name>Host Identifier</name>\\n    <value>00224803FE58</value>\\n  </metric>\\n
        \ <metric category=\\\"config\\\" context=\\\"vm\\\" type=\\\"string\\\" unit=\\\"none\\\"
        last-refresh=\\\"1633691236\\\" refresh-interval=\\\"0\\\">\\n    <name>Instance
        Type</name>\\n    <value>Standard_DS1_v2</value>\\n  </metric>\\n  <metric
        category=\\\"config\\\" context=\\\"host\\\" type=\\\"string\\\" unit=\\\"none\\\"
        last-refresh=\\\"1633691236\\\" refresh-interval=\\\"0\\\">\\n    <name>Hardware
        Model</name>\\n    <value>Virtual Machine</value>\\n  </metric>\\n  <metric
        category=\\\"config\\\" context=\\\"vm\\\" type=\\\"string\\\" unit=\\\"none\\\"
        last-refresh=\\\"1633691236\\\" refresh-interval=\\\"0\\\">\\n    <name>VM
        Identifier</name>\\n    <value>7dbb8b2b-5410-40cc-be86-9d7d34e08f71</value>\\n
        \ </metric>\\n  <metric category=\\\"config\\\" context=\\\"vm\\\" type=\\\"string\\\"
        unit=\\\"none\\\" last-refresh=\\\"1633691236\\\" refresh-interval=\\\"0\\\">\\n
        \   <name>CPU Over-Provisioning</name>\\n    <value>no</value>\\n  </metric>\\n
        \ <metric category=\\\"config\\\" context=\\\"vm\\\" type=\\\"string\\\" unit=\\\"none\\\"
        last-refresh=\\\"1633691236\\\" refresh-interval=\\\"0\\\">\\n    <name>Memory
        Over-Provisioning</name>\\n    <value>no</value>\\n  </metric>\\n  <metric
        category=\\\"cpu\\\" context=\\\"vm\\\" type=\\\"double\\\" unit=\\\"CU\\\"
        last-refresh=\\\"1633691236\\\" refresh-interval=\\\"0\\\">\\n    <name>Phys.
        Processing Power per vCPU</name>\\n    <value>2.10</value>\\n  </metric>\\n
        \ <metric category=\\\"cpu\\\" context=\\\"vm\\\" type=\\\"string\\\" unit=\\\"none\\\"
        last-refresh=\\\"1633691236\\\" refresh-interval=\\\"0\\\">\\n    <name>Reference
        Compute Unit [CU]</name>\\n    <value>Single vCPU of the Standard_A1 VM</value>\\n
        \ </metric>\\n  <metric category=\\\"cpu\\\" context=\\\"host\\\" type=\\\"int64\\\"
        unit=\\\"none\\\" last-refresh=\\\"1633691236\\\" refresh-interval=\\\"0\\\">\\n
        \   <name>Number of Threads per Core</name>\\n    <value>1</value>\\n  </metric>\\n
        \ <metric category=\\\"disk\\\" context=\\\"vm\\\" type=\\\"int64\\\" unit=\\\"OpsPerSec\\\"
        last-refresh=\\\"1633691236\\\" refresh-interval=\\\"0\\\">\\n    <name>Max
        VM IOps</name>\\n    <value>3200</value>\\n  </metric>\\n  <metric category=\\\"disk\\\"
        context=\\\"vm\\\" type=\\\"int64\\\" unit=\\\"Bps\\\" last-refresh=\\\"1633691236\\\"
        refresh-interval=\\\"0\\\">\\n    <name>Max VM Throughput</name>\\n    <value>50331648</value>\\n
        \ </metric>\\n  <metric category=\\\"cpu\\\" context=\\\"vm\\\" type=\\\"double\\\"
        unit=\\\"CU\\\" last-refresh=\\\"1633691236\\\" refresh-interval=\\\"0\\\">\\n
        \   <name>Guaranteed VM Processing Power</name>\\n    <value>2.10</value>\\n
        \ </metric>\\n  <metric category=\\\"cpu\\\" context=\\\"vm\\\" type=\\\"double\\\"
        unit=\\\"CU\\\" last-refresh=\\\"1633691236\\\" refresh-interval=\\\"0\\\">\\n
        \   <name>Current VM Processing Power</name>\\n    <value>2.10</value>\\n
        \ </metric>\\n  <metric category=\\\"cpu\\\" context=\\\"vm\\\" type=\\\"double\\\"
        unit=\\\"CU\\\" last-refresh=\\\"1633691236\\\" refresh-interval=\\\"0\\\">\\n
        \   <name>Max. VM Processing Power</name>\\n    <value>2.10</value>\\n  </metric>\\n
        \ <metric category=\\\"disk\\\" context=\\\"vm\\\" type=\\\"string\\\" unit=\\\"none\\\"
        last-refresh=\\\"1633691236\\\" refresh-interval=\\\"0\\\" device-id=\\\"osDisk\\\">\\n
        \   <name>Volume ID</name>\\n    <value>os-disk</value>\\n  </metric>\\n  <metric
        category=\\\"disk\\\" context=\\\"vm\\\" type=\\\"string\\\" unit=\\\"none\\\"
        last-refresh=\\\"1633691236\\\" refresh-interval=\\\"0\\\" device-id=\\\"osDisk\\\">\\n
        \   <name>Mapping</name>\\n    <value>sda</value>\\n  </metric>\\n  <metric
        category=\\\"disk\\\" context=\\\"vm\\\" type=\\\"string\\\" unit=\\\"none\\\"
        last-refresh=\\\"1633691236\\\" refresh-interval=\\\"0\\\" device-id=\\\"osDisk\\\">\\n
        \   <name>Caching</name>\\n    <value>ReadWrite</value>\\n  </metric>\\n  <metric
        category=\\\"disk\\\" context=\\\"vm\\\" type=\\\"string\\\" unit=\\\"none\\\"
        last-refresh=\\\"1633691236\\\" refresh-interval=\\\"0\\\" device-id=\\\"osDisk\\\">\\n
        \   <name>Volume Type</name>\\n    <value>Premium_LRS</value>\\n  </metric>\\n
        \ <metric category=\\\"disk\\\" context=\\\"vm\\\" type=\\\"int64\\\" unit=\\\"OpsPerSec\\\"
        last-refresh=\\\"1633691236\\\" refresh-interval=\\\"0\\\" device-id=\\\"osDisk\\\">\\n
        \   <name>Max IOps</name>\\n    <value>120</value>\\n  </metric>\\n  <metric
        category=\\\"disk\\\" context=\\\"vm\\\" type=\\\"int64\\\" unit=\\\"Bps\\\"
        last-refresh=\\\"1633691236\\\" refresh-interval=\\\"0\\\" device-id=\\\"osDisk\\\">\\n
        \   <name>Max Throughput</name>\\n    <value>25000000</value>\\n  </metric>\\n
        \ <metric category=\\\"network\\\" context=\\\"vm\\\" type=\\\"string\\\"
        unit=\\\"none\\\" last-refresh=\\\"1633691236\\\" refresh-interval=\\\"0\\\"
        device-id=\\\"nic_0\\\">\\n    <name>Adapter ID</name>\\n    <value>nic_0</value>\\n
        \ </metric>\\n  <metric category=\\\"network\\\" context=\\\"vm\\\" type=\\\"string\\\"
        unit=\\\"none\\\" last-refresh=\\\"1633691236\\\" refresh-interval=\\\"0\\\"
        device-id=\\\"nic_0\\\">\\n    <name>Mapping</name>\\n    <value>eth0</value>\\n
        \ </metric>\\n  <metric category=\\\"network\\\" context=\\\"vm\\\" type=\\\"int64\\\"
        unit=\\\"none\\\" last-refresh=\\\"1633691236\\\" refresh-interval=\\\"0\\\"
        device-id=\\\"nic_0\\\">\\n    <name>Health Indicator</name>\\n    <value>8</value>\\n
        \ </metric>\\n  <metric category=\\\"memory\\\" context=\\\"vm\\\" type=\\\"double\\\"
        unit=\\\"Percent\\\" last-refresh=\\\"1633691236\\\" refresh-interval=\\\"60\\\">\\n
        \   <name>Memory Consumption</name>\\n    <value>5.0</value>\\n  </metric>\\n</metrics>\"\r\n
        \           }\r\n          ],\r\n          \"statuses\": [\r\n            {\r\n
        \             \"code\": \"ProvisioningState/succeeded\",\r\n              \"level\":
        \"Info\",\r\n              \"displayStatus\": \"Provisioning succeeded\",\r\n
        \             \"message\": \"command: -enable, health: OK\"\r\n            }\r\n
        \         ]\r\n        }\r\n      ],\r\n      \"hyperVGeneration\": \"V1\",\r\n
        \     \"statuses\": [\r\n        {\r\n          \"code\": \"ProvisioningState/succeeded\",\r\n
        \         \"level\": \"Info\",\r\n          \"displayStatus\": \"Provisioning
        succeeded\",\r\n          \"time\": \"2021-10-08T11:07:25.9841253+00:00\"\r\n
        \       },\r\n        {\r\n          \"code\": \"PowerState/running\",\r\n
        \         \"level\": \"Info\",\r\n          \"displayStatus\": \"VM running\"\r\n
        \       }\r\n      ]\r\n    }\r\n  },\r\n  \"resources\": [\r\n    {\r\n      \"name\":
        \"MonitorX64Linux\",\r\n      \"id\": \"/subscriptions/00000000-0000-0000-0000-000000000000/resourceGroups/clitest.rg000001/providers/Microsoft.Compute/virtualMachines/vm1/extensions/MonitorX64Linux\",\r\n
        \     \"type\": \"Microsoft.Compute/virtualMachines/extensions\",\r\n      \"location\":
        \"westus\",\r\n      \"properties\": {\r\n        \"autoUpgradeMinorVersion\":
        true,\r\n        \"provisioningState\": \"Succeeded\",\r\n        \"publisher\":
        \"Microsoft.AzureCAT.AzureEnhancedMonitoring\",\r\n        \"type\": \"MonitorX64Linux\",\r\n
        \       \"typeHandlerVersion\": \"1.0\",\r\n        \"settings\": {\"system\":\"SAP\",\"cfg\":[]}\r\n
        \     }\r\n    }\r\n  ]\r\n}"
    headers:
      cache-control:
      - no-cache
      content-length:
      - '13049'
      content-type:
      - application/json; charset=utf-8
      date:
      - Fri, 08 Oct 2021 11:07:39 GMT
      expires:
      - '-1'
      pragma:
      - no-cache
      server:
      - Microsoft-HTTPAPI/2.0
      - Microsoft-HTTPAPI/2.0
      strict-transport-security:
      - max-age=31536000; includeSubDomains
      transfer-encoding:
      - chunked
      vary:
      - Accept-Encoding
      x-content-type-options:
      - nosniff
      x-ms-ratelimit-remaining-resource:
      - Microsoft.Compute/LowCostGet3Min;3832,Microsoft.Compute/LowCostGet30Min;31808
    status:
      code: 200
      message: OK
- request:
    body: null
    headers:
      Accept:
      - application/json
      Accept-Encoding:
      - gzip, deflate
      CommandName:
      - vm aem verify
      Connection:
      - keep-alive
      ParameterSetName:
      - -g -n --verbose
      User-Agent:
      - python/3.8.10 (Linux-5.10.60.1-microsoft-standard-WSL2-x86_64-with-glibc2.29)
        msrest/0.6.21 msrest_azure/0.6.4 azure-mgmt-authorization/0.61.0 Azure-SDK-For-Python
        AZURECLI/2.29.0.post20211008075525
      accept-language:
      - en-US
    method: GET
    uri: https://management.azure.com/subscriptions/00000000-0000-0000-0000-000000000000/resourceGroups/clitest.rg000001/providers/Microsoft.Authorization/roleAssignments?api-version=2020-04-01-preview
  response:
    body:
      string: '{"value":[{"properties":{"roleDefinitionId":"/subscriptions/00000000-0000-0000-0000-000000000000/providers/Microsoft.Authorization/roleDefinitions/acdd72a7-3385-48ef-bd42-f606fba81ae7","principalId":"3538443b-c0c2-4ae0-9711-0a6f547d648c","principalType":"ServicePrincipal","scope":"/subscriptions/00000000-0000-0000-0000-000000000000/resourceGroups/clitest.rg000001","condition":null,"conditionVersion":null,"createdOn":"2021-10-08T11:07:05.4389157Z","updatedOn":"2021-10-08T11:07:05.4389157Z","createdBy":"b2c0743b-7f46-48a2-8ae0-cd98a49daa17","updatedBy":"b2c0743b-7f46-48a2-8ae0-cd98a49daa17","delegatedManagedIdentityResourceId":null,"description":null},"id":"/subscriptions/00000000-0000-0000-0000-000000000000/resourceGroups/clitest.rg000001/providers/Microsoft.Authorization/roleAssignments/5f6b9b68-eaf3-3756-bd3b-4a3ce7411248","type":"Microsoft.Authorization/roleAssignments","name":"5f6b9b68-eaf3-3756-bd3b-4a3ce7411248"},{"properties":{"roleDefinitionId":"/subscriptions/00000000-0000-0000-0000-000000000000/providers/Microsoft.Authorization/roleDefinitions/acdd72a7-3385-48ef-bd42-f606fba81ae7","principalId":"5c617d2b-99f8-4c90-98fe-dfe040fa33c1","principalType":"ServicePrincipal","scope":"/","condition":null,"conditionVersion":null,"createdOn":"2018-02-27T19:19:50.2663941Z","updatedOn":"2018-02-27T19:19:50.2663941Z","createdBy":null,"updatedBy":null,"delegatedManagedIdentityResourceId":null,"description":null},"id":"/providers/Microsoft.Authorization/roleAssignments/3e883d24-b106-42ff-ad13-d7bf271b964d","type":"Microsoft.Authorization/roleAssignments","name":"3e883d24-b106-42ff-ad13-d7bf271b964d"},{"properties":{"roleDefinitionId":"/subscriptions/00000000-0000-0000-0000-000000000000/providers/Microsoft.Authorization/roleDefinitions/b24988ac-6180-42a0-ab88-20f7382dd24c","principalId":"4f3619ae-3c0a-4eb7-9c6a-ef3ccabec0dc","principalType":"ServicePrincipal","scope":"/subscriptions/00000000-0000-0000-0000-000000000000","condition":null,"conditionVersion":null,"createdOn":"2020-10-01T14:37:05.4373861Z","updatedOn":"2020-10-01T14:37:05.4373861Z","createdBy":"b2c0743b-7f46-48a2-8ae0-cd98a49daa17","updatedBy":"b2c0743b-7f46-48a2-8ae0-cd98a49daa17","delegatedManagedIdentityResourceId":null,"description":null},"id":"/subscriptions/00000000-0000-0000-0000-000000000000/providers/Microsoft.Authorization/roleAssignments/4fa1ac13-f0b4-465f-85b9-e466ae7c24b1","type":"Microsoft.Authorization/roleAssignments","name":"4fa1ac13-f0b4-465f-85b9-e466ae7c24b1"},{"properties":{"roleDefinitionId":"/subscriptions/00000000-0000-0000-0000-000000000000/providers/Microsoft.Authorization/roleDefinitions/8e3af657-a8ff-443c-a75c-2fe8c4bcb635","principalId":"b2eba440-fa0d-4a29-a374-e6d8ae3a9a84","principalType":"ServicePrincipal","scope":"/subscriptions/00000000-0000-0000-0000-000000000000","condition":null,"conditionVersion":null,"createdOn":"2021-01-11T16:39:28.6243068Z","updatedOn":"2021-01-11T16:39:28.6243068Z","createdBy":"b2c0743b-7f46-48a2-8ae0-cd98a49daa17","updatedBy":"b2c0743b-7f46-48a2-8ae0-cd98a49daa17","delegatedManagedIdentityResourceId":null,"description":null},"id":"/subscriptions/00000000-0000-0000-0000-000000000000/providers/Microsoft.Authorization/roleAssignments/02b25c7e-c62b-4592-a9da-2670fb470043","type":"Microsoft.Authorization/roleAssignments","name":"02b25c7e-c62b-4592-a9da-2670fb470043"},{"properties":{"roleDefinitionId":"/subscriptions/00000000-0000-0000-0000-000000000000/providers/Microsoft.Authorization/roleDefinitions/8e3af657-a8ff-443c-a75c-2fe8c4bcb635","principalId":"92a194c2-f34a-4690-999c-a331cf7ca5a5","principalType":"ServicePrincipal","scope":"/subscriptions/00000000-0000-0000-0000-000000000000","condition":null,"conditionVersion":null,"createdOn":"2020-01-10T10:38:25.1774079Z","updatedOn":"2020-01-10T10:38:25.1774079Z","createdBy":"b2c0743b-7f46-48a2-8ae0-cd98a49daa17","updatedBy":"b2c0743b-7f46-48a2-8ae0-cd98a49daa17","delegatedManagedIdentityResourceId":null,"description":null},"id":"/subscriptions/00000000-0000-0000-0000-000000000000/providers/Microsoft.Authorization/roleAssignments/15f7da34-7e76-40d8-8e9c-d8b2d47c6304","type":"Microsoft.Authorization/roleAssignments","name":"15f7da34-7e76-40d8-8e9c-d8b2d47c6304"},{"properties":{"roleDefinitionId":"/subscriptions/00000000-0000-0000-0000-000000000000/providers/Microsoft.Authorization/roleDefinitions/b24988ac-6180-42a0-ab88-20f7382dd24c","principalId":"f43cf751-068b-41fb-a957-1ce5b7d9a20c","principalType":"ServicePrincipal","scope":"/subscriptions/00000000-0000-0000-0000-000000000000","condition":null,"conditionVersion":null,"createdOn":"2021-02-15T13:26:25.7106753Z","updatedOn":"2021-02-15T13:26:25.7106753Z","createdBy":"b2c0743b-7f46-48a2-8ae0-cd98a49daa17","updatedBy":"b2c0743b-7f46-48a2-8ae0-cd98a49daa17","delegatedManagedIdentityResourceId":null,"description":null},"id":"/subscriptions/00000000-0000-0000-0000-000000000000/providers/Microsoft.Authorization/roleAssignments/c55e2a80-b99c-4b2e-aee8-022839ca390c","type":"Microsoft.Authorization/roleAssignments","name":"c55e2a80-b99c-4b2e-aee8-022839ca390c"},{"properties":{"roleDefinitionId":"/subscriptions/00000000-0000-0000-0000-000000000000/providers/Microsoft.Authorization/roleDefinitions/8e3af657-a8ff-443c-a75c-2fe8c4bcb635","principalId":"aca6d63c-e858-4af8-9177-b93babd0fd9a","principalType":"User","scope":"/subscriptions/00000000-0000-0000-0000-000000000000","condition":null,"conditionVersion":null,"createdOn":"2021-02-23T14:23:42.7192413Z","updatedOn":"2021-02-23T14:23:42.7192413Z","createdBy":"b2c0743b-7f46-48a2-8ae0-cd98a49daa17","updatedBy":"b2c0743b-7f46-48a2-8ae0-cd98a49daa17","delegatedManagedIdentityResourceId":null,"description":null},"id":"/subscriptions/00000000-0000-0000-0000-000000000000/providers/Microsoft.Authorization/roleAssignments/0b8da0ef-a7fb-4ddf-9d78-7ab6cb1a3a68","type":"Microsoft.Authorization/roleAssignments","name":"0b8da0ef-a7fb-4ddf-9d78-7ab6cb1a3a68"},{"properties":{"roleDefinitionId":"/subscriptions/00000000-0000-0000-0000-000000000000/providers/Microsoft.Authorization/roleDefinitions/b24988ac-6180-42a0-ab88-20f7382dd24c","principalId":"75016c42-39a4-460f-83c1-265fbc123eaa","principalType":"ServicePrincipal","scope":"/subscriptions/00000000-0000-0000-0000-000000000000","condition":null,"conditionVersion":null,"createdOn":"2021-03-10T12:47:39.5712459Z","updatedOn":"2021-03-10T12:47:39.5712459Z","createdBy":"aca6d63c-e858-4af8-9177-b93babd0fd9a","updatedBy":"aca6d63c-e858-4af8-9177-b93babd0fd9a","delegatedManagedIdentityResourceId":null,"description":null},"id":"/subscriptions/00000000-0000-0000-0000-000000000000/providers/Microsoft.Authorization/roleAssignments/c358541a-faa9-458b-bbd4-d3aea32fce0a","type":"Microsoft.Authorization/roleAssignments","name":"c358541a-faa9-458b-bbd4-d3aea32fce0a"},{"properties":{"roleDefinitionId":"/subscriptions/00000000-0000-0000-0000-000000000000/providers/Microsoft.Authorization/roleDefinitions/acdd72a7-3385-48ef-bd42-f606fba81ae7","principalId":"ce2366a6-64d7-441b-939c-c9d23f91cccd","principalType":"ServicePrincipal","scope":"/providers/Microsoft.Management/managementGroups/72f988bf-86f1-41af-91ab-2d7cd011db47","condition":null,"conditionVersion":null,"createdOn":"2020-03-12T20:43:06.5941189Z","updatedOn":"2020-03-12T20:43:06.5941189Z","createdBy":"606f48c8-d219-4875-991d-ae6befaf0756","updatedBy":"606f48c8-d219-4875-991d-ae6befaf0756","delegatedManagedIdentityResourceId":null,"description":null},"id":"/providers/Microsoft.Management/managementGroups/72f988bf-86f1-41af-91ab-2d7cd011db47/providers/Microsoft.Authorization/roleAssignments/ad9e2cd7-0ff7-4931-9b17-656c8f17934b","type":"Microsoft.Authorization/roleAssignments","name":"ad9e2cd7-0ff7-4931-9b17-656c8f17934b"}]}'
    headers:
      cache-control:
      - no-cache
      content-length:
      - '7802'
      content-type:
      - application/json; charset=utf-8
      date:
      - Fri, 08 Oct 2021 11:07:39 GMT
      expires:
      - '-1'
      pragma:
      - no-cache
      set-cookie:
      - x-ms-gateway-slice=Production; path=/; secure; samesite=none; httponly
      strict-transport-security:
      - max-age=31536000; includeSubDomains
      transfer-encoding:
      - chunked
      vary:
      - Accept-Encoding
      x-content-type-options:
      - nosniff
    status:
      code: 200
      message: OK
- request:
    body: null
    headers:
      Accept:
      - application/json
      Accept-Encoding:
      - gzip, deflate
      CommandName:
      - vm aem delete
      Connection:
      - keep-alive
      ParameterSetName:
      - -g -n --verbose
      User-Agent:
      - AZURECLI/2.29.0.post20211008075525 azsdk-python-azure-mgmt-compute/23.0.0
        Python/3.8.10 (Linux-5.10.60.1-microsoft-standard-WSL2-x86_64-with-glibc2.29)
    method: GET
    uri: https://management.azure.com/subscriptions/00000000-0000-0000-0000-000000000000/resourceGroups/clitest.rg000001/providers/Microsoft.Compute/virtualMachines/vm1?$expand=instanceView&api-version=2021-07-01
  response:
    body:
      string: "{\r\n  \"name\": \"vm1\",\r\n  \"id\": \"/subscriptions/00000000-0000-0000-0000-000000000000/resourceGroups/clitest.rg000001/providers/Microsoft.Compute/virtualMachines/vm1\",\r\n
        \ \"type\": \"Microsoft.Compute/virtualMachines\",\r\n  \"location\": \"westus\",\r\n
        \ \"tags\": {},\r\n  \"identity\": {\r\n    \"type\": \"SystemAssigned\",\r\n
        \   \"principalId\": \"3538443b-c0c2-4ae0-9711-0a6f547d648c\",\r\n    \"tenantId\":
        \"72f988bf-86f1-41af-91ab-2d7cd011db47\"\r\n  },\r\n  \"properties\": {\r\n
        \   \"vmId\": \"7dbb8b2b-5410-40cc-be86-9d7d34e08f71\",\r\n    \"hardwareProfile\":
        {\r\n      \"vmSize\": \"Standard_DS1_v2\"\r\n    },\r\n    \"storageProfile\":
        {\r\n      \"imageReference\": {\r\n        \"publisher\": \"OpenLogic\",\r\n
        \       \"offer\": \"CentOS\",\r\n        \"sku\": \"7.5\",\r\n        \"version\":
        \"latest\",\r\n        \"exactVersion\": \"7.5.201808150\"\r\n      },\r\n
        \     \"osDisk\": {\r\n        \"osType\": \"Linux\",\r\n        \"name\":
        \"os-disk\",\r\n        \"createOption\": \"FromImage\",\r\n        \"caching\":
        \"ReadWrite\",\r\n        \"managedDisk\": {\r\n          \"storageAccountType\":
        \"Premium_LRS\",\r\n          \"id\": \"/subscriptions/00000000-0000-0000-0000-000000000000/resourceGroups/clitest.rg000001/providers/Microsoft.Compute/disks/os-disk\"\r\n
        \       },\r\n        \"diskSizeGB\": 30\r\n      },\r\n      \"dataDisks\":
        []\r\n    },\r\n    \"osProfile\": {\r\n      \"computerName\": \"vm1\",\r\n
        \     \"adminUsername\": \"sd\",\r\n      \"linuxConfiguration\": {\r\n        \"disablePasswordAuthentication\":
        true,\r\n        \"ssh\": {\r\n          \"publicKeys\": [\r\n            {\r\n
        \             \"path\": \"/home/sd/.ssh/authorized_keys\",\r\n              \"keyData\":
        \"ssh-rsa AAAAB3NzaC1yc2EAAAADAQABAAABAQCfuU+C2VaBSV21SQ+4DXoHiger4LXrU2z5cN6xCaz+GT+QvERrfeNB1LPwbePhuWr9PetSEmCokfipbCp5YVnF3XeAgScaEVTtN7Rh2KR0iP3DiIzYcys+H8Eap4plCGhPUa38tpWkW6ybca6VpvknSuSdks6f/A1OwkTV5KTmJK8QEjGYMPxUchGEIrRY7CVFEXr8ppmGVV4VO1friWdA82CNaCs33EO4NyoLMeP8W8HrD+Yvq0aZL0Lx/wwugRc/6kJUH03SVRU5olqmYhb3eAMV7sWTOfthe0WgyvBVg6KOfsrKWIFoe7dJWQcvIbtOT6DwzaxLWN7GbHbKNAgl\"\r\n
        \           }\r\n          ]\r\n        },\r\n        \"provisionVMAgent\":
        true,\r\n        \"patchSettings\": {\r\n          \"patchMode\": \"ImageDefault\",\r\n
        \         \"assessmentMode\": \"ImageDefault\"\r\n        }\r\n      },\r\n
        \     \"secrets\": [],\r\n      \"allowExtensionOperations\": true,\r\n      \"requireGuestProvisionSignal\":
        true\r\n    },\r\n    \"networkProfile\": {\"networkInterfaces\":[{\"id\":\"/subscriptions/00000000-0000-0000-0000-000000000000/resourceGroups/clitest.rg000001/providers/Microsoft.Network/networkInterfaces/vm1VMNic\"}]},\r\n
        \   \"provisioningState\": \"Succeeded\",\r\n    \"instanceView\": {\r\n      \"computerName\":
        \"vm1\",\r\n      \"osName\": \"centos\",\r\n      \"osVersion\": \"7.5.1804\",\r\n
        \     \"vmAgent\": {\r\n        \"vmAgentVersion\": \"2.4.0.2\",\r\n        \"statuses\":
        [\r\n          {\r\n            \"code\": \"ProvisioningState/succeeded\",\r\n
        \           \"level\": \"Info\",\r\n            \"displayStatus\": \"Ready\",\r\n
        \           \"message\": \"Guest Agent is running\",\r\n            \"time\":
        \"2021-10-08T11:07:22+00:00\"\r\n          }\r\n        ],\r\n        \"extensionHandlers\":
        [\r\n          {\r\n            \"type\": \"Microsoft.AzureCAT.AzureEnhancedMonitoring.MonitorX64Linux\",\r\n
        \           \"typeHandlerVersion\": \"1.0.0.87\",\r\n            \"status\":
        {\r\n              \"code\": \"ProvisioningState/succeeded\",\r\n              \"level\":
        \"Info\",\r\n              \"displayStatus\": \"Ready\",\r\n              \"message\":
        \"Plugin enabled\"\r\n            }\r\n          }\r\n        ]\r\n      },\r\n
        \     \"disks\": [\r\n        {\r\n          \"name\": \"os-disk\",\r\n          \"statuses\":
        [\r\n            {\r\n              \"code\": \"ProvisioningState/succeeded\",\r\n
        \             \"level\": \"Info\",\r\n              \"displayStatus\": \"Provisioning
        succeeded\",\r\n              \"time\": \"2021-10-08T11:05:12.4216601+00:00\"\r\n
        \           }\r\n          ]\r\n        }\r\n      ],\r\n      \"extensions\":
        [\r\n        {\r\n          \"name\": \"MonitorX64Linux\",\r\n          \"type\":
        \"Microsoft.AzureCAT.AzureEnhancedMonitoring.MonitorX64Linux\",\r\n          \"typeHandlerVersion\":
        \"1.0.0.87\",\r\n          \"substatuses\": [\r\n            {\r\n              \"code\":
        \"ComponentStatus/metrics/succeeded\",\r\n              \"level\": \"Info\",\r\n
        \             \"displayStatus\": \"Provisioning succeeded\",\r\n              \"message\":
        \"<?xml version=\\\"1.0\\\" encoding=\\\"utf-8\\\"?>\\n<metrics>\\n  <metric
        category=\\\"config\\\" context=\\\"vm\\\" type=\\\"int64\\\" unit=\\\"none\\\"
        last-refresh=\\\"1633691234\\\" refresh-interval=\\\"60\\\">\\n    <name>Provider
        Health Status</name>\\n    <value>8</value>\\n  </metric>\\n  <metric category=\\\"config\\\"
        context=\\\"vm\\\" type=\\\"string\\\" unit=\\\"none\\\" last-refresh=\\\"1633691238\\\"
        refresh-interval=\\\"60\\\">\\n    <name>Provider Health Description</name>\\n
        \   <value>OK</value>\\n  </metric>\\n  <metric category=\\\"config\\\" context=\\\"vm\\\"
        type=\\\"string\\\" unit=\\\"none\\\" last-refresh=\\\"1633691234\\\" refresh-interval=\\\"0\\\">\\n
        \   <name>Data Provider Version</name>\\n    <value>1.0.0.87 (rel)</value>\\n
        \ </metric>\\n  <metric category=\\\"config\\\" context=\\\"host\\\" type=\\\"string\\\"
        unit=\\\"none\\\" last-refresh=\\\"1633691234\\\" refresh-interval=\\\"0\\\">\\n
        \   <name>Cloud Provider</name>\\n    <value>Microsoft Azure</value>\\n  </metric>\\n
        \ <metric category=\\\"cpu\\\" context=\\\"host\\\" type=\\\"string\\\" unit=\\\"none\\\"
        last-refresh=\\\"1633691234\\\" refresh-interval=\\\"0\\\">\\n    <name>Processor
        Type</name>\\n    <value> Intel(R) Xeon(R) Platinum 8171M CPU @ 2.60GHz</value>\\n
        \ </metric>\\n  <metric category=\\\"cpu\\\" context=\\\"host\\\" type=\\\"int64\\\"
        unit=\\\"MHz\\\" last-refresh=\\\"1633691234\\\" refresh-interval=\\\"0\\\">\\n
        \   <name>Max. HW frequency</name>\\n    <value>2095</value>\\n  </metric>\\n
        \ <metric category=\\\"cpu\\\" context=\\\"host\\\" type=\\\"int64\\\" unit=\\\"MHz\\\"
        last-refresh=\\\"1633691234\\\" refresh-interval=\\\"0\\\">\\n    <name>Current
        HW frequency</name>\\n    <value>2095</value>\\n  </metric>\\n  <metric category=\\\"config\\\"
        context=\\\"host\\\" type=\\\"string\\\" unit=\\\"none\\\" last-refresh=\\\"1633691235\\\"
        refresh-interval=\\\"0\\\">\\n    <name>Virtualization Solution</name>\\n
        \   <value>AzurePublicCloud</value>\\n  </metric>\\n  <metric category=\\\"config\\\"
        context=\\\"host\\\" type=\\\"string\\\" unit=\\\"none\\\" last-refresh=\\\"1633691235\\\"
        refresh-interval=\\\"0\\\">\\n    <name>Virtualization Solution Version</name>\\n
        \   <value>7.5.201808150</value>\\n  </metric>\\n  <metric category=\\\"config\\\"
        context=\\\"host\\\" type=\\\"string\\\" unit=\\\"none\\\" last-refresh=\\\"1633691235\\\"
        refresh-interval=\\\"0\\\">\\n    <name>Hardware Manufacturer</name>\\n    <value>Microsoft
        Corporation</value>\\n  </metric>\\n  <metric category=\\\"config\\\" context=\\\"vm\\\"
        type=\\\"string\\\" unit=\\\"none\\\" last-refresh=\\\"1633691235\\\" refresh-interval=\\\"0\\\">\\n
        \   <name>Host Identifier</name>\\n    <value>00224803FE58</value>\\n  </metric>\\n
        \ <metric category=\\\"config\\\" context=\\\"vm\\\" type=\\\"string\\\" unit=\\\"none\\\"
        last-refresh=\\\"1633691236\\\" refresh-interval=\\\"0\\\">\\n    <name>Instance
        Type</name>\\n    <value>Standard_DS1_v2</value>\\n  </metric>\\n  <metric
        category=\\\"config\\\" context=\\\"host\\\" type=\\\"string\\\" unit=\\\"none\\\"
        last-refresh=\\\"1633691236\\\" refresh-interval=\\\"0\\\">\\n    <name>Hardware
        Model</name>\\n    <value>Virtual Machine</value>\\n  </metric>\\n  <metric
        category=\\\"config\\\" context=\\\"vm\\\" type=\\\"string\\\" unit=\\\"none\\\"
        last-refresh=\\\"1633691236\\\" refresh-interval=\\\"0\\\">\\n    <name>VM
        Identifier</name>\\n    <value>7dbb8b2b-5410-40cc-be86-9d7d34e08f71</value>\\n
        \ </metric>\\n  <metric category=\\\"config\\\" context=\\\"vm\\\" type=\\\"string\\\"
        unit=\\\"none\\\" last-refresh=\\\"1633691236\\\" refresh-interval=\\\"0\\\">\\n
        \   <name>CPU Over-Provisioning</name>\\n    <value>no</value>\\n  </metric>\\n
        \ <metric category=\\\"config\\\" context=\\\"vm\\\" type=\\\"string\\\" unit=\\\"none\\\"
        last-refresh=\\\"1633691236\\\" refresh-interval=\\\"0\\\">\\n    <name>Memory
        Over-Provisioning</name>\\n    <value>no</value>\\n  </metric>\\n  <metric
        category=\\\"cpu\\\" context=\\\"vm\\\" type=\\\"double\\\" unit=\\\"CU\\\"
        last-refresh=\\\"1633691236\\\" refresh-interval=\\\"0\\\">\\n    <name>Phys.
        Processing Power per vCPU</name>\\n    <value>2.10</value>\\n  </metric>\\n
        \ <metric category=\\\"cpu\\\" context=\\\"vm\\\" type=\\\"string\\\" unit=\\\"none\\\"
        last-refresh=\\\"1633691236\\\" refresh-interval=\\\"0\\\">\\n    <name>Reference
        Compute Unit [CU]</name>\\n    <value>Single vCPU of the Standard_A1 VM</value>\\n
        \ </metric>\\n  <metric category=\\\"cpu\\\" context=\\\"host\\\" type=\\\"int64\\\"
        unit=\\\"none\\\" last-refresh=\\\"1633691236\\\" refresh-interval=\\\"0\\\">\\n
        \   <name>Number of Threads per Core</name>\\n    <value>1</value>\\n  </metric>\\n
        \ <metric category=\\\"disk\\\" context=\\\"vm\\\" type=\\\"int64\\\" unit=\\\"OpsPerSec\\\"
        last-refresh=\\\"1633691236\\\" refresh-interval=\\\"0\\\">\\n    <name>Max
        VM IOps</name>\\n    <value>3200</value>\\n  </metric>\\n  <metric category=\\\"disk\\\"
        context=\\\"vm\\\" type=\\\"int64\\\" unit=\\\"Bps\\\" last-refresh=\\\"1633691236\\\"
        refresh-interval=\\\"0\\\">\\n    <name>Max VM Throughput</name>\\n    <value>50331648</value>\\n
        \ </metric>\\n  <metric category=\\\"cpu\\\" context=\\\"vm\\\" type=\\\"double\\\"
        unit=\\\"CU\\\" last-refresh=\\\"1633691236\\\" refresh-interval=\\\"0\\\">\\n
        \   <name>Guaranteed VM Processing Power</name>\\n    <value>2.10</value>\\n
        \ </metric>\\n  <metric category=\\\"cpu\\\" context=\\\"vm\\\" type=\\\"double\\\"
        unit=\\\"CU\\\" last-refresh=\\\"1633691236\\\" refresh-interval=\\\"0\\\">\\n
        \   <name>Current VM Processing Power</name>\\n    <value>2.10</value>\\n
        \ </metric>\\n  <metric category=\\\"cpu\\\" context=\\\"vm\\\" type=\\\"double\\\"
        unit=\\\"CU\\\" last-refresh=\\\"1633691236\\\" refresh-interval=\\\"0\\\">\\n
        \   <name>Max. VM Processing Power</name>\\n    <value>2.10</value>\\n  </metric>\\n
        \ <metric category=\\\"disk\\\" context=\\\"vm\\\" type=\\\"string\\\" unit=\\\"none\\\"
        last-refresh=\\\"1633691236\\\" refresh-interval=\\\"0\\\" device-id=\\\"osDisk\\\">\\n
        \   <name>Volume ID</name>\\n    <value>os-disk</value>\\n  </metric>\\n  <metric
        category=\\\"disk\\\" context=\\\"vm\\\" type=\\\"string\\\" unit=\\\"none\\\"
        last-refresh=\\\"1633691236\\\" refresh-interval=\\\"0\\\" device-id=\\\"osDisk\\\">\\n
        \   <name>Mapping</name>\\n    <value>sda</value>\\n  </metric>\\n  <metric
        category=\\\"disk\\\" context=\\\"vm\\\" type=\\\"string\\\" unit=\\\"none\\\"
        last-refresh=\\\"1633691236\\\" refresh-interval=\\\"0\\\" device-id=\\\"osDisk\\\">\\n
        \   <name>Caching</name>\\n    <value>ReadWrite</value>\\n  </metric>\\n  <metric
        category=\\\"disk\\\" context=\\\"vm\\\" type=\\\"string\\\" unit=\\\"none\\\"
        last-refresh=\\\"1633691236\\\" refresh-interval=\\\"0\\\" device-id=\\\"osDisk\\\">\\n
        \   <name>Volume Type</name>\\n    <value>Premium_LRS</value>\\n  </metric>\\n
        \ <metric category=\\\"disk\\\" context=\\\"vm\\\" type=\\\"int64\\\" unit=\\\"OpsPerSec\\\"
        last-refresh=\\\"1633691236\\\" refresh-interval=\\\"0\\\" device-id=\\\"osDisk\\\">\\n
        \   <name>Max IOps</name>\\n    <value>120</value>\\n  </metric>\\n  <metric
        category=\\\"disk\\\" context=\\\"vm\\\" type=\\\"int64\\\" unit=\\\"Bps\\\"
        last-refresh=\\\"1633691236\\\" refresh-interval=\\\"0\\\" device-id=\\\"osDisk\\\">\\n
        \   <name>Max Throughput</name>\\n    <value>25000000</value>\\n  </metric>\\n
        \ <metric category=\\\"network\\\" context=\\\"vm\\\" type=\\\"string\\\"
        unit=\\\"none\\\" last-refresh=\\\"1633691236\\\" refresh-interval=\\\"0\\\"
        device-id=\\\"nic_0\\\">\\n    <name>Adapter ID</name>\\n    <value>nic_0</value>\\n
        \ </metric>\\n  <metric category=\\\"network\\\" context=\\\"vm\\\" type=\\\"string\\\"
        unit=\\\"none\\\" last-refresh=\\\"1633691236\\\" refresh-interval=\\\"0\\\"
        device-id=\\\"nic_0\\\">\\n    <name>Mapping</name>\\n    <value>eth0</value>\\n
        \ </metric>\\n  <metric category=\\\"network\\\" context=\\\"vm\\\" type=\\\"int64\\\"
        unit=\\\"none\\\" last-refresh=\\\"1633691236\\\" refresh-interval=\\\"0\\\"
        device-id=\\\"nic_0\\\">\\n    <name>Health Indicator</name>\\n    <value>8</value>\\n
        \ </metric>\\n  <metric category=\\\"memory\\\" context=\\\"vm\\\" type=\\\"double\\\"
        unit=\\\"Percent\\\" last-refresh=\\\"1633691236\\\" refresh-interval=\\\"60\\\">\\n
        \   <name>Memory Consumption</name>\\n    <value>5.0</value>\\n  </metric>\\n</metrics>\"\r\n
        \           }\r\n          ],\r\n          \"statuses\": [\r\n            {\r\n
        \             \"code\": \"ProvisioningState/succeeded\",\r\n              \"level\":
        \"Info\",\r\n              \"displayStatus\": \"Provisioning succeeded\",\r\n
        \             \"message\": \"command: -enable, health: OK\"\r\n            }\r\n
        \         ]\r\n        }\r\n      ],\r\n      \"hyperVGeneration\": \"V1\",\r\n
        \     \"statuses\": [\r\n        {\r\n          \"code\": \"ProvisioningState/succeeded\",\r\n
        \         \"level\": \"Info\",\r\n          \"displayStatus\": \"Provisioning
        succeeded\",\r\n          \"time\": \"2021-10-08T11:07:25.9841253+00:00\"\r\n
        \       },\r\n        {\r\n          \"code\": \"PowerState/running\",\r\n
        \         \"level\": \"Info\",\r\n          \"displayStatus\": \"VM running\"\r\n
        \       }\r\n      ]\r\n    }\r\n  },\r\n  \"resources\": [\r\n    {\r\n      \"name\":
        \"MonitorX64Linux\",\r\n      \"id\": \"/subscriptions/00000000-0000-0000-0000-000000000000/resourceGroups/clitest.rg000001/providers/Microsoft.Compute/virtualMachines/vm1/extensions/MonitorX64Linux\",\r\n
        \     \"type\": \"Microsoft.Compute/virtualMachines/extensions\",\r\n      \"location\":
        \"westus\",\r\n      \"properties\": {\r\n        \"autoUpgradeMinorVersion\":
        true,\r\n        \"provisioningState\": \"Succeeded\",\r\n        \"publisher\":
        \"Microsoft.AzureCAT.AzureEnhancedMonitoring\",\r\n        \"type\": \"MonitorX64Linux\",\r\n
        \       \"typeHandlerVersion\": \"1.0\",\r\n        \"settings\": {\"system\":\"SAP\",\"cfg\":[]}\r\n
        \     }\r\n    }\r\n  ]\r\n}"
    headers:
      cache-control:
      - no-cache
      content-length:
      - '13049'
      content-type:
      - application/json; charset=utf-8
      date:
      - Fri, 08 Oct 2021 11:07:40 GMT
      expires:
      - '-1'
      pragma:
      - no-cache
      server:
      - Microsoft-HTTPAPI/2.0
      - Microsoft-HTTPAPI/2.0
      strict-transport-security:
      - max-age=31536000; includeSubDomains
      transfer-encoding:
      - chunked
      vary:
      - Accept-Encoding
      x-content-type-options:
      - nosniff
      x-ms-ratelimit-remaining-resource:
      - Microsoft.Compute/LowCostGet3Min;3831,Microsoft.Compute/LowCostGet30Min;31807
    status:
      code: 200
      message: OK
- request:
    body: null
    headers:
      Accept:
      - '*/*'
      Accept-Encoding:
      - gzip, deflate
      CommandName:
      - vm aem delete
      Connection:
      - keep-alive
      Content-Length:
      - '0'
      ParameterSetName:
      - -g -n --verbose
      User-Agent:
      - AZURECLI/2.29.0.post20211008075525 azsdk-python-azure-mgmt-compute/23.0.0
        Python/3.8.10 (Linux-5.10.60.1-microsoft-standard-WSL2-x86_64-with-glibc2.29)
    method: DELETE
    uri: https://management.azure.com/subscriptions/00000000-0000-0000-0000-000000000000/resourceGroups/clitest.rg000001/providers/Microsoft.Compute/virtualMachines/vm1/extensions/MonitorX64Linux?api-version=2021-07-01
  response:
    body:
      string: ''
    headers:
      azure-asyncnotification:
      - Enabled
      azure-asyncoperation:
      - https://management.azure.com/subscriptions/00000000-0000-0000-0000-000000000000/providers/Microsoft.Compute/locations/westus/operations/9b5c333c-73df-4323-a185-176c05f602e6?p=f31e4741-33e3-4e17-87a9-767b866aff09&api-version=2021-07-01
      cache-control:
      - no-cache
      content-length:
      - '0'
      date:
      - Fri, 08 Oct 2021 11:07:42 GMT
      expires:
      - '-1'
      location:
      - https://management.azure.com/subscriptions/00000000-0000-0000-0000-000000000000/providers/Microsoft.Compute/locations/westus/operations/9b5c333c-73df-4323-a185-176c05f602e6?p=f31e4741-33e3-4e17-87a9-767b866aff09&monitor=true&api-version=2021-07-01
      pragma:
      - no-cache
      server:
      - Microsoft-HTTPAPI/2.0
      - Microsoft-HTTPAPI/2.0
      strict-transport-security:
      - max-age=31536000; includeSubDomains
      x-content-type-options:
      - nosniff
      x-ms-ratelimit-remaining-resource:
      - Microsoft.Compute/UpdateVM3Min;221,Microsoft.Compute/UpdateVM30Min;1179
      x-ms-ratelimit-remaining-subscription-deletes:
      - '14999'
    status:
      code: 202
      message: Accepted
- request:
    body: null
    headers:
      Accept:
      - '*/*'
      Accept-Encoding:
      - gzip, deflate
      CommandName:
      - vm aem delete
      Connection:
      - keep-alive
      ParameterSetName:
      - -g -n --verbose
      User-Agent:
      - AZURECLI/2.29.0.post20211008075525 azsdk-python-azure-mgmt-compute/23.0.0
        Python/3.8.10 (Linux-5.10.60.1-microsoft-standard-WSL2-x86_64-with-glibc2.29)
    method: GET
    uri: https://management.azure.com/subscriptions/00000000-0000-0000-0000-000000000000/providers/Microsoft.Compute/locations/westus/operations/9b5c333c-73df-4323-a185-176c05f602e6?p=f31e4741-33e3-4e17-87a9-767b866aff09&api-version=2021-07-01
  response:
    body:
      string: "{\r\n  \"startTime\": \"2021-10-08T11:07:42.4216564+00:00\",\r\n  \"endTime\":
        \"2021-10-08T11:07:56.390422+00:00\",\r\n  \"status\": \"Succeeded\",\r\n
        \ \"name\": \"9b5c333c-73df-4323-a185-176c05f602e6\"\r\n}"
    headers:
      cache-control:
      - no-cache
      content-length:
      - '183'
      content-type:
      - application/json; charset=utf-8
      date:
      - Fri, 08 Oct 2021 11:08:12 GMT
      expires:
      - '-1'
      pragma:
      - no-cache
      server:
      - Microsoft-HTTPAPI/2.0
      - Microsoft-HTTPAPI/2.0
      strict-transport-security:
      - max-age=31536000; includeSubDomains
      transfer-encoding:
      - chunked
      vary:
      - Accept-Encoding
      x-content-type-options:
      - nosniff
      x-ms-ratelimit-remaining-resource:
      - Microsoft.Compute/GetOperation3Min;14935,Microsoft.Compute/GetOperation30Min;29919
    status:
      code: 200
      message: OK
- request:
    body: null
    headers:
      Accept:
      - application/json
      Accept-Encoding:
      - gzip, deflate
      CommandName:
      - vm aem verify
      Connection:
      - keep-alive
      ParameterSetName:
      - -g -n --verbose
      User-Agent:
      - AZURECLI/2.29.0.post20211008075525 azsdk-python-azure-mgmt-compute/23.0.0
        Python/3.8.10 (Linux-5.10.60.1-microsoft-standard-WSL2-x86_64-with-glibc2.29)
    method: GET
    uri: https://management.azure.com/subscriptions/00000000-0000-0000-0000-000000000000/resourceGroups/clitest.rg000001/providers/Microsoft.Compute/virtualMachines/vm1?$expand=instanceView&api-version=2021-07-01
  response:
    body:
      string: "{\r\n  \"name\": \"vm1\",\r\n  \"id\": \"/subscriptions/00000000-0000-0000-0000-000000000000/resourceGroups/clitest.rg000001/providers/Microsoft.Compute/virtualMachines/vm1\",\r\n
        \ \"type\": \"Microsoft.Compute/virtualMachines\",\r\n  \"location\": \"westus\",\r\n
        \ \"tags\": {},\r\n  \"identity\": {\r\n    \"type\": \"SystemAssigned\",\r\n
        \   \"principalId\": \"3538443b-c0c2-4ae0-9711-0a6f547d648c\",\r\n    \"tenantId\":
        \"72f988bf-86f1-41af-91ab-2d7cd011db47\"\r\n  },\r\n  \"properties\": {\r\n
        \   \"vmId\": \"7dbb8b2b-5410-40cc-be86-9d7d34e08f71\",\r\n    \"hardwareProfile\":
        {\r\n      \"vmSize\": \"Standard_DS1_v2\"\r\n    },\r\n    \"storageProfile\":
        {\r\n      \"imageReference\": {\r\n        \"publisher\": \"OpenLogic\",\r\n
        \       \"offer\": \"CentOS\",\r\n        \"sku\": \"7.5\",\r\n        \"version\":
        \"latest\",\r\n        \"exactVersion\": \"7.5.201808150\"\r\n      },\r\n
        \     \"osDisk\": {\r\n        \"osType\": \"Linux\",\r\n        \"name\":
        \"os-disk\",\r\n        \"createOption\": \"FromImage\",\r\n        \"caching\":
        \"ReadWrite\",\r\n        \"managedDisk\": {\r\n          \"storageAccountType\":
        \"Premium_LRS\",\r\n          \"id\": \"/subscriptions/00000000-0000-0000-0000-000000000000/resourceGroups/clitest.rg000001/providers/Microsoft.Compute/disks/os-disk\"\r\n
        \       },\r\n        \"diskSizeGB\": 30\r\n      },\r\n      \"dataDisks\":
        []\r\n    },\r\n    \"osProfile\": {\r\n      \"computerName\": \"vm1\",\r\n
        \     \"adminUsername\": \"sd\",\r\n      \"linuxConfiguration\": {\r\n        \"disablePasswordAuthentication\":
        true,\r\n        \"ssh\": {\r\n          \"publicKeys\": [\r\n            {\r\n
        \             \"path\": \"/home/sd/.ssh/authorized_keys\",\r\n              \"keyData\":
        \"ssh-rsa AAAAB3NzaC1yc2EAAAADAQABAAABAQCfuU+C2VaBSV21SQ+4DXoHiger4LXrU2z5cN6xCaz+GT+QvERrfeNB1LPwbePhuWr9PetSEmCokfipbCp5YVnF3XeAgScaEVTtN7Rh2KR0iP3DiIzYcys+H8Eap4plCGhPUa38tpWkW6ybca6VpvknSuSdks6f/A1OwkTV5KTmJK8QEjGYMPxUchGEIrRY7CVFEXr8ppmGVV4VO1friWdA82CNaCs33EO4NyoLMeP8W8HrD+Yvq0aZL0Lx/wwugRc/6kJUH03SVRU5olqmYhb3eAMV7sWTOfthe0WgyvBVg6KOfsrKWIFoe7dJWQcvIbtOT6DwzaxLWN7GbHbKNAgl\"\r\n
        \           }\r\n          ]\r\n        },\r\n        \"provisionVMAgent\":
        true,\r\n        \"patchSettings\": {\r\n          \"patchMode\": \"ImageDefault\",\r\n
        \         \"assessmentMode\": \"ImageDefault\"\r\n        }\r\n      },\r\n
        \     \"secrets\": [],\r\n      \"allowExtensionOperations\": true,\r\n      \"requireGuestProvisionSignal\":
        true\r\n    },\r\n    \"networkProfile\": {\"networkInterfaces\":[{\"id\":\"/subscriptions/00000000-0000-0000-0000-000000000000/resourceGroups/clitest.rg000001/providers/Microsoft.Network/networkInterfaces/vm1VMNic\"}]},\r\n
        \   \"provisioningState\": \"Succeeded\",\r\n    \"instanceView\": {\r\n      \"computerName\":
        \"vm1\",\r\n      \"osName\": \"centos\",\r\n      \"osVersion\": \"7.5.1804\",\r\n
        \     \"vmAgent\": {\r\n        \"vmAgentVersion\": \"2.4.0.2\",\r\n        \"statuses\":
        [\r\n          {\r\n            \"code\": \"ProvisioningState/succeeded\",\r\n
        \           \"level\": \"Info\",\r\n            \"displayStatus\": \"Ready\",\r\n
        \           \"message\": \"Guest Agent is running\",\r\n            \"time\":
        \"2021-10-08T11:07:50+00:00\"\r\n          }\r\n        ],\r\n        \"extensionHandlers\":
        []\r\n      },\r\n      \"disks\": [\r\n        {\r\n          \"name\": \"os-disk\",\r\n
        \         \"statuses\": [\r\n            {\r\n              \"code\": \"ProvisioningState/succeeded\",\r\n
        \             \"level\": \"Info\",\r\n              \"displayStatus\": \"Provisioning
        succeeded\",\r\n              \"time\": \"2021-10-08T11:05:12.4216601+00:00\"\r\n
        \           }\r\n          ]\r\n        }\r\n      ],\r\n      \"hyperVGeneration\":
        \"V1\",\r\n      \"statuses\": [\r\n        {\r\n          \"code\": \"ProvisioningState/succeeded\",\r\n
        \         \"level\": \"Info\",\r\n          \"displayStatus\": \"Provisioning
        succeeded\",\r\n          \"time\": \"2021-10-08T11:07:56.3747871+00:00\"\r\n
        \       },\r\n        {\r\n          \"code\": \"PowerState/running\",\r\n
        \         \"level\": \"Info\",\r\n          \"displayStatus\": \"VM running\"\r\n
        \       }\r\n      ]\r\n    }\r\n  }\r\n}"
    headers:
      cache-control:
      - no-cache
      content-length:
      - '3908'
      content-type:
      - application/json; charset=utf-8
      date:
      - Fri, 08 Oct 2021 11:08:12 GMT
      expires:
      - '-1'
      pragma:
      - no-cache
      server:
      - Microsoft-HTTPAPI/2.0
      - Microsoft-HTTPAPI/2.0
      strict-transport-security:
      - max-age=31536000; includeSubDomains
      transfer-encoding:
      - chunked
      vary:
      - Accept-Encoding
      x-content-type-options:
      - nosniff
      x-ms-ratelimit-remaining-resource:
      - Microsoft.Compute/LowCostGet3Min;3813,Microsoft.Compute/LowCostGet30Min;31779
    status:
      code: 200
      message: OK
version: 1
