interactions:
- request:
    body: null
    headers:
      Accept:
      - application/json
      Accept-Encoding:
      - gzip, deflate
      CommandName:
      - vm create
      Connection:
      - keep-alive
      ParameterSetName:
      - -g -n --os-disk-name --image --generate-ssh-keys
      User-Agent:
      - python/3.6.9 (Linux-4.19.128-microsoft-standard-x86_64-with-Ubuntu-18.04-bionic)
        msrest/0.6.19 msrest_azure/0.6.4 azure-mgmt-resource/10.3.0 Azure-SDK-For-Python
        AZURECLI/2.17.0
      accept-language:
      - en-US
    method: GET
    uri: https://management.azure.com/subscriptions/00000000-0000-0000-0000-000000000000/resourcegroups/clitest.rg000001?api-version=2020-06-01
  response:
    body:
      string: '{"id":"/subscriptions/00000000-0000-0000-0000-000000000000/resourceGroups/clitest.rg000001","name":"clitest.rg000001","type":"Microsoft.Resources/resourceGroups","location":"westus","tags":{"product":"azurecli","cause":"automation","date":"2021-01-15T11:08:27Z"},"properties":{"provisioningState":"Succeeded"}}'
    headers:
      cache-control:
      - no-cache
      content-length:
      - '428'
      content-type:
      - application/json; charset=utf-8
      date:
      - Fri, 15 Jan 2021 11:08:32 GMT
      expires:
      - '-1'
      pragma:
      - no-cache
      strict-transport-security:
      - max-age=31536000; includeSubDomains
      vary:
      - Accept-Encoding
      x-content-type-options:
      - nosniff
    status:
      code: 200
      message: OK
- request:
    body: null
    headers:
      Accept:
      - application/json
      Accept-Encoding:
      - gzip, deflate
      CommandName:
      - vm create
      Connection:
      - keep-alive
      ParameterSetName:
      - -g -n --os-disk-name --image --generate-ssh-keys
      User-Agent:
      - AZURECLI/2.17.0 azsdk-python-azure-mgmt-compute/18.0.0 Python/3.6.9 (Linux-4.19.128-microsoft-standard-x86_64-with-Ubuntu-18.04-bionic)
    method: GET
    uri: https://management.azure.com/subscriptions/00000000-0000-0000-0000-000000000000/providers/Microsoft.Compute/locations/westus/publishers/SUSE/artifacttypes/vmimage/offers/sles-15-sp2/skus/gen2/versions?$top=1&$orderby=name%20desc&api-version=2020-06-01
  response:
    body:
      string: "[\r\n  {\r\n    \"location\": \"westus\",\r\n    \"name\": \"2020.12.10\",\r\n
        \   \"id\": \"/Subscriptions/00000000-0000-0000-0000-000000000000/Providers/Microsoft.Compute/Locations/westus/Publishers/SUSE/ArtifactTypes/VMImage/Offers/sles-15-sp2/Skus/gen2/Versions/2020.12.10\"\r\n
        \ }\r\n]"
    headers:
      cache-control:
      - no-cache
      content-length:
      - '265'
      content-type:
      - application/json; charset=utf-8
      date:
      - Fri, 15 Jan 2021 11:08:34 GMT
      expires:
      - '-1'
      pragma:
      - no-cache
      server:
      - Microsoft-HTTPAPI/2.0
      - Microsoft-HTTPAPI/2.0
      strict-transport-security:
      - max-age=31536000; includeSubDomains
      transfer-encoding:
      - chunked
      vary:
      - Accept-Encoding
      x-content-type-options:
      - nosniff
    status:
      code: 200
      message: OK
- request:
    body: null
    headers:
      Accept:
      - application/json
      Accept-Encoding:
      - gzip, deflate
      CommandName:
      - vm create
      Connection:
      - keep-alive
      ParameterSetName:
      - -g -n --os-disk-name --image --generate-ssh-keys
      User-Agent:
      - AZURECLI/2.17.0 azsdk-python-azure-mgmt-compute/18.0.0 Python/3.6.9 (Linux-4.19.128-microsoft-standard-x86_64-with-Ubuntu-18.04-bionic)
    method: GET
    uri: https://management.azure.com/subscriptions/00000000-0000-0000-0000-000000000000/providers/Microsoft.Compute/locations/westus/publishers/SUSE/artifacttypes/vmimage/offers/sles-15-sp2/skus/gen2/versions/2020.12.10?api-version=2020-06-01
  response:
    body:
      string: "{\r\n  \"properties\": {\r\n    \"hyperVGeneration\": \"V2\",\r\n    \"replicaType\":
        \"Unmanaged\",\r\n    \"disallowed\": {\r\n      \"vmDiskType\": \"Unmanaged\"\r\n
        \   },\r\n    \"automaticOSUpgradeProperties\": {\r\n      \"automaticOSUpgradeSupported\":
        false\r\n    },\r\n    \"osDiskImage\": {\r\n      \"operatingSystem\": \"Linux\",\r\n
        \     \"sizeInGb\": 30,\r\n      \"sizeInBytes\": 32212255232\r\n    },\r\n
        \   \"dataDiskImages\": []\r\n  },\r\n  \"location\": \"westus\",\r\n  \"name\":
        \"2020.12.10\",\r\n  \"id\": \"/Subscriptions/00000000-0000-0000-0000-000000000000/Providers/Microsoft.Compute/Locations/westus/Publishers/SUSE/ArtifactTypes/VMImage/Offers/sles-15-sp2/Skus/gen2/Versions/2020.12.10\"\r\n}"
    headers:
      cache-control:
      - no-cache
      content-length:
      - '639'
      content-type:
      - application/json; charset=utf-8
      date:
      - Fri, 15 Jan 2021 11:08:35 GMT
      expires:
      - '-1'
      pragma:
      - no-cache
      server:
      - Microsoft-HTTPAPI/2.0
      - Microsoft-HTTPAPI/2.0
      strict-transport-security:
      - max-age=31536000; includeSubDomains
      transfer-encoding:
      - chunked
      vary:
      - Accept-Encoding
      x-content-type-options:
      - nosniff
    status:
      code: 200
      message: OK
- request:
    body: null
    headers:
      Accept:
      - application/json, text/json
      Accept-Encoding:
      - gzip, deflate
      CommandName:
      - vm create
      Connection:
      - keep-alive
      ParameterSetName:
      - -g -n --os-disk-name --image --generate-ssh-keys
      User-Agent:
      - AZURECLI/2.17.0 azsdk-python-azure-mgmt-network/17.0.0 Python/3.6.9 (Linux-4.19.128-microsoft-standard-x86_64-with-Ubuntu-18.04-bionic)
    method: GET
    uri: https://management.azure.com/subscriptions/00000000-0000-0000-0000-000000000000/resourceGroups/clitest.rg000001/providers/Microsoft.Network/virtualNetworks?api-version=2018-01-01
  response:
    body:
      string: '{"value":[]}'
    headers:
      cache-control:
      - no-cache
      content-length:
      - '12'
      content-type:
      - application/json; charset=utf-8
      date:
      - Fri, 15 Jan 2021 11:08:36 GMT
      expires:
      - '-1'
      pragma:
      - no-cache
      strict-transport-security:
      - max-age=31536000; includeSubDomains
      vary:
      - Accept-Encoding
      x-content-type-options:
      - nosniff
    status:
      code: 200
      message: OK
- request:
    body: '{"properties": {"template": {"$schema": "https://schema.management.azure.com/schemas/2015-01-01/deploymentTemplate.json#",
      "contentVersion": "1.0.0.0", "parameters": {}, "variables": {}, "resources":
      [{"name": "vm1VNET", "type": "Microsoft.Network/virtualNetworks", "location":
      "westus", "apiVersion": "2015-06-15", "dependsOn": [], "tags": {}, "properties":
      {"addressSpace": {"addressPrefixes": ["10.0.0.0/16"]}, "subnets": [{"name":
      "vm1Subnet", "properties": {"addressPrefix": "10.0.0.0/24"}}]}}, {"type": "Microsoft.Network/networkSecurityGroups",
      "name": "vm1NSG", "apiVersion": "2015-06-15", "location": "westus", "tags":
      {}, "dependsOn": [], "properties": {"securityRules": [{"name": "default-allow-ssh",
      "properties": {"protocol": "Tcp", "sourcePortRange": "*", "destinationPortRange":
      "22", "sourceAddressPrefix": "*", "destinationAddressPrefix": "*", "access":
      "Allow", "priority": 1000, "direction": "Inbound"}}]}}, {"apiVersion": "2018-01-01",
      "type": "Microsoft.Network/publicIPAddresses", "name": "vm1PublicIP", "location":
      "westus", "tags": {}, "dependsOn": [], "properties": {"publicIPAllocationMethod":
      null}}, {"apiVersion": "2015-06-15", "type": "Microsoft.Network/networkInterfaces",
      "name": "vm1VMNic", "location": "westus", "tags": {}, "dependsOn": ["Microsoft.Network/virtualNetworks/vm1VNET",
      "Microsoft.Network/networkSecurityGroups/vm1NSG", "Microsoft.Network/publicIpAddresses/vm1PublicIP"],
      "properties": {"ipConfigurations": [{"name": "ipconfigvm1", "properties": {"privateIPAllocationMethod":
      "Dynamic", "subnet": {"id": "/subscriptions/00000000-0000-0000-0000-000000000000/resourceGroups/clitest.rg000001/providers/Microsoft.Network/virtualNetworks/vm1VNET/subnets/vm1Subnet"},
      "publicIPAddress": {"id": "/subscriptions/00000000-0000-0000-0000-000000000000/resourceGroups/clitest.rg000001/providers/Microsoft.Network/publicIPAddresses/vm1PublicIP"}}}],
      "networkSecurityGroup": {"id": "/subscriptions/00000000-0000-0000-0000-000000000000/resourceGroups/clitest.rg000001/providers/Microsoft.Network/networkSecurityGroups/vm1NSG"}}},
      {"apiVersion": "2020-06-01", "type": "Microsoft.Compute/virtualMachines", "name":
      "vm1", "location": "westus", "tags": {}, "dependsOn": ["Microsoft.Network/networkInterfaces/vm1VMNic"],
      "properties": {"hardwareProfile": {"vmSize": "Standard_DS1_v2"}, "networkProfile":
      {"networkInterfaces": [{"id": "/subscriptions/00000000-0000-0000-0000-000000000000/resourceGroups/clitest.rg000001/providers/Microsoft.Network/networkInterfaces/vm1VMNic"}]},
      "storageProfile": {"osDisk": {"createOption": "fromImage", "name": "os-disk",
      "caching": "ReadWrite", "managedDisk": {"storageAccountType": null}}, "imageReference":
      {"publisher": "SUSE", "offer": "sles-15-sp2", "sku": "gen2", "version": "latest"}},
      "osProfile": {"computerName": "vm1", "adminUsername": "sd", "linuxConfiguration":
      {"disablePasswordAuthentication": true, "ssh": {"publicKeys": [{"keyData": "ssh-rsa
      AAAAB3NzaC1yc2EAAAADAQABAAABAQDySYGeTNjheO8+nC0aDR5uJHS8BjYk6MvVLkTXM/2d7WMXu6ktoFglEFoqDmmZ62leenfWonoSkOeGzD3zPT3L9GOGKTHqCaz3Y1ai7bF3ZZmTSYiuUEcTkJS5sfcUtr9pOFtIsCgbP7XPXdZs/GM8joI8DLFkPyAdAmPyLxLBCwOA78s1+lCTPc5JfEamIhpfSCZWmD2GfIli/k1xUPhnUeKb8AFeRNDQ78D2knAz02LSD+lnFrjPZ9yfMLLLQJOWgI/PMyuDI1FjaADvgC9Y0coBz6TtfubQdqu0piB4J8B3uMdSoZp5eDYaq5MrmlZQi3c1A97va2jUd/UnNitz
      sd@DESKTOP-IH24U11\n", "path": "/home/sd/.ssh/authorized_keys"}]}}}}}], "outputs":
      {}}, "parameters": {}, "mode": "Incremental"}}'
    headers:
      Accept:
      - application/json
      Accept-Encoding:
      - gzip, deflate
      CommandName:
      - vm create
      Connection:
      - keep-alive
      Content-Length:
      - '3660'
      Content-Type:
      - application/json; charset=utf-8
      ParameterSetName:
      - -g -n --os-disk-name --image --generate-ssh-keys
      User-Agent:
      - python/3.6.9 (Linux-4.19.128-microsoft-standard-x86_64-with-Ubuntu-18.04-bionic)
        msrest/0.6.19 msrest_azure/0.6.4 azure-mgmt-resource/10.3.0 Azure-SDK-For-Python
        AZURECLI/2.17.0
      accept-language:
      - en-US
    method: PUT
    uri: https://management.azure.com/subscriptions/00000000-0000-0000-0000-000000000000/resourcegroups/clitest.rg000001/providers/Microsoft.Resources/deployments/mock-deployment?api-version=2020-06-01
  response:
    body:
      string: '{"id":"/subscriptions/00000000-0000-0000-0000-000000000000/resourceGroups/clitest.rg000001/providers/Microsoft.Resources/deployments/vm_deploy_7wBSq3JkUPMRaVLfdRV2BO8gTXsfBuN7","name":"vm_deploy_7wBSq3JkUPMRaVLfdRV2BO8gTXsfBuN7","type":"Microsoft.Resources/deployments","properties":{"templateHash":"3811337191393334099","parameters":{},"mode":"Incremental","provisioningState":"Accepted","timestamp":"2021-01-15T11:08:44.2804005Z","duration":"PT3.8204018S","correlationId":"504b7711-28a2-47c4-963d-c9342ef5d846","providers":[{"namespace":"Microsoft.Network","resourceTypes":[{"resourceType":"virtualNetworks","locations":["westus"]},{"resourceType":"networkSecurityGroups","locations":["westus"]},{"resourceType":"publicIPAddresses","locations":["westus"]},{"resourceType":"networkInterfaces","locations":["westus"]}]},{"namespace":"Microsoft.Compute","resourceTypes":[{"resourceType":"virtualMachines","locations":["westus"]}]}],"dependencies":[{"dependsOn":[{"id":"/subscriptions/00000000-0000-0000-0000-000000000000/resourceGroups/clitest.rg000001/providers/Microsoft.Network/virtualNetworks/vm1VNET","resourceType":"Microsoft.Network/virtualNetworks","resourceName":"vm1VNET"},{"id":"/subscriptions/00000000-0000-0000-0000-000000000000/resourceGroups/clitest.rg000001/providers/Microsoft.Network/networkSecurityGroups/vm1NSG","resourceType":"Microsoft.Network/networkSecurityGroups","resourceName":"vm1NSG"},{"id":"/subscriptions/00000000-0000-0000-0000-000000000000/resourceGroups/clitest.rg000001/providers/Microsoft.Network/publicIPAddresses/vm1PublicIP","resourceType":"Microsoft.Network/publicIPAddresses","resourceName":"vm1PublicIP"}],"id":"/subscriptions/00000000-0000-0000-0000-000000000000/resourceGroups/clitest.rg000001/providers/Microsoft.Network/networkInterfaces/vm1VMNic","resourceType":"Microsoft.Network/networkInterfaces","resourceName":"vm1VMNic"},{"dependsOn":[{"id":"/subscriptions/00000000-0000-0000-0000-000000000000/resourceGroups/clitest.rg000001/providers/Microsoft.Network/networkInterfaces/vm1VMNic","resourceType":"Microsoft.Network/networkInterfaces","resourceName":"vm1VMNic"}],"id":"/subscriptions/00000000-0000-0000-0000-000000000000/resourceGroups/clitest.rg000001/providers/Microsoft.Compute/virtualMachines/vm1","resourceType":"Microsoft.Compute/virtualMachines","resourceName":"vm1"}]}}'
    headers:
      azure-asyncoperation:
      - https://management.azure.com/subscriptions/00000000-0000-0000-0000-000000000000/resourcegroups/clitest.rg000001/providers/Microsoft.Resources/deployments/vm_deploy_7wBSq3JkUPMRaVLfdRV2BO8gTXsfBuN7/operationStatuses/08585908979650176270?api-version=2020-06-01
      cache-control:
      - no-cache
      content-length:
      - '2742'
      content-type:
      - application/json; charset=utf-8
      date:
      - Fri, 15 Jan 2021 11:08:45 GMT
      expires:
      - '-1'
      pragma:
      - no-cache
      strict-transport-security:
      - max-age=31536000; includeSubDomains
      x-content-type-options:
      - nosniff
      x-ms-ratelimit-remaining-subscription-writes:
      - '1199'
    status:
      code: 201
      message: Created
- request:
    body: null
    headers:
      Accept:
      - application/json
      Accept-Encoding:
      - gzip, deflate
      CommandName:
      - vm create
      Connection:
      - keep-alive
      ParameterSetName:
      - -g -n --os-disk-name --image --generate-ssh-keys
      User-Agent:
      - python/3.6.9 (Linux-4.19.128-microsoft-standard-x86_64-with-Ubuntu-18.04-bionic)
        msrest/0.6.19 msrest_azure/0.6.4 azure-mgmt-resource/10.3.0 Azure-SDK-For-Python
        AZURECLI/2.17.0
    method: GET
    uri: https://management.azure.com/subscriptions/00000000-0000-0000-0000-000000000000/resourcegroups/clitest.rg000001/providers/Microsoft.Resources/deployments/mock-deployment/operationStatuses/08585908979650176270?api-version=2020-06-01
  response:
    body:
      string: '{"status":"Running"}'
    headers:
      cache-control:
      - no-cache
      content-length:
      - '20'
      content-type:
      - application/json; charset=utf-8
      date:
      - Fri, 15 Jan 2021 11:09:17 GMT
      expires:
      - '-1'
      pragma:
      - no-cache
      strict-transport-security:
      - max-age=31536000; includeSubDomains
      vary:
      - Accept-Encoding
      x-content-type-options:
      - nosniff
    status:
      code: 200
      message: OK
- request:
    body: null
    headers:
      Accept:
      - application/json
      Accept-Encoding:
      - gzip, deflate
      CommandName:
      - vm create
      Connection:
      - keep-alive
      ParameterSetName:
      - -g -n --os-disk-name --image --generate-ssh-keys
      User-Agent:
      - python/3.6.9 (Linux-4.19.128-microsoft-standard-x86_64-with-Ubuntu-18.04-bionic)
        msrest/0.6.19 msrest_azure/0.6.4 azure-mgmt-resource/10.3.0 Azure-SDK-For-Python
        AZURECLI/2.17.0
    method: GET
    uri: https://management.azure.com/subscriptions/00000000-0000-0000-0000-000000000000/resourcegroups/clitest.rg000001/providers/Microsoft.Resources/deployments/mock-deployment/operationStatuses/08585908979650176270?api-version=2020-06-01
  response:
    body:
      string: '{"status":"Running"}'
    headers:
      cache-control:
      - no-cache
      content-length:
      - '20'
      content-type:
      - application/json; charset=utf-8
      date:
      - Fri, 15 Jan 2021 11:09:48 GMT
      expires:
      - '-1'
      pragma:
      - no-cache
      strict-transport-security:
      - max-age=31536000; includeSubDomains
      vary:
      - Accept-Encoding
      x-content-type-options:
      - nosniff
    status:
      code: 200
      message: OK
- request:
    body: null
    headers:
      Accept:
      - application/json
      Accept-Encoding:
      - gzip, deflate
      CommandName:
      - vm create
      Connection:
      - keep-alive
      ParameterSetName:
      - -g -n --os-disk-name --image --generate-ssh-keys
      User-Agent:
      - python/3.6.9 (Linux-4.19.128-microsoft-standard-x86_64-with-Ubuntu-18.04-bionic)
        msrest/0.6.19 msrest_azure/0.6.4 azure-mgmt-resource/10.3.0 Azure-SDK-For-Python
        AZURECLI/2.17.0
    method: GET
    uri: https://management.azure.com/subscriptions/00000000-0000-0000-0000-000000000000/resourcegroups/clitest.rg000001/providers/Microsoft.Resources/deployments/mock-deployment/operationStatuses/08585908979650176270?api-version=2020-06-01
  response:
    body:
      string: '{"status":"Succeeded"}'
    headers:
      cache-control:
      - no-cache
      content-length:
      - '22'
      content-type:
      - application/json; charset=utf-8
      date:
      - Fri, 15 Jan 2021 11:10:18 GMT
      expires:
      - '-1'
      pragma:
      - no-cache
      strict-transport-security:
      - max-age=31536000; includeSubDomains
      vary:
      - Accept-Encoding
      x-content-type-options:
      - nosniff
    status:
      code: 200
      message: OK
- request:
    body: null
    headers:
      Accept:
      - application/json
      Accept-Encoding:
      - gzip, deflate
      CommandName:
      - vm create
      Connection:
      - keep-alive
      ParameterSetName:
      - -g -n --os-disk-name --image --generate-ssh-keys
      User-Agent:
      - python/3.6.9 (Linux-4.19.128-microsoft-standard-x86_64-with-Ubuntu-18.04-bionic)
        msrest/0.6.19 msrest_azure/0.6.4 azure-mgmt-resource/10.3.0 Azure-SDK-For-Python
        AZURECLI/2.17.0
    method: GET
    uri: https://management.azure.com/subscriptions/00000000-0000-0000-0000-000000000000/resourcegroups/clitest.rg000001/providers/Microsoft.Resources/deployments/mock-deployment?api-version=2020-06-01
  response:
    body:
      string: '{"id":"/subscriptions/00000000-0000-0000-0000-000000000000/resourceGroups/clitest.rg000001/providers/Microsoft.Resources/deployments/vm_deploy_7wBSq3JkUPMRaVLfdRV2BO8gTXsfBuN7","name":"vm_deploy_7wBSq3JkUPMRaVLfdRV2BO8gTXsfBuN7","type":"Microsoft.Resources/deployments","properties":{"templateHash":"3811337191393334099","parameters":{},"mode":"Incremental","provisioningState":"Succeeded","timestamp":"2021-01-15T11:10:17.3788145Z","duration":"PT1M36.9188158S","correlationId":"504b7711-28a2-47c4-963d-c9342ef5d846","providers":[{"namespace":"Microsoft.Network","resourceTypes":[{"resourceType":"virtualNetworks","locations":["westus"]},{"resourceType":"networkSecurityGroups","locations":["westus"]},{"resourceType":"publicIPAddresses","locations":["westus"]},{"resourceType":"networkInterfaces","locations":["westus"]}]},{"namespace":"Microsoft.Compute","resourceTypes":[{"resourceType":"virtualMachines","locations":["westus"]}]}],"dependencies":[{"dependsOn":[{"id":"/subscriptions/00000000-0000-0000-0000-000000000000/resourceGroups/clitest.rg000001/providers/Microsoft.Network/virtualNetworks/vm1VNET","resourceType":"Microsoft.Network/virtualNetworks","resourceName":"vm1VNET"},{"id":"/subscriptions/00000000-0000-0000-0000-000000000000/resourceGroups/clitest.rg000001/providers/Microsoft.Network/networkSecurityGroups/vm1NSG","resourceType":"Microsoft.Network/networkSecurityGroups","resourceName":"vm1NSG"},{"id":"/subscriptions/00000000-0000-0000-0000-000000000000/resourceGroups/clitest.rg000001/providers/Microsoft.Network/publicIPAddresses/vm1PublicIP","resourceType":"Microsoft.Network/publicIPAddresses","resourceName":"vm1PublicIP"}],"id":"/subscriptions/00000000-0000-0000-0000-000000000000/resourceGroups/clitest.rg000001/providers/Microsoft.Network/networkInterfaces/vm1VMNic","resourceType":"Microsoft.Network/networkInterfaces","resourceName":"vm1VMNic"},{"dependsOn":[{"id":"/subscriptions/00000000-0000-0000-0000-000000000000/resourceGroups/clitest.rg000001/providers/Microsoft.Network/networkInterfaces/vm1VMNic","resourceType":"Microsoft.Network/networkInterfaces","resourceName":"vm1VMNic"}],"id":"/subscriptions/00000000-0000-0000-0000-000000000000/resourceGroups/clitest.rg000001/providers/Microsoft.Compute/virtualMachines/vm1","resourceType":"Microsoft.Compute/virtualMachines","resourceName":"vm1"}],"outputs":{},"outputResources":[{"id":"/subscriptions/00000000-0000-0000-0000-000000000000/resourceGroups/clitest.rg000001/providers/Microsoft.Compute/virtualMachines/vm1"},{"id":"/subscriptions/00000000-0000-0000-0000-000000000000/resourceGroups/clitest.rg000001/providers/Microsoft.Network/networkInterfaces/vm1VMNic"},{"id":"/subscriptions/00000000-0000-0000-0000-000000000000/resourceGroups/clitest.rg000001/providers/Microsoft.Network/networkSecurityGroups/vm1NSG"},{"id":"/subscriptions/00000000-0000-0000-0000-000000000000/resourceGroups/clitest.rg000001/providers/Microsoft.Network/publicIPAddresses/vm1PublicIP"},{"id":"/subscriptions/00000000-0000-0000-0000-000000000000/resourceGroups/clitest.rg000001/providers/Microsoft.Network/virtualNetworks/vm1VNET"}]}}'
    headers:
      cache-control:
      - no-cache
      content-length:
      - '3809'
      content-type:
      - application/json; charset=utf-8
      date:
      - Fri, 15 Jan 2021 11:10:19 GMT
      expires:
      - '-1'
      pragma:
      - no-cache
      strict-transport-security:
      - max-age=31536000; includeSubDomains
      vary:
      - Accept-Encoding
      x-content-type-options:
      - nosniff
    status:
      code: 200
      message: OK
- request:
    body: null
    headers:
      Accept:
      - application/json
      Accept-Encoding:
      - gzip, deflate
      CommandName:
      - vm create
      Connection:
      - keep-alive
      ParameterSetName:
      - -g -n --os-disk-name --image --generate-ssh-keys
      User-Agent:
      - AZURECLI/2.17.0 azsdk-python-azure-mgmt-compute/18.0.0 Python/3.6.9 (Linux-4.19.128-microsoft-standard-x86_64-with-Ubuntu-18.04-bionic)
    method: GET
    uri: https://management.azure.com/subscriptions/00000000-0000-0000-0000-000000000000/resourceGroups/clitest.rg000001/providers/Microsoft.Compute/virtualMachines/vm1?$expand=instanceView&api-version=2020-06-01
  response:
    body:
      string: "{\r\n  \"name\": \"vm1\",\r\n  \"id\": \"/subscriptions/00000000-0000-0000-0000-000000000000/resourceGroups/clitest.rg000001/providers/Microsoft.Compute/virtualMachines/vm1\",\r\n
        \ \"type\": \"Microsoft.Compute/virtualMachines\",\r\n  \"location\": \"westus\",\r\n
        \ \"tags\": {},\r\n  \"properties\": {\r\n    \"vmId\": \"2c5abaa2-148b-4007-aefa-21d8106e5a81\",\r\n
        \   \"hardwareProfile\": {\r\n      \"vmSize\": \"Standard_DS1_v2\"\r\n    },\r\n
        \   \"storageProfile\": {\r\n      \"imageReference\": {\r\n        \"publisher\":
        \"SUSE\",\r\n        \"offer\": \"sles-15-sp2\",\r\n        \"sku\": \"gen2\",\r\n
        \       \"version\": \"latest\",\r\n        \"exactVersion\": \"2020.12.10\"\r\n
        \     },\r\n      \"osDisk\": {\r\n        \"osType\": \"Linux\",\r\n        \"name\":
        \"os-disk\",\r\n        \"createOption\": \"FromImage\",\r\n        \"caching\":
        \"ReadWrite\",\r\n        \"managedDisk\": {\r\n          \"storageAccountType\":
        \"Premium_LRS\",\r\n          \"id\": \"/subscriptions/00000000-0000-0000-0000-000000000000/resourceGroups/clitest.rg000001/providers/Microsoft.Compute/disks/os-disk\"\r\n
        \       },\r\n        \"diskSizeGB\": 30\r\n      },\r\n      \"dataDisks\":
        []\r\n    },\r\n    \"osProfile\": {\r\n      \"computerName\": \"vm1\",\r\n
        \     \"adminUsername\": \"sd\",\r\n      \"linuxConfiguration\": {\r\n        \"disablePasswordAuthentication\":
        true,\r\n        \"ssh\": {\r\n          \"publicKeys\": [\r\n            {\r\n
        \             \"path\": \"/home/sd/.ssh/authorized_keys\",\r\n              \"keyData\":
        \"ssh-rsa AAAAB3NzaC1yc2EAAAADAQABAAABAQDySYGeTNjheO8+nC0aDR5uJHS8BjYk6MvVLkTXM/2d7WMXu6ktoFglEFoqDmmZ62leenfWonoSkOeGzD3zPT3L9GOGKTHqCaz3Y1ai7bF3ZZmTSYiuUEcTkJS5sfcUtr9pOFtIsCgbP7XPXdZs/GM8joI8DLFkPyAdAmPyLxLBCwOA78s1+lCTPc5JfEamIhpfSCZWmD2GfIli/k1xUPhnUeKb8AFeRNDQ78D2knAz02LSD+lnFrjPZ9yfMLLLQJOWgI/PMyuDI1FjaADvgC9Y0coBz6TtfubQdqu0piB4J8B3uMdSoZp5eDYaq5MrmlZQi3c1A97va2jUd/UnNitz
        sd@DESKTOP-IH24U11\\n\"\r\n            }\r\n          ]\r\n        },\r\n
        \       \"provisionVMAgent\": true,\r\n        \"patchSettings\": {\r\n          \"patchMode\":
        \"ImageDefault\"\r\n        }\r\n      },\r\n      \"secrets\": [],\r\n      \"allowExtensionOperations\":
        true,\r\n      \"requireGuestProvisionSignal\": true\r\n    },\r\n    \"networkProfile\":
        {\"networkInterfaces\":[{\"id\":\"/subscriptions/00000000-0000-0000-0000-000000000000/resourceGroups/clitest.rg000001/providers/Microsoft.Network/networkInterfaces/vm1VMNic\"}]},\r\n
        \   \"provisioningState\": \"Succeeded\",\r\n    \"instanceView\": {\r\n      \"vmAgent\":
        {\r\n        \"vmAgentVersion\": \"Unknown\",\r\n        \"statuses\": [\r\n
        \         {\r\n            \"code\": \"ProvisioningState/Unavailable\",\r\n
        \           \"level\": \"Warning\",\r\n            \"displayStatus\": \"Not
        Ready\",\r\n            \"message\": \"VM status blob is found but not yet
        populated.\",\r\n            \"time\": \"2021-01-15T11:10:21+00:00\"\r\n          }\r\n
        \       ]\r\n      },\r\n      \"disks\": [\r\n        {\r\n          \"name\":
        \"os-disk\",\r\n          \"statuses\": [\r\n            {\r\n              \"code\":
        \"ProvisioningState/succeeded\",\r\n              \"level\": \"Info\",\r\n
        \             \"displayStatus\": \"Provisioning succeeded\",\r\n              \"time\":
        \"2021-01-15T11:09:05.8863033+00:00\"\r\n            }\r\n          ]\r\n
        \       }\r\n      ],\r\n      \"hyperVGeneration\": \"V2\",\r\n      \"statuses\":
        [\r\n        {\r\n          \"code\": \"ProvisioningState/succeeded\",\r\n
        \         \"level\": \"Info\",\r\n          \"displayStatus\": \"Provisioning
        succeeded\",\r\n          \"time\": \"2021-01-15T11:10:16.1519481+00:00\"\r\n
        \       },\r\n        {\r\n          \"code\": \"PowerState/running\",\r\n
        \         \"level\": \"Info\",\r\n          \"displayStatus\": \"VM running\"\r\n
        \       }\r\n      ]\r\n    }\r\n  }\r\n}"
    headers:
      cache-control:
      - no-cache
      content-length:
      - '3622'
      content-type:
      - application/json; charset=utf-8
      date:
      - Fri, 15 Jan 2021 11:10:21 GMT
      expires:
      - '-1'
      pragma:
      - no-cache
      server:
      - Microsoft-HTTPAPI/2.0
      - Microsoft-HTTPAPI/2.0
      strict-transport-security:
      - max-age=31536000; includeSubDomains
      transfer-encoding:
      - chunked
      vary:
      - Accept-Encoding
      x-content-type-options:
      - nosniff
      x-ms-ratelimit-remaining-resource:
      - Microsoft.Compute/LowCostGet3Min;3978,Microsoft.Compute/LowCostGet30Min;31978
    status:
      code: 200
      message: OK
- request:
    body: null
    headers:
      Accept:
      - application/json, text/json
      Accept-Encoding:
      - gzip, deflate
      CommandName:
      - vm create
      Connection:
      - keep-alive
      ParameterSetName:
      - -g -n --os-disk-name --image --generate-ssh-keys
      User-Agent:
      - AZURECLI/2.17.0 azsdk-python-azure-mgmt-network/17.0.0 Python/3.6.9 (Linux-4.19.128-microsoft-standard-x86_64-with-Ubuntu-18.04-bionic)
    method: GET
    uri: https://management.azure.com/subscriptions/00000000-0000-0000-0000-000000000000/resourceGroups/clitest.rg000001/providers/Microsoft.Network/networkInterfaces/vm1VMNic?api-version=2018-01-01
  response:
    body:
      string: "{\r\n  \"name\": \"vm1VMNic\",\r\n  \"id\": \"/subscriptions/00000000-0000-0000-0000-000000000000/resourceGroups/clitest.rg000001/providers/Microsoft.Network/networkInterfaces/vm1VMNic\",\r\n
        \ \"etag\": \"W/\\\"1c87784e-9deb-4fe7-9464-e053534d68c4\\\"\",\r\n  \"location\":
        \"westus\",\r\n  \"tags\": {},\r\n  \"properties\": {\r\n    \"provisioningState\":
        \"Succeeded\",\r\n    \"resourceGuid\": \"f222c3be-e0fb-4ab1-b5b9-dda421606f22\",\r\n
        \   \"ipConfigurations\": [\r\n      {\r\n        \"name\": \"ipconfigvm1\",\r\n
        \       \"id\": \"/subscriptions/00000000-0000-0000-0000-000000000000/resourceGroups/clitest.rg000001/providers/Microsoft.Network/networkInterfaces/vm1VMNic/ipConfigurations/ipconfigvm1\",\r\n
        \       \"etag\": \"W/\\\"1c87784e-9deb-4fe7-9464-e053534d68c4\\\"\",\r\n
        \       \"type\": \"Microsoft.Network/networkInterfaces/ipConfigurations\",\r\n
        \       \"properties\": {\r\n          \"provisioningState\": \"Succeeded\",\r\n
        \         \"privateIPAddress\": \"10.0.0.4\",\r\n          \"privateIPAllocationMethod\":
        \"Dynamic\",\r\n          \"publicIPAddress\": {\r\n            \"id\": \"/subscriptions/00000000-0000-0000-0000-000000000000/resourceGroups/clitest.rg000001/providers/Microsoft.Network/publicIPAddresses/vm1PublicIP\"\r\n
        \         },\r\n          \"subnet\": {\r\n            \"id\": \"/subscriptions/00000000-0000-0000-0000-000000000000/resourceGroups/clitest.rg000001/providers/Microsoft.Network/virtualNetworks/vm1VNET/subnets/vm1Subnet\"\r\n
        \         },\r\n          \"primary\": true,\r\n          \"privateIPAddressVersion\":
        \"IPv4\"\r\n        }\r\n      }\r\n    ],\r\n    \"dnsSettings\": {\r\n      \"dnsServers\":
        [],\r\n      \"appliedDnsServers\": [],\r\n      \"internalDomainNameSuffix\":
        \"cnckdcptohhu1bnfblwhk4rb0b.dx.internal.cloudapp.net\"\r\n    },\r\n    \"macAddress\":
        \"00-22-48-08-65-25\",\r\n    \"enableAcceleratedNetworking\": false,\r\n
        \   \"enableIPForwarding\": false,\r\n    \"networkSecurityGroup\": {\r\n
        \     \"id\": \"/subscriptions/00000000-0000-0000-0000-000000000000/resourceGroups/clitest.rg000001/providers/Microsoft.Network/networkSecurityGroups/vm1NSG\"\r\n
        \   },\r\n    \"primary\": true,\r\n    \"virtualMachine\": {\r\n      \"id\":
        \"/subscriptions/00000000-0000-0000-0000-000000000000/resourceGroups/clitest.rg000001/providers/Microsoft.Compute/virtualMachines/vm1\"\r\n
        \   }\r\n  },\r\n  \"type\": \"Microsoft.Network/networkInterfaces\"\r\n}"
    headers:
      cache-control:
      - no-cache
      content-length:
      - '2568'
      content-type:
      - application/json; charset=utf-8
      date:
      - Fri, 15 Jan 2021 11:10:22 GMT
      etag:
      - W/"1c87784e-9deb-4fe7-9464-e053534d68c4"
      expires:
      - '-1'
      pragma:
      - no-cache
      server:
      - Microsoft-HTTPAPI/2.0
      - Microsoft-HTTPAPI/2.0
      strict-transport-security:
      - max-age=31536000; includeSubDomains
      transfer-encoding:
      - chunked
      vary:
      - Accept-Encoding
      x-content-type-options:
      - nosniff
      x-ms-arm-service-request-id:
      - 03de2b13-2b46-4bd3-9b3d-33989b9c7083
    status:
      code: 200
      message: OK
- request:
    body: null
    headers:
      Accept:
      - application/json, text/json
      Accept-Encoding:
      - gzip, deflate
      CommandName:
      - vm create
      Connection:
      - keep-alive
      ParameterSetName:
      - -g -n --os-disk-name --image --generate-ssh-keys
      User-Agent:
      - AZURECLI/2.17.0 azsdk-python-azure-mgmt-network/17.0.0 Python/3.6.9 (Linux-4.19.128-microsoft-standard-x86_64-with-Ubuntu-18.04-bionic)
    method: GET
    uri: https://management.azure.com/subscriptions/00000000-0000-0000-0000-000000000000/resourceGroups/clitest.rg000001/providers/Microsoft.Network/publicIPAddresses/vm1PublicIP?api-version=2018-01-01
  response:
    body:
      string: "{\r\n  \"name\": \"vm1PublicIP\",\r\n  \"id\": \"/subscriptions/00000000-0000-0000-0000-000000000000/resourceGroups/clitest.rg000001/providers/Microsoft.Network/publicIPAddresses/vm1PublicIP\",\r\n
        \ \"etag\": \"W/\\\"8be05494-bb4f-448f-8bd1-795e4db43873\\\"\",\r\n  \"location\":
        \"westus\",\r\n  \"tags\": {},\r\n  \"properties\": {\r\n    \"provisioningState\":
        \"Succeeded\",\r\n    \"resourceGuid\": \"c2b3ea8b-0961-493d-bdd1-5db91104f6d3\",\r\n
        \   \"ipAddress\": \"13.93.160.210\",\r\n    \"publicIPAddressVersion\": \"IPv4\",\r\n
        \   \"publicIPAllocationMethod\": \"Dynamic\",\r\n    \"idleTimeoutInMinutes\":
        4,\r\n    \"ipTags\": [],\r\n    \"ipConfiguration\": {\r\n      \"id\": \"/subscriptions/00000000-0000-0000-0000-000000000000/resourceGroups/clitest.rg000001/providers/Microsoft.Network/networkInterfaces/vm1VMNic/ipConfigurations/ipconfigvm1\"\r\n
        \   }\r\n  },\r\n  \"type\": \"Microsoft.Network/publicIPAddresses\",\r\n
        \ \"sku\": {\r\n    \"name\": \"Basic\"\r\n  }\r\n}"
    headers:
      cache-control:
      - no-cache
      content-length:
      - '997'
      content-type:
      - application/json; charset=utf-8
      date:
      - Fri, 15 Jan 2021 11:10:22 GMT
      etag:
      - W/"8be05494-bb4f-448f-8bd1-795e4db43873"
      expires:
      - '-1'
      pragma:
      - no-cache
      server:
      - Microsoft-HTTPAPI/2.0
      - Microsoft-HTTPAPI/2.0
      strict-transport-security:
      - max-age=31536000; includeSubDomains
      transfer-encoding:
      - chunked
      vary:
      - Accept-Encoding
      x-content-type-options:
      - nosniff
      x-ms-arm-service-request-id:
      - 10982ed4-5f42-406f-9478-da590b872773
    status:
      code: 200
      message: OK
- request:
    body: null
    headers:
      Accept:
      - application/json
      Accept-Encoding:
      - gzip, deflate
      CommandName:
      - vm aem delete
      Connection:
      - keep-alive
      ParameterSetName:
      - --verbose -g -n
      User-Agent:
      - AZURECLI/2.17.0 azsdk-python-azure-mgmt-compute/18.0.0 Python/3.6.9 (Linux-4.19.128-microsoft-standard-x86_64-with-Ubuntu-18.04-bionic)
    method: GET
    uri: https://management.azure.com/subscriptions/00000000-0000-0000-0000-000000000000/resourceGroups/clitest.rg000001/providers/Microsoft.Compute/virtualMachines/vm1?$expand=instanceView&api-version=2020-06-01
  response:
    body:
      string: "{\r\n  \"name\": \"vm1\",\r\n  \"id\": \"/subscriptions/00000000-0000-0000-0000-000000000000/resourceGroups/clitest.rg000001/providers/Microsoft.Compute/virtualMachines/vm1\",\r\n
        \ \"type\": \"Microsoft.Compute/virtualMachines\",\r\n  \"location\": \"westus\",\r\n
        \ \"tags\": {},\r\n  \"properties\": {\r\n    \"vmId\": \"2c5abaa2-148b-4007-aefa-21d8106e5a81\",\r\n
        \   \"hardwareProfile\": {\r\n      \"vmSize\": \"Standard_DS1_v2\"\r\n    },\r\n
        \   \"storageProfile\": {\r\n      \"imageReference\": {\r\n        \"publisher\":
        \"SUSE\",\r\n        \"offer\": \"sles-15-sp2\",\r\n        \"sku\": \"gen2\",\r\n
        \       \"version\": \"latest\",\r\n        \"exactVersion\": \"2020.12.10\"\r\n
        \     },\r\n      \"osDisk\": {\r\n        \"osType\": \"Linux\",\r\n        \"name\":
        \"os-disk\",\r\n        \"createOption\": \"FromImage\",\r\n        \"caching\":
        \"ReadWrite\",\r\n        \"managedDisk\": {\r\n          \"storageAccountType\":
        \"Premium_LRS\",\r\n          \"id\": \"/subscriptions/00000000-0000-0000-0000-000000000000/resourceGroups/clitest.rg000001/providers/Microsoft.Compute/disks/os-disk\"\r\n
        \       },\r\n        \"diskSizeGB\": 30\r\n      },\r\n      \"dataDisks\":
        []\r\n    },\r\n    \"osProfile\": {\r\n      \"computerName\": \"vm1\",\r\n
        \     \"adminUsername\": \"sd\",\r\n      \"linuxConfiguration\": {\r\n        \"disablePasswordAuthentication\":
        true,\r\n        \"ssh\": {\r\n          \"publicKeys\": [\r\n            {\r\n
        \             \"path\": \"/home/sd/.ssh/authorized_keys\",\r\n              \"keyData\":
        \"ssh-rsa AAAAB3NzaC1yc2EAAAADAQABAAABAQDySYGeTNjheO8+nC0aDR5uJHS8BjYk6MvVLkTXM/2d7WMXu6ktoFglEFoqDmmZ62leenfWonoSkOeGzD3zPT3L9GOGKTHqCaz3Y1ai7bF3ZZmTSYiuUEcTkJS5sfcUtr9pOFtIsCgbP7XPXdZs/GM8joI8DLFkPyAdAmPyLxLBCwOA78s1+lCTPc5JfEamIhpfSCZWmD2GfIli/k1xUPhnUeKb8AFeRNDQ78D2knAz02LSD+lnFrjPZ9yfMLLLQJOWgI/PMyuDI1FjaADvgC9Y0coBz6TtfubQdqu0piB4J8B3uMdSoZp5eDYaq5MrmlZQi3c1A97va2jUd/UnNitz
        sd@DESKTOP-IH24U11\\n\"\r\n            }\r\n          ]\r\n        },\r\n
        \       \"provisionVMAgent\": true,\r\n        \"patchSettings\": {\r\n          \"patchMode\":
        \"ImageDefault\"\r\n        }\r\n      },\r\n      \"secrets\": [],\r\n      \"allowExtensionOperations\":
        true,\r\n      \"requireGuestProvisionSignal\": true\r\n    },\r\n    \"networkProfile\":
        {\"networkInterfaces\":[{\"id\":\"/subscriptions/00000000-0000-0000-0000-000000000000/resourceGroups/clitest.rg000001/providers/Microsoft.Network/networkInterfaces/vm1VMNic\"}]},\r\n
        \   \"provisioningState\": \"Succeeded\",\r\n    \"instanceView\": {\r\n      \"vmAgent\":
        {\r\n        \"vmAgentVersion\": \"Unknown\",\r\n        \"statuses\": [\r\n
        \         {\r\n            \"code\": \"ProvisioningState/Unavailable\",\r\n
        \           \"level\": \"Warning\",\r\n            \"displayStatus\": \"Not
        Ready\",\r\n            \"message\": \"VM status blob is found but not yet
        populated.\",\r\n            \"time\": \"2021-01-15T11:10:25+00:00\"\r\n          }\r\n
        \       ]\r\n      },\r\n      \"disks\": [\r\n        {\r\n          \"name\":
        \"os-disk\",\r\n          \"statuses\": [\r\n            {\r\n              \"code\":
        \"ProvisioningState/succeeded\",\r\n              \"level\": \"Info\",\r\n
        \             \"displayStatus\": \"Provisioning succeeded\",\r\n              \"time\":
        \"2021-01-15T11:09:05.8863033+00:00\"\r\n            }\r\n          ]\r\n
        \       }\r\n      ],\r\n      \"hyperVGeneration\": \"V2\",\r\n      \"statuses\":
        [\r\n        {\r\n          \"code\": \"ProvisioningState/succeeded\",\r\n
        \         \"level\": \"Info\",\r\n          \"displayStatus\": \"Provisioning
        succeeded\",\r\n          \"time\": \"2021-01-15T11:10:16.1519481+00:00\"\r\n
        \       },\r\n        {\r\n          \"code\": \"PowerState/running\",\r\n
        \         \"level\": \"Info\",\r\n          \"displayStatus\": \"VM running\"\r\n
        \       }\r\n      ]\r\n    }\r\n  }\r\n}"
    headers:
      cache-control:
      - no-cache
      content-length:
      - '3622'
      content-type:
      - application/json; charset=utf-8
      date:
      - Fri, 15 Jan 2021 11:10:24 GMT
      expires:
      - '-1'
      pragma:
      - no-cache
      server:
      - Microsoft-HTTPAPI/2.0
      - Microsoft-HTTPAPI/2.0
      strict-transport-security:
      - max-age=31536000; includeSubDomains
      transfer-encoding:
      - chunked
      vary:
      - Accept-Encoding
      x-content-type-options:
      - nosniff
      x-ms-ratelimit-remaining-resource:
      - Microsoft.Compute/LowCostGet3Min;3974,Microsoft.Compute/LowCostGet30Min;31974
    status:
      code: 200
      message: OK
- request:
    body: null
    headers:
      Accept:
      - application/json
      Accept-Encoding:
      - gzip, deflate
      CommandName:
      - vm show
      Connection:
      - keep-alive
      ParameterSetName:
      - -g -n
      User-Agent:
      - AZURECLI/2.17.0 azsdk-python-azure-mgmt-compute/18.0.0 Python/3.6.9 (Linux-4.19.128-microsoft-standard-x86_64-with-Ubuntu-18.04-bionic)
    method: GET
    uri: https://management.azure.com/subscriptions/00000000-0000-0000-0000-000000000000/resourceGroups/clitest.rg000001/providers/Microsoft.Compute/virtualMachines/vm1?api-version=2020-06-01
  response:
    body:
      string: "{\r\n  \"name\": \"vm1\",\r\n  \"id\": \"/subscriptions/00000000-0000-0000-0000-000000000000/resourceGroups/clitest.rg000001/providers/Microsoft.Compute/virtualMachines/vm1\",\r\n
        \ \"type\": \"Microsoft.Compute/virtualMachines\",\r\n  \"location\": \"westus\",\r\n
        \ \"tags\": {},\r\n  \"properties\": {\r\n    \"vmId\": \"2c5abaa2-148b-4007-aefa-21d8106e5a81\",\r\n
        \   \"hardwareProfile\": {\r\n      \"vmSize\": \"Standard_DS1_v2\"\r\n    },\r\n
        \   \"storageProfile\": {\r\n      \"imageReference\": {\r\n        \"publisher\":
        \"SUSE\",\r\n        \"offer\": \"sles-15-sp2\",\r\n        \"sku\": \"gen2\",\r\n
        \       \"version\": \"latest\",\r\n        \"exactVersion\": \"2020.12.10\"\r\n
        \     },\r\n      \"osDisk\": {\r\n        \"osType\": \"Linux\",\r\n        \"name\":
        \"os-disk\",\r\n        \"createOption\": \"FromImage\",\r\n        \"caching\":
        \"ReadWrite\",\r\n        \"managedDisk\": {\r\n          \"storageAccountType\":
        \"Premium_LRS\",\r\n          \"id\": \"/subscriptions/00000000-0000-0000-0000-000000000000/resourceGroups/clitest.rg000001/providers/Microsoft.Compute/disks/os-disk\"\r\n
        \       },\r\n        \"diskSizeGB\": 30\r\n      },\r\n      \"dataDisks\":
        []\r\n    },\r\n    \"osProfile\": {\r\n      \"computerName\": \"vm1\",\r\n
        \     \"adminUsername\": \"sd\",\r\n      \"linuxConfiguration\": {\r\n        \"disablePasswordAuthentication\":
        true,\r\n        \"ssh\": {\r\n          \"publicKeys\": [\r\n            {\r\n
        \             \"path\": \"/home/sd/.ssh/authorized_keys\",\r\n              \"keyData\":
        \"ssh-rsa AAAAB3NzaC1yc2EAAAADAQABAAABAQDySYGeTNjheO8+nC0aDR5uJHS8BjYk6MvVLkTXM/2d7WMXu6ktoFglEFoqDmmZ62leenfWonoSkOeGzD3zPT3L9GOGKTHqCaz3Y1ai7bF3ZZmTSYiuUEcTkJS5sfcUtr9pOFtIsCgbP7XPXdZs/GM8joI8DLFkPyAdAmPyLxLBCwOA78s1+lCTPc5JfEamIhpfSCZWmD2GfIli/k1xUPhnUeKb8AFeRNDQ78D2knAz02LSD+lnFrjPZ9yfMLLLQJOWgI/PMyuDI1FjaADvgC9Y0coBz6TtfubQdqu0piB4J8B3uMdSoZp5eDYaq5MrmlZQi3c1A97va2jUd/UnNitz
        sd@DESKTOP-IH24U11\\n\"\r\n            }\r\n          ]\r\n        },\r\n
        \       \"provisionVMAgent\": true,\r\n        \"patchSettings\": {\r\n          \"patchMode\":
        \"ImageDefault\"\r\n        }\r\n      },\r\n      \"secrets\": [],\r\n      \"allowExtensionOperations\":
        true,\r\n      \"requireGuestProvisionSignal\": true\r\n    },\r\n    \"networkProfile\":
        {\"networkInterfaces\":[{\"id\":\"/subscriptions/00000000-0000-0000-0000-000000000000/resourceGroups/clitest.rg000001/providers/Microsoft.Network/networkInterfaces/vm1VMNic\"}]},\r\n
        \   \"provisioningState\": \"Succeeded\"\r\n  }\r\n}"
    headers:
      cache-control:
      - no-cache
      content-length:
      - '2454'
      content-type:
      - application/json; charset=utf-8
      date:
      - Fri, 15 Jan 2021 11:10:25 GMT
      expires:
      - '-1'
      pragma:
      - no-cache
      server:
      - Microsoft-HTTPAPI/2.0
      - Microsoft-HTTPAPI/2.0
      strict-transport-security:
      - max-age=31536000; includeSubDomains
      transfer-encoding:
      - chunked
      vary:
      - Accept-Encoding
      x-content-type-options:
      - nosniff
      x-ms-ratelimit-remaining-resource:
      - Microsoft.Compute/LowCostGet3Min;3973,Microsoft.Compute/LowCostGet30Min;31973
    status:
      code: 200
      message: OK
- request:
    body: null
    headers:
      Accept:
      - application/json
      Accept-Encoding:
      - gzip, deflate
      CommandName:
      - vm aem verify
      Connection:
      - keep-alive
      ParameterSetName:
      - --verbose -g -n
      User-Agent:
      - AZURECLI/2.17.0 azsdk-python-azure-mgmt-compute/18.0.0 Python/3.6.9 (Linux-4.19.128-microsoft-standard-x86_64-with-Ubuntu-18.04-bionic)
    method: GET
    uri: https://management.azure.com/subscriptions/00000000-0000-0000-0000-000000000000/resourceGroups/clitest.rg000001/providers/Microsoft.Compute/virtualMachines/vm1?$expand=instanceView&api-version=2020-06-01
  response:
    body:
      string: "{\r\n  \"name\": \"vm1\",\r\n  \"id\": \"/subscriptions/00000000-0000-0000-0000-000000000000/resourceGroups/clitest.rg000001/providers/Microsoft.Compute/virtualMachines/vm1\",\r\n
        \ \"type\": \"Microsoft.Compute/virtualMachines\",\r\n  \"location\": \"westus\",\r\n
        \ \"tags\": {},\r\n  \"properties\": {\r\n    \"vmId\": \"2c5abaa2-148b-4007-aefa-21d8106e5a81\",\r\n
        \   \"hardwareProfile\": {\r\n      \"vmSize\": \"Standard_DS1_v2\"\r\n    },\r\n
        \   \"storageProfile\": {\r\n      \"imageReference\": {\r\n        \"publisher\":
        \"SUSE\",\r\n        \"offer\": \"sles-15-sp2\",\r\n        \"sku\": \"gen2\",\r\n
        \       \"version\": \"latest\",\r\n        \"exactVersion\": \"2020.12.10\"\r\n
        \     },\r\n      \"osDisk\": {\r\n        \"osType\": \"Linux\",\r\n        \"name\":
        \"os-disk\",\r\n        \"createOption\": \"FromImage\",\r\n        \"caching\":
        \"ReadWrite\",\r\n        \"managedDisk\": {\r\n          \"storageAccountType\":
        \"Premium_LRS\",\r\n          \"id\": \"/subscriptions/00000000-0000-0000-0000-000000000000/resourceGroups/clitest.rg000001/providers/Microsoft.Compute/disks/os-disk\"\r\n
        \       },\r\n        \"diskSizeGB\": 30\r\n      },\r\n      \"dataDisks\":
        []\r\n    },\r\n    \"osProfile\": {\r\n      \"computerName\": \"vm1\",\r\n
        \     \"adminUsername\": \"sd\",\r\n      \"linuxConfiguration\": {\r\n        \"disablePasswordAuthentication\":
        true,\r\n        \"ssh\": {\r\n          \"publicKeys\": [\r\n            {\r\n
        \             \"path\": \"/home/sd/.ssh/authorized_keys\",\r\n              \"keyData\":
        \"ssh-rsa AAAAB3NzaC1yc2EAAAADAQABAAABAQDySYGeTNjheO8+nC0aDR5uJHS8BjYk6MvVLkTXM/2d7WMXu6ktoFglEFoqDmmZ62leenfWonoSkOeGzD3zPT3L9GOGKTHqCaz3Y1ai7bF3ZZmTSYiuUEcTkJS5sfcUtr9pOFtIsCgbP7XPXdZs/GM8joI8DLFkPyAdAmPyLxLBCwOA78s1+lCTPc5JfEamIhpfSCZWmD2GfIli/k1xUPhnUeKb8AFeRNDQ78D2knAz02LSD+lnFrjPZ9yfMLLLQJOWgI/PMyuDI1FjaADvgC9Y0coBz6TtfubQdqu0piB4J8B3uMdSoZp5eDYaq5MrmlZQi3c1A97va2jUd/UnNitz
        sd@DESKTOP-IH24U11\\n\"\r\n            }\r\n          ]\r\n        },\r\n
        \       \"provisionVMAgent\": true,\r\n        \"patchSettings\": {\r\n          \"patchMode\":
        \"ImageDefault\"\r\n        }\r\n      },\r\n      \"secrets\": [],\r\n      \"allowExtensionOperations\":
        true,\r\n      \"requireGuestProvisionSignal\": true\r\n    },\r\n    \"networkProfile\":
        {\"networkInterfaces\":[{\"id\":\"/subscriptions/00000000-0000-0000-0000-000000000000/resourceGroups/clitest.rg000001/providers/Microsoft.Network/networkInterfaces/vm1VMNic\"}]},\r\n
        \   \"provisioningState\": \"Succeeded\",\r\n    \"instanceView\": {\r\n      \"vmAgent\":
        {\r\n        \"vmAgentVersion\": \"Unknown\",\r\n        \"statuses\": [\r\n
        \         {\r\n            \"code\": \"ProvisioningState/Unavailable\",\r\n
        \           \"level\": \"Warning\",\r\n            \"displayStatus\": \"Not
        Ready\",\r\n            \"message\": \"VM status blob is found but not yet
        populated.\",\r\n            \"time\": \"2021-01-15T11:10:27+00:00\"\r\n          }\r\n
        \       ]\r\n      },\r\n      \"disks\": [\r\n        {\r\n          \"name\":
        \"os-disk\",\r\n          \"statuses\": [\r\n            {\r\n              \"code\":
        \"ProvisioningState/succeeded\",\r\n              \"level\": \"Info\",\r\n
        \             \"displayStatus\": \"Provisioning succeeded\",\r\n              \"time\":
        \"2021-01-15T11:09:05.8863033+00:00\"\r\n            }\r\n          ]\r\n
        \       }\r\n      ],\r\n      \"hyperVGeneration\": \"V2\",\r\n      \"statuses\":
        [\r\n        {\r\n          \"code\": \"ProvisioningState/succeeded\",\r\n
        \         \"level\": \"Info\",\r\n          \"displayStatus\": \"Provisioning
        succeeded\",\r\n          \"time\": \"2021-01-15T11:10:16.1519481+00:00\"\r\n
        \       },\r\n        {\r\n          \"code\": \"PowerState/running\",\r\n
        \         \"level\": \"Info\",\r\n          \"displayStatus\": \"VM running\"\r\n
        \       }\r\n      ]\r\n    }\r\n  }\r\n}"
    headers:
      cache-control:
      - no-cache
      content-length:
      - '3622'
      content-type:
      - application/json; charset=utf-8
      date:
      - Fri, 15 Jan 2021 11:10:26 GMT
      expires:
      - '-1'
      pragma:
      - no-cache
      server:
      - Microsoft-HTTPAPI/2.0
      - Microsoft-HTTPAPI/2.0
      strict-transport-security:
      - max-age=31536000; includeSubDomains
      transfer-encoding:
      - chunked
      vary:
      - Accept-Encoding
      x-content-type-options:
      - nosniff
      x-ms-ratelimit-remaining-resource:
      - Microsoft.Compute/LowCostGet3Min;3972,Microsoft.Compute/LowCostGet30Min;31972
    status:
      code: 200
      message: OK
- request:
    body: null
    headers:
      Accept:
      - application/json
      Accept-Encoding:
      - gzip, deflate
      CommandName:
      - vm aem set
      Connection:
      - keep-alive
      ParameterSetName:
      - --verbose -g -n --install-new-extension
      User-Agent:
      - AZURECLI/2.17.0 azsdk-python-azure-mgmt-compute/18.0.0 Python/3.6.9 (Linux-4.19.128-microsoft-standard-x86_64-with-Ubuntu-18.04-bionic)
    method: GET
    uri: https://management.azure.com/subscriptions/00000000-0000-0000-0000-000000000000/resourceGroups/clitest.rg000001/providers/Microsoft.Compute/virtualMachines/vm1?$expand=instanceView&api-version=2020-06-01
  response:
    body:
      string: "{\r\n  \"name\": \"vm1\",\r\n  \"id\": \"/subscriptions/00000000-0000-0000-0000-000000000000/resourceGroups/clitest.rg000001/providers/Microsoft.Compute/virtualMachines/vm1\",\r\n
        \ \"type\": \"Microsoft.Compute/virtualMachines\",\r\n  \"location\": \"westus\",\r\n
        \ \"tags\": {},\r\n  \"properties\": {\r\n    \"vmId\": \"2c5abaa2-148b-4007-aefa-21d8106e5a81\",\r\n
        \   \"hardwareProfile\": {\r\n      \"vmSize\": \"Standard_DS1_v2\"\r\n    },\r\n
        \   \"storageProfile\": {\r\n      \"imageReference\": {\r\n        \"publisher\":
        \"SUSE\",\r\n        \"offer\": \"sles-15-sp2\",\r\n        \"sku\": \"gen2\",\r\n
        \       \"version\": \"latest\",\r\n        \"exactVersion\": \"2020.12.10\"\r\n
        \     },\r\n      \"osDisk\": {\r\n        \"osType\": \"Linux\",\r\n        \"name\":
        \"os-disk\",\r\n        \"createOption\": \"FromImage\",\r\n        \"caching\":
        \"ReadWrite\",\r\n        \"managedDisk\": {\r\n          \"storageAccountType\":
        \"Premium_LRS\",\r\n          \"id\": \"/subscriptions/00000000-0000-0000-0000-000000000000/resourceGroups/clitest.rg000001/providers/Microsoft.Compute/disks/os-disk\"\r\n
        \       },\r\n        \"diskSizeGB\": 30\r\n      },\r\n      \"dataDisks\":
        []\r\n    },\r\n    \"osProfile\": {\r\n      \"computerName\": \"vm1\",\r\n
        \     \"adminUsername\": \"sd\",\r\n      \"linuxConfiguration\": {\r\n        \"disablePasswordAuthentication\":
        true,\r\n        \"ssh\": {\r\n          \"publicKeys\": [\r\n            {\r\n
        \             \"path\": \"/home/sd/.ssh/authorized_keys\",\r\n              \"keyData\":
        \"ssh-rsa AAAAB3NzaC1yc2EAAAADAQABAAABAQDySYGeTNjheO8+nC0aDR5uJHS8BjYk6MvVLkTXM/2d7WMXu6ktoFglEFoqDmmZ62leenfWonoSkOeGzD3zPT3L9GOGKTHqCaz3Y1ai7bF3ZZmTSYiuUEcTkJS5sfcUtr9pOFtIsCgbP7XPXdZs/GM8joI8DLFkPyAdAmPyLxLBCwOA78s1+lCTPc5JfEamIhpfSCZWmD2GfIli/k1xUPhnUeKb8AFeRNDQ78D2knAz02LSD+lnFrjPZ9yfMLLLQJOWgI/PMyuDI1FjaADvgC9Y0coBz6TtfubQdqu0piB4J8B3uMdSoZp5eDYaq5MrmlZQi3c1A97va2jUd/UnNitz
        sd@DESKTOP-IH24U11\\n\"\r\n            }\r\n          ]\r\n        },\r\n
        \       \"provisionVMAgent\": true,\r\n        \"patchSettings\": {\r\n          \"patchMode\":
        \"ImageDefault\"\r\n        }\r\n      },\r\n      \"secrets\": [],\r\n      \"allowExtensionOperations\":
        true,\r\n      \"requireGuestProvisionSignal\": true\r\n    },\r\n    \"networkProfile\":
        {\"networkInterfaces\":[{\"id\":\"/subscriptions/00000000-0000-0000-0000-000000000000/resourceGroups/clitest.rg000001/providers/Microsoft.Network/networkInterfaces/vm1VMNic\"}]},\r\n
        \   \"provisioningState\": \"Succeeded\",\r\n    \"instanceView\": {\r\n      \"vmAgent\":
        {\r\n        \"vmAgentVersion\": \"Unknown\",\r\n        \"statuses\": [\r\n
        \         {\r\n            \"code\": \"ProvisioningState/Unavailable\",\r\n
        \           \"level\": \"Warning\",\r\n            \"displayStatus\": \"Not
        Ready\",\r\n            \"message\": \"VM status blob is found but not yet
        populated.\",\r\n            \"time\": \"2021-01-15T11:10:28+00:00\"\r\n          }\r\n
        \       ]\r\n      },\r\n      \"disks\": [\r\n        {\r\n          \"name\":
        \"os-disk\",\r\n          \"statuses\": [\r\n            {\r\n              \"code\":
        \"ProvisioningState/succeeded\",\r\n              \"level\": \"Info\",\r\n
        \             \"displayStatus\": \"Provisioning succeeded\",\r\n              \"time\":
        \"2021-01-15T11:09:05.8863033+00:00\"\r\n            }\r\n          ]\r\n
        \       }\r\n      ],\r\n      \"hyperVGeneration\": \"V2\",\r\n      \"statuses\":
        [\r\n        {\r\n          \"code\": \"ProvisioningState/succeeded\",\r\n
        \         \"level\": \"Info\",\r\n          \"displayStatus\": \"Provisioning
        succeeded\",\r\n          \"time\": \"2021-01-15T11:10:16.1519481+00:00\"\r\n
        \       },\r\n        {\r\n          \"code\": \"PowerState/running\",\r\n
        \         \"level\": \"Info\",\r\n          \"displayStatus\": \"VM running\"\r\n
        \       }\r\n      ]\r\n    }\r\n  }\r\n}"
    headers:
      cache-control:
      - no-cache
      content-length:
      - '3622'
      content-type:
      - application/json; charset=utf-8
      date:
      - Fri, 15 Jan 2021 11:10:28 GMT
      expires:
      - '-1'
      pragma:
      - no-cache
      server:
      - Microsoft-HTTPAPI/2.0
      - Microsoft-HTTPAPI/2.0
      strict-transport-security:
      - max-age=31536000; includeSubDomains
      transfer-encoding:
      - chunked
      vary:
      - Accept-Encoding
      x-content-type-options:
      - nosniff
      x-ms-ratelimit-remaining-resource:
      - Microsoft.Compute/LowCostGet3Min;3970,Microsoft.Compute/LowCostGet30Min;31970
    status:
      code: 200
      message: OK
- request:
    body: '{"location": "westus", "tags": {}, "identity": {"type": "SystemAssigned"},
      "properties": {"hardwareProfile": {"vmSize": "Standard_DS1_v2"}, "storageProfile":
      {"imageReference": {"publisher": "SUSE", "offer": "sles-15-sp2", "sku": "gen2",
      "version": "latest"}, "osDisk": {"osType": "Linux", "name": "os-disk", "caching":
      "ReadWrite", "createOption": "FromImage", "diskSizeGB": 30, "managedDisk": {"id":
      "/subscriptions/00000000-0000-0000-0000-000000000000/resourceGroups/clitest.rg000001/providers/Microsoft.Compute/disks/os-disk",
      "storageAccountType": "Premium_LRS"}}, "dataDisks": []}, "osProfile": {"computerName":
      "vm1", "adminUsername": "sd", "linuxConfiguration": {"disablePasswordAuthentication":
      true, "ssh": {"publicKeys": [{"path": "/home/sd/.ssh/authorized_keys", "keyData":
      "ssh-rsa AAAAB3NzaC1yc2EAAAADAQABAAABAQDySYGeTNjheO8+nC0aDR5uJHS8BjYk6MvVLkTXM/2d7WMXu6ktoFglEFoqDmmZ62leenfWonoSkOeGzD3zPT3L9GOGKTHqCaz3Y1ai7bF3ZZmTSYiuUEcTkJS5sfcUtr9pOFtIsCgbP7XPXdZs/GM8joI8DLFkPyAdAmPyLxLBCwOA78s1+lCTPc5JfEamIhpfSCZWmD2GfIli/k1xUPhnUeKb8AFeRNDQ78D2knAz02LSD+lnFrjPZ9yfMLLLQJOWgI/PMyuDI1FjaADvgC9Y0coBz6TtfubQdqu0piB4J8B3uMdSoZp5eDYaq5MrmlZQi3c1A97va2jUd/UnNitz
      sd@DESKTOP-IH24U11\n"}]}, "provisionVMAgent": true}, "secrets": [], "allowExtensionOperations":
      true, "requireGuestProvisionSignal": true}, "networkProfile": {"networkInterfaces":
      [{"id": "/subscriptions/00000000-0000-0000-0000-000000000000/resourceGroups/clitest.rg000001/providers/Microsoft.Network/networkInterfaces/vm1VMNic"}]}}}'
    headers:
      Accept:
      - application/json
      Accept-Encoding:
      - gzip, deflate
      CommandName:
      - vm aem set
      Connection:
      - keep-alive
      Content-Length:
      - '1619'
      Content-Type:
      - application/json
      ParameterSetName:
      - --verbose -g -n --install-new-extension
      User-Agent:
      - AZURECLI/2.17.0 azsdk-python-azure-mgmt-compute/18.0.0 Python/3.6.9 (Linux-4.19.128-microsoft-standard-x86_64-with-Ubuntu-18.04-bionic)
    method: PUT
    uri: https://management.azure.com/subscriptions/00000000-0000-0000-0000-000000000000/resourceGroups/clitest.rg000001/providers/Microsoft.Compute/virtualMachines/vm1?api-version=2020-06-01
  response:
    body:
      string: "{\r\n  \"name\": \"vm1\",\r\n  \"id\": \"/subscriptions/00000000-0000-0000-0000-000000000000/resourceGroups/clitest.rg000001/providers/Microsoft.Compute/virtualMachines/vm1\",\r\n
        \ \"type\": \"Microsoft.Compute/virtualMachines\",\r\n  \"location\": \"westus\",\r\n
        \ \"tags\": {},\r\n  \"identity\": {\r\n    \"type\": \"SystemAssigned\",\r\n
        \   \"principalId\": \"aa9a46b0-117c-4cb9-9789-f978313056f4\",\r\n    \"tenantId\":
        \"72f988bf-86f1-41af-91ab-2d7cd011db47\"\r\n  },\r\n  \"properties\": {\r\n
        \   \"vmId\": \"2c5abaa2-148b-4007-aefa-21d8106e5a81\",\r\n    \"hardwareProfile\":
        {\r\n      \"vmSize\": \"Standard_DS1_v2\"\r\n    },\r\n    \"storageProfile\":
        {\r\n      \"imageReference\": {\r\n        \"publisher\": \"SUSE\",\r\n        \"offer\":
        \"sles-15-sp2\",\r\n        \"sku\": \"gen2\",\r\n        \"version\": \"latest\",\r\n
        \       \"exactVersion\": \"2020.12.10\"\r\n      },\r\n      \"osDisk\":
        {\r\n        \"osType\": \"Linux\",\r\n        \"name\": \"os-disk\",\r\n
        \       \"createOption\": \"FromImage\",\r\n        \"caching\": \"ReadWrite\",\r\n
        \       \"managedDisk\": {\r\n          \"storageAccountType\": \"Premium_LRS\",\r\n
        \         \"id\": \"/subscriptions/00000000-0000-0000-0000-000000000000/resourceGroups/clitest.rg000001/providers/Microsoft.Compute/disks/os-disk\"\r\n
        \       },\r\n        \"diskSizeGB\": 30\r\n      },\r\n      \"dataDisks\":
        []\r\n    },\r\n    \"osProfile\": {\r\n      \"computerName\": \"vm1\",\r\n
        \     \"adminUsername\": \"sd\",\r\n      \"linuxConfiguration\": {\r\n        \"disablePasswordAuthentication\":
        true,\r\n        \"ssh\": {\r\n          \"publicKeys\": [\r\n            {\r\n
        \             \"path\": \"/home/sd/.ssh/authorized_keys\",\r\n              \"keyData\":
        \"ssh-rsa AAAAB3NzaC1yc2EAAAADAQABAAABAQDySYGeTNjheO8+nC0aDR5uJHS8BjYk6MvVLkTXM/2d7WMXu6ktoFglEFoqDmmZ62leenfWonoSkOeGzD3zPT3L9GOGKTHqCaz3Y1ai7bF3ZZmTSYiuUEcTkJS5sfcUtr9pOFtIsCgbP7XPXdZs/GM8joI8DLFkPyAdAmPyLxLBCwOA78s1+lCTPc5JfEamIhpfSCZWmD2GfIli/k1xUPhnUeKb8AFeRNDQ78D2knAz02LSD+lnFrjPZ9yfMLLLQJOWgI/PMyuDI1FjaADvgC9Y0coBz6TtfubQdqu0piB4J8B3uMdSoZp5eDYaq5MrmlZQi3c1A97va2jUd/UnNitz
        sd@DESKTOP-IH24U11\\n\"\r\n            }\r\n          ]\r\n        },\r\n
        \       \"provisionVMAgent\": true,\r\n        \"patchSettings\": {\r\n          \"patchMode\":
        \"ImageDefault\"\r\n        }\r\n      },\r\n      \"secrets\": [],\r\n      \"allowExtensionOperations\":
        true,\r\n      \"requireGuestProvisionSignal\": true\r\n    },\r\n    \"networkProfile\":
        {\"networkInterfaces\":[{\"id\":\"/subscriptions/00000000-0000-0000-0000-000000000000/resourceGroups/clitest.rg000001/providers/Microsoft.Network/networkInterfaces/vm1VMNic\"}]},\r\n
        \   \"provisioningState\": \"Updating\"\r\n  }\r\n}"
    headers:
      azure-asyncnotification:
      - Enabled
      azure-asyncoperation:
      - https://management.azure.com/subscriptions/00000000-0000-0000-0000-000000000000/providers/Microsoft.Compute/locations/westus/operations/c93ab674-e084-4b18-9bf6-aad2399a5116?api-version=2020-06-01
      cache-control:
      - no-cache
      content-length:
      - '2623'
      content-type:
      - application/json; charset=utf-8
      date:
      - Fri, 15 Jan 2021 11:10:36 GMT
      expires:
      - '-1'
      pragma:
      - no-cache
      server:
      - Microsoft-HTTPAPI/2.0
      - Microsoft-HTTPAPI/2.0
      strict-transport-security:
      - max-age=31536000; includeSubDomains
      transfer-encoding:
      - chunked
      vary:
      - Accept-Encoding
      x-content-type-options:
      - nosniff
      x-ms-ratelimit-remaining-resource:
      - Microsoft.Compute/PutVM3Min;233,Microsoft.Compute/PutVM30Min;1193
      x-ms-ratelimit-remaining-subscription-writes:
      - '1198'
    status:
      code: 200
      message: OK
- request:
    body: null
    headers:
      Accept:
      - '*/*'
      Accept-Encoding:
      - gzip, deflate
      CommandName:
      - vm aem set
      Connection:
      - keep-alive
      ParameterSetName:
      - --verbose -g -n --install-new-extension
      User-Agent:
      - AZURECLI/2.17.0 azsdk-python-azure-mgmt-compute/18.0.0 Python/3.6.9 (Linux-4.19.128-microsoft-standard-x86_64-with-Ubuntu-18.04-bionic)
    method: GET
    uri: https://management.azure.com/subscriptions/00000000-0000-0000-0000-000000000000/providers/Microsoft.Compute/locations/westus/operations/c93ab674-e084-4b18-9bf6-aad2399a5116?api-version=2020-06-01
  response:
    body:
      string: "{\r\n  \"startTime\": \"2021-01-15T11:10:35.8706916+00:00\",\r\n  \"endTime\":
        \"2021-01-15T11:10:40.5269377+00:00\",\r\n  \"status\": \"Succeeded\",\r\n
        \ \"name\": \"c93ab674-e084-4b18-9bf6-aad2399a5116\"\r\n}"
    headers:
      cache-control:
      - no-cache
      content-length:
      - '184'
      content-type:
      - application/json; charset=utf-8
      date:
      - Fri, 15 Jan 2021 11:11:06 GMT
      expires:
      - '-1'
      pragma:
      - no-cache
      server:
      - Microsoft-HTTPAPI/2.0
      - Microsoft-HTTPAPI/2.0
      strict-transport-security:
      - max-age=31536000; includeSubDomains
      transfer-encoding:
      - chunked
      vary:
      - Accept-Encoding
      x-content-type-options:
      - nosniff
      x-ms-ratelimit-remaining-resource:
      - Microsoft.Compute/GetOperation3Min;14984,Microsoft.Compute/GetOperation30Min;29984
    status:
      code: 200
      message: OK
- request:
    body: null
    headers:
      Accept:
      - '*/*'
      Accept-Encoding:
      - gzip, deflate
      CommandName:
      - vm aem set
      Connection:
      - keep-alive
      ParameterSetName:
      - --verbose -g -n --install-new-extension
      User-Agent:
      - AZURECLI/2.17.0 azsdk-python-azure-mgmt-compute/18.0.0 Python/3.6.9 (Linux-4.19.128-microsoft-standard-x86_64-with-Ubuntu-18.04-bionic)
    method: GET
    uri: https://management.azure.com/subscriptions/00000000-0000-0000-0000-000000000000/resourceGroups/clitest.rg000001/providers/Microsoft.Compute/virtualMachines/vm1?api-version=2020-06-01
  response:
    body:
      string: "{\r\n  \"name\": \"vm1\",\r\n  \"id\": \"/subscriptions/00000000-0000-0000-0000-000000000000/resourceGroups/clitest.rg000001/providers/Microsoft.Compute/virtualMachines/vm1\",\r\n
        \ \"type\": \"Microsoft.Compute/virtualMachines\",\r\n  \"location\": \"westus\",\r\n
        \ \"tags\": {},\r\n  \"identity\": {\r\n    \"type\": \"SystemAssigned\",\r\n
        \   \"principalId\": \"aa9a46b0-117c-4cb9-9789-f978313056f4\",\r\n    \"tenantId\":
        \"72f988bf-86f1-41af-91ab-2d7cd011db47\"\r\n  },\r\n  \"properties\": {\r\n
        \   \"vmId\": \"2c5abaa2-148b-4007-aefa-21d8106e5a81\",\r\n    \"hardwareProfile\":
        {\r\n      \"vmSize\": \"Standard_DS1_v2\"\r\n    },\r\n    \"storageProfile\":
        {\r\n      \"imageReference\": {\r\n        \"publisher\": \"SUSE\",\r\n        \"offer\":
        \"sles-15-sp2\",\r\n        \"sku\": \"gen2\",\r\n        \"version\": \"latest\",\r\n
        \       \"exactVersion\": \"2020.12.10\"\r\n      },\r\n      \"osDisk\":
        {\r\n        \"osType\": \"Linux\",\r\n        \"name\": \"os-disk\",\r\n
        \       \"createOption\": \"FromImage\",\r\n        \"caching\": \"ReadWrite\",\r\n
        \       \"managedDisk\": {\r\n          \"storageAccountType\": \"Premium_LRS\",\r\n
        \         \"id\": \"/subscriptions/00000000-0000-0000-0000-000000000000/resourceGroups/clitest.rg000001/providers/Microsoft.Compute/disks/os-disk\"\r\n
        \       },\r\n        \"diskSizeGB\": 30\r\n      },\r\n      \"dataDisks\":
        []\r\n    },\r\n    \"osProfile\": {\r\n      \"computerName\": \"vm1\",\r\n
        \     \"adminUsername\": \"sd\",\r\n      \"linuxConfiguration\": {\r\n        \"disablePasswordAuthentication\":
        true,\r\n        \"ssh\": {\r\n          \"publicKeys\": [\r\n            {\r\n
        \             \"path\": \"/home/sd/.ssh/authorized_keys\",\r\n              \"keyData\":
        \"ssh-rsa AAAAB3NzaC1yc2EAAAADAQABAAABAQDySYGeTNjheO8+nC0aDR5uJHS8BjYk6MvVLkTXM/2d7WMXu6ktoFglEFoqDmmZ62leenfWonoSkOeGzD3zPT3L9GOGKTHqCaz3Y1ai7bF3ZZmTSYiuUEcTkJS5sfcUtr9pOFtIsCgbP7XPXdZs/GM8joI8DLFkPyAdAmPyLxLBCwOA78s1+lCTPc5JfEamIhpfSCZWmD2GfIli/k1xUPhnUeKb8AFeRNDQ78D2knAz02LSD+lnFrjPZ9yfMLLLQJOWgI/PMyuDI1FjaADvgC9Y0coBz6TtfubQdqu0piB4J8B3uMdSoZp5eDYaq5MrmlZQi3c1A97va2jUd/UnNitz
        sd@DESKTOP-IH24U11\\n\"\r\n            }\r\n          ]\r\n        },\r\n
        \       \"provisionVMAgent\": true,\r\n        \"patchSettings\": {\r\n          \"patchMode\":
        \"ImageDefault\"\r\n        }\r\n      },\r\n      \"secrets\": [],\r\n      \"allowExtensionOperations\":
        true,\r\n      \"requireGuestProvisionSignal\": true\r\n    },\r\n    \"networkProfile\":
        {\"networkInterfaces\":[{\"id\":\"/subscriptions/00000000-0000-0000-0000-000000000000/resourceGroups/clitest.rg000001/providers/Microsoft.Network/networkInterfaces/vm1VMNic\"}]},\r\n
        \   \"provisioningState\": \"Succeeded\"\r\n  }\r\n}"
    headers:
      cache-control:
      - no-cache
      content-length:
      - '2624'
      content-type:
      - application/json; charset=utf-8
      date:
      - Fri, 15 Jan 2021 11:11:06 GMT
      expires:
      - '-1'
      pragma:
      - no-cache
      server:
      - Microsoft-HTTPAPI/2.0
      - Microsoft-HTTPAPI/2.0
      strict-transport-security:
      - max-age=31536000; includeSubDomains
      transfer-encoding:
      - chunked
      vary:
      - Accept-Encoding
      x-content-type-options:
      - nosniff
      x-ms-ratelimit-remaining-resource:
      - Microsoft.Compute/LowCostGet3Min;3966,Microsoft.Compute/LowCostGet30Min;31966
    status:
      code: 200
      message: OK
- request:
    body: null
    headers:
      Accept:
      - application/json
      Accept-Encoding:
      - gzip, deflate
      CommandName:
      - vm aem set
      Connection:
      - keep-alive
      ParameterSetName:
      - --verbose -g -n --install-new-extension
      User-Agent:
      - python/3.6.9 (Linux-4.19.128-microsoft-standard-x86_64-with-Ubuntu-18.04-bionic)
        msrest/0.6.19 msrest_azure/0.6.4 azure-mgmt-authorization/0.61.0 Azure-SDK-For-Python
        AZURECLI/2.17.0
      accept-language:
      - en-US
    method: GET
    uri: https://management.azure.com/subscriptions/00000000-0000-0000-0000-000000000000/resourceGroups/clitest.rg000001/providers/Microsoft.Authorization/roleAssignments?api-version=2020-04-01-preview
  response:
    body:
      string: '{"value":[{"properties":{"roleDefinitionId":"/subscriptions/00000000-0000-0000-0000-000000000000/providers/Microsoft.Authorization/roleDefinitions/8e3af657-a8ff-443c-a75c-2fe8c4bcb635","principalId":"92a194c2-f34a-4690-999c-a331cf7ca5a5","principalType":"ServicePrincipal","scope":"/subscriptions/00000000-0000-0000-0000-000000000000","condition":null,"conditionVersion":null,"createdOn":"2020-01-10T10:38:25.1774079Z","updatedOn":"2020-01-10T10:38:25.1774079Z","createdBy":"b2c0743b-7f46-48a2-8ae0-cd98a49daa17","updatedBy":"b2c0743b-7f46-48a2-8ae0-cd98a49daa17","delegatedManagedIdentityResourceId":null,"description":null},"id":"/subscriptions/00000000-0000-0000-0000-000000000000/providers/Microsoft.Authorization/roleAssignments/15f7da34-7e76-40d8-8e9c-d8b2d47c6304","type":"Microsoft.Authorization/roleAssignments","name":"15f7da34-7e76-40d8-8e9c-d8b2d47c6304"},{"properties":{"roleDefinitionId":"/subscriptions/00000000-0000-0000-0000-000000000000/providers/Microsoft.Authorization/roleDefinitions/8e3af657-a8ff-443c-a75c-2fe8c4bcb635","principalId":"b2eba440-fa0d-4a29-a374-e6d8ae3a9a84","principalType":"ServicePrincipal","scope":"/subscriptions/00000000-0000-0000-0000-000000000000","condition":null,"conditionVersion":null,"createdOn":"2021-01-11T16:39:28.4931741Z","updatedOn":"2021-01-11T16:39:28.4931741Z","createdBy":"b2c0743b-7f46-48a2-8ae0-cd98a49daa17","updatedBy":"b2c0743b-7f46-48a2-8ae0-cd98a49daa17","delegatedManagedIdentityResourceId":null,"description":null},"id":"/subscriptions/00000000-0000-0000-0000-000000000000/providers/Microsoft.Authorization/roleAssignments/02b25c7e-c62b-4592-a9da-2670fb470043","type":"Microsoft.Authorization/roleAssignments","name":"02b25c7e-c62b-4592-a9da-2670fb470043"},{"properties":{"roleDefinitionId":"/subscriptions/00000000-0000-0000-0000-000000000000/providers/Microsoft.Authorization/roleDefinitions/b24988ac-6180-42a0-ab88-20f7382dd24c","principalId":"4f3619ae-3c0a-4eb7-9c6a-ef3ccabec0dc","principalType":"ServicePrincipal","scope":"/subscriptions/00000000-0000-0000-0000-000000000000","condition":null,"conditionVersion":null,"createdOn":"2020-10-01T14:37:05.2923744Z","updatedOn":"2020-10-01T14:37:05.2923744Z","createdBy":"b2c0743b-7f46-48a2-8ae0-cd98a49daa17","updatedBy":"b2c0743b-7f46-48a2-8ae0-cd98a49daa17","delegatedManagedIdentityResourceId":null,"description":null},"id":"/subscriptions/00000000-0000-0000-0000-000000000000/providers/Microsoft.Authorization/roleAssignments/4fa1ac13-f0b4-465f-85b9-e466ae7c24b1","type":"Microsoft.Authorization/roleAssignments","name":"4fa1ac13-f0b4-465f-85b9-e466ae7c24b1"},{"properties":{"roleDefinitionId":"/subscriptions/00000000-0000-0000-0000-000000000000/providers/Microsoft.Authorization/roleDefinitions/acdd72a7-3385-48ef-bd42-f606fba81ae7","principalId":"5c617d2b-99f8-4c90-98fe-dfe040fa33c1","principalType":"ServicePrincipal","scope":"/","condition":null,"conditionVersion":null,"createdOn":"2018-02-27T19:19:50.2663941Z","updatedOn":"2018-02-27T19:19:50.2663941Z","createdBy":null,"updatedBy":null,"delegatedManagedIdentityResourceId":null,"description":null},"id":"/providers/Microsoft.Authorization/roleAssignments/3e883d24-b106-42ff-ad13-d7bf271b964d","type":"Microsoft.Authorization/roleAssignments","name":"3e883d24-b106-42ff-ad13-d7bf271b964d"},{"properties":{"roleDefinitionId":"/subscriptions/00000000-0000-0000-0000-000000000000/providers/Microsoft.Authorization/roleDefinitions/acdd72a7-3385-48ef-bd42-f606fba81ae7","principalId":"ce2366a6-64d7-441b-939c-c9d23f91cccd","principalType":"ServicePrincipal","scope":"/providers/Microsoft.Management/managementGroups/72f988bf-86f1-41af-91ab-2d7cd011db47","condition":null,"conditionVersion":null,"createdOn":"2020-03-12T20:43:06.5941189Z","updatedOn":"2020-03-12T20:43:06.5941189Z","createdBy":"606f48c8-d219-4875-991d-ae6befaf0756","updatedBy":"606f48c8-d219-4875-991d-ae6befaf0756","delegatedManagedIdentityResourceId":null,"description":null},"id":"/providers/Microsoft.Management/managementGroups/72f988bf-86f1-41af-91ab-2d7cd011db47/providers/Microsoft.Authorization/roleAssignments/ad9e2cd7-0ff7-4931-9b17-656c8f17934b","type":"Microsoft.Authorization/roleAssignments","name":"ad9e2cd7-0ff7-4931-9b17-656c8f17934b"}]}'
    headers:
      cache-control:
      - no-cache
      content-length:
      - '4200'
      content-type:
      - application/json; charset=utf-8
      date:
      - Fri, 15 Jan 2021 11:11:07 GMT
      expires:
      - '-1'
      pragma:
      - no-cache
      set-cookie:
      - x-ms-gateway-slice=Production; path=/; secure; samesite=none; httponly
      strict-transport-security:
      - max-age=31536000; includeSubDomains
      transfer-encoding:
      - chunked
      vary:
      - Accept-Encoding
      x-content-type-options:
      - nosniff
    status:
      code: 200
      message: OK
- request:
    body: '{"properties": {"roleDefinitionId": "/subscriptions/00000000-0000-0000-0000-000000000000/resourceGroups/clitest.rg000001/providers/Microsoft.Authorization/roleDefinitions/acdd72a7-3385-48ef-bd42-f606fba81ae7",
      "principalId": "aa9a46b0-117c-4cb9-9789-f978313056f4"}}'
    headers:
      Accept:
      - application/json
      Accept-Encoding:
      - gzip, deflate
      CommandName:
      - vm aem set
      Connection:
      - keep-alive
      Content-Length:
      - '324'
      Content-Type:
      - application/json; charset=utf-8
      Cookie:
      - x-ms-gateway-slice=Production
      ParameterSetName:
      - --verbose -g -n --install-new-extension
      User-Agent:
      - python/3.6.9 (Linux-4.19.128-microsoft-standard-x86_64-with-Ubuntu-18.04-bionic)
        msrest/0.6.19 msrest_azure/0.6.4 azure-mgmt-authorization/0.61.0 Azure-SDK-For-Python
        AZURECLI/2.17.0
      accept-language:
      - en-US
    method: PUT
    uri: https://management.azure.com/subscriptions/00000000-0000-0000-0000-000000000000/resourceGroups/clitest.rg000001/providers/Microsoft.Authorization/roleAssignments/e4e8abba-da19-3a0c-b99b-62deba742304?api-version=2020-04-01-preview
  response:
    body:
      string: '{"properties":{"roleDefinitionId":"/subscriptions/00000000-0000-0000-0000-000000000000/providers/Microsoft.Authorization/roleDefinitions/acdd72a7-3385-48ef-bd42-f606fba81ae7","principalId":"aa9a46b0-117c-4cb9-9789-f978313056f4","principalType":"ServicePrincipal","scope":"/subscriptions/00000000-0000-0000-0000-000000000000/resourceGroups/clitest.rg000001","condition":null,"conditionVersion":null,"createdOn":"2021-01-15T11:11:09.2894923Z","updatedOn":"2021-01-15T11:11:09.4694948Z","createdBy":null,"updatedBy":"b2eba440-fa0d-4a29-a374-e6d8ae3a9a84","delegatedManagedIdentityResourceId":null,"description":null},"id":"/subscriptions/00000000-0000-0000-0000-000000000000/resourceGroups/clitest.rg000001/providers/Microsoft.Authorization/roleAssignments/e4e8abba-da19-3a0c-b99b-62deba742304","type":"Microsoft.Authorization/roleAssignments","name":"e4e8abba-da19-3a0c-b99b-62deba742304"}'
    headers:
      cache-control:
      - no-cache
      content-length:
      - '1005'
      content-type:
      - application/json; charset=utf-8
      date:
      - Fri, 15 Jan 2021 11:11:09 GMT
      expires:
      - '-1'
      pragma:
      - no-cache
      set-cookie:
      - x-ms-gateway-slice=Production; path=/; secure; samesite=none; httponly
      strict-transport-security:
      - max-age=31536000; includeSubDomains
      x-content-type-options:
      - nosniff
      x-ms-ratelimit-remaining-subscription-writes:
      - '1199'
    status:
      code: 201
      message: Created
- request:
    body: '{"location": "westus", "properties": {"publisher": "Microsoft.AzureCAT.AzureEnhancedMonitoring",
      "type": "MonitorX64Linux", "typeHandlerVersion": "1.0", "autoUpgradeMinorVersion":
      true, "settings": {"system": "SAP"}}}'
    headers:
      Accept:
      - application/json
      Accept-Encoding:
      - gzip, deflate
      CommandName:
      - vm aem set
      Connection:
      - keep-alive
      Content-Length:
      - '217'
      Content-Type:
      - application/json
      ParameterSetName:
      - --verbose -g -n --install-new-extension
      User-Agent:
      - AZURECLI/2.17.0 azsdk-python-azure-mgmt-compute/18.0.0 Python/3.6.9 (Linux-4.19.128-microsoft-standard-x86_64-with-Ubuntu-18.04-bionic)
    method: PUT
    uri: https://management.azure.com/subscriptions/00000000-0000-0000-0000-000000000000/resourceGroups/clitest.rg000001/providers/Microsoft.Compute/virtualMachines/vm1/extensions/MonitorX64Linux?api-version=2020-06-01
  response:
    body:
      string: "{\r\n  \"name\": \"MonitorX64Linux\",\r\n  \"id\": \"/subscriptions/00000000-0000-0000-0000-000000000000/resourceGroups/clitest.rg000001/providers/Microsoft.Compute/virtualMachines/vm1/extensions/MonitorX64Linux\",\r\n
        \ \"type\": \"Microsoft.Compute/virtualMachines/extensions\",\r\n  \"location\":
        \"westus\",\r\n  \"properties\": {\r\n    \"autoUpgradeMinorVersion\": true,\r\n
        \   \"provisioningState\": \"Creating\",\r\n    \"publisher\": \"Microsoft.AzureCAT.AzureEnhancedMonitoring\",\r\n
        \   \"type\": \"MonitorX64Linux\",\r\n    \"typeHandlerVersion\": \"1.0\",\r\n
        \   \"settings\": {\"system\":\"SAP\"}\r\n  }\r\n}"
    headers:
      azure-asyncnotification:
      - Enabled
      azure-asyncoperation:
      - https://management.azure.com/subscriptions/00000000-0000-0000-0000-000000000000/providers/Microsoft.Compute/locations/westus/operations/944c9caf-cd1a-4e98-980d-09958199b370?api-version=2020-06-01
      cache-control:
      - no-cache
      content-length:
      - '612'
      content-type:
      - application/json; charset=utf-8
      date:
      - Fri, 15 Jan 2021 11:11:14 GMT
      expires:
      - '-1'
      pragma:
      - no-cache
      server:
      - Microsoft-HTTPAPI/2.0
      - Microsoft-HTTPAPI/2.0
      strict-transport-security:
      - max-age=31536000; includeSubDomains
      x-content-type-options:
      - nosniff
      x-ms-ratelimit-remaining-resource:
      - Microsoft.Compute/UpdateVM3Min;236,Microsoft.Compute/UpdateVM30Min;1196
      x-ms-ratelimit-remaining-subscription-writes:
      - '1197'
    status:
      code: 201
      message: Created
- request:
    body: null
    headers:
      Accept:
      - '*/*'
      Accept-Encoding:
      - gzip, deflate
      CommandName:
      - vm aem set
      Connection:
      - keep-alive
      ParameterSetName:
      - --verbose -g -n --install-new-extension
      User-Agent:
      - AZURECLI/2.17.0 azsdk-python-azure-mgmt-compute/18.0.0 Python/3.6.9 (Linux-4.19.128-microsoft-standard-x86_64-with-Ubuntu-18.04-bionic)
    method: GET
    uri: https://management.azure.com/subscriptions/00000000-0000-0000-0000-000000000000/providers/Microsoft.Compute/locations/westus/operations/944c9caf-cd1a-4e98-980d-09958199b370?api-version=2020-06-01
  response:
    body:
      string: "{\r\n  \"startTime\": \"2021-01-15T11:11:13.5269678+00:00\",\r\n  \"status\":
        \"InProgress\",\r\n  \"name\": \"944c9caf-cd1a-4e98-980d-09958199b370\"\r\n}"
    headers:
      cache-control:
      - no-cache
      content-length:
      - '134'
      content-type:
      - application/json; charset=utf-8
      date:
      - Fri, 15 Jan 2021 11:11:43 GMT
      expires:
      - '-1'
      pragma:
      - no-cache
      server:
      - Microsoft-HTTPAPI/2.0
      - Microsoft-HTTPAPI/2.0
      strict-transport-security:
      - max-age=31536000; includeSubDomains
      transfer-encoding:
      - chunked
      vary:
      - Accept-Encoding
      x-content-type-options:
      - nosniff
      x-ms-ratelimit-remaining-resource:
      - Microsoft.Compute/GetOperation3Min;14980,Microsoft.Compute/GetOperation30Min;29980
    status:
      code: 200
      message: OK
- request:
    body: null
    headers:
      Accept:
      - '*/*'
      Accept-Encoding:
      - gzip, deflate
      CommandName:
      - vm aem set
      Connection:
      - keep-alive
      ParameterSetName:
      - --verbose -g -n --install-new-extension
      User-Agent:
      - AZURECLI/2.17.0 azsdk-python-azure-mgmt-compute/18.0.0 Python/3.6.9 (Linux-4.19.128-microsoft-standard-x86_64-with-Ubuntu-18.04-bionic)
    method: GET
    uri: https://management.azure.com/subscriptions/00000000-0000-0000-0000-000000000000/providers/Microsoft.Compute/locations/westus/operations/944c9caf-cd1a-4e98-980d-09958199b370?api-version=2020-06-01
  response:
    body:
      string: "{\r\n  \"startTime\": \"2021-01-15T11:11:13.5269678+00:00\",\r\n  \"endTime\":
        \"2021-01-15T11:11:48.4957201+00:00\",\r\n  \"status\": \"Succeeded\",\r\n
        \ \"name\": \"944c9caf-cd1a-4e98-980d-09958199b370\"\r\n}"
    headers:
      cache-control:
      - no-cache
      content-length:
      - '184'
      content-type:
      - application/json; charset=utf-8
      date:
      - Fri, 15 Jan 2021 11:12:14 GMT
      expires:
      - '-1'
      pragma:
      - no-cache
      server:
      - Microsoft-HTTPAPI/2.0
      - Microsoft-HTTPAPI/2.0
      strict-transport-security:
      - max-age=31536000; includeSubDomains
      transfer-encoding:
      - chunked
      vary:
      - Accept-Encoding
      x-content-type-options:
      - nosniff
      x-ms-ratelimit-remaining-resource:
      - Microsoft.Compute/GetOperation3Min;14976,Microsoft.Compute/GetOperation30Min;29972
    status:
      code: 200
      message: OK
- request:
    body: null
    headers:
      Accept:
      - '*/*'
      Accept-Encoding:
      - gzip, deflate
      CommandName:
      - vm aem set
      Connection:
      - keep-alive
      ParameterSetName:
      - --verbose -g -n --install-new-extension
      User-Agent:
      - AZURECLI/2.17.0 azsdk-python-azure-mgmt-compute/18.0.0 Python/3.6.9 (Linux-4.19.128-microsoft-standard-x86_64-with-Ubuntu-18.04-bionic)
    method: GET
    uri: https://management.azure.com/subscriptions/00000000-0000-0000-0000-000000000000/resourceGroups/clitest.rg000001/providers/Microsoft.Compute/virtualMachines/vm1/extensions/MonitorX64Linux?api-version=2020-06-01
  response:
    body:
      string: "{\r\n  \"name\": \"MonitorX64Linux\",\r\n  \"id\": \"/subscriptions/00000000-0000-0000-0000-000000000000/resourceGroups/clitest.rg000001/providers/Microsoft.Compute/virtualMachines/vm1/extensions/MonitorX64Linux\",\r\n
        \ \"type\": \"Microsoft.Compute/virtualMachines/extensions\",\r\n  \"location\":
        \"westus\",\r\n  \"properties\": {\r\n    \"autoUpgradeMinorVersion\": true,\r\n
        \   \"provisioningState\": \"Succeeded\",\r\n    \"publisher\": \"Microsoft.AzureCAT.AzureEnhancedMonitoring\",\r\n
        \   \"type\": \"MonitorX64Linux\",\r\n    \"typeHandlerVersion\": \"1.0\",\r\n
        \   \"settings\": {\"system\":\"SAP\"}\r\n  }\r\n}"
    headers:
      cache-control:
      - no-cache
      content-length:
      - '613'
      content-type:
      - application/json; charset=utf-8
      date:
      - Fri, 15 Jan 2021 11:12:15 GMT
      expires:
      - '-1'
      pragma:
      - no-cache
      server:
      - Microsoft-HTTPAPI/2.0
      - Microsoft-HTTPAPI/2.0
      strict-transport-security:
      - max-age=31536000; includeSubDomains
      transfer-encoding:
      - chunked
      vary:
      - Accept-Encoding
      x-content-type-options:
      - nosniff
      x-ms-ratelimit-remaining-resource:
      - Microsoft.Compute/LowCostGet3Min;3951,Microsoft.Compute/LowCostGet30Min;31948
    status:
      code: 200
      message: OK
- request:
    body: null
    headers:
      Accept:
      - application/json
      Accept-Encoding:
      - gzip, deflate
      CommandName:
      - vm show
      Connection:
      - keep-alive
      ParameterSetName:
      - -g -n
      User-Agent:
      - AZURECLI/2.17.0 azsdk-python-azure-mgmt-compute/18.0.0 Python/3.6.9 (Linux-4.19.128-microsoft-standard-x86_64-with-Ubuntu-18.04-bionic)
    method: GET
    uri: https://management.azure.com/subscriptions/00000000-0000-0000-0000-000000000000/resourceGroups/clitest.rg000001/providers/Microsoft.Compute/virtualMachines/vm1?api-version=2020-06-01
  response:
    body:
      string: "{\r\n  \"name\": \"vm1\",\r\n  \"id\": \"/subscriptions/00000000-0000-0000-0000-000000000000/resourceGroups/clitest.rg000001/providers/Microsoft.Compute/virtualMachines/vm1\",\r\n
        \ \"type\": \"Microsoft.Compute/virtualMachines\",\r\n  \"location\": \"westus\",\r\n
        \ \"tags\": {},\r\n  \"identity\": {\r\n    \"type\": \"SystemAssigned\",\r\n
        \   \"principalId\": \"aa9a46b0-117c-4cb9-9789-f978313056f4\",\r\n    \"tenantId\":
        \"72f988bf-86f1-41af-91ab-2d7cd011db47\"\r\n  },\r\n  \"properties\": {\r\n
        \   \"vmId\": \"2c5abaa2-148b-4007-aefa-21d8106e5a81\",\r\n    \"hardwareProfile\":
        {\r\n      \"vmSize\": \"Standard_DS1_v2\"\r\n    },\r\n    \"storageProfile\":
        {\r\n      \"imageReference\": {\r\n        \"publisher\": \"SUSE\",\r\n        \"offer\":
        \"sles-15-sp2\",\r\n        \"sku\": \"gen2\",\r\n        \"version\": \"latest\",\r\n
        \       \"exactVersion\": \"2020.12.10\"\r\n      },\r\n      \"osDisk\":
        {\r\n        \"osType\": \"Linux\",\r\n        \"name\": \"os-disk\",\r\n
        \       \"createOption\": \"FromImage\",\r\n        \"caching\": \"ReadWrite\",\r\n
        \       \"managedDisk\": {\r\n          \"storageAccountType\": \"Premium_LRS\",\r\n
        \         \"id\": \"/subscriptions/00000000-0000-0000-0000-000000000000/resourceGroups/clitest.rg000001/providers/Microsoft.Compute/disks/os-disk\"\r\n
        \       },\r\n        \"diskSizeGB\": 30\r\n      },\r\n      \"dataDisks\":
        []\r\n    },\r\n    \"osProfile\": {\r\n      \"computerName\": \"vm1\",\r\n
        \     \"adminUsername\": \"sd\",\r\n      \"linuxConfiguration\": {\r\n        \"disablePasswordAuthentication\":
        true,\r\n        \"ssh\": {\r\n          \"publicKeys\": [\r\n            {\r\n
        \             \"path\": \"/home/sd/.ssh/authorized_keys\",\r\n              \"keyData\":
        \"ssh-rsa AAAAB3NzaC1yc2EAAAADAQABAAABAQDySYGeTNjheO8+nC0aDR5uJHS8BjYk6MvVLkTXM/2d7WMXu6ktoFglEFoqDmmZ62leenfWonoSkOeGzD3zPT3L9GOGKTHqCaz3Y1ai7bF3ZZmTSYiuUEcTkJS5sfcUtr9pOFtIsCgbP7XPXdZs/GM8joI8DLFkPyAdAmPyLxLBCwOA78s1+lCTPc5JfEamIhpfSCZWmD2GfIli/k1xUPhnUeKb8AFeRNDQ78D2knAz02LSD+lnFrjPZ9yfMLLLQJOWgI/PMyuDI1FjaADvgC9Y0coBz6TtfubQdqu0piB4J8B3uMdSoZp5eDYaq5MrmlZQi3c1A97va2jUd/UnNitz
        sd@DESKTOP-IH24U11\\n\"\r\n            }\r\n          ]\r\n        },\r\n
        \       \"provisionVMAgent\": true,\r\n        \"patchSettings\": {\r\n          \"patchMode\":
        \"ImageDefault\"\r\n        }\r\n      },\r\n      \"secrets\": [],\r\n      \"allowExtensionOperations\":
        true,\r\n      \"requireGuestProvisionSignal\": true\r\n    },\r\n    \"networkProfile\":
        {\"networkInterfaces\":[{\"id\":\"/subscriptions/00000000-0000-0000-0000-000000000000/resourceGroups/clitest.rg000001/providers/Microsoft.Network/networkInterfaces/vm1VMNic\"}]},\r\n
        \   \"provisioningState\": \"Succeeded\"\r\n  },\r\n  \"resources\": [\r\n
        \   {\r\n      \"name\": \"MonitorX64Linux\",\r\n      \"id\": \"/subscriptions/00000000-0000-0000-0000-000000000000/resourceGroups/clitest.rg000001/providers/Microsoft.Compute/virtualMachines/vm1/extensions/MonitorX64Linux\",\r\n
        \     \"type\": \"Microsoft.Compute/virtualMachines/extensions\",\r\n      \"location\":
        \"westus\",\r\n      \"properties\": {\r\n        \"autoUpgradeMinorVersion\":
        true,\r\n        \"provisioningState\": \"Succeeded\",\r\n        \"publisher\":
        \"Microsoft.AzureCAT.AzureEnhancedMonitoring\",\r\n        \"type\": \"MonitorX64Linux\",\r\n
        \       \"typeHandlerVersion\": \"1.0\",\r\n        \"settings\": {\"system\":\"SAP\"}\r\n
        \     }\r\n    }\r\n  ]\r\n}"
    headers:
      cache-control:
      - no-cache
      content-length:
      - '3319'
      content-type:
      - application/json; charset=utf-8
      date:
      - Fri, 15 Jan 2021 11:12:15 GMT
      expires:
      - '-1'
      pragma:
      - no-cache
      server:
      - Microsoft-HTTPAPI/2.0
      - Microsoft-HTTPAPI/2.0
      strict-transport-security:
      - max-age=31536000; includeSubDomains
      transfer-encoding:
      - chunked
      vary:
      - Accept-Encoding
      x-content-type-options:
      - nosniff
      x-ms-ratelimit-remaining-resource:
      - Microsoft.Compute/LowCostGet3Min;3950,Microsoft.Compute/LowCostGet30Min;31947
    status:
      code: 200
      message: OK
- request:
    body: null
    headers:
      Accept:
      - application/json
      Accept-Encoding:
      - gzip, deflate
      CommandName:
      - vm extension list
      Connection:
      - keep-alive
      ParameterSetName:
      - -g --vm-name
      User-Agent:
      - AZURECLI/2.17.0 azsdk-python-azure-mgmt-compute/18.0.0 Python/3.6.9 (Linux-4.19.128-microsoft-standard-x86_64-with-Ubuntu-18.04-bionic)
    method: GET
    uri: https://management.azure.com/subscriptions/00000000-0000-0000-0000-000000000000/resourceGroups/clitest.rg000001/providers/Microsoft.Compute/virtualMachines/vm1?api-version=2020-06-01
  response:
    body:
      string: "{\r\n  \"name\": \"vm1\",\r\n  \"id\": \"/subscriptions/00000000-0000-0000-0000-000000000000/resourceGroups/clitest.rg000001/providers/Microsoft.Compute/virtualMachines/vm1\",\r\n
        \ \"type\": \"Microsoft.Compute/virtualMachines\",\r\n  \"location\": \"westus\",\r\n
        \ \"tags\": {},\r\n  \"identity\": {\r\n    \"type\": \"SystemAssigned\",\r\n
        \   \"principalId\": \"aa9a46b0-117c-4cb9-9789-f978313056f4\",\r\n    \"tenantId\":
        \"72f988bf-86f1-41af-91ab-2d7cd011db47\"\r\n  },\r\n  \"properties\": {\r\n
        \   \"vmId\": \"2c5abaa2-148b-4007-aefa-21d8106e5a81\",\r\n    \"hardwareProfile\":
        {\r\n      \"vmSize\": \"Standard_DS1_v2\"\r\n    },\r\n    \"storageProfile\":
        {\r\n      \"imageReference\": {\r\n        \"publisher\": \"SUSE\",\r\n        \"offer\":
        \"sles-15-sp2\",\r\n        \"sku\": \"gen2\",\r\n        \"version\": \"latest\",\r\n
        \       \"exactVersion\": \"2020.12.10\"\r\n      },\r\n      \"osDisk\":
        {\r\n        \"osType\": \"Linux\",\r\n        \"name\": \"os-disk\",\r\n
        \       \"createOption\": \"FromImage\",\r\n        \"caching\": \"ReadWrite\",\r\n
        \       \"managedDisk\": {\r\n          \"storageAccountType\": \"Premium_LRS\",\r\n
        \         \"id\": \"/subscriptions/00000000-0000-0000-0000-000000000000/resourceGroups/clitest.rg000001/providers/Microsoft.Compute/disks/os-disk\"\r\n
        \       },\r\n        \"diskSizeGB\": 30\r\n      },\r\n      \"dataDisks\":
        []\r\n    },\r\n    \"osProfile\": {\r\n      \"computerName\": \"vm1\",\r\n
        \     \"adminUsername\": \"sd\",\r\n      \"linuxConfiguration\": {\r\n        \"disablePasswordAuthentication\":
        true,\r\n        \"ssh\": {\r\n          \"publicKeys\": [\r\n            {\r\n
        \             \"path\": \"/home/sd/.ssh/authorized_keys\",\r\n              \"keyData\":
        \"ssh-rsa AAAAB3NzaC1yc2EAAAADAQABAAABAQDySYGeTNjheO8+nC0aDR5uJHS8BjYk6MvVLkTXM/2d7WMXu6ktoFglEFoqDmmZ62leenfWonoSkOeGzD3zPT3L9GOGKTHqCaz3Y1ai7bF3ZZmTSYiuUEcTkJS5sfcUtr9pOFtIsCgbP7XPXdZs/GM8joI8DLFkPyAdAmPyLxLBCwOA78s1+lCTPc5JfEamIhpfSCZWmD2GfIli/k1xUPhnUeKb8AFeRNDQ78D2knAz02LSD+lnFrjPZ9yfMLLLQJOWgI/PMyuDI1FjaADvgC9Y0coBz6TtfubQdqu0piB4J8B3uMdSoZp5eDYaq5MrmlZQi3c1A97va2jUd/UnNitz
        sd@DESKTOP-IH24U11\\n\"\r\n            }\r\n          ]\r\n        },\r\n
        \       \"provisionVMAgent\": true,\r\n        \"patchSettings\": {\r\n          \"patchMode\":
        \"ImageDefault\"\r\n        }\r\n      },\r\n      \"secrets\": [],\r\n      \"allowExtensionOperations\":
        true,\r\n      \"requireGuestProvisionSignal\": true\r\n    },\r\n    \"networkProfile\":
        {\"networkInterfaces\":[{\"id\":\"/subscriptions/00000000-0000-0000-0000-000000000000/resourceGroups/clitest.rg000001/providers/Microsoft.Network/networkInterfaces/vm1VMNic\"}]},\r\n
        \   \"provisioningState\": \"Succeeded\"\r\n  },\r\n  \"resources\": [\r\n
        \   {\r\n      \"name\": \"MonitorX64Linux\",\r\n      \"id\": \"/subscriptions/00000000-0000-0000-0000-000000000000/resourceGroups/clitest.rg000001/providers/Microsoft.Compute/virtualMachines/vm1/extensions/MonitorX64Linux\",\r\n
        \     \"type\": \"Microsoft.Compute/virtualMachines/extensions\",\r\n      \"location\":
        \"westus\",\r\n      \"properties\": {\r\n        \"autoUpgradeMinorVersion\":
        true,\r\n        \"provisioningState\": \"Succeeded\",\r\n        \"publisher\":
        \"Microsoft.AzureCAT.AzureEnhancedMonitoring\",\r\n        \"type\": \"MonitorX64Linux\",\r\n
        \       \"typeHandlerVersion\": \"1.0\",\r\n        \"settings\": {\"system\":\"SAP\"}\r\n
        \     }\r\n    }\r\n  ]\r\n}"
    headers:
      cache-control:
      - no-cache
      content-length:
      - '3319'
      content-type:
      - application/json; charset=utf-8
      date:
      - Fri, 15 Jan 2021 11:12:17 GMT
      expires:
      - '-1'
      pragma:
      - no-cache
      server:
      - Microsoft-HTTPAPI/2.0
      - Microsoft-HTTPAPI/2.0
      strict-transport-security:
      - max-age=31536000; includeSubDomains
      transfer-encoding:
      - chunked
      vary:
      - Accept-Encoding
      x-content-type-options:
      - nosniff
      x-ms-ratelimit-remaining-resource:
      - Microsoft.Compute/LowCostGet3Min;3947,Microsoft.Compute/LowCostGet30Min;31944
    status:
      code: 200
      message: OK
- request:
    body: null
    headers:
      Accept:
      - application/json
      Accept-Encoding:
      - gzip, deflate
      CommandName:
      - vm aem verify
      Connection:
      - keep-alive
      ParameterSetName:
      - -g -n
      User-Agent:
      - AZURECLI/2.17.0 azsdk-python-azure-mgmt-compute/18.0.0 Python/3.6.9 (Linux-4.19.128-microsoft-standard-x86_64-with-Ubuntu-18.04-bionic)
    method: GET
    uri: https://management.azure.com/subscriptions/00000000-0000-0000-0000-000000000000/resourceGroups/clitest.rg000001/providers/Microsoft.Compute/virtualMachines/vm1?$expand=instanceView&api-version=2020-06-01
  response:
    body:
      string: "{\r\n  \"name\": \"vm1\",\r\n  \"id\": \"/subscriptions/00000000-0000-0000-0000-000000000000/resourceGroups/clitest.rg000001/providers/Microsoft.Compute/virtualMachines/vm1\",\r\n
        \ \"type\": \"Microsoft.Compute/virtualMachines\",\r\n  \"location\": \"westus\",\r\n
        \ \"tags\": {},\r\n  \"identity\": {\r\n    \"type\": \"SystemAssigned\",\r\n
        \   \"principalId\": \"aa9a46b0-117c-4cb9-9789-f978313056f4\",\r\n    \"tenantId\":
        \"72f988bf-86f1-41af-91ab-2d7cd011db47\"\r\n  },\r\n  \"properties\": {\r\n
        \   \"vmId\": \"2c5abaa2-148b-4007-aefa-21d8106e5a81\",\r\n    \"hardwareProfile\":
        {\r\n      \"vmSize\": \"Standard_DS1_v2\"\r\n    },\r\n    \"storageProfile\":
        {\r\n      \"imageReference\": {\r\n        \"publisher\": \"SUSE\",\r\n        \"offer\":
        \"sles-15-sp2\",\r\n        \"sku\": \"gen2\",\r\n        \"version\": \"latest\",\r\n
        \       \"exactVersion\": \"2020.12.10\"\r\n      },\r\n      \"osDisk\":
        {\r\n        \"osType\": \"Linux\",\r\n        \"name\": \"os-disk\",\r\n
        \       \"createOption\": \"FromImage\",\r\n        \"caching\": \"ReadWrite\",\r\n
        \       \"managedDisk\": {\r\n          \"storageAccountType\": \"Premium_LRS\",\r\n
        \         \"id\": \"/subscriptions/00000000-0000-0000-0000-000000000000/resourceGroups/clitest.rg000001/providers/Microsoft.Compute/disks/os-disk\"\r\n
        \       },\r\n        \"diskSizeGB\": 30\r\n      },\r\n      \"dataDisks\":
        []\r\n    },\r\n    \"osProfile\": {\r\n      \"computerName\": \"vm1\",\r\n
        \     \"adminUsername\": \"sd\",\r\n      \"linuxConfiguration\": {\r\n        \"disablePasswordAuthentication\":
        true,\r\n        \"ssh\": {\r\n          \"publicKeys\": [\r\n            {\r\n
        \             \"path\": \"/home/sd/.ssh/authorized_keys\",\r\n              \"keyData\":
        \"ssh-rsa AAAAB3NzaC1yc2EAAAADAQABAAABAQDySYGeTNjheO8+nC0aDR5uJHS8BjYk6MvVLkTXM/2d7WMXu6ktoFglEFoqDmmZ62leenfWonoSkOeGzD3zPT3L9GOGKTHqCaz3Y1ai7bF3ZZmTSYiuUEcTkJS5sfcUtr9pOFtIsCgbP7XPXdZs/GM8joI8DLFkPyAdAmPyLxLBCwOA78s1+lCTPc5JfEamIhpfSCZWmD2GfIli/k1xUPhnUeKb8AFeRNDQ78D2knAz02LSD+lnFrjPZ9yfMLLLQJOWgI/PMyuDI1FjaADvgC9Y0coBz6TtfubQdqu0piB4J8B3uMdSoZp5eDYaq5MrmlZQi3c1A97va2jUd/UnNitz
        sd@DESKTOP-IH24U11\\n\"\r\n            }\r\n          ]\r\n        },\r\n
        \       \"provisionVMAgent\": true,\r\n        \"patchSettings\": {\r\n          \"patchMode\":
        \"ImageDefault\"\r\n        }\r\n      },\r\n      \"secrets\": [],\r\n      \"allowExtensionOperations\":
        true,\r\n      \"requireGuestProvisionSignal\": true\r\n    },\r\n    \"networkProfile\":
        {\"networkInterfaces\":[{\"id\":\"/subscriptions/00000000-0000-0000-0000-000000000000/resourceGroups/clitest.rg000001/providers/Microsoft.Network/networkInterfaces/vm1VMNic\"}]},\r\n
        \   \"provisioningState\": \"Succeeded\",\r\n    \"instanceView\": {\r\n      \"computerName\":
        \"vm1\",\r\n      \"osName\": \"sles\",\r\n      \"osVersion\": \"15.2\",\r\n
        \     \"vmAgent\": {\r\n        \"vmAgentVersion\": \"2.2.49.2\",\r\n        \"statuses\":
        [\r\n          {\r\n            \"code\": \"ProvisioningState/succeeded\",\r\n
        \           \"level\": \"Info\",\r\n            \"displayStatus\": \"Ready\",\r\n
        \           \"message\": \"Guest Agent is running\",\r\n            \"time\":
        \"2021-01-15T11:12:16+00:00\"\r\n          }\r\n        ],\r\n        \"extensionHandlers\":
        [\r\n          {\r\n            \"type\": \"Microsoft.AzureCAT.AzureEnhancedMonitoring.MonitorX64Linux\",\r\n
        \           \"typeHandlerVersion\": \"1.0.0.82\",\r\n            \"status\":
        {\r\n              \"code\": \"ProvisioningState/succeeded\",\r\n              \"level\":
        \"Info\",\r\n              \"displayStatus\": \"Ready\",\r\n              \"message\":
        \"Plugin enabled\"\r\n            }\r\n          }\r\n        ]\r\n      },\r\n
        \     \"disks\": [\r\n        {\r\n          \"name\": \"os-disk\",\r\n          \"statuses\":
        [\r\n            {\r\n              \"code\": \"ProvisioningState/succeeded\",\r\n
        \             \"level\": \"Info\",\r\n              \"displayStatus\": \"Provisioning
        succeeded\",\r\n              \"time\": \"2021-01-15T11:09:05.8863033+00:00\"\r\n
        \           }\r\n          ]\r\n        }\r\n      ],\r\n      \"extensions\":
        [\r\n        {\r\n          \"name\": \"MonitorX64Linux\",\r\n          \"type\":
        \"Microsoft.AzureCAT.AzureEnhancedMonitoring.MonitorX64Linux\",\r\n          \"typeHandlerVersion\":
        \"1.0.0.82\",\r\n          \"substatuses\": [\r\n            {\r\n              \"code\":
        \"ComponentStatus/metrics/succeeded\",\r\n              \"level\": \"Info\",\r\n
        \             \"displayStatus\": \"Provisioning succeeded\",\r\n              \"message\":
        \"<?xml version=\\\"1.0\\\" encoding=\\\"utf-8\\\"?>\\n<metrics>\\n  <metric
        category=\\\"config\\\" context=\\\"vm\\\" type=\\\"int64\\\" unit=\\\"none\\\"
        last-refresh=\\\"1610709099\\\" refresh-interval=\\\"60\\\">\\n    <name>Provider
        Health Status</name>\\n    <value>8</value>\\n  </metric>\\n  <metric category=\\\"config\\\"
        context=\\\"vm\\\" type=\\\"string\\\" unit=\\\"none\\\" last-refresh=\\\"1610709102\\\"
        refresh-interval=\\\"60\\\">\\n    <name>Provider Health Description</name>\\n
        \   <value>OK</value>\\n  </metric>\\n  <metric category=\\\"config\\\" context=\\\"vm\\\"
        type=\\\"string\\\" unit=\\\"none\\\" last-refresh=\\\"1610709099\\\" refresh-interval=\\\"0\\\">\\n
        \   <name>Data Provider Version</name>\\n    <value>1.0.0.82 (rel)</value>\\n
        \ </metric>\\n  <metric category=\\\"config\\\" context=\\\"host\\\" type=\\\"string\\\"
        unit=\\\"none\\\" last-refresh=\\\"1610709099\\\" refresh-interval=\\\"0\\\">\\n
        \   <name>Cloud Provider</name>\\n    <value>Microsoft Azure</value>\\n  </metric>\\n
        \ <metric category=\\\"cpu\\\" context=\\\"host\\\" type=\\\"string\\\" unit=\\\"none\\\"
        last-refresh=\\\"1610709099\\\" refresh-interval=\\\"0\\\">\\n    <name>Processor
        Type</name>\\n    <value> Intel(R) Xeon(R) Platinum 8171M CPU @ 2.60GHz</value>\\n
        \ </metric>\\n  <metric category=\\\"cpu\\\" context=\\\"host\\\" type=\\\"int64\\\"
        unit=\\\"MHz\\\" last-refresh=\\\"1610709099\\\" refresh-interval=\\\"0\\\">\\n
        \   <name>Max. HW frequency</name>\\n    <value>2095</value>\\n  </metric>\\n
        \ <metric category=\\\"cpu\\\" context=\\\"host\\\" type=\\\"int64\\\" unit=\\\"MHz\\\"
        last-refresh=\\\"1610709099\\\" refresh-interval=\\\"0\\\">\\n    <name>Current
        HW frequency</name>\\n    <value>2095</value>\\n  </metric>\\n  <metric category=\\\"config\\\"
        context=\\\"host\\\" type=\\\"string\\\" unit=\\\"none\\\" last-refresh=\\\"1610709099\\\"
        refresh-interval=\\\"0\\\">\\n    <name>Virtualization Solution</name>\\n
        \   <value>AzurePublicCloud</value>\\n  </metric>\\n  <metric category=\\\"config\\\"
        context=\\\"host\\\" type=\\\"string\\\" unit=\\\"none\\\" last-refresh=\\\"1610709099\\\"
        refresh-interval=\\\"0\\\">\\n    <name>Virtualization Solution Version</name>\\n
        \   <value>2020.12.10</value>\\n  </metric>\\n  <metric category=\\\"config\\\"
        context=\\\"host\\\" type=\\\"string\\\" unit=\\\"none\\\" last-refresh=\\\"1610709099\\\"
        refresh-interval=\\\"0\\\">\\n    <name>Hardware Manufacturer</name>\\n    <value>Microsoft
        Corporation</value>\\n  </metric>\\n  <metric category=\\\"config\\\" context=\\\"vm\\\"
        type=\\\"string\\\" unit=\\\"none\\\" last-refresh=\\\"1610709099\\\" refresh-interval=\\\"0\\\">\\n
        \   <name>Host Identifier</name>\\n    <value>002248086525</value>\\n  </metric>\\n
        \ <metric category=\\\"config\\\" context=\\\"vm\\\" type=\\\"string\\\" unit=\\\"none\\\"
        last-refresh=\\\"1610709101\\\" refresh-interval=\\\"0\\\">\\n    <name>Instance
        Type</name>\\n    <value>Standard_DS1_v2</value>\\n  </metric>\\n  <metric
        category=\\\"config\\\" context=\\\"host\\\" type=\\\"string\\\" unit=\\\"none\\\"
        last-refresh=\\\"1610709101\\\" refresh-interval=\\\"0\\\">\\n    <name>Hardware
        Model</name>\\n    <value>Virtual Machine</value>\\n  </metric>\\n  <metric
        category=\\\"config\\\" context=\\\"vm\\\" type=\\\"string\\\" unit=\\\"none\\\"
        last-refresh=\\\"1610709101\\\" refresh-interval=\\\"0\\\">\\n    <name>VM
        Identifier</name>\\n    <value>2c5abaa2-148b-4007-aefa-21d8106e5a81</value>\\n
        \ </metric>\\n  <metric category=\\\"config\\\" context=\\\"vm\\\" type=\\\"string\\\"
        unit=\\\"none\\\" last-refresh=\\\"1610709101\\\" refresh-interval=\\\"0\\\">\\n
        \   <name>CPU Over-Provisioning</name>\\n    <value>no</value>\\n  </metric>\\n
        \ <metric category=\\\"config\\\" context=\\\"vm\\\" type=\\\"string\\\" unit=\\\"none\\\"
        last-refresh=\\\"1610709101\\\" refresh-interval=\\\"0\\\">\\n    <name>Memory
        Over-Provisioning</name>\\n    <value>no</value>\\n  </metric>\\n  <metric
        category=\\\"cpu\\\" context=\\\"vm\\\" type=\\\"double\\\" unit=\\\"CU\\\"
        last-refresh=\\\"1610709101\\\" refresh-interval=\\\"0\\\">\\n    <name>Phys.
        Processing Power per vCPU</name>\\n    <value>2.10</value>\\n  </metric>\\n
        \ <metric category=\\\"cpu\\\" context=\\\"vm\\\" type=\\\"string\\\" unit=\\\"none\\\"
        last-refresh=\\\"1610709101\\\" refresh-interval=\\\"0\\\">\\n    <name>Reference
        Compute Unit [CU]</name>\\n    <value>Single vCPU of the Standard_A1 VM</value>\\n
        \ </metric>\\n  <metric category=\\\"cpu\\\" context=\\\"host\\\" type=\\\"int64\\\"
        unit=\\\"none\\\" last-refresh=\\\"1610709101\\\" refresh-interval=\\\"0\\\">\\n
        \   <name>Number of Threads per Core</name>\\n    <value>1</value>\\n  </metric>\\n
        \ <metric category=\\\"disk\\\" context=\\\"vm\\\" type=\\\"int64\\\" unit=\\\"OpsPerSec\\\"
        last-refresh=\\\"1610709101\\\" refresh-interval=\\\"0\\\">\\n    <name>Max
        VM IOps</name>\\n    <value>3200</value>\\n  </metric>\\n  <metric category=\\\"disk\\\"
        context=\\\"vm\\\" type=\\\"int64\\\" unit=\\\"Bps\\\" last-refresh=\\\"1610709101\\\"
        refresh-interval=\\\"0\\\">\\n    <name>Max VM Throughput</name>\\n    <value>50331648</value>\\n
        \ </metric>\\n  <metric category=\\\"cpu\\\" context=\\\"vm\\\" type=\\\"double\\\"
        unit=\\\"CU\\\" last-refresh=\\\"1610709101\\\" refresh-interval=\\\"0\\\">\\n
        \   <name>Guaranteed VM Processing Power</name>\\n    <value>2.10</value>\\n
        \ </metric>\\n  <metric category=\\\"cpu\\\" context=\\\"vm\\\" type=\\\"double\\\"
        unit=\\\"CU\\\" last-refresh=\\\"1610709101\\\" refresh-interval=\\\"0\\\">\\n
        \   <name>Current VM Processing Power</name>\\n    <value>2.10</value>\\n
        \ </metric>\\n  <metric category=\\\"cpu\\\" context=\\\"vm\\\" type=\\\"double\\\"
        unit=\\\"CU\\\" last-refresh=\\\"1610709101\\\" refresh-interval=\\\"0\\\">\\n
        \   <name>Max. VM Processing Power</name>\\n    <value>2.10</value>\\n  </metric>\\n
        \ <metric category=\\\"disk\\\" context=\\\"vm\\\" type=\\\"string\\\" unit=\\\"none\\\"
        last-refresh=\\\"1610709101\\\" refresh-interval=\\\"0\\\" device-id=\\\"osDisk\\\">\\n
        \   <name>Volume ID</name>\\n    <value>os-disk</value>\\n  </metric>\\n  <metric
        category=\\\"disk\\\" context=\\\"vm\\\" type=\\\"string\\\" unit=\\\"none\\\"
        last-refresh=\\\"1610709101\\\" refresh-interval=\\\"0\\\" device-id=\\\"osDisk\\\">\\n
        \   <name>Mapping</name>\\n    <value>sda</value>\\n  </metric>\\n  <metric
        category=\\\"disk\\\" context=\\\"vm\\\" type=\\\"string\\\" unit=\\\"none\\\"
        last-refresh=\\\"1610709101\\\" refresh-interval=\\\"0\\\" device-id=\\\"osDisk\\\">\\n
        \   <name>Caching</name>\\n    <value>ReadWrite</value>\\n  </metric>\\n  <metric
        category=\\\"disk\\\" context=\\\"vm\\\" type=\\\"string\\\" unit=\\\"none\\\"
        last-refresh=\\\"1610709101\\\" refresh-interval=\\\"0\\\" device-id=\\\"osDisk\\\">\\n
        \   <name>Volume Type</name>\\n    <value>Premium_LRS</value>\\n  </metric>\\n
        \ <metric category=\\\"disk\\\" context=\\\"vm\\\" type=\\\"int64\\\" unit=\\\"OpsPerSec\\\"
        last-refresh=\\\"1610709101\\\" refresh-interval=\\\"0\\\" device-id=\\\"osDisk\\\">\\n
        \   <name>Max IOps</name>\\n    <value>120</value>\\n  </metric>\\n  <metric
        category=\\\"disk\\\" context=\\\"vm\\\" type=\\\"int64\\\" unit=\\\"Bps\\\"
        last-refresh=\\\"1610709101\\\" refresh-interval=\\\"0\\\" device-id=\\\"osDisk\\\">\\n
        \   <name>Max Throughput</name>\\n    <value>25000000</value>\\n  </metric>\\n
        \ <metric category=\\\"network\\\" context=\\\"vm\\\" type=\\\"string\\\"
        unit=\\\"none\\\" last-refresh=\\\"1610709101\\\" refresh-interval=\\\"0\\\"
        device-id=\\\"nic_0\\\">\\n    <name>Adapter ID</name>\\n    <value>nic_0</value>\\n
        \ </metric>\\n  <metric category=\\\"network\\\" context=\\\"vm\\\" type=\\\"string\\\"
        unit=\\\"none\\\" last-refresh=\\\"1610709101\\\" refresh-interval=\\\"0\\\"
        device-id=\\\"nic_0\\\">\\n    <name>Mapping</name>\\n    <value>eth0</value>\\n
        \ </metric>\\n  <metric category=\\\"network\\\" context=\\\"vm\\\" type=\\\"int64\\\"
        unit=\\\"none\\\" last-refresh=\\\"1610709101\\\" refresh-interval=\\\"0\\\"
        device-id=\\\"nic_0\\\">\\n    <name>Health Indicator</name>\\n    <value>8</value>\\n
        \ </metric>\\n  <metric category=\\\"memory\\\" context=\\\"vm\\\" type=\\\"double\\\"
        unit=\\\"Percent\\\" last-refresh=\\\"1610709101\\\" refresh-interval=\\\"60\\\">\\n
        \   <name>Memory Consumption</name>\\n    <value>5.0</value>\\n  </metric>\\n
        \ <metric category=\\\"network\\\" context=\\\"vm\\\" type=\\\"int64\\\" unit=\\\"Bps\\\"
        last-refresh=\\\"1610709000\\\" refresh-interval=\\\"60\\\" device-id=\\\"nic_0\\\">\\n
        \   <name>Network Write Throughput</name>\\n    <value>0</value>\\n  </metric>\\n
        \ <metric category=\\\"network\\\" context=\\\"vm\\\" type=\\\"int64\\\" unit=\\\"Bps\\\"
        last-refresh=\\\"1610709000\\\" refresh-interval=\\\"60\\\" device-id=\\\"nic_0\\\">\\n
        \   <name>Network Read Throughput</name>\\n    <value>0</value>\\n  </metric>\\n</metrics>\"\r\n
        \           }\r\n          ],\r\n          \"statuses\": [\r\n            {\r\n
        \             \"code\": \"ProvisioningState/succeeded\",\r\n              \"level\":
        \"Info\",\r\n              \"displayStatus\": \"Provisioning succeeded\",\r\n
        \             \"message\": \"command: -enable, health: OK\"\r\n            }\r\n
        \         ]\r\n        }\r\n      ],\r\n      \"hyperVGeneration\": \"V2\",\r\n
        \     \"statuses\": [\r\n        {\r\n          \"code\": \"ProvisioningState/succeeded\",\r\n
        \         \"level\": \"Info\",\r\n          \"displayStatus\": \"Provisioning
        succeeded\",\r\n          \"time\": \"2021-01-15T11:11:48.4800954+00:00\"\r\n
        \       },\r\n        {\r\n          \"code\": \"PowerState/running\",\r\n
        \         \"level\": \"Info\",\r\n          \"displayStatus\": \"VM running\"\r\n
        \       }\r\n      ]\r\n    }\r\n  },\r\n  \"resources\": [\r\n    {\r\n      \"name\":
        \"MonitorX64Linux\",\r\n      \"id\": \"/subscriptions/00000000-0000-0000-0000-000000000000/resourceGroups/clitest.rg000001/providers/Microsoft.Compute/virtualMachines/vm1/extensions/MonitorX64Linux\",\r\n
        \     \"type\": \"Microsoft.Compute/virtualMachines/extensions\",\r\n      \"location\":
        \"westus\",\r\n      \"properties\": {\r\n        \"autoUpgradeMinorVersion\":
        true,\r\n        \"provisioningState\": \"Succeeded\",\r\n        \"publisher\":
        \"Microsoft.AzureCAT.AzureEnhancedMonitoring\",\r\n        \"type\": \"MonitorX64Linux\",\r\n
        \       \"typeHandlerVersion\": \"1.0\",\r\n        \"settings\": {\"system\":\"SAP\"}\r\n
        \     }\r\n    }\r\n  ]\r\n}"
    headers:
      cache-control:
      - no-cache
      content-length:
      - '13457'
      content-type:
      - application/json; charset=utf-8
      date:
      - Fri, 15 Jan 2021 11:12:17 GMT
      expires:
      - '-1'
      pragma:
      - no-cache
      server:
      - Microsoft-HTTPAPI/2.0
      - Microsoft-HTTPAPI/2.0
      strict-transport-security:
      - max-age=31536000; includeSubDomains
      transfer-encoding:
      - chunked
      vary:
      - Accept-Encoding
      x-content-type-options:
      - nosniff
      x-ms-ratelimit-remaining-resource:
      - Microsoft.Compute/LowCostGet3Min;3945,Microsoft.Compute/LowCostGet30Min;31942
    status:
      code: 200
      message: OK
- request:
    body: null
    headers:
      Accept:
      - application/json
      Accept-Encoding:
      - gzip, deflate
      CommandName:
      - vm aem verify
      Connection:
      - keep-alive
      ParameterSetName:
      - -g -n
      User-Agent:
      - python/3.6.9 (Linux-4.19.128-microsoft-standard-x86_64-with-Ubuntu-18.04-bionic)
        msrest/0.6.19 msrest_azure/0.6.4 azure-mgmt-authorization/0.61.0 Azure-SDK-For-Python
        AZURECLI/2.17.0
      accept-language:
      - en-US
    method: GET
    uri: https://management.azure.com/subscriptions/00000000-0000-0000-0000-000000000000/resourceGroups/clitest.rg000001/providers/Microsoft.Authorization/roleAssignments?api-version=2020-04-01-preview
  response:
    body:
      string: '{"value":[{"properties":{"roleDefinitionId":"/subscriptions/00000000-0000-0000-0000-000000000000/providers/Microsoft.Authorization/roleDefinitions/acdd72a7-3385-48ef-bd42-f606fba81ae7","principalId":"aa9a46b0-117c-4cb9-9789-f978313056f4","principalType":"ServicePrincipal","scope":"/subscriptions/00000000-0000-0000-0000-000000000000/resourceGroups/clitest.rg000001","condition":null,"conditionVersion":null,"createdOn":"2021-01-15T11:11:10.3343217Z","updatedOn":"2021-01-15T11:11:10.3343217Z","createdBy":"b2eba440-fa0d-4a29-a374-e6d8ae3a9a84","updatedBy":"b2eba440-fa0d-4a29-a374-e6d8ae3a9a84","delegatedManagedIdentityResourceId":null,"description":null},"id":"/subscriptions/00000000-0000-0000-0000-000000000000/resourceGroups/clitest.rg000001/providers/Microsoft.Authorization/roleAssignments/e4e8abba-da19-3a0c-b99b-62deba742304","type":"Microsoft.Authorization/roleAssignments","name":"e4e8abba-da19-3a0c-b99b-62deba742304"},{"properties":{"roleDefinitionId":"/subscriptions/00000000-0000-0000-0000-000000000000/providers/Microsoft.Authorization/roleDefinitions/8e3af657-a8ff-443c-a75c-2fe8c4bcb635","principalId":"92a194c2-f34a-4690-999c-a331cf7ca5a5","principalType":"ServicePrincipal","scope":"/subscriptions/00000000-0000-0000-0000-000000000000","condition":null,"conditionVersion":null,"createdOn":"2020-01-10T10:38:25.1774079Z","updatedOn":"2020-01-10T10:38:25.1774079Z","createdBy":"b2c0743b-7f46-48a2-8ae0-cd98a49daa17","updatedBy":"b2c0743b-7f46-48a2-8ae0-cd98a49daa17","delegatedManagedIdentityResourceId":null,"description":null},"id":"/subscriptions/00000000-0000-0000-0000-000000000000/providers/Microsoft.Authorization/roleAssignments/15f7da34-7e76-40d8-8e9c-d8b2d47c6304","type":"Microsoft.Authorization/roleAssignments","name":"15f7da34-7e76-40d8-8e9c-d8b2d47c6304"},{"properties":{"roleDefinitionId":"/subscriptions/00000000-0000-0000-0000-000000000000/providers/Microsoft.Authorization/roleDefinitions/8e3af657-a8ff-443c-a75c-2fe8c4bcb635","principalId":"b2eba440-fa0d-4a29-a374-e6d8ae3a9a84","principalType":"ServicePrincipal","scope":"/subscriptions/00000000-0000-0000-0000-000000000000","condition":null,"conditionVersion":null,"createdOn":"2021-01-11T16:39:28.4931741Z","updatedOn":"2021-01-11T16:39:28.4931741Z","createdBy":"b2c0743b-7f46-48a2-8ae0-cd98a49daa17","updatedBy":"b2c0743b-7f46-48a2-8ae0-cd98a49daa17","delegatedManagedIdentityResourceId":null,"description":null},"id":"/subscriptions/00000000-0000-0000-0000-000000000000/providers/Microsoft.Authorization/roleAssignments/02b25c7e-c62b-4592-a9da-2670fb470043","type":"Microsoft.Authorization/roleAssignments","name":"02b25c7e-c62b-4592-a9da-2670fb470043"},{"properties":{"roleDefinitionId":"/subscriptions/00000000-0000-0000-0000-000000000000/providers/Microsoft.Authorization/roleDefinitions/b24988ac-6180-42a0-ab88-20f7382dd24c","principalId":"4f3619ae-3c0a-4eb7-9c6a-ef3ccabec0dc","principalType":"ServicePrincipal","scope":"/subscriptions/00000000-0000-0000-0000-000000000000","condition":null,"conditionVersion":null,"createdOn":"2020-10-01T14:37:05.2923744Z","updatedOn":"2020-10-01T14:37:05.2923744Z","createdBy":"b2c0743b-7f46-48a2-8ae0-cd98a49daa17","updatedBy":"b2c0743b-7f46-48a2-8ae0-cd98a49daa17","delegatedManagedIdentityResourceId":null,"description":null},"id":"/subscriptions/00000000-0000-0000-0000-000000000000/providers/Microsoft.Authorization/roleAssignments/4fa1ac13-f0b4-465f-85b9-e466ae7c24b1","type":"Microsoft.Authorization/roleAssignments","name":"4fa1ac13-f0b4-465f-85b9-e466ae7c24b1"},{"properties":{"roleDefinitionId":"/subscriptions/00000000-0000-0000-0000-000000000000/providers/Microsoft.Authorization/roleDefinitions/acdd72a7-3385-48ef-bd42-f606fba81ae7","principalId":"5c617d2b-99f8-4c90-98fe-dfe040fa33c1","principalType":"ServicePrincipal","scope":"/","condition":null,"conditionVersion":null,"createdOn":"2018-02-27T19:19:50.2663941Z","updatedOn":"2018-02-27T19:19:50.2663941Z","createdBy":null,"updatedBy":null,"delegatedManagedIdentityResourceId":null,"description":null},"id":"/providers/Microsoft.Authorization/roleAssignments/3e883d24-b106-42ff-ad13-d7bf271b964d","type":"Microsoft.Authorization/roleAssignments","name":"3e883d24-b106-42ff-ad13-d7bf271b964d"},{"properties":{"roleDefinitionId":"/subscriptions/00000000-0000-0000-0000-000000000000/providers/Microsoft.Authorization/roleDefinitions/acdd72a7-3385-48ef-bd42-f606fba81ae7","principalId":"ce2366a6-64d7-441b-939c-c9d23f91cccd","principalType":"ServicePrincipal","scope":"/providers/Microsoft.Management/managementGroups/72f988bf-86f1-41af-91ab-2d7cd011db47","condition":null,"conditionVersion":null,"createdOn":"2020-03-12T20:43:06.5941189Z","updatedOn":"2020-03-12T20:43:06.5941189Z","createdBy":"606f48c8-d219-4875-991d-ae6befaf0756","updatedBy":"606f48c8-d219-4875-991d-ae6befaf0756","delegatedManagedIdentityResourceId":null,"description":null},"id":"/providers/Microsoft.Management/managementGroups/72f988bf-86f1-41af-91ab-2d7cd011db47/providers/Microsoft.Authorization/roleAssignments/ad9e2cd7-0ff7-4931-9b17-656c8f17934b","type":"Microsoft.Authorization/roleAssignments","name":"ad9e2cd7-0ff7-4931-9b17-656c8f17934b"}]}'
    headers:
      cache-control:
      - no-cache
      content-length:
      - '5240'
      content-type:
      - application/json; charset=utf-8
      date:
      - Fri, 15 Jan 2021 11:12:18 GMT
      expires:
      - '-1'
      pragma:
      - no-cache
      set-cookie:
      - x-ms-gateway-slice=Production; path=/; secure; samesite=none; httponly
      strict-transport-security:
      - max-age=31536000; includeSubDomains
      transfer-encoding:
      - chunked
      vary:
      - Accept-Encoding
      x-content-type-options:
      - nosniff
    status:
      code: 200
      message: OK
- request:
    body: null
    headers:
      Accept:
      - application/json
      Accept-Encoding:
      - gzip, deflate
      CommandName:
      - vm aem set
      Connection:
      - keep-alive
      ParameterSetName:
      - --verbose -g -n --install-new-extension
      User-Agent:
      - AZURECLI/2.17.0 azsdk-python-azure-mgmt-compute/18.0.0 Python/3.6.9 (Linux-4.19.128-microsoft-standard-x86_64-with-Ubuntu-18.04-bionic)
    method: GET
    uri: https://management.azure.com/subscriptions/00000000-0000-0000-0000-000000000000/resourceGroups/clitest.rg000001/providers/Microsoft.Compute/virtualMachines/vm1?$expand=instanceView&api-version=2020-06-01
  response:
    body:
      string: "{\r\n  \"name\": \"vm1\",\r\n  \"id\": \"/subscriptions/00000000-0000-0000-0000-000000000000/resourceGroups/clitest.rg000001/providers/Microsoft.Compute/virtualMachines/vm1\",\r\n
        \ \"type\": \"Microsoft.Compute/virtualMachines\",\r\n  \"location\": \"westus\",\r\n
        \ \"tags\": {},\r\n  \"identity\": {\r\n    \"type\": \"SystemAssigned\",\r\n
        \   \"principalId\": \"aa9a46b0-117c-4cb9-9789-f978313056f4\",\r\n    \"tenantId\":
        \"72f988bf-86f1-41af-91ab-2d7cd011db47\"\r\n  },\r\n  \"properties\": {\r\n
        \   \"vmId\": \"2c5abaa2-148b-4007-aefa-21d8106e5a81\",\r\n    \"hardwareProfile\":
        {\r\n      \"vmSize\": \"Standard_DS1_v2\"\r\n    },\r\n    \"storageProfile\":
        {\r\n      \"imageReference\": {\r\n        \"publisher\": \"SUSE\",\r\n        \"offer\":
        \"sles-15-sp2\",\r\n        \"sku\": \"gen2\",\r\n        \"version\": \"latest\",\r\n
        \       \"exactVersion\": \"2020.12.10\"\r\n      },\r\n      \"osDisk\":
        {\r\n        \"osType\": \"Linux\",\r\n        \"name\": \"os-disk\",\r\n
        \       \"createOption\": \"FromImage\",\r\n        \"caching\": \"ReadWrite\",\r\n
        \       \"managedDisk\": {\r\n          \"storageAccountType\": \"Premium_LRS\",\r\n
        \         \"id\": \"/subscriptions/00000000-0000-0000-0000-000000000000/resourceGroups/clitest.rg000001/providers/Microsoft.Compute/disks/os-disk\"\r\n
        \       },\r\n        \"diskSizeGB\": 30\r\n      },\r\n      \"dataDisks\":
        []\r\n    },\r\n    \"osProfile\": {\r\n      \"computerName\": \"vm1\",\r\n
        \     \"adminUsername\": \"sd\",\r\n      \"linuxConfiguration\": {\r\n        \"disablePasswordAuthentication\":
        true,\r\n        \"ssh\": {\r\n          \"publicKeys\": [\r\n            {\r\n
        \             \"path\": \"/home/sd/.ssh/authorized_keys\",\r\n              \"keyData\":
        \"ssh-rsa AAAAB3NzaC1yc2EAAAADAQABAAABAQDySYGeTNjheO8+nC0aDR5uJHS8BjYk6MvVLkTXM/2d7WMXu6ktoFglEFoqDmmZ62leenfWonoSkOeGzD3zPT3L9GOGKTHqCaz3Y1ai7bF3ZZmTSYiuUEcTkJS5sfcUtr9pOFtIsCgbP7XPXdZs/GM8joI8DLFkPyAdAmPyLxLBCwOA78s1+lCTPc5JfEamIhpfSCZWmD2GfIli/k1xUPhnUeKb8AFeRNDQ78D2knAz02LSD+lnFrjPZ9yfMLLLQJOWgI/PMyuDI1FjaADvgC9Y0coBz6TtfubQdqu0piB4J8B3uMdSoZp5eDYaq5MrmlZQi3c1A97va2jUd/UnNitz
        sd@DESKTOP-IH24U11\\n\"\r\n            }\r\n          ]\r\n        },\r\n
        \       \"provisionVMAgent\": true,\r\n        \"patchSettings\": {\r\n          \"patchMode\":
        \"ImageDefault\"\r\n        }\r\n      },\r\n      \"secrets\": [],\r\n      \"allowExtensionOperations\":
        true,\r\n      \"requireGuestProvisionSignal\": true\r\n    },\r\n    \"networkProfile\":
        {\"networkInterfaces\":[{\"id\":\"/subscriptions/00000000-0000-0000-0000-000000000000/resourceGroups/clitest.rg000001/providers/Microsoft.Network/networkInterfaces/vm1VMNic\"}]},\r\n
        \   \"provisioningState\": \"Succeeded\",\r\n    \"instanceView\": {\r\n      \"computerName\":
        \"vm1\",\r\n      \"osName\": \"sles\",\r\n      \"osVersion\": \"15.2\",\r\n
        \     \"vmAgent\": {\r\n        \"vmAgentVersion\": \"2.2.49.2\",\r\n        \"statuses\":
        [\r\n          {\r\n            \"code\": \"ProvisioningState/succeeded\",\r\n
        \           \"level\": \"Info\",\r\n            \"displayStatus\": \"Ready\",\r\n
        \           \"message\": \"Guest Agent is running\",\r\n            \"time\":
        \"2021-01-15T11:12:16+00:00\"\r\n          }\r\n        ],\r\n        \"extensionHandlers\":
        [\r\n          {\r\n            \"type\": \"Microsoft.AzureCAT.AzureEnhancedMonitoring.MonitorX64Linux\",\r\n
        \           \"typeHandlerVersion\": \"1.0.0.82\",\r\n            \"status\":
        {\r\n              \"code\": \"ProvisioningState/succeeded\",\r\n              \"level\":
        \"Info\",\r\n              \"displayStatus\": \"Ready\",\r\n              \"message\":
        \"Plugin enabled\"\r\n            }\r\n          }\r\n        ]\r\n      },\r\n
        \     \"disks\": [\r\n        {\r\n          \"name\": \"os-disk\",\r\n          \"statuses\":
        [\r\n            {\r\n              \"code\": \"ProvisioningState/succeeded\",\r\n
        \             \"level\": \"Info\",\r\n              \"displayStatus\": \"Provisioning
        succeeded\",\r\n              \"time\": \"2021-01-15T11:09:05.8863033+00:00\"\r\n
        \           }\r\n          ]\r\n        }\r\n      ],\r\n      \"extensions\":
        [\r\n        {\r\n          \"name\": \"MonitorX64Linux\",\r\n          \"type\":
        \"Microsoft.AzureCAT.AzureEnhancedMonitoring.MonitorX64Linux\",\r\n          \"typeHandlerVersion\":
        \"1.0.0.82\",\r\n          \"substatuses\": [\r\n            {\r\n              \"code\":
        \"ComponentStatus/metrics/succeeded\",\r\n              \"level\": \"Info\",\r\n
        \             \"displayStatus\": \"Provisioning succeeded\",\r\n              \"message\":
        \"<?xml version=\\\"1.0\\\" encoding=\\\"utf-8\\\"?>\\n<metrics>\\n  <metric
        category=\\\"config\\\" context=\\\"vm\\\" type=\\\"int64\\\" unit=\\\"none\\\"
        last-refresh=\\\"1610709099\\\" refresh-interval=\\\"60\\\">\\n    <name>Provider
        Health Status</name>\\n    <value>8</value>\\n  </metric>\\n  <metric category=\\\"config\\\"
        context=\\\"vm\\\" type=\\\"string\\\" unit=\\\"none\\\" last-refresh=\\\"1610709102\\\"
        refresh-interval=\\\"60\\\">\\n    <name>Provider Health Description</name>\\n
        \   <value>OK</value>\\n  </metric>\\n  <metric category=\\\"config\\\" context=\\\"vm\\\"
        type=\\\"string\\\" unit=\\\"none\\\" last-refresh=\\\"1610709099\\\" refresh-interval=\\\"0\\\">\\n
        \   <name>Data Provider Version</name>\\n    <value>1.0.0.82 (rel)</value>\\n
        \ </metric>\\n  <metric category=\\\"config\\\" context=\\\"host\\\" type=\\\"string\\\"
        unit=\\\"none\\\" last-refresh=\\\"1610709099\\\" refresh-interval=\\\"0\\\">\\n
        \   <name>Cloud Provider</name>\\n    <value>Microsoft Azure</value>\\n  </metric>\\n
        \ <metric category=\\\"cpu\\\" context=\\\"host\\\" type=\\\"string\\\" unit=\\\"none\\\"
        last-refresh=\\\"1610709099\\\" refresh-interval=\\\"0\\\">\\n    <name>Processor
        Type</name>\\n    <value> Intel(R) Xeon(R) Platinum 8171M CPU @ 2.60GHz</value>\\n
        \ </metric>\\n  <metric category=\\\"cpu\\\" context=\\\"host\\\" type=\\\"int64\\\"
        unit=\\\"MHz\\\" last-refresh=\\\"1610709099\\\" refresh-interval=\\\"0\\\">\\n
        \   <name>Max. HW frequency</name>\\n    <value>2095</value>\\n  </metric>\\n
        \ <metric category=\\\"cpu\\\" context=\\\"host\\\" type=\\\"int64\\\" unit=\\\"MHz\\\"
        last-refresh=\\\"1610709099\\\" refresh-interval=\\\"0\\\">\\n    <name>Current
        HW frequency</name>\\n    <value>2095</value>\\n  </metric>\\n  <metric category=\\\"config\\\"
        context=\\\"host\\\" type=\\\"string\\\" unit=\\\"none\\\" last-refresh=\\\"1610709099\\\"
        refresh-interval=\\\"0\\\">\\n    <name>Virtualization Solution</name>\\n
        \   <value>AzurePublicCloud</value>\\n  </metric>\\n  <metric category=\\\"config\\\"
        context=\\\"host\\\" type=\\\"string\\\" unit=\\\"none\\\" last-refresh=\\\"1610709099\\\"
        refresh-interval=\\\"0\\\">\\n    <name>Virtualization Solution Version</name>\\n
        \   <value>2020.12.10</value>\\n  </metric>\\n  <metric category=\\\"config\\\"
        context=\\\"host\\\" type=\\\"string\\\" unit=\\\"none\\\" last-refresh=\\\"1610709099\\\"
        refresh-interval=\\\"0\\\">\\n    <name>Hardware Manufacturer</name>\\n    <value>Microsoft
        Corporation</value>\\n  </metric>\\n  <metric category=\\\"config\\\" context=\\\"vm\\\"
        type=\\\"string\\\" unit=\\\"none\\\" last-refresh=\\\"1610709099\\\" refresh-interval=\\\"0\\\">\\n
        \   <name>Host Identifier</name>\\n    <value>002248086525</value>\\n  </metric>\\n
        \ <metric category=\\\"config\\\" context=\\\"vm\\\" type=\\\"string\\\" unit=\\\"none\\\"
        last-refresh=\\\"1610709101\\\" refresh-interval=\\\"0\\\">\\n    <name>Instance
        Type</name>\\n    <value>Standard_DS1_v2</value>\\n  </metric>\\n  <metric
        category=\\\"config\\\" context=\\\"host\\\" type=\\\"string\\\" unit=\\\"none\\\"
        last-refresh=\\\"1610709101\\\" refresh-interval=\\\"0\\\">\\n    <name>Hardware
        Model</name>\\n    <value>Virtual Machine</value>\\n  </metric>\\n  <metric
        category=\\\"config\\\" context=\\\"vm\\\" type=\\\"string\\\" unit=\\\"none\\\"
        last-refresh=\\\"1610709101\\\" refresh-interval=\\\"0\\\">\\n    <name>VM
        Identifier</name>\\n    <value>2c5abaa2-148b-4007-aefa-21d8106e5a81</value>\\n
        \ </metric>\\n  <metric category=\\\"config\\\" context=\\\"vm\\\" type=\\\"string\\\"
        unit=\\\"none\\\" last-refresh=\\\"1610709101\\\" refresh-interval=\\\"0\\\">\\n
        \   <name>CPU Over-Provisioning</name>\\n    <value>no</value>\\n  </metric>\\n
        \ <metric category=\\\"config\\\" context=\\\"vm\\\" type=\\\"string\\\" unit=\\\"none\\\"
        last-refresh=\\\"1610709101\\\" refresh-interval=\\\"0\\\">\\n    <name>Memory
        Over-Provisioning</name>\\n    <value>no</value>\\n  </metric>\\n  <metric
        category=\\\"cpu\\\" context=\\\"vm\\\" type=\\\"double\\\" unit=\\\"CU\\\"
        last-refresh=\\\"1610709101\\\" refresh-interval=\\\"0\\\">\\n    <name>Phys.
        Processing Power per vCPU</name>\\n    <value>2.10</value>\\n  </metric>\\n
        \ <metric category=\\\"cpu\\\" context=\\\"vm\\\" type=\\\"string\\\" unit=\\\"none\\\"
        last-refresh=\\\"1610709101\\\" refresh-interval=\\\"0\\\">\\n    <name>Reference
        Compute Unit [CU]</name>\\n    <value>Single vCPU of the Standard_A1 VM</value>\\n
        \ </metric>\\n  <metric category=\\\"cpu\\\" context=\\\"host\\\" type=\\\"int64\\\"
        unit=\\\"none\\\" last-refresh=\\\"1610709101\\\" refresh-interval=\\\"0\\\">\\n
        \   <name>Number of Threads per Core</name>\\n    <value>1</value>\\n  </metric>\\n
        \ <metric category=\\\"disk\\\" context=\\\"vm\\\" type=\\\"int64\\\" unit=\\\"OpsPerSec\\\"
        last-refresh=\\\"1610709101\\\" refresh-interval=\\\"0\\\">\\n    <name>Max
        VM IOps</name>\\n    <value>3200</value>\\n  </metric>\\n  <metric category=\\\"disk\\\"
        context=\\\"vm\\\" type=\\\"int64\\\" unit=\\\"Bps\\\" last-refresh=\\\"1610709101\\\"
        refresh-interval=\\\"0\\\">\\n    <name>Max VM Throughput</name>\\n    <value>50331648</value>\\n
        \ </metric>\\n  <metric category=\\\"cpu\\\" context=\\\"vm\\\" type=\\\"double\\\"
        unit=\\\"CU\\\" last-refresh=\\\"1610709101\\\" refresh-interval=\\\"0\\\">\\n
        \   <name>Guaranteed VM Processing Power</name>\\n    <value>2.10</value>\\n
        \ </metric>\\n  <metric category=\\\"cpu\\\" context=\\\"vm\\\" type=\\\"double\\\"
        unit=\\\"CU\\\" last-refresh=\\\"1610709101\\\" refresh-interval=\\\"0\\\">\\n
        \   <name>Current VM Processing Power</name>\\n    <value>2.10</value>\\n
        \ </metric>\\n  <metric category=\\\"cpu\\\" context=\\\"vm\\\" type=\\\"double\\\"
        unit=\\\"CU\\\" last-refresh=\\\"1610709101\\\" refresh-interval=\\\"0\\\">\\n
        \   <name>Max. VM Processing Power</name>\\n    <value>2.10</value>\\n  </metric>\\n
        \ <metric category=\\\"disk\\\" context=\\\"vm\\\" type=\\\"string\\\" unit=\\\"none\\\"
        last-refresh=\\\"1610709101\\\" refresh-interval=\\\"0\\\" device-id=\\\"osDisk\\\">\\n
        \   <name>Volume ID</name>\\n    <value>os-disk</value>\\n  </metric>\\n  <metric
        category=\\\"disk\\\" context=\\\"vm\\\" type=\\\"string\\\" unit=\\\"none\\\"
        last-refresh=\\\"1610709101\\\" refresh-interval=\\\"0\\\" device-id=\\\"osDisk\\\">\\n
        \   <name>Mapping</name>\\n    <value>sda</value>\\n  </metric>\\n  <metric
        category=\\\"disk\\\" context=\\\"vm\\\" type=\\\"string\\\" unit=\\\"none\\\"
        last-refresh=\\\"1610709101\\\" refresh-interval=\\\"0\\\" device-id=\\\"osDisk\\\">\\n
        \   <name>Caching</name>\\n    <value>ReadWrite</value>\\n  </metric>\\n  <metric
        category=\\\"disk\\\" context=\\\"vm\\\" type=\\\"string\\\" unit=\\\"none\\\"
        last-refresh=\\\"1610709101\\\" refresh-interval=\\\"0\\\" device-id=\\\"osDisk\\\">\\n
        \   <name>Volume Type</name>\\n    <value>Premium_LRS</value>\\n  </metric>\\n
        \ <metric category=\\\"disk\\\" context=\\\"vm\\\" type=\\\"int64\\\" unit=\\\"OpsPerSec\\\"
        last-refresh=\\\"1610709101\\\" refresh-interval=\\\"0\\\" device-id=\\\"osDisk\\\">\\n
        \   <name>Max IOps</name>\\n    <value>120</value>\\n  </metric>\\n  <metric
        category=\\\"disk\\\" context=\\\"vm\\\" type=\\\"int64\\\" unit=\\\"Bps\\\"
        last-refresh=\\\"1610709101\\\" refresh-interval=\\\"0\\\" device-id=\\\"osDisk\\\">\\n
        \   <name>Max Throughput</name>\\n    <value>25000000</value>\\n  </metric>\\n
        \ <metric category=\\\"network\\\" context=\\\"vm\\\" type=\\\"string\\\"
        unit=\\\"none\\\" last-refresh=\\\"1610709101\\\" refresh-interval=\\\"0\\\"
        device-id=\\\"nic_0\\\">\\n    <name>Adapter ID</name>\\n    <value>nic_0</value>\\n
        \ </metric>\\n  <metric category=\\\"network\\\" context=\\\"vm\\\" type=\\\"string\\\"
        unit=\\\"none\\\" last-refresh=\\\"1610709101\\\" refresh-interval=\\\"0\\\"
        device-id=\\\"nic_0\\\">\\n    <name>Mapping</name>\\n    <value>eth0</value>\\n
        \ </metric>\\n  <metric category=\\\"network\\\" context=\\\"vm\\\" type=\\\"int64\\\"
        unit=\\\"none\\\" last-refresh=\\\"1610709101\\\" refresh-interval=\\\"0\\\"
        device-id=\\\"nic_0\\\">\\n    <name>Health Indicator</name>\\n    <value>8</value>\\n
        \ </metric>\\n  <metric category=\\\"memory\\\" context=\\\"vm\\\" type=\\\"double\\\"
        unit=\\\"Percent\\\" last-refresh=\\\"1610709101\\\" refresh-interval=\\\"60\\\">\\n
        \   <name>Memory Consumption</name>\\n    <value>5.0</value>\\n  </metric>\\n
        \ <metric category=\\\"network\\\" context=\\\"vm\\\" type=\\\"int64\\\" unit=\\\"Bps\\\"
        last-refresh=\\\"1610709000\\\" refresh-interval=\\\"60\\\" device-id=\\\"nic_0\\\">\\n
        \   <name>Network Write Throughput</name>\\n    <value>0</value>\\n  </metric>\\n
        \ <metric category=\\\"network\\\" context=\\\"vm\\\" type=\\\"int64\\\" unit=\\\"Bps\\\"
        last-refresh=\\\"1610709000\\\" refresh-interval=\\\"60\\\" device-id=\\\"nic_0\\\">\\n
        \   <name>Network Read Throughput</name>\\n    <value>0</value>\\n  </metric>\\n</metrics>\"\r\n
        \           }\r\n          ],\r\n          \"statuses\": [\r\n            {\r\n
        \             \"code\": \"ProvisioningState/succeeded\",\r\n              \"level\":
        \"Info\",\r\n              \"displayStatus\": \"Provisioning succeeded\",\r\n
        \             \"message\": \"command: -enable, health: OK\"\r\n            }\r\n
        \         ]\r\n        }\r\n      ],\r\n      \"hyperVGeneration\": \"V2\",\r\n
        \     \"statuses\": [\r\n        {\r\n          \"code\": \"ProvisioningState/succeeded\",\r\n
        \         \"level\": \"Info\",\r\n          \"displayStatus\": \"Provisioning
        succeeded\",\r\n          \"time\": \"2021-01-15T11:11:48.4800954+00:00\"\r\n
        \       },\r\n        {\r\n          \"code\": \"PowerState/running\",\r\n
        \         \"level\": \"Info\",\r\n          \"displayStatus\": \"VM running\"\r\n
        \       }\r\n      ]\r\n    }\r\n  },\r\n  \"resources\": [\r\n    {\r\n      \"name\":
        \"MonitorX64Linux\",\r\n      \"id\": \"/subscriptions/00000000-0000-0000-0000-000000000000/resourceGroups/clitest.rg000001/providers/Microsoft.Compute/virtualMachines/vm1/extensions/MonitorX64Linux\",\r\n
        \     \"type\": \"Microsoft.Compute/virtualMachines/extensions\",\r\n      \"location\":
        \"westus\",\r\n      \"properties\": {\r\n        \"autoUpgradeMinorVersion\":
        true,\r\n        \"provisioningState\": \"Succeeded\",\r\n        \"publisher\":
        \"Microsoft.AzureCAT.AzureEnhancedMonitoring\",\r\n        \"type\": \"MonitorX64Linux\",\r\n
        \       \"typeHandlerVersion\": \"1.0\",\r\n        \"settings\": {\"system\":\"SAP\"}\r\n
        \     }\r\n    }\r\n  ]\r\n}"
    headers:
      cache-control:
      - no-cache
      content-length:
      - '13457'
      content-type:
      - application/json; charset=utf-8
      date:
      - Fri, 15 Jan 2021 11:12:19 GMT
      expires:
      - '-1'
      pragma:
      - no-cache
      server:
      - Microsoft-HTTPAPI/2.0
      - Microsoft-HTTPAPI/2.0
      strict-transport-security:
      - max-age=31536000; includeSubDomains
      transfer-encoding:
      - chunked
      vary:
      - Accept-Encoding
      x-content-type-options:
      - nosniff
      x-ms-ratelimit-remaining-resource:
      - Microsoft.Compute/LowCostGet3Min;3942,Microsoft.Compute/LowCostGet30Min;31939
    status:
      code: 200
      message: OK
- request:
    body: null
    headers:
      Accept:
      - application/json
      Accept-Encoding:
      - gzip, deflate
      CommandName:
      - vm aem set
      Connection:
      - keep-alive
      ParameterSetName:
      - --verbose -g -n --install-new-extension
      User-Agent:
      - python/3.6.9 (Linux-4.19.128-microsoft-standard-x86_64-with-Ubuntu-18.04-bionic)
        msrest/0.6.19 msrest_azure/0.6.4 azure-mgmt-authorization/0.61.0 Azure-SDK-For-Python
        AZURECLI/2.17.0
      accept-language:
      - en-US
    method: GET
    uri: https://management.azure.com/subscriptions/00000000-0000-0000-0000-000000000000/resourceGroups/clitest.rg000001/providers/Microsoft.Authorization/roleAssignments?api-version=2020-04-01-preview
  response:
    body:
      string: '{"value":[{"properties":{"roleDefinitionId":"/subscriptions/00000000-0000-0000-0000-000000000000/providers/Microsoft.Authorization/roleDefinitions/acdd72a7-3385-48ef-bd42-f606fba81ae7","principalId":"aa9a46b0-117c-4cb9-9789-f978313056f4","principalType":"ServicePrincipal","scope":"/subscriptions/00000000-0000-0000-0000-000000000000/resourceGroups/clitest.rg000001","condition":null,"conditionVersion":null,"createdOn":"2021-01-15T11:11:10.3343217Z","updatedOn":"2021-01-15T11:11:10.3343217Z","createdBy":"b2eba440-fa0d-4a29-a374-e6d8ae3a9a84","updatedBy":"b2eba440-fa0d-4a29-a374-e6d8ae3a9a84","delegatedManagedIdentityResourceId":null,"description":null},"id":"/subscriptions/00000000-0000-0000-0000-000000000000/resourceGroups/clitest.rg000001/providers/Microsoft.Authorization/roleAssignments/e4e8abba-da19-3a0c-b99b-62deba742304","type":"Microsoft.Authorization/roleAssignments","name":"e4e8abba-da19-3a0c-b99b-62deba742304"},{"properties":{"roleDefinitionId":"/subscriptions/00000000-0000-0000-0000-000000000000/providers/Microsoft.Authorization/roleDefinitions/8e3af657-a8ff-443c-a75c-2fe8c4bcb635","principalId":"92a194c2-f34a-4690-999c-a331cf7ca5a5","principalType":"ServicePrincipal","scope":"/subscriptions/00000000-0000-0000-0000-000000000000","condition":null,"conditionVersion":null,"createdOn":"2020-01-10T10:38:25.1774079Z","updatedOn":"2020-01-10T10:38:25.1774079Z","createdBy":"b2c0743b-7f46-48a2-8ae0-cd98a49daa17","updatedBy":"b2c0743b-7f46-48a2-8ae0-cd98a49daa17","delegatedManagedIdentityResourceId":null,"description":null},"id":"/subscriptions/00000000-0000-0000-0000-000000000000/providers/Microsoft.Authorization/roleAssignments/15f7da34-7e76-40d8-8e9c-d8b2d47c6304","type":"Microsoft.Authorization/roleAssignments","name":"15f7da34-7e76-40d8-8e9c-d8b2d47c6304"},{"properties":{"roleDefinitionId":"/subscriptions/00000000-0000-0000-0000-000000000000/providers/Microsoft.Authorization/roleDefinitions/8e3af657-a8ff-443c-a75c-2fe8c4bcb635","principalId":"b2eba440-fa0d-4a29-a374-e6d8ae3a9a84","principalType":"ServicePrincipal","scope":"/subscriptions/00000000-0000-0000-0000-000000000000","condition":null,"conditionVersion":null,"createdOn":"2021-01-11T16:39:28.4931741Z","updatedOn":"2021-01-11T16:39:28.4931741Z","createdBy":"b2c0743b-7f46-48a2-8ae0-cd98a49daa17","updatedBy":"b2c0743b-7f46-48a2-8ae0-cd98a49daa17","delegatedManagedIdentityResourceId":null,"description":null},"id":"/subscriptions/00000000-0000-0000-0000-000000000000/providers/Microsoft.Authorization/roleAssignments/02b25c7e-c62b-4592-a9da-2670fb470043","type":"Microsoft.Authorization/roleAssignments","name":"02b25c7e-c62b-4592-a9da-2670fb470043"},{"properties":{"roleDefinitionId":"/subscriptions/00000000-0000-0000-0000-000000000000/providers/Microsoft.Authorization/roleDefinitions/b24988ac-6180-42a0-ab88-20f7382dd24c","principalId":"4f3619ae-3c0a-4eb7-9c6a-ef3ccabec0dc","principalType":"ServicePrincipal","scope":"/subscriptions/00000000-0000-0000-0000-000000000000","condition":null,"conditionVersion":null,"createdOn":"2020-10-01T14:37:05.2923744Z","updatedOn":"2020-10-01T14:37:05.2923744Z","createdBy":"b2c0743b-7f46-48a2-8ae0-cd98a49daa17","updatedBy":"b2c0743b-7f46-48a2-8ae0-cd98a49daa17","delegatedManagedIdentityResourceId":null,"description":null},"id":"/subscriptions/00000000-0000-0000-0000-000000000000/providers/Microsoft.Authorization/roleAssignments/4fa1ac13-f0b4-465f-85b9-e466ae7c24b1","type":"Microsoft.Authorization/roleAssignments","name":"4fa1ac13-f0b4-465f-85b9-e466ae7c24b1"},{"properties":{"roleDefinitionId":"/subscriptions/00000000-0000-0000-0000-000000000000/providers/Microsoft.Authorization/roleDefinitions/acdd72a7-3385-48ef-bd42-f606fba81ae7","principalId":"5c617d2b-99f8-4c90-98fe-dfe040fa33c1","principalType":"ServicePrincipal","scope":"/","condition":null,"conditionVersion":null,"createdOn":"2018-02-27T19:19:50.2663941Z","updatedOn":"2018-02-27T19:19:50.2663941Z","createdBy":null,"updatedBy":null,"delegatedManagedIdentityResourceId":null,"description":null},"id":"/providers/Microsoft.Authorization/roleAssignments/3e883d24-b106-42ff-ad13-d7bf271b964d","type":"Microsoft.Authorization/roleAssignments","name":"3e883d24-b106-42ff-ad13-d7bf271b964d"},{"properties":{"roleDefinitionId":"/subscriptions/00000000-0000-0000-0000-000000000000/providers/Microsoft.Authorization/roleDefinitions/acdd72a7-3385-48ef-bd42-f606fba81ae7","principalId":"ce2366a6-64d7-441b-939c-c9d23f91cccd","principalType":"ServicePrincipal","scope":"/providers/Microsoft.Management/managementGroups/72f988bf-86f1-41af-91ab-2d7cd011db47","condition":null,"conditionVersion":null,"createdOn":"2020-03-12T20:43:06.5941189Z","updatedOn":"2020-03-12T20:43:06.5941189Z","createdBy":"606f48c8-d219-4875-991d-ae6befaf0756","updatedBy":"606f48c8-d219-4875-991d-ae6befaf0756","delegatedManagedIdentityResourceId":null,"description":null},"id":"/providers/Microsoft.Management/managementGroups/72f988bf-86f1-41af-91ab-2d7cd011db47/providers/Microsoft.Authorization/roleAssignments/ad9e2cd7-0ff7-4931-9b17-656c8f17934b","type":"Microsoft.Authorization/roleAssignments","name":"ad9e2cd7-0ff7-4931-9b17-656c8f17934b"}]}'
    headers:
      cache-control:
      - no-cache
      content-length:
      - '5240'
      content-type:
      - application/json; charset=utf-8
      date:
      - Fri, 15 Jan 2021 11:12:20 GMT
      expires:
      - '-1'
      pragma:
      - no-cache
      set-cookie:
      - x-ms-gateway-slice=Production; path=/; secure; samesite=none; httponly
      strict-transport-security:
      - max-age=31536000; includeSubDomains
      transfer-encoding:
      - chunked
      vary:
      - Accept-Encoding
      x-content-type-options:
      - nosniff
    status:
      code: 200
      message: OK
- request:
    body: '{"location": "westus", "properties": {"publisher": "Microsoft.AzureCAT.AzureEnhancedMonitoring",
      "type": "MonitorX64Linux", "typeHandlerVersion": "1.0", "autoUpgradeMinorVersion":
      true, "settings": {"system": "SAP"}}}'
    headers:
      Accept:
      - application/json
      Accept-Encoding:
      - gzip, deflate
      CommandName:
      - vm aem set
      Connection:
      - keep-alive
      Content-Length:
      - '217'
      Content-Type:
      - application/json
      ParameterSetName:
      - --verbose -g -n --install-new-extension
      User-Agent:
      - AZURECLI/2.17.0 azsdk-python-azure-mgmt-compute/18.0.0 Python/3.6.9 (Linux-4.19.128-microsoft-standard-x86_64-with-Ubuntu-18.04-bionic)
    method: PUT
    uri: https://management.azure.com/subscriptions/00000000-0000-0000-0000-000000000000/resourceGroups/clitest.rg000001/providers/Microsoft.Compute/virtualMachines/vm1/extensions/MonitorX64Linux?api-version=2020-06-01
  response:
    body:
      string: "{\r\n  \"name\": \"MonitorX64Linux\",\r\n  \"id\": \"/subscriptions/00000000-0000-0000-0000-000000000000/resourceGroups/clitest.rg000001/providers/Microsoft.Compute/virtualMachines/vm1/extensions/MonitorX64Linux\",\r\n
        \ \"type\": \"Microsoft.Compute/virtualMachines/extensions\",\r\n  \"location\":
        \"westus\",\r\n  \"properties\": {\r\n    \"autoUpgradeMinorVersion\": true,\r\n
        \   \"provisioningState\": \"Updating\",\r\n    \"publisher\": \"Microsoft.AzureCAT.AzureEnhancedMonitoring\",\r\n
        \   \"type\": \"MonitorX64Linux\",\r\n    \"typeHandlerVersion\": \"1.0\",\r\n
        \   \"settings\": {\"system\":\"SAP\"}\r\n  }\r\n}"
    headers:
      azure-asyncoperation:
      - https://management.azure.com/subscriptions/00000000-0000-0000-0000-000000000000/providers/Microsoft.Compute/locations/westus/operations/23b89a38-bf68-4dc9-b6ea-75d6377c6f79?api-version=2020-06-01
      cache-control:
      - no-cache
      content-length:
      - '612'
      content-type:
      - application/json; charset=utf-8
      date:
      - Fri, 15 Jan 2021 11:12:21 GMT
      expires:
      - '-1'
      pragma:
      - no-cache
      server:
      - Microsoft-HTTPAPI/2.0
      - Microsoft-HTTPAPI/2.0
      strict-transport-security:
      - max-age=31536000; includeSubDomains
      transfer-encoding:
      - chunked
      vary:
      - Accept-Encoding
      x-content-type-options:
      - nosniff
      x-ms-ratelimit-remaining-resource:
      - Microsoft.Compute/UpdateVM3Min;234,Microsoft.Compute/UpdateVM30Min;1194
      x-ms-ratelimit-remaining-subscription-writes:
      - '1199'
    status:
      code: 200
      message: OK
- request:
    body: null
    headers:
      Accept:
      - '*/*'
      Accept-Encoding:
      - gzip, deflate
      CommandName:
      - vm aem set
      Connection:
      - keep-alive
      ParameterSetName:
      - --verbose -g -n --install-new-extension
      User-Agent:
      - AZURECLI/2.17.0 azsdk-python-azure-mgmt-compute/18.0.0 Python/3.6.9 (Linux-4.19.128-microsoft-standard-x86_64-with-Ubuntu-18.04-bionic)
    method: GET
    uri: https://management.azure.com/subscriptions/00000000-0000-0000-0000-000000000000/providers/Microsoft.Compute/locations/westus/operations/23b89a38-bf68-4dc9-b6ea-75d6377c6f79?api-version=2020-06-01
  response:
    body:
      string: "{\r\n  \"startTime\": \"2021-01-15T11:12:21.9020293+00:00\",\r\n  \"endTime\":
        \"2021-01-15T11:12:22.0270262+00:00\",\r\n  \"status\": \"Succeeded\",\r\n
        \ \"name\": \"23b89a38-bf68-4dc9-b6ea-75d6377c6f79\"\r\n}"
    headers:
      cache-control:
      - no-cache
      content-length:
      - '184'
      content-type:
      - application/json; charset=utf-8
      date:
      - Fri, 15 Jan 2021 11:12:51 GMT
      expires:
      - '-1'
      pragma:
      - no-cache
      server:
      - Microsoft-HTTPAPI/2.0
      - Microsoft-HTTPAPI/2.0
      strict-transport-security:
      - max-age=31536000; includeSubDomains
      transfer-encoding:
      - chunked
      vary:
      - Accept-Encoding
      x-content-type-options:
      - nosniff
      x-ms-ratelimit-remaining-resource:
      - Microsoft.Compute/GetOperation3Min;14970,Microsoft.Compute/GetOperation30Min;29966
    status:
      code: 200
      message: OK
- request:
    body: null
    headers:
      Accept:
      - '*/*'
      Accept-Encoding:
      - gzip, deflate
      CommandName:
      - vm aem set
      Connection:
      - keep-alive
      ParameterSetName:
      - --verbose -g -n --install-new-extension
      User-Agent:
      - AZURECLI/2.17.0 azsdk-python-azure-mgmt-compute/18.0.0 Python/3.6.9 (Linux-4.19.128-microsoft-standard-x86_64-with-Ubuntu-18.04-bionic)
    method: GET
    uri: https://management.azure.com/subscriptions/00000000-0000-0000-0000-000000000000/resourceGroups/clitest.rg000001/providers/Microsoft.Compute/virtualMachines/vm1/extensions/MonitorX64Linux?api-version=2020-06-01
  response:
    body:
      string: "{\r\n  \"name\": \"MonitorX64Linux\",\r\n  \"id\": \"/subscriptions/00000000-0000-0000-0000-000000000000/resourceGroups/clitest.rg000001/providers/Microsoft.Compute/virtualMachines/vm1/extensions/MonitorX64Linux\",\r\n
        \ \"type\": \"Microsoft.Compute/virtualMachines/extensions\",\r\n  \"location\":
        \"westus\",\r\n  \"properties\": {\r\n    \"autoUpgradeMinorVersion\": true,\r\n
        \   \"provisioningState\": \"Succeeded\",\r\n    \"publisher\": \"Microsoft.AzureCAT.AzureEnhancedMonitoring\",\r\n
        \   \"type\": \"MonitorX64Linux\",\r\n    \"typeHandlerVersion\": \"1.0\",\r\n
        \   \"settings\": {\"system\":\"SAP\"}\r\n  }\r\n}"
    headers:
      cache-control:
      - no-cache
      content-length:
      - '613'
      content-type:
      - application/json; charset=utf-8
      date:
      - Fri, 15 Jan 2021 11:12:51 GMT
      expires:
      - '-1'
      pragma:
      - no-cache
      server:
      - Microsoft-HTTPAPI/2.0
      - Microsoft-HTTPAPI/2.0
      strict-transport-security:
      - max-age=31536000; includeSubDomains
      transfer-encoding:
      - chunked
      vary:
      - Accept-Encoding
      x-content-type-options:
      - nosniff
      x-ms-ratelimit-remaining-resource:
      - Microsoft.Compute/LowCostGet3Min;3942,Microsoft.Compute/LowCostGet30Min;31928
    status:
      code: 200
      message: OK
- request:
    body: null
    headers:
      Accept:
      - application/json
      Accept-Encoding:
      - gzip, deflate
      CommandName:
      - vm show
      Connection:
      - keep-alive
      ParameterSetName:
      - -g -n
      User-Agent:
      - AZURECLI/2.17.0 azsdk-python-azure-mgmt-compute/18.0.0 Python/3.6.9 (Linux-4.19.128-microsoft-standard-x86_64-with-Ubuntu-18.04-bionic)
    method: GET
    uri: https://management.azure.com/subscriptions/00000000-0000-0000-0000-000000000000/resourceGroups/clitest.rg000001/providers/Microsoft.Compute/virtualMachines/vm1?api-version=2020-06-01
  response:
    body:
      string: "{\r\n  \"name\": \"vm1\",\r\n  \"id\": \"/subscriptions/00000000-0000-0000-0000-000000000000/resourceGroups/clitest.rg000001/providers/Microsoft.Compute/virtualMachines/vm1\",\r\n
        \ \"type\": \"Microsoft.Compute/virtualMachines\",\r\n  \"location\": \"westus\",\r\n
        \ \"tags\": {},\r\n  \"identity\": {\r\n    \"type\": \"SystemAssigned\",\r\n
        \   \"principalId\": \"aa9a46b0-117c-4cb9-9789-f978313056f4\",\r\n    \"tenantId\":
        \"72f988bf-86f1-41af-91ab-2d7cd011db47\"\r\n  },\r\n  \"properties\": {\r\n
        \   \"vmId\": \"2c5abaa2-148b-4007-aefa-21d8106e5a81\",\r\n    \"hardwareProfile\":
        {\r\n      \"vmSize\": \"Standard_DS1_v2\"\r\n    },\r\n    \"storageProfile\":
        {\r\n      \"imageReference\": {\r\n        \"publisher\": \"SUSE\",\r\n        \"offer\":
        \"sles-15-sp2\",\r\n        \"sku\": \"gen2\",\r\n        \"version\": \"latest\",\r\n
        \       \"exactVersion\": \"2020.12.10\"\r\n      },\r\n      \"osDisk\":
        {\r\n        \"osType\": \"Linux\",\r\n        \"name\": \"os-disk\",\r\n
        \       \"createOption\": \"FromImage\",\r\n        \"caching\": \"ReadWrite\",\r\n
        \       \"managedDisk\": {\r\n          \"storageAccountType\": \"Premium_LRS\",\r\n
        \         \"id\": \"/subscriptions/00000000-0000-0000-0000-000000000000/resourceGroups/clitest.rg000001/providers/Microsoft.Compute/disks/os-disk\"\r\n
        \       },\r\n        \"diskSizeGB\": 30\r\n      },\r\n      \"dataDisks\":
        []\r\n    },\r\n    \"osProfile\": {\r\n      \"computerName\": \"vm1\",\r\n
        \     \"adminUsername\": \"sd\",\r\n      \"linuxConfiguration\": {\r\n        \"disablePasswordAuthentication\":
        true,\r\n        \"ssh\": {\r\n          \"publicKeys\": [\r\n            {\r\n
        \             \"path\": \"/home/sd/.ssh/authorized_keys\",\r\n              \"keyData\":
        \"ssh-rsa AAAAB3NzaC1yc2EAAAADAQABAAABAQDySYGeTNjheO8+nC0aDR5uJHS8BjYk6MvVLkTXM/2d7WMXu6ktoFglEFoqDmmZ62leenfWonoSkOeGzD3zPT3L9GOGKTHqCaz3Y1ai7bF3ZZmTSYiuUEcTkJS5sfcUtr9pOFtIsCgbP7XPXdZs/GM8joI8DLFkPyAdAmPyLxLBCwOA78s1+lCTPc5JfEamIhpfSCZWmD2GfIli/k1xUPhnUeKb8AFeRNDQ78D2knAz02LSD+lnFrjPZ9yfMLLLQJOWgI/PMyuDI1FjaADvgC9Y0coBz6TtfubQdqu0piB4J8B3uMdSoZp5eDYaq5MrmlZQi3c1A97va2jUd/UnNitz
        sd@DESKTOP-IH24U11\\n\"\r\n            }\r\n          ]\r\n        },\r\n
        \       \"provisionVMAgent\": true,\r\n        \"patchSettings\": {\r\n          \"patchMode\":
        \"ImageDefault\"\r\n        }\r\n      },\r\n      \"secrets\": [],\r\n      \"allowExtensionOperations\":
        true,\r\n      \"requireGuestProvisionSignal\": true\r\n    },\r\n    \"networkProfile\":
        {\"networkInterfaces\":[{\"id\":\"/subscriptions/00000000-0000-0000-0000-000000000000/resourceGroups/clitest.rg000001/providers/Microsoft.Network/networkInterfaces/vm1VMNic\"}]},\r\n
        \   \"provisioningState\": \"Succeeded\"\r\n  },\r\n  \"resources\": [\r\n
        \   {\r\n      \"name\": \"MonitorX64Linux\",\r\n      \"id\": \"/subscriptions/00000000-0000-0000-0000-000000000000/resourceGroups/clitest.rg000001/providers/Microsoft.Compute/virtualMachines/vm1/extensions/MonitorX64Linux\",\r\n
        \     \"type\": \"Microsoft.Compute/virtualMachines/extensions\",\r\n      \"location\":
        \"westus\",\r\n      \"properties\": {\r\n        \"autoUpgradeMinorVersion\":
        true,\r\n        \"provisioningState\": \"Succeeded\",\r\n        \"publisher\":
        \"Microsoft.AzureCAT.AzureEnhancedMonitoring\",\r\n        \"type\": \"MonitorX64Linux\",\r\n
        \       \"typeHandlerVersion\": \"1.0\",\r\n        \"settings\": {\"system\":\"SAP\"}\r\n
        \     }\r\n    }\r\n  ]\r\n}"
    headers:
      cache-control:
      - no-cache
      content-length:
      - '3319'
      content-type:
      - application/json; charset=utf-8
      date:
      - Fri, 15 Jan 2021 11:12:53 GMT
      expires:
      - '-1'
      pragma:
      - no-cache
      server:
      - Microsoft-HTTPAPI/2.0
      - Microsoft-HTTPAPI/2.0
      strict-transport-security:
      - max-age=31536000; includeSubDomains
      transfer-encoding:
      - chunked
      vary:
      - Accept-Encoding
      x-content-type-options:
      - nosniff
      x-ms-ratelimit-remaining-resource:
      - Microsoft.Compute/LowCostGet3Min;3941,Microsoft.Compute/LowCostGet30Min;31927
    status:
      code: 200
      message: OK
- request:
    body: null
    headers:
      Accept:
      - application/json
      Accept-Encoding:
      - gzip, deflate
      CommandName:
      - vm extension list
      Connection:
      - keep-alive
      ParameterSetName:
      - -g --vm-name
      User-Agent:
      - AZURECLI/2.17.0 azsdk-python-azure-mgmt-compute/18.0.0 Python/3.6.9 (Linux-4.19.128-microsoft-standard-x86_64-with-Ubuntu-18.04-bionic)
    method: GET
    uri: https://management.azure.com/subscriptions/00000000-0000-0000-0000-000000000000/resourceGroups/clitest.rg000001/providers/Microsoft.Compute/virtualMachines/vm1?api-version=2020-06-01
  response:
    body:
      string: "{\r\n  \"name\": \"vm1\",\r\n  \"id\": \"/subscriptions/00000000-0000-0000-0000-000000000000/resourceGroups/clitest.rg000001/providers/Microsoft.Compute/virtualMachines/vm1\",\r\n
        \ \"type\": \"Microsoft.Compute/virtualMachines\",\r\n  \"location\": \"westus\",\r\n
        \ \"tags\": {},\r\n  \"identity\": {\r\n    \"type\": \"SystemAssigned\",\r\n
        \   \"principalId\": \"aa9a46b0-117c-4cb9-9789-f978313056f4\",\r\n    \"tenantId\":
        \"72f988bf-86f1-41af-91ab-2d7cd011db47\"\r\n  },\r\n  \"properties\": {\r\n
        \   \"vmId\": \"2c5abaa2-148b-4007-aefa-21d8106e5a81\",\r\n    \"hardwareProfile\":
        {\r\n      \"vmSize\": \"Standard_DS1_v2\"\r\n    },\r\n    \"storageProfile\":
        {\r\n      \"imageReference\": {\r\n        \"publisher\": \"SUSE\",\r\n        \"offer\":
        \"sles-15-sp2\",\r\n        \"sku\": \"gen2\",\r\n        \"version\": \"latest\",\r\n
        \       \"exactVersion\": \"2020.12.10\"\r\n      },\r\n      \"osDisk\":
        {\r\n        \"osType\": \"Linux\",\r\n        \"name\": \"os-disk\",\r\n
        \       \"createOption\": \"FromImage\",\r\n        \"caching\": \"ReadWrite\",\r\n
        \       \"managedDisk\": {\r\n          \"storageAccountType\": \"Premium_LRS\",\r\n
        \         \"id\": \"/subscriptions/00000000-0000-0000-0000-000000000000/resourceGroups/clitest.rg000001/providers/Microsoft.Compute/disks/os-disk\"\r\n
        \       },\r\n        \"diskSizeGB\": 30\r\n      },\r\n      \"dataDisks\":
        []\r\n    },\r\n    \"osProfile\": {\r\n      \"computerName\": \"vm1\",\r\n
        \     \"adminUsername\": \"sd\",\r\n      \"linuxConfiguration\": {\r\n        \"disablePasswordAuthentication\":
        true,\r\n        \"ssh\": {\r\n          \"publicKeys\": [\r\n            {\r\n
        \             \"path\": \"/home/sd/.ssh/authorized_keys\",\r\n              \"keyData\":
        \"ssh-rsa AAAAB3NzaC1yc2EAAAADAQABAAABAQDySYGeTNjheO8+nC0aDR5uJHS8BjYk6MvVLkTXM/2d7WMXu6ktoFglEFoqDmmZ62leenfWonoSkOeGzD3zPT3L9GOGKTHqCaz3Y1ai7bF3ZZmTSYiuUEcTkJS5sfcUtr9pOFtIsCgbP7XPXdZs/GM8joI8DLFkPyAdAmPyLxLBCwOA78s1+lCTPc5JfEamIhpfSCZWmD2GfIli/k1xUPhnUeKb8AFeRNDQ78D2knAz02LSD+lnFrjPZ9yfMLLLQJOWgI/PMyuDI1FjaADvgC9Y0coBz6TtfubQdqu0piB4J8B3uMdSoZp5eDYaq5MrmlZQi3c1A97va2jUd/UnNitz
        sd@DESKTOP-IH24U11\\n\"\r\n            }\r\n          ]\r\n        },\r\n
        \       \"provisionVMAgent\": true,\r\n        \"patchSettings\": {\r\n          \"patchMode\":
        \"ImageDefault\"\r\n        }\r\n      },\r\n      \"secrets\": [],\r\n      \"allowExtensionOperations\":
        true,\r\n      \"requireGuestProvisionSignal\": true\r\n    },\r\n    \"networkProfile\":
        {\"networkInterfaces\":[{\"id\":\"/subscriptions/00000000-0000-0000-0000-000000000000/resourceGroups/clitest.rg000001/providers/Microsoft.Network/networkInterfaces/vm1VMNic\"}]},\r\n
        \   \"provisioningState\": \"Succeeded\"\r\n  },\r\n  \"resources\": [\r\n
        \   {\r\n      \"name\": \"MonitorX64Linux\",\r\n      \"id\": \"/subscriptions/00000000-0000-0000-0000-000000000000/resourceGroups/clitest.rg000001/providers/Microsoft.Compute/virtualMachines/vm1/extensions/MonitorX64Linux\",\r\n
        \     \"type\": \"Microsoft.Compute/virtualMachines/extensions\",\r\n      \"location\":
        \"westus\",\r\n      \"properties\": {\r\n        \"autoUpgradeMinorVersion\":
        true,\r\n        \"provisioningState\": \"Succeeded\",\r\n        \"publisher\":
        \"Microsoft.AzureCAT.AzureEnhancedMonitoring\",\r\n        \"type\": \"MonitorX64Linux\",\r\n
        \       \"typeHandlerVersion\": \"1.0\",\r\n        \"settings\": {\"system\":\"SAP\"}\r\n
        \     }\r\n    }\r\n  ]\r\n}"
    headers:
      cache-control:
      - no-cache
      content-length:
      - '3319'
      content-type:
      - application/json; charset=utf-8
      date:
      - Fri, 15 Jan 2021 11:12:54 GMT
      expires:
      - '-1'
      pragma:
      - no-cache
      server:
      - Microsoft-HTTPAPI/2.0
      - Microsoft-HTTPAPI/2.0
      strict-transport-security:
      - max-age=31536000; includeSubDomains
      transfer-encoding:
      - chunked
      vary:
      - Accept-Encoding
      x-content-type-options:
      - nosniff
      x-ms-ratelimit-remaining-resource:
      - Microsoft.Compute/LowCostGet3Min;3940,Microsoft.Compute/LowCostGet30Min;31926
    status:
      code: 200
      message: OK
- request:
    body: null
    headers:
      Accept:
      - application/json
      Accept-Encoding:
      - gzip, deflate
      CommandName:
      - vm aem verify
      Connection:
      - keep-alive
      ParameterSetName:
      - -g -n
      User-Agent:
      - AZURECLI/2.17.0 azsdk-python-azure-mgmt-compute/18.0.0 Python/3.6.9 (Linux-4.19.128-microsoft-standard-x86_64-with-Ubuntu-18.04-bionic)
    method: GET
    uri: https://management.azure.com/subscriptions/00000000-0000-0000-0000-000000000000/resourceGroups/clitest.rg000001/providers/Microsoft.Compute/virtualMachines/vm1?$expand=instanceView&api-version=2020-06-01
  response:
    body:
      string: "{\r\n  \"name\": \"vm1\",\r\n  \"id\": \"/subscriptions/00000000-0000-0000-0000-000000000000/resourceGroups/clitest.rg000001/providers/Microsoft.Compute/virtualMachines/vm1\",\r\n
        \ \"type\": \"Microsoft.Compute/virtualMachines\",\r\n  \"location\": \"westus\",\r\n
        \ \"tags\": {},\r\n  \"identity\": {\r\n    \"type\": \"SystemAssigned\",\r\n
        \   \"principalId\": \"aa9a46b0-117c-4cb9-9789-f978313056f4\",\r\n    \"tenantId\":
        \"72f988bf-86f1-41af-91ab-2d7cd011db47\"\r\n  },\r\n  \"properties\": {\r\n
        \   \"vmId\": \"2c5abaa2-148b-4007-aefa-21d8106e5a81\",\r\n    \"hardwareProfile\":
        {\r\n      \"vmSize\": \"Standard_DS1_v2\"\r\n    },\r\n    \"storageProfile\":
        {\r\n      \"imageReference\": {\r\n        \"publisher\": \"SUSE\",\r\n        \"offer\":
        \"sles-15-sp2\",\r\n        \"sku\": \"gen2\",\r\n        \"version\": \"latest\",\r\n
        \       \"exactVersion\": \"2020.12.10\"\r\n      },\r\n      \"osDisk\":
        {\r\n        \"osType\": \"Linux\",\r\n        \"name\": \"os-disk\",\r\n
        \       \"createOption\": \"FromImage\",\r\n        \"caching\": \"ReadWrite\",\r\n
        \       \"managedDisk\": {\r\n          \"storageAccountType\": \"Premium_LRS\",\r\n
        \         \"id\": \"/subscriptions/00000000-0000-0000-0000-000000000000/resourceGroups/clitest.rg000001/providers/Microsoft.Compute/disks/os-disk\"\r\n
        \       },\r\n        \"diskSizeGB\": 30\r\n      },\r\n      \"dataDisks\":
        []\r\n    },\r\n    \"osProfile\": {\r\n      \"computerName\": \"vm1\",\r\n
        \     \"adminUsername\": \"sd\",\r\n      \"linuxConfiguration\": {\r\n        \"disablePasswordAuthentication\":
        true,\r\n        \"ssh\": {\r\n          \"publicKeys\": [\r\n            {\r\n
        \             \"path\": \"/home/sd/.ssh/authorized_keys\",\r\n              \"keyData\":
        \"ssh-rsa AAAAB3NzaC1yc2EAAAADAQABAAABAQDySYGeTNjheO8+nC0aDR5uJHS8BjYk6MvVLkTXM/2d7WMXu6ktoFglEFoqDmmZ62leenfWonoSkOeGzD3zPT3L9GOGKTHqCaz3Y1ai7bF3ZZmTSYiuUEcTkJS5sfcUtr9pOFtIsCgbP7XPXdZs/GM8joI8DLFkPyAdAmPyLxLBCwOA78s1+lCTPc5JfEamIhpfSCZWmD2GfIli/k1xUPhnUeKb8AFeRNDQ78D2knAz02LSD+lnFrjPZ9yfMLLLQJOWgI/PMyuDI1FjaADvgC9Y0coBz6TtfubQdqu0piB4J8B3uMdSoZp5eDYaq5MrmlZQi3c1A97va2jUd/UnNitz
        sd@DESKTOP-IH24U11\\n\"\r\n            }\r\n          ]\r\n        },\r\n
        \       \"provisionVMAgent\": true,\r\n        \"patchSettings\": {\r\n          \"patchMode\":
        \"ImageDefault\"\r\n        }\r\n      },\r\n      \"secrets\": [],\r\n      \"allowExtensionOperations\":
        true,\r\n      \"requireGuestProvisionSignal\": true\r\n    },\r\n    \"networkProfile\":
        {\"networkInterfaces\":[{\"id\":\"/subscriptions/00000000-0000-0000-0000-000000000000/resourceGroups/clitest.rg000001/providers/Microsoft.Network/networkInterfaces/vm1VMNic\"}]},\r\n
        \   \"provisioningState\": \"Succeeded\",\r\n    \"instanceView\": {\r\n      \"computerName\":
        \"vm1\",\r\n      \"osName\": \"sles\",\r\n      \"osVersion\": \"15.2\",\r\n
        \     \"vmAgent\": {\r\n        \"vmAgentVersion\": \"2.2.49.2\",\r\n        \"statuses\":
        [\r\n          {\r\n            \"code\": \"ProvisioningState/succeeded\",\r\n
        \           \"level\": \"Info\",\r\n            \"displayStatus\": \"Ready\",\r\n
        \           \"message\": \"Guest Agent is running\",\r\n            \"time\":
        \"2021-01-15T11:12:52+00:00\"\r\n          }\r\n        ],\r\n        \"extensionHandlers\":
        [\r\n          {\r\n            \"type\": \"Microsoft.AzureCAT.AzureEnhancedMonitoring.MonitorX64Linux\",\r\n
        \           \"typeHandlerVersion\": \"1.0.0.82\",\r\n            \"status\":
        {\r\n              \"code\": \"ProvisioningState/succeeded\",\r\n              \"level\":
        \"Info\",\r\n              \"displayStatus\": \"Ready\",\r\n              \"message\":
        \"Plugin enabled\"\r\n            }\r\n          }\r\n        ]\r\n      },\r\n
        \     \"disks\": [\r\n        {\r\n          \"name\": \"os-disk\",\r\n          \"statuses\":
        [\r\n            {\r\n              \"code\": \"ProvisioningState/succeeded\",\r\n
        \             \"level\": \"Info\",\r\n              \"displayStatus\": \"Provisioning
        succeeded\",\r\n              \"time\": \"2021-01-15T11:09:05.8863033+00:00\"\r\n
        \           }\r\n          ]\r\n        }\r\n      ],\r\n      \"extensions\":
        [\r\n        {\r\n          \"name\": \"MonitorX64Linux\",\r\n          \"type\":
        \"Microsoft.AzureCAT.AzureEnhancedMonitoring.MonitorX64Linux\",\r\n          \"typeHandlerVersion\":
        \"1.0.0.82\",\r\n          \"substatuses\": [\r\n            {\r\n              \"code\":
        \"ComponentStatus/metrics/succeeded\",\r\n              \"level\": \"Info\",\r\n
        \             \"displayStatus\": \"Provisioning succeeded\",\r\n              \"message\":
        \"<?xml version=\\\"1.0\\\" encoding=\\\"utf-8\\\"?>\\n<metrics>\\n  <metric
        category=\\\"config\\\" context=\\\"vm\\\" type=\\\"int64\\\" unit=\\\"none\\\"
        last-refresh=\\\"1610709099\\\" refresh-interval=\\\"60\\\">\\n    <name>Provider
        Health Status</name>\\n    <value>8</value>\\n  </metric>\\n  <metric category=\\\"config\\\"
        context=\\\"vm\\\" type=\\\"string\\\" unit=\\\"none\\\" last-refresh=\\\"1610709102\\\"
        refresh-interval=\\\"60\\\">\\n    <name>Provider Health Description</name>\\n
        \   <value>OK</value>\\n  </metric>\\n  <metric category=\\\"config\\\" context=\\\"vm\\\"
        type=\\\"string\\\" unit=\\\"none\\\" last-refresh=\\\"1610709099\\\" refresh-interval=\\\"0\\\">\\n
        \   <name>Data Provider Version</name>\\n    <value>1.0.0.82 (rel)</value>\\n
        \ </metric>\\n  <metric category=\\\"config\\\" context=\\\"host\\\" type=\\\"string\\\"
        unit=\\\"none\\\" last-refresh=\\\"1610709099\\\" refresh-interval=\\\"0\\\">\\n
        \   <name>Cloud Provider</name>\\n    <value>Microsoft Azure</value>\\n  </metric>\\n
        \ <metric category=\\\"cpu\\\" context=\\\"host\\\" type=\\\"string\\\" unit=\\\"none\\\"
        last-refresh=\\\"1610709099\\\" refresh-interval=\\\"0\\\">\\n    <name>Processor
        Type</name>\\n    <value> Intel(R) Xeon(R) Platinum 8171M CPU @ 2.60GHz</value>\\n
        \ </metric>\\n  <metric category=\\\"cpu\\\" context=\\\"host\\\" type=\\\"int64\\\"
        unit=\\\"MHz\\\" last-refresh=\\\"1610709099\\\" refresh-interval=\\\"0\\\">\\n
        \   <name>Max. HW frequency</name>\\n    <value>2095</value>\\n  </metric>\\n
        \ <metric category=\\\"cpu\\\" context=\\\"host\\\" type=\\\"int64\\\" unit=\\\"MHz\\\"
        last-refresh=\\\"1610709099\\\" refresh-interval=\\\"0\\\">\\n    <name>Current
        HW frequency</name>\\n    <value>2095</value>\\n  </metric>\\n  <metric category=\\\"config\\\"
        context=\\\"host\\\" type=\\\"string\\\" unit=\\\"none\\\" last-refresh=\\\"1610709099\\\"
        refresh-interval=\\\"0\\\">\\n    <name>Virtualization Solution</name>\\n
        \   <value>AzurePublicCloud</value>\\n  </metric>\\n  <metric category=\\\"config\\\"
        context=\\\"host\\\" type=\\\"string\\\" unit=\\\"none\\\" last-refresh=\\\"1610709099\\\"
        refresh-interval=\\\"0\\\">\\n    <name>Virtualization Solution Version</name>\\n
        \   <value>2020.12.10</value>\\n  </metric>\\n  <metric category=\\\"config\\\"
        context=\\\"host\\\" type=\\\"string\\\" unit=\\\"none\\\" last-refresh=\\\"1610709099\\\"
        refresh-interval=\\\"0\\\">\\n    <name>Hardware Manufacturer</name>\\n    <value>Microsoft
        Corporation</value>\\n  </metric>\\n  <metric category=\\\"config\\\" context=\\\"vm\\\"
        type=\\\"string\\\" unit=\\\"none\\\" last-refresh=\\\"1610709099\\\" refresh-interval=\\\"0\\\">\\n
        \   <name>Host Identifier</name>\\n    <value>002248086525</value>\\n  </metric>\\n
        \ <metric category=\\\"config\\\" context=\\\"vm\\\" type=\\\"string\\\" unit=\\\"none\\\"
        last-refresh=\\\"1610709101\\\" refresh-interval=\\\"0\\\">\\n    <name>Instance
        Type</name>\\n    <value>Standard_DS1_v2</value>\\n  </metric>\\n  <metric
        category=\\\"config\\\" context=\\\"host\\\" type=\\\"string\\\" unit=\\\"none\\\"
        last-refresh=\\\"1610709101\\\" refresh-interval=\\\"0\\\">\\n    <name>Hardware
        Model</name>\\n    <value>Virtual Machine</value>\\n  </metric>\\n  <metric
        category=\\\"config\\\" context=\\\"vm\\\" type=\\\"string\\\" unit=\\\"none\\\"
        last-refresh=\\\"1610709101\\\" refresh-interval=\\\"0\\\">\\n    <name>VM
        Identifier</name>\\n    <value>2c5abaa2-148b-4007-aefa-21d8106e5a81</value>\\n
        \ </metric>\\n  <metric category=\\\"config\\\" context=\\\"vm\\\" type=\\\"string\\\"
        unit=\\\"none\\\" last-refresh=\\\"1610709101\\\" refresh-interval=\\\"0\\\">\\n
        \   <name>CPU Over-Provisioning</name>\\n    <value>no</value>\\n  </metric>\\n
        \ <metric category=\\\"config\\\" context=\\\"vm\\\" type=\\\"string\\\" unit=\\\"none\\\"
        last-refresh=\\\"1610709101\\\" refresh-interval=\\\"0\\\">\\n    <name>Memory
        Over-Provisioning</name>\\n    <value>no</value>\\n  </metric>\\n  <metric
        category=\\\"cpu\\\" context=\\\"vm\\\" type=\\\"double\\\" unit=\\\"CU\\\"
        last-refresh=\\\"1610709101\\\" refresh-interval=\\\"0\\\">\\n    <name>Phys.
        Processing Power per vCPU</name>\\n    <value>2.10</value>\\n  </metric>\\n
        \ <metric category=\\\"cpu\\\" context=\\\"vm\\\" type=\\\"string\\\" unit=\\\"none\\\"
        last-refresh=\\\"1610709101\\\" refresh-interval=\\\"0\\\">\\n    <name>Reference
        Compute Unit [CU]</name>\\n    <value>Single vCPU of the Standard_A1 VM</value>\\n
        \ </metric>\\n  <metric category=\\\"cpu\\\" context=\\\"host\\\" type=\\\"int64\\\"
        unit=\\\"none\\\" last-refresh=\\\"1610709101\\\" refresh-interval=\\\"0\\\">\\n
        \   <name>Number of Threads per Core</name>\\n    <value>1</value>\\n  </metric>\\n
        \ <metric category=\\\"disk\\\" context=\\\"vm\\\" type=\\\"int64\\\" unit=\\\"OpsPerSec\\\"
        last-refresh=\\\"1610709101\\\" refresh-interval=\\\"0\\\">\\n    <name>Max
        VM IOps</name>\\n    <value>3200</value>\\n  </metric>\\n  <metric category=\\\"disk\\\"
        context=\\\"vm\\\" type=\\\"int64\\\" unit=\\\"Bps\\\" last-refresh=\\\"1610709101\\\"
        refresh-interval=\\\"0\\\">\\n    <name>Max VM Throughput</name>\\n    <value>50331648</value>\\n
        \ </metric>\\n  <metric category=\\\"cpu\\\" context=\\\"vm\\\" type=\\\"double\\\"
        unit=\\\"CU\\\" last-refresh=\\\"1610709101\\\" refresh-interval=\\\"0\\\">\\n
        \   <name>Guaranteed VM Processing Power</name>\\n    <value>2.10</value>\\n
        \ </metric>\\n  <metric category=\\\"cpu\\\" context=\\\"vm\\\" type=\\\"double\\\"
        unit=\\\"CU\\\" last-refresh=\\\"1610709101\\\" refresh-interval=\\\"0\\\">\\n
        \   <name>Current VM Processing Power</name>\\n    <value>2.10</value>\\n
        \ </metric>\\n  <metric category=\\\"cpu\\\" context=\\\"vm\\\" type=\\\"double\\\"
        unit=\\\"CU\\\" last-refresh=\\\"1610709101\\\" refresh-interval=\\\"0\\\">\\n
        \   <name>Max. VM Processing Power</name>\\n    <value>2.10</value>\\n  </metric>\\n
        \ <metric category=\\\"disk\\\" context=\\\"vm\\\" type=\\\"string\\\" unit=\\\"none\\\"
        last-refresh=\\\"1610709101\\\" refresh-interval=\\\"0\\\" device-id=\\\"osDisk\\\">\\n
        \   <name>Volume ID</name>\\n    <value>os-disk</value>\\n  </metric>\\n  <metric
        category=\\\"disk\\\" context=\\\"vm\\\" type=\\\"string\\\" unit=\\\"none\\\"
        last-refresh=\\\"1610709101\\\" refresh-interval=\\\"0\\\" device-id=\\\"osDisk\\\">\\n
        \   <name>Mapping</name>\\n    <value>sda</value>\\n  </metric>\\n  <metric
        category=\\\"disk\\\" context=\\\"vm\\\" type=\\\"string\\\" unit=\\\"none\\\"
        last-refresh=\\\"1610709101\\\" refresh-interval=\\\"0\\\" device-id=\\\"osDisk\\\">\\n
        \   <name>Caching</name>\\n    <value>ReadWrite</value>\\n  </metric>\\n  <metric
        category=\\\"disk\\\" context=\\\"vm\\\" type=\\\"string\\\" unit=\\\"none\\\"
        last-refresh=\\\"1610709101\\\" refresh-interval=\\\"0\\\" device-id=\\\"osDisk\\\">\\n
        \   <name>Volume Type</name>\\n    <value>Premium_LRS</value>\\n  </metric>\\n
        \ <metric category=\\\"disk\\\" context=\\\"vm\\\" type=\\\"int64\\\" unit=\\\"OpsPerSec\\\"
        last-refresh=\\\"1610709101\\\" refresh-interval=\\\"0\\\" device-id=\\\"osDisk\\\">\\n
        \   <name>Max IOps</name>\\n    <value>120</value>\\n  </metric>\\n  <metric
        category=\\\"disk\\\" context=\\\"vm\\\" type=\\\"int64\\\" unit=\\\"Bps\\\"
        last-refresh=\\\"1610709101\\\" refresh-interval=\\\"0\\\" device-id=\\\"osDisk\\\">\\n
        \   <name>Max Throughput</name>\\n    <value>25000000</value>\\n  </metric>\\n
        \ <metric category=\\\"network\\\" context=\\\"vm\\\" type=\\\"string\\\"
        unit=\\\"none\\\" last-refresh=\\\"1610709101\\\" refresh-interval=\\\"0\\\"
        device-id=\\\"nic_0\\\">\\n    <name>Adapter ID</name>\\n    <value>nic_0</value>\\n
        \ </metric>\\n  <metric category=\\\"network\\\" context=\\\"vm\\\" type=\\\"string\\\"
        unit=\\\"none\\\" last-refresh=\\\"1610709101\\\" refresh-interval=\\\"0\\\"
        device-id=\\\"nic_0\\\">\\n    <name>Mapping</name>\\n    <value>eth0</value>\\n
        \ </metric>\\n  <metric category=\\\"network\\\" context=\\\"vm\\\" type=\\\"int64\\\"
        unit=\\\"none\\\" last-refresh=\\\"1610709101\\\" refresh-interval=\\\"0\\\"
        device-id=\\\"nic_0\\\">\\n    <name>Health Indicator</name>\\n    <value>8</value>\\n
        \ </metric>\\n  <metric category=\\\"memory\\\" context=\\\"vm\\\" type=\\\"double\\\"
        unit=\\\"Percent\\\" last-refresh=\\\"1610709101\\\" refresh-interval=\\\"60\\\">\\n
        \   <name>Memory Consumption</name>\\n    <value>5.0</value>\\n  </metric>\\n
        \ <metric category=\\\"network\\\" context=\\\"vm\\\" type=\\\"int64\\\" unit=\\\"Bps\\\"
        last-refresh=\\\"1610709000\\\" refresh-interval=\\\"60\\\" device-id=\\\"nic_0\\\">\\n
        \   <name>Network Write Throughput</name>\\n    <value>0</value>\\n  </metric>\\n
        \ <metric category=\\\"network\\\" context=\\\"vm\\\" type=\\\"int64\\\" unit=\\\"Bps\\\"
        last-refresh=\\\"1610709000\\\" refresh-interval=\\\"60\\\" device-id=\\\"nic_0\\\">\\n
        \   <name>Network Read Throughput</name>\\n    <value>0</value>\\n  </metric>\\n</metrics>\"\r\n
        \           }\r\n          ],\r\n          \"statuses\": [\r\n            {\r\n
        \             \"code\": \"ProvisioningState/succeeded\",\r\n              \"level\":
        \"Info\",\r\n              \"displayStatus\": \"Provisioning succeeded\",\r\n
        \             \"message\": \"command: -enable, health: OK\"\r\n            }\r\n
        \         ]\r\n        }\r\n      ],\r\n      \"hyperVGeneration\": \"V2\",\r\n
        \     \"statuses\": [\r\n        {\r\n          \"code\": \"ProvisioningState/succeeded\",\r\n
        \         \"level\": \"Info\",\r\n          \"displayStatus\": \"Provisioning
        succeeded\",\r\n          \"time\": \"2021-01-15T11:12:22.0113852+00:00\"\r\n
        \       },\r\n        {\r\n          \"code\": \"PowerState/running\",\r\n
        \         \"level\": \"Info\",\r\n          \"displayStatus\": \"VM running\"\r\n
        \       }\r\n      ]\r\n    }\r\n  },\r\n  \"resources\": [\r\n    {\r\n      \"name\":
        \"MonitorX64Linux\",\r\n      \"id\": \"/subscriptions/00000000-0000-0000-0000-000000000000/resourceGroups/clitest.rg000001/providers/Microsoft.Compute/virtualMachines/vm1/extensions/MonitorX64Linux\",\r\n
        \     \"type\": \"Microsoft.Compute/virtualMachines/extensions\",\r\n      \"location\":
        \"westus\",\r\n      \"properties\": {\r\n        \"autoUpgradeMinorVersion\":
        true,\r\n        \"provisioningState\": \"Succeeded\",\r\n        \"publisher\":
        \"Microsoft.AzureCAT.AzureEnhancedMonitoring\",\r\n        \"type\": \"MonitorX64Linux\",\r\n
        \       \"typeHandlerVersion\": \"1.0\",\r\n        \"settings\": {\"system\":\"SAP\"}\r\n
        \     }\r\n    }\r\n  ]\r\n}"
    headers:
      cache-control:
      - no-cache
      content-length:
      - '13457'
      content-type:
      - application/json; charset=utf-8
      date:
      - Fri, 15 Jan 2021 11:12:55 GMT
      expires:
      - '-1'
      pragma:
      - no-cache
      server:
      - Microsoft-HTTPAPI/2.0
      - Microsoft-HTTPAPI/2.0
      strict-transport-security:
      - max-age=31536000; includeSubDomains
      transfer-encoding:
      - chunked
      vary:
      - Accept-Encoding
      x-content-type-options:
      - nosniff
      x-ms-ratelimit-remaining-resource:
      - Microsoft.Compute/LowCostGet3Min;3939,Microsoft.Compute/LowCostGet30Min;31925
    status:
      code: 200
      message: OK
- request:
    body: null
    headers:
      Accept:
      - application/json
      Accept-Encoding:
      - gzip, deflate
      CommandName:
      - vm aem verify
      Connection:
      - keep-alive
      ParameterSetName:
      - -g -n
      User-Agent:
      - python/3.6.9 (Linux-4.19.128-microsoft-standard-x86_64-with-Ubuntu-18.04-bionic)
        msrest/0.6.19 msrest_azure/0.6.4 azure-mgmt-authorization/0.61.0 Azure-SDK-For-Python
        AZURECLI/2.17.0
      accept-language:
      - en-US
    method: GET
    uri: https://management.azure.com/subscriptions/00000000-0000-0000-0000-000000000000/resourceGroups/clitest.rg000001/providers/Microsoft.Authorization/roleAssignments?api-version=2020-04-01-preview
  response:
    body:
      string: '{"value":[{"properties":{"roleDefinitionId":"/subscriptions/00000000-0000-0000-0000-000000000000/providers/Microsoft.Authorization/roleDefinitions/acdd72a7-3385-48ef-bd42-f606fba81ae7","principalId":"aa9a46b0-117c-4cb9-9789-f978313056f4","principalType":"ServicePrincipal","scope":"/subscriptions/00000000-0000-0000-0000-000000000000/resourceGroups/clitest.rg000001","condition":null,"conditionVersion":null,"createdOn":"2021-01-15T11:11:10.3343217Z","updatedOn":"2021-01-15T11:11:10.3343217Z","createdBy":"b2eba440-fa0d-4a29-a374-e6d8ae3a9a84","updatedBy":"b2eba440-fa0d-4a29-a374-e6d8ae3a9a84","delegatedManagedIdentityResourceId":null,"description":null},"id":"/subscriptions/00000000-0000-0000-0000-000000000000/resourceGroups/clitest.rg000001/providers/Microsoft.Authorization/roleAssignments/e4e8abba-da19-3a0c-b99b-62deba742304","type":"Microsoft.Authorization/roleAssignments","name":"e4e8abba-da19-3a0c-b99b-62deba742304"},{"properties":{"roleDefinitionId":"/subscriptions/00000000-0000-0000-0000-000000000000/providers/Microsoft.Authorization/roleDefinitions/8e3af657-a8ff-443c-a75c-2fe8c4bcb635","principalId":"92a194c2-f34a-4690-999c-a331cf7ca5a5","principalType":"ServicePrincipal","scope":"/subscriptions/00000000-0000-0000-0000-000000000000","condition":null,"conditionVersion":null,"createdOn":"2020-01-10T10:38:25.1774079Z","updatedOn":"2020-01-10T10:38:25.1774079Z","createdBy":"b2c0743b-7f46-48a2-8ae0-cd98a49daa17","updatedBy":"b2c0743b-7f46-48a2-8ae0-cd98a49daa17","delegatedManagedIdentityResourceId":null,"description":null},"id":"/subscriptions/00000000-0000-0000-0000-000000000000/providers/Microsoft.Authorization/roleAssignments/15f7da34-7e76-40d8-8e9c-d8b2d47c6304","type":"Microsoft.Authorization/roleAssignments","name":"15f7da34-7e76-40d8-8e9c-d8b2d47c6304"},{"properties":{"roleDefinitionId":"/subscriptions/00000000-0000-0000-0000-000000000000/providers/Microsoft.Authorization/roleDefinitions/8e3af657-a8ff-443c-a75c-2fe8c4bcb635","principalId":"b2eba440-fa0d-4a29-a374-e6d8ae3a9a84","principalType":"ServicePrincipal","scope":"/subscriptions/00000000-0000-0000-0000-000000000000","condition":null,"conditionVersion":null,"createdOn":"2021-01-11T16:39:28.4931741Z","updatedOn":"2021-01-11T16:39:28.4931741Z","createdBy":"b2c0743b-7f46-48a2-8ae0-cd98a49daa17","updatedBy":"b2c0743b-7f46-48a2-8ae0-cd98a49daa17","delegatedManagedIdentityResourceId":null,"description":null},"id":"/subscriptions/00000000-0000-0000-0000-000000000000/providers/Microsoft.Authorization/roleAssignments/02b25c7e-c62b-4592-a9da-2670fb470043","type":"Microsoft.Authorization/roleAssignments","name":"02b25c7e-c62b-4592-a9da-2670fb470043"},{"properties":{"roleDefinitionId":"/subscriptions/00000000-0000-0000-0000-000000000000/providers/Microsoft.Authorization/roleDefinitions/b24988ac-6180-42a0-ab88-20f7382dd24c","principalId":"4f3619ae-3c0a-4eb7-9c6a-ef3ccabec0dc","principalType":"ServicePrincipal","scope":"/subscriptions/00000000-0000-0000-0000-000000000000","condition":null,"conditionVersion":null,"createdOn":"2020-10-01T14:37:05.2923744Z","updatedOn":"2020-10-01T14:37:05.2923744Z","createdBy":"b2c0743b-7f46-48a2-8ae0-cd98a49daa17","updatedBy":"b2c0743b-7f46-48a2-8ae0-cd98a49daa17","delegatedManagedIdentityResourceId":null,"description":null},"id":"/subscriptions/00000000-0000-0000-0000-000000000000/providers/Microsoft.Authorization/roleAssignments/4fa1ac13-f0b4-465f-85b9-e466ae7c24b1","type":"Microsoft.Authorization/roleAssignments","name":"4fa1ac13-f0b4-465f-85b9-e466ae7c24b1"},{"properties":{"roleDefinitionId":"/subscriptions/00000000-0000-0000-0000-000000000000/providers/Microsoft.Authorization/roleDefinitions/acdd72a7-3385-48ef-bd42-f606fba81ae7","principalId":"5c617d2b-99f8-4c90-98fe-dfe040fa33c1","principalType":"ServicePrincipal","scope":"/","condition":null,"conditionVersion":null,"createdOn":"2018-02-27T19:19:50.2663941Z","updatedOn":"2018-02-27T19:19:50.2663941Z","createdBy":null,"updatedBy":null,"delegatedManagedIdentityResourceId":null,"description":null},"id":"/providers/Microsoft.Authorization/roleAssignments/3e883d24-b106-42ff-ad13-d7bf271b964d","type":"Microsoft.Authorization/roleAssignments","name":"3e883d24-b106-42ff-ad13-d7bf271b964d"},{"properties":{"roleDefinitionId":"/subscriptions/00000000-0000-0000-0000-000000000000/providers/Microsoft.Authorization/roleDefinitions/acdd72a7-3385-48ef-bd42-f606fba81ae7","principalId":"ce2366a6-64d7-441b-939c-c9d23f91cccd","principalType":"ServicePrincipal","scope":"/providers/Microsoft.Management/managementGroups/72f988bf-86f1-41af-91ab-2d7cd011db47","condition":null,"conditionVersion":null,"createdOn":"2020-03-12T20:43:06.5941189Z","updatedOn":"2020-03-12T20:43:06.5941189Z","createdBy":"606f48c8-d219-4875-991d-ae6befaf0756","updatedBy":"606f48c8-d219-4875-991d-ae6befaf0756","delegatedManagedIdentityResourceId":null,"description":null},"id":"/providers/Microsoft.Management/managementGroups/72f988bf-86f1-41af-91ab-2d7cd011db47/providers/Microsoft.Authorization/roleAssignments/ad9e2cd7-0ff7-4931-9b17-656c8f17934b","type":"Microsoft.Authorization/roleAssignments","name":"ad9e2cd7-0ff7-4931-9b17-656c8f17934b"}]}'
    headers:
      cache-control:
      - no-cache
      content-length:
      - '5240'
      content-type:
      - application/json; charset=utf-8
      date:
      - Fri, 15 Jan 2021 11:12:56 GMT
      expires:
      - '-1'
      pragma:
      - no-cache
      set-cookie:
      - x-ms-gateway-slice=Production; path=/; secure; samesite=none; httponly
      strict-transport-security:
      - max-age=31536000; includeSubDomains
      transfer-encoding:
      - chunked
      vary:
      - Accept-Encoding
      x-content-type-options:
      - nosniff
    status:
      code: 200
      message: OK
version: 1
