interactions:
- request:
    body: null
    headers:
      Accept:
      - application/json
      Accept-Encoding:
      - gzip, deflate
      CommandName:
      - vm create
      Connection:
      - keep-alive
      ParameterSetName:
      - -g -n --os-disk-name --image --generate-ssh-keys
      User-Agent:
      - python/3.6.9 (Linux-5.4.72-microsoft-standard-WSL2-x86_64-with-Ubuntu-18.04-bionic)
        msrest/0.6.21 msrest_azure/0.6.4 azure-mgmt-resource/12.0.0 Azure-SDK-For-Python
        AZURECLI/2.21.0.post20210319155758
      accept-language:
      - en-US
    method: GET
    uri: https://management.azure.com/subscriptions/00000000-0000-0000-0000-000000000000/resourcegroups/clitest.rg000001?api-version=2020-10-01
  response:
    body:
      string: '{"id":"/subscriptions/00000000-0000-0000-0000-000000000000/resourceGroups/clitest.rg000001","name":"clitest.rg000001","type":"Microsoft.Resources/resourceGroups","location":"westus","tags":{"product":"azurecli","cause":"automation","date":"2021-03-22T09:38:48Z"},"properties":{"provisioningState":"Succeeded"}}'
    headers:
      cache-control:
      - no-cache
      content-length:
      - '428'
      content-type:
      - application/json; charset=utf-8
      date:
      - Mon, 22 Mar 2021 09:38:56 GMT
      expires:
      - '-1'
      pragma:
      - no-cache
      strict-transport-security:
      - max-age=31536000; includeSubDomains
      vary:
      - Accept-Encoding
      x-content-type-options:
      - nosniff
    status:
      code: 200
      message: OK
- request:
    body: null
    headers:
      Accept:
      - '*/*'
      Accept-Encoding:
      - gzip, deflate
      Connection:
      - keep-alive
      User-Agent:
      - python-requests/2.25.1
    method: GET
    uri: https://raw.githubusercontent.com/Azure/azure-rest-api-specs/master/arm-compute/quickstart-templates/aliases.json
  response:
    body:
      string: "{\n  \"$schema\": \"http://schema.management.azure.com/schemas/2015-01-01/deploymentTemplate.json\",\n
        \ \"contentVersion\": \"1.0.0.0\",\n  \"parameters\": {},\n  \"variables\":
        {},\n  \"resources\": [],\n  \"outputs\": {\n    \"aliases\": {\n      \"type\":
        \"object\",\n      \"value\": {\n        \"Linux\": {\n          \"CentOS\":
        {\n            \"publisher\": \"OpenLogic\",\n            \"offer\": \"CentOS\",\n
        \           \"sku\": \"7.5\",\n            \"version\": \"latest\"\n          },\n
        \         \"CoreOS\": {\n            \"publisher\": \"CoreOS\",\n            \"offer\":
        \"CoreOS\",\n            \"sku\": \"Stable\",\n            \"version\": \"latest\"\n
        \         },\n          \"Debian\": {\n            \"publisher\": \"Debian\",\n
        \           \"offer\": \"debian-10\",\n            \"sku\": \"10\",\n            \"version\":
        \"latest\"\n          },\n          \"openSUSE-Leap\": {\n            \"publisher\":
        \"SUSE\",\n            \"offer\": \"openSUSE-Leap\",\n            \"sku\":
        \"42.3\",\n            \"version\": \"latest\"\n          },\n          \"RHEL\":
        {\n            \"publisher\": \"RedHat\",\n            \"offer\": \"RHEL\",\n
        \           \"sku\": \"7-LVM\",\n            \"version\": \"latest\"\n          },\n
        \         \"SLES\": {\n            \"publisher\": \"SUSE\",\n            \"offer\":
        \"SLES\",\n            \"sku\": \"15\",\n            \"version\": \"latest\"\n
        \         },\n          \"UbuntuLTS\": {\n            \"publisher\": \"Canonical\",\n
        \           \"offer\": \"UbuntuServer\",\n            \"sku\": \"18.04-LTS\",\n
        \           \"version\": \"latest\"\n          }\n        },\n        \"Windows\":
        {\n          \"Win2019Datacenter\": {\n            \"publisher\": \"MicrosoftWindowsServer\",\n
        \           \"offer\": \"WindowsServer\",\n            \"sku\": \"2019-Datacenter\",\n
        \           \"version\": \"latest\"\n          },\n          \"Win2016Datacenter\":
        {\n            \"publisher\": \"MicrosoftWindowsServer\",\n            \"offer\":
        \"WindowsServer\",\n            \"sku\": \"2016-Datacenter\",\n            \"version\":
        \"latest\"\n          },\n          \"Win2012R2Datacenter\": {\n            \"publisher\":
        \"MicrosoftWindowsServer\",\n            \"offer\": \"WindowsServer\",\n            \"sku\":
        \"2012-R2-Datacenter\",\n            \"version\": \"latest\"\n          },\n
        \         \"Win2012Datacenter\": {\n            \"publisher\": \"MicrosoftWindowsServer\",\n
        \           \"offer\": \"WindowsServer\",\n            \"sku\": \"2012-Datacenter\",\n
        \           \"version\": \"latest\"\n          },\n          \"Win2008R2SP1\":
        {\n            \"publisher\": \"MicrosoftWindowsServer\",\n            \"offer\":
        \"WindowsServer\",\n            \"sku\": \"2008-R2-SP1\",\n            \"version\":
        \"latest\"\n          }\n        }\n      }\n    }\n  }\n}\n"
    headers:
      accept-ranges:
      - bytes
      access-control-allow-origin:
      - '*'
      cache-control:
      - max-age=300
      connection:
      - keep-alive
      content-length:
      - '2501'
      content-security-policy:
      - default-src 'none'; style-src 'unsafe-inline'; sandbox
      content-type:
      - text/plain; charset=utf-8
      date:
      - Mon, 22 Mar 2021 09:38:57 GMT
      etag:
      - W/"540044b4084c3c314537f1baa1770f248628b2bc9ba0328f1004c33862e049da"
      expires:
      - Mon, 22 Mar 2021 09:43:57 GMT
      source-age:
      - '85'
      strict-transport-security:
      - max-age=31536000
      vary:
      - Authorization,Accept-Encoding
      via:
      - 1.1 varnish
      x-cache:
      - HIT
      x-cache-hits:
      - '2'
      x-content-type-options:
      - nosniff
      x-fastly-request-id:
      - 9f88fb6e1a521c025cbed78611e231c6e583cc9c
      x-frame-options:
      - deny
      x-github-request-id:
      - 76B2:A34F:FE81B0:10CBE9E:60585211
      x-served-by:
      - cache-hhn4037-HHN
      x-timer:
      - S1616405937.366186,VS0,VE0
      x-xss-protection:
      - 1; mode=block
    status:
      code: 200
      message: OK
- request:
    body: null
    headers:
      Accept:
      - application/json, text/json
      Accept-Encoding:
      - gzip, deflate
      CommandName:
      - vm create
      Connection:
      - keep-alive
      ParameterSetName:
      - -g -n --os-disk-name --image --generate-ssh-keys
      User-Agent:
      - AZURECLI/2.21.0.post20210319155758 azsdk-python-azure-mgmt-network/18.0.0
        Python/3.6.9 (Linux-5.4.72-microsoft-standard-WSL2-x86_64-with-Ubuntu-18.04-bionic)
    method: GET
    uri: https://management.azure.com/subscriptions/00000000-0000-0000-0000-000000000000/resourceGroups/clitest.rg000001/providers/Microsoft.Network/virtualNetworks?api-version=2018-01-01
  response:
    body:
      string: '{"value":[]}'
    headers:
      cache-control:
      - no-cache
      content-length:
      - '12'
      content-type:
      - application/json; charset=utf-8
      date:
      - Mon, 22 Mar 2021 09:38:57 GMT
      expires:
      - '-1'
      pragma:
      - no-cache
      strict-transport-security:
      - max-age=31536000; includeSubDomains
      vary:
      - Accept-Encoding
      x-content-type-options:
      - nosniff
    status:
      code: 200
      message: OK
- request:
    body: '{"properties": {"template": {"$schema": "https://schema.management.azure.com/schemas/2015-01-01/deploymentTemplate.json#",
      "contentVersion": "1.0.0.0", "parameters": {}, "variables": {}, "resources":
      [{"name": "vm1VNET", "type": "Microsoft.Network/virtualNetworks", "location":
      "westus", "apiVersion": "2015-06-15", "dependsOn": [], "tags": {}, "properties":
      {"addressSpace": {"addressPrefixes": ["10.0.0.0/16"]}, "subnets": [{"name":
      "vm1Subnet", "properties": {"addressPrefix": "10.0.0.0/24"}}]}}, {"type": "Microsoft.Network/networkSecurityGroups",
      "name": "vm1NSG", "apiVersion": "2015-06-15", "location": "westus", "tags":
      {}, "dependsOn": [], "properties": {"securityRules": [{"name": "default-allow-ssh",
      "properties": {"protocol": "Tcp", "sourcePortRange": "*", "destinationPortRange":
      "22", "sourceAddressPrefix": "*", "destinationAddressPrefix": "*", "access":
      "Allow", "priority": 1000, "direction": "Inbound"}}]}}, {"apiVersion": "2018-01-01",
      "type": "Microsoft.Network/publicIPAddresses", "name": "vm1PublicIP", "location":
      "westus", "tags": {}, "dependsOn": [], "properties": {"publicIPAllocationMethod":
      null}}, {"apiVersion": "2015-06-15", "type": "Microsoft.Network/networkInterfaces",
      "name": "vm1VMNic", "location": "westus", "tags": {}, "dependsOn": ["Microsoft.Network/virtualNetworks/vm1VNET",
      "Microsoft.Network/networkSecurityGroups/vm1NSG", "Microsoft.Network/publicIpAddresses/vm1PublicIP"],
      "properties": {"ipConfigurations": [{"name": "ipconfigvm1", "properties": {"privateIPAllocationMethod":
      "Dynamic", "subnet": {"id": "/subscriptions/00000000-0000-0000-0000-000000000000/resourceGroups/clitest.rg000001/providers/Microsoft.Network/virtualNetworks/vm1VNET/subnets/vm1Subnet"},
      "publicIPAddress": {"id": "/subscriptions/00000000-0000-0000-0000-000000000000/resourceGroups/clitest.rg000001/providers/Microsoft.Network/publicIPAddresses/vm1PublicIP"}}}],
      "networkSecurityGroup": {"id": "/subscriptions/00000000-0000-0000-0000-000000000000/resourceGroups/clitest.rg000001/providers/Microsoft.Network/networkSecurityGroups/vm1NSG"}}},
      {"apiVersion": "2020-12-01", "type": "Microsoft.Compute/virtualMachines", "name":
      "vm1", "location": "westus", "tags": {}, "dependsOn": ["Microsoft.Network/networkInterfaces/vm1VMNic"],
      "properties": {"hardwareProfile": {"vmSize": "Standard_DS1_v2"}, "networkProfile":
      {"networkInterfaces": [{"id": "/subscriptions/00000000-0000-0000-0000-000000000000/resourceGroups/clitest.rg000001/providers/Microsoft.Network/networkInterfaces/vm1VMNic"}]},
      "storageProfile": {"osDisk": {"createOption": "fromImage", "name": "os-disk",
      "caching": "ReadWrite", "managedDisk": {"storageAccountType": null}}, "imageReference":
      {"publisher": "OpenLogic", "offer": "CentOS", "sku": "7.5", "version": "latest"}},
      "osProfile": {"computerName": "vm1", "adminUsername": "sd", "linuxConfiguration":
      {"disablePasswordAuthentication": true, "ssh": {"publicKeys": [{"keyData": "ssh-rsa
      AAAAB3NzaC1yc2EAAAADAQABAAABAQDySYGeTNjheO8+nC0aDR5uJHS8BjYk6MvVLkTXM/2d7WMXu6ktoFglEFoqDmmZ62leenfWonoSkOeGzD3zPT3L9GOGKTHqCaz3Y1ai7bF3ZZmTSYiuUEcTkJS5sfcUtr9pOFtIsCgbP7XPXdZs/GM8joI8DLFkPyAdAmPyLxLBCwOA78s1+lCTPc5JfEamIhpfSCZWmD2GfIli/k1xUPhnUeKb8AFeRNDQ78D2knAz02LSD+lnFrjPZ9yfMLLLQJOWgI/PMyuDI1FjaADvgC9Y0coBz6TtfubQdqu0piB4J8B3uMdSoZp5eDYaq5MrmlZQi3c1A97va2jUd/UnNitz
      sd@DESKTOP-IH24U11\n", "path": "/home/sd/.ssh/authorized_keys"}]}}}, "securityProfile":
      {}}}], "outputs": {}}, "parameters": {}, "mode": "Incremental"}}'
    headers:
      Accept:
      - application/json
      Accept-Encoding:
      - gzip, deflate
      CommandName:
      - vm create
      Connection:
      - keep-alive
      Content-Length:
      - '3682'
      Content-Type:
      - application/json; charset=utf-8
      ParameterSetName:
      - -g -n --os-disk-name --image --generate-ssh-keys
      User-Agent:
      - python/3.6.9 (Linux-5.4.72-microsoft-standard-WSL2-x86_64-with-Ubuntu-18.04-bionic)
        msrest/0.6.21 msrest_azure/0.6.4 azure-mgmt-resource/12.0.0 Azure-SDK-For-Python
        AZURECLI/2.21.0.post20210319155758
      accept-language:
      - en-US
    method: PUT
    uri: https://management.azure.com/subscriptions/00000000-0000-0000-0000-000000000000/resourcegroups/clitest.rg000001/providers/Microsoft.Resources/deployments/mock-deployment?api-version=2020-10-01
  response:
    body:
      string: '{"id":"/subscriptions/00000000-0000-0000-0000-000000000000/resourceGroups/clitest.rg000001/providers/Microsoft.Resources/deployments/vm_deploy_azgYoL7kd1xLKSbGDfvGbWeg2qbvfCgf","name":"vm_deploy_azgYoL7kd1xLKSbGDfvGbWeg2qbvfCgf","type":"Microsoft.Resources/deployments","properties":{"templateHash":"1569595196092829363","parameters":{},"mode":"Incremental","provisioningState":"Accepted","timestamp":"2021-03-22T09:39:02.6874911Z","duration":"PT2.3279711S","correlationId":"9a9d8567-4aca-4987-b45d-a6c7360d40c3","providers":[{"namespace":"Microsoft.Network","resourceTypes":[{"resourceType":"virtualNetworks","locations":["westus"]},{"resourceType":"networkSecurityGroups","locations":["westus"]},{"resourceType":"publicIPAddresses","locations":["westus"]},{"resourceType":"networkInterfaces","locations":["westus"]}]},{"namespace":"Microsoft.Compute","resourceTypes":[{"resourceType":"virtualMachines","locations":["westus"]}]}],"dependencies":[{"dependsOn":[{"id":"/subscriptions/00000000-0000-0000-0000-000000000000/resourceGroups/clitest.rg000001/providers/Microsoft.Network/virtualNetworks/vm1VNET","resourceType":"Microsoft.Network/virtualNetworks","resourceName":"vm1VNET"},{"id":"/subscriptions/00000000-0000-0000-0000-000000000000/resourceGroups/clitest.rg000001/providers/Microsoft.Network/networkSecurityGroups/vm1NSG","resourceType":"Microsoft.Network/networkSecurityGroups","resourceName":"vm1NSG"},{"id":"/subscriptions/00000000-0000-0000-0000-000000000000/resourceGroups/clitest.rg000001/providers/Microsoft.Network/publicIPAddresses/vm1PublicIP","resourceType":"Microsoft.Network/publicIPAddresses","resourceName":"vm1PublicIP"}],"id":"/subscriptions/00000000-0000-0000-0000-000000000000/resourceGroups/clitest.rg000001/providers/Microsoft.Network/networkInterfaces/vm1VMNic","resourceType":"Microsoft.Network/networkInterfaces","resourceName":"vm1VMNic"},{"dependsOn":[{"id":"/subscriptions/00000000-0000-0000-0000-000000000000/resourceGroups/clitest.rg000001/providers/Microsoft.Network/networkInterfaces/vm1VMNic","resourceType":"Microsoft.Network/networkInterfaces","resourceName":"vm1VMNic"}],"id":"/subscriptions/00000000-0000-0000-0000-000000000000/resourceGroups/clitest.rg000001/providers/Microsoft.Compute/virtualMachines/vm1","resourceType":"Microsoft.Compute/virtualMachines","resourceName":"vm1"}]}}'
    headers:
      azure-asyncoperation:
      - https://management.azure.com/subscriptions/00000000-0000-0000-0000-000000000000/resourcegroups/clitest.rg000001/providers/Microsoft.Resources/deployments/vm_deploy_azgYoL7kd1xLKSbGDfvGbWeg2qbvfCgf/operationStatuses/08585852009451181116?api-version=2020-10-01
      cache-control:
      - no-cache
      content-length:
      - '2742'
      content-type:
      - application/json; charset=utf-8
      date:
      - Mon, 22 Mar 2021 09:39:03 GMT
      expires:
      - '-1'
      pragma:
      - no-cache
      strict-transport-security:
      - max-age=31536000; includeSubDomains
      x-content-type-options:
      - nosniff
      x-ms-ratelimit-remaining-subscription-writes:
      - '1198'
    status:
      code: 201
      message: Created
- request:
    body: null
    headers:
      Accept:
      - application/json
      Accept-Encoding:
      - gzip, deflate
      CommandName:
      - vm create
      Connection:
      - keep-alive
      ParameterSetName:
      - -g -n --os-disk-name --image --generate-ssh-keys
      User-Agent:
      - python/3.6.9 (Linux-5.4.72-microsoft-standard-WSL2-x86_64-with-Ubuntu-18.04-bionic)
        msrest/0.6.21 msrest_azure/0.6.4 azure-mgmt-resource/12.0.0 Azure-SDK-For-Python
        AZURECLI/2.21.0.post20210319155758
    method: GET
    uri: https://management.azure.com/subscriptions/00000000-0000-0000-0000-000000000000/resourcegroups/clitest.rg000001/providers/Microsoft.Resources/deployments/mock-deployment/operationStatuses/08585852009451181116?api-version=2020-10-01
  response:
    body:
      string: '{"status":"Running"}'
    headers:
      cache-control:
      - no-cache
      content-length:
      - '20'
      content-type:
      - application/json; charset=utf-8
      date:
      - Mon, 22 Mar 2021 09:39:33 GMT
      expires:
      - '-1'
      pragma:
      - no-cache
      strict-transport-security:
      - max-age=31536000; includeSubDomains
      vary:
      - Accept-Encoding
      x-content-type-options:
      - nosniff
    status:
      code: 200
      message: OK
- request:
    body: null
    headers:
      Accept:
      - application/json
      Accept-Encoding:
      - gzip, deflate
      CommandName:
      - vm create
      Connection:
      - keep-alive
      ParameterSetName:
      - -g -n --os-disk-name --image --generate-ssh-keys
      User-Agent:
      - python/3.6.9 (Linux-5.4.72-microsoft-standard-WSL2-x86_64-with-Ubuntu-18.04-bionic)
        msrest/0.6.21 msrest_azure/0.6.4 azure-mgmt-resource/12.0.0 Azure-SDK-For-Python
        AZURECLI/2.21.0.post20210319155758
    method: GET
    uri: https://management.azure.com/subscriptions/00000000-0000-0000-0000-000000000000/resourcegroups/clitest.rg000001/providers/Microsoft.Resources/deployments/mock-deployment/operationStatuses/08585852009451181116?api-version=2020-10-01
  response:
    body:
      string: '{"status":"Running"}'
    headers:
      cache-control:
      - no-cache
      content-length:
      - '20'
      content-type:
      - application/json; charset=utf-8
      date:
      - Mon, 22 Mar 2021 09:40:04 GMT
      expires:
      - '-1'
      pragma:
      - no-cache
      strict-transport-security:
      - max-age=31536000; includeSubDomains
      vary:
      - Accept-Encoding
      x-content-type-options:
      - nosniff
    status:
      code: 200
      message: OK
- request:
    body: null
    headers:
      Accept:
      - application/json
      Accept-Encoding:
      - gzip, deflate
      CommandName:
      - vm create
      Connection:
      - keep-alive
      ParameterSetName:
      - -g -n --os-disk-name --image --generate-ssh-keys
      User-Agent:
      - python/3.6.9 (Linux-5.4.72-microsoft-standard-WSL2-x86_64-with-Ubuntu-18.04-bionic)
        msrest/0.6.21 msrest_azure/0.6.4 azure-mgmt-resource/12.0.0 Azure-SDK-For-Python
        AZURECLI/2.21.0.post20210319155758
    method: GET
    uri: https://management.azure.com/subscriptions/00000000-0000-0000-0000-000000000000/resourcegroups/clitest.rg000001/providers/Microsoft.Resources/deployments/mock-deployment/operationStatuses/08585852009451181116?api-version=2020-10-01
  response:
    body:
      string: '{"status":"Succeeded"}'
    headers:
      cache-control:
      - no-cache
      content-length:
      - '22'
      content-type:
      - application/json; charset=utf-8
      date:
      - Mon, 22 Mar 2021 09:40:34 GMT
      expires:
      - '-1'
      pragma:
      - no-cache
      strict-transport-security:
      - max-age=31536000; includeSubDomains
      vary:
      - Accept-Encoding
      x-content-type-options:
      - nosniff
    status:
      code: 200
      message: OK
- request:
    body: null
    headers:
      Accept:
      - application/json
      Accept-Encoding:
      - gzip, deflate
      CommandName:
      - vm create
      Connection:
      - keep-alive
      ParameterSetName:
      - -g -n --os-disk-name --image --generate-ssh-keys
      User-Agent:
      - python/3.6.9 (Linux-5.4.72-microsoft-standard-WSL2-x86_64-with-Ubuntu-18.04-bionic)
        msrest/0.6.21 msrest_azure/0.6.4 azure-mgmt-resource/12.0.0 Azure-SDK-For-Python
        AZURECLI/2.21.0.post20210319155758
    method: GET
    uri: https://management.azure.com/subscriptions/00000000-0000-0000-0000-000000000000/resourcegroups/clitest.rg000001/providers/Microsoft.Resources/deployments/mock-deployment?api-version=2020-10-01
  response:
    body:
      string: '{"id":"/subscriptions/00000000-0000-0000-0000-000000000000/resourceGroups/clitest.rg000001/providers/Microsoft.Resources/deployments/vm_deploy_azgYoL7kd1xLKSbGDfvGbWeg2qbvfCgf","name":"vm_deploy_azgYoL7kd1xLKSbGDfvGbWeg2qbvfCgf","type":"Microsoft.Resources/deployments","properties":{"templateHash":"1569595196092829363","parameters":{},"mode":"Incremental","provisioningState":"Succeeded","timestamp":"2021-03-22T09:40:29.298159Z","duration":"PT1M28.938639S","correlationId":"9a9d8567-4aca-4987-b45d-a6c7360d40c3","providers":[{"namespace":"Microsoft.Network","resourceTypes":[{"resourceType":"virtualNetworks","locations":["westus"]},{"resourceType":"networkSecurityGroups","locations":["westus"]},{"resourceType":"publicIPAddresses","locations":["westus"]},{"resourceType":"networkInterfaces","locations":["westus"]}]},{"namespace":"Microsoft.Compute","resourceTypes":[{"resourceType":"virtualMachines","locations":["westus"]}]}],"dependencies":[{"dependsOn":[{"id":"/subscriptions/00000000-0000-0000-0000-000000000000/resourceGroups/clitest.rg000001/providers/Microsoft.Network/virtualNetworks/vm1VNET","resourceType":"Microsoft.Network/virtualNetworks","resourceName":"vm1VNET"},{"id":"/subscriptions/00000000-0000-0000-0000-000000000000/resourceGroups/clitest.rg000001/providers/Microsoft.Network/networkSecurityGroups/vm1NSG","resourceType":"Microsoft.Network/networkSecurityGroups","resourceName":"vm1NSG"},{"id":"/subscriptions/00000000-0000-0000-0000-000000000000/resourceGroups/clitest.rg000001/providers/Microsoft.Network/publicIPAddresses/vm1PublicIP","resourceType":"Microsoft.Network/publicIPAddresses","resourceName":"vm1PublicIP"}],"id":"/subscriptions/00000000-0000-0000-0000-000000000000/resourceGroups/clitest.rg000001/providers/Microsoft.Network/networkInterfaces/vm1VMNic","resourceType":"Microsoft.Network/networkInterfaces","resourceName":"vm1VMNic"},{"dependsOn":[{"id":"/subscriptions/00000000-0000-0000-0000-000000000000/resourceGroups/clitest.rg000001/providers/Microsoft.Network/networkInterfaces/vm1VMNic","resourceType":"Microsoft.Network/networkInterfaces","resourceName":"vm1VMNic"}],"id":"/subscriptions/00000000-0000-0000-0000-000000000000/resourceGroups/clitest.rg000001/providers/Microsoft.Compute/virtualMachines/vm1","resourceType":"Microsoft.Compute/virtualMachines","resourceName":"vm1"}],"outputs":{},"outputResources":[{"id":"/subscriptions/00000000-0000-0000-0000-000000000000/resourceGroups/clitest.rg000001/providers/Microsoft.Compute/virtualMachines/vm1"},{"id":"/subscriptions/00000000-0000-0000-0000-000000000000/resourceGroups/clitest.rg000001/providers/Microsoft.Network/networkInterfaces/vm1VMNic"},{"id":"/subscriptions/00000000-0000-0000-0000-000000000000/resourceGroups/clitest.rg000001/providers/Microsoft.Network/networkSecurityGroups/vm1NSG"},{"id":"/subscriptions/00000000-0000-0000-0000-000000000000/resourceGroups/clitest.rg000001/providers/Microsoft.Network/publicIPAddresses/vm1PublicIP"},{"id":"/subscriptions/00000000-0000-0000-0000-000000000000/resourceGroups/clitest.rg000001/providers/Microsoft.Network/virtualNetworks/vm1VNET"}]}}'
    headers:
      cache-control:
      - no-cache
      content-length:
      - '3807'
      content-type:
      - application/json; charset=utf-8
      date:
      - Mon, 22 Mar 2021 09:40:35 GMT
      expires:
      - '-1'
      pragma:
      - no-cache
      strict-transport-security:
      - max-age=31536000; includeSubDomains
      vary:
      - Accept-Encoding
      x-content-type-options:
      - nosniff
    status:
      code: 200
      message: OK
- request:
    body: null
    headers:
      Accept:
      - application/json
      Accept-Encoding:
      - gzip, deflate
      CommandName:
      - vm create
      Connection:
      - keep-alive
      ParameterSetName:
      - -g -n --os-disk-name --image --generate-ssh-keys
      User-Agent:
      - AZURECLI/2.21.0.post20210319155758 azsdk-python-azure-mgmt-compute/19.0.0
        Python/3.6.9 (Linux-5.4.72-microsoft-standard-WSL2-x86_64-with-Ubuntu-18.04-bionic)
    method: GET
    uri: https://management.azure.com/subscriptions/00000000-0000-0000-0000-000000000000/resourceGroups/clitest.rg000001/providers/Microsoft.Compute/virtualMachines/vm1?$expand=instanceView&api-version=2020-12-01
  response:
    body:
      string: "{\r\n  \"name\": \"vm1\",\r\n  \"id\": \"/subscriptions/00000000-0000-0000-0000-000000000000/resourceGroups/clitest.rg000001/providers/Microsoft.Compute/virtualMachines/vm1\",\r\n
        \ \"type\": \"Microsoft.Compute/virtualMachines\",\r\n  \"location\": \"westus\",\r\n
        \ \"tags\": {\r\n    \"CreationTime\": \"2021-03-22T09:39:22.4737997Z\"\r\n
        \ },\r\n  \"properties\": {\r\n    \"vmId\": \"5ba25420-4a4a-40e0-8546-cd681fec8a9e\",\r\n
        \   \"hardwareProfile\": {\r\n      \"vmSize\": \"Standard_DS1_v2\"\r\n    },\r\n
        \   \"storageProfile\": {\r\n      \"imageReference\": {\r\n        \"publisher\":
        \"OpenLogic\",\r\n        \"offer\": \"CentOS\",\r\n        \"sku\": \"7.5\",\r\n
        \       \"version\": \"latest\",\r\n        \"exactVersion\": \"7.5.201808150\"\r\n
        \     },\r\n      \"osDisk\": {\r\n        \"osType\": \"Linux\",\r\n        \"name\":
        \"os-disk\",\r\n        \"createOption\": \"FromImage\",\r\n        \"caching\":
        \"ReadWrite\",\r\n        \"managedDisk\": {\r\n          \"storageAccountType\":
        \"Premium_LRS\",\r\n          \"id\": \"/subscriptions/00000000-0000-0000-0000-000000000000/resourceGroups/clitest.rg000001/providers/Microsoft.Compute/disks/os-disk\"\r\n
        \       },\r\n        \"diskSizeGB\": 30\r\n      },\r\n      \"dataDisks\":
        []\r\n    },\r\n    \"osProfile\": {\r\n      \"computerName\": \"vm1\",\r\n
        \     \"adminUsername\": \"sd\",\r\n      \"linuxConfiguration\": {\r\n        \"disablePasswordAuthentication\":
        true,\r\n        \"ssh\": {\r\n          \"publicKeys\": [\r\n            {\r\n
        \             \"path\": \"/home/sd/.ssh/authorized_keys\",\r\n              \"keyData\":
        \"ssh-rsa AAAAB3NzaC1yc2EAAAADAQABAAABAQDySYGeTNjheO8+nC0aDR5uJHS8BjYk6MvVLkTXM/2d7WMXu6ktoFglEFoqDmmZ62leenfWonoSkOeGzD3zPT3L9GOGKTHqCaz3Y1ai7bF3ZZmTSYiuUEcTkJS5sfcUtr9pOFtIsCgbP7XPXdZs/GM8joI8DLFkPyAdAmPyLxLBCwOA78s1+lCTPc5JfEamIhpfSCZWmD2GfIli/k1xUPhnUeKb8AFeRNDQ78D2knAz02LSD+lnFrjPZ9yfMLLLQJOWgI/PMyuDI1FjaADvgC9Y0coBz6TtfubQdqu0piB4J8B3uMdSoZp5eDYaq5MrmlZQi3c1A97va2jUd/UnNitz
        sd@DESKTOP-IH24U11\\n\"\r\n            }\r\n          ]\r\n        },\r\n
        \       \"provisionVMAgent\": true,\r\n        \"patchSettings\": {\r\n          \"patchMode\":
        \"ImageDefault\"\r\n        }\r\n      },\r\n      \"secrets\": [],\r\n      \"allowExtensionOperations\":
        true,\r\n      \"requireGuestProvisionSignal\": true\r\n    },\r\n    \"networkProfile\":
        {\"networkInterfaces\":[{\"id\":\"/subscriptions/00000000-0000-0000-0000-000000000000/resourceGroups/clitest.rg000001/providers/Microsoft.Network/networkInterfaces/vm1VMNic\"}]},\r\n
        \   \"provisioningState\": \"Succeeded\",\r\n    \"instanceView\": {\r\n      \"computerName\":
        \"vm1\",\r\n      \"osName\": \"centos\",\r\n      \"osVersion\": \"7.5.1804\",\r\n
        \     \"vmAgent\": {\r\n        \"vmAgentVersion\": \"2.2.54.1\",\r\n        \"statuses\":
        [\r\n          {\r\n            \"code\": \"ProvisioningState/succeeded\",\r\n
        \           \"level\": \"Info\",\r\n            \"displayStatus\": \"Ready\",\r\n
        \           \"message\": \"Guest Agent is running\",\r\n            \"time\":
        \"2021-03-22T09:40:30+00:00\"\r\n          }\r\n        ],\r\n        \"extensionHandlers\":
        []\r\n      },\r\n      \"disks\": [\r\n        {\r\n          \"name\": \"os-disk\",\r\n
        \         \"statuses\": [\r\n            {\r\n              \"code\": \"ProvisioningState/succeeded\",\r\n
        \             \"level\": \"Info\",\r\n              \"displayStatus\": \"Provisioning
        succeeded\",\r\n              \"time\": \"2021-03-22T09:39:26.679229+00:00\"\r\n
        \           }\r\n          ]\r\n        }\r\n      ],\r\n      \"hyperVGeneration\":
        \"V1\",\r\n      \"statuses\": [\r\n        {\r\n          \"code\": \"ProvisioningState/succeeded\",\r\n
        \         \"level\": \"Info\",\r\n          \"displayStatus\": \"Provisioning
        succeeded\",\r\n          \"time\": \"2021-03-22T09:40:28.006125+00:00\"\r\n
        \       },\r\n        {\r\n          \"code\": \"PowerState/running\",\r\n
        \         \"level\": \"Info\",\r\n          \"displayStatus\": \"VM running\"\r\n
        \       }\r\n      ]\r\n    }\r\n  }\r\n}"
    headers:
      cache-control:
      - no-cache
      content-length:
      - '3769'
      content-type:
      - application/json; charset=utf-8
      date:
      - Mon, 22 Mar 2021 09:40:35 GMT
      expires:
      - '-1'
      pragma:
      - no-cache
      server:
      - Microsoft-HTTPAPI/2.0
      - Microsoft-HTTPAPI/2.0
      strict-transport-security:
      - max-age=31536000; includeSubDomains
      transfer-encoding:
      - chunked
      vary:
      - Accept-Encoding
      x-content-type-options:
      - nosniff
      x-ms-ratelimit-remaining-resource:
      - Microsoft.Compute/LowCostGet3Min;3986,Microsoft.Compute/LowCostGet30Min;31886
    status:
      code: 200
      message: OK
- request:
    body: null
    headers:
      Accept:
      - application/json, text/json
      Accept-Encoding:
      - gzip, deflate
      CommandName:
      - vm create
      Connection:
      - keep-alive
      ParameterSetName:
      - -g -n --os-disk-name --image --generate-ssh-keys
      User-Agent:
      - AZURECLI/2.21.0.post20210319155758 azsdk-python-azure-mgmt-network/18.0.0
        Python/3.6.9 (Linux-5.4.72-microsoft-standard-WSL2-x86_64-with-Ubuntu-18.04-bionic)
    method: GET
    uri: https://management.azure.com/subscriptions/00000000-0000-0000-0000-000000000000/resourceGroups/clitest.rg000001/providers/Microsoft.Network/networkInterfaces/vm1VMNic?api-version=2018-01-01
  response:
    body:
      string: "{\r\n  \"name\": \"vm1VMNic\",\r\n  \"id\": \"/subscriptions/00000000-0000-0000-0000-000000000000/resourceGroups/clitest.rg000001/providers/Microsoft.Network/networkInterfaces/vm1VMNic\",\r\n
        \ \"etag\": \"W/\\\"43f42eef-d50f-4d80-97fe-a4e9efab5f56\\\"\",\r\n  \"location\":
        \"westus\",\r\n  \"tags\": {\r\n    \"CreationTime\": \"2021-03-22T09:39:16.2042144Z\"\r\n
        \ },\r\n  \"properties\": {\r\n    \"provisioningState\": \"Succeeded\",\r\n
        \   \"resourceGuid\": \"f6367fac-5ce5-411a-9f8e-72400ae46171\",\r\n    \"ipConfigurations\":
        [\r\n      {\r\n        \"name\": \"ipconfigvm1\",\r\n        \"id\": \"/subscriptions/00000000-0000-0000-0000-000000000000/resourceGroups/clitest.rg000001/providers/Microsoft.Network/networkInterfaces/vm1VMNic/ipConfigurations/ipconfigvm1\",\r\n
        \       \"etag\": \"W/\\\"43f42eef-d50f-4d80-97fe-a4e9efab5f56\\\"\",\r\n
        \       \"type\": \"Microsoft.Network/networkInterfaces/ipConfigurations\",\r\n
        \       \"properties\": {\r\n          \"provisioningState\": \"Succeeded\",\r\n
        \         \"privateIPAddress\": \"10.0.0.4\",\r\n          \"privateIPAllocationMethod\":
        \"Dynamic\",\r\n          \"publicIPAddress\": {\r\n            \"id\": \"/subscriptions/00000000-0000-0000-0000-000000000000/resourceGroups/clitest.rg000001/providers/Microsoft.Network/publicIPAddresses/vm1PublicIP\"\r\n
        \         },\r\n          \"subnet\": {\r\n            \"id\": \"/subscriptions/00000000-0000-0000-0000-000000000000/resourceGroups/clitest.rg000001/providers/Microsoft.Network/virtualNetworks/vm1VNET/subnets/vm1Subnet\"\r\n
        \         },\r\n          \"primary\": true,\r\n          \"privateIPAddressVersion\":
        \"IPv4\"\r\n        }\r\n      }\r\n    ],\r\n    \"dnsSettings\": {\r\n      \"dnsServers\":
        [],\r\n      \"appliedDnsServers\": [],\r\n      \"internalDomainNameSuffix\":
        \"yd150wfus0tejgp5ytm2ukxrjb.dx.internal.cloudapp.net\"\r\n    },\r\n    \"macAddress\":
        \"00-0D-3A-3A-ED-00\",\r\n    \"enableAcceleratedNetworking\": false,\r\n
        \   \"enableIPForwarding\": false,\r\n    \"networkSecurityGroup\": {\r\n
        \     \"id\": \"/subscriptions/00000000-0000-0000-0000-000000000000/resourceGroups/clitest.rg000001/providers/Microsoft.Network/networkSecurityGroups/vm1NSG\"\r\n
        \   },\r\n    \"primary\": true,\r\n    \"virtualMachine\": {\r\n      \"id\":
        \"/subscriptions/00000000-0000-0000-0000-000000000000/resourceGroups/clitest.rg000001/providers/Microsoft.Compute/virtualMachines/vm1\"\r\n
        \   }\r\n  },\r\n  \"type\": \"Microsoft.Network/networkInterfaces\"\r\n}"
    headers:
      cache-control:
      - no-cache
      content-length:
      - '2624'
      content-type:
      - application/json; charset=utf-8
      date:
      - Mon, 22 Mar 2021 09:40:36 GMT
      etag:
      - W/"43f42eef-d50f-4d80-97fe-a4e9efab5f56"
      expires:
      - '-1'
      pragma:
      - no-cache
      server:
      - Microsoft-HTTPAPI/2.0
      - Microsoft-HTTPAPI/2.0
      strict-transport-security:
      - max-age=31536000; includeSubDomains
      transfer-encoding:
      - chunked
      vary:
      - Accept-Encoding
      x-content-type-options:
      - nosniff
      x-ms-arm-service-request-id:
      - 33c9eea9-d9ed-4052-9040-c8df01383062
    status:
      code: 200
      message: OK
- request:
    body: null
    headers:
      Accept:
      - application/json, text/json
      Accept-Encoding:
      - gzip, deflate
      CommandName:
      - vm create
      Connection:
      - keep-alive
      ParameterSetName:
      - -g -n --os-disk-name --image --generate-ssh-keys
      User-Agent:
      - AZURECLI/2.21.0.post20210319155758 azsdk-python-azure-mgmt-network/18.0.0
        Python/3.6.9 (Linux-5.4.72-microsoft-standard-WSL2-x86_64-with-Ubuntu-18.04-bionic)
    method: GET
    uri: https://management.azure.com/subscriptions/00000000-0000-0000-0000-000000000000/resourceGroups/clitest.rg000001/providers/Microsoft.Network/publicIPAddresses/vm1PublicIP?api-version=2018-01-01
  response:
    body:
      string: "{\r\n  \"name\": \"vm1PublicIP\",\r\n  \"id\": \"/subscriptions/00000000-0000-0000-0000-000000000000/resourceGroups/clitest.rg000001/providers/Microsoft.Network/publicIPAddresses/vm1PublicIP\",\r\n
        \ \"etag\": \"W/\\\"063f10cc-fb9a-4cf6-99f1-3a501b322fc2\\\"\",\r\n  \"location\":
        \"westus\",\r\n  \"tags\": {\r\n    \"CreationTime\": \"2021-03-22T09:39:05.1036786Z\"\r\n
        \ },\r\n  \"properties\": {\r\n    \"provisioningState\": \"Succeeded\",\r\n
        \   \"resourceGuid\": \"8dda1ec5-6cbf-4428-b640-41a51a5274e7\",\r\n    \"ipAddress\":
        \"23.101.203.158\",\r\n    \"publicIPAddressVersion\": \"IPv4\",\r\n    \"publicIPAllocationMethod\":
        \"Dynamic\",\r\n    \"idleTimeoutInMinutes\": 4,\r\n    \"ipTags\": [],\r\n
        \   \"ipConfiguration\": {\r\n      \"id\": \"/subscriptions/00000000-0000-0000-0000-000000000000/resourceGroups/clitest.rg000001/providers/Microsoft.Network/networkInterfaces/vm1VMNic/ipConfigurations/ipconfigvm1\"\r\n
        \   }\r\n  },\r\n  \"type\": \"Microsoft.Network/publicIPAddresses\",\r\n
        \ \"sku\": {\r\n    \"name\": \"Basic\"\r\n  }\r\n}"
    headers:
      cache-control:
      - no-cache
      content-length:
      - '1054'
      content-type:
      - application/json; charset=utf-8
      date:
      - Mon, 22 Mar 2021 09:40:36 GMT
      etag:
      - W/"063f10cc-fb9a-4cf6-99f1-3a501b322fc2"
      expires:
      - '-1'
      pragma:
      - no-cache
      server:
      - Microsoft-HTTPAPI/2.0
      - Microsoft-HTTPAPI/2.0
      strict-transport-security:
      - max-age=31536000; includeSubDomains
      transfer-encoding:
      - chunked
      vary:
      - Accept-Encoding
      x-content-type-options:
      - nosniff
      x-ms-arm-service-request-id:
      - 334229e6-0722-43ca-acb5-373d3de8731c
    status:
      code: 200
      message: OK
- request:
    body: null
    headers:
      Accept:
      - application/json
      Accept-Encoding:
      - gzip, deflate
      CommandName:
      - vm aem set
      Connection:
      - keep-alive
      ParameterSetName:
      - -g -n --verbose
      User-Agent:
      - AZURECLI/2.21.0.post20210319155758 azsdk-python-azure-mgmt-compute/19.0.0
        Python/3.6.9 (Linux-5.4.72-microsoft-standard-WSL2-x86_64-with-Ubuntu-18.04-bionic)
    method: GET
    uri: https://management.azure.com/subscriptions/00000000-0000-0000-0000-000000000000/resourceGroups/clitest.rg000001/providers/Microsoft.Compute/virtualMachines/vm1?$expand=instanceView&api-version=2020-12-01
  response:
    body:
      string: "{\r\n  \"name\": \"vm1\",\r\n  \"id\": \"/subscriptions/00000000-0000-0000-0000-000000000000/resourceGroups/clitest.rg000001/providers/Microsoft.Compute/virtualMachines/vm1\",\r\n
        \ \"type\": \"Microsoft.Compute/virtualMachines\",\r\n  \"location\": \"westus\",\r\n
        \ \"tags\": {\r\n    \"CreationTime\": \"2021-03-22T09:39:22.4737997Z\"\r\n
        \ },\r\n  \"properties\": {\r\n    \"vmId\": \"5ba25420-4a4a-40e0-8546-cd681fec8a9e\",\r\n
        \   \"hardwareProfile\": {\r\n      \"vmSize\": \"Standard_DS1_v2\"\r\n    },\r\n
        \   \"storageProfile\": {\r\n      \"imageReference\": {\r\n        \"publisher\":
        \"OpenLogic\",\r\n        \"offer\": \"CentOS\",\r\n        \"sku\": \"7.5\",\r\n
        \       \"version\": \"latest\",\r\n        \"exactVersion\": \"7.5.201808150\"\r\n
        \     },\r\n      \"osDisk\": {\r\n        \"osType\": \"Linux\",\r\n        \"name\":
        \"os-disk\",\r\n        \"createOption\": \"FromImage\",\r\n        \"caching\":
        \"ReadWrite\",\r\n        \"managedDisk\": {\r\n          \"storageAccountType\":
        \"Premium_LRS\",\r\n          \"id\": \"/subscriptions/00000000-0000-0000-0000-000000000000/resourceGroups/clitest.rg000001/providers/Microsoft.Compute/disks/os-disk\"\r\n
        \       },\r\n        \"diskSizeGB\": 30\r\n      },\r\n      \"dataDisks\":
        []\r\n    },\r\n    \"osProfile\": {\r\n      \"computerName\": \"vm1\",\r\n
        \     \"adminUsername\": \"sd\",\r\n      \"linuxConfiguration\": {\r\n        \"disablePasswordAuthentication\":
        true,\r\n        \"ssh\": {\r\n          \"publicKeys\": [\r\n            {\r\n
        \             \"path\": \"/home/sd/.ssh/authorized_keys\",\r\n              \"keyData\":
        \"ssh-rsa AAAAB3NzaC1yc2EAAAADAQABAAABAQDySYGeTNjheO8+nC0aDR5uJHS8BjYk6MvVLkTXM/2d7WMXu6ktoFglEFoqDmmZ62leenfWonoSkOeGzD3zPT3L9GOGKTHqCaz3Y1ai7bF3ZZmTSYiuUEcTkJS5sfcUtr9pOFtIsCgbP7XPXdZs/GM8joI8DLFkPyAdAmPyLxLBCwOA78s1+lCTPc5JfEamIhpfSCZWmD2GfIli/k1xUPhnUeKb8AFeRNDQ78D2knAz02LSD+lnFrjPZ9yfMLLLQJOWgI/PMyuDI1FjaADvgC9Y0coBz6TtfubQdqu0piB4J8B3uMdSoZp5eDYaq5MrmlZQi3c1A97va2jUd/UnNitz
        sd@DESKTOP-IH24U11\\n\"\r\n            }\r\n          ]\r\n        },\r\n
        \       \"provisionVMAgent\": true,\r\n        \"patchSettings\": {\r\n          \"patchMode\":
        \"ImageDefault\"\r\n        }\r\n      },\r\n      \"secrets\": [],\r\n      \"allowExtensionOperations\":
        true,\r\n      \"requireGuestProvisionSignal\": true\r\n    },\r\n    \"networkProfile\":
        {\"networkInterfaces\":[{\"id\":\"/subscriptions/00000000-0000-0000-0000-000000000000/resourceGroups/clitest.rg000001/providers/Microsoft.Network/networkInterfaces/vm1VMNic\"}]},\r\n
        \   \"provisioningState\": \"Succeeded\",\r\n    \"instanceView\": {\r\n      \"computerName\":
        \"vm1\",\r\n      \"osName\": \"centos\",\r\n      \"osVersion\": \"7.5.1804\",\r\n
        \     \"vmAgent\": {\r\n        \"vmAgentVersion\": \"2.2.54.1\",\r\n        \"statuses\":
        [\r\n          {\r\n            \"code\": \"ProvisioningState/succeeded\",\r\n
        \           \"level\": \"Info\",\r\n            \"displayStatus\": \"Ready\",\r\n
        \           \"message\": \"Guest Agent is running\",\r\n            \"time\":
        \"2021-03-22T09:40:30+00:00\"\r\n          }\r\n        ],\r\n        \"extensionHandlers\":
        []\r\n      },\r\n      \"disks\": [\r\n        {\r\n          \"name\": \"os-disk\",\r\n
        \         \"statuses\": [\r\n            {\r\n              \"code\": \"ProvisioningState/succeeded\",\r\n
        \             \"level\": \"Info\",\r\n              \"displayStatus\": \"Provisioning
        succeeded\",\r\n              \"time\": \"2021-03-22T09:39:26.679229+00:00\"\r\n
        \           }\r\n          ]\r\n        }\r\n      ],\r\n      \"hyperVGeneration\":
        \"V1\",\r\n      \"statuses\": [\r\n        {\r\n          \"code\": \"ProvisioningState/succeeded\",\r\n
        \         \"level\": \"Info\",\r\n          \"displayStatus\": \"Provisioning
        succeeded\",\r\n          \"time\": \"2021-03-22T09:40:28.006125+00:00\"\r\n
        \       },\r\n        {\r\n          \"code\": \"PowerState/running\",\r\n
        \         \"level\": \"Info\",\r\n          \"displayStatus\": \"VM running\"\r\n
        \       }\r\n      ]\r\n    }\r\n  }\r\n}"
    headers:
      cache-control:
      - no-cache
      content-length:
      - '3769'
      content-type:
      - application/json; charset=utf-8
      date:
      - Mon, 22 Mar 2021 09:40:36 GMT
      expires:
      - '-1'
      pragma:
      - no-cache
      server:
      - Microsoft-HTTPAPI/2.0
      - Microsoft-HTTPAPI/2.0
      strict-transport-security:
      - max-age=31536000; includeSubDomains
      transfer-encoding:
      - chunked
      vary:
      - Accept-Encoding
      x-content-type-options:
      - nosniff
      x-ms-ratelimit-remaining-resource:
      - Microsoft.Compute/LowCostGet3Min;3985,Microsoft.Compute/LowCostGet30Min;31885
    status:
      code: 200
      message: OK
- request:
    body: null
    headers:
      Accept:
      - application/json
      Accept-Encoding:
      - gzip, deflate
      CommandName:
      - vm aem set
      Connection:
      - keep-alive
      ParameterSetName:
      - -g -n --verbose
      User-Agent:
      - AZURECLI/2.21.0.post20210319155758 azsdk-python-azure-mgmt-compute/19.0.0
        Python/3.6.9 (Linux-5.4.72-microsoft-standard-WSL2-x86_64-with-Ubuntu-18.04-bionic)
    method: GET
    uri: https://management.azure.com/subscriptions/00000000-0000-0000-0000-000000000000/resourceGroups/clitest.rg000001/providers/Microsoft.Compute/disks/os-disk?api-version=2020-09-30
  response:
    body:
      string: "{\r\n  \"name\": \"os-disk\",\r\n  \"id\": \"/subscriptions/00000000-0000-0000-0000-000000000000/resourceGroups/clitest.rg000001/providers/Microsoft.Compute/disks/os-disk\",\r\n
        \ \"type\": \"Microsoft.Compute/disks\",\r\n  \"location\": \"westus\",\r\n
        \ \"tags\": {\r\n    \"CreationTime\": \"2021-03-22T09:39:22.4737997Z\"\r\n
        \ },\r\n  \"managedBy\": \"/subscriptions/00000000-0000-0000-0000-000000000000/resourceGroups/clitest.rg000001/providers/Microsoft.Compute/virtualMachines/vm1\",\r\n
        \ \"sku\": {\r\n    \"name\": \"Premium_LRS\",\r\n    \"tier\": \"Premium\"\r\n
        \ },\r\n  \"properties\": {\r\n    \"osType\": \"Linux\",\r\n    \"hyperVGeneration\":
        \"V1\",\r\n    \"creationData\": {\r\n      \"createOption\": \"FromImage\",\r\n
        \     \"imageReference\": {\r\n        \"id\": \"/Subscriptions/00000000-0000-0000-0000-000000000000/Providers/Microsoft.Compute/Locations/westus/Publishers/OpenLogic/ArtifactTypes/VMImage/Offers/CentOS/Skus/7.5/Versions/7.5.201808150\"\r\n
        \     }\r\n    },\r\n    \"diskSizeGB\": 30,\r\n    \"diskIOPSReadWrite\":
        120,\r\n    \"diskMBpsReadWrite\": 25,\r\n    \"encryption\": {\r\n      \"type\":
        \"EncryptionAtRestWithPlatformKey\"\r\n    },\r\n    \"timeCreated\": \"2021-03-22T09:39:24.5794568+00:00\",\r\n
        \   \"provisioningState\": \"Succeeded\",\r\n    \"diskState\": \"Attached\",\r\n
        \   \"diskSizeBytes\": 32212254720,\r\n    \"uniqueId\": \"c1d231c9-c053-4067-8362-2de0677be4ae\",\r\n
        \   \"networkAccessPolicy\": \"AllowAll\",\r\n    \"tier\": \"P4\"\r\n  }\r\n}"
    headers:
      cache-control:
      - no-cache
      content-length:
      - '1459'
      content-type:
      - application/json; charset=utf-8
      date:
      - Mon, 22 Mar 2021 09:40:37 GMT
      expires:
      - '-1'
      pragma:
      - no-cache
      server:
      - Microsoft-HTTPAPI/2.0
      - Microsoft-HTTPAPI/2.0
      strict-transport-security:
      - max-age=31536000; includeSubDomains
      transfer-encoding:
      - chunked
      vary:
      - Accept-Encoding
      x-content-type-options:
      - nosniff
      x-ms-ratelimit-remaining-resource:
      - Microsoft.Compute/LowCostGet3Min;14997,Microsoft.Compute/LowCostGet30Min;119980
    status:
      code: 200
      message: OK
- request:
    body: '{"location": "westus", "properties": {"publisher": "Microsoft.OSTCExtensions",
      "type": "AzureEnhancedMonitorForLinux", "typeHandlerVersion": "3.0", "autoUpgradeMinorVersion":
      true, "settings": {"cfg": [{"key": "vmsize", "value": "Standard_DS1_v2"}, {"key":
      "vm.role", "value": "IaaS"}, {"key": "vm.memory.isovercommitted", "value": 0},
      {"key": "vm.cpu.isovercommitted", "value": 0}, {"key": "script.version", "value":
      "3.0.0.0"}, {"key": "verbose", "value": "0"}, {"key": "href", "value": "http://aka.ms/sapaem"},
      {"key": "vm.sla.throughput", "value": 48}, {"key": "vm.sla.iops", "value": 3200},
      {"key": "osdisk.type", "value": "Premium"}, {"key": "osdisk.sla.throughput",
      "value": 125}, {"key": "osdisk.sla.iops", "value": 120}, {"key": "osdisk.name",
      "value": "os-disk"}, {"key": "osdisk.caching", "value": "ReadWrite"}, {"key":
      "wad.isenabled", "value": 0}]}, "protectedSettings": {"cfg": [{"key": "vmsize",
      "value": "Standard_DS1_v2"}, {"key": "vm.role", "value": "IaaS"}, {"key": "vm.memory.isovercommitted",
      "value": 0}, {"key": "vm.cpu.isovercommitted", "value": 0}, {"key": "script.version",
      "value": "3.0.0.0"}, {"key": "verbose", "value": "0"}, {"key": "href", "value":
      "http://aka.ms/sapaem"}, {"key": "vm.sla.throughput", "value": 48}, {"key":
      "vm.sla.iops", "value": 3200}, {"key": "osdisk.type", "value": "Premium"}, {"key":
      "osdisk.sla.throughput", "value": 125}, {"key": "osdisk.sla.iops", "value":
      120}, {"key": "osdisk.name", "value": "os-disk"}, {"key": "osdisk.caching",
      "value": "ReadWrite"}, {"key": "wad.isenabled", "value": 0}]}}}'
    headers:
      Accept:
      - application/json
      Accept-Encoding:
      - gzip, deflate
      CommandName:
      - vm aem set
      Connection:
      - keep-alive
      Content-Length:
      - '1554'
      Content-Type:
      - application/json
      ParameterSetName:
      - -g -n --verbose
      User-Agent:
      - AZURECLI/2.21.0.post20210319155758 azsdk-python-azure-mgmt-compute/19.0.0
        Python/3.6.9 (Linux-5.4.72-microsoft-standard-WSL2-x86_64-with-Ubuntu-18.04-bionic)
    method: PUT
    uri: https://management.azure.com/subscriptions/00000000-0000-0000-0000-000000000000/resourceGroups/clitest.rg000001/providers/Microsoft.Compute/virtualMachines/vm1/extensions/AzureEnhancedMonitorForLinux?api-version=2020-12-01
  response:
    body:
      string: "{\r\n  \"name\": \"AzureEnhancedMonitorForLinux\",\r\n  \"id\": \"/subscriptions/00000000-0000-0000-0000-000000000000/resourceGroups/clitest.rg000001/providers/Microsoft.Compute/virtualMachines/vm1/extensions/AzureEnhancedMonitorForLinux\",\r\n
        \ \"type\": \"Microsoft.Compute/virtualMachines/extensions\",\r\n  \"location\":
        \"westus\",\r\n  \"tags\": {\r\n    \"CreationTime\": \"2021-03-22T09:40:40.5112210Z\"\r\n
        \ },\r\n  \"properties\": {\r\n    \"autoUpgradeMinorVersion\": true,\r\n
        \   \"provisioningState\": \"Creating\",\r\n    \"publisher\": \"Microsoft.OSTCExtensions\",\r\n
        \   \"type\": \"AzureEnhancedMonitorForLinux\",\r\n    \"typeHandlerVersion\":
        \"3.0\",\r\n    \"settings\": {\"cfg\":[{\"key\":\"vmsize\",\"value\":\"Standard_DS1_v2\"},{\"key\":\"vm.role\",\"value\":\"IaaS\"},{\"key\":\"vm.memory.isovercommitted\",\"value\":0},{\"key\":\"vm.cpu.isovercommitted\",\"value\":0},{\"key\":\"script.version\",\"value\":\"3.0.0.0\"},{\"key\":\"verbose\",\"value\":\"0\"},{\"key\":\"href\",\"value\":\"http://aka.ms/sapaem\"},{\"key\":\"vm.sla.throughput\",\"value\":48},{\"key\":\"vm.sla.iops\",\"value\":3200},{\"key\":\"osdisk.type\",\"value\":\"Premium\"},{\"key\":\"osdisk.sla.throughput\",\"value\":125},{\"key\":\"osdisk.sla.iops\",\"value\":120},{\"key\":\"osdisk.name\",\"value\":\"os-disk\"},{\"key\":\"osdisk.caching\",\"value\":\"ReadWrite\"},{\"key\":\"wad.isenabled\",\"value\":0}]}\r\n
        \ }\r\n}"
    headers:
      azure-asyncnotification:
      - Enabled
      azure-asyncoperation:
      - https://management.azure.com/subscriptions/00000000-0000-0000-0000-000000000000/providers/Microsoft.Compute/locations/westus/operations/a35c9e22-3791-4d59-843d-4a5e389eff8b?api-version=2020-12-01
      cache-control:
      - no-cache
      content-length:
      - '1296'
      content-type:
      - application/json; charset=utf-8
      date:
      - Mon, 22 Mar 2021 09:40:44 GMT
      expires:
      - '-1'
      pragma:
      - no-cache
      server:
      - Microsoft-HTTPAPI/2.0
      - Microsoft-HTTPAPI/2.0
      strict-transport-security:
      - max-age=31536000; includeSubDomains
      x-content-type-options:
      - nosniff
      x-ms-ratelimit-remaining-resource:
      - Microsoft.Compute/UpdateVM3Min;238,Microsoft.Compute/UpdateVM30Min;1192
      x-ms-ratelimit-remaining-subscription-writes:
      - '1196'
    status:
      code: 201
      message: Created
- request:
    body: null
    headers:
      Accept:
      - '*/*'
      Accept-Encoding:
      - gzip, deflate
      CommandName:
      - vm aem set
      Connection:
      - keep-alive
      ParameterSetName:
      - -g -n --verbose
      User-Agent:
      - AZURECLI/2.21.0.post20210319155758 azsdk-python-azure-mgmt-compute/19.0.0
        Python/3.6.9 (Linux-5.4.72-microsoft-standard-WSL2-x86_64-with-Ubuntu-18.04-bionic)
    method: GET
    uri: https://management.azure.com/subscriptions/00000000-0000-0000-0000-000000000000/providers/Microsoft.Compute/locations/westus/operations/a35c9e22-3791-4d59-843d-4a5e389eff8b?api-version=2020-12-01
  response:
    body:
      string: "{\r\n  \"startTime\": \"2021-03-22T09:40:43.8977406+00:00\",\r\n  \"endTime\":
        \"2021-03-22T09:40:59.3199054+00:00\",\r\n  \"status\": \"Succeeded\",\r\n
        \ \"name\": \"a35c9e22-3791-4d59-843d-4a5e389eff8b\"\r\n}"
    headers:
      cache-control:
      - no-cache
      content-length:
      - '184'
      content-type:
      - application/json; charset=utf-8
      date:
      - Mon, 22 Mar 2021 09:41:15 GMT
      expires:
      - '-1'
      pragma:
      - no-cache
      server:
      - Microsoft-HTTPAPI/2.0
      - Microsoft-HTTPAPI/2.0
      strict-transport-security:
      - max-age=31536000; includeSubDomains
      transfer-encoding:
      - chunked
      vary:
      - Accept-Encoding
      x-content-type-options:
      - nosniff
      x-ms-ratelimit-remaining-resource:
      - Microsoft.Compute/GetOperation3Min;14992,Microsoft.Compute/GetOperation30Min;29949
    status:
      code: 200
      message: OK
- request:
    body: null
    headers:
      Accept:
      - '*/*'
      Accept-Encoding:
      - gzip, deflate
      CommandName:
      - vm aem set
      Connection:
      - keep-alive
      ParameterSetName:
      - -g -n --verbose
      User-Agent:
      - AZURECLI/2.21.0.post20210319155758 azsdk-python-azure-mgmt-compute/19.0.0
        Python/3.6.9 (Linux-5.4.72-microsoft-standard-WSL2-x86_64-with-Ubuntu-18.04-bionic)
    method: GET
    uri: https://management.azure.com/subscriptions/00000000-0000-0000-0000-000000000000/resourceGroups/clitest.rg000001/providers/Microsoft.Compute/virtualMachines/vm1/extensions/AzureEnhancedMonitorForLinux?api-version=2020-12-01
  response:
    body:
      string: "{\r\n  \"name\": \"AzureEnhancedMonitorForLinux\",\r\n  \"id\": \"/subscriptions/00000000-0000-0000-0000-000000000000/resourceGroups/clitest.rg000001/providers/Microsoft.Compute/virtualMachines/vm1/extensions/AzureEnhancedMonitorForLinux\",\r\n
        \ \"type\": \"Microsoft.Compute/virtualMachines/extensions\",\r\n  \"location\":
        \"westus\",\r\n  \"tags\": {\r\n    \"CreationTime\": \"2021-03-22T09:40:40.5112210Z\"\r\n
        \ },\r\n  \"properties\": {\r\n    \"autoUpgradeMinorVersion\": true,\r\n
        \   \"provisioningState\": \"Succeeded\",\r\n    \"publisher\": \"Microsoft.OSTCExtensions\",\r\n
        \   \"type\": \"AzureEnhancedMonitorForLinux\",\r\n    \"typeHandlerVersion\":
        \"3.0\",\r\n    \"settings\": {\"cfg\":[{\"key\":\"vmsize\",\"value\":\"Standard_DS1_v2\"},{\"key\":\"vm.role\",\"value\":\"IaaS\"},{\"key\":\"vm.memory.isovercommitted\",\"value\":0},{\"key\":\"vm.cpu.isovercommitted\",\"value\":0},{\"key\":\"script.version\",\"value\":\"3.0.0.0\"},{\"key\":\"verbose\",\"value\":\"0\"},{\"key\":\"href\",\"value\":\"http://aka.ms/sapaem\"},{\"key\":\"vm.sla.throughput\",\"value\":48},{\"key\":\"vm.sla.iops\",\"value\":3200},{\"key\":\"osdisk.type\",\"value\":\"Premium\"},{\"key\":\"osdisk.sla.throughput\",\"value\":125},{\"key\":\"osdisk.sla.iops\",\"value\":120},{\"key\":\"osdisk.name\",\"value\":\"os-disk\"},{\"key\":\"osdisk.caching\",\"value\":\"ReadWrite\"},{\"key\":\"wad.isenabled\",\"value\":0}]}\r\n
        \ }\r\n}"
    headers:
      cache-control:
      - no-cache
      content-length:
      - '1297'
      content-type:
      - application/json; charset=utf-8
      date:
      - Mon, 22 Mar 2021 09:41:15 GMT
      expires:
      - '-1'
      pragma:
      - no-cache
      server:
      - Microsoft-HTTPAPI/2.0
      - Microsoft-HTTPAPI/2.0
      strict-transport-security:
      - max-age=31536000; includeSubDomains
      transfer-encoding:
      - chunked
      vary:
      - Accept-Encoding
      x-content-type-options:
      - nosniff
      x-ms-ratelimit-remaining-resource:
      - Microsoft.Compute/LowCostGet3Min;3982,Microsoft.Compute/LowCostGet30Min;31882
    status:
      code: 200
      message: OK
- request:
    body: null
    headers:
      Accept:
      - application/json
      Accept-Encoding:
      - gzip, deflate
      CommandName:
      - vm aem verify
      Connection:
      - keep-alive
      ParameterSetName:
      - -g -n --verbose
      User-Agent:
      - AZURECLI/2.21.0.post20210319155758 azsdk-python-azure-mgmt-compute/19.0.0
        Python/3.6.9 (Linux-5.4.72-microsoft-standard-WSL2-x86_64-with-Ubuntu-18.04-bionic)
    method: GET
    uri: https://management.azure.com/subscriptions/00000000-0000-0000-0000-000000000000/resourceGroups/clitest.rg000001/providers/Microsoft.Compute/virtualMachines/vm1?$expand=instanceView&api-version=2020-12-01
  response:
    body:
      string: "{\r\n  \"name\": \"vm1\",\r\n  \"id\": \"/subscriptions/00000000-0000-0000-0000-000000000000/resourceGroups/clitest.rg000001/providers/Microsoft.Compute/virtualMachines/vm1\",\r\n
        \ \"type\": \"Microsoft.Compute/virtualMachines\",\r\n  \"location\": \"westus\",\r\n
        \ \"tags\": {\r\n    \"CreationTime\": \"2021-03-22T09:39:22.4737997Z\"\r\n
        \ },\r\n  \"properties\": {\r\n    \"vmId\": \"5ba25420-4a4a-40e0-8546-cd681fec8a9e\",\r\n
        \   \"hardwareProfile\": {\r\n      \"vmSize\": \"Standard_DS1_v2\"\r\n    },\r\n
        \   \"storageProfile\": {\r\n      \"imageReference\": {\r\n        \"publisher\":
        \"OpenLogic\",\r\n        \"offer\": \"CentOS\",\r\n        \"sku\": \"7.5\",\r\n
        \       \"version\": \"latest\",\r\n        \"exactVersion\": \"7.5.201808150\"\r\n
        \     },\r\n      \"osDisk\": {\r\n        \"osType\": \"Linux\",\r\n        \"name\":
        \"os-disk\",\r\n        \"createOption\": \"FromImage\",\r\n        \"caching\":
        \"ReadWrite\",\r\n        \"managedDisk\": {\r\n          \"storageAccountType\":
        \"Premium_LRS\",\r\n          \"id\": \"/subscriptions/00000000-0000-0000-0000-000000000000/resourceGroups/clitest.rg000001/providers/Microsoft.Compute/disks/os-disk\"\r\n
        \       },\r\n        \"diskSizeGB\": 30\r\n      },\r\n      \"dataDisks\":
        []\r\n    },\r\n    \"osProfile\": {\r\n      \"computerName\": \"vm1\",\r\n
        \     \"adminUsername\": \"sd\",\r\n      \"linuxConfiguration\": {\r\n        \"disablePasswordAuthentication\":
        true,\r\n        \"ssh\": {\r\n          \"publicKeys\": [\r\n            {\r\n
        \             \"path\": \"/home/sd/.ssh/authorized_keys\",\r\n              \"keyData\":
        \"ssh-rsa AAAAB3NzaC1yc2EAAAADAQABAAABAQDySYGeTNjheO8+nC0aDR5uJHS8BjYk6MvVLkTXM/2d7WMXu6ktoFglEFoqDmmZ62leenfWonoSkOeGzD3zPT3L9GOGKTHqCaz3Y1ai7bF3ZZmTSYiuUEcTkJS5sfcUtr9pOFtIsCgbP7XPXdZs/GM8joI8DLFkPyAdAmPyLxLBCwOA78s1+lCTPc5JfEamIhpfSCZWmD2GfIli/k1xUPhnUeKb8AFeRNDQ78D2knAz02LSD+lnFrjPZ9yfMLLLQJOWgI/PMyuDI1FjaADvgC9Y0coBz6TtfubQdqu0piB4J8B3uMdSoZp5eDYaq5MrmlZQi3c1A97va2jUd/UnNitz
        sd@DESKTOP-IH24U11\\n\"\r\n            }\r\n          ]\r\n        },\r\n
        \       \"provisionVMAgent\": true,\r\n        \"patchSettings\": {\r\n          \"patchMode\":
        \"ImageDefault\"\r\n        }\r\n      },\r\n      \"secrets\": [],\r\n      \"allowExtensionOperations\":
        true,\r\n      \"requireGuestProvisionSignal\": true\r\n    },\r\n    \"networkProfile\":
        {\"networkInterfaces\":[{\"id\":\"/subscriptions/00000000-0000-0000-0000-000000000000/resourceGroups/clitest.rg000001/providers/Microsoft.Network/networkInterfaces/vm1VMNic\"}]},\r\n
        \   \"provisioningState\": \"Succeeded\",\r\n    \"instanceView\": {\r\n      \"computerName\":
        \"vm1\",\r\n      \"osName\": \"centos\",\r\n      \"osVersion\": \"7.5.1804\",\r\n
        \     \"vmAgent\": {\r\n        \"vmAgentVersion\": \"2.2.54.1\",\r\n        \"statuses\":
        [\r\n          {\r\n            \"code\": \"ProvisioningState/succeeded\",\r\n
        \           \"level\": \"Info\",\r\n            \"displayStatus\": \"Ready\",\r\n
        \           \"message\": \"Guest Agent is running\",\r\n            \"time\":
        \"2021-03-22T09:40:59+00:00\"\r\n          }\r\n        ],\r\n        \"extensionHandlers\":
        [\r\n          {\r\n            \"type\": \"Microsoft.OSTCExtensions.AzureEnhancedMonitorForLinux\",\r\n
        \           \"typeHandlerVersion\": \"3.0.1.0\",\r\n            \"status\":
        {\r\n              \"code\": \"ProvisioningState/succeeded\",\r\n              \"level\":
        \"Info\",\r\n              \"displayStatus\": \"Ready\",\r\n              \"message\":
        \"Plugin enabled\"\r\n            }\r\n          }\r\n        ]\r\n      },\r\n
        \     \"disks\": [\r\n        {\r\n          \"name\": \"os-disk\",\r\n          \"statuses\":
        [\r\n            {\r\n              \"code\": \"ProvisioningState/succeeded\",\r\n
        \             \"level\": \"Info\",\r\n              \"displayStatus\": \"Provisioning
        succeeded\",\r\n              \"time\": \"2021-03-22T09:39:26.679229+00:00\"\r\n
        \           }\r\n          ]\r\n        }\r\n      ],\r\n      \"extensions\":
        [\r\n        {\r\n          \"name\": \"AzureEnhancedMonitorForLinux\",\r\n
        \         \"type\": \"Microsoft.OSTCExtensions.AzureEnhancedMonitorForLinux\",\r\n
        \         \"typeHandlerVersion\": \"3.0.1.0\",\r\n          \"statuses\":
        [\r\n            {\r\n              \"code\": \"ProvisioningState/succeeded\",\r\n
        \             \"level\": \"Info\",\r\n              \"displayStatus\": \"Provisioning
        succeeded\",\r\n              \"message\": \"deploymentId=b26c8f41-8afe-4d7f-8923-8fec19534109
        roleInstance=_vm1 OK\"\r\n            }\r\n          ]\r\n        }\r\n      ],\r\n
        \     \"hyperVGeneration\": \"V1\",\r\n      \"statuses\": [\r\n        {\r\n
        \         \"code\": \"ProvisioningState/succeeded\",\r\n          \"level\":
        \"Info\",\r\n          \"displayStatus\": \"Provisioning succeeded\",\r\n
        \         \"time\": \"2021-03-22T09:40:59.3042653+00:00\"\r\n        },\r\n
        \       {\r\n          \"code\": \"PowerState/running\",\r\n          \"level\":
        \"Info\",\r\n          \"displayStatus\": \"VM running\"\r\n        }\r\n
        \     ]\r\n    }\r\n  },\r\n  \"resources\": [\r\n    {\r\n      \"name\":
        \"AzureEnhancedMonitorForLinux\",\r\n      \"id\": \"/subscriptions/00000000-0000-0000-0000-000000000000/resourceGroups/clitest.rg000001/providers/Microsoft.Compute/virtualMachines/vm1/extensions/AzureEnhancedMonitorForLinux\",\r\n
        \     \"type\": \"Microsoft.Compute/virtualMachines/extensions\",\r\n      \"location\":
        \"westus\",\r\n      \"tags\": {\r\n        \"CreationTime\": \"2021-03-22T09:40:40.5112210Z\"\r\n
        \     },\r\n      \"properties\": {\r\n        \"autoUpgradeMinorVersion\":
        true,\r\n        \"provisioningState\": \"Succeeded\",\r\n        \"publisher\":
        \"Microsoft.OSTCExtensions\",\r\n        \"type\": \"AzureEnhancedMonitorForLinux\",\r\n
        \       \"typeHandlerVersion\": \"3.0\",\r\n        \"settings\": {\"cfg\":[{\"key\":\"vmsize\",\"value\":\"Standard_DS1_v2\"},{\"key\":\"vm.role\",\"value\":\"IaaS\"},{\"key\":\"vm.memory.isovercommitted\",\"value\":0},{\"key\":\"vm.cpu.isovercommitted\",\"value\":0},{\"key\":\"script.version\",\"value\":\"3.0.0.0\"},{\"key\":\"verbose\",\"value\":\"0\"},{\"key\":\"href\",\"value\":\"http://aka.ms/sapaem\"},{\"key\":\"vm.sla.throughput\",\"value\":48},{\"key\":\"vm.sla.iops\",\"value\":3200},{\"key\":\"osdisk.type\",\"value\":\"Premium\"},{\"key\":\"osdisk.sla.throughput\",\"value\":125},{\"key\":\"osdisk.sla.iops\",\"value\":120},{\"key\":\"osdisk.name\",\"value\":\"os-disk\"},{\"key\":\"osdisk.caching\",\"value\":\"ReadWrite\"},{\"key\":\"wad.isenabled\",\"value\":0}]}\r\n
        \     }\r\n    }\r\n  ]\r\n}"
    headers:
      cache-control:
      - no-cache
      content-length:
      - '6068'
      content-type:
      - application/json; charset=utf-8
      date:
      - Mon, 22 Mar 2021 09:41:16 GMT
      expires:
      - '-1'
      pragma:
      - no-cache
      server:
      - Microsoft-HTTPAPI/2.0
      - Microsoft-HTTPAPI/2.0
      strict-transport-security:
      - max-age=31536000; includeSubDomains
      transfer-encoding:
      - chunked
      vary:
      - Accept-Encoding
      x-content-type-options:
      - nosniff
      x-ms-ratelimit-remaining-resource:
      - Microsoft.Compute/LowCostGet3Min;3981,Microsoft.Compute/LowCostGet30Min;31881
    status:
      code: 200
      message: OK
- request:
    body: null
    headers:
      Accept:
      - application/json
      Accept-Encoding:
      - gzip, deflate
      CommandName:
      - vm aem verify
      Connection:
      - keep-alive
      ParameterSetName:
      - -g -n --verbose
      User-Agent:
      - AZURECLI/2.21.0.post20210319155758 azsdk-python-azure-mgmt-compute/19.0.0
        Python/3.6.9 (Linux-5.4.72-microsoft-standard-WSL2-x86_64-with-Ubuntu-18.04-bionic)
    method: GET
    uri: https://management.azure.com/subscriptions/00000000-0000-0000-0000-000000000000/resourceGroups/clitest.rg000001/providers/Microsoft.Compute/disks/os-disk?api-version=2020-09-30
  response:
    body:
      string: "{\r\n  \"name\": \"os-disk\",\r\n  \"id\": \"/subscriptions/00000000-0000-0000-0000-000000000000/resourceGroups/clitest.rg000001/providers/Microsoft.Compute/disks/os-disk\",\r\n
        \ \"type\": \"Microsoft.Compute/disks\",\r\n  \"location\": \"westus\",\r\n
        \ \"tags\": {\r\n    \"CreationTime\": \"2021-03-22T09:39:22.4737997Z\"\r\n
        \ },\r\n  \"managedBy\": \"/subscriptions/00000000-0000-0000-0000-000000000000/resourceGroups/clitest.rg000001/providers/Microsoft.Compute/virtualMachines/vm1\",\r\n
        \ \"sku\": {\r\n    \"name\": \"Premium_LRS\",\r\n    \"tier\": \"Premium\"\r\n
        \ },\r\n  \"properties\": {\r\n    \"osType\": \"Linux\",\r\n    \"hyperVGeneration\":
        \"V1\",\r\n    \"creationData\": {\r\n      \"createOption\": \"FromImage\",\r\n
        \     \"imageReference\": {\r\n        \"id\": \"/Subscriptions/00000000-0000-0000-0000-000000000000/Providers/Microsoft.Compute/Locations/westus/Publishers/OpenLogic/ArtifactTypes/VMImage/Offers/CentOS/Skus/7.5/Versions/7.5.201808150\"\r\n
        \     }\r\n    },\r\n    \"diskSizeGB\": 30,\r\n    \"diskIOPSReadWrite\":
        120,\r\n    \"diskMBpsReadWrite\": 25,\r\n    \"encryption\": {\r\n      \"type\":
        \"EncryptionAtRestWithPlatformKey\"\r\n    },\r\n    \"timeCreated\": \"2021-03-22T09:39:24.5794568+00:00\",\r\n
        \   \"provisioningState\": \"Succeeded\",\r\n    \"diskState\": \"Attached\",\r\n
        \   \"diskSizeBytes\": 32212254720,\r\n    \"uniqueId\": \"c1d231c9-c053-4067-8362-2de0677be4ae\",\r\n
        \   \"networkAccessPolicy\": \"AllowAll\",\r\n    \"tier\": \"P4\"\r\n  }\r\n}"
    headers:
      cache-control:
      - no-cache
      content-length:
      - '1459'
      content-type:
      - application/json; charset=utf-8
      date:
      - Mon, 22 Mar 2021 09:41:17 GMT
      expires:
      - '-1'
      pragma:
      - no-cache
      server:
      - Microsoft-HTTPAPI/2.0
      - Microsoft-HTTPAPI/2.0
      strict-transport-security:
      - max-age=31536000; includeSubDomains
      transfer-encoding:
      - chunked
      vary:
      - Accept-Encoding
      x-content-type-options:
      - nosniff
      x-ms-ratelimit-remaining-resource:
      - Microsoft.Compute/LowCostGet3Min;14995,Microsoft.Compute/LowCostGet30Min;119978
    status:
      code: 200
      message: OK
- request:
    body: null
    headers:
      Accept:
      - application/json
      Accept-Encoding:
      - gzip, deflate
      CommandName:
      - vm aem delete
      Connection:
      - keep-alive
      ParameterSetName:
      - -g -n --verbose
      User-Agent:
      - AZURECLI/2.21.0.post20210319155758 azsdk-python-azure-mgmt-compute/19.0.0
        Python/3.6.9 (Linux-5.4.72-microsoft-standard-WSL2-x86_64-with-Ubuntu-18.04-bionic)
    method: GET
    uri: https://management.azure.com/subscriptions/00000000-0000-0000-0000-000000000000/resourceGroups/clitest.rg000001/providers/Microsoft.Compute/virtualMachines/vm1?$expand=instanceView&api-version=2020-12-01
  response:
    body:
      string: "{\r\n  \"name\": \"vm1\",\r\n  \"id\": \"/subscriptions/00000000-0000-0000-0000-000000000000/resourceGroups/clitest.rg000001/providers/Microsoft.Compute/virtualMachines/vm1\",\r\n
        \ \"type\": \"Microsoft.Compute/virtualMachines\",\r\n  \"location\": \"westus\",\r\n
        \ \"tags\": {\r\n    \"CreationTime\": \"2021-03-22T09:39:22.4737997Z\"\r\n
        \ },\r\n  \"properties\": {\r\n    \"vmId\": \"5ba25420-4a4a-40e0-8546-cd681fec8a9e\",\r\n
        \   \"hardwareProfile\": {\r\n      \"vmSize\": \"Standard_DS1_v2\"\r\n    },\r\n
        \   \"storageProfile\": {\r\n      \"imageReference\": {\r\n        \"publisher\":
        \"OpenLogic\",\r\n        \"offer\": \"CentOS\",\r\n        \"sku\": \"7.5\",\r\n
        \       \"version\": \"latest\",\r\n        \"exactVersion\": \"7.5.201808150\"\r\n
        \     },\r\n      \"osDisk\": {\r\n        \"osType\": \"Linux\",\r\n        \"name\":
        \"os-disk\",\r\n        \"createOption\": \"FromImage\",\r\n        \"caching\":
        \"ReadWrite\",\r\n        \"managedDisk\": {\r\n          \"storageAccountType\":
        \"Premium_LRS\",\r\n          \"id\": \"/subscriptions/00000000-0000-0000-0000-000000000000/resourceGroups/clitest.rg000001/providers/Microsoft.Compute/disks/os-disk\"\r\n
        \       },\r\n        \"diskSizeGB\": 30\r\n      },\r\n      \"dataDisks\":
        []\r\n    },\r\n    \"osProfile\": {\r\n      \"computerName\": \"vm1\",\r\n
        \     \"adminUsername\": \"sd\",\r\n      \"linuxConfiguration\": {\r\n        \"disablePasswordAuthentication\":
        true,\r\n        \"ssh\": {\r\n          \"publicKeys\": [\r\n            {\r\n
        \             \"path\": \"/home/sd/.ssh/authorized_keys\",\r\n              \"keyData\":
        \"ssh-rsa AAAAB3NzaC1yc2EAAAADAQABAAABAQDySYGeTNjheO8+nC0aDR5uJHS8BjYk6MvVLkTXM/2d7WMXu6ktoFglEFoqDmmZ62leenfWonoSkOeGzD3zPT3L9GOGKTHqCaz3Y1ai7bF3ZZmTSYiuUEcTkJS5sfcUtr9pOFtIsCgbP7XPXdZs/GM8joI8DLFkPyAdAmPyLxLBCwOA78s1+lCTPc5JfEamIhpfSCZWmD2GfIli/k1xUPhnUeKb8AFeRNDQ78D2knAz02LSD+lnFrjPZ9yfMLLLQJOWgI/PMyuDI1FjaADvgC9Y0coBz6TtfubQdqu0piB4J8B3uMdSoZp5eDYaq5MrmlZQi3c1A97va2jUd/UnNitz
        sd@DESKTOP-IH24U11\\n\"\r\n            }\r\n          ]\r\n        },\r\n
        \       \"provisionVMAgent\": true,\r\n        \"patchSettings\": {\r\n          \"patchMode\":
        \"ImageDefault\"\r\n        }\r\n      },\r\n      \"secrets\": [],\r\n      \"allowExtensionOperations\":
        true,\r\n      \"requireGuestProvisionSignal\": true\r\n    },\r\n    \"networkProfile\":
        {\"networkInterfaces\":[{\"id\":\"/subscriptions/00000000-0000-0000-0000-000000000000/resourceGroups/clitest.rg000001/providers/Microsoft.Network/networkInterfaces/vm1VMNic\"}]},\r\n
        \   \"provisioningState\": \"Succeeded\",\r\n    \"instanceView\": {\r\n      \"computerName\":
        \"vm1\",\r\n      \"osName\": \"centos\",\r\n      \"osVersion\": \"7.5.1804\",\r\n
        \     \"vmAgent\": {\r\n        \"vmAgentVersion\": \"2.2.54.1\",\r\n        \"statuses\":
        [\r\n          {\r\n            \"code\": \"ProvisioningState/succeeded\",\r\n
        \           \"level\": \"Info\",\r\n            \"displayStatus\": \"Ready\",\r\n
        \           \"message\": \"Guest Agent is running\",\r\n            \"time\":
        \"2021-03-22T09:40:59+00:00\"\r\n          }\r\n        ],\r\n        \"extensionHandlers\":
        [\r\n          {\r\n            \"type\": \"Microsoft.OSTCExtensions.AzureEnhancedMonitorForLinux\",\r\n
        \           \"typeHandlerVersion\": \"3.0.1.0\",\r\n            \"status\":
        {\r\n              \"code\": \"ProvisioningState/succeeded\",\r\n              \"level\":
        \"Info\",\r\n              \"displayStatus\": \"Ready\",\r\n              \"message\":
        \"Plugin enabled\"\r\n            }\r\n          }\r\n        ]\r\n      },\r\n
        \     \"disks\": [\r\n        {\r\n          \"name\": \"os-disk\",\r\n          \"statuses\":
        [\r\n            {\r\n              \"code\": \"ProvisioningState/succeeded\",\r\n
        \             \"level\": \"Info\",\r\n              \"displayStatus\": \"Provisioning
        succeeded\",\r\n              \"time\": \"2021-03-22T09:39:26.679229+00:00\"\r\n
        \           }\r\n          ]\r\n        }\r\n      ],\r\n      \"extensions\":
        [\r\n        {\r\n          \"name\": \"AzureEnhancedMonitorForLinux\",\r\n
        \         \"type\": \"Microsoft.OSTCExtensions.AzureEnhancedMonitorForLinux\",\r\n
        \         \"typeHandlerVersion\": \"3.0.1.0\",\r\n          \"statuses\":
        [\r\n            {\r\n              \"code\": \"ProvisioningState/succeeded\",\r\n
        \             \"level\": \"Info\",\r\n              \"displayStatus\": \"Provisioning
        succeeded\",\r\n              \"message\": \"deploymentId=b26c8f41-8afe-4d7f-8923-8fec19534109
        roleInstance=_vm1 OK\"\r\n            }\r\n          ]\r\n        }\r\n      ],\r\n
        \     \"hyperVGeneration\": \"V1\",\r\n      \"statuses\": [\r\n        {\r\n
        \         \"code\": \"ProvisioningState/succeeded\",\r\n          \"level\":
        \"Info\",\r\n          \"displayStatus\": \"Provisioning succeeded\",\r\n
        \         \"time\": \"2021-03-22T09:40:59.3042653+00:00\"\r\n        },\r\n
        \       {\r\n          \"code\": \"PowerState/running\",\r\n          \"level\":
        \"Info\",\r\n          \"displayStatus\": \"VM running\"\r\n        }\r\n
        \     ]\r\n    }\r\n  },\r\n  \"resources\": [\r\n    {\r\n      \"name\":
        \"AzureEnhancedMonitorForLinux\",\r\n      \"id\": \"/subscriptions/00000000-0000-0000-0000-000000000000/resourceGroups/clitest.rg000001/providers/Microsoft.Compute/virtualMachines/vm1/extensions/AzureEnhancedMonitorForLinux\",\r\n
        \     \"type\": \"Microsoft.Compute/virtualMachines/extensions\",\r\n      \"location\":
        \"westus\",\r\n      \"tags\": {\r\n        \"CreationTime\": \"2021-03-22T09:40:40.5112210Z\"\r\n
        \     },\r\n      \"properties\": {\r\n        \"autoUpgradeMinorVersion\":
        true,\r\n        \"provisioningState\": \"Succeeded\",\r\n        \"publisher\":
        \"Microsoft.OSTCExtensions\",\r\n        \"type\": \"AzureEnhancedMonitorForLinux\",\r\n
        \       \"typeHandlerVersion\": \"3.0\",\r\n        \"settings\": {\"cfg\":[{\"key\":\"vmsize\",\"value\":\"Standard_DS1_v2\"},{\"key\":\"vm.role\",\"value\":\"IaaS\"},{\"key\":\"vm.memory.isovercommitted\",\"value\":0},{\"key\":\"vm.cpu.isovercommitted\",\"value\":0},{\"key\":\"script.version\",\"value\":\"3.0.0.0\"},{\"key\":\"verbose\",\"value\":\"0\"},{\"key\":\"href\",\"value\":\"http://aka.ms/sapaem\"},{\"key\":\"vm.sla.throughput\",\"value\":48},{\"key\":\"vm.sla.iops\",\"value\":3200},{\"key\":\"osdisk.type\",\"value\":\"Premium\"},{\"key\":\"osdisk.sla.throughput\",\"value\":125},{\"key\":\"osdisk.sla.iops\",\"value\":120},{\"key\":\"osdisk.name\",\"value\":\"os-disk\"},{\"key\":\"osdisk.caching\",\"value\":\"ReadWrite\"},{\"key\":\"wad.isenabled\",\"value\":0}]}\r\n
        \     }\r\n    }\r\n  ]\r\n}"
    headers:
      cache-control:
      - no-cache
      content-length:
      - '6068'
      content-type:
      - application/json; charset=utf-8
      date:
      - Mon, 22 Mar 2021 09:41:18 GMT
      expires:
      - '-1'
      pragma:
      - no-cache
      server:
      - Microsoft-HTTPAPI/2.0
      - Microsoft-HTTPAPI/2.0
      strict-transport-security:
      - max-age=31536000; includeSubDomains
      transfer-encoding:
      - chunked
      vary:
      - Accept-Encoding
      x-content-type-options:
      - nosniff
      x-ms-ratelimit-remaining-resource:
      - Microsoft.Compute/LowCostGet3Min;3980,Microsoft.Compute/LowCostGet30Min;31880
    status:
      code: 200
      message: OK
- request:
    body: null
    headers:
      Accept:
      - '*/*'
      Accept-Encoding:
      - gzip, deflate
      CommandName:
      - vm aem delete
      Connection:
      - keep-alive
      Content-Length:
      - '0'
      ParameterSetName:
      - -g -n --verbose
      User-Agent:
      - AZURECLI/2.21.0.post20210319155758 azsdk-python-azure-mgmt-compute/19.0.0
        Python/3.6.9 (Linux-5.4.72-microsoft-standard-WSL2-x86_64-with-Ubuntu-18.04-bionic)
    method: DELETE
    uri: https://management.azure.com/subscriptions/00000000-0000-0000-0000-000000000000/resourceGroups/clitest.rg000001/providers/Microsoft.Compute/virtualMachines/vm1/extensions/AzureEnhancedMonitorForLinux?api-version=2020-12-01
  response:
    body:
      string: ''
    headers:
      azure-asyncnotification:
      - Enabled
      azure-asyncoperation:
      - https://management.azure.com/subscriptions/00000000-0000-0000-0000-000000000000/providers/Microsoft.Compute/locations/westus/operations/755da385-e0ab-429a-9391-5376e9d82760?api-version=2020-12-01
      cache-control:
      - no-cache
      content-length:
      - '0'
      date:
      - Mon, 22 Mar 2021 09:41:20 GMT
      expires:
      - '-1'
      location:
      - https://management.azure.com/subscriptions/00000000-0000-0000-0000-000000000000/providers/Microsoft.Compute/locations/westus/operations/755da385-e0ab-429a-9391-5376e9d82760?monitor=true&api-version=2020-12-01
      pragma:
      - no-cache
      server:
      - Microsoft-HTTPAPI/2.0
      - Microsoft-HTTPAPI/2.0
      strict-transport-security:
      - max-age=31536000; includeSubDomains
      x-content-type-options:
      - nosniff
      x-ms-ratelimit-remaining-resource:
      - Microsoft.Compute/UpdateVM3Min;238,Microsoft.Compute/UpdateVM30Min;1191
      x-ms-ratelimit-remaining-subscription-deletes:
      - '14997'
    status:
      code: 202
      message: Accepted
- request:
    body: null
    headers:
      Accept:
      - '*/*'
      Accept-Encoding:
      - gzip, deflate
      CommandName:
      - vm aem delete
      Connection:
      - keep-alive
      ParameterSetName:
      - -g -n --verbose
      User-Agent:
      - AZURECLI/2.21.0.post20210319155758 azsdk-python-azure-mgmt-compute/19.0.0
        Python/3.6.9 (Linux-5.4.72-microsoft-standard-WSL2-x86_64-with-Ubuntu-18.04-bionic)
    method: GET
    uri: https://management.azure.com/subscriptions/00000000-0000-0000-0000-000000000000/providers/Microsoft.Compute/locations/westus/operations/755da385-e0ab-429a-9391-5376e9d82760?api-version=2020-12-01
  response:
    body:
      string: "{\r\n  \"startTime\": \"2021-03-22T09:41:20.5229541+00:00\",\r\n  \"endTime\":
        \"2021-03-22T09:41:33.8042827+00:00\",\r\n  \"status\": \"Succeeded\",\r\n
        \ \"name\": \"755da385-e0ab-429a-9391-5376e9d82760\"\r\n}"
    headers:
      cache-control:
      - no-cache
      content-length:
      - '184'
      content-type:
      - application/json; charset=utf-8
      date:
      - Mon, 22 Mar 2021 09:41:50 GMT
      expires:
      - '-1'
      pragma:
      - no-cache
      server:
      - Microsoft-HTTPAPI/2.0
      - Microsoft-HTTPAPI/2.0
      strict-transport-security:
      - max-age=31536000; includeSubDomains
      transfer-encoding:
      - chunked
      vary:
      - Accept-Encoding
      x-content-type-options:
      - nosniff
      x-ms-ratelimit-remaining-resource:
      - Microsoft.Compute/GetOperation3Min;14992,Microsoft.Compute/GetOperation30Min;29947
    status:
      code: 200
      message: OK
- request:
    body: null
    headers:
      Accept:
      - application/json
      Accept-Encoding:
      - gzip, deflate
      CommandName:
      - vm aem verify
      Connection:
      - keep-alive
      ParameterSetName:
      - --verbose -g -n
      User-Agent:
      - AZURECLI/2.21.0.post20210319155758 azsdk-python-azure-mgmt-compute/19.0.0
        Python/3.6.9 (Linux-5.4.72-microsoft-standard-WSL2-x86_64-with-Ubuntu-18.04-bionic)
    method: GET
    uri: https://management.azure.com/subscriptions/00000000-0000-0000-0000-000000000000/resourceGroups/clitest.rg000001/providers/Microsoft.Compute/virtualMachines/vm1?$expand=instanceView&api-version=2020-12-01
  response:
    body:
      string: "{\r\n  \"name\": \"vm1\",\r\n  \"id\": \"/subscriptions/00000000-0000-0000-0000-000000000000/resourceGroups/clitest.rg000001/providers/Microsoft.Compute/virtualMachines/vm1\",\r\n
        \ \"type\": \"Microsoft.Compute/virtualMachines\",\r\n  \"location\": \"westus\",\r\n
        \ \"tags\": {\r\n    \"CreationTime\": \"2021-03-22T09:39:22.4737997Z\"\r\n
        \ },\r\n  \"properties\": {\r\n    \"vmId\": \"5ba25420-4a4a-40e0-8546-cd681fec8a9e\",\r\n
        \   \"hardwareProfile\": {\r\n      \"vmSize\": \"Standard_DS1_v2\"\r\n    },\r\n
        \   \"storageProfile\": {\r\n      \"imageReference\": {\r\n        \"publisher\":
        \"OpenLogic\",\r\n        \"offer\": \"CentOS\",\r\n        \"sku\": \"7.5\",\r\n
        \       \"version\": \"latest\",\r\n        \"exactVersion\": \"7.5.201808150\"\r\n
        \     },\r\n      \"osDisk\": {\r\n        \"osType\": \"Linux\",\r\n        \"name\":
        \"os-disk\",\r\n        \"createOption\": \"FromImage\",\r\n        \"caching\":
        \"ReadWrite\",\r\n        \"managedDisk\": {\r\n          \"storageAccountType\":
        \"Premium_LRS\",\r\n          \"id\": \"/subscriptions/00000000-0000-0000-0000-000000000000/resourceGroups/clitest.rg000001/providers/Microsoft.Compute/disks/os-disk\"\r\n
        \       },\r\n        \"diskSizeGB\": 30\r\n      },\r\n      \"dataDisks\":
        []\r\n    },\r\n    \"osProfile\": {\r\n      \"computerName\": \"vm1\",\r\n
        \     \"adminUsername\": \"sd\",\r\n      \"linuxConfiguration\": {\r\n        \"disablePasswordAuthentication\":
        true,\r\n        \"ssh\": {\r\n          \"publicKeys\": [\r\n            {\r\n
        \             \"path\": \"/home/sd/.ssh/authorized_keys\",\r\n              \"keyData\":
        \"ssh-rsa AAAAB3NzaC1yc2EAAAADAQABAAABAQDySYGeTNjheO8+nC0aDR5uJHS8BjYk6MvVLkTXM/2d7WMXu6ktoFglEFoqDmmZ62leenfWonoSkOeGzD3zPT3L9GOGKTHqCaz3Y1ai7bF3ZZmTSYiuUEcTkJS5sfcUtr9pOFtIsCgbP7XPXdZs/GM8joI8DLFkPyAdAmPyLxLBCwOA78s1+lCTPc5JfEamIhpfSCZWmD2GfIli/k1xUPhnUeKb8AFeRNDQ78D2knAz02LSD+lnFrjPZ9yfMLLLQJOWgI/PMyuDI1FjaADvgC9Y0coBz6TtfubQdqu0piB4J8B3uMdSoZp5eDYaq5MrmlZQi3c1A97va2jUd/UnNitz
        sd@DESKTOP-IH24U11\\n\"\r\n            }\r\n          ]\r\n        },\r\n
        \       \"provisionVMAgent\": true,\r\n        \"patchSettings\": {\r\n          \"patchMode\":
        \"ImageDefault\"\r\n        }\r\n      },\r\n      \"secrets\": [],\r\n      \"allowExtensionOperations\":
        true,\r\n      \"requireGuestProvisionSignal\": true\r\n    },\r\n    \"networkProfile\":
        {\"networkInterfaces\":[{\"id\":\"/subscriptions/00000000-0000-0000-0000-000000000000/resourceGroups/clitest.rg000001/providers/Microsoft.Network/networkInterfaces/vm1VMNic\"}]},\r\n
        \   \"provisioningState\": \"Succeeded\",\r\n    \"instanceView\": {\r\n      \"computerName\":
        \"vm1\",\r\n      \"osName\": \"centos\",\r\n      \"osVersion\": \"7.5.1804\",\r\n
        \     \"vmAgent\": {\r\n        \"vmAgentVersion\": \"2.2.54.1\",\r\n        \"statuses\":
        [\r\n          {\r\n            \"code\": \"ProvisioningState/succeeded\",\r\n
        \           \"level\": \"Info\",\r\n            \"displayStatus\": \"Ready\",\r\n
        \           \"message\": \"Guest Agent is running\",\r\n            \"time\":
        \"2021-03-22T09:41:27+00:00\"\r\n          }\r\n        ],\r\n        \"extensionHandlers\":
        []\r\n      },\r\n      \"disks\": [\r\n        {\r\n          \"name\": \"os-disk\",\r\n
        \         \"statuses\": [\r\n            {\r\n              \"code\": \"ProvisioningState/succeeded\",\r\n
        \             \"level\": \"Info\",\r\n              \"displayStatus\": \"Provisioning
        succeeded\",\r\n              \"time\": \"2021-03-22T09:39:26.679229+00:00\"\r\n
        \           }\r\n          ]\r\n        }\r\n      ],\r\n      \"hyperVGeneration\":
        \"V1\",\r\n      \"statuses\": [\r\n        {\r\n          \"code\": \"ProvisioningState/succeeded\",\r\n
        \         \"level\": \"Info\",\r\n          \"displayStatus\": \"Provisioning
        succeeded\",\r\n          \"time\": \"2021-03-22T09:41:33.7730458+00:00\"\r\n
        \       },\r\n        {\r\n          \"code\": \"PowerState/running\",\r\n
        \         \"level\": \"Info\",\r\n          \"displayStatus\": \"VM running\"\r\n
        \       }\r\n      ]\r\n    }\r\n  }\r\n}"
    headers:
      cache-control:
      - no-cache
      content-length:
      - '3770'
      content-type:
      - application/json; charset=utf-8
      date:
      - Mon, 22 Mar 2021 09:41:52 GMT
      expires:
      - '-1'
      pragma:
      - no-cache
      server:
      - Microsoft-HTTPAPI/2.0
      - Microsoft-HTTPAPI/2.0
      strict-transport-security:
      - max-age=31536000; includeSubDomains
      transfer-encoding:
      - chunked
      vary:
      - Accept-Encoding
      x-content-type-options:
      - nosniff
      x-ms-ratelimit-remaining-resource:
      - Microsoft.Compute/LowCostGet3Min;3985,Microsoft.Compute/LowCostGet30Min;31878
    status:
      code: 200
      message: OK
version: 1
