interactions:
- request:
    body: !!python/unicode '{"location": "westus", "tags": {"date": "2019-02-18T15:33:39Z",
      "product": "azurecli", "cause": "automation"}}'
    headers:
      Accept: [application/json]
      Accept-Encoding: ['gzip, deflate']
      CommandName: [group create]
      Connection: [keep-alive]
      Content-Length: ['110']
      Content-Type: [application/json; charset=utf-8]
      ParameterSetName: [--location --name --tag]
      User-Agent: [python/2.7.10 (Darwin-16.7.0-x86_64-i386-64bit) msrest/0.6.4 msrest_azure/0.6.0
          resourcemanagementclient/2.1.0 Azure-SDK-For-Python AZURECLI/2.0.58]
      accept-language: [en-US]
    method: PUT
    uri: https://management.azure.com/subscriptions/00000000-0000-0000-0000-000000000000/resourcegroups/clitest.rg000001?api-version=2018-05-01
  response:
    body: {string: !!python/unicode '{"id":"/subscriptions/00000000-0000-0000-0000-000000000000/resourceGroups/clitest.rg000001","name":"clitest.rg000001","location":"westus","tags":{"date":"2019-02-18T15:33:39Z","product":"azurecli","cause":"automation"},"properties":{"provisioningState":"Succeeded"}}'}
    headers:
      cache-control: [no-cache]
      content-length: ['384']
      content-type: [application/json; charset=utf-8]
      date: ['Mon, 18 Feb 2019 15:33:44 GMT']
      expires: ['-1']
      pragma: [no-cache]
      strict-transport-security: [max-age=31536000; includeSubDomains]
      x-content-type-options: [nosniff]
      x-ms-ratelimit-remaining-subscription-writes: ['1198']
    status: {code: 201, message: Created}
- request:
    body: !!python/unicode '{"location": "westus2", "properties": {"dhcpOptions":
      {}, "addressSpace": {"addressPrefixes": ["10.0.0.0/16"]}}, "tags": {}}'
    headers:
      Accept: [application/json]
      Accept-Encoding: ['gzip, deflate']
      CommandName: [network vnet create]
      Connection: [keep-alive]
      Content-Length: ['124']
      Content-Type: [application/json; charset=utf-8]
      ParameterSetName: [-n -g -l]
      User-Agent: [python/2.7.10 (Darwin-16.7.0-x86_64-i386-64bit) msrest/0.6.4 msrest_azure/0.6.0
          networkmanagementclient/2.4.0 Azure-SDK-For-Python AZURECLI/2.0.58]
      accept-language: [en-US]
    method: PUT
    uri: https://management.azure.com/subscriptions/00000000-0000-0000-0000-000000000000/resourceGroups/clitest.rg000001/providers/Microsoft.Network/virtualNetworks/cli-vnet-000006?api-version=2018-10-01
  response:
    body: {string: !!python/unicode "{\r\n  \"name\": \"cli-vnet-000006\",\r\n  \"\
        id\": \"/subscriptions/00000000-0000-0000-0000-000000000000/resourceGroups/clitest.rg000001/providers/Microsoft.Network/virtualNetworks/cli-vnet-000006\"\
        ,\r\n  \"etag\": \"W/\\\"b2448de7-5479-443f-8674-de1d6139589c\\\"\",\r\n \
        \ \"type\": \"Microsoft.Network/virtualNetworks\",\r\n  \"location\": \"westus2\"\
        ,\r\n  \"tags\": {},\r\n  \"properties\": {\r\n    \"provisioningState\":\
        \ \"Updating\",\r\n    \"resourceGuid\": \"dcd7d47a-5923-48cd-b29b-a98385b297b3\"\
        ,\r\n    \"addressSpace\": {\r\n      \"addressPrefixes\": [\r\n        \"\
        10.0.0.0/16\"\r\n      ]\r\n    },\r\n    \"dhcpOptions\": {\r\n      \"dnsServers\"\
        : []\r\n    },\r\n    \"subnets\": [],\r\n    \"virtualNetworkPeerings\":\
        \ [],\r\n    \"enableDdosProtection\": false,\r\n    \"enableVmProtection\"\
        : false\r\n  }\r\n}"}
    headers:
      azure-asyncoperation: ['https://management.azure.com/subscriptions/00000000-0000-0000-0000-000000000000/providers/Microsoft.Network/locations/westus2/operations/6ad01bd2-d088-44de-ad8a-28e897997b1a?api-version=2018-10-01']
      cache-control: [no-cache]
      content-length: ['805']
      content-type: [application/json; charset=utf-8]
      date: ['Mon, 18 Feb 2019 15:33:49 GMT']
      expires: ['-1']
      pragma: [no-cache]
      server: [Microsoft-HTTPAPI/2.0, Microsoft-HTTPAPI/2.0]
      strict-transport-security: [max-age=31536000; includeSubDomains]
      x-content-type-options: [nosniff]
      x-ms-ratelimit-remaining-subscription-writes: ['1199']
    status: {code: 201, message: Created}
- request:
    body: null
    headers:
      Accept: [application/json]
      Accept-Encoding: ['gzip, deflate']
      CommandName: [network vnet create]
      Connection: [keep-alive]
      ParameterSetName: [-n -g -l]
      User-Agent: [python/2.7.10 (Darwin-16.7.0-x86_64-i386-64bit) msrest/0.6.4 msrest_azure/0.6.0
          networkmanagementclient/2.4.0 Azure-SDK-For-Python AZURECLI/2.0.58]
    method: GET
    uri: https://management.azure.com/subscriptions/00000000-0000-0000-0000-000000000000/providers/Microsoft.Network/locations/westus2/operations/6ad01bd2-d088-44de-ad8a-28e897997b1a?api-version=2018-10-01
  response:
    body: {string: !!python/unicode "{\r\n  \"status\": \"Succeeded\"\r\n}"}
    headers:
      cache-control: [no-cache]
      content-length: ['29']
      content-type: [application/json; charset=utf-8]
      date: ['Mon, 18 Feb 2019 15:33:53 GMT']
      expires: ['-1']
      pragma: [no-cache]
      server: [Microsoft-HTTPAPI/2.0, Microsoft-HTTPAPI/2.0]
      strict-transport-security: [max-age=31536000; includeSubDomains]
      transfer-encoding: [chunked]
      vary: [Accept-Encoding]
      x-content-type-options: [nosniff]
    status: {code: 200, message: OK}
- request:
    body: null
    headers:
      Accept: [application/json]
      Accept-Encoding: ['gzip, deflate']
      CommandName: [network vnet create]
      Connection: [keep-alive]
      ParameterSetName: [-n -g -l]
      User-Agent: [python/2.7.10 (Darwin-16.7.0-x86_64-i386-64bit) msrest/0.6.4 msrest_azure/0.6.0
          networkmanagementclient/2.4.0 Azure-SDK-For-Python AZURECLI/2.0.58]
    method: GET
    uri: https://management.azure.com/subscriptions/00000000-0000-0000-0000-000000000000/resourceGroups/clitest.rg000001/providers/Microsoft.Network/virtualNetworks/cli-vnet-000006?api-version=2018-10-01
  response:
    body: {string: !!python/unicode "{\r\n  \"name\": \"cli-vnet-000006\",\r\n  \"\
        id\": \"/subscriptions/00000000-0000-0000-0000-000000000000/resourceGroups/clitest.rg000001/providers/Microsoft.Network/virtualNetworks/cli-vnet-000006\"\
        ,\r\n  \"etag\": \"W/\\\"9259f3fb-351a-4d23-be76-2629e32ead06\\\"\",\r\n \
        \ \"type\": \"Microsoft.Network/virtualNetworks\",\r\n  \"location\": \"westus2\"\
        ,\r\n  \"tags\": {},\r\n  \"properties\": {\r\n    \"provisioningState\":\
        \ \"Succeeded\",\r\n    \"resourceGuid\": \"dcd7d47a-5923-48cd-b29b-a98385b297b3\"\
        ,\r\n    \"addressSpace\": {\r\n      \"addressPrefixes\": [\r\n        \"\
        10.0.0.0/16\"\r\n      ]\r\n    },\r\n    \"dhcpOptions\": {\r\n      \"dnsServers\"\
        : []\r\n    },\r\n    \"subnets\": [],\r\n    \"virtualNetworkPeerings\":\
        \ [],\r\n    \"enableDdosProtection\": false,\r\n    \"enableVmProtection\"\
        : false\r\n  }\r\n}"}
    headers:
      cache-control: [no-cache]
      content-length: ['806']
      content-type: [application/json; charset=utf-8]
      date: ['Mon, 18 Feb 2019 15:33:54 GMT']
      etag: [W/"9259f3fb-351a-4d23-be76-2629e32ead06"]
      expires: ['-1']
      pragma: [no-cache]
      server: [Microsoft-HTTPAPI/2.0, Microsoft-HTTPAPI/2.0]
      strict-transport-security: [max-age=31536000; includeSubDomains]
      transfer-encoding: [chunked]
      vary: [Accept-Encoding]
      x-content-type-options: [nosniff]
    status: {code: 200, message: OK}
- request:
    body: !!python/unicode '{"name": "default", "properties": {"addressPrefix": "10.0.0.0/24",
      "delegations": [{"name": "0", "properties": {"serviceName": "Microsoft.Netapp/volumes"}}]}}'
    headers:
      Accept: [application/json]
      Accept-Encoding: ['gzip, deflate']
      CommandName: [network vnet subnet create]
      Connection: [keep-alive]
      Content-Length: ['158']
      Content-Type: [application/json; charset=utf-8]
      ParameterSetName: [-n --vnet-name --address-prefixes --delegations -g]
      User-Agent: [python/2.7.10 (Darwin-16.7.0-x86_64-i386-64bit) msrest/0.6.4 msrest_azure/0.6.0
          networkmanagementclient/2.4.0 Azure-SDK-For-Python AZURECLI/2.0.58]
      accept-language: [en-US]
    method: PUT
    uri: https://management.azure.com/subscriptions/00000000-0000-0000-0000-000000000000/resourceGroups/clitest.rg000001/providers/Microsoft.Network/virtualNetworks/cli-vnet-000006/subnets/default?api-version=2018-10-01
  response:
    body: {string: !!python/unicode "{\r\n  \"name\": \"default\",\r\n  \"id\": \"\
        /subscriptions/00000000-0000-0000-0000-000000000000/resourceGroups/clitest.rg000001/providers/Microsoft.Network/virtualNetworks/cli-vnet-000006/subnets/default\"\
        ,\r\n  \"etag\": \"W/\\\"0f5d0dc2-3fac-45f9-9527-fa070ccdec6c\\\"\",\r\n \
        \ \"properties\": {\r\n    \"provisioningState\": \"Updating\",\r\n    \"\
        addressPrefix\": \"10.0.0.0/24\",\r\n    \"delegations\": [\r\n      {\r\n\
        \        \"name\": \"0\",\r\n        \"id\": \"/subscriptions/00000000-0000-0000-0000-000000000000/resourceGroups/clitest.rg000001/providers/Microsoft.Network/virtualNetworks/cli-vnet-000006/subnets/default/delegations/0\"\
        ,\r\n        \"etag\": \"W/\\\"0f5d0dc2-3fac-45f9-9527-fa070ccdec6c\\\"\"\
        ,\r\n        \"properties\": {\r\n          \"provisioningState\": \"Succeeded\"\
        ,\r\n          \"serviceName\": \"Microsoft.Netapp/volumes\",\r\n        \
        \  \"actions\": [\r\n            \"Microsoft.Network/networkinterfaces/*\"\
        ,\r\n            \"Microsoft.Network/virtualNetworks/subnets/join/action\"\
        \r\n          ]\r\n        },\r\n        \"type\": \"Microsoft.Network/virtualNetworks/subnets/delegations\"\
        \r\n      }\r\n    ],\r\n    \"purpose\": \"HostedWorkloads\"\r\n  },\r\n\
        \  \"type\": \"Microsoft.Network/virtualNetworks/subnets\"\r\n}"}
    headers:
      azure-asyncoperation: ['https://management.azure.com/subscriptions/00000000-0000-0000-0000-000000000000/providers/Microsoft.Network/locations/westus2/operations/cf69824b-7d8a-4d1c-954b-169d62898b1b?api-version=2018-10-01']
      cache-control: [no-cache]
      content-length: ['1274']
      content-type: [application/json; charset=utf-8]
      date: ['Mon, 18 Feb 2019 15:33:56 GMT']
      expires: ['-1']
      pragma: [no-cache]
      server: [Microsoft-HTTPAPI/2.0, Microsoft-HTTPAPI/2.0]
      strict-transport-security: [max-age=31536000; includeSubDomains]
      x-content-type-options: [nosniff]
      x-ms-ratelimit-remaining-subscription-writes: ['1199']
    status: {code: 201, message: Created}
- request:
    body: null
    headers:
      Accept: [application/json]
      Accept-Encoding: ['gzip, deflate']
      CommandName: [network vnet subnet create]
      Connection: [keep-alive]
      ParameterSetName: [-n --vnet-name --address-prefixes --delegations -g]
      User-Agent: [python/2.7.10 (Darwin-16.7.0-x86_64-i386-64bit) msrest/0.6.4 msrest_azure/0.6.0
          networkmanagementclient/2.4.0 Azure-SDK-For-Python AZURECLI/2.0.58]
    method: GET
    uri: https://management.azure.com/subscriptions/00000000-0000-0000-0000-000000000000/providers/Microsoft.Network/locations/westus2/operations/cf69824b-7d8a-4d1c-954b-169d62898b1b?api-version=2018-10-01
  response:
    body: {string: !!python/unicode "{\r\n  \"status\": \"Succeeded\"\r\n}"}
    headers:
      cache-control: [no-cache]
      content-length: ['29']
      content-type: [application/json; charset=utf-8]
      date: ['Mon, 18 Feb 2019 15:33:59 GMT']
      expires: ['-1']
      pragma: [no-cache]
      server: [Microsoft-HTTPAPI/2.0, Microsoft-HTTPAPI/2.0]
      strict-transport-security: [max-age=31536000; includeSubDomains]
      transfer-encoding: [chunked]
      vary: [Accept-Encoding]
      x-content-type-options: [nosniff]
    status: {code: 200, message: OK}
- request:
    body: null
    headers:
      Accept: [application/json]
      Accept-Encoding: ['gzip, deflate']
      CommandName: [network vnet subnet create]
      Connection: [keep-alive]
      ParameterSetName: [-n --vnet-name --address-prefixes --delegations -g]
      User-Agent: [python/2.7.10 (Darwin-16.7.0-x86_64-i386-64bit) msrest/0.6.4 msrest_azure/0.6.0
          networkmanagementclient/2.4.0 Azure-SDK-For-Python AZURECLI/2.0.58]
    method: GET
    uri: https://management.azure.com/subscriptions/00000000-0000-0000-0000-000000000000/resourceGroups/clitest.rg000001/providers/Microsoft.Network/virtualNetworks/cli-vnet-000006/subnets/default?api-version=2018-10-01
  response:
    body: {string: !!python/unicode "{\r\n  \"name\": \"default\",\r\n  \"id\": \"\
        /subscriptions/00000000-0000-0000-0000-000000000000/resourceGroups/clitest.rg000001/providers/Microsoft.Network/virtualNetworks/cli-vnet-000006/subnets/default\"\
        ,\r\n  \"etag\": \"W/\\\"534e2dae-9306-46cf-bc13-f28258570d1a\\\"\",\r\n \
        \ \"properties\": {\r\n    \"provisioningState\": \"Succeeded\",\r\n    \"\
        addressPrefix\": \"10.0.0.0/24\",\r\n    \"delegations\": [\r\n      {\r\n\
        \        \"name\": \"0\",\r\n        \"id\": \"/subscriptions/00000000-0000-0000-0000-000000000000/resourceGroups/clitest.rg000001/providers/Microsoft.Network/virtualNetworks/cli-vnet-000006/subnets/default/delegations/0\"\
        ,\r\n        \"etag\": \"W/\\\"534e2dae-9306-46cf-bc13-f28258570d1a\\\"\"\
        ,\r\n        \"properties\": {\r\n          \"provisioningState\": \"Succeeded\"\
        ,\r\n          \"serviceName\": \"Microsoft.Netapp/volumes\",\r\n        \
        \  \"actions\": [\r\n            \"Microsoft.Network/networkinterfaces/*\"\
        ,\r\n            \"Microsoft.Network/virtualNetworks/subnets/join/action\"\
        \r\n          ]\r\n        },\r\n        \"type\": \"Microsoft.Network/virtualNetworks/subnets/delegations\"\
        \r\n      }\r\n    ],\r\n    \"purpose\": \"HostedWorkloads\"\r\n  },\r\n\
        \  \"type\": \"Microsoft.Network/virtualNetworks/subnets\"\r\n}"}
    headers:
      cache-control: [no-cache]
      content-length: ['1275']
      content-type: [application/json; charset=utf-8]
      date: ['Mon, 18 Feb 2019 15:34:00 GMT']
      etag: [W/"534e2dae-9306-46cf-bc13-f28258570d1a"]
      expires: ['-1']
      pragma: [no-cache]
      server: [Microsoft-HTTPAPI/2.0, Microsoft-HTTPAPI/2.0]
      strict-transport-security: [max-age=31536000; includeSubDomains]
      transfer-encoding: [chunked]
      vary: [Accept-Encoding]
      x-content-type-options: [nosniff]
    status: {code: 200, message: OK}
- request:
    body: !!python/unicode '{"location": "westus2"}'
    headers:
      Accept: [application/json]
      Accept-Encoding: ['gzip, deflate']
      CommandName: [anf account create]
      Connection: [keep-alive]
      Content-Length: ['23']
      Content-Type: [application/json; charset=utf-8]
      ParameterSetName: [-g -a -l]
      User-Agent: [python/2.7.10 (Darwin-16.7.0-x86_64-i386-64bit) msrest/0.6.4 msrest_azure/0.6.0
          azure-mgmt-netapp/0.1.0 Azure-SDK-For-Python AZURECLI/2.0.58]
      accept-language: [en-US]
    method: PUT
    uri: https://management.azure.com/subscriptions/00000000-0000-0000-0000-000000000000/resourceGroups/clitest.rg000001/providers/Microsoft.NetApp/netAppAccounts/cli-acc-000002?api-version=2017-08-15
  response:
    body: {string: !!python/unicode '{"id":"/subscriptions/00000000-0000-0000-0000-000000000000/resourceGroups/clitest.rg000001/providers/Microsoft.NetApp/netAppAccounts/cli-acc-000002","name":"cli-acc-000002","type":"Microsoft.NetApp/netAppAccounts","etag":"W/\"datetime''2019-02-18T15%3A34%3A05.7629172Z''\"","location":"westus2","properties":{"provisioningState":"Creating","name":"cli-acc-000002"}}'}
    headers:
      azure-asyncoperation: ['https://management.azure.com/subscriptions/00000000-0000-0000-0000-000000000000/providers/Microsoft.NetApp/locations/westus2/operationResults/252fe15a-f3a6-48e9-8cb6-386461d46437?api-version=2017-08-15']
      cache-control: [no-cache]
      content-length: ['452']
      content-type: [application/json; charset=utf-8]
      date: ['Mon, 18 Feb 2019 15:34:05 GMT']
      etag: [W/"datetime'2019-02-18T15%3A34%3A05.7629172Z'"]
      expires: ['-1']
      pragma: [no-cache]
      server: [Microsoft-IIS/10.0]
      strict-transport-security: [max-age=31536000; includeSubDomains]
      x-content-type-options: [nosniff]
      x-ms-ratelimit-remaining-subscription-writes: ['1195']
      x-powered-by: [ASP.NET]
    status: {code: 201, message: Created}
- request:
    body: null
    headers:
      Accept: [application/json]
      Accept-Encoding: ['gzip, deflate']
      CommandName: [anf account create]
      Connection: [keep-alive]
      ParameterSetName: [-g -a -l]
      User-Agent: [python/2.7.10 (Darwin-16.7.0-x86_64-i386-64bit) msrest/0.6.4 msrest_azure/0.6.0
          azure-mgmt-netapp/0.1.0 Azure-SDK-For-Python AZURECLI/2.0.58]
    method: GET
    uri: https://management.azure.com/subscriptions/00000000-0000-0000-0000-000000000000/providers/Microsoft.NetApp/locations/westus2/operationResults/252fe15a-f3a6-48e9-8cb6-386461d46437?api-version=2017-08-15
  response:
    body: {string: !!python/unicode '{"id":"/subscriptions/00000000-0000-0000-0000-000000000000/providers/Microsoft.NetApp/locations/westus2/operationResults/252fe15a-f3a6-48e9-8cb6-386461d46437","name":"252fe15a-f3a6-48e9-8cb6-386461d46437","status":"Succeeded","startTime":"2019-02-18T15:34:05.6653387Z","endTime":"2019-02-18T15:34:05.9926004Z","percentComplete":100.0,"properties":{"resourceName":"/subscriptions/00000000-0000-0000-0000-000000000000/resourceGroups/clitest.rg000001/providers/Microsoft.NetApp/netAppAccounts/cli-acc-000002"}}'}
    headers:
      cache-control: [no-cache]
      content-length: ['576']
      content-type: [application/json; charset=utf-8]
      date: ['Mon, 18 Feb 2019 15:34:37 GMT']
      expires: ['-1']
      pragma: [no-cache]
      server: [Microsoft-IIS/10.0]
      strict-transport-security: [max-age=31536000; includeSubDomains]
      transfer-encoding: [chunked]
      vary: [Accept-Encoding]
      x-content-type-options: [nosniff]
      x-powered-by: [ASP.NET]
    status: {code: 200, message: OK}
- request:
    body: null
    headers:
      Accept: [application/json]
      Accept-Encoding: ['gzip, deflate']
      CommandName: [anf account create]
      Connection: [keep-alive]
      ParameterSetName: [-g -a -l]
      User-Agent: [python/2.7.10 (Darwin-16.7.0-x86_64-i386-64bit) msrest/0.6.4 msrest_azure/0.6.0
          azure-mgmt-netapp/0.1.0 Azure-SDK-For-Python AZURECLI/2.0.58]
    method: GET
    uri: https://management.azure.com/subscriptions/00000000-0000-0000-0000-000000000000/resourceGroups/clitest.rg000001/providers/Microsoft.NetApp/netAppAccounts/cli-acc-000002?api-version=2017-08-15
  response:
    body: {string: !!python/unicode '{"id":"/subscriptions/00000000-0000-0000-0000-000000000000/resourceGroups/clitest.rg000001/providers/Microsoft.NetApp/netAppAccounts/cli-acc-000002","name":"cli-acc-000002","type":"Microsoft.NetApp/netAppAccounts","etag":"W/\"datetime''2019-02-18T15%3A34%3A06.046117Z''\"","location":"westus2","properties":{"provisioningState":"Succeeded","name":"cli-acc-000002"}}'}
    headers:
      cache-control: [no-cache]
      content-length: ['452']
      content-type: [application/json; charset=utf-8]
      date: ['Mon, 18 Feb 2019 15:34:38 GMT']
      etag: [W/"datetime'2019-02-18T15%3A34%3A06.046117Z'"]
      expires: ['-1']
      pragma: [no-cache]
      server: [Microsoft-IIS/10.0]
      strict-transport-security: [max-age=31536000; includeSubDomains]
      transfer-encoding: [chunked]
      vary: [Accept-Encoding]
      x-content-type-options: [nosniff]
      x-powered-by: [ASP.NET]
    status: {code: 200, message: OK}
- request:
    body: !!python/unicode '{"properties": {"serviceLevel": "Premium", "size": 4398046511104},
      "location": "westus2", "tags": {"Tag1": "Value1"}}'
    headers:
      Accept: [application/json]
      Accept-Encoding: ['gzip, deflate']
      CommandName: [anf pool create]
      Connection: [keep-alive]
      Content-Length: ['117']
      Content-Type: [application/json; charset=utf-8]
      ParameterSetName: [-g -a -p -l --service-level --size --tags]
      User-Agent: [python/2.7.10 (Darwin-16.7.0-x86_64-i386-64bit) msrest/0.6.4 msrest_azure/0.6.0
          azure-mgmt-netapp/0.1.0 Azure-SDK-For-Python AZURECLI/2.0.58]
      accept-language: [en-US]
    method: PUT
    uri: https://management.azure.com/subscriptions/00000000-0000-0000-0000-000000000000/resourceGroups/clitest.rg000001/providers/Microsoft.NetApp/netAppAccounts/cli-acc-000002/capacityPools/cli-pool-000003?api-version=2017-08-15
  response:
    body: {string: !!python/unicode '{"id":"/subscriptions/00000000-0000-0000-0000-000000000000/resourceGroups/clitest.rg000001/providers/Microsoft.NetApp/netAppAccounts/cli-acc-000002/capacityPools/cli-pool-000003","name":"cli-acc-000002/cli-pool-000003","type":"Microsoft.NetApp/netAppAccounts/capacityPools","etag":"W/\"datetime''2019-02-18T15%3A34%3A41.9403806Z''\"","location":"westus2","tags":{"Tag1":"Value1"},"properties":{"serviceLevel":"Premium","size":4398046511104,"provisioningState":"Creating"}}'}
    headers:
      azure-asyncoperation: ['https://management.azure.com/subscriptions/00000000-0000-0000-0000-000000000000/providers/Microsoft.NetApp/locations/westus2/operationResults/abcadb9d-42ca-46da-bc8e-47dcf7b9eb62?api-version=2017-08-15']
      cache-control: [no-cache]
      content-length: ['567']
      content-type: [application/json; charset=utf-8]
      date: ['Mon, 18 Feb 2019 15:34:42 GMT']
      etag: [W/"datetime'2019-02-18T15%3A34%3A41.9403806Z'"]
      expires: ['-1']
      pragma: [no-cache]
      server: [Microsoft-IIS/10.0]
      strict-transport-security: [max-age=31536000; includeSubDomains]
      x-content-type-options: [nosniff]
      x-ms-ratelimit-remaining-subscription-writes: ['1196']
      x-powered-by: [ASP.NET]
    status: {code: 201, message: Created}
- request:
    body: null
    headers:
      Accept: [application/json]
      Accept-Encoding: ['gzip, deflate']
      CommandName: [anf pool create]
      Connection: [keep-alive]
      ParameterSetName: [-g -a -p -l --service-level --size --tags]
      User-Agent: [python/2.7.10 (Darwin-16.7.0-x86_64-i386-64bit) msrest/0.6.4 msrest_azure/0.6.0
          azure-mgmt-netapp/0.1.0 Azure-SDK-For-Python AZURECLI/2.0.58]
    method: GET
    uri: https://management.azure.com/subscriptions/00000000-0000-0000-0000-000000000000/providers/Microsoft.NetApp/locations/westus2/operationResults/abcadb9d-42ca-46da-bc8e-47dcf7b9eb62?api-version=2017-08-15
  response:
    body: {string: !!python/unicode '{"id":"/subscriptions/00000000-0000-0000-0000-000000000000/providers/Microsoft.NetApp/locations/westus2/operationResults/abcadb9d-42ca-46da-bc8e-47dcf7b9eb62","name":"abcadb9d-42ca-46da-bc8e-47dcf7b9eb62","status":"Succeeded","startTime":"2019-02-18T15:34:41.8790307Z","endTime":"2019-02-18T15:34:42.3946184Z","percentComplete":100.0,"properties":{"resourceName":"/subscriptions/00000000-0000-0000-0000-000000000000/resourceGroups/clitest.rg000001/providers/Microsoft.NetApp/netAppAccounts/cli-acc-000002/capacityPools/cli-pool-000003"}}'}
    headers:
      cache-control: [no-cache]
      content-length: ['615']
      content-type: [application/json; charset=utf-8]
      date: ['Mon, 18 Feb 2019 15:35:14 GMT']
      expires: ['-1']
      pragma: [no-cache]
      server: [Microsoft-IIS/10.0]
      strict-transport-security: [max-age=31536000; includeSubDomains]
      transfer-encoding: [chunked]
      vary: [Accept-Encoding]
      x-content-type-options: [nosniff]
      x-powered-by: [ASP.NET]
    status: {code: 200, message: OK}
- request:
    body: null
    headers:
      Accept: [application/json]
      Accept-Encoding: ['gzip, deflate']
      CommandName: [anf pool create]
      Connection: [keep-alive]
      ParameterSetName: [-g -a -p -l --service-level --size --tags]
      User-Agent: [python/2.7.10 (Darwin-16.7.0-x86_64-i386-64bit) msrest/0.6.4 msrest_azure/0.6.0
          azure-mgmt-netapp/0.1.0 Azure-SDK-For-Python AZURECLI/2.0.58]
    method: GET
    uri: https://management.azure.com/subscriptions/00000000-0000-0000-0000-000000000000/resourceGroups/clitest.rg000001/providers/Microsoft.NetApp/netAppAccounts/cli-acc-000002/capacityPools/cli-pool-000003?api-version=2017-08-15
  response:
    body: {string: !!python/unicode '{"id":"/subscriptions/00000000-0000-0000-0000-000000000000/resourceGroups/clitest.rg000001/providers/Microsoft.NetApp/netAppAccounts/cli-acc-000002/capacityPools/cli-pool-000003","name":"cli-acc-000002/cli-pool-000003","type":"Microsoft.NetApp/netAppAccounts/capacityPools","etag":"W/\"datetime''2019-02-18T15%3A34%3A42.4407332Z''\"","location":"westus2","tags":{"Tag1":"Value1"},"properties":{"poolId":"6036020d-e40f-f83d-187c-b6778ac38be5","name":"cli-acc-000002/cli-pool-000003","serviceLevel":"Premium","size":4398046511104,"provisioningState":"Succeeded"}}'}
    headers:
      cache-control: [no-cache]
      content-length: ['675']
      content-type: [application/json; charset=utf-8]
      date: ['Mon, 18 Feb 2019 15:35:15 GMT']
      etag: [W/"datetime'2019-02-18T15%3A34%3A42.4407332Z'"]
      expires: ['-1']
      pragma: [no-cache]
      server: [Microsoft-IIS/10.0]
      strict-transport-security: [max-age=31536000; includeSubDomains]
      transfer-encoding: [chunked]
      vary: [Accept-Encoding]
      x-content-type-options: [nosniff]
      x-powered-by: [ASP.NET]
    status: {code: 200, message: OK}
- request:
    body: !!python/unicode '{"location": "westus2", "properties": {"usageThreshold":
      107374182400, "subnetId": "/subscriptions/00000000-0000-0000-0000-000000000000/resourceGroups/clitest.rg000001/providers/Microsoft.Network/virtualNetworks/cli-vnet-000006/subnets/default",
      "serviceLevel": "Premium", "creationToken": "cli-vol-000004"}, "tags": {"Tag1":
      "Value1"}}'
    headers:
      Accept: [application/json]
      Accept-Encoding: ['gzip, deflate']
      CommandName: [anf volume create]
      Connection: [keep-alive]
      Content-Length: ['414']
      Content-Type: [application/json; charset=utf-8]
      ParameterSetName: [--resource-group --account-name --pool-name --volume-name
          -l --service-level --usage-threshold --creation-token --subnet-id --tags]
      User-Agent: [python/2.7.10 (Darwin-16.7.0-x86_64-i386-64bit) msrest/0.6.4 msrest_azure/0.6.0
          azure-mgmt-netapp/0.1.0 Azure-SDK-For-Python AZURECLI/2.0.58]
      accept-language: [en-US]
    method: PUT
    uri: https://management.azure.com/subscriptions/00000000-0000-0000-0000-000000000000/resourceGroups/clitest.rg000001/providers/Microsoft.NetApp/netAppAccounts/cli-acc-000002/capacityPools/cli-pool-000003/volumes/cli-vol-000004?api-version=2017-08-15
  response:
    body: {string: !!python/unicode '{"id":"/subscriptions/00000000-0000-0000-0000-000000000000/resourceGroups/clitest.rg000001/providers/Microsoft.NetApp/netAppAccounts/cli-acc-000002/capacityPools/cli-pool-000003/volumes/cli-vol-000004","name":"cli-acc-000002/cli-pool-000003/cli-vol-000004","type":"Microsoft.NetApp/netAppAccounts/capacityPools/volumes","etag":"W/\"datetime''2019-02-18T15%3A35%3A20.2293301Z''\"","location":"westus2","tags":{"Tag1":"Value1"},"properties":{"usageThreshold":107374182400,"subnetId":"/subscriptions/00000000-0000-0000-0000-000000000000/resourceGroups/clitest.rg000001/providers/Microsoft.Network/virtualNetworks/cli-vnet-000006/subnets/default","serviceLevel":"Premium","creationToken":"cli-vol-000004","provisioningState":"Creating"}}'}
    headers:
      azure-asyncoperation: ['https://management.azure.com/subscriptions/00000000-0000-0000-0000-000000000000/providers/Microsoft.NetApp/locations/westus2/operationResults/3ba95aae-8379-442d-b169-e495c9672844?api-version=2017-08-15']
      cache-control: [no-cache]
      content-length: ['926']
      content-type: [application/json; charset=utf-8]
      date: ['Mon, 18 Feb 2019 15:35:20 GMT']
      etag: [W/"datetime'2019-02-18T15%3A35%3A20.2293301Z'"]
      expires: ['-1']
      pragma: [no-cache]
      server: [Microsoft-IIS/10.0]
      strict-transport-security: [max-age=31536000; includeSubDomains]
      x-content-type-options: [nosniff]
      x-ms-ratelimit-remaining-subscription-writes: ['1199']
      x-powered-by: [ASP.NET]
    status: {code: 201, message: Created}
- request:
    body: null
    headers:
      Accept: [application/json]
      Accept-Encoding: ['gzip, deflate']
      CommandName: [anf volume create]
      Connection: [keep-alive]
      ParameterSetName: [--resource-group --account-name --pool-name --volume-name
          -l --service-level --usage-threshold --creation-token --subnet-id --tags]
      User-Agent: [python/2.7.10 (Darwin-16.7.0-x86_64-i386-64bit) msrest/0.6.4 msrest_azure/0.6.0
          azure-mgmt-netapp/0.1.0 Azure-SDK-For-Python AZURECLI/2.0.58]
    method: GET
    uri: https://management.azure.com/subscriptions/00000000-0000-0000-0000-000000000000/providers/Microsoft.NetApp/locations/westus2/operationResults/3ba95aae-8379-442d-b169-e495c9672844?api-version=2017-08-15
  response:
    body: {string: !!python/unicode '{"id":"/subscriptions/00000000-0000-0000-0000-000000000000/providers/Microsoft.NetApp/locations/westus2/operationResults/3ba95aae-8379-442d-b169-e495c9672844","name":"3ba95aae-8379-442d-b169-e495c9672844","status":"Creating","startTime":"2019-02-18T15:35:20.1693117Z","endTime":"0001-01-01T00:00:00Z","percentComplete":0.0,"properties":{"resourceName":"/subscriptions/00000000-0000-0000-0000-000000000000/resourceGroups/clitest.rg000001/providers/Microsoft.NetApp/netAppAccounts/cli-acc-000002/capacityPools/cli-pool-000003/volumes/cli-vol-000004"}}'}
    headers:
      cache-control: [no-cache]
      content-length: ['637']
      content-type: [application/json; charset=utf-8]
      date: ['Mon, 18 Feb 2019 15:35:58 GMT']
      expires: ['-1']
      pragma: [no-cache]
      server: [Microsoft-IIS/10.0]
      strict-transport-security: [max-age=31536000; includeSubDomains]
      transfer-encoding: [chunked]
      vary: [Accept-Encoding]
      x-content-type-options: [nosniff]
      x-powered-by: [ASP.NET]
    status: {code: 200, message: OK}
- request:
    body: null
    headers:
      Accept: [application/json]
      Accept-Encoding: ['gzip, deflate']
      CommandName: [anf volume create]
      Connection: [keep-alive]
      ParameterSetName: [--resource-group --account-name --pool-name --volume-name
          -l --service-level --usage-threshold --creation-token --subnet-id --tags]
      User-Agent: [python/2.7.10 (Darwin-16.7.0-x86_64-i386-64bit) msrest/0.6.4 msrest_azure/0.6.0
          azure-mgmt-netapp/0.1.0 Azure-SDK-For-Python AZURECLI/2.0.58]
    method: GET
    uri: https://management.azure.com/subscriptions/00000000-0000-0000-0000-000000000000/providers/Microsoft.NetApp/locations/westus2/operationResults/3ba95aae-8379-442d-b169-e495c9672844?api-version=2017-08-15
  response:
    body: {string: !!python/unicode '{"id":"/subscriptions/00000000-0000-0000-0000-000000000000/providers/Microsoft.NetApp/locations/westus2/operationResults/3ba95aae-8379-442d-b169-e495c9672844","name":"3ba95aae-8379-442d-b169-e495c9672844","status":"Succeeded","startTime":"2019-02-18T15:35:20.1693117Z","endTime":"2019-02-18T15:36:04.1439095Z","percentComplete":100.0,"properties":{"resourceName":"/subscriptions/00000000-0000-0000-0000-000000000000/resourceGroups/clitest.rg000001/providers/Microsoft.NetApp/netAppAccounts/cli-acc-000002/capacityPools/cli-pool-000003/volumes/cli-vol-000004"}}'}
    headers:
      cache-control: [no-cache]
      content-length: ['648']
      content-type: [application/json; charset=utf-8]
      date: ['Mon, 18 Feb 2019 15:36:26 GMT']
      expires: ['-1']
      pragma: [no-cache]
      server: [Microsoft-IIS/10.0]
      strict-transport-security: [max-age=31536000; includeSubDomains]
      transfer-encoding: [chunked]
      vary: [Accept-Encoding]
      x-content-type-options: [nosniff]
      x-powered-by: [ASP.NET]
    status: {code: 200, message: OK}
- request:
    body: null
    headers:
      Accept: [application/json]
      Accept-Encoding: ['gzip, deflate']
      CommandName: [anf volume create]
      Connection: [keep-alive]
      ParameterSetName: [--resource-group --account-name --pool-name --volume-name
          -l --service-level --usage-threshold --creation-token --subnet-id --tags]
      User-Agent: [python/2.7.10 (Darwin-16.7.0-x86_64-i386-64bit) msrest/0.6.4 msrest_azure/0.6.0
          azure-mgmt-netapp/0.1.0 Azure-SDK-For-Python AZURECLI/2.0.58]
    method: GET
    uri: https://management.azure.com/subscriptions/00000000-0000-0000-0000-000000000000/resourceGroups/clitest.rg000001/providers/Microsoft.NetApp/netAppAccounts/cli-acc-000002/capacityPools/cli-pool-000003/volumes/cli-vol-000004?api-version=2017-08-15
  response:
    body: {string: !!python/unicode '{"id":"/subscriptions/00000000-0000-0000-0000-000000000000/resourceGroups/clitest.rg000001/providers/Microsoft.NetApp/netAppAccounts/cli-acc-000002/capacityPools/cli-pool-000003/volumes/cli-vol-000004","name":"cli-acc-000002/cli-pool-000003/cli-vol-000004","type":"Microsoft.NetApp/netAppAccounts/capacityPools/volumes","etag":"W/\"datetime''2019-02-18T15%3A36%3A04.1822662Z''\"","location":"westus2","tags":{"Tag1":"Value1"},"properties":{"provisioningState":"Succeeded","fileSystemId":"273c9f27-2d81-3a82-2283-9201959a3753","serviceLevel":"Premium","creationToken":"cli-vol-000004","ownerId":"38ab86f1-9d30-413b-8fc0-d31ad85fa6a1","usageThreshold":107374182400,"usedBytes":0,"snapshotPolicy":{"enabled":false},"exportPolicy":{"rules":[{"ruleIndex":1,"unixReadOnly":false,"unixReadWrite":true,"cifs":false,"nfsv3":true,"nfsv4":false,"allowedClients":"0.0.0.0/0"}]},"protocolTypes":["NFSv3"],"baremetalTenantId":"baremetalTenant_svm_38ab86f19d30413b8fc0d31ad85fa6a1_0810ad3c","subnetId":"/subscriptions/00000000-0000-0000-0000-000000000000/resourceGroups/clitest.rg000001/providers/Microsoft.Network/virtualNetworks/cli-vnet-000006/subnets/default","mountTargets":[{"provisioningState":"Succeeded","mountTargetId":"a095199c-aaa6-c16e-ee58-d978cd228698","fileSystemId":"273c9f27-2d81-3a82-2283-9201959a3753","startIp":"10.0.0.4","endIp":"10.0.0.4","gateway":"10.0.0.1","netmask":"255.255.255.0","ipAddress":"10.0.0.4"}]}}'}
    headers:
      cache-control: [no-cache]
      content-length: ['1613']
      content-type: [application/json; charset=utf-8]
      date: ['Mon, 18 Feb 2019 15:36:25 GMT']
      etag: [W/"datetime'2019-02-18T15%3A36%3A04.1822662Z'"]
      expires: ['-1']
      pragma: [no-cache]
      server: [Microsoft-IIS/10.0]
      strict-transport-security: [max-age=31536000; includeSubDomains]
      transfer-encoding: [chunked]
      vary: [Accept-Encoding]
      x-content-type-options: [nosniff]
      x-powered-by: [ASP.NET]
    status: {code: 200, message: OK}
- request:
    body: !!python/unicode '{"location": "westus2", "properties": {"usageThreshold":
      107374182400, "subnetId": "/subscriptions/00000000-0000-0000-0000-000000000000/resourceGroups/clitest.rg000001/providers/Microsoft.Network/virtualNetworks/cli-vnet-000006/subnets/default",
      "serviceLevel": "Premium", "creationToken": "cli-vol-000005"}, "tags": {"Tag1":
      "Value1"}}'
    headers:
      Accept: [application/json]
      Accept-Encoding: ['gzip, deflate']
      CommandName: [anf volume create]
      Connection: [keep-alive]
      Content-Length: ['414']
      Content-Type: [application/json; charset=utf-8]
      ParameterSetName: [-g -a -p -v -l --service-level --usage-threshold --creation-token
          --subnet-id --tags]
      User-Agent: [python/2.7.10 (Darwin-16.7.0-x86_64-i386-64bit) msrest/0.6.4 msrest_azure/0.6.0
          azure-mgmt-netapp/0.1.0 Azure-SDK-For-Python AZURECLI/2.0.58]
      accept-language: [en-US]
    method: PUT
    uri: https://management.azure.com/subscriptions/00000000-0000-0000-0000-000000000000/resourceGroups/clitest.rg000001/providers/Microsoft.NetApp/netAppAccounts/cli-acc-000002/capacityPools/cli-pool-000003/volumes/cli-vol-000005?api-version=2017-08-15
  response:
    body: {string: !!python/unicode '{"id":"/subscriptions/00000000-0000-0000-0000-000000000000/resourceGroups/clitest.rg000001/providers/Microsoft.NetApp/netAppAccounts/cli-acc-000002/capacityPools/cli-pool-000003/volumes/cli-vol-000005","name":"cli-acc-000002/cli-pool-000003/cli-vol-000005","type":"Microsoft.NetApp/netAppAccounts/capacityPools/volumes","etag":"W/\"datetime''2019-02-18T15%3A36%3A35.8645661Z''\"","location":"westus2","tags":{"Tag1":"Value1"},"properties":{"usageThreshold":107374182400,"subnetId":"/subscriptions/00000000-0000-0000-0000-000000000000/resourceGroups/clitest.rg000001/providers/Microsoft.Network/virtualNetworks/cli-vnet-000006/subnets/default","serviceLevel":"Premium","creationToken":"cli-vol-000005","provisioningState":"Creating"}}'}
    headers:
      azure-asyncoperation: ['https://management.azure.com/subscriptions/00000000-0000-0000-0000-000000000000/providers/Microsoft.NetApp/locations/westus2/operationResults/35ace153-2ecc-45d4-8f3c-721c6ab162ef?api-version=2017-08-15']
      cache-control: [no-cache]
      content-length: ['926']
      content-type: [application/json; charset=utf-8]
      date: ['Mon, 18 Feb 2019 15:36:38 GMT']
      etag: [W/"datetime'2019-02-18T15%3A36%3A35.8645661Z'"]
      expires: ['-1']
      pragma: [no-cache]
      server: [Microsoft-IIS/10.0]
      strict-transport-security: [max-age=31536000; includeSubDomains]
      x-content-type-options: [nosniff]
      x-ms-ratelimit-remaining-subscription-writes: ['1196']
      x-powered-by: [ASP.NET]
    status: {code: 201, message: Created}
- request:
    body: null
    headers:
      Accept: [application/json]
      Accept-Encoding: ['gzip, deflate']
      CommandName: [anf volume create]
      Connection: [keep-alive]
      ParameterSetName: [-g -a -p -v -l --service-level --usage-threshold --creation-token
          --subnet-id --tags]
      User-Agent: [python/2.7.10 (Darwin-16.7.0-x86_64-i386-64bit) msrest/0.6.4 msrest_azure/0.6.0
          azure-mgmt-netapp/0.1.0 Azure-SDK-For-Python AZURECLI/2.0.58]
    method: GET
    uri: https://management.azure.com/subscriptions/00000000-0000-0000-0000-000000000000/providers/Microsoft.NetApp/locations/westus2/operationResults/35ace153-2ecc-45d4-8f3c-721c6ab162ef?api-version=2017-08-15
  response:
    body: {string: !!python/unicode '{"id":"/subscriptions/00000000-0000-0000-0000-000000000000/providers/Microsoft.NetApp/locations/westus2/operationResults/35ace153-2ecc-45d4-8f3c-721c6ab162ef","name":"35ace153-2ecc-45d4-8f3c-721c6ab162ef","status":"Succeeded","startTime":"2019-02-18T15:36:35.7894408Z","endTime":"2019-02-18T15:36:47.9585902Z","percentComplete":100.0,"properties":{"resourceName":"/subscriptions/00000000-0000-0000-0000-000000000000/resourceGroups/clitest.rg000001/providers/Microsoft.NetApp/netAppAccounts/cli-acc-000002/capacityPools/cli-pool-000003/volumes/cli-vol-000005"}}'}
    headers:
      cache-control: [no-cache]
      content-length: ['648']
      content-type: [application/json; charset=utf-8]
      date: ['Mon, 18 Feb 2019 15:38:15 GMT']
      expires: ['-1']
      pragma: [no-cache]
      server: [Microsoft-IIS/10.0]
      strict-transport-security: [max-age=31536000; includeSubDomains]
      transfer-encoding: [chunked]
      vary: [Accept-Encoding]
      x-content-type-options: [nosniff]
      x-powered-by: [ASP.NET]
    status: {code: 200, message: OK}
- request:
    body: null
    headers:
      Accept: [application/json]
      Accept-Encoding: ['gzip, deflate']
      CommandName: [anf volume create]
      Connection: [keep-alive]
      ParameterSetName: [-g -a -p -v -l --service-level --usage-threshold --creation-token
          --subnet-id --tags]
      User-Agent: [python/2.7.10 (Darwin-16.7.0-x86_64-i386-64bit) msrest/0.6.4 msrest_azure/0.6.0
          azure-mgmt-netapp/0.1.0 Azure-SDK-For-Python AZURECLI/2.0.58]
    method: GET
    uri: https://management.azure.com/subscriptions/00000000-0000-0000-0000-000000000000/resourceGroups/clitest.rg000001/providers/Microsoft.NetApp/netAppAccounts/cli-acc-000002/capacityPools/cli-pool-000003/volumes/cli-vol-000005?api-version=2017-08-15
  response:
    body: {string: !!python/unicode '{"id":"/subscriptions/00000000-0000-0000-0000-000000000000/resourceGroups/clitest.rg000001/providers/Microsoft.NetApp/netAppAccounts/cli-acc-000002/capacityPools/cli-pool-000003/volumes/cli-vol-000005","name":"cli-acc-000002/cli-pool-000003/cli-vol-000005","type":"Microsoft.NetApp/netAppAccounts/capacityPools/volumes","etag":"W/\"datetime''2019-02-18T15%3A36%3A47.9881109Z''\"","location":"westus2","tags":{"Tag1":"Value1"},"properties":{"provisioningState":"Succeeded","fileSystemId":"9cb6505c-3110-9e7b-1cf3-459b03c84fea","serviceLevel":"Premium","creationToken":"cli-vol-000005","ownerId":"38ab86f1-9d30-413b-8fc0-d31ad85fa6a1","usageThreshold":107374182400,"usedBytes":0,"snapshotPolicy":{"enabled":false},"exportPolicy":{"rules":[{"ruleIndex":1,"unixReadOnly":false,"unixReadWrite":true,"cifs":false,"nfsv3":true,"nfsv4":false,"allowedClients":"0.0.0.0/0"}]},"protocolTypes":["NFSv3"],"baremetalTenantId":"baremetalTenant_svm_38ab86f19d30413b8fc0d31ad85fa6a1_0810ad3c","subnetId":"/subscriptions/00000000-0000-0000-0000-000000000000/resourceGroups/clitest.rg000001/providers/Microsoft.Network/virtualNetworks/cli-vnet-000006/subnets/default","mountTargets":[{"provisioningState":"Succeeded","mountTargetId":"f7b64453-df3f-0152-d323-d33055e23d10","fileSystemId":"9cb6505c-3110-9e7b-1cf3-459b03c84fea","startIp":"10.4.0.128","endIp":"10.4.0.191","gateway":"10.4.0.129","netmask":"255.255.255.192","ipAddress":"10.0.0.4"}]}}'}
    headers:
      cache-control: [no-cache]
      content-length: ['1621']
      content-type: [application/json; charset=utf-8]
      date: ['Mon, 18 Feb 2019 15:37:46 GMT']
      etag: [W/"datetime'2019-02-18T15%3A36%3A47.9881109Z'"]
      expires: ['-1']
      pragma: [no-cache]
      server: [Microsoft-IIS/10.0]
      strict-transport-security: [max-age=31536000; includeSubDomains]
      transfer-encoding: [chunked]
      vary: [Accept-Encoding]
      x-content-type-options: [nosniff]
      x-powered-by: [ASP.NET]
    status: {code: 200, message: OK}
- request:
    body: null
    headers:
      Accept: [application/json]
      Accept-Encoding: ['gzip, deflate']
      CommandName: [anf volume list]
      Connection: [keep-alive]
      ParameterSetName: [-g -a -p]
      User-Agent: [python/2.7.10 (Darwin-16.7.0-x86_64-i386-64bit) msrest/0.6.4 msrest_azure/0.6.0
          azure-mgmt-netapp/0.1.0 Azure-SDK-For-Python AZURECLI/2.0.58]
      accept-language: [en-US]
    method: GET
    uri: https://management.azure.com/subscriptions/00000000-0000-0000-0000-000000000000/resourceGroups/clitest.rg000001/providers/Microsoft.NetApp/netAppAccounts/cli-acc-000002/capacityPools/cli-pool-000003/volumes?api-version=2017-08-15
  response:
    body: {string: !!python/unicode '{"value":[{"id":"/subscriptions/00000000-0000-0000-0000-000000000000/resourceGroups/clitest.rg000001/providers/Microsoft.NetApp/netAppAccounts/cli-acc-000002/capacityPools/cli-pool-000003/volumes/cli-vol-000004","name":"cli-acc-000002/cli-pool-000003/cli-vol-000004","type":"Microsoft.NetApp/netAppAccounts/capacityPools/volumes","etag":"W/\"datetime''2019-02-18T15%3A36%3A04.1822662Z''\"","location":"westus2","tags":{"Tag1":"Value1"},"properties":{"provisioningState":"Succeeded","fileSystemId":"273c9f27-2d81-3a82-2283-9201959a3753","serviceLevel":"Premium","creationToken":"cli-vol-000004","ownerId":"38ab86f1-9d30-413b-8fc0-d31ad85fa6a1","usageThreshold":107374182400,"usedBytes":0,"snapshotPolicy":{"enabled":false},"exportPolicy":{"rules":[{"ruleIndex":1,"unixReadOnly":false,"unixReadWrite":true,"cifs":false,"nfsv3":true,"nfsv4":false,"allowedClients":"0.0.0.0/0"}]},"protocolTypes":["NFSv3"],"baremetalTenantId":"baremetalTenant_svm_38ab86f19d30413b8fc0d31ad85fa6a1_0810ad3c","subnetId":"/subscriptions/00000000-0000-0000-0000-000000000000/resourceGroups/clitest.rg000001/providers/Microsoft.Network/virtualNetworks/cli-vnet-000006/subnets/default","mountTargets":[{"provisioningState":"Succeeded","mountTargetId":"a095199c-aaa6-c16e-ee58-d978cd228698","fileSystemId":"273c9f27-2d81-3a82-2283-9201959a3753","startIp":"10.0.0.4","endIp":"10.0.0.4","gateway":"10.0.0.1","netmask":"255.255.255.0","ipAddress":"10.0.0.4"}]}},{"id":"/subscriptions/00000000-0000-0000-0000-000000000000/resourceGroups/clitest.rg000001/providers/Microsoft.NetApp/netAppAccounts/cli-acc-000002/capacityPools/cli-pool-000003/volumes/cli-vol-000005","name":"cli-acc-000002/cli-pool-000003/cli-vol-000005","type":"Microsoft.NetApp/netAppAccounts/capacityPools/volumes","etag":"W/\"datetime''2019-02-18T15%3A36%3A47.9881109Z''\"","location":"westus2","tags":{"Tag1":"Value1"},"properties":{"provisioningState":"Succeeded","fileSystemId":"9cb6505c-3110-9e7b-1cf3-459b03c84fea","serviceLevel":"Premium","creationToken":"cli-vol-000005","ownerId":"38ab86f1-9d30-413b-8fc0-d31ad85fa6a1","usageThreshold":107374182400,"usedBytes":0,"snapshotPolicy":{"enabled":false},"exportPolicy":{"rules":[{"ruleIndex":1,"unixReadOnly":false,"unixReadWrite":true,"cifs":false,"nfsv3":true,"nfsv4":false,"allowedClients":"0.0.0.0/0"}]},"protocolTypes":["NFSv3"],"baremetalTenantId":"baremetalTenant_svm_38ab86f19d30413b8fc0d31ad85fa6a1_0810ad3c","subnetId":"/subscriptions/00000000-0000-0000-0000-000000000000/resourceGroups/clitest.rg000001/providers/Microsoft.Network/virtualNetworks/cli-vnet-000006/subnets/default","mountTargets":[{"provisioningState":"Succeeded","mountTargetId":"f7b64453-df3f-0152-d323-d33055e23d10","fileSystemId":"9cb6505c-3110-9e7b-1cf3-459b03c84fea","startIp":"10.4.0.128","endIp":"10.4.0.191","gateway":"10.4.0.129","netmask":"255.255.255.192","ipAddress":"10.0.0.4"}]}}]}'}
    headers:
      cache-control: [no-cache]
      content-length: ['3247']
      content-type: [application/json; charset=utf-8]
      date: ['Mon, 18 Feb 2019 15:37:15 GMT']
      expires: ['-1']
      pragma: [no-cache]
      server: [Microsoft-IIS/10.0]
      strict-transport-security: [max-age=31536000; includeSubDomains]
      transfer-encoding: [chunked]
      vary: [Accept-Encoding]
      x-content-type-options: [nosniff]
      x-powered-by: [ASP.NET]
    status: {code: 200, message: OK}
- request:
    body: null
    headers:
      Accept: [application/json]
      Accept-Encoding: ['gzip, deflate']
      CommandName: [anf volume delete]
      Connection: [keep-alive]
      Content-Length: ['0']
      ParameterSetName: [-g -a -p -v]
      User-Agent: [python/2.7.10 (Darwin-16.7.0-x86_64-i386-64bit) msrest/0.6.4 msrest_azure/0.6.0
          azure-mgmt-netapp/0.1.0 Azure-SDK-For-Python AZURECLI/2.0.58]
      accept-language: [en-US]
    method: DELETE
    uri: https://management.azure.com/subscriptions/00000000-0000-0000-0000-000000000000/resourceGroups/clitest.rg000001/providers/Microsoft.NetApp/netAppAccounts/cli-acc-000002/capacityPools/cli-pool-000003/volumes/cli-vol-000004?api-version=2017-08-15
  response:
    body: {string: !!python/unicode ''}
    headers:
      azure-asyncoperation: ['https://management.azure.com/subscriptions/00000000-0000-0000-0000-000000000000/providers/Microsoft.NetApp/locations/westus2/operationResults/c7a87853-85fd-49d1-a157-ab62fe51a574?api-version=2017-08-15']
      cache-control: [no-cache]
      content-length: ['0']
      date: ['Mon, 18 Feb 2019 15:37:27 GMT']
      expires: ['-1']
      location: ['https://management.azure.com/subscriptions/00000000-0000-0000-0000-000000000000/providers/Microsoft.NetApp/locations/westus2/operationResults/c7a87853-85fd-49d1-a157-ab62fe51a574?api-version=2017-08-15&operationResultResponseType=Location']
      pragma: [no-cache]
      server: [Microsoft-IIS/10.0]
      strict-transport-security: [max-age=31536000; includeSubDomains]
      x-content-type-options: [nosniff]
      x-ms-ratelimit-remaining-subscription-deletes: ['14999']
      x-powered-by: [ASP.NET]
    status: {code: 202, message: Accepted}
- request:
    body: null
    headers:
      Accept: [application/json]
      Accept-Encoding: ['gzip, deflate']
      CommandName: [anf volume delete]
      Connection: [keep-alive]
      ParameterSetName: [-g -a -p -v]
      User-Agent: [python/2.7.10 (Darwin-16.7.0-x86_64-i386-64bit) msrest/0.6.4 msrest_azure/0.6.0
          azure-mgmt-netapp/0.1.0 Azure-SDK-For-Python AZURECLI/2.0.58]
    method: GET
    uri: https://management.azure.com/subscriptions/00000000-0000-0000-0000-000000000000/providers/Microsoft.NetApp/locations/westus2/operationResults/c7a87853-85fd-49d1-a157-ab62fe51a574?api-version=2017-08-15
  response:
    body: {string: !!python/unicode '{"id":"/subscriptions/00000000-0000-0000-0000-000000000000/providers/Microsoft.NetApp/locations/westus2/operationResults/c7a87853-85fd-49d1-a157-ab62fe51a574","name":"c7a87853-85fd-49d1-a157-ab62fe51a574","status":"Succeeded","startTime":"2019-02-18T15:37:19.8128409Z","endTime":"2019-02-18T15:37:23.6129913Z","percentComplete":100.0,"properties":{"resourceName":"/subscriptions/00000000-0000-0000-0000-000000000000/resourceGroups/clitest.rg000001/providers/Microsoft.NetApp/netAppAccounts/cli-acc-000002/capacityPools/cli-pool-000003/volumes/cli-vol-000004"}}'}
    headers:
      cache-control: [no-cache]
      content-length: ['648']
      content-type: [application/json; charset=utf-8]
      date: ['Mon, 18 Feb 2019 15:38:00 GMT']
      expires: ['-1']
      pragma: [no-cache]
      server: [Microsoft-IIS/10.0]
      strict-transport-security: [max-age=31536000; includeSubDomains]
      transfer-encoding: [chunked]
      vary: [Accept-Encoding]
      x-content-type-options: [nosniff]
      x-powered-by: [ASP.NET]
    status: {code: 200, message: OK}
- request:
    body: null
    headers:
      Accept: [application/json]
      Accept-Encoding: ['gzip, deflate']
      CommandName: [anf volume delete]
      Connection: [keep-alive]
      Content-Length: ['0']
      ParameterSetName: [-g -a -p -v]
      User-Agent: [python/2.7.10 (Darwin-16.7.0-x86_64-i386-64bit) msrest/0.6.4 msrest_azure/0.6.0
          azure-mgmt-netapp/0.1.0 Azure-SDK-For-Python AZURECLI/2.0.58]
      accept-language: [en-US]
    method: DELETE
    uri: https://management.azure.com/subscriptions/00000000-0000-0000-0000-000000000000/resourceGroups/clitest.rg000001/providers/Microsoft.NetApp/netAppAccounts/cli-acc-000002/capacityPools/cli-pool-000003/volumes/cli-vol-000005?api-version=2017-08-15
  response:
    body: {string: !!python/unicode ''}
    headers:
      azure-asyncoperation: ['https://management.azure.com/subscriptions/00000000-0000-0000-0000-000000000000/providers/Microsoft.NetApp/locations/westus2/operationResults/0b36e886-8ee4-449b-94fe-fc885b2a410e?api-version=2017-08-15']
      cache-control: [no-cache]
      content-length: ['0']
      date: ['Mon, 18 Feb 2019 15:38:07 GMT']
      expires: ['-1']
      location: ['https://management.azure.com/subscriptions/00000000-0000-0000-0000-000000000000/providers/Microsoft.NetApp/locations/westus2/operationResults/0b36e886-8ee4-449b-94fe-fc885b2a410e?api-version=2017-08-15&operationResultResponseType=Location']
      pragma: [no-cache]
      server: [Microsoft-IIS/10.0]
      strict-transport-security: [max-age=31536000; includeSubDomains]
      x-content-type-options: [nosniff]
      x-ms-ratelimit-remaining-subscription-deletes: ['14998']
      x-powered-by: [ASP.NET]
    status: {code: 202, message: Accepted}
- request:
    body: null
    headers:
      Accept: [application/json]
      Accept-Encoding: ['gzip, deflate']
      CommandName: [anf volume delete]
      Connection: [keep-alive]
      ParameterSetName: [-g -a -p -v]
      User-Agent: [python/2.7.10 (Darwin-16.7.0-x86_64-i386-64bit) msrest/0.6.4 msrest_azure/0.6.0
          azure-mgmt-netapp/0.1.0 Azure-SDK-For-Python AZURECLI/2.0.58]
    method: GET
    uri: https://management.azure.com/subscriptions/00000000-0000-0000-0000-000000000000/providers/Microsoft.NetApp/locations/westus2/operationResults/0b36e886-8ee4-449b-94fe-fc885b2a410e?api-version=2017-08-15
  response:
    body: {string: !!python/unicode '{"id":"/subscriptions/00000000-0000-0000-0000-000000000000/providers/Microsoft.NetApp/locations/westus2/operationResults/0b36e886-8ee4-449b-94fe-fc885b2a410e","name":"0b36e886-8ee4-449b-94fe-fc885b2a410e","status":"Deleting","startTime":"2019-02-18T15:37:56.3799961Z","endTime":"0001-01-01T00:00:00Z","percentComplete":0.0,"properties":{"resourceName":"/subscriptions/00000000-0000-0000-0000-000000000000/resourceGroups/clitest.rg000001/providers/Microsoft.NetApp/netAppAccounts/cli-acc-000002/capacityPools/cli-pool-000003/volumes/cli-vol-000005"}}'}
    headers:
      cache-control: [no-cache]
      content-length: ['637']
      content-type: [application/json; charset=utf-8]
      date: ['Mon, 18 Feb 2019 15:38:27 GMT']
      expires: ['-1']
      pragma: [no-cache]
      server: [Microsoft-IIS/10.0]
      strict-transport-security: [max-age=31536000; includeSubDomains]
      transfer-encoding: [chunked]
      vary: [Accept-Encoding]
      x-content-type-options: [nosniff]
      x-powered-by: [ASP.NET]
    status: {code: 200, message: OK}
- request:
    body: null
    headers:
      Accept: [application/json]
      Accept-Encoding: ['gzip, deflate']
      CommandName: [anf volume delete]
      Connection: [keep-alive]
      ParameterSetName: [-g -a -p -v]
      User-Agent: [python/2.7.10 (Darwin-16.7.0-x86_64-i386-64bit) msrest/0.6.4 msrest_azure/0.6.0
          azure-mgmt-netapp/0.1.0 Azure-SDK-For-Python AZURECLI/2.0.58]
    method: GET
    uri: https://management.azure.com/subscriptions/00000000-0000-0000-0000-000000000000/providers/Microsoft.NetApp/locations/westus2/operationResults/0b36e886-8ee4-449b-94fe-fc885b2a410e?api-version=2017-08-15
  response:
    body: {string: !!python/unicode '{"id":"/subscriptions/00000000-0000-0000-0000-000000000000/providers/Microsoft.NetApp/locations/westus2/operationResults/0b36e886-8ee4-449b-94fe-fc885b2a410e","name":"0b36e886-8ee4-449b-94fe-fc885b2a410e","status":"Succeeded","startTime":"2019-02-18T15:37:56.3799961Z","endTime":"2019-02-18T15:38:49.33467Z","percentComplete":100.0,"properties":{"resourceName":"/subscriptions/00000000-0000-0000-0000-000000000000/resourceGroups/clitest.rg000001/providers/Microsoft.NetApp/netAppAccounts/cli-acc-000002/capacityPools/cli-pool-000003/volumes/cli-vol-000005"}}'}
    headers:
      cache-control: [no-cache]
      content-length: ['646']
      content-type: [application/json; charset=utf-8]
      date: ['Mon, 18 Feb 2019 15:38:58 GMT']
      expires: ['-1']
      pragma: [no-cache]
      server: [Microsoft-IIS/10.0]
      strict-transport-security: [max-age=31536000; includeSubDomains]
      transfer-encoding: [chunked]
      vary: [Accept-Encoding]
      x-content-type-options: [nosniff]
      x-powered-by: [ASP.NET]
    status: {code: 200, message: OK}
- request:
    body: null
    headers:
      Accept: [application/json]
      Accept-Encoding: ['gzip, deflate']
      CommandName: [anf volume list]
      Connection: [keep-alive]
      ParameterSetName: [-g -a -p]
      User-Agent: [python/2.7.10 (Darwin-16.7.0-x86_64-i386-64bit) msrest/0.6.4 msrest_azure/0.6.0
          azure-mgmt-netapp/0.1.0 Azure-SDK-For-Python AZURECLI/2.0.58]
      accept-language: [en-US]
    method: GET
    uri: https://management.azure.com/subscriptions/00000000-0000-0000-0000-000000000000/resourceGroups/clitest.rg000001/providers/Microsoft.NetApp/netAppAccounts/cli-acc-000002/capacityPools/cli-pool-000003/volumes?api-version=2017-08-15
  response:
    body: {string: !!python/unicode '{"value":[]}'}
    headers:
      cache-control: [no-cache]
      content-length: ['12']
      content-type: [application/json; charset=utf-8]
      date: ['Mon, 18 Feb 2019 15:39:01 GMT']
      expires: ['-1']
      pragma: [no-cache]
      server: [Microsoft-IIS/10.0]
      strict-transport-security: [max-age=31536000; includeSubDomains]
      transfer-encoding: [chunked]
      vary: [Accept-Encoding]
      x-content-type-options: [nosniff]
      x-powered-by: [ASP.NET]
    status: {code: 200, message: OK}
- request:
    body: null
    headers:
      Accept: [application/json]
      Accept-Encoding: ['gzip, deflate']
      CommandName: [group delete]
      Connection: [keep-alive]
      Content-Length: ['0']
      ParameterSetName: [--name --yes --no-wait]
      User-Agent: [python/2.7.10 (Darwin-16.7.0-x86_64-i386-64bit) msrest/0.6.4 msrest_azure/0.6.0
          resourcemanagementclient/2.1.0 Azure-SDK-For-Python AZURECLI/2.0.58]
      accept-language: [en-US]
    method: DELETE
    uri: https://management.azure.com/subscriptions/00000000-0000-0000-0000-000000000000/resourcegroups/clitest.rg000001?api-version=2018-05-01
  response:
    body: {string: !!python/unicode ''}
    headers:
      cache-control: [no-cache]
      content-length: ['0']
      date: ['Mon, 18 Feb 2019 15:39:04 GMT']
      expires: ['-1']
      location: ['https://management.azure.com/subscriptions/00000000-0000-0000-0000-000000000000/operationresults/eyJqb2JJZCI6IlJFU09VUkNFR1JPVVBERUxFVElPTkpPQi1DTElURVNUOjJFUkdMRU9BVkc3SVc0N0tJTFBDTzJTSU1OWDJVUE5KWVBENTdJUnwwQjdEMkIxRTg5RDY4QzIyLVdFU1RVUyIsImpvYkxvY2F0aW9uIjoid2VzdHVzIn0?api-version=2018-05-01']
      pragma: [no-cache]
      strict-transport-security: [max-age=31536000; includeSubDomains]
      x-content-type-options: [nosniff]
      x-ms-ratelimit-remaining-subscription-deletes: ['14999']
    status: {code: 202, message: Accepted}
version: 1
