interactions:
- request:
    body: !!python/unicode '{"location": "westus", "tags": {"date": "2019-02-20T14:00:35Z",
      "product": "azurecli", "cause": "automation"}}'
    headers:
      Accept: [application/json]
      Accept-Encoding: ['gzip, deflate']
      CommandName: [group create]
      Connection: [keep-alive]
      Content-Length: ['110']
      Content-Type: [application/json; charset=utf-8]
      ParameterSetName: [--location --name --tag]
      User-Agent: [python/2.7.10 (Darwin-16.7.0-x86_64-i386-64bit) msrest/0.6.4 msrest_azure/0.6.0
          resourcemanagementclient/2.1.0 Azure-SDK-For-Python AZURECLI/2.0.58]
      accept-language: [en-US]
    method: PUT
    uri: https://management.azure.com/subscriptions/00000000-0000-0000-0000-000000000000/resourcegroups/cli_tests_rg000001?api-version=2018-05-01
  response:
    body: {string: !!python/unicode '{"id":"/subscriptions/00000000-0000-0000-0000-000000000000/resourceGroups/cli_tests_rg000001","name":"cli_tests_rg000001","location":"westus","tags":{"date":"2019-02-20T14:00:35Z","product":"azurecli","cause":"automation"},"properties":{"provisioningState":"Succeeded"}}'}
    headers:
      cache-control: [no-cache]
      content-length: ['384']
      content-type: [application/json; charset=utf-8]
      date: ['Wed, 20 Feb 2019 14:00:38 GMT']
      expires: ['-1']
      pragma: [no-cache]
      strict-transport-security: [max-age=31536000; includeSubDomains]
      x-content-type-options: [nosniff]
      x-ms-ratelimit-remaining-subscription-writes: ['1197']
    status: {code: 201, message: Created}
- request:
    body: !!python/unicode '{"location": "westus2"}'
    headers:
      Accept: [application/json]
      Accept-Encoding: ['gzip, deflate']
      CommandName: [anf account create]
      Connection: [keep-alive]
      Content-Length: ['23']
      Content-Type: [application/json; charset=utf-8]
      ParameterSetName: [-g -a -l]
      User-Agent: [python/2.7.10 (Darwin-16.7.0-x86_64-i386-64bit) msrest/0.6.4 msrest_azure/0.6.0
          azure-mgmt-netapp/0.1.0 Azure-SDK-For-Python AZURECLI/2.0.58]
      accept-language: [en-US]
    method: PUT
    uri: https://management.azure.com/subscriptions/00000000-0000-0000-0000-000000000000/resourceGroups/cli_tests_rg000001/providers/Microsoft.NetApp/netAppAccounts/cli000002?api-version=2017-08-15
  response:
    body: {string: !!python/unicode '{"id":"/subscriptions/00000000-0000-0000-0000-000000000000/resourceGroups/cli_tests_rg000001/providers/Microsoft.NetApp/netAppAccounts/cli000002","name":"cli000002","type":"Microsoft.NetApp/netAppAccounts","etag":"W/\"datetime''2019-02-20T14%3A00%3A41.5598419Z''\"","location":"westus2","properties":{"provisioningState":"Creating","name":"cli000002"}}'}
    headers:
      azure-asyncoperation: ['https://management.azure.com/subscriptions/00000000-0000-0000-0000-000000000000/providers/Microsoft.NetApp/locations/westus2/operationResults/6076bef2-b3ba-43f6-9195-2861fa606ccd?api-version=2017-08-15']
      cache-control: [no-cache]
      content-length: ['452']
      content-type: [application/json; charset=utf-8]
      date: ['Wed, 20 Feb 2019 14:00:41 GMT']
      etag: [W/"datetime'2019-02-20T14%3A00%3A41.5598419Z'"]
      expires: ['-1']
      pragma: [no-cache]
      server: [Microsoft-IIS/10.0]
      strict-transport-security: [max-age=31536000; includeSubDomains]
      x-content-type-options: [nosniff]
      x-ms-ratelimit-remaining-subscription-writes: ['1199']
      x-powered-by: [ASP.NET]
    status: {code: 201, message: Created}
- request:
    body: null
    headers:
      Accept: [application/json]
      Accept-Encoding: ['gzip, deflate']
      CommandName: [anf account create]
      Connection: [keep-alive]
      ParameterSetName: [-g -a -l]
      User-Agent: [python/2.7.10 (Darwin-16.7.0-x86_64-i386-64bit) msrest/0.6.4 msrest_azure/0.6.0
          azure-mgmt-netapp/0.1.0 Azure-SDK-For-Python AZURECLI/2.0.58]
    method: GET
    uri: https://management.azure.com/subscriptions/00000000-0000-0000-0000-000000000000/providers/Microsoft.NetApp/locations/westus2/operationResults/6076bef2-b3ba-43f6-9195-2861fa606ccd?api-version=2017-08-15
  response:
    body: {string: !!python/unicode '{"id":"/subscriptions/00000000-0000-0000-0000-000000000000/providers/Microsoft.NetApp/locations/westus2/operationResults/6076bef2-b3ba-43f6-9195-2861fa606ccd","name":"6076bef2-b3ba-43f6-9195-2861fa606ccd","status":"Succeeded","startTime":"2019-02-20T14:00:41.4954389Z","endTime":"2019-02-20T14:00:41.7923216Z","percentComplete":100.0,"properties":{"resourceName":"/subscriptions/00000000-0000-0000-0000-000000000000/resourceGroups/cli_tests_rg000001/providers/Microsoft.NetApp/netAppAccounts/cli000002"}}'}
    headers:
      cache-control: [no-cache]
      content-length: ['576']
      content-type: [application/json; charset=utf-8]
      date: ['Wed, 20 Feb 2019 14:01:13 GMT']
      expires: ['-1']
      pragma: [no-cache]
      server: [Microsoft-IIS/10.0]
      strict-transport-security: [max-age=31536000; includeSubDomains]
      transfer-encoding: [chunked]
      vary: [Accept-Encoding]
      x-content-type-options: [nosniff]
      x-powered-by: [ASP.NET]
    status: {code: 200, message: OK}
- request:
    body: null
    headers:
      Accept: [application/json]
      Accept-Encoding: ['gzip, deflate']
      CommandName: [anf account create]
      Connection: [keep-alive]
      ParameterSetName: [-g -a -l]
      User-Agent: [python/2.7.10 (Darwin-16.7.0-x86_64-i386-64bit) msrest/0.6.4 msrest_azure/0.6.0
          azure-mgmt-netapp/0.1.0 Azure-SDK-For-Python AZURECLI/2.0.58]
    method: GET
    uri: https://management.azure.com/subscriptions/00000000-0000-0000-0000-000000000000/resourceGroups/cli_tests_rg000001/providers/Microsoft.NetApp/netAppAccounts/cli000002?api-version=2017-08-15
  response:
    body: {string: !!python/unicode '{"id":"/subscriptions/00000000-0000-0000-0000-000000000000/resourceGroups/cli_tests_rg000001/providers/Microsoft.NetApp/netAppAccounts/cli000002","name":"cli000002","type":"Microsoft.NetApp/netAppAccounts","etag":"W/\"datetime''2019-02-20T14%3A00%3A41.8440438Z''\"","location":"westus2","properties":{"provisioningState":"Succeeded","name":"cli000002"}}'}
    headers:
      cache-control: [no-cache]
      content-length: ['453']
      content-type: [application/json; charset=utf-8]
      date: ['Wed, 20 Feb 2019 14:01:15 GMT']
      etag: [W/"datetime'2019-02-20T14%3A00%3A41.8440438Z'"]
      expires: ['-1']
      pragma: [no-cache]
      server: [Microsoft-IIS/10.0]
      strict-transport-security: [max-age=31536000; includeSubDomains]
      transfer-encoding: [chunked]
      vary: [Accept-Encoding]
      x-content-type-options: [nosniff]
      x-powered-by: [ASP.NET]
    status: {code: 200, message: OK}
- request:
    body: !!python/unicode '{"properties": {"serviceLevel": "Premium", "size": 4398046511104},
      "location": "westus2", "tags": {"Tag1": "Value1"}}'
    headers:
      Accept: [application/json]
      Accept-Encoding: ['gzip, deflate']
      CommandName: [anf pool create]
      Connection: [keep-alive]
      Content-Length: ['117']
      Content-Type: [application/json; charset=utf-8]
      ParameterSetName: [-g -a -p -l --service-level --size --tags]
      User-Agent: [python/2.7.10 (Darwin-16.7.0-x86_64-i386-64bit) msrest/0.6.4 msrest_azure/0.6.0
          azure-mgmt-netapp/0.1.0 Azure-SDK-For-Python AZURECLI/2.0.58]
      accept-language: [en-US]
    method: PUT
    uri: https://management.azure.com/subscriptions/00000000-0000-0000-0000-000000000000/resourceGroups/cli_tests_rg000001/providers/Microsoft.NetApp/netAppAccounts/cli000002/capacityPools/cli000003?api-version=2017-08-15
  response:
    body: {string: !!python/unicode '{"id":"/subscriptions/00000000-0000-0000-0000-000000000000/resourceGroups/cli_tests_rg000001/providers/Microsoft.NetApp/netAppAccounts/cli000002/capacityPools/cli000003","name":"cli000002/cli000003","type":"Microsoft.NetApp/netAppAccounts/capacityPools","etag":"W/\"datetime''2019-02-20T14%3A01%3A20.1141759Z''\"","location":"westus2","tags":{"Tag1":"Value1"},"properties":{"serviceLevel":"Premium","size":4398046511104,"provisioningState":"Creating"}}'}
    headers:
      azure-asyncoperation: ['https://management.azure.com/subscriptions/00000000-0000-0000-0000-000000000000/providers/Microsoft.NetApp/locations/westus2/operationResults/cb519edf-8c69-4ad1-9290-eba1217e0c75?api-version=2017-08-15']
      cache-control: [no-cache]
      content-length: ['567']
      content-type: [application/json; charset=utf-8]
      date: ['Wed, 20 Feb 2019 14:01:20 GMT']
      etag: [W/"datetime'2019-02-20T14%3A01%3A20.1141759Z'"]
      expires: ['-1']
      pragma: [no-cache]
      server: [Microsoft-IIS/10.0]
      strict-transport-security: [max-age=31536000; includeSubDomains]
      x-content-type-options: [nosniff]
      x-ms-ratelimit-remaining-subscription-writes: ['1198']
      x-powered-by: [ASP.NET]
    status: {code: 201, message: Created}
- request:
    body: null
    headers:
      Accept: [application/json]
      Accept-Encoding: ['gzip, deflate']
      CommandName: [anf pool create]
      Connection: [keep-alive]
      ParameterSetName: [-g -a -p -l --service-level --size --tags]
      User-Agent: [python/2.7.10 (Darwin-16.7.0-x86_64-i386-64bit) msrest/0.6.4 msrest_azure/0.6.0
          azure-mgmt-netapp/0.1.0 Azure-SDK-For-Python AZURECLI/2.0.58]
    method: GET
    uri: https://management.azure.com/subscriptions/00000000-0000-0000-0000-000000000000/providers/Microsoft.NetApp/locations/westus2/operationResults/cb519edf-8c69-4ad1-9290-eba1217e0c75?api-version=2017-08-15
  response:
    body: {string: !!python/unicode '{"id":"/subscriptions/00000000-0000-0000-0000-000000000000/providers/Microsoft.NetApp/locations/westus2/operationResults/cb519edf-8c69-4ad1-9290-eba1217e0c75","name":"cb519edf-8c69-4ad1-9290-eba1217e0c75","status":"Succeeded","startTime":"2019-02-20T14:01:20.0661035Z","endTime":"2019-02-20T14:01:20.4723019Z","percentComplete":100.0,"properties":{"resourceName":"/subscriptions/00000000-0000-0000-0000-000000000000/resourceGroups/cli_tests_rg000001/providers/Microsoft.NetApp/netAppAccounts/cli000002/capacityPools/cli000003"}}'}
    headers:
      cache-control: [no-cache]
      content-length: ['615']
      content-type: [application/json; charset=utf-8]
      date: ['Wed, 20 Feb 2019 14:01:52 GMT']
      expires: ['-1']
      pragma: [no-cache]
      server: [Microsoft-IIS/10.0]
      strict-transport-security: [max-age=31536000; includeSubDomains]
      transfer-encoding: [chunked]
      vary: [Accept-Encoding]
      x-content-type-options: [nosniff]
      x-powered-by: [ASP.NET]
    status: {code: 200, message: OK}
- request:
    body: null
    headers:
      Accept: [application/json]
      Accept-Encoding: ['gzip, deflate']
      CommandName: [anf pool create]
      Connection: [keep-alive]
      ParameterSetName: [-g -a -p -l --service-level --size --tags]
      User-Agent: [python/2.7.10 (Darwin-16.7.0-x86_64-i386-64bit) msrest/0.6.4 msrest_azure/0.6.0
          azure-mgmt-netapp/0.1.0 Azure-SDK-For-Python AZURECLI/2.0.58]
    method: GET
    uri: https://management.azure.com/subscriptions/00000000-0000-0000-0000-000000000000/resourceGroups/cli_tests_rg000001/providers/Microsoft.NetApp/netAppAccounts/cli000002/capacityPools/cli000003?api-version=2017-08-15
  response:
    body: {string: !!python/unicode '{"id":"/subscriptions/00000000-0000-0000-0000-000000000000/resourceGroups/cli_tests_rg000001/providers/Microsoft.NetApp/netAppAccounts/cli000002/capacityPools/cli000003","name":"cli000002/cli000003","type":"Microsoft.NetApp/netAppAccounts/capacityPools","etag":"W/\"datetime''2019-02-20T14%3A01%3A20.5154608Z''\"","location":"westus2","tags":{"Tag1":"Value1"},"properties":{"poolId":"f6135f90-5dfa-fc29-0378-df9c9c6ac36e","name":"cli000002/cli000003","serviceLevel":"Premium","size":4398046511104,"provisioningState":"Succeeded"}}'}
    headers:
      cache-control: [no-cache]
      content-length: ['675']
      content-type: [application/json; charset=utf-8]
      date: ['Wed, 20 Feb 2019 14:01:53 GMT']
      etag: [W/"datetime'2019-02-20T14%3A01%3A20.5154608Z'"]
      expires: ['-1']
      pragma: [no-cache]
      server: [Microsoft-IIS/10.0]
      strict-transport-security: [max-age=31536000; includeSubDomains]
      transfer-encoding: [chunked]
      vary: [Accept-Encoding]
      x-content-type-options: [nosniff]
      x-powered-by: [ASP.NET]
    status: {code: 200, message: OK}
- request:
    body: !!python/unicode '{"properties": {"serviceLevel": "Premium", "size": 4398046511104},
      "location": "westus2", "tags": {"Tag1": "Value1"}}'
    headers:
      Accept: [application/json]
      Accept-Encoding: ['gzip, deflate']
      CommandName: [anf pool create]
      Connection: [keep-alive]
      Content-Length: ['117']
      Content-Type: [application/json; charset=utf-8]
      ParameterSetName: [-g -a -p -l --service-level --size --tags]
      User-Agent: [python/2.7.10 (Darwin-16.7.0-x86_64-i386-64bit) msrest/0.6.4 msrest_azure/0.6.0
          azure-mgmt-netapp/0.1.0 Azure-SDK-For-Python AZURECLI/2.0.58]
      accept-language: [en-US]
    method: PUT
    uri: https://management.azure.com/subscriptions/00000000-0000-0000-0000-000000000000/resourceGroups/cli_tests_rg000001/providers/Microsoft.NetApp/netAppAccounts/cli000002/capacityPools/cli000004?api-version=2017-08-15
  response:
    body: {string: !!python/unicode '{"id":"/subscriptions/00000000-0000-0000-0000-000000000000/resourceGroups/cli_tests_rg000001/providers/Microsoft.NetApp/netAppAccounts/cli000002/capacityPools/cli000004","name":"cli000002/cli000004","type":"Microsoft.NetApp/netAppAccounts/capacityPools","etag":"W/\"datetime''2019-02-20T14%3A01%3A57.9469993Z''\"","location":"westus2","tags":{"Tag1":"Value1"},"properties":{"serviceLevel":"Premium","size":4398046511104,"provisioningState":"Creating"}}'}
    headers:
      azure-asyncoperation: ['https://management.azure.com/subscriptions/00000000-0000-0000-0000-000000000000/providers/Microsoft.NetApp/locations/westus2/operationResults/be70704e-cc7c-45c6-9e34-6a74c86d72a6?api-version=2017-08-15']
      cache-control: [no-cache]
      content-length: ['567']
      content-type: [application/json; charset=utf-8]
      date: ['Wed, 20 Feb 2019 14:01:58 GMT']
      etag: [W/"datetime'2019-02-20T14%3A01%3A57.9469993Z'"]
      expires: ['-1']
      pragma: [no-cache]
      server: [Microsoft-IIS/10.0]
      strict-transport-security: [max-age=31536000; includeSubDomains]
      x-content-type-options: [nosniff]
      x-ms-ratelimit-remaining-subscription-writes: ['1198']
      x-powered-by: [ASP.NET]
    status: {code: 201, message: Created}
- request:
    body: null
    headers:
      Accept: [application/json]
      Accept-Encoding: ['gzip, deflate']
      CommandName: [anf pool create]
      Connection: [keep-alive]
      ParameterSetName: [-g -a -p -l --service-level --size --tags]
      User-Agent: [python/2.7.10 (Darwin-16.7.0-x86_64-i386-64bit) msrest/0.6.4 msrest_azure/0.6.0
          azure-mgmt-netapp/0.1.0 Azure-SDK-For-Python AZURECLI/2.0.58]
    method: GET
    uri: https://management.azure.com/subscriptions/00000000-0000-0000-0000-000000000000/providers/Microsoft.NetApp/locations/westus2/operationResults/be70704e-cc7c-45c6-9e34-6a74c86d72a6?api-version=2017-08-15
  response:
    body: {string: !!python/unicode '{"id":"/subscriptions/00000000-0000-0000-0000-000000000000/providers/Microsoft.NetApp/locations/westus2/operationResults/be70704e-cc7c-45c6-9e34-6a74c86d72a6","name":"be70704e-cc7c-45c6-9e34-6a74c86d72a6","status":"Succeeded","startTime":"2019-02-20T14:01:57.89473Z","endTime":"2019-02-20T14:01:58.2541197Z","percentComplete":100.0,"properties":{"resourceName":"/subscriptions/00000000-0000-0000-0000-000000000000/resourceGroups/cli_tests_rg000001/providers/Microsoft.NetApp/netAppAccounts/cli000002/capacityPools/cli000004"}}'}
    headers:
      cache-control: [no-cache]
      content-length: ['613']
      content-type: [application/json; charset=utf-8]
      date: ['Wed, 20 Feb 2019 14:02:30 GMT']
      expires: ['-1']
      pragma: [no-cache]
      server: [Microsoft-IIS/10.0]
      strict-transport-security: [max-age=31536000; includeSubDomains]
      transfer-encoding: [chunked]
      vary: [Accept-Encoding]
      x-content-type-options: [nosniff]
      x-powered-by: [ASP.NET]
    status: {code: 200, message: OK}
- request:
    body: null
    headers:
      Accept: [application/json]
      Accept-Encoding: ['gzip, deflate']
      CommandName: [anf pool create]
      Connection: [keep-alive]
      ParameterSetName: [-g -a -p -l --service-level --size --tags]
      User-Agent: [python/2.7.10 (Darwin-16.7.0-x86_64-i386-64bit) msrest/0.6.4 msrest_azure/0.6.0
          azure-mgmt-netapp/0.1.0 Azure-SDK-For-Python AZURECLI/2.0.58]
    method: GET
    uri: https://management.azure.com/subscriptions/00000000-0000-0000-0000-000000000000/resourceGroups/cli_tests_rg000001/providers/Microsoft.NetApp/netAppAccounts/cli000002/capacityPools/cli000004?api-version=2017-08-15
  response:
    body: {string: !!python/unicode '{"id":"/subscriptions/00000000-0000-0000-0000-000000000000/resourceGroups/cli_tests_rg000001/providers/Microsoft.NetApp/netAppAccounts/cli000002/capacityPools/cli000004","name":"cli000002/cli000004","type":"Microsoft.NetApp/netAppAccounts/capacityPools","etag":"W/\"datetime''2019-02-20T14%3A01%3A58.2972472Z''\"","location":"westus2","tags":{"Tag1":"Value1"},"properties":{"poolId":"dcb2fef4-fe0f-f3fc-74fd-7e117684cf5e","name":"cli000002/cli000004","serviceLevel":"Premium","size":4398046511104,"provisioningState":"Succeeded"}}'}
    headers:
      cache-control: [no-cache]
      content-length: ['675']
      content-type: [application/json; charset=utf-8]
      date: ['Wed, 20 Feb 2019 14:02:31 GMT']
      etag: [W/"datetime'2019-02-20T14%3A01%3A58.2972472Z'"]
      expires: ['-1']
      pragma: [no-cache]
      server: [Microsoft-IIS/10.0]
      strict-transport-security: [max-age=31536000; includeSubDomains]
      transfer-encoding: [chunked]
      vary: [Accept-Encoding]
      x-content-type-options: [nosniff]
      x-powered-by: [ASP.NET]
    status: {code: 200, message: OK}
- request:
    body: null
    headers:
      Accept: [application/json]
      Accept-Encoding: ['gzip, deflate']
      CommandName: [anf pool list]
      Connection: [keep-alive]
      ParameterSetName: [-g -a]
      User-Agent: [python/2.7.10 (Darwin-16.7.0-x86_64-i386-64bit) msrest/0.6.4 msrest_azure/0.6.0
          azure-mgmt-netapp/0.1.0 Azure-SDK-For-Python AZURECLI/2.0.58]
      accept-language: [en-US]
    method: GET
    uri: https://management.azure.com/subscriptions/00000000-0000-0000-0000-000000000000/resourceGroups/cli_tests_rg000001/providers/Microsoft.NetApp/netAppAccounts/cli000002/capacityPools?api-version=2017-08-15
  response:
    body: {string: !!python/unicode '{"value":[{"id":"/subscriptions/00000000-0000-0000-0000-000000000000/resourceGroups/cli_tests_rg000001/providers/Microsoft.NetApp/netAppAccounts/cli000002/capacityPools/cli000003","name":"cli000002/cli000003","type":"Microsoft.NetApp/netAppAccounts/capacityPools","etag":"W/\"datetime''2019-02-20T14%3A01%3A20.5154608Z''\"","location":"westus2","tags":{"Tag1":"Value1"},"properties":{"poolId":"f6135f90-5dfa-fc29-0378-df9c9c6ac36e","name":"cli000002/cli000003","serviceLevel":"Premium","size":4398046511104,"provisioningState":"Succeeded"}},{"id":"/subscriptions/00000000-0000-0000-0000-000000000000/resourceGroups/cli_tests_rg000001/providers/Microsoft.NetApp/netAppAccounts/cli000002/capacityPools/cli000004","name":"cli000002/cli000004","type":"Microsoft.NetApp/netAppAccounts/capacityPools","etag":"W/\"datetime''2019-02-20T14%3A01%3A58.2972472Z''\"","location":"westus2","tags":{"Tag1":"Value1"},"properties":{"poolId":"dcb2fef4-fe0f-f3fc-74fd-7e117684cf5e","name":"cli000002/cli000004","serviceLevel":"Premium","size":4398046511104,"provisioningState":"Succeeded"}}]}'}
    headers:
      cache-control: [no-cache]
      content-length: ['1363']
      content-type: [application/json; charset=utf-8]
      date: ['Wed, 20 Feb 2019 14:02:34 GMT']
      expires: ['-1']
      pragma: [no-cache]
      server: [Microsoft-IIS/10.0]
      strict-transport-security: [max-age=31536000; includeSubDomains]
      transfer-encoding: [chunked]
      vary: [Accept-Encoding]
      x-content-type-options: [nosniff]
      x-powered-by: [ASP.NET]
    status: {code: 200, message: OK}
- request:
    body: null
    headers:
      Accept: [application/json]
      Accept-Encoding: ['gzip, deflate']
      CommandName: [anf pool delete]
      Connection: [keep-alive]
      Content-Length: ['0']
      ParameterSetName: [-g -a -p]
      User-Agent: [python/2.7.10 (Darwin-16.7.0-x86_64-i386-64bit) msrest/0.6.4 msrest_azure/0.6.0
          azure-mgmt-netapp/0.1.0 Azure-SDK-For-Python AZURECLI/2.0.58]
      accept-language: [en-US]
    method: DELETE
    uri: https://management.azure.com/subscriptions/00000000-0000-0000-0000-000000000000/resourceGroups/cli_tests_rg000001/providers/Microsoft.NetApp/netAppAccounts/cli000002/capacityPools/cli000003?api-version=2017-08-15
  response:
    body: {string: !!python/unicode ''}
    headers:
      azure-asyncoperation: ['https://management.azure.com/subscriptions/00000000-0000-0000-0000-000000000000/providers/Microsoft.NetApp/locations/westus2/operationResults/99c70979-01e6-4b4d-a7c4-9bf6358d82e5?api-version=2017-08-15']
      cache-control: [no-cache]
      content-length: ['0']
      date: ['Wed, 20 Feb 2019 14:02:37 GMT']
      expires: ['-1']
      location: ['https://management.azure.com/subscriptions/00000000-0000-0000-0000-000000000000/providers/Microsoft.NetApp/locations/westus2/operationResults/99c70979-01e6-4b4d-a7c4-9bf6358d82e5?api-version=2017-08-15&operationResultResponseType=Location']
      pragma: [no-cache]
      server: [Microsoft-IIS/10.0]
      strict-transport-security: [max-age=31536000; includeSubDomains]
      x-content-type-options: [nosniff]
      x-ms-ratelimit-remaining-subscription-deletes: ['14999']
      x-powered-by: [ASP.NET]
    status: {code: 202, message: Accepted}
- request:
    body: null
    headers:
      Accept: [application/json]
      Accept-Encoding: ['gzip, deflate']
      CommandName: [anf pool delete]
      Connection: [keep-alive]
      ParameterSetName: [-g -a -p]
      User-Agent: [python/2.7.10 (Darwin-16.7.0-x86_64-i386-64bit) msrest/0.6.4 msrest_azure/0.6.0
          azure-mgmt-netapp/0.1.0 Azure-SDK-For-Python AZURECLI/2.0.58]
    method: GET
    uri: https://management.azure.com/subscriptions/00000000-0000-0000-0000-000000000000/providers/Microsoft.NetApp/locations/westus2/operationResults/99c70979-01e6-4b4d-a7c4-9bf6358d82e5?api-version=2017-08-15
  response:
    body: {string: !!python/unicode '{"id":"/subscriptions/00000000-0000-0000-0000-000000000000/providers/Microsoft.NetApp/locations/westus2/operationResults/99c70979-01e6-4b4d-a7c4-9bf6358d82e5","name":"99c70979-01e6-4b4d-a7c4-9bf6358d82e5","status":"Succeeded","startTime":"2019-02-20T14:02:37.1301277Z","endTime":"2019-02-20T14:02:40.335556Z","percentComplete":100.0,"properties":{"resourceName":"/subscriptions/00000000-0000-0000-0000-000000000000/resourceGroups/cli_tests_rg000001/providers/Microsoft.NetApp/netAppAccounts/cli000002/capacityPools/cli000003"}}'}
    headers:
      cache-control: [no-cache]
      content-length: ['614']
      content-type: [application/json; charset=utf-8]
      date: ['Wed, 20 Feb 2019 14:03:08 GMT']
      expires: ['-1']
      pragma: [no-cache]
      server: [Microsoft-IIS/10.0]
      strict-transport-security: [max-age=31536000; includeSubDomains]
      transfer-encoding: [chunked]
      vary: [Accept-Encoding]
      x-content-type-options: [nosniff]
      x-powered-by: [ASP.NET]
    status: {code: 200, message: OK}
- request:
    body: null
    headers:
      Accept: [application/json]
      Accept-Encoding: ['gzip, deflate']
      CommandName: [anf pool delete]
      Connection: [keep-alive]
      Content-Length: ['0']
      ParameterSetName: [-g -a -p]
      User-Agent: [python/2.7.10 (Darwin-16.7.0-x86_64-i386-64bit) msrest/0.6.4 msrest_azure/0.6.0
          azure-mgmt-netapp/0.1.0 Azure-SDK-For-Python AZURECLI/2.0.58]
      accept-language: [en-US]
    method: DELETE
    uri: https://management.azure.com/subscriptions/00000000-0000-0000-0000-000000000000/resourceGroups/cli_tests_rg000001/providers/Microsoft.NetApp/netAppAccounts/cli000002/capacityPools/cli000004?api-version=2017-08-15
  response:
    body: {string: !!python/unicode ''}
    headers:
      azure-asyncoperation: ['https://management.azure.com/subscriptions/00000000-0000-0000-0000-000000000000/providers/Microsoft.NetApp/locations/westus2/operationResults/1e9ddb70-b940-440f-9a6d-68a0bd4ef066?api-version=2017-08-15']
      cache-control: [no-cache]
      content-length: ['0']
      date: ['Wed, 20 Feb 2019 14:03:10 GMT']
      expires: ['-1']
      location: ['https://management.azure.com/subscriptions/00000000-0000-0000-0000-000000000000/providers/Microsoft.NetApp/locations/westus2/operationResults/1e9ddb70-b940-440f-9a6d-68a0bd4ef066?api-version=2017-08-15&operationResultResponseType=Location']
      pragma: [no-cache]
      server: [Microsoft-IIS/10.0]
      strict-transport-security: [max-age=31536000; includeSubDomains]
      x-content-type-options: [nosniff]
      x-ms-ratelimit-remaining-subscription-deletes: ['14999']
      x-powered-by: [ASP.NET]
    status: {code: 202, message: Accepted}
- request:
    body: null
    headers:
      Accept: [application/json]
      Accept-Encoding: ['gzip, deflate']
      CommandName: [anf pool delete]
      Connection: [keep-alive]
      ParameterSetName: [-g -a -p]
      User-Agent: [python/2.7.10 (Darwin-16.7.0-x86_64-i386-64bit) msrest/0.6.4 msrest_azure/0.6.0
          azure-mgmt-netapp/0.1.0 Azure-SDK-For-Python AZURECLI/2.0.58]
    method: GET
    uri: https://management.azure.com/subscriptions/00000000-0000-0000-0000-000000000000/providers/Microsoft.NetApp/locations/westus2/operationResults/1e9ddb70-b940-440f-9a6d-68a0bd4ef066?api-version=2017-08-15
  response:
    body: {string: !!python/unicode '{"id":"/subscriptions/00000000-0000-0000-0000-000000000000/providers/Microsoft.NetApp/locations/westus2/operationResults/1e9ddb70-b940-440f-9a6d-68a0bd4ef066","name":"1e9ddb70-b940-440f-9a6d-68a0bd4ef066","status":"Succeeded","startTime":"2019-02-20T14:03:11.4974465Z","endTime":"2019-02-20T14:03:14.8412929Z","percentComplete":100.0,"properties":{"resourceName":"/subscriptions/00000000-0000-0000-0000-000000000000/resourceGroups/cli_tests_rg000001/providers/Microsoft.NetApp/netAppAccounts/cli000002/capacityPools/cli000004"}}'}
    headers:
      cache-control: [no-cache]
      content-length: ['615']
      content-type: [application/json; charset=utf-8]
      date: ['Wed, 20 Feb 2019 14:03:42 GMT']
      expires: ['-1']
      pragma: [no-cache]
      server: [Microsoft-IIS/10.0]
      strict-transport-security: [max-age=31536000; includeSubDomains]
      transfer-encoding: [chunked]
      vary: [Accept-Encoding]
      x-content-type-options: [nosniff]
      x-powered-by: [ASP.NET]
    status: {code: 200, message: OK}
- request:
    body: null
    headers:
      Accept: [application/json]
      Accept-Encoding: ['gzip, deflate']
      CommandName: [anf pool list]
      Connection: [keep-alive]
      ParameterSetName: [-g -a]
      User-Agent: [python/2.7.10 (Darwin-16.7.0-x86_64-i386-64bit) msrest/0.6.4 msrest_azure/0.6.0
          azure-mgmt-netapp/0.1.0 Azure-SDK-For-Python AZURECLI/2.0.58]
      accept-language: [en-US]
    method: GET
    uri: https://management.azure.com/subscriptions/00000000-0000-0000-0000-000000000000/resourceGroups/cli_tests_rg000001/providers/Microsoft.NetApp/netAppAccounts/cli000002/capacityPools?api-version=2017-08-15
  response:
    body: {string: !!python/unicode '{"value":[]}'}
    headers:
      cache-control: [no-cache]
      content-length: ['12']
      content-type: [application/json; charset=utf-8]
      date: ['Wed, 20 Feb 2019 14:03:44 GMT']
      expires: ['-1']
      pragma: [no-cache]
      server: [Microsoft-IIS/10.0]
      strict-transport-security: [max-age=31536000; includeSubDomains]
      transfer-encoding: [chunked]
      vary: [Accept-Encoding]
      x-content-type-options: [nosniff]
      x-powered-by: [ASP.NET]
    status: {code: 200, message: OK}
- request:
    body: null
    headers:
      Accept: [application/json]
      Accept-Encoding: ['gzip, deflate']
      CommandName: [group delete]
      Connection: [keep-alive]
      Content-Length: ['0']
      ParameterSetName: [--name --yes --no-wait]
      User-Agent: [python/2.7.10 (Darwin-16.7.0-x86_64-i386-64bit) msrest/0.6.4 msrest_azure/0.6.0
          resourcemanagementclient/2.1.0 Azure-SDK-For-Python AZURECLI/2.0.58]
      accept-language: [en-US]
    method: DELETE
    uri: https://management.azure.com/subscriptions/00000000-0000-0000-0000-000000000000/resourcegroups/cli_tests_rg000001?api-version=2018-05-01
  response:
    body: {string: !!python/unicode ''}
    headers:
      cache-control: [no-cache]
      content-length: ['0']
      date: ['Wed, 20 Feb 2019 14:03:48 GMT']
      expires: ['-1']
      location: ['https://management.azure.com/subscriptions/00000000-0000-0000-0000-000000000000/operationresults/eyJqb2JJZCI6IlJFU09VUkNFR1JPVVBERUxFVElPTkpPQi1DTEk6NUZURVNUUzo1RlJHWVU0QzJMVEJVMlNJS0dUQ0lLV1ZRWkRUVkYzNUpNRHxEMUFBOTAxRUU0ODZDQzQ5LVdFU1RVUyIsImpvYkxvY2F0aW9uIjoid2VzdHVzIn0?api-version=2018-05-01']
      pragma: [no-cache]
      strict-transport-security: [max-age=31536000; includeSubDomains]
      x-content-type-options: [nosniff]
      x-ms-ratelimit-remaining-subscription-deletes: ['14997']
    status: {code: 202, message: Accepted}
version: 1
