interactions:
- request:
    body: !!python/unicode '{"location": "westus", "tags": {"date": "2019-02-28T10:01:07Z",
      "product": "azurecli", "cause": "automation"}}'
    headers:
      Accept: [application/json]
      Accept-Encoding: ['gzip, deflate']
      CommandName: [group create]
      Connection: [keep-alive]
      Content-Length: ['110']
      Content-Type: [application/json; charset=utf-8]
      ParameterSetName: [--location --name --tag]
      User-Agent: [python/2.7.10 (Darwin-16.7.0-x86_64-i386-64bit) msrest/0.6.3 msrest_azure/0.4.34
          resourcemanagementclient/2.1.0 Azure-SDK-For-Python AZURECLI/2.0.56]
      accept-language: [en-US]
    method: PUT
    uri: https://management.azure.com/subscriptions/00000000-0000-0000-0000-000000000000/resourcegroups/cli_tests_rg000001?api-version=2018-05-01
  response:
    body: {string: !!python/unicode '{"id":"/subscriptions/00000000-0000-0000-0000-000000000000/resourceGroups/cli_tests_rg000001","name":"cli_tests_rg000001","location":"westus","tags":{"date":"2019-02-28T10:01:07Z","product":"azurecli","cause":"automation"},"properties":{"provisioningState":"Succeeded"}}'}
    headers:
      cache-control: [no-cache]
      content-length: ['384']
      content-type: [application/json; charset=utf-8]
      date: ['Thu, 28 Feb 2019 10:01:24 GMT']
      expires: ['-1']
      pragma: [no-cache]
      strict-transport-security: [max-age=31536000; includeSubDomains]
      x-content-type-options: [nosniff]
      x-ms-ratelimit-remaining-subscription-writes: ['1199']
    status: {code: 201, message: Created}
- request:
    body: !!python/unicode '{"location": "westus2"}'
    headers:
      Accept: [application/json]
      Accept-Encoding: ['gzip, deflate']
      CommandName: [anf account create]
      Connection: [keep-alive]
      Content-Length: ['23']
      Content-Type: [application/json; charset=utf-8]
      ParameterSetName: [-g -a -l]
      User-Agent: [python/2.7.10 (Darwin-16.7.0-x86_64-i386-64bit) msrest/0.6.3 msrest_azure/0.4.34
          azure-mgmt-netapp/0.1.0 Azure-SDK-For-Python AZURECLI/2.0.56]
      accept-language: [en-US]
    method: PUT
    uri: https://management.azure.com/subscriptions/00000000-0000-0000-0000-000000000000/resourceGroups/cli_tests_rg000001/providers/Microsoft.NetApp/netAppAccounts/cli-acc-000002?api-version=2017-08-15
  response:
    body: {string: !!python/unicode '{"id":"/subscriptions/00000000-0000-0000-0000-000000000000/resourceGroups/cli_tests_rg000001/providers/Microsoft.NetApp/netAppAccounts/cli-acc-000002","name":"cli-acc-000002","type":"Microsoft.NetApp/netAppAccounts","etag":"W/\"datetime''2019-02-28T10%3A01%3A19.6665526Z''\"","location":"westus2","properties":{"provisioningState":"Creating","name":"cli-acc-000002"}}'}
    headers:
      azure-asyncoperation: ['https://management.azure.com/subscriptions/00000000-0000-0000-0000-000000000000/providers/Microsoft.NetApp/locations/westus2/operationResults/ab0873ff-ab7f-43fe-9401-13ebf0846bf1?api-version=2017-08-15']
      cache-control: [no-cache]
      content-length: ['452']
      content-type: [application/json; charset=utf-8]
      date: ['Thu, 28 Feb 2019 10:01:23 GMT']
      etag: [W/"datetime'2019-02-28T10%3A01%3A19.6665526Z'"]
      expires: ['-1']
      pragma: [no-cache]
      server: [Microsoft-IIS/10.0]
      strict-transport-security: [max-age=31536000; includeSubDomains]
      x-content-type-options: [nosniff]
      x-ms-ratelimit-remaining-subscription-writes: ['1199']
      x-powered-by: [ASP.NET]
    status: {code: 201, message: Created}
- request:
    body: null
    headers:
      Accept: [application/json]
      Accept-Encoding: ['gzip, deflate']
      CommandName: [anf account create]
      Connection: [keep-alive]
      ParameterSetName: [-g -a -l]
      User-Agent: [python/2.7.10 (Darwin-16.7.0-x86_64-i386-64bit) msrest/0.6.3 msrest_azure/0.4.34
          azure-mgmt-netapp/0.1.0 Azure-SDK-For-Python AZURECLI/2.0.56]
    method: GET
    uri: https://management.azure.com/subscriptions/00000000-0000-0000-0000-000000000000/providers/Microsoft.NetApp/locations/westus2/operationResults/ab0873ff-ab7f-43fe-9401-13ebf0846bf1?api-version=2017-08-15
  response:
    body: {string: !!python/unicode '{"id":"/subscriptions/00000000-0000-0000-0000-000000000000/providers/Microsoft.NetApp/locations/westus2/operationResults/ab0873ff-ab7f-43fe-9401-13ebf0846bf1","name":"ab0873ff-ab7f-43fe-9401-13ebf0846bf1","status":"Succeeded","startTime":"2019-02-28T10:01:19.6157575Z","endTime":"2019-02-28T10:01:19.9062319Z","percentComplete":100.0,"properties":{"resourceName":"/subscriptions/00000000-0000-0000-0000-000000000000/resourceGroups/cli_tests_rg000001/providers/Microsoft.NetApp/netAppAccounts/cli-acc-000002"}}'}
    headers:
      cache-control: [no-cache]
      content-length: ['576']
      content-type: [application/json; charset=utf-8]
      date: ['Thu, 28 Feb 2019 10:02:08 GMT']
      expires: ['-1']
      pragma: [no-cache]
      server: [Microsoft-IIS/10.0]
      strict-transport-security: [max-age=31536000; includeSubDomains]
      transfer-encoding: [chunked]
      vary: [Accept-Encoding]
      x-content-type-options: [nosniff]
      x-powered-by: [ASP.NET]
    status: {code: 200, message: OK}
- request:
    body: null
    headers:
      Accept: [application/json]
      Accept-Encoding: ['gzip, deflate']
      CommandName: [anf account create]
      Connection: [keep-alive]
      ParameterSetName: [-g -a -l]
      User-Agent: [python/2.7.10 (Darwin-16.7.0-x86_64-i386-64bit) msrest/0.6.3 msrest_azure/0.4.34
          azure-mgmt-netapp/0.1.0 Azure-SDK-For-Python AZURECLI/2.0.56]
    method: GET
    uri: https://management.azure.com/subscriptions/00000000-0000-0000-0000-000000000000/resourceGroups/cli_tests_rg000001/providers/Microsoft.NetApp/netAppAccounts/cli-acc-000002?api-version=2017-08-15
  response:
    body: {string: !!python/unicode '{"id":"/subscriptions/00000000-0000-0000-0000-000000000000/resourceGroups/cli_tests_rg000001/providers/Microsoft.NetApp/netAppAccounts/cli-acc-000002","name":"cli-acc-000002","type":"Microsoft.NetApp/netAppAccounts","etag":"W/\"datetime''2019-02-28T10%3A01%3A19.9517574Z''\"","location":"westus2","properties":{"provisioningState":"Succeeded","name":"cli-acc-000002"}}'}
    headers:
      cache-control: [no-cache]
      content-length: ['453']
      content-type: [application/json; charset=utf-8]
      date: ['Thu, 28 Feb 2019 10:01:59 GMT']
      etag: [W/"datetime'2019-02-28T10%3A01%3A19.9517574Z'"]
      expires: ['-1']
      pragma: [no-cache]
      server: [Microsoft-IIS/10.0]
      strict-transport-security: [max-age=31536000; includeSubDomains]
      transfer-encoding: [chunked]
      vary: [Accept-Encoding]
      x-content-type-options: [nosniff]
      x-powered-by: [ASP.NET]
    status: {code: 200, message: OK}
- request:
    body: !!python/unicode '{"location": "westus2", "properties": {"serviceLevel":
      "Premium", "size": 4398046511104}}'
    headers:
      Accept: [application/json]
      Accept-Encoding: ['gzip, deflate']
      CommandName: [anf pool create]
      Connection: [keep-alive]
      Content-Length: ['89']
      Content-Type: [application/json; charset=utf-8]
      ParameterSetName: [-g -a -p -l --service-level --size]
      User-Agent: [python/2.7.10 (Darwin-16.7.0-x86_64-i386-64bit) msrest/0.6.3 msrest_azure/0.4.34
          azure-mgmt-netapp/0.1.0 Azure-SDK-For-Python AZURECLI/2.0.56]
      accept-language: [en-US]
    method: PUT
    uri: https://management.azure.com/subscriptions/00000000-0000-0000-0000-000000000000/resourceGroups/cli_tests_rg000001/providers/Microsoft.NetApp/netAppAccounts/cli-acc-000002/capacityPools/cli-pool-000003?api-version=2017-08-15
  response:
    body: {string: !!python/unicode '{"id":"/subscriptions/00000000-0000-0000-0000-000000000000/resourceGroups/cli_tests_rg000001/providers/Microsoft.NetApp/netAppAccounts/cli-acc-000002/capacityPools/cli-pool-000003","name":"cli-acc-000002/cli-pool-000003","type":"Microsoft.NetApp/netAppAccounts/capacityPools","etag":"W/\"datetime''2019-02-28T10%3A02%3A01.9910073Z''\"","location":"westus2","properties":{"serviceLevel":"Premium","size":4398046511104,"provisioningState":"Creating"}}'}
    headers:
      azure-asyncoperation: ['https://management.azure.com/subscriptions/00000000-0000-0000-0000-000000000000/providers/Microsoft.NetApp/locations/westus2/operationResults/485a2f74-5b61-46ae-9462-83bd82d3d84e?api-version=2017-08-15']
      cache-control: [no-cache]
      content-length: ['542']
      content-type: [application/json; charset=utf-8]
      date: ['Thu, 28 Feb 2019 10:02:00 GMT']
      etag: [W/"datetime'2019-02-28T10%3A02%3A01.9910073Z'"]
      expires: ['-1']
      pragma: [no-cache]
      server: [Microsoft-IIS/10.0]
      strict-transport-security: [max-age=31536000; includeSubDomains]
      x-content-type-options: [nosniff]
      x-ms-ratelimit-remaining-subscription-writes: ['1198']
      x-powered-by: [ASP.NET]
    status: {code: 201, message: Created}
- request:
    body: null
    headers:
      Accept: [application/json]
      Accept-Encoding: ['gzip, deflate']
      CommandName: [anf pool create]
      Connection: [keep-alive]
      ParameterSetName: [-g -a -p -l --service-level --size]
      User-Agent: [python/2.7.10 (Darwin-16.7.0-x86_64-i386-64bit) msrest/0.6.3 msrest_azure/0.4.34
          azure-mgmt-netapp/0.1.0 Azure-SDK-For-Python AZURECLI/2.0.56]
    method: GET
    uri: https://management.azure.com/subscriptions/00000000-0000-0000-0000-000000000000/providers/Microsoft.NetApp/locations/westus2/operationResults/485a2f74-5b61-46ae-9462-83bd82d3d84e?api-version=2017-08-15
  response:
    body: {string: !!python/unicode '{"id":"/subscriptions/00000000-0000-0000-0000-000000000000/providers/Microsoft.NetApp/locations/westus2/operationResults/485a2f74-5b61-46ae-9462-83bd82d3d84e","name":"485a2f74-5b61-46ae-9462-83bd82d3d84e","status":"Succeeded","startTime":"2019-02-28T10:02:01.9235313Z","endTime":"2019-02-28T10:02:02.3419383Z","percentComplete":100.0,"properties":{"resourceName":"/subscriptions/00000000-0000-0000-0000-000000000000/resourceGroups/cli_tests_rg000001/providers/Microsoft.NetApp/netAppAccounts/cli-acc-000002/capacityPools/cli-pool-000003"}}'}
    headers:
      cache-control: [no-cache]
      content-length: ['615']
      content-type: [application/json; charset=utf-8]
      date: ['Thu, 28 Feb 2019 10:02:34 GMT']
      expires: ['-1']
      pragma: [no-cache]
      server: [Microsoft-IIS/10.0]
      strict-transport-security: [max-age=31536000; includeSubDomains]
      transfer-encoding: [chunked]
      vary: [Accept-Encoding]
      x-content-type-options: [nosniff]
      x-powered-by: [ASP.NET]
    status: {code: 200, message: OK}
- request:
    body: null
    headers:
      Accept: [application/json]
      Accept-Encoding: ['gzip, deflate']
      CommandName: [anf pool create]
      Connection: [keep-alive]
      ParameterSetName: [-g -a -p -l --service-level --size]
      User-Agent: [python/2.7.10 (Darwin-16.7.0-x86_64-i386-64bit) msrest/0.6.3 msrest_azure/0.4.34
          azure-mgmt-netapp/0.1.0 Azure-SDK-For-Python AZURECLI/2.0.56]
    method: GET
    uri: https://management.azure.com/subscriptions/00000000-0000-0000-0000-000000000000/resourceGroups/cli_tests_rg000001/providers/Microsoft.NetApp/netAppAccounts/cli-acc-000002/capacityPools/cli-pool-000003?api-version=2017-08-15
  response:
    body: {string: !!python/unicode '{"id":"/subscriptions/00000000-0000-0000-0000-000000000000/resourceGroups/cli_tests_rg000001/providers/Microsoft.NetApp/netAppAccounts/cli-acc-000002/capacityPools/cli-pool-000003","name":"cli-acc-000002/cli-pool-000003","type":"Microsoft.NetApp/netAppAccounts/capacityPools","etag":"W/\"datetime''2019-02-28T10%3A02%3A02.3942999Z''\"","location":"westus2","properties":{"poolId":"ee926ac0-d1ed-f662-391c-9199a24513b5","name":"cli-acc-000002/cli-pool-000003","serviceLevel":"Premium","size":4398046511104,"provisioningState":"Succeeded"}}'}
    headers:
      cache-control: [no-cache]
      content-length: ['650']
      content-type: [application/json; charset=utf-8]
      date: ['Thu, 28 Feb 2019 10:02:36 GMT']
      etag: [W/"datetime'2019-02-28T10%3A02%3A02.3942999Z'"]
      expires: ['-1']
      pragma: [no-cache]
      server: [Microsoft-IIS/10.0]
      strict-transport-security: [max-age=31536000; includeSubDomains]
      transfer-encoding: [chunked]
      vary: [Accept-Encoding]
      x-content-type-options: [nosniff]
      x-powered-by: [ASP.NET]
    status: {code: 200, message: OK}
- request:
    body: null
    headers:
      Accept: [application/json]
      Accept-Encoding: ['gzip, deflate']
      CommandName: [anf pool update]
      Connection: [keep-alive]
      ParameterSetName: [--resource-group -a -p --tags --service-level]
      User-Agent: [python/2.7.10 (Darwin-16.7.0-x86_64-i386-64bit) msrest/0.6.3 msrest_azure/0.4.34
          azure-mgmt-netapp/0.1.0 Azure-SDK-For-Python AZURECLI/2.0.56]
      accept-language: [en-US]
    method: GET
    uri: https://management.azure.com/subscriptions/00000000-0000-0000-0000-000000000000/resourceGroups/cli_tests_rg000001/providers/Microsoft.NetApp/netAppAccounts/cli-acc-000002/capacityPools/cli-pool-000003?api-version=2017-08-15
  response:
    body: {string: !!python/unicode '{"id":"/subscriptions/00000000-0000-0000-0000-000000000000/resourceGroups/cli_tests_rg000001/providers/Microsoft.NetApp/netAppAccounts/cli-acc-000002/capacityPools/cli-pool-000003","name":"cli-acc-000002/cli-pool-000003","type":"Microsoft.NetApp/netAppAccounts/capacityPools","etag":"W/\"datetime''2019-02-28T10%3A02%3A02.3942999Z''\"","location":"westus2","properties":{"poolId":"ee926ac0-d1ed-f662-391c-9199a24513b5","name":"cli-acc-000002/cli-pool-000003","serviceLevel":"Premium","size":4398046511104,"provisioningState":"Succeeded"}}'}
    headers:
      cache-control: [no-cache]
      content-length: ['650']
      content-type: [application/json; charset=utf-8]
      date: ['Thu, 28 Feb 2019 10:02:38 GMT']
      etag: [W/"datetime'2019-02-28T10%3A02%3A02.3942999Z'"]
      expires: ['-1']
      pragma: [no-cache]
      server: [Microsoft-IIS/10.0]
      strict-transport-security: [max-age=31536000; includeSubDomains]
      transfer-encoding: [chunked]
      vary: [Accept-Encoding]
      x-content-type-options: [nosniff]
      x-powered-by: [ASP.NET]
    status: {code: 200, message: OK}
- request:
    body: !!python/unicode '{"properties": {"serviceLevel": "Standard", "size": 4398046511104},
      "location": "westus2", "tags": {"Tag1": "Value1"}}'
    headers:
      Accept: [application/json]
      Accept-Encoding: ['gzip, deflate']
      CommandName: [anf pool update]
      Connection: [keep-alive]
      Content-Length: ['118']
      Content-Type: [application/json; charset=utf-8]
      ParameterSetName: [--resource-group -a -p --tags --service-level]
      User-Agent: [python/2.7.10 (Darwin-16.7.0-x86_64-i386-64bit) msrest/0.6.3 msrest_azure/0.4.34
          azure-mgmt-netapp/0.1.0 Azure-SDK-For-Python AZURECLI/2.0.56]
      accept-language: [en-US]
    method: PUT
    uri: https://management.azure.com/subscriptions/00000000-0000-0000-0000-000000000000/resourceGroups/cli_tests_rg000001/providers/Microsoft.NetApp/netAppAccounts/cli-acc-000002/capacityPools/cli-pool-000003?api-version=2017-08-15
  response:
    body: {string: !!python/unicode '{"id":"/subscriptions/00000000-0000-0000-0000-000000000000/resourceGroups/cli_tests_rg000001/providers/Microsoft.NetApp/netAppAccounts/cli-acc-000002/capacityPools/cli-pool-000003","name":"cli-acc-000002/cli-pool-000003","type":"Microsoft.NetApp/netAppAccounts/capacityPools","etag":"W/\"datetime''2019-02-28T10%3A02%3A42.6562713Z''\"","location":"westus2","tags":{"Tag1":"Value1"},"properties":{"poolId":"ee926ac0-d1ed-f662-391c-9199a24513b5","name":"cli-acc-000002/cli-pool-000003","serviceLevel":"Standard","size":4398046511104,"provisioningState":"Succeeded"}}'}
    headers:
      cache-control: [no-cache]
      content-length: ['676']
      content-type: [application/json; charset=utf-8]
      date: ['Thu, 28 Feb 2019 10:02:43 GMT']
      etag: [W/"datetime'2019-02-28T10%3A02%3A42.6562713Z'"]
      expires: ['-1']
      pragma: [no-cache]
      server: [Microsoft-IIS/10.0]
      strict-transport-security: [max-age=31536000; includeSubDomains]
      transfer-encoding: [chunked]
      vary: [Accept-Encoding]
      x-content-type-options: [nosniff]
      x-ms-ratelimit-remaining-subscription-writes: ['1199']
      x-powered-by: [ASP.NET]
    status: {code: 200, message: OK}
- request:
    body: null
    headers:
      Accept: [application/json]
      Accept-Encoding: ['gzip, deflate']
      CommandName: [group delete]
      Connection: [keep-alive]
      Content-Length: ['0']
      ParameterSetName: [--name --yes --no-wait]
      User-Agent: [python/2.7.10 (Darwin-16.7.0-x86_64-i386-64bit) msrest/0.6.3 msrest_azure/0.4.34
          resourcemanagementclient/2.1.0 Azure-SDK-For-Python AZURECLI/2.0.56]
      accept-language: [en-US]
    method: DELETE
    uri: https://management.azure.com/subscriptions/00000000-0000-0000-0000-000000000000/resourcegroups/cli_tests_rg000001?api-version=2018-05-01
  response:
    body: {string: !!python/unicode ''}
    headers:
      cache-control: [no-cache]
      content-length: ['0']
      date: ['Thu, 28 Feb 2019 10:02:48 GMT']
      expires: ['-1']
      location: ['https://management.azure.com/subscriptions/00000000-0000-0000-0000-000000000000/operationresults/eyJqb2JJZCI6IlJFU09VUkNFR1JPVVBERUxFVElPTkpPQi1DTEk6NUZURVNUUzo1RlJHVDNMTjVFTU5JTkpaUE9TT0RRM1hWQ0hQQk5XSTdRVnw3MkI4RDczQkZGMkY5RjVGLVdFU1RVUyIsImpvYkxvY2F0aW9uIjoid2VzdHVzIn0?api-version=2018-05-01']
      pragma: [no-cache]
      strict-transport-security: [max-age=31536000; includeSubDomains]
      x-content-type-options: [nosniff]
      x-ms-ratelimit-remaining-subscription-deletes: ['14999']
    status: {code: 202, message: Accepted}
version: 1
