interactions:
- request:
    body: null
    headers:
      Accept:
      - application/json
      Content-Type:
      - application/json
      User-Agent:
      - OpenAPI-Generator/11.0.0/python
    method: GET
    uri: https://aadcluster-akkeshar-1bfbb5-bd32ce8d.hcp.eastus.azmk8s.io/apis/networking.k8s.io/v1/
  response:
    body:
      string: '{"kind":"APIResourceList","apiVersion":"v1","groupVersion":"networking.k8s.io/v1","resources":[{"name":"networkpolicies","singularName":"","namespaced":true,"kind":"NetworkPolicy","verbs":["create","delete","deletecollection","get","list","patch","update","watch"],"shortNames":["netpol"]}]}

        '
    headers:
      audit-id:
      - 4f14a8c3-16f1-4909-8806-7ba96da1b03c
      content-length:
      - '292'
      content-type:
      - application/json
      date:
      - Mon, 27 Apr 2020 08:25:19 GMT
    status:
      code: 200
      message: OK
- request:
    body: null
    headers:
      Accept:
      - application/json
      Accept-Encoding:
      - gzip, deflate
      CommandName:
      - connectedk8s connect
      Connection:
      - keep-alive
      ParameterSetName:
      - -g -n -l --tags --kube-config
      User-Agent:
      - python/3.7.0 (Windows-10-10.0.18362-SP0) msrest/0.6.10 msrest_azure/0.6.2
        azure-mgmt-resource/9.0.0 Azure-SDK-For-Python AZURECLI/2.4.0
      accept-language:
      - en-US
    method: GET
    uri: https://management.azure.com/subscriptions/00000000-0000-0000-0000-000000000000/providers/Microsoft.Kubernetes?api-version=2019-07-01
  response:
    body:
      string: '{"id":"/subscriptions/00000000-0000-0000-0000-000000000000/providers/Microsoft.Kubernetes","namespace":"Microsoft.Kubernetes","authorizations":[{"applicationId":"64b12d6e-6549-484c-8cc6-6281839ba394","roleDefinitionId":"1d1d44cf-68a1-4def-a2b6-cd7efc3515af"}],"resourceTypes":[{"resourceType":"locations","locations":[],"apiVersions":["2020-01-01-preview"],"capabilities":"None"},{"resourceType":"locations/operationStatuses","locations":["East
        US 2 EUAP","West Europe"],"apiVersions":["2020-01-01-preview"],"capabilities":"None"},{"resourceType":"operations","locations":["West
        US","East US"],"apiVersions":["2019-11-01-preview","2019-09-01-privatepreview"],"capabilities":"None"},{"resourceType":"connectedClusters","locations":["East
        US","West Europe","East US 2 EUAP"],"apiVersions":["2019-11-01-preview","2019-09-01-privatepreview"],"capabilities":"CrossResourceGroupResourceMove,
        CrossSubscriptionResourceMove, SystemAssignedResourceIdentity, SupportsTags,
        SupportsLocation"}],"registrationState":"Registered","registrationPolicy":"RegistrationRequired"}'
    headers:
      cache-control:
      - no-cache
      content-length:
      - '1060'
      content-type:
      - application/json; charset=utf-8
      date:
      - Mon, 27 Apr 2020 08:25:20 GMT
      expires:
      - '-1'
      pragma:
      - no-cache
      strict-transport-security:
      - max-age=31536000; includeSubDomains
      vary:
      - Accept-Encoding
      x-content-type-options:
      - nosniff
    status:
      code: 200
      message: OK
- request:
    body: null
    headers:
      Accept:
      - application/json
      Accept-Encoding:
      - gzip, deflate
      CommandName:
      - connectedk8s connect
      Connection:
      - keep-alive
      ParameterSetName:
      - -g -n -l --tags --kube-config
      User-Agent:
      - python/3.7.0 (Windows-10-10.0.18362-SP0) msrest/0.6.10 msrest_azure/0.6.2
        azure-mgmt-hybridkubernetes/0.1.1 Azure-SDK-For-Python AZURECLI/2.4.0
      accept-language:
      - en-US
    method: GET
    uri: https://management.azure.com/subscriptions/00000000-0000-0000-0000-000000000000/resourcegroups/cli_test_connectedk8s000001/providers/Microsoft.Kubernetes/connectedClusters/test1?api-version=2020-01-01-preview
  response:
    body:
      string: '{"error":{"code":"ResourceNotFound","message":"The Resource ''Microsoft.Kubernetes/connectedClusters/test1''
        under resource group ''cli_test_connectedk8s000001'' was not found."}}'
    headers:
      cache-control:
      - no-cache
      content-length:
      - '223'
      content-type:
      - application/json; charset=utf-8
      date:
      - Mon, 27 Apr 2020 08:25:23 GMT
      expires:
      - '-1'
      pragma:
      - no-cache
      strict-transport-security:
      - max-age=31536000; includeSubDomains
      x-content-type-options:
      - nosniff
      x-ms-failure-cause:
      - gateway
    status:
      code: 404
      message: Not Found
- request:
    body: null
    headers:
      Accept:
      - application/json
      Accept-Encoding:
      - gzip, deflate
      CommandName:
      - connectedk8s connect
      Connection:
      - keep-alive
      ParameterSetName:
      - -g -n -l --tags --kube-config
      User-Agent:
      - python/3.7.0 (Windows-10-10.0.18362-SP0) msrest/0.6.10 msrest_azure/0.6.2
        azure-mgmt-resource/9.0.0 Azure-SDK-For-Python AZURECLI/2.4.0
      accept-language:
      - en-US
    method: GET
    uri: https://management.azure.com/subscriptions/00000000-0000-0000-0000-000000000000/resourcegroups/cli_test_connectedk8s000001?api-version=2019-07-01
  response:
    body:
      string: '{"id":"/subscriptions/00000000-0000-0000-0000-000000000000/resourceGroups/cli_test_connectedk8s000001","name":"cli_test_connectedk8s000001","type":"Microsoft.Resources/resourceGroups","location":"westus","tags":{"product":"azurecli","cause":"automation","date":"2020-04-27T08:25:11Z"},"properties":{"provisioningState":"Succeeded"}}'
    headers:
      cache-control:
      - no-cache
      content-length:
      - '428'
      content-type:
      - application/json; charset=utf-8
      date:
      - Mon, 27 Apr 2020 08:25:24 GMT
      expires:
      - '-1'
      pragma:
      - no-cache
      strict-transport-security:
      - max-age=31536000; includeSubDomains
      vary:
      - Accept-Encoding
      x-content-type-options:
      - nosniff
    status:
      code: 200
      message: OK
- request:
    body: null
    headers:
      Accept:
      - '*/*'
      Accept-Encoding:
      - gzip, deflate
      Connection:
      - keep-alive
      Content-Length:
      - '0'
      User-Agent:
      - python-requests/2.22.0
    method: POST
    uri: https://eastus2euap.dp.kubernetesconfiguration.azure.com/azure-arc-k8sagents/GetLatestHelmPackagePath?api-version=2019-11-01-preview&releaseTrain=stable
  response:
    body:
      string: '{"repositoryPath":"azurearcfork8s.azurecr.io/canary/stable/azure-arc-k8sagents:0.1.103"}'
    headers:
      api-supported-versions:
      - 2019-11-01-Preview
      connection:
      - close
      content-length:
      - '88'
      content-type:
      - application/json; charset=utf-8
      date:
      - Mon, 27 Apr 2020 08:25:25 GMT
      server:
      - openresty/1.15.8.2
      strict-transport-security:
      - max-age=15724800; includeSubDomains
      - max-age=2592000
      x-content-type-options:
      - nosniff
    status:
      code: 200
      message: OK
- request:
    body: null
    headers:
      Accept:
      - application/json
      Content-Type:
      - application/json
      User-Agent:
      - OpenAPI-Generator/11.0.0/python
    method: GET
    uri: https://aadcluster-akkeshar-1bfbb5-bd32ce8d.hcp.eastus.azmk8s.io/api/v1/nodes
  response:
    body:
      string: '{"kind":"NodeList","apiVersion":"v1","metadata":{"selfLink":"/api/v1/nodes","resourceVersion":"9722524"},"items":[{"metadata":{"name":"aks-nodepool1-39175733-0","selfLink":"/api/v1/nodes/aks-nodepool1-39175733-0","uid":"3f932a1b-5668-11ea-93db-b6bd01847510","resourceVersion":"9722083","creationTimestamp":"2020-02-23T18:13:53Z","labels":{"agentpool":"nodepool1","beta.kubernetes.io/arch":"amd64","beta.kubernetes.io/instance-type":"Standard_DS2_v2","beta.kubernetes.io/os":"linux","failure-domain.beta.kubernetes.io/region":"eastus","failure-domain.beta.kubernetes.io/zone":"0","kubernetes.azure.com/cluster":"MC_akkeshar_aadCluster_eastus","kubernetes.azure.com/role":"agent","kubernetes.io/arch":"amd64","kubernetes.io/hostname":"aks-nodepool1-39175733-0","kubernetes.io/os":"linux","kubernetes.io/role":"agent","node-role.kubernetes.io/agent":"","storageprofile":"managed","storagetier":"Premium_LRS"},"annotations":{"node.alpha.kubernetes.io/ttl":"0","volumes.kubernetes.io/controller-managed-attach-detach":"true"}},"spec":{"podCIDR":"10.244.2.0/24","providerID":"azure:///subscriptions/00000000-0000-0000-0000-000000000000/resourceGroups/mc_akkeshar_aadcluster_eastus/providers/Microsoft.Compute/virtualMachines/aks-nodepool1-39175733-0"},"status":{"capacity":{"attachable-volumes-azure-disk":"8","cpu":"2","ephemeral-storage":"101445900Ki","hugepages-1Gi":"0","hugepages-2Mi":"0","memory":"7113836Ki","pods":"110"},"allocatable":{"attachable-volumes-azure-disk":"8","cpu":"1900m","ephemeral-storage":"93492541286","hugepages-1Gi":"0","hugepages-2Mi":"0","memory":"4668524Ki","pods":"110"},"conditions":[{"type":"NetworkUnavailable","status":"False","lastHeartbeatTime":"2020-02-23T18:14:08Z","lastTransitionTime":"2020-02-23T18:14:08Z","reason":"RouteCreated","message":"RouteController
        created a route"},{"type":"MemoryPressure","status":"False","lastHeartbeatTime":"2020-04-27T08:21:15Z","lastTransitionTime":"2020-03-27T00:39:58Z","reason":"KubeletHasSufficientMemory","message":"kubelet
        has sufficient memory available"},{"type":"DiskPressure","status":"False","lastHeartbeatTime":"2020-04-27T08:21:15Z","lastTransitionTime":"2020-02-23T18:13:53Z","reason":"KubeletHasNoDiskPressure","message":"kubelet
        has no disk pressure"},{"type":"PIDPressure","status":"False","lastHeartbeatTime":"2020-04-27T08:21:15Z","lastTransitionTime":"2020-02-23T18:13:53Z","reason":"KubeletHasSufficientPID","message":"kubelet
        has sufficient PID available"},{"type":"Ready","status":"True","lastHeartbeatTime":"2020-04-27T08:21:15Z","lastTransitionTime":"2020-02-23T18:13:53Z","reason":"KubeletReady","message":"kubelet
        is posting ready status. AppArmor enabled"}],"addresses":[{"type":"Hostname","address":"aks-nodepool1-39175733-0"},{"type":"InternalIP","address":"10.240.0.4"}],"daemonEndpoints":{"kubeletEndpoint":{"Port":10250}},"nodeInfo":{"machineID":"cec0fb0ca5e2446fb650878822f0c841","systemUUID":"3A9475DA-829B-D848-AF1A-92272EF00E8C","bootID":"530fb4d1-b236-4f42-8244-39d6ee937b34","kernelVersion":"4.15.0-1066-azure","osImage":"Ubuntu
        16.04.6 LTS","containerRuntimeVersion":"docker://3.0.8","kubeletVersion":"v1.14.8","kubeProxyVersion":"v1.14.8","operatingSystem":"linux","architecture":"amd64"},"images":[{"names":["azurearcfork8s.azurecr.io/canary/stable/connect-agent@sha256:631a773d1344f95e4a4c2c32006eaaf41aeed74c163b695fc5f77d2777e389b6","azurearcfork8s.azurecr.io/canary/stable/connect-agent:0.1.103"],"sizeBytes":844676077},{"names":["azurearcfork8s.azurecr.io/arc-preview/connect-agent@sha256:c4a150412f529373d57aff5bc4bb9c3a28c33e1d3cc598e84096c1eef06ce01f","azurearcfork8s.azurecr.io/arc-preview/connect-agent:0.1.22"],"sizeBytes":844485583},{"names":["azurearcfork8s.azurecr.io/arc-preview/connect-agent@sha256:7efad12fd896428d7cdbc941c1795078a19296f7816f89d580ee4c3681ec0be8","azurearcfork8s.azurecr.io/arc-preview/connect-agent:0.1.16"],"sizeBytes":844477470},{"names":["azurearcfork8s.azurecr.io/arc-preview/connect-agent@sha256:dceb9976fd0ed5e2d0d386518667704bfe4201e6abf4633d15c89b2f5b97e120","azurearcfork8s.azurecr.io/arc-preview/connect-agent:0.1.19"],"sizeBytes":844477433},{"names":["akkesharacr.azurecr.io/connect@sha256:567c3f3633ef361d5c09878e79562afc22e5b859dc775f3bd054ebcf48e466b6","akkesharacr.azurecr.io/connect:v5"],"sizeBytes":840857288},{"names":["akkesharacr.azurecr.io/connect@sha256:139962ff4af9ae0a624bb76c9d46ba17feab492f0290c8f17571f3a66c02ab04","akkesharacr.azurecr.io/connect:v3"],"sizeBytes":840857288},{"names":["akkesharacr.azurecr.io/connect@sha256:7f48940f4aad08c043099c02cee3b6d47c201c89fb266ef753b9c9d3c47791ea","akkesharacr.azurecr.io/connect:v2"],"sizeBytes":840857288},{"names":["haikudev.azurecr.io/dogfood/dev/connect-agent@sha256:b5e1a71eedae6039c4cdd7d8d24132a21526dbb5509f8ff76c694d7323f1de70","haikudev.azurecr.io/dogfood/dev/connect-agent:0.1.111-dev"],"sizeBytes":838739782},{"names":["mcr.microsoft.com/k8s/azurestack/core/hyperkube-amd64@sha256:87a86655fc2f0c391b153e3b788ad34438934a260be65d82464070c16a272d34","mcr.microsoft.com/k8s/azurestack/core/hyperkube-amd64:v1.16.1-azs"],"sizeBytes":657187310},{"names":["mcr.microsoft.com/k8s/azurestack/core/hyperkube-amd64@sha256:3814fff9211dee1a888f052d4b279fc3eb51a68d1e6609b99e611a48d35855e9","mcr.microsoft.com/k8s/azurestack/core/hyperkube-amd64:v1.15.7-azs"],"sizeBytes":642978550},{"names":["mcr.microsoft.com/k8s/azurestack/core/hyperkube-amd64@sha256:cf134351e498e359ae7cf7c4b32455d6a180b3986ef0556e9625d35032cfe6f8","mcr.microsoft.com/k8s/azurestack/core/hyperkube-amd64:v1.15.4-azs"],"sizeBytes":642929430},{"names":["k8s.gcr.io/hyperkube-amd64@sha256:3f371523e3c0f416f530d3e0400ffa274b4abed6cb8d57210dda69200e5d37a0","k8s.gcr.io/hyperkube-amd64:v1.16.4"],"sizeBytes":605098510},{"names":["k8s.gcr.io/hyperkube-amd64@sha256:df29377c68a836485d98b9d65cf26f4872bf894384506ba9ab3045057f8e1d46","k8s.gcr.io/hyperkube-amd64:v1.16.2"],"sizeBytes":605078030},{"names":["k8s.gcr.io/hyperkube-amd64@sha256:7305f0c6f8cbb2d99c57cde6b5fdd91face5db50e8d2e8c6fca0b236c9ef8c86","k8s.gcr.io/hyperkube-amd64:v1.16.1"],"sizeBytes":605073998},{"names":["k8s.gcr.io/hyperkube-amd64@sha256:fa8be0c75ef3f519e39d40cd7eaa555187ba41346f12d9b2d08011df07d75c2b","k8s.gcr.io/hyperkube-amd64:v1.14.8"],"sizeBytes":604071822},{"names":["k8s.gcr.io/hyperkube-amd64@sha256:104cf8adfc76b3b4215b636ac057e424e03e4a970df6e32cdb438f31854ce99e","k8s.gcr.io/hyperkube-amd64:v1.14.7"],"sizeBytes":604067790},{"names":["mcr.microsoft.com/oss/kubernetes/hyperkube@sha256:f260d489890b4151bb3ccb573b0539c0e92d96279be0c22ea094b2384a01e6bf","mcr.microsoft.com/oss/kubernetes/hyperkube:v1.14.8_f0.0.4"],"sizeBytes":603838350},{"names":["mcr.microsoft.com/k8s/azurestack/core/hyperkube-amd64@sha256:e15a14cf92b582c01a44cded951324b8b59f664ea96be9dd6262b337fea47595","mcr.microsoft.com/k8s/azurestack/core/hyperkube-amd64:v1.14.7-azs"],"sizeBytes":603809742},{"names":["k8s.gcr.io/hyperkube-amd64@sha256:19a550886de5fe94a930804834e5a6db3ddca48d2ef7de33e1944172708b5863","k8s.gcr.io/hyperkube-amd64:v1.15.7"],"sizeBytes":593454542},{"names":["k8s.gcr.io/hyperkube-amd64@sha256:c1859b7fdcce822e3830f47970da61ec224b695f9834493582def5b6e9fd5119","k8s.gcr.io/hyperkube-amd64:v1.15.5"],"sizeBytes":593442254},{"names":["k8s.gcr.io/hyperkube-amd64@sha256:a77e5a4ca8173d35b4aca6c2453e9de07f39b2ca90737dbd5ec53de1e1df815f","k8s.gcr.io/hyperkube-amd64:v1.15.4"],"sizeBytes":593438190},{"names":["k8s.gcr.io/hyperkube-amd64@sha256:37c0c7d7db008c05aa1db7fcc483225bbd241114445be0e62270448dd41d4a5e","k8s.gcr.io/hyperkube-amd64:v1.13.11"],"sizeBytes":565201122},{"names":["k8s.gcr.io/hyperkube-amd64@sha256:d0a75a3342698b8c7af55344f137dc01f9c45ea34c197a776f58da375c036c45","k8s.gcr.io/hyperkube-amd64:v1.13.12"],"sizeBytes":565192898},{"names":["mcr.microsoft.com/aks/hcp/hcp-tunnel-front@sha256:d237ae461a2f3f7d3f32c33b4d7b2f5fb1681c00b840e8515882c29267bc1c9b","mcr.microsoft.com/aks/hcp/hcp-tunnel-front:v1.9.2-v4.0.11"],"sizeBytes":357377808},{"names":["mcr.microsoft.com/aks/hcp/kube-svc-redirect@sha256:af50cfa03a6b02a4173f3adb476f403efde16193f91d02e2ae8123f57ee21204","mcr.microsoft.com/aks/hcp/kube-svc-redirect:v1.0.7"],"sizeBytes":353963611},{"names":["mcr.microsoft.com/aks/hcp/hcp-tunnel-front@sha256:cbd52a7489524e0389688fa9969d6e5c870500d3e5da33583b75bdcb75d40bbc","mcr.microsoft.com/aks/hcp/hcp-tunnel-front:v1.9.2-v3.0.11"],"sizeBytes":353663014},{"names":["mcr.microsoft.com/aks/hcp/kube-svc-redirect@sha256:cbb76d3c813ef07fb22fc00aed24dab249c1a2b05436aac447f9489e91bb8e54","mcr.microsoft.com/aks/hcp/kube-svc-redirect:v1.0.5"],"sizeBytes":346080999},{"names":["mcr.microsoft.com/k8s/csi/azurefile-csi@sha256:3f48233e04580a4344d69921be1a38a0bb1616d0bf86ac3920e9d3c8cc805093","mcr.microsoft.com/k8s/csi/azurefile-csi:v0.3.0"],"sizeBytes":245146481},{"names":["k8s.gcr.io/cluster-autoscaler@sha256:b6834bb69e8fad88110b1dc57097a45bc79e6f2c5f2c2773c871d07389794771","k8s.gcr.io/cluster-autoscaler:v1.12.3"],"sizeBytes":232229241},{"names":["k8s.gcr.io/cluster-autoscaler@sha256:dc5744fd8c22aebfe40d6b62ab97d18d7bfbfc7ab1782509d69a5a9ec514df2c","k8s.gcr.io/cluster-autoscaler:v1.12.2"],"sizeBytes":232167833},{"names":["k8s.gcr.io/cluster-autoscaler@sha256:152cc054ae89f8c3277351057b74b0bc349cf362b6c0618ca142a048be046fe8","k8s.gcr.io/cluster-autoscaler:v1.12.8"],"sizeBytes":231571683},{"names":["k8s.gcr.io/cluster-autoscaler@sha256:a1290d66f623bd7e8d4024ccd4b5b2786f7b2b62691c3d6aac40c1eaf84fc20a","k8s.gcr.io/cluster-autoscaler:v1.12.7"],"sizeBytes":231556587},{"names":["k8s.gcr.io/cluster-autoscaler@sha256:193eaf37788dd5f971dd400b7e3d28e650bfd81c90fa46b234f03eb3d43880e3","k8s.gcr.io/cluster-autoscaler:v1.12.5"],"sizeBytes":231543459},{"names":["k8s.gcr.io/cluster-autoscaler@sha256:e71851267764a068fbb091a4ef3bb874b5ce34db48cb757fcf77779f30ef0207","k8s.gcr.io/cluster-autoscaler:v1.3.7"],"sizeBytes":217353965},{"names":["k8s.gcr.io/cluster-autoscaler@sha256:156b7b9bcba24ed474f67d0feaf27f2506013f15b030341bbd41c630283161b8","k8s.gcr.io/cluster-autoscaler:v1.3.4"],"sizeBytes":217264129},{"names":["k8s.gcr.io/cluster-autoscaler@sha256:97896235bf66bde573d6f2ee150e212ea7010d314eb5d2cfb2ff1af93335db30","k8s.gcr.io/cluster-autoscaler:v1.3.3"],"sizeBytes":217259793},{"names":["k8s.gcr.io/cluster-autoscaler@sha256:b416bf3b6687788b4da4c7ede2bcf067b34ad781862ee3d3dac1d720c5fa38b3","k8s.gcr.io/cluster-autoscaler:v1.3.9"],"sizeBytes":216696035},{"names":["k8s.gcr.io/cluster-autoscaler@sha256:f37a2c84614bdd02475ccb020182caec562cde97fdfd9dae58de66ff89614bc5","k8s.gcr.io/cluster-autoscaler:v1.3.8"],"sizeBytes":216693526},{"names":["k8s.gcr.io/cluster-autoscaler@sha256:b0777becbfc7a56e66b079d2767fdc173121a29165523bbbe309bcb2c0a226aa","k8s.gcr.io/cluster-autoscaler:v1.2.5"],"sizeBytes":212991966},{"names":["k8s.gcr.io/cluster-autoscaler@sha256:36a369ca4643542d501bce0addf8b903f2141ae9e2608662b77a3d24f01d7780","k8s.gcr.io/cluster-autoscaler:v1.2.2"],"sizeBytes":208688449},{"names":["mcr.microsoft.com/k8s/csi/azuredisk-csi@sha256:b3379ebfc891c17312ecaf299977144af6f6ed5180f0eaf79110add8d7381f75","mcr.microsoft.com/k8s/csi/azuredisk-csi:v0.4.0"],"sizeBytes":206475565},{"names":["bitnami/kubectl@sha256:cfde881b32cd17417dbdd688604b113d0dd658b5da687ad889b8448799a47787","bitnami/kubectl:latest"],"sizeBytes":177406924},{"names":["bitnami/kubectl@sha256:b4e9753a339e4d9c55615b89c0805d4313eded228253ad474294c0ad4619a0c9"],"sizeBytes":177390403},{"names":["k8s.gcr.io/kube-apiserver@sha256:e3ec33d533257902ad9ebe3d399c17710e62009201a7202aec941e351545d662","k8s.gcr.io/kube-apiserver:v1.17.0"],"sizeBytes":170957331},{"names":["k8s.gcr.io/kube-controller-manager@sha256:0438efb5098a2ca634ea8c6b0d804742b733d0d13fd53cf62c73e32c659a3c39","k8s.gcr.io/kube-controller-manager:v1.17.0"],"sizeBytes":160877075},{"names":["k8s.gcr.io/cluster-autoscaler@sha256:86ae2c68bdebbfeb5ac73ebe6bef790da6d8e9b4d186852f016f0a46355cd21d","k8s.gcr.io/cluster-autoscaler:v1.14.7"],"sizeBytes":155327664},{"names":["k8s.gcr.io/cluster-autoscaler@sha256:e566a369b14648f257e25cae9bf4b6bea8af7fca47a8b7737fd91ea4934b35fa","k8s.gcr.io/cluster-autoscaler:v1.14.6"],"sizeBytes":155291832},{"names":["k8s.gcr.io/cluster-autoscaler@sha256:06e09e19618609e2b90b9fbdf28786e26772c63bd76c2a156f52dfaafb9487dd","k8s.gcr.io/cluster-autoscaler:v1.15.4"],"sizeBytes":152245942},{"names":["k8s.gcr.io/cluster-autoscaler@sha256:d2fc53a00910c12be4fa0e7f31dcce5af96767dfb481db8163976a8fd65d8042","k8s.gcr.io/cluster-autoscaler:v1.15.3"],"sizeBytes":152236996},{"names":["k8s.gcr.io/cluster-autoscaler@sha256:5a80893ea1a16a066889ab06934cfa3996d87a7232b10554de4ed8788b1fa212","k8s.gcr.io/cluster-autoscaler:v1.15.2"],"sizeBytes":152220275}],"config":{}}},{"metadata":{"name":"aks-nodepool1-39175733-1","selfLink":"/api/v1/nodes/aks-nodepool1-39175733-1","uid":"27bc059a-5667-11ea-93db-b6bd01847510","resourceVersion":"9722291","creationTimestamp":"2020-02-23T18:06:03Z","labels":{"agentpool":"nodepool1","beta.kubernetes.io/arch":"amd64","beta.kubernetes.io/instance-type":"Standard_DS2_v2","beta.kubernetes.io/os":"linux","failure-domain.beta.kubernetes.io/region":"eastus","failure-domain.beta.kubernetes.io/zone":"2","kubernetes.azure.com/cluster":"MC_akkeshar_aadCluster_eastus","kubernetes.azure.com/role":"agent","kubernetes.io/arch":"amd64","kubernetes.io/hostname":"aks-nodepool1-39175733-1","kubernetes.io/os":"linux","kubernetes.io/role":"agent","node-role.kubernetes.io/agent":"","storageprofile":"managed","storagetier":"Premium_LRS"},"annotations":{"node.alpha.kubernetes.io/ttl":"0","volumes.kubernetes.io/controller-managed-attach-detach":"true"}},"spec":{"podCIDR":"10.244.1.0/24","providerID":"azure:///subscriptions/00000000-0000-0000-0000-000000000000/resourceGroups/mc_akkeshar_aadcluster_eastus/providers/Microsoft.Compute/virtualMachines/aks-nodepool1-39175733-1"},"status":{"capacity":{"attachable-volumes-azure-disk":"8","cpu":"2","ephemeral-storage":"101445900Ki","hugepages-1Gi":"0","hugepages-2Mi":"0","memory":"7113836Ki","pods":"110"},"allocatable":{"attachable-volumes-azure-disk":"8","cpu":"1900m","ephemeral-storage":"93492541286","hugepages-1Gi":"0","hugepages-2Mi":"0","memory":"4668524Ki","pods":"110"},"conditions":[{"type":"NetworkUnavailable","status":"False","lastHeartbeatTime":"2020-02-23T18:07:37Z","lastTransitionTime":"2020-02-23T18:07:37Z","reason":"RouteCreated","message":"RouteController
        created a route"},{"type":"MemoryPressure","status":"False","lastHeartbeatTime":"2020-04-27T08:23:43Z","lastTransitionTime":"2020-04-15T08:11:26Z","reason":"KubeletHasSufficientMemory","message":"kubelet
        has sufficient memory available"},{"type":"DiskPressure","status":"False","lastHeartbeatTime":"2020-04-27T08:23:43Z","lastTransitionTime":"2020-04-15T08:11:26Z","reason":"KubeletHasNoDiskPressure","message":"kubelet
        has no disk pressure"},{"type":"PIDPressure","status":"False","lastHeartbeatTime":"2020-04-27T08:23:43Z","lastTransitionTime":"2020-04-15T08:11:26Z","reason":"KubeletHasSufficientPID","message":"kubelet
        has sufficient PID available"},{"type":"Ready","status":"True","lastHeartbeatTime":"2020-04-27T08:23:43Z","lastTransitionTime":"2020-04-15T08:11:26Z","reason":"KubeletReady","message":"kubelet
        is posting ready status. AppArmor enabled"}],"addresses":[{"type":"Hostname","address":"aks-nodepool1-39175733-1"},{"type":"InternalIP","address":"10.240.0.6"}],"daemonEndpoints":{"kubeletEndpoint":{"Port":10250}},"nodeInfo":{"machineID":"e1b29020c2194dd0b25c1898135195ce","systemUUID":"07C03B65-97CC-D948-852F-CA07925FCC25","bootID":"56771232-5dd1-41c4-98b7-005c644ba5df","kernelVersion":"4.15.0-1066-azure","osImage":"Ubuntu
        16.04.6 LTS","containerRuntimeVersion":"docker://3.0.8","kubeletVersion":"v1.14.8","kubeProxyVersion":"v1.14.8","operatingSystem":"linux","architecture":"amd64"},"images":[{"names":["azurearcfork8s.azurecr.io/arc-preview/connect-agent@sha256:165b85248a371a7cbc29381ee72b7e2f07adb8eb1c69d4bf726fb17e00a97a8f","azurearcfork8s.azurecr.io/arc-preview/connect-agent:0.1.20"],"sizeBytes":844485583},{"names":["haikudev.azurecr.io/haiku-demo/connect-agent@sha256:50c4f6ff74a5e8567cb5787c05afb58b04e1738c93a8dc33d86fd290b212f967","haikudev.azurecr.io/haiku-demo/connect-agent:0.1.80"],"sizeBytes":844485583},{"names":["azurearcfork8s.azurecr.io/arc-preview/connect-agent@sha256:647d31c2f5f8c0b4621f0e4d977ef67a2fc962821e024278e175e91bc0af0c31","azurearcfork8s.azurecr.io/arc-preview/connect-agent:0.1.18"],"sizeBytes":844477470},{"names":["akkesharacr.azurecr.io/connect@sha256:a5b341d34afcbea66ca55ae0e49ad390e3d6a35a28585ae7b2bf1e2ea95365ea","akkesharacr.azurecr.io/connect:v6"],"sizeBytes":840906047},{"names":["akkesharacr.azurecr.io/connect@sha256:65e6cb8a455737ffff990ab3a4bb1d6332aa27f0acb7461de3c0bb0811fae008","akkesharacr.azurecr.io/connect:v4"],"sizeBytes":840857288},{"names":["akkesharacr.azurecr.io/connect@sha256:139962ff4af9ae0a624bb76c9d46ba17feab492f0290c8f17571f3a66c02ab04","akkesharacr.azurecr.io/connect:v3"],"sizeBytes":840857288},{"names":["akkesharacr.azurecr.io/connect@sha256:567c3f3633ef361d5c09878e79562afc22e5b859dc775f3bd054ebcf48e466b6","akkesharacr.azurecr.io/connect:v5"],"sizeBytes":840857288},{"names":["mcr.microsoft.com/k8s/azurestack/core/hyperkube-amd64@sha256:87a86655fc2f0c391b153e3b788ad34438934a260be65d82464070c16a272d34","mcr.microsoft.com/k8s/azurestack/core/hyperkube-amd64:v1.16.1-azs"],"sizeBytes":657187310},{"names":["k8s.gcr.io/hyperkube-amd64@sha256:fa8be0c75ef3f519e39d40cd7eaa555187ba41346f12d9b2d08011df07d75c2b","k8s.gcr.io/hyperkube-amd64:v1.14.8"],"sizeBytes":604071822},{"names":["mcr.microsoft.com/oss/kubernetes/hyperkube@sha256:f260d489890b4151bb3ccb573b0539c0e92d96279be0c22ea094b2384a01e6bf","mcr.microsoft.com/oss/kubernetes/hyperkube:v1.14.8_f0.0.4"],"sizeBytes":603838350},{"names":["k8s.gcr.io/hyperkube-amd64@sha256:d0a75a3342698b8c7af55344f137dc01f9c45ea34c197a776f58da375c036c45","k8s.gcr.io/hyperkube-amd64:v1.13.12"],"sizeBytes":565192898},{"names":["mcr.microsoft.com/aks/hcp/hcp-tunnel-front@sha256:d237ae461a2f3f7d3f32c33b4d7b2f5fb1681c00b840e8515882c29267bc1c9b","mcr.microsoft.com/aks/hcp/hcp-tunnel-front:v1.9.2-v4.0.11"],"sizeBytes":357377808},{"names":["mcr.microsoft.com/aks/hcp/kube-svc-redirect@sha256:af50cfa03a6b02a4173f3adb476f403efde16193f91d02e2ae8123f57ee21204","mcr.microsoft.com/aks/hcp/kube-svc-redirect:v1.0.7"],"sizeBytes":353963611},{"names":["mcr.microsoft.com/aks/hcp/hcp-tunnel-front@sha256:cbd52a7489524e0389688fa9969d6e5c870500d3e5da33583b75bdcb75d40bbc","mcr.microsoft.com/aks/hcp/hcp-tunnel-front:v1.9.2-v3.0.11"],"sizeBytes":353663014},{"names":["mcr.microsoft.com/aks/hcp/kube-svc-redirect@sha256:cbb76d3c813ef07fb22fc00aed24dab249c1a2b05436aac447f9489e91bb8e54","mcr.microsoft.com/aks/hcp/kube-svc-redirect:v1.0.5"],"sizeBytes":346080999},{"names":["fluxcd/flux@sha256:8fcf24dccd7774b87a33d87e42fa0d9233b5c11481c8414fe93a8bdc870b4f5b","fluxcd/flux:1.18.0"],"sizeBytes":253015264},{"names":["mcr.microsoft.com/k8s/csi/azurefile-csi@sha256:3f48233e04580a4344d69921be1a38a0bb1616d0bf86ac3920e9d3c8cc805093","mcr.microsoft.com/k8s/csi/azurefile-csi:v0.3.0"],"sizeBytes":245146481},{"names":["k8s.gcr.io/cluster-autoscaler@sha256:b6834bb69e8fad88110b1dc57097a45bc79e6f2c5f2c2773c871d07389794771","k8s.gcr.io/cluster-autoscaler:v1.12.3"],"sizeBytes":232229241},{"names":["k8s.gcr.io/cluster-autoscaler@sha256:dc5744fd8c22aebfe40d6b62ab97d18d7bfbfc7ab1782509d69a5a9ec514df2c","k8s.gcr.io/cluster-autoscaler:v1.12.2"],"sizeBytes":232167833},{"names":["k8s.gcr.io/cluster-autoscaler@sha256:152cc054ae89f8c3277351057b74b0bc349cf362b6c0618ca142a048be046fe8","k8s.gcr.io/cluster-autoscaler:v1.12.8"],"sizeBytes":231571683},{"names":["k8s.gcr.io/cluster-autoscaler@sha256:a1290d66f623bd7e8d4024ccd4b5b2786f7b2b62691c3d6aac40c1eaf84fc20a","k8s.gcr.io/cluster-autoscaler:v1.12.7"],"sizeBytes":231556587},{"names":["k8s.gcr.io/cluster-autoscaler@sha256:193eaf37788dd5f971dd400b7e3d28e650bfd81c90fa46b234f03eb3d43880e3","k8s.gcr.io/cluster-autoscaler:v1.12.5"],"sizeBytes":231543459},{"names":["k8s.gcr.io/cluster-autoscaler@sha256:e71851267764a068fbb091a4ef3bb874b5ce34db48cb757fcf77779f30ef0207","k8s.gcr.io/cluster-autoscaler:v1.3.7"],"sizeBytes":217353965},{"names":["k8s.gcr.io/cluster-autoscaler@sha256:156b7b9bcba24ed474f67d0feaf27f2506013f15b030341bbd41c630283161b8","k8s.gcr.io/cluster-autoscaler:v1.3.4"],"sizeBytes":217264129},{"names":["k8s.gcr.io/cluster-autoscaler@sha256:97896235bf66bde573d6f2ee150e212ea7010d314eb5d2cfb2ff1af93335db30","k8s.gcr.io/cluster-autoscaler:v1.3.3"],"sizeBytes":217259793},{"names":["k8s.gcr.io/cluster-autoscaler@sha256:b416bf3b6687788b4da4c7ede2bcf067b34ad781862ee3d3dac1d720c5fa38b3","k8s.gcr.io/cluster-autoscaler:v1.3.9"],"sizeBytes":216696035},{"names":["k8s.gcr.io/cluster-autoscaler@sha256:f37a2c84614bdd02475ccb020182caec562cde97fdfd9dae58de66ff89614bc5","k8s.gcr.io/cluster-autoscaler:v1.3.8"],"sizeBytes":216693526},{"names":["k8s.gcr.io/cluster-autoscaler@sha256:b0777becbfc7a56e66b079d2767fdc173121a29165523bbbe309bcb2c0a226aa","k8s.gcr.io/cluster-autoscaler:v1.2.5"],"sizeBytes":212991966},{"names":["k8s.gcr.io/cluster-autoscaler@sha256:36a369ca4643542d501bce0addf8b903f2141ae9e2608662b77a3d24f01d7780","k8s.gcr.io/cluster-autoscaler:v1.2.2"],"sizeBytes":208688449},{"names":["mcr.microsoft.com/k8s/csi/azuredisk-csi@sha256:b3379ebfc891c17312ecaf299977144af6f6ed5180f0eaf79110add8d7381f75","mcr.microsoft.com/k8s/csi/azuredisk-csi:v0.4.0"],"sizeBytes":206475565},{"names":["bitnami/kubectl@sha256:909a836f0ded4f8233c29c55ebe3aac9b52e430734791b09f708d3c2651c5fb0","bitnami/kubectl:latest"],"sizeBytes":177406924},{"names":["k8s.gcr.io/kube-apiserver@sha256:e3ec33d533257902ad9ebe3d399c17710e62009201a7202aec941e351545d662","k8s.gcr.io/kube-apiserver:v1.17.0"],"sizeBytes":170957331},{"names":["k8s.gcr.io/kube-controller-manager@sha256:0438efb5098a2ca634ea8c6b0d804742b733d0d13fd53cf62c73e32c659a3c39","k8s.gcr.io/kube-controller-manager:v1.17.0"],"sizeBytes":160877075},{"names":["k8s.gcr.io/cluster-autoscaler@sha256:86ae2c68bdebbfeb5ac73ebe6bef790da6d8e9b4d186852f016f0a46355cd21d","k8s.gcr.io/cluster-autoscaler:v1.14.7"],"sizeBytes":155327664},{"names":["k8s.gcr.io/cluster-autoscaler@sha256:e566a369b14648f257e25cae9bf4b6bea8af7fca47a8b7737fd91ea4934b35fa","k8s.gcr.io/cluster-autoscaler:v1.14.6"],"sizeBytes":155291832},{"names":["k8s.gcr.io/cluster-autoscaler@sha256:06e09e19618609e2b90b9fbdf28786e26772c63bd76c2a156f52dfaafb9487dd","k8s.gcr.io/cluster-autoscaler:v1.15.4"],"sizeBytes":152245942},{"names":["k8s.gcr.io/cluster-autoscaler@sha256:d2fc53a00910c12be4fa0e7f31dcce5af96767dfb481db8163976a8fd65d8042","k8s.gcr.io/cluster-autoscaler:v1.15.3"],"sizeBytes":152236996},{"names":["k8s.gcr.io/cluster-autoscaler@sha256:eea97bdf90e3f6074af2fdeb3df40969c44a721dc8f4d148844de85fe93508ff","k8s.gcr.io/cluster-autoscaler:v1.15.1"],"sizeBytes":152220275},{"names":["k8s.gcr.io/cluster-autoscaler@sha256:5a80893ea1a16a066889ab06934cfa3996d87a7232b10554de4ed8788b1fa212","k8s.gcr.io/cluster-autoscaler:v1.15.2"],"sizeBytes":152220275},{"names":["k8s.gcr.io/cluster-autoscaler@sha256:760232bed2097b5ca742f05b15c94d56ff96ed6b5c93251edc613be045c8d78b","k8s.gcr.io/cluster-autoscaler:v1.15.0"],"sizeBytes":152214996},{"names":["k8s.gcr.io/cloud-controller-manager-amd64@sha256:b885ae3fd1dde1a364cc6f8834e861c701ffab75a01c7f1319124bf9cade307e","k8s.gcr.io/cloud-controller-manager-amd64:v1.14.7"],"sizeBytes":142326974},{"names":["k8s.gcr.io/cloud-controller-manager-amd64@sha256:a2bed3e9fdaf0b2c558116ea6b436c68aa7b951b158c1fa8d1cc10da891236f2","k8s.gcr.io/cloud-controller-manager-amd64:v1.14.8"],"sizeBytes":142326910},{"names":["k8s.gcr.io/cluster-autoscaler@sha256:69c10f2110ff8d62f0238145e7111564af81e7790491c2d6e078957073851e8f","k8s.gcr.io/cluster-autoscaler:v1.14.5"],"sizeBytes":142164738},{"names":["k8s.gcr.io/cluster-autoscaler@sha256:e7b1e4ddd48f28a7545718a73af4db5f58c8ab8fead702cc3b0411148eb89682","k8s.gcr.io/cluster-autoscaler:v1.14.4"],"sizeBytes":142155886},{"names":["k8s.gcr.io/cluster-autoscaler@sha256:a4e5a8e6d4dc011e6e7a104d6abdfda56274b90357ee9f6e42cc22b70482420b","k8s.gcr.io/cluster-autoscaler:v1.14.0"],"sizeBytes":142102721},{"names":["k8s.gcr.io/cluster-autoscaler@sha256:cbc61e0f6c3ef1c591a0f22ec483826110e2c10acddd5415c0cc2305fd085e69","k8s.gcr.io/cluster-autoscaler:v1.14.2"],"sizeBytes":142099784},{"names":["k8s.gcr.io/cluster-autoscaler@sha256:bf6be7abd987c4f4ddac13a8d41b9279157c8b461538c82ec318eae288d1cb8e","k8s.gcr.io/cluster-autoscaler:v1.13.9"],"sizeBytes":140638208},{"names":["k8s.gcr.io/cluster-autoscaler@sha256:98b89af6737b96fd7fdd7172c0f59e34649f921a351f49fd05e7a845b701006e","k8s.gcr.io/cluster-autoscaler:v1.13.7"],"sizeBytes":136742204},{"names":["k8s.gcr.io/cluster-autoscaler@sha256:fcfc7e4db54008b150406d9b21846b4ffcd23b8fed4f366256d01dd5fe204669","k8s.gcr.io/cluster-autoscaler:v1.13.6"],"sizeBytes":136729256},{"names":["k8s.gcr.io/cluster-autoscaler@sha256:9dcbd91e79f33c44529de58a0024deb3da23a3a0bc7fd4d028c1255c68f62fb7","k8s.gcr.io/cluster-autoscaler:v1.13.2"],"sizeBytes":136684274}],"config":{}}},{"metadata":{"name":"aks-nodepool1-39175733-2","selfLink":"/api/v1/nodes/aks-nodepool1-39175733-2","uid":"2485c188-5667-11ea-93db-b6bd01847510","resourceVersion":"9722295","creationTimestamp":"2020-02-23T18:05:58Z","labels":{"agentpool":"nodepool1","beta.kubernetes.io/arch":"amd64","beta.kubernetes.io/instance-type":"Standard_DS2_v2","beta.kubernetes.io/os":"linux","failure-domain.beta.kubernetes.io/region":"eastus","failure-domain.beta.kubernetes.io/zone":"1","kubernetes.azure.com/cluster":"MC_akkeshar_aadCluster_eastus","kubernetes.azure.com/role":"agent","kubernetes.io/arch":"amd64","kubernetes.io/hostname":"aks-nodepool1-39175733-2","kubernetes.io/os":"linux","kubernetes.io/role":"agent","node-role.kubernetes.io/agent":"","storageprofile":"managed","storagetier":"Premium_LRS"},"annotations":{"node.alpha.kubernetes.io/ttl":"0","volumes.kubernetes.io/controller-managed-attach-detach":"true"}},"spec":{"podCIDR":"10.244.0.0/24","providerID":"azure:///subscriptions/00000000-0000-0000-0000-000000000000/resourceGroups/mc_akkeshar_aadcluster_eastus/providers/Microsoft.Compute/virtualMachines/aks-nodepool1-39175733-2"},"status":{"capacity":{"attachable-volumes-azure-disk":"8","cpu":"2","ephemeral-storage":"101445900Ki","hugepages-1Gi":"0","hugepages-2Mi":"0","memory":"7113832Ki","pods":"110"},"allocatable":{"attachable-volumes-azure-disk":"8","cpu":"1900m","ephemeral-storage":"93492541286","hugepages-1Gi":"0","hugepages-2Mi":"0","memory":"4668520Ki","pods":"110"},"conditions":[{"type":"NetworkUnavailable","status":"False","lastHeartbeatTime":"2020-02-23T18:07:27Z","lastTransitionTime":"2020-02-23T18:07:27Z","reason":"RouteCreated","message":"RouteController
        created a route"},{"type":"MemoryPressure","status":"False","lastHeartbeatTime":"2020-04-27T08:23:47Z","lastTransitionTime":"2020-04-15T08:11:25Z","reason":"KubeletHasSufficientMemory","message":"kubelet
        has sufficient memory available"},{"type":"DiskPressure","status":"False","lastHeartbeatTime":"2020-04-27T08:23:47Z","lastTransitionTime":"2020-04-15T08:11:25Z","reason":"KubeletHasNoDiskPressure","message":"kubelet
        has no disk pressure"},{"type":"PIDPressure","status":"False","lastHeartbeatTime":"2020-04-27T08:23:47Z","lastTransitionTime":"2020-04-15T08:11:25Z","reason":"KubeletHasSufficientPID","message":"kubelet
        has sufficient PID available"},{"type":"Ready","status":"True","lastHeartbeatTime":"2020-04-27T08:23:47Z","lastTransitionTime":"2020-04-15T08:11:25Z","reason":"KubeletReady","message":"kubelet
        is posting ready status. AppArmor enabled"}],"addresses":[{"type":"Hostname","address":"aks-nodepool1-39175733-2"},{"type":"InternalIP","address":"10.240.0.5"}],"daemonEndpoints":{"kubeletEndpoint":{"Port":10250}},"nodeInfo":{"machineID":"a3590c099bff4d3d9cb3a09adcf6608e","systemUUID":"58931693-D9B5-F14D-9923-D9B2D27BDB92","bootID":"490e3670-3945-43c0-b3c1-fe0db99c9761","kernelVersion":"4.15.0-1066-azure","osImage":"Ubuntu
        16.04.6 LTS","containerRuntimeVersion":"docker://3.0.8","kubeletVersion":"v1.14.8","kubeProxyVersion":"v1.14.8","operatingSystem":"linux","architecture":"amd64"},"images":[{"names":["haikudev.azurecr.io/dogfood/dev/connect-agent@sha256:2fde85de4e1f3d23a0f1948ce471f936bf0a626ed188136d6c614b0c32c92498","haikudev.azurecr.io/dogfood/dev/connect-agent:0.1.101-dev"],"sizeBytes":844676077},{"names":["azurearcfork8s.azurecr.io/arc-preview/connect-agent@sha256:dceb9976fd0ed5e2d0d386518667704bfe4201e6abf4633d15c89b2f5b97e120","azurearcfork8s.azurecr.io/arc-preview/connect-agent:0.1.19"],"sizeBytes":844477433},{"names":["akkesharacr.azurecr.io/connect@sha256:0f37979bde81ccbb9eb0c436ac02cf91e30f1e166e97f5f27e7b5622bdae8b56","akkesharacr.azurecr.io/connect:v9"],"sizeBytes":841008800},{"names":["haikudev.azurecr.io/dogfood/dev/connect-agent@sha256:8adcc2265f57d944ee0fdfed32c29b86bd19871536055b654cd3a6020cc142b4","haikudev.azurecr.io/dogfood/dev/connect-agent:0.1.112-dev"],"sizeBytes":838739782},{"names":["haikudev.azurecr.io/dogfood/dev/connect-agent@sha256:bdc4d42384c0469de03d6ced7d0893980b070ffef2e0222a422f1cea223ad062","haikudev.azurecr.io/dogfood/dev/connect-agent:0.1.108-dev"],"sizeBytes":838739782},{"names":["k8s.gcr.io/hyperkube-amd64@sha256:fa8be0c75ef3f519e39d40cd7eaa555187ba41346f12d9b2d08011df07d75c2b","k8s.gcr.io/hyperkube-amd64:v1.14.8"],"sizeBytes":604071822},{"names":["k8s.gcr.io/hyperkube-amd64@sha256:104cf8adfc76b3b4215b636ac057e424e03e4a970df6e32cdb438f31854ce99e","k8s.gcr.io/hyperkube-amd64:v1.14.7"],"sizeBytes":604067790},{"names":["mcr.microsoft.com/oss/kubernetes/hyperkube@sha256:f260d489890b4151bb3ccb573b0539c0e92d96279be0c22ea094b2384a01e6bf","mcr.microsoft.com/oss/kubernetes/hyperkube:v1.14.8_f0.0.4"],"sizeBytes":603838350},{"names":["k8s.gcr.io/hyperkube-amd64@sha256:37c0c7d7db008c05aa1db7fcc483225bbd241114445be0e62270448dd41d4a5e","k8s.gcr.io/hyperkube-amd64:v1.13.11"],"sizeBytes":565201122},{"names":["mcr.microsoft.com/aks/hcp/hcp-tunnel-front@sha256:d237ae461a2f3f7d3f32c33b4d7b2f5fb1681c00b840e8515882c29267bc1c9b","mcr.microsoft.com/aks/hcp/hcp-tunnel-front:v1.9.2-v4.0.11"],"sizeBytes":357377808},{"names":["mcr.microsoft.com/aks/hcp/kube-svc-redirect@sha256:af50cfa03a6b02a4173f3adb476f403efde16193f91d02e2ae8123f57ee21204","mcr.microsoft.com/aks/hcp/kube-svc-redirect:v1.0.7"],"sizeBytes":353963611},{"names":["mcr.microsoft.com/aks/hcp/hcp-tunnel-front@sha256:cbd52a7489524e0389688fa9969d6e5c870500d3e5da33583b75bdcb75d40bbc","mcr.microsoft.com/aks/hcp/hcp-tunnel-front:v1.9.2-v3.0.11"],"sizeBytes":353663014},{"names":["mcr.microsoft.com/aks/hcp/kube-svc-redirect@sha256:cbb76d3c813ef07fb22fc00aed24dab249c1a2b05436aac447f9489e91bb8e54","mcr.microsoft.com/aks/hcp/kube-svc-redirect:v1.0.5"],"sizeBytes":346080999},{"names":["mcr.microsoft.com/oss/kubernetes/autoscaler/cluster-proportional-autoscaler@sha256:dc8426f14b517d91272b62d18203475cfd50796d071c48925a662564361a885c","mcr.microsoft.com/oss/kubernetes/autoscaler/cluster-proportional-autoscaler:1.3.0_v0.0.5"],"sizeBytes":250775999},{"names":["mcr.microsoft.com/k8s/csi/azurefile-csi@sha256:3f48233e04580a4344d69921be1a38a0bb1616d0bf86ac3920e9d3c8cc805093","mcr.microsoft.com/k8s/csi/azurefile-csi:v0.3.0"],"sizeBytes":245146481},{"names":["k8s.gcr.io/cluster-autoscaler@sha256:b6834bb69e8fad88110b1dc57097a45bc79e6f2c5f2c2773c871d07389794771","k8s.gcr.io/cluster-autoscaler:v1.12.3"],"sizeBytes":232229241},{"names":["k8s.gcr.io/cluster-autoscaler@sha256:dc5744fd8c22aebfe40d6b62ab97d18d7bfbfc7ab1782509d69a5a9ec514df2c","k8s.gcr.io/cluster-autoscaler:v1.12.2"],"sizeBytes":232167833},{"names":["k8s.gcr.io/cluster-autoscaler@sha256:152cc054ae89f8c3277351057b74b0bc349cf362b6c0618ca142a048be046fe8","k8s.gcr.io/cluster-autoscaler:v1.12.8"],"sizeBytes":231571683},{"names":["k8s.gcr.io/cluster-autoscaler@sha256:a1290d66f623bd7e8d4024ccd4b5b2786f7b2b62691c3d6aac40c1eaf84fc20a","k8s.gcr.io/cluster-autoscaler:v1.12.7"],"sizeBytes":231556587},{"names":["k8s.gcr.io/cluster-autoscaler@sha256:193eaf37788dd5f971dd400b7e3d28e650bfd81c90fa46b234f03eb3d43880e3","k8s.gcr.io/cluster-autoscaler:v1.12.5"],"sizeBytes":231543459},{"names":["k8s.gcr.io/cluster-autoscaler@sha256:e71851267764a068fbb091a4ef3bb874b5ce34db48cb757fcf77779f30ef0207","k8s.gcr.io/cluster-autoscaler:v1.3.7"],"sizeBytes":217353965},{"names":["k8s.gcr.io/cluster-autoscaler@sha256:156b7b9bcba24ed474f67d0feaf27f2506013f15b030341bbd41c630283161b8","k8s.gcr.io/cluster-autoscaler:v1.3.4"],"sizeBytes":217264129},{"names":["k8s.gcr.io/cluster-autoscaler@sha256:97896235bf66bde573d6f2ee150e212ea7010d314eb5d2cfb2ff1af93335db30","k8s.gcr.io/cluster-autoscaler:v1.3.3"],"sizeBytes":217259793},{"names":["k8s.gcr.io/cluster-autoscaler@sha256:b416bf3b6687788b4da4c7ede2bcf067b34ad781862ee3d3dac1d720c5fa38b3","k8s.gcr.io/cluster-autoscaler:v1.3.9"],"sizeBytes":216696035},{"names":["k8s.gcr.io/cluster-autoscaler@sha256:f37a2c84614bdd02475ccb020182caec562cde97fdfd9dae58de66ff89614bc5","k8s.gcr.io/cluster-autoscaler:v1.3.8"],"sizeBytes":216693526},{"names":["k8s.gcr.io/cluster-autoscaler@sha256:b0777becbfc7a56e66b079d2767fdc173121a29165523bbbe309bcb2c0a226aa","k8s.gcr.io/cluster-autoscaler:v1.2.5"],"sizeBytes":212991966},{"names":["k8s.gcr.io/cluster-autoscaler@sha256:36a369ca4643542d501bce0addf8b903f2141ae9e2608662b77a3d24f01d7780","k8s.gcr.io/cluster-autoscaler:v1.2.2"],"sizeBytes":208688449},{"names":["mcr.microsoft.com/k8s/csi/azuredisk-csi@sha256:b3379ebfc891c17312ecaf299977144af6f6ed5180f0eaf79110add8d7381f75","mcr.microsoft.com/k8s/csi/azuredisk-csi:v0.4.0"],"sizeBytes":206475565},{"names":["bitnami/kubectl@sha256:6e3f76099f72806f28605b0c50fb221d9860d8e9e147af559bcac5ffa1083d95"],"sizeBytes":177407107},{"names":["bitnami/kubectl@sha256:1b9bddb660dd470091aa4475b79412cdc384d819ff4ed00a68ab95193f0a3c38","bitnami/kubectl:latest"],"sizeBytes":177407107},{"names":["k8s.gcr.io/kube-apiserver@sha256:e3ec33d533257902ad9ebe3d399c17710e62009201a7202aec941e351545d662","k8s.gcr.io/kube-apiserver:v1.17.0"],"sizeBytes":170957331},{"names":["k8s.gcr.io/kube-controller-manager@sha256:0438efb5098a2ca634ea8c6b0d804742b733d0d13fd53cf62c73e32c659a3c39","k8s.gcr.io/kube-controller-manager:v1.17.0"],"sizeBytes":160877075},{"names":["k8s.gcr.io/cluster-autoscaler@sha256:86ae2c68bdebbfeb5ac73ebe6bef790da6d8e9b4d186852f016f0a46355cd21d","k8s.gcr.io/cluster-autoscaler:v1.14.7"],"sizeBytes":155327664},{"names":["k8s.gcr.io/cluster-autoscaler@sha256:e566a369b14648f257e25cae9bf4b6bea8af7fca47a8b7737fd91ea4934b35fa","k8s.gcr.io/cluster-autoscaler:v1.14.6"],"sizeBytes":155291832},{"names":["k8s.gcr.io/cluster-autoscaler@sha256:06e09e19618609e2b90b9fbdf28786e26772c63bd76c2a156f52dfaafb9487dd","k8s.gcr.io/cluster-autoscaler:v1.15.4"],"sizeBytes":152245942},{"names":["k8s.gcr.io/cluster-autoscaler@sha256:d2fc53a00910c12be4fa0e7f31dcce5af96767dfb481db8163976a8fd65d8042","k8s.gcr.io/cluster-autoscaler:v1.15.3"],"sizeBytes":152236996},{"names":["k8s.gcr.io/cluster-autoscaler@sha256:eea97bdf90e3f6074af2fdeb3df40969c44a721dc8f4d148844de85fe93508ff","k8s.gcr.io/cluster-autoscaler:v1.15.1"],"sizeBytes":152220275},{"names":["k8s.gcr.io/cluster-autoscaler@sha256:5a80893ea1a16a066889ab06934cfa3996d87a7232b10554de4ed8788b1fa212","k8s.gcr.io/cluster-autoscaler:v1.15.2"],"sizeBytes":152220275},{"names":["k8s.gcr.io/cluster-autoscaler@sha256:760232bed2097b5ca742f05b15c94d56ff96ed6b5c93251edc613be045c8d78b","k8s.gcr.io/cluster-autoscaler:v1.15.0"],"sizeBytes":152214996},{"names":["k8s.gcr.io/cloud-controller-manager-amd64@sha256:2629872aa993553e5bbaf901b110b518ab9f911aaf063af8bf05908d1ea309b3","k8s.gcr.io/cloud-controller-manager-amd64:v1.15.5"],"sizeBytes":142931518},{"names":["k8s.gcr.io/cloud-controller-manager-amd64@sha256:b88951245b0fb086152fd02806d01b1aebd72ebf84e82df6bc3950e8e1a7538a","k8s.gcr.io/cloud-controller-manager-amd64:v1.15.4"],"sizeBytes":142927422},{"names":["k8s.gcr.io/cloud-controller-manager-amd64@sha256:c2034c0fe878dc4ca99e00cae0c433a303d6e03a8c1495fd13e33b2b16a153ca","k8s.gcr.io/cloud-controller-manager-amd64:v1.15.7"],"sizeBytes":142927422},{"names":["k8s.gcr.io/cloud-controller-manager-amd64@sha256:b885ae3fd1dde1a364cc6f8834e861c701ffab75a01c7f1319124bf9cade307e","k8s.gcr.io/cloud-controller-manager-amd64:v1.14.7"],"sizeBytes":142326974},{"names":["k8s.gcr.io/cloud-controller-manager-amd64@sha256:a2bed3e9fdaf0b2c558116ea6b436c68aa7b951b158c1fa8d1cc10da891236f2","k8s.gcr.io/cloud-controller-manager-amd64:v1.14.8"],"sizeBytes":142326910},{"names":["k8s.gcr.io/cluster-autoscaler@sha256:69c10f2110ff8d62f0238145e7111564af81e7790491c2d6e078957073851e8f","k8s.gcr.io/cluster-autoscaler:v1.14.5"],"sizeBytes":142164738},{"names":["k8s.gcr.io/cluster-autoscaler@sha256:e7b1e4ddd48f28a7545718a73af4db5f58c8ab8fead702cc3b0411148eb89682","k8s.gcr.io/cluster-autoscaler:v1.14.4"],"sizeBytes":142155886},{"names":["k8s.gcr.io/cluster-autoscaler@sha256:a4e5a8e6d4dc011e6e7a104d6abdfda56274b90357ee9f6e42cc22b70482420b","k8s.gcr.io/cluster-autoscaler:v1.14.0"],"sizeBytes":142102721},{"names":["k8s.gcr.io/cluster-autoscaler@sha256:cbc61e0f6c3ef1c591a0f22ec483826110e2c10acddd5415c0cc2305fd085e69","k8s.gcr.io/cluster-autoscaler:v1.14.2"],"sizeBytes":142099784},{"names":["k8s.gcr.io/cluster-autoscaler@sha256:bf6be7abd987c4f4ddac13a8d41b9279157c8b461538c82ec318eae288d1cb8e","k8s.gcr.io/cluster-autoscaler:v1.13.9"],"sizeBytes":140638208},{"names":["k8s.gcr.io/cluster-autoscaler@sha256:98b89af6737b96fd7fdd7172c0f59e34649f921a351f49fd05e7a845b701006e","k8s.gcr.io/cluster-autoscaler:v1.13.7"],"sizeBytes":136742204}],"config":{}}}]}

        '
    headers:
      audit-id:
      - e5869c74-e307-4017-a2c9-380da4ef5411
      content-type:
      - application/json
      date:
      - Mon, 27 Apr 2020 08:25:44 GMT
      transfer-encoding:
      - chunked
    status:
      code: 200
      message: OK
- request:
    body: null
    headers:
      Accept:
      - application/json
      Content-Type:
      - application/json
      User-Agent:
      - OpenAPI-Generator/11.0.0/python
    method: GET
    uri: https://aadcluster-akkeshar-1bfbb5-bd32ce8d.hcp.eastus.azmk8s.io/version/
  response:
    body:
      string: "{\n  \"major\": \"1\",\n  \"minor\": \"14\",\n  \"gitVersion\": \"v1.14.8\",\n
        \ \"gitCommit\": \"c52f59bbba5fbf21fbb18e9a06f96e563fe4c20a\",\n  \"gitTreeState\":
        \"clean\",\n  \"buildDate\": \"2020-01-31T20:00:26Z\",\n  \"goVersion\": \"go1.12.10\",\n
        \ \"compiler\": \"gc\",\n  \"platform\": \"linux/amd64\"\n}"
    headers:
      audit-id:
      - aa5cb50c-7703-4d8d-b570-b3269647904a
      content-length:
      - '264'
      content-type:
      - application/json
      date:
      - Mon, 27 Apr 2020 08:25:45 GMT
    status:
      code: 200
      message: OK
- request:
    body: null
    headers:
      Accept:
      - application/json
      Content-Type:
      - application/json
      User-Agent:
      - OpenAPI-Generator/11.0.0/python
    method: GET
    uri: https://aadcluster-akkeshar-1bfbb5-bd32ce8d.hcp.eastus.azmk8s.io/api/v1/namespaces/azure-arc/configmaps/azure-clusterconfig
  response:
    body:
      string: '{"kind":"ConfigMap","apiVersion":"v1","metadata":{"name":"azure-clusterconfig","namespace":"azure-arc","selfLink":"/api/v1/namespaces/azure-arc/configmaps/azure-clusterconfig","uid":"ae6c8f18-8860-11ea-81f3-02b94fa537f0","resourceVersion":"9722460","creationTimestamp":"2020-04-27T08:25:41Z"},"data":{"AZURE_ARC_AGENT_VERSION":"0.1.19","AZURE_REGION":"eastus2euap","AZURE_RESOURCE_GROUP":"cli_test_connectedk8s000001","AZURE_RESOURCE_NAME":"test1","AZURE_SUBSCRIPTION_ID":"1bfbb5d0-917e-4346-9026-1d3b344417f5","AZURE_TENANT_ID":"72f988bf-86f1-41af-91ab-2d7cd011db47","CLUSTER_TYPE":"ConnectedClusters","FLUX_CLIENT_DEFAULT_LOCATION":"azurearcfork8s.azurecr.io/arc-preview/fluxctl:0.1.3"}}

        '
    headers:
      audit-id:
      - ab333aa4-be88-4237-8767-be506988f66c
      content-length:
      - '738'
      content-type:
      - application/json
      date:
      - Mon, 27 Apr 2020 08:25:47 GMT
    status:
      code: 200
      message: OK
- request:
    body: '{"tags": {"foo": "doo"}, "location": "eastus2euap", "identity": {"type":
      "SystemAssigned"}, "properties": {"agentPublicKeyCertificate": "MIICCgKCAgEA0nbx4T4flaLIkewTH8np5xOB7zAmAbYC//Sn4djiphpyUui61sLOFBk76OleKFpdIghddbsnRR/mmPoUJRyIdCMi6Y0RwYbButLS/bx8TJmTbqdvC3moVbSvFGtX1+u6d2zei5vhmvXY/Zqih/R8e5flLnSI8fAfpl4/RiHuxHcF/pW9+SJDGwTLYde6apHfoAH4HZwECITp2vAA8ITpMqDH+VLmnyBV6sBlTdsCthR3k4jbF3fPLWQ1PhYQJWiRrqLxbjRU2EVBQ2LbthH51oT5sJzsOlyIqbOBOROCRQLcTOcXbrDo8s52ftRIFDxFguLqD7SgfbWPgQMvDloGsZK4k4nAhbGafuEHj0B5Y7x6JeY4eXPA9mvgcQgS1bPru/qnEfz0TIMUQLGvoTqKyNLlVu2QYJ9xgfDC3jSKjCYjno7uR/UfhNb4TeFC8Z4t0QeeuauHUjU6UwQUF92KRV8oYe+FcG4IhV9Zg/bxxQ/Bub6C8SuO5sx6bnZPzkMwWgfOQjIJMkhjKBOBOXJNyIYFdlS58ddOn/u0058pT0INmDPaMtaxDWGPq3fSmKeefaCFTIVgnB53yxyDO2pKWwXpEofMTCDkXjAsPkyfUV10//n7uiVIQY/9cYPzOT9ogAMws3ms0gpGsVae5krL5vDDCQZKBmnRwWVrRgwSO6MCAwEAAQ==",
      "aadProfile": {"tenantId": "", "clientAppId": "", "serverAppId": ""}}}'
    headers:
      Accept:
      - application/json
      Accept-Encoding:
      - gzip, deflate
      CommandName:
      - connectedk8s connect
      Connection:
      - keep-alive
      Content-Length:
      - '914'
      Content-Type:
      - application/json; charset=utf-8
      ParameterSetName:
      - -g -n -l --tags --kube-config
      User-Agent:
      - python/3.7.0 (Windows-10-10.0.18362-SP0) msrest/0.6.10 msrest_azure/0.6.2
        azure-mgmt-hybridkubernetes/0.1.1 Azure-SDK-For-Python AZURECLI/2.4.0
      accept-language:
      - en-US
    method: PUT
    uri: https://management.azure.com/subscriptions/00000000-0000-0000-0000-000000000000/resourcegroups/cli_test_connectedk8s000001/providers/Microsoft.Kubernetes/connectedClusters/test1?api-version=2020-01-01-preview
  response:
    body:
      string: '{"id":"/subscriptions/00000000-0000-0000-0000-000000000000/resourceGroups/cli_test_connectedk8s000001/providers/Microsoft.Kubernetes/connectedClusters/test1","name":"test1","type":"Microsoft.Kubernetes/connectedClusters","location":"eastus2euap","tags":{"foo":"doo"},"identity":{"type":"SystemAssigned","principalId":"b32382da-6941-41a8-985a-213a2a75761b","tenantId":"72f988bf-86f1-41af-91ab-2d7cd011db47"},"properties":{"provisioningState":"Accepted","agentPublicKeyCertificate":"MIICCgKCAgEA0nbx4T4flaLIkewTH8np5xOB7zAmAbYC//Sn4djiphpyUui61sLOFBk76OleKFpdIghddbsnRR/mmPoUJRyIdCMi6Y0RwYbButLS/bx8TJmTbqdvC3moVbSvFGtX1+u6d2zei5vhmvXY/Zqih/R8e5flLnSI8fAfpl4/RiHuxHcF/pW9+SJDGwTLYde6apHfoAH4HZwECITp2vAA8ITpMqDH+VLmnyBV6sBlTdsCthR3k4jbF3fPLWQ1PhYQJWiRrqLxbjRU2EVBQ2LbthH51oT5sJzsOlyIqbOBOROCRQLcTOcXbrDo8s52ftRIFDxFguLqD7SgfbWPgQMvDloGsZK4k4nAhbGafuEHj0B5Y7x6JeY4eXPA9mvgcQgS1bPru/qnEfz0TIMUQLGvoTqKyNLlVu2QYJ9xgfDC3jSKjCYjno7uR/UfhNb4TeFC8Z4t0QeeuauHUjU6UwQUF92KRV8oYe+FcG4IhV9Zg/bxxQ/Bub6C8SuO5sx6bnZPzkMwWgfOQjIJMkhjKBOBOXJNyIYFdlS58ddOn/u0058pT0INmDPaMtaxDWGPq3fSmKeefaCFTIVgnB53yxyDO2pKWwXpEofMTCDkXjAsPkyfUV10//n7uiVIQY/9cYPzOT9ogAMws3ms0gpGsVae5krL5vDDCQZKBmnRwWVrRgwSO6MCAwEAAQ==","aadProfile":{"tenantId":"","clientAppId":"","serverAppId":""}}}'
    headers:
      azure-asyncoperation:
      - https://management.azure.com/providers/Microsoft.Kubernetes/locations/EastUS2EUAP/operationStatuses/78009754-805b-4924-8a77-7fd75ab835df?api-version=2020-01-01-preview
      cache-control:
      - no-cache
      content-length:
      - '1299'
      content-type:
      - application/json; charset=utf-8
      date:
      - Mon, 27 Apr 2020 08:26:04 GMT
      expires:
      - '-1'
      pragma:
      - no-cache
      server:
      - Kestrel
      strict-transport-security:
      - max-age=31536000; includeSubDomains
      x-content-type-options:
      - nosniff
      x-ms-ratelimit-remaining-subscription-writes:
      - '1199'
    status:
      code: 201
      message: Created
- request:
    body: null
    headers:
      Accept:
      - application/json
      Content-Type:
      - application/json
      User-Agent:
      - OpenAPI-Generator/11.0.0/python
    method: GET
    uri: https://aadcluster-akkeshar-1bfbb5-bd32ce8d.hcp.eastus.azmk8s.io/api/v1/namespaces/azure-arc/pods
  response:
    body:
      string: '{"kind":"PodList","apiVersion":"v1","metadata":{"selfLink":"/api/v1/namespaces/azure-arc/pods","resourceVersion":"9722591"},"items":[{"metadata":{"name":"config-agent-5959fcbbf4-qnbsw","generateName":"config-agent-5959fcbbf4-","namespace":"azure-arc","selfLink":"/api/v1/namespaces/azure-arc/pods/config-agent-5959fcbbf4-qnbsw","uid":"af5aa73a-8860-11ea-81f3-02b94fa537f0","resourceVersion":"9722551","creationTimestamp":"2020-04-27T08:25:42Z","labels":{"app.kubernetes.io/component":"config-agent","app.kubernetes.io/name":"azure-arc-k8s","pod-template-hash":"5959fcbbf4"},"ownerReferences":[{"apiVersion":"apps/v1","kind":"ReplicaSet","name":"config-agent-5959fcbbf4","uid":"af588079-8860-11ea-81f3-02b94fa537f0","controller":true,"blockOwnerDeletion":true}]},"spec":{"volumes":[{"name":"azure-arc-operatorsa-token-6hhs2","secret":{"secretName":"azure-arc-operatorsa-token-6hhs2","defaultMode":420}}],"containers":[{"name":"kube-rbac-proxy","image":"gcr.io/kubebuilder/kube-rbac-proxy:v0.4.0","args":["--secure-listen-address=0.0.0.0:8443","--upstream=http://127.0.0.1:8080/","--logtostderr=true","--v=10"],"ports":[{"name":"https","containerPort":8443,"protocol":"TCP"}],"resources":{},"volumeMounts":[{"name":"azure-arc-operatorsa-token-6hhs2","readOnly":true,"mountPath":"/var/run/secrets/kubernetes.io/serviceaccount"}],"terminationMessagePath":"/dev/termination-log","terminationMessagePolicy":"File","imagePullPolicy":"IfNotPresent"},{"name":"config-agent","image":"azurearcfork8s.azurecr.io/arc-preview/config-agent:0.1.19","env":[{"name":"AZURE_RESOURCE_NAME","valueFrom":{"configMapKeyRef":{"name":"azure-clusterconfig","key":"AZURE_RESOURCE_NAME"}}},{"name":"AZURE_SUBSCRIPTION_ID","valueFrom":{"configMapKeyRef":{"name":"azure-clusterconfig","key":"AZURE_SUBSCRIPTION_ID"}}},{"name":"AZURE_RESOURCE_GROUP","valueFrom":{"configMapKeyRef":{"name":"azure-clusterconfig","key":"AZURE_RESOURCE_GROUP"}}},{"name":"AZURE_REGION","valueFrom":{"configMapKeyRef":{"name":"azure-clusterconfig","key":"AZURE_REGION"}}},{"name":"CLUSTER_TYPE","valueFrom":{"configMapKeyRef":{"name":"azure-clusterconfig","key":"CLUSTER_TYPE"}}},{"name":"FLUX_CLIENT_DEFAULT_LOCATION","valueFrom":{"configMapKeyRef":{"name":"azure-clusterconfig","key":"FLUX_CLIENT_DEFAULT_LOCATION"}}}],"resources":{},"volumeMounts":[{"name":"azure-arc-operatorsa-token-6hhs2","readOnly":true,"mountPath":"/var/run/secrets/kubernetes.io/serviceaccount"}],"terminationMessagePath":"/dev/termination-log","terminationMessagePolicy":"File","imagePullPolicy":"Always"}],"restartPolicy":"Always","terminationGracePeriodSeconds":30,"dnsPolicy":"ClusterFirst","serviceAccountName":"azure-arc-operatorsa","serviceAccount":"azure-arc-operatorsa","nodeName":"aks-nodepool1-39175733-1","securityContext":{},"schedulerName":"default-scheduler","tolerations":[{"key":"node.kubernetes.io/not-ready","operator":"Exists","effect":"NoExecute","tolerationSeconds":300},{"key":"node.kubernetes.io/unreachable","operator":"Exists","effect":"NoExecute","tolerationSeconds":300}],"priority":0,"enableServiceLinks":true},"status":{"phase":"Running","conditions":[{"type":"Initialized","status":"True","lastProbeTime":null,"lastTransitionTime":"2020-04-27T08:25:43Z"},{"type":"Ready","status":"True","lastProbeTime":null,"lastTransitionTime":"2020-04-27T08:25:46Z"},{"type":"ContainersReady","status":"True","lastProbeTime":null,"lastTransitionTime":"2020-04-27T08:25:46Z"},{"type":"PodScheduled","status":"True","lastProbeTime":null,"lastTransitionTime":"2020-04-27T08:25:42Z"}],"hostIP":"10.240.0.6","podIP":"10.244.1.30","startTime":"2020-04-27T08:25:43Z","containerStatuses":[{"name":"config-agent","state":{"running":{"startedAt":"2020-04-27T08:25:45Z"}},"lastState":{},"ready":true,"restartCount":0,"image":"azurearcfork8s.azurecr.io/arc-preview/config-agent:0.1.19","imageID":"docker-pullable://azurearcfork8s.azurecr.io/arc-preview/config-agent@sha256:766f5acc681d0764948f89e7252f874d8d2f23ffad38d449d0d84f7794185b6e","containerID":"docker://2f5882547d1c0b71f6904465906d06839add3a5493ae11ab77b7839694e2ea19"},{"name":"kube-rbac-proxy","state":{"running":{"startedAt":"2020-04-27T08:25:45Z"}},"lastState":{},"ready":true,"restartCount":0,"image":"gcr.io/kubebuilder/kube-rbac-proxy:v0.4.0","imageID":"docker-pullable://gcr.io/kubebuilder/kube-rbac-proxy@sha256:297896d96b827bbcb1abd696da1b2d81cab88359ac34cce0e8281f266b4e08de","containerID":"docker://2194b34a35a1e684ae0c88b382e14c46687ee95978dc80c3e14b3e27cfe498d8"}],"qosClass":"BestEffort"}},{"metadata":{"name":"controller-manager-6c57776944-8c8qw","generateName":"controller-manager-6c57776944-","namespace":"azure-arc","selfLink":"/api/v1/namespaces/azure-arc/pods/controller-manager-6c57776944-8c8qw","uid":"af5a5e57-8860-11ea-81f3-02b94fa537f0","resourceVersion":"9722547","creationTimestamp":"2020-04-27T08:25:42Z","labels":{"control-plane":"controller-manager","pod-template-hash":"6c57776944"},"ownerReferences":[{"apiVersion":"apps/v1","kind":"ReplicaSet","name":"controller-manager-6c57776944","uid":"af582b2d-8860-11ea-81f3-02b94fa537f0","controller":true,"blockOwnerDeletion":true}]},"spec":{"volumes":[{"name":"azure-arc-operatorsa-token-6hhs2","secret":{"secretName":"azure-arc-operatorsa-token-6hhs2","defaultMode":420}}],"containers":[{"name":"kube-rbac-proxy","image":"gcr.io/kubebuilder/kube-rbac-proxy:v0.4.0","args":["--secure-listen-address=0.0.0.0:8443","--upstream=http://127.0.0.1:8080/","--logtostderr=true","--v=10"],"ports":[{"name":"https","containerPort":8443,"protocol":"TCP"}],"resources":{},"volumeMounts":[{"name":"azure-arc-operatorsa-token-6hhs2","readOnly":true,"mountPath":"/var/run/secrets/kubernetes.io/serviceaccount"}],"terminationMessagePath":"/dev/termination-log","terminationMessagePolicy":"File","imagePullPolicy":"IfNotPresent"},{"name":"manager","image":"azurearcfork8s.azurecr.io/arc-preview/configoperator:0.1.19","command":["/data/manager"],"args":["--metrics-addr=127.0.0.1:8080","--enable-leader-election"],"env":[{"name":"AZURE_RESOURCE_NAME","valueFrom":{"configMapKeyRef":{"name":"azure-clusterconfig","key":"AZURE_RESOURCE_NAME"}}},{"name":"AZURE_SUBSCRIPTION_ID","valueFrom":{"configMapKeyRef":{"name":"azure-clusterconfig","key":"AZURE_SUBSCRIPTION_ID"}}},{"name":"AZURE_RESOURCE_GROUP","valueFrom":{"configMapKeyRef":{"name":"azure-clusterconfig","key":"AZURE_RESOURCE_GROUP"}}},{"name":"AZURE_REGION","valueFrom":{"configMapKeyRef":{"name":"azure-clusterconfig","key":"AZURE_REGION"}}},{"name":"CLUSTER_TYPE","valueFrom":{"configMapKeyRef":{"name":"azure-clusterconfig","key":"CLUSTER_TYPE"}}}],"resources":{"limits":{"cpu":"100m","memory":"300Mi"},"requests":{"cpu":"100m","memory":"100Mi"}},"volumeMounts":[{"name":"azure-arc-operatorsa-token-6hhs2","readOnly":true,"mountPath":"/var/run/secrets/kubernetes.io/serviceaccount"}],"terminationMessagePath":"/dev/termination-log","terminationMessagePolicy":"File","imagePullPolicy":"Always"}],"restartPolicy":"Always","terminationGracePeriodSeconds":10,"dnsPolicy":"ClusterFirst","serviceAccountName":"azure-arc-operatorsa","serviceAccount":"azure-arc-operatorsa","nodeName":"aks-nodepool1-39175733-0","securityContext":{},"schedulerName":"default-scheduler","tolerations":[{"key":"node.kubernetes.io/not-ready","operator":"Exists","effect":"NoExecute","tolerationSeconds":300},{"key":"node.kubernetes.io/unreachable","operator":"Exists","effect":"NoExecute","tolerationSeconds":300}],"priority":0,"enableServiceLinks":true},"status":{"phase":"Running","conditions":[{"type":"Initialized","status":"True","lastProbeTime":null,"lastTransitionTime":"2020-04-27T08:25:42Z"},{"type":"Ready","status":"True","lastProbeTime":null,"lastTransitionTime":"2020-04-27T08:25:46Z"},{"type":"ContainersReady","status":"True","lastProbeTime":null,"lastTransitionTime":"2020-04-27T08:25:46Z"},{"type":"PodScheduled","status":"True","lastProbeTime":null,"lastTransitionTime":"2020-04-27T08:25:42Z"}],"hostIP":"10.240.0.4","podIP":"10.244.2.64","startTime":"2020-04-27T08:25:42Z","containerStatuses":[{"name":"kube-rbac-proxy","state":{"running":{"startedAt":"2020-04-27T08:25:44Z"}},"lastState":{},"ready":true,"restartCount":0,"image":"gcr.io/kubebuilder/kube-rbac-proxy:v0.4.0","imageID":"docker-pullable://gcr.io/kubebuilder/kube-rbac-proxy@sha256:297896d96b827bbcb1abd696da1b2d81cab88359ac34cce0e8281f266b4e08de","containerID":"docker://a4bc096c9020c26192d105a02f3e01536c8024b1ccbe78c3066a673acdb8d366"},{"name":"manager","state":{"running":{"startedAt":"2020-04-27T08:25:45Z"}},"lastState":{},"ready":true,"restartCount":0,"image":"azurearcfork8s.azurecr.io/arc-preview/configoperator:0.1.19","imageID":"docker-pullable://azurearcfork8s.azurecr.io/arc-preview/configoperator@sha256:ea33b13ee5d596650cfeced4e593c9b10f46a6f6a6a35aae80187efdf9eae7e2","containerID":"docker://f5ccd12b04d66b9b47ea3883b3e6be60449ba82c650036aab0aff317552fed85"}],"qosClass":"Burstable"}},{"metadata":{"name":"metrics-agent-844ffbfd84-plp6m","generateName":"metrics-agent-844ffbfd84-","namespace":"azure-arc","selfLink":"/api/v1/namespaces/azure-arc/pods/metrics-agent-844ffbfd84-plp6m","uid":"af5a579e-8860-11ea-81f3-02b94fa537f0","resourceVersion":"9722539","creationTimestamp":"2020-04-27T08:25:42Z","labels":{"app.kubernetes.io/component":"metrics-agent","app.kubernetes.io/name":"azure-arc-k8s","pod-template-hash":"844ffbfd84"},"ownerReferences":[{"apiVersion":"apps/v1","kind":"ReplicaSet","name":"metrics-agent-844ffbfd84","uid":"af581f62-8860-11ea-81f3-02b94fa537f0","controller":true,"blockOwnerDeletion":true}]},"spec":{"volumes":[{"name":"azure-arc-operatorsa-token-6hhs2","secret":{"secretName":"azure-arc-operatorsa-token-6hhs2","defaultMode":420}}],"containers":[{"name":"metrics-agent","image":"azurearcfork8s.azurecr.io/arc-preview/metrics-agent:0.1.19","env":[{"name":"AZURE_RESOURCE_NAME","valueFrom":{"configMapKeyRef":{"name":"azure-clusterconfig","key":"AZURE_RESOURCE_NAME"}}},{"name":"AZURE_SUBSCRIPTION_ID","valueFrom":{"configMapKeyRef":{"name":"azure-clusterconfig","key":"AZURE_SUBSCRIPTION_ID"}}},{"name":"AZURE_RESOURCE_GROUP","valueFrom":{"configMapKeyRef":{"name":"azure-clusterconfig","key":"AZURE_RESOURCE_GROUP"}}},{"name":"AZURE_REGION","valueFrom":{"configMapKeyRef":{"name":"azure-clusterconfig","key":"AZURE_REGION"}}},{"name":"CLUSTER_TYPE","valueFrom":{"configMapKeyRef":{"name":"azure-clusterconfig","key":"CLUSTER_TYPE"}}}],"resources":{},"volumeMounts":[{"name":"azure-arc-operatorsa-token-6hhs2","readOnly":true,"mountPath":"/var/run/secrets/kubernetes.io/serviceaccount"}],"terminationMessagePath":"/dev/termination-log","terminationMessagePolicy":"File","imagePullPolicy":"Always"}],"restartPolicy":"Always","terminationGracePeriodSeconds":30,"dnsPolicy":"ClusterFirst","serviceAccountName":"azure-arc-operatorsa","serviceAccount":"azure-arc-operatorsa","nodeName":"aks-nodepool1-39175733-1","securityContext":{},"schedulerName":"default-scheduler","tolerations":[{"key":"node.kubernetes.io/not-ready","operator":"Exists","effect":"NoExecute","tolerationSeconds":300},{"key":"node.kubernetes.io/unreachable","operator":"Exists","effect":"NoExecute","tolerationSeconds":300}],"priority":0,"enableServiceLinks":true},"status":{"phase":"Running","conditions":[{"type":"Initialized","status":"True","lastProbeTime":null,"lastTransitionTime":"2020-04-27T08:25:42Z"},{"type":"Ready","status":"True","lastProbeTime":null,"lastTransitionTime":"2020-04-27T08:25:45Z"},{"type":"ContainersReady","status":"True","lastProbeTime":null,"lastTransitionTime":"2020-04-27T08:25:45Z"},{"type":"PodScheduled","status":"True","lastProbeTime":null,"lastTransitionTime":"2020-04-27T08:25:42Z"}],"hostIP":"10.240.0.6","podIP":"10.244.1.29","startTime":"2020-04-27T08:25:42Z","containerStatuses":[{"name":"metrics-agent","state":{"running":{"startedAt":"2020-04-27T08:25:45Z"}},"lastState":{},"ready":true,"restartCount":0,"image":"azurearcfork8s.azurecr.io/arc-preview/metrics-agent:0.1.19","imageID":"docker-pullable://azurearcfork8s.azurecr.io/arc-preview/metrics-agent@sha256:47f694735b320866359942eecca0e45e6539a530da5721c38c5e80d02e26463b","containerID":"docker://bdc1600783c506084dc7e7d2d38dc86cbb82e10d6f61dbad6725baa6b7347028"}],"qosClass":"BestEffort"}}]}

        '
    headers:
      audit-id:
      - cc094fb4-0dcd-4bf4-8f12-3a0626a9c3c4
      content-type:
      - application/json
      date:
      - Mon, 27 Apr 2020 08:26:05 GMT
      transfer-encoding:
      - chunked
    status:
      code: 200
      message: OK
- request:
    body: null
    headers:
      Accept:
      - application/json
      Accept-Encoding:
      - gzip, deflate
      CommandName:
      - connectedk8s connect
      Connection:
      - keep-alive
      ParameterSetName:
      - -g -n -l --tags --kube-config
      User-Agent:
      - python/3.7.0 (Windows-10-10.0.18362-SP0) msrest/0.6.10 msrest_azure/0.6.2
        azure-mgmt-hybridkubernetes/0.1.1 Azure-SDK-For-Python AZURECLI/2.4.0
    method: GET
    uri: https://management.azure.com/providers/Microsoft.Kubernetes/locations/EastUS2EUAP/operationStatuses/78009754-805b-4924-8a77-7fd75ab835df?api-version=2020-01-01-preview
  response:
    body:
      string: '{"id":"/providers/Microsoft.Kubernetes/locations/EastUS2EUAP/operationStatuses/78009754-805b-4924-8a77-7fd75ab835df","name":"78009754-805b-4924-8a77-7fd75ab835df","status":"Succeeded","startTime":"2020-04-27T08:26:00.047147Z","properties":{"provisioningState":"Succeeded"}}'
    headers:
      cache-control:
      - no-cache
      content-length:
      - '273'
      content-type:
      - application/json; charset=utf-8
      date:
      - Mon, 27 Apr 2020 08:26:34 GMT
      expires:
      - '-1'
      pragma:
      - no-cache
      server:
      - Kestrel
      strict-transport-security:
      - max-age=31536000; includeSubDomains
      transfer-encoding:
      - chunked
      vary:
      - Accept-Encoding
      x-content-type-options:
      - nosniff
    status:
      code: 200
      message: OK
- request:
    body: null
    headers:
      Accept:
      - application/json
      Accept-Encoding:
      - gzip, deflate
      CommandName:
      - connectedk8s connect
      Connection:
      - keep-alive
      ParameterSetName:
      - -g -n -l --tags --kube-config
      User-Agent:
      - python/3.7.0 (Windows-10-10.0.18362-SP0) msrest/0.6.10 msrest_azure/0.6.2
        azure-mgmt-hybridkubernetes/0.1.1 Azure-SDK-For-Python AZURECLI/2.4.0
    method: GET
    uri: https://management.azure.com/subscriptions/00000000-0000-0000-0000-000000000000/resourcegroups/cli_test_connectedk8s000001/providers/Microsoft.Kubernetes/connectedClusters/test1?api-version=2020-01-01-preview
  response:
    body:
      string: '{"id":"/subscriptions/00000000-0000-0000-0000-000000000000/resourceGroups/cli_test_connectedk8s000001/providers/Microsoft.Kubernetes/connectedClusters/test1","name":"test1","type":"Microsoft.Kubernetes/connectedClusters","location":"eastus2euap","tags":{"foo":"doo"},"identity":{"type":"SystemAssigned","principalId":"b32382da-6941-41a8-985a-213a2a75761b","tenantId":"72f988bf-86f1-41af-91ab-2d7cd011db47"},"properties":{"provisioningState":"Succeeded","agentPublicKeyCertificate":"MIICCgKCAgEA0nbx4T4flaLIkewTH8np5xOB7zAmAbYC//Sn4djiphpyUui61sLOFBk76OleKFpdIghddbsnRR/mmPoUJRyIdCMi6Y0RwYbButLS/bx8TJmTbqdvC3moVbSvFGtX1+u6d2zei5vhmvXY/Zqih/R8e5flLnSI8fAfpl4/RiHuxHcF/pW9+SJDGwTLYde6apHfoAH4HZwECITp2vAA8ITpMqDH+VLmnyBV6sBlTdsCthR3k4jbF3fPLWQ1PhYQJWiRrqLxbjRU2EVBQ2LbthH51oT5sJzsOlyIqbOBOROCRQLcTOcXbrDo8s52ftRIFDxFguLqD7SgfbWPgQMvDloGsZK4k4nAhbGafuEHj0B5Y7x6JeY4eXPA9mvgcQgS1bPru/qnEfz0TIMUQLGvoTqKyNLlVu2QYJ9xgfDC3jSKjCYjno7uR/UfhNb4TeFC8Z4t0QeeuauHUjU6UwQUF92KRV8oYe+FcG4IhV9Zg/bxxQ/Bub6C8SuO5sx6bnZPzkMwWgfOQjIJMkhjKBOBOXJNyIYFdlS58ddOn/u0058pT0INmDPaMtaxDWGPq3fSmKeefaCFTIVgnB53yxyDO2pKWwXpEofMTCDkXjAsPkyfUV10//n7uiVIQY/9cYPzOT9ogAMws3ms0gpGsVae5krL5vDDCQZKBmnRwWVrRgwSO6MCAwEAAQ==","aadProfile":{"tenantId":"","clientAppId":"","serverAppId":""}}}'
    headers:
      cache-control:
      - no-cache
      content-length:
      - '1300'
      content-type:
      - application/json; charset=utf-8
      date:
      - Mon, 27 Apr 2020 08:26:35 GMT
      expires:
      - '-1'
      pragma:
      - no-cache
      server:
      - Kestrel
      strict-transport-security:
      - max-age=31536000; includeSubDomains
      transfer-encoding:
      - chunked
      vary:
      - Accept-Encoding
      x-content-type-options:
      - nosniff
    status:
      code: 200
      message: OK
- request:
    body: null
    headers:
      Accept:
      - application/json
      Content-Type:
      - application/json
      User-Agent:
      - OpenAPI-Generator/11.0.0/python
    method: GET
    uri: https://aadcluster-akkeshar-1bfbb5-bd32ce8d.hcp.eastus.azmk8s.io/api/v1/namespaces/azure-arc/pods?timeoutSeconds=30&watch=True
  response:
    body:
      string: '{"type":"ADDED","object":{"kind":"Pod","apiVersion":"v1","metadata":{"name":"controller-manager-6c57776944-8c8qw","generateName":"controller-manager-6c57776944-","namespace":"azure-arc","selfLink":"/api/v1/namespaces/azure-arc/pods/controller-manager-6c57776944-8c8qw","uid":"af5a5e57-8860-11ea-81f3-02b94fa537f0","resourceVersion":"9722547","creationTimestamp":"2020-04-27T08:25:42Z","labels":{"control-plane":"controller-manager","pod-template-hash":"6c57776944"},"ownerReferences":[{"apiVersion":"apps/v1","kind":"ReplicaSet","name":"controller-manager-6c57776944","uid":"af582b2d-8860-11ea-81f3-02b94fa537f0","controller":true,"blockOwnerDeletion":true}]},"spec":{"volumes":[{"name":"azure-arc-operatorsa-token-6hhs2","secret":{"secretName":"azure-arc-operatorsa-token-6hhs2","defaultMode":420}}],"containers":[{"name":"kube-rbac-proxy","image":"gcr.io/kubebuilder/kube-rbac-proxy:v0.4.0","args":["--secure-listen-address=0.0.0.0:8443","--upstream=http://127.0.0.1:8080/","--logtostderr=true","--v=10"],"ports":[{"name":"https","containerPort":8443,"protocol":"TCP"}],"resources":{},"volumeMounts":[{"name":"azure-arc-operatorsa-token-6hhs2","readOnly":true,"mountPath":"/var/run/secrets/kubernetes.io/serviceaccount"}],"terminationMessagePath":"/dev/termination-log","terminationMessagePolicy":"File","imagePullPolicy":"IfNotPresent"},{"name":"manager","image":"azurearcfork8s.azurecr.io/arc-preview/configoperator:0.1.19","command":["/data/manager"],"args":["--metrics-addr=127.0.0.1:8080","--enable-leader-election"],"env":[{"name":"AZURE_RESOURCE_NAME","valueFrom":{"configMapKeyRef":{"name":"azure-clusterconfig","key":"AZURE_RESOURCE_NAME"}}},{"name":"AZURE_SUBSCRIPTION_ID","valueFrom":{"configMapKeyRef":{"name":"azure-clusterconfig","key":"AZURE_SUBSCRIPTION_ID"}}},{"name":"AZURE_RESOURCE_GROUP","valueFrom":{"configMapKeyRef":{"name":"azure-clusterconfig","key":"AZURE_RESOURCE_GROUP"}}},{"name":"AZURE_REGION","valueFrom":{"configMapKeyRef":{"name":"azure-clusterconfig","key":"AZURE_REGION"}}},{"name":"CLUSTER_TYPE","valueFrom":{"configMapKeyRef":{"name":"azure-clusterconfig","key":"CLUSTER_TYPE"}}}],"resources":{"limits":{"cpu":"100m","memory":"300Mi"},"requests":{"cpu":"100m","memory":"100Mi"}},"volumeMounts":[{"name":"azure-arc-operatorsa-token-6hhs2","readOnly":true,"mountPath":"/var/run/secrets/kubernetes.io/serviceaccount"}],"terminationMessagePath":"/dev/termination-log","terminationMessagePolicy":"File","imagePullPolicy":"Always"}],"restartPolicy":"Always","terminationGracePeriodSeconds":10,"dnsPolicy":"ClusterFirst","serviceAccountName":"azure-arc-operatorsa","serviceAccount":"azure-arc-operatorsa","nodeName":"aks-nodepool1-39175733-0","securityContext":{},"schedulerName":"default-scheduler","tolerations":[{"key":"node.kubernetes.io/not-ready","operator":"Exists","effect":"NoExecute","tolerationSeconds":300},{"key":"node.kubernetes.io/unreachable","operator":"Exists","effect":"NoExecute","tolerationSeconds":300}],"priority":0,"enableServiceLinks":true},"status":{"phase":"Running","conditions":[{"type":"Initialized","status":"True","lastProbeTime":null,"lastTransitionTime":"2020-04-27T08:25:42Z"},{"type":"Ready","status":"True","lastProbeTime":null,"lastTransitionTime":"2020-04-27T08:25:46Z"},{"type":"ContainersReady","status":"True","lastProbeTime":null,"lastTransitionTime":"2020-04-27T08:25:46Z"},{"type":"PodScheduled","status":"True","lastProbeTime":null,"lastTransitionTime":"2020-04-27T08:25:42Z"}],"hostIP":"10.240.0.4","podIP":"10.244.2.64","startTime":"2020-04-27T08:25:42Z","containerStatuses":[{"name":"kube-rbac-proxy","state":{"running":{"startedAt":"2020-04-27T08:25:44Z"}},"lastState":{},"ready":true,"restartCount":0,"image":"gcr.io/kubebuilder/kube-rbac-proxy:v0.4.0","imageID":"docker-pullable://gcr.io/kubebuilder/kube-rbac-proxy@sha256:297896d96b827bbcb1abd696da1b2d81cab88359ac34cce0e8281f266b4e08de","containerID":"docker://a4bc096c9020c26192d105a02f3e01536c8024b1ccbe78c3066a673acdb8d366"},{"name":"manager","state":{"running":{"startedAt":"2020-04-27T08:25:45Z"}},"lastState":{},"ready":true,"restartCount":0,"image":"azurearcfork8s.azurecr.io/arc-preview/configoperator:0.1.19","imageID":"docker-pullable://azurearcfork8s.azurecr.io/arc-preview/configoperator@sha256:ea33b13ee5d596650cfeced4e593c9b10f46a6f6a6a35aae80187efdf9eae7e2","containerID":"docker://f5ccd12b04d66b9b47ea3883b3e6be60449ba82c650036aab0aff317552fed85"}],"qosClass":"Burstable"}}}

        {"type":"ADDED","object":{"kind":"Pod","apiVersion":"v1","metadata":{"name":"config-agent-5959fcbbf4-qnbsw","generateName":"config-agent-5959fcbbf4-","namespace":"azure-arc","selfLink":"/api/v1/namespaces/azure-arc/pods/config-agent-5959fcbbf4-qnbsw","uid":"af5aa73a-8860-11ea-81f3-02b94fa537f0","resourceVersion":"9722551","creationTimestamp":"2020-04-27T08:25:42Z","labels":{"app.kubernetes.io/component":"config-agent","app.kubernetes.io/name":"azure-arc-k8s","pod-template-hash":"5959fcbbf4"},"ownerReferences":[{"apiVersion":"apps/v1","kind":"ReplicaSet","name":"config-agent-5959fcbbf4","uid":"af588079-8860-11ea-81f3-02b94fa537f0","controller":true,"blockOwnerDeletion":true}]},"spec":{"volumes":[{"name":"azure-arc-operatorsa-token-6hhs2","secret":{"secretName":"azure-arc-operatorsa-token-6hhs2","defaultMode":420}}],"containers":[{"name":"kube-rbac-proxy","image":"gcr.io/kubebuilder/kube-rbac-proxy:v0.4.0","args":["--secure-listen-address=0.0.0.0:8443","--upstream=http://127.0.0.1:8080/","--logtostderr=true","--v=10"],"ports":[{"name":"https","containerPort":8443,"protocol":"TCP"}],"resources":{},"volumeMounts":[{"name":"azure-arc-operatorsa-token-6hhs2","readOnly":true,"mountPath":"/var/run/secrets/kubernetes.io/serviceaccount"}],"terminationMessagePath":"/dev/termination-log","terminationMessagePolicy":"File","imagePullPolicy":"IfNotPresent"},{"name":"config-agent","image":"azurearcfork8s.azurecr.io/arc-preview/config-agent:0.1.19","env":[{"name":"AZURE_RESOURCE_NAME","valueFrom":{"configMapKeyRef":{"name":"azure-clusterconfig","key":"AZURE_RESOURCE_NAME"}}},{"name":"AZURE_SUBSCRIPTION_ID","valueFrom":{"configMapKeyRef":{"name":"azure-clusterconfig","key":"AZURE_SUBSCRIPTION_ID"}}},{"name":"AZURE_RESOURCE_GROUP","valueFrom":{"configMapKeyRef":{"name":"azure-clusterconfig","key":"AZURE_RESOURCE_GROUP"}}},{"name":"AZURE_REGION","valueFrom":{"configMapKeyRef":{"name":"azure-clusterconfig","key":"AZURE_REGION"}}},{"name":"CLUSTER_TYPE","valueFrom":{"configMapKeyRef":{"name":"azure-clusterconfig","key":"CLUSTER_TYPE"}}},{"name":"FLUX_CLIENT_DEFAULT_LOCATION","valueFrom":{"configMapKeyRef":{"name":"azure-clusterconfig","key":"FLUX_CLIENT_DEFAULT_LOCATION"}}}],"resources":{},"volumeMounts":[{"name":"azure-arc-operatorsa-token-6hhs2","readOnly":true,"mountPath":"/var/run/secrets/kubernetes.io/serviceaccount"}],"terminationMessagePath":"/dev/termination-log","terminationMessagePolicy":"File","imagePullPolicy":"Always"}],"restartPolicy":"Always","terminationGracePeriodSeconds":30,"dnsPolicy":"ClusterFirst","serviceAccountName":"azure-arc-operatorsa","serviceAccount":"azure-arc-operatorsa","nodeName":"aks-nodepool1-39175733-1","securityContext":{},"schedulerName":"default-scheduler","tolerations":[{"key":"node.kubernetes.io/not-ready","operator":"Exists","effect":"NoExecute","tolerationSeconds":300},{"key":"node.kubernetes.io/unreachable","operator":"Exists","effect":"NoExecute","tolerationSeconds":300}],"priority":0,"enableServiceLinks":true},"status":{"phase":"Running","conditions":[{"type":"Initialized","status":"True","lastProbeTime":null,"lastTransitionTime":"2020-04-27T08:25:43Z"},{"type":"Ready","status":"True","lastProbeTime":null,"lastTransitionTime":"2020-04-27T08:25:46Z"},{"type":"ContainersReady","status":"True","lastProbeTime":null,"lastTransitionTime":"2020-04-27T08:25:46Z"},{"type":"PodScheduled","status":"True","lastProbeTime":null,"lastTransitionTime":"2020-04-27T08:25:42Z"}],"hostIP":"10.240.0.6","podIP":"10.244.1.30","startTime":"2020-04-27T08:25:43Z","containerStatuses":[{"name":"config-agent","state":{"running":{"startedAt":"2020-04-27T08:25:45Z"}},"lastState":{},"ready":true,"restartCount":0,"image":"azurearcfork8s.azurecr.io/arc-preview/config-agent:0.1.19","imageID":"docker-pullable://azurearcfork8s.azurecr.io/arc-preview/config-agent@sha256:766f5acc681d0764948f89e7252f874d8d2f23ffad38d449d0d84f7794185b6e","containerID":"docker://2f5882547d1c0b71f6904465906d06839add3a5493ae11ab77b7839694e2ea19"},{"name":"kube-rbac-proxy","state":{"running":{"startedAt":"2020-04-27T08:25:45Z"}},"lastState":{},"ready":true,"restartCount":0,"image":"gcr.io/kubebuilder/kube-rbac-proxy:v0.4.0","imageID":"docker-pullable://gcr.io/kubebuilder/kube-rbac-proxy@sha256:297896d96b827bbcb1abd696da1b2d81cab88359ac34cce0e8281f266b4e08de","containerID":"docker://2194b34a35a1e684ae0c88b382e14c46687ee95978dc80c3e14b3e27cfe498d8"}],"qosClass":"BestEffort"}}}

        {"type":"ADDED","object":{"kind":"Pod","apiVersion":"v1","metadata":{"name":"metrics-agent-844ffbfd84-plp6m","generateName":"metrics-agent-844ffbfd84-","namespace":"azure-arc","selfLink":"/api/v1/namespaces/azure-arc/pods/metrics-agent-844ffbfd84-plp6m","uid":"af5a579e-8860-11ea-81f3-02b94fa537f0","resourceVersion":"9722539","creationTimestamp":"2020-04-27T08:25:42Z","labels":{"app.kubernetes.io/component":"metrics-agent","app.kubernetes.io/name":"azure-arc-k8s","pod-template-hash":"844ffbfd84"},"ownerReferences":[{"apiVersion":"apps/v1","kind":"ReplicaSet","name":"metrics-agent-844ffbfd84","uid":"af581f62-8860-11ea-81f3-02b94fa537f0","controller":true,"blockOwnerDeletion":true}]},"spec":{"volumes":[{"name":"azure-arc-operatorsa-token-6hhs2","secret":{"secretName":"azure-arc-operatorsa-token-6hhs2","defaultMode":420}}],"containers":[{"name":"metrics-agent","image":"azurearcfork8s.azurecr.io/arc-preview/metrics-agent:0.1.19","env":[{"name":"AZURE_RESOURCE_NAME","valueFrom":{"configMapKeyRef":{"name":"azure-clusterconfig","key":"AZURE_RESOURCE_NAME"}}},{"name":"AZURE_SUBSCRIPTION_ID","valueFrom":{"configMapKeyRef":{"name":"azure-clusterconfig","key":"AZURE_SUBSCRIPTION_ID"}}},{"name":"AZURE_RESOURCE_GROUP","valueFrom":{"configMapKeyRef":{"name":"azure-clusterconfig","key":"AZURE_RESOURCE_GROUP"}}},{"name":"AZURE_REGION","valueFrom":{"configMapKeyRef":{"name":"azure-clusterconfig","key":"AZURE_REGION"}}},{"name":"CLUSTER_TYPE","valueFrom":{"configMapKeyRef":{"name":"azure-clusterconfig","key":"CLUSTER_TYPE"}}}],"resources":{},"volumeMounts":[{"name":"azure-arc-operatorsa-token-6hhs2","readOnly":true,"mountPath":"/var/run/secrets/kubernetes.io/serviceaccount"}],"terminationMessagePath":"/dev/termination-log","terminationMessagePolicy":"File","imagePullPolicy":"Always"}],"restartPolicy":"Always","terminationGracePeriodSeconds":30,"dnsPolicy":"ClusterFirst","serviceAccountName":"azure-arc-operatorsa","serviceAccount":"azure-arc-operatorsa","nodeName":"aks-nodepool1-39175733-1","securityContext":{},"schedulerName":"default-scheduler","tolerations":[{"key":"node.kubernetes.io/not-ready","operator":"Exists","effect":"NoExecute","tolerationSeconds":300},{"key":"node.kubernetes.io/unreachable","operator":"Exists","effect":"NoExecute","tolerationSeconds":300}],"priority":0,"enableServiceLinks":true},"status":{"phase":"Running","conditions":[{"type":"Initialized","status":"True","lastProbeTime":null,"lastTransitionTime":"2020-04-27T08:25:42Z"},{"type":"Ready","status":"True","lastProbeTime":null,"lastTransitionTime":"2020-04-27T08:25:45Z"},{"type":"ContainersReady","status":"True","lastProbeTime":null,"lastTransitionTime":"2020-04-27T08:25:45Z"},{"type":"PodScheduled","status":"True","lastProbeTime":null,"lastTransitionTime":"2020-04-27T08:25:42Z"}],"hostIP":"10.240.0.6","podIP":"10.244.1.29","startTime":"2020-04-27T08:25:42Z","containerStatuses":[{"name":"metrics-agent","state":{"running":{"startedAt":"2020-04-27T08:25:45Z"}},"lastState":{},"ready":true,"restartCount":0,"image":"azurearcfork8s.azurecr.io/arc-preview/metrics-agent:0.1.19","imageID":"docker-pullable://azurearcfork8s.azurecr.io/arc-preview/metrics-agent@sha256:47f694735b320866359942eecca0e45e6539a530da5721c38c5e80d02e26463b","containerID":"docker://bdc1600783c506084dc7e7d2d38dc86cbb82e10d6f61dbad6725baa6b7347028"}],"qosClass":"BestEffort"}}}

        '
    headers:
      audit-id:
      - d3d02577-24ae-460e-8ab5-58e4be3cdc32
      content-type:
      - application/json
      date:
      - Mon, 27 Apr 2020 08:26:07 GMT
      transfer-encoding:
      - chunked
    status:
      code: 200
      message: OK
- request:
    body: null
    headers:
      Accept:
      - application/json
      Accept-Encoding:
      - gzip, deflate
      CommandName:
      - connectedk8s show
      Connection:
      - keep-alive
      ParameterSetName:
      - -g -n
      User-Agent:
      - python/3.7.0 (Windows-10-10.0.18362-SP0) msrest/0.6.10 msrest_azure/0.6.2
        azure-mgmt-hybridkubernetes/0.1.1 Azure-SDK-For-Python AZURECLI/2.4.0
      accept-language:
      - en-US
    method: GET
    uri: https://management.azure.com/subscriptions/00000000-0000-0000-0000-000000000000/resourcegroups/cli_test_connectedk8s000001/providers/Microsoft.Kubernetes/connectedClusters/test1?api-version=2020-01-01-preview
  response:
    body:
      string: '{"id":"/subscriptions/00000000-0000-0000-0000-000000000000/resourceGroups/cli_test_connectedk8s000001/providers/Microsoft.Kubernetes/connectedClusters/test1","name":"test1","type":"Microsoft.Kubernetes/connectedClusters","location":"eastus2euap","tags":{"foo":"doo"},"identity":{"type":"SystemAssigned","principalId":"b32382da-6941-41a8-985a-213a2a75761b","tenantId":"72f988bf-86f1-41af-91ab-2d7cd011db47"},"properties":{"provisioningState":"Succeeded","agentPublicKeyCertificate":"MIICCgKCAgEA0nbx4T4flaLIkewTH8np5xOB7zAmAbYC//Sn4djiphpyUui61sLOFBk76OleKFpdIghddbsnRR/mmPoUJRyIdCMi6Y0RwYbButLS/bx8TJmTbqdvC3moVbSvFGtX1+u6d2zei5vhmvXY/Zqih/R8e5flLnSI8fAfpl4/RiHuxHcF/pW9+SJDGwTLYde6apHfoAH4HZwECITp2vAA8ITpMqDH+VLmnyBV6sBlTdsCthR3k4jbF3fPLWQ1PhYQJWiRrqLxbjRU2EVBQ2LbthH51oT5sJzsOlyIqbOBOROCRQLcTOcXbrDo8s52ftRIFDxFguLqD7SgfbWPgQMvDloGsZK4k4nAhbGafuEHj0B5Y7x6JeY4eXPA9mvgcQgS1bPru/qnEfz0TIMUQLGvoTqKyNLlVu2QYJ9xgfDC3jSKjCYjno7uR/UfhNb4TeFC8Z4t0QeeuauHUjU6UwQUF92KRV8oYe+FcG4IhV9Zg/bxxQ/Bub6C8SuO5sx6bnZPzkMwWgfOQjIJMkhjKBOBOXJNyIYFdlS58ddOn/u0058pT0INmDPaMtaxDWGPq3fSmKeefaCFTIVgnB53yxyDO2pKWwXpEofMTCDkXjAsPkyfUV10//n7uiVIQY/9cYPzOT9ogAMws3ms0gpGsVae5krL5vDDCQZKBmnRwWVrRgwSO6MCAwEAAQ==","aadProfile":{"tenantId":"","clientAppId":"","serverAppId":""}}}'
    headers:
      cache-control:
      - no-cache
      content-length:
      - '1300'
      content-type:
      - application/json; charset=utf-8
      date:
      - Mon, 27 Apr 2020 08:26:38 GMT
      expires:
      - '-1'
      pragma:
      - no-cache
      server:
      - Kestrel
      strict-transport-security:
      - max-age=31536000; includeSubDomains
      transfer-encoding:
      - chunked
      vary:
      - Accept-Encoding
      x-content-type-options:
      - nosniff
    status:
      code: 200
      message: OK
- request:
    body: null
    headers:
      Accept:
      - application/json
      Content-Type:
      - application/json
      User-Agent:
      - OpenAPI-Generator/11.0.0/python
    method: GET
    uri: https://aadcluster-akkeshar-1bfbb5-bd32ce8d.hcp.eastus.azmk8s.io/apis/networking.k8s.io/v1/
  response:
    body:
      string: '{"kind":"APIResourceList","apiVersion":"v1","groupVersion":"networking.k8s.io/v1","resources":[{"name":"networkpolicies","singularName":"","namespaced":true,"kind":"NetworkPolicy","verbs":["create","delete","deletecollection","get","list","patch","update","watch"],"shortNames":["netpol"]}]}

        '
    headers:
      audit-id:
      - 4f7dc52d-826b-4b43-ad78-961488640e27
      content-length:
      - '292'
      content-type:
      - application/json
      date:
      - Mon, 27 Apr 2020 08:26:40 GMT
    status:
      code: 200
      message: OK
- request:
    body: null
    headers:
      Accept:
      - application/json
      Content-Type:
      - application/json
      User-Agent:
      - OpenAPI-Generator/11.0.0/python
    method: GET
    uri: https://aadcluster-akkeshar-1bfbb5-bd32ce8d.hcp.eastus.azmk8s.io/api/v1/namespaces/azure-arc/configmaps/azure-clusterconfig
  response:
    body:
      string: '{"kind":"ConfigMap","apiVersion":"v1","metadata":{"name":"azure-clusterconfig","namespace":"azure-arc","selfLink":"/api/v1/namespaces/azure-arc/configmaps/azure-clusterconfig","uid":"ae6c8f18-8860-11ea-81f3-02b94fa537f0","resourceVersion":"9722460","creationTimestamp":"2020-04-27T08:25:41Z"},"data":{"AZURE_ARC_AGENT_VERSION":"0.1.19","AZURE_REGION":"eastus2euap","AZURE_RESOURCE_GROUP":"cli_test_connectedk8s000001","AZURE_RESOURCE_NAME":"test1","AZURE_SUBSCRIPTION_ID":"1bfbb5d0-917e-4346-9026-1d3b344417f5","AZURE_TENANT_ID":"72f988bf-86f1-41af-91ab-2d7cd011db47","CLUSTER_TYPE":"ConnectedClusters","FLUX_CLIENT_DEFAULT_LOCATION":"azurearcfork8s.azurecr.io/arc-preview/fluxctl:0.1.3"}}

        '
    headers:
      audit-id:
      - 9fd3ec4d-e7b2-44f1-bc7c-859387e6dfcd
      content-length:
      - '738'
      content-type:
      - application/json
      date:
      - Mon, 27 Apr 2020 08:26:44 GMT
    status:
      code: 200
      message: OK
- request:
    body: null
    headers:
      Accept:
      - application/json
      Accept-Encoding:
      - gzip, deflate
      CommandName:
      - connectedk8s delete
      Connection:
      - keep-alive
      Content-Length:
      - '0'
      ParameterSetName:
      - -g -n --kube-config -y
      User-Agent:
      - python/3.7.0 (Windows-10-10.0.18362-SP0) msrest/0.6.10 msrest_azure/0.6.2
        azure-mgmt-hybridkubernetes/0.1.1 Azure-SDK-For-Python AZURECLI/2.4.0
      accept-language:
      - en-US
    method: DELETE
    uri: https://management.azure.com/subscriptions/00000000-0000-0000-0000-000000000000/resourcegroups/cli_test_connectedk8s000001/providers/Microsoft.Kubernetes/connectedClusters/test1?api-version=2020-01-01-preview
  response:
    body:
      string: '{"id":"/subscriptions/00000000-0000-0000-0000-000000000000/resourceGroups/cli_test_connectedk8s000001/providers/Microsoft.Kubernetes/connectedClusters/test1","name":"test1","type":"Microsoft.Kubernetes/connectedClusters","location":"eastus2euap","tags":{"foo":"doo"},"identity":{"type":"SystemAssigned","principalId":"b32382da-6941-41a8-985a-213a2a75761b","tenantId":"72f988bf-86f1-41af-91ab-2d7cd011db47"},"properties":{"provisioningState":"Deleting","agentPublicKeyCertificate":"MIICCgKCAgEA0nbx4T4flaLIkewTH8np5xOB7zAmAbYC//Sn4djiphpyUui61sLOFBk76OleKFpdIghddbsnRR/mmPoUJRyIdCMi6Y0RwYbButLS/bx8TJmTbqdvC3moVbSvFGtX1+u6d2zei5vhmvXY/Zqih/R8e5flLnSI8fAfpl4/RiHuxHcF/pW9+SJDGwTLYde6apHfoAH4HZwECITp2vAA8ITpMqDH+VLmnyBV6sBlTdsCthR3k4jbF3fPLWQ1PhYQJWiRrqLxbjRU2EVBQ2LbthH51oT5sJzsOlyIqbOBOROCRQLcTOcXbrDo8s52ftRIFDxFguLqD7SgfbWPgQMvDloGsZK4k4nAhbGafuEHj0B5Y7x6JeY4eXPA9mvgcQgS1bPru/qnEfz0TIMUQLGvoTqKyNLlVu2QYJ9xgfDC3jSKjCYjno7uR/UfhNb4TeFC8Z4t0QeeuauHUjU6UwQUF92KRV8oYe+FcG4IhV9Zg/bxxQ/Bub6C8SuO5sx6bnZPzkMwWgfOQjIJMkhjKBOBOXJNyIYFdlS58ddOn/u0058pT0INmDPaMtaxDWGPq3fSmKeefaCFTIVgnB53yxyDO2pKWwXpEofMTCDkXjAsPkyfUV10//n7uiVIQY/9cYPzOT9ogAMws3ms0gpGsVae5krL5vDDCQZKBmnRwWVrRgwSO6MCAwEAAQ==","aadProfile":{"tenantId":"","clientAppId":"","serverAppId":""}}}'
    headers:
      cache-control:
      - no-cache
      content-length:
      - '1299'
      content-type:
      - application/json; charset=utf-8
      date:
      - Mon, 27 Apr 2020 08:26:46 GMT
      expires:
      - '-1'
      location:
      - https://management.azure.com/providers/Microsoft.Kubernetes/locations/EastUS2EUAP/operationStatuses/3ace29c4-96c8-4a85-878a-e20d3f39895d?api-version=2020-01-01-preview
      pragma:
      - no-cache
      server:
      - Kestrel
      strict-transport-security:
      - max-age=31536000; includeSubDomains
      x-content-type-options:
      - nosniff
      x-ms-ratelimit-remaining-subscription-deletes:
      - '14999'
    status:
      code: 202
      message: Accepted
- request:
    body: null
    headers:
      Accept:
      - application/json
      Content-Type:
      - application/json
      User-Agent:
      - OpenAPI-Generator/11.0.0/python
    method: GET
    uri: https://aadcluster-akkeshar-1bfbb5-bd32ce8d.hcp.eastus.azmk8s.io/api/v1/namespaces?fieldSelector=metadata.name%3Dazure-arc
  response:
    body:
      string: '{"kind":"NamespaceList","apiVersion":"v1","metadata":{"selfLink":"/api/v1/namespaces","resourceVersion":"9722721"},"items":[{"metadata":{"name":"azure-arc","selfLink":"/api/v1/namespaces/azure-arc","uid":"ae0f4ee1-8860-11ea-81f3-02b94fa537f0","resourceVersion":"9722714","creationTimestamp":"2020-04-27T08:25:40Z","deletionTimestamp":"2020-04-27T08:26:53Z"},"spec":{"finalizers":["kubernetes"]},"status":{"phase":"Terminating"}}]}

        '
    headers:
      audit-id:
      - d18e0227-b7b7-4f0f-a7ce-5ed450f591d3
      content-length:
      - '431'
      content-type:
      - application/json
      date:
      - Mon, 27 Apr 2020 08:26:55 GMT
    status:
      code: 200
      message: OK
version: 1
