interactions:
- request:
    body: null
    headers:
      Accept:
      - application/json
      Accept-Encoding:
      - gzip, deflate
      CommandName:
      - aks create
      Connection:
      - keep-alive
      ParameterSetName:
      - -g -n -s -l -c --generate-ssh-keys
      User-Agent:
      - python/3.7.0 (Windows-10-10.0.18362-SP0) msrest/0.6.10 msrest_azure/0.6.2
        azure-mgmt-resource/9.0.0 Azure-SDK-For-Python AZURECLI/2.5.0
      accept-language:
      - en-US
    method: GET
    uri: https://management.azure.com/subscriptions/00000000-0000-0000-0000-000000000000/resourcegroups/akkeshar-test2?api-version=2019-07-01
  response:
    body:
      string: '{"id":"/subscriptions/00000000-0000-0000-0000-000000000000/resourceGroups/akkeshar-test2","name":"akkeshar-test2","type":"Microsoft.Resources/resourceGroups","location":"eastus2","properties":{"provisioningState":"Succeeded"}}'
    headers:
      cache-control:
      - no-cache
      content-length:
      - '226'
      content-type:
      - application/json; charset=utf-8
      date:
      - Wed, 29 Apr 2020 09:29:31 GMT
      expires:
      - '-1'
      pragma:
      - no-cache
      strict-transport-security:
      - max-age=31536000; includeSubDomains
      vary:
      - Accept-Encoding
      x-content-type-options:
      - nosniff
    status:
      code: 200
      message: OK
- request:
    body: '{"availableToOtherTenants": false, "homepage": "http://a12536.cli-test-a-akkeshar-test2-1bfbb5.westeurope.cloudapp.azure.com",
      "passwordCredentials": [{"startDate": "2020-04-29T09:29:30.818215Z", "endDate":
      "2025-04-29T09:29:30.818215Z", "keyId": "6c92f96e-9a79-42a1-bb68-792e9e60cf7c",
      "value": "ReplacedSPPassword123*"}], "displayName": "cli-test-aks-000001", "identifierUris":
      ["http://a12536.cli-test-a-akkeshar-test2-1bfbb5.westeurope.cloudapp.azure.com"]}'
    headers:
      Accept:
      - application/json
      Accept-Encoding:
      - gzip, deflate
      CommandName:
      - aks create
      Connection:
      - keep-alive
      Content-Length:
      - '465'
      Content-Type:
      - application/json; charset=utf-8
      ParameterSetName:
      - -g -n -s -l -c --generate-ssh-keys
      User-Agent:
      - python/3.7.0 (Windows-10-10.0.18362-SP0) msrest/0.6.10 msrest_azure/0.6.2
        azure-graphrbac/0.60.0 Azure-SDK-For-Python AZURECLI/2.5.0
      accept-language:
      - en-US
    method: POST
    uri: https://graph.windows.net/00000000-0000-0000-0000-000000000000/applications?api-version=1.6
  response:
    body:
      string: '{"odata.metadata": "https://graph.windows.net/00000000-0000-0000-0000-000000000000/$metadata#directoryObjects/@Element",
        "odata.type": "Microsoft.DirectoryServices.Application", "objectType": "Application",
        "objectId": "5585fd67-5c49-4c43-832c-79e598de48e5", "deletionTimestamp": null,
        "acceptMappedClaims": null, "addIns": [], "appId": "badef81e-24b3-412f-840e-f786b1b39676",
        "applicationTemplateId": null, "appRoles": [], "availableToOtherTenants":
        false, "displayName": "cli-test-aks-000001", "errorUrl": null, "groupMembershipClaims":
        null, "homepage": "http://a12536.cli-test-a-akkeshar-test2-1bfbb5.westeurope.cloudapp.azure.com",
        "identifierUris": ["http://a12536.cli-test-a-akkeshar-test2-1bfbb5.westeurope.cloudapp.azure.com"],
        "informationalUrls": {"termsOfService": null, "support": null, "privacy":
        null, "marketing": null}, "isDeviceOnlyAuthSupported": null, "keyCredentials":
        [], "knownClientApplications": [], "logoutUrl": null, "logo@odata.mediaEditLink":
        "directoryObjects/5585fd67-5c49-4c43-832c-79e598de48e5/Microsoft.DirectoryServices.Application/logo",
        "logo@odata.mediaContentType": "application/json;odata=minimalmetadata; charset=utf-8",
        "logoUrl": null, "mainLogo@odata.mediaEditLink": "directoryObjects/5585fd67-5c49-4c43-832c-79e598de48e5/Microsoft.DirectoryServices.Application/mainLogo",
        "oauth2AllowIdTokenImplicitFlow": true, "oauth2AllowImplicitFlow": false,
        "oauth2AllowUrlPathMatching": false, "oauth2Permissions": [{"adminConsentDescription":
        "Allow the application to access cli-test-aks-000001 on behalf of the signed-in
        user.", "adminConsentDisplayName": "Access cli-test-aks-000001", "id": "c5d05748-6241-4cee-a7ff-bc4c10c05af6",
        "isEnabled": true, "type": "User", "userConsentDescription": "Allow the application
        to access cli-test-aks-000001 on your behalf.", "userConsentDisplayName":
        "Access cli-test-aks-000001", "value": "user_impersonation"}], "oauth2RequirePostResponse":
        false, "optionalClaims": null, "orgRestrictions": [], "parentalControlSettings":
        {"countriesBlockedForMinors": [], "legalAgeGroupRule": "Allow"}, "passwordCredentials":
        [{"customKeyIdentifier": null, "endDate": "2025-04-29T09:29:30.818215Z", "keyId":
        "6c92f96e-9a79-42a1-bb68-792e9e60cf7c", "startDate": "2020-04-29T09:29:30.818215Z",
        "value": "ReplacedSPPassword123*"}], "publicClient": null, "publisherDomain":
        "microsoft.onmicrosoft.com", "recordConsentConditions": null, "replyUrls":
        [], "requiredResourceAccess": [], "samlMetadataUrl": null, "signInAudience":
        "AzureADMyOrg", "tokenEncryptionKeyId": null}'
    headers:
      access-control-allow-origin:
      - '*'
      cache-control:
      - no-cache
      content-length:
      - '2417'
      content-type:
      - application/json; odata=minimalmetadata; streaming=true; charset=utf-8
      dataserviceversion:
      - 3.0;
      date:
      - Wed, 29 Apr 2020 09:29:36 GMT
      duration:
      - '34267985'
      expires:
      - '-1'
      location:
      - https://graph.windows.net/00000000-0000-0000-0000-000000000000/directoryObjects/5585fd67-5c49-4c43-832c-79e598de48e5/Microsoft.DirectoryServices.Application
      ocp-aad-diagnostics-server-name:
      - uhYXsRtjN3TIiamch4dOqGQnRwSGFm34xhd24QIe5rs=
      ocp-aad-session-key:
      - urjZvp-iE8ZHjj-FLl80Pnk8T3xAv4ZLUnTn6JlRipYviF6sHb7j5qQq8z9HwJ9wp13Rct8UkQGoJDg3HOBR8nIX0BL9mr7aNaUmncfrrdHLnbQxXgTNiK6Gl0T0mm6EAf3IWtEUxTWx9TCdeI36Y8mcEQGl3yLI-eRBUzHe7BM.crwOnKXz7Vc-M9NF7F4sSHsYbI_9Lqc_gyR7ldBTaHc
      pragma:
      - no-cache
      request-id:
      - 2868a6ea-ed10-4176-a834-31c5d76d1072
      strict-transport-security:
      - max-age=31536000; includeSubDomains
      x-aspnet-version:
      - 4.0.30319
      x-ms-dirapi-data-contract-version:
      - '1.6'
      x-powered-by:
      - ASP.NET
    status:
      code: 201
      message: Created
- request:
    body: null
    headers:
      Accept:
      - application/json
      Accept-Encoding:
      - gzip, deflate
      CommandName:
      - aks create
      Connection:
      - keep-alive
      ParameterSetName:
      - -g -n -s -l -c --generate-ssh-keys
      User-Agent:
      - python/3.7.0 (Windows-10-10.0.18362-SP0) msrest/0.6.10 msrest_azure/0.6.2
        azure-graphrbac/0.60.0 Azure-SDK-For-Python AZURECLI/2.5.0
      accept-language:
      - en-US
    method: GET
    uri: https://graph.windows.net/00000000-0000-0000-0000-000000000000/applications?$filter=appId%20eq%20%27badef81e-24b3-412f-840e-f786b1b39676%27&api-version=1.6
  response:
    body:
      string: '{"odata.metadata":"https://graph.windows.net/00000000-0000-0000-0000-000000000000/$metadata#directoryObjects","value":[{"odata.type":"Microsoft.DirectoryServices.Application","objectType":"Application","objectId":"5585fd67-5c49-4c43-832c-79e598de48e5","deletionTimestamp":null,"acceptMappedClaims":null,"addIns":[],"appId":"badef81e-24b3-412f-840e-f786b1b39676","applicationTemplateId":null,"appRoles":[],"availableToOtherTenants":false,"displayName":"cli-test-aks-000001","errorUrl":null,"groupMembershipClaims":null,"homepage":"http://a12536.cli-test-a-akkeshar-test2-1bfbb5.westeurope.cloudapp.azure.com","identifierUris":["http://a12536.cli-test-a-akkeshar-test2-1bfbb5.westeurope.cloudapp.azure.com"],"informationalUrls":{"termsOfService":null,"support":null,"privacy":null,"marketing":null},"isDeviceOnlyAuthSupported":null,"keyCredentials":[],"knownClientApplications":[],"logoutUrl":null,"logo@odata.mediaEditLink":"directoryObjects/5585fd67-5c49-4c43-832c-79e598de48e5/Microsoft.DirectoryServices.Application/logo","logoUrl":null,"mainLogo@odata.mediaEditLink":"directoryObjects/5585fd67-5c49-4c43-832c-79e598de48e5/Microsoft.DirectoryServices.Application/mainLogo","oauth2AllowIdTokenImplicitFlow":true,"oauth2AllowImplicitFlow":false,"oauth2AllowUrlPathMatching":false,"oauth2Permissions":[{"adminConsentDescription":"Allow
        the application to access cli-test-aks-000001 on behalf of the signed-in user.","adminConsentDisplayName":"Access
        cli-test-aks-000001","id":"c5d05748-6241-4cee-a7ff-bc4c10c05af6","isEnabled":true,"type":"User","userConsentDescription":"Allow
        the application to access cli-test-aks-000001 on your behalf.","userConsentDisplayName":"Access
        cli-test-aks-000001","value":"user_impersonation"}],"oauth2RequirePostResponse":false,"optionalClaims":null,"orgRestrictions":[],"parentalControlSettings":{"countriesBlockedForMinors":[],"legalAgeGroupRule":"Allow"},"passwordCredentials":[{"customKeyIdentifier":null,"endDate":"2025-04-29T09:29:30.818215Z","keyId":"6c92f96e-9a79-42a1-bb68-792e9e60cf7c","startDate":"2020-04-29T09:29:30.818215Z","value":null}],"publicClient":null,"publisherDomain":"microsoft.onmicrosoft.com","recordConsentConditions":null,"replyUrls":[],"requiredResourceAccess":[],"samlMetadataUrl":null,"signInAudience":"AzureADMyOrg","tokenEncryptionKeyId":null}]}'
    headers:
      access-control-allow-origin:
      - '*'
      cache-control:
      - no-cache
      content-length:
      - '2334'
      content-type:
      - application/json; odata=minimalmetadata; streaming=true; charset=utf-8
      dataserviceversion:
      - 3.0;
      date:
      - Wed, 29 Apr 2020 09:29:37 GMT
      duration:
      - '1193810'
      expires:
      - '-1'
      ocp-aad-diagnostics-server-name:
      - RE4cWIP4snqVrVLNOOQrE1RRf+ZHzw3x+wWaS1Gw/GY=
      ocp-aad-session-key:
      - ylFyDhj3uyw-wrrtHWmyvutCSYCa93DFAbuFXw2ReYJezn_Sd2w4sX-325X5g0iF5C9qkYnVL1CKUF4JqOPEtfidEpHPECj5p0CRJbykWhwxUtNczy7c-qV2QXx_0yxaVEcbE_rAgtpfhqqXOjphB-9yZ3OcqW8_HnMJequz-tw.TgbpOiuu8KEhGdFS-3bLZKd9Q6zQGLUBjIJFKCcfLQU
      pragma:
      - no-cache
      request-id:
      - 66f4606c-cd93-4619-93d6-3bf8753faf84
      strict-transport-security:
      - max-age=31536000; includeSubDomains
      x-aspnet-version:
      - 4.0.30319
      x-ms-dirapi-data-contract-version:
      - '1.6'
      x-powered-by:
      - ASP.NET
    status:
      code: 200
      message: OK
- request:
    body: '{"accountEnabled": "True", "appId": "badef81e-24b3-412f-840e-f786b1b39676"}'
    headers:
      Accept:
      - application/json
      Accept-Encoding:
      - gzip, deflate
      CommandName:
      - aks create
      Connection:
      - keep-alive
      Content-Length:
      - '75'
      Content-Type:
      - application/json; charset=utf-8
      ParameterSetName:
      - -g -n -s -l -c --generate-ssh-keys
      User-Agent:
      - python/3.7.0 (Windows-10-10.0.18362-SP0) msrest/0.6.10 msrest_azure/0.6.2
        azure-graphrbac/0.60.0 Azure-SDK-For-Python AZURECLI/2.5.0
      accept-language:
      - en-US
    method: POST
    uri: https://graph.windows.net/00000000-0000-0000-0000-000000000000/servicePrincipals?api-version=1.6
  response:
    body:
      string: '{"odata.metadata":"https://graph.windows.net/00000000-0000-0000-0000-000000000000/$metadata#directoryObjects/@Element","odata.type":"Microsoft.DirectoryServices.ServicePrincipal","objectType":"ServicePrincipal","objectId":"605d225c-a8ab-4bdb-8615-96773eb9b8cc","deletionTimestamp":null,"accountEnabled":true,"addIns":[],"alternativeNames":[],"appDisplayName":"cli-test-aks-000001","appId":"badef81e-24b3-412f-840e-f786b1b39676","applicationTemplateId":null,"appOwnerTenantId":"72f988bf-86f1-41af-91ab-2d7cd011db47","appRoleAssignmentRequired":false,"appRoles":[],"displayName":"cli-test-aks-000001","errorUrl":null,"homepage":"http://a12536.cli-test-a-akkeshar-test2-1bfbb5.westeurope.cloudapp.azure.com","informationalUrls":{"termsOfService":null,"support":null,"privacy":null,"marketing":null},"keyCredentials":[],"logoutUrl":null,"notificationEmailAddresses":[],"oauth2Permissions":[{"adminConsentDescription":"Allow
        the application to access cli-test-aks-000001 on behalf of the signed-in user.","adminConsentDisplayName":"Access
        cli-test-aks-000001","id":"c5d05748-6241-4cee-a7ff-bc4c10c05af6","isEnabled":true,"type":"User","userConsentDescription":"Allow
        the application to access cli-test-aks-000001 on your behalf.","userConsentDisplayName":"Access
        cli-test-aks-000001","value":"user_impersonation"}],"passwordCredentials":[],"preferredSingleSignOnMode":null,"preferredTokenSigningKeyEndDateTime":null,"preferredTokenSigningKeyThumbprint":null,"publisherName":"Microsoft","replyUrls":[],"samlMetadataUrl":null,"samlSingleSignOnSettings":null,"servicePrincipalNames":["badef81e-24b3-412f-840e-f786b1b39676","http://a12536.cli-test-a-akkeshar-test2-1bfbb5.westeurope.cloudapp.azure.com"],"servicePrincipalType":"Application","signInAudience":"AzureADMyOrg","tags":[],"tokenEncryptionKeyId":null}'
    headers:
      access-control-allow-origin:
      - '*'
      cache-control:
      - no-cache
      content-length:
      - '1832'
      content-type:
      - application/json; odata=minimalmetadata; streaming=true; charset=utf-8
      dataserviceversion:
      - 3.0;
      date:
      - Wed, 29 Apr 2020 09:29:38 GMT
      duration:
      - '11165900'
      expires:
      - '-1'
      location:
      - https://graph.windows.net/00000000-0000-0000-0000-000000000000/directoryObjects/605d225c-a8ab-4bdb-8615-96773eb9b8cc/Microsoft.DirectoryServices.ServicePrincipal
      ocp-aad-diagnostics-server-name:
      - foZ9yagtN6DLE64X8eBN7xD70MEBkJUHaaIx6SRzWbI=
      ocp-aad-session-key:
      - FLOFkeQEJ4s63ud5NJp8a1qfVoz0kv1lRY338-ez9qEMBBfSKKR25AsrsZ3y6q3-PrAMTmlQsLn32OQl1nLdGt2ILghddEVohA_k04m5uDliFLkfn1tvdzkyyujfVe7JUGHewss8cdxjAb96I7uV7m7K5uBG73zgIU3gXyKatDg.j_hj-sQxGmcBoMQNGdNcRAUi1YQ4IpSR3fkYUbF9zEE
      pragma:
      - no-cache
      request-id:
      - 58575d17-c425-4162-84aa-b481e09246a3
      strict-transport-security:
      - max-age=31536000; includeSubDomains
      x-aspnet-version:
      - 4.0.30319
      x-ms-dirapi-data-contract-version:
      - '1.6'
      x-powered-by:
      - ASP.NET
    status:
      code: 201
      message: Created
- request:
    body: '{"location": "westeurope", "properties": {"kubernetesVersion": "", "dnsPrefix":
      "cli-test-a-akkeshar-test2-1bfbb5", "agentPoolProfiles": [{"count": 1, "vmSize":
      "Standard_B2s", "osType": "Linux", "type": "VirtualMachineScaleSets", "scaleSetPriority":
      "Regular", "scaleSetEvictionPolicy": "Delete", "name": "nodepool1"}], "linuxProfile":
      {"adminUsername": "azureuser", "ssh": {"publicKeys": [{"keyData": "ssh-rsa AAAAB3NzaC1yc2EAAAADAQABAAABAQDbin7SrkJJBI0wUyk1x5q+Gi+3En8WfOUFtplPhT9xNC1ZYmVWoKso9QZ6GedHX5dzq9OpwDytTkJoKzOOhORCJ1oVdOwi1d94qoxgO4HDvP9m99nNC3Q2+Nl6q8M6XcmgKzcFkt1fYZDVqbtohfoktJSBrOWkXob3ct4R/+LtHABJPZp2QwZTv6ZN+E+35fEKONbaI3UWaCnNUQ/UefIHcIqXJTKh0kLCHRLGUoqgkiRJxi+EcxRiw677IxQsnP1haGWtTA1sglWvMw8cuav77TBqtegE7C72qwB2WIvG1/uVLKt/CHvWcni9r2dnC2sgHkfx9F9xHJ17kbWPpdAh"}]}},
      "servicePrincipalProfile": {"clientId": "badef81e-24b3-412f-840e-f786b1b39676",
      "secret": "33153dfea2626599b1c6$"}, "addonProfiles": {}, "enableRBAC": true,
      "enablePodSecurityPolicy": false, "networkProfile": {"networkPlugin": "kubenet",
      "podCidr": "10.244.0.0/16", "serviceCidr": "10.0.0.0/16", "dnsServiceIP": "10.0.0.10",
      "dockerBridgeCidr": "172.17.0.1/16", "loadBalancerSku": "standard"}}}'
    headers:
      Accept:
      - application/json
      Accept-Encoding:
      - gzip, deflate
      CommandName:
      - aks create
      Connection:
      - keep-alive
      Content-Length:
      - '1185'
      Content-Type:
      - application/json; charset=utf-8
      ParameterSetName:
      - -g -n -s -l -c --generate-ssh-keys
      User-Agent:
      - python/3.7.0 (Windows-10-10.0.18362-SP0) msrest/0.6.10 msrest_azure/0.6.2
        azure-mgmt-containerservice/4.4.0 Azure-SDK-For-Python AZURECLI/2.5.0
      accept-language:
      - en-US
    method: PUT
    uri: https://management.azure.com/subscriptions/00000000-0000-0000-0000-000000000000/resourceGroups/akkeshar-test2/providers/Microsoft.ContainerService/managedClusters/cli-test-aks-000001?api-version=2020-03-01
  response:
    body:
      string: "{\n  \"code\": \"ServicePrincipalNotFound\",\n  \"message\": \"Service
        principal clientID: badef81e-24b3-412f-840e-f786b1b39676 not found in Active
        Directory tenant 72f988bf-86f1-41af-91ab-2d7cd011db47, Please see https://aka.ms/aks-sp-help
        for more details.\"\n }"
    headers:
      cache-control:
      - no-cache
      content-length:
      - '253'
      content-type:
      - application/json
      date:
      - Wed, 29 Apr 2020 09:29:48 GMT
      expires:
      - '-1'
      pragma:
      - no-cache
      server:
      - nginx
      strict-transport-security:
      - max-age=31536000; includeSubDomains
      x-content-type-options:
      - nosniff
      x-ms-ratelimit-remaining-subscription-writes:
      - '1199'
    status:
      code: 400
      message: Bad Request
- request:
    body: '{"location": "westeurope", "properties": {"kubernetesVersion": "", "dnsPrefix":
      "cli-test-a-akkeshar-test2-1bfbb5", "agentPoolProfiles": [{"count": 1, "vmSize":
      "Standard_B2s", "osType": "Linux", "type": "VirtualMachineScaleSets", "scaleSetPriority":
      "Regular", "scaleSetEvictionPolicy": "Delete", "name": "nodepool1"}], "linuxProfile":
      {"adminUsername": "azureuser", "ssh": {"publicKeys": [{"keyData": "ssh-rsa AAAAB3NzaC1yc2EAAAADAQABAAABAQDbin7SrkJJBI0wUyk1x5q+Gi+3En8WfOUFtplPhT9xNC1ZYmVWoKso9QZ6GedHX5dzq9OpwDytTkJoKzOOhORCJ1oVdOwi1d94qoxgO4HDvP9m99nNC3Q2+Nl6q8M6XcmgKzcFkt1fYZDVqbtohfoktJSBrOWkXob3ct4R/+LtHABJPZp2QwZTv6ZN+E+35fEKONbaI3UWaCnNUQ/UefIHcIqXJTKh0kLCHRLGUoqgkiRJxi+EcxRiw677IxQsnP1haGWtTA1sglWvMw8cuav77TBqtegE7C72qwB2WIvG1/uVLKt/CHvWcni9r2dnC2sgHkfx9F9xHJ17kbWPpdAh"}]}},
      "servicePrincipalProfile": {"clientId": "badef81e-24b3-412f-840e-f786b1b39676",
      "secret": "33153dfea2626599b1c6$"}, "addonProfiles": {}, "enableRBAC": true,
      "enablePodSecurityPolicy": false, "networkProfile": {"networkPlugin": "kubenet",
      "podCidr": "10.244.0.0/16", "serviceCidr": "10.0.0.0/16", "dnsServiceIP": "10.0.0.10",
      "dockerBridgeCidr": "172.17.0.1/16", "loadBalancerSku": "standard"}}}'
    headers:
      Accept:
      - application/json
      Accept-Encoding:
      - gzip, deflate
      CommandName:
      - aks create
      Connection:
      - keep-alive
      Content-Length:
      - '1185'
      Content-Type:
      - application/json; charset=utf-8
      ParameterSetName:
      - -g -n -s -l -c --generate-ssh-keys
      User-Agent:
      - python/3.7.0 (Windows-10-10.0.18362-SP0) msrest/0.6.10 msrest_azure/0.6.2
        azure-mgmt-containerservice/4.4.0 Azure-SDK-For-Python AZURECLI/2.5.0
      accept-language:
      - en-US
    method: PUT
    uri: https://management.azure.com/subscriptions/00000000-0000-0000-0000-000000000000/resourceGroups/akkeshar-test2/providers/Microsoft.ContainerService/managedClusters/cli-test-aks-000001?api-version=2020-03-01
  response:
    body:
      string: "{\n  \"id\": \"/subscriptions/00000000-0000-0000-0000-000000000000/resourcegroups/akkeshar-test2/providers/Microsoft.ContainerService/managedClusters/cli-test-aks-000001\",\n
        \ \"location\": \"westeurope\",\n  \"name\": \"cli-test-aks-000001\",\n  \"type\":
        \"Microsoft.ContainerService/ManagedClusters\",\n  \"properties\": {\n   \"provisioningState\":
        \"Creating\",\n   \"kubernetesVersion\": \"1.15.10\",\n   \"dnsPrefix\": \"cli-test-a-akkeshar-test2-1bfbb5\",\n
        \  \"fqdn\": \"cli-test-a-akkeshar-test2-1bfbb5-39c99bab.hcp.westeurope.azmk8s.io\",\n
        \  \"agentPoolProfiles\": [\n    {\n     \"name\": \"nodepool1\",\n     \"count\":
        1,\n     \"vmSize\": \"Standard_B2s\",\n     \"osDiskSizeGB\": 100,\n     \"maxPods\":
        110,\n     \"type\": \"VirtualMachineScaleSets\",\n     \"provisioningState\":
        \"Creating\",\n     \"orchestratorVersion\": \"1.15.10\",\n     \"osType\":
        \"Linux\"\n    }\n   ],\n   \"linuxProfile\": {\n    \"adminUsername\": \"azureuser\",\n
        \   \"ssh\": {\n     \"publicKeys\": [\n      {\n       \"keyData\": \"ssh-rsa
        AAAAB3NzaC1yc2EAAAADAQABAAABAQDbin7SrkJJBI0wUyk1x5q+Gi+3En8WfOUFtplPhT9xNC1ZYmVWoKso9QZ6GedHX5dzq9OpwDytTkJoKzOOhORCJ1oVdOwi1d94qoxgO4HDvP9m99nNC3Q2+Nl6q8M6XcmgKzcFkt1fYZDVqbtohfoktJSBrOWkXob3ct4R/+LtHABJPZp2QwZTv6ZN+E+35fEKONbaI3UWaCnNUQ/UefIHcIqXJTKh0kLCHRLGUoqgkiRJxi+EcxRiw677IxQsnP1haGWtTA1sglWvMw8cuav77TBqtegE7C72qwB2WIvG1/uVLKt/CHvWcni9r2dnC2sgHkfx9F9xHJ17kbWPpdAh\"\n
        \     }\n     ]\n    }\n   },\n   \"servicePrincipalProfile\": {\n    \"clientId\":
        \"badef81e-24b3-412f-840e-f786b1b39676\"\n   },\n   \"nodeResourceGroup\":
        \"MC_akkeshar-test2_cli-test-aks-000001_westeurope\",\n   \"enableRBAC\":
        true,\n   \"enablePodSecurityPolicy\": false,\n   \"networkProfile\": {\n
        \   \"networkPlugin\": \"kubenet\",\n    \"loadBalancerSku\": \"standard\",\n
        \   \"loadBalancerProfile\": {\n     \"managedOutboundIPs\": {\n      \"count\":
        1\n     }\n    },\n    \"podCidr\": \"10.244.0.0/16\",\n    \"serviceCidr\":
        \"10.0.0.0/16\",\n    \"dnsServiceIP\": \"10.0.0.10\",\n    \"dockerBridgeCidr\":
        \"172.17.0.1/16\",\n    \"outboundType\": \"loadBalancer\"\n   },\n   \"maxAgentPools\":
        10\n  }\n }"
    headers:
      azure-asyncoperation:
      - https://management.azure.com/subscriptions/00000000-0000-0000-0000-000000000000/providers/Microsoft.ContainerService/locations/westeurope/operations/9a6536f8-f589-4a06-8065-5f37d55ca134?api-version=2017-08-31
      cache-control:
      - no-cache
      content-length:
      - '1970'
      content-type:
      - application/json
      date:
      - Wed, 29 Apr 2020 09:30:05 GMT
      expires:
      - '-1'
      pragma:
      - no-cache
      server:
      - nginx
      strict-transport-security:
      - max-age=31536000; includeSubDomains
      x-content-type-options:
      - nosniff
      x-ms-ratelimit-remaining-subscription-writes:
      - '1199'
    status:
      code: 201
      message: Created
- request:
    body: null
    headers:
      Accept:
      - application/json
      Accept-Encoding:
      - gzip, deflate
      CommandName:
      - aks create
      Connection:
      - keep-alive
      ParameterSetName:
      - -g -n -s -l -c --generate-ssh-keys
      User-Agent:
      - python/3.7.0 (Windows-10-10.0.18362-SP0) msrest/0.6.10 msrest_azure/0.6.2
        azure-mgmt-containerservice/4.4.0 Azure-SDK-For-Python AZURECLI/2.5.0
    method: GET
    uri: https://management.azure.com/subscriptions/00000000-0000-0000-0000-000000000000/providers/Microsoft.ContainerService/locations/westeurope/operations/9a6536f8-f589-4a06-8065-5f37d55ca134?api-version=2017-08-31
  response:
    body:
      string: "{\n  \"name\": \"f836659a-89f5-064a-8065-5f37d55ca134\",\n  \"status\":
        \"InProgress\",\n  \"startTime\": \"2020-04-29T09:30:03.7899252Z\"\n }"
    headers:
      cache-control:
      - no-cache
      content-length:
      - '126'
      content-type:
      - application/json
      date:
      - Wed, 29 Apr 2020 09:30:37 GMT
      expires:
      - '-1'
      pragma:
      - no-cache
      server:
      - nginx
      strict-transport-security:
      - max-age=31536000; includeSubDomains
      transfer-encoding:
      - chunked
      vary:
      - Accept-Encoding
      x-content-type-options:
      - nosniff
    status:
      code: 200
      message: OK
- request:
    body: null
    headers:
      Accept:
      - application/json
      Accept-Encoding:
      - gzip, deflate
      CommandName:
      - aks create
      Connection:
      - keep-alive
      ParameterSetName:
      - -g -n -s -l -c --generate-ssh-keys
      User-Agent:
      - python/3.7.0 (Windows-10-10.0.18362-SP0) msrest/0.6.10 msrest_azure/0.6.2
        azure-mgmt-containerservice/4.4.0 Azure-SDK-For-Python AZURECLI/2.5.0
    method: GET
    uri: https://management.azure.com/subscriptions/00000000-0000-0000-0000-000000000000/providers/Microsoft.ContainerService/locations/westeurope/operations/9a6536f8-f589-4a06-8065-5f37d55ca134?api-version=2017-08-31
  response:
    body:
      string: "{\n  \"name\": \"f836659a-89f5-064a-8065-5f37d55ca134\",\n  \"status\":
        \"InProgress\",\n  \"startTime\": \"2020-04-29T09:30:03.7899252Z\"\n }"
    headers:
      cache-control:
      - no-cache
      content-length:
      - '126'
      content-type:
      - application/json
      date:
      - Wed, 29 Apr 2020 09:31:07 GMT
      expires:
      - '-1'
      pragma:
      - no-cache
      server:
      - nginx
      strict-transport-security:
      - max-age=31536000; includeSubDomains
      transfer-encoding:
      - chunked
      vary:
      - Accept-Encoding
      x-content-type-options:
      - nosniff
    status:
      code: 200
      message: OK
- request:
    body: null
    headers:
      Accept:
      - application/json
      Accept-Encoding:
      - gzip, deflate
      CommandName:
      - aks create
      Connection:
      - keep-alive
      ParameterSetName:
      - -g -n -s -l -c --generate-ssh-keys
      User-Agent:
      - python/3.7.0 (Windows-10-10.0.18362-SP0) msrest/0.6.10 msrest_azure/0.6.2
        azure-mgmt-containerservice/4.4.0 Azure-SDK-For-Python AZURECLI/2.5.0
    method: GET
    uri: https://management.azure.com/subscriptions/00000000-0000-0000-0000-000000000000/providers/Microsoft.ContainerService/locations/westeurope/operations/9a6536f8-f589-4a06-8065-5f37d55ca134?api-version=2017-08-31
  response:
    body:
      string: "{\n  \"name\": \"f836659a-89f5-064a-8065-5f37d55ca134\",\n  \"status\":
        \"InProgress\",\n  \"startTime\": \"2020-04-29T09:30:03.7899252Z\"\n }"
    headers:
      cache-control:
      - no-cache
      content-length:
      - '126'
      content-type:
      - application/json
      date:
      - Wed, 29 Apr 2020 09:31:38 GMT
      expires:
      - '-1'
      pragma:
      - no-cache
      server:
      - nginx
      strict-transport-security:
      - max-age=31536000; includeSubDomains
      transfer-encoding:
      - chunked
      vary:
      - Accept-Encoding
      x-content-type-options:
      - nosniff
    status:
      code: 200
      message: OK
- request:
    body: null
    headers:
      Accept:
      - application/json
      Accept-Encoding:
      - gzip, deflate
      CommandName:
      - aks create
      Connection:
      - keep-alive
      ParameterSetName:
      - -g -n -s -l -c --generate-ssh-keys
      User-Agent:
      - python/3.7.0 (Windows-10-10.0.18362-SP0) msrest/0.6.10 msrest_azure/0.6.2
        azure-mgmt-containerservice/4.4.0 Azure-SDK-For-Python AZURECLI/2.5.0
    method: GET
    uri: https://management.azure.com/subscriptions/00000000-0000-0000-0000-000000000000/providers/Microsoft.ContainerService/locations/westeurope/operations/9a6536f8-f589-4a06-8065-5f37d55ca134?api-version=2017-08-31
  response:
    body:
      string: "{\n  \"name\": \"f836659a-89f5-064a-8065-5f37d55ca134\",\n  \"status\":
        \"InProgress\",\n  \"startTime\": \"2020-04-29T09:30:03.7899252Z\"\n }"
    headers:
      cache-control:
      - no-cache
      content-length:
      - '126'
      content-type:
      - application/json
      date:
      - Wed, 29 Apr 2020 09:32:10 GMT
      expires:
      - '-1'
      pragma:
      - no-cache
      server:
      - nginx
      strict-transport-security:
      - max-age=31536000; includeSubDomains
      transfer-encoding:
      - chunked
      vary:
      - Accept-Encoding
      x-content-type-options:
      - nosniff
    status:
      code: 200
      message: OK
- request:
    body: null
    headers:
      Accept:
      - application/json
      Accept-Encoding:
      - gzip, deflate
      CommandName:
      - aks create
      Connection:
      - keep-alive
      ParameterSetName:
      - -g -n -s -l -c --generate-ssh-keys
      User-Agent:
      - python/3.7.0 (Windows-10-10.0.18362-SP0) msrest/0.6.10 msrest_azure/0.6.2
        azure-mgmt-containerservice/4.4.0 Azure-SDK-For-Python AZURECLI/2.5.0
    method: GET
    uri: https://management.azure.com/subscriptions/00000000-0000-0000-0000-000000000000/providers/Microsoft.ContainerService/locations/westeurope/operations/9a6536f8-f589-4a06-8065-5f37d55ca134?api-version=2017-08-31
  response:
    body:
      string: "{\n  \"name\": \"f836659a-89f5-064a-8065-5f37d55ca134\",\n  \"status\":
        \"InProgress\",\n  \"startTime\": \"2020-04-29T09:30:03.7899252Z\"\n }"
    headers:
      cache-control:
      - no-cache
      content-length:
      - '126'
      content-type:
      - application/json
      date:
      - Wed, 29 Apr 2020 09:32:40 GMT
      expires:
      - '-1'
      pragma:
      - no-cache
      server:
      - nginx
      strict-transport-security:
      - max-age=31536000; includeSubDomains
      transfer-encoding:
      - chunked
      vary:
      - Accept-Encoding
      x-content-type-options:
      - nosniff
    status:
      code: 200
      message: OK
- request:
    body: null
    headers:
      Accept:
      - application/json
      Accept-Encoding:
      - gzip, deflate
      CommandName:
      - aks create
      Connection:
      - keep-alive
      ParameterSetName:
      - -g -n -s -l -c --generate-ssh-keys
      User-Agent:
      - python/3.7.0 (Windows-10-10.0.18362-SP0) msrest/0.6.10 msrest_azure/0.6.2
        azure-mgmt-containerservice/4.4.0 Azure-SDK-For-Python AZURECLI/2.5.0
    method: GET
    uri: https://management.azure.com/subscriptions/00000000-0000-0000-0000-000000000000/providers/Microsoft.ContainerService/locations/westeurope/operations/9a6536f8-f589-4a06-8065-5f37d55ca134?api-version=2017-08-31
  response:
    body:
      string: "{\n  \"name\": \"f836659a-89f5-064a-8065-5f37d55ca134\",\n  \"status\":
        \"InProgress\",\n  \"startTime\": \"2020-04-29T09:30:03.7899252Z\"\n }"
    headers:
      cache-control:
      - no-cache
      content-length:
      - '126'
      content-type:
      - application/json
      date:
      - Wed, 29 Apr 2020 09:33:11 GMT
      expires:
      - '-1'
      pragma:
      - no-cache
      server:
      - nginx
      strict-transport-security:
      - max-age=31536000; includeSubDomains
      transfer-encoding:
      - chunked
      vary:
      - Accept-Encoding
      x-content-type-options:
      - nosniff
    status:
      code: 200
      message: OK
- request:
    body: null
    headers:
      Accept:
      - application/json
      Accept-Encoding:
      - gzip, deflate
      CommandName:
      - aks create
      Connection:
      - keep-alive
      ParameterSetName:
      - -g -n -s -l -c --generate-ssh-keys
      User-Agent:
      - python/3.7.0 (Windows-10-10.0.18362-SP0) msrest/0.6.10 msrest_azure/0.6.2
        azure-mgmt-containerservice/4.4.0 Azure-SDK-For-Python AZURECLI/2.5.0
    method: GET
    uri: https://management.azure.com/subscriptions/00000000-0000-0000-0000-000000000000/providers/Microsoft.ContainerService/locations/westeurope/operations/9a6536f8-f589-4a06-8065-5f37d55ca134?api-version=2017-08-31
  response:
    body:
      string: "{\n  \"name\": \"f836659a-89f5-064a-8065-5f37d55ca134\",\n  \"status\":
        \"InProgress\",\n  \"startTime\": \"2020-04-29T09:30:03.7899252Z\"\n }"
    headers:
      cache-control:
      - no-cache
      content-length:
      - '126'
      content-type:
      - application/json
      date:
      - Wed, 29 Apr 2020 09:33:43 GMT
      expires:
      - '-1'
      pragma:
      - no-cache
      server:
      - nginx
      strict-transport-security:
      - max-age=31536000; includeSubDomains
      transfer-encoding:
      - chunked
      vary:
      - Accept-Encoding
      x-content-type-options:
      - nosniff
    status:
      code: 200
      message: OK
- request:
    body: null
    headers:
      Accept:
      - application/json
      Accept-Encoding:
      - gzip, deflate
      CommandName:
      - aks create
      Connection:
      - keep-alive
      ParameterSetName:
      - -g -n -s -l -c --generate-ssh-keys
      User-Agent:
      - python/3.7.0 (Windows-10-10.0.18362-SP0) msrest/0.6.10 msrest_azure/0.6.2
        azure-mgmt-containerservice/4.4.0 Azure-SDK-For-Python AZURECLI/2.5.0
    method: GET
    uri: https://management.azure.com/subscriptions/00000000-0000-0000-0000-000000000000/providers/Microsoft.ContainerService/locations/westeurope/operations/9a6536f8-f589-4a06-8065-5f37d55ca134?api-version=2017-08-31
  response:
    body:
      string: "{\n  \"name\": \"f836659a-89f5-064a-8065-5f37d55ca134\",\n  \"status\":
        \"InProgress\",\n  \"startTime\": \"2020-04-29T09:30:03.7899252Z\"\n }"
    headers:
      cache-control:
      - no-cache
      content-length:
      - '126'
      content-type:
      - application/json
      date:
      - Wed, 29 Apr 2020 09:34:14 GMT
      expires:
      - '-1'
      pragma:
      - no-cache
      server:
      - nginx
      strict-transport-security:
      - max-age=31536000; includeSubDomains
      transfer-encoding:
      - chunked
      vary:
      - Accept-Encoding
      x-content-type-options:
      - nosniff
    status:
      code: 200
      message: OK
- request:
    body: null
    headers:
      Accept:
      - application/json
      Accept-Encoding:
      - gzip, deflate
      CommandName:
      - aks create
      Connection:
      - keep-alive
      ParameterSetName:
      - -g -n -s -l -c --generate-ssh-keys
      User-Agent:
      - python/3.7.0 (Windows-10-10.0.18362-SP0) msrest/0.6.10 msrest_azure/0.6.2
        azure-mgmt-containerservice/4.4.0 Azure-SDK-For-Python AZURECLI/2.5.0
    method: GET
    uri: https://management.azure.com/subscriptions/00000000-0000-0000-0000-000000000000/providers/Microsoft.ContainerService/locations/westeurope/operations/9a6536f8-f589-4a06-8065-5f37d55ca134?api-version=2017-08-31
  response:
    body:
      string: "{\n  \"name\": \"f836659a-89f5-064a-8065-5f37d55ca134\",\n  \"status\":
        \"InProgress\",\n  \"startTime\": \"2020-04-29T09:30:03.7899252Z\"\n }"
    headers:
      cache-control:
      - no-cache
      content-length:
      - '126'
      content-type:
      - application/json
      date:
      - Wed, 29 Apr 2020 09:34:44 GMT
      expires:
      - '-1'
      pragma:
      - no-cache
      server:
      - nginx
      strict-transport-security:
      - max-age=31536000; includeSubDomains
      transfer-encoding:
      - chunked
      vary:
      - Accept-Encoding
      x-content-type-options:
      - nosniff
    status:
      code: 200
      message: OK
- request:
    body: null
    headers:
      Accept:
      - application/json
      Accept-Encoding:
      - gzip, deflate
      CommandName:
      - aks create
      Connection:
      - keep-alive
      ParameterSetName:
      - -g -n -s -l -c --generate-ssh-keys
      User-Agent:
      - python/3.7.0 (Windows-10-10.0.18362-SP0) msrest/0.6.10 msrest_azure/0.6.2
        azure-mgmt-containerservice/4.4.0 Azure-SDK-For-Python AZURECLI/2.5.0
    method: GET
    uri: https://management.azure.com/subscriptions/00000000-0000-0000-0000-000000000000/providers/Microsoft.ContainerService/locations/westeurope/operations/9a6536f8-f589-4a06-8065-5f37d55ca134?api-version=2017-08-31
  response:
    body:
      string: "{\n  \"name\": \"f836659a-89f5-064a-8065-5f37d55ca134\",\n  \"status\":
        \"InProgress\",\n  \"startTime\": \"2020-04-29T09:30:03.7899252Z\"\n }"
    headers:
      cache-control:
      - no-cache
      content-length:
      - '126'
      content-type:
      - application/json
      date:
      - Wed, 29 Apr 2020 09:35:15 GMT
      expires:
      - '-1'
      pragma:
      - no-cache
      server:
      - nginx
      strict-transport-security:
      - max-age=31536000; includeSubDomains
      transfer-encoding:
      - chunked
      vary:
      - Accept-Encoding
      x-content-type-options:
      - nosniff
    status:
      code: 200
      message: OK
- request:
    body: null
    headers:
      Accept:
      - application/json
      Accept-Encoding:
      - gzip, deflate
      CommandName:
      - aks create
      Connection:
      - keep-alive
      ParameterSetName:
      - -g -n -s -l -c --generate-ssh-keys
      User-Agent:
      - python/3.7.0 (Windows-10-10.0.18362-SP0) msrest/0.6.10 msrest_azure/0.6.2
        azure-mgmt-containerservice/4.4.0 Azure-SDK-For-Python AZURECLI/2.5.0
    method: GET
    uri: https://management.azure.com/subscriptions/00000000-0000-0000-0000-000000000000/providers/Microsoft.ContainerService/locations/westeurope/operations/9a6536f8-f589-4a06-8065-5f37d55ca134?api-version=2017-08-31
  response:
    body:
      string: "{\n  \"name\": \"f836659a-89f5-064a-8065-5f37d55ca134\",\n  \"status\":
        \"Succeeded\",\n  \"startTime\": \"2020-04-29T09:30:03.7899252Z\",\n  \"endTime\":
        \"2020-04-29T09:35:21.673308Z\"\n }"
    headers:
      cache-control:
      - no-cache
      content-length:
      - '169'
      content-type:
      - application/json
      date:
      - Wed, 29 Apr 2020 09:35:46 GMT
      expires:
      - '-1'
      pragma:
      - no-cache
      server:
      - nginx
      strict-transport-security:
      - max-age=31536000; includeSubDomains
      transfer-encoding:
      - chunked
      vary:
      - Accept-Encoding
      x-content-type-options:
      - nosniff
    status:
      code: 200
      message: OK
- request:
    body: null
    headers:
      Accept:
      - application/json
      Accept-Encoding:
      - gzip, deflate
      CommandName:
      - aks create
      Connection:
      - keep-alive
      ParameterSetName:
      - -g -n -s -l -c --generate-ssh-keys
      User-Agent:
      - python/3.7.0 (Windows-10-10.0.18362-SP0) msrest/0.6.10 msrest_azure/0.6.2
        azure-mgmt-containerservice/4.4.0 Azure-SDK-For-Python AZURECLI/2.5.0
    method: GET
    uri: https://management.azure.com/subscriptions/00000000-0000-0000-0000-000000000000/resourceGroups/akkeshar-test2/providers/Microsoft.ContainerService/managedClusters/cli-test-aks-000001?api-version=2020-03-01
  response:
    body:
      string: "{\n  \"id\": \"/subscriptions/00000000-0000-0000-0000-000000000000/resourcegroups/akkeshar-test2/providers/Microsoft.ContainerService/managedClusters/cli-test-aks-000001\",\n
        \ \"location\": \"westeurope\",\n  \"name\": \"cli-test-aks-000001\",\n  \"type\":
        \"Microsoft.ContainerService/ManagedClusters\",\n  \"properties\": {\n   \"provisioningState\":
        \"Succeeded\",\n   \"kubernetesVersion\": \"1.15.10\",\n   \"dnsPrefix\":
        \"cli-test-a-akkeshar-test2-1bfbb5\",\n   \"fqdn\": \"cli-test-a-akkeshar-test2-1bfbb5-39c99bab.hcp.westeurope.azmk8s.io\",\n
        \  \"agentPoolProfiles\": [\n    {\n     \"name\": \"nodepool1\",\n     \"count\":
        1,\n     \"vmSize\": \"Standard_B2s\",\n     \"osDiskSizeGB\": 100,\n     \"maxPods\":
        110,\n     \"type\": \"VirtualMachineScaleSets\",\n     \"provisioningState\":
        \"Succeeded\",\n     \"orchestratorVersion\": \"1.15.10\",\n     \"osType\":
        \"Linux\"\n    }\n   ],\n   \"linuxProfile\": {\n    \"adminUsername\": \"azureuser\",\n
        \   \"ssh\": {\n     \"publicKeys\": [\n      {\n       \"keyData\": \"ssh-rsa
        AAAAB3NzaC1yc2EAAAADAQABAAABAQDbin7SrkJJBI0wUyk1x5q+Gi+3En8WfOUFtplPhT9xNC1ZYmVWoKso9QZ6GedHX5dzq9OpwDytTkJoKzOOhORCJ1oVdOwi1d94qoxgO4HDvP9m99nNC3Q2+Nl6q8M6XcmgKzcFkt1fYZDVqbtohfoktJSBrOWkXob3ct4R/+LtHABJPZp2QwZTv6ZN+E+35fEKONbaI3UWaCnNUQ/UefIHcIqXJTKh0kLCHRLGUoqgkiRJxi+EcxRiw677IxQsnP1haGWtTA1sglWvMw8cuav77TBqtegE7C72qwB2WIvG1/uVLKt/CHvWcni9r2dnC2sgHkfx9F9xHJ17kbWPpdAh\"\n
        \     }\n     ]\n    }\n   },\n   \"servicePrincipalProfile\": {\n    \"clientId\":
        \"badef81e-24b3-412f-840e-f786b1b39676\"\n   },\n   \"nodeResourceGroup\":
        \"MC_akkeshar-test2_cli-test-aks-000001_westeurope\",\n   \"enableRBAC\":
        true,\n   \"enablePodSecurityPolicy\": false,\n   \"networkProfile\": {\n
        \   \"networkPlugin\": \"kubenet\",\n    \"loadBalancerSku\": \"Standard\",\n
        \   \"loadBalancerProfile\": {\n     \"managedOutboundIPs\": {\n      \"count\":
        1\n     },\n     \"effectiveOutboundIPs\": [\n      {\n       \"id\": \"/subscriptions/00000000-0000-0000-0000-000000000000/resourceGroups/MC_akkeshar-test2_cli-test-aks-000001_westeurope/providers/Microsoft.Network/publicIPAddresses/2baba39b-f3e2-4b72-a01e-fcd204e23704\"\n
        \     }\n     ]\n    },\n    \"podCidr\": \"10.244.0.0/16\",\n    \"serviceCidr\":
        \"10.0.0.0/16\",\n    \"dnsServiceIP\": \"10.0.0.10\",\n    \"dockerBridgeCidr\":
        \"172.17.0.1/16\",\n    \"outboundType\": \"loadBalancer\"\n   },\n   \"maxAgentPools\":
        10\n  }\n }"
    headers:
      cache-control:
      - no-cache
      content-length:
      - '2246'
      content-type:
      - application/json
      date:
      - Wed, 29 Apr 2020 09:35:47 GMT
      expires:
      - '-1'
      pragma:
      - no-cache
      server:
      - nginx
      strict-transport-security:
      - max-age=31536000; includeSubDomains
      transfer-encoding:
      - chunked
      vary:
      - Accept-Encoding
      x-content-type-options:
      - nosniff
    status:
      code: 200
      message: OK
- request:
    body: null
    headers:
      Accept:
      - application/json
      Accept-Encoding:
      - gzip, deflate
      CommandName:
      - aks get-credentials
      Connection:
      - keep-alive
      Content-Length:
      - '0'
      ParameterSetName:
      - -g -n -f
      User-Agent:
      - python/3.7.0 (Windows-10-10.0.18362-SP0) msrest/0.6.10 msrest_azure/0.6.2
        azure-mgmt-containerservice/4.4.0 Azure-SDK-For-Python AZURECLI/2.5.0
      accept-language:
      - en-US
    method: POST
    uri: https://management.azure.com/subscriptions/00000000-0000-0000-0000-000000000000/resourceGroups/akkeshar-test2/providers/Microsoft.ContainerService/managedClusters/cli-test-aks-000001/listClusterUserCredential?api-version=2020-03-01
  response:
    body:
      string: "{\n  \"kubeconfigs\": [\n   {\n    \"name\": \"clusterUser\",\n    \"value\":
        \"YXBpVmVyc2lvbjogdjEKY2x1c3RlcnM6Ci0gY2x1c3RlcjoKICAgIGNlcnRpZmljYXRlLWF1dGhvcml0eS1kYXRhOiBMUzB0TFMxQ1JVZEpUaUJEUlZKVVNVWkpRMEZVUlMwdExTMHRDazFKU1VWNWFrTkRRWEpMWjBGM1NVSkJaMGxTUVV4dFozRnhlbUZLWnk5Wll6UldOemhwZGxsU0wyZDNSRkZaU2t0dldrbG9kbU5PUVZGRlRFSlJRWGNLUkZSRlRFMUJhMGRCTVZWRlFYaE5RMWt5UlhkSlFtTk9UV3BCZDA1RVNUVk5SR3Q1VFVSSk0xZG9aMUJOYWtFeFRVUkJNRTFxYTNkUFZFMTNUV3BrWVFwTlFUQjRRM3BCU2tKblRsWkNRVTFVUVcxT2FFMUpTVU5KYWtGT1FtZHJjV2hyYVVjNWR6QkNRVkZGUmtGQlQwTkJaemhCVFVsSlEwTm5TME5CWjBWQkNuVXlSVEV5V25WaVZuazNOMnczY1V0dk1HdENiV2xuUVhGcGRYQkdVRWwxWkZwTFNWQjNjMDl4VVdkMFYzaEpTbGRET1ZsWk9YWkdVemMxWW1aNGJWTUtTVU13ZUZaeGFrdHRZbU5uZUZsM1ZWRlpWMGxZV0cxVWJIVk9lRTR6VkVoRVptOWpWMWd3VjA4MlNHNWxSVEJJVkUxWVQxcDZRMEZzZVhoU1FXeHhWUXBzZEV0b2QyUmhNRFY0TmtrNUwwcHhWWFJvV0cxQ1dURllOa1ZWUTNsWVptaEhPVXQ1VTJadWFteDFTbVVyV0Rnd1Z6QkJWRGxWU0daTU5rd3lUR1pOQ2xZMWMyWTJkM1o0VGtKRldWZFdhMFoyZW1aT1ZsUlJMMEo2WVZJd1oxaHJWazByYlhkVVJFNVBNMjVqUkVGTFZVNUtXVWxGY2pReE1ESk5NRzg0TW1ZS01ETllkSFJNYURaUFNHcDFhM0J3VVZsT01uWlJSR2t5UkdKU1RVSkNLM2RpU25sMVRqQmFXR1pLYms1UlJFOUhaakJGYldaYU4wcFBWRmc0Y1VkcWVRcDJiMHhLTWs5cmExbEliV3BRYml0cmFUSXlNbGRNYjNaUFFrazFlalEwYjBGRWJrVlNXbVZ0TW00M1dtRm9ibXRFYlZwa2RUbHVZMGwzVGt0MFFraFZDaTlYVlVRMlRWaDNOR1prS3pod1VURnpWRVppSzFNcmFFaHNja0Y2YVhGc1l6WllRbXhaWmpsRWVrRnFWRlJYVkd4dU5rdE1ka05TTnpWdFlYYzJkMWNLYTNaRlNUZ3phbnBOVDA5eFFtUlNiRXBITjJoTGFFaHphVVkwVDFaek0zQkdkbGRyUlZsYVJVaDJTM2xhUjNsbGMwdG9ZVkZrUVZOa1NuSlZiRlJpZEFwV1VuQmhTbFE0Ulhab2RVRkNWSFZwWkdoQ00xTlhkMkZOWVRZMmRFRlphWE5EUkVFMGFHWlhjMUZySzJKekt6aFdORVZ3WWxKWlJqQkhTelIyWlU5NENuRm9kVGxVZG5SV1NrTkhWVmRYVkd0QlMxTlNkbkpzZW1KVGIwczVjR1J1UVd4NU0zTTVSVE5IVUM5bmFHb3ZVRkJ0WkhSSU5HUkhMMnB3UWpOcVNXZ0tObFpPTTNwaGJ6SXhXV2xwS3l0bk5VeEVkRWRCTmpaNFozTjVTa1ZpV2t4RWVqWXhUVEpKTkc5VlJVTkJkMFZCUVdGTmFrMURSWGRFWjFsRVZsSXdVQXBCVVVndlFrRlJSRUZuUzJ0TlFUaEhRVEZWWkVWM1JVSXZkMUZHVFVGTlFrRm1PSGRFVVZsS1MyOWFTV2gyWTA1QlVVVk1RbEZCUkdkblNVSkJSMWxzQ2pGclpUaHdVV1kzZDI4M2NHZGFZMkZNZDJsM1JEUlVNbEZKTjB4eFZVRnVLekJVUTJkVVowNU9SVzVPZGxwVWRrVlhla2tySzI5dlNEWnNjbkp4U0dvS1ZuZHJhV04yZUdnMFJsWXhUVEJ2YkRaS1dUSTFkVk5JUkZKdUx6aEdaVEZzWTFOcVRVWlphRGxwYzA5YVRrdFFabVExTkVOTE1XZG9WMVJSY1N0MGN3cG9SalphYnpCNU1UbDVTR3AxTkdoNFJtd3hWVUZ4ZVdGb1pFaHRXVEprVEdkVFdUbGtXVWR5UVhwT2N6RlZkMGd4UldGcU1WVjZXa1l2U214NlNqZ3lDa0pwWjJRMWFrVnFLemhLYzNodk5FaElMMHM0VEhCdEwzVjRaRTVhZVZFd1ZVbHRVSFpaVGpFd056WTRUMkZUYW00cmVVOXhTM1J1U3podE56ZDFjMUVLV2pWUFUwSTRNR2xwTUVaYUwxUTVlQ3R6TkdNNFJWQlBaM2RUYzJJMFMzWTNPRVZOWmpoQ2NsTnpZVzR3ZEhOMVltRXpiSEZ4Yms0cmFXWnNkVFZtUmdwS04wVjNkalJwZWpoalRFVkZiSHBJUjBoRVMxVktlWFJrZVVScVNsUlZkMVYwU2tadlRtbFZjRkZKV0hkVFEyVlFZbWxaYTJGUVZYTndNRnAzVFRkUkNrOHdVMGhwT0dWdVZHTnVka0oyVERWQllVOURhVEpDTDB4elZtdFdRbFZuYUhKMldHZEZNSE5HTjNkSFZqQnBRbEZIVVhnckt6bG9ibW9yWTFaamIzSUtiR2hTUmxWU09VNWhiMG8xTWtwbldHbEtkRFIzYUd4Q1JtZE5jV1EyWTJReU9GZExVVFUwUmtwMFdtdHJjV1JZVHpWMFpuUXZObTFTYUc1b2VWZHRSZ28wTW5CWmNERlBNVmx0VFRSSGRGbHNjMlpzTkZwMk5FNXJTbTF0TjJkMVkxQlpjREl3VlcxcFZYQmlNM2hVYXpWMU4wbDBhV2R3UWxKcmVuWTVZa3h3Q205aGFuUkhNMGhMY2sxeWEycEZVRXAyZG1KcmNVc3dTR2h2YVdRd1dVOHdOekF5TjJVMVkyTjRjM1JyVjJNd2IyUTFOV3BRWm1kRGFTODFTVFJVTDA0S05EUmlWakU0VVVONVdXbHpZeTk0ZWxrMlUyOTVRMDlLU0U5T1pXRldLemcyYzNaT1NqWjVWUW90TFMwdExVVk9SQ0JEUlZKVVNVWkpRMEZVUlMwdExTMHRDZz09CiAgICBzZXJ2ZXI6IGh0dHBzOi8vY2xpLXRlc3QtYS1ha2tlc2hhci10ZXN0Mi0xYmZiYjUtMzljOTliYWIuaGNwLndlc3RldXJvcGUuYXptazhzLmlvOjQ0MwogIG5hbWU6IGNsaS10ZXN0LWFrcy02eHF1NnduYW5kawpjb250ZXh0czoKLSBjb250ZXh0OgogICAgY2x1c3RlcjogY2xpLXRlc3QtYWtzLTZ4cXU2d25hbmRrCiAgICB1c2VyOiBjbHVzdGVyVXNlcl9ha2tlc2hhci10ZXN0Ml9jbGktdGVzdC1ha3MtNnhxdTZ3bmFuZGsKICBuYW1lOiBjbGktdGVzdC1ha3MtNnhxdTZ3bmFuZGsKY3VycmVudC1jb250ZXh0OiBjbGktdGVzdC1ha3MtNnhxdTZ3bmFuZGsKa2luZDogQ29uZmlnCnByZWZlcmVuY2VzOiB7fQp1c2VyczoKLSBuYW1lOiBjbHVzdGVyVXNlcl9ha2tlc2hhci10ZXN0Ml9jbGktdGVzdC1ha3MtNnhxdTZ3bmFuZGsKICB1c2VyOgogICAgY2xpZW50LWNlcnRpZmljYXRlLWRhdGE6IExTMHRMUzFDUlVkSlRpQkRSVkpVU1VaSlEwRlVSUzB0TFMwdENrMUpTVVV2VkVORFFYVlhaMEYzU1VKQlowbFNRVkEzVVhkdVIwRm1Wa2M0VEZKT1QxWkdSbTUyWlVWM1JGRlpTa3R2V2tsb2RtTk9RVkZGVEVKUlFYY0tSRlJGVEUxQmEwZEJNVlZGUVhoTlExa3lSWGRJYUdOT1RXcEJkMDVFU1RWTlJHdDVUVVJKTTFkb1kwNU5ha2wzVGtSSk5VMUVhM3BOUkVrelYycEJkd3BOVW1OM1JsRlpSRlpSVVV0RmR6VjZaVmhPTUZwWE1EWmlWMFo2WkVkV2VXTjZSVlpOUWsxSFFURlZSVUY0VFUxaVYwWjZaRWRXZVZreWVIQmFWelV3Q2sxSlNVTkpha0ZPUW1kcmNXaHJhVWM1ZHpCQ1FWRkZSa0ZCVDBOQlp6aEJUVWxKUTBOblMwTkJaMFZCZVRWaldGWlVaRFl6TTNGMVFsWnBOMmMwZFc0S1MyaFNRVE5tYm5aQ1dWaHJaRFpzUVcwd1R6RlVPVk40WTBGVWVHUjFNMUZyYVhGRWFIazBOV28wYmpGeWVGZHlORTVWWmxSc2N6VmhNeTlZUTBGQllRcGtkRTVZY2pWbE9VZGpUR3hHVnpKSGRWQm5lVzV5TXpGa2RHZDRTbVF2TVhaNlozTlljRXBVWmtoUU1VNXVkRTlJUWtSeVoxWk9SV2RWTkN0VVlqVm5Da0owVTBKUFUwRlhibWRLYmxGTGVuaGhNSGRDTDNSU1ZEWkhObGhWYlhkVU1FNUdOelZvZFd0eWVtZGFXUzk2ZVRSM1ZtTkRWRVZGS3pkUlQxbDROMFlLVjJWemQydFVTQzltYXpCRlMwZGlWREIxY0ZnemVsVnlRME4yVUdaM2RDdFlhMWRTUVZWSlZscDRhR0ZHYnpjeFJsVXlZek5FWlM5RVJHRm1ja05vVmdvM1dFcHRhVTFMV0ZabFdFOXdUME5WUzNacU1YTXdjM05xWnk5Q2VVRnhZa1l3ZHl0c1UwMVNaM1pIYm5BeU9HbzBZV0ZLVlZka1dXMU5NVXhOTDFWeENsUlhVRWx6TjBwYVQweHVUVGRsZGtsa1JUQmpTQ3MzV2xsb0x6bGFMM2xsUlVsTVJsaHRjeTlzYlM5YVVtNUlaMmQzVDNBeFQwSkRSQ3RzUkc5alVFNEtTVFJtUVZCalJuZFpVVkpRWW1OaFRESlFORmh1UjFaTmVIRmhXREoyYUdOSlJtbHRiV2RYU1RSNlJHMUhSa05ZUTNwb2FWRjFOMnA0WW5SM1NIaFdXZ3BNVnpnemNrcGhMMVZ6WW5KUFkwTnhVMXBPYkRoRmJYQktSbEJZZFVseFkwOHpXVlJvV0V0ME1YbEJSMk0wWWxoeGIwTXlZV1JuV0dsdlQzUm5RMWh6Q21WeVUySmxXWEo1WWk5VGRIWmxjM1pEY0ZSQmVuSjROR2hwVFdOWU1rOVRWa1ZSTjBOdWNWSXJOelZITjFCVU5GbzJTR1ZrTTNsV1p6WXlWamt2T0UwS05YQnpOM3BoTWpsTFJWZFdhRFJPTVd4WFlXSlVlRTR2Y0RaeE1FRkVkV1E1ZVUwemJHVllNR0ZrY0ZOVVVIcHBia3hKUVVZMFNIcE1RV2RPTVdWMmRBcExRMk14UjJaWlQzZzJWbkZ1UjJWUFpEVk5TRTFEWTBOQmQwVkJRV0ZOTVUxRVRYZEVaMWxFVmxJd1VFRlJTQzlDUVZGRVFXZFhaMDFDVFVkQk1WVmtDa3BSVVUxTlFXOUhRME56UjBGUlZVWkNkMDFEVFVGM1IwRXhWV1JGZDBWQ0wzZFJRMDFCUVhkRVVWbEtTMjlhU1doMlkwNUJVVVZNUWxGQlJHZG5TVUlLUVVwSFdqZHpZbVZvV1RaVlNVMUlPRFpsV0hsRloyVjRhRzkwYXpoMWQzZEllVVppUjI1U1RrTkVkazQ0VTJoM1RsTlRNR1pEYVhZMlozaHVWMEl3YndwUVVFTlBUR0ptTWxKVksyazNiRmh5VG0xWlZUTnJUM3BtYzA5cFlUSTRZV2hhYW5wblVrMHplSE5ZWmpFd1psRm9jU3RwTXpOd1VYUlhjV3RRTW10d0NrRnZWeXRIWWt0dEswZHZVV3BYV0RVMlZGWk5ZVkZ5UkhGR2FYZHFiVmN5UTI5WWREVnpaSGhNVm5kSVppczJWRmRGUkd0dksydEpUelZHYjNOdVpHRUtZMjVhUkhjMlMxQlRZVU15YjB4Q1ZqUktNakpMWTFoak0xbHNSRTVEZDJocFYyNVpiMHAxV0RGQ2QyaFFNR2RXV1ZWdVNEbG9UVE5NY0ZwcWMzbElTUW94UjNGc1VYZDRkVzFJU21wTVQzRjRSV3MxU3pJM2VYQTFhMGN6ZURkNVNtVnZlRnBpVG1GU0wxTkpaMnBMWW5WTllXSTJkSE0wUVUxVksyaHRRVEJCQ20xdk5DdGlXalYwVUhKdU1FbDViVXR4Tm14M1VDODJkWGxXVTBSeVZuWm5ibEUzYnpZeWFtdFNRM0ZCZHpSS01YWlhZa1ZtZEZSbWNVWlJVRVpxYlZRS2EwaFBTMGc1Y0dKM1MwbERWblpxWlhFNFVYZHhiRk0wWkVGaFdsSm5UVFl3VEhCWU1raGxNRXhTWjNGb1VYZFNTamQxYkRoRlQyZGxkMjlXY0dsaGJBcDZUMkp5Y1hsWGRtaFVjbWh4TmtVeFRIVndZWFpHWm1wNWEzRXpRWG93WjBSU2RUTmxVR0pRYTIwcmNIWkhWelpzTWxGUkszazJhRWRCZWxoeU5YVm5Da0UzTkhwWlozTnRSRzl1Ym5Nck5FSXhlRWxUYUhsSldYcGtaMmc1VFZwbFEzUmpOMU5rVldGM1ZVRmxVMnhvVFdVMWFYUXpTbGt3U2pOMGJUbG5NMlFLV21sNVZDODBWbFEzTTAxeGRFbFFOVk1yZERacGVuSjNkMDlIV0dKaFJGUkpSVmhvVjFCU1RHSmFURkJUWW5wNGMyRnhZemRZUVdnME1XRXJVeXRHZEFwQ2R6bDNZemRaVG1aTFYybHliVzA0YWtobFoyWkxjR3huV2xGUU5rMTVRM3BxV0hkaWFGVndkRW80V0FvdExTMHRMVVZPUkNCRFJWSlVTVVpKUTBGVVJTMHRMUzB0Q2c9PQogICAgY2xpZW50LWtleS1kYXRhOiBMUzB0TFMxQ1JVZEpUaUJTVTBFZ1VGSkpWa0ZVUlNCTFJWa3RMUzB0TFFwTlNVbEtTMmRKUWtGQlMwTkJaMFZCZVRWaldGWlVaRFl6TTNGMVFsWnBOMmMwZFc1TGFGSkJNMlp1ZGtKWldHdGtObXhCYlRCUE1WUTVVM2hqUVZSNENtUjFNMUZyYVhGRWFIazBOV28wYmpGeWVGZHlORTVWWmxSc2N6VmhNeTlZUTBGQllXUjBUbGh5TldVNVIyTk1iRVpYTWtkMVVHZDVibkl6TVdSMFozZ0tTbVF2TVhaNlozTlljRXBVWmtoUU1VNXVkRTlJUWtSeVoxWk9SV2RWTkN0VVlqVm5RblJUUWs5VFFWZHVaMHB1VVV0NmVHRXdkMEl2ZEZKVU5rYzJXQXBWYlhkVU1FNUdOelZvZFd0eWVtZGFXUzk2ZVRSM1ZtTkRWRVZGS3pkUlQxbDROMFpYWlhOM2ExUklMMlpyTUVWTFIySlVNSFZ3V0RONlZYSkRRM1pRQ21aM2RDdFlhMWRTUVZWSlZscDRhR0ZHYnpjeFJsVXlZek5FWlM5RVJHRm1ja05vVmpkWVNtMXBUVXRZVm1WWVQzQlBRMVZMZG1veGN6QnpjMnBuTDBJS2VVRnhZa1l3ZHl0c1UwMVNaM1pIYm5BeU9HbzBZV0ZLVlZka1dXMU5NVXhOTDFWeFZGZFFTWE0zU2xwUFRHNU5OMlYyU1dSRk1HTklLemRhV1dndk9RcGFMM2xsUlVsTVJsaHRjeTlzYlM5YVVtNUlaMmQzVDNBeFQwSkRSQ3RzUkc5alVFNUpOR1pCVUdOR2QxbFJVbEJpWTJGTU1sQTBXRzVIVmsxNGNXRllDakoyYUdOSlJtbHRiV2RYU1RSNlJHMUhSa05ZUTNwb2FWRjFOMnA0WW5SM1NIaFdXa3hYT0ROeVNtRXZWWE5pY2s5alEzRlRXazVzT0VWdGNFcEdVRmdLZFVseFkwOHpXVlJvV0V0ME1YbEJSMk0wWWxoeGIwTXlZV1JuV0dsdlQzUm5RMWh6WlhKVFltVlpjbmxpTDFOMGRtVnpka053VkVGNmNuZzBhR2xOWXdwWU1rOVRWa1ZSTjBOdWNWSXJOelZITjFCVU5GbzJTR1ZrTTNsV1p6WXlWamt2T0UwMWNITTNlbUV5T1V0RlYxWm9ORTR4YkZkaFlsUjRUaTl3Tm5Fd0NrRkVkV1E1ZVUwemJHVllNR0ZrY0ZOVVVIcHBia3hKUVVZMFNIcE1RV2RPTVdWMmRFdERZekZIWmxsUGVEWldjVzVIWlU5a05VMUlUVU5qUTBGM1JVRUtRVkZMUTBGblJVRjFXa1EzUWtsS2QweGlhSFJYTlZFMFVHcDFVbGcwY0dOWlltVkplRXhxTkhWS1ZEbDJWV1Z0ZDBvdk1rb3dkSEZLSzA4eGQzcFRZUW81UTBWUEswTldaMWRZYW1kV1EzTk9kMDlpYmxoSVQwZDBUbFZpVTJkc2VXMURjM1puYjJGb1RtSnVRMGhYUTJ4RGQyNU1OMk52Tm1GbVNrd3hWVXBJQ2s1MVFXRXhiMjR2UkU5NWVFVnRXR1J6ZFVGS2VHVTFhVmhaZUZScVNWbDJWSEpzVUhoRVFXVnRkRmhJY1hWMk5YVmhUV2MwS3k5Q1dEZEJRa1U0YlU0S1N5OHdkMU13UmxBMk1VcEpkRTlLVTNSR1NVa3pOeXRNYVZrNGJtaE5SVnBaU1RVMEsxVTRUSEJwVDNKdFZXaGxWbUZZY0d4cFdWRnRRbFZMTVhKVFJBbzJaV2x3UWpOSmNqQjJiakJ4TjJzeFlUUm5iMU1yUzFOQlYwa3lhVUp3U2tkUmFEZ3hhQ3RGUkdOYWFGcDRXRXhLWlZFd1RsUjRjR1paVFd4UU9GRlJDa2QyUmlzMllVdEpSazVZTld3MWFYRXJlR0VyY1ROQlluaHlNRVpGZVhFM01XUkxjRlpQU0hadVQxcHVXVTlYWmtGSGJuaEJSWEpPT1hWa1UxZHBkelVLVm04MVMxZEpaRzVKUW5sRU4yMDNiR3M1ZGpRclowVXlZMGx6Y1VnMVlYWjJaR3QwWXl0dUwwVTRXRk15UlZVd2NHTjRZbWRNWm1SbmVIQkllbk1yWlFwVFZVWkdZbk5PVUV4UGFVTXZRbXBpWW00NVNIaFpTVEYwZUdGUlF6Z3hlWEZuZFhVNFVVVjRZVVZMWjJSSllraEdaRVJxUkZVeVUxZFBXa0p1YUZVMUNuQlRRV2ROU2xCWFVETkNPRGR6Y210Nk1UWnhkV1pvTnpWQ1dFWmtRWFExVVhwQk9FbHFUVm92Y0RRdk4zQk1NRGx2VlhSTE9VbEplV0l2TjB3M2VVVUtVRE5CYTBaWFFrdFhUMVJZVFZVMFMwNUphR3d4VW5SWFltbEVNbHBaVW5SMlVtaEZia05ZY2s5WVZEa3hUbkpEWkdKRE1WbzNhV3A2VlU5Rk1YcFhkd280UXk5V1RuTnVaMUZtVkVNNEswaEpSbUpDV0dkVFJVVXhNMFU1VUZsNVV6SldPVkJQVld0bFpYQlZZV2gwZW5CUWIydERaMmRGUWtGT05sRmlObWR6Q25WeFZYSnljV2wyYmtGV05qTkZSR1pFV21KTFZsVTNMMjVRTkdoS2N6UnBhR3ROZUdvNWJtb3lWWEZYUkRVNU1VZG5iM0l5V1RWbVozaDVTR1JyUldJS1lsWndTMGxZUjFCeVprRlBTRTFqZUVVMVJFMHhXa3h3UjJkc2RqUkhhRWR5TDBWMldYcFBRVkZtYjA1aFVsazRSVU5MWVZwb01uSm5XaTh4YURRMFdnbzVRamxvWVdSQlpXeFdibUYxTml0b1ZtbGlSREZVWVZCWFlYcFpZV0psYlVNMVNtbFViV3NyY0Zod1MxVXhTekpOVFV0SlQwdzRkbkpxVW5GaGFWaE9DamRNYVVKd1NrRkdjV1ZTV205MU5ISndXVkYzU21nd2NHZHpRekZTVVM5eVUzcFJXV2xyYm1wUllVODROSEY0WkVwT1pWSnBZbnA1YVRodloydDBaRTBLUkRkWGVYQndMMEl4TWpSeVRHcG1lbGRZWkhGNloyWkJNRUpKY200MlNtTm9aVlJGVXpsWU9FMTRPRmh1VFZGQlpsbzRNVFYzZG5KTFEyaHNUVmd3VHdwalExbFdUR3hLTW1RdldISlZZazFEWjJkRlFrRlBiM00zT0V4eGJ6QklTU3RoZDNKcFdUSjBjazlFWVhseFJuZEVkV1paYjI1bU5HdzRNR0oxZVhVeENtOVlUVFp5ZWtGV1pDOXZjV2xXWldSWlpIQjJRV1pYTUdkSmRVbGxVWGROY0hweVdVMHZlR1JIVUhSamFVSXlPVFpXTVROTksxTTJjVFpWYjJoV1Exb0tXbUpzZEdwMVpVVkZXRU15UkdSNk5uRkxZWEY2Tmt0VVNTdHVja1owUjFsaE16azVSMUpyWkhsSWMwVkthVWRIWkZGTFpreHhSelZKVVdSUlJFSm5aZ3BWZUhkWmJucDNRVzUzZFZBeFJsZGtlVnBNVEc1dlVrSTBaVFYxU201QmEydFFRekp6TUVZNVZWTnBWRFJ4TVZCeFRGaEhZMjA1VVRVek1XUk9UMHhMQ214UGNVVm5hM1EyZWxCalJrOVdhRXM1VDNjMk9FeDBhSElyVEVSdWFHeFRNMEZWYkZOcFJGbGtTR0owUjJwUU5WRmtLMjE1UlRCbFFtRkVPVFpxY1VnS0sySk5RVTVZZGswMGQxSnhVMVJNWkRGcVEwNWxZamRuZDBNM1owTk5MelpFU3prM1YwOW5VRXBpTUVOblowVkNRVXhYTnpWNFJFTkNWalJrZG5rM1N3cDRia2hNUlhSS09UQkdSRk4zY205U1EzaGhVRFV5Ym0wd2R6bElRbmhzTm1Ka1NIcHRjVzkzUzNGVmJtcFRkM1ZZV21OTlNHTnRiMHBpUkZkWE1YbHdDbGd2VW0wNFlWUk9Ua0ppUjNrMVdqaGtUMEpFTVVaQlVtVkdWazk0YjJkc1RVeHhTQzlOYkVaSWFpOUVTalpOVDJsdVoyUlBlVlZVYlVReVVHYzJSMGdLWkRWcE5XWlJkelpvTW1nM0wwUjJhVGRsZVhabmFFOU9jVWRHVG0xSk1XcDBRMlZhVkZaU05uQklTVlZZV2toMk1IbFlSbmgzY3pkcVVrcFVLMmhaU1FwTFpWQnRUbG8yV2xWVWQxSlFUelJRUjFVNVYwNVRRamhzZUc1bk9TOXlRbU5NV0UwMVMwdDFTa0ZzUzAwNWFIWnFVMjUwVlhwdmRWSTFNbk5XVm1GaENrbzVhM3AwVkdaSGJ6aFdXa1ozWkVwelFqRkhUbU5IVlVneGFtWXlURlJSYWsxWVZYVkNUbklyZVdadlJXUlBkbTR3YW5NMlJ6Um1VR2RCTm5neWNHRUthR3BZZFdkMlZVTm5aMFZDUVU1WE5DOHpXSGQxWlVabVkwZGpkazFTU25GVlRqZEVUVXMxV1ZoSVNrUkxSSHBCVjB0TmMzcFJNbVZpYlZOQ1UyTlNhZ3AzTmxaQ1ZIbHVNR3BKZEZWU2QwTmtjR0puZW1KUE5sQlhZM281TlRaNFMzUXpUWEI0TVRCR2NEaG1VemxFZVhOR1pETmtaSEJpVWl0aFNtSnRSa2syQ2tkalV6VnJlblE0VmxwSlVGVlJUalp6VVhSaWMwODNTRFJyZUhaMWQyeFBVV3gyY25SSVZtbG9jMXBIZVRoT2Vqa3JNelZ2TmtGalluSnBNSHBDWkhrS1NtSllhWEJvVFdoMVFXWlBOa3hUYVdkSVdXZGtPWEJtZEZKNlRWVm9kbE5MVGtWVk56UjJibkZRTWtaNVdXeEpNa2t4TVVaTlFuSjZZU3RuUld3MllncEVRbVpwTXpaNGVXUk5hSEJJY1RaWFFVaFlRWFpVYXpGbk0wdzJlbTlZWkhBMlYyMTZaMUpxVjBScGNuVnBSMUExWld4Q09VcFdTVFZ3TnpBNFRuTXhDbUZ1Wm5OSVZGSmpaa3BFUW1acWVUQlhVa2wyUkVSMmMxcGpiQ3RzVDNwMVlta3dRMmRuUlVGSFdFWldjamRoZUZaVFYweFVjR3BWUjBkcmJVcFNOaklLYlRObVNVMDJRa2xGVW5WYU0yMHZlR1YyTjNGcVVTOXZjRXhLWm1vellVeDViWGd4YmxCdFpFTmlTV0ptYVdGQmVtSXhhemx2T1U5SVFUZDNVVFp5VmdwbGRDdHNRMVZYVkROaVZTODFkRVkwUjJFNWRVcFlWMkkwUjAxWlVtTnNVMGMzZGtjMWVWSkdlSGxXU21kMk1IUkNUV2xLWlVaclpqUjJjV2hoWVdwM0NsRmtaakJ3TmtkbFpWTTBjblJFYzBGMFJqRlhabUZCTkhWdFN5ODVlazV3ZDNGSFltMUJSSEJaZGpWSkwwOXRSR2R0VEVodVFUQmpaRUppVTFKVlpuY0tZMHhaY0c1MFZVRkRhVGRYYm10V2RURTJPVWx3YXpSNGJsUlhSbGxQTjFZeFFrcHJZbEJuWkhOcGNIZERUV0l3YVZsR1JtTjFaMmxwYjJaeVRqRXJTQXB5UlVrNGRFeG1OMHh3Vm1GTVFtczNOUzl6YnpRNWNXVmFSMjlWZFVaeFZHeFNUVXBZWlZkd1RHWTVZbk5zZDNWcFdEQTBOaTk2VG1oa0x6TndRVDA5Q2kwdExTMHRSVTVFSUZKVFFTQlFVa2xXUVZSRklFdEZXUzB0TFMwdENnPT0KICAgIHRva2VuOiA5NTMzZWQ0NTM0NDAwMjEyMzQ3NWZjODc4M2JjYmQ5NmJlNTBhMWQ3ZDE2MmZlYjhiNDc4NjYyNjE2NTkxZjkzZGRkMzU3MzdjNzFiMWI0OGIzMzc0Y2VlNmI5YzQ3YTk3Y2UzY2M5MzVkZGI0ZmM2MDgyMjdlNjZiZWVlZDAwOQo=\"\n
        \  }\n  ]\n }"
    headers:
      cache-control:
      - no-cache
      content-length:
      - '13016'
      content-type:
      - application/json
      date:
      - Wed, 29 Apr 2020 09:35:49 GMT
      expires:
      - '-1'
      pragma:
      - no-cache
      server:
      - nginx
      strict-transport-security:
      - max-age=31536000; includeSubDomains
      transfer-encoding:
      - chunked
      vary:
      - Accept-Encoding
      x-content-type-options:
      - nosniff
      x-ms-ratelimit-remaining-subscription-writes:
      - '1199'
    status:
      code: 200
      message: OK
- request:
    body: null
    headers:
      Accept:
      - application/json
      Content-Type:
      - application/json
      User-Agent:
      - OpenAPI-Generator/11.0.0/python
    method: GET
    uri: https://cli-test-a-akkeshar-test2-1bfbb5-39c99bab.hcp.westeurope.azmk8s.io/apis/networking.k8s.io/v1/
  response:
    body:
      string: '{"kind":"APIResourceList","apiVersion":"v1","groupVersion":"networking.k8s.io/v1","resources":[{"name":"networkpolicies","singularName":"","namespaced":true,"kind":"NetworkPolicy","verbs":["create","delete","deletecollection","get","list","patch","update","watch"],"shortNames":["netpol"],"storageVersionHash":"YpfwF18m1G8="}]}

        '
    headers:
      audit-id:
      - 73745d53-5867-48c8-b61a-a405a648ab95
      content-length:
      - '328'
      content-type:
      - application/json
      date:
      - Wed, 29 Apr 2020 09:35:52 GMT
    status:
      code: 200
      message: OK
- request:
    body: null
    headers:
      Accept:
      - application/json
      Accept-Encoding:
      - gzip, deflate
      CommandName:
      - connectedk8s connect
      Connection:
      - keep-alive
      ParameterSetName:
      - -g -n -l --tags --kube-config
      User-Agent:
      - python/3.7.0 (Windows-10-10.0.18362-SP0) msrest/0.6.10 msrest_azure/0.6.2
        azure-mgmt-resource/9.0.0 Azure-SDK-For-Python AZURECLI/2.5.0
      accept-language:
      - en-US
    method: GET
    uri: https://management.azure.com/subscriptions/00000000-0000-0000-0000-000000000000/providers/Microsoft.Kubernetes?api-version=2019-07-01
  response:
    body:
      string: '{"id":"/subscriptions/00000000-0000-0000-0000-000000000000/providers/Microsoft.Kubernetes","namespace":"Microsoft.Kubernetes","authorizations":[{"applicationId":"64b12d6e-6549-484c-8cc6-6281839ba394","roleDefinitionId":"1d1d44cf-68a1-4def-a2b6-cd7efc3515af"}],"resourceTypes":[{"resourceType":"locations","locations":[],"apiVersions":["2020-01-01-preview"],"capabilities":"None"},{"resourceType":"locations/operationStatuses","locations":["East
        US 2 EUAP","West Europe","East US"],"apiVersions":["2020-01-01-preview"],"capabilities":"None"},{"resourceType":"registeredSubscriptions","locations":[],"apiVersions":["2020-01-01-preview"],"capabilities":"None"},{"resourceType":"operations","locations":["West
        US","East US"],"apiVersions":["2019-11-01-preview","2019-09-01-privatepreview"],"capabilities":"None"},{"resourceType":"connectedClusters","locations":["East
        US","West Europe","East US 2 EUAP"],"apiVersions":["2020-01-01-preview","2019-11-01-preview","2019-09-01-privatepreview"],"capabilities":"CrossResourceGroupResourceMove,
        CrossSubscriptionResourceMove, SystemAssignedResourceIdentity, SupportsTags,
        SupportsLocation"}],"registrationState":"Registered","registrationPolicy":"RegistrationRequired"}'
    headers:
      cache-control:
      - no-cache
      content-length:
      - '1208'
      content-type:
      - application/json; charset=utf-8
      date:
      - Wed, 29 Apr 2020 09:35:54 GMT
      expires:
      - '-1'
      pragma:
      - no-cache
      strict-transport-security:
      - max-age=31536000; includeSubDomains
      vary:
      - Accept-Encoding
      x-content-type-options:
      - nosniff
    status:
      code: 200
      message: OK
- request:
    body: null
    headers:
      Accept:
      - application/json
      Accept-Encoding:
      - gzip, deflate
      CommandName:
      - connectedk8s connect
      Connection:
      - keep-alive
      ParameterSetName:
      - -g -n -l --tags --kube-config
      User-Agent:
      - python/3.7.0 (Windows-10-10.0.18362-SP0) msrest/0.6.10 msrest_azure/0.6.2
        azure-mgmt-hybridkubernetes/0.1.1 Azure-SDK-For-Python AZURECLI/2.5.0
      accept-language:
      - en-US
    method: GET
    uri: https://management.azure.com/subscriptions/00000000-0000-0000-0000-000000000000/resourcegroups/akkeshar-test2/providers/Microsoft.Kubernetes/connectedClusters/cc-000002?api-version=2020-01-01-preview
  response:
    body:
      string: '{"error":{"code":"ResourceNotFound","message":"The Resource ''Microsoft.Kubernetes/connectedClusters/cc-000002''
        under resource group ''akkeshar-test2'' was not found."}}'
    headers:
      cache-control:
      - no-cache
      content-length:
      - '169'
      content-type:
      - application/json; charset=utf-8
      date:
      - Wed, 29 Apr 2020 09:35:55 GMT
      expires:
      - '-1'
      pragma:
      - no-cache
      strict-transport-security:
      - max-age=31536000; includeSubDomains
      x-content-type-options:
      - nosniff
      x-ms-failure-cause:
      - gateway
    status:
      code: 404
      message: Not Found
- request:
    body: null
    headers:
      Accept:
      - application/json
      Accept-Encoding:
      - gzip, deflate
      CommandName:
      - connectedk8s connect
      Connection:
      - keep-alive
      ParameterSetName:
      - -g -n -l --tags --kube-config
      User-Agent:
      - python/3.7.0 (Windows-10-10.0.18362-SP0) msrest/0.6.10 msrest_azure/0.6.2
        azure-mgmt-resource/9.0.0 Azure-SDK-For-Python AZURECLI/2.5.0
      accept-language:
      - en-US
    method: GET
    uri: https://management.azure.com/subscriptions/00000000-0000-0000-0000-000000000000/resourcegroups/akkeshar-test2?api-version=2019-07-01
  response:
    body:
      string: '{"id":"/subscriptions/00000000-0000-0000-0000-000000000000/resourceGroups/akkeshar-test2","name":"akkeshar-test2","type":"Microsoft.Resources/resourceGroups","location":"eastus2","properties":{"provisioningState":"Succeeded"}}'
    headers:
      cache-control:
      - no-cache
      content-length:
      - '226'
      content-type:
      - application/json; charset=utf-8
      date:
      - Wed, 29 Apr 2020 09:35:55 GMT
      expires:
      - '-1'
      pragma:
      - no-cache
      strict-transport-security:
      - max-age=31536000; includeSubDomains
      vary:
      - Accept-Encoding
      x-content-type-options:
      - nosniff
    status:
      code: 200
      message: OK
- request:
    body: null
    headers:
      Accept:
      - '*/*'
      Accept-Encoding:
      - gzip, deflate
      Connection:
      - keep-alive
      Content-Length:
      - '0'
      User-Agent:
      - python-requests/2.22.0
    method: POST
    uri: https://eastus2euap.dp.kubernetesconfiguration.azure.com/azure-arc-k8sagents/GetLatestHelmPackagePath?api-version=2019-11-01-preview&releaseTrain=stable
  response:
    body:
      string: '{"repositoryPath":"azurearcfork8s.azurecr.io/canary/stable/azure-arc-k8sagents:0.1.119"}'
    headers:
      api-supported-versions:
      - 2019-11-01-Preview
      connection:
      - close
      content-length:
      - '88'
      content-type:
      - application/json; charset=utf-8
      date:
      - Wed, 29 Apr 2020 09:35:57 GMT
      server:
      - openresty/1.15.8.2
      strict-transport-security:
      - max-age=15724800; includeSubDomains
      - max-age=2592000
      x-content-type-options:
      - nosniff
    status:
      code: 200
      message: OK
- request:
    body: null
    headers:
      Accept:
      - application/json
      Content-Type:
      - application/json
      User-Agent:
      - OpenAPI-Generator/11.0.0/python
    method: GET
    uri: https://cli-test-a-akkeshar-test2-1bfbb5-39c99bab.hcp.westeurope.azmk8s.io/api/v1/nodes
  response:
    body:
      string: '{"kind":"NodeList","apiVersion":"v1","metadata":{"selfLink":"/api/v1/nodes","resourceVersion":"912"},"items":[{"metadata":{"name":"aks-nodepool1-28230805-vmss000000","selfLink":"/api/v1/nodes/aks-nodepool1-28230805-vmss000000","uid":"bfe871a9-8eea-4bd0-a418-bc98c2774e91","resourceVersion":"827","creationTimestamp":"2020-04-29T09:35:02Z","labels":{"agentpool":"nodepool1","beta.kubernetes.io/arch":"amd64","beta.kubernetes.io/instance-type":"Standard_B2s","beta.kubernetes.io/os":"linux","failure-domain.beta.kubernetes.io/region":"westeurope","failure-domain.beta.kubernetes.io/zone":"0","kubernetes.azure.com/cluster":"MC_akkeshar-test2_cli-test-aks-000001_westeurope","kubernetes.azure.com/role":"agent","kubernetes.io/arch":"amd64","kubernetes.io/hostname":"aks-nodepool1-28230805-vmss000000","kubernetes.io/os":"linux","kubernetes.io/role":"agent","node-role.kubernetes.io/agent":"","storageprofile":"managed","storagetier":"Premium_LRS"},"annotations":{"node.alpha.kubernetes.io/ttl":"0","volumes.kubernetes.io/controller-managed-attach-detach":"true"}},"spec":{"podCIDR":"10.244.0.0/24","providerID":"azure:///subscriptions/00000000-0000-0000-0000-000000000000/resourceGroups/mc_akkeshar-test2_cli-test-aks-000001_westeurope/providers/Microsoft.Compute/virtualMachineScaleSets/aks-nodepool1-28230805-vmss/virtualMachines/0"},"status":{"capacity":{"attachable-volumes-azure-disk":"4","cpu":"2","ephemeral-storage":"101445900Ki","hugepages-1Gi":"0","hugepages-2Mi":"0","memory":"4017084Ki","pods":"110"},"allocatable":{"attachable-volumes-azure-disk":"4","cpu":"1900m","ephemeral-storage":"93492541286","hugepages-1Gi":"0","hugepages-2Mi":"0","memory":"2200508Ki","pods":"110"},"conditions":[{"type":"NetworkUnavailable","status":"False","lastHeartbeatTime":"2020-04-29T09:35:36Z","lastTransitionTime":"2020-04-29T09:35:36Z","reason":"RouteCreated","message":"RouteController
        created a route"},{"type":"MemoryPressure","status":"False","lastHeartbeatTime":"2020-04-29T09:35:53Z","lastTransitionTime":"2020-04-29T09:35:02Z","reason":"KubeletHasSufficientMemory","message":"kubelet
        has sufficient memory available"},{"type":"DiskPressure","status":"False","lastHeartbeatTime":"2020-04-29T09:35:53Z","lastTransitionTime":"2020-04-29T09:35:02Z","reason":"KubeletHasNoDiskPressure","message":"kubelet
        has no disk pressure"},{"type":"PIDPressure","status":"False","lastHeartbeatTime":"2020-04-29T09:35:53Z","lastTransitionTime":"2020-04-29T09:35:02Z","reason":"KubeletHasSufficientPID","message":"kubelet
        has sufficient PID available"},{"type":"Ready","status":"True","lastHeartbeatTime":"2020-04-29T09:35:53Z","lastTransitionTime":"2020-04-29T09:35:03Z","reason":"KubeletReady","message":"kubelet
        is posting ready status. AppArmor enabled"}],"addresses":[{"type":"Hostname","address":"aks-nodepool1-28230805-vmss000000"},{"type":"InternalIP","address":"10.240.0.4"}],"daemonEndpoints":{"kubeletEndpoint":{"Port":10250}},"nodeInfo":{"machineID":"cbf84cab04f54b038041d131896e847f","systemUUID":"87685DB2-9865-4942-8803-F1A81452E12A","bootID":"74a95eed-081e-44a2-ab49-1c581929e88b","kernelVersion":"4.15.0-1077-azure","osImage":"Ubuntu
        16.04.6 LTS","containerRuntimeVersion":"docker://3.0.10+azure","kubeletVersion":"v1.15.10","kubeProxyVersion":"v1.15.10","operatingSystem":"linux","architecture":"amd64"},"images":[{"names":["mcr.microsoft.com/oss/kubernetes/hyperkube@sha256:77a141d66d8f3961928447bd1595e8af0e833eaa64a0f4813bf220a40c9c9893","mcr.microsoft.com/oss/kubernetes/hyperkube:v1.15.10-hotfix.20200326"],"sizeBytes":643025126},{"names":["mcr.microsoft.com/oss/kubernetes/hyperkube@sha256:4903a86f5a64b8bc997b744bbcb3976f9320cc2995334c9a294e9df7ab5d16a1","mcr.microsoft.com/oss/kubernetes/hyperkube:v1.15.10_f0.0.1"],"sizeBytes":643020934},{"names":["mcr.microsoft.com/oss/kubernetes/ingress/nginx-ingress-controller@sha256:2246064c965d8408cf794097a36cbed95262f63c800770ce32ac903df0df0c80","mcr.microsoft.com/oss/kubernetes/ingress/nginx-ingress-controller:0.19.0"],"sizeBytes":414090450},{"names":["mcr.microsoft.com/azuremonitor/containerinsights/ciprod@sha256:1ab6e373673465a53b719ae3e3356b2b93b537351fe4cbf36e62327830a93585","mcr.microsoft.com/azuremonitor/containerinsights/ciprod:ciprod03022020"],"sizeBytes":396692153},{"names":["mcr.microsoft.com/azuremonitor/containerinsights/ciprod@sha256:6a00d818e129b956a22b723e5543a6cdad1431666c090ea5e3676001a921c539","mcr.microsoft.com/azuremonitor/containerinsights/ciprod:ciprod01072020"],"sizeBytes":396298129},{"names":["deis/hcp-tunnel-front@sha256:d237ae461a2f3f7d3f32c33b4d7b2f5fb1681c00b840e8515882c29267bc1c9b","deis/hcp-tunnel-front:v1.9.2-v4.0.11"],"sizeBytes":357377808},{"names":["deis/kube-svc-redirect@sha256:af50cfa03a6b02a4173f3adb476f403efde16193f91d02e2ae8123f57ee21204","deis/kube-svc-redirect:v1.0.7"],"sizeBytes":353963611},{"names":["deis/hcp-tunnel-front@sha256:cbd52a7489524e0389688fa9969d6e5c870500d3e5da33583b75bdcb75d40bbc","mcr.microsoft.com/aks/hcp/hcp-tunnel-front@sha256:cbd52a7489524e0389688fa9969d6e5c870500d3e5da33583b75bdcb75d40bbc","deis/hcp-tunnel-front:v1.9.2-v3.0.11","mcr.microsoft.com/aks/hcp/hcp-tunnel-front:v1.9.2-v3.0.11"],"sizeBytes":353663014},{"names":["mcr.microsoft.com/oss/kubernetes/autoscaler/cluster-proportional-autoscaler@sha256:dc8426f14b517d91272b62d18203475cfd50796d071c48925a662564361a885c","mcr.microsoft.com/oss/kubernetes/autoscaler/cluster-proportional-autoscaler:1.3.0_v0.0.5"],"sizeBytes":250775999},{"names":["mcr.microsoft.com/k8s/csi/azurefile-csi@sha256:3f48233e04580a4344d69921be1a38a0bb1616d0bf86ac3920e9d3c8cc805093","mcr.microsoft.com/k8s/csi/azurefile-csi:v0.3.0"],"sizeBytes":245146481},{"names":["mcr.microsoft.com/azure-application-gateway/kubernetes-ingress@sha256:9a8b2aafb2be07bbee231bd6af425975746a43a1f6b1456f7257d6982c5d6969","mcr.microsoft.com/azure-application-gateway/kubernetes-ingress:1.0.1-rc3"],"sizeBytes":224310054},{"names":["mcr.microsoft.com/k8s/csi/azuredisk-csi@sha256:b3379ebfc891c17312ecaf299977144af6f6ed5180f0eaf79110add8d7381f75","mcr.microsoft.com/k8s/csi/azuredisk-csi:v0.4.0"],"sizeBytes":206475565},{"names":["mcr.microsoft.com/containernetworking/azure-npm@sha256:b2618daafe6fe4a5a78b9e35ecb98ad9795780f88a057876872b63366349281a","mcr.microsoft.com/containernetworking/azure-npm:v1.1.0"],"sizeBytes":155525259},{"names":["mcr.microsoft.com/containernetworking/azure-npm@sha256:0755a2743617712a62ad3e0352ba4ad4de807122642ca9a9e5b409a406429809","mcr.microsoft.com/containernetworking/azure-npm:v1.0.33"],"sizeBytes":152850571},{"names":["mcr.microsoft.com/containernetworking/azure-npm@sha256:2bcb232b4d8d21b4e5f90dbc088766968edef7daf6073c2ae6818848cc01450d","mcr.microsoft.com/containernetworking/azure-npm:v1.0.32"],"sizeBytes":133157858},{"names":["mcr.microsoft.com/oss/open-policy-agent/gatekeeper@sha256:0572ee453918f23f7950168f1aa563a354d65d12bee207a100de64ea172ecd5e","mcr.microsoft.com/oss/open-policy-agent/gatekeeper:v2.0.1"],"sizeBytes":129068206},{"names":["mcr.microsoft.com/containernetworking/azure-npm@sha256:266aef2236e0144078dcddb308ab9fbed5e30412db00b2d7e1e9f6bcba6d6835","mcr.microsoft.com/containernetworking/azure-npm:v1.0.30"],"sizeBytes":125356074},{"names":["mcr.microsoft.com/containernetworking/networkmonitor@sha256:d875511410502c3e37804e1f313cc2b0a03d7a03d3d5e6adaf8994b753a76f8e","mcr.microsoft.com/containernetworking/networkmonitor:v0.0.6"],"sizeBytes":123663837},{"names":["mcr.microsoft.com/oss/kubernetes/kubernetes-dashboard@sha256:dca7e06333b41acd5ba4c6554d93d7b57cf74a1f2c90a72dbbe39cbb40f86979","mcr.microsoft.com/oss/kubernetes/kubernetes-dashboard:v1.10.1"],"sizeBytes":121711221},{"names":["k8s.gcr.io/node-problem-detector@sha256:276335fa25a703615cc2f2cdc51ba693fac4bdd70baa63f9cbf228291defd776","k8s.gcr.io/node-problem-detector:v0.8.0"],"sizeBytes":108715243},{"names":["mcr.microsoft.com/containernetworking/networkmonitor@sha256:1ab5ce423894918c4fd7ec5533837e943dc0fb4c762c3f751486359348d4f8c9","mcr.microsoft.com/containernetworking/networkmonitor:v0.0.7"],"sizeBytes":104673601},{"names":["mcr.microsoft.com/oss/kubernetes/dashboard@sha256:85fbaa5c8fd7ffc5723965685d9467a89e2148206019d1a8979cec1f2d25faef","mcr.microsoft.com/oss/kubernetes/dashboard:v2.0.0-beta8"],"sizeBytes":90835430},{"names":["microsoft/virtual-kubelet@sha256:efc397d741d7e590c892c0ea5dccc9a800656c3adb95da4dae25c1cdd5eb6d9f","mcr.microsoft.com/oss/virtual-kubelet/virtual-kubelet@sha256:88974b99c1c19085f200b9a69942579a1d160924cff05c9143c1390f1a8d9fb2","microsoft/virtual-kubelet:latest","mcr.microsoft.com/oss/virtual-kubelet/virtual-kubelet:latest"],"sizeBytes":87436458},{"names":["mcr.microsoft.com/oss/kubernetes/k8s-dns-kube-dns@sha256:c1c11d18f192f4c8616eb5481b21114c331ea8de389e433f5f141bc0e5f58a3b","mcr.microsoft.com/oss/kubernetes/k8s-dns-kube-dns:1.15.4"],"sizeBytes":86980681},{"names":["mcr.microsoft.com/oss/kubernetes/ip-masq-agent@sha256:e9a6a4b30f278713486fb9bbb5eb4d691323e95be387f5a5a84500d5318dcb6e","mcr.microsoft.com/oss/kubernetes/ip-masq-agent:v2.0.0_v0.0.5"],"sizeBytes":86934309},{"names":["mcr.microsoft.com/oss/calico/cni@sha256:2eced7afb276895062ca2b68f0c45c2184d4621f19f2c72455b3335117db3d9c","mcr.microsoft.com/oss/calico/cni:v3.5.0"],"sizeBytes":83633850},{"names":["gcr.io/kubernetes-helm/tiller@sha256:d52b34a9f9aeec1cf74155ca51fcbb5d872a705914565c782be4531790a4ee0e","gcr.io/kubernetes-helm/tiller:v2.13.1"],"sizeBytes":82105090},{"names":["mcr.microsoft.com/containernetworking/azure-vnet-telemetry@sha256:427589864fb4a53866103951a81bb47e9481bbc75325eb5898d57eecf256701b","mcr.microsoft.com/containernetworking/azure-vnet-telemetry:v1.0.30"],"sizeBytes":78949814},{"names":["mcr.microsoft.com/oss/kubernetes/k8s-dns-dnsmasq-nanny@sha256:47660e5a9967a32e688ec78caa4b87498f161a41b6284edd43e9058a30295a47","mcr.microsoft.com/oss/kubernetes/k8s-dns-dnsmasq-nanny:1.15.4"],"sizeBytes":77756591},{"names":["mcr.microsoft.com/oss/kubernetes/heapster@sha256:675d882ed4d2e68af7f06637a6a479bfae20d2bf0b12764d9d9649c9b3d1e3e1","mcr.microsoft.com/oss/kubernetes/heapster:v1.5.1"],"sizeBytes":75318380},{"names":["mcr.microsoft.com/oss/kubernetes/heapster@sha256:badda1239d6d3de3f780812e068d76e5ecdfe993f0e64c1f290ba6f6a21a01de","mcr.microsoft.com/oss/kubernetes/heapster:v1.5.3"],"sizeBytes":75318342},{"names":["mcr.microsoft.com/oss/kubernetes/heapster@sha256:b25c594dd0a05851a977537e0dd9056707056b585471e4da77710d911f8c83c0","mcr.microsoft.com/oss/kubernetes/heapster:v1.5.4"],"sizeBytes":75318342},{"names":["mcr.microsoft.com/oss/kubernetes/rescheduler@sha256:be0ca4d2e7958abb116fa2d114609fd3d66a9d48b7c7a51a7c8088c43065b8a6","mcr.microsoft.com/oss/kubernetes/rescheduler:v0.3.1"],"sizeBytes":74659350},{"names":["gcr.io/kubernetes-helm/tiller@sha256:f6d8f4ab9ba993b5f5b60a6edafe86352eabe474ffeb84cb6c79b8866dce45d1","gcr.io/kubernetes-helm/tiller:v2.11.0"],"sizeBytes":71821984},{"names":["mcr.microsoft.com/oss/calico/node@sha256:3101acc2162dff74957ddc1c2b904f578d55aa27e2bc033e0531992592757570","mcr.microsoft.com/oss/calico/node:v3.5.0"],"sizeBytes":71710195},{"names":["gcr.io/kubernetes-helm/tiller@sha256:394fb7d5f2fbaca54f6a0dec387cef926f6ae359786c89f7da67db173b97a322","gcr.io/kubernetes-helm/tiller:v2.8.1"],"sizeBytes":71509364},{"names":["mcr.microsoft.com/oss/kubernetes/external-dns@sha256:c535c1a165b04af5eb93393272f6a5104a82b868f1b7e9c055055f8b1e7d2836","mcr.microsoft.com/oss/kubernetes/external-dns:v0.6.0-hotfix-20200228"],"sizeBytes":64446420},{"names":["nvidia/k8s-device-plugin@sha256:41b3531d338477d26eb1151c15d0bea130d31e690752315a5205d8094439b0a6","nvidia/k8s-device-plugin:1.11"],"sizeBytes":63138633},{"names":["nvidia/k8s-device-plugin@sha256:327487db623cc75bdff86e56942f4af280e5f3de907339d0141fdffaeef342b8","nvidia/k8s-device-plugin:1.10"],"sizeBytes":63130377},{"names":["mcr.microsoft.com/oss/open-policy-agent/gatekeeper@sha256:9d6a9a258270710b22f38ca3a44cb9f0604de8be96b82dd121c9c70548679e4e","mcr.microsoft.com/oss/open-policy-agent/gatekeeper:v3.1.0-beta.7"],"sizeBytes":53650918},{"names":["mcr.microsoft.com/oss/kubernetes/k8s-dns-kube-dns@sha256:1b24234b0418e280cfb08bfbd75c2461ee56296327efe481f4babff83a84b250","mcr.microsoft.com/oss/kubernetes/k8s-dns-kube-dns:1.14.13"],"sizeBytes":51157394},{"names":["quay.io/k8scsi/csi-attacher@sha256:6425af42299ba211de685a94953a5c4c6fcbfd2494e445437dd9ebd70b28bf8a","quay.io/k8scsi/csi-attacher:v1.0.1"],"sizeBytes":50168619},{"names":["mcr.microsoft.com/oss/kubernetes/k8s-dns-kube-dns@sha256:8601f2ab51558239fab20bd7dc1323da55e47f8ebc4ab6ca13eeea3c3fe1e363","mcr.microsoft.com/oss/kubernetes/k8s-dns-kube-dns:1.14.5"],"sizeBytes":49387411},{"names":["mcr.microsoft.com/oss/calico/typha@sha256:268e0b3e3e9935edd22bd5355dc10f8d823b6b2f02ae1093ee589880409012d8","mcr.microsoft.com/oss/calico/typha:v3.5.0"],"sizeBytes":49374661},{"names":["mcr.microsoft.com/oss/kubernetes/k8s-dns-kube-dns@sha256:d8129c9ed08a7d6ec4bd5c80b7bf70e35779e25680fce2a6c47900a0fd6a2439","mcr.microsoft.com/oss/kubernetes/k8s-dns-kube-dns:1.15.0"],"sizeBytes":49052023},{"names":["mcr.microsoft.com/oss/kubernetes/rescheduler@sha256:6fae2968a89a349a6ae580f8f54d23e33117cf360bcb984d4b350f8dcbcc7877","mcr.microsoft.com/oss/kubernetes/rescheduler:v0.4.0"],"sizeBytes":48973149},{"names":["quay.io/k8scsi/csi-provisioner@sha256:7d7d832832b536f32e899669a32d4fb75ab972da20c21a2bd6043eb498cf58e8","quay.io/k8scsi/csi-provisioner:v1.0.1"],"sizeBytes":47974767},{"names":["quay.io/k8scsi/csi-cluster-driver-registrar@sha256:fafd75ae5442f192cfa8c2e792903aee30d5884b62e802e4464b0a895d21e3ef","quay.io/k8scsi/csi-cluster-driver-registrar:v1.0.1"],"sizeBytes":45874691},{"names":["mcr.microsoft.com/oss/kubernetes/autoscaler/cluster-proportional-autoscaler@sha256:ee11d97e04758e799643775b3f77ea0702a248ae128ea97a28a9d205d38c81dd","mcr.microsoft.com/oss/kubernetes/autoscaler/cluster-proportional-autoscaler:1.3.0"],"sizeBytes":45844959},{"names":["mcr.microsoft.com/oss/kubernetes/coredns@sha256:14c8d39064e196620ee8eb9856d12646643425ede35c5c910aa798e147f44cee","mcr.microsoft.com/oss/kubernetes/coredns:1.5.0"],"sizeBytes":42488424}],"config":{}}}]}

        '
    headers:
      audit-id:
      - 7df9e871-e76a-4195-a7c9-2c0347a9a48d
      content-type:
      - application/json
      date:
      - Wed, 29 Apr 2020 09:36:12 GMT
      transfer-encoding:
      - chunked
    status:
      code: 200
      message: OK
- request:
    body: null
    headers:
      Accept:
      - application/json
      Content-Type:
      - application/json
      User-Agent:
      - OpenAPI-Generator/11.0.0/python
    method: GET
    uri: https://cli-test-a-akkeshar-test2-1bfbb5-39c99bab.hcp.westeurope.azmk8s.io/version/
  response:
    body:
      string: "{\n  \"major\": \"1\",\n  \"minor\": \"15\",\n  \"gitVersion\": \"v1.15.10\",\n
        \ \"gitCommit\": \"059c666b8d0cce7219d2958e6ecc3198072de9bc\",\n  \"gitTreeState\":
        \"clean\",\n  \"buildDate\": \"2020-04-03T15:17:29Z\",\n  \"goVersion\": \"go1.12.12\",\n
        \ \"compiler\": \"gc\",\n  \"platform\": \"linux/amd64\"\n}"
    headers:
      audit-id:
      - 3c300f70-6faa-4d05-9673-081afc9e5d52
      content-length:
      - '265'
      content-type:
      - application/json
      date:
      - Wed, 29 Apr 2020 09:36:13 GMT
    status:
      code: 200
      message: OK
- request:
    body: null
    headers:
      Accept:
      - application/json
      Content-Type:
      - application/json
      User-Agent:
      - OpenAPI-Generator/11.0.0/python
    method: GET
    uri: https://cli-test-a-akkeshar-test2-1bfbb5-39c99bab.hcp.westeurope.azmk8s.io/api/v1/namespaces/azure-arc/configmaps/azure-clusterconfig
  response:
    body:
      string: '{"kind":"ConfigMap","apiVersion":"v1","metadata":{"name":"azure-clusterconfig","namespace":"azure-arc","selfLink":"/api/v1/namespaces/azure-arc/configmaps/azure-clusterconfig","uid":"49cbba96-27ef-47e4-9253-cc14c61126d5","resourceVersion":"855","creationTimestamp":"2020-04-29T09:36:10Z"},"data":{"AZURE_ARC_AGENT_VERSION":"0.1.19","AZURE_REGION":"eastus2euap","AZURE_RESOURCE_GROUP":"akkeshar-test2","AZURE_RESOURCE_NAME":"cc-000002","AZURE_SUBSCRIPTION_ID":"1bfbb5d0-917e-4346-9026-1d3b344417f5","AZURE_TENANT_ID":"72f988bf-86f1-41af-91ab-2d7cd011db47","CLUSTER_TYPE":"ConnectedClusters","FLUX_CLIENT_DEFAULT_LOCATION":"azurearcfork8s.azurecr.io/arc-preview/fluxctl:0.1.3"}}

        '
    headers:
      audit-id:
      - 65ca0428-dbff-490d-b8fb-9b9c3d9229dc
      content-length:
      - '680'
      content-type:
      - application/json
      date:
      - Wed, 29 Apr 2020 09:36:13 GMT
    status:
      code: 200
      message: OK
- request:
    body: '{"tags": {"foo": "doo"}, "location": "eastus2euap", "identity": {"type":
      "SystemAssigned"}, "properties": {"agentPublicKeyCertificate": "MIICCgKCAgEAkqvnW9xTNLScyGxcEHJEocctA7ZYW6xUvwgoIBEhqT/J8dXRO+rH2HWHFUS3nZ4i7ugeO2YMISaxojU6UVEx4NtfXRKuFEdnYQXzNDBE2UJfcnSOc1XoN+TtY+tuAJ/M3B9XgSnK2TQs7y0BfX9vGDfTPg7my8Po2W0gKBK88B7ymYCZE0eofMi24FPs4mVI+5nNg0IEKGlfkUDTd3AxZHghKN+6dSQ/MhhNHuaPdhjPyHoffH+cw14uFe4yu/bxAwR6+9v8YIno4ZLugTB9jDZ/xiIYrrPRT/2T4qd/sdheIC2PoqaWr4ndF0pKObJqmUnw9qjTO3RsJfqld695rDcctOosnCakEpVau7MlTSldKt5fg2Oz3jm15Iqt71AUCrxHf92PrzWQwgJc9dQ8tTuZ1dphy3XnG5GqhHjbarf0taKCZGDWnO/HeoWhlxXnHkOnCms0VF039Kg4be443RF49O42BIw5Tujik+v6ujEclO5GJr7Gf2cgoH4bggJOfqELrM5Q7ja8ZdkbmFvlMqpmPY98u2XLbeVklQyfcdGl3gcG/gNEqVUHiUR637p58in0Ze3JD3m/1A5CeYQ724M/IevdvwrZGiipwf5sCeyrr8dziE83YkZQ5WTjniouevDZ3Kpsu7fWR5G668fNaXNMDbM11tGgZevGFLiPO8ECAwEAAQ==",
      "aadProfile": {"tenantId": "", "clientAppId": "", "serverAppId": ""}}}'
    headers:
      Accept:
      - application/json
      Accept-Encoding:
      - gzip, deflate
      CommandName:
      - connectedk8s connect
      Connection:
      - keep-alive
      Content-Length:
      - '914'
      Content-Type:
      - application/json; charset=utf-8
      ParameterSetName:
      - -g -n -l --tags --kube-config
      User-Agent:
      - python/3.7.0 (Windows-10-10.0.18362-SP0) msrest/0.6.10 msrest_azure/0.6.2
        azure-mgmt-hybridkubernetes/0.1.1 Azure-SDK-For-Python AZURECLI/2.5.0
      accept-language:
      - en-US
    method: PUT
    uri: https://management.azure.com/subscriptions/00000000-0000-0000-0000-000000000000/resourcegroups/akkeshar-test2/providers/Microsoft.Kubernetes/connectedClusters/cc-000002?api-version=2020-01-01-preview
  response:
    body:
      string: '{"id":"/subscriptions/00000000-0000-0000-0000-000000000000/resourceGroups/akkeshar-test2/providers/Microsoft.Kubernetes/connectedClusters/cc-000002","name":"cc-000002","type":"Microsoft.Kubernetes/connectedClusters","location":"eastus2euap","tags":{"foo":"doo"},"identity":{"type":"SystemAssigned","principalId":"91e5a61c-93e8-4c8f-84b9-bed103bf9b25","tenantId":"72f988bf-86f1-41af-91ab-2d7cd011db47"},"properties":{"provisioningState":"Accepted","agentPublicKeyCertificate":"MIICCgKCAgEAkqvnW9xTNLScyGxcEHJEocctA7ZYW6xUvwgoIBEhqT/J8dXRO+rH2HWHFUS3nZ4i7ugeO2YMISaxojU6UVEx4NtfXRKuFEdnYQXzNDBE2UJfcnSOc1XoN+TtY+tuAJ/M3B9XgSnK2TQs7y0BfX9vGDfTPg7my8Po2W0gKBK88B7ymYCZE0eofMi24FPs4mVI+5nNg0IEKGlfkUDTd3AxZHghKN+6dSQ/MhhNHuaPdhjPyHoffH+cw14uFe4yu/bxAwR6+9v8YIno4ZLugTB9jDZ/xiIYrrPRT/2T4qd/sdheIC2PoqaWr4ndF0pKObJqmUnw9qjTO3RsJfqld695rDcctOosnCakEpVau7MlTSldKt5fg2Oz3jm15Iqt71AUCrxHf92PrzWQwgJc9dQ8tTuZ1dphy3XnG5GqhHjbarf0taKCZGDWnO/HeoWhlxXnHkOnCms0VF039Kg4be443RF49O42BIw5Tujik+v6ujEclO5GJr7Gf2cgoH4bggJOfqELrM5Q7ja8ZdkbmFvlMqpmPY98u2XLbeVklQyfcdGl3gcG/gNEqVUHiUR637p58in0Ze3JD3m/1A5CeYQ724M/IevdvwrZGiipwf5sCeyrr8dziE83YkZQ5WTjniouevDZ3Kpsu7fWR5G668fNaXNMDbM11tGgZevGFLiPO8ECAwEAAQ==","aadProfile":{"tenantId":"","clientAppId":"","serverAppId":""}}}'
    headers:
      azure-asyncoperation:
      - https://management.azure.com/providers/Microsoft.Kubernetes/locations/EastUS2EUAP/operationStatuses/5203ed1c-2aca-4da5-bc54-5b13571702fc?api-version=2020-01-01-preview
      cache-control:
      - no-cache
      content-length:
      - '1252'
      content-type:
      - application/json; charset=utf-8
      date:
      - Wed, 29 Apr 2020 09:36:28 GMT
      expires:
      - '-1'
      pragma:
      - no-cache
      server:
      - Kestrel
      strict-transport-security:
      - max-age=31536000; includeSubDomains
      x-content-type-options:
      - nosniff
      x-ms-ratelimit-remaining-subscription-writes:
      - '1199'
    status:
      code: 201
      message: Created
- request:
    body: null
    headers:
      Accept:
      - application/json
      Content-Type:
      - application/json
      User-Agent:
      - OpenAPI-Generator/11.0.0/python
    method: GET
    uri: https://cli-test-a-akkeshar-test2-1bfbb5-39c99bab.hcp.westeurope.azmk8s.io/api/v1/namespaces/azure-arc/pods
  response:
    body:
      string: '{"kind":"PodList","apiVersion":"v1","metadata":{"selfLink":"/api/v1/namespaces/azure-arc/pods","resourceVersion":"953"},"items":[{"metadata":{"name":"config-agent-647ff874bc-4c4xq","generateName":"config-agent-647ff874bc-","namespace":"azure-arc","selfLink":"/api/v1/namespaces/azure-arc/pods/config-agent-647ff874bc-4c4xq","uid":"84a9e052-4882-406f-ad8d-d9d3ce6ca910","resourceVersion":"909","creationTimestamp":"2020-04-29T09:36:11Z","labels":{"app.kubernetes.io/component":"config-agent","app.kubernetes.io/name":"azure-arc-k8s","pod-template-hash":"647ff874bc"},"ownerReferences":[{"apiVersion":"apps/v1","kind":"ReplicaSet","name":"config-agent-647ff874bc","uid":"33f71026-ce6f-40d0-8fbe-5c3285808e4a","controller":true,"blockOwnerDeletion":true}]},"spec":{"volumes":[{"name":"azure-arc-operatorsa-token-d6sx7","secret":{"secretName":"azure-arc-operatorsa-token-d6sx7","defaultMode":420}}],"containers":[{"name":"kube-rbac-proxy","image":"gcr.io/kubebuilder/kube-rbac-proxy:v0.4.0","args":["--secure-listen-address=0.0.0.0:8443","--upstream=http://127.0.0.1:8080/","--logtostderr=true","--v=10"],"ports":[{"name":"https","containerPort":8443,"protocol":"TCP"}],"resources":{},"volumeMounts":[{"name":"azure-arc-operatorsa-token-d6sx7","readOnly":true,"mountPath":"/var/run/secrets/kubernetes.io/serviceaccount"}],"terminationMessagePath":"/dev/termination-log","terminationMessagePolicy":"File","imagePullPolicy":"IfNotPresent"},{"name":"config-agent","image":"azurearcfork8s.azurecr.io/arc-preview/config-agent:0.1.19","env":[{"name":"AZURE_RESOURCE_NAME","valueFrom":{"configMapKeyRef":{"name":"azure-clusterconfig","key":"AZURE_RESOURCE_NAME"}}},{"name":"AZURE_SUBSCRIPTION_ID","valueFrom":{"configMapKeyRef":{"name":"azure-clusterconfig","key":"AZURE_SUBSCRIPTION_ID"}}},{"name":"AZURE_RESOURCE_GROUP","valueFrom":{"configMapKeyRef":{"name":"azure-clusterconfig","key":"AZURE_RESOURCE_GROUP"}}},{"name":"AZURE_REGION","valueFrom":{"configMapKeyRef":{"name":"azure-clusterconfig","key":"AZURE_REGION"}}},{"name":"CLUSTER_TYPE","valueFrom":{"configMapKeyRef":{"name":"azure-clusterconfig","key":"CLUSTER_TYPE"}}},{"name":"FLUX_CLIENT_DEFAULT_LOCATION","valueFrom":{"configMapKeyRef":{"name":"azure-clusterconfig","key":"FLUX_CLIENT_DEFAULT_LOCATION"}}}],"resources":{},"volumeMounts":[{"name":"azure-arc-operatorsa-token-d6sx7","readOnly":true,"mountPath":"/var/run/secrets/kubernetes.io/serviceaccount"}],"terminationMessagePath":"/dev/termination-log","terminationMessagePolicy":"File","imagePullPolicy":"Always"}],"restartPolicy":"Always","terminationGracePeriodSeconds":30,"dnsPolicy":"ClusterFirst","serviceAccountName":"azure-arc-operatorsa","serviceAccount":"azure-arc-operatorsa","nodeName":"aks-nodepool1-28230805-vmss000000","securityContext":{},"schedulerName":"default-scheduler","tolerations":[{"key":"node.kubernetes.io/not-ready","operator":"Exists","effect":"NoExecute","tolerationSeconds":300},{"key":"node.kubernetes.io/unreachable","operator":"Exists","effect":"NoExecute","tolerationSeconds":300}],"priority":0,"enableServiceLinks":true},"status":{"phase":"Pending","conditions":[{"type":"Initialized","status":"True","lastProbeTime":null,"lastTransitionTime":"2020-04-29T09:36:11Z"},{"type":"Ready","status":"False","lastProbeTime":null,"lastTransitionTime":"2020-04-29T09:36:11Z","reason":"ContainersNotReady","message":"containers
        with unready status: [kube-rbac-proxy config-agent]"},{"type":"ContainersReady","status":"False","lastProbeTime":null,"lastTransitionTime":"2020-04-29T09:36:11Z","reason":"ContainersNotReady","message":"containers
        with unready status: [kube-rbac-proxy config-agent]"},{"type":"PodScheduled","status":"True","lastProbeTime":null,"lastTransitionTime":"2020-04-29T09:36:11Z"}],"hostIP":"10.240.0.4","startTime":"2020-04-29T09:36:11Z","containerStatuses":[{"name":"config-agent","state":{"waiting":{"reason":"ContainerCreating"}},"lastState":{},"ready":false,"restartCount":0,"image":"azurearcfork8s.azurecr.io/arc-preview/config-agent:0.1.19","imageID":""},{"name":"kube-rbac-proxy","state":{"waiting":{"reason":"ContainerCreating"}},"lastState":{},"ready":false,"restartCount":0,"image":"gcr.io/kubebuilder/kube-rbac-proxy:v0.4.0","imageID":""}],"qosClass":"BestEffort"}},{"metadata":{"name":"controller-manager-55d5d4457c-89fpg","generateName":"controller-manager-55d5d4457c-","namespace":"azure-arc","selfLink":"/api/v1/namespaces/azure-arc/pods/controller-manager-55d5d4457c-89fpg","uid":"37dea9c4-63ad-4856-8467-246a97646df8","resourceVersion":"910","creationTimestamp":"2020-04-29T09:36:11Z","labels":{"control-plane":"controller-manager","pod-template-hash":"55d5d4457c"},"ownerReferences":[{"apiVersion":"apps/v1","kind":"ReplicaSet","name":"controller-manager-55d5d4457c","uid":"3b7a9961-b7fd-4e88-9204-18f15e272db9","controller":true,"blockOwnerDeletion":true}]},"spec":{"volumes":[{"name":"azure-arc-operatorsa-token-d6sx7","secret":{"secretName":"azure-arc-operatorsa-token-d6sx7","defaultMode":420}}],"containers":[{"name":"kube-rbac-proxy","image":"gcr.io/kubebuilder/kube-rbac-proxy:v0.4.0","args":["--secure-listen-address=0.0.0.0:8443","--upstream=http://127.0.0.1:8080/","--logtostderr=true","--v=10"],"ports":[{"name":"https","containerPort":8443,"protocol":"TCP"}],"resources":{},"volumeMounts":[{"name":"azure-arc-operatorsa-token-d6sx7","readOnly":true,"mountPath":"/var/run/secrets/kubernetes.io/serviceaccount"}],"terminationMessagePath":"/dev/termination-log","terminationMessagePolicy":"File","imagePullPolicy":"IfNotPresent"},{"name":"manager","image":"azurearcfork8s.azurecr.io/arc-preview/configoperator:0.1.19","command":["/data/manager"],"args":["--metrics-addr=127.0.0.1:8080","--enable-leader-election"],"env":[{"name":"AZURE_RESOURCE_NAME","valueFrom":{"configMapKeyRef":{"name":"azure-clusterconfig","key":"AZURE_RESOURCE_NAME"}}},{"name":"AZURE_SUBSCRIPTION_ID","valueFrom":{"configMapKeyRef":{"name":"azure-clusterconfig","key":"AZURE_SUBSCRIPTION_ID"}}},{"name":"AZURE_RESOURCE_GROUP","valueFrom":{"configMapKeyRef":{"name":"azure-clusterconfig","key":"AZURE_RESOURCE_GROUP"}}},{"name":"AZURE_REGION","valueFrom":{"configMapKeyRef":{"name":"azure-clusterconfig","key":"AZURE_REGION"}}},{"name":"CLUSTER_TYPE","valueFrom":{"configMapKeyRef":{"name":"azure-clusterconfig","key":"CLUSTER_TYPE"}}}],"resources":{"limits":{"cpu":"100m","memory":"300Mi"},"requests":{"cpu":"100m","memory":"100Mi"}},"volumeMounts":[{"name":"azure-arc-operatorsa-token-d6sx7","readOnly":true,"mountPath":"/var/run/secrets/kubernetes.io/serviceaccount"}],"terminationMessagePath":"/dev/termination-log","terminationMessagePolicy":"File","imagePullPolicy":"Always"}],"restartPolicy":"Always","terminationGracePeriodSeconds":10,"dnsPolicy":"ClusterFirst","serviceAccountName":"azure-arc-operatorsa","serviceAccount":"azure-arc-operatorsa","nodeName":"aks-nodepool1-28230805-vmss000000","securityContext":{},"schedulerName":"default-scheduler","tolerations":[{"key":"node.kubernetes.io/not-ready","operator":"Exists","effect":"NoExecute","tolerationSeconds":300},{"key":"node.kubernetes.io/unreachable","operator":"Exists","effect":"NoExecute","tolerationSeconds":300}],"priority":0,"enableServiceLinks":true},"status":{"phase":"Pending","conditions":[{"type":"Initialized","status":"True","lastProbeTime":null,"lastTransitionTime":"2020-04-29T09:36:11Z"},{"type":"Ready","status":"False","lastProbeTime":null,"lastTransitionTime":"2020-04-29T09:36:11Z","reason":"ContainersNotReady","message":"containers
        with unready status: [kube-rbac-proxy manager]"},{"type":"ContainersReady","status":"False","lastProbeTime":null,"lastTransitionTime":"2020-04-29T09:36:11Z","reason":"ContainersNotReady","message":"containers
        with unready status: [kube-rbac-proxy manager]"},{"type":"PodScheduled","status":"True","lastProbeTime":null,"lastTransitionTime":"2020-04-29T09:36:11Z"}],"hostIP":"10.240.0.4","startTime":"2020-04-29T09:36:11Z","containerStatuses":[{"name":"kube-rbac-proxy","state":{"waiting":{"reason":"ContainerCreating"}},"lastState":{},"ready":false,"restartCount":0,"image":"gcr.io/kubebuilder/kube-rbac-proxy:v0.4.0","imageID":""},{"name":"manager","state":{"waiting":{"reason":"ContainerCreating"}},"lastState":{},"ready":false,"restartCount":0,"image":"azurearcfork8s.azurecr.io/arc-preview/configoperator:0.1.19","imageID":""}],"qosClass":"Burstable"}},{"metadata":{"name":"metrics-agent-58694fc95c-29fzt","generateName":"metrics-agent-58694fc95c-","namespace":"azure-arc","selfLink":"/api/v1/namespaces/azure-arc/pods/metrics-agent-58694fc95c-29fzt","uid":"83507bc2-21fe-4927-8685-68176e7469b3","resourceVersion":"934","creationTimestamp":"2020-04-29T09:36:11Z","labels":{"app.kubernetes.io/component":"metrics-agent","app.kubernetes.io/name":"azure-arc-k8s","pod-template-hash":"58694fc95c"},"ownerReferences":[{"apiVersion":"apps/v1","kind":"ReplicaSet","name":"metrics-agent-58694fc95c","uid":"b0bc8870-0b77-4c7c-8745-ad7628351ad8","controller":true,"blockOwnerDeletion":true}]},"spec":{"volumes":[{"name":"azure-arc-operatorsa-token-d6sx7","secret":{"secretName":"azure-arc-operatorsa-token-d6sx7","defaultMode":420}}],"containers":[{"name":"metrics-agent","image":"azurearcfork8s.azurecr.io/arc-preview/metrics-agent:0.1.19","env":[{"name":"AZURE_RESOURCE_NAME","valueFrom":{"configMapKeyRef":{"name":"azure-clusterconfig","key":"AZURE_RESOURCE_NAME"}}},{"name":"AZURE_SUBSCRIPTION_ID","valueFrom":{"configMapKeyRef":{"name":"azure-clusterconfig","key":"AZURE_SUBSCRIPTION_ID"}}},{"name":"AZURE_RESOURCE_GROUP","valueFrom":{"configMapKeyRef":{"name":"azure-clusterconfig","key":"AZURE_RESOURCE_GROUP"}}},{"name":"AZURE_REGION","valueFrom":{"configMapKeyRef":{"name":"azure-clusterconfig","key":"AZURE_REGION"}}},{"name":"CLUSTER_TYPE","valueFrom":{"configMapKeyRef":{"name":"azure-clusterconfig","key":"CLUSTER_TYPE"}}}],"resources":{},"volumeMounts":[{"name":"azure-arc-operatorsa-token-d6sx7","readOnly":true,"mountPath":"/var/run/secrets/kubernetes.io/serviceaccount"}],"terminationMessagePath":"/dev/termination-log","terminationMessagePolicy":"File","imagePullPolicy":"Always"}],"restartPolicy":"Always","terminationGracePeriodSeconds":30,"dnsPolicy":"ClusterFirst","serviceAccountName":"azure-arc-operatorsa","serviceAccount":"azure-arc-operatorsa","nodeName":"aks-nodepool1-28230805-vmss000000","securityContext":{},"schedulerName":"default-scheduler","tolerations":[{"key":"node.kubernetes.io/not-ready","operator":"Exists","effect":"NoExecute","tolerationSeconds":300},{"key":"node.kubernetes.io/unreachable","operator":"Exists","effect":"NoExecute","tolerationSeconds":300}],"priority":0,"enableServiceLinks":true},"status":{"phase":"Running","conditions":[{"type":"Initialized","status":"True","lastProbeTime":null,"lastTransitionTime":"2020-04-29T09:36:11Z"},{"type":"Ready","status":"True","lastProbeTime":null,"lastTransitionTime":"2020-04-29T09:36:23Z"},{"type":"ContainersReady","status":"True","lastProbeTime":null,"lastTransitionTime":"2020-04-29T09:36:23Z"},{"type":"PodScheduled","status":"True","lastProbeTime":null,"lastTransitionTime":"2020-04-29T09:36:11Z"}],"hostIP":"10.240.0.4","podIP":"10.244.0.8","startTime":"2020-04-29T09:36:11Z","containerStatuses":[{"name":"metrics-agent","state":{"running":{"startedAt":"2020-04-29T09:36:23Z"}},"lastState":{},"ready":true,"restartCount":0,"image":"azurearcfork8s.azurecr.io/arc-preview/metrics-agent:0.1.19","imageID":"docker-pullable://azurearcfork8s.azurecr.io/arc-preview/metrics-agent@sha256:47f694735b320866359942eecca0e45e6539a530da5721c38c5e80d02e26463b","containerID":"docker://c2d6b61d88123152a75ab7be254fd19d85eeb4c35bfa3eaccd0767320e815acd"}],"qosClass":"BestEffort"}}]}

        '
    headers:
      audit-id:
      - e6674d0a-5245-44cc-bb0f-7d7a1e0a5ee4
      content-type:
      - application/json
      date:
      - Wed, 29 Apr 2020 09:36:30 GMT
      transfer-encoding:
      - chunked
    status:
      code: 200
      message: OK
- request:
    body: null
    headers:
      Accept:
      - application/json
      Accept-Encoding:
      - gzip, deflate
      CommandName:
      - connectedk8s connect
      Connection:
      - keep-alive
      ParameterSetName:
      - -g -n -l --tags --kube-config
      User-Agent:
      - python/3.7.0 (Windows-10-10.0.18362-SP0) msrest/0.6.10 msrest_azure/0.6.2
        azure-mgmt-hybridkubernetes/0.1.1 Azure-SDK-For-Python AZURECLI/2.5.0
    method: GET
    uri: https://management.azure.com/providers/Microsoft.Kubernetes/locations/EastUS2EUAP/operationStatuses/5203ed1c-2aca-4da5-bc54-5b13571702fc?api-version=2020-01-01-preview
  response:
    body:
      string: '{"id":"/providers/Microsoft.Kubernetes/locations/EastUS2EUAP/operationStatuses/5203ed1c-2aca-4da5-bc54-5b13571702fc","name":"5203ed1c-2aca-4da5-bc54-5b13571702fc","status":"Succeeded","startTime":"2020-04-29T09:36:26.7681152Z","properties":{"provisioningState":"Failed"}}'
    headers:
      cache-control:
      - no-cache
      content-length:
      - '271'
      content-type:
      - application/json; charset=utf-8
      date:
      - Wed, 29 Apr 2020 09:37:00 GMT
      expires:
      - '-1'
      pragma:
      - no-cache
      server:
      - Kestrel
      strict-transport-security:
      - max-age=31536000; includeSubDomains
      transfer-encoding:
      - chunked
      vary:
      - Accept-Encoding
      x-content-type-options:
      - nosniff
    status:
      code: 200
      message: OK
- request:
    body: null
    headers:
      Accept:
      - application/json
      Content-Type:
      - application/json
      User-Agent:
      - OpenAPI-Generator/11.0.0/python
    method: GET
    uri: https://cli-test-a-akkeshar-test2-1bfbb5-39c99bab.hcp.westeurope.azmk8s.io/api/v1/namespaces/azure-arc/pods?timeoutSeconds=30&watch=True
  response:
    body:
      string: '{"type":"ADDED","object":{"kind":"Pod","apiVersion":"v1","metadata":{"name":"config-agent-647ff874bc-4c4xq","generateName":"config-agent-647ff874bc-","namespace":"azure-arc","selfLink":"/api/v1/namespaces/azure-arc/pods/config-agent-647ff874bc-4c4xq","uid":"84a9e052-4882-406f-ad8d-d9d3ce6ca910","resourceVersion":"909","creationTimestamp":"2020-04-29T09:36:11Z","labels":{"app.kubernetes.io/component":"config-agent","app.kubernetes.io/name":"azure-arc-k8s","pod-template-hash":"647ff874bc"},"ownerReferences":[{"apiVersion":"apps/v1","kind":"ReplicaSet","name":"config-agent-647ff874bc","uid":"33f71026-ce6f-40d0-8fbe-5c3285808e4a","controller":true,"blockOwnerDeletion":true}]},"spec":{"volumes":[{"name":"azure-arc-operatorsa-token-d6sx7","secret":{"secretName":"azure-arc-operatorsa-token-d6sx7","defaultMode":420}}],"containers":[{"name":"kube-rbac-proxy","image":"gcr.io/kubebuilder/kube-rbac-proxy:v0.4.0","args":["--secure-listen-address=0.0.0.0:8443","--upstream=http://127.0.0.1:8080/","--logtostderr=true","--v=10"],"ports":[{"name":"https","containerPort":8443,"protocol":"TCP"}],"resources":{},"volumeMounts":[{"name":"azure-arc-operatorsa-token-d6sx7","readOnly":true,"mountPath":"/var/run/secrets/kubernetes.io/serviceaccount"}],"terminationMessagePath":"/dev/termination-log","terminationMessagePolicy":"File","imagePullPolicy":"IfNotPresent"},{"name":"config-agent","image":"azurearcfork8s.azurecr.io/arc-preview/config-agent:0.1.19","env":[{"name":"AZURE_RESOURCE_NAME","valueFrom":{"configMapKeyRef":{"name":"azure-clusterconfig","key":"AZURE_RESOURCE_NAME"}}},{"name":"AZURE_SUBSCRIPTION_ID","valueFrom":{"configMapKeyRef":{"name":"azure-clusterconfig","key":"AZURE_SUBSCRIPTION_ID"}}},{"name":"AZURE_RESOURCE_GROUP","valueFrom":{"configMapKeyRef":{"name":"azure-clusterconfig","key":"AZURE_RESOURCE_GROUP"}}},{"name":"AZURE_REGION","valueFrom":{"configMapKeyRef":{"name":"azure-clusterconfig","key":"AZURE_REGION"}}},{"name":"CLUSTER_TYPE","valueFrom":{"configMapKeyRef":{"name":"azure-clusterconfig","key":"CLUSTER_TYPE"}}},{"name":"FLUX_CLIENT_DEFAULT_LOCATION","valueFrom":{"configMapKeyRef":{"name":"azure-clusterconfig","key":"FLUX_CLIENT_DEFAULT_LOCATION"}}}],"resources":{},"volumeMounts":[{"name":"azure-arc-operatorsa-token-d6sx7","readOnly":true,"mountPath":"/var/run/secrets/kubernetes.io/serviceaccount"}],"terminationMessagePath":"/dev/termination-log","terminationMessagePolicy":"File","imagePullPolicy":"Always"}],"restartPolicy":"Always","terminationGracePeriodSeconds":30,"dnsPolicy":"ClusterFirst","serviceAccountName":"azure-arc-operatorsa","serviceAccount":"azure-arc-operatorsa","nodeName":"aks-nodepool1-28230805-vmss000000","securityContext":{},"schedulerName":"default-scheduler","tolerations":[{"key":"node.kubernetes.io/not-ready","operator":"Exists","effect":"NoExecute","tolerationSeconds":300},{"key":"node.kubernetes.io/unreachable","operator":"Exists","effect":"NoExecute","tolerationSeconds":300}],"priority":0,"enableServiceLinks":true},"status":{"phase":"Pending","conditions":[{"type":"Initialized","status":"True","lastProbeTime":null,"lastTransitionTime":"2020-04-29T09:36:11Z"},{"type":"Ready","status":"False","lastProbeTime":null,"lastTransitionTime":"2020-04-29T09:36:11Z","reason":"ContainersNotReady","message":"containers
        with unready status: [kube-rbac-proxy config-agent]"},{"type":"ContainersReady","status":"False","lastProbeTime":null,"lastTransitionTime":"2020-04-29T09:36:11Z","reason":"ContainersNotReady","message":"containers
        with unready status: [kube-rbac-proxy config-agent]"},{"type":"PodScheduled","status":"True","lastProbeTime":null,"lastTransitionTime":"2020-04-29T09:36:11Z"}],"hostIP":"10.240.0.4","startTime":"2020-04-29T09:36:11Z","containerStatuses":[{"name":"config-agent","state":{"waiting":{"reason":"ContainerCreating"}},"lastState":{},"ready":false,"restartCount":0,"image":"azurearcfork8s.azurecr.io/arc-preview/config-agent:0.1.19","imageID":""},{"name":"kube-rbac-proxy","state":{"waiting":{"reason":"ContainerCreating"}},"lastState":{},"ready":false,"restartCount":0,"image":"gcr.io/kubebuilder/kube-rbac-proxy:v0.4.0","imageID":""}],"qosClass":"BestEffort"}}}

        {"type":"ADDED","object":{"kind":"Pod","apiVersion":"v1","metadata":{"name":"controller-manager-55d5d4457c-89fpg","generateName":"controller-manager-55d5d4457c-","namespace":"azure-arc","selfLink":"/api/v1/namespaces/azure-arc/pods/controller-manager-55d5d4457c-89fpg","uid":"37dea9c4-63ad-4856-8467-246a97646df8","resourceVersion":"910","creationTimestamp":"2020-04-29T09:36:11Z","labels":{"control-plane":"controller-manager","pod-template-hash":"55d5d4457c"},"ownerReferences":[{"apiVersion":"apps/v1","kind":"ReplicaSet","name":"controller-manager-55d5d4457c","uid":"3b7a9961-b7fd-4e88-9204-18f15e272db9","controller":true,"blockOwnerDeletion":true}]},"spec":{"volumes":[{"name":"azure-arc-operatorsa-token-d6sx7","secret":{"secretName":"azure-arc-operatorsa-token-d6sx7","defaultMode":420}}],"containers":[{"name":"kube-rbac-proxy","image":"gcr.io/kubebuilder/kube-rbac-proxy:v0.4.0","args":["--secure-listen-address=0.0.0.0:8443","--upstream=http://127.0.0.1:8080/","--logtostderr=true","--v=10"],"ports":[{"name":"https","containerPort":8443,"protocol":"TCP"}],"resources":{},"volumeMounts":[{"name":"azure-arc-operatorsa-token-d6sx7","readOnly":true,"mountPath":"/var/run/secrets/kubernetes.io/serviceaccount"}],"terminationMessagePath":"/dev/termination-log","terminationMessagePolicy":"File","imagePullPolicy":"IfNotPresent"},{"name":"manager","image":"azurearcfork8s.azurecr.io/arc-preview/configoperator:0.1.19","command":["/data/manager"],"args":["--metrics-addr=127.0.0.1:8080","--enable-leader-election"],"env":[{"name":"AZURE_RESOURCE_NAME","valueFrom":{"configMapKeyRef":{"name":"azure-clusterconfig","key":"AZURE_RESOURCE_NAME"}}},{"name":"AZURE_SUBSCRIPTION_ID","valueFrom":{"configMapKeyRef":{"name":"azure-clusterconfig","key":"AZURE_SUBSCRIPTION_ID"}}},{"name":"AZURE_RESOURCE_GROUP","valueFrom":{"configMapKeyRef":{"name":"azure-clusterconfig","key":"AZURE_RESOURCE_GROUP"}}},{"name":"AZURE_REGION","valueFrom":{"configMapKeyRef":{"name":"azure-clusterconfig","key":"AZURE_REGION"}}},{"name":"CLUSTER_TYPE","valueFrom":{"configMapKeyRef":{"name":"azure-clusterconfig","key":"CLUSTER_TYPE"}}}],"resources":{"limits":{"cpu":"100m","memory":"300Mi"},"requests":{"cpu":"100m","memory":"100Mi"}},"volumeMounts":[{"name":"azure-arc-operatorsa-token-d6sx7","readOnly":true,"mountPath":"/var/run/secrets/kubernetes.io/serviceaccount"}],"terminationMessagePath":"/dev/termination-log","terminationMessagePolicy":"File","imagePullPolicy":"Always"}],"restartPolicy":"Always","terminationGracePeriodSeconds":10,"dnsPolicy":"ClusterFirst","serviceAccountName":"azure-arc-operatorsa","serviceAccount":"azure-arc-operatorsa","nodeName":"aks-nodepool1-28230805-vmss000000","securityContext":{},"schedulerName":"default-scheduler","tolerations":[{"key":"node.kubernetes.io/not-ready","operator":"Exists","effect":"NoExecute","tolerationSeconds":300},{"key":"node.kubernetes.io/unreachable","operator":"Exists","effect":"NoExecute","tolerationSeconds":300}],"priority":0,"enableServiceLinks":true},"status":{"phase":"Pending","conditions":[{"type":"Initialized","status":"True","lastProbeTime":null,"lastTransitionTime":"2020-04-29T09:36:11Z"},{"type":"Ready","status":"False","lastProbeTime":null,"lastTransitionTime":"2020-04-29T09:36:11Z","reason":"ContainersNotReady","message":"containers
        with unready status: [kube-rbac-proxy manager]"},{"type":"ContainersReady","status":"False","lastProbeTime":null,"lastTransitionTime":"2020-04-29T09:36:11Z","reason":"ContainersNotReady","message":"containers
        with unready status: [kube-rbac-proxy manager]"},{"type":"PodScheduled","status":"True","lastProbeTime":null,"lastTransitionTime":"2020-04-29T09:36:11Z"}],"hostIP":"10.240.0.4","startTime":"2020-04-29T09:36:11Z","containerStatuses":[{"name":"kube-rbac-proxy","state":{"waiting":{"reason":"ContainerCreating"}},"lastState":{},"ready":false,"restartCount":0,"image":"gcr.io/kubebuilder/kube-rbac-proxy:v0.4.0","imageID":""},{"name":"manager","state":{"waiting":{"reason":"ContainerCreating"}},"lastState":{},"ready":false,"restartCount":0,"image":"azurearcfork8s.azurecr.io/arc-preview/configoperator:0.1.19","imageID":""}],"qosClass":"Burstable"}}}

        {"type":"ADDED","object":{"kind":"Pod","apiVersion":"v1","metadata":{"name":"metrics-agent-58694fc95c-29fzt","generateName":"metrics-agent-58694fc95c-","namespace":"azure-arc","selfLink":"/api/v1/namespaces/azure-arc/pods/metrics-agent-58694fc95c-29fzt","uid":"83507bc2-21fe-4927-8685-68176e7469b3","resourceVersion":"934","creationTimestamp":"2020-04-29T09:36:11Z","labels":{"app.kubernetes.io/component":"metrics-agent","app.kubernetes.io/name":"azure-arc-k8s","pod-template-hash":"58694fc95c"},"ownerReferences":[{"apiVersion":"apps/v1","kind":"ReplicaSet","name":"metrics-agent-58694fc95c","uid":"b0bc8870-0b77-4c7c-8745-ad7628351ad8","controller":true,"blockOwnerDeletion":true}]},"spec":{"volumes":[{"name":"azure-arc-operatorsa-token-d6sx7","secret":{"secretName":"azure-arc-operatorsa-token-d6sx7","defaultMode":420}}],"containers":[{"name":"metrics-agent","image":"azurearcfork8s.azurecr.io/arc-preview/metrics-agent:0.1.19","env":[{"name":"AZURE_RESOURCE_NAME","valueFrom":{"configMapKeyRef":{"name":"azure-clusterconfig","key":"AZURE_RESOURCE_NAME"}}},{"name":"AZURE_SUBSCRIPTION_ID","valueFrom":{"configMapKeyRef":{"name":"azure-clusterconfig","key":"AZURE_SUBSCRIPTION_ID"}}},{"name":"AZURE_RESOURCE_GROUP","valueFrom":{"configMapKeyRef":{"name":"azure-clusterconfig","key":"AZURE_RESOURCE_GROUP"}}},{"name":"AZURE_REGION","valueFrom":{"configMapKeyRef":{"name":"azure-clusterconfig","key":"AZURE_REGION"}}},{"name":"CLUSTER_TYPE","valueFrom":{"configMapKeyRef":{"name":"azure-clusterconfig","key":"CLUSTER_TYPE"}}}],"resources":{},"volumeMounts":[{"name":"azure-arc-operatorsa-token-d6sx7","readOnly":true,"mountPath":"/var/run/secrets/kubernetes.io/serviceaccount"}],"terminationMessagePath":"/dev/termination-log","terminationMessagePolicy":"File","imagePullPolicy":"Always"}],"restartPolicy":"Always","terminationGracePeriodSeconds":30,"dnsPolicy":"ClusterFirst","serviceAccountName":"azure-arc-operatorsa","serviceAccount":"azure-arc-operatorsa","nodeName":"aks-nodepool1-28230805-vmss000000","securityContext":{},"schedulerName":"default-scheduler","tolerations":[{"key":"node.kubernetes.io/not-ready","operator":"Exists","effect":"NoExecute","tolerationSeconds":300},{"key":"node.kubernetes.io/unreachable","operator":"Exists","effect":"NoExecute","tolerationSeconds":300}],"priority":0,"enableServiceLinks":true},"status":{"phase":"Running","conditions":[{"type":"Initialized","status":"True","lastProbeTime":null,"lastTransitionTime":"2020-04-29T09:36:11Z"},{"type":"Ready","status":"True","lastProbeTime":null,"lastTransitionTime":"2020-04-29T09:36:23Z"},{"type":"ContainersReady","status":"True","lastProbeTime":null,"lastTransitionTime":"2020-04-29T09:36:23Z"},{"type":"PodScheduled","status":"True","lastProbeTime":null,"lastTransitionTime":"2020-04-29T09:36:11Z"}],"hostIP":"10.240.0.4","podIP":"10.244.0.8","startTime":"2020-04-29T09:36:11Z","containerStatuses":[{"name":"metrics-agent","state":{"running":{"startedAt":"2020-04-29T09:36:23Z"}},"lastState":{},"ready":true,"restartCount":0,"image":"azurearcfork8s.azurecr.io/arc-preview/metrics-agent:0.1.19","imageID":"docker-pullable://azurearcfork8s.azurecr.io/arc-preview/metrics-agent@sha256:47f694735b320866359942eecca0e45e6539a530da5721c38c5e80d02e26463b","containerID":"docker://c2d6b61d88123152a75ab7be254fd19d85eeb4c35bfa3eaccd0767320e815acd"}],"qosClass":"BestEffort"}}}

        {"type":"MODIFIED","object":{"kind":"Pod","apiVersion":"v1","metadata":{"name":"config-agent-647ff874bc-4c4xq","generateName":"config-agent-647ff874bc-","namespace":"azure-arc","selfLink":"/api/v1/namespaces/azure-arc/pods/config-agent-647ff874bc-4c4xq","uid":"84a9e052-4882-406f-ad8d-d9d3ce6ca910","resourceVersion":"971","creationTimestamp":"2020-04-29T09:36:11Z","labels":{"app.kubernetes.io/component":"config-agent","app.kubernetes.io/name":"azure-arc-k8s","pod-template-hash":"647ff874bc"},"ownerReferences":[{"apiVersion":"apps/v1","kind":"ReplicaSet","name":"config-agent-647ff874bc","uid":"33f71026-ce6f-40d0-8fbe-5c3285808e4a","controller":true,"blockOwnerDeletion":true}]},"spec":{"volumes":[{"name":"azure-arc-operatorsa-token-d6sx7","secret":{"secretName":"azure-arc-operatorsa-token-d6sx7","defaultMode":420}}],"containers":[{"name":"kube-rbac-proxy","image":"gcr.io/kubebuilder/kube-rbac-proxy:v0.4.0","args":["--secure-listen-address=0.0.0.0:8443","--upstream=http://127.0.0.1:8080/","--logtostderr=true","--v=10"],"ports":[{"name":"https","containerPort":8443,"protocol":"TCP"}],"resources":{},"volumeMounts":[{"name":"azure-arc-operatorsa-token-d6sx7","readOnly":true,"mountPath":"/var/run/secrets/kubernetes.io/serviceaccount"}],"terminationMessagePath":"/dev/termination-log","terminationMessagePolicy":"File","imagePullPolicy":"IfNotPresent"},{"name":"config-agent","image":"azurearcfork8s.azurecr.io/arc-preview/config-agent:0.1.19","env":[{"name":"AZURE_RESOURCE_NAME","valueFrom":{"configMapKeyRef":{"name":"azure-clusterconfig","key":"AZURE_RESOURCE_NAME"}}},{"name":"AZURE_SUBSCRIPTION_ID","valueFrom":{"configMapKeyRef":{"name":"azure-clusterconfig","key":"AZURE_SUBSCRIPTION_ID"}}},{"name":"AZURE_RESOURCE_GROUP","valueFrom":{"configMapKeyRef":{"name":"azure-clusterconfig","key":"AZURE_RESOURCE_GROUP"}}},{"name":"AZURE_REGION","valueFrom":{"configMapKeyRef":{"name":"azure-clusterconfig","key":"AZURE_REGION"}}},{"name":"CLUSTER_TYPE","valueFrom":{"configMapKeyRef":{"name":"azure-clusterconfig","key":"CLUSTER_TYPE"}}},{"name":"FLUX_CLIENT_DEFAULT_LOCATION","valueFrom":{"configMapKeyRef":{"name":"azure-clusterconfig","key":"FLUX_CLIENT_DEFAULT_LOCATION"}}}],"resources":{},"volumeMounts":[{"name":"azure-arc-operatorsa-token-d6sx7","readOnly":true,"mountPath":"/var/run/secrets/kubernetes.io/serviceaccount"}],"terminationMessagePath":"/dev/termination-log","terminationMessagePolicy":"File","imagePullPolicy":"Always"}],"restartPolicy":"Always","terminationGracePeriodSeconds":30,"dnsPolicy":"ClusterFirst","serviceAccountName":"azure-arc-operatorsa","serviceAccount":"azure-arc-operatorsa","nodeName":"aks-nodepool1-28230805-vmss000000","securityContext":{},"schedulerName":"default-scheduler","tolerations":[{"key":"node.kubernetes.io/not-ready","operator":"Exists","effect":"NoExecute","tolerationSeconds":300},{"key":"node.kubernetes.io/unreachable","operator":"Exists","effect":"NoExecute","tolerationSeconds":300}],"priority":0,"enableServiceLinks":true},"status":{"phase":"Running","conditions":[{"type":"Initialized","status":"True","lastProbeTime":null,"lastTransitionTime":"2020-04-29T09:36:11Z"},{"type":"Ready","status":"True","lastProbeTime":null,"lastTransitionTime":"2020-04-29T09:36:40Z"},{"type":"ContainersReady","status":"True","lastProbeTime":null,"lastTransitionTime":"2020-04-29T09:36:40Z"},{"type":"PodScheduled","status":"True","lastProbeTime":null,"lastTransitionTime":"2020-04-29T09:36:11Z"}],"hostIP":"10.240.0.4","podIP":"10.244.0.10","startTime":"2020-04-29T09:36:11Z","containerStatuses":[{"name":"config-agent","state":{"running":{"startedAt":"2020-04-29T09:36:40Z"}},"lastState":{},"ready":true,"restartCount":0,"image":"azurearcfork8s.azurecr.io/arc-preview/config-agent:0.1.19","imageID":"docker-pullable://azurearcfork8s.azurecr.io/arc-preview/config-agent@sha256:766f5acc681d0764948f89e7252f874d8d2f23ffad38d449d0d84f7794185b6e","containerID":"docker://42c2b24c018626006d0f45115bdbfc552ce2acd1a683768d389d9a2a963e5e2b"},{"name":"kube-rbac-proxy","state":{"running":{"startedAt":"2020-04-29T09:36:27Z"}},"lastState":{},"ready":true,"restartCount":0,"image":"gcr.io/kubebuilder/kube-rbac-proxy:v0.4.0","imageID":"docker-pullable://gcr.io/kubebuilder/kube-rbac-proxy@sha256:297896d96b827bbcb1abd696da1b2d81cab88359ac34cce0e8281f266b4e08de","containerID":"docker://a0368dd45ed313fb982d696e0f2622c33a75871f279eef1f3dfe49ffda06a81d"}],"qosClass":"BestEffort"}}}

        {"type":"MODIFIED","object":{"kind":"Pod","apiVersion":"v1","metadata":{"name":"controller-manager-55d5d4457c-89fpg","generateName":"controller-manager-55d5d4457c-","namespace":"azure-arc","selfLink":"/api/v1/namespaces/azure-arc/pods/controller-manager-55d5d4457c-89fpg","uid":"37dea9c4-63ad-4856-8467-246a97646df8","resourceVersion":"992","creationTimestamp":"2020-04-29T09:36:11Z","labels":{"control-plane":"controller-manager","pod-template-hash":"55d5d4457c"},"ownerReferences":[{"apiVersion":"apps/v1","kind":"ReplicaSet","name":"controller-manager-55d5d4457c","uid":"3b7a9961-b7fd-4e88-9204-18f15e272db9","controller":true,"blockOwnerDeletion":true}]},"spec":{"volumes":[{"name":"azure-arc-operatorsa-token-d6sx7","secret":{"secretName":"azure-arc-operatorsa-token-d6sx7","defaultMode":420}}],"containers":[{"name":"kube-rbac-proxy","image":"gcr.io/kubebuilder/kube-rbac-proxy:v0.4.0","args":["--secure-listen-address=0.0.0.0:8443","--upstream=http://127.0.0.1:8080/","--logtostderr=true","--v=10"],"ports":[{"name":"https","containerPort":8443,"protocol":"TCP"}],"resources":{},"volumeMounts":[{"name":"azure-arc-operatorsa-token-d6sx7","readOnly":true,"mountPath":"/var/run/secrets/kubernetes.io/serviceaccount"}],"terminationMessagePath":"/dev/termination-log","terminationMessagePolicy":"File","imagePullPolicy":"IfNotPresent"},{"name":"manager","image":"azurearcfork8s.azurecr.io/arc-preview/configoperator:0.1.19","command":["/data/manager"],"args":["--metrics-addr=127.0.0.1:8080","--enable-leader-election"],"env":[{"name":"AZURE_RESOURCE_NAME","valueFrom":{"configMapKeyRef":{"name":"azure-clusterconfig","key":"AZURE_RESOURCE_NAME"}}},{"name":"AZURE_SUBSCRIPTION_ID","valueFrom":{"configMapKeyRef":{"name":"azure-clusterconfig","key":"AZURE_SUBSCRIPTION_ID"}}},{"name":"AZURE_RESOURCE_GROUP","valueFrom":{"configMapKeyRef":{"name":"azure-clusterconfig","key":"AZURE_RESOURCE_GROUP"}}},{"name":"AZURE_REGION","valueFrom":{"configMapKeyRef":{"name":"azure-clusterconfig","key":"AZURE_REGION"}}},{"name":"CLUSTER_TYPE","valueFrom":{"configMapKeyRef":{"name":"azure-clusterconfig","key":"CLUSTER_TYPE"}}}],"resources":{"limits":{"cpu":"100m","memory":"300Mi"},"requests":{"cpu":"100m","memory":"100Mi"}},"volumeMounts":[{"name":"azure-arc-operatorsa-token-d6sx7","readOnly":true,"mountPath":"/var/run/secrets/kubernetes.io/serviceaccount"}],"terminationMessagePath":"/dev/termination-log","terminationMessagePolicy":"File","imagePullPolicy":"Always"}],"restartPolicy":"Always","terminationGracePeriodSeconds":10,"dnsPolicy":"ClusterFirst","serviceAccountName":"azure-arc-operatorsa","serviceAccount":"azure-arc-operatorsa","nodeName":"aks-nodepool1-28230805-vmss000000","securityContext":{},"schedulerName":"default-scheduler","tolerations":[{"key":"node.kubernetes.io/not-ready","operator":"Exists","effect":"NoExecute","tolerationSeconds":300},{"key":"node.kubernetes.io/unreachable","operator":"Exists","effect":"NoExecute","tolerationSeconds":300}],"priority":0,"enableServiceLinks":true},"status":{"phase":"Running","conditions":[{"type":"Initialized","status":"True","lastProbeTime":null,"lastTransitionTime":"2020-04-29T09:36:11Z"},{"type":"Ready","status":"True","lastProbeTime":null,"lastTransitionTime":"2020-04-29T09:36:50Z"},{"type":"ContainersReady","status":"True","lastProbeTime":null,"lastTransitionTime":"2020-04-29T09:36:50Z"},{"type":"PodScheduled","status":"True","lastProbeTime":null,"lastTransitionTime":"2020-04-29T09:36:11Z"}],"hostIP":"10.240.0.4","podIP":"10.244.0.9","startTime":"2020-04-29T09:36:11Z","containerStatuses":[{"name":"kube-rbac-proxy","state":{"running":{"startedAt":"2020-04-29T09:36:27Z"}},"lastState":{},"ready":true,"restartCount":0,"image":"gcr.io/kubebuilder/kube-rbac-proxy:v0.4.0","imageID":"docker-pullable://gcr.io/kubebuilder/kube-rbac-proxy@sha256:297896d96b827bbcb1abd696da1b2d81cab88359ac34cce0e8281f266b4e08de","containerID":"docker://b7b1dbc21fc4267442ea177876ab85daf21aec939bf0ae2bb9fa673048ee3578"},{"name":"manager","state":{"running":{"startedAt":"2020-04-29T09:36:49Z"}},"lastState":{},"ready":true,"restartCount":0,"image":"azurearcfork8s.azurecr.io/arc-preview/configoperator:0.1.19","imageID":"docker-pullable://azurearcfork8s.azurecr.io/arc-preview/configoperator@sha256:ea33b13ee5d596650cfeced4e593c9b10f46a6f6a6a35aae80187efdf9eae7e2","containerID":"docker://49de609944b0b169d8d2aae8fee145504fb25fceedeb53b4036d45931d8c203a"}],"qosClass":"Burstable"}}}

        '
    headers:
      audit-id:
      - 271fee93-ce05-4610-9c62-18bf71448b71
      content-type:
      - application/json
      date:
      - Wed, 29 Apr 2020 09:36:31 GMT
      transfer-encoding:
      - chunked
    status:
      code: 200
      message: OK
- request:
    body: null
    headers:
      Accept:
      - application/json
      Accept-Encoding:
      - gzip, deflate
      CommandName:
      - connectedk8s connect
      Connection:
      - keep-alive
      ParameterSetName:
      - -g -n -l --tags --kube-config
      User-Agent:
      - python/3.7.0 (Windows-10-10.0.18362-SP0) msrest/0.6.10 msrest_azure/0.6.2
        azure-mgmt-hybridkubernetes/0.1.1 Azure-SDK-For-Python AZURECLI/2.5.0
    method: GET
    uri: https://management.azure.com/subscriptions/00000000-0000-0000-0000-000000000000/resourcegroups/akkeshar-test2/providers/Microsoft.Kubernetes/connectedClusters/cc-000002?api-version=2020-01-01-preview
  response:
    body:
      string: '{"id":"/subscriptions/00000000-0000-0000-0000-000000000000/resourceGroups/akkeshar-test2/providers/Microsoft.Kubernetes/connectedClusters/cc-000002","name":"cc-000002","type":"Microsoft.Kubernetes/connectedClusters","location":"eastus2euap","tags":{"foo":"doo"},"identity":{"type":"SystemAssigned","principalId":"91e5a61c-93e8-4c8f-84b9-bed103bf9b25","tenantId":"72f988bf-86f1-41af-91ab-2d7cd011db47"},"properties":{"provisioningState":"Succeeded","agentPublicKeyCertificate":"MIICCgKCAgEAkqvnW9xTNLScyGxcEHJEocctA7ZYW6xUvwgoIBEhqT/J8dXRO+rH2HWHFUS3nZ4i7ugeO2YMISaxojU6UVEx4NtfXRKuFEdnYQXzNDBE2UJfcnSOc1XoN+TtY+tuAJ/M3B9XgSnK2TQs7y0BfX9vGDfTPg7my8Po2W0gKBK88B7ymYCZE0eofMi24FPs4mVI+5nNg0IEKGlfkUDTd3AxZHghKN+6dSQ/MhhNHuaPdhjPyHoffH+cw14uFe4yu/bxAwR6+9v8YIno4ZLugTB9jDZ/xiIYrrPRT/2T4qd/sdheIC2PoqaWr4ndF0pKObJqmUnw9qjTO3RsJfqld695rDcctOosnCakEpVau7MlTSldKt5fg2Oz3jm15Iqt71AUCrxHf92PrzWQwgJc9dQ8tTuZ1dphy3XnG5GqhHjbarf0taKCZGDWnO/HeoWhlxXnHkOnCms0VF039Kg4be443RF49O42BIw5Tujik+v6ujEclO5GJr7Gf2cgoH4bggJOfqELrM5Q7ja8ZdkbmFvlMqpmPY98u2XLbeVklQyfcdGl3gcG/gNEqVUHiUR637p58in0Ze3JD3m/1A5CeYQ724M/IevdvwrZGiipwf5sCeyrr8dziE83YkZQ5WTjniouevDZ3Kpsu7fWR5G668fNaXNMDbM11tGgZevGFLiPO8ECAwEAAQ==","aadProfile":{"tenantId":"","clientAppId":"","serverAppId":""}}}'
    headers:
      cache-control:
      - no-cache
      content-length:
      - '1253'
      content-type:
      - application/json; charset=utf-8
      date:
      - Wed, 29 Apr 2020 09:37:09 GMT
      expires:
      - '-1'
      pragma:
      - no-cache
      server:
      - Kestrel
      strict-transport-security:
      - max-age=31536000; includeSubDomains
      x-content-type-options:
      - nosniff
    status:
      code: 200
      message: OK
- request:
    body: null
    headers:
      Accept:
      - application/json
      Accept-Encoding:
      - gzip, deflate
      CommandName:
      - connectedk8s show
      Connection:
      - keep-alive
      ParameterSetName:
      - -g -n
      User-Agent:
      - python/3.7.0 (Windows-10-10.0.18362-SP0) msrest/0.6.10 msrest_azure/0.6.2
        azure-mgmt-hybridkubernetes/0.1.1 Azure-SDK-For-Python AZURECLI/2.5.0
      accept-language:
      - en-US
    method: GET
    uri: https://management.azure.com/subscriptions/00000000-0000-0000-0000-000000000000/resourcegroups/akkeshar-test2/providers/Microsoft.Kubernetes/connectedClusters/cc-000002?api-version=2020-01-01-preview
  response:
    body:
      string: '{"id":"/subscriptions/00000000-0000-0000-0000-000000000000/resourceGroups/akkeshar-test2/providers/Microsoft.Kubernetes/connectedClusters/cc-000002","name":"cc-000002","type":"Microsoft.Kubernetes/connectedClusters","location":"eastus2euap","tags":{"foo":"doo"},"identity":{"type":"SystemAssigned","principalId":"91e5a61c-93e8-4c8f-84b9-bed103bf9b25","tenantId":"72f988bf-86f1-41af-91ab-2d7cd011db47"},"properties":{"provisioningState":"Succeeded","agentPublicKeyCertificate":"MIICCgKCAgEAkqvnW9xTNLScyGxcEHJEocctA7ZYW6xUvwgoIBEhqT/J8dXRO+rH2HWHFUS3nZ4i7ugeO2YMISaxojU6UVEx4NtfXRKuFEdnYQXzNDBE2UJfcnSOc1XoN+TtY+tuAJ/M3B9XgSnK2TQs7y0BfX9vGDfTPg7my8Po2W0gKBK88B7ymYCZE0eofMi24FPs4mVI+5nNg0IEKGlfkUDTd3AxZHghKN+6dSQ/MhhNHuaPdhjPyHoffH+cw14uFe4yu/bxAwR6+9v8YIno4ZLugTB9jDZ/xiIYrrPRT/2T4qd/sdheIC2PoqaWr4ndF0pKObJqmUnw9qjTO3RsJfqld695rDcctOosnCakEpVau7MlTSldKt5fg2Oz3jm15Iqt71AUCrxHf92PrzWQwgJc9dQ8tTuZ1dphy3XnG5GqhHjbarf0taKCZGDWnO/HeoWhlxXnHkOnCms0VF039Kg4be443RF49O42BIw5Tujik+v6ujEclO5GJr7Gf2cgoH4bggJOfqELrM5Q7ja8ZdkbmFvlMqpmPY98u2XLbeVklQyfcdGl3gcG/gNEqVUHiUR637p58in0Ze3JD3m/1A5CeYQ724M/IevdvwrZGiipwf5sCeyrr8dziE83YkZQ5WTjniouevDZ3Kpsu7fWR5G668fNaXNMDbM11tGgZevGFLiPO8ECAwEAAQ==","aadProfile":{"tenantId":"","clientAppId":"","serverAppId":""}}}'
    headers:
      cache-control:
      - no-cache
      content-length:
      - '1253'
      content-type:
      - application/json; charset=utf-8
      date:
      - Wed, 29 Apr 2020 09:37:11 GMT
      expires:
      - '-1'
      pragma:
      - no-cache
      server:
      - Kestrel
      strict-transport-security:
      - max-age=31536000; includeSubDomains
      transfer-encoding:
      - chunked
      vary:
      - Accept-Encoding
      x-content-type-options:
      - nosniff
    status:
      code: 200
      message: OK
- request:
    body: null
    headers:
      Accept:
      - application/json
      Content-Type:
      - application/json
      User-Agent:
      - OpenAPI-Generator/11.0.0/python
    method: GET
    uri: https://cli-test-a-akkeshar-test2-1bfbb5-39c99bab.hcp.westeurope.azmk8s.io/apis/networking.k8s.io/v1/
  response:
    body:
      string: '{"kind":"APIResourceList","apiVersion":"v1","groupVersion":"networking.k8s.io/v1","resources":[{"name":"networkpolicies","singularName":"","namespaced":true,"kind":"NetworkPolicy","verbs":["create","delete","deletecollection","get","list","patch","update","watch"],"shortNames":["netpol"],"storageVersionHash":"YpfwF18m1G8="}]}

        '
    headers:
      audit-id:
      - b0d9e306-6e50-406f-9af4-a69f18955ea2
      content-length:
      - '328'
      content-type:
      - application/json
      date:
      - Wed, 29 Apr 2020 09:37:12 GMT
    status:
      code: 200
      message: OK
- request:
    body: null
    headers:
      Accept:
      - application/json
      Content-Type:
      - application/json
      User-Agent:
      - OpenAPI-Generator/11.0.0/python
    method: GET
    uri: https://cli-test-a-akkeshar-test2-1bfbb5-39c99bab.hcp.westeurope.azmk8s.io/api/v1/namespaces/azure-arc/configmaps/azure-clusterconfig
  response:
    body:
      string: '{"kind":"ConfigMap","apiVersion":"v1","metadata":{"name":"azure-clusterconfig","namespace":"azure-arc","selfLink":"/api/v1/namespaces/azure-arc/configmaps/azure-clusterconfig","uid":"49cbba96-27ef-47e4-9253-cc14c61126d5","resourceVersion":"855","creationTimestamp":"2020-04-29T09:36:10Z"},"data":{"AZURE_ARC_AGENT_VERSION":"0.1.19","AZURE_REGION":"eastus2euap","AZURE_RESOURCE_GROUP":"akkeshar-test2","AZURE_RESOURCE_NAME":"cc-000002","AZURE_SUBSCRIPTION_ID":"1bfbb5d0-917e-4346-9026-1d3b344417f5","AZURE_TENANT_ID":"72f988bf-86f1-41af-91ab-2d7cd011db47","CLUSTER_TYPE":"ConnectedClusters","FLUX_CLIENT_DEFAULT_LOCATION":"azurearcfork8s.azurecr.io/arc-preview/fluxctl:0.1.3"}}

        '
    headers:
      audit-id:
      - 2b80ba24-9695-440f-830c-6ce400555cd8
      content-length:
      - '680'
      content-type:
      - application/json
      date:
      - Wed, 29 Apr 2020 09:37:17 GMT
    status:
      code: 200
      message: OK
- request:
    body: null
    headers:
      Accept:
      - application/json
      Accept-Encoding:
      - gzip, deflate
      CommandName:
      - connectedk8s delete
      Connection:
      - keep-alive
      Content-Length:
      - '0'
      ParameterSetName:
      - -g -n --kube-config -y
      User-Agent:
      - python/3.7.0 (Windows-10-10.0.18362-SP0) msrest/0.6.10 msrest_azure/0.6.2
        azure-mgmt-hybridkubernetes/0.1.1 Azure-SDK-For-Python AZURECLI/2.5.0
      accept-language:
      - en-US
    method: DELETE
    uri: https://management.azure.com/subscriptions/00000000-0000-0000-0000-000000000000/resourcegroups/akkeshar-test2/providers/Microsoft.Kubernetes/connectedClusters/cc-000002?api-version=2020-01-01-preview
  response:
    body:
      string: '{"id":"/subscriptions/00000000-0000-0000-0000-000000000000/resourceGroups/akkeshar-test2/providers/Microsoft.Kubernetes/connectedClusters/cc-000002","name":"cc-000002","type":"Microsoft.Kubernetes/connectedClusters","location":"eastus2euap","tags":{"foo":"doo"},"identity":{"type":"SystemAssigned","principalId":"91e5a61c-93e8-4c8f-84b9-bed103bf9b25","tenantId":"72f988bf-86f1-41af-91ab-2d7cd011db47"},"properties":{"provisioningState":"Deleting","agentPublicKeyCertificate":"MIICCgKCAgEAkqvnW9xTNLScyGxcEHJEocctA7ZYW6xUvwgoIBEhqT/J8dXRO+rH2HWHFUS3nZ4i7ugeO2YMISaxojU6UVEx4NtfXRKuFEdnYQXzNDBE2UJfcnSOc1XoN+TtY+tuAJ/M3B9XgSnK2TQs7y0BfX9vGDfTPg7my8Po2W0gKBK88B7ymYCZE0eofMi24FPs4mVI+5nNg0IEKGlfkUDTd3AxZHghKN+6dSQ/MhhNHuaPdhjPyHoffH+cw14uFe4yu/bxAwR6+9v8YIno4ZLugTB9jDZ/xiIYrrPRT/2T4qd/sdheIC2PoqaWr4ndF0pKObJqmUnw9qjTO3RsJfqld695rDcctOosnCakEpVau7MlTSldKt5fg2Oz3jm15Iqt71AUCrxHf92PrzWQwgJc9dQ8tTuZ1dphy3XnG5GqhHjbarf0taKCZGDWnO/HeoWhlxXnHkOnCms0VF039Kg4be443RF49O42BIw5Tujik+v6ujEclO5GJr7Gf2cgoH4bggJOfqELrM5Q7ja8ZdkbmFvlMqpmPY98u2XLbeVklQyfcdGl3gcG/gNEqVUHiUR637p58in0Ze3JD3m/1A5CeYQ724M/IevdvwrZGiipwf5sCeyrr8dziE83YkZQ5WTjniouevDZ3Kpsu7fWR5G668fNaXNMDbM11tGgZevGFLiPO8ECAwEAAQ==","aadProfile":{"tenantId":"","clientAppId":"","serverAppId":""}}}'
    headers:
      cache-control:
      - no-cache
      content-length:
      - '1252'
      content-type:
      - application/json; charset=utf-8
      date:
      - Wed, 29 Apr 2020 09:37:19 GMT
      expires:
      - '-1'
      location:
      - https://management.azure.com/providers/Microsoft.Kubernetes/locations/EastUS2EUAP/operationStatuses/ad314108-7e33-4c63-aca2-fcf470e551b3?api-version=2020-01-01-preview
      pragma:
      - no-cache
      server:
      - Kestrel
      strict-transport-security:
      - max-age=31536000; includeSubDomains
      x-content-type-options:
      - nosniff
      x-ms-ratelimit-remaining-subscription-deletes:
      - '14999'
    status:
      code: 202
      message: Accepted
- request:
    body: null
    headers:
      Accept:
      - application/json
      Content-Type:
      - application/json
      User-Agent:
      - OpenAPI-Generator/11.0.0/python
    method: GET
    uri: https://cli-test-a-akkeshar-test2-1bfbb5-39c99bab.hcp.westeurope.azmk8s.io/api/v1/namespaces?fieldSelector=metadata.name%3Dazure-arc
  response:
    body:
      string: '{"kind":"NamespaceList","apiVersion":"v1","metadata":{"selfLink":"/api/v1/namespaces","resourceVersion":"1088"},"items":[{"metadata":{"name":"azure-arc","selfLink":"/api/v1/namespaces/azure-arc","uid":"86c85adc-887d-4410-b3c0-3b7ec26b2f93","resourceVersion":"1082","creationTimestamp":"2020-04-29T09:36:10Z","deletionTimestamp":"2020-04-29T09:37:24Z"},"spec":{"finalizers":["kubernetes"]},"status":{"phase":"Terminating"}}]}

        '
    headers:
      audit-id:
      - 6a56fa89-dc70-4f56-bb89-5e5387377bde
      content-length:
      - '425'
      content-type:
      - application/json
      date:
      - Wed, 29 Apr 2020 09:37:25 GMT
    status:
      code: 200
      message: OK
- request:
    body: null
    headers:
      Accept:
      - application/json
      Accept-Encoding:
      - gzip, deflate
      CommandName:
      - aks delete
      Connection:
      - keep-alive
      Content-Length:
      - '0'
      ParameterSetName:
      - -g -n -y
      User-Agent:
      - python/3.7.0 (Windows-10-10.0.18362-SP0) msrest/0.6.10 msrest_azure/0.6.2
        azure-mgmt-containerservice/9.0.1 Azure-SDK-For-Python AZURECLI/2.5.0
      accept-language:
      - en-US
    method: DELETE
    uri: https://management.azure.com/subscriptions/00000000-0000-0000-0000-000000000000/resourceGroups/akkeshar-test2/providers/Microsoft.ContainerService/managedClusters/cli-test-aks-000001?api-version=2020-03-01
  response:
    body:
      string: ''
    headers:
      azure-asyncoperation:
      - https://management.azure.com/subscriptions/00000000-0000-0000-0000-000000000000/providers/Microsoft.ContainerService/locations/westeurope/operations/d4bb87e1-a0f0-41e8-8965-6d079b29b673?api-version=2017-08-31
      cache-control:
      - no-cache
      content-length:
      - '0'
      date:
      - Wed, 29 Apr 2020 09:37:27 GMT
      expires:
      - '-1'
      location:
      - https://management.azure.com/subscriptions/00000000-0000-0000-0000-000000000000/providers/Microsoft.ContainerService/locations/westeurope/operationresults/d4bb87e1-a0f0-41e8-8965-6d079b29b673?api-version=2017-08-31
      pragma:
      - no-cache
      server:
      - nginx
      strict-transport-security:
      - max-age=31536000; includeSubDomains
      x-content-type-options:
      - nosniff
      x-ms-ratelimit-remaining-subscription-deletes:
      - '14998'
    status:
      code: 202
      message: Accepted
- request:
    body: null
    headers:
      Accept:
      - application/json
      Accept-Encoding:
      - gzip, deflate
      CommandName:
      - connectedk8s delete
      Connection:
      - keep-alive
      ParameterSetName:
      - -g -n --kube-config -y
      User-Agent:
      - python/3.7.0 (Windows-10-10.0.18362-SP0) msrest/0.6.10 msrest_azure/0.6.2
        azure-mgmt-hybridkubernetes/0.1.1 Azure-SDK-For-Python AZURECLI/2.5.0
    method: GET
    uri: https://management.azure.com/providers/Microsoft.Kubernetes/locations/EastUS2EUAP/operationStatuses/ad314108-7e33-4c63-aca2-fcf470e551b3?api-version=2020-01-01-preview
  response:
    body:
      string: '{"id":"/providers/Microsoft.Kubernetes/locations/EastUS2EUAP/operationStatuses/ad314108-7e33-4c63-aca2-fcf470e551b3","name":"ad314108-7e33-4c63-aca2-fcf470e551b3","status":"Succeeded","startTime":"2020-04-29T09:37:19.7097578Z","properties":{"provisioningState":"Succeeded"}}'
    headers:
      cache-control:
      - no-cache
      content-length:
      - '274'
      content-type:
      - application/json; charset=utf-8
      date:
      - Wed, 29 Apr 2020 09:37:51 GMT
      expires:
      - '-1'
      pragma:
      - no-cache
      server:
      - Kestrel
      strict-transport-security:
      - max-age=31536000; includeSubDomains
      transfer-encoding:
      - chunked
      vary:
      - Accept-Encoding
      x-content-type-options:
      - nosniff
    status:
      code: 200
      message: OK
- request:
    body: null
    headers:
      Accept:
      - application/json
      Accept-Encoding:
      - gzip, deflate
      CommandName:
      - aks delete
      Connection:
      - keep-alive
      ParameterSetName:
      - -g -n -y
      User-Agent:
      - python/3.7.0 (Windows-10-10.0.18362-SP0) msrest/0.6.10 msrest_azure/0.6.2
        azure-mgmt-containerservice/9.0.1 Azure-SDK-For-Python AZURECLI/2.5.0
    method: GET
    uri: https://management.azure.com/subscriptions/00000000-0000-0000-0000-000000000000/providers/Microsoft.ContainerService/locations/westeurope/operations/d4bb87e1-a0f0-41e8-8965-6d079b29b673?api-version=2017-08-31
  response:
    body:
      string: "{\n  \"name\": \"e187bbd4-f0a0-e841-8965-6d079b29b673\",\n  \"status\":
        \"InProgress\",\n  \"startTime\": \"2020-04-29T09:37:27.1831509Z\"\n }"
    headers:
      cache-control:
      - no-cache
      content-length:
      - '126'
      content-type:
      - application/json
      date:
      - Wed, 29 Apr 2020 09:37:57 GMT
      expires:
      - '-1'
      pragma:
      - no-cache
      server:
      - nginx
      strict-transport-security:
      - max-age=31536000; includeSubDomains
      transfer-encoding:
      - chunked
      vary:
      - Accept-Encoding
      x-content-type-options:
      - nosniff
    status:
      code: 200
      message: OK
- request:
    body: null
    headers:
      Accept:
      - application/json
      Accept-Encoding:
      - gzip, deflate
      CommandName:
      - aks delete
      Connection:
      - keep-alive
      ParameterSetName:
      - -g -n -y
      User-Agent:
      - python/3.7.0 (Windows-10-10.0.18362-SP0) msrest/0.6.10 msrest_azure/0.6.2
        azure-mgmt-containerservice/9.0.1 Azure-SDK-For-Python AZURECLI/2.5.0
    method: GET
    uri: https://management.azure.com/subscriptions/00000000-0000-0000-0000-000000000000/providers/Microsoft.ContainerService/locations/westeurope/operations/d4bb87e1-a0f0-41e8-8965-6d079b29b673?api-version=2017-08-31
  response:
    body:
      string: "{\n  \"name\": \"e187bbd4-f0a0-e841-8965-6d079b29b673\",\n  \"status\":
        \"InProgress\",\n  \"startTime\": \"2020-04-29T09:37:27.1831509Z\"\n }"
    headers:
      cache-control:
      - no-cache
      content-length:
      - '126'
      content-type:
      - application/json
      date:
      - Wed, 29 Apr 2020 09:38:28 GMT
      expires:
      - '-1'
      pragma:
      - no-cache
      server:
      - nginx
      strict-transport-security:
      - max-age=31536000; includeSubDomains
      transfer-encoding:
      - chunked
      vary:
      - Accept-Encoding
      x-content-type-options:
      - nosniff
    status:
      code: 200
      message: OK
- request:
    body: null
    headers:
      Accept:
      - application/json
      Accept-Encoding:
      - gzip, deflate
      CommandName:
      - aks delete
      Connection:
      - keep-alive
      ParameterSetName:
      - -g -n -y
      User-Agent:
      - python/3.7.0 (Windows-10-10.0.18362-SP0) msrest/0.6.10 msrest_azure/0.6.2
        azure-mgmt-containerservice/9.0.1 Azure-SDK-For-Python AZURECLI/2.5.0
    method: GET
    uri: https://management.azure.com/subscriptions/00000000-0000-0000-0000-000000000000/providers/Microsoft.ContainerService/locations/westeurope/operations/d4bb87e1-a0f0-41e8-8965-6d079b29b673?api-version=2017-08-31
  response:
    body:
      string: "{\n  \"name\": \"e187bbd4-f0a0-e841-8965-6d079b29b673\",\n  \"status\":
        \"InProgress\",\n  \"startTime\": \"2020-04-29T09:37:27.1831509Z\"\n }"
    headers:
      cache-control:
      - no-cache
      content-length:
      - '126'
      content-type:
      - application/json
      date:
      - Wed, 29 Apr 2020 09:38:57 GMT
      expires:
      - '-1'
      pragma:
      - no-cache
      server:
      - nginx
      strict-transport-security:
      - max-age=31536000; includeSubDomains
      transfer-encoding:
      - chunked
      vary:
      - Accept-Encoding
      x-content-type-options:
      - nosniff
    status:
      code: 200
      message: OK
- request:
    body: null
    headers:
      Accept:
      - application/json
      Accept-Encoding:
      - gzip, deflate
      CommandName:
      - aks delete
      Connection:
      - keep-alive
      ParameterSetName:
      - -g -n -y
      User-Agent:
      - python/3.7.0 (Windows-10-10.0.18362-SP0) msrest/0.6.10 msrest_azure/0.6.2
        azure-mgmt-containerservice/9.0.1 Azure-SDK-For-Python AZURECLI/2.5.0
    method: GET
    uri: https://management.azure.com/subscriptions/00000000-0000-0000-0000-000000000000/providers/Microsoft.ContainerService/locations/westeurope/operations/d4bb87e1-a0f0-41e8-8965-6d079b29b673?api-version=2017-08-31
  response:
    body:
      string: "{\n  \"name\": \"e187bbd4-f0a0-e841-8965-6d079b29b673\",\n  \"status\":
        \"InProgress\",\n  \"startTime\": \"2020-04-29T09:37:27.1831509Z\"\n }"
    headers:
      cache-control:
      - no-cache
      content-length:
      - '126'
      content-type:
      - application/json
      date:
      - Wed, 29 Apr 2020 09:39:28 GMT
      expires:
      - '-1'
      pragma:
      - no-cache
      server:
      - nginx
      strict-transport-security:
      - max-age=31536000; includeSubDomains
      transfer-encoding:
      - chunked
      vary:
      - Accept-Encoding
      x-content-type-options:
      - nosniff
    status:
      code: 200
      message: OK
- request:
    body: null
    headers:
      Accept:
      - application/json
      Accept-Encoding:
      - gzip, deflate
      CommandName:
      - aks delete
      Connection:
      - keep-alive
      ParameterSetName:
      - -g -n -y
      User-Agent:
      - python/3.7.0 (Windows-10-10.0.18362-SP0) msrest/0.6.10 msrest_azure/0.6.2
        azure-mgmt-containerservice/9.0.1 Azure-SDK-For-Python AZURECLI/2.5.0
    method: GET
    uri: https://management.azure.com/subscriptions/00000000-0000-0000-0000-000000000000/providers/Microsoft.ContainerService/locations/westeurope/operations/d4bb87e1-a0f0-41e8-8965-6d079b29b673?api-version=2017-08-31
  response:
    body:
      string: "{\n  \"name\": \"e187bbd4-f0a0-e841-8965-6d079b29b673\",\n  \"status\":
        \"InProgress\",\n  \"startTime\": \"2020-04-29T09:37:27.1831509Z\"\n }"
    headers:
      cache-control:
      - no-cache
      content-length:
      - '126'
      content-type:
      - application/json
      date:
      - Wed, 29 Apr 2020 09:39:58 GMT
      expires:
      - '-1'
      pragma:
      - no-cache
      server:
      - nginx
      strict-transport-security:
      - max-age=31536000; includeSubDomains
      transfer-encoding:
      - chunked
      vary:
      - Accept-Encoding
      x-content-type-options:
      - nosniff
    status:
      code: 200
      message: OK
- request:
    body: null
    headers:
      Accept:
      - application/json
      Accept-Encoding:
      - gzip, deflate
      CommandName:
      - aks delete
      Connection:
      - keep-alive
      ParameterSetName:
      - -g -n -y
      User-Agent:
      - python/3.7.0 (Windows-10-10.0.18362-SP0) msrest/0.6.10 msrest_azure/0.6.2
        azure-mgmt-containerservice/9.0.1 Azure-SDK-For-Python AZURECLI/2.5.0
    method: GET
    uri: https://management.azure.com/subscriptions/00000000-0000-0000-0000-000000000000/providers/Microsoft.ContainerService/locations/westeurope/operations/d4bb87e1-a0f0-41e8-8965-6d079b29b673?api-version=2017-08-31
  response:
    body:
      string: "{\n  \"name\": \"e187bbd4-f0a0-e841-8965-6d079b29b673\",\n  \"status\":
        \"InProgress\",\n  \"startTime\": \"2020-04-29T09:37:27.1831509Z\"\n }"
    headers:
      cache-control:
      - no-cache
      content-length:
      - '126'
      content-type:
      - application/json
      date:
      - Wed, 29 Apr 2020 09:40:28 GMT
      expires:
      - '-1'
      pragma:
      - no-cache
      server:
      - nginx
      strict-transport-security:
      - max-age=31536000; includeSubDomains
      transfer-encoding:
      - chunked
      vary:
      - Accept-Encoding
      x-content-type-options:
      - nosniff
    status:
      code: 200
      message: OK
- request:
    body: null
    headers:
      Accept:
      - application/json
      Accept-Encoding:
      - gzip, deflate
      CommandName:
      - aks delete
      Connection:
      - keep-alive
      ParameterSetName:
      - -g -n -y
      User-Agent:
      - python/3.7.0 (Windows-10-10.0.18362-SP0) msrest/0.6.10 msrest_azure/0.6.2
        azure-mgmt-containerservice/9.0.1 Azure-SDK-For-Python AZURECLI/2.5.0
    method: GET
    uri: https://management.azure.com/subscriptions/00000000-0000-0000-0000-000000000000/providers/Microsoft.ContainerService/locations/westeurope/operations/d4bb87e1-a0f0-41e8-8965-6d079b29b673?api-version=2017-08-31
  response:
    body:
      string: "{\n  \"name\": \"e187bbd4-f0a0-e841-8965-6d079b29b673\",\n  \"status\":
        \"InProgress\",\n  \"startTime\": \"2020-04-29T09:37:27.1831509Z\"\n }"
    headers:
      cache-control:
      - no-cache
      content-length:
      - '126'
      content-type:
      - application/json
      date:
      - Wed, 29 Apr 2020 09:41:00 GMT
      expires:
      - '-1'
      pragma:
      - no-cache
      server:
      - nginx
      strict-transport-security:
      - max-age=31536000; includeSubDomains
      transfer-encoding:
      - chunked
      vary:
      - Accept-Encoding
      x-content-type-options:
      - nosniff
    status:
      code: 200
      message: OK
- request:
    body: null
    headers:
      Accept:
      - application/json
      Accept-Encoding:
      - gzip, deflate
      CommandName:
      - aks delete
      Connection:
      - keep-alive
      ParameterSetName:
      - -g -n -y
      User-Agent:
      - python/3.7.0 (Windows-10-10.0.18362-SP0) msrest/0.6.10 msrest_azure/0.6.2
        azure-mgmt-containerservice/9.0.1 Azure-SDK-For-Python AZURECLI/2.5.0
    method: GET
    uri: https://management.azure.com/subscriptions/00000000-0000-0000-0000-000000000000/providers/Microsoft.ContainerService/locations/westeurope/operations/d4bb87e1-a0f0-41e8-8965-6d079b29b673?api-version=2017-08-31
  response:
    body:
      string: "{\n  \"name\": \"e187bbd4-f0a0-e841-8965-6d079b29b673\",\n  \"status\":
        \"InProgress\",\n  \"startTime\": \"2020-04-29T09:37:27.1831509Z\"\n }"
    headers:
      cache-control:
      - no-cache
      content-length:
      - '126'
      content-type:
      - application/json
      date:
      - Wed, 29 Apr 2020 09:41:30 GMT
      expires:
      - '-1'
      pragma:
      - no-cache
      server:
      - nginx
      strict-transport-security:
      - max-age=31536000; includeSubDomains
      transfer-encoding:
      - chunked
      vary:
      - Accept-Encoding
      x-content-type-options:
      - nosniff
    status:
      code: 200
      message: OK
- request:
    body: null
    headers:
      Accept:
      - application/json
      Accept-Encoding:
      - gzip, deflate
      CommandName:
      - aks delete
      Connection:
      - keep-alive
      ParameterSetName:
      - -g -n -y
      User-Agent:
      - python/3.7.0 (Windows-10-10.0.18362-SP0) msrest/0.6.10 msrest_azure/0.6.2
        azure-mgmt-containerservice/9.0.1 Azure-SDK-For-Python AZURECLI/2.5.0
    method: GET
    uri: https://management.azure.com/subscriptions/00000000-0000-0000-0000-000000000000/providers/Microsoft.ContainerService/locations/westeurope/operations/d4bb87e1-a0f0-41e8-8965-6d079b29b673?api-version=2017-08-31
  response:
    body:
      string: "{\n  \"name\": \"e187bbd4-f0a0-e841-8965-6d079b29b673\",\n  \"status\":
        \"InProgress\",\n  \"startTime\": \"2020-04-29T09:37:27.1831509Z\"\n }"
    headers:
      cache-control:
      - no-cache
      content-length:
      - '126'
      content-type:
      - application/json
      date:
      - Wed, 29 Apr 2020 09:42:00 GMT
      expires:
      - '-1'
      pragma:
      - no-cache
      server:
      - nginx
      strict-transport-security:
      - max-age=31536000; includeSubDomains
      transfer-encoding:
      - chunked
      vary:
      - Accept-Encoding
      x-content-type-options:
      - nosniff
    status:
      code: 200
      message: OK
- request:
    body: null
    headers:
      Accept:
      - application/json
      Accept-Encoding:
      - gzip, deflate
      CommandName:
      - aks delete
      Connection:
      - keep-alive
      ParameterSetName:
      - -g -n -y
      User-Agent:
      - python/3.7.0 (Windows-10-10.0.18362-SP0) msrest/0.6.10 msrest_azure/0.6.2
        azure-mgmt-containerservice/9.0.1 Azure-SDK-For-Python AZURECLI/2.5.0
    method: GET
    uri: https://management.azure.com/subscriptions/00000000-0000-0000-0000-000000000000/providers/Microsoft.ContainerService/locations/westeurope/operations/d4bb87e1-a0f0-41e8-8965-6d079b29b673?api-version=2017-08-31
  response:
    body:
      string: "{\n  \"name\": \"e187bbd4-f0a0-e841-8965-6d079b29b673\",\n  \"status\":
        \"InProgress\",\n  \"startTime\": \"2020-04-29T09:37:27.1831509Z\"\n }"
    headers:
      cache-control:
      - no-cache
      content-length:
      - '126'
      content-type:
      - application/json
      date:
      - Wed, 29 Apr 2020 09:42:31 GMT
      expires:
      - '-1'
      pragma:
      - no-cache
      server:
      - nginx
      strict-transport-security:
      - max-age=31536000; includeSubDomains
      transfer-encoding:
      - chunked
      vary:
      - Accept-Encoding
      x-content-type-options:
      - nosniff
    status:
      code: 200
      message: OK
- request:
    body: null
    headers:
      Accept:
      - application/json
      Accept-Encoding:
      - gzip, deflate
      CommandName:
      - aks delete
      Connection:
      - keep-alive
      ParameterSetName:
      - -g -n -y
      User-Agent:
      - python/3.7.0 (Windows-10-10.0.18362-SP0) msrest/0.6.10 msrest_azure/0.6.2
        azure-mgmt-containerservice/9.0.1 Azure-SDK-For-Python AZURECLI/2.5.0
    method: GET
    uri: https://management.azure.com/subscriptions/00000000-0000-0000-0000-000000000000/providers/Microsoft.ContainerService/locations/westeurope/operations/d4bb87e1-a0f0-41e8-8965-6d079b29b673?api-version=2017-08-31
  response:
    body:
      string: "{\n  \"name\": \"e187bbd4-f0a0-e841-8965-6d079b29b673\",\n  \"status\":
        \"InProgress\",\n  \"startTime\": \"2020-04-29T09:37:27.1831509Z\"\n }"
    headers:
      cache-control:
      - no-cache
      content-length:
      - '126'
      content-type:
      - application/json
      date:
      - Wed, 29 Apr 2020 09:43:01 GMT
      expires:
      - '-1'
      pragma:
      - no-cache
      server:
      - nginx
      strict-transport-security:
      - max-age=31536000; includeSubDomains
      transfer-encoding:
      - chunked
      vary:
      - Accept-Encoding
      x-content-type-options:
      - nosniff
    status:
      code: 200
      message: OK
- request:
    body: null
    headers:
      Accept:
      - application/json
      Accept-Encoding:
      - gzip, deflate
      CommandName:
      - aks delete
      Connection:
      - keep-alive
      ParameterSetName:
      - -g -n -y
      User-Agent:
      - python/3.7.0 (Windows-10-10.0.18362-SP0) msrest/0.6.10 msrest_azure/0.6.2
        azure-mgmt-containerservice/9.0.1 Azure-SDK-For-Python AZURECLI/2.5.0
    method: GET
    uri: https://management.azure.com/subscriptions/00000000-0000-0000-0000-000000000000/providers/Microsoft.ContainerService/locations/westeurope/operations/d4bb87e1-a0f0-41e8-8965-6d079b29b673?api-version=2017-08-31
  response:
    body:
      string: "{\n  \"name\": \"e187bbd4-f0a0-e841-8965-6d079b29b673\",\n  \"status\":
        \"InProgress\",\n  \"startTime\": \"2020-04-29T09:37:27.1831509Z\"\n }"
    headers:
      cache-control:
      - no-cache
      content-length:
      - '126'
      content-type:
      - application/json
      date:
      - Wed, 29 Apr 2020 09:43:31 GMT
      expires:
      - '-1'
      pragma:
      - no-cache
      server:
      - nginx
      strict-transport-security:
      - max-age=31536000; includeSubDomains
      transfer-encoding:
      - chunked
      vary:
      - Accept-Encoding
      x-content-type-options:
      - nosniff
    status:
      code: 200
      message: OK
- request:
    body: null
    headers:
      Accept:
      - application/json
      Accept-Encoding:
      - gzip, deflate
      CommandName:
      - aks delete
      Connection:
      - keep-alive
      ParameterSetName:
      - -g -n -y
      User-Agent:
      - python/3.7.0 (Windows-10-10.0.18362-SP0) msrest/0.6.10 msrest_azure/0.6.2
        azure-mgmt-containerservice/9.0.1 Azure-SDK-For-Python AZURECLI/2.5.0
    method: GET
    uri: https://management.azure.com/subscriptions/00000000-0000-0000-0000-000000000000/providers/Microsoft.ContainerService/locations/westeurope/operations/d4bb87e1-a0f0-41e8-8965-6d079b29b673?api-version=2017-08-31
  response:
    body:
      string: "{\n  \"name\": \"e187bbd4-f0a0-e841-8965-6d079b29b673\",\n  \"status\":
        \"InProgress\",\n  \"startTime\": \"2020-04-29T09:37:27.1831509Z\"\n }"
    headers:
      cache-control:
      - no-cache
      content-length:
      - '126'
      content-type:
      - application/json
      date:
      - Wed, 29 Apr 2020 09:44:02 GMT
      expires:
      - '-1'
      pragma:
      - no-cache
      server:
      - nginx
      strict-transport-security:
      - max-age=31536000; includeSubDomains
      transfer-encoding:
      - chunked
      vary:
      - Accept-Encoding
      x-content-type-options:
      - nosniff
    status:
      code: 200
      message: OK
- request:
    body: null
    headers:
      Accept:
      - application/json
      Accept-Encoding:
      - gzip, deflate
      CommandName:
      - aks delete
      Connection:
      - keep-alive
      ParameterSetName:
      - -g -n -y
      User-Agent:
      - python/3.7.0 (Windows-10-10.0.18362-SP0) msrest/0.6.10 msrest_azure/0.6.2
        azure-mgmt-containerservice/9.0.1 Azure-SDK-For-Python AZURECLI/2.5.0
    method: GET
    uri: https://management.azure.com/subscriptions/00000000-0000-0000-0000-000000000000/providers/Microsoft.ContainerService/locations/westeurope/operations/d4bb87e1-a0f0-41e8-8965-6d079b29b673?api-version=2017-08-31
  response:
    body:
      string: "{\n  \"name\": \"e187bbd4-f0a0-e841-8965-6d079b29b673\",\n  \"status\":
        \"Succeeded\",\n  \"startTime\": \"2020-04-29T09:37:27.1831509Z\",\n  \"endTime\":
        \"2020-04-29T09:44:30.16966Z\"\n }"
    headers:
      cache-control:
      - no-cache
      content-length:
      - '168'
      content-type:
      - application/json
      date:
      - Wed, 29 Apr 2020 09:44:32 GMT
      expires:
      - '-1'
      pragma:
      - no-cache
      server:
      - nginx
      strict-transport-security:
      - max-age=31536000; includeSubDomains
      transfer-encoding:
      - chunked
      vary:
      - Accept-Encoding
      x-content-type-options:
      - nosniff
    status:
      code: 200
      message: OK
version: 1
