interactions:
- request:
    body: null
    headers:
      Accept:
      - application/json
      Accept-Encoding:
      - gzip, deflate
      CommandName:
      - containerapp compose create
      Connection:
      - keep-alive
      ParameterSetName:
      - --compose-file-path --resource-group --environment --logs-workspace
      User-Agent:
      - AZURECLI/2.39.0 azsdk-python-azure-mgmt-resource/21.1.0b1 Python/3.8.13 (Linux-5.4.0-1089-azure-x86_64-with-glibc2.2.5)
    method: GET
    uri: https://management.azure.com/subscriptions/00000000-0000-0000-0000-000000000000/resourcegroups/cli_test_containerapp_preview000001?api-version=2021-04-01
  response:
    body:
      string: '{"id":"/subscriptions/00000000-0000-0000-0000-000000000000/resourceGroups/cli_test_containerapp_preview000001","name":"cli_test_containerapp_preview000001","type":"Microsoft.Resources/resourceGroups","location":"eastus","tags":{"product":"azurecli","cause":"automation","date":"2022-09-06T20:18:41Z"},"properties":{"provisioningState":"Succeeded"}}'
    headers:
      cache-control:
      - no-cache
      content-length:
      - '348'
      content-type:
      - application/json; charset=utf-8
      date:
      - Tue, 06 Sep 2022 20:18:42 GMT
      expires:
      - '-1'
      pragma:
      - no-cache
      strict-transport-security:
      - max-age=31536000; includeSubDomains
      vary:
      - Accept-Encoding
      x-content-type-options:
      - nosniff
    status:
      code: 200
      message: OK
- request:
    body: null
    headers:
      Accept:
      - '*/*'
      Accept-Encoding:
      - gzip, deflate
      CommandName:
      - containerapp compose create
      Connection:
      - keep-alive
      ParameterSetName:
      - --compose-file-path --resource-group --environment --logs-workspace
      User-Agent:
      - python/3.8.13 (Linux-5.4.0-1089-azure-x86_64-with-glibc2.2.5) AZURECLI/2.39.0
    method: GET
    uri: https://management.azure.com/subscriptions/00000000-0000-0000-0000-000000000000/resourceGroups/cli_test_containerapp_preview000001/providers/Microsoft.App/managedEnvironments/containerapp-compose000002?api-version=2022-03-01
  response:
    body:
      string: '{"error":{"code":"ResourceNotFound","message":"The Resource ''Microsoft.App/managedEnvironments/containerapp-compose000002''
        under resource group ''cli_test_containerapp_preview000001'' was not found.
        For more details please go to https://aka.ms/ARMResourceNotFoundFix"}}'
    headers:
      cache-control:
      - no-cache
      content-length:
      - '267'
      content-type:
      - application/json; charset=utf-8
      date:
      - Tue, 06 Sep 2022 20:18:43 GMT
      expires:
      - '-1'
      pragma:
      - no-cache
      strict-transport-security:
      - max-age=31536000; includeSubDomains
      x-content-type-options:
      - nosniff
      x-ms-failure-cause:
      - gateway
    status:
      code: 404
      message: Not Found
- request:
    body: null
    headers:
      Accept:
      - application/json
      Accept-Encoding:
      - gzip, deflate
      CommandName:
      - containerapp compose create
      Connection:
      - keep-alive
      ParameterSetName:
      - --compose-file-path --resource-group --environment --logs-workspace
      User-Agent:
      - AZURECLI/2.39.0 azsdk-python-azure-mgmt-resource/21.1.0b1 Python/3.8.13 (Linux-5.4.0-1089-azure-x86_64-with-glibc2.2.5)
    method: GET
    uri: https://management.azure.com/subscriptions/00000000-0000-0000-0000-000000000000/providers/Microsoft.App?api-version=2021-04-01
  response:
    body:
      string: '{"id":"/subscriptions/00000000-0000-0000-0000-000000000000/providers/Microsoft.App","namespace":"Microsoft.App","authorizations":[{"applicationId":"7e3bc4fd-85a3-4192-b177-5b8bfc87f42c","roleDefinitionId":"39a74f72-b40f-4bdc-b639-562fe2260bf0"},{"applicationId":"3734c1a4-2bed-4998-a37a-ff1a9e7bf019","roleDefinitionId":"5c779a4f-5cb2-4547-8c41-478d9be8ba90"}],"resourceTypes":[{"resourceType":"managedEnvironments","locations":["North
        Central US (Stage)","Canada Central","West Europe","North Europe","East US","East
        US 2","East Asia","Australia East","Germany West Central","Japan East","UK
        South","West US","Central US","North Central US","South Central US","Korea
        Central","Brazil South","West US 3","France Central","South Africa North","Norway
        East"],"apiVersions":["2022-06-01-preview","2022-03-01","2022-01-01-preview"],"capabilities":"CrossResourceGroupResourceMove,
        CrossSubscriptionResourceMove, SupportsTags, SupportsLocation"},{"resourceType":"managedEnvironments/certificates","locations":["North
        Central US (Stage)","Canada Central","West Europe","North Europe","East US","East
        US 2","East Asia","Australia East","Germany West Central","Japan East","UK
        South","West US","Central US","North Central US","South Central US","Korea
        Central","Brazil South","West US 3","France Central","South Africa North","Norway
        East"],"apiVersions":["2022-06-01-preview","2022-03-01","2022-01-01-preview"],"capabilities":"CrossResourceGroupResourceMove,
        CrossSubscriptionResourceMove, SupportsTags, SupportsLocation"},{"resourceType":"containerApps","locations":["North
        Central US (Stage)","Canada Central","West Europe","North Europe","East US","East
        US 2","East Asia","Australia East","Germany West Central","Japan East","UK
        South","West US","Central US","North Central US","South Central US","Korea
        Central","Brazil South","West US 3","France Central","South Africa North","Norway
        East"],"apiVersions":["2022-06-01-preview","2022-03-01","2022-01-01-preview"],"capabilities":"CrossResourceGroupResourceMove,
        CrossSubscriptionResourceMove, SystemAssignedResourceIdentity, SupportsTags,
        SupportsLocation"},{"resourceType":"locations","locations":[],"apiVersions":["2022-06-01-preview","2022-03-01","2022-01-01-preview"],"capabilities":"None"},{"resourceType":"locations/managedEnvironmentOperationResults","locations":["North
        Central US (Stage)","Canada Central","West Europe","North Europe","East US","East
        US 2","East Asia","Australia East","Germany West Central","Japan East","UK
        South","West US","Central US","North Central US","South Central US","Korea
        Central","Brazil South","West US 3","France Central","South Africa North","Norway
        East"],"apiVersions":["2022-06-01-preview","2022-03-01","2022-01-01-preview"],"capabilities":"None"},{"resourceType":"locations/managedEnvironmentOperationStatuses","locations":["North
        Central US (Stage)","Canada Central","West Europe","North Europe","East US","East
        US 2","East Asia","Australia East","Germany West Central","Japan East","UK
        South","West US","Central US","North Central US","South Central US","Korea
        Central","Brazil South","West US 3","France Central","South Africa North","Norway
        East"],"apiVersions":["2022-06-01-preview","2022-03-01","2022-01-01-preview"],"capabilities":"None"},{"resourceType":"locations/containerappOperationResults","locations":["North
        Central US (Stage)","Canada Central","West Europe","North Europe","East US","East
        US 2","East Asia","Australia East","Germany West Central","Japan East","UK
        South","West US","Central US","North Central US","South Central US","Korea
        Central","Brazil South","West US 3","France Central","South Africa North","Norway
        East"],"apiVersions":["2022-06-01-preview","2022-03-01","2022-01-01-preview"],"capabilities":"None"},{"resourceType":"locations/containerappOperationStatuses","locations":["North
        Central US (Stage)","Canada Central","West Europe","North Europe","East US","East
        US 2","East Asia","Australia East","Germany West Central","Japan East","UK
        South","West US","Central US","North Central US","South Central US","Korea
        Central","Brazil South","West US 3","France Central","South Africa North","Norway
        East"],"apiVersions":["2022-06-01-preview","2022-03-01","2022-01-01-preview"],"capabilities":"None"},{"resourceType":"operations","locations":["North
        Central US (Stage)","Central US EUAP","East US 2 EUAP","Canada Central","West
        Europe","North Europe","East US","East US 2","East Asia","Australia East","Germany
        West Central","Japan East","UK South","West US","Central US","North Central
        US","South Central US","Korea Central","Brazil South","West US 3","France
        Central","South Africa North","Norway East"],"apiVersions":["2022-06-01-preview","2022-03-01","2022-01-01-preview"],"capabilities":"None"},{"resourceType":"connectedEnvironments","locations":["North
        Central US (Stage)"],"apiVersions":["2022-06-01-preview"],"capabilities":"CrossResourceGroupResourceMove,
        CrossSubscriptionResourceMove, SupportsTags, SupportsLocation"},{"resourceType":"connectedEnvironments/certificates","locations":["North
        Central US (Stage)"],"apiVersions":["2022-06-01-preview"],"capabilities":"CrossResourceGroupResourceMove,
        CrossSubscriptionResourceMove, SupportsTags, SupportsLocation"},{"resourceType":"locations/connectedEnvironmentOperationResults","locations":["North
        Central US (Stage)"],"apiVersions":["2022-06-01-preview"],"capabilities":"None"},{"resourceType":"locations/connectedEnvironmentOperationStatuses","locations":["North
        Central US (Stage)"],"apiVersions":["2022-06-01-preview"],"capabilities":"None"}],"registrationState":"Registered","registrationPolicy":"RegistrationRequired"}'
    headers:
      cache-control:
      - no-cache
      content-length:
      - '5605'
      content-type:
      - application/json; charset=utf-8
      date:
      - Tue, 06 Sep 2022 20:18:43 GMT
      expires:
      - '-1'
      pragma:
      - no-cache
      strict-transport-security:
      - max-age=31536000; includeSubDomains
      vary:
      - Accept-Encoding
      x-content-type-options:
      - nosniff
    status:
      code: 200
      message: OK
- request:
    body: null
    headers:
      Accept:
      - '*/*'
      Accept-Encoding:
      - gzip, deflate
      CommandName:
      - containerapp compose create
      Connection:
      - keep-alive
      ParameterSetName:
      - --compose-file-path --resource-group --environment --logs-workspace
      User-Agent:
      - python/3.8.13 (Linux-5.4.0-1089-azure-x86_64-with-glibc2.2.5) AZURECLI/2.39.0
    method: GET
    uri: https://management.azure.com/subscriptions/00000000-0000-0000-0000-000000000000/providers/Microsoft.App/managedEnvironments?api-version=2022-03-01
  response:
    body:
      string: '{"value":[]}'
    headers:
      cache-control:
      - no-cache
      content-length:
      - '12'
      content-type:
      - application/json; charset=utf-8
      date:
      - Tue, 06 Sep 2022 20:18:43 GMT
      expires:
      - '-1'
      pragma:
      - no-cache
      strict-transport-security:
      - max-age=31536000; includeSubDomains
      vary:
      - Accept-Encoding
      x-content-type-options:
      - nosniff
    status:
      code: 200
      message: OK
- request:
    body: null
    headers:
      Accept:
      - application/json
      Accept-Encoding:
      - gzip, deflate
      CommandName:
      - containerapp compose create
      Connection:
      - keep-alive
      ParameterSetName:
      - --compose-file-path --resource-group --environment --logs-workspace
      User-Agent:
      - AZURECLI/2.39.0 azsdk-python-azure-mgmt-resource/21.1.0b1 Python/3.8.13 (Linux-5.4.0-1089-azure-x86_64-with-glibc2.2.5)
    method: GET
    uri: https://management.azure.com/subscriptions/00000000-0000-0000-0000-000000000000/providers/Microsoft.App?api-version=2021-04-01
  response:
    body:
      string: '{"id":"/subscriptions/00000000-0000-0000-0000-000000000000/providers/Microsoft.App","namespace":"Microsoft.App","authorizations":[{"applicationId":"7e3bc4fd-85a3-4192-b177-5b8bfc87f42c","roleDefinitionId":"39a74f72-b40f-4bdc-b639-562fe2260bf0"},{"applicationId":"3734c1a4-2bed-4998-a37a-ff1a9e7bf019","roleDefinitionId":"5c779a4f-5cb2-4547-8c41-478d9be8ba90"}],"resourceTypes":[{"resourceType":"managedEnvironments","locations":["North
        Central US (Stage)","Canada Central","West Europe","North Europe","East US","East
        US 2","East Asia","Australia East","Germany West Central","Japan East","UK
        South","West US","Central US","North Central US","South Central US","Korea
        Central","Brazil South","West US 3","France Central","South Africa North","Norway
        East"],"apiVersions":["2022-06-01-preview","2022-03-01","2022-01-01-preview"],"capabilities":"CrossResourceGroupResourceMove,
        CrossSubscriptionResourceMove, SupportsTags, SupportsLocation"},{"resourceType":"managedEnvironments/certificates","locations":["North
        Central US (Stage)","Canada Central","West Europe","North Europe","East US","East
        US 2","East Asia","Australia East","Germany West Central","Japan East","UK
        South","West US","Central US","North Central US","South Central US","Korea
        Central","Brazil South","West US 3","France Central","South Africa North","Norway
        East"],"apiVersions":["2022-06-01-preview","2022-03-01","2022-01-01-preview"],"capabilities":"CrossResourceGroupResourceMove,
        CrossSubscriptionResourceMove, SupportsTags, SupportsLocation"},{"resourceType":"containerApps","locations":["North
        Central US (Stage)","Canada Central","West Europe","North Europe","East US","East
        US 2","East Asia","Australia East","Germany West Central","Japan East","UK
        South","West US","Central US","North Central US","South Central US","Korea
        Central","Brazil South","West US 3","France Central","South Africa North","Norway
        East"],"apiVersions":["2022-06-01-preview","2022-03-01","2022-01-01-preview"],"capabilities":"CrossResourceGroupResourceMove,
        CrossSubscriptionResourceMove, SystemAssignedResourceIdentity, SupportsTags,
        SupportsLocation"},{"resourceType":"locations","locations":[],"apiVersions":["2022-06-01-preview","2022-03-01","2022-01-01-preview"],"capabilities":"None"},{"resourceType":"locations/managedEnvironmentOperationResults","locations":["North
        Central US (Stage)","Canada Central","West Europe","North Europe","East US","East
        US 2","East Asia","Australia East","Germany West Central","Japan East","UK
        South","West US","Central US","North Central US","South Central US","Korea
        Central","Brazil South","West US 3","France Central","South Africa North","Norway
        East"],"apiVersions":["2022-06-01-preview","2022-03-01","2022-01-01-preview"],"capabilities":"None"},{"resourceType":"locations/managedEnvironmentOperationStatuses","locations":["North
        Central US (Stage)","Canada Central","West Europe","North Europe","East US","East
        US 2","East Asia","Australia East","Germany West Central","Japan East","UK
        South","West US","Central US","North Central US","South Central US","Korea
        Central","Brazil South","West US 3","France Central","South Africa North","Norway
        East"],"apiVersions":["2022-06-01-preview","2022-03-01","2022-01-01-preview"],"capabilities":"None"},{"resourceType":"locations/containerappOperationResults","locations":["North
        Central US (Stage)","Canada Central","West Europe","North Europe","East US","East
        US 2","East Asia","Australia East","Germany West Central","Japan East","UK
        South","West US","Central US","North Central US","South Central US","Korea
        Central","Brazil South","West US 3","France Central","South Africa North","Norway
        East"],"apiVersions":["2022-06-01-preview","2022-03-01","2022-01-01-preview"],"capabilities":"None"},{"resourceType":"locations/containerappOperationStatuses","locations":["North
        Central US (Stage)","Canada Central","West Europe","North Europe","East US","East
        US 2","East Asia","Australia East","Germany West Central","Japan East","UK
        South","West US","Central US","North Central US","South Central US","Korea
        Central","Brazil South","West US 3","France Central","South Africa North","Norway
        East"],"apiVersions":["2022-06-01-preview","2022-03-01","2022-01-01-preview"],"capabilities":"None"},{"resourceType":"operations","locations":["North
        Central US (Stage)","Central US EUAP","East US 2 EUAP","Canada Central","West
        Europe","North Europe","East US","East US 2","East Asia","Australia East","Germany
        West Central","Japan East","UK South","West US","Central US","North Central
        US","South Central US","Korea Central","Brazil South","West US 3","France
        Central","South Africa North","Norway East"],"apiVersions":["2022-06-01-preview","2022-03-01","2022-01-01-preview"],"capabilities":"None"},{"resourceType":"connectedEnvironments","locations":["North
        Central US (Stage)"],"apiVersions":["2022-06-01-preview"],"capabilities":"CrossResourceGroupResourceMove,
        CrossSubscriptionResourceMove, SupportsTags, SupportsLocation"},{"resourceType":"connectedEnvironments/certificates","locations":["North
        Central US (Stage)"],"apiVersions":["2022-06-01-preview"],"capabilities":"CrossResourceGroupResourceMove,
        CrossSubscriptionResourceMove, SupportsTags, SupportsLocation"},{"resourceType":"locations/connectedEnvironmentOperationResults","locations":["North
        Central US (Stage)"],"apiVersions":["2022-06-01-preview"],"capabilities":"None"},{"resourceType":"locations/connectedEnvironmentOperationStatuses","locations":["North
        Central US (Stage)"],"apiVersions":["2022-06-01-preview"],"capabilities":"None"}],"registrationState":"Registered","registrationPolicy":"RegistrationRequired"}'
    headers:
      cache-control:
      - no-cache
      content-length:
      - '5605'
      content-type:
      - application/json; charset=utf-8
      date:
      - Tue, 06 Sep 2022 20:18:43 GMT
      expires:
      - '-1'
      pragma:
      - no-cache
      strict-transport-security:
      - max-age=31536000; includeSubDomains
      vary:
      - Accept-Encoding
      x-content-type-options:
      - nosniff
    status:
      code: 200
      message: OK
- request:
    body: null
    headers:
      Accept:
      - application/json
      Accept-Encoding:
      - gzip, deflate
      CommandName:
      - containerapp compose create
      Connection:
      - keep-alive
      ParameterSetName:
      - --compose-file-path --resource-group --environment --logs-workspace
      User-Agent:
      - AZURECLI/2.39.0 azsdk-python-azure-mgmt-resource/21.1.0b1 Python/3.8.13 (Linux-5.4.0-1089-azure-x86_64-with-glibc2.2.5)
    method: GET
    uri: https://management.azure.com/subscriptions/00000000-0000-0000-0000-000000000000/providers/Microsoft.App?api-version=2021-04-01
  response:
    body:
      string: '{"id":"/subscriptions/00000000-0000-0000-0000-000000000000/providers/Microsoft.App","namespace":"Microsoft.App","authorizations":[{"applicationId":"7e3bc4fd-85a3-4192-b177-5b8bfc87f42c","roleDefinitionId":"39a74f72-b40f-4bdc-b639-562fe2260bf0"},{"applicationId":"3734c1a4-2bed-4998-a37a-ff1a9e7bf019","roleDefinitionId":"5c779a4f-5cb2-4547-8c41-478d9be8ba90"}],"resourceTypes":[{"resourceType":"managedEnvironments","locations":["North
        Central US (Stage)","Canada Central","West Europe","North Europe","East US","East
        US 2","East Asia","Australia East","Germany West Central","Japan East","UK
        South","West US","Central US","North Central US","South Central US","Korea
        Central","Brazil South","West US 3","France Central","South Africa North","Norway
        East"],"apiVersions":["2022-06-01-preview","2022-03-01","2022-01-01-preview"],"capabilities":"CrossResourceGroupResourceMove,
        CrossSubscriptionResourceMove, SupportsTags, SupportsLocation"},{"resourceType":"managedEnvironments/certificates","locations":["North
        Central US (Stage)","Canada Central","West Europe","North Europe","East US","East
        US 2","East Asia","Australia East","Germany West Central","Japan East","UK
        South","West US","Central US","North Central US","South Central US","Korea
        Central","Brazil South","West US 3","France Central","South Africa North","Norway
        East"],"apiVersions":["2022-06-01-preview","2022-03-01","2022-01-01-preview"],"capabilities":"CrossResourceGroupResourceMove,
        CrossSubscriptionResourceMove, SupportsTags, SupportsLocation"},{"resourceType":"containerApps","locations":["North
        Central US (Stage)","Canada Central","West Europe","North Europe","East US","East
        US 2","East Asia","Australia East","Germany West Central","Japan East","UK
        South","West US","Central US","North Central US","South Central US","Korea
        Central","Brazil South","West US 3","France Central","South Africa North","Norway
        East"],"apiVersions":["2022-06-01-preview","2022-03-01","2022-01-01-preview"],"capabilities":"CrossResourceGroupResourceMove,
        CrossSubscriptionResourceMove, SystemAssignedResourceIdentity, SupportsTags,
        SupportsLocation"},{"resourceType":"locations","locations":[],"apiVersions":["2022-06-01-preview","2022-03-01","2022-01-01-preview"],"capabilities":"None"},{"resourceType":"locations/managedEnvironmentOperationResults","locations":["North
        Central US (Stage)","Canada Central","West Europe","North Europe","East US","East
        US 2","East Asia","Australia East","Germany West Central","Japan East","UK
        South","West US","Central US","North Central US","South Central US","Korea
        Central","Brazil South","West US 3","France Central","South Africa North","Norway
        East"],"apiVersions":["2022-06-01-preview","2022-03-01","2022-01-01-preview"],"capabilities":"None"},{"resourceType":"locations/managedEnvironmentOperationStatuses","locations":["North
        Central US (Stage)","Canada Central","West Europe","North Europe","East US","East
        US 2","East Asia","Australia East","Germany West Central","Japan East","UK
        South","West US","Central US","North Central US","South Central US","Korea
        Central","Brazil South","West US 3","France Central","South Africa North","Norway
        East"],"apiVersions":["2022-06-01-preview","2022-03-01","2022-01-01-preview"],"capabilities":"None"},{"resourceType":"locations/containerappOperationResults","locations":["North
        Central US (Stage)","Canada Central","West Europe","North Europe","East US","East
        US 2","East Asia","Australia East","Germany West Central","Japan East","UK
        South","West US","Central US","North Central US","South Central US","Korea
        Central","Brazil South","West US 3","France Central","South Africa North","Norway
        East"],"apiVersions":["2022-06-01-preview","2022-03-01","2022-01-01-preview"],"capabilities":"None"},{"resourceType":"locations/containerappOperationStatuses","locations":["North
        Central US (Stage)","Canada Central","West Europe","North Europe","East US","East
        US 2","East Asia","Australia East","Germany West Central","Japan East","UK
        South","West US","Central US","North Central US","South Central US","Korea
        Central","Brazil South","West US 3","France Central","South Africa North","Norway
        East"],"apiVersions":["2022-06-01-preview","2022-03-01","2022-01-01-preview"],"capabilities":"None"},{"resourceType":"operations","locations":["North
        Central US (Stage)","Central US EUAP","East US 2 EUAP","Canada Central","West
        Europe","North Europe","East US","East US 2","East Asia","Australia East","Germany
        West Central","Japan East","UK South","West US","Central US","North Central
        US","South Central US","Korea Central","Brazil South","West US 3","France
        Central","South Africa North","Norway East"],"apiVersions":["2022-06-01-preview","2022-03-01","2022-01-01-preview"],"capabilities":"None"},{"resourceType":"connectedEnvironments","locations":["North
        Central US (Stage)"],"apiVersions":["2022-06-01-preview"],"capabilities":"CrossResourceGroupResourceMove,
        CrossSubscriptionResourceMove, SupportsTags, SupportsLocation"},{"resourceType":"connectedEnvironments/certificates","locations":["North
        Central US (Stage)"],"apiVersions":["2022-06-01-preview"],"capabilities":"CrossResourceGroupResourceMove,
        CrossSubscriptionResourceMove, SupportsTags, SupportsLocation"},{"resourceType":"locations/connectedEnvironmentOperationResults","locations":["North
        Central US (Stage)"],"apiVersions":["2022-06-01-preview"],"capabilities":"None"},{"resourceType":"locations/connectedEnvironmentOperationStatuses","locations":["North
        Central US (Stage)"],"apiVersions":["2022-06-01-preview"],"capabilities":"None"}],"registrationState":"Registered","registrationPolicy":"RegistrationRequired"}'
    headers:
      cache-control:
      - no-cache
      content-length:
      - '5605'
      content-type:
      - application/json; charset=utf-8
      date:
      - Tue, 06 Sep 2022 20:18:43 GMT
      expires:
      - '-1'
      pragma:
      - no-cache
      strict-transport-security:
      - max-age=31536000; includeSubDomains
      vary:
      - Accept-Encoding
      x-content-type-options:
      - nosniff
    status:
      code: 200
      message: OK
- request:
    body: null
    headers:
      Accept:
      - application/json
      Accept-Encoding:
      - gzip, deflate
      CommandName:
      - containerapp compose create
      Connection:
      - keep-alive
      ParameterSetName:
      - --compose-file-path --resource-group --environment --logs-workspace
      User-Agent:
      - AZURECLI/2.39.0 azsdk-python-azure-mgmt-resource/21.1.0b1 Python/3.8.13 (Linux-5.4.0-1089-azure-x86_64-with-glibc2.2.5)
    method: GET
    uri: https://management.azure.com/subscriptions/00000000-0000-0000-0000-000000000000/providers/Microsoft.App?api-version=2021-04-01
  response:
    body:
      string: '{"id":"/subscriptions/00000000-0000-0000-0000-000000000000/providers/Microsoft.App","namespace":"Microsoft.App","authorizations":[{"applicationId":"7e3bc4fd-85a3-4192-b177-5b8bfc87f42c","roleDefinitionId":"39a74f72-b40f-4bdc-b639-562fe2260bf0"},{"applicationId":"3734c1a4-2bed-4998-a37a-ff1a9e7bf019","roleDefinitionId":"5c779a4f-5cb2-4547-8c41-478d9be8ba90"}],"resourceTypes":[{"resourceType":"managedEnvironments","locations":["North
        Central US (Stage)","Canada Central","West Europe","North Europe","East US","East
        US 2","East Asia","Australia East","Germany West Central","Japan East","UK
        South","West US","Central US","North Central US","South Central US","Korea
        Central","Brazil South","West US 3","France Central","South Africa North","Norway
        East"],"apiVersions":["2022-06-01-preview","2022-03-01","2022-01-01-preview"],"capabilities":"CrossResourceGroupResourceMove,
        CrossSubscriptionResourceMove, SupportsTags, SupportsLocation"},{"resourceType":"managedEnvironments/certificates","locations":["North
        Central US (Stage)","Canada Central","West Europe","North Europe","East US","East
        US 2","East Asia","Australia East","Germany West Central","Japan East","UK
        South","West US","Central US","North Central US","South Central US","Korea
        Central","Brazil South","West US 3","France Central","South Africa North","Norway
        East"],"apiVersions":["2022-06-01-preview","2022-03-01","2022-01-01-preview"],"capabilities":"CrossResourceGroupResourceMove,
        CrossSubscriptionResourceMove, SupportsTags, SupportsLocation"},{"resourceType":"containerApps","locations":["North
        Central US (Stage)","Canada Central","West Europe","North Europe","East US","East
        US 2","East Asia","Australia East","Germany West Central","Japan East","UK
        South","West US","Central US","North Central US","South Central US","Korea
        Central","Brazil South","West US 3","France Central","South Africa North","Norway
        East"],"apiVersions":["2022-06-01-preview","2022-03-01","2022-01-01-preview"],"capabilities":"CrossResourceGroupResourceMove,
        CrossSubscriptionResourceMove, SystemAssignedResourceIdentity, SupportsTags,
        SupportsLocation"},{"resourceType":"locations","locations":[],"apiVersions":["2022-06-01-preview","2022-03-01","2022-01-01-preview"],"capabilities":"None"},{"resourceType":"locations/managedEnvironmentOperationResults","locations":["North
        Central US (Stage)","Canada Central","West Europe","North Europe","East US","East
        US 2","East Asia","Australia East","Germany West Central","Japan East","UK
        South","West US","Central US","North Central US","South Central US","Korea
        Central","Brazil South","West US 3","France Central","South Africa North","Norway
        East"],"apiVersions":["2022-06-01-preview","2022-03-01","2022-01-01-preview"],"capabilities":"None"},{"resourceType":"locations/managedEnvironmentOperationStatuses","locations":["North
        Central US (Stage)","Canada Central","West Europe","North Europe","East US","East
        US 2","East Asia","Australia East","Germany West Central","Japan East","UK
        South","West US","Central US","North Central US","South Central US","Korea
        Central","Brazil South","West US 3","France Central","South Africa North","Norway
        East"],"apiVersions":["2022-06-01-preview","2022-03-01","2022-01-01-preview"],"capabilities":"None"},{"resourceType":"locations/containerappOperationResults","locations":["North
        Central US (Stage)","Canada Central","West Europe","North Europe","East US","East
        US 2","East Asia","Australia East","Germany West Central","Japan East","UK
        South","West US","Central US","North Central US","South Central US","Korea
        Central","Brazil South","West US 3","France Central","South Africa North","Norway
        East"],"apiVersions":["2022-06-01-preview","2022-03-01","2022-01-01-preview"],"capabilities":"None"},{"resourceType":"locations/containerappOperationStatuses","locations":["North
        Central US (Stage)","Canada Central","West Europe","North Europe","East US","East
        US 2","East Asia","Australia East","Germany West Central","Japan East","UK
        South","West US","Central US","North Central US","South Central US","Korea
        Central","Brazil South","West US 3","France Central","South Africa North","Norway
        East"],"apiVersions":["2022-06-01-preview","2022-03-01","2022-01-01-preview"],"capabilities":"None"},{"resourceType":"operations","locations":["North
        Central US (Stage)","Central US EUAP","East US 2 EUAP","Canada Central","West
        Europe","North Europe","East US","East US 2","East Asia","Australia East","Germany
        West Central","Japan East","UK South","West US","Central US","North Central
        US","South Central US","Korea Central","Brazil South","West US 3","France
        Central","South Africa North","Norway East"],"apiVersions":["2022-06-01-preview","2022-03-01","2022-01-01-preview"],"capabilities":"None"},{"resourceType":"connectedEnvironments","locations":["North
        Central US (Stage)"],"apiVersions":["2022-06-01-preview"],"capabilities":"CrossResourceGroupResourceMove,
        CrossSubscriptionResourceMove, SupportsTags, SupportsLocation"},{"resourceType":"connectedEnvironments/certificates","locations":["North
        Central US (Stage)"],"apiVersions":["2022-06-01-preview"],"capabilities":"CrossResourceGroupResourceMove,
        CrossSubscriptionResourceMove, SupportsTags, SupportsLocation"},{"resourceType":"locations/connectedEnvironmentOperationResults","locations":["North
        Central US (Stage)"],"apiVersions":["2022-06-01-preview"],"capabilities":"None"},{"resourceType":"locations/connectedEnvironmentOperationStatuses","locations":["North
        Central US (Stage)"],"apiVersions":["2022-06-01-preview"],"capabilities":"None"}],"registrationState":"Registered","registrationPolicy":"RegistrationRequired"}'
    headers:
      cache-control:
      - no-cache
      content-length:
      - '5605'
      content-type:
      - application/json; charset=utf-8
      date:
      - Tue, 06 Sep 2022 20:18:44 GMT
      expires:
      - '-1'
      pragma:
      - no-cache
      strict-transport-security:
      - max-age=31536000; includeSubDomains
      vary:
      - Accept-Encoding
      x-content-type-options:
      - nosniff
    status:
      code: 200
      message: OK
- request:
    body: null
    headers:
      Accept:
      - application/json
      Accept-Encoding:
      - gzip, deflate
      CommandName:
      - containerapp compose create
      Connection:
      - keep-alive
      ParameterSetName:
      - --compose-file-path --resource-group --environment --logs-workspace
      User-Agent:
      - AZURECLI/2.39.0 azsdk-python-azure-mgmt-resource/21.1.0b1 Python/3.8.13 (Linux-5.4.0-1089-azure-x86_64-with-glibc2.2.5)
    method: GET
    uri: https://management.azure.com/subscriptions/00000000-0000-0000-0000-000000000000/providers/Microsoft.App?api-version=2021-04-01
  response:
    body:
      string: '{"id":"/subscriptions/00000000-0000-0000-0000-000000000000/providers/Microsoft.App","namespace":"Microsoft.App","authorizations":[{"applicationId":"7e3bc4fd-85a3-4192-b177-5b8bfc87f42c","roleDefinitionId":"39a74f72-b40f-4bdc-b639-562fe2260bf0"},{"applicationId":"3734c1a4-2bed-4998-a37a-ff1a9e7bf019","roleDefinitionId":"5c779a4f-5cb2-4547-8c41-478d9be8ba90"}],"resourceTypes":[{"resourceType":"managedEnvironments","locations":["North
        Central US (Stage)","Canada Central","West Europe","North Europe","East US","East
        US 2","East Asia","Australia East","Germany West Central","Japan East","UK
        South","West US","Central US","North Central US","South Central US","Korea
        Central","Brazil South","West US 3","France Central","South Africa North","Norway
        East"],"apiVersions":["2022-06-01-preview","2022-03-01","2022-01-01-preview"],"capabilities":"CrossResourceGroupResourceMove,
        CrossSubscriptionResourceMove, SupportsTags, SupportsLocation"},{"resourceType":"managedEnvironments/certificates","locations":["North
        Central US (Stage)","Canada Central","West Europe","North Europe","East US","East
        US 2","East Asia","Australia East","Germany West Central","Japan East","UK
        South","West US","Central US","North Central US","South Central US","Korea
        Central","Brazil South","West US 3","France Central","South Africa North","Norway
        East"],"apiVersions":["2022-06-01-preview","2022-03-01","2022-01-01-preview"],"capabilities":"CrossResourceGroupResourceMove,
        CrossSubscriptionResourceMove, SupportsTags, SupportsLocation"},{"resourceType":"containerApps","locations":["North
        Central US (Stage)","Canada Central","West Europe","North Europe","East US","East
        US 2","East Asia","Australia East","Germany West Central","Japan East","UK
        South","West US","Central US","North Central US","South Central US","Korea
        Central","Brazil South","West US 3","France Central","South Africa North","Norway
        East"],"apiVersions":["2022-06-01-preview","2022-03-01","2022-01-01-preview"],"capabilities":"CrossResourceGroupResourceMove,
        CrossSubscriptionResourceMove, SystemAssignedResourceIdentity, SupportsTags,
        SupportsLocation"},{"resourceType":"locations","locations":[],"apiVersions":["2022-06-01-preview","2022-03-01","2022-01-01-preview"],"capabilities":"None"},{"resourceType":"locations/managedEnvironmentOperationResults","locations":["North
        Central US (Stage)","Canada Central","West Europe","North Europe","East US","East
        US 2","East Asia","Australia East","Germany West Central","Japan East","UK
        South","West US","Central US","North Central US","South Central US","Korea
        Central","Brazil South","West US 3","France Central","South Africa North","Norway
        East"],"apiVersions":["2022-06-01-preview","2022-03-01","2022-01-01-preview"],"capabilities":"None"},{"resourceType":"locations/managedEnvironmentOperationStatuses","locations":["North
        Central US (Stage)","Canada Central","West Europe","North Europe","East US","East
        US 2","East Asia","Australia East","Germany West Central","Japan East","UK
        South","West US","Central US","North Central US","South Central US","Korea
        Central","Brazil South","West US 3","France Central","South Africa North","Norway
        East"],"apiVersions":["2022-06-01-preview","2022-03-01","2022-01-01-preview"],"capabilities":"None"},{"resourceType":"locations/containerappOperationResults","locations":["North
        Central US (Stage)","Canada Central","West Europe","North Europe","East US","East
        US 2","East Asia","Australia East","Germany West Central","Japan East","UK
        South","West US","Central US","North Central US","South Central US","Korea
        Central","Brazil South","West US 3","France Central","South Africa North","Norway
        East"],"apiVersions":["2022-06-01-preview","2022-03-01","2022-01-01-preview"],"capabilities":"None"},{"resourceType":"locations/containerappOperationStatuses","locations":["North
        Central US (Stage)","Canada Central","West Europe","North Europe","East US","East
        US 2","East Asia","Australia East","Germany West Central","Japan East","UK
        South","West US","Central US","North Central US","South Central US","Korea
        Central","Brazil South","West US 3","France Central","South Africa North","Norway
        East"],"apiVersions":["2022-06-01-preview","2022-03-01","2022-01-01-preview"],"capabilities":"None"},{"resourceType":"operations","locations":["North
        Central US (Stage)","Central US EUAP","East US 2 EUAP","Canada Central","West
        Europe","North Europe","East US","East US 2","East Asia","Australia East","Germany
        West Central","Japan East","UK South","West US","Central US","North Central
        US","South Central US","Korea Central","Brazil South","West US 3","France
        Central","South Africa North","Norway East"],"apiVersions":["2022-06-01-preview","2022-03-01","2022-01-01-preview"],"capabilities":"None"},{"resourceType":"connectedEnvironments","locations":["North
        Central US (Stage)"],"apiVersions":["2022-06-01-preview"],"capabilities":"CrossResourceGroupResourceMove,
        CrossSubscriptionResourceMove, SupportsTags, SupportsLocation"},{"resourceType":"connectedEnvironments/certificates","locations":["North
        Central US (Stage)"],"apiVersions":["2022-06-01-preview"],"capabilities":"CrossResourceGroupResourceMove,
        CrossSubscriptionResourceMove, SupportsTags, SupportsLocation"},{"resourceType":"locations/connectedEnvironmentOperationResults","locations":["North
        Central US (Stage)"],"apiVersions":["2022-06-01-preview"],"capabilities":"None"},{"resourceType":"locations/connectedEnvironmentOperationStatuses","locations":["North
        Central US (Stage)"],"apiVersions":["2022-06-01-preview"],"capabilities":"None"}],"registrationState":"Registered","registrationPolicy":"RegistrationRequired"}'
    headers:
      cache-control:
      - no-cache
      content-length:
      - '5605'
      content-type:
      - application/json; charset=utf-8
      date:
      - Tue, 06 Sep 2022 20:18:44 GMT
      expires:
      - '-1'
      pragma:
      - no-cache
      strict-transport-security:
      - max-age=31536000; includeSubDomains
      vary:
      - Accept-Encoding
      x-content-type-options:
      - nosniff
    status:
      code: 200
      message: OK
- request:
    body: null
    headers:
      Accept:
      - application/json
      Accept-Encoding:
      - gzip, deflate
      CommandName:
      - containerapp compose create
      Connection:
      - keep-alive
      ParameterSetName:
      - --compose-file-path --resource-group --environment --logs-workspace
      User-Agent:
      - AZURECLI/2.39.0 azsdk-python-azure-mgmt-resource/21.1.0b1 Python/3.8.13 (Linux-5.4.0-1089-azure-x86_64-with-glibc2.2.5)
    method: GET
    uri: https://management.azure.com/subscriptions/00000000-0000-0000-0000-000000000000/providers/Microsoft.OperationalInsights?api-version=2021-04-01
  response:
    body:
      string: '{"id":"/subscriptions/00000000-0000-0000-0000-000000000000/providers/Microsoft.OperationalInsights","namespace":"Microsoft.OperationalInsights","authorizations":[{"applicationId":"d2a0a418-0aac-4541-82b2-b3142c89da77","roleDefinitionId":"86695298-2eb9-48a7-9ec3-2fdb38b6878b"},{"applicationId":"ca7f3f0b-7d91-482c-8e09-c5d840d0eac5","roleDefinitionId":"5d5a2e56-9835-44aa-93db-d2f19e155438"}],"resourceTypes":[{"resourceType":"workspaces","locations":["East
        US","West Europe","Southeast Asia","Australia Southeast","West Central US","Japan
        East","UK South","Central India","Canada Central","West US 2","Australia Central","Australia
        East","France Central","Korea Central","North Europe","Central US","East Asia","East
        US 2","South Central US","North Central US","West US","UK West","South Africa
        North","Brazil South","Switzerland North","Switzerland West","Germany West
        Central","Australia Central 2","UAE Central","UAE North","Japan West","Brazil
        Southeast","Norway East","Norway West","France South","South India","Jio India
        Central","Jio India West","Canada East","West US 3","Sweden Central","Korea
        South"],"apiVersions":["2022-10-01","2021-12-01-preview","2021-06-01","2021-03-01-privatepreview","2020-10-01","2020-08-01","2020-03-01-preview","2017-04-26-preview","2017-03-15-preview","2017-03-03-preview","2017-01-01-preview","2015-11-01-preview","2015-03-20"],"capabilities":"CrossResourceGroupResourceMove,
        CrossSubscriptionResourceMove, SystemAssignedResourceIdentity, SupportsTags,
        SupportsLocation"},{"resourceType":"querypacks","locations":["West Central
        US","East US","South Central US","North Europe","West Europe","Southeast Asia","West
        US 2","UK South","Canada Central","Central India","Japan East","Australia
        East","Korea Central","France Central","Central US","East US 2","East Asia","West
        US","South Africa North","North Central US","Brazil South","Switzerland North","Norway
        East","Australia Southeast","Australia Central 2","Germany West Central","Switzerland
        West","UAE Central","UK West","Brazil Southeast","Japan West","UAE North","Australia
        Central","France South","South India","Jio India Central","Jio India West","Canada
        East","West US 3","Sweden Central","Korea South"],"apiVersions":["2019-09-01-preview","2019-09-01"],"capabilities":"SupportsTags,
        SupportsLocation"},{"resourceType":"locations","locations":[],"apiVersions":["2020-10-01","2020-08-01","2020-03-01-preview","2019-08-01-preview","2017-04-26-preview","2017-03-15-preview","2017-03-03-preview","2017-01-01-preview","2015-11-01-preview","2015-03-20"],"defaultApiVersion":"2020-08-01","capabilities":"None"},{"resourceType":"locations/operationStatuses","locations":["East
        US","West Europe","Southeast Asia","Australia Southeast","West Central US","Japan
        East","UK South","Central India","Canada Central","West US 2","Australia Central","Australia
        East","France Central","Korea Central","North Europe","Central US","East Asia","East
        US 2","South Central US","North Central US","West US","UK West","South Africa
        North","Brazil South","Switzerland North","Switzerland West","Germany West
        Central","Australia Central 2","UAE Central","UAE North","Japan West","Brazil
        Southeast","Norway East","Norway West","France South","South India","Jio India
        Central","Jio India West","Canada East","West US 3","Sweden Central","Korea
        South"],"apiVersions":["2022-10-01","2021-12-01-preview","2020-10-01","2020-08-01","2020-03-01-preview","2019-08-01-preview","2017-04-26-preview","2017-03-15-preview","2017-03-03-preview","2017-01-01-preview","2015-11-01-preview","2015-03-20"],"defaultApiVersion":"2020-08-01","capabilities":"None"},{"resourceType":"workspaces/scopedPrivateLinkProxies","locations":["East
        US","West Europe","Southeast Asia","Australia Southeast","West Central US","Japan
        East","UK South","Central India","Canada Central","West US 2","Australia Central","Australia
        East","France Central","Korea Central","North Europe","Central US","East Asia","East
        US 2","South Central US","North Central US","West US","UK West","South Africa
        North","Brazil South","Switzerland North","Switzerland West","Germany West
        Central","Australia Central 2","UAE Central","UAE North","Japan West","Brazil
        Southeast","Norway East","Norway West","France South","South India","Jio India
        Central","Jio India West","Canada East","West US 3","Sweden Central","Korea
        South"],"apiVersions":["2020-03-01-preview","2019-08-01-preview","2015-11-01-preview"],"defaultApiVersion":"2020-03-01-preview","capabilities":"None"},{"resourceType":"workspaces/query","locations":[],"apiVersions":["2017-10-01"],"capabilities":"None"},{"resourceType":"workspaces/metadata","locations":[],"apiVersions":["2017-10-01"],"capabilities":"None"},{"resourceType":"workspaces/dataSources","locations":["East
        US","West Europe","Southeast Asia","Australia Southeast","West Central US","Japan
        East","UK South","Central India","Canada Central","West US 2","Australia Central","Australia
        East","France Central","Korea Central","North Europe","Central US","East Asia","East
        US 2","South Central US","North Central US","West US","UK West","South Africa
        North","Brazil South","Switzerland North","Switzerland West","Germany West
        Central","Australia Central 2","UAE Central","UAE North","Japan West","Brazil
        Southeast","Norway East","Norway West","France South","South India","Jio India
        Central","Jio India West","Canada East","West US 3","Sweden Central","Korea
        South"],"apiVersions":["2020-08-01","2020-03-01-preview","2015-11-01-preview"],"defaultApiVersion":"2020-08-01","capabilities":"None"},{"resourceType":"workspaces/linkedStorageAccounts","locations":["East
        US","West Europe","Southeast Asia","Australia Southeast","West Central US","Japan
        East","UK South","Central India","Canada Central","West US 2","Australia Central","Australia
        East","France Central","Korea Central","North Europe","Central US","East Asia","East
        US 2","South Central US","North Central US","West US","UK West","South Africa
        North","Brazil South","Switzerland North","Switzerland West","Germany West
        Central","Australia Central 2","UAE Central","UAE North","Japan West","Brazil
        Southeast","Norway East","Norway West","France South","South India","Jio India
        Central","Jio India West","Canada East","West US 3","Sweden Central","Korea
        South"],"apiVersions":["2020-08-01","2020-03-01-preview","2019-08-01-preview"],"defaultApiVersion":"2020-08-01","capabilities":"None"},{"resourceType":"workspaces/tables","locations":["East
        US","West Europe","Southeast Asia","Australia Southeast","West Central US","Japan
        East","UK South","Central India","Canada Central","West US 2","Australia East","Australia
        Central","France Central","Korea Central","North Europe","Central US","East
        Asia","East US 2","South Central US","North Central US","West US","UK West","South
        Africa North","Brazil South","Switzerland North","Switzerland West","Germany
        West Central","Australia Central 2","UAE Central","UAE North","Japan West","Brazil
        Southeast","Norway East","Norway West","France South","South India","Jio India
        Central","Jio India West","Canada East","West US 3","Sweden Central","Korea
        South"],"apiVersions":["2022-10-01","2021-12-01-preview","2020-08-01","2020-03-01-preview","2017-04-26-preview"],"capabilities":"None"},{"resourceType":"workspaces/storageInsightConfigs","locations":["East
        US","West Europe","Southeast Asia","Australia Southeast","West Central US","Japan
        East","UK South","Central India","Canada Central","West US 2","Australia East","Australia
        Central","France Central","Korea Central","North Europe","Central US","East
        Asia","East US 2","South Central US","North Central US","West US","UK West","South
        Africa North","Brazil South","Switzerland North","Switzerland West","Germany
        West Central","Australia Central 2","UAE Central","UAE North","Japan West","Brazil
        Southeast","Norway East","Norway West","France South","South India","Jio India
        Central","Jio India West","Canada East","West US 3","Sweden Central","Korea
        South"],"apiVersions":["2020-08-01","2020-03-01-preview","2017-04-26-preview","2017-03-15-preview","2017-03-03-preview","2017-01-01-preview","2015-11-01-preview","2015-03-20"],"capabilities":"None"},{"resourceType":"storageInsightConfigs","locations":[],"apiVersions":["2020-08-01","2020-03-01-preview","2014-10-10"],"capabilities":"SupportsExtension"},{"resourceType":"workspaces/linkedServices","locations":["East
        US","West Europe","Southeast Asia","Australia Southeast","West Central US","Japan
        East","UK South","Central India","Canada Central","West US 2","Australia Central","Australia
        East","France Central","Korea Central","North Europe","Central US","East Asia","East
        US 2","South Central US","North Central US","West US","UK West","South Africa
        North","Brazil South","Switzerland North","Switzerland West","Germany West
        Central","Australia Central 2","UAE Central","UAE North","Japan West","Brazil
        Southeast","Norway East","Norway West","France South","South India","Jio India
        Central","Jio India West","Canada East","West US 3","Sweden Central","Korea
        South"],"apiVersions":["2020-08-01","2020-03-01-preview","2019-08-01-preview","2015-11-01-preview"],"defaultApiVersion":"2020-08-01","capabilities":"None"},{"resourceType":"linkTargets","locations":["East
        US"],"apiVersions":["2020-03-01-preview","2015-03-20"],"capabilities":"None"},{"resourceType":"deletedWorkspaces","locations":["East
        US","West Europe","Southeast Asia","Australia Southeast","West Central US","Japan
        East","UK South","Central India","Canada Central","West US 2","Australia Central","Australia
        East","France Central","Korea Central","North Europe","Central US","East Asia","East
        US 2","South Central US","North Central US","West US","UK West","South Africa
        North","Brazil South","Switzerland North","Switzerland West","Germany West
        Central","Australia Central 2","UAE Central","UAE North","Japan West","Brazil
        Southeast","Norway East","Norway West","France South","South India","Jio India
        Central","Jio India West","Canada East","West US 3","Sweden Central","Korea
        South"],"apiVersions":["2021-12-01-preview","2020-10-01","2020-08-01","2020-03-01-preview"],"defaultApiVersion":"2020-08-01","capabilities":"None"},{"resourceType":"operations","locations":[],"apiVersions":["2022-10-01","2021-12-01-preview","2020-10-01","2020-08-01","2020-03-01-preview","2015-11-01-preview","2014-11-10"],"defaultApiVersion":"2020-08-01","capabilities":"None"},{"resourceType":"clusters","locations":["East
        US","West Europe","Southeast Asia","Australia Southeast","West Central US","Japan
        East","UK South","Central India","Canada Central","West US 2","Australia Central","Australia
        East","France Central","Korea Central","North Europe","Central US","East Asia","East
        US 2","South Central US","North Central US","West US","UK West","South Africa
        North","Switzerland North","Switzerland West","Germany West Central","Australia
        Central 2","UAE Central","Brazil South","UAE North","Japan West","Brazil Southeast","Norway
        East","Norway West","France South","South India","Jio India Central","Jio
        India West","Canada East","West US 3","Sweden Central","Korea South"],"apiVersions":["2021-06-01","2020-10-01","2020-08-01","2020-03-01-preview","2019-08-01-preview"],"defaultApiVersion":"2021-06-01","capabilities":"CrossResourceGroupResourceMove,
        CrossSubscriptionResourceMove, SystemAssignedResourceIdentity, SupportsTags,
        SupportsLocation"},{"resourceType":"workspaces/dataExports","locations":["East
        US","West Europe","Southeast Asia","Australia Southeast","West Central US","Japan
        East","UK South","Central India","Canada Central","West US 2","Australia Central","Australia
        East","France Central","Korea Central","North Europe","Central US","East Asia","East
        US 2","South Central US","North Central US","West US","UK West","South Africa
        North","Brazil South","Switzerland North","Switzerland West","Germany West
        Central","Australia Central 2","UAE Central","UAE North","Japan West","Brazil
        Southeast","Norway East","Norway West","France South","South India","Jio India
        Central","Jio India West","Canada East","West US 3","Sweden Central","Korea
        South"],"apiVersions":["2020-08-01","2020-03-01-preview","2019-08-01-preview"],"defaultApiVersion":"2020-08-01","capabilities":"None"}],"registrationState":"Registered","registrationPolicy":"RegistrationRequired"}'
    headers:
      cache-control:
      - no-cache
      content-length:
      - '12251'
      content-type:
      - application/json; charset=utf-8
      date:
      - Tue, 06 Sep 2022 20:18:43 GMT
      expires:
      - '-1'
      pragma:
      - no-cache
      strict-transport-security:
      - max-age=31536000; includeSubDomains
      vary:
      - Accept-Encoding
      x-content-type-options:
      - nosniff
    status:
      code: 200
      message: OK
- request:
    body: null
    headers:
      Accept:
      - application/json
      Accept-Encoding:
      - gzip, deflate
      CommandName:
      - containerapp compose create
      Connection:
      - keep-alive
      ParameterSetName:
      - --compose-file-path --resource-group --environment --logs-workspace
      User-Agent:
      - AZURECLI/2.39.0 azsdk-python-azure-mgmt-resource/21.1.0b1 Python/3.8.13 (Linux-5.4.0-1089-azure-x86_64-with-glibc2.2.5)
    method: GET
    uri: https://management.azure.com/subscriptions/00000000-0000-0000-0000-000000000000/providers/Microsoft.OperationalInsights?api-version=2021-04-01
  response:
    body:
      string: '{"id":"/subscriptions/00000000-0000-0000-0000-000000000000/providers/Microsoft.OperationalInsights","namespace":"Microsoft.OperationalInsights","authorizations":[{"applicationId":"d2a0a418-0aac-4541-82b2-b3142c89da77","roleDefinitionId":"86695298-2eb9-48a7-9ec3-2fdb38b6878b"},{"applicationId":"ca7f3f0b-7d91-482c-8e09-c5d840d0eac5","roleDefinitionId":"5d5a2e56-9835-44aa-93db-d2f19e155438"}],"resourceTypes":[{"resourceType":"workspaces","locations":["East
        US","West Europe","Southeast Asia","Australia Southeast","West Central US","Japan
        East","UK South","Central India","Canada Central","West US 2","Australia Central","Australia
        East","France Central","Korea Central","North Europe","Central US","East Asia","East
        US 2","South Central US","North Central US","West US","UK West","South Africa
        North","Brazil South","Switzerland North","Switzerland West","Germany West
        Central","Australia Central 2","UAE Central","UAE North","Japan West","Brazil
        Southeast","Norway East","Norway West","France South","South India","Jio India
        Central","Jio India West","Canada East","West US 3","Sweden Central","Korea
        South"],"apiVersions":["2022-10-01","2021-12-01-preview","2021-06-01","2021-03-01-privatepreview","2020-10-01","2020-08-01","2020-03-01-preview","2017-04-26-preview","2017-03-15-preview","2017-03-03-preview","2017-01-01-preview","2015-11-01-preview","2015-03-20"],"capabilities":"CrossResourceGroupResourceMove,
        CrossSubscriptionResourceMove, SystemAssignedResourceIdentity, SupportsTags,
        SupportsLocation"},{"resourceType":"querypacks","locations":["West Central
        US","East US","South Central US","North Europe","West Europe","Southeast Asia","West
        US 2","UK South","Canada Central","Central India","Japan East","Australia
        East","Korea Central","France Central","Central US","East US 2","East Asia","West
        US","South Africa North","North Central US","Brazil South","Switzerland North","Norway
        East","Australia Southeast","Australia Central 2","Germany West Central","Switzerland
        West","UAE Central","UK West","Brazil Southeast","Japan West","UAE North","Australia
        Central","France South","South India","Jio India Central","Jio India West","Canada
        East","West US 3","Sweden Central","Korea South"],"apiVersions":["2019-09-01-preview","2019-09-01"],"capabilities":"SupportsTags,
        SupportsLocation"},{"resourceType":"locations","locations":[],"apiVersions":["2020-10-01","2020-08-01","2020-03-01-preview","2019-08-01-preview","2017-04-26-preview","2017-03-15-preview","2017-03-03-preview","2017-01-01-preview","2015-11-01-preview","2015-03-20"],"defaultApiVersion":"2020-08-01","capabilities":"None"},{"resourceType":"locations/operationStatuses","locations":["East
        US","West Europe","Southeast Asia","Australia Southeast","West Central US","Japan
        East","UK South","Central India","Canada Central","West US 2","Australia Central","Australia
        East","France Central","Korea Central","North Europe","Central US","East Asia","East
        US 2","South Central US","North Central US","West US","UK West","South Africa
        North","Brazil South","Switzerland North","Switzerland West","Germany West
        Central","Australia Central 2","UAE Central","UAE North","Japan West","Brazil
        Southeast","Norway East","Norway West","France South","South India","Jio India
        Central","Jio India West","Canada East","West US 3","Sweden Central","Korea
        South"],"apiVersions":["2022-10-01","2021-12-01-preview","2020-10-01","2020-08-01","2020-03-01-preview","2019-08-01-preview","2017-04-26-preview","2017-03-15-preview","2017-03-03-preview","2017-01-01-preview","2015-11-01-preview","2015-03-20"],"defaultApiVersion":"2020-08-01","capabilities":"None"},{"resourceType":"workspaces/scopedPrivateLinkProxies","locations":["East
        US","West Europe","Southeast Asia","Australia Southeast","West Central US","Japan
        East","UK South","Central India","Canada Central","West US 2","Australia Central","Australia
        East","France Central","Korea Central","North Europe","Central US","East Asia","East
        US 2","South Central US","North Central US","West US","UK West","South Africa
        North","Brazil South","Switzerland North","Switzerland West","Germany West
        Central","Australia Central 2","UAE Central","UAE North","Japan West","Brazil
        Southeast","Norway East","Norway West","France South","South India","Jio India
        Central","Jio India West","Canada East","West US 3","Sweden Central","Korea
        South"],"apiVersions":["2020-03-01-preview","2019-08-01-preview","2015-11-01-preview"],"defaultApiVersion":"2020-03-01-preview","capabilities":"None"},{"resourceType":"workspaces/query","locations":[],"apiVersions":["2017-10-01"],"capabilities":"None"},{"resourceType":"workspaces/metadata","locations":[],"apiVersions":["2017-10-01"],"capabilities":"None"},{"resourceType":"workspaces/dataSources","locations":["East
        US","West Europe","Southeast Asia","Australia Southeast","West Central US","Japan
        East","UK South","Central India","Canada Central","West US 2","Australia Central","Australia
        East","France Central","Korea Central","North Europe","Central US","East Asia","East
        US 2","South Central US","North Central US","West US","UK West","South Africa
        North","Brazil South","Switzerland North","Switzerland West","Germany West
        Central","Australia Central 2","UAE Central","UAE North","Japan West","Brazil
        Southeast","Norway East","Norway West","France South","South India","Jio India
        Central","Jio India West","Canada East","West US 3","Sweden Central","Korea
        South"],"apiVersions":["2020-08-01","2020-03-01-preview","2015-11-01-preview"],"defaultApiVersion":"2020-08-01","capabilities":"None"},{"resourceType":"workspaces/linkedStorageAccounts","locations":["East
        US","West Europe","Southeast Asia","Australia Southeast","West Central US","Japan
        East","UK South","Central India","Canada Central","West US 2","Australia Central","Australia
        East","France Central","Korea Central","North Europe","Central US","East Asia","East
        US 2","South Central US","North Central US","West US","UK West","South Africa
        North","Brazil South","Switzerland North","Switzerland West","Germany West
        Central","Australia Central 2","UAE Central","UAE North","Japan West","Brazil
        Southeast","Norway East","Norway West","France South","South India","Jio India
        Central","Jio India West","Canada East","West US 3","Sweden Central","Korea
        South"],"apiVersions":["2020-08-01","2020-03-01-preview","2019-08-01-preview"],"defaultApiVersion":"2020-08-01","capabilities":"None"},{"resourceType":"workspaces/tables","locations":["East
        US","West Europe","Southeast Asia","Australia Southeast","West Central US","Japan
        East","UK South","Central India","Canada Central","West US 2","Australia East","Australia
        Central","France Central","Korea Central","North Europe","Central US","East
        Asia","East US 2","South Central US","North Central US","West US","UK West","South
        Africa North","Brazil South","Switzerland North","Switzerland West","Germany
        West Central","Australia Central 2","UAE Central","UAE North","Japan West","Brazil
        Southeast","Norway East","Norway West","France South","South India","Jio India
        Central","Jio India West","Canada East","West US 3","Sweden Central","Korea
        South"],"apiVersions":["2022-10-01","2021-12-01-preview","2020-08-01","2020-03-01-preview","2017-04-26-preview"],"capabilities":"None"},{"resourceType":"workspaces/storageInsightConfigs","locations":["East
        US","West Europe","Southeast Asia","Australia Southeast","West Central US","Japan
        East","UK South","Central India","Canada Central","West US 2","Australia East","Australia
        Central","France Central","Korea Central","North Europe","Central US","East
        Asia","East US 2","South Central US","North Central US","West US","UK West","South
        Africa North","Brazil South","Switzerland North","Switzerland West","Germany
        West Central","Australia Central 2","UAE Central","UAE North","Japan West","Brazil
        Southeast","Norway East","Norway West","France South","South India","Jio India
        Central","Jio India West","Canada East","West US 3","Sweden Central","Korea
        South"],"apiVersions":["2020-08-01","2020-03-01-preview","2017-04-26-preview","2017-03-15-preview","2017-03-03-preview","2017-01-01-preview","2015-11-01-preview","2015-03-20"],"capabilities":"None"},{"resourceType":"storageInsightConfigs","locations":[],"apiVersions":["2020-08-01","2020-03-01-preview","2014-10-10"],"capabilities":"SupportsExtension"},{"resourceType":"workspaces/linkedServices","locations":["East
        US","West Europe","Southeast Asia","Australia Southeast","West Central US","Japan
        East","UK South","Central India","Canada Central","West US 2","Australia Central","Australia
        East","France Central","Korea Central","North Europe","Central US","East Asia","East
        US 2","South Central US","North Central US","West US","UK West","South Africa
        North","Brazil South","Switzerland North","Switzerland West","Germany West
        Central","Australia Central 2","UAE Central","UAE North","Japan West","Brazil
        Southeast","Norway East","Norway West","France South","South India","Jio India
        Central","Jio India West","Canada East","West US 3","Sweden Central","Korea
        South"],"apiVersions":["2020-08-01","2020-03-01-preview","2019-08-01-preview","2015-11-01-preview"],"defaultApiVersion":"2020-08-01","capabilities":"None"},{"resourceType":"linkTargets","locations":["East
        US"],"apiVersions":["2020-03-01-preview","2015-03-20"],"capabilities":"None"},{"resourceType":"deletedWorkspaces","locations":["East
        US","West Europe","Southeast Asia","Australia Southeast","West Central US","Japan
        East","UK South","Central India","Canada Central","West US 2","Australia Central","Australia
        East","France Central","Korea Central","North Europe","Central US","East Asia","East
        US 2","South Central US","North Central US","West US","UK West","South Africa
        North","Brazil South","Switzerland North","Switzerland West","Germany West
        Central","Australia Central 2","UAE Central","UAE North","Japan West","Brazil
        Southeast","Norway East","Norway West","France South","South India","Jio India
        Central","Jio India West","Canada East","West US 3","Sweden Central","Korea
        South"],"apiVersions":["2021-12-01-preview","2020-10-01","2020-08-01","2020-03-01-preview"],"defaultApiVersion":"2020-08-01","capabilities":"None"},{"resourceType":"operations","locations":[],"apiVersions":["2022-10-01","2021-12-01-preview","2020-10-01","2020-08-01","2020-03-01-preview","2015-11-01-preview","2014-11-10"],"defaultApiVersion":"2020-08-01","capabilities":"None"},{"resourceType":"clusters","locations":["East
        US","West Europe","Southeast Asia","Australia Southeast","West Central US","Japan
        East","UK South","Central India","Canada Central","West US 2","Australia Central","Australia
        East","France Central","Korea Central","North Europe","Central US","East Asia","East
        US 2","South Central US","North Central US","West US","UK West","South Africa
        North","Switzerland North","Switzerland West","Germany West Central","Australia
        Central 2","UAE Central","Brazil South","UAE North","Japan West","Brazil Southeast","Norway
        East","Norway West","France South","South India","Jio India Central","Jio
        India West","Canada East","West US 3","Sweden Central","Korea South"],"apiVersions":["2021-06-01","2020-10-01","2020-08-01","2020-03-01-preview","2019-08-01-preview"],"defaultApiVersion":"2021-06-01","capabilities":"CrossResourceGroupResourceMove,
        CrossSubscriptionResourceMove, SystemAssignedResourceIdentity, SupportsTags,
        SupportsLocation"},{"resourceType":"workspaces/dataExports","locations":["East
        US","West Europe","Southeast Asia","Australia Southeast","West Central US","Japan
        East","UK South","Central India","Canada Central","West US 2","Australia Central","Australia
        East","France Central","Korea Central","North Europe","Central US","East Asia","East
        US 2","South Central US","North Central US","West US","UK West","South Africa
        North","Brazil South","Switzerland North","Switzerland West","Germany West
        Central","Australia Central 2","UAE Central","UAE North","Japan West","Brazil
        Southeast","Norway East","Norway West","France South","South India","Jio India
        Central","Jio India West","Canada East","West US 3","Sweden Central","Korea
        South"],"apiVersions":["2020-08-01","2020-03-01-preview","2019-08-01-preview"],"defaultApiVersion":"2020-08-01","capabilities":"None"}],"registrationState":"Registered","registrationPolicy":"RegistrationRequired"}'
    headers:
      cache-control:
      - no-cache
      content-length:
      - '12251'
      content-type:
      - application/json; charset=utf-8
      date:
      - Tue, 06 Sep 2022 20:18:44 GMT
      expires:
      - '-1'
      pragma:
      - no-cache
      strict-transport-security:
      - max-age=31536000; includeSubDomains
      vary:
      - Accept-Encoding
      x-content-type-options:
      - nosniff
    status:
      code: 200
      message: OK
- request:
    body: '{"location": "eastus", "properties": {"publicNetworkAccessForIngestion":
      "Enabled", "publicNetworkAccessForQuery": "Enabled"}}'
    headers:
      Accept:
      - application/json
      Accept-Encoding:
      - gzip, deflate
      CommandName:
      - containerapp compose create
      Connection:
      - keep-alive
      Content-Length:
      - '126'
      Content-Type:
      - application/json
      ParameterSetName:
      - --compose-file-path --resource-group --environment --logs-workspace
      User-Agent:
      - AZURECLI/2.39.0 azsdk-python-mgmt-loganalytics/13.0.0b4 Python/3.8.13 (Linux-5.4.0-1089-azure-x86_64-with-glibc2.2.5)
    method: PUT
    uri: https://management.azure.com/subscriptions/00000000-0000-0000-0000-000000000000/resourcegroups/cli_test_containerapp_preview000001/providers/Microsoft.OperationalInsights/workspaces/containerapp-compose000003?api-version=2021-12-01-preview
  response:
    body:
      string: "{\r\n  \"properties\": {\r\n    \"source\": \"Azure\",\r\n    \"customerId\":
        \"18d4c4e7-652e-47ec-add5-5401d1b1d9a8\",\r\n    \"provisioningState\": \"Creating\",\r\n
        \   \"sku\": {\r\n      \"name\": \"pergb2018\",\r\n      \"lastSkuUpdate\":
        \"Tue, 06 Sep 2022 20:18:46 GMT\"\r\n    },\r\n    \"retentionInDays\": 30,\r\n
        \   \"features\": {\r\n      \"legacy\": 0,\r\n      \"searchVersion\": 1,\r\n
        \     \"enableLogAccessUsingOnlyResourcePermissions\": true\r\n    },\r\n
        \   \"workspaceCapping\": {\r\n      \"dailyQuotaGb\": -1.0,\r\n      \"quotaNextResetTime\":
        \"Wed, 07 Sep 2022 20:00:00 GMT\",\r\n      \"dataIngestionStatus\": \"RespectQuota\"\r\n
        \   },\r\n    \"publicNetworkAccessForIngestion\": \"Enabled\",\r\n    \"publicNetworkAccessForQuery\":
        \"Enabled\",\r\n    \"createdDate\": \"Tue, 06 Sep 2022 20:18:46 GMT\",\r\n
        \   \"modifiedDate\": \"Tue, 06 Sep 2022 20:18:46 GMT\"\r\n  },\r\n  \"id\":
        \"/subscriptions/00000000-0000-0000-0000-000000000000/resourcegroups/cli_test_containerapp_preview000001/providers/microsoft.operationalinsights/workspaces/containerapp-compose000003\",\r\n
        \ \"name\": \"containerapp-compose000003\",\r\n  \"type\": \"Microsoft.OperationalInsights/workspaces\",\r\n
        \ \"location\": \"eastus\"\r\n}"
    headers:
      access-control-allow-origin:
      - '*'
      cache-control:
      - no-cache
      content-length:
      - '1105'
      content-type:
      - application/json
      date:
      - Tue, 06 Sep 2022 20:18:45 GMT
      pragma:
      - no-cache
      request-context:
      - appId=cid-v1:e6336c63-aab2-45f0-996a-e5dbab2a1508
      server:
      - Microsoft-IIS/10.0
      strict-transport-security:
      - max-age=31536000; includeSubDomains
      x-content-type-options:
      - nosniff
      x-ms-ratelimit-remaining-subscription-writes:
      - '1199'
      x-powered-by:
      - ASP.NET
      - ASP.NET
    status:
      code: 201
      message: Created
- request:
    body: null
    headers:
      Accept:
      - '*/*'
      Accept-Encoding:
      - gzip, deflate
      CommandName:
      - containerapp compose create
      Connection:
      - keep-alive
      ParameterSetName:
      - --compose-file-path --resource-group --environment --logs-workspace
      User-Agent:
      - AZURECLI/2.39.0 azsdk-python-mgmt-loganalytics/13.0.0b4 Python/3.8.13 (Linux-5.4.0-1089-azure-x86_64-with-glibc2.2.5)
    method: GET
    uri: https://management.azure.com/subscriptions/00000000-0000-0000-0000-000000000000/resourcegroups/cli_test_containerapp_preview000001/providers/Microsoft.OperationalInsights/workspaces/containerapp-compose000003?api-version=2021-12-01-preview
  response:
    body:
      string: "{\r\n  \"properties\": {\r\n    \"source\": \"Azure\",\r\n    \"customerId\":
        \"18d4c4e7-652e-47ec-add5-5401d1b1d9a8\",\r\n    \"provisioningState\": \"Succeeded\",\r\n
        \   \"sku\": {\r\n      \"name\": \"pergb2018\",\r\n      \"lastSkuUpdate\":
        \"Tue, 06 Sep 2022 20:18:46 GMT\"\r\n    },\r\n    \"retentionInDays\": 30,\r\n
        \   \"features\": {\r\n      \"legacy\": 0,\r\n      \"searchVersion\": 1,\r\n
        \     \"enableLogAccessUsingOnlyResourcePermissions\": true\r\n    },\r\n
        \   \"workspaceCapping\": {\r\n      \"dailyQuotaGb\": -1.0,\r\n      \"quotaNextResetTime\":
        \"Wed, 07 Sep 2022 20:00:00 GMT\",\r\n      \"dataIngestionStatus\": \"RespectQuota\"\r\n
        \   },\r\n    \"publicNetworkAccessForIngestion\": \"Enabled\",\r\n    \"publicNetworkAccessForQuery\":
        \"Enabled\",\r\n    \"createdDate\": \"Tue, 06 Sep 2022 20:18:46 GMT\",\r\n
        \   \"modifiedDate\": \"Tue, 06 Sep 2022 20:18:47 GMT\"\r\n  },\r\n  \"id\":
        \"/subscriptions/00000000-0000-0000-0000-000000000000/resourcegroups/cli_test_containerapp_preview000001/providers/microsoft.operationalinsights/workspaces/containerapp-compose000003\",\r\n
        \ \"name\": \"containerapp-compose000003\",\r\n  \"type\": \"Microsoft.OperationalInsights/workspaces\",\r\n
        \ \"location\": \"eastus\"\r\n}"
    headers:
      access-control-allow-origin:
      - '*'
      cache-control:
      - no-cache
      content-length:
      - '1106'
      content-type:
      - application/json
      date:
      - Tue, 06 Sep 2022 20:19:16 GMT
      pragma:
      - no-cache
      request-context:
      - appId=cid-v1:e6336c63-aab2-45f0-996a-e5dbab2a1508
      server:
      - Microsoft-IIS/10.0
      strict-transport-security:
      - max-age=31536000; includeSubDomains
      transfer-encoding:
      - chunked
      vary:
      - Accept-Encoding,Accept-Encoding
      x-content-type-options:
      - nosniff
      x-powered-by:
      - ASP.NET
      - ASP.NET
    status:
      code: 200
      message: OK
- request:
    body: null
    headers:
      Accept:
      - application/json
      Accept-Encoding:
      - gzip, deflate
      CommandName:
      - containerapp compose create
      Connection:
      - keep-alive
      Content-Length:
      - '0'
      ParameterSetName:
      - --compose-file-path --resource-group --environment --logs-workspace
      User-Agent:
      - AZURECLI/2.39.0 azsdk-python-mgmt-loganalytics/13.0.0b4 Python/3.8.13 (Linux-5.4.0-1089-azure-x86_64-with-glibc2.2.5)
    method: POST
    uri: https://management.azure.com/subscriptions/00000000-0000-0000-0000-000000000000/resourcegroups/cli_test_containerapp_preview000001/providers/Microsoft.OperationalInsights/workspaces/containerapp-compose000003/sharedKeys?api-version=2020-08-01
  response:
    body:
      string: "{\r\n  \"primarySharedKey\": \"506cPD24UwhwVibMrTTGRKeSjxVp9KAmAvT6urm6BdOUSBBroNPsg3Gu3HLyqO1KQqBP4dwdQ5ICNY8brYPQEw==\",\r\n
        \ \"secondarySharedKey\": \"ESgrOey0GnOuP0sJP5ke3+QPbpV3zTuMHDNHmvMxDObMo3ERC+72PMVgrj1lSvyl1ztVQJgK4GR4aBhczNLO/A==\"\r\n}"
    headers:
      access-control-allow-origin:
      - '*'
      cache-control:
      - no-cache
      cachecontrol:
      - no-cache
      content-length:
      - '235'
      content-type:
      - application/json; charset=utf-8
      date:
      - Tue, 06 Sep 2022 20:19:16 GMT
      expires:
      - '-1'
      pragma:
      - no-cache
      request-context:
      - appId=cid-v1:e6336c63-aab2-45f0-996a-e5dbab2a1508
      server:
      - Microsoft-IIS/10.0
      strict-transport-security:
      - max-age=31536000; includeSubDomains
      transfer-encoding:
      - chunked
      vary:
      - Accept-Encoding
      x-ams-apiversion:
      - WebAPI1.0
      x-content-type-options:
      - nosniff
      x-ms-ratelimit-remaining-subscription-writes:
      - '1199'
      x-powered-by:
      - ASP.NET
      - ASP.NET
    status:
      code: 200
      message: OK
- request:
    body: '{"location": "eastus", "tags": null, "properties": {"daprAIInstrumentationKey":
      null, "vnetConfiguration": null, "internalLoadBalancerEnabled": null, "appLogsConfiguration":
      {"destination": "log-analytics", "logAnalyticsConfiguration": {"customerId":
      "18d4c4e7-652e-47ec-add5-5401d1b1d9a8", "sharedKey": "506cPD24UwhwVibMrTTGRKeSjxVp9KAmAvT6urm6BdOUSBBroNPsg3Gu3HLyqO1KQqBP4dwdQ5ICNY8brYPQEw=="}},
      "zoneRedundant": false}}'
    headers:
      Accept:
      - '*/*'
      Accept-Encoding:
      - gzip, deflate
      CommandName:
      - containerapp compose create
      Connection:
      - keep-alive
      Content-Length:
      - '422'
      Content-Type:
      - application/json
      ParameterSetName:
      - --compose-file-path --resource-group --environment --logs-workspace
      User-Agent:
      - python/3.8.13 (Linux-5.4.0-1089-azure-x86_64-with-glibc2.2.5) AZURECLI/2.39.0
    method: PUT
    uri: https://management.azure.com/subscriptions/00000000-0000-0000-0000-000000000000/resourceGroups/cli_test_containerapp_preview000001/providers/Microsoft.App/managedEnvironments/containerapp-compose000002?api-version=2022-03-01
  response:
    body:
      string: '{"id":"/subscriptions/00000000-0000-0000-0000-000000000000/resourceGroups/cli_test_containerapp_preview000001/providers/Microsoft.App/managedEnvironments/containerapp-compose000002","name":"containerapp-compose000002","type":"Microsoft.App/managedEnvironments","location":"eastus","systemData":{"createdBy":"stmuraws@microsoft.com","createdByType":"User","createdAt":"2022-09-06T20:19:17.903436Z","lastModifiedBy":"stmuraws@microsoft.com","lastModifiedByType":"User","lastModifiedAt":"2022-09-06T20:19:17.903436Z"},"properties":{"provisioningState":"Waiting","defaultDomain":"ambitioustree-2a789af4.eastus.azurecontainerapps.io","staticIp":"52.224.22.16","appLogsConfiguration":{"destination":"log-analytics","logAnalyticsConfiguration":{"customerId":"18d4c4e7-652e-47ec-add5-5401d1b1d9a8"}},"zoneRedundant":false}}'
    headers:
      api-supported-versions:
      - 2022-01-01-preview, 2022-03-01, 2022-05-01, 2022-06-01-preview
      azure-asyncoperation:
      - https://management.azure.com/subscriptions/00000000-0000-0000-0000-000000000000/providers/Microsoft.App/locations/eastus/managedEnvironmentOperationStatuses/ecf44e38-b407-4e37-ba1e-6cd1ed886040?api-version=2022-03-01&azureAsyncOperation=true
      cache-control:
      - no-cache
      content-length:
      - '815'
      content-type:
      - application/json; charset=utf-8
      date:
      - Tue, 06 Sep 2022 20:19:18 GMT
      expires:
      - '-1'
      pragma:
      - no-cache
      server:
      - Microsoft-IIS/10.0
      strict-transport-security:
      - max-age=31536000; includeSubDomains
      x-content-type-options:
      - nosniff
      x-ms-async-operation-timeout:
      - PT15M
      x-ms-ratelimit-remaining-subscription-resource-requests:
      - '99'
      x-powered-by:
      - ASP.NET
    status:
      code: 201
      message: Created
- request:
    body: null
    headers:
      Accept:
      - '*/*'
      Accept-Encoding:
      - gzip, deflate
      CommandName:
      - containerapp compose create
      Connection:
      - keep-alive
      ParameterSetName:
      - --compose-file-path --resource-group --environment --logs-workspace
      User-Agent:
      - python/3.8.13 (Linux-5.4.0-1089-azure-x86_64-with-glibc2.2.5) AZURECLI/2.39.0
    method: GET
    uri: https://management.azure.com/subscriptions/00000000-0000-0000-0000-000000000000/resourceGroups/cli_test_containerapp_preview000001/providers/Microsoft.App/managedEnvironments/containerapp-compose000002?api-version=2022-03-01
  response:
    body:
      string: '{"id":"/subscriptions/00000000-0000-0000-0000-000000000000/resourceGroups/cli_test_containerapp_preview000001/providers/Microsoft.App/managedEnvironments/containerapp-compose000002","name":"containerapp-compose000002","type":"Microsoft.App/managedEnvironments","location":"eastus","systemData":{"createdBy":"stmuraws@microsoft.com","createdByType":"User","createdAt":"2022-09-06T20:19:17.903436","lastModifiedBy":"stmuraws@microsoft.com","lastModifiedByType":"User","lastModifiedAt":"2022-09-06T20:19:17.903436"},"properties":{"provisioningState":"Waiting","defaultDomain":"ambitioustree-2a789af4.eastus.azurecontainerapps.io","staticIp":"52.224.22.16","appLogsConfiguration":{"destination":"log-analytics","logAnalyticsConfiguration":{"customerId":"18d4c4e7-652e-47ec-add5-5401d1b1d9a8"}},"zoneRedundant":false}}'
    headers:
      api-supported-versions:
      - 2022-01-01-preview, 2022-03-01, 2022-05-01, 2022-06-01-preview
      cache-control:
      - no-cache
      content-length:
      - '813'
      content-type:
      - application/json; charset=utf-8
      date:
      - Tue, 06 Sep 2022 20:19:18 GMT
      expires:
      - '-1'
      pragma:
      - no-cache
      server:
      - Microsoft-IIS/10.0
      strict-transport-security:
      - max-age=31536000; includeSubDomains
      transfer-encoding:
      - chunked
      vary:
      - Accept-Encoding,Accept-Encoding
      x-content-type-options:
      - nosniff
      x-powered-by:
      - ASP.NET
    status:
      code: 200
      message: OK
- request:
    body: null
    headers:
      Accept:
      - '*/*'
      Accept-Encoding:
      - gzip, deflate
      CommandName:
      - containerapp compose create
      Connection:
      - keep-alive
      ParameterSetName:
      - --compose-file-path --resource-group --environment --logs-workspace
      User-Agent:
      - python/3.8.13 (Linux-5.4.0-1089-azure-x86_64-with-glibc2.2.5) AZURECLI/2.39.0
    method: GET
    uri: https://management.azure.com/subscriptions/00000000-0000-0000-0000-000000000000/resourceGroups/cli_test_containerapp_preview000001/providers/Microsoft.App/managedEnvironments/containerapp-compose000002?api-version=2022-03-01
  response:
    body:
      string: '{"id":"/subscriptions/00000000-0000-0000-0000-000000000000/resourceGroups/cli_test_containerapp_preview000001/providers/Microsoft.App/managedEnvironments/containerapp-compose000002","name":"containerapp-compose000002","type":"Microsoft.App/managedEnvironments","location":"eastus","systemData":{"createdBy":"stmuraws@microsoft.com","createdByType":"User","createdAt":"2022-09-06T20:19:17.903436","lastModifiedBy":"stmuraws@microsoft.com","lastModifiedByType":"User","lastModifiedAt":"2022-09-06T20:19:17.903436"},"properties":{"provisioningState":"Waiting","defaultDomain":"ambitioustree-2a789af4.eastus.azurecontainerapps.io","staticIp":"52.224.22.16","appLogsConfiguration":{"destination":"log-analytics","logAnalyticsConfiguration":{"customerId":"18d4c4e7-652e-47ec-add5-5401d1b1d9a8"}},"zoneRedundant":false}}'
    headers:
      api-supported-versions:
      - 2022-01-01-preview, 2022-03-01, 2022-05-01, 2022-06-01-preview
      cache-control:
      - no-cache
      content-length:
      - '813'
      content-type:
      - application/json; charset=utf-8
      date:
      - Tue, 06 Sep 2022 20:19:21 GMT
      expires:
      - '-1'
      pragma:
      - no-cache
      server:
      - Microsoft-IIS/10.0
      strict-transport-security:
      - max-age=31536000; includeSubDomains
      transfer-encoding:
      - chunked
      vary:
      - Accept-Encoding,Accept-Encoding
      x-content-type-options:
      - nosniff
      x-powered-by:
      - ASP.NET
    status:
      code: 200
      message: OK
- request:
    body: null
    headers:
      Accept:
      - '*/*'
      Accept-Encoding:
      - gzip, deflate
      CommandName:
      - containerapp compose create
      Connection:
      - keep-alive
      ParameterSetName:
      - --compose-file-path --resource-group --environment --logs-workspace
      User-Agent:
      - python/3.8.13 (Linux-5.4.0-1089-azure-x86_64-with-glibc2.2.5) AZURECLI/2.39.0
    method: GET
    uri: https://management.azure.com/subscriptions/00000000-0000-0000-0000-000000000000/resourceGroups/cli_test_containerapp_preview000001/providers/Microsoft.App/managedEnvironments/containerapp-compose000002?api-version=2022-03-01
  response:
    body:
      string: '{"id":"/subscriptions/00000000-0000-0000-0000-000000000000/resourceGroups/cli_test_containerapp_preview000001/providers/Microsoft.App/managedEnvironments/containerapp-compose000002","name":"containerapp-compose000002","type":"Microsoft.App/managedEnvironments","location":"eastus","systemData":{"createdBy":"stmuraws@microsoft.com","createdByType":"User","createdAt":"2022-09-06T20:19:17.903436","lastModifiedBy":"stmuraws@microsoft.com","lastModifiedByType":"User","lastModifiedAt":"2022-09-06T20:19:17.903436"},"properties":{"provisioningState":"Waiting","defaultDomain":"ambitioustree-2a789af4.eastus.azurecontainerapps.io","staticIp":"52.224.22.16","appLogsConfiguration":{"destination":"log-analytics","logAnalyticsConfiguration":{"customerId":"18d4c4e7-652e-47ec-add5-5401d1b1d9a8"}},"zoneRedundant":false}}'
    headers:
      api-supported-versions:
      - 2022-01-01-preview, 2022-03-01, 2022-05-01, 2022-06-01-preview
      cache-control:
      - no-cache
      content-length:
      - '813'
      content-type:
      - application/json; charset=utf-8
      date:
      - Tue, 06 Sep 2022 20:19:23 GMT
      expires:
      - '-1'
      pragma:
      - no-cache
      server:
      - Microsoft-IIS/10.0
      strict-transport-security:
      - max-age=31536000; includeSubDomains
      transfer-encoding:
      - chunked
      vary:
      - Accept-Encoding,Accept-Encoding
      x-content-type-options:
      - nosniff
      x-powered-by:
      - ASP.NET
    status:
      code: 200
      message: OK
- request:
    body: null
    headers:
      Accept:
      - '*/*'
      Accept-Encoding:
      - gzip, deflate
      CommandName:
      - containerapp compose create
      Connection:
      - keep-alive
      ParameterSetName:
      - --compose-file-path --resource-group --environment --logs-workspace
      User-Agent:
      - python/3.8.13 (Linux-5.4.0-1089-azure-x86_64-with-glibc2.2.5) AZURECLI/2.39.0
    method: GET
    uri: https://management.azure.com/subscriptions/00000000-0000-0000-0000-000000000000/resourceGroups/cli_test_containerapp_preview000001/providers/Microsoft.App/managedEnvironments/containerapp-compose000002?api-version=2022-03-01
  response:
    body:
      string: '{"id":"/subscriptions/00000000-0000-0000-0000-000000000000/resourceGroups/cli_test_containerapp_preview000001/providers/Microsoft.App/managedEnvironments/containerapp-compose000002","name":"containerapp-compose000002","type":"Microsoft.App/managedEnvironments","location":"eastus","systemData":{"createdBy":"stmuraws@microsoft.com","createdByType":"User","createdAt":"2022-09-06T20:19:17.903436","lastModifiedBy":"stmuraws@microsoft.com","lastModifiedByType":"User","lastModifiedAt":"2022-09-06T20:19:17.903436"},"properties":{"provisioningState":"Waiting","defaultDomain":"ambitioustree-2a789af4.eastus.azurecontainerapps.io","staticIp":"52.224.22.16","appLogsConfiguration":{"destination":"log-analytics","logAnalyticsConfiguration":{"customerId":"18d4c4e7-652e-47ec-add5-5401d1b1d9a8"}},"zoneRedundant":false}}'
    headers:
      api-supported-versions:
      - 2022-01-01-preview, 2022-03-01, 2022-05-01, 2022-06-01-preview
      cache-control:
      - no-cache
      content-length:
      - '813'
      content-type:
      - application/json; charset=utf-8
      date:
      - Tue, 06 Sep 2022 20:19:25 GMT
      expires:
      - '-1'
      pragma:
      - no-cache
      server:
      - Microsoft-IIS/10.0
      strict-transport-security:
      - max-age=31536000; includeSubDomains
      transfer-encoding:
      - chunked
      vary:
      - Accept-Encoding,Accept-Encoding
      x-content-type-options:
      - nosniff
      x-powered-by:
      - ASP.NET
    status:
      code: 200
      message: OK
- request:
    body: null
    headers:
      Accept:
      - '*/*'
      Accept-Encoding:
      - gzip, deflate
      CommandName:
      - containerapp compose create
      Connection:
      - keep-alive
      ParameterSetName:
      - --compose-file-path --resource-group --environment --logs-workspace
      User-Agent:
      - python/3.8.13 (Linux-5.4.0-1089-azure-x86_64-with-glibc2.2.5) AZURECLI/2.39.0
    method: GET
    uri: https://management.azure.com/subscriptions/00000000-0000-0000-0000-000000000000/resourceGroups/cli_test_containerapp_preview000001/providers/Microsoft.App/managedEnvironments/containerapp-compose000002?api-version=2022-03-01
  response:
    body:
      string: '{"id":"/subscriptions/00000000-0000-0000-0000-000000000000/resourceGroups/cli_test_containerapp_preview000001/providers/Microsoft.App/managedEnvironments/containerapp-compose000002","name":"containerapp-compose000002","type":"Microsoft.App/managedEnvironments","location":"eastus","systemData":{"createdBy":"stmuraws@microsoft.com","createdByType":"User","createdAt":"2022-09-06T20:19:17.903436","lastModifiedBy":"stmuraws@microsoft.com","lastModifiedByType":"User","lastModifiedAt":"2022-09-06T20:19:17.903436"},"properties":{"provisioningState":"Waiting","defaultDomain":"ambitioustree-2a789af4.eastus.azurecontainerapps.io","staticIp":"52.224.22.16","appLogsConfiguration":{"destination":"log-analytics","logAnalyticsConfiguration":{"customerId":"18d4c4e7-652e-47ec-add5-5401d1b1d9a8"}},"zoneRedundant":false}}'
    headers:
      api-supported-versions:
      - 2022-01-01-preview, 2022-03-01, 2022-05-01, 2022-06-01-preview
      cache-control:
      - no-cache
      content-length:
      - '813'
      content-type:
      - application/json; charset=utf-8
      date:
      - Tue, 06 Sep 2022 20:19:27 GMT
      expires:
      - '-1'
      pragma:
      - no-cache
      server:
      - Microsoft-IIS/10.0
      strict-transport-security:
      - max-age=31536000; includeSubDomains
      transfer-encoding:
      - chunked
      vary:
      - Accept-Encoding,Accept-Encoding
      x-content-type-options:
      - nosniff
      x-powered-by:
      - ASP.NET
    status:
      code: 200
      message: OK
- request:
    body: null
    headers:
      Accept:
      - '*/*'
      Accept-Encoding:
      - gzip, deflate
      CommandName:
      - containerapp compose create
      Connection:
      - keep-alive
      ParameterSetName:
      - --compose-file-path --resource-group --environment --logs-workspace
      User-Agent:
      - python/3.8.13 (Linux-5.4.0-1089-azure-x86_64-with-glibc2.2.5) AZURECLI/2.39.0
    method: GET
    uri: https://management.azure.com/subscriptions/00000000-0000-0000-0000-000000000000/resourceGroups/cli_test_containerapp_preview000001/providers/Microsoft.App/managedEnvironments/containerapp-compose000002?api-version=2022-03-01
  response:
    body:
      string: '{"id":"/subscriptions/00000000-0000-0000-0000-000000000000/resourceGroups/cli_test_containerapp_preview000001/providers/Microsoft.App/managedEnvironments/containerapp-compose000002","name":"containerapp-compose000002","type":"Microsoft.App/managedEnvironments","location":"eastus","systemData":{"createdBy":"stmuraws@microsoft.com","createdByType":"User","createdAt":"2022-09-06T20:19:17.903436","lastModifiedBy":"stmuraws@microsoft.com","lastModifiedByType":"User","lastModifiedAt":"2022-09-06T20:19:17.903436"},"properties":{"provisioningState":"Waiting","defaultDomain":"ambitioustree-2a789af4.eastus.azurecontainerapps.io","staticIp":"52.224.22.16","appLogsConfiguration":{"destination":"log-analytics","logAnalyticsConfiguration":{"customerId":"18d4c4e7-652e-47ec-add5-5401d1b1d9a8"}},"zoneRedundant":false}}'
    headers:
      api-supported-versions:
      - 2022-01-01-preview, 2022-03-01, 2022-05-01, 2022-06-01-preview
      cache-control:
      - no-cache
      content-length:
      - '813'
      content-type:
      - application/json; charset=utf-8
      date:
      - Tue, 06 Sep 2022 20:19:29 GMT
      expires:
      - '-1'
      pragma:
      - no-cache
      server:
      - Microsoft-IIS/10.0
      strict-transport-security:
      - max-age=31536000; includeSubDomains
      transfer-encoding:
      - chunked
      vary:
      - Accept-Encoding,Accept-Encoding
      x-content-type-options:
      - nosniff
      x-powered-by:
      - ASP.NET
    status:
      code: 200
      message: OK
- request:
    body: null
    headers:
      Accept:
      - '*/*'
      Accept-Encoding:
      - gzip, deflate
      CommandName:
      - containerapp compose create
      Connection:
      - keep-alive
      ParameterSetName:
      - --compose-file-path --resource-group --environment --logs-workspace
      User-Agent:
      - python/3.8.13 (Linux-5.4.0-1089-azure-x86_64-with-glibc2.2.5) AZURECLI/2.39.0
    method: GET
    uri: https://management.azure.com/subscriptions/00000000-0000-0000-0000-000000000000/resourceGroups/cli_test_containerapp_preview000001/providers/Microsoft.App/managedEnvironments/containerapp-compose000002?api-version=2022-03-01
  response:
    body:
      string: '{"id":"/subscriptions/00000000-0000-0000-0000-000000000000/resourceGroups/cli_test_containerapp_preview000001/providers/Microsoft.App/managedEnvironments/containerapp-compose000002","name":"containerapp-compose000002","type":"Microsoft.App/managedEnvironments","location":"eastus","systemData":{"createdBy":"stmuraws@microsoft.com","createdByType":"User","createdAt":"2022-09-06T20:19:17.903436","lastModifiedBy":"stmuraws@microsoft.com","lastModifiedByType":"User","lastModifiedAt":"2022-09-06T20:19:17.903436"},"properties":{"provisioningState":"Waiting","defaultDomain":"ambitioustree-2a789af4.eastus.azurecontainerapps.io","staticIp":"52.224.22.16","appLogsConfiguration":{"destination":"log-analytics","logAnalyticsConfiguration":{"customerId":"18d4c4e7-652e-47ec-add5-5401d1b1d9a8"}},"zoneRedundant":false}}'
    headers:
      api-supported-versions:
      - 2022-01-01-preview, 2022-03-01, 2022-05-01, 2022-06-01-preview
      cache-control:
      - no-cache
      content-length:
      - '813'
      content-type:
      - application/json; charset=utf-8
      date:
      - Tue, 06 Sep 2022 20:19:31 GMT
      expires:
      - '-1'
      pragma:
      - no-cache
      server:
      - Microsoft-IIS/10.0
      strict-transport-security:
      - max-age=31536000; includeSubDomains
      transfer-encoding:
      - chunked
      vary:
      - Accept-Encoding,Accept-Encoding
      x-content-type-options:
      - nosniff
      x-powered-by:
      - ASP.NET
    status:
      code: 200
      message: OK
- request:
    body: null
    headers:
      Accept:
      - '*/*'
      Accept-Encoding:
      - gzip, deflate
      CommandName:
      - containerapp compose create
      Connection:
      - keep-alive
      ParameterSetName:
      - --compose-file-path --resource-group --environment --logs-workspace
      User-Agent:
      - python/3.8.13 (Linux-5.4.0-1089-azure-x86_64-with-glibc2.2.5) AZURECLI/2.39.0
    method: GET
    uri: https://management.azure.com/subscriptions/00000000-0000-0000-0000-000000000000/resourceGroups/cli_test_containerapp_preview000001/providers/Microsoft.App/managedEnvironments/containerapp-compose000002?api-version=2022-03-01
  response:
    body:
      string: '{"id":"/subscriptions/00000000-0000-0000-0000-000000000000/resourceGroups/cli_test_containerapp_preview000001/providers/Microsoft.App/managedEnvironments/containerapp-compose000002","name":"containerapp-compose000002","type":"Microsoft.App/managedEnvironments","location":"eastus","systemData":{"createdBy":"stmuraws@microsoft.com","createdByType":"User","createdAt":"2022-09-06T20:19:17.903436","lastModifiedBy":"stmuraws@microsoft.com","lastModifiedByType":"User","lastModifiedAt":"2022-09-06T20:19:17.903436"},"properties":{"provisioningState":"Waiting","defaultDomain":"ambitioustree-2a789af4.eastus.azurecontainerapps.io","staticIp":"52.224.22.16","appLogsConfiguration":{"destination":"log-analytics","logAnalyticsConfiguration":{"customerId":"18d4c4e7-652e-47ec-add5-5401d1b1d9a8"}},"zoneRedundant":false}}'
    headers:
      api-supported-versions:
      - 2022-01-01-preview, 2022-03-01, 2022-05-01, 2022-06-01-preview
      cache-control:
      - no-cache
      content-length:
      - '813'
      content-type:
      - application/json; charset=utf-8
      date:
      - Tue, 06 Sep 2022 20:19:33 GMT
      expires:
      - '-1'
      pragma:
      - no-cache
      server:
      - Microsoft-IIS/10.0
      strict-transport-security:
      - max-age=31536000; includeSubDomains
      transfer-encoding:
      - chunked
      vary:
      - Accept-Encoding,Accept-Encoding
      x-content-type-options:
      - nosniff
      x-powered-by:
      - ASP.NET
    status:
      code: 200
      message: OK
- request:
    body: null
    headers:
      Accept:
      - '*/*'
      Accept-Encoding:
      - gzip, deflate
      CommandName:
      - containerapp compose create
      Connection:
      - keep-alive
      ParameterSetName:
      - --compose-file-path --resource-group --environment --logs-workspace
      User-Agent:
      - python/3.8.13 (Linux-5.4.0-1089-azure-x86_64-with-glibc2.2.5) AZURECLI/2.39.0
    method: GET
    uri: https://management.azure.com/subscriptions/00000000-0000-0000-0000-000000000000/resourceGroups/cli_test_containerapp_preview000001/providers/Microsoft.App/managedEnvironments/containerapp-compose000002?api-version=2022-03-01
  response:
    body:
      string: '{"id":"/subscriptions/00000000-0000-0000-0000-000000000000/resourceGroups/cli_test_containerapp_preview000001/providers/Microsoft.App/managedEnvironments/containerapp-compose000002","name":"containerapp-compose000002","type":"Microsoft.App/managedEnvironments","location":"eastus","systemData":{"createdBy":"stmuraws@microsoft.com","createdByType":"User","createdAt":"2022-09-06T20:19:17.903436","lastModifiedBy":"stmuraws@microsoft.com","lastModifiedByType":"User","lastModifiedAt":"2022-09-06T20:19:17.903436"},"properties":{"provisioningState":"Waiting","defaultDomain":"ambitioustree-2a789af4.eastus.azurecontainerapps.io","staticIp":"52.224.22.16","appLogsConfiguration":{"destination":"log-analytics","logAnalyticsConfiguration":{"customerId":"18d4c4e7-652e-47ec-add5-5401d1b1d9a8"}},"zoneRedundant":false}}'
    headers:
      api-supported-versions:
      - 2022-01-01-preview, 2022-03-01, 2022-05-01, 2022-06-01-preview
      cache-control:
      - no-cache
      content-length:
      - '813'
      content-type:
      - application/json; charset=utf-8
      date:
      - Tue, 06 Sep 2022 20:19:36 GMT
      expires:
      - '-1'
      pragma:
      - no-cache
      server:
      - Microsoft-IIS/10.0
      strict-transport-security:
      - max-age=31536000; includeSubDomains
      transfer-encoding:
      - chunked
      vary:
      - Accept-Encoding,Accept-Encoding
      x-content-type-options:
      - nosniff
      x-powered-by:
      - ASP.NET
    status:
      code: 200
      message: OK
- request:
    body: null
    headers:
      Accept:
      - '*/*'
      Accept-Encoding:
      - gzip, deflate
      CommandName:
      - containerapp compose create
      Connection:
      - keep-alive
      ParameterSetName:
      - --compose-file-path --resource-group --environment --logs-workspace
      User-Agent:
      - python/3.8.13 (Linux-5.4.0-1089-azure-x86_64-with-glibc2.2.5) AZURECLI/2.39.0
    method: GET
    uri: https://management.azure.com/subscriptions/00000000-0000-0000-0000-000000000000/resourceGroups/cli_test_containerapp_preview000001/providers/Microsoft.App/managedEnvironments/containerapp-compose000002?api-version=2022-03-01
  response:
    body:
      string: '{"id":"/subscriptions/00000000-0000-0000-0000-000000000000/resourceGroups/cli_test_containerapp_preview000001/providers/Microsoft.App/managedEnvironments/containerapp-compose000002","name":"containerapp-compose000002","type":"Microsoft.App/managedEnvironments","location":"eastus","systemData":{"createdBy":"stmuraws@microsoft.com","createdByType":"User","createdAt":"2022-09-06T20:19:17.903436","lastModifiedBy":"stmuraws@microsoft.com","lastModifiedByType":"User","lastModifiedAt":"2022-09-06T20:19:17.903436"},"properties":{"provisioningState":"Waiting","defaultDomain":"ambitioustree-2a789af4.eastus.azurecontainerapps.io","staticIp":"52.224.22.16","appLogsConfiguration":{"destination":"log-analytics","logAnalyticsConfiguration":{"customerId":"18d4c4e7-652e-47ec-add5-5401d1b1d9a8"}},"zoneRedundant":false}}'
    headers:
      api-supported-versions:
      - 2022-01-01-preview, 2022-03-01, 2022-05-01, 2022-06-01-preview
      cache-control:
      - no-cache
      content-length:
      - '813'
      content-type:
      - application/json; charset=utf-8
      date:
      - Tue, 06 Sep 2022 20:19:37 GMT
      expires:
      - '-1'
      pragma:
      - no-cache
      server:
      - Microsoft-IIS/10.0
      strict-transport-security:
      - max-age=31536000; includeSubDomains
      transfer-encoding:
      - chunked
      vary:
      - Accept-Encoding,Accept-Encoding
      x-content-type-options:
      - nosniff
      x-powered-by:
      - ASP.NET
    status:
      code: 200
      message: OK
- request:
    body: null
    headers:
      Accept:
      - '*/*'
      Accept-Encoding:
      - gzip, deflate
      CommandName:
      - containerapp compose create
      Connection:
      - keep-alive
      ParameterSetName:
      - --compose-file-path --resource-group --environment --logs-workspace
      User-Agent:
      - python/3.8.13 (Linux-5.4.0-1089-azure-x86_64-with-glibc2.2.5) AZURECLI/2.39.0
    method: GET
    uri: https://management.azure.com/subscriptions/00000000-0000-0000-0000-000000000000/resourceGroups/cli_test_containerapp_preview000001/providers/Microsoft.App/managedEnvironments/containerapp-compose000002?api-version=2022-03-01
  response:
    body:
      string: '{"id":"/subscriptions/00000000-0000-0000-0000-000000000000/resourceGroups/cli_test_containerapp_preview000001/providers/Microsoft.App/managedEnvironments/containerapp-compose000002","name":"containerapp-compose000002","type":"Microsoft.App/managedEnvironments","location":"eastus","systemData":{"createdBy":"stmuraws@microsoft.com","createdByType":"User","createdAt":"2022-09-06T20:19:17.903436","lastModifiedBy":"stmuraws@microsoft.com","lastModifiedByType":"User","lastModifiedAt":"2022-09-06T20:19:17.903436"},"properties":{"provisioningState":"Waiting","defaultDomain":"ambitioustree-2a789af4.eastus.azurecontainerapps.io","staticIp":"52.224.22.16","appLogsConfiguration":{"destination":"log-analytics","logAnalyticsConfiguration":{"customerId":"18d4c4e7-652e-47ec-add5-5401d1b1d9a8"}},"zoneRedundant":false}}'
    headers:
      api-supported-versions:
      - 2022-01-01-preview, 2022-03-01, 2022-05-01, 2022-06-01-preview
      cache-control:
      - no-cache
      content-length:
      - '813'
      content-type:
      - application/json; charset=utf-8
      date:
      - Tue, 06 Sep 2022 20:19:40 GMT
      expires:
      - '-1'
      pragma:
      - no-cache
      server:
      - Microsoft-IIS/10.0
      strict-transport-security:
      - max-age=31536000; includeSubDomains
      transfer-encoding:
      - chunked
      vary:
      - Accept-Encoding,Accept-Encoding
      x-content-type-options:
      - nosniff
      x-powered-by:
      - ASP.NET
    status:
      code: 200
      message: OK
- request:
    body: null
    headers:
      Accept:
      - '*/*'
      Accept-Encoding:
      - gzip, deflate
      CommandName:
      - containerapp compose create
      Connection:
      - keep-alive
      ParameterSetName:
      - --compose-file-path --resource-group --environment --logs-workspace
      User-Agent:
      - python/3.8.13 (Linux-5.4.0-1089-azure-x86_64-with-glibc2.2.5) AZURECLI/2.39.0
    method: GET
    uri: https://management.azure.com/subscriptions/00000000-0000-0000-0000-000000000000/resourceGroups/cli_test_containerapp_preview000001/providers/Microsoft.App/managedEnvironments/containerapp-compose000002?api-version=2022-03-01
  response:
    body:
      string: '{"id":"/subscriptions/00000000-0000-0000-0000-000000000000/resourceGroups/cli_test_containerapp_preview000001/providers/Microsoft.App/managedEnvironments/containerapp-compose000002","name":"containerapp-compose000002","type":"Microsoft.App/managedEnvironments","location":"eastus","systemData":{"createdBy":"stmuraws@microsoft.com","createdByType":"User","createdAt":"2022-09-06T20:19:17.903436","lastModifiedBy":"stmuraws@microsoft.com","lastModifiedByType":"User","lastModifiedAt":"2022-09-06T20:19:17.903436"},"properties":{"provisioningState":"Waiting","defaultDomain":"ambitioustree-2a789af4.eastus.azurecontainerapps.io","staticIp":"52.224.22.16","appLogsConfiguration":{"destination":"log-analytics","logAnalyticsConfiguration":{"customerId":"18d4c4e7-652e-47ec-add5-5401d1b1d9a8"}},"zoneRedundant":false}}'
    headers:
      api-supported-versions:
      - 2022-01-01-preview, 2022-03-01, 2022-05-01, 2022-06-01-preview
      cache-control:
      - no-cache
      content-length:
      - '813'
      content-type:
      - application/json; charset=utf-8
      date:
      - Tue, 06 Sep 2022 20:19:42 GMT
      expires:
      - '-1'
      pragma:
      - no-cache
      server:
      - Microsoft-IIS/10.0
      strict-transport-security:
      - max-age=31536000; includeSubDomains
      transfer-encoding:
      - chunked
      vary:
      - Accept-Encoding,Accept-Encoding
      x-content-type-options:
      - nosniff
      x-powered-by:
      - ASP.NET
    status:
      code: 200
      message: OK
- request:
    body: null
    headers:
      Accept:
      - '*/*'
      Accept-Encoding:
      - gzip, deflate
      CommandName:
      - containerapp compose create
      Connection:
      - keep-alive
      ParameterSetName:
      - --compose-file-path --resource-group --environment --logs-workspace
      User-Agent:
      - python/3.8.13 (Linux-5.4.0-1089-azure-x86_64-with-glibc2.2.5) AZURECLI/2.39.0
    method: GET
    uri: https://management.azure.com/subscriptions/00000000-0000-0000-0000-000000000000/resourceGroups/cli_test_containerapp_preview000001/providers/Microsoft.App/managedEnvironments/containerapp-compose000002?api-version=2022-03-01
  response:
    body:
      string: '{"id":"/subscriptions/00000000-0000-0000-0000-000000000000/resourceGroups/cli_test_containerapp_preview000001/providers/Microsoft.App/managedEnvironments/containerapp-compose000002","name":"containerapp-compose000002","type":"Microsoft.App/managedEnvironments","location":"eastus","systemData":{"createdBy":"stmuraws@microsoft.com","createdByType":"User","createdAt":"2022-09-06T20:19:17.903436","lastModifiedBy":"stmuraws@microsoft.com","lastModifiedByType":"User","lastModifiedAt":"2022-09-06T20:19:17.903436"},"properties":{"provisioningState":"Waiting","defaultDomain":"ambitioustree-2a789af4.eastus.azurecontainerapps.io","staticIp":"52.224.22.16","appLogsConfiguration":{"destination":"log-analytics","logAnalyticsConfiguration":{"customerId":"18d4c4e7-652e-47ec-add5-5401d1b1d9a8"}},"zoneRedundant":false}}'
    headers:
      api-supported-versions:
      - 2022-01-01-preview, 2022-03-01, 2022-05-01, 2022-06-01-preview
      cache-control:
      - no-cache
      content-length:
      - '813'
      content-type:
      - application/json; charset=utf-8
      date:
      - Tue, 06 Sep 2022 20:19:44 GMT
      expires:
      - '-1'
      pragma:
      - no-cache
      server:
      - Microsoft-IIS/10.0
      strict-transport-security:
      - max-age=31536000; includeSubDomains
      transfer-encoding:
      - chunked
      vary:
      - Accept-Encoding,Accept-Encoding
      x-content-type-options:
      - nosniff
      x-powered-by:
      - ASP.NET
    status:
      code: 200
      message: OK
- request:
    body: null
    headers:
      Accept:
      - '*/*'
      Accept-Encoding:
      - gzip, deflate
      CommandName:
      - containerapp compose create
      Connection:
      - keep-alive
      ParameterSetName:
      - --compose-file-path --resource-group --environment --logs-workspace
      User-Agent:
      - python/3.8.13 (Linux-5.4.0-1089-azure-x86_64-with-glibc2.2.5) AZURECLI/2.39.0
    method: GET
    uri: https://management.azure.com/subscriptions/00000000-0000-0000-0000-000000000000/resourceGroups/cli_test_containerapp_preview000001/providers/Microsoft.App/managedEnvironments/containerapp-compose000002?api-version=2022-03-01
  response:
    body:
      string: '{"id":"/subscriptions/00000000-0000-0000-0000-000000000000/resourceGroups/cli_test_containerapp_preview000001/providers/Microsoft.App/managedEnvironments/containerapp-compose000002","name":"containerapp-compose000002","type":"Microsoft.App/managedEnvironments","location":"eastus","systemData":{"createdBy":"stmuraws@microsoft.com","createdByType":"User","createdAt":"2022-09-06T20:19:17.903436","lastModifiedBy":"stmuraws@microsoft.com","lastModifiedByType":"User","lastModifiedAt":"2022-09-06T20:19:17.903436"},"properties":{"provisioningState":"Waiting","defaultDomain":"ambitioustree-2a789af4.eastus.azurecontainerapps.io","staticIp":"52.224.22.16","appLogsConfiguration":{"destination":"log-analytics","logAnalyticsConfiguration":{"customerId":"18d4c4e7-652e-47ec-add5-5401d1b1d9a8"}},"zoneRedundant":false}}'
    headers:
      api-supported-versions:
      - 2022-01-01-preview, 2022-03-01, 2022-05-01, 2022-06-01-preview
      cache-control:
      - no-cache
      content-length:
      - '813'
      content-type:
      - application/json; charset=utf-8
      date:
      - Tue, 06 Sep 2022 20:19:46 GMT
      expires:
      - '-1'
      pragma:
      - no-cache
      server:
      - Microsoft-IIS/10.0
      strict-transport-security:
      - max-age=31536000; includeSubDomains
      transfer-encoding:
      - chunked
      vary:
      - Accept-Encoding,Accept-Encoding
      x-content-type-options:
      - nosniff
      x-powered-by:
      - ASP.NET
    status:
      code: 200
      message: OK
- request:
    body: null
    headers:
      Accept:
      - '*/*'
      Accept-Encoding:
      - gzip, deflate
      CommandName:
      - containerapp compose create
      Connection:
      - keep-alive
      ParameterSetName:
      - --compose-file-path --resource-group --environment --logs-workspace
      User-Agent:
      - python/3.8.13 (Linux-5.4.0-1089-azure-x86_64-with-glibc2.2.5) AZURECLI/2.39.0
    method: GET
    uri: https://management.azure.com/subscriptions/00000000-0000-0000-0000-000000000000/resourceGroups/cli_test_containerapp_preview000001/providers/Microsoft.App/managedEnvironments/containerapp-compose000002?api-version=2022-03-01
  response:
    body:
      string: '{"id":"/subscriptions/00000000-0000-0000-0000-000000000000/resourceGroups/cli_test_containerapp_preview000001/providers/Microsoft.App/managedEnvironments/containerapp-compose000002","name":"containerapp-compose000002","type":"Microsoft.App/managedEnvironments","location":"eastus","systemData":{"createdBy":"stmuraws@microsoft.com","createdByType":"User","createdAt":"2022-09-06T20:19:17.903436","lastModifiedBy":"stmuraws@microsoft.com","lastModifiedByType":"User","lastModifiedAt":"2022-09-06T20:19:17.903436"},"properties":{"provisioningState":"Waiting","defaultDomain":"ambitioustree-2a789af4.eastus.azurecontainerapps.io","staticIp":"52.224.22.16","appLogsConfiguration":{"destination":"log-analytics","logAnalyticsConfiguration":{"customerId":"18d4c4e7-652e-47ec-add5-5401d1b1d9a8"}},"zoneRedundant":false}}'
    headers:
      api-supported-versions:
      - 2022-01-01-preview, 2022-03-01, 2022-05-01, 2022-06-01-preview
      cache-control:
      - no-cache
      content-length:
      - '813'
      content-type:
      - application/json; charset=utf-8
      date:
      - Tue, 06 Sep 2022 20:19:49 GMT
      expires:
      - '-1'
      pragma:
      - no-cache
      server:
      - Microsoft-IIS/10.0
      strict-transport-security:
      - max-age=31536000; includeSubDomains
      transfer-encoding:
      - chunked
      vary:
      - Accept-Encoding,Accept-Encoding
      x-content-type-options:
      - nosniff
      x-powered-by:
      - ASP.NET
    status:
      code: 200
      message: OK
- request:
    body: null
    headers:
      Accept:
      - '*/*'
      Accept-Encoding:
      - gzip, deflate
      CommandName:
      - containerapp compose create
      Connection:
      - keep-alive
      ParameterSetName:
      - --compose-file-path --resource-group --environment --logs-workspace
      User-Agent:
      - python/3.8.13 (Linux-5.4.0-1089-azure-x86_64-with-glibc2.2.5) AZURECLI/2.39.0
    method: GET
    uri: https://management.azure.com/subscriptions/00000000-0000-0000-0000-000000000000/resourceGroups/cli_test_containerapp_preview000001/providers/Microsoft.App/managedEnvironments/containerapp-compose000002?api-version=2022-03-01
  response:
    body:
      string: '{"id":"/subscriptions/00000000-0000-0000-0000-000000000000/resourceGroups/cli_test_containerapp_preview000001/providers/Microsoft.App/managedEnvironments/containerapp-compose000002","name":"containerapp-compose000002","type":"Microsoft.App/managedEnvironments","location":"eastus","systemData":{"createdBy":"stmuraws@microsoft.com","createdByType":"User","createdAt":"2022-09-06T20:19:17.903436","lastModifiedBy":"stmuraws@microsoft.com","lastModifiedByType":"User","lastModifiedAt":"2022-09-06T20:19:17.903436"},"properties":{"provisioningState":"Waiting","defaultDomain":"ambitioustree-2a789af4.eastus.azurecontainerapps.io","staticIp":"52.224.22.16","appLogsConfiguration":{"destination":"log-analytics","logAnalyticsConfiguration":{"customerId":"18d4c4e7-652e-47ec-add5-5401d1b1d9a8"}},"zoneRedundant":false}}'
    headers:
      api-supported-versions:
      - 2022-01-01-preview, 2022-03-01, 2022-05-01, 2022-06-01-preview
      cache-control:
      - no-cache
      content-length:
      - '813'
      content-type:
      - application/json; charset=utf-8
      date:
      - Tue, 06 Sep 2022 20:19:50 GMT
      expires:
      - '-1'
      pragma:
      - no-cache
      server:
      - Microsoft-IIS/10.0
      strict-transport-security:
      - max-age=31536000; includeSubDomains
      transfer-encoding:
      - chunked
      vary:
      - Accept-Encoding,Accept-Encoding
      x-content-type-options:
      - nosniff
      x-powered-by:
      - ASP.NET
    status:
      code: 200
      message: OK
- request:
    body: null
    headers:
      Accept:
      - '*/*'
      Accept-Encoding:
      - gzip, deflate
      CommandName:
      - containerapp compose create
      Connection:
      - keep-alive
      ParameterSetName:
      - --compose-file-path --resource-group --environment --logs-workspace
      User-Agent:
      - python/3.8.13 (Linux-5.4.0-1089-azure-x86_64-with-glibc2.2.5) AZURECLI/2.39.0
    method: GET
    uri: https://management.azure.com/subscriptions/00000000-0000-0000-0000-000000000000/resourceGroups/cli_test_containerapp_preview000001/providers/Microsoft.App/managedEnvironments/containerapp-compose000002?api-version=2022-03-01
  response:
    body:
      string: '{"id":"/subscriptions/00000000-0000-0000-0000-000000000000/resourceGroups/cli_test_containerapp_preview000001/providers/Microsoft.App/managedEnvironments/containerapp-compose000002","name":"containerapp-compose000002","type":"Microsoft.App/managedEnvironments","location":"eastus","systemData":{"createdBy":"stmuraws@microsoft.com","createdByType":"User","createdAt":"2022-09-06T20:19:17.903436","lastModifiedBy":"stmuraws@microsoft.com","lastModifiedByType":"User","lastModifiedAt":"2022-09-06T20:19:17.903436"},"properties":{"provisioningState":"Waiting","defaultDomain":"ambitioustree-2a789af4.eastus.azurecontainerapps.io","staticIp":"52.224.22.16","appLogsConfiguration":{"destination":"log-analytics","logAnalyticsConfiguration":{"customerId":"18d4c4e7-652e-47ec-add5-5401d1b1d9a8"}},"zoneRedundant":false}}'
    headers:
      api-supported-versions:
      - 2022-01-01-preview, 2022-03-01, 2022-05-01, 2022-06-01-preview
      cache-control:
      - no-cache
      content-length:
      - '813'
      content-type:
      - application/json; charset=utf-8
      date:
      - Tue, 06 Sep 2022 20:19:53 GMT
      expires:
      - '-1'
      pragma:
      - no-cache
      server:
      - Microsoft-IIS/10.0
      strict-transport-security:
      - max-age=31536000; includeSubDomains
      transfer-encoding:
      - chunked
      vary:
      - Accept-Encoding,Accept-Encoding
      x-content-type-options:
      - nosniff
      x-powered-by:
      - ASP.NET
    status:
      code: 200
      message: OK
- request:
    body: null
    headers:
      Accept:
      - '*/*'
      Accept-Encoding:
      - gzip, deflate
      CommandName:
      - containerapp compose create
      Connection:
      - keep-alive
      ParameterSetName:
      - --compose-file-path --resource-group --environment --logs-workspace
      User-Agent:
      - python/3.8.13 (Linux-5.4.0-1089-azure-x86_64-with-glibc2.2.5) AZURECLI/2.39.0
    method: GET
    uri: https://management.azure.com/subscriptions/00000000-0000-0000-0000-000000000000/resourceGroups/cli_test_containerapp_preview000001/providers/Microsoft.App/managedEnvironments/containerapp-compose000002?api-version=2022-03-01
  response:
    body:
      string: '{"id":"/subscriptions/00000000-0000-0000-0000-000000000000/resourceGroups/cli_test_containerapp_preview000001/providers/Microsoft.App/managedEnvironments/containerapp-compose000002","name":"containerapp-compose000002","type":"Microsoft.App/managedEnvironments","location":"eastus","systemData":{"createdBy":"stmuraws@microsoft.com","createdByType":"User","createdAt":"2022-09-06T20:19:17.903436","lastModifiedBy":"stmuraws@microsoft.com","lastModifiedByType":"User","lastModifiedAt":"2022-09-06T20:19:17.903436"},"properties":{"provisioningState":"Waiting","defaultDomain":"ambitioustree-2a789af4.eastus.azurecontainerapps.io","staticIp":"52.224.22.16","appLogsConfiguration":{"destination":"log-analytics","logAnalyticsConfiguration":{"customerId":"18d4c4e7-652e-47ec-add5-5401d1b1d9a8"}},"zoneRedundant":false}}'
    headers:
      api-supported-versions:
      - 2022-01-01-preview, 2022-03-01, 2022-05-01, 2022-06-01-preview
      cache-control:
      - no-cache
      content-length:
      - '813'
      content-type:
      - application/json; charset=utf-8
      date:
      - Tue, 06 Sep 2022 20:19:55 GMT
      expires:
      - '-1'
      pragma:
      - no-cache
      server:
      - Microsoft-IIS/10.0
      strict-transport-security:
      - max-age=31536000; includeSubDomains
      transfer-encoding:
      - chunked
      vary:
      - Accept-Encoding,Accept-Encoding
      x-content-type-options:
      - nosniff
      x-powered-by:
      - ASP.NET
    status:
      code: 200
      message: OK
- request:
    body: null
    headers:
      Accept:
      - '*/*'
      Accept-Encoding:
      - gzip, deflate
      CommandName:
      - containerapp compose create
      Connection:
      - keep-alive
      ParameterSetName:
      - --compose-file-path --resource-group --environment --logs-workspace
      User-Agent:
      - python/3.8.13 (Linux-5.4.0-1089-azure-x86_64-with-glibc2.2.5) AZURECLI/2.39.0
    method: GET
    uri: https://management.azure.com/subscriptions/00000000-0000-0000-0000-000000000000/resourceGroups/cli_test_containerapp_preview000001/providers/Microsoft.App/managedEnvironments/containerapp-compose000002?api-version=2022-03-01
  response:
    body:
      string: '{"id":"/subscriptions/00000000-0000-0000-0000-000000000000/resourceGroups/cli_test_containerapp_preview000001/providers/Microsoft.App/managedEnvironments/containerapp-compose000002","name":"containerapp-compose000002","type":"Microsoft.App/managedEnvironments","location":"eastus","systemData":{"createdBy":"stmuraws@microsoft.com","createdByType":"User","createdAt":"2022-09-06T20:19:17.903436","lastModifiedBy":"stmuraws@microsoft.com","lastModifiedByType":"User","lastModifiedAt":"2022-09-06T20:19:17.903436"},"properties":{"provisioningState":"Waiting","defaultDomain":"ambitioustree-2a789af4.eastus.azurecontainerapps.io","staticIp":"52.224.22.16","appLogsConfiguration":{"destination":"log-analytics","logAnalyticsConfiguration":{"customerId":"18d4c4e7-652e-47ec-add5-5401d1b1d9a8"}},"zoneRedundant":false}}'
    headers:
      api-supported-versions:
      - 2022-01-01-preview, 2022-03-01, 2022-05-01, 2022-06-01-preview
      cache-control:
      - no-cache
      content-length:
      - '813'
      content-type:
      - application/json; charset=utf-8
      date:
      - Tue, 06 Sep 2022 20:19:57 GMT
      expires:
      - '-1'
      pragma:
      - no-cache
      server:
      - Microsoft-IIS/10.0
      strict-transport-security:
      - max-age=31536000; includeSubDomains
      transfer-encoding:
      - chunked
      vary:
      - Accept-Encoding,Accept-Encoding
      x-content-type-options:
      - nosniff
      x-powered-by:
      - ASP.NET
    status:
      code: 200
      message: OK
- request:
    body: null
    headers:
      Accept:
      - '*/*'
      Accept-Encoding:
      - gzip, deflate
      CommandName:
      - containerapp compose create
      Connection:
      - keep-alive
      ParameterSetName:
      - --compose-file-path --resource-group --environment --logs-workspace
      User-Agent:
      - python/3.8.13 (Linux-5.4.0-1089-azure-x86_64-with-glibc2.2.5) AZURECLI/2.39.0
    method: GET
    uri: https://management.azure.com/subscriptions/00000000-0000-0000-0000-000000000000/resourceGroups/cli_test_containerapp_preview000001/providers/Microsoft.App/managedEnvironments/containerapp-compose000002?api-version=2022-03-01
  response:
    body:
      string: '{"id":"/subscriptions/00000000-0000-0000-0000-000000000000/resourceGroups/cli_test_containerapp_preview000001/providers/Microsoft.App/managedEnvironments/containerapp-compose000002","name":"containerapp-compose000002","type":"Microsoft.App/managedEnvironments","location":"eastus","systemData":{"createdBy":"stmuraws@microsoft.com","createdByType":"User","createdAt":"2022-09-06T20:19:17.903436","lastModifiedBy":"stmuraws@microsoft.com","lastModifiedByType":"User","lastModifiedAt":"2022-09-06T20:19:17.903436"},"properties":{"provisioningState":"Waiting","defaultDomain":"ambitioustree-2a789af4.eastus.azurecontainerapps.io","staticIp":"52.224.22.16","appLogsConfiguration":{"destination":"log-analytics","logAnalyticsConfiguration":{"customerId":"18d4c4e7-652e-47ec-add5-5401d1b1d9a8"}},"zoneRedundant":false}}'
    headers:
      api-supported-versions:
      - 2022-01-01-preview, 2022-03-01, 2022-05-01, 2022-06-01-preview
      cache-control:
      - no-cache
      content-length:
      - '813'
      content-type:
      - application/json; charset=utf-8
      date:
      - Tue, 06 Sep 2022 20:19:59 GMT
      expires:
      - '-1'
      pragma:
      - no-cache
      server:
      - Microsoft-IIS/10.0
      strict-transport-security:
      - max-age=31536000; includeSubDomains
      transfer-encoding:
      - chunked
      vary:
      - Accept-Encoding,Accept-Encoding
      x-content-type-options:
      - nosniff
      x-powered-by:
      - ASP.NET
    status:
      code: 200
      message: OK
- request:
    body: null
    headers:
      Accept:
      - '*/*'
      Accept-Encoding:
      - gzip, deflate
      CommandName:
      - containerapp compose create
      Connection:
      - keep-alive
      ParameterSetName:
      - --compose-file-path --resource-group --environment --logs-workspace
      User-Agent:
      - python/3.8.13 (Linux-5.4.0-1089-azure-x86_64-with-glibc2.2.5) AZURECLI/2.39.0
    method: GET
    uri: https://management.azure.com/subscriptions/00000000-0000-0000-0000-000000000000/resourceGroups/cli_test_containerapp_preview000001/providers/Microsoft.App/managedEnvironments/containerapp-compose000002?api-version=2022-03-01
  response:
    body:
      string: '{"id":"/subscriptions/00000000-0000-0000-0000-000000000000/resourceGroups/cli_test_containerapp_preview000001/providers/Microsoft.App/managedEnvironments/containerapp-compose000002","name":"containerapp-compose000002","type":"Microsoft.App/managedEnvironments","location":"eastus","systemData":{"createdBy":"stmuraws@microsoft.com","createdByType":"User","createdAt":"2022-09-06T20:19:17.903436","lastModifiedBy":"stmuraws@microsoft.com","lastModifiedByType":"User","lastModifiedAt":"2022-09-06T20:19:17.903436"},"properties":{"provisioningState":"Waiting","defaultDomain":"ambitioustree-2a789af4.eastus.azurecontainerapps.io","staticIp":"52.224.22.16","appLogsConfiguration":{"destination":"log-analytics","logAnalyticsConfiguration":{"customerId":"18d4c4e7-652e-47ec-add5-5401d1b1d9a8"}},"zoneRedundant":false}}'
    headers:
      api-supported-versions:
      - 2022-01-01-preview, 2022-03-01, 2022-05-01, 2022-06-01-preview
      cache-control:
      - no-cache
      content-length:
      - '813'
      content-type:
      - application/json; charset=utf-8
      date:
      - Tue, 06 Sep 2022 20:20:01 GMT
      expires:
      - '-1'
      pragma:
      - no-cache
      server:
      - Microsoft-IIS/10.0
      strict-transport-security:
      - max-age=31536000; includeSubDomains
      transfer-encoding:
      - chunked
      vary:
      - Accept-Encoding,Accept-Encoding
      x-content-type-options:
      - nosniff
      x-powered-by:
      - ASP.NET
    status:
      code: 200
      message: OK
- request:
    body: null
    headers:
      Accept:
      - '*/*'
      Accept-Encoding:
      - gzip, deflate
      CommandName:
      - containerapp compose create
      Connection:
      - keep-alive
      ParameterSetName:
      - --compose-file-path --resource-group --environment --logs-workspace
      User-Agent:
      - python/3.8.13 (Linux-5.4.0-1089-azure-x86_64-with-glibc2.2.5) AZURECLI/2.39.0
    method: GET
    uri: https://management.azure.com/subscriptions/00000000-0000-0000-0000-000000000000/resourceGroups/cli_test_containerapp_preview000001/providers/Microsoft.App/managedEnvironments/containerapp-compose000002?api-version=2022-03-01
  response:
    body:
      string: '{"id":"/subscriptions/00000000-0000-0000-0000-000000000000/resourceGroups/cli_test_containerapp_preview000001/providers/Microsoft.App/managedEnvironments/containerapp-compose000002","name":"containerapp-compose000002","type":"Microsoft.App/managedEnvironments","location":"eastus","systemData":{"createdBy":"stmuraws@microsoft.com","createdByType":"User","createdAt":"2022-09-06T20:19:17.903436","lastModifiedBy":"stmuraws@microsoft.com","lastModifiedByType":"User","lastModifiedAt":"2022-09-06T20:19:17.903436"},"properties":{"provisioningState":"Waiting","defaultDomain":"ambitioustree-2a789af4.eastus.azurecontainerapps.io","staticIp":"52.224.22.16","appLogsConfiguration":{"destination":"log-analytics","logAnalyticsConfiguration":{"customerId":"18d4c4e7-652e-47ec-add5-5401d1b1d9a8"}},"zoneRedundant":false}}'
    headers:
      api-supported-versions:
      - 2022-01-01-preview, 2022-03-01, 2022-05-01, 2022-06-01-preview
      cache-control:
      - no-cache
      content-length:
      - '813'
      content-type:
      - application/json; charset=utf-8
      date:
      - Tue, 06 Sep 2022 20:20:04 GMT
      expires:
      - '-1'
      pragma:
      - no-cache
      server:
      - Microsoft-IIS/10.0
      strict-transport-security:
      - max-age=31536000; includeSubDomains
      transfer-encoding:
      - chunked
      vary:
      - Accept-Encoding,Accept-Encoding
      x-content-type-options:
      - nosniff
      x-powered-by:
      - ASP.NET
    status:
      code: 200
      message: OK
- request:
    body: null
    headers:
      Accept:
      - '*/*'
      Accept-Encoding:
      - gzip, deflate
      CommandName:
      - containerapp compose create
      Connection:
      - keep-alive
      ParameterSetName:
      - --compose-file-path --resource-group --environment --logs-workspace
      User-Agent:
      - python/3.8.13 (Linux-5.4.0-1089-azure-x86_64-with-glibc2.2.5) AZURECLI/2.39.0
    method: GET
    uri: https://management.azure.com/subscriptions/00000000-0000-0000-0000-000000000000/resourceGroups/cli_test_containerapp_preview000001/providers/Microsoft.App/managedEnvironments/containerapp-compose000002?api-version=2022-03-01
  response:
    body:
      string: '{"id":"/subscriptions/00000000-0000-0000-0000-000000000000/resourceGroups/cli_test_containerapp_preview000001/providers/Microsoft.App/managedEnvironments/containerapp-compose000002","name":"containerapp-compose000002","type":"Microsoft.App/managedEnvironments","location":"eastus","systemData":{"createdBy":"stmuraws@microsoft.com","createdByType":"User","createdAt":"2022-09-06T20:19:17.903436","lastModifiedBy":"stmuraws@microsoft.com","lastModifiedByType":"User","lastModifiedAt":"2022-09-06T20:19:17.903436"},"properties":{"provisioningState":"Waiting","defaultDomain":"ambitioustree-2a789af4.eastus.azurecontainerapps.io","staticIp":"52.224.22.16","appLogsConfiguration":{"destination":"log-analytics","logAnalyticsConfiguration":{"customerId":"18d4c4e7-652e-47ec-add5-5401d1b1d9a8"}},"zoneRedundant":false}}'
    headers:
      api-supported-versions:
      - 2022-01-01-preview, 2022-03-01, 2022-05-01, 2022-06-01-preview
      cache-control:
      - no-cache
      content-length:
      - '813'
      content-type:
      - application/json; charset=utf-8
      date:
      - Tue, 06 Sep 2022 20:20:06 GMT
      expires:
      - '-1'
      pragma:
      - no-cache
      server:
      - Microsoft-IIS/10.0
      strict-transport-security:
      - max-age=31536000; includeSubDomains
      transfer-encoding:
      - chunked
      vary:
      - Accept-Encoding,Accept-Encoding
      x-content-type-options:
      - nosniff
      x-powered-by:
      - ASP.NET
    status:
      code: 200
      message: OK
- request:
    body: null
    headers:
      Accept:
      - '*/*'
      Accept-Encoding:
      - gzip, deflate
      CommandName:
      - containerapp compose create
      Connection:
      - keep-alive
      ParameterSetName:
      - --compose-file-path --resource-group --environment --logs-workspace
      User-Agent:
      - python/3.8.13 (Linux-5.4.0-1089-azure-x86_64-with-glibc2.2.5) AZURECLI/2.39.0
    method: GET
    uri: https://management.azure.com/subscriptions/00000000-0000-0000-0000-000000000000/resourceGroups/cli_test_containerapp_preview000001/providers/Microsoft.App/managedEnvironments/containerapp-compose000002?api-version=2022-03-01
  response:
    body:
      string: '{"id":"/subscriptions/00000000-0000-0000-0000-000000000000/resourceGroups/cli_test_containerapp_preview000001/providers/Microsoft.App/managedEnvironments/containerapp-compose000002","name":"containerapp-compose000002","type":"Microsoft.App/managedEnvironments","location":"eastus","systemData":{"createdBy":"stmuraws@microsoft.com","createdByType":"User","createdAt":"2022-09-06T20:19:17.903436","lastModifiedBy":"stmuraws@microsoft.com","lastModifiedByType":"User","lastModifiedAt":"2022-09-06T20:19:17.903436"},"properties":{"provisioningState":"Waiting","defaultDomain":"ambitioustree-2a789af4.eastus.azurecontainerapps.io","staticIp":"52.224.22.16","appLogsConfiguration":{"destination":"log-analytics","logAnalyticsConfiguration":{"customerId":"18d4c4e7-652e-47ec-add5-5401d1b1d9a8"}},"zoneRedundant":false}}'
    headers:
      api-supported-versions:
      - 2022-01-01-preview, 2022-03-01, 2022-05-01, 2022-06-01-preview
      cache-control:
      - no-cache
      content-length:
      - '813'
      content-type:
      - application/json; charset=utf-8
      date:
      - Tue, 06 Sep 2022 20:20:08 GMT
      expires:
      - '-1'
      pragma:
      - no-cache
      server:
      - Microsoft-IIS/10.0
      strict-transport-security:
      - max-age=31536000; includeSubDomains
      transfer-encoding:
      - chunked
      vary:
      - Accept-Encoding,Accept-Encoding
      x-content-type-options:
      - nosniff
      x-powered-by:
      - ASP.NET
    status:
      code: 200
      message: OK
- request:
    body: null
    headers:
      Accept:
      - '*/*'
      Accept-Encoding:
      - gzip, deflate
      CommandName:
      - containerapp compose create
      Connection:
      - keep-alive
      ParameterSetName:
      - --compose-file-path --resource-group --environment --logs-workspace
      User-Agent:
      - python/3.8.13 (Linux-5.4.0-1089-azure-x86_64-with-glibc2.2.5) AZURECLI/2.39.0
    method: GET
    uri: https://management.azure.com/subscriptions/00000000-0000-0000-0000-000000000000/resourceGroups/cli_test_containerapp_preview000001/providers/Microsoft.App/managedEnvironments/containerapp-compose000002?api-version=2022-03-01
  response:
    body:
      string: '{"id":"/subscriptions/00000000-0000-0000-0000-000000000000/resourceGroups/cli_test_containerapp_preview000001/providers/Microsoft.App/managedEnvironments/containerapp-compose000002","name":"containerapp-compose000002","type":"Microsoft.App/managedEnvironments","location":"eastus","systemData":{"createdBy":"stmuraws@microsoft.com","createdByType":"User","createdAt":"2022-09-06T20:19:17.903436","lastModifiedBy":"stmuraws@microsoft.com","lastModifiedByType":"User","lastModifiedAt":"2022-09-06T20:19:17.903436"},"properties":{"provisioningState":"Waiting","defaultDomain":"ambitioustree-2a789af4.eastus.azurecontainerapps.io","staticIp":"52.224.22.16","appLogsConfiguration":{"destination":"log-analytics","logAnalyticsConfiguration":{"customerId":"18d4c4e7-652e-47ec-add5-5401d1b1d9a8"}},"zoneRedundant":false}}'
    headers:
      api-supported-versions:
      - 2022-01-01-preview, 2022-03-01, 2022-05-01, 2022-06-01-preview
      cache-control:
      - no-cache
      content-length:
      - '813'
      content-type:
      - application/json; charset=utf-8
      date:
      - Tue, 06 Sep 2022 20:20:10 GMT
      expires:
      - '-1'
      pragma:
      - no-cache
      server:
      - Microsoft-IIS/10.0
      strict-transport-security:
      - max-age=31536000; includeSubDomains
      transfer-encoding:
      - chunked
      vary:
      - Accept-Encoding,Accept-Encoding
      x-content-type-options:
      - nosniff
      x-powered-by:
      - ASP.NET
    status:
      code: 200
      message: OK
- request:
    body: null
    headers:
      Accept:
      - '*/*'
      Accept-Encoding:
      - gzip, deflate
      CommandName:
      - containerapp compose create
      Connection:
      - keep-alive
      ParameterSetName:
      - --compose-file-path --resource-group --environment --logs-workspace
      User-Agent:
      - python/3.8.13 (Linux-5.4.0-1089-azure-x86_64-with-glibc2.2.5) AZURECLI/2.39.0
    method: GET
    uri: https://management.azure.com/subscriptions/00000000-0000-0000-0000-000000000000/resourceGroups/cli_test_containerapp_preview000001/providers/Microsoft.App/managedEnvironments/containerapp-compose000002?api-version=2022-03-01
  response:
    body:
      string: '{"id":"/subscriptions/00000000-0000-0000-0000-000000000000/resourceGroups/cli_test_containerapp_preview000001/providers/Microsoft.App/managedEnvironments/containerapp-compose000002","name":"containerapp-compose000002","type":"Microsoft.App/managedEnvironments","location":"eastus","systemData":{"createdBy":"stmuraws@microsoft.com","createdByType":"User","createdAt":"2022-09-06T20:19:17.903436","lastModifiedBy":"stmuraws@microsoft.com","lastModifiedByType":"User","lastModifiedAt":"2022-09-06T20:19:17.903436"},"properties":{"provisioningState":"Waiting","defaultDomain":"ambitioustree-2a789af4.eastus.azurecontainerapps.io","staticIp":"52.224.22.16","appLogsConfiguration":{"destination":"log-analytics","logAnalyticsConfiguration":{"customerId":"18d4c4e7-652e-47ec-add5-5401d1b1d9a8"}},"zoneRedundant":false}}'
    headers:
      api-supported-versions:
      - 2022-01-01-preview, 2022-03-01, 2022-05-01, 2022-06-01-preview
      cache-control:
      - no-cache
      content-length:
      - '813'
      content-type:
      - application/json; charset=utf-8
      date:
      - Tue, 06 Sep 2022 20:20:13 GMT
      expires:
      - '-1'
      pragma:
      - no-cache
      server:
      - Microsoft-IIS/10.0
      strict-transport-security:
      - max-age=31536000; includeSubDomains
      transfer-encoding:
      - chunked
      vary:
      - Accept-Encoding,Accept-Encoding
      x-content-type-options:
      - nosniff
      x-powered-by:
      - ASP.NET
    status:
      code: 200
      message: OK
- request:
    body: null
    headers:
      Accept:
      - '*/*'
      Accept-Encoding:
      - gzip, deflate
      CommandName:
      - containerapp compose create
      Connection:
      - keep-alive
      ParameterSetName:
      - --compose-file-path --resource-group --environment --logs-workspace
      User-Agent:
      - python/3.8.13 (Linux-5.4.0-1089-azure-x86_64-with-glibc2.2.5) AZURECLI/2.39.0
    method: GET
    uri: https://management.azure.com/subscriptions/00000000-0000-0000-0000-000000000000/resourceGroups/cli_test_containerapp_preview000001/providers/Microsoft.App/managedEnvironments/containerapp-compose000002?api-version=2022-03-01
  response:
    body:
      string: '{"id":"/subscriptions/00000000-0000-0000-0000-000000000000/resourceGroups/cli_test_containerapp_preview000001/providers/Microsoft.App/managedEnvironments/containerapp-compose000002","name":"containerapp-compose000002","type":"Microsoft.App/managedEnvironments","location":"eastus","systemData":{"createdBy":"stmuraws@microsoft.com","createdByType":"User","createdAt":"2022-09-06T20:19:17.903436","lastModifiedBy":"stmuraws@microsoft.com","lastModifiedByType":"User","lastModifiedAt":"2022-09-06T20:19:17.903436"},"properties":{"provisioningState":"Succeeded","defaultDomain":"ambitioustree-2a789af4.eastus.azurecontainerapps.io","staticIp":"52.224.22.16","appLogsConfiguration":{"destination":"log-analytics","logAnalyticsConfiguration":{"customerId":"18d4c4e7-652e-47ec-add5-5401d1b1d9a8"}},"zoneRedundant":false}}'
    headers:
      api-supported-versions:
      - 2022-01-01-preview, 2022-03-01, 2022-05-01, 2022-06-01-preview
      cache-control:
      - no-cache
      content-length:
      - '815'
      content-type:
      - application/json; charset=utf-8
      date:
      - Tue, 06 Sep 2022 20:20:15 GMT
      expires:
      - '-1'
      pragma:
      - no-cache
      server:
      - Microsoft-IIS/10.0
      strict-transport-security:
      - max-age=31536000; includeSubDomains
      transfer-encoding:
      - chunked
      vary:
      - Accept-Encoding,Accept-Encoding
      x-content-type-options:
      - nosniff
      x-powered-by:
      - ASP.NET
    status:
      code: 200
      message: OK
- request:
    body: null
    headers:
      Accept:
      - application/json
      Accept-Encoding:
      - gzip, deflate
      CommandName:
      - containerapp compose create
      Connection:
      - keep-alive
      ParameterSetName:
      - --compose-file-path --resource-group --environment --logs-workspace
      User-Agent:
      - AZURECLI/2.39.0 azsdk-python-azure-mgmt-resource/21.1.0b1 Python/3.8.13 (Linux-5.4.0-1089-azure-x86_64-with-glibc2.2.5)
    method: GET
    uri: https://management.azure.com/subscriptions/00000000-0000-0000-0000-000000000000/providers/Microsoft.App?api-version=2021-04-01
  response:
    body:
      string: '{"id":"/subscriptions/00000000-0000-0000-0000-000000000000/providers/Microsoft.App","namespace":"Microsoft.App","authorizations":[{"applicationId":"7e3bc4fd-85a3-4192-b177-5b8bfc87f42c","roleDefinitionId":"39a74f72-b40f-4bdc-b639-562fe2260bf0"},{"applicationId":"3734c1a4-2bed-4998-a37a-ff1a9e7bf019","roleDefinitionId":"5c779a4f-5cb2-4547-8c41-478d9be8ba90"}],"resourceTypes":[{"resourceType":"managedEnvironments","locations":["North
        Central US (Stage)","Canada Central","West Europe","North Europe","East US","East
        US 2","East Asia","Australia East","Germany West Central","Japan East","UK
        South","West US","Central US","North Central US","South Central US","Korea
        Central","Brazil South","West US 3","France Central","South Africa North","Norway
        East"],"apiVersions":["2022-06-01-preview","2022-03-01","2022-01-01-preview"],"capabilities":"CrossResourceGroupResourceMove,
        CrossSubscriptionResourceMove, SupportsTags, SupportsLocation"},{"resourceType":"managedEnvironments/certificates","locations":["North
        Central US (Stage)","Canada Central","West Europe","North Europe","East US","East
        US 2","East Asia","Australia East","Germany West Central","Japan East","UK
        South","West US","Central US","North Central US","South Central US","Korea
        Central","Brazil South","West US 3","France Central","South Africa North","Norway
        East"],"apiVersions":["2022-06-01-preview","2022-03-01","2022-01-01-preview"],"capabilities":"CrossResourceGroupResourceMove,
        CrossSubscriptionResourceMove, SupportsTags, SupportsLocation"},{"resourceType":"containerApps","locations":["North
        Central US (Stage)","Canada Central","West Europe","North Europe","East US","East
        US 2","East Asia","Australia East","Germany West Central","Japan East","UK
        South","West US","Central US","North Central US","South Central US","Korea
        Central","Brazil South","West US 3","France Central","South Africa North","Norway
        East"],"apiVersions":["2022-06-01-preview","2022-03-01","2022-01-01-preview"],"capabilities":"CrossResourceGroupResourceMove,
        CrossSubscriptionResourceMove, SystemAssignedResourceIdentity, SupportsTags,
        SupportsLocation"},{"resourceType":"locations","locations":[],"apiVersions":["2022-06-01-preview","2022-03-01","2022-01-01-preview"],"capabilities":"None"},{"resourceType":"locations/managedEnvironmentOperationResults","locations":["North
        Central US (Stage)","Canada Central","West Europe","North Europe","East US","East
        US 2","East Asia","Australia East","Germany West Central","Japan East","UK
        South","West US","Central US","North Central US","South Central US","Korea
        Central","Brazil South","West US 3","France Central","South Africa North","Norway
        East"],"apiVersions":["2022-06-01-preview","2022-03-01","2022-01-01-preview"],"capabilities":"None"},{"resourceType":"locations/managedEnvironmentOperationStatuses","locations":["North
        Central US (Stage)","Canada Central","West Europe","North Europe","East US","East
        US 2","East Asia","Australia East","Germany West Central","Japan East","UK
        South","West US","Central US","North Central US","South Central US","Korea
        Central","Brazil South","West US 3","France Central","South Africa North","Norway
        East"],"apiVersions":["2022-06-01-preview","2022-03-01","2022-01-01-preview"],"capabilities":"None"},{"resourceType":"locations/containerappOperationResults","locations":["North
        Central US (Stage)","Canada Central","West Europe","North Europe","East US","East
        US 2","East Asia","Australia East","Germany West Central","Japan East","UK
        South","West US","Central US","North Central US","South Central US","Korea
        Central","Brazil South","West US 3","France Central","South Africa North","Norway
        East"],"apiVersions":["2022-06-01-preview","2022-03-01","2022-01-01-preview"],"capabilities":"None"},{"resourceType":"locations/containerappOperationStatuses","locations":["North
        Central US (Stage)","Canada Central","West Europe","North Europe","East US","East
        US 2","East Asia","Australia East","Germany West Central","Japan East","UK
        South","West US","Central US","North Central US","South Central US","Korea
        Central","Brazil South","West US 3","France Central","South Africa North","Norway
        East"],"apiVersions":["2022-06-01-preview","2022-03-01","2022-01-01-preview"],"capabilities":"None"},{"resourceType":"operations","locations":["North
        Central US (Stage)","Central US EUAP","East US 2 EUAP","Canada Central","West
        Europe","North Europe","East US","East US 2","East Asia","Australia East","Germany
        West Central","Japan East","UK South","West US","Central US","North Central
        US","South Central US","Korea Central","Brazil South","West US 3","France
        Central","South Africa North","Norway East"],"apiVersions":["2022-06-01-preview","2022-03-01","2022-01-01-preview"],"capabilities":"None"},{"resourceType":"connectedEnvironments","locations":["North
        Central US (Stage)"],"apiVersions":["2022-06-01-preview"],"capabilities":"CrossResourceGroupResourceMove,
        CrossSubscriptionResourceMove, SupportsTags, SupportsLocation"},{"resourceType":"connectedEnvironments/certificates","locations":["North
        Central US (Stage)"],"apiVersions":["2022-06-01-preview"],"capabilities":"CrossResourceGroupResourceMove,
        CrossSubscriptionResourceMove, SupportsTags, SupportsLocation"},{"resourceType":"locations/connectedEnvironmentOperationResults","locations":["North
        Central US (Stage)"],"apiVersions":["2022-06-01-preview"],"capabilities":"None"},{"resourceType":"locations/connectedEnvironmentOperationStatuses","locations":["North
        Central US (Stage)"],"apiVersions":["2022-06-01-preview"],"capabilities":"None"}],"registrationState":"Registered","registrationPolicy":"RegistrationRequired"}'
    headers:
      cache-control:
      - no-cache
      content-length:
      - '5605'
      content-type:
      - application/json; charset=utf-8
      date:
      - Tue, 06 Sep 2022 20:20:14 GMT
      expires:
      - '-1'
      pragma:
      - no-cache
      strict-transport-security:
      - max-age=31536000; includeSubDomains
      vary:
      - Accept-Encoding
      x-content-type-options:
      - nosniff
    status:
      code: 200
      message: OK
- request:
    body: null
    headers:
      Accept:
      - '*/*'
      Accept-Encoding:
      - gzip, deflate
      CommandName:
      - containerapp compose create
      Connection:
      - keep-alive
      ParameterSetName:
      - --compose-file-path --resource-group --environment --logs-workspace
      User-Agent:
      - python/3.8.13 (Linux-5.4.0-1089-azure-x86_64-with-glibc2.2.5) AZURECLI/2.39.0
    method: GET
    uri: https://management.azure.com/subscriptions/00000000-0000-0000-0000-000000000000/resourceGroups/cli_test_containerapp_preview000001/providers/Microsoft.App/managedEnvironments/containerapp-compose000002?api-version=2022-03-01
  response:
    body:
      string: '{"id":"/subscriptions/00000000-0000-0000-0000-000000000000/resourceGroups/cli_test_containerapp_preview000001/providers/Microsoft.App/managedEnvironments/containerapp-compose000002","name":"containerapp-compose000002","type":"Microsoft.App/managedEnvironments","location":"eastus","systemData":{"createdBy":"stmuraws@microsoft.com","createdByType":"User","createdAt":"2022-09-06T20:19:17.903436","lastModifiedBy":"stmuraws@microsoft.com","lastModifiedByType":"User","lastModifiedAt":"2022-09-06T20:19:17.903436"},"properties":{"provisioningState":"Succeeded","defaultDomain":"ambitioustree-2a789af4.eastus.azurecontainerapps.io","staticIp":"52.224.22.16","appLogsConfiguration":{"destination":"log-analytics","logAnalyticsConfiguration":{"customerId":"18d4c4e7-652e-47ec-add5-5401d1b1d9a8"}},"zoneRedundant":false}}'
    headers:
      api-supported-versions:
      - 2022-01-01-preview, 2022-03-01, 2022-05-01, 2022-06-01-preview
      cache-control:
      - no-cache
      content-length:
      - '815'
      content-type:
      - application/json; charset=utf-8
      date:
      - Tue, 06 Sep 2022 20:20:15 GMT
      expires:
      - '-1'
      pragma:
      - no-cache
      server:
      - Microsoft-IIS/10.0
      strict-transport-security:
      - max-age=31536000; includeSubDomains
      transfer-encoding:
      - chunked
      vary:
      - Accept-Encoding,Accept-Encoding
      x-content-type-options:
      - nosniff
      x-powered-by:
      - ASP.NET
    status:
      code: 200
      message: OK
- request:
    body: null
    headers:
      Accept:
      - application/json
      Accept-Encoding:
      - gzip, deflate
      CommandName:
      - containerapp compose create
      Connection:
      - keep-alive
      ParameterSetName:
      - --compose-file-path --resource-group --environment --logs-workspace
      User-Agent:
      - AZURECLI/2.39.0 azsdk-python-azure-mgmt-resource/21.1.0b1 Python/3.8.13 (Linux-5.4.0-1089-azure-x86_64-with-glibc2.2.5)
    method: GET
    uri: https://management.azure.com/subscriptions/00000000-0000-0000-0000-000000000000/providers/Microsoft.App?api-version=2021-04-01
  response:
    body:
      string: '{"id":"/subscriptions/00000000-0000-0000-0000-000000000000/providers/Microsoft.App","namespace":"Microsoft.App","authorizations":[{"applicationId":"7e3bc4fd-85a3-4192-b177-5b8bfc87f42c","roleDefinitionId":"39a74f72-b40f-4bdc-b639-562fe2260bf0"},{"applicationId":"3734c1a4-2bed-4998-a37a-ff1a9e7bf019","roleDefinitionId":"5c779a4f-5cb2-4547-8c41-478d9be8ba90"}],"resourceTypes":[{"resourceType":"managedEnvironments","locations":["North
        Central US (Stage)","Canada Central","West Europe","North Europe","East US","East
        US 2","East Asia","Australia East","Germany West Central","Japan East","UK
        South","West US","Central US","North Central US","South Central US","Korea
        Central","Brazil South","West US 3","France Central","South Africa North","Norway
        East"],"apiVersions":["2022-06-01-preview","2022-03-01","2022-01-01-preview"],"capabilities":"CrossResourceGroupResourceMove,
        CrossSubscriptionResourceMove, SupportsTags, SupportsLocation"},{"resourceType":"managedEnvironments/certificates","locations":["North
        Central US (Stage)","Canada Central","West Europe","North Europe","East US","East
        US 2","East Asia","Australia East","Germany West Central","Japan East","UK
        South","West US","Central US","North Central US","South Central US","Korea
        Central","Brazil South","West US 3","France Central","South Africa North","Norway
        East"],"apiVersions":["2022-06-01-preview","2022-03-01","2022-01-01-preview"],"capabilities":"CrossResourceGroupResourceMove,
        CrossSubscriptionResourceMove, SupportsTags, SupportsLocation"},{"resourceType":"containerApps","locations":["North
        Central US (Stage)","Canada Central","West Europe","North Europe","East US","East
        US 2","East Asia","Australia East","Germany West Central","Japan East","UK
        South","West US","Central US","North Central US","South Central US","Korea
        Central","Brazil South","West US 3","France Central","South Africa North","Norway
        East"],"apiVersions":["2022-06-01-preview","2022-03-01","2022-01-01-preview"],"capabilities":"CrossResourceGroupResourceMove,
        CrossSubscriptionResourceMove, SystemAssignedResourceIdentity, SupportsTags,
        SupportsLocation"},{"resourceType":"locations","locations":[],"apiVersions":["2022-06-01-preview","2022-03-01","2022-01-01-preview"],"capabilities":"None"},{"resourceType":"locations/managedEnvironmentOperationResults","locations":["North
        Central US (Stage)","Canada Central","West Europe","North Europe","East US","East
        US 2","East Asia","Australia East","Germany West Central","Japan East","UK
        South","West US","Central US","North Central US","South Central US","Korea
        Central","Brazil South","West US 3","France Central","South Africa North","Norway
        East"],"apiVersions":["2022-06-01-preview","2022-03-01","2022-01-01-preview"],"capabilities":"None"},{"resourceType":"locations/managedEnvironmentOperationStatuses","locations":["North
        Central US (Stage)","Canada Central","West Europe","North Europe","East US","East
        US 2","East Asia","Australia East","Germany West Central","Japan East","UK
        South","West US","Central US","North Central US","South Central US","Korea
        Central","Brazil South","West US 3","France Central","South Africa North","Norway
        East"],"apiVersions":["2022-06-01-preview","2022-03-01","2022-01-01-preview"],"capabilities":"None"},{"resourceType":"locations/containerappOperationResults","locations":["North
        Central US (Stage)","Canada Central","West Europe","North Europe","East US","East
        US 2","East Asia","Australia East","Germany West Central","Japan East","UK
        South","West US","Central US","North Central US","South Central US","Korea
        Central","Brazil South","West US 3","France Central","South Africa North","Norway
        East"],"apiVersions":["2022-06-01-preview","2022-03-01","2022-01-01-preview"],"capabilities":"None"},{"resourceType":"locations/containerappOperationStatuses","locations":["North
        Central US (Stage)","Canada Central","West Europe","North Europe","East US","East
        US 2","East Asia","Australia East","Germany West Central","Japan East","UK
        South","West US","Central US","North Central US","South Central US","Korea
        Central","Brazil South","West US 3","France Central","South Africa North","Norway
        East"],"apiVersions":["2022-06-01-preview","2022-03-01","2022-01-01-preview"],"capabilities":"None"},{"resourceType":"operations","locations":["North
        Central US (Stage)","Central US EUAP","East US 2 EUAP","Canada Central","West
        Europe","North Europe","East US","East US 2","East Asia","Australia East","Germany
        West Central","Japan East","UK South","West US","Central US","North Central
        US","South Central US","Korea Central","Brazil South","West US 3","France
        Central","South Africa North","Norway East"],"apiVersions":["2022-06-01-preview","2022-03-01","2022-01-01-preview"],"capabilities":"None"},{"resourceType":"connectedEnvironments","locations":["North
        Central US (Stage)"],"apiVersions":["2022-06-01-preview"],"capabilities":"CrossResourceGroupResourceMove,
        CrossSubscriptionResourceMove, SupportsTags, SupportsLocation"},{"resourceType":"connectedEnvironments/certificates","locations":["North
        Central US (Stage)"],"apiVersions":["2022-06-01-preview"],"capabilities":"CrossResourceGroupResourceMove,
        CrossSubscriptionResourceMove, SupportsTags, SupportsLocation"},{"resourceType":"locations/connectedEnvironmentOperationResults","locations":["North
        Central US (Stage)"],"apiVersions":["2022-06-01-preview"],"capabilities":"None"},{"resourceType":"locations/connectedEnvironmentOperationStatuses","locations":["North
        Central US (Stage)"],"apiVersions":["2022-06-01-preview"],"capabilities":"None"}],"registrationState":"Registered","registrationPolicy":"RegistrationRequired"}'
    headers:
      cache-control:
      - no-cache
      content-length:
      - '5605'
      content-type:
      - application/json; charset=utf-8
      date:
      - Tue, 06 Sep 2022 20:20:15 GMT
      expires:
      - '-1'
      pragma:
      - no-cache
      strict-transport-security:
      - max-age=31536000; includeSubDomains
      vary:
      - Accept-Encoding
      x-content-type-options:
      - nosniff
    status:
      code: 200
      message: OK
- request:
    body: '{"location": "eastus", "identity": {"type": "None", "userAssignedIdentities":
      null}, "properties": {"managedEnvironmentId": "/subscriptions/00000000-0000-0000-0000-000000000000/resourceGroups/cli_test_containerapp_preview000001/providers/Microsoft.App/managedEnvironments/containerapp-compose000002",
      "configuration": {"secrets": null, "activeRevisionsMode": "single", "ingress":
      null, "dapr": null, "registries": null}, "template": {"revisionSuffix": null,
      "containers": [{"image": "smurawski/printenv:latest", "name": "foo", "command":
      null, "args": null, "env": null, "resources": null, "volumeMounts": null}],
      "scale": null, "volumes": null}}, "tags": null}'
    headers:
      Accept:
      - '*/*'
      Accept-Encoding:
      - gzip, deflate
      CommandName:
      - containerapp compose create
      Connection:
      - keep-alive
      Content-Length:
      - '661'
      Content-Type:
      - application/json
      ParameterSetName:
      - --compose-file-path --resource-group --environment --logs-workspace
      User-Agent:
      - python/3.8.13 (Linux-5.4.0-1089-azure-x86_64-with-glibc2.2.5) AZURECLI/2.39.0
    method: PUT
    uri: https://management.azure.com/subscriptions/00000000-0000-0000-0000-000000000000/resourceGroups/cli_test_containerapp_preview000001/providers/Microsoft.App/containerApps/foo?api-version=2022-03-01
  response:
    body:
      string: '{"id":"/subscriptions/00000000-0000-0000-0000-000000000000/resourceGroups/cli_test_containerapp_preview000001/providers/Microsoft.App/containerapps/foo","name":"foo","type":"Microsoft.App/containerApps","location":"East
        US","systemData":{"createdBy":"stmuraws@microsoft.com","createdByType":"User","createdAt":"2022-09-06T20:20:16.5870678Z","lastModifiedBy":"stmuraws@microsoft.com","lastModifiedByType":"User","lastModifiedAt":"2022-09-06T20:20:16.5870678Z"},"properties":{"provisioningState":"InProgress","managedEnvironmentId":"/subscriptions/00000000-0000-0000-0000-000000000000/resourceGroups/cli_test_containerapp_preview000001/providers/Microsoft.App/managedEnvironments/containerapp-compose000002","outboundIpAddresses":["52.152.248.135","52.224.21.149","52.224.21.158"],"latestRevisionName":"","latestRevisionFqdn":"","customDomainVerificationId":"5CCF15F9FDEC65710719B2C9BD76850ADA40759DB92FD8C567B2052845A60DA7","configuration":{"activeRevisionsMode":"Single"},"template":{"revisionSuffix":"","containers":[{"image":"smurawski/printenv:latest","name":"foo","resources":{"cpu":0.5,"memory":"1Gi","ephemeralStorage":""}}],"scale":{"maxReplicas":10}}},"identity":{"type":"None"}}'
    headers:
      api-supported-versions:
      - 2022-01-01-preview, 2022-03-01, 2022-05-01, 2022-06-01-preview
      azure-asyncoperation:
      - https://management.azure.com/subscriptions/00000000-0000-0000-0000-000000000000/providers/Microsoft.App/locations/eastus/containerappOperationStatuses/a41c8383-70b4-4ff3-a63d-cd4746efbf0b?api-version=2022-03-01&azureAsyncOperation=true
      cache-control:
      - no-cache
      content-length:
      - '1187'
      content-type:
      - application/json; charset=utf-8
      date:
      - Tue, 06 Sep 2022 20:20:17 GMT
      expires:
      - '-1'
      pragma:
      - no-cache
      server:
      - Microsoft-IIS/10.0
      strict-transport-security:
      - max-age=31536000; includeSubDomains
      x-content-type-options:
      - nosniff
      x-ms-async-operation-timeout:
      - PT15M
      x-ms-ratelimit-remaining-subscription-resource-requests:
      - '499'
      x-powered-by:
      - ASP.NET
    status:
      code: 201
      message: Created
- request:
    body: null
    headers:
      Accept:
      - '*/*'
      Accept-Encoding:
      - gzip, deflate
      CommandName:
      - containerapp compose create
      Connection:
      - keep-alive
      ParameterSetName:
      - --compose-file-path --resource-group --environment --logs-workspace
      User-Agent:
      - python/3.8.13 (Linux-5.4.0-1089-azure-x86_64-with-glibc2.2.5) AZURECLI/2.39.0
    method: GET
    uri: https://management.azure.com/subscriptions/00000000-0000-0000-0000-000000000000/resourceGroups/cli_test_containerapp_preview000001/providers/Microsoft.App/containerApps/foo?api-version=2022-03-01
  response:
    body:
      string: '{"id":"/subscriptions/00000000-0000-0000-0000-000000000000/resourceGroups/cli_test_containerapp_preview000001/providers/Microsoft.App/containerapps/foo","name":"foo","type":"Microsoft.App/containerApps","location":"East
        US","systemData":{"createdBy":"stmuraws@microsoft.com","createdByType":"User","createdAt":"2022-09-06T20:20:16.5870678","lastModifiedBy":"stmuraws@microsoft.com","lastModifiedByType":"User","lastModifiedAt":"2022-09-06T20:20:16.5870678"},"properties":{"provisioningState":"InProgress","managedEnvironmentId":"/subscriptions/00000000-0000-0000-0000-000000000000/resourceGroups/cli_test_containerapp_preview000001/providers/Microsoft.App/managedEnvironments/containerapp-compose000002","outboundIpAddresses":["52.152.248.135","52.224.21.149","52.224.21.158"],"latestRevisionName":"","latestRevisionFqdn":"","customDomainVerificationId":"5CCF15F9FDEC65710719B2C9BD76850ADA40759DB92FD8C567B2052845A60DA7","configuration":{"activeRevisionsMode":"Single"},"template":{"revisionSuffix":"","containers":[{"image":"smurawski/printenv:latest","name":"foo","resources":{"cpu":0.5,"memory":"1Gi","ephemeralStorage":""}}],"scale":{"maxReplicas":10}}},"identity":{"type":"None"}}'
    headers:
      api-supported-versions:
      - 2022-01-01-preview, 2022-03-01, 2022-05-01, 2022-06-01-preview
      cache-control:
      - no-cache
      content-length:
      - '1185'
      content-type:
      - application/json; charset=utf-8
      date:
      - Tue, 06 Sep 2022 20:20:17 GMT
      expires:
      - '-1'
      pragma:
      - no-cache
      server:
      - Microsoft-IIS/10.0
      strict-transport-security:
      - max-age=31536000; includeSubDomains
      transfer-encoding:
      - chunked
      vary:
      - Accept-Encoding,Accept-Encoding
      x-content-type-options:
      - nosniff
      x-powered-by:
      - ASP.NET
    status:
      code: 200
      message: OK
- request:
    body: null
    headers:
      Accept:
      - '*/*'
      Accept-Encoding:
      - gzip, deflate
      CommandName:
      - containerapp compose create
      Connection:
      - keep-alive
      ParameterSetName:
      - --compose-file-path --resource-group --environment --logs-workspace
      User-Agent:
      - python/3.8.13 (Linux-5.4.0-1089-azure-x86_64-with-glibc2.2.5) AZURECLI/2.39.0
    method: GET
    uri: https://management.azure.com/subscriptions/00000000-0000-0000-0000-000000000000/resourceGroups/cli_test_containerapp_preview000001/providers/Microsoft.App/containerApps/foo?api-version=2022-03-01
  response:
    body:
      string: '{"id":"/subscriptions/00000000-0000-0000-0000-000000000000/resourceGroups/cli_test_containerapp_preview000001/providers/Microsoft.App/containerapps/foo","name":"foo","type":"Microsoft.App/containerApps","location":"East
        US","systemData":{"createdBy":"stmuraws@microsoft.com","createdByType":"User","createdAt":"2022-09-06T20:20:16.5870678","lastModifiedBy":"stmuraws@microsoft.com","lastModifiedByType":"User","lastModifiedAt":"2022-09-06T20:20:16.5870678"},"properties":{"provisioningState":"InProgress","managedEnvironmentId":"/subscriptions/00000000-0000-0000-0000-000000000000/resourceGroups/cli_test_containerapp_preview000001/providers/Microsoft.App/managedEnvironments/containerapp-compose000002","outboundIpAddresses":["52.152.248.135","52.224.21.149","52.224.21.158"],"latestRevisionName":"foo--o043rdc","latestRevisionFqdn":"","customDomainVerificationId":"5CCF15F9FDEC65710719B2C9BD76850ADA40759DB92FD8C567B2052845A60DA7","configuration":{"activeRevisionsMode":"Single"},"template":{"revisionSuffix":"","containers":[{"image":"smurawski/printenv:latest","name":"foo","resources":{"cpu":0.5,"memory":"1Gi","ephemeralStorage":""}}],"scale":{"maxReplicas":10}}},"identity":{"type":"None"}}'
    headers:
      api-supported-versions:
      - 2022-01-01-preview, 2022-03-01, 2022-05-01, 2022-06-01-preview
      cache-control:
      - no-cache
      content-length:
      - '1197'
      content-type:
      - application/json; charset=utf-8
      date:
      - Tue, 06 Sep 2022 20:20:20 GMT
      expires:
      - '-1'
      pragma:
      - no-cache
      server:
      - Microsoft-IIS/10.0
      strict-transport-security:
      - max-age=31536000; includeSubDomains
      transfer-encoding:
      - chunked
      vary:
      - Accept-Encoding,Accept-Encoding
      x-content-type-options:
      - nosniff
      x-powered-by:
      - ASP.NET
    status:
      code: 200
      message: OK
- request:
    body: null
    headers:
      Accept:
      - '*/*'
      Accept-Encoding:
      - gzip, deflate
      CommandName:
      - containerapp compose create
      Connection:
      - keep-alive
      ParameterSetName:
      - --compose-file-path --resource-group --environment --logs-workspace
      User-Agent:
      - python/3.8.13 (Linux-5.4.0-1089-azure-x86_64-with-glibc2.2.5) AZURECLI/2.39.0
    method: GET
    uri: https://management.azure.com/subscriptions/00000000-0000-0000-0000-000000000000/resourceGroups/cli_test_containerapp_preview000001/providers/Microsoft.App/containerApps/foo?api-version=2022-03-01
  response:
    body:
      string: '{"id":"/subscriptions/00000000-0000-0000-0000-000000000000/resourceGroups/cli_test_containerapp_preview000001/providers/Microsoft.App/containerapps/foo","name":"foo","type":"Microsoft.App/containerApps","location":"East
        US","systemData":{"createdBy":"stmuraws@microsoft.com","createdByType":"User","createdAt":"2022-09-06T20:20:16.5870678","lastModifiedBy":"stmuraws@microsoft.com","lastModifiedByType":"User","lastModifiedAt":"2022-09-06T20:20:16.5870678"},"properties":{"provisioningState":"InProgress","managedEnvironmentId":"/subscriptions/00000000-0000-0000-0000-000000000000/resourceGroups/cli_test_containerapp_preview000001/providers/Microsoft.App/managedEnvironments/containerapp-compose000002","outboundIpAddresses":["52.152.248.135","52.224.21.149","52.224.21.158"],"latestRevisionName":"foo--o043rdc","latestRevisionFqdn":"","customDomainVerificationId":"5CCF15F9FDEC65710719B2C9BD76850ADA40759DB92FD8C567B2052845A60DA7","configuration":{"activeRevisionsMode":"Single"},"template":{"revisionSuffix":"","containers":[{"image":"smurawski/printenv:latest","name":"foo","resources":{"cpu":0.5,"memory":"1Gi","ephemeralStorage":""}}],"scale":{"maxReplicas":10}}},"identity":{"type":"None"}}'
    headers:
      api-supported-versions:
      - 2022-01-01-preview, 2022-03-01, 2022-05-01, 2022-06-01-preview
      cache-control:
      - no-cache
      content-length:
      - '1197'
      content-type:
      - application/json; charset=utf-8
      date:
      - Tue, 06 Sep 2022 20:20:23 GMT
      expires:
      - '-1'
      pragma:
      - no-cache
      server:
      - Microsoft-IIS/10.0
      strict-transport-security:
      - max-age=31536000; includeSubDomains
      transfer-encoding:
      - chunked
      vary:
      - Accept-Encoding,Accept-Encoding
      x-content-type-options:
      - nosniff
      x-powered-by:
      - ASP.NET
    status:
      code: 200
      message: OK
- request:
    body: null
    headers:
      Accept:
      - '*/*'
      Accept-Encoding:
      - gzip, deflate
      CommandName:
      - containerapp compose create
      Connection:
      - keep-alive
      ParameterSetName:
      - --compose-file-path --resource-group --environment --logs-workspace
      User-Agent:
      - python/3.8.13 (Linux-5.4.0-1089-azure-x86_64-with-glibc2.2.5) AZURECLI/2.39.0
    method: GET
    uri: https://management.azure.com/subscriptions/00000000-0000-0000-0000-000000000000/resourceGroups/cli_test_containerapp_preview000001/providers/Microsoft.App/containerApps/foo?api-version=2022-03-01
  response:
    body:
      string: '{"id":"/subscriptions/00000000-0000-0000-0000-000000000000/resourceGroups/cli_test_containerapp_preview000001/providers/Microsoft.App/containerapps/foo","name":"foo","type":"Microsoft.App/containerApps","location":"East
        US","systemData":{"createdBy":"stmuraws@microsoft.com","createdByType":"User","createdAt":"2022-09-06T20:20:16.5870678","lastModifiedBy":"stmuraws@microsoft.com","lastModifiedByType":"User","lastModifiedAt":"2022-09-06T20:20:16.5870678"},"properties":{"provisioningState":"Succeeded","managedEnvironmentId":"/subscriptions/00000000-0000-0000-0000-000000000000/resourceGroups/cli_test_containerapp_preview000001/providers/Microsoft.App/managedEnvironments/containerapp-compose000002","outboundIpAddresses":["52.152.248.135","52.224.21.149","52.224.21.158"],"latestRevisionName":"foo--o043rdc","latestRevisionFqdn":"","customDomainVerificationId":"5CCF15F9FDEC65710719B2C9BD76850ADA40759DB92FD8C567B2052845A60DA7","configuration":{"activeRevisionsMode":"Single"},"template":{"revisionSuffix":"","containers":[{"image":"smurawski/printenv:latest","name":"foo","resources":{"cpu":0.5,"memory":"1Gi","ephemeralStorage":""}}],"scale":{"maxReplicas":10}}},"identity":{"type":"None"}}'
    headers:
      api-supported-versions:
      - 2022-01-01-preview, 2022-03-01, 2022-05-01, 2022-06-01-preview
      cache-control:
      - no-cache
      content-length:
      - '1196'
      content-type:
      - application/json; charset=utf-8
      date:
      - Tue, 06 Sep 2022 20:20:25 GMT
      expires:
      - '-1'
      pragma:
      - no-cache
      server:
      - Microsoft-IIS/10.0
      strict-transport-security:
      - max-age=31536000; includeSubDomains
      transfer-encoding:
      - chunked
      vary:
      - Accept-Encoding,Accept-Encoding
      x-content-type-options:
      - nosniff
      x-powered-by:
      - ASP.NET
    status:
      code: 200
      message: OK
version: 1
