interactions:
- request:
    body: null
    headers:
      Accept:
      - application/json
      Accept-Encoding:
      - gzip, deflate
      CommandName:
      - resource create
      Connection:
      - keep-alive
      ParameterSetName:
      - -g -n -l --resource-type -p
      User-Agent:
      - python/3.8.0 (Windows-10-10.0.18362-SP0) msrest/0.6.10 msrest_azure/0.6.3
        azure-mgmt-resource/9.0.0 Azure-SDK-For-Python AZURECLI/2.4.0
      accept-language:
      - en-US
    method: GET
    uri: https://management.azure.com/subscriptions/00000000-0000-0000-0000-000000000000/providers/Microsoft.OperationalInsights?api-version=2019-07-01
  response:
    body:
      string: '{"id":"/subscriptions/00000000-0000-0000-0000-000000000000/providers/Microsoft.OperationalInsights","namespace":"Microsoft.OperationalInsights","authorizations":[{"applicationId":"d2a0a418-0aac-4541-82b2-b3142c89da77","roleDefinitionId":"86695298-2eb9-48a7-9ec3-2fdb38b6878b"},{"applicationId":"ca7f3f0b-7d91-482c-8e09-c5d840d0eac5","roleDefinitionId":"5d5a2e56-9835-44aa-93db-d2f19e155438"}],"resourceTypes":[{"resourceType":"workspaces","locations":["East
        US","West Europe","Southeast Asia","Australia Southeast","West Central US","Japan
        East","UK South","Central India","Canada Central","West US 2","Australia Central","Australia
        East","France Central","Korea Central","North Europe","Central US","East Asia","East
        US 2","South Central US","North Central US","West US","UK West","South Africa
        North","Brazil South","Switzerland North","Switzerland West"],"apiVersions":["2020-03-01-preview","2017-04-26-preview","2017-03-15-preview","2017-03-03-preview","2017-01-01-preview","2015-11-01-preview","2015-03-20"],"capabilities":"CrossResourceGroupResourceMove,
        CrossSubscriptionResourceMove, SupportsTags, SupportsLocation"},{"resourceType":"locations","locations":[],"apiVersions":["2020-03-01-preview","2019-08-01-preview","2017-04-26-preview","2017-03-15-preview","2017-03-03-preview","2017-01-01-preview","2015-11-01-preview","2015-03-20"],"defaultApiVersion":"2015-11-01-preview","capabilities":"None"},{"resourceType":"locations/operationStatuses","locations":["East
        US","West Europe","Southeast Asia","Australia Southeast","West Central US","Japan
        East","UK South","Central India","Canada Central","West US 2","Australia Central","Australia
        East","France Central","Korea Central","North Europe","Central US","East Asia","East
        US 2","South Central US","North Central US","West US","UK West","South Africa
        North","Brazil South","Switzerland North","Switzerland West"],"apiVersions":["2020-03-01-preview","2019-08-01-preview","2017-04-26-preview","2017-03-15-preview","2017-03-03-preview","2017-01-01-preview","2015-11-01-preview","2015-03-20"],"defaultApiVersion":"2015-11-01-preview","capabilities":"None"},{"resourceType":"workspaces/scopedPrivateLinkProxies","locations":["East
        US","West Europe","Southeast Asia","Australia Southeast","West Central US","Japan
        East","UK South","Central India","Canada Central","West US 2","Australia Central","Australia
        East","France Central","Korea Central","North Europe","Central US","East Asia","East
        US 2","South Central US","North Central US","West US","UK West","South Africa
        North","Brazil South","Switzerland North","Switzerland West"],"apiVersions":["2020-03-01-preview","2019-08-01-preview","2015-11-01-preview"],"defaultApiVersion":"2015-11-01-preview","capabilities":"None"},{"resourceType":"workspaces/query","locations":["West
        Central US","Australia Southeast","West Europe","East US","Southeast Asia","Japan
        East","UK South","Central India","Canada Central","West US 2","Australia Central","Australia
        East","France Central","Korea Central","North Europe","Central US","East Asia","East
        US 2","South Central US","North Central US","West US","UK West","South Africa
        North","Brazil South","Switzerland West","Switzerland North"],"apiVersions":["2017-10-01"],"capabilities":"None"},{"resourceType":"workspaces/dataSources","locations":["East
        US","West Europe","Southeast Asia","Australia Southeast","West Central US","Japan
        East","UK South","Central India","Canada Central","West US 2","Australia Central","Australia
        East","France Central","Korea Central","North Europe","Central US","East Asia","East
        US 2","South Central US","North Central US","West US","UK West","South Africa
        North","Brazil South","Switzerland North","Switzerland West"],"apiVersions":["2020-03-01-preview","2015-11-01-preview"],"defaultApiVersion":"2015-11-01-preview","capabilities":"None"},{"resourceType":"workspaces/linkedStorageAccounts","locations":["East
        US","West Europe","Southeast Asia","Australia Southeast","West Central US","Japan
        East","UK South","Central India","Canada Central","West US 2","Australia Central","Australia
        East","France Central","Korea Central","North Europe","Central US","East Asia","East
        US 2","South Central US","North Central US","West US","UK West","South Africa
        North","Brazil South","Switzerland North","Switzerland West"],"apiVersions":["2020-03-01-preview","2019-08-01-preview"],"defaultApiVersion":"2019-08-01-preview","capabilities":"None"},{"resourceType":"storageInsightConfigs","locations":[],"apiVersions":["2020-03-01-preview","2014-10-10"],"capabilities":"SupportsExtension"},{"resourceType":"workspaces/linkedServices","locations":["East
        US","West Europe","Southeast Asia","Australia Southeast","West Central US","Japan
        East","UK South","Central India","Canada Central","West US 2","Australia Central","Australia
        East","France Central","Korea Central","North Europe","Central US","East Asia","East
        US 2","South Central US","North Central US","West US","UK West","South Africa
        North","Brazil South","Switzerland North","Switzerland West"],"apiVersions":["2020-03-01-preview","2019-08-01-preview","2015-11-01-preview"],"defaultApiVersion":"2015-11-01-preview","capabilities":"None"},{"resourceType":"linkTargets","locations":["East
        US"],"apiVersions":["2020-03-01-preview","2015-03-20"],"capabilities":"None"},{"resourceType":"operations","locations":[],"apiVersions":["2020-03-01-preview","2015-11-01-preview","2014-11-10"],"defaultApiVersion":"2015-11-01-preview","capabilities":"None"},{"resourceType":"clusters","locations":["East
        US","West Europe","Southeast Asia","Australia Southeast","West Central US","Japan
        East","UK South","Central India","Canada Central","West US 2","Australia Central","Australia
        East","France Central","Korea Central","North Europe","Central US","East Asia","East
        US 2","South Central US","North Central US","West US","UK West","South Africa
        North","Switzerland North","Switzerland West","Brazil South"],"apiVersions":["2020-03-01-preview","2019-08-01-preview"],"defaultApiVersion":"2019-08-01-preview","capabilities":"CrossResourceGroupResourceMove,
        CrossSubscriptionResourceMove, SystemAssignedResourceIdentity, SupportsTags,
        SupportsLocation"}],"registrationState":"Registered","registrationPolicy":"RegistrationRequired"}'
    headers:
      cache-control:
      - no-cache
      content-length:
      - '6229'
      content-type:
      - application/json; charset=utf-8
      date:
      - Wed, 29 Apr 2020 04:19:14 GMT
      expires:
      - '-1'
      pragma:
      - no-cache
      strict-transport-security:
      - max-age=31536000; includeSubDomains
      vary:
      - Accept-Encoding
      x-content-type-options:
      - nosniff
    status:
      code: 200
      message: OK
- request:
    body: '{"location": "westus", "properties": {"features": {"legacy": "0", "searchVersion":
      "1"}, "retentionInDays": "7", "sku": {"name": "free"}, "source": "Azure"}}'
    headers:
      Accept:
      - application/json
      Accept-Encoding:
      - gzip, deflate
      CommandName:
      - resource create
      Connection:
      - keep-alive
      Content-Length:
      - '157'
      Content-Type:
      - application/json; charset=utf-8
      ParameterSetName:
      - -g -n -l --resource-type -p
      User-Agent:
      - python/3.8.0 (Windows-10-10.0.18362-SP0) msrest/0.6.10 msrest_azure/0.6.3
        azure-mgmt-resource/9.0.0 Azure-SDK-For-Python AZURECLI/2.4.0
      accept-language:
      - en-US
    method: PUT
    uri: https://management.azure.com/subscriptions/00000000-0000-0000-0000-000000000000/resourcegroups/clitest.rg000001/providers/Microsoft.OperationalInsights/workspaces/workspace000004?api-version=2015-03-20
  response:
    body:
      string: "{\r\n  \"properties\": {\r\n    \"source\": \"Azure\",\r\n    \"customerId\":
        \"72f05203-b1d5-4145-9a40-065e9c98382e\",\r\n    \"provisioningState\": \"Creating\",\r\n
        \   \"sku\": {\r\n      \"name\": \"free\",\r\n      \"lastSkuUpdate\": \"Wed,
        29 Apr 2020 04:19:23 GMT\"\r\n    },\r\n    \"retentionInDays\": 7,\r\n    \"features\":
        {\r\n      \"legacy\": 0,\r\n      \"searchVersion\": 1,\r\n      \"enableLogAccessUsingOnlyResourcePermissions\":
        true\r\n    },\r\n    \"workspaceCapping\": {\r\n      \"dailyQuotaGb\": 0.5,\r\n
        \     \"quotaNextResetTime\": \"Thu, 30 Apr 2020 00:00:00 GMT\",\r\n      \"dataIngestionStatus\":
        \"RespectQuota\"\r\n    },\r\n    \"publicNetworkAccessForIngestion\": \"Enabled\",\r\n
        \   \"publicNetworkAccessForQuery\": \"Enabled\"\r\n  },\r\n  \"id\": \"/subscriptions/00000000-0000-0000-0000-000000000000/resourcegroups/clitest.rg000001/providers/microsoft.operationalinsights/workspaces/workspace000004\",\r\n
        \ \"name\": \"workspace000004\",\r\n  \"type\": \"Microsoft.OperationalInsights/workspaces\",\r\n
        \ \"location\": \"westus\"\r\n}"
    headers:
      cache-control:
      - no-cache
      content-length:
      - '1019'
      content-type:
      - application/json
      date:
      - Wed, 29 Apr 2020 04:19:24 GMT
      pragma:
      - no-cache
      server:
      - Microsoft-IIS/10.0
      - Microsoft-IIS/10.0
      strict-transport-security:
      - max-age=31536000; includeSubDomains
      x-content-type-options:
      - nosniff
      x-ms-ratelimit-remaining-subscription-writes:
      - '1198'
      x-powered-by:
      - ASP.NET
      - ASP.NET
    status:
      code: 201
      message: Created
- request:
    body: null
    headers:
      Accept:
      - application/json
      Accept-Encoding:
      - gzip, deflate
      CommandName:
      - resource create
      Connection:
      - keep-alive
      ParameterSetName:
      - -g -n -l --resource-type -p
      User-Agent:
      - python/3.8.0 (Windows-10-10.0.18362-SP0) msrest/0.6.10 msrest_azure/0.6.3
        azure-mgmt-resource/9.0.0 Azure-SDK-For-Python AZURECLI/2.4.0
    method: GET
    uri: https://management.azure.com/subscriptions/00000000-0000-0000-0000-000000000000/resourcegroups/clitest.rg000001/providers/Microsoft.OperationalInsights/workspaces/workspace000004?api-version=2015-03-20
  response:
    body:
      string: "{\r\n  \"properties\": {\r\n    \"source\": \"Azure\",\r\n    \"customerId\":
        \"72f05203-b1d5-4145-9a40-065e9c98382e\",\r\n    \"provisioningState\": \"Succeeded\",\r\n
        \   \"sku\": {\r\n      \"name\": \"free\",\r\n      \"lastSkuUpdate\": \"Wed,
        29 Apr 2020 04:19:23 GMT\"\r\n    },\r\n    \"retentionInDays\": 7,\r\n    \"features\":
        {\r\n      \"legacy\": 0,\r\n      \"searchVersion\": 1,\r\n      \"enableLogAccessUsingOnlyResourcePermissions\":
        true\r\n    },\r\n    \"workspaceCapping\": {\r\n      \"dailyQuotaGb\": 0.5,\r\n
        \     \"quotaNextResetTime\": \"Thu, 30 Apr 2020 00:00:00 GMT\",\r\n      \"dataIngestionStatus\":
        \"RespectQuota\"\r\n    },\r\n    \"publicNetworkAccessForIngestion\": \"Enabled\",\r\n
        \   \"publicNetworkAccessForQuery\": \"Enabled\"\r\n  },\r\n  \"id\": \"/subscriptions/00000000-0000-0000-0000-000000000000/resourcegroups/clitest.rg000001/providers/microsoft.operationalinsights/workspaces/workspace000004\",\r\n
        \ \"name\": \"workspace000004\",\r\n  \"type\": \"Microsoft.OperationalInsights/workspaces\",\r\n
        \ \"location\": \"westus\"\r\n}"
    headers:
      cache-control:
      - no-cache
      content-length:
      - '1020'
      content-type:
      - application/json
      date:
      - Wed, 29 Apr 2020 04:19:55 GMT
      pragma:
      - no-cache
      server:
      - Microsoft-IIS/10.0
      - Microsoft-IIS/10.0
      strict-transport-security:
      - max-age=31536000; includeSubDomains
      transfer-encoding:
      - chunked
      vary:
      - Accept-Encoding
      x-content-type-options:
      - nosniff
      x-powered-by:
      - ASP.NET
      - ASP.NET
    status:
      code: 200
      message: OK
- request:
    body: null
    headers:
      Accept:
      - application/json
      Accept-Encoding:
      - gzip, deflate
      CommandName:
      - monitor log-analytics solution create
      Connection:
      - keep-alive
      Content-Type:
      - application/json; charset=utf-8
      ParameterSetName:
      - --resource-group --name --plan-publisher --plan-product --workspace --tags
      User-Agent:
      - python/3.8.0 (Windows-10-10.0.18362-SP0) msrest/0.6.10 msrest_azure/0.6.3
        azure-mgmt-loganalytics/0.2.0 Azure-SDK-For-Python AZURECLI/2.4.0
      accept-language:
      - en-US
    method: GET
    uri: https://management.azure.com/subscriptions/00000000-0000-0000-0000-000000000000/resourcegroups/clitest.rg000001/providers/Microsoft.OperationalInsights/workspaces/workspace000004?api-version=2015-11-01-preview
  response:
    body:
      string: "{\r\n  \"properties\": {\r\n    \"source\": \"Azure\",\r\n    \"customerId\":
        \"72f05203-b1d5-4145-9a40-065e9c98382e\",\r\n    \"provisioningState\": \"Succeeded\",\r\n
        \   \"sku\": {\r\n      \"name\": \"free\",\r\n      \"lastSkuUpdate\": \"Wed,
        29 Apr 2020 04:19:23 GMT\"\r\n    },\r\n    \"retentionInDays\": 7,\r\n    \"features\":
        {\r\n      \"legacy\": 0,\r\n      \"searchVersion\": 1,\r\n      \"enableLogAccessUsingOnlyResourcePermissions\":
        true\r\n    },\r\n    \"workspaceCapping\": {\r\n      \"dailyQuotaGb\": 0.5,\r\n
        \     \"quotaNextResetTime\": \"Thu, 30 Apr 2020 00:00:00 GMT\",\r\n      \"dataIngestionStatus\":
        \"RespectQuota\"\r\n    },\r\n    \"publicNetworkAccessForIngestion\": \"Enabled\",\r\n
        \   \"publicNetworkAccessForQuery\": \"Enabled\"\r\n  },\r\n  \"id\": \"/subscriptions/00000000-0000-0000-0000-000000000000/resourcegroups/clitest.rg000001/providers/microsoft.operationalinsights/workspaces/workspace000004\",\r\n
        \ \"name\": \"workspace000004\",\r\n  \"type\": \"Microsoft.OperationalInsights/workspaces\",\r\n
        \ \"location\": \"westus\"\r\n}"
    headers:
      cache-control:
      - no-cache
      content-length:
      - '1020'
      content-type:
      - application/json
      date:
      - Wed, 29 Apr 2020 04:19:59 GMT
      pragma:
      - no-cache
      server:
      - Microsoft-IIS/10.0
      - Microsoft-IIS/10.0
      strict-transport-security:
      - max-age=31536000; includeSubDomains
      transfer-encoding:
      - chunked
      vary:
      - Accept-Encoding
      x-content-type-options:
      - nosniff
      x-powered-by:
      - ASP.NET
      - ASP.NET
    status:
      code: 200
      message: OK
- request:
    body: 'b''{"location": "westus", "tags": {"key1": "value1"}, "plan": {"name":
      "Containers(workspace000004)", "publisher": "Microsoft", "promotionCode": "",
      "product": "OMSGallery/Containers"}, "properties": {"workspaceResourceId": "/subscriptions/00000000-0000-0000-0000-000000000000/resourcegroups/clitest.rg000001/providers/microsoft.operationalinsights/workspaces/workspace000004"}}'''
    headers:
      Accept:
      - application/json
      Accept-Encoding:
      - gzip, deflate
      CommandName:
      - monitor log-analytics solution create
      Connection:
      - keep-alive
      Content-Length:
      - '444'
      Content-Type:
      - application/json; charset=utf-8
      ParameterSetName:
      - --resource-group --name --plan-publisher --plan-product --workspace --tags
      User-Agent:
      - python/3.8.0 (Windows-10-10.0.18362-SP0) msrest/0.6.10 msrest_azure/0.6.3
        azure-mgmt-operationsmanagement/0.1.0 Azure-SDK-For-Python AZURECLI/2.4.0
      accept-language:
      - en-US
    method: PUT
    uri: https://management.azure.com/subscriptions/00000000-0000-0000-0000-000000000000/resourcegroups/clitest.rg000001/providers/Microsoft.OperationsManagement/solutions/Containers%28workspace000004%29?api-version=2015-11-01-preview
  response:
    body:
      string: "{\r\n  \"plan\": {\r\n    \"name\": \"Containers(workspace000004)\",\r\n
        \   \"publisher\": \"Microsoft\",\r\n    \"promotionCode\": \"\",\r\n    \"product\":
        \"OMSGallery/Containers\"\r\n  },\r\n  \"properties\": {\r\n    \"workspaceResourceId\":
        \"/subscriptions/00000000-0000-0000-0000-000000000000/resourcegroups/clitest.rg000001/providers/microsoft.operationalinsights/workspaces/workspace000004\",\r\n
        \   \"provisioningState\": \"Succeeded\",\r\n    \"creationTime\": \"Mon,
        01 Jan 0001 00:00:00 GMT\",\r\n    \"lastModifiedTime\": \"Mon, 01 Jan 0001
        00:00:00 GMT\",\r\n    \"containedResources\": [\r\n      \"/subscriptions/00000000-0000-0000-0000-000000000000/resourcegroups/clitest.rg000001/providers/Microsoft.OperationalInsights/workspaces/workspace000004/views/Containers(workspace000004)\"\r\n
        \   ]\r\n  },\r\n  \"id\": \"/subscriptions/00000000-0000-0000-0000-000000000000/resourcegroups/clitest.rg000001/providers/Microsoft.OperationsManagement/solutions/Containers(workspace000004)\",\r\n
        \ \"name\": \"Containers(workspace000004)\",\r\n  \"type\": \"Microsoft.OperationsManagement/solutions\",\r\n
        \ \"location\": \"West US\",\r\n  \"tags\": {\r\n    \"key1\": \"value1\"\r\n
        \ }\r\n}"
    headers:
      cache-control:
      - no-cache
      cachecontrol:
      - no-cache
      content-length:
      - '1297'
      content-type:
      - application/json; charset=utf-8
      date:
      - Wed, 29 Apr 2020 04:20:06 GMT
      expires:
      - '-1'
      pragma:
      - no-cache
      server:
      - Microsoft-IIS/10.0
      - Microsoft-IIS/10.0
      strict-transport-security:
      - max-age=31536000; includeSubDomains
      x-ams-apiversion:
      - WebAPI1.0
      x-content-type-options:
      - nosniff
      x-ms-ratelimit-remaining-subscription-writes:
      - '1199'
      x-powered-by:
      - ASP.NET
      - ASP.NET
    status:
      code: 201
      message: Created
- request:
    body: null
    headers:
      Accept:
      - application/json
      Accept-Encoding:
      - gzip, deflate
      CommandName:
      - monitor log-analytics solution show
      Connection:
      - keep-alive
      ParameterSetName:
      - --resource-group --name
      User-Agent:
      - python/3.8.0 (Windows-10-10.0.18362-SP0) msrest/0.6.10 msrest_azure/0.6.3
        azure-mgmt-operationsmanagement/0.1.0 Azure-SDK-For-Python AZURECLI/2.4.0
      accept-language:
      - en-US
    method: GET
    uri: https://management.azure.com/subscriptions/00000000-0000-0000-0000-000000000000/resourcegroups/clitest.rg000001/providers/Microsoft.OperationsManagement/solutions/Containers%28workspace000004%29?api-version=2015-11-01-preview
  response:
    body:
      string: "{\r\n  \"plan\": {\r\n    \"name\": \"Containers(workspace000004)\",\r\n
        \   \"publisher\": \"Microsoft\",\r\n    \"promotionCode\": \"\",\r\n    \"product\":
        \"OMSGallery/Containers\"\r\n  },\r\n  \"properties\": {\r\n    \"workspaceResourceId\":
        \"/subscriptions/00000000-0000-0000-0000-000000000000/resourcegroups/clitest.rg000001/providers/Microsoft.OperationalInsights/workspaces/workspace000004\",\r\n
        \   \"provisioningState\": \"Succeeded\",\r\n    \"creationTime\": \"Wed,
        29 Apr 2020 04:20:05 GMT\",\r\n    \"lastModifiedTime\": \"Wed, 29 Apr 2020
        04:20:05 GMT\",\r\n    \"containedResources\": [\r\n      \"/subscriptions/00000000-0000-0000-0000-000000000000/resourcegroups/clitest.rg000001/providers/Microsoft.OperationalInsights/workspaces/workspace000004/views/Containers(workspace000004)\"\r\n
        \   ]\r\n  },\r\n  \"id\": \"/subscriptions/00000000-0000-0000-0000-000000000000/resourcegroups/clitest.rg000001/providers/Microsoft.OperationsManagement/solutions/Containers(workspace000004)\",\r\n
        \ \"name\": \"Containers(workspace000004)\",\r\n  \"type\": \"Microsoft.OperationsManagement/solutions\",\r\n
        \ \"location\": \"West US\",\r\n  \"tags\": {\r\n    \"key1\": \"value1\"\r\n
        \ }\r\n}"
    headers:
      cache-control:
      - no-cache
      cachecontrol:
      - no-cache
      content-length:
      - '1297'
      content-type:
      - application/json; charset=utf-8
      date:
      - Wed, 29 Apr 2020 04:20:07 GMT
      expires:
      - '-1'
      pragma:
      - no-cache
      server:
      - Microsoft-IIS/10.0
      - Microsoft-IIS/10.0
      strict-transport-security:
      - max-age=31536000; includeSubDomains
      transfer-encoding:
      - chunked
      vary:
      - Accept-Encoding
      x-ams-apiversion:
      - WebAPI1.0
      x-content-type-options:
      - nosniff
      x-powered-by:
      - ASP.NET
      - ASP.NET
    status:
      code: 200
      message: OK
- request:
    body: '{"tags": {"key2": "value2"}}'
    headers:
      Accept:
      - application/json
      Accept-Encoding:
      - gzip, deflate
      CommandName:
      - monitor log-analytics solution update
      Connection:
      - keep-alive
      Content-Length:
      - '28'
      Content-Type:
      - application/json; charset=utf-8
      ParameterSetName:
      - --resource-group --name --tags
      User-Agent:
      - python/3.8.0 (Windows-10-10.0.18362-SP0) msrest/0.6.10 msrest_azure/0.6.3
        azure-mgmt-operationsmanagement/0.1.0 Azure-SDK-For-Python AZURECLI/2.4.0
      accept-language:
      - en-US
    method: PATCH
    uri: https://management.azure.com/subscriptions/00000000-0000-0000-0000-000000000000/resourcegroups/clitest.rg000001/providers/Microsoft.OperationsManagement/solutions/Containers%28workspace000004%29?api-version=2015-11-01-preview
  response:
    body:
      string: "{\r\n  \"plan\": {\r\n    \"name\": \"Containers(workspace000004)\",\r\n
        \   \"publisher\": \"Microsoft\",\r\n    \"promotionCode\": \"\",\r\n    \"product\":
        \"OMSGallery/Containers\"\r\n  },\r\n  \"properties\": {\r\n    \"workspaceResourceId\":
        \"/subscriptions/00000000-0000-0000-0000-000000000000/resourcegroups/clitest.rg000001/providers/Microsoft.OperationalInsights/workspaces/workspace000004\",\r\n
        \   \"provisioningState\": \"Succeeded\",\r\n    \"creationTime\": \"Wed,
        29 Apr 2020 04:20:05 GMT\",\r\n    \"lastModifiedTime\": \"Wed, 29 Apr 2020
        04:20:05 GMT\",\r\n    \"containedResources\": [\r\n      \"/subscriptions/00000000-0000-0000-0000-000000000000/resourcegroups/clitest.rg000001/providers/Microsoft.OperationalInsights/workspaces/workspace000004/views/Containers(workspace000004)\"\r\n
        \   ]\r\n  },\r\n  \"id\": \"/subscriptions/00000000-0000-0000-0000-000000000000/resourcegroups/clitest.rg000001/providers/Microsoft.OperationsManagement/solutions/Containers(workspace000004)\",\r\n
        \ \"name\": \"Containers(workspace000004)\",\r\n  \"type\": \"Microsoft.OperationsManagement/solutions\",\r\n
        \ \"location\": \"West US\",\r\n  \"tags\": {\r\n    \"key2\": \"value2\"\r\n
        \ }\r\n}"
    headers:
      cache-control:
      - no-cache
      cachecontrol:
      - no-cache
      content-length:
      - '1297'
      content-type:
      - application/json; charset=utf-8
      date:
      - Wed, 29 Apr 2020 04:20:12 GMT
      expires:
      - '-1'
      pragma:
      - no-cache
      server:
      - Microsoft-IIS/10.0
      - Microsoft-IIS/10.0
      strict-transport-security:
      - max-age=31536000; includeSubDomains
      transfer-encoding:
      - chunked
      vary:
      - Accept-Encoding
      x-ams-apiversion:
      - WebAPI1.0
      x-content-type-options:
      - nosniff
      x-ms-ratelimit-remaining-subscription-writes:
      - '1198'
      x-powered-by:
      - ASP.NET
      - ASP.NET
    status:
      code: 200
      message: OK
- request:
    body: null
    headers:
      Accept:
      - application/json
      Accept-Encoding:
      - gzip, deflate
      CommandName:
      - monitor log-analytics solution show
      Connection:
      - keep-alive
      ParameterSetName:
      - --resource-group --name
      User-Agent:
      - python/3.8.0 (Windows-10-10.0.18362-SP0) msrest/0.6.10 msrest_azure/0.6.3
        azure-mgmt-operationsmanagement/0.1.0 Azure-SDK-For-Python AZURECLI/2.4.0
      accept-language:
      - en-US
    method: GET
    uri: https://management.azure.com/subscriptions/00000000-0000-0000-0000-000000000000/resourcegroups/clitest.rg000001/providers/Microsoft.OperationsManagement/solutions/Containers%28workspace000004%29?api-version=2015-11-01-preview
  response:
    body:
      string: "{\r\n  \"plan\": {\r\n    \"name\": \"Containers(workspace000004)\",\r\n
        \   \"publisher\": \"Microsoft\",\r\n    \"promotionCode\": \"\",\r\n    \"product\":
        \"OMSGallery/Containers\"\r\n  },\r\n  \"properties\": {\r\n    \"workspaceResourceId\":
        \"/subscriptions/00000000-0000-0000-0000-000000000000/resourcegroups/clitest.rg000001/providers/Microsoft.OperationalInsights/workspaces/workspace000004\",\r\n
        \   \"provisioningState\": \"Succeeded\",\r\n    \"creationTime\": \"Wed,
        29 Apr 2020 04:20:05 GMT\",\r\n    \"lastModifiedTime\": \"Wed, 29 Apr 2020
        04:20:09 GMT\",\r\n    \"containedResources\": [\r\n      \"/subscriptions/00000000-0000-0000-0000-000000000000/resourcegroups/clitest.rg000001/providers/Microsoft.OperationalInsights/workspaces/workspace000004/views/Containers(workspace000004)\"\r\n
        \   ]\r\n  },\r\n  \"id\": \"/subscriptions/00000000-0000-0000-0000-000000000000/resourcegroups/clitest.rg000001/providers/Microsoft.OperationsManagement/solutions/Containers(workspace000004)\",\r\n
        \ \"name\": \"Containers(workspace000004)\",\r\n  \"type\": \"Microsoft.OperationsManagement/solutions\",\r\n
        \ \"location\": \"West US\",\r\n  \"tags\": {\r\n    \"key2\": \"value2\"\r\n
        \ }\r\n}"
    headers:
      cache-control:
      - no-cache
      cachecontrol:
      - no-cache
      content-length:
      - '1297'
      content-type:
      - application/json; charset=utf-8
      date:
      - Wed, 29 Apr 2020 04:20:14 GMT
      expires:
      - '-1'
      pragma:
      - no-cache
      server:
      - Microsoft-IIS/10.0
      - Microsoft-IIS/10.0
      strict-transport-security:
      - max-age=31536000; includeSubDomains
      transfer-encoding:
      - chunked
      vary:
      - Accept-Encoding
      x-ams-apiversion:
      - WebAPI1.0
      x-content-type-options:
      - nosniff
      x-powered-by:
      - ASP.NET
      - ASP.NET
    status:
      code: 200
      message: OK
- request:
    body: null
    headers:
      Accept:
      - application/json
      Accept-Encoding:
      - gzip, deflate
      CommandName:
      - resource create
      Connection:
      - keep-alive
      ParameterSetName:
      - -g -n -l --resource-type -p
      User-Agent:
      - python/3.8.0 (Windows-10-10.0.18362-SP0) msrest/0.6.10 msrest_azure/0.6.3
        azure-mgmt-resource/9.0.0 Azure-SDK-For-Python AZURECLI/2.4.0
      accept-language:
      - en-US
    method: GET
    uri: https://management.azure.com/subscriptions/00000000-0000-0000-0000-000000000000/providers/Microsoft.OperationalInsights?api-version=2019-07-01
  response:
    body:
      string: '{"id":"/subscriptions/00000000-0000-0000-0000-000000000000/providers/Microsoft.OperationalInsights","namespace":"Microsoft.OperationalInsights","authorizations":[{"applicationId":"d2a0a418-0aac-4541-82b2-b3142c89da77","roleDefinitionId":"86695298-2eb9-48a7-9ec3-2fdb38b6878b"},{"applicationId":"ca7f3f0b-7d91-482c-8e09-c5d840d0eac5","roleDefinitionId":"5d5a2e56-9835-44aa-93db-d2f19e155438"}],"resourceTypes":[{"resourceType":"workspaces","locations":["East
        US","West Europe","Southeast Asia","Australia Southeast","West Central US","Japan
        East","UK South","Central India","Canada Central","West US 2","Australia Central","Australia
        East","France Central","Korea Central","North Europe","Central US","East Asia","East
        US 2","South Central US","North Central US","West US","UK West","South Africa
        North","Brazil South","Switzerland North","Switzerland West"],"apiVersions":["2020-03-01-preview","2017-04-26-preview","2017-03-15-preview","2017-03-03-preview","2017-01-01-preview","2015-11-01-preview","2015-03-20"],"capabilities":"CrossResourceGroupResourceMove,
        CrossSubscriptionResourceMove, SupportsTags, SupportsLocation"},{"resourceType":"locations","locations":[],"apiVersions":["2020-03-01-preview","2019-08-01-preview","2017-04-26-preview","2017-03-15-preview","2017-03-03-preview","2017-01-01-preview","2015-11-01-preview","2015-03-20"],"defaultApiVersion":"2015-11-01-preview","capabilities":"None"},{"resourceType":"locations/operationStatuses","locations":["East
        US","West Europe","Southeast Asia","Australia Southeast","West Central US","Japan
        East","UK South","Central India","Canada Central","West US 2","Australia Central","Australia
        East","France Central","Korea Central","North Europe","Central US","East Asia","East
        US 2","South Central US","North Central US","West US","UK West","South Africa
        North","Brazil South","Switzerland North","Switzerland West"],"apiVersions":["2020-03-01-preview","2019-08-01-preview","2017-04-26-preview","2017-03-15-preview","2017-03-03-preview","2017-01-01-preview","2015-11-01-preview","2015-03-20"],"defaultApiVersion":"2015-11-01-preview","capabilities":"None"},{"resourceType":"workspaces/scopedPrivateLinkProxies","locations":["East
        US","West Europe","Southeast Asia","Australia Southeast","West Central US","Japan
        East","UK South","Central India","Canada Central","West US 2","Australia Central","Australia
        East","France Central","Korea Central","North Europe","Central US","East Asia","East
        US 2","South Central US","North Central US","West US","UK West","South Africa
        North","Brazil South","Switzerland North","Switzerland West"],"apiVersions":["2020-03-01-preview","2019-08-01-preview","2015-11-01-preview"],"defaultApiVersion":"2015-11-01-preview","capabilities":"None"},{"resourceType":"workspaces/query","locations":["West
        Central US","Australia Southeast","West Europe","East US","Southeast Asia","Japan
        East","UK South","Central India","Canada Central","West US 2","Australia Central","Australia
        East","France Central","Korea Central","North Europe","Central US","East Asia","East
        US 2","South Central US","North Central US","West US","UK West","South Africa
        North","Brazil South","Switzerland West","Switzerland North"],"apiVersions":["2017-10-01"],"capabilities":"None"},{"resourceType":"workspaces/dataSources","locations":["East
        US","West Europe","Southeast Asia","Australia Southeast","West Central US","Japan
        East","UK South","Central India","Canada Central","West US 2","Australia Central","Australia
        East","France Central","Korea Central","North Europe","Central US","East Asia","East
        US 2","South Central US","North Central US","West US","UK West","South Africa
        North","Brazil South","Switzerland North","Switzerland West"],"apiVersions":["2020-03-01-preview","2015-11-01-preview"],"defaultApiVersion":"2015-11-01-preview","capabilities":"None"},{"resourceType":"workspaces/linkedStorageAccounts","locations":["East
        US","West Europe","Southeast Asia","Australia Southeast","West Central US","Japan
        East","UK South","Central India","Canada Central","West US 2","Australia Central","Australia
        East","France Central","Korea Central","North Europe","Central US","East Asia","East
        US 2","South Central US","North Central US","West US","UK West","South Africa
        North","Brazil South","Switzerland North","Switzerland West"],"apiVersions":["2020-03-01-preview","2019-08-01-preview"],"defaultApiVersion":"2019-08-01-preview","capabilities":"None"},{"resourceType":"storageInsightConfigs","locations":[],"apiVersions":["2020-03-01-preview","2014-10-10"],"capabilities":"SupportsExtension"},{"resourceType":"workspaces/linkedServices","locations":["East
        US","West Europe","Southeast Asia","Australia Southeast","West Central US","Japan
        East","UK South","Central India","Canada Central","West US 2","Australia Central","Australia
        East","France Central","Korea Central","North Europe","Central US","East Asia","East
        US 2","South Central US","North Central US","West US","UK West","South Africa
        North","Brazil South","Switzerland North","Switzerland West"],"apiVersions":["2020-03-01-preview","2019-08-01-preview","2015-11-01-preview"],"defaultApiVersion":"2015-11-01-preview","capabilities":"None"},{"resourceType":"linkTargets","locations":["East
        US"],"apiVersions":["2020-03-01-preview","2015-03-20"],"capabilities":"None"},{"resourceType":"operations","locations":[],"apiVersions":["2020-03-01-preview","2015-11-01-preview","2014-11-10"],"defaultApiVersion":"2015-11-01-preview","capabilities":"None"},{"resourceType":"clusters","locations":["East
        US","West Europe","Southeast Asia","Australia Southeast","West Central US","Japan
        East","UK South","Central India","Canada Central","West US 2","Australia Central","Australia
        East","France Central","Korea Central","North Europe","Central US","East Asia","East
        US 2","South Central US","North Central US","West US","UK West","South Africa
        North","Switzerland North","Switzerland West","Brazil South"],"apiVersions":["2020-03-01-preview","2019-08-01-preview"],"defaultApiVersion":"2019-08-01-preview","capabilities":"CrossResourceGroupResourceMove,
        CrossSubscriptionResourceMove, SystemAssignedResourceIdentity, SupportsTags,
        SupportsLocation"}],"registrationState":"Registered","registrationPolicy":"RegistrationRequired"}'
    headers:
      cache-control:
      - no-cache
      content-length:
      - '6229'
      content-type:
      - application/json; charset=utf-8
      date:
      - Wed, 29 Apr 2020 04:20:15 GMT
      expires:
      - '-1'
      pragma:
      - no-cache
      strict-transport-security:
      - max-age=31536000; includeSubDomains
      vary:
      - Accept-Encoding
      x-content-type-options:
      - nosniff
    status:
      code: 200
      message: OK
- request:
    body: '{"location": "westus", "properties": {"features": {"legacy": "0", "searchVersion":
      "1"}, "retentionInDays": "7", "sku": {"name": "free"}, "source": "Azure"}}'
    headers:
      Accept:
      - application/json
      Accept-Encoding:
      - gzip, deflate
      CommandName:
      - resource create
      Connection:
      - keep-alive
      Content-Length:
      - '157'
      Content-Type:
      - application/json; charset=utf-8
      ParameterSetName:
      - -g -n -l --resource-type -p
      User-Agent:
      - python/3.8.0 (Windows-10-10.0.18362-SP0) msrest/0.6.10 msrest_azure/0.6.3
        azure-mgmt-resource/9.0.0 Azure-SDK-For-Python AZURECLI/2.4.0
      accept-language:
      - en-US
    method: PUT
    uri: https://management.azure.com/subscriptions/00000000-0000-0000-0000-000000000000/resourcegroups/clitest.rg000002/providers/Microsoft.OperationalInsights/workspaces/workspace000005?api-version=2015-03-20
  response:
    body:
      string: "{\r\n  \"properties\": {\r\n    \"source\": \"Azure\",\r\n    \"customerId\":
        \"5624d117-206f-46df-aa3e-7fbbb6db4231\",\r\n    \"provisioningState\": \"Creating\",\r\n
        \   \"sku\": {\r\n      \"name\": \"free\",\r\n      \"lastSkuUpdate\": \"Wed,
        29 Apr 2020 04:20:19 GMT\"\r\n    },\r\n    \"retentionInDays\": 7,\r\n    \"features\":
        {\r\n      \"legacy\": 0,\r\n      \"searchVersion\": 1,\r\n      \"enableLogAccessUsingOnlyResourcePermissions\":
        true\r\n    },\r\n    \"workspaceCapping\": {\r\n      \"dailyQuotaGb\": 0.5,\r\n
        \     \"quotaNextResetTime\": \"Wed, 29 Apr 2020 20:00:00 GMT\",\r\n      \"dataIngestionStatus\":
        \"RespectQuota\"\r\n    },\r\n    \"publicNetworkAccessForIngestion\": \"Enabled\",\r\n
        \   \"publicNetworkAccessForQuery\": \"Enabled\"\r\n  },\r\n  \"id\": \"/subscriptions/00000000-0000-0000-0000-000000000000/resourcegroups/clitest.rg000002/providers/microsoft.operationalinsights/workspaces/workspace000005\",\r\n
        \ \"name\": \"workspace000005\",\r\n  \"type\": \"Microsoft.OperationalInsights/workspaces\",\r\n
        \ \"location\": \"westus\"\r\n}"
    headers:
      cache-control:
      - no-cache
      content-length:
      - '1019'
      content-type:
      - application/json
      date:
      - Wed, 29 Apr 2020 04:20:20 GMT
      pragma:
      - no-cache
      server:
      - Microsoft-IIS/10.0
      - Microsoft-IIS/10.0
      strict-transport-security:
      - max-age=31536000; includeSubDomains
      x-content-type-options:
      - nosniff
      x-ms-ratelimit-remaining-subscription-writes:
      - '1198'
      x-powered-by:
      - ASP.NET
      - ASP.NET
    status:
      code: 201
      message: Created
- request:
    body: null
    headers:
      Accept:
      - application/json
      Accept-Encoding:
      - gzip, deflate
      CommandName:
      - resource create
      Connection:
      - keep-alive
      ParameterSetName:
      - -g -n -l --resource-type -p
      User-Agent:
      - python/3.8.0 (Windows-10-10.0.18362-SP0) msrest/0.6.10 msrest_azure/0.6.3
        azure-mgmt-resource/9.0.0 Azure-SDK-For-Python AZURECLI/2.4.0
    method: GET
    uri: https://management.azure.com/subscriptions/00000000-0000-0000-0000-000000000000/resourcegroups/clitest.rg000002/providers/Microsoft.OperationalInsights/workspaces/workspace000005?api-version=2015-03-20
  response:
    body:
      string: "{\r\n  \"properties\": {\r\n    \"source\": \"Azure\",\r\n    \"customerId\":
        \"5624d117-206f-46df-aa3e-7fbbb6db4231\",\r\n    \"provisioningState\": \"Succeeded\",\r\n
        \   \"sku\": {\r\n      \"name\": \"free\",\r\n      \"lastSkuUpdate\": \"Wed,
        29 Apr 2020 04:20:19 GMT\"\r\n    },\r\n    \"retentionInDays\": 7,\r\n    \"features\":
        {\r\n      \"legacy\": 0,\r\n      \"searchVersion\": 1,\r\n      \"enableLogAccessUsingOnlyResourcePermissions\":
        true\r\n    },\r\n    \"workspaceCapping\": {\r\n      \"dailyQuotaGb\": 0.5,\r\n
        \     \"quotaNextResetTime\": \"Wed, 29 Apr 2020 20:00:00 GMT\",\r\n      \"dataIngestionStatus\":
        \"RespectQuota\"\r\n    },\r\n    \"publicNetworkAccessForIngestion\": \"Enabled\",\r\n
        \   \"publicNetworkAccessForQuery\": \"Enabled\"\r\n  },\r\n  \"id\": \"/subscriptions/00000000-0000-0000-0000-000000000000/resourcegroups/clitest.rg000002/providers/microsoft.operationalinsights/workspaces/workspace000005\",\r\n
        \ \"name\": \"workspace000005\",\r\n  \"type\": \"Microsoft.OperationalInsights/workspaces\",\r\n
        \ \"location\": \"westus\"\r\n}"
    headers:
      cache-control:
      - no-cache
      content-length:
      - '1020'
      content-type:
      - application/json
      date:
      - Wed, 29 Apr 2020 04:20:52 GMT
      pragma:
      - no-cache
      server:
      - Microsoft-IIS/10.0
      - Microsoft-IIS/10.0
      strict-transport-security:
      - max-age=31536000; includeSubDomains
      transfer-encoding:
      - chunked
      vary:
      - Accept-Encoding
      x-content-type-options:
      - nosniff
      x-powered-by:
      - ASP.NET
      - ASP.NET
    status:
      code: 200
      message: OK
- request:
    body: null
    headers:
      Accept:
      - application/json
      Accept-Encoding:
      - gzip, deflate
      CommandName:
      - monitor log-analytics solution create
      Connection:
      - keep-alive
      Content-Type:
      - application/json; charset=utf-8
      ParameterSetName:
      - --resource-group --name --plan-publisher --plan-product --workspace --tags
      User-Agent:
      - python/3.8.0 (Windows-10-10.0.18362-SP0) msrest/0.6.10 msrest_azure/0.6.3
        azure-mgmt-loganalytics/0.2.0 Azure-SDK-For-Python AZURECLI/2.4.0
      accept-language:
      - en-US
    method: GET
    uri: https://management.azure.com/subscriptions/00000000-0000-0000-0000-000000000000/resourcegroups/clitest.rg000002/providers/Microsoft.OperationalInsights/workspaces/workspace000005?api-version=2015-11-01-preview
  response:
    body:
      string: "{\r\n  \"properties\": {\r\n    \"source\": \"Azure\",\r\n    \"customerId\":
        \"5624d117-206f-46df-aa3e-7fbbb6db4231\",\r\n    \"provisioningState\": \"Succeeded\",\r\n
        \   \"sku\": {\r\n      \"name\": \"free\",\r\n      \"lastSkuUpdate\": \"Wed,
        29 Apr 2020 04:20:19 GMT\"\r\n    },\r\n    \"retentionInDays\": 7,\r\n    \"features\":
        {\r\n      \"legacy\": 0,\r\n      \"searchVersion\": 1,\r\n      \"enableLogAccessUsingOnlyResourcePermissions\":
        true\r\n    },\r\n    \"workspaceCapping\": {\r\n      \"dailyQuotaGb\": 0.5,\r\n
        \     \"quotaNextResetTime\": \"Wed, 29 Apr 2020 20:00:00 GMT\",\r\n      \"dataIngestionStatus\":
        \"RespectQuota\"\r\n    },\r\n    \"publicNetworkAccessForIngestion\": \"Enabled\",\r\n
        \   \"publicNetworkAccessForQuery\": \"Enabled\"\r\n  },\r\n  \"id\": \"/subscriptions/00000000-0000-0000-0000-000000000000/resourcegroups/clitest.rg000002/providers/microsoft.operationalinsights/workspaces/workspace000005\",\r\n
        \ \"name\": \"workspace000005\",\r\n  \"type\": \"Microsoft.OperationalInsights/workspaces\",\r\n
        \ \"location\": \"westus\"\r\n}"
    headers:
      cache-control:
      - no-cache
      content-length:
      - '1020'
      content-type:
      - application/json
      date:
      - Wed, 29 Apr 2020 04:20:54 GMT
      pragma:
      - no-cache
      server:
      - Microsoft-IIS/10.0
      - Microsoft-IIS/10.0
      strict-transport-security:
      - max-age=31536000; includeSubDomains
      transfer-encoding:
      - chunked
      vary:
      - Accept-Encoding
      x-content-type-options:
      - nosniff
      x-powered-by:
      - ASP.NET
      - ASP.NET
    status:
      code: 200
      message: OK
- request:
    body: 'b''{"location": "westus", "tags": {"key3": "value3"}, "plan": {"name":
      "Containers(workspace000005)", "publisher": "Microsoft", "promotionCode": "",
      "product": "OMSGallery/Containers"}, "properties": {"workspaceResourceId": "/subscriptions/00000000-0000-0000-0000-000000000000/resourceGroups/clitest.rg000002/providers/microsoft.OperationalInsights/workspaces/workspace000005"}}'''
    headers:
      Accept:
      - application/json
      Accept-Encoding:
      - gzip, deflate
      CommandName:
      - monitor log-analytics solution create
      Connection:
      - keep-alive
      Content-Length:
      - '444'
      Content-Type:
      - application/json; charset=utf-8
      ParameterSetName:
      - --resource-group --name --plan-publisher --plan-product --workspace --tags
      User-Agent:
      - python/3.8.0 (Windows-10-10.0.18362-SP0) msrest/0.6.10 msrest_azure/0.6.3
        azure-mgmt-operationsmanagement/0.1.0 Azure-SDK-For-Python AZURECLI/2.4.0
      accept-language:
      - en-US
    method: PUT
    uri: https://management.azure.com/subscriptions/00000000-0000-0000-0000-000000000000/resourcegroups/clitest.rg000002/providers/Microsoft.OperationsManagement/solutions/Containers%28workspace000005%29?api-version=2015-11-01-preview
  response:
    body:
      string: "{\r\n  \"plan\": {\r\n    \"name\": \"Containers(workspace000005)\",\r\n
        \   \"publisher\": \"Microsoft\",\r\n    \"promotionCode\": \"\",\r\n    \"product\":
        \"OMSGallery/Containers\"\r\n  },\r\n  \"properties\": {\r\n    \"workspaceResourceId\":
        \"/subscriptions/00000000-0000-0000-0000-000000000000/resourceGroups/clitest.rg000002/providers/microsoft.OperationalInsights/workspaces/workspace000005\",\r\n
        \   \"provisioningState\": \"Succeeded\",\r\n    \"creationTime\": \"Mon,
        01 Jan 0001 00:00:00 GMT\",\r\n    \"lastModifiedTime\": \"Mon, 01 Jan 0001
        00:00:00 GMT\",\r\n    \"containedResources\": [\r\n      \"/subscriptions/00000000-0000-0000-0000-000000000000/resourcegroups/clitest.rg000002/providers/Microsoft.OperationalInsights/workspaces/workspace000005/views/Containers(workspace000005)\"\r\n
        \   ]\r\n  },\r\n  \"id\": \"/subscriptions/00000000-0000-0000-0000-000000000000/resourcegroups/clitest.rg000002/providers/Microsoft.OperationsManagement/solutions/Containers(workspace000005)\",\r\n
        \ \"name\": \"Containers(workspace000005)\",\r\n  \"type\": \"Microsoft.OperationsManagement/solutions\",\r\n
        \ \"location\": \"West US\",\r\n  \"tags\": {\r\n    \"key3\": \"value3\"\r\n
        \ }\r\n}"
    headers:
      cache-control:
      - no-cache
      cachecontrol:
      - no-cache
      content-length:
      - '1297'
      content-type:
      - application/json; charset=utf-8
      date:
      - Wed, 29 Apr 2020 04:21:04 GMT
      expires:
      - '-1'
      pragma:
      - no-cache
      server:
      - Microsoft-IIS/10.0
      - Microsoft-IIS/10.0
      strict-transport-security:
      - max-age=31536000; includeSubDomains
      x-ams-apiversion:
      - WebAPI1.0
      x-content-type-options:
      - nosniff
      x-ms-ratelimit-remaining-subscription-writes:
      - '1197'
      x-powered-by:
      - ASP.NET
      - ASP.NET
    status:
      code: 201
      message: Created
- request:
    body: null
    headers:
      Accept:
      - application/json
      Accept-Encoding:
      - gzip, deflate
      CommandName:
      - monitor log-analytics solution list
      Connection:
      - keep-alive
      ParameterSetName:
      - --query
      User-Agent:
      - python/3.8.0 (Windows-10-10.0.18362-SP0) msrest/0.6.10 msrest_azure/0.6.3
        azure-mgmt-operationsmanagement/0.1.0 Azure-SDK-For-Python AZURECLI/2.4.0
      accept-language:
      - en-US
    method: GET
    uri: https://management.azure.com/subscriptions/00000000-0000-0000-0000-000000000000/providers/Microsoft.OperationsManagement/solutions?api-version=2015-11-01-preview
  response:
    body:
      string: '{"value":[{"plan":{"name":"Containers(workspace000004)","publisher":"Microsoft","promotionCode":"","product":"OMSGallery/Containers"},"properties":{"workspaceResourceId":"/subscriptions/00000000-0000-0000-0000-000000000000/resourcegroups/clitest.rg000001/providers/microsoft.operationalinsights/workspaces/workspace000004","provisioningState":"Succeeded","creationTime":"Wed,
        29 Apr 2020 04:20:05 GMT","lastModifiedTime":"Wed, 29 Apr 2020 04:20:09 GMT","containedResources":["/subscriptions/00000000-0000-0000-0000-000000000000/resourcegroups/clitest.rg000001/providers/microsoft.operationalinsights/workspaces/workspace000004/views/Containers(workspace000004)"]},"id":"/subscriptions/00000000-0000-0000-0000-000000000000/resourcegroups/clitest.rg000001/providers/Microsoft.OperationsManagement/solutions/Containers(workspace000004)","name":"Containers(workspace000004)","type":"Microsoft.OperationsManagement/solutions","location":"West
        US","tags":{"key2":"value2"}},{"plan":{"name":"Containers(workspace000005)","publisher":"Microsoft","promotionCode":"","product":"OMSGallery/Containers"},"properties":{"workspaceResourceId":"/subscriptions/00000000-0000-0000-0000-000000000000/resourcegroups/clitest.rg000002/providers/microsoft.operationalinsights/workspaces/workspace000005","provisioningState":"Succeeded","creationTime":"Wed,
        29 Apr 2020 04:20:59 GMT","lastModifiedTime":"Wed, 29 Apr 2020 04:20:59 GMT","containedResources":["/subscriptions/00000000-0000-0000-0000-000000000000/resourcegroups/clitest.rg000002/providers/microsoft.operationalinsights/workspaces/workspace000005/views/Containers(workspace000005)"]},"id":"/subscriptions/00000000-0000-0000-0000-000000000000/resourcegroups/clitest.rg000002/providers/Microsoft.OperationsManagement/solutions/Containers(workspace000005)","name":"Containers(workspace000005)","type":"Microsoft.OperationsManagement/solutions","location":"West
        US","tags":{"key3":"value3"}},{"plan":{"name":"SecurityCenterFree(yu-test-ws1)","publisher":"Microsoft","promotionCode":"","product":"OMSGallery/SecurityCenterFree"},"properties":{"workspaceResourceId":"/subscriptions/00000000-0000-0000-0000-000000000000/resourcegroups/azure-cli-test-scus/providers/microsoft.operationalinsights/workspaces/yu-test-ws1","provisioningState":"Succeeded","creationTime":"Sat,
        25 Apr 2020 01:11:55 GMT","lastModifiedTime":"Sat, 25 Apr 2020 17:12:10 GMT","containedResources":[]},"id":"/subscriptions/00000000-0000-0000-0000-000000000000/resourcegroups/azure-cli-test-scus/providers/Microsoft.OperationsManagement/solutions/SecurityCenterFree(yu-test-ws1)","name":"SecurityCenterFree(yu-test-ws1)","type":"Microsoft.OperationsManagement/solutions","location":"South
        Central US"}]}'
    headers:
      cache-control:
      - no-cache
      content-length:
      - '3119'
      content-type:
      - application/json; charset=utf-8
      date:
      - Wed, 29 Apr 2020 04:21:06 GMT
      expires:
      - '-1'
      pragma:
      - no-cache
      strict-transport-security:
      - max-age=31536000; includeSubDomains
      vary:
      - Accept-Encoding
      x-content-type-options:
      - nosniff
      x-ms-original-request-ids:
      - 9f144bad-075e-43a6-a6cd-6cee92374515
      - cfb6a0c1-a634-4f65-a305-f84c824cb24c
    status:
      code: 200
      message: OK
- request:
    body: null
    headers:
      Accept:
      - application/json
      Accept-Encoding:
      - gzip, deflate
      CommandName:
      - monitor log-analytics solution list
      Connection:
      - keep-alive
      ParameterSetName:
      - --resource-group --query
      User-Agent:
      - python/3.8.0 (Windows-10-10.0.18362-SP0) msrest/0.6.10 msrest_azure/0.6.3
        azure-mgmt-operationsmanagement/0.1.0 Azure-SDK-For-Python AZURECLI/2.4.0
      accept-language:
      - en-US
    method: GET
    uri: https://management.azure.com/subscriptions/00000000-0000-0000-0000-000000000000/resourcegroups/clitest.rg000002/providers/Microsoft.OperationsManagement/solutions?api-version=2015-11-01-preview
  response:
    body:
      string: "{\r\n  \"value\": [\r\n    {\r\n      \"plan\": {\r\n        \"name\":
        \"Containers(workspace000005)\",\r\n        \"publisher\": \"Microsoft\",\r\n
        \       \"promotionCode\": \"\",\r\n        \"product\": \"OMSGallery/Containers\"\r\n
        \     },\r\n      \"properties\": {\r\n        \"workspaceResourceId\": \"/subscriptions/00000000-0000-0000-0000-000000000000/resourcegroups/clitest.rg000002/providers/microsoft.operationalinsights/workspaces/workspace000005\",\r\n
        \       \"provisioningState\": \"Succeeded\",\r\n        \"creationTime\":
        \"Wed, 29 Apr 2020 04:20:59 GMT\",\r\n        \"lastModifiedTime\": \"Wed,
        29 Apr 2020 04:20:59 GMT\",\r\n        \"containedResources\": [\r\n          \"/subscriptions/00000000-0000-0000-0000-000000000000/resourcegroups/clitest.rg000002/providers/microsoft.operationalinsights/workspaces/workspace000005/views/Containers(workspace000005)\"\r\n
        \       ]\r\n      },\r\n      \"id\": \"/subscriptions/00000000-0000-0000-0000-000000000000/resourcegroups/clitest.rg000002/providers/Microsoft.OperationsManagement/solutions/Containers(workspace000005)\",\r\n
        \     \"name\": \"Containers(workspace000005)\",\r\n      \"type\": \"Microsoft.OperationsManagement/solutions\",\r\n
        \     \"location\": \"West US\",\r\n      \"tags\": {\r\n        \"key3\":
        \"value3\"\r\n      }\r\n    }\r\n  ]\r\n}"
    headers:
      cache-control:
      - no-cache
      cachecontrol:
      - no-cache
      content-length:
      - '1418'
      content-type:
      - application/json; charset=utf-8
      date:
      - Wed, 29 Apr 2020 04:21:08 GMT
      expires:
      - '-1'
      pragma:
      - no-cache
      server:
      - Microsoft-IIS/10.0
      - Microsoft-IIS/10.0
      strict-transport-security:
      - max-age=31536000; includeSubDomains
      transfer-encoding:
      - chunked
      vary:
      - Accept-Encoding
      x-ams-apiversion:
      - WebAPI1.0
      x-content-type-options:
      - nosniff
      x-powered-by:
      - ASP.NET
      - ASP.NET
    status:
      code: 200
      message: OK
- request:
    body: null
    headers:
      Accept:
      - application/json
      Accept-Encoding:
      - gzip, deflate
      CommandName:
      - monitor log-analytics solution delete
      Connection:
      - keep-alive
      Content-Length:
      - '0'
      ParameterSetName:
      - --resource-group --name -y
      User-Agent:
      - python/3.8.0 (Windows-10-10.0.18362-SP0) msrest/0.6.10 msrest_azure/0.6.3
        azure-mgmt-operationsmanagement/0.1.0 Azure-SDK-For-Python AZURECLI/2.4.0
      accept-language:
      - en-US
    method: DELETE
    uri: https://management.azure.com/subscriptions/00000000-0000-0000-0000-000000000000/resourcegroups/clitest.rg000001/providers/Microsoft.OperationsManagement/solutions/Containers%28workspace000004%29?api-version=2015-11-01-preview
  response:
    body:
      string: ''
    headers:
      cache-control:
      - no-cache
      cachecontrol:
      - no-cache
      content-length:
      - '0'
      date:
      - Wed, 29 Apr 2020 04:21:15 GMT
      expires:
      - '-1'
      pragma:
      - no-cache
      server:
      - Microsoft-IIS/10.0
      - Microsoft-IIS/10.0
      strict-transport-security:
      - max-age=31536000; includeSubDomains
      x-ams-apiversion:
      - WebAPI1.0
      x-content-type-options:
      - nosniff
      x-ms-ratelimit-remaining-subscription-deletes:
      - '14998'
      x-powered-by:
      - ASP.NET
      - ASP.NET
    status:
      code: 200
      message: OK
- request:
    body: null
    headers:
      Accept:
      - application/json
      Accept-Encoding:
      - gzip, deflate
      CommandName:
      - monitor log-analytics solution delete
      Connection:
      - keep-alive
      Content-Length:
      - '0'
      ParameterSetName:
      - --resource-group --name -y
      User-Agent:
      - python/3.8.0 (Windows-10-10.0.18362-SP0) msrest/0.6.10 msrest_azure/0.6.3
        azure-mgmt-operationsmanagement/0.1.0 Azure-SDK-For-Python AZURECLI/2.4.0
      accept-language:
      - en-US
    method: DELETE
    uri: https://management.azure.com/subscriptions/00000000-0000-0000-0000-000000000000/resourcegroups/clitest.rg000002/providers/Microsoft.OperationsManagement/solutions/Containers%28workspace000005%29?api-version=2015-11-01-preview
  response:
    body:
      string: ''
    headers:
      cache-control:
      - no-cache
      cachecontrol:
      - no-cache
      content-length:
      - '0'
      date:
      - Wed, 29 Apr 2020 04:21:21 GMT
      expires:
      - '-1'
      pragma:
      - no-cache
      server:
      - Microsoft-IIS/10.0
      - Microsoft-IIS/10.0
      strict-transport-security:
      - max-age=31536000; includeSubDomains
      x-ams-apiversion:
      - WebAPI1.0
      x-content-type-options:
      - nosniff
      x-ms-ratelimit-remaining-subscription-deletes:
      - '14998'
      x-powered-by:
      - ASP.NET
      - ASP.NET
    status:
      code: 200
      message: OK
- request:
    body: null
    headers:
      Accept:
      - application/json
      Accept-Encoding:
      - gzip, deflate
      CommandName:
      - resource delete
      Connection:
      - keep-alive
      ParameterSetName:
      - -g -n --resource-type
      User-Agent:
      - python/3.8.0 (Windows-10-10.0.18362-SP0) msrest/0.6.10 msrest_azure/0.6.3
        azure-mgmt-resource/9.0.0 Azure-SDK-For-Python AZURECLI/2.4.0
      accept-language:
      - en-US
    method: GET
    uri: https://management.azure.com/subscriptions/00000000-0000-0000-0000-000000000000/providers/Microsoft.OperationalInsights?api-version=2019-07-01
  response:
    body:
      string: '{"id":"/subscriptions/00000000-0000-0000-0000-000000000000/providers/Microsoft.OperationalInsights","namespace":"Microsoft.OperationalInsights","authorizations":[{"applicationId":"d2a0a418-0aac-4541-82b2-b3142c89da77","roleDefinitionId":"86695298-2eb9-48a7-9ec3-2fdb38b6878b"},{"applicationId":"ca7f3f0b-7d91-482c-8e09-c5d840d0eac5","roleDefinitionId":"5d5a2e56-9835-44aa-93db-d2f19e155438"}],"resourceTypes":[{"resourceType":"workspaces","locations":["East
        US","West Europe","Southeast Asia","Australia Southeast","West Central US","Japan
        East","UK South","Central India","Canada Central","West US 2","Australia Central","Australia
        East","France Central","Korea Central","North Europe","Central US","East Asia","East
        US 2","South Central US","North Central US","West US","UK West","South Africa
        North","Brazil South","Switzerland North","Switzerland West"],"apiVersions":["2020-03-01-preview","2017-04-26-preview","2017-03-15-preview","2017-03-03-preview","2017-01-01-preview","2015-11-01-preview","2015-03-20"],"capabilities":"CrossResourceGroupResourceMove,
        CrossSubscriptionResourceMove, SupportsTags, SupportsLocation"},{"resourceType":"locations","locations":[],"apiVersions":["2020-03-01-preview","2019-08-01-preview","2017-04-26-preview","2017-03-15-preview","2017-03-03-preview","2017-01-01-preview","2015-11-01-preview","2015-03-20"],"defaultApiVersion":"2015-11-01-preview","capabilities":"None"},{"resourceType":"locations/operationStatuses","locations":["East
        US","West Europe","Southeast Asia","Australia Southeast","West Central US","Japan
        East","UK South","Central India","Canada Central","West US 2","Australia Central","Australia
        East","France Central","Korea Central","North Europe","Central US","East Asia","East
        US 2","South Central US","North Central US","West US","UK West","South Africa
        North","Brazil South","Switzerland North","Switzerland West"],"apiVersions":["2020-03-01-preview","2019-08-01-preview","2017-04-26-preview","2017-03-15-preview","2017-03-03-preview","2017-01-01-preview","2015-11-01-preview","2015-03-20"],"defaultApiVersion":"2015-11-01-preview","capabilities":"None"},{"resourceType":"workspaces/scopedPrivateLinkProxies","locations":["East
        US","West Europe","Southeast Asia","Australia Southeast","West Central US","Japan
        East","UK South","Central India","Canada Central","West US 2","Australia Central","Australia
        East","France Central","Korea Central","North Europe","Central US","East Asia","East
        US 2","South Central US","North Central US","West US","UK West","South Africa
        North","Brazil South","Switzerland North","Switzerland West"],"apiVersions":["2020-03-01-preview","2019-08-01-preview","2015-11-01-preview"],"defaultApiVersion":"2015-11-01-preview","capabilities":"None"},{"resourceType":"workspaces/query","locations":["West
        Central US","Australia Southeast","West Europe","East US","Southeast Asia","Japan
        East","UK South","Central India","Canada Central","West US 2","Australia Central","Australia
        East","France Central","Korea Central","North Europe","Central US","East Asia","East
        US 2","South Central US","North Central US","West US","UK West","South Africa
        North","Brazil South","Switzerland West","Switzerland North"],"apiVersions":["2017-10-01"],"capabilities":"None"},{"resourceType":"workspaces/dataSources","locations":["East
        US","West Europe","Southeast Asia","Australia Southeast","West Central US","Japan
        East","UK South","Central India","Canada Central","West US 2","Australia Central","Australia
        East","France Central","Korea Central","North Europe","Central US","East Asia","East
        US 2","South Central US","North Central US","West US","UK West","South Africa
        North","Brazil South","Switzerland North","Switzerland West"],"apiVersions":["2020-03-01-preview","2015-11-01-preview"],"defaultApiVersion":"2015-11-01-preview","capabilities":"None"},{"resourceType":"workspaces/linkedStorageAccounts","locations":["East
        US","West Europe","Southeast Asia","Australia Southeast","West Central US","Japan
        East","UK South","Central India","Canada Central","West US 2","Australia Central","Australia
        East","France Central","Korea Central","North Europe","Central US","East Asia","East
        US 2","South Central US","North Central US","West US","UK West","South Africa
        North","Brazil South","Switzerland North","Switzerland West"],"apiVersions":["2020-03-01-preview","2019-08-01-preview"],"defaultApiVersion":"2019-08-01-preview","capabilities":"None"},{"resourceType":"storageInsightConfigs","locations":[],"apiVersions":["2020-03-01-preview","2014-10-10"],"capabilities":"SupportsExtension"},{"resourceType":"workspaces/linkedServices","locations":["East
        US","West Europe","Southeast Asia","Australia Southeast","West Central US","Japan
        East","UK South","Central India","Canada Central","West US 2","Australia Central","Australia
        East","France Central","Korea Central","North Europe","Central US","East Asia","East
        US 2","South Central US","North Central US","West US","UK West","South Africa
        North","Brazil South","Switzerland North","Switzerland West"],"apiVersions":["2020-03-01-preview","2019-08-01-preview","2015-11-01-preview"],"defaultApiVersion":"2015-11-01-preview","capabilities":"None"},{"resourceType":"linkTargets","locations":["East
        US"],"apiVersions":["2020-03-01-preview","2015-03-20"],"capabilities":"None"},{"resourceType":"operations","locations":[],"apiVersions":["2020-03-01-preview","2015-11-01-preview","2014-11-10"],"defaultApiVersion":"2015-11-01-preview","capabilities":"None"},{"resourceType":"clusters","locations":["East
        US","West Europe","Southeast Asia","Australia Southeast","West Central US","Japan
        East","UK South","Central India","Canada Central","West US 2","Australia Central","Australia
        East","France Central","Korea Central","North Europe","Central US","East Asia","East
        US 2","South Central US","North Central US","West US","UK West","South Africa
        North","Switzerland North","Switzerland West","Brazil South"],"apiVersions":["2020-03-01-preview","2019-08-01-preview"],"defaultApiVersion":"2019-08-01-preview","capabilities":"CrossResourceGroupResourceMove,
        CrossSubscriptionResourceMove, SystemAssignedResourceIdentity, SupportsTags,
        SupportsLocation"}],"registrationState":"Registered","registrationPolicy":"RegistrationRequired"}'
    headers:
      cache-control:
      - no-cache
      content-length:
      - '6229'
      content-type:
      - application/json; charset=utf-8
      date:
      - Wed, 29 Apr 2020 04:21:22 GMT
      expires:
      - '-1'
      pragma:
      - no-cache
      strict-transport-security:
      - max-age=31536000; includeSubDomains
      vary:
      - Accept-Encoding
      x-content-type-options:
      - nosniff
    status:
      code: 200
      message: OK
- request:
    body: null
    headers:
      Accept:
      - application/json
      Accept-Encoding:
      - gzip, deflate
      CommandName:
      - resource delete
      Connection:
      - keep-alive
      Content-Length:
      - '0'
      ParameterSetName:
      - -g -n --resource-type
      User-Agent:
      - python/3.8.0 (Windows-10-10.0.18362-SP0) msrest/0.6.10 msrest_azure/0.6.3
        azure-mgmt-resource/9.0.0 Azure-SDK-For-Python AZURECLI/2.4.0
      accept-language:
      - en-US
    method: DELETE
    uri: https://management.azure.com/subscriptions/00000000-0000-0000-0000-000000000000/resourcegroups/clitest.rg000001/providers/Microsoft.OperationalInsights/workspaces/workspace000004?api-version=2015-03-20
  response:
    body:
      string: ''
    headers:
      cache-control:
      - no-cache
      content-length:
      - '0'
      date:
      - Wed, 29 Apr 2020 04:21:24 GMT
      pragma:
      - no-cache
      server:
      - Microsoft-IIS/10.0
      - Microsoft-IIS/10.0
      strict-transport-security:
      - max-age=31536000; includeSubDomains
      x-content-type-options:
      - nosniff
      x-ms-ratelimit-remaining-subscription-deletes:
      - '14999'
      x-powered-by:
      - ASP.NET
      - ASP.NET
    status:
      code: 200
      message: OK
- request:
    body: null
    headers:
      Accept:
      - application/json
      Accept-Encoding:
      - gzip, deflate
      CommandName:
      - resource delete
      Connection:
      - keep-alive
      ParameterSetName:
      - -g -n --resource-type
      User-Agent:
      - python/3.8.0 (Windows-10-10.0.18362-SP0) msrest/0.6.10 msrest_azure/0.6.3
        azure-mgmt-resource/9.0.0 Azure-SDK-For-Python AZURECLI/2.4.0
      accept-language:
      - en-US
    method: GET
    uri: https://management.azure.com/subscriptions/00000000-0000-0000-0000-000000000000/providers/Microsoft.OperationalInsights?api-version=2019-07-01
  response:
    body:
      string: '{"id":"/subscriptions/00000000-0000-0000-0000-000000000000/providers/Microsoft.OperationalInsights","namespace":"Microsoft.OperationalInsights","authorizations":[{"applicationId":"d2a0a418-0aac-4541-82b2-b3142c89da77","roleDefinitionId":"86695298-2eb9-48a7-9ec3-2fdb38b6878b"},{"applicationId":"ca7f3f0b-7d91-482c-8e09-c5d840d0eac5","roleDefinitionId":"5d5a2e56-9835-44aa-93db-d2f19e155438"}],"resourceTypes":[{"resourceType":"workspaces","locations":["East
        US","West Europe","Southeast Asia","Australia Southeast","West Central US","Japan
        East","UK South","Central India","Canada Central","West US 2","Australia Central","Australia
        East","France Central","Korea Central","North Europe","Central US","East Asia","East
        US 2","South Central US","North Central US","West US","UK West","South Africa
        North","Brazil South","Switzerland North","Switzerland West"],"apiVersions":["2020-03-01-preview","2017-04-26-preview","2017-03-15-preview","2017-03-03-preview","2017-01-01-preview","2015-11-01-preview","2015-03-20"],"capabilities":"CrossResourceGroupResourceMove,
        CrossSubscriptionResourceMove, SupportsTags, SupportsLocation"},{"resourceType":"locations","locations":[],"apiVersions":["2020-03-01-preview","2019-08-01-preview","2017-04-26-preview","2017-03-15-preview","2017-03-03-preview","2017-01-01-preview","2015-11-01-preview","2015-03-20"],"defaultApiVersion":"2015-11-01-preview","capabilities":"None"},{"resourceType":"locations/operationStatuses","locations":["East
        US","West Europe","Southeast Asia","Australia Southeast","West Central US","Japan
        East","UK South","Central India","Canada Central","West US 2","Australia Central","Australia
        East","France Central","Korea Central","North Europe","Central US","East Asia","East
        US 2","South Central US","North Central US","West US","UK West","South Africa
        North","Brazil South","Switzerland North","Switzerland West"],"apiVersions":["2020-03-01-preview","2019-08-01-preview","2017-04-26-preview","2017-03-15-preview","2017-03-03-preview","2017-01-01-preview","2015-11-01-preview","2015-03-20"],"defaultApiVersion":"2015-11-01-preview","capabilities":"None"},{"resourceType":"workspaces/scopedPrivateLinkProxies","locations":["East
        US","West Europe","Southeast Asia","Australia Southeast","West Central US","Japan
        East","UK South","Central India","Canada Central","West US 2","Australia Central","Australia
        East","France Central","Korea Central","North Europe","Central US","East Asia","East
        US 2","South Central US","North Central US","West US","UK West","South Africa
        North","Brazil South","Switzerland North","Switzerland West"],"apiVersions":["2020-03-01-preview","2019-08-01-preview","2015-11-01-preview"],"defaultApiVersion":"2015-11-01-preview","capabilities":"None"},{"resourceType":"workspaces/query","locations":["West
        Central US","Australia Southeast","West Europe","East US","Southeast Asia","Japan
        East","UK South","Central India","Canada Central","West US 2","Australia Central","Australia
        East","France Central","Korea Central","North Europe","Central US","East Asia","East
        US 2","South Central US","North Central US","West US","UK West","South Africa
        North","Brazil South","Switzerland West","Switzerland North"],"apiVersions":["2017-10-01"],"capabilities":"None"},{"resourceType":"workspaces/dataSources","locations":["East
        US","West Europe","Southeast Asia","Australia Southeast","West Central US","Japan
        East","UK South","Central India","Canada Central","West US 2","Australia Central","Australia
        East","France Central","Korea Central","North Europe","Central US","East Asia","East
        US 2","South Central US","North Central US","West US","UK West","South Africa
        North","Brazil South","Switzerland North","Switzerland West"],"apiVersions":["2020-03-01-preview","2015-11-01-preview"],"defaultApiVersion":"2015-11-01-preview","capabilities":"None"},{"resourceType":"workspaces/linkedStorageAccounts","locations":["East
        US","West Europe","Southeast Asia","Australia Southeast","West Central US","Japan
        East","UK South","Central India","Canada Central","West US 2","Australia Central","Australia
        East","France Central","Korea Central","North Europe","Central US","East Asia","East
        US 2","South Central US","North Central US","West US","UK West","South Africa
        North","Brazil South","Switzerland North","Switzerland West"],"apiVersions":["2020-03-01-preview","2019-08-01-preview"],"defaultApiVersion":"2019-08-01-preview","capabilities":"None"},{"resourceType":"storageInsightConfigs","locations":[],"apiVersions":["2020-03-01-preview","2014-10-10"],"capabilities":"SupportsExtension"},{"resourceType":"workspaces/linkedServices","locations":["East
        US","West Europe","Southeast Asia","Australia Southeast","West Central US","Japan
        East","UK South","Central India","Canada Central","West US 2","Australia Central","Australia
        East","France Central","Korea Central","North Europe","Central US","East Asia","East
        US 2","South Central US","North Central US","West US","UK West","South Africa
        North","Brazil South","Switzerland North","Switzerland West"],"apiVersions":["2020-03-01-preview","2019-08-01-preview","2015-11-01-preview"],"defaultApiVersion":"2015-11-01-preview","capabilities":"None"},{"resourceType":"linkTargets","locations":["East
        US"],"apiVersions":["2020-03-01-preview","2015-03-20"],"capabilities":"None"},{"resourceType":"operations","locations":[],"apiVersions":["2020-03-01-preview","2015-11-01-preview","2014-11-10"],"defaultApiVersion":"2015-11-01-preview","capabilities":"None"},{"resourceType":"clusters","locations":["East
        US","West Europe","Southeast Asia","Australia Southeast","West Central US","Japan
        East","UK South","Central India","Canada Central","West US 2","Australia Central","Australia
        East","France Central","Korea Central","North Europe","Central US","East Asia","East
        US 2","South Central US","North Central US","West US","UK West","South Africa
        North","Switzerland North","Switzerland West","Brazil South"],"apiVersions":["2020-03-01-preview","2019-08-01-preview"],"defaultApiVersion":"2019-08-01-preview","capabilities":"CrossResourceGroupResourceMove,
        CrossSubscriptionResourceMove, SystemAssignedResourceIdentity, SupportsTags,
        SupportsLocation"}],"registrationState":"Registered","registrationPolicy":"RegistrationRequired"}'
    headers:
      cache-control:
      - no-cache
      content-length:
      - '6229'
      content-type:
      - application/json; charset=utf-8
      date:
      - Wed, 29 Apr 2020 04:21:25 GMT
      expires:
      - '-1'
      pragma:
      - no-cache
      strict-transport-security:
      - max-age=31536000; includeSubDomains
      vary:
      - Accept-Encoding
      x-content-type-options:
      - nosniff
    status:
      code: 200
      message: OK
- request:
    body: null
    headers:
      Accept:
      - application/json
      Accept-Encoding:
      - gzip, deflate
      CommandName:
      - resource delete
      Connection:
      - keep-alive
      Content-Length:
      - '0'
      ParameterSetName:
      - -g -n --resource-type
      User-Agent:
      - python/3.8.0 (Windows-10-10.0.18362-SP0) msrest/0.6.10 msrest_azure/0.6.3
        azure-mgmt-resource/9.0.0 Azure-SDK-For-Python AZURECLI/2.4.0
      accept-language:
      - en-US
    method: DELETE
    uri: https://management.azure.com/subscriptions/00000000-0000-0000-0000-000000000000/resourcegroups/clitest.rg000002/providers/Microsoft.OperationalInsights/workspaces/workspace000005?api-version=2015-03-20
  response:
    body:
      string: ''
    headers:
      cache-control:
      - no-cache
      content-length:
      - '0'
      date:
      - Wed, 29 Apr 2020 04:21:31 GMT
      pragma:
      - no-cache
      server:
      - Microsoft-IIS/10.0
      - Microsoft-IIS/10.0
      strict-transport-security:
      - max-age=31536000; includeSubDomains
      x-content-type-options:
      - nosniff
      x-ms-ratelimit-remaining-subscription-deletes:
      - '14998'
      x-powered-by:
      - ASP.NET
      - ASP.NET
    status:
      code: 200
      message: OK
- request:
    body: null
    headers:
      Accept:
      - application/json
      Accept-Encoding:
      - gzip, deflate
      CommandName:
      - monitor log-analytics solution list
      Connection:
      - keep-alive
      ParameterSetName:
      - --query
      User-Agent:
      - python/3.8.0 (Windows-10-10.0.18362-SP0) msrest/0.6.10 msrest_azure/0.6.3
        azure-mgmt-operationsmanagement/0.1.0 Azure-SDK-For-Python AZURECLI/2.4.0
      accept-language:
      - en-US
    method: GET
    uri: https://management.azure.com/subscriptions/00000000-0000-0000-0000-000000000000/providers/Microsoft.OperationsManagement/solutions?api-version=2015-11-01-preview
  response:
    body:
      string: "{\r\n  \"value\": [\r\n    {\r\n      \"plan\": {\r\n        \"name\":
        \"SecurityCenterFree(yu-test-ws1)\",\r\n        \"publisher\": \"Microsoft\",\r\n
        \       \"promotionCode\": \"\",\r\n        \"product\": \"OMSGallery/SecurityCenterFree\"\r\n
        \     },\r\n      \"properties\": {\r\n        \"workspaceResourceId\": \"/subscriptions/00000000-0000-0000-0000-000000000000/resourcegroups/azure-cli-test-scus/providers/microsoft.operationalinsights/workspaces/yu-test-ws1\",\r\n
        \       \"provisioningState\": \"Succeeded\",\r\n        \"creationTime\":
        \"Sat, 25 Apr 2020 01:11:55 GMT\",\r\n        \"lastModifiedTime\": \"Sat,
        25 Apr 2020 17:12:10 GMT\",\r\n        \"containedResources\": []\r\n      },\r\n
        \     \"id\": \"/subscriptions/00000000-0000-0000-0000-000000000000/resourcegroups/azure-cli-test-scus/providers/Microsoft.OperationsManagement/solutions/SecurityCenterFree(yu-test-ws1)\",\r\n
        \     \"name\": \"SecurityCenterFree(yu-test-ws1)\",\r\n      \"type\": \"Microsoft.OperationsManagement/solutions\",\r\n
        \     \"location\": \"South Central US\"\r\n    }\r\n  ]\r\n}"
    headers:
      cache-control:
      - no-cache
      cachecontrol:
      - no-cache
      content-length:
      - '981'
      content-type:
      - application/json; charset=utf-8
      date:
      - Wed, 29 Apr 2020 04:21:33 GMT
      expires:
      - '-1'
      pragma:
      - no-cache
      server:
      - Microsoft-IIS/10.0
      - Microsoft-IIS/10.0
      strict-transport-security:
      - max-age=31536000; includeSubDomains
      transfer-encoding:
      - chunked
      vary:
      - Accept-Encoding
      x-ams-apiversion:
      - WebAPI1.0
      x-content-type-options:
      - nosniff
      x-powered-by:
      - ASP.NET
      - ASP.NET
    status:
      code: 200
      message: OK
- request:
    body: null
    headers:
      Accept:
      - application/json
      Accept-Encoding:
      - gzip, deflate
      CommandName:
      - monitor log-analytics solution list
      Connection:
      - keep-alive
      ParameterSetName:
      - --resource-group --query
      User-Agent:
      - python/3.8.0 (Windows-10-10.0.18362-SP0) msrest/0.6.10 msrest_azure/0.6.3
        azure-mgmt-operationsmanagement/0.1.0 Azure-SDK-For-Python AZURECLI/2.4.0
      accept-language:
      - en-US
    method: GET
    uri: https://management.azure.com/subscriptions/00000000-0000-0000-0000-000000000000/resourcegroups/clitest.rg000002/providers/Microsoft.OperationsManagement/solutions?api-version=2015-11-01-preview
  response:
    body:
      string: '{"value":[]}'
    headers:
      cache-control:
      - no-cache
      content-length:
      - '12'
      content-type:
      - application/json; charset=utf-8
      date:
      - Wed, 29 Apr 2020 04:21:34 GMT
      expires:
      - '-1'
      pragma:
      - no-cache
      strict-transport-security:
      - max-age=31536000; includeSubDomains
      vary:
      - Accept-Encoding
      x-content-type-options:
      - nosniff
    status:
      code: 200
      message: OK
version: 1
